[2023-07-17T05:40:35.131+0000][110][gc] Using Concurrent Mark Sweep
[2023-07-17T05:40:35.133+0000][110][gc,heap,coops] Heap address: 0x00000000e0000000, size: 512 MB, Compressed Oops mode: 32-bit
[2023-07-17T05:40:35.621+0000][110][safepoint    ] Safepoint "EnableBiasedLocking", Time since last: 307427542 ns, Reaching safepoint: 7959833 ns, At safepoint: 627667 ns, Total: 8587500 ns
[2023-07-17T05:40:35.639+0000][110][gc,heap,exit ] Heap
[2023-07-17T05:40:35.640+0000][110][gc,heap,exit ]  par new generation   total 157248K, used 5591K [0x00000000e0000000, 0x00000000eaaa0000, 0x00000000eaaa0000)
[2023-07-17T05:40:35.641+0000][110][gc,heap,exit ]   eden space 139776K,   4% used [0x00000000e0000000, 0x00000000e0575da0, 0x00000000e8880000)
[2023-07-17T05:40:35.641+0000][110][gc,heap,exit ]   from space 17472K,   0% used [0x00000000e8880000, 0x00000000e8880000, 0x00000000e9990000)
[2023-07-17T05:40:35.641+0000][110][gc,heap,exit ]   to   space 17472K,   0% used [0x00000000e9990000, 0x00000000e9990000, 0x00000000eaaa0000)
[2023-07-17T05:40:35.641+0000][110][gc,heap,exit ]  concurrent mark-sweep generation total 349568K, used 0K [0x00000000eaaa0000, 0x0000000100000000, 0x0000000100000000)
[2023-07-17T05:40:35.641+0000][110][gc,heap,exit ]  Metaspace       used 158K, capacity 4480K, committed 4480K, reserved 1056768K
[2023-07-17T05:40:35.642+0000][110][gc,heap,exit ]   class space    used 7K, capacity 384K, committed 384K, reserved 1048576K
