[2023-07-18T02:12:35.922+0000][1][gc] Using Concurrent Mark Sweep
[2023-07-18T02:12:35.924+0000][1][gc,heap,coops] Heap address: 0x00000000e0000000, size: 512 MB, Compressed Oops mode: 32-bit
[2023-07-18T02:12:36.507+0000][1][safepoint    ] Safepoint "EnableBiasedLocking", Time since last: 452254750 ns, Reaching safepoint: 5215917 ns, At safepoint: 495583 ns, Total: 5711500 ns
[2023-07-18T02:12:36.560+0000][1][safepoint    ] Safepoint "RevokeBias", Time since last: 52302125 ns, Reaching safepoint: 234875 ns, At safepoint: 981333 ns, Total: 1216208 ns
[2023-07-18T02:12:36.681+0000][1][safepoint    ] Safepoint "Deoptimize", Time since last: 120395792 ns, Reaching safepoint: 172083 ns, At safepoint: 386459 ns, Total: 558542 ns
[2023-07-18T02:12:37.668+0000][1][safepoint    ] Safepoint "Deoptimize", Time since last: 985656917 ns, Reaching safepoint: 343083 ns, At safepoint: 156667 ns, Total: 499750 ns
[2023-07-18T02:12:37.692+0000][1][safepoint    ] Safepoint "Deoptimize", Time since last: 14320458 ns, Reaching safepoint: 10240667 ns, At safepoint: 114625 ns, Total: 10355292 ns
[2023-07-18T02:12:37.888+0000][1][safepoint    ] Safepoint "Deoptimize", Time since last: 195314083 ns, Reaching safepoint: 415209 ns, At safepoint: 483333 ns, Total: 898542 ns
[2023-07-18T02:12:38.891+0000][1][safepoint    ] Safepoint "Cleanup", Time since last: 1001189625 ns, Reaching safepoint: 977334 ns, At safepoint: 14875 ns, Total: 992209 ns
[2023-07-18T02:12:39.892+0000][1][safepoint    ] Safepoint "Cleanup", Time since last: 1000520292 ns, Reaching safepoint: 512333 ns, At safepoint: 9417 ns, Total: 521750 ns
[2023-07-18T02:12:40.894+0000][1][safepoint    ] Safepoint "Cleanup", Time since last: 1000818958 ns, Reaching safepoint: 664959 ns, At safepoint: 41416 ns, Total: 706375 ns
[2023-07-18T02:12:41.798+0000][1][safepoint    ] Safepoint "Deoptimize", Time since last: 903188709 ns, Reaching safepoint: 506167 ns, At safepoint: 431875 ns, Total: 938042 ns
[2023-07-18T02:12:42.332+0000][1][safepoint    ] Safepoint "Deoptimize", Time since last: 533767250 ns, Reaching safepoint: 411042 ns, At safepoint: 278000 ns, Total: 689042 ns
[2023-07-18T02:12:43.343+0000][1][safepoint    ] Safepoint "Cleanup", Time since last: 1009659042 ns, Reaching safepoint: 542958 ns, At safepoint: 13708 ns, Total: 556666 ns
[2023-07-18T02:12:43.958+0000][1][safepoint    ] Safepoint "Deoptimize", Time since last: 614626084 ns, Reaching safepoint: 207708 ns, At safepoint: 342209 ns, Total: 549917 ns
[2023-07-18T02:12:44.961+0000][1][safepoint    ] Safepoint "Cleanup", Time since last: 1000516875 ns, Reaching safepoint: 2488667 ns, At safepoint: 14000 ns, Total: 2502667 ns
[2023-07-18T02:12:45.353+0000][1][safepoint    ] Safepoint "Deoptimize", Time since last: 391930208 ns, Reaching safepoint: 182750 ns, At safepoint: 355834 ns, Total: 538584 ns
[2023-07-18T02:12:46.354+0000][1][safepoint    ] Safepoint "Cleanup", Time since last: 1000393084 ns, Reaching safepoint: 413666 ns, At safepoint: 15000 ns, Total: 428666 ns
[2023-07-18T02:12:46.682+0000][1][safepoint    ] Safepoint "Deoptimize", Time since last: 314662084 ns, Reaching safepoint: 12418041 ns, At safepoint: 383292 ns, Total: 12801333 ns
[2023-07-18T02:12:47.697+0000][1][safepoint    ] Safepoint "Cleanup", Time since last: 1015040334 ns, Reaching safepoint: 878125 ns, At safepoint: 9833 ns, Total: 887958 ns
[2023-07-18T02:12:47.791+0000][1][safepoint    ] Safepoint "RevokeBias", Time since last: 87269417 ns, Reaching safepoint: 1684875 ns, At safepoint: 4761750 ns, Total: 6446625 ns
[2023-07-18T02:12:48.793+0000][1][safepoint    ] Safepoint "Cleanup", Time since last: 1000428417 ns, Reaching safepoint: 899667 ns, At safepoint: 10166 ns, Total: 909833 ns
[2023-07-18T02:12:48.802+0000][1][safepoint    ] Safepoint "Deoptimize", Time since last: 8775084 ns, Reaching safepoint: 179000 ns, At safepoint: 416708 ns, Total: 595708 ns
[2023-07-18T02:12:49.805+0000][1][safepoint    ] Safepoint "Cleanup", Time since last: 1002701376 ns, Reaching safepoint: 513833 ns, At safepoint: 14625 ns, Total: 528458 ns
[2023-07-18T02:12:50.249+0000][1][safepoint    ] Safepoint "Deoptimize", Time since last: 443314833 ns, Reaching safepoint: 278500 ns, At safepoint: 499459 ns, Total: 777959 ns
[2023-07-18T02:12:50.252+0000][1][safepoint    ] Safepoint "Deoptimize", Time since last: 2448000 ns, Reaching safepoint: 56166 ns, At safepoint: 437292 ns, Total: 493458 ns
[2023-07-18T02:12:50.651+0000][1][safepoint    ] Safepoint "Deoptimize", Time since last: 397515292 ns, Reaching safepoint: 604792 ns, At safepoint: 510583 ns, Total: 1115375 ns
[2023-07-18T02:12:50.684+0000][1][safepoint    ] Safepoint "Deoptimize", Time since last: 29436250 ns, Reaching safepoint: 2946875 ns, At safepoint: 513708 ns, Total: 3460583 ns
[2023-07-18T02:12:50.886+0000][1][safepoint    ] Safepoint "RevokeBias", Time since last: 202008000 ns, Reaching safepoint: 502042 ns, At safepoint: 160458 ns, Total: 662500 ns
[2023-07-18T02:12:50.895+0000][1][safepoint    ] Safepoint "RevokeBias", Time since last: 3246625 ns, Reaching safepoint: 5179084 ns, At safepoint: 104583 ns, Total: 5283667 ns
[2023-07-18T02:12:50.896+0000][1][safepoint    ] Safepoint "RevokeBias", Time since last: 1028625 ns, Reaching safepoint: 238000 ns, At safepoint: 77167 ns, Total: 315167 ns
[2023-07-18T02:12:50.899+0000][1][safepoint    ] Safepoint "RevokeBias", Time since last: 565666 ns, Reaching safepoint: 2150834 ns, At safepoint: 93125 ns, Total: 2243959 ns
[2023-07-18T02:12:50.901+0000][1][safepoint    ] Safepoint "RevokeBias", Time since last: 1065750 ns, Reaching safepoint: 534833 ns, At safepoint: 77500 ns, Total: 612333 ns
[2023-07-18T02:12:51.005+0000][1][safepoint    ] Safepoint "Deoptimize", Time since last: 98462583 ns, Reaching safepoint: 4873542 ns, At safepoint: 498583 ns, Total: 5372125 ns
[2023-07-18T02:12:51.102+0000][1][safepoint    ] Safepoint "Deoptimize", Time since last: 96288376 ns, Reaching safepoint: 221750 ns, At safepoint: 524000 ns, Total: 745750 ns
[2023-07-18T02:12:52.103+0000][1][safepoint    ] Safepoint "Cleanup", Time since last: 1000475083 ns, Reaching safepoint: 1115709 ns, At safepoint: 16625 ns, Total: 1132334 ns
[2023-07-18T02:12:53.104+0000][1][safepoint    ] Safepoint "Cleanup", Time since last: 1000402875 ns, Reaching safepoint: 647083 ns, At safepoint: 10084 ns, Total: 657167 ns
[2023-07-18T02:12:54.105+0000][1][safepoint    ] Safepoint "Cleanup", Time since last: 1000497125 ns, Reaching safepoint: 276209 ns, At safepoint: 16166 ns, Total: 292375 ns
[2023-07-18T02:12:54.643+0000][1][safepoint    ] Safepoint "Deoptimize", Time since last: 536318626 ns, Reaching safepoint: 384500 ns, At safepoint: 1037666 ns, Total: 1422166 ns
[2023-07-18T02:12:55.662+0000][1][safepoint    ] Safepoint "Cleanup", Time since last: 1010319584 ns, Reaching safepoint: 7480250 ns, At safepoint: 1203167 ns, Total: 8683417 ns
[2023-07-18T02:12:56.680+0000][1][safepoint    ] Safepoint "Cleanup", Time since last: 1009391417 ns, Reaching safepoint: 8355208 ns, At safepoint: 22125 ns, Total: 8377333 ns
[2023-07-18T02:12:56.996+0000][1][safepoint    ] Safepoint "RevokeBias", Time since last: 313192709 ns, Reaching safepoint: 2146500 ns, At safepoint: 1068083 ns, Total: 3214583 ns
[2023-07-18T02:12:58.001+0000][1][safepoint    ] Safepoint "Cleanup", Time since last: 1000410584 ns, Reaching safepoint: 4689625 ns, At safepoint: 13333 ns, Total: 4702958 ns
[2023-07-18T02:12:58.518+0000][1][gc,start     ] GC(0) Pause Young (Allocation Failure)
[2023-07-18T02:12:58.530+0000][1][gc,task      ] GC(0) Using 4 workers of 4 for evacuation
[2023-07-18T02:12:58.679+0000][1][gc,age       ] GC(0) Desired survivor size 8945664 bytes, new threshold 1 (max threshold 6)
[2023-07-18T02:12:58.687+0000][1][gc,age       ] GC(0) Age table with threshold 1 (max threshold 6)
[2023-07-18T02:12:58.687+0000][1][gc,age       ] GC(0) - age   1:   10703072 bytes,   10703072 total
[2023-07-18T02:12:58.688+0000][1][gc,heap      ] GC(0) ParNew: 139776K->10589K(157248K)
[2023-07-18T02:12:58.691+0000][1][gc,heap      ] GC(0) CMS: 0K->0K(349568K)
[2023-07-18T02:12:58.691+0000][1][gc,metaspace ] GC(0) Metaspace: 15849K->15849K(1062912K)
[2023-07-18T02:12:58.692+0000][1][gc           ] GC(0) Pause Young (Allocation Failure) 136M->10M(494M) 173.744ms
[2023-07-18T02:12:58.692+0000][1][gc,cpu       ] GC(0) User=0.13s Sys=0.01s Real=0.17s
[2023-07-18T02:12:58.693+0000][1][safepoint    ] Safepoint "GenCollectForAllocation", Time since last: 516090292 ns, Reaching safepoint: 648958 ns, At safepoint: 174951792 ns, Total: 175600750 ns
[2023-07-18T02:12:58.730+0000][1][safepoint    ] Safepoint "RevokeBias", Time since last: 35899125 ns, Reaching safepoint: 606750 ns, At safepoint: 846958 ns, Total: 1453708 ns
[2023-07-18T02:12:58.740+0000][1][safepoint    ] Safepoint "RevokeBias", Time since last: 9692584 ns, Reaching safepoint: 533750 ns, At safepoint: 99916 ns, Total: 633666 ns
[2023-07-18T02:12:58.747+0000][1][safepoint    ] Safepoint "RevokeBias", Time since last: 5586167 ns, Reaching safepoint: 629500 ns, At safepoint: 111583 ns, Total: 741083 ns
[2023-07-18T02:12:58.748+0000][1][safepoint    ] Safepoint "RevokeBias", Time since last: 466500 ns, Reaching safepoint: 213500 ns, At safepoint: 74084 ns, Total: 287584 ns
[2023-07-18T02:12:58.753+0000][1][safepoint    ] Safepoint "RevokeBias", Time since last: 5436625 ns, Reaching safepoint: 321792 ns, At safepoint: 143875 ns, Total: 465667 ns
[2023-07-18T02:12:58.754+0000][1][safepoint    ] Safepoint "RevokeBias", Time since last: 557666 ns, Reaching safepoint: 214250 ns, At safepoint: 86917 ns, Total: 301167 ns
[2023-07-18T02:12:58.755+0000][1][safepoint    ] Safepoint "RevokeBias", Time since last: 584292 ns, Reaching safepoint: 156750 ns, At safepoint: 77291 ns, Total: 234041 ns
[2023-07-18T02:12:58.756+0000][1][safepoint    ] Safepoint "RevokeBias", Time since last: 352834 ns, Reaching safepoint: 261916 ns, At safepoint: 70167 ns, Total: 332083 ns
[2023-07-18T02:12:58.757+0000][1][safepoint    ] Safepoint "RevokeBias", Time since last: 593875 ns, Reaching safepoint: 149208 ns, At safepoint: 71625 ns, Total: 220833 ns
[2023-07-18T02:12:58.757+0000][1][safepoint    ] Safepoint "RevokeBias", Time since last: 339625 ns, Reaching safepoint: 204334 ns, At safepoint: 72333 ns, Total: 276667 ns
[2023-07-18T02:12:58.758+0000][1][safepoint    ] Safepoint "RevokeBias", Time since last: 542875 ns, Reaching safepoint: 257167 ns, At safepoint: 74291 ns, Total: 331458 ns
[2023-07-18T02:12:58.759+0000][1][safepoint    ] Safepoint "RevokeBias", Time since last: 318709 ns, Reaching safepoint: 203000 ns, At safepoint: 81791 ns, Total: 284791 ns
[2023-07-18T02:12:58.760+0000][1][safepoint    ] Safepoint "RevokeBias", Time since last: 936875 ns, Reaching safepoint: 285542 ns, At safepoint: 87208 ns, Total: 372750 ns
[2023-07-18T02:12:58.772+0000][1][safepoint    ] Safepoint "RevokeBias", Time since last: 11525709 ns, Reaching safepoint: 377750 ns, At safepoint: 123458 ns, Total: 501208 ns
[2023-07-18T02:12:58.773+0000][1][safepoint    ] Safepoint "RevokeBias", Time since last: 916208 ns, Reaching safepoint: 170625 ns, At safepoint: 90834 ns, Total: 261459 ns
[2023-07-18T02:12:58.774+0000][1][safepoint    ] Safepoint "RevokeBias", Time since last: 356791 ns, Reaching safepoint: 338125 ns, At safepoint: 89875 ns, Total: 428000 ns
[2023-07-18T02:12:58.775+0000][1][safepoint    ] Safepoint "RevokeBias", Time since last: 564625 ns, Reaching safepoint: 269375 ns, At safepoint: 92667 ns, Total: 362042 ns
[2023-07-18T02:12:58.776+0000][1][safepoint    ] Safepoint "RevokeBias", Time since last: 353375 ns, Reaching safepoint: 416333 ns, At safepoint: 87750 ns, Total: 504083 ns
[2023-07-18T02:12:58.777+0000][1][safepoint    ] Safepoint "RevokeBias", Time since last: 580917 ns, Reaching safepoint: 798000 ns, At safepoint: 105250 ns, Total: 903250 ns
[2023-07-18T02:12:58.778+0000][1][safepoint    ] Safepoint "RevokeBias", Time since last: 410875 ns, Reaching safepoint: 250750 ns, At safepoint: 101208 ns, Total: 351958 ns
[2023-07-18T02:12:58.779+0000][1][safepoint    ] Safepoint "RevokeBias", Time since last: 590000 ns, Reaching safepoint: 515667 ns, At safepoint: 108917 ns, Total: 624584 ns
[2023-07-18T02:12:58.780+0000][1][safepoint    ] Safepoint "RevokeBias", Time since last: 390666 ns, Reaching safepoint: 245000 ns, At safepoint: 92000 ns, Total: 337000 ns
[2023-07-18T02:12:58.781+0000][1][safepoint    ] Safepoint "RevokeBias", Time since last: 660250 ns, Reaching safepoint: 149959 ns, At safepoint: 90041 ns, Total: 240000 ns
[2023-07-18T02:12:58.781+0000][1][safepoint    ] Safepoint "RevokeBias", Time since last: 304625 ns, Reaching safepoint: 242459 ns, At safepoint: 90416 ns, Total: 332875 ns
[2023-07-18T02:12:58.782+0000][1][safepoint    ] Safepoint "RevokeBias", Time since last: 565250 ns, Reaching safepoint: 140500 ns, At safepoint: 86375 ns, Total: 226875 ns
[2023-07-18T02:12:58.783+0000][1][safepoint    ] Safepoint "RevokeBias", Time since last: 295959 ns, Reaching safepoint: 519583 ns, At safepoint: 100917 ns, Total: 620500 ns
[2023-07-18T02:12:58.784+0000][1][safepoint    ] Safepoint "RevokeBias", Time since last: 590208 ns, Reaching safepoint: 364375 ns, At safepoint: 90333 ns, Total: 454708 ns
[2023-07-18T02:12:58.785+0000][1][safepoint    ] Safepoint "RevokeBias", Time since last: 325750 ns, Reaching safepoint: 196125 ns, At safepoint: 83084 ns, Total: 279209 ns
[2023-07-18T02:12:58.786+0000][1][safepoint    ] Safepoint "RevokeBias", Time since last: 544458 ns, Reaching safepoint: 145750 ns, At safepoint: 94125 ns, Total: 239875 ns
[2023-07-18T02:12:58.786+0000][1][safepoint    ] Safepoint "RevokeBias", Time since last: 337708 ns, Reaching safepoint: 240834 ns, At safepoint: 87000 ns, Total: 327834 ns
[2023-07-18T02:12:58.787+0000][1][safepoint    ] Safepoint "RevokeBias", Time since last: 684041 ns, Reaching safepoint: 144834 ns, At safepoint: 240875 ns, Total: 385709 ns
[2023-07-18T02:12:58.788+0000][1][safepoint    ] Safepoint "RevokeBias", Time since last: 356583 ns, Reaching safepoint: 255417 ns, At safepoint: 244666 ns, Total: 500083 ns
[2023-07-18T02:12:58.791+0000][1][safepoint    ] Safepoint "RevokeBias", Time since last: 2233750 ns, Reaching safepoint: 239459 ns, At safepoint: 269583 ns, Total: 509042 ns
[2023-07-18T02:12:58.792+0000][1][safepoint    ] Safepoint "RevokeBias", Time since last: 370167 ns, Reaching safepoint: 453000 ns, At safepoint: 276708 ns, Total: 729708 ns
[2023-07-18T02:12:58.793+0000][1][safepoint    ] Safepoint "RevokeBias", Time since last: 585000 ns, Reaching safepoint: 369542 ns, At safepoint: 257291 ns, Total: 626833 ns
[2023-07-18T02:12:58.794+0000][1][safepoint    ] Safepoint "RevokeBias", Time since last: 302875 ns, Reaching safepoint: 286334 ns, At safepoint: 183125 ns, Total: 469459 ns
[2023-07-18T02:12:58.796+0000][1][safepoint    ] Safepoint "BulkRevokeBias", Time since last: 1147375 ns, Reaching safepoint: 162041 ns, At safepoint: 592959 ns, Total: 755000 ns
[2023-07-18T02:12:58.802+0000][1][safepoint    ] Safepoint "RevokeBias", Time since last: 5215208 ns, Reaching safepoint: 295958 ns, At safepoint: 219459 ns, Total: 515417 ns
[2023-07-18T02:12:58.814+0000][1][safepoint    ] Safepoint "BulkRevokeBias", Time since last: 11138291 ns, Reaching safepoint: 512375 ns, At safepoint: 469584 ns, Total: 981959 ns
[2023-07-18T02:12:58.945+0000][1][safepoint    ] Safepoint "RevokeBias", Time since last: 131279750 ns, Reaching safepoint: 218166 ns, At safepoint: 99125 ns, Total: 317291 ns
[2023-07-18T02:12:59.027+0000][1][safepoint    ] Safepoint "RevokeBias", Time since last: 81554459 ns, Reaching safepoint: 287333 ns, At safepoint: 99625 ns, Total: 386958 ns
[2023-07-18T02:12:59.102+0000][1][safepoint    ] Safepoint "RevokeBias", Time since last: 74286000 ns, Reaching safepoint: 243500 ns, At safepoint: 99708 ns, Total: 343208 ns
[2023-07-18T02:13:00.154+0000][1][safepoint    ] Safepoint "Cleanup", Time since last: 1051530834 ns, Reaching safepoint: 799125 ns, At safepoint: 13334 ns, Total: 812459 ns
[2023-07-18T02:13:00.471+0000][1][safepoint    ] Safepoint "RevokeBias", Time since last: 316663875 ns, Reaching safepoint: 286333 ns, At safepoint: 66667 ns, Total: 353000 ns
[2023-07-18T02:13:01.403+0000][1][safepoint    ] Safepoint "Deoptimize", Time since last: 929941708 ns, Reaching safepoint: 780292 ns, At safepoint: 1172417 ns, Total: 1952709 ns
[2023-07-18T02:13:01.492+0000][1][safepoint    ] Safepoint "Deoptimize", Time since last: 87337125 ns, Reaching safepoint: 294958 ns, At safepoint: 726792 ns, Total: 1021750 ns
[2023-07-18T02:13:01.495+0000][1][safepoint    ] Safepoint "Deoptimize", Time since last: 2845041 ns, Reaching safepoint: 150000 ns, At safepoint: 656250 ns, Total: 806250 ns
[2023-07-18T02:13:02.499+0000][1][safepoint    ] Safepoint "Cleanup", Time since last: 1000286959 ns, Reaching safepoint: 3800667 ns, At safepoint: 13000 ns, Total: 3813667 ns
[2023-07-18T02:13:02.617+0000][1][safepoint    ] Safepoint "Deoptimize", Time since last: 116628250 ns, Reaching safepoint: 183125 ns, At safepoint: 796792 ns, Total: 979917 ns
[2023-07-18T02:13:03.621+0000][1][safepoint    ] Safepoint "Cleanup", Time since last: 1002966083 ns, Reaching safepoint: 1369750 ns, At safepoint: 25125 ns, Total: 1394875 ns
[2023-07-18T02:13:03.651+0000][1][safepoint    ] Safepoint "RevokeBias", Time since last: 27547334 ns, Reaching safepoint: 988458 ns, At safepoint: 726834 ns, Total: 1715292 ns
[2023-07-18T02:13:04.370+0000][1][gc,start     ] GC(1) Pause Young (Allocation Failure)
[2023-07-18T02:13:04.376+0000][1][gc,task      ] GC(1) Using 4 workers of 4 for evacuation
[2023-07-18T02:13:04.803+0000][1][gc,age       ] GC(1) Desired survivor size 8945664 bytes, new threshold 6 (max threshold 6)
[2023-07-18T02:13:04.804+0000][1][gc,age       ] GC(1) Age table with threshold 6 (max threshold 6)
[2023-07-18T02:13:04.804+0000][1][gc,age       ] GC(1) - age   1:    3051568 bytes,    3051568 total
[2023-07-18T02:13:04.804+0000][1][gc,heap      ] GC(1) ParNew: 150365K->6797K(157248K)
[2023-07-18T02:13:04.804+0000][1][gc,heap      ] GC(1) CMS: 0K->9266K(349568K)
[2023-07-18T02:13:04.804+0000][1][gc,metaspace ] GC(1) Metaspace: 19410K->19410K(1067008K)
[2023-07-18T02:13:04.805+0000][1][gc           ] GC(1) Pause Young (Allocation Failure) 146M->15M(494M) 434.661ms
[2023-07-18T02:13:04.805+0000][1][gc,cpu       ] GC(1) User=0.41s Sys=0.01s Real=0.43s
[2023-07-18T02:13:04.805+0000][1][safepoint    ] Safepoint "GenCollectForAllocation", Time since last: 708890875 ns, Reaching safepoint: 10706000 ns, At safepoint: 435284125 ns, Total: 445990125 ns
[2023-07-18T02:13:04.808+0000][1][safepoint    ] Safepoint "RevokeBias", Time since last: 2207417 ns, Reaching safepoint: 242500 ns, At safepoint: 107958 ns, Total: 350458 ns
[2023-07-18T02:13:04.827+0000][1][safepoint    ] Safepoint "RevokeBias", Time since last: 8639875 ns, Reaching safepoint: 10224917 ns, At safepoint: 301708 ns, Total: 10526625 ns
[2023-07-18T02:13:04.837+0000][1][safepoint    ] Safepoint "RevokeBias", Time since last: 1805417 ns, Reaching safepoint: 8002458 ns, At safepoint: 110167 ns, Total: 8112625 ns
[2023-07-18T02:13:04.842+0000][1][safepoint    ] Safepoint "RevokeBias", Time since last: 409291 ns, Reaching safepoint: 4214959 ns, At safepoint: 91916 ns, Total: 4306875 ns
[2023-07-18T02:13:04.845+0000][1][safepoint    ] Safepoint "RevokeBias", Time since last: 2826667 ns, Reaching safepoint: 262250 ns, At safepoint: 80833 ns, Total: 343083 ns
[2023-07-18T02:13:04.849+0000][1][safepoint    ] Safepoint "RevokeBias", Time since last: 292167 ns, Reaching safepoint: 3496125 ns, At safepoint: 83917 ns, Total: 3580042 ns
[2023-07-18T02:13:04.855+0000][1][safepoint    ] Safepoint "RevokeBias", Time since last: 5187875 ns, Reaching safepoint: 1166166 ns, At safepoint: 117292 ns, Total: 1283458 ns
[2023-07-18T02:13:04.866+0000][1][safepoint    ] Safepoint "RevokeBias", Time since last: 1099083 ns, Reaching safepoint: 8615917 ns, At safepoint: 1247792 ns, Total: 9863709 ns
[2023-07-18T02:13:04.868+0000][1][safepoint    ] Safepoint "RevokeBias", Time since last: 764583 ns, Reaching safepoint: 303333 ns, At safepoint: 142792 ns, Total: 446125 ns
[2023-07-18T02:13:04.874+0000][1][safepoint    ] Safepoint "RevokeBias", Time since last: 3559583 ns, Reaching safepoint: 2805875 ns, At safepoint: 231625 ns, Total: 3037500 ns
[2023-07-18T02:13:04.882+0000][1][safepoint    ] Safepoint "RevokeBias", Time since last: 1116500 ns, Reaching safepoint: 5996167 ns, At safepoint: 1129833 ns, Total: 7126000 ns
[2023-07-18T02:13:04.887+0000][1][safepoint    ] Safepoint "RevokeBias", Time since last: 925334 ns, Reaching safepoint: 3618291 ns, At safepoint: 186709 ns, Total: 3805000 ns
[2023-07-18T02:13:04.893+0000][1][safepoint    ] Safepoint "RevokeBias", Time since last: 917333 ns, Reaching safepoint: 4840583 ns, At safepoint: 520500 ns, Total: 5361083 ns
[2023-07-18T02:13:04.896+0000][1][safepoint    ] Safepoint "RevokeBias", Time since last: 711625 ns, Reaching safepoint: 1175625 ns, At safepoint: 309667 ns, Total: 1485292 ns
[2023-07-18T02:13:04.899+0000][1][safepoint    ] Safepoint "RevokeBias", Time since last: 1100583 ns, Reaching safepoint: 2017042 ns, At safepoint: 151625 ns, Total: 2168667 ns
[2023-07-18T02:13:04.906+0000][1][safepoint    ] Safepoint "RevokeBias", Time since last: 3779542 ns, Reaching safepoint: 2821583 ns, At safepoint: 142417 ns, Total: 2964000 ns
[2023-07-18T02:13:04.911+0000][1][safepoint    ] Safepoint "RevokeBias", Time since last: 360666 ns, Reaching safepoint: 4946500 ns, At safepoint: 199167 ns, Total: 5145667 ns
[2023-07-18T02:13:04.913+0000][1][safepoint    ] Safepoint "RevokeBias", Time since last: 1463875 ns, Reaching safepoint: 442167 ns, At safepoint: 167000 ns, Total: 609167 ns
[2023-07-18T02:13:04.915+0000][1][safepoint    ] Safepoint "RevokeBias", Time since last: 246000 ns, Reaching safepoint: 1217625 ns, At safepoint: 142916 ns, Total: 1360541 ns
[2023-07-18T02:13:04.919+0000][1][safepoint    ] Safepoint "RevokeBias", Time since last: 588000 ns, Reaching safepoint: 3231334 ns, At safepoint: 216375 ns, Total: 3447709 ns
[2023-07-18T02:13:04.924+0000][1][safepoint    ] Safepoint "RevokeBias", Time since last: 4679166 ns, Reaching safepoint: 495459 ns, At safepoint: 167875 ns, Total: 663334 ns
[2023-07-18T02:13:04.927+0000][1][safepoint    ] Safepoint "RevokeBias", Time since last: 2761916 ns, Reaching safepoint: 280209 ns, At safepoint: 147208 ns, Total: 427417 ns
[2023-07-18T02:13:04.938+0000][1][safepoint    ] Safepoint "RevokeBias", Time since last: 1908958 ns, Reaching safepoint: 8606500 ns, At safepoint: 143042 ns, Total: 8749542 ns
[2023-07-18T02:13:04.939+0000][1][safepoint    ] Safepoint "RevokeBias", Time since last: 355542 ns, Reaching safepoint: 300083 ns, At safepoint: 99625 ns, Total: 399708 ns
[2023-07-18T02:13:04.953+0000][1][safepoint    ] Safepoint "RevokeBias", Time since last: 13179292 ns, Reaching safepoint: 508250 ns, At safepoint: 130958 ns, Total: 639208 ns
[2023-07-18T02:13:04.953+0000][1][safepoint    ] Safepoint "RevokeBias", Time since last: 381083 ns, Reaching safepoint: 342250 ns, At safepoint: 109250 ns, Total: 451500 ns
[2023-07-18T02:13:04.954+0000][1][safepoint    ] Safepoint "RevokeBias", Time since last: 458750 ns, Reaching safepoint: 237375 ns, At safepoint: 97250 ns, Total: 334625 ns
[2023-07-18T02:13:04.956+0000][1][safepoint    ] Safepoint "RevokeBias", Time since last: 772625 ns, Reaching safepoint: 464292 ns, At safepoint: 153208 ns, Total: 617500 ns
[2023-07-18T02:13:05.968+0000][1][safepoint    ] Safepoint "Cleanup", Time since last: 1002514334 ns, Reaching safepoint: 9935000 ns, At safepoint: 17125 ns, Total: 9952125 ns
[2023-07-18T02:13:07.202+0000][1][safepoint    ] Safepoint "Cleanup", Time since last: 1233810001 ns, Reaching safepoint: 549542 ns, At safepoint: 11208 ns, Total: 560750 ns
[2023-07-18T02:13:07.548+0000][1][safepoint    ] Safepoint "RevokeBias", Time since last: 343394750 ns, Reaching safepoint: 2529583 ns, At safepoint: 72000 ns, Total: 2601583 ns
[2023-07-18T02:13:08.554+0000][1][safepoint    ] Safepoint "Cleanup", Time since last: 1003247043 ns, Reaching safepoint: 2262750 ns, At safepoint: 10416 ns, Total: 2273166 ns
[2023-07-18T02:13:08.763+0000][1][safepoint    ] Safepoint "Deoptimize", Time since last: 207502167 ns, Reaching safepoint: 387125 ns, At safepoint: 798917 ns, Total: 1186042 ns
[2023-07-18T02:13:09.340+0000][1][safepoint    ] Safepoint "CollectForMetadataAllocation", Time since last: 576535667 ns, Reaching safepoint: 354916 ns, At safepoint: 318834 ns, Total: 673750 ns
[2023-07-18T02:13:09.348+0000][1][safepoint    ] Safepoint "Deoptimize", Time since last: 7561583 ns, Reaching safepoint: 155500 ns, At safepoint: 822583 ns, Total: 978083 ns
[2023-07-18T02:13:09.857+0000][1][gc,start     ] GC(2) Pause Young (Allocation Failure)
[2023-07-18T02:13:09.857+0000][1][gc,task      ] GC(2) Using 4 workers of 4 for evacuation
[2023-07-18T02:13:09.930+0000][1][gc,age       ] GC(2) Desired survivor size 8945664 bytes, new threshold 6 (max threshold 6)
[2023-07-18T02:13:09.931+0000][1][gc,age       ] GC(2) Age table with threshold 6 (max threshold 6)
[2023-07-18T02:13:09.931+0000][1][gc,age       ] GC(2) - age   1:    3739960 bytes,    3739960 total
[2023-07-18T02:13:09.931+0000][1][gc,age       ] GC(2) - age   2:    2794152 bytes,    6534112 total
[2023-07-18T02:13:09.931+0000][1][gc,heap      ] GC(2) ParNew: 146573K->7735K(157248K)
[2023-07-18T02:13:09.931+0000][1][gc,heap      ] GC(2) CMS: 9266K->9266K(349568K)
[2023-07-18T02:13:09.931+0000][1][gc,metaspace ] GC(2) Metaspace: 20404K->20404K(1069056K)
[2023-07-18T02:13:09.932+0000][1][gc           ] GC(2) Pause Young (Allocation Failure) 152M->16M(494M) 74.628ms
[2023-07-18T02:13:09.932+0000][1][gc,cpu       ] GC(2) User=0.07s Sys=0.00s Real=0.07s
[2023-07-18T02:13:09.932+0000][1][safepoint    ] Safepoint "GenCollectForAllocation", Time since last: 503347334 ns, Reaching safepoint: 5202875 ns, At safepoint: 74980375 ns, Total: 80183250 ns
[2023-07-18T02:13:09.938+0000][1][gc,start     ] GC(3) Pause Initial Mark
[2023-07-18T02:13:09.956+0000][1][gc           ] GC(3) Pause Initial Mark 16M->16M(494M) 17.538ms
[2023-07-18T02:13:09.956+0000][1][gc,cpu       ] GC(3) User=0.03s Sys=0.00s Real=0.01s
[2023-07-18T02:13:09.956+0000][1][safepoint    ] Safepoint "CMS_Initial_Mark", Time since last: 570916 ns, Reaching safepoint: 5313542 ns, At safepoint: 18492667 ns, Total: 23806209 ns
[2023-07-18T02:13:09.963+0000][1][gc           ] GC(3) Concurrent Mark
[2023-07-18T02:13:09.966+0000][1][safepoint    ] Safepoint "BulkRevokeBias", Time since last: 7860583 ns, Reaching safepoint: 1275834 ns, At safepoint: 362541 ns, Total: 1638375 ns
[2023-07-18T02:13:09.974+0000][1][safepoint    ] Safepoint "RevokeBias", Time since last: 8047209 ns, Reaching safepoint: 443375 ns, At safepoint: 103583 ns, Total: 546958 ns
[2023-07-18T02:13:09.979+0000][1][safepoint    ] Safepoint "RevokeBias", Time since last: 3979667 ns, Reaching safepoint: 185250 ns, At safepoint: 85791 ns, Total: 271041 ns
[2023-07-18T02:13:09.983+0000][1][safepoint    ] Safepoint "RevokeBias", Time since last: 2706084 ns, Reaching safepoint: 1505500 ns, At safepoint: 98958 ns, Total: 1604458 ns
[2023-07-18T02:13:09.985+0000][1][safepoint    ] Safepoint "RevokeBias", Time since last: 1247708 ns, Reaching safepoint: 254459 ns, At safepoint: 98375 ns, Total: 352834 ns
[2023-07-18T02:13:09.985+0000][1][safepoint    ] Safepoint "RevokeBias", Time since last: 483708 ns, Reaching safepoint: 219583 ns, At safepoint: 77709 ns, Total: 297292 ns
[2023-07-18T02:13:09.994+0000][1][safepoint    ] Safepoint "RevokeBias", Time since last: 1133291 ns, Reaching safepoint: 7282875 ns, At safepoint: 117709 ns, Total: 7400584 ns
[2023-07-18T02:13:10.003+0000][1][safepoint    ] Safepoint "RevokeBias", Time since last: 1885291 ns, Reaching safepoint: 7573292 ns, At safepoint: 121333 ns, Total: 7694625 ns
[2023-07-18T02:13:10.005+0000][1][safepoint    ] Safepoint "RevokeBias", Time since last: 995542 ns, Reaching safepoint: 790625 ns, At safepoint: 103833 ns, Total: 894458 ns
[2023-07-18T02:13:10.011+0000][1][safepoint    ] Safepoint "RevokeBias", Time since last: 2696459 ns, Reaching safepoint: 3304750 ns, At safepoint: 126291 ns, Total: 3431041 ns
[2023-07-18T02:13:10.019+0000][1][safepoint    ] Safepoint "RevokeBias", Time since last: 3375709 ns, Reaching safepoint: 4454833 ns, At safepoint: 128708 ns, Total: 4583541 ns
[2023-07-18T02:13:10.028+0000][1][safepoint    ] Safepoint "RevokeBias", Time since last: 4459709 ns, Reaching safepoint: 3907375 ns, At safepoint: 122625 ns, Total: 4030000 ns
[2023-07-18T02:13:10.031+0000][1][safepoint    ] Safepoint "RevokeBias", Time since last: 1866000 ns, Reaching safepoint: 1289125 ns, At safepoint: 109625 ns, Total: 1398750 ns
[2023-07-18T02:13:10.044+0000][1][safepoint    ] Safepoint "RevokeBias", Time since last: 2161500 ns, Reaching safepoint: 10734833 ns, At safepoint: 135250 ns, Total: 10870083 ns
[2023-07-18T02:13:10.046+0000][1][safepoint    ] Safepoint "RevokeBias", Time since last: 1221833 ns, Reaching safepoint: 385750 ns, At safepoint: 106000 ns, Total: 491750 ns
[2023-07-18T02:13:10.159+0000][1][gc           ] GC(3) Concurrent Mark 195.639ms
[2023-07-18T02:13:10.163+0000][1][gc,cpu       ] GC(3) User=0.18s Sys=0.01s Real=0.20s
[2023-07-18T02:13:10.169+0000][1][gc           ] GC(3) Concurrent Preclean
[2023-07-18T02:13:10.186+0000][1][gc           ] GC(3) Concurrent Preclean 17.373ms
[2023-07-18T02:13:10.190+0000][1][gc,cpu       ] GC(3) User=0.02s Sys=0.00s Real=0.02s
[2023-07-18T02:13:10.197+0000][1][gc           ] GC(3) Concurrent Abortable Preclean
[2023-07-18T02:13:11.483+0000][1][safepoint    ] Safepoint "CollectForMetadataAllocation", Time since last: 1436055417 ns, Reaching safepoint: 955791 ns, At safepoint: 113292 ns, Total: 1069083 ns
[2023-07-18T02:13:12.474+0000][1][gc           ] GC(3) Concurrent Abortable Preclean 2277.943ms
[2023-07-18T02:13:12.475+0000][1][gc,cpu       ] GC(3) User=2.28s Sys=0.03s Real=2.27s
[2023-07-18T02:13:12.476+0000][1][gc,start     ] GC(3) Pause Remark
[2023-07-18T02:13:12.791+0000][1][gc           ] GC(3) Pause Remark 121M->121M(494M) 314.893ms
[2023-07-18T02:13:12.791+0000][1][gc,cpu       ] GC(3) User=0.28s Sys=0.00s Real=0.32s
[2023-07-18T02:13:12.792+0000][1][safepoint    ] Safepoint "CMS_Final_Remark", Time since last: 992243459 ns, Reaching safepoint: 808041 ns, At safepoint: 315715917 ns, Total: 316523958 ns
[2023-07-18T02:13:12.792+0000][1][gc           ] GC(3) Concurrent Sweep
[2023-07-18T02:13:12.805+0000][1][gc           ] GC(3) Concurrent Sweep 13.459ms
[2023-07-18T02:13:12.806+0000][1][gc,cpu       ] GC(3) User=0.03s Sys=0.00s Real=0.01s
[2023-07-18T02:13:12.806+0000][1][gc           ] GC(3) Concurrent Reset
[2023-07-18T02:13:12.809+0000][1][gc           ] GC(3) Concurrent Reset 2.292ms
[2023-07-18T02:13:12.809+0000][1][gc,cpu       ] GC(3) User=0.00s Sys=0.00s Real=0.01s
[2023-07-18T02:13:12.809+0000][1][gc,heap      ] GC(3) Old: 9266K->9265K(349568K)
[2023-07-18T02:13:13.805+0000][1][safepoint    ] Safepoint "Cleanup", Time since last: 1000721667 ns, Reaching safepoint: 12411667 ns, At safepoint: 263667 ns, Total: 12675334 ns
[2023-07-18T02:13:13.809+0000][1][gc,start     ] GC(4) Pause Young (Allocation Failure)
[2023-07-18T02:13:13.811+0000][1][gc,task      ] GC(4) Using 4 workers of 4 for evacuation
[2023-07-18T02:13:13.847+0000][1][gc,age       ] GC(4) Desired survivor size 8945664 bytes, new threshold 6 (max threshold 6)
[2023-07-18T02:13:13.847+0000][1][gc,age       ] GC(4) Age table with threshold 6 (max threshold 6)
[2023-07-18T02:13:13.847+0000][1][gc,age       ] GC(4) - age   1:    1305384 bytes,    1305384 total
[2023-07-18T02:13:13.848+0000][1][gc,age       ] GC(4) - age   2:    2765576 bytes,    4070960 total
[2023-07-18T02:13:13.848+0000][1][gc,age       ] GC(4) - age   3:    2790008 bytes,    6860968 total
[2023-07-18T02:13:13.849+0000][1][gc,heap      ] GC(4) ParNew: 147511K->10977K(157248K)
[2023-07-18T02:13:13.849+0000][1][gc,heap      ] GC(4) CMS: 9265K->9265K(349568K)
[2023-07-18T02:13:13.849+0000][1][gc,metaspace ] GC(4) Metaspace: 20716K->20716K(1069056K)
[2023-07-18T02:13:13.850+0000][1][gc           ] GC(4) Pause Young (Allocation Failure) 153M->19M(494M) 40.852ms
[2023-07-18T02:13:13.850+0000][1][gc,cpu       ] GC(4) User=0.06s Sys=0.00s Real=0.04s
[2023-07-18T02:13:13.851+0000][1][safepoint    ] Safepoint "GenCollectForAllocation", Time since last: 3817708 ns, Reaching safepoint: 89750 ns, At safepoint: 42070250 ns, Total: 42160000 ns
[2023-07-18T02:13:13.862+0000][1][safepoint    ] Safepoint "BulkRevokeBias", Time since last: 8665250 ns, Reaching safepoint: 1072917 ns, At safepoint: 1306875 ns, Total: 2379792 ns
[2023-07-18T02:13:13.863+0000][1][safepoint    ] Safepoint "BulkRevokeBias", Time since last: 540708 ns, Reaching safepoint: 319458 ns, At safepoint: 209459 ns, Total: 528917 ns
[2023-07-18T02:13:14.864+0000][1][safepoint    ] Safepoint "Cleanup", Time since last: 1000261250 ns, Reaching safepoint: 1018792 ns, At safepoint: 14667 ns, Total: 1033459 ns
[2023-07-18T02:13:15.409+0000][1][gc,start     ] GC(5) Pause Young (Allocation Failure)
[2023-07-18T02:13:15.409+0000][1][gc,task      ] GC(5) Using 4 workers of 4 for evacuation
[2023-07-18T02:13:15.447+0000][1][gc,age       ] GC(5) Desired survivor size 8945664 bytes, new threshold 6 (max threshold 6)
[2023-07-18T02:13:15.448+0000][1][gc,age       ] GC(5) Age table with threshold 6 (max threshold 6)
[2023-07-18T02:13:15.448+0000][1][gc,age       ] GC(5) - age   1:    2086472 bytes,    2086472 total
[2023-07-18T02:13:15.448+0000][1][gc,age       ] GC(5) - age   2:    1283032 bytes,    3369504 total
[2023-07-18T02:13:15.448+0000][1][gc,age       ] GC(5) - age   3:    2765440 bytes,    6134944 total
[2023-07-18T02:13:15.448+0000][1][gc,age       ] GC(5) - age   4:    2789600 bytes,    8924544 total
[2023-07-18T02:13:15.448+0000][1][gc,heap      ] GC(5) ParNew: 150753K->11195K(157248K)
[2023-07-18T02:13:15.448+0000][1][gc,heap      ] GC(5) CMS: 9265K->9265K(349568K)
[2023-07-18T02:13:15.449+0000][1][gc,metaspace ] GC(5) Metaspace: 20941K->20941K(1069056K)
[2023-07-18T02:13:15.449+0000][1][gc           ] GC(5) Pause Young (Allocation Failure) 156M->19M(494M) 40.011ms
[2023-07-18T02:13:15.449+0000][1][gc,cpu       ] GC(5) User=0.08s Sys=0.01s Real=0.04s
[2023-07-18T02:13:15.449+0000][1][safepoint    ] Safepoint "GenCollectForAllocation", Time since last: 544096041 ns, Reaching safepoint: 367792 ns, At safepoint: 40354708 ns, Total: 40722500 ns
[2023-07-18T02:13:16.450+0000][1][safepoint    ] Safepoint "Cleanup", Time since last: 1000215293 ns, Reaching safepoint: 538708 ns, At safepoint: 10792 ns, Total: 549500 ns
[2023-07-18T02:13:17.006+0000][1][gc,start     ] GC(6) Pause Young (Allocation Failure)
[2023-07-18T02:13:17.006+0000][1][gc,task      ] GC(6) Using 4 workers of 4 for evacuation
[2023-07-18T02:13:17.054+0000][1][gc,age       ] GC(6) Desired survivor size 8945664 bytes, new threshold 6 (max threshold 6)
[2023-07-18T02:13:17.054+0000][1][gc,age       ] GC(6) Age table with threshold 6 (max threshold 6)
[2023-07-18T02:13:17.054+0000][1][gc,age       ] GC(6) - age   1:     812416 bytes,     812416 total
[2023-07-18T02:13:17.054+0000][1][gc,age       ] GC(6) - age   2:     548200 bytes,    1360616 total
[2023-07-18T02:13:17.055+0000][1][gc,age       ] GC(6) - age   3:    1282744 bytes,    2643360 total
[2023-07-18T02:13:17.055+0000][1][gc,age       ] GC(6) - age   4:    2764336 bytes,    5407696 total
[2023-07-18T02:13:17.055+0000][1][gc,age       ] GC(6) - age   5:    2789456 bytes,    8197152 total
[2023-07-18T02:13:17.055+0000][1][gc,heap      ] GC(6) ParNew: 150971K->12203K(157248K)
[2023-07-18T02:13:17.055+0000][1][gc,heap      ] GC(6) CMS: 9265K->9265K(349568K)
[2023-07-18T02:13:17.055+0000][1][gc,metaspace ] GC(6) Metaspace: 21863K->21863K(1069056K)
[2023-07-18T02:13:17.055+0000][1][gc           ] GC(6) Pause Young (Allocation Failure) 156M->20M(494M) 49.531ms
[2023-07-18T02:13:17.055+0000][1][gc,cpu       ] GC(6) User=0.05s Sys=0.00s Real=0.05s
[2023-07-18T02:13:17.056+0000][1][safepoint    ] Safepoint "GenCollectForAllocation", Time since last: 555398833 ns, Reaching safepoint: 462417 ns, At safepoint: 49839417 ns, Total: 50301834 ns
[2023-07-18T02:13:17.519+0000][1][safepoint    ] Safepoint "RevokeBias", Time since last: 462386833 ns, Reaching safepoint: 937958 ns, At safepoint: 286459 ns, Total: 1224417 ns
[2023-07-18T02:13:17.962+0000][1][gc,start     ] GC(7) Pause Young (Allocation Failure)
[2023-07-18T02:13:17.962+0000][1][gc,task      ] GC(7) Using 4 workers of 4 for evacuation
[2023-07-18T02:13:17.986+0000][1][gc,age       ] GC(7) Desired survivor size 8945664 bytes, new threshold 6 (max threshold 6)
[2023-07-18T02:13:17.986+0000][1][gc,age       ] GC(7) Age table with threshold 6 (max threshold 6)
[2023-07-18T02:13:17.986+0000][1][gc,age       ] GC(7) - age   1:    2186152 bytes,    2186152 total
[2023-07-18T02:13:17.986+0000][1][gc,age       ] GC(7) - age   2:     763648 bytes,    2949800 total
[2023-07-18T02:13:17.986+0000][1][gc,age       ] GC(7) - age   3:     548200 bytes,    3498000 total
[2023-07-18T02:13:17.986+0000][1][gc,age       ] GC(7) - age   4:    1282144 bytes,    4780144 total
[2023-07-18T02:13:17.986+0000][1][gc,age       ] GC(7) - age   5:    2764336 bytes,    7544480 total
[2023-07-18T02:13:17.987+0000][1][gc,age       ] GC(7) - age   6:    2789456 bytes,   10333936 total
[2023-07-18T02:13:17.987+0000][1][gc,heap      ] GC(7) ParNew: 151979K->16075K(157248K)
[2023-07-18T02:13:17.987+0000][1][gc,heap      ] GC(7) CMS: 9265K->9265K(349568K)
[2023-07-18T02:13:17.987+0000][1][gc,metaspace ] GC(7) Metaspace: 22044K->22044K(1069056K)
[2023-07-18T02:13:17.987+0000][1][gc           ] GC(7) Pause Young (Allocation Failure) 157M->24M(494M) 25.276ms
[2023-07-18T02:13:17.987+0000][1][gc,cpu       ] GC(7) User=0.06s Sys=0.00s Real=0.03s
[2023-07-18T02:13:17.988+0000][1][safepoint    ] Safepoint "GenCollectForAllocation", Time since last: 442112458 ns, Reaching safepoint: 624750 ns, At safepoint: 25601042 ns, Total: 26225792 ns
[2023-07-18T02:13:18.989+0000][1][safepoint    ] Safepoint "Cleanup", Time since last: 1000207292 ns, Reaching safepoint: 1136584 ns, At safepoint: 20625 ns, Total: 1157209 ns
[2023-07-18T02:13:19.174+0000][1][gc,start     ] GC(8) Pause Young (Allocation Failure)
[2023-07-18T02:13:19.174+0000][1][gc,task      ] GC(8) Using 4 workers of 4 for evacuation
[2023-07-18T02:13:19.222+0000][1][gc,age       ] GC(8) Desired survivor size 8945664 bytes, new threshold 6 (max threshold 6)
[2023-07-18T02:13:19.222+0000][1][gc,age       ] GC(8) Age table with threshold 6 (max threshold 6)
[2023-07-18T02:13:19.223+0000][1][gc,age       ] GC(8) - age   1:     896920 bytes,     896920 total
[2023-07-18T02:13:19.223+0000][1][gc,age       ] GC(8) - age   2:     407352 bytes,    1304272 total
[2023-07-18T02:13:19.223+0000][1][gc,age       ] GC(8) - age   3:     763496 bytes,    2067768 total
[2023-07-18T02:13:19.223+0000][1][gc,age       ] GC(8) - age   4:     548136 bytes,    2615904 total
[2023-07-18T02:13:19.223+0000][1][gc,age       ] GC(8) - age   5:    1281472 bytes,    3897376 total
[2023-07-18T02:13:19.223+0000][1][gc,age       ] GC(8) - age   6:    2763728 bytes,    6661104 total
[2023-07-18T02:13:19.223+0000][1][gc,heap      ] GC(8) ParNew: 155851K->11972K(157248K)
[2023-07-18T02:13:19.223+0000][1][gc,heap      ] GC(8) CMS: 9265K->12016K(349568K)
[2023-07-18T02:13:19.224+0000][1][gc,metaspace ] GC(8) Metaspace: 23728K->23728K(1071104K)
[2023-07-18T02:13:19.224+0000][1][gc           ] GC(8) Pause Young (Allocation Failure) 161M->23M(494M) 49.819ms
[2023-07-18T02:13:19.224+0000][1][gc,cpu       ] GC(8) User=0.08s Sys=0.00s Real=0.05s
[2023-07-18T02:13:19.224+0000][1][safepoint    ] Safepoint "GenCollectForAllocation", Time since last: 184606208 ns, Reaching safepoint: 426750 ns, At safepoint: 50227583 ns, Total: 50654333 ns
[2023-07-18T02:13:19.817+0000][1][safepoint    ] Safepoint "RevokeBias", Time since last: 591925667 ns, Reaching safepoint: 977834 ns, At safepoint: 72458 ns, Total: 1050292 ns
[2023-07-18T02:13:20.362+0000][1][safepoint    ] Safepoint "Deoptimize", Time since last: 542781667 ns, Reaching safepoint: 532416 ns, At safepoint: 1180834 ns, Total: 1713250 ns
[2023-07-18T02:13:21.372+0000][1][safepoint    ] Safepoint "Cleanup", Time since last: 1000779584 ns, Reaching safepoint: 9639750 ns, At safepoint: 17750 ns, Total: 9657500 ns
[2023-07-18T02:13:22.375+0000][1][safepoint    ] Safepoint "Cleanup", Time since last: 1001881125 ns, Reaching safepoint: 544833 ns, At safepoint: 11584 ns, Total: 556417 ns
[2023-07-18T02:13:23.381+0000][1][safepoint    ] Safepoint "Cleanup", Time since last: 1000514917 ns, Reaching safepoint: 5750583 ns, At safepoint: 16209 ns, Total: 5766792 ns
[2023-07-18T02:13:24.393+0000][1][safepoint    ] Safepoint "Cleanup", Time since last: 1004596625 ns, Reaching safepoint: 7154625 ns, At safepoint: 14458 ns, Total: 7169083 ns
[2023-07-18T02:13:25.394+0000][1][safepoint    ] Safepoint "Cleanup", Time since last: 1000425209 ns, Reaching safepoint: 617834 ns, At safepoint: 11000 ns, Total: 628834 ns
[2023-07-18T02:13:26.396+0000][1][safepoint    ] Safepoint "Cleanup", Time since last: 1000565417 ns, Reaching safepoint: 1339333 ns, At safepoint: 15000 ns, Total: 1354333 ns
[2023-07-18T02:13:27.031+0000][1][safepoint    ] Safepoint "RevokeBias", Time since last: 634409417 ns, Reaching safepoint: 204750 ns, At safepoint: 362125 ns, Total: 566875 ns
[2023-07-18T02:13:28.033+0000][1][safepoint    ] Safepoint "Cleanup", Time since last: 1001769375 ns, Reaching safepoint: 512667 ns, At safepoint: 10708 ns, Total: 523375 ns
[2023-07-18T02:13:29.034+0000][1][safepoint    ] Safepoint "Cleanup", Time since last: 1000336584 ns, Reaching safepoint: 787584 ns, At safepoint: 10083 ns, Total: 797667 ns
[2023-07-18T02:13:29.132+0000][1][gc,start     ] GC(9) Pause Young (Allocation Failure)
[2023-07-18T02:13:29.133+0000][1][gc,task      ] GC(9) Using 4 workers of 4 for evacuation
[2023-07-18T02:13:29.550+0000][1][gc,age       ] GC(9) Desired survivor size 8945664 bytes, new threshold 1 (max threshold 6)
[2023-07-18T02:13:29.554+0000][1][gc,age       ] GC(9) Age table with threshold 1 (max threshold 6)
[2023-07-18T02:13:29.554+0000][1][gc,age       ] GC(9) - age   1:   14006968 bytes,   14006968 total
[2023-07-18T02:13:29.554+0000][1][gc,age       ] GC(9) - age   2:     868096 bytes,   14875064 total
[2023-07-18T02:13:29.554+0000][1][gc,age       ] GC(9) - age   3:     404808 bytes,   15279872 total
[2023-07-18T02:13:29.554+0000][1][gc,age       ] GC(9) - age   4:     762568 bytes,   16042440 total
[2023-07-18T02:13:29.554+0000][1][gc,age       ] GC(9) - age   5:     545832 bytes,   16588272 total
[2023-07-18T02:13:29.555+0000][1][gc,age       ] GC(9) - age   6:    1270328 bytes,   17858600 total
[2023-07-18T02:13:29.555+0000][1][gc,heap      ] GC(9) ParNew: 151748K->17472K(157248K)
[2023-07-18T02:13:29.555+0000][1][gc,heap      ] GC(9) CMS: 12016K->18433K(349568K)
[2023-07-18T02:13:29.555+0000][1][gc,metaspace ] GC(9) Metaspace: 28998K->28998K(1077248K)
[2023-07-18T02:13:29.556+0000][1][gc           ] GC(9) Pause Young (Allocation Failure) 159M->35M(494M) 423.325ms
[2023-07-18T02:13:29.556+0000][1][gc,cpu       ] GC(9) User=0.50s Sys=0.01s Real=0.42s
[2023-07-18T02:13:29.556+0000][1][safepoint    ] Safepoint "GenCollectForAllocation", Time since last: 97888292 ns, Reaching safepoint: 272750 ns, At safepoint: 423834292 ns, Total: 424107042 ns
[2023-07-18T02:13:29.717+0000][1][safepoint    ] Safepoint "Deoptimize", Time since last: 159098250 ns, Reaching safepoint: 624875 ns, At safepoint: 974208 ns, Total: 1599083 ns
[2023-07-18T02:13:30.725+0000][1][safepoint    ] Safepoint "Cleanup", Time since last: 1004772000 ns, Reaching safepoint: 3131500 ns, At safepoint: 16584 ns, Total: 3148084 ns
[2023-07-18T02:13:31.727+0000][1][safepoint    ] Safepoint "Cleanup", Time since last: 1001832667 ns, Reaching safepoint: 284625 ns, At safepoint: 9917 ns, Total: 294542 ns
[2023-07-18T02:13:32.731+0000][1][safepoint    ] Safepoint "Cleanup", Time since last: 1000390417 ns, Reaching safepoint: 3671541 ns, At safepoint: 13959 ns, Total: 3685500 ns
[2023-07-18T02:13:33.109+0000][1][safepoint    ] Safepoint "RevokeBias", Time since last: 377534917 ns, Reaching safepoint: 405750 ns, At safepoint: 131625 ns, Total: 537375 ns
[2023-07-18T02:13:34.110+0000][1][safepoint    ] Safepoint "Cleanup", Time since last: 1000393042 ns, Reaching safepoint: 884958 ns, At safepoint: 18875 ns, Total: 903833 ns
[2023-07-18T02:13:34.402+0000][1][safepoint    ] Safepoint "RevokeBias", Time since last: 291395459 ns, Reaching safepoint: 278291 ns, At safepoint: 114042 ns, Total: 392333 ns
[2023-07-18T02:13:35.234+0000][1][safepoint    ] Safepoint "CollectForMetadataAllocation", Time since last: 831588750 ns, Reaching safepoint: 568875 ns, At safepoint: 257584 ns, Total: 826459 ns
[2023-07-18T02:13:35.370+0000][1][safepoint    ] Safepoint "CollectForMetadataAllocation", Time since last: 135284125 ns, Reaching safepoint: 245500 ns, At safepoint: 115666 ns, Total: 361166 ns
[2023-07-18T02:13:35.566+0000][1][gc,start     ] GC(10) Pause Initial Mark
[2023-07-18T02:13:35.881+0000][1][gc           ] GC(10) Pause Initial Mark 148M->148M(494M) 314.527ms
[2023-07-18T02:13:35.886+0000][1][gc,cpu       ] GC(10) User=0.58s Sys=0.00s Real=0.32s
[2023-07-18T02:13:35.886+0000][1][safepoint    ] Safepoint "CMS_Initial_Mark", Time since last: 193416125 ns, Reaching safepoint: 2004250 ns, At safepoint: 320837209 ns, Total: 322841459 ns
[2023-07-18T02:13:35.887+0000][1][gc           ] GC(10) Concurrent Mark
[2023-07-18T02:13:35.934+0000][1][safepoint    ] Safepoint "CollectForMetadataAllocation", Time since last: 37513375 ns, Reaching safepoint: 9911250 ns, At safepoint: 796250 ns, Total: 10707500 ns
[2023-07-18T02:13:36.126+0000][1][gc           ] GC(10) Concurrent Mark 230.990ms
[2023-07-18T02:13:36.128+0000][1][gc,cpu       ] GC(10) User=0.30s Sys=0.01s Real=0.24s
[2023-07-18T02:13:36.135+0000][1][gc           ] GC(10) Concurrent Preclean
[2023-07-18T02:13:36.149+0000][1][gc           ] GC(10) Concurrent Preclean 13.515ms
[2023-07-18T02:13:36.154+0000][1][gc,cpu       ] GC(10) User=0.03s Sys=0.00s Real=0.02s
[2023-07-18T02:13:36.154+0000][1][gc           ] GC(10) Concurrent Abortable Preclean
[2023-07-18T02:13:36.482+0000][1][safepoint    ] Safepoint "CollectForMetadataAllocation", Time since last: 537950375 ns, Reaching safepoint: 7155250 ns, At safepoint: 2304625 ns, Total: 9459875 ns
[2023-07-18T02:13:37.425+0000][1][gc,start     ] GC(11) Pause Young (Allocation Failure)
[2023-07-18T02:13:37.444+0000][1][gc,task      ] GC(11) Using 4 workers of 4 for evacuation
[2023-07-18T02:13:38.137+0000][1][gc,age       ] GC(11) Desired survivor size 8945664 bytes, new threshold 1 (max threshold 6)
[2023-07-18T02:13:38.137+0000][1][gc,age       ] GC(11) Age table with threshold 1 (max threshold 6)
[2023-07-18T02:13:38.138+0000][1][gc,age       ] GC(11) - age   1:   10462168 bytes,   10462168 total
[2023-07-18T02:13:38.139+0000][1][gc,heap      ] GC(11) ParNew: 157248K->17472K(157248K)
[2023-07-18T02:13:38.139+0000][1][gc,heap      ] GC(11) CMS: 18433K->38207K(349568K)
[2023-07-18T02:13:38.139+0000][1][gc,metaspace ] GC(11) Metaspace: 34791K->34791K(1081344K)
[2023-07-18T02:13:38.140+0000][1][gc           ] GC(11) Pause Young (Allocation Failure) 171M->54M(494M) 714.951ms
[2023-07-18T02:13:38.140+0000][1][gc,cpu       ] GC(11) User=1.01s Sys=0.03s Real=0.72s
[2023-07-18T02:13:38.174+0000][1][safepoint    ] Safepoint "GenCollectForAllocation", Time since last: 936897001 ns, Reaching safepoint: 5776666 ns, At safepoint: 749804376 ns, Total: 755581042 ns
[2023-07-18T02:13:39.188+0000][1][safepoint    ] Safepoint "Cleanup", Time since last: 1004358833 ns, Reaching safepoint: 9282000 ns, At safepoint: 61750 ns, Total: 9343750 ns
[2023-07-18T02:13:39.305+0000][1][gc           ] GC(10) Concurrent Abortable Preclean 3151.500ms
[2023-07-18T02:13:39.321+0000][1][gc,cpu       ] GC(10) User=4.83s Sys=0.08s Real=3.17s
[2023-07-18T02:13:39.328+0000][1][gc,start     ] GC(10) Pause Remark
[2023-07-18T02:13:39.667+0000][1][gc           ] GC(10) Pause Remark 127M->127M(494M) 339.019ms
[2023-07-18T02:13:39.671+0000][1][gc,cpu       ] GC(10) User=0.42s Sys=0.01s Real=0.34s
[2023-07-18T02:13:39.672+0000][1][safepoint    ] Safepoint "CMS_Final_Remark", Time since last: 138651292 ns, Reaching safepoint: 725042 ns, At safepoint: 344257750 ns, Total: 344982792 ns
[2023-07-18T02:13:39.672+0000][1][gc           ] GC(10) Concurrent Sweep
[2023-07-18T02:13:39.891+0000][1][gc           ] GC(10) Concurrent Sweep 218.970ms
[2023-07-18T02:13:39.892+0000][1][gc,cpu       ] GC(10) User=0.20s Sys=0.00s Real=0.22s
[2023-07-18T02:13:39.896+0000][1][gc           ] GC(10) Concurrent Reset
[2023-07-18T02:13:39.898+0000][1][gc           ] GC(10) Concurrent Reset 1.779ms
[2023-07-18T02:13:39.899+0000][1][gc,cpu       ] GC(10) User=0.00s Sys=0.01s Real=0.01s
[2023-07-18T02:13:39.902+0000][1][gc,heap      ] GC(10) Old: 18433K->38106K(349568K)
[2023-07-18T02:13:40.681+0000][1][safepoint    ] Safepoint "Cleanup", Time since last: 1001489209 ns, Reaching safepoint: 7893750 ns, At safepoint: 29458 ns, Total: 7923208 ns
[2023-07-18T02:13:41.687+0000][1][safepoint    ] Safepoint "Cleanup", Time since last: 1003781875 ns, Reaching safepoint: 2061959 ns, At safepoint: 31166 ns, Total: 2093125 ns
[2023-07-18T02:13:42.693+0000][1][safepoint    ] Safepoint "Cleanup", Time since last: 1000794959 ns, Reaching safepoint: 5224750 ns, At safepoint: 20834 ns, Total: 5245584 ns
[2023-07-18T02:13:43.702+0000][1][safepoint    ] Safepoint "Cleanup", Time since last: 1000573500 ns, Reaching safepoint: 8357250 ns, At safepoint: 14500 ns, Total: 8371750 ns
[2023-07-18T02:13:44.712+0000][1][safepoint    ] Safepoint "Cleanup", Time since last: 1002433709 ns, Reaching safepoint: 7390083 ns, At safepoint: 20958 ns, Total: 7411041 ns
[2023-07-18T02:13:45.722+0000][1][safepoint    ] Safepoint "Cleanup", Time since last: 1000665501 ns, Reaching safepoint: 9634292 ns, At safepoint: 15208 ns, Total: 9649500 ns
[2023-07-18T02:13:47.187+0000][1][safepoint    ] Safepoint "RevokeBias", Time since last: 1463574959 ns, Reaching safepoint: 724333 ns, At safepoint: 1106959 ns, Total: 1831292 ns
[2023-07-18T02:13:47.200+0000][1][safepoint    ] Safepoint "Deoptimize", Time since last: 9751208 ns, Reaching safepoint: 427042 ns, At safepoint: 2861375 ns, Total: 3288417 ns
[2023-07-18T02:13:48.225+0000][1][safepoint    ] Safepoint "Cleanup", Time since last: 1000341708 ns, Reaching safepoint: 24055375 ns, At safepoint: 63042 ns, Total: 24118417 ns
[2023-07-18T02:13:50.915+0000][1][safepoint    ] Safepoint "RevokeBias", Time since last: 2687839668 ns, Reaching safepoint: 1021625 ns, At safepoint: 1019750 ns, Total: 2041375 ns
[2023-07-18T02:13:50.922+0000][1][safepoint    ] Safepoint "RevokeBias", Time since last: 4383250 ns, Reaching safepoint: 1690458 ns, At safepoint: 624375 ns, Total: 2314833 ns
[2023-07-18T02:13:50.928+0000][1][safepoint    ] Safepoint "RevokeBias", Time since last: 4908125 ns, Reaching safepoint: 722417 ns, At safepoint: 552375 ns, Total: 1274792 ns
[2023-07-18T02:13:50.941+0000][1][safepoint    ] Safepoint "RevokeBias", Time since last: 12849417 ns, Reaching safepoint: 549625 ns, At safepoint: 151541 ns, Total: 701166 ns
[2023-07-18T02:13:51.582+0000][1][gc,start     ] GC(12) Pause Young (Allocation Failure)
[2023-07-18T02:13:51.584+0000][1][gc,task      ] GC(12) Using 4 workers of 4 for evacuation
[2023-07-18T02:13:51.855+0000][1][gc,age       ] GC(12) Desired survivor size 8945664 bytes, new threshold 6 (max threshold 6)
[2023-07-18T02:13:51.860+0000][1][gc,age       ] GC(12) Age table with threshold 6 (max threshold 6)
[2023-07-18T02:13:51.869+0000][1][gc,age       ] GC(12) - age   1:    3093496 bytes,    3093496 total
[2023-07-18T02:13:51.872+0000][1][gc,heap      ] GC(12) ParNew: 157248K->7323K(157248K)
[2023-07-18T02:13:51.873+0000][1][gc,heap      ] GC(12) CMS: 38106K->48391K(349568K)
[2023-07-18T02:13:51.874+0000][1][gc,metaspace ] GC(12) Metaspace: 42956K->42956K(1089536K)
[2023-07-18T02:13:51.874+0000][1][gc           ] GC(12) Pause Young (Allocation Failure) 190M->54M(494M) 291.919ms
[2023-07-18T02:13:51.877+0000][1][gc,cpu       ] GC(12) User=0.37s Sys=0.00s Real=0.30s
[2023-07-18T02:13:51.895+0000][1][safepoint    ] Safepoint "GenCollectForAllocation", Time since last: 639791417 ns, Reaching safepoint: 1351042 ns, At safepoint: 312365917 ns, Total: 313716959 ns
[2023-07-18T02:13:52.904+0000][1][safepoint    ] Safepoint "Cleanup", Time since last: 1008429250 ns, Reaching safepoint: 525750 ns, At safepoint: 12834 ns, Total: 538584 ns
[2023-07-18T02:13:53.905+0000][1][safepoint    ] Safepoint "Cleanup", Time since last: 1000511000 ns, Reaching safepoint: 588417 ns, At safepoint: 10292 ns, Total: 598709 ns
[2023-07-18T02:13:54.906+0000][1][safepoint    ] Safepoint "Cleanup", Time since last: 1000468125 ns, Reaching safepoint: 318583 ns, At safepoint: 10375 ns, Total: 328958 ns
[2023-07-18T02:13:57.911+0000][1][safepoint    ] Safepoint "Cleanup", Time since last: 3002334210 ns, Reaching safepoint: 3242958 ns, At safepoint: 14417 ns, Total: 3257375 ns
[2023-07-18T02:13:58.091+0000][1][safepoint    ] Safepoint "RevokeBias", Time since last: 173191250 ns, Reaching safepoint: 5985459 ns, At safepoint: 230875 ns, Total: 6216334 ns
[2023-07-18T02:13:58.092+0000][1][safepoint    ] Safepoint "RevokeBias", Time since last: 909250 ns, Reaching safepoint: 214750 ns, At safepoint: 167583 ns, Total: 382333 ns
[2023-07-18T02:13:58.097+0000][1][safepoint    ] Safepoint "BulkRevokeBias", Time since last: 4392375 ns, Reaching safepoint: 239042 ns, At safepoint: 622625 ns, Total: 861667 ns
[2023-07-18T02:13:58.103+0000][1][safepoint    ] Safepoint "RevokeBias", Time since last: 5012041 ns, Reaching safepoint: 233584 ns, At safepoint: 132166 ns, Total: 365750 ns
[2023-07-18T02:13:58.108+0000][1][safepoint    ] Safepoint "RevokeBias", Time since last: 3011167 ns, Reaching safepoint: 2348917 ns, At safepoint: 159375 ns, Total: 2508292 ns
[2023-07-18T02:13:58.112+0000][1][safepoint    ] Safepoint "RevokeBias", Time since last: 2482041 ns, Reaching safepoint: 957542 ns, At safepoint: 155333 ns, Total: 1112875 ns
[2023-07-18T02:13:58.113+0000][1][safepoint    ] Safepoint "RevokeBias", Time since last: 541334 ns, Reaching safepoint: 317333 ns, At safepoint: 112417 ns, Total: 429750 ns
[2023-07-18T02:13:58.114+0000][1][safepoint    ] Safepoint "RevokeBias", Time since last: 612208 ns, Reaching safepoint: 202708 ns, At safepoint: 129209 ns, Total: 331917 ns
[2023-07-18T02:13:58.115+0000][1][safepoint    ] Safepoint "RevokeBias", Time since last: 526750 ns, Reaching safepoint: 684958 ns, At safepoint: 141625 ns, Total: 826583 ns
[2023-07-18T02:13:58.116+0000][1][safepoint    ] Safepoint "RevokeBias", Time since last: 393917 ns, Reaching safepoint: 168750 ns, At safepoint: 124500 ns, Total: 293250 ns
[2023-07-18T02:13:58.116+0000][1][safepoint    ] Safepoint "RevokeBias", Time since last: 474208 ns, Reaching safepoint: 172333 ns, At safepoint: 130459 ns, Total: 302792 ns
[2023-07-18T02:13:58.118+0000][1][safepoint    ] Safepoint "RevokeBias", Time since last: 386666 ns, Reaching safepoint: 1041250 ns, At safepoint: 117459 ns, Total: 1158709 ns
[2023-07-18T02:13:58.122+0000][1][safepoint    ] Safepoint "RevokeBias", Time since last: 455541 ns, Reaching safepoint: 3061625 ns, At safepoint: 157167 ns, Total: 3218792 ns
[2023-07-18T02:13:58.123+0000][1][safepoint    ] Safepoint "RevokeBias", Time since last: 704417 ns, Reaching safepoint: 186500 ns, At safepoint: 124250 ns, Total: 310750 ns
[2023-07-18T02:13:58.124+0000][1][safepoint    ] Safepoint "RevokeBias", Time since last: 827416 ns, Reaching safepoint: 161000 ns, At safepoint: 113584 ns, Total: 274584 ns
[2023-07-18T02:13:58.134+0000][1][safepoint    ] Safepoint "RevokeBias", Time since last: 6654541 ns, Reaching safepoint: 3677875 ns, At safepoint: 162584 ns, Total: 3840459 ns
[2023-07-18T02:13:58.139+0000][1][safepoint    ] Safepoint "RevokeBias", Time since last: 556750 ns, Reaching safepoint: 3901416 ns, At safepoint: 160292 ns, Total: 4061708 ns
[2023-07-18T02:13:58.142+0000][1][safepoint    ] Safepoint "RevokeBias", Time since last: 3113542 ns, Reaching safepoint: 258416 ns, At safepoint: 146959 ns, Total: 405375 ns
[2023-07-18T02:13:58.152+0000][1][safepoint    ] Safepoint "RevokeBias", Time since last: 2904791 ns, Reaching safepoint: 6177334 ns, At safepoint: 154375 ns, Total: 6331709 ns
[2023-07-18T02:13:58.153+0000][1][safepoint    ] Safepoint "RevokeBias", Time since last: 574458 ns, Reaching safepoint: 275917 ns, At safepoint: 128500 ns, Total: 404417 ns
[2023-07-18T02:13:58.158+0000][1][safepoint    ] Safepoint "RevokeBias", Time since last: 645541 ns, Reaching safepoint: 1115667 ns, At safepoint: 3402750 ns, Total: 4518417 ns
[2023-07-18T02:13:58.162+0000][1][safepoint    ] Safepoint "RevokeBias", Time since last: 1025667 ns, Reaching safepoint: 3291041 ns, At safepoint: 137750 ns, Total: 3428791 ns
[2023-07-18T02:13:58.166+0000][1][safepoint    ] Safepoint "RevokeBias", Time since last: 1532250 ns, Reaching safepoint: 2195375 ns, At safepoint: 131875 ns, Total: 2327250 ns
[2023-07-18T02:13:58.172+0000][1][safepoint    ] Safepoint "BulkRevokeBias", Time since last: 5451375 ns, Reaching safepoint: 305209 ns, At safepoint: 312458 ns, Total: 617667 ns
[2023-07-18T02:13:58.178+0000][1][safepoint    ] Safepoint "RevokeBias", Time since last: 2547292 ns, Reaching safepoint: 2844875 ns, At safepoint: 157291 ns, Total: 3002166 ns
[2023-07-18T02:13:58.180+0000][1][safepoint    ] Safepoint "RevokeBias", Time since last: 1641209 ns, Reaching safepoint: 412916 ns, At safepoint: 118750 ns, Total: 531666 ns
[2023-07-18T02:13:58.390+0000][1][safepoint    ] Safepoint "RevokeBias", Time since last: 205465875 ns, Reaching safepoint: 4369709 ns, At safepoint: 88875 ns, Total: 4458584 ns
[2023-07-18T02:13:58.396+0000][1][safepoint    ] Safepoint "RevokeBias", Time since last: 5962000 ns, Reaching safepoint: 152250 ns, At safepoint: 52875 ns, Total: 205125 ns
[2023-07-18T02:13:58.401+0000][1][safepoint    ] Safepoint "RevokeBias", Time since last: 4762750 ns, Reaching safepoint: 136458 ns, At safepoint: 58417 ns, Total: 194875 ns
[2023-07-18T02:13:58.403+0000][1][safepoint    ] Safepoint "RevokeBias", Time since last: 1576000 ns, Reaching safepoint: 182208 ns, At safepoint: 42208 ns, Total: 224416 ns
[2023-07-18T02:13:58.409+0000][1][safepoint    ] Safepoint "RevokeBias", Time since last: 3341250 ns, Reaching safepoint: 3366875 ns, At safepoint: 46084 ns, Total: 3412959 ns
[2023-07-18T02:13:58.415+0000][1][safepoint    ] Safepoint "RevokeBias", Time since last: 5129291 ns, Reaching safepoint: 200709 ns, At safepoint: 47000 ns, Total: 247709 ns
[2023-07-18T02:13:58.415+0000][1][safepoint    ] Safepoint "RevokeBias", Time since last: 468083 ns, Reaching safepoint: 152708 ns, At safepoint: 32042 ns, Total: 184750 ns
[2023-07-18T02:13:58.416+0000][1][safepoint    ] Safepoint "RevokeBias", Time since last: 350750 ns, Reaching safepoint: 134542 ns, At safepoint: 29333 ns, Total: 163875 ns
[2023-07-18T02:13:58.417+0000][1][safepoint    ] Safepoint "RevokeBias", Time since last: 511750 ns, Reaching safepoint: 814417 ns, At safepoint: 32333 ns, Total: 846750 ns
[2023-07-18T02:13:58.418+0000][1][safepoint    ] Safepoint "RevokeBias", Time since last: 361083 ns, Reaching safepoint: 144334 ns, At safepoint: 34916 ns, Total: 179250 ns
[2023-07-18T02:13:58.419+0000][1][safepoint    ] Safepoint "RevokeBias", Time since last: 329500 ns, Reaching safepoint: 271750 ns, At safepoint: 35334 ns, Total: 307084 ns
[2023-07-18T02:13:58.421+0000][1][safepoint    ] Safepoint "RevokeBias", Time since last: 338750 ns, Reaching safepoint: 2508041 ns, At safepoint: 38167 ns, Total: 2546208 ns
[2023-07-18T02:13:58.422+0000][1][safepoint    ] Safepoint "RevokeBias", Time since last: 407542 ns, Reaching safepoint: 137208 ns, At safepoint: 28458 ns, Total: 165666 ns
[2023-07-18T02:13:58.422+0000][1][safepoint    ] Safepoint "RevokeBias", Time since last: 332542 ns, Reaching safepoint: 130750 ns, At safepoint: 27833 ns, Total: 158583 ns
[2023-07-18T02:13:58.423+0000][1][safepoint    ] Safepoint "RevokeBias", Time since last: 542625 ns, Reaching safepoint: 152584 ns, At safepoint: 34375 ns, Total: 186959 ns
[2023-07-18T02:13:58.424+0000][1][safepoint    ] Safepoint "RevokeBias", Time since last: 347333 ns, Reaching safepoint: 152708 ns, At safepoint: 36000 ns, Total: 188708 ns
[2023-07-18T02:13:58.425+0000][1][safepoint    ] Safepoint "RevokeBias", Time since last: 691959 ns, Reaching safepoint: 169291 ns, At safepoint: 32625 ns, Total: 201916 ns
[2023-07-18T02:13:58.425+0000][1][safepoint    ] Safepoint "RevokeBias", Time since last: 364459 ns, Reaching safepoint: 141125 ns, At safepoint: 29708 ns, Total: 170833 ns
[2023-07-18T02:13:58.426+0000][1][safepoint    ] Safepoint "RevokeBias", Time since last: 342125 ns, Reaching safepoint: 141208 ns, At safepoint: 29959 ns, Total: 171167 ns
[2023-07-18T02:13:58.427+0000][1][safepoint    ] Safepoint "BulkRevokeBias", Time since last: 366083 ns, Reaching safepoint: 150375 ns, At safepoint: 377542 ns, Total: 527917 ns
[2023-07-18T02:13:59.638+0000][1][safepoint    ] Safepoint "Cleanup", Time since last: 1211109667 ns, Reaching safepoint: 659042 ns, At safepoint: 12750 ns, Total: 671792 ns
[2023-07-18T02:14:00.627+0000][1][safepoint    ] Safepoint "RevokeBias", Time since last: 987451750 ns, Reaching safepoint: 988792 ns, At safepoint: 134458 ns, Total: 1123250 ns
[2023-07-18T02:14:01.248+0000][1][safepoint    ] Safepoint "RevokeBias", Time since last: 620331500 ns, Reaching safepoint: 871042 ns, At safepoint: 151208 ns, Total: 1022250 ns
[2023-07-18T02:14:01.414+0000][1][safepoint    ] Safepoint "RevokeBias", Time since last: 165392709 ns, Reaching safepoint: 122750 ns, At safepoint: 137500 ns, Total: 260250 ns
[2023-07-18T02:14:01.443+0000][1][safepoint    ] Safepoint "RevokeBias", Time since last: 28890166 ns, Reaching safepoint: 157042 ns, At safepoint: 128667 ns, Total: 285709 ns
[2023-07-18T02:14:02.459+0000][1][safepoint    ] Safepoint "Cleanup", Time since last: 1000402209 ns, Reaching safepoint: 15762083 ns, At safepoint: 12917 ns, Total: 15775000 ns
[2023-07-18T02:14:02.638+0000][1][safepoint    ] Safepoint "RevokeBias", Time since last: 177030458 ns, Reaching safepoint: 1442292 ns, At safepoint: 150500 ns, Total: 1592792 ns
[2023-07-18T02:14:02.646+0000][1][safepoint    ] Safepoint "RevokeBias", Time since last: 4298083 ns, Reaching safepoint: 3401375 ns, At safepoint: 205458 ns, Total: 3606833 ns
[2023-07-18T02:14:02.652+0000][1][safepoint    ] Safepoint "RevokeBias", Time since last: 5604750 ns, Reaching safepoint: 379917 ns, At safepoint: 143250 ns, Total: 523167 ns
[2023-07-18T02:14:02.993+0000][1][safepoint    ] Safepoint "RevokeBias", Time since last: 340095959 ns, Reaching safepoint: 732541 ns, At safepoint: 96459 ns, Total: 829000 ns
[2023-07-18T02:14:02.995+0000][1][safepoint    ] Safepoint "RevokeBias", Time since last: 1374250 ns, Reaching safepoint: 398375 ns, At safepoint: 136875 ns, Total: 535250 ns
[2023-07-18T02:14:03.001+0000][1][safepoint    ] Safepoint "RevokeBias", Time since last: 5710125 ns, Reaching safepoint: 294083 ns, At safepoint: 145375 ns, Total: 439458 ns
[2023-07-18T02:14:03.008+0000][1][safepoint    ] Safepoint "RevokeBias", Time since last: 6895708 ns, Reaching safepoint: 474834 ns, At safepoint: 161208 ns, Total: 636042 ns
[2023-07-18T02:14:03.011+0000][1][safepoint    ] Safepoint "RevokeBias", Time since last: 2542583 ns, Reaching safepoint: 273209 ns, At safepoint: 159375 ns, Total: 432584 ns
[2023-07-18T02:14:03.040+0000][1][safepoint    ] Safepoint "RevokeBias", Time since last: 28263208 ns, Reaching safepoint: 358917 ns, At safepoint: 94958 ns, Total: 453875 ns
[2023-07-18T02:14:03.041+0000][1][safepoint    ] Safepoint "RevokeBias", Time since last: 888917 ns, Reaching safepoint: 194000 ns, At safepoint: 97875 ns, Total: 291875 ns
[2023-07-18T02:14:03.043+0000][1][safepoint    ] Safepoint "RevokeBias", Time since last: 1046541 ns, Reaching safepoint: 238042 ns, At safepoint: 100500 ns, Total: 338542 ns
[2023-07-18T02:14:03.044+0000][1][safepoint    ] Safepoint "RevokeBias", Time since last: 833708 ns, Reaching safepoint: 365875 ns, At safepoint: 161250 ns, Total: 527125 ns
[2023-07-18T02:14:03.076+0000][1][safepoint    ] Safepoint "RevokeBias", Time since last: 31153292 ns, Reaching safepoint: 486375 ns, At safepoint: 158500 ns, Total: 644875 ns
[2023-07-18T02:14:03.087+0000][1][safepoint    ] Safepoint "RevokeBias", Time since last: 9887333 ns, Reaching safepoint: 883167 ns, At safepoint: 556125 ns, Total: 1439292 ns
[2023-07-18T02:14:03.091+0000][1][safepoint    ] Safepoint "RevokeBias", Time since last: 2006000 ns, Reaching safepoint: 779750 ns, At safepoint: 518667 ns, Total: 1298417 ns
[2023-07-18T02:14:03.092+0000][1][safepoint    ] Safepoint "RevokeBias", Time since last: 1021791 ns, Reaching safepoint: 329459 ns, At safepoint: 131125 ns, Total: 460584 ns
[2023-07-18T02:14:03.093+0000][1][safepoint    ] Safepoint "RevokeBias", Time since last: 734208 ns, Reaching safepoint: 172333 ns, At safepoint: 131625 ns, Total: 303958 ns
[2023-07-18T02:14:03.094+0000][1][safepoint    ] Safepoint "RevokeBias", Time since last: 593084 ns, Reaching safepoint: 196375 ns, At safepoint: 143000 ns, Total: 339375 ns
[2023-07-18T02:14:03.095+0000][1][safepoint    ] Safepoint "RevokeBias", Time since last: 477750 ns, Reaching safepoint: 212291 ns, At safepoint: 123917 ns, Total: 336208 ns
[2023-07-18T02:14:03.096+0000][1][safepoint    ] Safepoint "RevokeBias", Time since last: 1009458 ns, Reaching safepoint: 372125 ns, At safepoint: 161167 ns, Total: 533292 ns
[2023-07-18T02:14:03.098+0000][1][safepoint    ] Safepoint "RevokeBias", Time since last: 771333 ns, Reaching safepoint: 344209 ns, At safepoint: 147333 ns, Total: 491542 ns
[2023-07-18T02:14:03.099+0000][1][safepoint    ] Safepoint "RevokeBias", Time since last: 912250 ns, Reaching safepoint: 125708 ns, At safepoint: 127417 ns, Total: 253125 ns
[2023-07-18T02:14:03.099+0000][1][safepoint    ] Safepoint "RevokeBias", Time since last: 456042 ns, Reaching safepoint: 152458 ns, At safepoint: 119667 ns, Total: 272125 ns
[2023-07-18T02:14:03.100+0000][1][safepoint    ] Safepoint "RevokeBias", Time since last: 205333 ns, Reaching safepoint: 248667 ns, At safepoint: 115250 ns, Total: 363917 ns
[2023-07-18T02:14:03.101+0000][1][safepoint    ] Safepoint "RevokeBias", Time since last: 228666 ns, Reaching safepoint: 209250 ns, At safepoint: 128792 ns, Total: 338042 ns
[2023-07-18T02:14:03.105+0000][1][safepoint    ] Safepoint "RevokeBias", Time since last: 2033125 ns, Reaching safepoint: 2419125 ns, At safepoint: 174750 ns, Total: 2593875 ns
[2023-07-18T02:14:03.107+0000][1][safepoint    ] Safepoint "RevokeBias", Time since last: 1305250 ns, Reaching safepoint: 256833 ns, At safepoint: 135000 ns, Total: 391833 ns
[2023-07-18T02:14:03.110+0000][1][safepoint    ] Safepoint "RevokeBias", Time since last: 2977667 ns, Reaching safepoint: 342250 ns, At safepoint: 190667 ns, Total: 532917 ns
[2023-07-18T02:14:03.114+0000][1][safepoint    ] Safepoint "RevokeBias", Time since last: 3282291 ns, Reaching safepoint: 291167 ns, At safepoint: 114250 ns, Total: 405417 ns
[2023-07-18T02:14:03.118+0000][1][safepoint    ] Safepoint "RevokeBias", Time since last: 2999000 ns, Reaching safepoint: 439042 ns, At safepoint: 196208 ns, Total: 635250 ns
[2023-07-18T02:14:03.122+0000][1][safepoint    ] Safepoint "RevokeBias", Time since last: 3892792 ns, Reaching safepoint: 309375 ns, At safepoint: 129916 ns, Total: 439291 ns
[2023-07-18T02:14:03.175+0000][1][safepoint    ] Safepoint "RevokeBias", Time since last: 52553209 ns, Reaching safepoint: 607750 ns, At safepoint: 165750 ns, Total: 773500 ns
[2023-07-18T02:14:03.176+0000][1][safepoint    ] Safepoint "RevokeBias", Time since last: 584291 ns, Reaching safepoint: 315917 ns, At safepoint: 110750 ns, Total: 426667 ns
[2023-07-18T02:14:03.179+0000][1][safepoint    ] Safepoint "RevokeBias", Time since last: 1975500 ns, Reaching safepoint: 269417 ns, At safepoint: 132333 ns, Total: 401750 ns
[2023-07-18T02:14:03.882+0000][1][safepoint    ] Safepoint "RevokeBias", Time since last: 697765125 ns, Reaching safepoint: 3764125 ns, At safepoint: 1563584 ns, Total: 5327709 ns
[2023-07-18T02:14:04.891+0000][1][safepoint    ] Safepoint "Cleanup", Time since last: 1008474708 ns, Reaching safepoint: 490459 ns, At safepoint: 18208 ns, Total: 508667 ns
[2023-07-18T02:14:05.116+0000][1][safepoint    ] Safepoint "RevokeBias", Time since last: 224447959 ns, Reaching safepoint: 344583 ns, At safepoint: 190458 ns, Total: 535041 ns
[2023-07-18T02:14:05.117+0000][1][safepoint    ] Safepoint "RevokeBias", Time since last: 699584 ns, Reaching safepoint: 72500 ns, At safepoint: 32291 ns, Total: 104791 ns
[2023-07-18T02:14:05.118+0000][1][safepoint    ] Safepoint "RevokeBias", Time since last: 748834 ns, Reaching safepoint: 63458 ns, At safepoint: 29083 ns, Total: 92541 ns
[2023-07-18T02:14:06.104+0000][1][gc,start     ] GC(13) Pause Young (Allocation Failure)
[2023-07-18T02:14:06.106+0000][1][gc,task      ] GC(13) Using 4 workers of 4 for evacuation
[2023-07-18T02:14:06.231+0000][1][gc,age       ] GC(13) Desired survivor size 8945664 bytes, new threshold 6 (max threshold 6)
[2023-07-18T02:14:06.235+0000][1][gc,age       ] GC(13) Age table with threshold 6 (max threshold 6)
[2023-07-18T02:14:06.235+0000][1][gc,age       ] GC(13) - age   1:    4736112 bytes,    4736112 total
[2023-07-18T02:14:06.235+0000][1][gc,age       ] GC(13) - age   2:    2978224 bytes,    7714336 total
[2023-07-18T02:14:06.236+0000][1][gc,heap      ] GC(13) ParNew: 147099K->9632K(157248K)
[2023-07-18T02:14:06.236+0000][1][gc,heap      ] GC(13) CMS: 48391K->48391K(349568K)
[2023-07-18T02:14:06.237+0000][1][gc,metaspace ] GC(13) Metaspace: 52637K->52637K(1097728K)
[2023-07-18T02:14:06.237+0000][1][gc           ] GC(13) Pause Young (Allocation Failure) 190M->56M(494M) 133.544ms
[2023-07-18T02:14:06.238+0000][1][gc,cpu       ] GC(13) User=0.12s Sys=0.00s Real=0.14s
[2023-07-18T02:14:06.238+0000][1][safepoint    ] Safepoint "GenCollectForAllocation", Time since last: 984398126 ns, Reaching safepoint: 1483208 ns, At safepoint: 134759792 ns, Total: 136243000 ns
[2023-07-18T02:14:06.245+0000][1][safepoint    ] Safepoint "RevokeBias", Time since last: 6227958 ns, Reaching safepoint: 217250 ns, At safepoint: 72708 ns, Total: 289958 ns
[2023-07-18T02:14:06.246+0000][1][safepoint    ] Safepoint "RevokeBias", Time since last: 1613542 ns, Reaching safepoint: 89292 ns, At safepoint: 46750 ns, Total: 136042 ns
[2023-07-18T02:14:06.248+0000][1][safepoint    ] Safepoint "RevokeBias", Time since last: 1340166 ns, Reaching safepoint: 160750 ns, At safepoint: 44917 ns, Total: 205667 ns
[2023-07-18T02:14:06.251+0000][1][safepoint    ] Safepoint "RevokeBias", Time since last: 2557042 ns, Reaching safepoint: 112708 ns, At safepoint: 60167 ns, Total: 172875 ns
[2023-07-18T02:14:07.253+0000][1][safepoint    ] Safepoint "Cleanup", Time since last: 1001223167 ns, Reaching safepoint: 603083 ns, At safepoint: 12084 ns, Total: 615167 ns
[2023-07-18T02:14:08.270+0000][1][safepoint    ] Safepoint "Cleanup", Time since last: 1006833917 ns, Reaching safepoint: 11018750 ns, At safepoint: 26583 ns, Total: 11045333 ns
[2023-07-18T02:14:09.283+0000][1][safepoint    ] Safepoint "Cleanup", Time since last: 1008029251 ns, Reaching safepoint: 4077583 ns, At safepoint: 18167 ns, Total: 4095750 ns
[2023-07-18T02:14:09.401+0000][1][safepoint    ] Safepoint "RevokeBias", Time since last: 117909125 ns, Reaching safepoint: 640583 ns, At safepoint: 214500 ns, Total: 855083 ns
[2023-07-18T02:14:09.975+0000][1][safepoint    ] Safepoint "CollectForMetadataAllocation", Time since last: 573093209 ns, Reaching safepoint: 442666 ns, At safepoint: 354417 ns, Total: 797083 ns
[2023-07-18T02:14:10.099+0000][1][safepoint    ] Safepoint "CollectForMetadataAllocation", Time since last: 118391875 ns, Reaching safepoint: 5029292 ns, At safepoint: 181458 ns, Total: 5210750 ns
[2023-07-18T02:14:10.234+0000][1][safepoint    ] Safepoint "CollectForMetadataAllocation", Time since last: 134294708 ns, Reaching safepoint: 924042 ns, At safepoint: 189417 ns, Total: 1113459 ns
[2023-07-18T02:14:10.238+0000][1][gc,start     ] GC(14) Pause Initial Mark
[2023-07-18T02:14:10.339+0000][1][gc           ] GC(14) Pause Initial Mark 111M->111M(494M) 100.710ms
[2023-07-18T02:14:10.339+0000][1][gc,cpu       ] GC(14) User=0.15s Sys=0.00s Real=0.10s
[2023-07-18T02:14:10.340+0000][1][safepoint    ] Safepoint "CMS_Initial_Mark", Time since last: 3434916 ns, Reaching safepoint: 311750 ns, At safepoint: 101532459 ns, Total: 101844209 ns
[2023-07-18T02:14:10.341+0000][1][gc           ] GC(14) Concurrent Mark
[2023-07-18T02:14:10.534+0000][1][safepoint    ] Safepoint "CollectForMetadataAllocation", Time since last: 188173250 ns, Reaching safepoint: 6613625 ns, At safepoint: 125791 ns, Total: 6739416 ns
[2023-07-18T02:14:10.834+0000][1][safepoint    ] Safepoint "CollectForMetadataAllocation", Time since last: 295436708 ns, Reaching safepoint: 4295125 ns, At safepoint: 123333 ns, Total: 4418458 ns
[2023-07-18T02:14:10.976+0000][1][gc           ] GC(14) Concurrent Mark 635.544ms
[2023-07-18T02:14:10.977+0000][1][gc,cpu       ] GC(14) User=0.76s Sys=0.03s Real=0.64s
[2023-07-18T02:14:10.978+0000][1][gc           ] GC(14) Concurrent Preclean
[2023-07-18T02:14:11.005+0000][1][gc           ] GC(14) Concurrent Preclean 27.805ms
[2023-07-18T02:14:11.007+0000][1][gc,cpu       ] GC(14) User=0.03s Sys=0.00s Real=0.03s
[2023-07-18T02:14:11.008+0000][1][gc           ] GC(14) Concurrent Abortable Preclean
[2023-07-18T02:14:11.272+0000][1][safepoint    ] Safepoint "CollectForMetadataAllocation", Time since last: 437053042 ns, Reaching safepoint: 714583 ns, At safepoint: 110875 ns, Total: 825458 ns
[2023-07-18T02:14:11.568+0000][1][safepoint    ] Safepoint "CollectForMetadataAllocation", Time since last: 295378126 ns, Reaching safepoint: 403416 ns, At safepoint: 172334 ns, Total: 575750 ns
[2023-07-18T02:14:11.709+0000][1][safepoint    ] Safepoint "CollectForMetadataAllocation", Time since last: 138871458 ns, Reaching safepoint: 2524458 ns, At safepoint: 202000 ns, Total: 2726458 ns
[2023-07-18T02:14:11.935+0000][1][safepoint    ] Safepoint "RevokeBias", Time since last: 220615167 ns, Reaching safepoint: 4153208 ns, At safepoint: 650709 ns, Total: 4803917 ns
[2023-07-18T02:14:11.953+0000][1][safepoint    ] Safepoint "RevokeBias", Time since last: 17382833 ns, Reaching safepoint: 862750 ns, At safepoint: 210333 ns, Total: 1073083 ns
[2023-07-18T02:14:11.977+0000][1][safepoint    ] Safepoint "RevokeBias", Time since last: 22157584 ns, Reaching safepoint: 1121333 ns, At safepoint: 374459 ns, Total: 1495792 ns
[2023-07-18T02:14:11.981+0000][1][safepoint    ] Safepoint "RevokeBias", Time since last: 771833 ns, Reaching safepoint: 2851750 ns, At safepoint: 265875 ns, Total: 3117625 ns
[2023-07-18T02:14:11.985+0000][1][safepoint    ] Safepoint "RevokeBias", Time since last: 3191833 ns, Reaching safepoint: 784667 ns, At safepoint: 301667 ns, Total: 1086334 ns
[2023-07-18T02:14:11.998+0000][1][safepoint    ] Safepoint "CollectForMetadataAllocation", Time since last: 11710791 ns, Reaching safepoint: 592334 ns, At safepoint: 248041 ns, Total: 840375 ns
[2023-07-18T02:14:12.244+0000][1][safepoint    ] Safepoint "CollectForMetadataAllocation", Time since last: 245018167 ns, Reaching safepoint: 859542 ns, At safepoint: 334166 ns, Total: 1193708 ns
[2023-07-18T02:14:12.495+0000][1][safepoint    ] Safepoint "RevokeBias", Time since last: 250049709 ns, Reaching safepoint: 494000 ns, At safepoint: 326041 ns, Total: 820041 ns
[2023-07-18T02:14:12.503+0000][1][safepoint    ] Safepoint "RevokeBias", Time since last: 7835917 ns, Reaching safepoint: 154375 ns, At safepoint: 215375 ns, Total: 369750 ns
[2023-07-18T02:14:12.512+0000][1][safepoint    ] Safepoint "RevokeBias", Time since last: 6440625 ns, Reaching safepoint: 2385458 ns, At safepoint: 205542 ns, Total: 2591000 ns
[2023-07-18T02:14:12.549+0000][1][safepoint    ] Safepoint "RevokeBias", Time since last: 36958583 ns, Reaching safepoint: 215584 ns, At safepoint: 137916 ns, Total: 353500 ns
[2023-07-18T02:14:12.892+0000][1][safepoint    ] Safepoint "CollectForMetadataAllocation", Time since last: 340736459 ns, Reaching safepoint: 2366375 ns, At safepoint: 187333 ns, Total: 2553708 ns
[2023-07-18T02:14:13.269+0000][1][safepoint    ] Safepoint "CollectForMetadataAllocation", Time since last: 376082875 ns, Reaching safepoint: 376875 ns, At safepoint: 172042 ns, Total: 548917 ns
[2023-07-18T02:14:13.719+0000][1][safepoint    ] Safepoint "CollectForMetadataAllocation", Time since last: 429876584 ns, Reaching safepoint: 19495208 ns, At safepoint: 174083 ns, Total: 19669291 ns
[2023-07-18T02:14:14.705+0000][1][safepoint    ] Safepoint "RevokeBias", Time since last: 986197126 ns, Reaching safepoint: 580708 ns, At safepoint: 74250 ns, Total: 654958 ns
[2023-07-18T02:14:14.716+0000][1][safepoint    ] Safepoint "CollectForMetadataAllocation", Time since last: 7416250 ns, Reaching safepoint: 3263958 ns, At safepoint: 155584 ns, Total: 3419542 ns
[2023-07-18T02:14:14.961+0000][1][safepoint    ] Safepoint "CollectForMetadataAllocation", Time since last: 243477417 ns, Reaching safepoint: 619500 ns, At safepoint: 353500 ns, Total: 973000 ns
[2023-07-18T02:14:15.315+0000][1][safepoint    ] Safepoint "Deoptimize", Time since last: 351142375 ns, Reaching safepoint: 322125 ns, At safepoint: 2364416 ns, Total: 2686541 ns
[2023-07-18T02:14:15.516+0000][1][safepoint    ] Safepoint "CollectForMetadataAllocation", Time since last: 197912667 ns, Reaching safepoint: 3726792 ns, At safepoint: 239583 ns, Total: 3966375 ns
[2023-07-18T02:14:16.031+0000][1][gc           ] GC(14) Concurrent Abortable Preclean 5023.330ms
[2023-07-18T02:14:16.033+0000][1][gc,cpu       ] GC(14) User=6.45s Sys=0.09s Real=5.02s
[2023-07-18T02:14:16.035+0000][1][gc,start     ] GC(14) Pause Remark
[2023-07-18T02:14:16.296+0000][1][gc           ] GC(14) Pause Remark 161M->161M(494M) 260.976ms
[2023-07-18T02:14:16.301+0000][1][gc,cpu       ] GC(14) User=0.30s Sys=0.01s Real=0.27s
[2023-07-18T02:14:16.308+0000][1][safepoint    ] Safepoint "CMS_Final_Remark", Time since last: 517159292 ns, Reaching safepoint: 817000 ns, At safepoint: 273483417 ns, Total: 274300417 ns
[2023-07-18T02:14:16.308+0000][1][gc           ] GC(14) Concurrent Sweep
[2023-07-18T02:14:16.542+0000][1][gc           ] GC(14) Concurrent Sweep 233.271ms
[2023-07-18T02:14:16.549+0000][1][gc,cpu       ] GC(14) User=0.25s Sys=0.00s Real=0.24s
[2023-07-18T02:14:16.556+0000][1][gc           ] GC(14) Concurrent Reset
[2023-07-18T02:14:16.566+0000][1][gc           ] GC(14) Concurrent Reset 9.644ms
[2023-07-18T02:14:16.572+0000][1][gc,cpu       ] GC(14) User=0.02s Sys=0.00s Real=0.01s
[2023-07-18T02:14:16.581+0000][1][gc,heap      ] GC(14) Old: 48391K->48126K(349568K)
[2023-07-18T02:14:16.897+0000][1][safepoint    ] Safepoint "RevokeBias", Time since last: 585856042 ns, Reaching safepoint: 3039500 ns, At safepoint: 94208 ns, Total: 3133708 ns
[2023-07-18T02:14:16.906+0000][1][safepoint    ] Safepoint "RevokeBias", Time since last: 8408917 ns, Reaching safepoint: 129583 ns, At safepoint: 58750 ns, Total: 188333 ns
[2023-07-18T02:14:16.907+0000][1][safepoint    ] Safepoint "RevokeBias", Time since last: 935584 ns, Reaching safepoint: 78750 ns, At safepoint: 637416 ns, Total: 716166 ns
[2023-07-18T02:14:16.909+0000][1][safepoint    ] Safepoint "RevokeBias", Time since last: 1803417 ns, Reaching safepoint: 136000 ns, At safepoint: 44500 ns, Total: 180500 ns
[2023-07-18T02:14:16.914+0000][1][safepoint    ] Safepoint "BulkRevokeBias", Time since last: 3988500 ns, Reaching safepoint: 129458 ns, At safepoint: 497209 ns, Total: 626667 ns
[2023-07-18T02:14:17.920+0000][1][safepoint    ] Safepoint "Cleanup", Time since last: 1000321917 ns, Reaching safepoint: 5635416 ns, At safepoint: 20084 ns, Total: 5655500 ns
[2023-07-18T02:14:18.921+0000][1][safepoint    ] Safepoint "Cleanup", Time since last: 1000428542 ns, Reaching safepoint: 753166 ns, At safepoint: 23417 ns, Total: 776583 ns
[2023-07-18T02:14:19.116+0000][1][gc,start     ] GC(15) Pause Young (Allocation Failure)
[2023-07-18T02:14:19.117+0000][1][gc,task      ] GC(15) Using 4 workers of 4 for evacuation
[2023-07-18T02:14:19.193+0000][1][gc,age       ] GC(15) Desired survivor size 8945664 bytes, new threshold 2 (max threshold 6)
[2023-07-18T02:14:19.194+0000][1][gc,age       ] GC(15) Age table with threshold 2 (max threshold 6)
[2023-07-18T02:14:19.194+0000][1][gc,age       ] GC(15) - age   1:    4802736 bytes,    4802736 total
[2023-07-18T02:14:19.194+0000][1][gc,age       ] GC(15) - age   2:    4625992 bytes,    9428728 total
[2023-07-18T02:14:19.194+0000][1][gc,age       ] GC(15) - age   3:    2938840 bytes,   12367568 total
[2023-07-18T02:14:19.194+0000][1][gc,heap      ] GC(15) ParNew: 149408K->15977K(157248K)
[2023-07-18T02:14:19.194+0000][1][gc,heap      ] GC(15) CMS: 48126K->48126K(349568K)
[2023-07-18T02:14:19.194+0000][1][gc,metaspace ] GC(15) Metaspace: 65282K->65282K(1110016K)
[2023-07-18T02:14:19.195+0000][1][gc           ] GC(15) Pause Young (Allocation Failure) 192M->62M(494M) 78.315ms
[2023-07-18T02:14:19.195+0000][1][gc,cpu       ] GC(15) User=0.15s Sys=0.00s Real=0.07s
[2023-07-18T02:14:19.195+0000][1][safepoint    ] Safepoint "GenCollectForAllocation", Time since last: 194978209 ns, Reaching safepoint: 400458 ns, At safepoint: 78597833 ns, Total: 78998291 ns
[2023-07-18T02:14:19.702+0000][1][safepoint    ] Safepoint "Deoptimize", Time since last: 505136376 ns, Reaching safepoint: 459875 ns, At safepoint: 1095166 ns, Total: 1555041 ns
[2023-07-18T02:14:19.977+0000][1][safepoint    ] Safepoint "RevokeBias", Time since last: 274648250 ns, Reaching safepoint: 261292 ns, At safepoint: 94625 ns, Total: 355917 ns
[2023-07-18T02:14:19.985+0000][1][safepoint    ] Safepoint "RevokeBias", Time since last: 8276875 ns, Reaching safepoint: 89917 ns, At safepoint: 99833 ns, Total: 189750 ns
[2023-07-18T02:14:19.991+0000][1][safepoint    ] Safepoint "RevokeBias", Time since last: 5365083 ns, Reaching safepoint: 87792 ns, At safepoint: 96750 ns, Total: 184542 ns
[2023-07-18T02:14:19.993+0000][1][safepoint    ] Safepoint "RevokeBias", Time since last: 2466500 ns, Reaching safepoint: 243500 ns, At safepoint: 90208 ns, Total: 333708 ns
[2023-07-18T02:14:19.994+0000][1][safepoint    ] Safepoint "RevokeBias", Time since last: 317292 ns, Reaching safepoint: 111208 ns, At safepoint: 83792 ns, Total: 195000 ns
[2023-07-18T02:14:19.996+0000][1][safepoint    ] Safepoint "RevokeBias", Time since last: 2086833 ns, Reaching safepoint: 59084 ns, At safepoint: 86625 ns, Total: 145709 ns
[2023-07-18T02:14:19.998+0000][1][safepoint    ] Safepoint "RevokeBias", Time since last: 1520458 ns, Reaching safepoint: 182333 ns, At safepoint: 85625 ns, Total: 267958 ns
[2023-07-18T02:14:19.998+0000][1][safepoint    ] Safepoint "RevokeBias", Time since last: 308834 ns, Reaching safepoint: 95041 ns, At safepoint: 80084 ns, Total: 175125 ns
[2023-07-18T02:14:20.002+0000][1][safepoint    ] Safepoint "RevokeBias", Time since last: 2889208 ns, Reaching safepoint: 106125 ns, At safepoint: 91125 ns, Total: 197250 ns
[2023-07-18T02:14:20.006+0000][1][safepoint    ] Safepoint "RevokeBias", Time since last: 3721583 ns, Reaching safepoint: 220417 ns, At safepoint: 107375 ns, Total: 327792 ns
[2023-07-18T02:14:20.007+0000][1][safepoint    ] Safepoint "RevokeBias", Time since last: 928583 ns, Reaching safepoint: 121584 ns, At safepoint: 80833 ns, Total: 202417 ns
[2023-07-18T02:14:20.019+0000][1][safepoint    ] Safepoint "Deoptimize", Time since last: 11026667 ns, Reaching safepoint: 320833 ns, At safepoint: 1159333 ns, Total: 1480166 ns
[2023-07-18T02:14:20.504+0000][1][safepoint    ] Safepoint "RevokeBias", Time since last: 484252001 ns, Reaching safepoint: 773833 ns, At safepoint: 128708 ns, Total: 902541 ns
[2023-07-18T02:14:20.505+0000][1][safepoint    ] Safepoint "RevokeBias", Time since last: 393250 ns, Reaching safepoint: 483584 ns, At safepoint: 122958 ns, Total: 606542 ns
[2023-07-18T02:14:20.506+0000][1][safepoint    ] Safepoint "RevokeBias", Time since last: 264750 ns, Reaching safepoint: 238042 ns, At safepoint: 117541 ns, Total: 355583 ns
[2023-07-18T02:14:20.507+0000][1][safepoint    ] Safepoint "RevokeBias", Time since last: 292084 ns, Reaching safepoint: 289625 ns, At safepoint: 125708 ns, Total: 415333 ns
[2023-07-18T02:14:20.508+0000][1][safepoint    ] Safepoint "RevokeBias", Time since last: 470667 ns, Reaching safepoint: 271375 ns, At safepoint: 107166 ns, Total: 378541 ns
[2023-07-18T02:14:20.508+0000][1][safepoint    ] Safepoint "RevokeBias", Time since last: 272125 ns, Reaching safepoint: 198917 ns, At safepoint: 115958 ns, Total: 314875 ns
[2023-07-18T02:14:20.509+0000][1][safepoint    ] Safepoint "RevokeBias", Time since last: 280542 ns, Reaching safepoint: 266542 ns, At safepoint: 103583 ns, Total: 370125 ns
[2023-07-18T02:14:20.509+0000][1][safepoint    ] Safepoint "RevokeBias", Time since last: 231875 ns, Reaching safepoint: 142375 ns, At safepoint: 72417 ns, Total: 214792 ns
[2023-07-18T02:14:20.736+0000][1][safepoint    ] Safepoint "Deoptimize", Time since last: 215138750 ns, Reaching safepoint: 10178833 ns, At safepoint: 1720292 ns, Total: 11899125 ns
[2023-07-18T02:14:21.190+0000][1][safepoint    ] Safepoint "RevokeBias", Time since last: 451608833 ns, Reaching safepoint: 2018542 ns, At safepoint: 138083 ns, Total: 2156625 ns
[2023-07-18T02:14:21.203+0000][1][safepoint    ] Safepoint "RevokeBias", Time since last: 10750417 ns, Reaching safepoint: 1751167 ns, At safepoint: 77333 ns, Total: 1828500 ns
[2023-07-18T02:14:21.205+0000][1][safepoint    ] Safepoint "RevokeBias", Time since last: 2456583 ns, Reaching safepoint: 297084 ns, At safepoint: 50916 ns, Total: 348000 ns
[2023-07-18T02:14:21.207+0000][1][safepoint    ] Safepoint "RevokeBias", Time since last: 802459 ns, Reaching safepoint: 1113750 ns, At safepoint: 86125 ns, Total: 1199875 ns
[2023-07-18T02:14:21.210+0000][1][safepoint    ] Safepoint "RevokeBias", Time since last: 1348875 ns, Reaching safepoint: 760666 ns, At safepoint: 64375 ns, Total: 825041 ns
[2023-07-18T02:14:21.211+0000][1][safepoint    ] Safepoint "RevokeBias", Time since last: 705917 ns, Reaching safepoint: 253208 ns, At safepoint: 54875 ns, Total: 308083 ns
[2023-07-18T02:14:21.220+0000][1][safepoint    ] Safepoint "RevokeBias", Time since last: 9642417 ns, Reaching safepoint: 139750 ns, At safepoint: 68167 ns, Total: 207917 ns
[2023-07-18T02:14:21.221+0000][1][safepoint    ] Safepoint "RevokeBias", Time since last: 524125 ns, Reaching safepoint: 180416 ns, At safepoint: 53750 ns, Total: 234166 ns
[2023-07-18T02:14:21.223+0000][1][safepoint    ] Safepoint "RevokeBias", Time since last: 1632375 ns, Reaching safepoint: 168084 ns, At safepoint: 55583 ns, Total: 223667 ns
[2023-07-18T02:14:21.224+0000][1][safepoint    ] Safepoint "RevokeBias", Time since last: 657875 ns, Reaching safepoint: 153792 ns, At safepoint: 53791 ns, Total: 207583 ns
[2023-07-18T02:14:21.224+0000][1][safepoint    ] Safepoint "RevokeBias", Time since last: 324375 ns, Reaching safepoint: 120417 ns, At safepoint: 47458 ns, Total: 167875 ns
[2023-07-18T02:14:21.226+0000][1][safepoint    ] Safepoint "RevokeBias", Time since last: 1064084 ns, Reaching safepoint: 131416 ns, At safepoint: 51625 ns, Total: 183041 ns
[2023-07-18T02:14:21.228+0000][1][safepoint    ] Safepoint "RevokeBias", Time since last: 2268917 ns, Reaching safepoint: 228875 ns, At safepoint: 60708 ns, Total: 289583 ns
[2023-07-18T02:14:21.229+0000][1][safepoint    ] Safepoint "RevokeBias", Time since last: 467209 ns, Reaching safepoint: 112416 ns, At safepoint: 79792 ns, Total: 192208 ns
[2023-07-18T02:14:21.233+0000][1][safepoint    ] Safepoint "RevokeBias", Time since last: 3580500 ns, Reaching safepoint: 122375 ns, At safepoint: 59250 ns, Total: 181625 ns
[2023-07-18T02:14:21.247+0000][1][safepoint    ] Safepoint "RevokeBias", Time since last: 14301042 ns, Reaching safepoint: 247208 ns, At safepoint: 71500 ns, Total: 318708 ns
[2023-07-18T02:14:21.249+0000][1][safepoint    ] Safepoint "RevokeBias", Time since last: 1237042 ns, Reaching safepoint: 150166 ns, At safepoint: 54584 ns, Total: 204750 ns
[2023-07-18T02:14:21.389+0000][1][safepoint    ] Safepoint "RevokeBias", Time since last: 139566333 ns, Reaching safepoint: 415042 ns, At safepoint: 63666 ns, Total: 478708 ns
[2023-07-18T02:14:21.391+0000][1][safepoint    ] Safepoint "RevokeBias", Time since last: 1964917 ns, Reaching safepoint: 252333 ns, At safepoint: 38125 ns, Total: 290458 ns
[2023-07-18T02:14:21.421+0000][1][safepoint    ] Safepoint "RevokeBias", Time since last: 29845834 ns, Reaching safepoint: 316166 ns, At safepoint: 83709 ns, Total: 399875 ns
[2023-07-18T02:14:21.423+0000][1][safepoint    ] Safepoint "RevokeBias", Time since last: 1070916 ns, Reaching safepoint: 184917 ns, At safepoint: 72250 ns, Total: 257167 ns
[2023-07-18T02:14:21.456+0000][1][safepoint    ] Safepoint "RevokeBias", Time since last: 32828125 ns, Reaching safepoint: 243958 ns, At safepoint: 69334 ns, Total: 313292 ns
[2023-07-18T02:14:21.472+0000][1][safepoint    ] Safepoint "RevokeBias", Time since last: 16066708 ns, Reaching safepoint: 187500 ns, At safepoint: 50667 ns, Total: 238167 ns
[2023-07-18T02:14:21.489+0000][1][safepoint    ] Safepoint "RevokeBias", Time since last: 16485416 ns, Reaching safepoint: 286292 ns, At safepoint: 68667 ns, Total: 354959 ns
[2023-07-18T02:14:21.491+0000][1][safepoint    ] Safepoint "RevokeBias", Time since last: 1438375 ns, Reaching safepoint: 191500 ns, At safepoint: 55791 ns, Total: 247291 ns
[2023-07-18T02:14:21.491+0000][1][safepoint    ] Safepoint "RevokeBias", Time since last: 442917 ns, Reaching safepoint: 167208 ns, At safepoint: 54792 ns, Total: 222000 ns
[2023-07-18T02:14:21.492+0000][1][safepoint    ] Safepoint "RevokeBias", Time since last: 348583 ns, Reaching safepoint: 194792 ns, At safepoint: 74250 ns, Total: 269042 ns
[2023-07-18T02:14:21.558+0000][1][safepoint    ] Safepoint "RevokeBias", Time since last: 65890208 ns, Reaching safepoint: 388042 ns, At safepoint: 60958 ns, Total: 449000 ns
[2023-07-18T02:14:21.568+0000][1][safepoint    ] Safepoint "RevokeBias", Time since last: 9940084 ns, Reaching safepoint: 266666 ns, At safepoint: 56834 ns, Total: 323500 ns
[2023-07-18T02:14:21.569+0000][1][safepoint    ] Safepoint "RevokeBias", Time since last: 579333 ns, Reaching safepoint: 204542 ns, At safepoint: 37416 ns, Total: 241958 ns
[2023-07-18T02:14:21.599+0000][1][safepoint    ] Safepoint "RevokeBias", Time since last: 29386209 ns, Reaching safepoint: 368083 ns, At safepoint: 64250 ns, Total: 432333 ns
[2023-07-18T02:14:21.613+0000][1][safepoint    ] Safepoint "RevokeBias", Time since last: 13407792 ns, Reaching safepoint: 308291 ns, At safepoint: 84709 ns, Total: 393000 ns
[2023-07-18T02:14:21.647+0000][1][safepoint    ] Safepoint "RevokeBias", Time since last: 33425000 ns, Reaching safepoint: 210791 ns, At safepoint: 71959 ns, Total: 282750 ns
[2023-07-18T02:14:21.650+0000][1][safepoint    ] Safepoint "RevokeBias", Time since last: 2633708 ns, Reaching safepoint: 198333 ns, At safepoint: 66459 ns, Total: 264792 ns
[2023-07-18T02:14:21.654+0000][1][safepoint    ] Safepoint "RevokeBias", Time since last: 4245583 ns, Reaching safepoint: 260333 ns, At safepoint: 80167 ns, Total: 340500 ns
[2023-07-18T02:14:21.678+0000][1][safepoint    ] Safepoint "RevokeBias", Time since last: 23060750 ns, Reaching safepoint: 304458 ns, At safepoint: 69084 ns, Total: 373542 ns
[2023-07-18T02:14:21.678+0000][1][safepoint    ] Safepoint "RevokeBias", Time since last: 431458 ns, Reaching safepoint: 138458 ns, At safepoint: 50292 ns, Total: 188750 ns
[2023-07-18T02:14:21.699+0000][1][safepoint    ] Safepoint "RevokeBias", Time since last: 20906292 ns, Reaching safepoint: 261416 ns, At safepoint: 73917 ns, Total: 335333 ns
[2023-07-18T02:14:21.701+0000][1][safepoint    ] Safepoint "RevokeBias", Time since last: 850833 ns, Reaching safepoint: 541375 ns, At safepoint: 111792 ns, Total: 653167 ns
[2023-07-18T02:14:21.729+0000][1][safepoint    ] Safepoint "RevokeBias", Time since last: 28105208 ns, Reaching safepoint: 226209 ns, At safepoint: 72708 ns, Total: 298917 ns
[2023-07-18T02:14:21.787+0000][1][safepoint    ] Safepoint "RevokeBias", Time since last: 57381584 ns, Reaching safepoint: 408125 ns, At safepoint: 73708 ns, Total: 481833 ns
[2023-07-18T02:14:21.789+0000][1][safepoint    ] Safepoint "RevokeBias", Time since last: 1187958 ns, Reaching safepoint: 150625 ns, At safepoint: 56292 ns, Total: 206917 ns
[2023-07-18T02:14:21.790+0000][1][safepoint    ] Safepoint "BulkRevokeBias", Time since last: 981000 ns, Reaching safepoint: 143750 ns, At safepoint: 455583 ns, Total: 599333 ns
[2023-07-18T02:14:22.002+0000][1][safepoint    ] Safepoint "RevokeBias", Time since last: 210425750 ns, Reaching safepoint: 1019250 ns, At safepoint: 79417 ns, Total: 1098667 ns
[2023-07-18T02:14:22.007+0000][1][safepoint    ] Safepoint "RevokeBias", Time since last: 4893125 ns, Reaching safepoint: 224583 ns, At safepoint: 75834 ns, Total: 300417 ns
[2023-07-18T02:14:22.009+0000][1][safepoint    ] Safepoint "RevokeBias", Time since last: 1511916 ns, Reaching safepoint: 269125 ns, At safepoint: 54084 ns, Total: 323209 ns
[2023-07-18T02:14:22.212+0000][1][safepoint    ] Safepoint "RevokeBias", Time since last: 202612833 ns, Reaching safepoint: 524417 ns, At safepoint: 88875 ns, Total: 613292 ns
[2023-07-18T02:14:22.213+0000][1][safepoint    ] Safepoint "RevokeBias", Time since last: 944083 ns, Reaching safepoint: 280667 ns, At safepoint: 63291 ns, Total: 343958 ns
[2023-07-18T02:14:22.214+0000][1][safepoint    ] Safepoint "RevokeBias", Time since last: 795875 ns, Reaching safepoint: 281834 ns, At safepoint: 49541 ns, Total: 331375 ns
[2023-07-18T02:14:22.239+0000][1][safepoint    ] Safepoint "RevokeBias", Time since last: 24137709 ns, Reaching safepoint: 474041 ns, At safepoint: 71667 ns, Total: 545708 ns
[2023-07-18T02:14:22.241+0000][1][safepoint    ] Safepoint "RevokeBias", Time since last: 1694625 ns, Reaching safepoint: 282292 ns, At safepoint: 55625 ns, Total: 337917 ns
[2023-07-18T02:14:22.245+0000][1][safepoint    ] Safepoint "RevokeBias", Time since last: 1983458 ns, Reaching safepoint: 1925333 ns, At safepoint: 54000 ns, Total: 1979333 ns
[2023-07-18T02:14:22.316+0000][1][safepoint    ] Safepoint "RevokeBias", Time since last: 70474417 ns, Reaching safepoint: 442583 ns, At safepoint: 91584 ns, Total: 534167 ns
[2023-07-18T02:14:22.331+0000][1][safepoint    ] Safepoint "RevokeBias", Time since last: 9280458 ns, Reaching safepoint: 5240625 ns, At safepoint: 88208 ns, Total: 5328833 ns
[2023-07-18T02:14:22.338+0000][1][safepoint    ] Safepoint "RevokeBias", Time since last: 6805125 ns, Reaching safepoint: 393084 ns, At safepoint: 98375 ns, Total: 491459 ns
[2023-07-18T02:14:22.353+0000][1][safepoint    ] Safepoint "RevokeBias", Time since last: 1479041 ns, Reaching safepoint: 11886667 ns, At safepoint: 534208 ns, Total: 12420875 ns
[2023-07-18T02:14:22.356+0000][1][safepoint    ] Safepoint "RevokeBias", Time since last: 3904167 ns, Reaching safepoint: 431000 ns, At safepoint: 89792 ns, Total: 520792 ns
[2023-07-18T02:14:22.357+0000][1][safepoint    ] Safepoint "RevokeBias", Time since last: 423750 ns, Reaching safepoint: 461750 ns, At safepoint: 58416 ns, Total: 520166 ns
[2023-07-18T02:14:22.368+0000][1][safepoint    ] Safepoint "RevokeBias", Time since last: 9522917 ns, Reaching safepoint: 1022583 ns, At safepoint: 180959 ns, Total: 1203542 ns
[2023-07-18T02:14:22.373+0000][1][safepoint    ] Safepoint "RevokeBias", Time since last: 4009125 ns, Reaching safepoint: 1187875 ns, At safepoint: 145666 ns, Total: 1333541 ns
[2023-07-18T02:14:22.378+0000][1][safepoint    ] Safepoint "RevokeBias", Time since last: 3910709 ns, Reaching safepoint: 581333 ns, At safepoint: 211333 ns, Total: 792666 ns
[2023-07-18T02:14:22.410+0000][1][safepoint    ] Safepoint "RevokeBias", Time since last: 31176125 ns, Reaching safepoint: 540417 ns, At safepoint: 58667 ns, Total: 599084 ns
[2023-07-18T02:14:22.489+0000][1][safepoint    ] Safepoint "RevokeBias", Time since last: 79171958 ns, Reaching safepoint: 437167 ns, At safepoint: 87000 ns, Total: 524167 ns
[2023-07-18T02:14:22.499+0000][1][safepoint    ] Safepoint "RevokeBias", Time since last: 8823750 ns, Reaching safepoint: 431083 ns, At safepoint: 102417 ns, Total: 533500 ns
[2023-07-18T02:14:23.023+0000][1][safepoint    ] Safepoint "RevokeBias", Time since last: 518394000 ns, Reaching safepoint: 4825750 ns, At safepoint: 852250 ns, Total: 5678000 ns
[2023-07-18T02:14:23.064+0000][1][safepoint    ] Safepoint "RevokeBias", Time since last: 31305708 ns, Reaching safepoint: 10081542 ns, At safepoint: 193375 ns, Total: 10274917 ns
[2023-07-18T02:14:23.076+0000][1][safepoint    ] Safepoint "RevokeBias", Time since last: 10150500 ns, Reaching safepoint: 885042 ns, At safepoint: 272208 ns, Total: 1157250 ns
[2023-07-18T02:14:23.077+0000][1][safepoint    ] Safepoint "RevokeBias", Time since last: 1001333 ns, Reaching safepoint: 308584 ns, At safepoint: 98166 ns, Total: 406750 ns
[2023-07-18T02:14:23.222+0000][1][safepoint    ] Safepoint "RevokeBias", Time since last: 143638709 ns, Reaching safepoint: 869250 ns, At safepoint: 25542 ns, Total: 894792 ns
[2023-07-18T02:14:23.228+0000][1][safepoint    ] Safepoint "RevokeBias", Time since last: 6189625 ns, Reaching safepoint: 418833 ns, At safepoint: 61542 ns, Total: 480375 ns
[2023-07-18T02:14:23.297+0000][1][safepoint    ] Safepoint "RevokeBias", Time since last: 61641791 ns, Reaching safepoint: 5024875 ns, At safepoint: 2062667 ns, Total: 7087542 ns
[2023-07-18T02:14:23.469+0000][1][safepoint    ] Safepoint "RevokeBias", Time since last: 163497500 ns, Reaching safepoint: 8312542 ns, At safepoint: 39083 ns, Total: 8351625 ns
[2023-07-18T02:14:23.564+0000][1][safepoint    ] Safepoint "RevokeBias", Time since last: 93589917 ns, Reaching safepoint: 1432333 ns, At safepoint: 96583 ns, Total: 1528916 ns
[2023-07-18T02:14:23.577+0000][1][safepoint    ] Safepoint "RevokeBias", Time since last: 9519084 ns, Reaching safepoint: 3450500 ns, At safepoint: 177000 ns, Total: 3627500 ns
[2023-07-18T02:14:23.586+0000][1][safepoint    ] Safepoint "RevokeBias", Time since last: 8443541 ns, Reaching safepoint: 678542 ns, At safepoint: 88292 ns, Total: 766834 ns
[2023-07-18T02:14:23.689+0000][1][safepoint    ] Safepoint "RevokeBias", Time since last: 102124916 ns, Reaching safepoint: 521125 ns, At safepoint: 20542 ns, Total: 541667 ns
[2023-07-18T02:14:23.694+0000][1][safepoint    ] Safepoint "RevokeBias", Time since last: 3984708 ns, Reaching safepoint: 439584 ns, At safepoint: 18125 ns, Total: 457709 ns
[2023-07-18T02:14:23.694+0000][1][safepoint    ] Safepoint "RevokeBias", Time since last: 501125 ns, Reaching safepoint: 277791 ns, At safepoint: 11417 ns, Total: 289208 ns
[2023-07-18T02:14:23.699+0000][1][safepoint    ] Safepoint "RevokeBias", Time since last: 4177375 ns, Reaching safepoint: 284708 ns, At safepoint: 27709 ns, Total: 312417 ns
[2023-07-18T02:14:23.713+0000][1][safepoint    ] Safepoint "RevokeBias", Time since last: 14121791 ns, Reaching safepoint: 401250 ns, At safepoint: 21542 ns, Total: 422792 ns
[2023-07-18T02:14:23.730+0000][1][safepoint    ] Safepoint "RevokeBias", Time since last: 15608125 ns, Reaching safepoint: 523167 ns, At safepoint: 19958 ns, Total: 543125 ns
[2023-07-18T02:14:23.760+0000][1][safepoint    ] Safepoint "RevokeBias", Time since last: 29717417 ns, Reaching safepoint: 517291 ns, At safepoint: 18709 ns, Total: 536000 ns
[2023-07-18T02:14:23.761+0000][1][safepoint    ] Safepoint "RevokeBias", Time since last: 687958 ns, Reaching safepoint: 317500 ns, At safepoint: 13875 ns, Total: 331375 ns
[2023-07-18T02:14:24.051+0000][1][safepoint    ] Safepoint "Deoptimize", Time since last: 287674209 ns, Reaching safepoint: 441375 ns, At safepoint: 2220791 ns, Total: 2662166 ns
[2023-07-18T02:14:24.570+0000][1][safepoint    ] Safepoint "RevokeBias", Time since last: 517579292 ns, Reaching safepoint: 1250334 ns, At safepoint: 23541 ns, Total: 1273875 ns
[2023-07-18T02:14:24.573+0000][1][safepoint    ] Safepoint "RevokeBias", Time since last: 2321542 ns, Reaching safepoint: 260125 ns, At safepoint: 19917 ns, Total: 280042 ns
[2023-07-18T02:14:24.677+0000][1][safepoint    ] Safepoint "RevokeBias", Time since last: 103581750 ns, Reaching safepoint: 443916 ns, At safepoint: 28584 ns, Total: 472500 ns
[2023-07-18T02:14:24.682+0000][1][safepoint    ] Safepoint "RevokeBias", Time since last: 4700541 ns, Reaching safepoint: 418959 ns, At safepoint: 23416 ns, Total: 442375 ns
[2023-07-18T02:14:24.683+0000][1][safepoint    ] Safepoint "RevokeBias", Time since last: 648667 ns, Reaching safepoint: 293708 ns, At safepoint: 19000 ns, Total: 312708 ns
[2023-07-18T02:14:24.685+0000][1][safepoint    ] Safepoint "RevokeBias", Time since last: 1508959 ns, Reaching safepoint: 346083 ns, At safepoint: 23208 ns, Total: 369291 ns
[2023-07-18T02:14:24.754+0000][1][safepoint    ] Safepoint "RevokeBias", Time since last: 68919792 ns, Reaching safepoint: 422542 ns, At safepoint: 32375 ns, Total: 454917 ns
[2023-07-18T02:14:24.760+0000][1][safepoint    ] Safepoint "RevokeBias", Time since last: 5661750 ns, Reaching safepoint: 322625 ns, At safepoint: 33625 ns, Total: 356250 ns
[2023-07-18T02:14:24.761+0000][1][safepoint    ] Safepoint "RevokeBias", Time since last: 425708 ns, Reaching safepoint: 287125 ns, At safepoint: 19542 ns, Total: 306667 ns
[2023-07-18T02:14:24.762+0000][1][safepoint    ] Safepoint "RevokeBias", Time since last: 873166 ns, Reaching safepoint: 328167 ns, At safepoint: 19208 ns, Total: 347375 ns
[2023-07-18T02:14:24.803+0000][1][safepoint    ] Safepoint "RevokeBias", Time since last: 40194625 ns, Reaching safepoint: 434625 ns, At safepoint: 31250 ns, Total: 465875 ns
[2023-07-18T02:14:24.884+0000][1][safepoint    ] Safepoint "RevokeBias", Time since last: 79613042 ns, Reaching safepoint: 2010500 ns, At safepoint: 29833 ns, Total: 2040333 ns
[2023-07-18T02:14:24.886+0000][1][safepoint    ] Safepoint "RevokeBias", Time since last: 1636375 ns, Reaching safepoint: 213042 ns, At safepoint: 13000 ns, Total: 226042 ns
[2023-07-18T02:14:24.888+0000][1][safepoint    ] Safepoint "RevokeBias", Time since last: 1791833 ns, Reaching safepoint: 194292 ns, At safepoint: 14167 ns, Total: 208459 ns
[2023-07-18T02:14:24.890+0000][1][safepoint    ] Safepoint "RevokeBias", Time since last: 1991041 ns, Reaching safepoint: 178167 ns, At safepoint: 13042 ns, Total: 191209 ns
[2023-07-18T02:14:24.895+0000][1][safepoint    ] Safepoint "RevokeBias", Time since last: 4659333 ns, Reaching safepoint: 230375 ns, At safepoint: 18875 ns, Total: 249250 ns
[2023-07-18T02:14:24.902+0000][1][safepoint    ] Safepoint "RevokeBias", Time since last: 6714375 ns, Reaching safepoint: 267708 ns, At safepoint: 21417 ns, Total: 289125 ns
[2023-07-18T02:14:24.903+0000][1][safepoint    ] Safepoint "RevokeBias", Time since last: 464500 ns, Reaching safepoint: 308750 ns, At safepoint: 16125 ns, Total: 324875 ns
[2023-07-18T02:14:24.904+0000][1][safepoint    ] Safepoint "RevokeBias", Time since last: 342208 ns, Reaching safepoint: 245625 ns, At safepoint: 14250 ns, Total: 259875 ns
[2023-07-18T02:14:25.008+0000][1][safepoint    ] Safepoint "RevokeBias", Time since last: 104148417 ns, Reaching safepoint: 288083 ns, At safepoint: 24667 ns, Total: 312750 ns
[2023-07-18T02:14:25.033+0000][1][safepoint    ] Safepoint "RevokeBias", Time since last: 24393458 ns, Reaching safepoint: 416750 ns, At safepoint: 27250 ns, Total: 444000 ns
[2023-07-18T02:14:25.111+0000][1][safepoint    ] Safepoint "RevokeBias", Time since last: 77287542 ns, Reaching safepoint: 514292 ns, At safepoint: 29208 ns, Total: 543500 ns
[2023-07-18T02:14:25.112+0000][1][safepoint    ] Safepoint "RevokeBias", Time since last: 999375 ns, Reaching safepoint: 357458 ns, At safepoint: 14125 ns, Total: 371583 ns
[2023-07-18T02:14:25.113+0000][1][safepoint    ] Safepoint "RevokeBias", Time since last: 330500 ns, Reaching safepoint: 275209 ns, At safepoint: 9208 ns, Total: 284417 ns
[2023-07-18T02:14:25.128+0000][1][safepoint    ] Safepoint "RevokeBias", Time since last: 14809000 ns, Reaching safepoint: 448250 ns, At safepoint: 24458 ns, Total: 472708 ns
[2023-07-18T02:14:25.136+0000][1][safepoint    ] Safepoint "RevokeBias", Time since last: 7984834 ns, Reaching safepoint: 356083 ns, At safepoint: 20167 ns, Total: 376250 ns
[2023-07-18T02:14:25.150+0000][1][safepoint    ] Safepoint "RevokeBias", Time since last: 13513375 ns, Reaching safepoint: 312916 ns, At safepoint: 26042 ns, Total: 338958 ns
[2023-07-18T02:14:25.233+0000][1][safepoint    ] Safepoint "RevokeBias", Time since last: 82576083 ns, Reaching safepoint: 529584 ns, At safepoint: 21333 ns, Total: 550917 ns
[2023-07-18T02:14:25.239+0000][1][safepoint    ] Safepoint "RevokeBias", Time since last: 5736000 ns, Reaching safepoint: 223833 ns, At safepoint: 23167 ns, Total: 247000 ns
[2023-07-18T02:14:25.274+0000][1][safepoint    ] Safepoint "RevokeBias", Time since last: 34772209 ns, Reaching safepoint: 328791 ns, At safepoint: 23917 ns, Total: 352708 ns
[2023-07-18T02:14:25.282+0000][1][safepoint    ] Safepoint "RevokeBias", Time since last: 6219208 ns, Reaching safepoint: 1133792 ns, At safepoint: 23333 ns, Total: 1157125 ns
[2023-07-18T02:14:25.284+0000][1][safepoint    ] Safepoint "RevokeBias", Time since last: 1905792 ns, Reaching safepoint: 252458 ns, At safepoint: 18334 ns, Total: 270792 ns
[2023-07-18T02:14:25.798+0000][1][safepoint    ] Safepoint "RevokeBias", Time since last: 512873083 ns, Reaching safepoint: 611333 ns, At safepoint: 24209 ns, Total: 635542 ns
[2023-07-18T02:14:25.803+0000][1][safepoint    ] Safepoint "RevokeBias", Time since last: 4852375 ns, Reaching safepoint: 490416 ns, At safepoint: 28959 ns, Total: 519375 ns
[2023-07-18T02:14:25.843+0000][1][safepoint    ] Safepoint "RevokeBias", Time since last: 39986375 ns, Reaching safepoint: 241500 ns, At safepoint: 27666 ns, Total: 269166 ns
[2023-07-18T02:14:26.036+0000][1][safepoint    ] Safepoint "RevokeBias", Time since last: 192046501 ns, Reaching safepoint: 739250 ns, At safepoint: 25500 ns, Total: 764750 ns
[2023-07-18T02:14:26.047+0000][1][safepoint    ] Safepoint "BulkRevokeBias", Time since last: 8931083 ns, Reaching safepoint: 272875 ns, At safepoint: 1445708 ns, Total: 1718583 ns
[2023-07-18T02:14:26.053+0000][1][safepoint    ] Safepoint "RevokeBias", Time since last: 6288375 ns, Reaching safepoint: 315084 ns, At safepoint: 28208 ns, Total: 343292 ns
[2023-07-18T02:14:26.059+0000][1][safepoint    ] Safepoint "RevokeBias", Time since last: 5646250 ns, Reaching safepoint: 289375 ns, At safepoint: 37792 ns, Total: 327167 ns
[2023-07-18T02:14:26.325+0000][1][safepoint    ] Safepoint "RevokeBias", Time since last: 265269250 ns, Reaching safepoint: 433500 ns, At safepoint: 20500 ns, Total: 454000 ns
[2023-07-18T02:14:26.335+0000][1][safepoint    ] Safepoint "BulkRevokeBias", Time since last: 4186458 ns, Reaching safepoint: 4280792 ns, At safepoint: 1184541 ns, Total: 5465333 ns
[2023-07-18T02:14:26.352+0000][1][safepoint    ] Safepoint "RevokeBias", Time since last: 17115042 ns, Reaching safepoint: 376208 ns, At safepoint: 23292 ns, Total: 399500 ns
[2023-07-18T02:14:26.933+0000][1][safepoint    ] Safepoint "RevokeBias", Time since last: 562944125 ns, Reaching safepoint: 17861667 ns, At safepoint: 67625 ns, Total: 17929292 ns
[2023-07-18T02:14:26.938+0000][1][safepoint    ] Safepoint "RevokeBias", Time since last: 1181833 ns, Reaching safepoint: 3552834 ns, At safepoint: 142000 ns, Total: 3694834 ns
[2023-07-18T02:14:27.265+0000][1][safepoint    ] Safepoint "RevokeBias", Time since last: 326945708 ns, Reaching safepoint: 554125 ns, At safepoint: 78833 ns, Total: 632958 ns
[2023-07-18T02:14:27.731+0000][1][safepoint    ] Safepoint "RevokeBias", Time since last: 448445417 ns, Reaching safepoint: 16680750 ns, At safepoint: 170500 ns, Total: 16851250 ns
[2023-07-18T02:14:27.768+0000][1][gc,start     ] GC(16) Pause Young (Allocation Failure)
[2023-07-18T02:14:27.770+0000][1][gc,task      ] GC(16) Using 4 workers of 4 for evacuation
[2023-07-18T02:14:28.031+0000][1][gc,age       ] GC(16) Desired survivor size 8945664 bytes, new threshold 2 (max threshold 6)
[2023-07-18T02:14:28.035+0000][1][gc,age       ] GC(16) Age table with threshold 2 (max threshold 6)
[2023-07-18T02:14:28.036+0000][1][gc,age       ] GC(16) - age   1:    4420312 bytes,    4420312 total
[2023-07-18T02:14:28.046+0000][1][gc,age       ] GC(16) - age   2:    4629096 bytes,    9049408 total
[2023-07-18T02:14:28.047+0000][1][gc,heap      ] GC(16) ParNew: 155753K->13320K(157248K)
[2023-07-18T02:14:28.047+0000][1][gc,heap      ] GC(16) CMS: 48126K->55606K(349568K)
[2023-07-18T02:14:28.048+0000][1][gc,metaspace ] GC(16) Metaspace: 76101K->76101K(1120256K)
[2023-07-18T02:14:28.049+0000][1][gc           ] GC(16) Pause Young (Allocation Failure) 199M->67M(494M) 281.576ms
[2023-07-18T02:14:28.057+0000][1][gc,cpu       ] GC(16) User=0.28s Sys=0.01s Real=0.29s
[2023-07-18T02:14:28.058+0000][1][safepoint    ] Safepoint "GenCollectForAllocation", Time since last: 33824209 ns, Reaching safepoint: 2400750 ns, At safepoint: 290710083 ns, Total: 293110833 ns
[2023-07-18T02:14:28.176+0000][1][safepoint    ] Safepoint "RevokeBias", Time since last: 8256375 ns, Reaching safepoint: 63945625 ns, At safepoint: 46181875 ns, Total: 110127500 ns
[2023-07-18T02:14:28.178+0000][1][safepoint    ] Safepoint "RevokeBias", Time since last: 918125 ns, Reaching safepoint: 1066834 ns, At safepoint: 328125 ns, Total: 1394959 ns
[2023-07-18T02:14:28.224+0000][1][safepoint    ] Safepoint "RevokeBias", Time since last: 44075333 ns, Reaching safepoint: 1374458 ns, At safepoint: 155042 ns, Total: 1529500 ns
[2023-07-18T02:14:29.182+0000][1][safepoint    ] Safepoint "RevokeBias", Time since last: 953544125 ns, Reaching safepoint: 4229334 ns, At safepoint: 37000 ns, Total: 4266334 ns
[2023-07-18T02:14:29.192+0000][1][safepoint    ] Safepoint "RevokeBias", Time since last: 9196375 ns, Reaching safepoint: 1269166 ns, At safepoint: 170875 ns, Total: 1440041 ns
[2023-07-18T02:14:29.562+0000][1][safepoint    ] Safepoint "Deoptimize", Time since last: 365787417 ns, Reaching safepoint: 1708250 ns, At safepoint: 1958667 ns, Total: 3666917 ns
[2023-07-18T02:14:29.799+0000][1][safepoint    ] Safepoint "RevokeBias", Time since last: 231060208 ns, Reaching safepoint: 5730500 ns, At safepoint: 51000 ns, Total: 5781500 ns
[2023-07-18T02:14:30.007+0000][1][safepoint    ] Safepoint "RevokeBias", Time since last: 206842334 ns, Reaching safepoint: 1216666 ns, At safepoint: 55500 ns, Total: 1272166 ns
[2023-07-18T02:14:30.023+0000][1][safepoint    ] Safepoint "RevokeBias", Time since last: 15094625 ns, Reaching safepoint: 908417 ns, At safepoint: 54042 ns, Total: 962459 ns
[2023-07-18T02:14:30.124+0000][1][safepoint    ] Safepoint "RevokeBias", Time since last: 94400000 ns, Reaching safepoint: 3011333 ns, At safepoint: 3652375 ns, Total: 6663708 ns
[2023-07-18T02:14:30.215+0000][1][safepoint    ] Safepoint "BulkRevokeBias", Time since last: 86939834 ns, Reaching safepoint: 2559125 ns, At safepoint: 1082750 ns, Total: 3641875 ns
[2023-07-18T02:14:30.223+0000][1][safepoint    ] Safepoint "RevokeBias", Time since last: 7371500 ns, Reaching safepoint: 746375 ns, At safepoint: 119208 ns, Total: 865583 ns
[2023-07-18T02:14:30.251+0000][1][safepoint    ] Safepoint "RevokeBias", Time since last: 19155667 ns, Reaching safepoint: 8947625 ns, At safepoint: 135958 ns, Total: 9083583 ns
[2023-07-18T02:14:30.260+0000][1][safepoint    ] Safepoint "RevokeBias", Time since last: 3235042 ns, Reaching safepoint: 5283083 ns, At safepoint: 108125 ns, Total: 5391208 ns
[2023-07-18T02:14:30.262+0000][1][safepoint    ] Safepoint "RevokeBias", Time since last: 375083 ns, Reaching safepoint: 2339792 ns, At safepoint: 79417 ns, Total: 2419209 ns
[2023-07-18T02:14:30.270+0000][1][safepoint    ] Safepoint "RevokeBias", Time since last: 1257875 ns, Reaching safepoint: 6685333 ns, At safepoint: 85458 ns, Total: 6770791 ns
[2023-07-18T02:14:30.275+0000][1][safepoint    ] Safepoint "RevokeBias", Time since last: 3889667 ns, Reaching safepoint: 468125 ns, At safepoint: 76500 ns, Total: 544625 ns
[2023-07-18T02:14:30.329+0000][1][safepoint    ] Safepoint "RevokeBias", Time since last: 52629375 ns, Reaching safepoint: 921042 ns, At safepoint: 112958 ns, Total: 1034000 ns
[2023-07-18T02:14:30.344+0000][1][safepoint    ] Safepoint "RevokeBias", Time since last: 15120333 ns, Reaching safepoint: 632459 ns, At safepoint: 111083 ns, Total: 743542 ns
[2023-07-18T02:14:30.362+0000][1][safepoint    ] Safepoint "RevokeBias", Time since last: 11178458 ns, Reaching safepoint: 6669542 ns, At safepoint: 95792 ns, Total: 6765334 ns
[2023-07-18T02:14:30.395+0000][1][safepoint    ] Safepoint "RevokeBias", Time since last: 31526333 ns, Reaching safepoint: 584792 ns, At safepoint: 199916 ns, Total: 784708 ns
[2023-07-18T02:14:30.396+0000][1][safepoint    ] Safepoint "RevokeBias", Time since last: 523542 ns, Reaching safepoint: 599042 ns, At safepoint: 110208 ns, Total: 709250 ns
[2023-07-18T02:14:30.408+0000][1][safepoint    ] Safepoint "RevokeBias", Time since last: 11869500 ns, Reaching safepoint: 396542 ns, At safepoint: 109916 ns, Total: 506458 ns
[2023-07-18T02:14:30.417+0000][1][safepoint    ] Safepoint "RevokeBias", Time since last: 8614042 ns, Reaching safepoint: 258833 ns, At safepoint: 64917 ns, Total: 323750 ns
[2023-07-18T02:14:31.191+0000][1][safepoint    ] Safepoint "RevokeBias", Time since last: 772850917 ns, Reaching safepoint: 400375 ns, At safepoint: 58125 ns, Total: 458500 ns
[2023-07-18T02:14:31.196+0000][1][safepoint    ] Safepoint "RevokeBias", Time since last: 5504750 ns, Reaching safepoint: 325708 ns, At safepoint: 52000 ns, Total: 377708 ns
[2023-07-18T02:14:31.199+0000][1][safepoint    ] Safepoint "RevokeBias", Time since last: 2100084 ns, Reaching safepoint: 182666 ns, At safepoint: 53000 ns, Total: 235666 ns
[2023-07-18T02:14:31.200+0000][1][safepoint    ] Safepoint "RevokeBias", Time since last: 605167 ns, Reaching safepoint: 296542 ns, At safepoint: 54416 ns, Total: 350958 ns
[2023-07-18T02:14:31.275+0000][1][safepoint    ] Safepoint "RevokeBias", Time since last: 74998000 ns, Reaching safepoint: 265709 ns, At safepoint: 54666 ns, Total: 320375 ns
[2023-07-18T02:14:31.276+0000][1][safepoint    ] Safepoint "RevokeBias", Time since last: 391625 ns, Reaching safepoint: 124875 ns, At safepoint: 32125 ns, Total: 157000 ns
[2023-07-18T02:14:31.276+0000][1][safepoint    ] Safepoint "RevokeBias", Time since last: 189250 ns, Reaching safepoint: 134209 ns, At safepoint: 30041 ns, Total: 164250 ns
[2023-07-18T02:14:31.276+0000][1][safepoint    ] Safepoint "RevokeBias", Time since last: 172875 ns, Reaching safepoint: 117459 ns, At safepoint: 29041 ns, Total: 146500 ns
[2023-07-18T02:14:31.277+0000][1][safepoint    ] Safepoint "RevokeBias", Time since last: 162042 ns, Reaching safepoint: 117583 ns, At safepoint: 28625 ns, Total: 146208 ns
[2023-07-18T02:14:32.277+0000][1][safepoint    ] Safepoint "Cleanup", Time since last: 1000349418 ns, Reaching safepoint: 430958 ns, At safepoint: 20458 ns, Total: 451416 ns
[2023-07-18T02:14:33.233+0000][1][safepoint    ] Safepoint "RevokeBias", Time since last: 955719126 ns, Reaching safepoint: 274166 ns, At safepoint: 64250 ns, Total: 338416 ns
[2023-07-18T02:14:33.234+0000][1][safepoint    ] Safepoint "RevokeBias", Time since last: 429125 ns, Reaching safepoint: 292167 ns, At safepoint: 54708 ns, Total: 346875 ns
[2023-07-18T02:14:33.235+0000][1][safepoint    ] Safepoint "RevokeBias", Time since last: 345875 ns, Reaching safepoint: 216834 ns, At safepoint: 44250 ns, Total: 261084 ns
[2023-07-18T02:14:33.235+0000][1][safepoint    ] Safepoint "RevokeBias", Time since last: 226000 ns, Reaching safepoint: 235875 ns, At safepoint: 42958 ns, Total: 278833 ns
[2023-07-18T02:14:34.236+0000][1][safepoint    ] Safepoint "Cleanup", Time since last: 1000265500 ns, Reaching safepoint: 260584 ns, At safepoint: 16583 ns, Total: 277167 ns
[2023-07-18T02:14:35.237+0000][1][safepoint    ] Safepoint "Cleanup", Time since last: 1000509001 ns, Reaching safepoint: 265666 ns, At safepoint: 16000 ns, Total: 281666 ns
[2023-07-18T02:14:36.237+0000][1][safepoint    ] Safepoint "Cleanup", Time since last: 1000444876 ns, Reaching safepoint: 331750 ns, At safepoint: 17708 ns, Total: 349458 ns
[2023-07-18T02:14:37.238+0000][1][safepoint    ] Safepoint "Cleanup", Time since last: 1000399501 ns, Reaching safepoint: 325708 ns, At safepoint: 14917 ns, Total: 340625 ns
[2023-07-18T02:14:38.239+0000][1][safepoint    ] Safepoint "Cleanup", Time since last: 1000571958 ns, Reaching safepoint: 419750 ns, At safepoint: 19417 ns, Total: 439167 ns
[2023-07-18T02:14:39.240+0000][1][safepoint    ] Safepoint "Cleanup", Time since last: 1000428459 ns, Reaching safepoint: 316083 ns, At safepoint: 15292 ns, Total: 331375 ns
[2023-07-18T02:14:40.241+0000][1][safepoint    ] Safepoint "Cleanup", Time since last: 1000449834 ns, Reaching safepoint: 351541 ns, At safepoint: 14375 ns, Total: 365916 ns
[2023-07-18T02:14:41.243+0000][1][safepoint    ] Safepoint "Cleanup", Time since last: 1002577208 ns, Reaching safepoint: 331625 ns, At safepoint: 19250 ns, Total: 350875 ns
[2023-07-18T02:14:42.244+0000][1][safepoint    ] Safepoint "Cleanup", Time since last: 1000442543 ns, Reaching safepoint: 343333 ns, At safepoint: 16083 ns, Total: 359416 ns
[2023-07-18T02:14:43.245+0000][1][safepoint    ] Safepoint "Cleanup", Time since last: 1000853751 ns, Reaching safepoint: 389000 ns, At safepoint: 23250 ns, Total: 412250 ns
[2023-07-18T02:14:44.246+0000][1][safepoint    ] Safepoint "Cleanup", Time since last: 1000379542 ns, Reaching safepoint: 331125 ns, At safepoint: 13000 ns, Total: 344125 ns
[2023-07-18T02:14:45.247+0000][1][safepoint    ] Safepoint "Cleanup", Time since last: 1000518875 ns, Reaching safepoint: 350209 ns, At safepoint: 36041 ns, Total: 386250 ns
[2023-07-18T02:14:46.248+0000][1][safepoint    ] Safepoint "Cleanup", Time since last: 1000413668 ns, Reaching safepoint: 434500 ns, At safepoint: 14125 ns, Total: 448625 ns
[2023-07-18T02:14:47.249+0000][1][safepoint    ] Safepoint "Cleanup", Time since last: 1000481750 ns, Reaching safepoint: 363250 ns, At safepoint: 11750 ns, Total: 375000 ns
[2023-07-18T02:14:48.250+0000][1][safepoint    ] Safepoint "Cleanup", Time since last: 1000566834 ns, Reaching safepoint: 372000 ns, At safepoint: 20125 ns, Total: 392125 ns
[2023-07-18T02:14:49.250+0000][1][safepoint    ] Safepoint "Cleanup", Time since last: 1000433209 ns, Reaching safepoint: 332000 ns, At safepoint: 13250 ns, Total: 345250 ns
[2023-07-18T02:14:50.251+0000][1][safepoint    ] Safepoint "Cleanup", Time since last: 1000400250 ns, Reaching safepoint: 384208 ns, At safepoint: 12000 ns, Total: 396208 ns
[2023-07-18T02:14:51.252+0000][1][safepoint    ] Safepoint "Cleanup", Time since last: 1000663876 ns, Reaching safepoint: 324500 ns, At safepoint: 17542 ns, Total: 342042 ns
[2023-07-18T02:14:52.253+0000][1][safepoint    ] Safepoint "Cleanup", Time since last: 1000422875 ns, Reaching safepoint: 454917 ns, At safepoint: 17666 ns, Total: 472583 ns
[2023-07-18T02:14:53.254+0000][1][safepoint    ] Safepoint "Cleanup", Time since last: 1000432918 ns, Reaching safepoint: 432083 ns, At safepoint: 17042 ns, Total: 449125 ns
[2023-07-18T02:14:54.255+0000][1][safepoint    ] Safepoint "Cleanup", Time since last: 1000416042 ns, Reaching safepoint: 355500 ns, At safepoint: 19000 ns, Total: 374500 ns
[2023-07-18T02:14:55.256+0000][1][safepoint    ] Safepoint "Cleanup", Time since last: 1000421583 ns, Reaching safepoint: 439292 ns, At safepoint: 31000 ns, Total: 470292 ns
[2023-07-18T02:14:55.895+0000][1][safepoint    ] Safepoint "RevokeBias", Time since last: 638179500 ns, Reaching safepoint: 974959 ns, At safepoint: 93166 ns, Total: 1068125 ns
[2023-07-18T02:14:55.908+0000][1][safepoint    ] Safepoint "RevokeBias", Time since last: 9286459 ns, Reaching safepoint: 3547250 ns, At safepoint: 88083 ns, Total: 3635333 ns
[2023-07-18T02:14:55.916+0000][1][safepoint    ] Safepoint "RevokeBias", Time since last: 4620125 ns, Reaching safepoint: 3302375 ns, At safepoint: 142250 ns, Total: 3444625 ns
[2023-07-18T02:14:55.980+0000][1][safepoint    ] Safepoint "RevokeBias", Time since last: 61812709 ns, Reaching safepoint: 1982291 ns, At safepoint: 57542 ns, Total: 2039833 ns
[2023-07-18T02:14:56.263+0000][1][safepoint    ] Safepoint "RevokeBias", Time since last: 283088417 ns, Reaching safepoint: 366666 ns, At safepoint: 75500 ns, Total: 442166 ns
[2023-07-18T02:14:56.264+0000][1][safepoint    ] Safepoint "RevokeBias", Time since last: 467209 ns, Reaching safepoint: 241583 ns, At safepoint: 96250 ns, Total: 337833 ns
[2023-07-18T02:14:56.265+0000][1][safepoint    ] Safepoint "RevokeBias", Time since last: 308542 ns, Reaching safepoint: 239541 ns, At safepoint: 52959 ns, Total: 292500 ns
[2023-07-18T02:14:56.856+0000][1][safepoint    ] Safepoint "RevokeBias", Time since last: 590842375 ns, Reaching safepoint: 397417 ns, At safepoint: 60750 ns, Total: 458167 ns
[2023-07-18T02:14:56.857+0000][1][safepoint    ] Safepoint "RevokeBias", Time since last: 359666 ns, Reaching safepoint: 397167 ns, At safepoint: 40167 ns, Total: 437334 ns
[2023-07-18T02:14:56.857+0000][1][safepoint    ] Safepoint "RevokeBias", Time since last: 186500 ns, Reaching safepoint: 337875 ns, At safepoint: 126916 ns, Total: 464791 ns
[2023-07-18T02:14:56.858+0000][1][safepoint    ] Safepoint "RevokeBias", Time since last: 210834 ns, Reaching safepoint: 434500 ns, At safepoint: 50708 ns, Total: 485208 ns
[2023-07-18T02:14:57.006+0000][1][safepoint    ] Safepoint "RevokeBias", Time since last: 147616958 ns, Reaching safepoint: 384875 ns, At safepoint: 57917 ns, Total: 442792 ns
[2023-07-18T02:14:57.007+0000][1][safepoint    ] Safepoint "RevokeBias", Time since last: 337000 ns, Reaching safepoint: 341750 ns, At safepoint: 41250 ns, Total: 383000 ns
[2023-07-18T02:14:57.008+0000][1][safepoint    ] Safepoint "RevokeBias", Time since last: 923625 ns, Reaching safepoint: 413083 ns, At safepoint: 87042 ns, Total: 500125 ns
[2023-07-18T02:14:57.010+0000][1][safepoint    ] Safepoint "RevokeBias", Time since last: 800250 ns, Reaching safepoint: 855125 ns, At safepoint: 71500 ns, Total: 926625 ns
[2023-07-18T02:14:58.011+0000][1][safepoint    ] Safepoint "Cleanup", Time since last: 1000488792 ns, Reaching safepoint: 397333 ns, At safepoint: 12167 ns, Total: 409500 ns
[2023-07-18T02:14:59.012+0000][1][safepoint    ] Safepoint "Cleanup", Time since last: 1000724167 ns, Reaching safepoint: 369125 ns, At safepoint: 12959 ns, Total: 382084 ns
[2023-07-18T02:15:00.013+0000][1][safepoint    ] Safepoint "Cleanup", Time since last: 1000385167 ns, Reaching safepoint: 394083 ns, At safepoint: 10833 ns, Total: 404916 ns
[2023-07-18T02:15:01.014+0000][1][safepoint    ] Safepoint "Cleanup", Time since last: 1000686209 ns, Reaching safepoint: 409167 ns, At safepoint: 10583 ns, Total: 419750 ns
[2023-07-18T02:15:02.015+0000][1][safepoint    ] Safepoint "Cleanup", Time since last: 1000425584 ns, Reaching safepoint: 367583 ns, At safepoint: 11000 ns, Total: 378583 ns
[2023-07-18T02:15:03.016+0000][1][safepoint    ] Safepoint "Cleanup", Time since last: 1000423959 ns, Reaching safepoint: 404584 ns, At safepoint: 32791 ns, Total: 437375 ns
[2023-07-18T02:15:04.016+0000][1][safepoint    ] Safepoint "Cleanup", Time since last: 1000461876 ns, Reaching safepoint: 349958 ns, At safepoint: 13208 ns, Total: 363166 ns
[2023-07-18T02:15:05.017+0000][1][safepoint    ] Safepoint "Cleanup", Time since last: 1000608209 ns, Reaching safepoint: 340250 ns, At safepoint: 15667 ns, Total: 355917 ns
[2023-07-18T02:15:06.018+0000][1][safepoint    ] Safepoint "Cleanup", Time since last: 1000586750 ns, Reaching safepoint: 324959 ns, At safepoint: 14666 ns, Total: 339625 ns
[2023-07-18T02:15:07.019+0000][1][safepoint    ] Safepoint "Cleanup", Time since last: 1000736084 ns, Reaching safepoint: 333208 ns, At safepoint: 26459 ns, Total: 359667 ns
[2023-07-18T02:15:08.020+0000][1][safepoint    ] Safepoint "Cleanup", Time since last: 1000465084 ns, Reaching safepoint: 382833 ns, At safepoint: 17667 ns, Total: 400500 ns
[2023-07-18T02:15:09.022+0000][1][safepoint    ] Safepoint "Cleanup", Time since last: 1001134542 ns, Reaching safepoint: 407500 ns, At safepoint: 17458 ns, Total: 424958 ns
[2023-07-18T02:15:10.023+0000][1][safepoint    ] Safepoint "Cleanup", Time since last: 1000346501 ns, Reaching safepoint: 349541 ns, At safepoint: 13542 ns, Total: 363083 ns
[2023-07-18T02:15:11.023+0000][1][safepoint    ] Safepoint "Cleanup", Time since last: 1000598208 ns, Reaching safepoint: 507375 ns, At safepoint: 22000 ns, Total: 529375 ns
[2023-07-18T02:15:12.025+0000][1][safepoint    ] Safepoint "Cleanup", Time since last: 1000487875 ns, Reaching safepoint: 639834 ns, At safepoint: 17833 ns, Total: 657667 ns
[2023-07-18T02:15:13.026+0000][1][safepoint    ] Safepoint "Cleanup", Time since last: 1000635000 ns, Reaching safepoint: 436375 ns, At safepoint: 16709 ns, Total: 453084 ns
[2023-07-18T02:15:14.027+0000][1][safepoint    ] Safepoint "Cleanup", Time since last: 1000365042 ns, Reaching safepoint: 502750 ns, At safepoint: 16291 ns, Total: 519041 ns
[2023-07-18T02:15:15.027+0000][1][safepoint    ] Safepoint "Cleanup", Time since last: 1000440043 ns, Reaching safepoint: 473416 ns, At safepoint: 17750 ns, Total: 491166 ns
[2023-07-18T02:15:16.129+0000][1][safepoint    ] Safepoint "Cleanup", Time since last: 1100780792 ns, Reaching safepoint: 479875 ns, At safepoint: 20709 ns, Total: 500584 ns
[2023-07-18T02:15:17.130+0000][1][safepoint    ] Safepoint "Cleanup", Time since last: 1001140209 ns, Reaching safepoint: 475916 ns, At safepoint: 17792 ns, Total: 493708 ns
[2023-07-18T02:15:18.131+0000][1][safepoint    ] Safepoint "Cleanup", Time since last: 1000415625 ns, Reaching safepoint: 467917 ns, At safepoint: 18125 ns, Total: 486042 ns
[2023-07-18T02:15:19.135+0000][1][safepoint    ] Safepoint "Cleanup", Time since last: 1000425376 ns, Reaching safepoint: 3768666 ns, At safepoint: 24917 ns, Total: 3793583 ns
[2023-07-18T02:15:19.142+0000][1][safepoint    ] Safepoint "RevokeBias", Time since last: 6042417 ns, Reaching safepoint: 243750 ns, At safepoint: 27250 ns, Total: 271000 ns
[2023-07-18T02:15:19.183+0000][1][safepoint    ] Safepoint "RevokeBias", Time since last: 40129541 ns, Reaching safepoint: 485084 ns, At safepoint: 136916 ns, Total: 622000 ns
[2023-07-18T02:15:19.185+0000][1][safepoint    ] Safepoint "RevokeBias", Time since last: 1898125 ns, Reaching safepoint: 601875 ns, At safepoint: 206084 ns, Total: 807959 ns
[2023-07-18T02:15:19.186+0000][1][safepoint    ] Safepoint "RevokeBias", Time since last: 431833 ns, Reaching safepoint: 380500 ns, At safepoint: 86042 ns, Total: 466542 ns
[2023-07-18T02:15:19.188+0000][1][safepoint    ] Safepoint "RevokeBias", Time since last: 1703041 ns, Reaching safepoint: 404292 ns, At safepoint: 51667 ns, Total: 455959 ns
[2023-07-18T02:15:19.192+0000][1][safepoint    ] Safepoint "RevokeBias", Time since last: 3400833 ns, Reaching safepoint: 290000 ns, At safepoint: 20917 ns, Total: 310917 ns
[2023-07-18T02:15:19.204+0000][1][safepoint    ] Safepoint "RevokeBias", Time since last: 10951166 ns, Reaching safepoint: 623167 ns, At safepoint: 177500 ns, Total: 800667 ns
[2023-07-18T02:15:19.210+0000][1][safepoint    ] Safepoint "RevokeBias", Time since last: 5252625 ns, Reaching safepoint: 410375 ns, At safepoint: 265333 ns, Total: 675708 ns
[2023-07-18T02:15:19.215+0000][1][safepoint    ] Safepoint "RevokeBias", Time since last: 4184542 ns, Reaching safepoint: 873083 ns, At safepoint: 285167 ns, Total: 1158250 ns
[2023-07-18T02:15:19.220+0000][1][safepoint    ] Safepoint "RevokeBias", Time since last: 4509083 ns, Reaching safepoint: 396000 ns, At safepoint: 24750 ns, Total: 420750 ns
[2023-07-18T02:15:19.228+0000][1][safepoint    ] Safepoint "RevokeBias", Time since last: 7335959 ns, Reaching safepoint: 406041 ns, At safepoint: 26667 ns, Total: 432708 ns
[2023-07-18T02:15:19.240+0000][1][safepoint    ] Safepoint "RevokeBias", Time since last: 12120875 ns, Reaching safepoint: 376125 ns, At safepoint: 138417 ns, Total: 514542 ns
[2023-07-18T02:15:19.241+0000][1][safepoint    ] Safepoint "RevokeBias", Time since last: 385541 ns, Reaching safepoint: 247042 ns, At safepoint: 91958 ns, Total: 339000 ns
[2023-07-18T02:15:19.248+0000][1][safepoint    ] Safepoint "RevokeBias", Time since last: 6745917 ns, Reaching safepoint: 484333 ns, At safepoint: 91000 ns, Total: 575333 ns
[2023-07-18T02:15:19.249+0000][1][safepoint    ] Safepoint "RevokeBias", Time since last: 345292 ns, Reaching safepoint: 236333 ns, At safepoint: 67209 ns, Total: 303542 ns
[2023-07-18T02:15:19.251+0000][1][safepoint    ] Safepoint "RevokeBias", Time since last: 1877291 ns, Reaching safepoint: 388875 ns, At safepoint: 125584 ns, Total: 514459 ns
[2023-07-18T02:15:19.271+0000][1][safepoint    ] Safepoint "RevokeBias", Time since last: 18713750 ns, Reaching safepoint: 620291 ns, At safepoint: 127709 ns, Total: 748000 ns
[2023-07-18T02:15:19.316+0000][1][safepoint    ] Safepoint "RevokeBias", Time since last: 44389833 ns, Reaching safepoint: 623333 ns, At safepoint: 162375 ns, Total: 785708 ns
[2023-07-18T02:15:19.318+0000][1][safepoint    ] Safepoint "RevokeBias", Time since last: 984084 ns, Reaching safepoint: 557375 ns, At safepoint: 151208 ns, Total: 708583 ns
[2023-07-18T02:15:19.320+0000][1][safepoint    ] Safepoint "RevokeBias", Time since last: 1567708 ns, Reaching safepoint: 636084 ns, At safepoint: 192625 ns, Total: 828709 ns
[2023-07-18T02:15:19.322+0000][1][safepoint    ] Safepoint "RevokeBias", Time since last: 1603666 ns, Reaching safepoint: 514625 ns, At safepoint: 154084 ns, Total: 668709 ns
[2023-07-18T02:15:19.374+0000][1][safepoint    ] Safepoint "Deoptimize", Time since last: 49083000 ns, Reaching safepoint: 487458 ns, At safepoint: 1518958 ns, Total: 2006416 ns
[2023-07-18T02:15:19.385+0000][1][safepoint    ] Safepoint "RevokeBias", Time since last: 11071000 ns, Reaching safepoint: 441917 ns, At safepoint: 165292 ns, Total: 607209 ns
[2023-07-18T02:15:19.387+0000][1][safepoint    ] Safepoint "RevokeBias", Time since last: 949041 ns, Reaching safepoint: 261750 ns, At safepoint: 93250 ns, Total: 355000 ns
[2023-07-18T02:15:19.397+0000][1][safepoint    ] Safepoint "RevokeBias", Time since last: 10098084 ns, Reaching safepoint: 421458 ns, At safepoint: 159667 ns, Total: 581125 ns
[2023-07-18T02:15:19.427+0000][1][safepoint    ] Safepoint "RevokeBias", Time since last: 29207083 ns, Reaching safepoint: 290833 ns, At safepoint: 54209 ns, Total: 345042 ns
[2023-07-18T02:15:19.431+0000][1][safepoint    ] Safepoint "RevokeBias", Time since last: 3688458 ns, Reaching safepoint: 343917 ns, At safepoint: 50791 ns, Total: 394708 ns
[2023-07-18T02:15:20.433+0000][1][safepoint    ] Safepoint "Cleanup", Time since last: 1001753834 ns, Reaching safepoint: 705584 ns, At safepoint: 24041 ns, Total: 729625 ns
[2023-07-18T02:15:21.435+0000][1][safepoint    ] Safepoint "Cleanup", Time since last: 1000859626 ns, Reaching safepoint: 607916 ns, At safepoint: 22167 ns, Total: 630083 ns
[2023-07-18T02:15:22.436+0000][1][safepoint    ] Safepoint "Cleanup", Time since last: 1000667625 ns, Reaching safepoint: 525209 ns, At safepoint: 12208 ns, Total: 537417 ns
[2023-07-18T02:15:22.475+0000][1][safepoint    ] Safepoint "RevokeBias", Time since last: 38731792 ns, Reaching safepoint: 614417 ns, At safepoint: 122916 ns, Total: 737333 ns
[2023-07-18T02:15:22.478+0000][1][safepoint    ] Safepoint "RevokeBias", Time since last: 2582834 ns, Reaching safepoint: 219541 ns, At safepoint: 90625 ns, Total: 310166 ns
[2023-07-18T02:15:22.479+0000][1][safepoint    ] Safepoint "RevokeBias", Time since last: 377500 ns, Reaching safepoint: 476875 ns, At safepoint: 109292 ns, Total: 586167 ns
[2023-07-18T02:15:22.480+0000][1][safepoint    ] Safepoint "RevokeBias", Time since last: 419125 ns, Reaching safepoint: 372417 ns, At safepoint: 252041 ns, Total: 624458 ns
[2023-07-18T02:15:23.052+0000][1][safepoint    ] Safepoint "RevokeBias", Time since last: 570424167 ns, Reaching safepoint: 649875 ns, At safepoint: 124208 ns, Total: 774083 ns
[2023-07-18T02:15:23.052+0000][1][safepoint    ] Safepoint "RevokeBias", Time since last: 449459 ns, Reaching safepoint: 341500 ns, At safepoint: 122375 ns, Total: 463875 ns
[2023-07-18T02:15:23.110+0000][1][safepoint    ] Safepoint "RevokeBias", Time since last: 56908625 ns, Reaching safepoint: 442333 ns, At safepoint: 25708 ns, Total: 468041 ns
[2023-07-18T02:15:23.112+0000][1][safepoint    ] Safepoint "RevokeBias", Time since last: 1997417 ns, Reaching safepoint: 250458 ns, At safepoint: 46375 ns, Total: 296833 ns
[2023-07-18T02:15:23.113+0000][1][safepoint    ] Safepoint "RevokeBias", Time since last: 467792 ns, Reaching safepoint: 341542 ns, At safepoint: 43916 ns, Total: 385458 ns
[2023-07-18T02:15:23.171+0000][1][safepoint    ] Safepoint "RevokeBias", Time since last: 57805792 ns, Reaching safepoint: 453542 ns, At safepoint: 25042 ns, Total: 478584 ns
[2023-07-18T02:15:23.701+0000][1][safepoint    ] Safepoint "RevokeBias", Time since last: 529440500 ns, Reaching safepoint: 465333 ns, At safepoint: 58750 ns, Total: 524083 ns
[2023-07-18T02:15:23.702+0000][1][safepoint    ] Safepoint "RevokeBias", Time since last: 298208 ns, Reaching safepoint: 250667 ns, At safepoint: 41792 ns, Total: 292459 ns
[2023-07-18T02:15:23.711+0000][1][safepoint    ] Safepoint "RevokeBias", Time since last: 8278041 ns, Reaching safepoint: 281375 ns, At safepoint: 83375 ns, Total: 364750 ns
[2023-07-18T02:15:23.720+0000][1][safepoint    ] Safepoint "RevokeBias", Time since last: 8707917 ns, Reaching safepoint: 660667 ns, At safepoint: 62666 ns, Total: 723333 ns
[2023-07-18T02:15:23.724+0000][1][safepoint    ] Safepoint "RevokeBias", Time since last: 3496959 ns, Reaching safepoint: 662250 ns, At safepoint: 71708 ns, Total: 733958 ns
[2023-07-18T02:15:23.748+0000][1][safepoint    ] Safepoint "Deoptimize", Time since last: 21471667 ns, Reaching safepoint: 600333 ns, At safepoint: 2150542 ns, Total: 2750875 ns
[2023-07-18T02:15:23.909+0000][1][safepoint    ] Safepoint "RevokeBias", Time since last: 159480083 ns, Reaching safepoint: 985625 ns, At safepoint: 209917 ns, Total: 1195542 ns
[2023-07-18T02:15:23.911+0000][1][safepoint    ] Safepoint "RevokeBias", Time since last: 1164458 ns, Reaching safepoint: 386834 ns, At safepoint: 111833 ns, Total: 498667 ns
[2023-07-18T02:15:23.970+0000][1][safepoint    ] Safepoint "RevokeBias", Time since last: 58201792 ns, Reaching safepoint: 859791 ns, At safepoint: 307250 ns, Total: 1167041 ns
[2023-07-18T02:15:24.002+0000][1][safepoint    ] Safepoint "RevokeBias", Time since last: 31192667 ns, Reaching safepoint: 463875 ns, At safepoint: 70250 ns, Total: 534125 ns
[2023-07-18T02:15:24.005+0000][1][safepoint    ] Safepoint "RevokeBias", Time since last: 3022208 ns, Reaching safepoint: 445667 ns, At safepoint: 55083 ns, Total: 500750 ns
[2023-07-18T02:15:24.007+0000][1][safepoint    ] Safepoint "RevokeBias", Time since last: 1206584 ns, Reaching safepoint: 317125 ns, At safepoint: 128125 ns, Total: 445250 ns
[2023-07-18T02:15:24.008+0000][1][safepoint    ] Safepoint "RevokeBias", Time since last: 618791 ns, Reaching safepoint: 313542 ns, At safepoint: 94167 ns, Total: 407709 ns
[2023-07-18T02:15:24.009+0000][1][safepoint    ] Safepoint "RevokeBias", Time since last: 374375 ns, Reaching safepoint: 292958 ns, At safepoint: 55833 ns, Total: 348791 ns
[2023-07-18T02:15:24.100+0000][1][safepoint    ] Safepoint "RevokeBias", Time since last: 90394125 ns, Reaching safepoint: 845750 ns, At safepoint: 24209 ns, Total: 869959 ns
[2023-07-18T02:15:24.180+0000][1][safepoint    ] Safepoint "RevokeBias", Time since last: 79119250 ns, Reaching safepoint: 701208 ns, At safepoint: 179458 ns, Total: 880666 ns
[2023-07-18T02:15:24.285+0000][1][safepoint    ] Safepoint "RevokeBias", Time since last: 103936209 ns, Reaching safepoint: 800958 ns, At safepoint: 142542 ns, Total: 943500 ns
[2023-07-18T02:15:24.297+0000][1][safepoint    ] Safepoint "RevokeBias", Time since last: 10338291 ns, Reaching safepoint: 1861917 ns, At safepoint: 122667 ns, Total: 1984584 ns
[2023-07-18T02:15:24.301+0000][1][safepoint    ] Safepoint "RevokeBias", Time since last: 3082458 ns, Reaching safepoint: 454917 ns, At safepoint: 108208 ns, Total: 563125 ns
[2023-07-18T02:15:24.311+0000][1][safepoint    ] Safepoint "BulkRevokeBias", Time since last: 8085042 ns, Reaching safepoint: 735583 ns, At safepoint: 1044042 ns, Total: 1779625 ns
[2023-07-18T02:15:24.314+0000][1][safepoint    ] Safepoint "RevokeBias", Time since last: 3124833 ns, Reaching safepoint: 525458 ns, At safepoint: 85417 ns, Total: 610875 ns
[2023-07-18T02:15:24.317+0000][1][safepoint    ] Safepoint "RevokeBias", Time since last: 1978750 ns, Reaching safepoint: 611792 ns, At safepoint: 107833 ns, Total: 719625 ns
[2023-07-18T02:15:24.319+0000][1][safepoint    ] Safepoint "RevokeBias", Time since last: 1253500 ns, Reaching safepoint: 538458 ns, At safepoint: 77875 ns, Total: 616333 ns
[2023-07-18T02:15:24.333+0000][1][safepoint    ] Safepoint "RevokeBias", Time since last: 13765042 ns, Reaching safepoint: 470500 ns, At safepoint: 66208 ns, Total: 536708 ns
[2023-07-18T02:15:24.334+0000][1][safepoint    ] Safepoint "RevokeBias", Time since last: 805459 ns, Reaching safepoint: 209166 ns, At safepoint: 50375 ns, Total: 259541 ns
[2023-07-18T02:15:25.336+0000][1][safepoint    ] Safepoint "Cleanup", Time since last: 1001632459 ns, Reaching safepoint: 438500 ns, At safepoint: 16417 ns, Total: 454917 ns
[2023-07-18T02:15:26.339+0000][1][safepoint    ] Safepoint "Cleanup", Time since last: 1001605417 ns, Reaching safepoint: 579125 ns, At safepoint: 16292 ns, Total: 595417 ns
[2023-07-18T02:15:27.340+0000][1][safepoint    ] Safepoint "Cleanup", Time since last: 1000382292 ns, Reaching safepoint: 468000 ns, At safepoint: 27250 ns, Total: 495250 ns
[2023-07-18T02:15:28.340+0000][1][safepoint    ] Safepoint "Cleanup", Time since last: 1000272875 ns, Reaching safepoint: 606667 ns, At safepoint: 12833 ns, Total: 619500 ns
[2023-07-18T02:15:29.341+0000][1][safepoint    ] Safepoint "Cleanup", Time since last: 1000418251 ns, Reaching safepoint: 455291 ns, At safepoint: 16750 ns, Total: 472041 ns
[2023-07-18T02:15:31.344+0000][1][safepoint    ] Safepoint "Cleanup", Time since last: 2001938751 ns, Reaching safepoint: 404959 ns, At safepoint: 14083 ns, Total: 419042 ns
[2023-07-18T02:15:32.346+0000][1][safepoint    ] Safepoint "Cleanup", Time since last: 1001354292 ns, Reaching safepoint: 622542 ns, At safepoint: 29958 ns, Total: 652500 ns
[2023-07-18T02:15:33.789+0000][1][safepoint    ] Safepoint "RevokeBias", Time since last: 1422276876 ns, Reaching safepoint: 13037708 ns, At safepoint: 6347084 ns, Total: 19384792 ns
[2023-07-18T02:15:34.104+0000][1][safepoint    ] Safepoint "RevokeBias", Time since last: 314892125 ns, Reaching safepoint: 818958 ns, At safepoint: 824583 ns, Total: 1643541 ns
[2023-07-18T02:15:34.122+0000][1][safepoint    ] Safepoint "RevokeBias", Time since last: 17264125 ns, Reaching safepoint: 647292 ns, At safepoint: 88500 ns, Total: 735792 ns
[2023-07-18T02:15:34.178+0000][1][safepoint    ] Safepoint "RevokeBias", Time since last: 55761375 ns, Reaching safepoint: 521000 ns, At safepoint: 65375 ns, Total: 586375 ns
[2023-07-18T02:15:34.179+0000][1][safepoint    ] Safepoint "RevokeBias", Time since last: 635500 ns, Reaching safepoint: 318250 ns, At safepoint: 40750 ns, Total: 359000 ns
[2023-07-18T02:15:34.181+0000][1][safepoint    ] Safepoint "RevokeBias", Time since last: 1255333 ns, Reaching safepoint: 518917 ns, At safepoint: 99542 ns, Total: 618459 ns
[2023-07-18T02:15:34.182+0000][1][safepoint    ] Safepoint "RevokeBias", Time since last: 600125 ns, Reaching safepoint: 612166 ns, At safepoint: 61834 ns, Total: 674000 ns
[2023-07-18T02:15:34.191+0000][1][safepoint    ] Safepoint "RevokeBias", Time since last: 7769583 ns, Reaching safepoint: 410083 ns, At safepoint: 53542 ns, Total: 463625 ns
[2023-07-18T02:15:34.191+0000][1][safepoint    ] Safepoint "RevokeBias", Time since last: 380542 ns, Reaching safepoint: 219041 ns, At safepoint: 40250 ns, Total: 259291 ns
[2023-07-18T02:15:34.192+0000][1][safepoint    ] Safepoint "RevokeBias", Time since last: 847334 ns, Reaching safepoint: 188541 ns, At safepoint: 40542 ns, Total: 229083 ns
[2023-07-18T02:15:34.193+0000][1][safepoint    ] Safepoint "RevokeBias", Time since last: 318250 ns, Reaching safepoint: 180500 ns, At safepoint: 33042 ns, Total: 213542 ns
[2023-07-18T02:15:34.194+0000][1][safepoint    ] Safepoint "RevokeBias", Time since last: 873000 ns, Reaching safepoint: 591208 ns, At safepoint: 43208 ns, Total: 634416 ns
[2023-07-18T02:15:34.195+0000][1][safepoint    ] Safepoint "RevokeBias", Time since last: 254000 ns, Reaching safepoint: 282042 ns, At safepoint: 40708 ns, Total: 322750 ns
[2023-07-18T02:15:34.196+0000][1][safepoint    ] Safepoint "RevokeBias", Time since last: 229959 ns, Reaching safepoint: 305500 ns, At safepoint: 38083 ns, Total: 343583 ns
[2023-07-18T02:15:34.196+0000][1][safepoint    ] Safepoint "RevokeBias", Time since last: 277375 ns, Reaching safepoint: 301125 ns, At safepoint: 38333 ns, Total: 339458 ns
[2023-07-18T02:15:34.197+0000][1][safepoint    ] Safepoint "RevokeBias", Time since last: 277750 ns, Reaching safepoint: 279334 ns, At safepoint: 38750 ns, Total: 318084 ns
[2023-07-18T02:15:34.198+0000][1][safepoint    ] Safepoint "RevokeBias", Time since last: 774833 ns, Reaching safepoint: 265500 ns, At safepoint: 44917 ns, Total: 310417 ns
[2023-07-18T02:15:34.199+0000][1][safepoint    ] Safepoint "RevokeBias", Time since last: 529208 ns, Reaching safepoint: 440375 ns, At safepoint: 49250 ns, Total: 489625 ns
[2023-07-18T02:15:34.200+0000][1][safepoint    ] Safepoint "RevokeBias", Time since last: 411875 ns, Reaching safepoint: 330583 ns, At safepoint: 41417 ns, Total: 372000 ns
[2023-07-18T02:15:34.200+0000][1][safepoint    ] Safepoint "RevokeBias", Time since last: 317167 ns, Reaching safepoint: 313458 ns, At safepoint: 35875 ns, Total: 349333 ns
[2023-07-18T02:15:34.203+0000][1][safepoint    ] Safepoint "RevokeBias", Time since last: 1730500 ns, Reaching safepoint: 400250 ns, At safepoint: 66083 ns, Total: 466333 ns
[2023-07-18T02:15:34.203+0000][1][safepoint    ] Safepoint "RevokeBias", Time since last: 357334 ns, Reaching safepoint: 192416 ns, At safepoint: 38792 ns, Total: 231208 ns
[2023-07-18T02:15:34.204+0000][1][safepoint    ] Safepoint "RevokeBias", Time since last: 242250 ns, Reaching safepoint: 377292 ns, At safepoint: 49666 ns, Total: 426958 ns
[2023-07-18T02:15:34.209+0000][1][safepoint    ] Safepoint "RevokeBias", Time since last: 2937584 ns, Reaching safepoint: 2651000 ns, At safepoint: 74541 ns, Total: 2725541 ns
[2023-07-18T02:15:34.210+0000][1][safepoint    ] Safepoint "RevokeBias", Time since last: 383292 ns, Reaching safepoint: 361750 ns, At safepoint: 48708 ns, Total: 410458 ns
[2023-07-18T02:15:34.212+0000][1][safepoint    ] Safepoint "RevokeBias", Time since last: 1156000 ns, Reaching safepoint: 252459 ns, At safepoint: 58125 ns, Total: 310584 ns
[2023-07-18T02:15:34.215+0000][1][safepoint    ] Safepoint "RevokeBias", Time since last: 2753833 ns, Reaching safepoint: 322875 ns, At safepoint: 106958 ns, Total: 429833 ns
[2023-07-18T02:15:34.216+0000][1][safepoint    ] Safepoint "RevokeBias", Time since last: 1019625 ns, Reaching safepoint: 357167 ns, At safepoint: 58667 ns, Total: 415834 ns
[2023-07-18T02:15:34.217+0000][1][safepoint    ] Safepoint "RevokeBias", Time since last: 280958 ns, Reaching safepoint: 286792 ns, At safepoint: 48625 ns, Total: 335417 ns
[2023-07-18T02:15:34.217+0000][1][safepoint    ] Safepoint "RevokeBias", Time since last: 271916 ns, Reaching safepoint: 193459 ns, At safepoint: 39500 ns, Total: 232959 ns
[2023-07-18T02:15:34.218+0000][1][safepoint    ] Safepoint "RevokeBias", Time since last: 331375 ns, Reaching safepoint: 192666 ns, At safepoint: 39834 ns, Total: 232500 ns
[2023-07-18T02:15:34.219+0000][1][safepoint    ] Safepoint "RevokeBias", Time since last: 344583 ns, Reaching safepoint: 190583 ns, At safepoint: 34084 ns, Total: 224667 ns
[2023-07-18T02:15:34.219+0000][1][safepoint    ] Safepoint "RevokeBias", Time since last: 328000 ns, Reaching safepoint: 190875 ns, At safepoint: 54000 ns, Total: 244875 ns
[2023-07-18T02:15:34.220+0000][1][safepoint    ] Safepoint "RevokeBias", Time since last: 201750 ns, Reaching safepoint: 189958 ns, At safepoint: 31750 ns, Total: 221708 ns
[2023-07-18T02:15:34.220+0000][1][safepoint    ] Safepoint "RevokeBias", Time since last: 241500 ns, Reaching safepoint: 184833 ns, At safepoint: 30584 ns, Total: 215417 ns
[2023-07-18T02:15:34.220+0000][1][safepoint    ] Safepoint "RevokeBias", Time since last: 231541 ns, Reaching safepoint: 189375 ns, At safepoint: 36167 ns, Total: 225542 ns
[2023-07-18T02:15:34.222+0000][1][safepoint    ] Safepoint "RevokeBias", Time since last: 980417 ns, Reaching safepoint: 240416 ns, At safepoint: 42334 ns, Total: 282750 ns
[2023-07-18T02:15:34.222+0000][1][safepoint    ] Safepoint "RevokeBias", Time since last: 179791 ns, Reaching safepoint: 384625 ns, At safepoint: 39167 ns, Total: 423792 ns
[2023-07-18T02:15:34.223+0000][1][safepoint    ] Safepoint "RevokeBias", Time since last: 517458 ns, Reaching safepoint: 329917 ns, At safepoint: 52583 ns, Total: 382500 ns
[2023-07-18T02:15:34.230+0000][1][safepoint    ] Safepoint "BulkRevokeBias", Time since last: 4405167 ns, Reaching safepoint: 365833 ns, At safepoint: 2394334 ns, Total: 2760167 ns
[2023-07-18T02:15:34.770+0000][1][safepoint    ] Safepoint "RevokeBias", Time since last: 539486042 ns, Reaching safepoint: 482416 ns, At safepoint: 66417 ns, Total: 548833 ns
[2023-07-18T02:15:37.770+0000][1][safepoint    ] Safepoint "RevokeBias", Time since last: 2998232585 ns, Reaching safepoint: 870291 ns, At safepoint: 70084 ns, Total: 940375 ns
[2023-07-18T02:15:37.881+0000][1][safepoint    ] Safepoint "RevokeBias", Time since last: 109707667 ns, Reaching safepoint: 1276416 ns, At safepoint: 75084 ns, Total: 1351500 ns
[2023-07-18T02:15:37.911+0000][1][safepoint    ] Safepoint "RevokeBias", Time since last: 28733125 ns, Reaching safepoint: 1087083 ns, At safepoint: 71625 ns, Total: 1158708 ns
[2023-07-18T02:15:37.912+0000][1][safepoint    ] Safepoint "RevokeBias", Time since last: 567167 ns, Reaching safepoint: 703750 ns, At safepoint: 48083 ns, Total: 751833 ns
[2023-07-18T02:15:38.045+0000][1][safepoint    ] Safepoint "RevokeBias", Time since last: 128050292 ns, Reaching safepoint: 4828125 ns, At safepoint: 100958 ns, Total: 4929083 ns
[2023-07-18T02:15:38.048+0000][1][safepoint    ] Safepoint "RevokeBias", Time since last: 631292 ns, Reaching safepoint: 2594833 ns, At safepoint: 146708 ns, Total: 2741541 ns
[2023-07-18T02:15:38.069+0000][1][safepoint    ] Safepoint "RevokeBias", Time since last: 16740167 ns, Reaching safepoint: 3815208 ns, At safepoint: 97000 ns, Total: 3912208 ns
[2023-07-18T02:15:38.075+0000][1][safepoint    ] Safepoint "RevokeBias", Time since last: 2989625 ns, Reaching safepoint: 2818792 ns, At safepoint: 73625 ns, Total: 2892417 ns
[2023-07-18T02:15:38.087+0000][1][safepoint    ] Safepoint "RevokeBias", Time since last: 9565708 ns, Reaching safepoint: 3051125 ns, At safepoint: 81917 ns, Total: 3133042 ns
[2023-07-18T02:15:38.102+0000][1][safepoint    ] Safepoint "RevokeBias", Time since last: 10400125 ns, Reaching safepoint: 4137417 ns, At safepoint: 86791 ns, Total: 4224208 ns
[2023-07-18T02:15:38.182+0000][1][safepoint    ] Safepoint "RevokeBias", Time since last: 77937917 ns, Reaching safepoint: 2200917 ns, At safepoint: 263750 ns, Total: 2464667 ns
[2023-07-18T02:15:38.188+0000][1][safepoint    ] Safepoint "RevokeBias", Time since last: 4124041 ns, Reaching safepoint: 1741125 ns, At safepoint: 103542 ns, Total: 1844667 ns
[2023-07-18T02:15:38.222+0000][1][safepoint    ] Safepoint "RevokeBias", Time since last: 32389042 ns, Reaching safepoint: 1069916 ns, At safepoint: 78792 ns, Total: 1148708 ns
[2023-07-18T02:15:38.228+0000][1][safepoint    ] Safepoint "RevokeBias", Time since last: 4741333 ns, Reaching safepoint: 841667 ns, At safepoint: 64542 ns, Total: 906209 ns
[2023-07-18T02:15:38.239+0000][1][safepoint    ] Safepoint "RevokeBias", Time since last: 9795041 ns, Reaching safepoint: 1033000 ns, At safepoint: 86709 ns, Total: 1119709 ns
[2023-07-18T02:15:38.244+0000][1][safepoint    ] Safepoint "RevokeBias", Time since last: 3777875 ns, Reaching safepoint: 1125000 ns, At safepoint: 137000 ns, Total: 1262000 ns
[2023-07-18T02:15:38.252+0000][1][safepoint    ] Safepoint "RevokeBias", Time since last: 7158750 ns, Reaching safepoint: 704583 ns, At safepoint: 85083 ns, Total: 789666 ns
[2023-07-18T02:15:38.272+0000][1][safepoint    ] Safepoint "RevokeBias", Time since last: 17773000 ns, Reaching safepoint: 2833667 ns, At safepoint: 95458 ns, Total: 2929125 ns
[2023-07-18T02:15:38.307+0000][1][safepoint    ] Safepoint "RevokeBias", Time since last: 33692084 ns, Reaching safepoint: 1060708 ns, At safepoint: 90667 ns, Total: 1151375 ns
[2023-07-18T02:15:38.315+0000][1][safepoint    ] Safepoint "RevokeBias", Time since last: 6769458 ns, Reaching safepoint: 675500 ns, At safepoint: 81167 ns, Total: 756667 ns
[2023-07-18T02:15:39.316+0000][1][safepoint    ] Safepoint "Cleanup", Time since last: 1000429667 ns, Reaching safepoint: 904583 ns, At safepoint: 35084 ns, Total: 939667 ns
[2023-07-18T02:15:40.156+0000][1][safepoint    ] Safepoint "RevokeBias", Time since last: 837172875 ns, Reaching safepoint: 2862375 ns, At safepoint: 120375 ns, Total: 2982750 ns
[2023-07-18T02:15:40.214+0000][1][safepoint    ] Safepoint "RevokeBias", Time since last: 55643292 ns, Reaching safepoint: 2272458 ns, At safepoint: 180583 ns, Total: 2453041 ns
[2023-07-18T02:15:40.224+0000][1][safepoint    ] Safepoint "RevokeBias", Time since last: 6322417 ns, Reaching safepoint: 3213958 ns, At safepoint: 101125 ns, Total: 3315083 ns
[2023-07-18T02:15:40.232+0000][1][safepoint    ] Safepoint "RevokeBias", Time since last: 916709 ns, Reaching safepoint: 6843375 ns, At safepoint: 120875 ns, Total: 6964250 ns
[2023-07-18T02:15:40.239+0000][1][safepoint    ] Safepoint "RevokeBias", Time since last: 5737541 ns, Reaching safepoint: 939917 ns, At safepoint: 91292 ns, Total: 1031209 ns
[2023-07-18T02:15:40.268+0000][1][safepoint    ] Safepoint "RevokeBias", Time since last: 20295666 ns, Reaching safepoint: 8972834 ns, At safepoint: 55041 ns, Total: 9027875 ns
[2023-07-18T02:15:40.302+0000][1][safepoint    ] Safepoint "RevokeBias", Time since last: 30062625 ns, Reaching safepoint: 4266625 ns, At safepoint: 217042 ns, Total: 4483667 ns
[2023-07-18T02:15:40.405+0000][1][safepoint    ] Safepoint "RevokeBias", Time since last: 89056333 ns, Reaching safepoint: 13902209 ns, At safepoint: 108375 ns, Total: 14010584 ns
[2023-07-18T02:15:40.413+0000][1][safepoint    ] Safepoint "RevokeBias", Time since last: 6371500 ns, Reaching safepoint: 1123666 ns, At safepoint: 256250 ns, Total: 1379916 ns
[2023-07-18T02:15:40.445+0000][1][safepoint    ] Safepoint "RevokeBias", Time since last: 29737625 ns, Reaching safepoint: 1087292 ns, At safepoint: 534417 ns, Total: 1621709 ns
[2023-07-18T02:15:40.552+0000][1][safepoint    ] Safepoint "RevokeBias", Time since last: 102717791 ns, Reaching safepoint: 4097709 ns, At safepoint: 221375 ns, Total: 4319084 ns
[2023-07-18T02:15:40.663+0000][1][safepoint    ] Safepoint "RevokeBias", Time since last: 108612333 ns, Reaching safepoint: 2905250 ns, At safepoint: 56708 ns, Total: 2961958 ns
[2023-07-18T02:15:40.678+0000][1][safepoint    ] Safepoint "RevokeBias", Time since last: 8842917 ns, Reaching safepoint: 6293542 ns, At safepoint: 58833 ns, Total: 6352375 ns
[2023-07-18T02:15:40.756+0000][1][safepoint    ] Safepoint "RevokeBias", Time since last: 61799167 ns, Reaching safepoint: 7601416 ns, At safepoint: 8818042 ns, Total: 16419458 ns
[2023-07-18T02:15:40.805+0000][1][safepoint    ] Safepoint "RevokeBias", Time since last: 47034083 ns, Reaching safepoint: 1798459 ns, At safepoint: 96916 ns, Total: 1895375 ns
[2023-07-18T02:15:40.821+0000][1][safepoint    ] Safepoint "RevokeBias", Time since last: 11959417 ns, Reaching safepoint: 4215458 ns, At safepoint: 92334 ns, Total: 4307792 ns
[2023-07-18T02:15:40.897+0000][1][safepoint    ] Safepoint "RevokeBias", Time since last: 72700458 ns, Reaching safepoint: 2842458 ns, At safepoint: 150500 ns, Total: 2992958 ns
[2023-07-18T02:15:40.920+0000][1][safepoint    ] Safepoint "RevokeBias", Time since last: 21041292 ns, Reaching safepoint: 1530583 ns, At safepoint: 103417 ns, Total: 1634000 ns
[2023-07-18T02:15:40.935+0000][1][safepoint    ] Safepoint "BulkRevokeBias", Time since last: 12502792 ns, Reaching safepoint: 907083 ns, At safepoint: 1850792 ns, Total: 2757875 ns
[2023-07-18T02:15:40.975+0000][1][safepoint    ] Safepoint "RevokeBias", Time since last: 34177750 ns, Reaching safepoint: 5263375 ns, At safepoint: 325083 ns, Total: 5588458 ns
[2023-07-18T02:15:40.981+0000][1][safepoint    ] Safepoint "RevokeBias", Time since last: 2272625 ns, Reaching safepoint: 570083 ns, At safepoint: 3802459 ns, Total: 4372542 ns
[2023-07-18T02:15:41.049+0000][1][safepoint    ] Safepoint "RevokeBias", Time since last: 66387000 ns, Reaching safepoint: 864833 ns, At safepoint: 113833 ns, Total: 978666 ns
[2023-07-18T02:15:41.077+0000][1][safepoint    ] Safepoint "RevokeBias", Time since last: 27148584 ns, Reaching safepoint: 982166 ns, At safepoint: 34667 ns, Total: 1016833 ns
[2023-07-18T02:15:41.092+0000][1][safepoint    ] Safepoint "RevokeBias", Time since last: 13994375 ns, Reaching safepoint: 725000 ns, At safepoint: 46917 ns, Total: 771917 ns
[2023-07-18T02:15:41.093+0000][1][safepoint    ] Safepoint "RevokeBias", Time since last: 701125 ns, Reaching safepoint: 458375 ns, At safepoint: 22583 ns, Total: 480958 ns
[2023-07-18T02:15:41.144+0000][1][safepoint    ] Safepoint "RevokeBias", Time since last: 49973708 ns, Reaching safepoint: 979500 ns, At safepoint: 78584 ns, Total: 1058084 ns
[2023-07-18T02:15:41.145+0000][1][safepoint    ] Safepoint "RevokeBias", Time since last: 461166 ns, Reaching safepoint: 958125 ns, At safepoint: 93667 ns, Total: 1051792 ns
[2023-07-18T02:15:41.181+0000][1][safepoint    ] Safepoint "RevokeBias", Time since last: 34228833 ns, Reaching safepoint: 963459 ns, At safepoint: 103958 ns, Total: 1067417 ns
[2023-07-18T02:15:41.185+0000][1][safepoint    ] Safepoint "RevokeBias", Time since last: 2030583 ns, Reaching safepoint: 1562625 ns, At safepoint: 175834 ns, Total: 1738459 ns
[2023-07-18T02:15:41.760+0000][1][safepoint    ] Safepoint "RevokeBias", Time since last: 574304750 ns, Reaching safepoint: 1046625 ns, At safepoint: 111167 ns, Total: 1157792 ns
[2023-07-18T02:15:41.761+0000][1][safepoint    ] Safepoint "RevokeBias", Time since last: 450875 ns, Reaching safepoint: 487000 ns, At safepoint: 68166 ns, Total: 555166 ns
[2023-07-18T02:15:41.795+0000][1][safepoint    ] Safepoint "RevokeBias", Time since last: 33636250 ns, Reaching safepoint: 679375 ns, At safepoint: 37167 ns, Total: 716542 ns
[2023-07-18T02:15:41.807+0000][1][safepoint    ] Safepoint "RevokeBias", Time since last: 10861250 ns, Reaching safepoint: 513458 ns, At safepoint: 72459 ns, Total: 585917 ns
[2023-07-18T02:15:41.820+0000][1][safepoint    ] Safepoint "RevokeBias", Time since last: 12970833 ns, Reaching safepoint: 483292 ns, At safepoint: 78333 ns, Total: 561625 ns
[2023-07-18T02:15:41.835+0000][1][safepoint    ] Safepoint "RevokeBias", Time since last: 13492333 ns, Reaching safepoint: 911792 ns, At safepoint: 90917 ns, Total: 1002709 ns
[2023-07-18T02:15:41.836+0000][1][safepoint    ] Safepoint "RevokeBias", Time since last: 897291 ns, Reaching safepoint: 303459 ns, At safepoint: 54958 ns, Total: 358417 ns
[2023-07-18T02:15:41.839+0000][1][safepoint    ] Safepoint "RevokeBias", Time since last: 2115125 ns, Reaching safepoint: 359125 ns, At safepoint: 78250 ns, Total: 437375 ns
[2023-07-18T02:15:41.841+0000][1][safepoint    ] Safepoint "RevokeBias", Time since last: 2137250 ns, Reaching safepoint: 421458 ns, At safepoint: 89542 ns, Total: 511000 ns
[2023-07-18T02:15:41.842+0000][1][safepoint    ] Safepoint "RevokeBias", Time since last: 603708 ns, Reaching safepoint: 358042 ns, At safepoint: 54667 ns, Total: 412709 ns
[2023-07-18T02:15:41.843+0000][1][safepoint    ] Safepoint "RevokeBias", Time since last: 489500 ns, Reaching safepoint: 567000 ns, At safepoint: 64083 ns, Total: 631083 ns
[2023-07-18T02:15:41.849+0000][1][safepoint    ] Safepoint "RevokeBias", Time since last: 4486042 ns, Reaching safepoint: 558166 ns, At safepoint: 83792 ns, Total: 641958 ns
[2023-07-18T02:15:41.857+0000][1][safepoint    ] Safepoint "RevokeBias", Time since last: 8177917 ns, Reaching safepoint: 366750 ns, At safepoint: 79416 ns, Total: 446166 ns
[2023-07-18T02:15:41.858+0000][1][safepoint    ] Safepoint "RevokeBias", Time since last: 447125 ns, Reaching safepoint: 306292 ns, At safepoint: 45583 ns, Total: 351875 ns
[2023-07-18T02:15:41.859+0000][1][safepoint    ] Safepoint "RevokeBias", Time since last: 479042 ns, Reaching safepoint: 350625 ns, At safepoint: 45292 ns, Total: 395917 ns
[2023-07-18T02:15:41.865+0000][1][safepoint    ] Safepoint "RevokeBias", Time since last: 4725625 ns, Reaching safepoint: 840458 ns, At safepoint: 88833 ns, Total: 929291 ns
[2023-07-18T02:15:41.867+0000][1][safepoint    ] Safepoint "RevokeBias", Time since last: 1602792 ns, Reaching safepoint: 408333 ns, At safepoint: 60875 ns, Total: 469208 ns
[2023-07-18T02:15:41.867+0000][1][safepoint    ] Safepoint "RevokeBias", Time since last: 346042 ns, Reaching safepoint: 312542 ns, At safepoint: 44250 ns, Total: 356792 ns
[2023-07-18T02:15:41.868+0000][1][safepoint    ] Safepoint "RevokeBias", Time since last: 336208 ns, Reaching safepoint: 348792 ns, At safepoint: 39916 ns, Total: 388708 ns
[2023-07-18T02:15:41.876+0000][1][safepoint    ] Safepoint "RevokeBias", Time since last: 249084 ns, Reaching safepoint: 8061333 ns, At safepoint: 102292 ns, Total: 8163625 ns
[2023-07-18T02:15:41.878+0000][1][safepoint    ] Safepoint "RevokeBias", Time since last: 630500 ns, Reaching safepoint: 555000 ns, At safepoint: 53750 ns, Total: 608750 ns
[2023-07-18T02:15:41.993+0000][1][safepoint    ] Safepoint "RevokeBias", Time since last: 112169000 ns, Reaching safepoint: 3206833 ns, At safepoint: 43250 ns, Total: 3250083 ns
[2023-07-18T02:15:42.013+0000][1][safepoint    ] Safepoint "RevokeBias", Time since last: 19674834 ns, Reaching safepoint: 440500 ns, At safepoint: 41750 ns, Total: 482250 ns
[2023-07-18T02:15:42.133+0000][1][safepoint    ] Safepoint "RevokeBias", Time since last: 116532458 ns, Reaching safepoint: 2980750 ns, At safepoint: 196167 ns, Total: 3176917 ns
[2023-07-18T02:15:42.183+0000][1][safepoint    ] Safepoint "RevokeBias", Time since last: 49969500 ns, Reaching safepoint: 485125 ns, At safepoint: 26666 ns, Total: 511791 ns
[2023-07-18T02:15:42.222+0000][1][safepoint    ] Safepoint "RevokeBias", Time since last: 37337584 ns, Reaching safepoint: 764125 ns, At safepoint: 37583 ns, Total: 801708 ns
[2023-07-18T02:15:42.274+0000][1][safepoint    ] Safepoint "BulkRevokeBias", Time since last: 50049708 ns, Reaching safepoint: 754625 ns, At safepoint: 1332750 ns, Total: 2087375 ns
[2023-07-18T02:15:42.302+0000][1][safepoint    ] Safepoint "RevokeBias", Time since last: 27966250 ns, Reaching safepoint: 569417 ns, At safepoint: 82042 ns, Total: 651459 ns
[2023-07-18T02:15:42.313+0000][1][safepoint    ] Safepoint "RevokeBias", Time since last: 10065000 ns, Reaching safepoint: 505416 ns, At safepoint: 26292 ns, Total: 531708 ns
[2023-07-18T02:15:42.328+0000][1][safepoint    ] Safepoint "RevokeBias", Time since last: 14033292 ns, Reaching safepoint: 806875 ns, At safepoint: 74083 ns, Total: 880958 ns
[2023-07-18T02:15:42.357+0000][1][safepoint    ] Safepoint "RevokeBias", Time since last: 28233708 ns, Reaching safepoint: 719334 ns, At safepoint: 80750 ns, Total: 800084 ns
[2023-07-18T02:15:42.389+0000][1][safepoint    ] Safepoint "RevokeBias", Time since last: 31502500 ns, Reaching safepoint: 748958 ns, At safepoint: 71500 ns, Total: 820458 ns
[2023-07-18T02:15:42.486+0000][1][safepoint    ] Safepoint "RevokeBias", Time since last: 96131750 ns, Reaching safepoint: 552917 ns, At safepoint: 85541 ns, Total: 638458 ns
[2023-07-18T02:15:42.489+0000][1][safepoint    ] Safepoint "RevokeBias", Time since last: 1540792 ns, Reaching safepoint: 1348375 ns, At safepoint: 88792 ns, Total: 1437167 ns
[2023-07-18T02:15:42.495+0000][1][safepoint    ] Safepoint "RevokeBias", Time since last: 5174000 ns, Reaching safepoint: 525125 ns, At safepoint: 104708 ns, Total: 629833 ns
[2023-07-18T02:15:42.516+0000][1][safepoint    ] Safepoint "RevokeBias", Time since last: 19803500 ns, Reaching safepoint: 626708 ns, At safepoint: 372375 ns, Total: 999083 ns
[2023-07-18T02:15:42.531+0000][1][gc,start     ] GC(17) Pause Young (Allocation Failure)
[2023-07-18T02:15:42.533+0000][1][gc,task      ] GC(17) Using 4 workers of 4 for evacuation
[2023-07-18T02:15:42.655+0000][1][gc,age       ] GC(17) Desired survivor size 8945664 bytes, new threshold 2 (max threshold 6)
[2023-07-18T02:15:42.656+0000][1][gc,age       ] GC(17) Age table with threshold 2 (max threshold 6)
[2023-07-18T02:15:42.656+0000][1][gc,age       ] GC(17) - age   1:    6703040 bytes,    6703040 total
[2023-07-18T02:15:42.656+0000][1][gc,age       ] GC(17) - age   2:    4133272 bytes,   10836312 total
[2023-07-18T02:15:42.657+0000][1][gc,heap      ] GC(17) ParNew: 153096K->16113K(157248K)
[2023-07-18T02:15:42.658+0000][1][gc,heap      ] GC(17) CMS: 55606K->60300K(349568K)
[2023-07-18T02:15:42.658+0000][1][gc,metaspace ] GC(17) Metaspace: 84951K->84951K(1126400K)
[2023-07-18T02:15:42.659+0000][1][gc           ] GC(17) Pause Young (Allocation Failure) 203M->74M(494M) 127.513ms
[2023-07-18T02:15:42.659+0000][1][gc,cpu       ] GC(17) User=0.23s Sys=0.00s Real=0.13s
[2023-07-18T02:15:42.660+0000][1][safepoint    ] Safepoint "GenCollectForAllocation", Time since last: 14569750 ns, Reaching safepoint: 684084 ns, At safepoint: 129279916 ns, Total: 129964000 ns
[2023-07-18T02:15:42.843+0000][1][safepoint    ] Safepoint "RevokeBias", Time since last: 181809251 ns, Reaching safepoint: 1329083 ns, At safepoint: 121917 ns, Total: 1451000 ns
[2023-07-18T02:15:42.876+0000][1][safepoint    ] Safepoint "RevokeBias", Time since last: 29943541 ns, Reaching safepoint: 2136625 ns, At safepoint: 81417 ns, Total: 2218042 ns
[2023-07-18T02:15:42.895+0000][1][safepoint    ] Safepoint "RevokeBias", Time since last: 18179083 ns, Reaching safepoint: 1511709 ns, At safepoint: 236750 ns, Total: 1748459 ns
[2023-07-18T02:15:42.992+0000][1][safepoint    ] Safepoint "RevokeBias", Time since last: 93826291 ns, Reaching safepoint: 2948542 ns, At safepoint: 94708 ns, Total: 3043250 ns
[2023-07-18T02:15:43.008+0000][1][safepoint    ] Safepoint "RevokeBias", Time since last: 14678084 ns, Reaching safepoint: 989791 ns, At safepoint: 105250 ns, Total: 1095041 ns
[2023-07-18T02:15:43.011+0000][1][safepoint    ] Safepoint "RevokeBias", Time since last: 2789709 ns, Reaching safepoint: 494875 ns, At safepoint: 72250 ns, Total: 567125 ns
[2023-07-18T02:15:43.017+0000][1][safepoint    ] Safepoint "RevokeBias", Time since last: 2867333 ns, Reaching safepoint: 2290417 ns, At safepoint: 106625 ns, Total: 2397042 ns
[2023-07-18T02:15:43.019+0000][1][safepoint    ] Safepoint "RevokeBias", Time since last: 1383333 ns, Reaching safepoint: 1014875 ns, At safepoint: 104625 ns, Total: 1119500 ns
[2023-07-18T02:15:43.055+0000][1][safepoint    ] Safepoint "Deoptimize", Time since last: 33569125 ns, Reaching safepoint: 698417 ns, At safepoint: 1971250 ns, Total: 2669667 ns
[2023-07-18T02:15:43.171+0000][1][safepoint    ] Safepoint "RevokeBias", Time since last: 115013625 ns, Reaching safepoint: 647041 ns, At safepoint: 77667 ns, Total: 724708 ns
[2023-07-18T02:15:43.179+0000][1][safepoint    ] Safepoint "RevokeBias", Time since last: 6914708 ns, Reaching safepoint: 495792 ns, At safepoint: 88958 ns, Total: 584750 ns
[2023-07-18T02:15:43.307+0000][1][safepoint    ] Safepoint "RevokeBias", Time since last: 127221834 ns, Reaching safepoint: 818041 ns, At safepoint: 105917 ns, Total: 923958 ns
[2023-07-18T02:15:43.338+0000][1][safepoint    ] Safepoint "RevokeBias", Time since last: 30627250 ns, Reaching safepoint: 608625 ns, At safepoint: 67417 ns, Total: 676042 ns
[2023-07-18T02:15:43.377+0000][1][safepoint    ] Safepoint "RevokeBias", Time since last: 38195958 ns, Reaching safepoint: 740959 ns, At safepoint: 91041 ns, Total: 832000 ns
[2023-07-18T02:15:43.398+0000][1][safepoint    ] Safepoint "RevokeBias", Time since last: 20460334 ns, Reaching safepoint: 582583 ns, At safepoint: 69583 ns, Total: 652166 ns
[2023-07-18T02:15:43.404+0000][1][safepoint    ] Safepoint "RevokeBias", Time since last: 4869500 ns, Reaching safepoint: 392292 ns, At safepoint: 122125 ns, Total: 514417 ns
[2023-07-18T02:15:43.406+0000][1][safepoint    ] Safepoint "RevokeBias", Time since last: 2165125 ns, Reaching safepoint: 387833 ns, At safepoint: 80375 ns, Total: 468208 ns
[2023-07-18T02:15:43.413+0000][1][safepoint    ] Safepoint "RevokeBias", Time since last: 5759042 ns, Reaching safepoint: 418292 ns, At safepoint: 74916 ns, Total: 493208 ns
[2023-07-18T02:15:43.431+0000][1][safepoint    ] Safepoint "RevokeBias", Time since last: 17758167 ns, Reaching safepoint: 455583 ns, At safepoint: 73584 ns, Total: 529167 ns
[2023-07-18T02:15:43.433+0000][1][safepoint    ] Safepoint "RevokeBias", Time since last: 1647458 ns, Reaching safepoint: 450458 ns, At safepoint: 72459 ns, Total: 522917 ns
[2023-07-18T02:15:43.435+0000][1][safepoint    ] Safepoint "RevokeBias", Time since last: 1160166 ns, Reaching safepoint: 596084 ns, At safepoint: 74083 ns, Total: 670167 ns
[2023-07-18T02:15:43.437+0000][1][safepoint    ] Safepoint "RevokeBias", Time since last: 1717292 ns, Reaching safepoint: 571750 ns, At safepoint: 77750 ns, Total: 649500 ns
[2023-07-18T02:15:43.479+0000][1][safepoint    ] Safepoint "RevokeBias", Time since last: 41679041 ns, Reaching safepoint: 552417 ns, At safepoint: 78583 ns, Total: 631000 ns
[2023-07-18T02:15:43.480+0000][1][safepoint    ] Safepoint "RevokeBias", Time since last: 512292 ns, Reaching safepoint: 248500 ns, At safepoint: 44667 ns, Total: 293167 ns
[2023-07-18T02:15:43.492+0000][1][safepoint    ] Safepoint "RevokeBias", Time since last: 10828666 ns, Reaching safepoint: 349667 ns, At safepoint: 75792 ns, Total: 425459 ns
[2023-07-18T02:15:43.507+0000][1][safepoint    ] Safepoint "RevokeBias", Time since last: 14544416 ns, Reaching safepoint: 489042 ns, At safepoint: 75417 ns, Total: 564459 ns
[2023-07-18T02:15:43.525+0000][1][safepoint    ] Safepoint "RevokeBias", Time since last: 17319208 ns, Reaching safepoint: 568375 ns, At safepoint: 81083 ns, Total: 649458 ns
[2023-07-18T02:15:43.528+0000][1][safepoint    ] Safepoint "RevokeBias", Time since last: 3082375 ns, Reaching safepoint: 481750 ns, At safepoint: 77167 ns, Total: 558917 ns
[2023-07-18T02:15:43.531+0000][1][safepoint    ] Safepoint "RevokeBias", Time since last: 2676250 ns, Reaching safepoint: 384167 ns, At safepoint: 163875 ns, Total: 548042 ns
[2023-07-18T02:15:43.533+0000][1][safepoint    ] Safepoint "RevokeBias", Time since last: 1088916 ns, Reaching safepoint: 442667 ns, At safepoint: 55875 ns, Total: 498542 ns
[2023-07-18T02:15:43.590+0000][1][safepoint    ] Safepoint "RevokeBias", Time since last: 53585875 ns, Reaching safepoint: 3334917 ns, At safepoint: 97916 ns, Total: 3432833 ns
[2023-07-18T02:15:43.599+0000][1][safepoint    ] Safepoint "RevokeBias", Time since last: 8556834 ns, Reaching safepoint: 661125 ns, At safepoint: 76041 ns, Total: 737166 ns
[2023-07-18T02:15:43.605+0000][1][safepoint    ] Safepoint "BulkRevokeBias", Time since last: 2403709 ns, Reaching safepoint: 469750 ns, At safepoint: 2244916 ns, Total: 2714666 ns
[2023-07-18T02:15:43.638+0000][1][safepoint    ] Safepoint "RevokeBias", Time since last: 33119250 ns, Reaching safepoint: 604834 ns, At safepoint: 83833 ns, Total: 688667 ns
[2023-07-18T02:15:43.663+0000][1][safepoint    ] Safepoint "RevokeBias", Time since last: 22995667 ns, Reaching safepoint: 1203833 ns, At safepoint: 96875 ns, Total: 1300708 ns
[2023-07-18T02:15:43.665+0000][1][safepoint    ] Safepoint "RevokeBias", Time since last: 1576375 ns, Reaching safepoint: 361833 ns, At safepoint: 65167 ns, Total: 427000 ns
[2023-07-18T02:15:43.667+0000][1][safepoint    ] Safepoint "RevokeBias", Time since last: 2013167 ns, Reaching safepoint: 371125 ns, At safepoint: 60791 ns, Total: 431916 ns
[2023-07-18T02:15:43.676+0000][1][safepoint    ] Safepoint "RevokeBias", Time since last: 8206750 ns, Reaching safepoint: 490584 ns, At safepoint: 89500 ns, Total: 580084 ns
[2023-07-18T02:15:43.738+0000][1][safepoint    ] Safepoint "RevokeBias", Time since last: 61090208 ns, Reaching safepoint: 706792 ns, At safepoint: 83666 ns, Total: 790458 ns
[2023-07-18T02:15:43.747+0000][1][safepoint    ] Safepoint "RevokeBias", Time since last: 8660209 ns, Reaching safepoint: 482666 ns, At safepoint: 81959 ns, Total: 564625 ns
[2023-07-18T02:15:43.748+0000][1][safepoint    ] Safepoint "RevokeBias", Time since last: 477291 ns, Reaching safepoint: 272125 ns, At safepoint: 65542 ns, Total: 337667 ns
[2023-07-18T02:15:43.768+0000][1][safepoint    ] Safepoint "RevokeBias", Time since last: 19086667 ns, Reaching safepoint: 635583 ns, At safepoint: 81500 ns, Total: 717083 ns
[2023-07-18T02:15:43.769+0000][1][safepoint    ] Safepoint "RevokeBias", Time since last: 1031167 ns, Reaching safepoint: 318375 ns, At safepoint: 72791 ns, Total: 391166 ns
[2023-07-18T02:15:43.776+0000][1][safepoint    ] Safepoint "RevokeBias", Time since last: 6443500 ns, Reaching safepoint: 462792 ns, At safepoint: 84500 ns, Total: 547292 ns
[2023-07-18T02:15:43.785+0000][1][safepoint    ] Safepoint "RevokeBias", Time since last: 8773250 ns, Reaching safepoint: 466833 ns, At safepoint: 78334 ns, Total: 545167 ns
[2023-07-18T02:15:44.412+0000][1][safepoint    ] Safepoint "RevokeBias", Time since last: 626000750 ns, Reaching safepoint: 860458 ns, At safepoint: 89167 ns, Total: 949625 ns
[2023-07-18T02:15:44.437+0000][1][safepoint    ] Safepoint "RevokeBias", Time since last: 24162458 ns, Reaching safepoint: 599875 ns, At safepoint: 88459 ns, Total: 688334 ns
[2023-07-18T02:15:44.439+0000][1][safepoint    ] Safepoint "RevokeBias", Time since last: 1426666 ns, Reaching safepoint: 423125 ns, At safepoint: 61125 ns, Total: 484250 ns
[2023-07-18T02:15:44.441+0000][1][safepoint    ] Safepoint "RevokeBias", Time since last: 1039042 ns, Reaching safepoint: 535417 ns, At safepoint: 62000 ns, Total: 597417 ns
[2023-07-18T02:15:44.445+0000][1][safepoint    ] Safepoint "RevokeBias", Time since last: 3704458 ns, Reaching safepoint: 609708 ns, At safepoint: 73834 ns, Total: 683542 ns
[2023-07-18T02:15:44.486+0000][1][safepoint    ] Safepoint "RevokeBias", Time since last: 40549000 ns, Reaching safepoint: 599000 ns, At safepoint: 74666 ns, Total: 673666 ns
[2023-07-18T02:15:44.494+0000][1][safepoint    ] Safepoint "RevokeBias", Time since last: 7310834 ns, Reaching safepoint: 355208 ns, At safepoint: 80583 ns, Total: 435791 ns
[2023-07-18T02:15:44.537+0000][1][safepoint    ] Safepoint "RevokeBias", Time since last: 42333334 ns, Reaching safepoint: 740625 ns, At safepoint: 136625 ns, Total: 877250 ns
[2023-07-18T02:15:44.540+0000][1][safepoint    ] Safepoint "RevokeBias", Time since last: 2588500 ns, Reaching safepoint: 542583 ns, At safepoint: 68083 ns, Total: 610666 ns
[2023-07-18T02:15:44.541+0000][1][safepoint    ] Safepoint "RevokeBias", Time since last: 246500 ns, Reaching safepoint: 266084 ns, At safepoint: 39875 ns, Total: 305959 ns
[2023-07-18T02:15:44.545+0000][1][safepoint    ] Safepoint "RevokeBias", Time since last: 3215541 ns, Reaching safepoint: 871584 ns, At safepoint: 64625 ns, Total: 936209 ns
[2023-07-18T02:15:44.546+0000][1][safepoint    ] Safepoint "RevokeBias", Time since last: 891666 ns, Reaching safepoint: 302792 ns, At safepoint: 50417 ns, Total: 353209 ns
[2023-07-18T02:15:44.577+0000][1][safepoint    ] Safepoint "RevokeBias", Time since last: 29381958 ns, Reaching safepoint: 1227750 ns, At safepoint: 85292 ns, Total: 1313042 ns
[2023-07-18T02:15:44.587+0000][1][safepoint    ] Safepoint "RevokeBias", Time since last: 7638583 ns, Reaching safepoint: 1692000 ns, At safepoint: 92042 ns, Total: 1784042 ns
[2023-07-18T02:15:44.597+0000][1][safepoint    ] Safepoint "RevokeBias", Time since last: 6281833 ns, Reaching safepoint: 3999292 ns, At safepoint: 92250 ns, Total: 4091542 ns
[2023-07-18T02:15:44.598+0000][1][safepoint    ] Safepoint "RevokeBias", Time since last: 414291 ns, Reaching safepoint: 490750 ns, At safepoint: 55334 ns, Total: 546084 ns
[2023-07-18T02:15:44.610+0000][1][safepoint    ] Safepoint "RevokeBias", Time since last: 10875500 ns, Reaching safepoint: 943791 ns, At safepoint: 234750 ns, Total: 1178541 ns
[2023-07-18T02:15:44.741+0000][1][safepoint    ] Safepoint "RevokeBias", Time since last: 129972875 ns, Reaching safepoint: 1029292 ns, At safepoint: 75583 ns, Total: 1104875 ns
[2023-07-18T02:15:44.749+0000][1][safepoint    ] Safepoint "RevokeBias", Time since last: 7183209 ns, Reaching safepoint: 708916 ns, At safepoint: 79459 ns, Total: 788375 ns
[2023-07-18T02:15:44.750+0000][1][safepoint    ] Safepoint "RevokeBias", Time since last: 373583 ns, Reaching safepoint: 477208 ns, At safepoint: 48709 ns, Total: 525917 ns
[2023-07-18T02:15:44.785+0000][1][safepoint    ] Safepoint "RevokeBias", Time since last: 26513417 ns, Reaching safepoint: 8462875 ns, At safepoint: 89958 ns, Total: 8552833 ns
[2023-07-18T02:15:44.793+0000][1][safepoint    ] Safepoint "RevokeBias", Time since last: 7527583 ns, Reaching safepoint: 914709 ns, At safepoint: 78500 ns, Total: 993209 ns
[2023-07-18T02:15:44.853+0000][1][safepoint    ] Safepoint "RevokeBias", Time since last: 57775333 ns, Reaching safepoint: 1927667 ns, At safepoint: 73666 ns, Total: 2001333 ns
[2023-07-18T02:15:44.866+0000][1][safepoint    ] Safepoint "RevokeBias", Time since last: 11891209 ns, Reaching safepoint: 435458 ns, At safepoint: 59458 ns, Total: 494916 ns
[2023-07-18T02:15:44.876+0000][1][safepoint    ] Safepoint "RevokeBias", Time since last: 9672084 ns, Reaching safepoint: 779000 ns, At safepoint: 73625 ns, Total: 852625 ns
[2023-07-18T02:15:44.885+0000][1][safepoint    ] Safepoint "RevokeBias", Time since last: 8656333 ns, Reaching safepoint: 533083 ns, At safepoint: 66042 ns, Total: 599125 ns
[2023-07-18T02:15:44.886+0000][1][safepoint    ] Safepoint "RevokeBias", Time since last: 589250 ns, Reaching safepoint: 481250 ns, At safepoint: 47417 ns, Total: 528667 ns
[2023-07-18T02:15:44.892+0000][1][safepoint    ] Safepoint "RevokeBias", Time since last: 4561291 ns, Reaching safepoint: 636250 ns, At safepoint: 80959 ns, Total: 717209 ns
[2023-07-18T02:15:44.910+0000][1][safepoint    ] Safepoint "RevokeBias", Time since last: 17660666 ns, Reaching safepoint: 721834 ns, At safepoint: 82000 ns, Total: 803834 ns
[2023-07-18T02:15:44.921+0000][1][safepoint    ] Safepoint "BulkRevokeBias", Time since last: 4021208 ns, Reaching safepoint: 4825875 ns, At safepoint: 1546333 ns, Total: 6372208 ns
[2023-07-18T02:15:44.938+0000][1][safepoint    ] Safepoint "RevokeBias", Time since last: 16145250 ns, Reaching safepoint: 692167 ns, At safepoint: 75708 ns, Total: 767875 ns
[2023-07-18T02:15:45.103+0000][1][safepoint    ] Safepoint "RevokeBias", Time since last: 159830542 ns, Reaching safepoint: 5348792 ns, At safepoint: 135625 ns, Total: 5484417 ns
[2023-07-18T02:15:45.142+0000][1][safepoint    ] Safepoint "RevokeBias", Time since last: 38154125 ns, Reaching safepoint: 745250 ns, At safepoint: 88541 ns, Total: 833791 ns
[2023-07-18T02:15:45.157+0000][1][safepoint    ] Safepoint "RevokeBias", Time since last: 11340375 ns, Reaching safepoint: 4201709 ns, At safepoint: 95416 ns, Total: 4297125 ns
[2023-07-18T02:15:45.244+0000][1][safepoint    ] Safepoint "RevokeBias", Time since last: 78383834 ns, Reaching safepoint: 7943791 ns, At safepoint: 122542 ns, Total: 8066333 ns
[2023-07-18T02:15:45.798+0000][1][safepoint    ] Safepoint "RevokeBias", Time since last: 533332334 ns, Reaching safepoint: 11610958 ns, At safepoint: 9354750 ns, Total: 20965708 ns
[2023-07-18T02:15:45.886+0000][1][safepoint    ] Safepoint "RevokeBias", Time since last: 84984708 ns, Reaching safepoint: 2831959 ns, At safepoint: 164583 ns, Total: 2996542 ns
[2023-07-18T02:15:45.905+0000][1][safepoint    ] Safepoint "RevokeBias", Time since last: 6501542 ns, Reaching safepoint: 12618208 ns, At safepoint: 145750 ns, Total: 12763958 ns
[2023-07-18T02:15:45.910+0000][1][safepoint    ] Safepoint "RevokeBias", Time since last: 2995750 ns, Reaching safepoint: 1726083 ns, At safepoint: 137625 ns, Total: 1863708 ns
[2023-07-18T02:15:45.916+0000][1][safepoint    ] Safepoint "RevokeBias", Time since last: 4224709 ns, Reaching safepoint: 1220250 ns, At safepoint: 76375 ns, Total: 1296625 ns
[2023-07-18T02:15:46.096+0000][1][safepoint    ] Safepoint "RevokeBias", Time since last: 176721875 ns, Reaching safepoint: 3574500 ns, At safepoint: 121666 ns, Total: 3696166 ns
[2023-07-18T02:15:46.182+0000][1][safepoint    ] Safepoint "RevokeBias", Time since last: 83785376 ns, Reaching safepoint: 1787541 ns, At safepoint: 296000 ns, Total: 2083541 ns
[2023-07-18T02:15:46.216+0000][1][safepoint    ] Safepoint "RevokeBias", Time since last: 32758250 ns, Reaching safepoint: 677625 ns, At safepoint: 78792 ns, Total: 756417 ns
[2023-07-18T02:15:46.322+0000][1][safepoint    ] Safepoint "RevokeBias", Time since last: 100131417 ns, Reaching safepoint: 5705083 ns, At safepoint: 135333 ns, Total: 5840416 ns
[2023-07-18T02:15:46.415+0000][1][safepoint    ] Safepoint "RevokeBias", Time since last: 92228250 ns, Reaching safepoint: 1289292 ns, At safepoint: 124583 ns, Total: 1413875 ns
[2023-07-18T02:15:46.446+0000][1][safepoint    ] Safepoint "RevokeBias", Time since last: 29020584 ns, Reaching safepoint: 1781625 ns, At safepoint: 131750 ns, Total: 1913375 ns
[2023-07-18T02:15:46.457+0000][1][safepoint    ] Safepoint "RevokeBias", Time since last: 9943208 ns, Reaching safepoint: 613000 ns, At safepoint: 247833 ns, Total: 860833 ns
[2023-07-18T02:15:46.477+0000][1][safepoint    ] Safepoint "RevokeBias", Time since last: 18384167 ns, Reaching safepoint: 1635208 ns, At safepoint: 111792 ns, Total: 1747000 ns
[2023-07-18T02:15:46.479+0000][1][safepoint    ] Safepoint "RevokeBias", Time since last: 1108042 ns, Reaching safepoint: 984208 ns, At safepoint: 79583 ns, Total: 1063791 ns
[2023-07-18T02:15:46.484+0000][1][safepoint    ] Safepoint "RevokeBias", Time since last: 1599584 ns, Reaching safepoint: 2598958 ns, At safepoint: 119792 ns, Total: 2718750 ns
[2023-07-18T02:15:46.486+0000][1][safepoint    ] Safepoint "RevokeBias", Time since last: 1641041 ns, Reaching safepoint: 866917 ns, At safepoint: 84417 ns, Total: 951334 ns
[2023-07-18T02:15:46.492+0000][1][safepoint    ] Safepoint "RevokeBias", Time since last: 741166 ns, Reaching safepoint: 4907834 ns, At safepoint: 90083 ns, Total: 4997917 ns
[2023-07-18T02:15:46.530+0000][1][safepoint    ] Safepoint "RevokeBias", Time since last: 35547625 ns, Reaching safepoint: 2812000 ns, At safepoint: 97833 ns, Total: 2909833 ns
[2023-07-18T02:15:46.575+0000][1][safepoint    ] Safepoint "RevokeBias", Time since last: 41486542 ns, Reaching safepoint: 2725875 ns, At safepoint: 76625 ns, Total: 2802500 ns
[2023-07-18T02:15:46.592+0000][1][safepoint    ] Safepoint "RevokeBias", Time since last: 11660542 ns, Reaching safepoint: 5252916 ns, At safepoint: 84792 ns, Total: 5337708 ns
[2023-07-18T02:15:46.610+0000][1][safepoint    ] Safepoint "RevokeBias", Time since last: 17192083 ns, Reaching safepoint: 685084 ns, At safepoint: 73208 ns, Total: 758292 ns
[2023-07-18T02:15:46.626+0000][1][safepoint    ] Safepoint "RevokeBias", Time since last: 14967667 ns, Reaching safepoint: 1711000 ns, At safepoint: 89458 ns, Total: 1800458 ns
[2023-07-18T02:15:46.628+0000][1][safepoint    ] Safepoint "RevokeBias", Time since last: 632625 ns, Reaching safepoint: 523500 ns, At safepoint: 64625 ns, Total: 588125 ns
[2023-07-18T02:15:46.628+0000][1][safepoint    ] Safepoint "RevokeBias", Time since last: 240708 ns, Reaching safepoint: 376959 ns, At safepoint: 51375 ns, Total: 428334 ns
[2023-07-18T02:15:46.629+0000][1][safepoint    ] Safepoint "RevokeBias", Time since last: 232875 ns, Reaching safepoint: 773041 ns, At safepoint: 60500 ns, Total: 833541 ns
[2023-07-18T02:15:46.645+0000][1][safepoint    ] Safepoint "RevokeBias", Time since last: 14596792 ns, Reaching safepoint: 745083 ns, At safepoint: 98250 ns, Total: 843333 ns
[2023-07-18T02:15:46.666+0000][1][safepoint    ] Safepoint "RevokeBias", Time since last: 19716084 ns, Reaching safepoint: 999500 ns, At safepoint: 76083 ns, Total: 1075583 ns
[2023-07-18T02:15:46.682+0000][1][safepoint    ] Safepoint "RevokeBias", Time since last: 15834625 ns, Reaching safepoint: 619083 ns, At safepoint: 70959 ns, Total: 690042 ns
[2023-07-18T02:15:46.692+0000][1][safepoint    ] Safepoint "RevokeBias", Time since last: 8737708 ns, Reaching safepoint: 632375 ns, At safepoint: 72042 ns, Total: 704417 ns
[2023-07-18T02:15:46.743+0000][1][safepoint    ] Safepoint "RevokeBias", Time since last: 49930500 ns, Reaching safepoint: 1773375 ns, At safepoint: 73666 ns, Total: 1847041 ns
[2023-07-18T02:15:46.752+0000][1][safepoint    ] Safepoint "RevokeBias", Time since last: 7634125 ns, Reaching safepoint: 627000 ns, At safepoint: 69625 ns, Total: 696625 ns
[2023-07-18T02:15:46.762+0000][1][safepoint    ] Safepoint "RevokeBias", Time since last: 9511542 ns, Reaching safepoint: 658292 ns, At safepoint: 83083 ns, Total: 741375 ns
[2023-07-18T02:15:47.481+0000][1][safepoint    ] Safepoint "RevokeBias", Time since last: 718105375 ns, Reaching safepoint: 737709 ns, At safepoint: 140250 ns, Total: 877959 ns
[2023-07-18T02:15:47.498+0000][1][safepoint    ] Safepoint "RevokeBias", Time since last: 16747500 ns, Reaching safepoint: 487458 ns, At safepoint: 121875 ns, Total: 609333 ns
[2023-07-18T02:15:47.501+0000][1][safepoint    ] Safepoint "RevokeBias", Time since last: 1811083 ns, Reaching safepoint: 458459 ns, At safepoint: 101875 ns, Total: 560334 ns
[2023-07-18T02:15:47.502+0000][1][safepoint    ] Safepoint "RevokeBias", Time since last: 954125 ns, Reaching safepoint: 500041 ns, At safepoint: 87209 ns, Total: 587250 ns
[2023-07-18T02:15:47.505+0000][1][safepoint    ] Safepoint "RevokeBias", Time since last: 2177083 ns, Reaching safepoint: 538083 ns, At safepoint: 106584 ns, Total: 644667 ns
[2023-07-18T02:15:47.560+0000][1][safepoint    ] Safepoint "RevokeBias", Time since last: 54023208 ns, Reaching safepoint: 552000 ns, At safepoint: 118750 ns, Total: 670750 ns
[2023-07-18T02:15:47.578+0000][1][safepoint    ] Safepoint "RevokeBias", Time since last: 18047292 ns, Reaching safepoint: 484583 ns, At safepoint: 64834 ns, Total: 549417 ns
[2023-07-18T02:15:47.593+0000][1][safepoint    ] Safepoint "RevokeBias", Time since last: 14074250 ns, Reaching safepoint: 449208 ns, At safepoint: 67417 ns, Total: 516625 ns
[2023-07-18T02:15:47.599+0000][1][safepoint    ] Safepoint "RevokeBias", Time since last: 6027833 ns, Reaching safepoint: 467458 ns, At safepoint: 64792 ns, Total: 532250 ns
[2023-07-18T02:15:47.620+0000][1][safepoint    ] Safepoint "RevokeBias", Time since last: 20215250 ns, Reaching safepoint: 531167 ns, At safepoint: 125541 ns, Total: 656708 ns
[2023-07-18T02:15:47.623+0000][1][safepoint    ] Safepoint "RevokeBias", Time since last: 1797875 ns, Reaching safepoint: 1088625 ns, At safepoint: 76459 ns, Total: 1165084 ns
[2023-07-18T02:15:47.625+0000][1][safepoint    ] Safepoint "RevokeBias", Time since last: 890125 ns, Reaching safepoint: 454666 ns, At safepoint: 56875 ns, Total: 511541 ns
[2023-07-18T02:15:47.632+0000][1][safepoint    ] Safepoint "BulkRevokeBias", Time since last: 5032000 ns, Reaching safepoint: 647250 ns, At safepoint: 2000542 ns, Total: 2647792 ns
[2023-07-18T02:15:47.636+0000][1][safepoint    ] Safepoint "RevokeBias", Time since last: 2525250 ns, Reaching safepoint: 670083 ns, At safepoint: 66292 ns, Total: 736375 ns
[2023-07-18T02:15:47.645+0000][1][safepoint    ] Safepoint "RevokeBias", Time since last: 7951583 ns, Reaching safepoint: 1606209 ns, At safepoint: 87750 ns, Total: 1693959 ns
[2023-07-18T02:15:47.650+0000][1][safepoint    ] Safepoint "RevokeBias", Time since last: 3943333 ns, Reaching safepoint: 760958 ns, At safepoint: 260750 ns, Total: 1021708 ns
[2023-07-18T02:15:47.664+0000][1][safepoint    ] Safepoint "RevokeBias", Time since last: 12953250 ns, Reaching safepoint: 617750 ns, At safepoint: 73459 ns, Total: 691209 ns
[2023-07-18T02:15:47.931+0000][1][safepoint    ] Safepoint "RevokeBias", Time since last: 266072958 ns, Reaching safepoint: 931167 ns, At safepoint: 79833 ns, Total: 1011000 ns
[2023-07-18T02:15:47.941+0000][1][safepoint    ] Safepoint "RevokeBias", Time since last: 8886583 ns, Reaching safepoint: 602709 ns, At safepoint: 75625 ns, Total: 678334 ns
[2023-07-18T02:15:47.944+0000][1][safepoint    ] Safepoint "RevokeBias", Time since last: 3029458 ns, Reaching safepoint: 521792 ns, At safepoint: 76750 ns, Total: 598542 ns
[2023-07-18T02:15:47.948+0000][1][safepoint    ] Safepoint "RevokeBias", Time since last: 2750291 ns, Reaching safepoint: 621834 ns, At safepoint: 80916 ns, Total: 702750 ns
[2023-07-18T02:15:47.949+0000][1][safepoint    ] Safepoint "RevokeBias", Time since last: 718375 ns, Reaching safepoint: 516292 ns, At safepoint: 61417 ns, Total: 577709 ns
[2023-07-18T02:15:47.953+0000][1][safepoint    ] Safepoint "RevokeBias", Time since last: 3463000 ns, Reaching safepoint: 508708 ns, At safepoint: 79750 ns, Total: 588458 ns
[2023-07-18T02:15:47.981+0000][1][safepoint    ] Safepoint "RevokeBias", Time since last: 27041458 ns, Reaching safepoint: 526167 ns, At safepoint: 82500 ns, Total: 608667 ns
[2023-07-18T02:15:48.019+0000][1][safepoint    ] Safepoint "BulkRevokeBias", Time since last: 35929750 ns, Reaching safepoint: 573583 ns, At safepoint: 1489125 ns, Total: 2062708 ns
[2023-07-18T02:15:48.029+0000][1][safepoint    ] Safepoint "RevokeBias", Time since last: 9703500 ns, Reaching safepoint: 557250 ns, At safepoint: 69709 ns, Total: 626959 ns
[2023-07-18T02:15:48.274+0000][1][safepoint    ] Safepoint "RevokeBias", Time since last: 243429500 ns, Reaching safepoint: 1214583 ns, At safepoint: 72459 ns, Total: 1287042 ns
[2023-07-18T02:15:48.321+0000][1][safepoint    ] Safepoint "BulkRevokeBias", Time since last: 45180958 ns, Reaching safepoint: 739833 ns, At safepoint: 1556709 ns, Total: 2296542 ns
[2023-07-18T02:15:48.436+0000][1][safepoint    ] Safepoint "RevokeBias", Time since last: 114255500 ns, Reaching safepoint: 613250 ns, At safepoint: 71833 ns, Total: 685083 ns
[2023-07-18T02:15:49.289+0000][1][safepoint    ] Safepoint "RevokeBias", Time since last: 852001792 ns, Reaching safepoint: 921458 ns, At safepoint: 83667 ns, Total: 1005125 ns
[2023-07-18T02:15:49.307+0000][1][safepoint    ] Safepoint "RevokeBias", Time since last: 17138458 ns, Reaching safepoint: 701167 ns, At safepoint: 72000 ns, Total: 773167 ns
[2023-07-18T02:15:49.559+0000][1][safepoint    ] Safepoint "RevokeBias", Time since last: 251247583 ns, Reaching safepoint: 736709 ns, At safepoint: 68291 ns, Total: 805000 ns
[2023-07-18T02:15:50.560+0000][1][safepoint    ] Safepoint "Cleanup", Time since last: 1000500376 ns, Reaching safepoint: 785875 ns, At safepoint: 32083 ns, Total: 817958 ns
[2023-07-18T02:15:51.562+0000][1][safepoint    ] Safepoint "Cleanup", Time since last: 1000528042 ns, Reaching safepoint: 1099875 ns, At safepoint: 20792 ns, Total: 1120667 ns
[2023-07-18T02:15:52.563+0000][1][safepoint    ] Safepoint "Cleanup", Time since last: 1000434001 ns, Reaching safepoint: 1028833 ns, At safepoint: 17250 ns, Total: 1046083 ns
[2023-07-18T02:15:53.572+0000][1][safepoint    ] Safepoint "Cleanup", Time since last: 1006814834 ns, Reaching safepoint: 1565791 ns, At safepoint: 50500 ns, Total: 1616291 ns
[2023-07-18T02:15:54.569+0000][1][safepoint    ] Safepoint "RevokeBias", Time since last: 992855501 ns, Reaching safepoint: 4232792 ns, At safepoint: 161583 ns, Total: 4394375 ns
[2023-07-18T02:15:54.702+0000][1][safepoint    ] Safepoint "RevokeBias", Time since last: 131706208 ns, Reaching safepoint: 1027875 ns, At safepoint: 92167 ns, Total: 1120042 ns
[2023-07-18T02:15:55.704+0000][1][safepoint    ] Safepoint "Cleanup", Time since last: 1000453917 ns, Reaching safepoint: 1385292 ns, At safepoint: 30666 ns, Total: 1415958 ns
[2023-07-18T02:15:56.707+0000][1][safepoint    ] Safepoint "Cleanup", Time since last: 1000594876 ns, Reaching safepoint: 2444625 ns, At safepoint: 73417 ns, Total: 2518042 ns
[2023-07-18T02:15:57.710+0000][1][safepoint    ] Safepoint "Cleanup", Time since last: 1001496708 ns, Reaching safepoint: 1515542 ns, At safepoint: 28458 ns, Total: 1544000 ns
[2023-07-18T02:15:58.714+0000][1][safepoint    ] Safepoint "Cleanup", Time since last: 1002537084 ns, Reaching safepoint: 1417417 ns, At safepoint: 19583 ns, Total: 1437000 ns
[2023-07-18T02:15:59.716+0000][1][safepoint    ] Safepoint "Cleanup", Time since last: 1000673167 ns, Reaching safepoint: 1154000 ns, At safepoint: 23000 ns, Total: 1177000 ns
[2023-07-18T02:16:00.718+0000][1][safepoint    ] Safepoint "Cleanup", Time since last: 1001271334 ns, Reaching safepoint: 1010375 ns, At safepoint: 17833 ns, Total: 1028208 ns
[2023-07-18T02:16:01.725+0000][1][safepoint    ] Safepoint "Cleanup", Time since last: 1001382126 ns, Reaching safepoint: 4938000 ns, At safepoint: 130125 ns, Total: 5068125 ns
[2023-07-18T02:16:02.734+0000][1][safepoint    ] Safepoint "Cleanup", Time since last: 1002299959 ns, Reaching safepoint: 6546208 ns, At safepoint: 111042 ns, Total: 6657250 ns
[2023-07-18T02:16:03.736+0000][1][safepoint    ] Safepoint "Cleanup", Time since last: 1000924042 ns, Reaching safepoint: 1168125 ns, At safepoint: 32042 ns, Total: 1200167 ns
[2023-07-18T02:16:05.738+0000][1][safepoint    ] Safepoint "Cleanup", Time since last: 2001559667 ns, Reaching safepoint: 890292 ns, At safepoint: 22041 ns, Total: 912333 ns
[2023-07-18T02:16:07.743+0000][1][safepoint    ] Safepoint "Cleanup", Time since last: 2000762085 ns, Reaching safepoint: 3612666 ns, At safepoint: 89959 ns, Total: 3702625 ns
[2023-07-18T02:16:08.009+0000][1][safepoint    ] Safepoint "RevokeBias", Time since last: 264894833 ns, Reaching safepoint: 999959 ns, At safepoint: 81166 ns, Total: 1081125 ns
[2023-07-18T02:16:08.046+0000][1][safepoint    ] Safepoint "RevokeBias", Time since last: 35843167 ns, Reaching safepoint: 983208 ns, At safepoint: 531584 ns, Total: 1514792 ns
[2023-07-18T02:16:09.048+0000][1][safepoint    ] Safepoint "Cleanup", Time since last: 1000454333 ns, Reaching safepoint: 1281584 ns, At safepoint: 21208 ns, Total: 1302792 ns
[2023-07-18T02:16:10.050+0000][1][safepoint    ] Safepoint "Cleanup", Time since last: 1000660709 ns, Reaching safepoint: 1593458 ns, At safepoint: 23834 ns, Total: 1617292 ns
[2023-07-18T02:16:11.052+0000][1][safepoint    ] Safepoint "Cleanup", Time since last: 1000590333 ns, Reaching safepoint: 2038625 ns, At safepoint: 46458 ns, Total: 2085083 ns
[2023-07-18T02:16:13.057+0000][1][safepoint    ] Safepoint "Cleanup", Time since last: 2003296585 ns, Reaching safepoint: 1236791 ns, At safepoint: 24500 ns, Total: 1261291 ns
[2023-07-18T02:16:16.060+0000][1][safepoint    ] Safepoint "Cleanup", Time since last: 3002175085 ns, Reaching safepoint: 746958 ns, At safepoint: 14917 ns, Total: 761875 ns
[2023-07-18T02:16:17.061+0000][1][safepoint    ] Safepoint "Cleanup", Time since last: 1000509042 ns, Reaching safepoint: 998834 ns, At safepoint: 24166 ns, Total: 1023000 ns
[2023-07-18T02:16:18.027+0000][1][safepoint    ] Safepoint "RevokeBias", Time since last: 964596917 ns, Reaching safepoint: 1227917 ns, At safepoint: 318125 ns, Total: 1546042 ns
[2023-07-18T02:16:19.034+0000][1][safepoint    ] Safepoint "Cleanup", Time since last: 1000620042 ns, Reaching safepoint: 6112000 ns, At safepoint: 131042 ns, Total: 6243042 ns
[2023-07-18T02:16:20.041+0000][1][safepoint    ] Safepoint "Cleanup", Time since last: 1003645250 ns, Reaching safepoint: 2665334 ns, At safepoint: 44208 ns, Total: 2709542 ns
[2023-07-18T02:16:23.048+0000][1][safepoint    ] Safepoint "Cleanup", Time since last: 3001741668 ns, Reaching safepoint: 5139625 ns, At safepoint: 82500 ns, Total: 5222125 ns
[2023-07-18T02:16:24.052+0000][1][safepoint    ] Safepoint "Cleanup", Time since last: 1001258751 ns, Reaching safepoint: 2833541 ns, At safepoint: 70209 ns, Total: 2903750 ns
[2023-07-18T02:16:25.056+0000][1][safepoint    ] Safepoint "Cleanup", Time since last: 1000965208 ns, Reaching safepoint: 3098542 ns, At safepoint: 102000 ns, Total: 3200542 ns
[2023-07-18T02:16:26.059+0000][1][safepoint    ] Safepoint "Cleanup", Time since last: 1002203917 ns, Reaching safepoint: 994125 ns, At safepoint: 19209 ns, Total: 1013334 ns
[2023-07-18T02:16:27.061+0000][1][safepoint    ] Safepoint "Cleanup", Time since last: 1000494833 ns, Reaching safepoint: 1152125 ns, At safepoint: 23292 ns, Total: 1175417 ns
[2023-07-18T02:16:28.030+0000][1][safepoint    ] Safepoint "RevokeBias", Time since last: 967436875 ns, Reaching safepoint: 1264667 ns, At safepoint: 282833 ns, Total: 1547500 ns
[2023-07-18T02:16:28.090+0000][1][gc,start     ] GC(18) Pause Young (Allocation Failure)
[2023-07-18T02:16:28.091+0000][1][gc,task      ] GC(18) Using 4 workers of 4 for evacuation
[2023-07-18T02:16:28.160+0000][1][gc,age       ] GC(18) Desired survivor size 8945664 bytes, new threshold 6 (max threshold 6)
[2023-07-18T02:16:28.161+0000][1][gc,age       ] GC(18) Age table with threshold 6 (max threshold 6)
[2023-07-18T02:16:28.161+0000][1][gc,age       ] GC(18) - age   1:    2035776 bytes,    2035776 total
[2023-07-18T02:16:28.161+0000][1][gc,age       ] GC(18) - age   2:    5312416 bytes,    7348192 total
[2023-07-18T02:16:28.162+0000][1][gc,heap      ] GC(18) ParNew: 155889K->10803K(157248K)
[2023-07-18T02:16:28.162+0000][1][gc,heap      ] GC(18) CMS: 60300K->64438K(349568K)
[2023-07-18T02:16:28.163+0000][1][gc,metaspace ] GC(18) Metaspace: 87787K->87787K(1130496K)
[2023-07-18T02:16:28.163+0000][1][gc           ] GC(18) Pause Young (Allocation Failure) 211M->73M(494M) 73.993ms
[2023-07-18T02:16:28.164+0000][1][gc,cpu       ] GC(18) User=0.23s Sys=0.02s Real=0.07s
[2023-07-18T02:16:28.164+0000][1][safepoint    ] Safepoint "GenCollectForAllocation", Time since last: 58126584 ns, Reaching safepoint: 1075542 ns, At safepoint: 74988333 ns, Total: 76063875 ns
[2023-07-18T02:16:28.269+0000][1][safepoint    ] Safepoint "RevokeBias", Time since last: 103550333 ns, Reaching safepoint: 1379417 ns, At safepoint: 87875 ns, Total: 1467292 ns
[2023-07-18T02:16:28.271+0000][1][safepoint    ] Safepoint "RevokeBias", Time since last: 1576833 ns, Reaching safepoint: 598084 ns, At safepoint: 60291 ns, Total: 658375 ns
[2023-07-18T02:16:28.273+0000][1][safepoint    ] Safepoint "RevokeBias", Time since last: 1481042 ns, Reaching safepoint: 664625 ns, At safepoint: 63375 ns, Total: 728000 ns
[2023-07-18T02:16:29.280+0000][1][safepoint    ] Safepoint "Cleanup", Time since last: 1002857667 ns, Reaching safepoint: 3764250 ns, At safepoint: 341208 ns, Total: 4105458 ns
[2023-07-18T02:16:30.285+0000][1][safepoint    ] Safepoint "Cleanup", Time since last: 1003002084 ns, Reaching safepoint: 1510667 ns, At safepoint: 33208 ns, Total: 1543875 ns
[2023-07-18T02:16:32.290+0000][1][safepoint    ] Safepoint "Cleanup", Time since last: 2004125501 ns, Reaching safepoint: 984709 ns, At safepoint: 18666 ns, Total: 1003375 ns
[2023-07-18T02:16:33.300+0000][1][safepoint    ] Safepoint "Cleanup", Time since last: 1002782584 ns, Reaching safepoint: 7116958 ns, At safepoint: 140834 ns, Total: 7257792 ns
[2023-07-18T02:16:34.317+0000][1][safepoint    ] Safepoint "Cleanup", Time since last: 1007377583 ns, Reaching safepoint: 6880875 ns, At safepoint: 2186834 ns, Total: 9067709 ns
[2023-07-18T02:16:35.321+0000][1][safepoint    ] Safepoint "Cleanup", Time since last: 1002625167 ns, Reaching safepoint: 1593208 ns, At safepoint: 28542 ns, Total: 1621750 ns
[2023-07-18T02:16:37.325+0000][1][safepoint    ] Safepoint "Cleanup", Time since last: 2003224168 ns, Reaching safepoint: 799166 ns, At safepoint: 20042 ns, Total: 819208 ns
[2023-07-18T02:16:38.051+0000][1][safepoint    ] Safepoint "RevokeBias", Time since last: 724374334 ns, Reaching safepoint: 1289416 ns, At safepoint: 311459 ns, Total: 1600875 ns
[2023-07-18T02:16:39.060+0000][1][safepoint    ] Safepoint "Cleanup", Time since last: 1001346667 ns, Reaching safepoint: 7544708 ns, At safepoint: 185125 ns, Total: 7729833 ns
[2023-07-18T02:16:40.067+0000][1][safepoint    ] Safepoint "Cleanup", Time since last: 1001915126 ns, Reaching safepoint: 5421958 ns, At safepoint: 165500 ns, Total: 5587458 ns
[2023-07-18T02:16:41.075+0000][1][safepoint    ] Safepoint "Cleanup", Time since last: 1002644166 ns, Reaching safepoint: 4960750 ns, At safepoint: 114625 ns, Total: 5075375 ns
[2023-07-18T02:16:43.078+0000][1][safepoint    ] Safepoint "Cleanup", Time since last: 2001808751 ns, Reaching safepoint: 852792 ns, At safepoint: 20750 ns, Total: 873542 ns
[2023-07-18T02:16:44.085+0000][1][safepoint    ] Safepoint "Cleanup", Time since last: 1002896917 ns, Reaching safepoint: 4772917 ns, At safepoint: 144833 ns, Total: 4917750 ns
[2023-07-18T02:16:47.095+0000][1][safepoint    ] Safepoint "Cleanup", Time since last: 3005092710 ns, Reaching safepoint: 4556583 ns, At safepoint: 269750 ns, Total: 4826333 ns
[2023-07-18T02:16:48.098+0000][1][safepoint    ] Safepoint "Cleanup", Time since last: 1001038084 ns, Reaching safepoint: 1308583 ns, At safepoint: 22000 ns, Total: 1330583 ns
[2023-07-18T02:16:49.099+0000][1][safepoint    ] Safepoint "Cleanup", Time since last: 1000409293 ns, Reaching safepoint: 950125 ns, At safepoint: 15416 ns, Total: 965541 ns
[2023-07-18T02:16:50.105+0000][1][safepoint    ] Safepoint "Cleanup", Time since last: 1002293709 ns, Reaching safepoint: 3456625 ns, At safepoint: 87292 ns, Total: 3543917 ns
[2023-07-18T02:16:51.111+0000][1][safepoint    ] Safepoint "Cleanup", Time since last: 1001122250 ns, Reaching safepoint: 4406167 ns, At safepoint: 120125 ns, Total: 4526292 ns
[2023-07-18T02:16:53.118+0000][1][safepoint    ] Safepoint "Cleanup", Time since last: 2002562626 ns, Reaching safepoint: 4566708 ns, At safepoint: 213417 ns, Total: 4780125 ns
[2023-07-18T02:16:54.125+0000][1][safepoint    ] Safepoint "Cleanup", Time since last: 1006936125 ns, Reaching safepoint: 734292 ns, At safepoint: 15583 ns, Total: 749875 ns
[2023-07-18T02:16:55.127+0000][1][safepoint    ] Safepoint "Cleanup", Time since last: 1000673417 ns, Reaching safepoint: 850959 ns, At safepoint: 19291 ns, Total: 870250 ns
[2023-07-18T02:16:56.128+0000][1][safepoint    ] Safepoint "Cleanup", Time since last: 1000528918 ns, Reaching safepoint: 863500 ns, At safepoint: 15333 ns, Total: 878833 ns
[2023-07-18T02:16:57.130+0000][1][safepoint    ] Safepoint "Cleanup", Time since last: 1000616250 ns, Reaching safepoint: 946375 ns, At safepoint: 22917 ns, Total: 969292 ns
[2023-07-18T02:16:58.136+0000][1][safepoint    ] Safepoint "Cleanup", Time since last: 1001542126 ns, Reaching safepoint: 3912500 ns, At safepoint: 22041 ns, Total: 3934541 ns
[2023-07-18T02:16:59.137+0000][1][safepoint    ] Safepoint "Cleanup", Time since last: 1000430626 ns, Reaching safepoint: 1533708 ns, At safepoint: 19125 ns, Total: 1552833 ns
[2023-07-18T02:17:00.139+0000][1][safepoint    ] Safepoint "Cleanup", Time since last: 1000494459 ns, Reaching safepoint: 697041 ns, At safepoint: 17625 ns, Total: 714666 ns
[2023-07-18T02:17:01.145+0000][1][safepoint    ] Safepoint "Cleanup", Time since last: 1000704501 ns, Reaching safepoint: 5391042 ns, At safepoint: 238500 ns, Total: 5629542 ns
[2023-07-18T02:17:02.152+0000][1][safepoint    ] Safepoint "Cleanup", Time since last: 1003351000 ns, Reaching safepoint: 3134583 ns, At safepoint: 74792 ns, Total: 3209375 ns
[2023-07-18T02:17:03.157+0000][1][safepoint    ] Safepoint "Cleanup", Time since last: 1001262626 ns, Reaching safepoint: 4058791 ns, At safepoint: 102750 ns, Total: 4161541 ns
[2023-07-18T02:17:04.161+0000][1][safepoint    ] Safepoint "Cleanup", Time since last: 1001037251 ns, Reaching safepoint: 3244916 ns, At safepoint: 71542 ns, Total: 3316458 ns
[2023-07-18T02:17:05.166+0000][1][safepoint    ] Safepoint "Cleanup", Time since last: 1001200626 ns, Reaching safepoint: 3083208 ns, At safepoint: 223000 ns, Total: 3306208 ns
[2023-07-18T02:17:06.171+0000][1][safepoint    ] Safepoint "Cleanup", Time since last: 1001212959 ns, Reaching safepoint: 3872166 ns, At safepoint: 123750 ns, Total: 3995916 ns
[2023-07-18T02:17:07.176+0000][1][safepoint    ] Safepoint "Cleanup", Time since last: 1001405709 ns, Reaching safepoint: 3611167 ns, At safepoint: 89458 ns, Total: 3700625 ns
[2023-07-18T02:17:08.179+0000][1][safepoint    ] Safepoint "Cleanup", Time since last: 1001068292 ns, Reaching safepoint: 1809917 ns, At safepoint: 22542 ns, Total: 1832459 ns
[2023-07-18T02:17:09.182+0000][1][safepoint    ] Safepoint "Cleanup", Time since last: 1000935625 ns, Reaching safepoint: 2076708 ns, At safepoint: 32125 ns, Total: 2108833 ns
[2023-07-18T02:17:10.187+0000][1][safepoint    ] Safepoint "Cleanup", Time since last: 1000835751 ns, Reaching safepoint: 4064958 ns, At safepoint: 84834 ns, Total: 4149792 ns
[2023-07-18T02:17:11.195+0000][1][safepoint    ] Safepoint "Cleanup", Time since last: 1003274374 ns, Reaching safepoint: 5018500 ns, At safepoint: 109542 ns, Total: 5128042 ns
[2023-07-18T02:17:12.201+0000][1][safepoint    ] Safepoint "Cleanup", Time since last: 1002892834 ns, Reaching safepoint: 2982250 ns, At safepoint: 62958 ns, Total: 3045208 ns
[2023-07-18T02:17:13.208+0000][1][safepoint    ] Safepoint "Cleanup", Time since last: 1001725250 ns, Reaching safepoint: 4601375 ns, At safepoint: 96334 ns, Total: 4697709 ns
[2023-07-18T02:17:14.212+0000][1][safepoint    ] Safepoint "Cleanup", Time since last: 1003143250 ns, Reaching safepoint: 813292 ns, At safepoint: 21125 ns, Total: 834417 ns
[2023-07-18T02:17:15.218+0000][1][safepoint    ] Safepoint "Cleanup", Time since last: 1000857792 ns, Reaching safepoint: 5737167 ns, At safepoint: 100500 ns, Total: 5837667 ns
[2023-07-18T02:17:16.225+0000][1][safepoint    ] Safepoint "Cleanup", Time since last: 1001609042 ns, Reaching safepoint: 4449000 ns, At safepoint: 96375 ns, Total: 4545375 ns
[2023-07-18T02:17:17.234+0000][1][safepoint    ] Safepoint "Cleanup", Time since last: 1004047125 ns, Reaching safepoint: 4913584 ns, At safepoint: 197916 ns, Total: 5111500 ns
[2023-07-18T02:17:18.236+0000][1][safepoint    ] Safepoint "Cleanup", Time since last: 1001409209 ns, Reaching safepoint: 1317208 ns, At safepoint: 19500 ns, Total: 1336708 ns
[2023-07-18T02:17:19.238+0000][1][safepoint    ] Safepoint "Cleanup", Time since last: 1000788168 ns, Reaching safepoint: 987541 ns, At safepoint: 19250 ns, Total: 1006791 ns
[2023-07-18T02:17:20.243+0000][1][safepoint    ] Safepoint "Cleanup", Time since last: 1001638001 ns, Reaching safepoint: 3290083 ns, At safepoint: 85042 ns, Total: 3375125 ns
[2023-07-18T02:17:21.247+0000][1][safepoint    ] Safepoint "Cleanup", Time since last: 1001150917 ns, Reaching safepoint: 2342167 ns, At safepoint: 48458 ns, Total: 2390625 ns
[2023-07-18T02:17:22.251+0000][1][safepoint    ] Safepoint "Cleanup", Time since last: 1003158667 ns, Reaching safepoint: 944875 ns, At safepoint: 19583 ns, Total: 964458 ns
[2023-07-18T02:17:23.254+0000][1][safepoint    ] Safepoint "Cleanup", Time since last: 1000589168 ns, Reaching safepoint: 2786833 ns, At safepoint: 88125 ns, Total: 2874958 ns
[2023-07-18T02:17:24.257+0000][1][safepoint    ] Safepoint "Cleanup", Time since last: 1001064500 ns, Reaching safepoint: 1290750 ns, At safepoint: 16959 ns, Total: 1307709 ns
[2023-07-18T02:17:25.260+0000][1][safepoint    ] Safepoint "Cleanup", Time since last: 1000701958 ns, Reaching safepoint: 2800334 ns, At safepoint: 93125 ns, Total: 2893459 ns
[2023-07-18T02:17:26.263+0000][1][safepoint    ] Safepoint "Cleanup", Time since last: 1001527959 ns, Reaching safepoint: 807541 ns, At safepoint: 18167 ns, Total: 825708 ns
[2023-07-18T02:17:27.270+0000][1][safepoint    ] Safepoint "Cleanup", Time since last: 1002895459 ns, Reaching safepoint: 3973291 ns, At safepoint: 101167 ns, Total: 4074458 ns
[2023-07-18T02:17:28.273+0000][1][safepoint    ] Safepoint "Cleanup", Time since last: 1002460001 ns, Reaching safepoint: 1151291 ns, At safepoint: 23167 ns, Total: 1174458 ns
[2023-07-18T02:17:29.279+0000][1][safepoint    ] Safepoint "Cleanup", Time since last: 1001315709 ns, Reaching safepoint: 4189625 ns, At safepoint: 165125 ns, Total: 4354750 ns
[2023-07-18T02:17:30.285+0000][1][safepoint    ] Safepoint "Cleanup", Time since last: 1001258667 ns, Reaching safepoint: 4211750 ns, At safepoint: 115167 ns, Total: 4326917 ns
[2023-07-18T02:17:31.291+0000][1][safepoint    ] Safepoint "Cleanup", Time since last: 1002733500 ns, Reaching safepoint: 3451500 ns, At safepoint: 129833 ns, Total: 3581333 ns
[2023-07-18T02:17:32.295+0000][1][safepoint    ] Safepoint "Cleanup", Time since last: 1001138251 ns, Reaching safepoint: 2878500 ns, At safepoint: 109875 ns, Total: 2988375 ns
[2023-07-18T02:17:33.303+0000][1][safepoint    ] Safepoint "Cleanup", Time since last: 1005423459 ns, Reaching safepoint: 2634166 ns, At safepoint: 94209 ns, Total: 2728375 ns
[2023-07-18T02:17:34.308+0000][1][safepoint    ] Safepoint "Cleanup", Time since last: 1001102250 ns, Reaching safepoint: 3260792 ns, At safepoint: 128541 ns, Total: 3389333 ns
[2023-07-18T02:17:35.315+0000][1][safepoint    ] Safepoint "Cleanup", Time since last: 1002426043 ns, Reaching safepoint: 5243541 ns, At safepoint: 135084 ns, Total: 5378625 ns
[2023-07-18T02:17:36.322+0000][1][safepoint    ] Safepoint "Cleanup", Time since last: 1002898167 ns, Reaching safepoint: 3208375 ns, At safepoint: 77875 ns, Total: 3286250 ns
[2023-07-18T02:17:37.325+0000][1][safepoint    ] Safepoint "Cleanup", Time since last: 1002113000 ns, Reaching safepoint: 1059834 ns, At safepoint: 33791 ns, Total: 1093625 ns
[2023-07-18T02:17:38.007+0000][1][safepoint    ] Safepoint "RevokeBias", Time since last: 679647084 ns, Reaching safepoint: 1540292 ns, At safepoint: 983333 ns, Total: 2523625 ns
[2023-07-18T02:17:39.011+0000][1][safepoint    ] Safepoint "Cleanup", Time since last: 1001553375 ns, Reaching safepoint: 2103834 ns, At safepoint: 30333 ns, Total: 2134167 ns
[2023-07-18T02:17:40.012+0000][1][safepoint    ] Safepoint "Cleanup", Time since last: 1000684292 ns, Reaching safepoint: 897209 ns, At safepoint: 21250 ns, Total: 918459 ns
[2023-07-18T02:17:41.077+0000][1][safepoint    ] Safepoint "Cleanup", Time since last: 1001072874 ns, Reaching safepoint: 2516792 ns, At safepoint: 71917 ns, Total: 2588709 ns
[2023-07-18T02:17:42.083+0000][1][safepoint    ] Safepoint "Cleanup", Time since last: 1001048667 ns, Reaching safepoint: 4027083 ns, At safepoint: 89750 ns, Total: 4116833 ns
[2023-07-18T02:17:43.089+0000][1][safepoint    ] Safepoint "Cleanup", Time since last: 1003269417 ns, Reaching safepoint: 3250834 ns, At safepoint: 127458 ns, Total: 3378292 ns
[2023-07-18T02:17:44.091+0000][1][safepoint    ] Safepoint "Cleanup", Time since last: 1001432875 ns, Reaching safepoint: 874959 ns, At safepoint: 21708 ns, Total: 896667 ns
[2023-07-18T02:17:45.094+0000][1][safepoint    ] Safepoint "Cleanup", Time since last: 1001276126 ns, Reaching safepoint: 1145250 ns, At safepoint: 14625 ns, Total: 1159875 ns
[2023-07-18T02:17:46.095+0000][1][safepoint    ] Safepoint "Cleanup", Time since last: 1000386625 ns, Reaching safepoint: 732917 ns, At safepoint: 16916 ns, Total: 749833 ns
[2023-07-18T02:17:47.096+0000][1][safepoint    ] Safepoint "Cleanup", Time since last: 1000371751 ns, Reaching safepoint: 1074833 ns, At safepoint: 22000 ns, Total: 1096833 ns
[2023-07-18T02:17:48.098+0000][1][safepoint    ] Safepoint "Cleanup", Time since last: 1000468667 ns, Reaching safepoint: 1199167 ns, At safepoint: 41125 ns, Total: 1240292 ns
[2023-07-18T02:17:49.100+0000][1][safepoint    ] Safepoint "Cleanup", Time since last: 1000559001 ns, Reaching safepoint: 1623208 ns, At safepoint: 20042 ns, Total: 1643250 ns
[2023-07-18T02:17:50.103+0000][1][safepoint    ] Safepoint "Cleanup", Time since last: 1000482167 ns, Reaching safepoint: 1762375 ns, At safepoint: 32416 ns, Total: 1794791 ns
[2023-07-18T02:17:51.105+0000][1][safepoint    ] Safepoint "Cleanup", Time since last: 1000660751 ns, Reaching safepoint: 1152833 ns, At safepoint: 22125 ns, Total: 1174958 ns
[2023-07-18T02:17:52.109+0000][1][safepoint    ] Safepoint "Cleanup", Time since last: 1000948459 ns, Reaching safepoint: 3644208 ns, At safepoint: 130292 ns, Total: 3774500 ns
[2023-07-18T02:17:53.113+0000][1][safepoint    ] Safepoint "Cleanup", Time since last: 1001296167 ns, Reaching safepoint: 2010375 ns, At safepoint: 48792 ns, Total: 2059167 ns
[2023-07-18T02:17:54.115+0000][1][safepoint    ] Safepoint "Cleanup", Time since last: 1000887084 ns, Reaching safepoint: 1150333 ns, At safepoint: 18750 ns, Total: 1169083 ns
[2023-07-18T02:17:55.119+0000][1][safepoint    ] Safepoint "Cleanup", Time since last: 1000933042 ns, Reaching safepoint: 3664792 ns, At safepoint: 86833 ns, Total: 3751625 ns
[2023-07-18T02:17:56.126+0000][1][safepoint    ] Safepoint "Cleanup", Time since last: 1002450709 ns, Reaching safepoint: 3771167 ns, At safepoint: 110416 ns, Total: 3881583 ns
[2023-07-18T02:17:57.128+0000][1][safepoint    ] Safepoint "Cleanup", Time since last: 1001789209 ns, Reaching safepoint: 1028958 ns, At safepoint: 16584 ns, Total: 1045542 ns
[2023-07-18T02:17:58.119+0000][1][safepoint    ] Safepoint "RevokeBias", Time since last: 988458583 ns, Reaching safepoint: 1677125 ns, At safepoint: 469834 ns, Total: 2146959 ns
[2023-07-18T02:17:59.121+0000][1][safepoint    ] Safepoint "Cleanup", Time since last: 1000716292 ns, Reaching safepoint: 1237000 ns, At safepoint: 18208 ns, Total: 1255208 ns
[2023-07-18T02:18:00.123+0000][1][safepoint    ] Safepoint "Cleanup", Time since last: 1000392292 ns, Reaching safepoint: 1626042 ns, At safepoint: 34000 ns, Total: 1660042 ns
[2023-07-18T02:18:01.126+0000][1][safepoint    ] Safepoint "Cleanup", Time since last: 1000841001 ns, Reaching safepoint: 2275750 ns, At safepoint: 46708 ns, Total: 2322458 ns
[2023-07-18T02:18:02.131+0000][1][safepoint    ] Safepoint "Cleanup", Time since last: 1001250375 ns, Reaching safepoint: 3568834 ns, At safepoint: 178000 ns, Total: 3746834 ns
[2023-07-18T02:18:03.134+0000][1][safepoint    ] Safepoint "Cleanup", Time since last: 1001142792 ns, Reaching safepoint: 1574208 ns, At safepoint: 30209 ns, Total: 1604417 ns
[2023-07-18T02:18:04.137+0000][1][safepoint    ] Safepoint "Cleanup", Time since last: 1001267250 ns, Reaching safepoint: 1638958 ns, At safepoint: 36250 ns, Total: 1675208 ns
[2023-07-18T02:18:05.140+0000][1][safepoint    ] Safepoint "Cleanup", Time since last: 1000884001 ns, Reaching safepoint: 1893375 ns, At safepoint: 36792 ns, Total: 1930167 ns
[2023-07-18T02:18:06.143+0000][1][safepoint    ] Safepoint "Cleanup", Time since last: 1000701667 ns, Reaching safepoint: 2355041 ns, At safepoint: 70250 ns, Total: 2425291 ns
[2023-07-18T02:18:07.148+0000][1][safepoint    ] Safepoint "Cleanup", Time since last: 1001671917 ns, Reaching safepoint: 3194875 ns, At safepoint: 82209 ns, Total: 3277084 ns
[2023-07-18T02:18:08.150+0000][1][safepoint    ] Safepoint "Cleanup", Time since last: 1001281792 ns, Reaching safepoint: 1196083 ns, At safepoint: 23917 ns, Total: 1220000 ns
[2023-07-18T02:18:09.152+0000][1][safepoint    ] Safepoint "Cleanup", Time since last: 1000945959 ns, Reaching safepoint: 976041 ns, At safepoint: 18834 ns, Total: 994875 ns
[2023-07-18T02:18:10.159+0000][1][safepoint    ] Safepoint "Cleanup", Time since last: 1000768959 ns, Reaching safepoint: 6076750 ns, At safepoint: 104750 ns, Total: 6181500 ns
[2023-07-18T02:18:11.163+0000][1][safepoint    ] Safepoint "Cleanup", Time since last: 1000986249 ns, Reaching safepoint: 2379834 ns, At safepoint: 56833 ns, Total: 2436667 ns
[2023-07-18T02:18:12.168+0000][1][safepoint    ] Safepoint "Cleanup", Time since last: 1001337084 ns, Reaching safepoint: 3637917 ns, At safepoint: 79958 ns, Total: 3717875 ns
[2023-07-18T02:18:13.173+0000][1][safepoint    ] Safepoint "Cleanup", Time since last: 1001193459 ns, Reaching safepoint: 4388500 ns, At safepoint: 108500 ns, Total: 4497000 ns
[2023-07-18T02:18:14.179+0000][1][safepoint    ] Safepoint "Cleanup", Time since last: 1001677834 ns, Reaching safepoint: 3572916 ns, At safepoint: 141625 ns, Total: 3714541 ns
[2023-07-18T02:18:15.183+0000][1][safepoint    ] Safepoint "Cleanup", Time since last: 1001361542 ns, Reaching safepoint: 3152000 ns, At safepoint: 60625 ns, Total: 3212625 ns
[2023-07-18T02:18:16.192+0000][1][safepoint    ] Safepoint "Cleanup", Time since last: 1003966459 ns, Reaching safepoint: 4591625 ns, At safepoint: 249875 ns, Total: 4841500 ns
[2023-07-18T02:18:17.196+0000][1][safepoint    ] Safepoint "Cleanup", Time since last: 1002611459 ns, Reaching safepoint: 1325125 ns, At safepoint: 42667 ns, Total: 1367792 ns
[2023-07-18T02:18:18.089+0000][1][safepoint    ] Safepoint "RevokeBias", Time since last: 890286500 ns, Reaching safepoint: 1750792 ns, At safepoint: 371166 ns, Total: 2121958 ns
[2023-07-18T02:18:18.123+0000][1][gc,start     ] GC(19) Pause Young (Allocation Failure)
[2023-07-18T02:18:18.125+0000][1][gc,task      ] GC(19) Using 4 workers of 4 for evacuation
[2023-07-18T02:18:18.185+0000][1][gc,age       ] GC(19) Desired survivor size 8945664 bytes, new threshold 6 (max threshold 6)
[2023-07-18T02:18:18.185+0000][1][gc,age       ] GC(19) Age table with threshold 6 (max threshold 6)
[2023-07-18T02:18:18.185+0000][1][gc,age       ] GC(19) - age   1:     198352 bytes,     198352 total
[2023-07-18T02:18:18.186+0000][1][gc,age       ] GC(19) - age   2:    1874128 bytes,    2072480 total
[2023-07-18T02:18:18.186+0000][1][gc,age       ] GC(19) - age   3:    5295896 bytes,    7368376 total
[2023-07-18T02:18:18.187+0000][1][gc,heap      ] GC(19) ParNew: 150579K->10239K(157248K)
[2023-07-18T02:18:18.187+0000][1][gc,heap      ] GC(19) CMS: 64438K->64438K(349568K)
[2023-07-18T02:18:18.187+0000][1][gc,metaspace ] GC(19) Metaspace: 88993K->88993K(1130496K)
[2023-07-18T02:18:18.188+0000][1][gc           ] GC(19) Pause Young (Allocation Failure) 209M->72M(494M) 64.554ms
[2023-07-18T02:18:18.188+0000][1][gc,cpu       ] GC(19) User=0.20s Sys=0.00s Real=0.07s
[2023-07-18T02:18:18.188+0000][1][safepoint    ] Safepoint "GenCollectForAllocation", Time since last: 33447084 ns, Reaching safepoint: 912666 ns, At safepoint: 65465584 ns, Total: 66378250 ns
[2023-07-18T02:18:18.288+0000][1][safepoint    ] Safepoint "RevokeBias", Time since last: 98279875 ns, Reaching safepoint: 1264541 ns, At safepoint: 92250 ns, Total: 1356791 ns
[2023-07-18T02:18:18.290+0000][1][safepoint    ] Safepoint "RevokeBias", Time since last: 1125542 ns, Reaching safepoint: 533208 ns, At safepoint: 55084 ns, Total: 588292 ns
[2023-07-18T02:18:18.291+0000][1][safepoint    ] Safepoint "RevokeBias", Time since last: 655750 ns, Reaching safepoint: 361958 ns, At safepoint: 45458 ns, Total: 407416 ns
[2023-07-18T02:18:18.292+0000][1][safepoint    ] Safepoint "RevokeBias", Time since last: 638834 ns, Reaching safepoint: 357583 ns, At safepoint: 50125 ns, Total: 407708 ns
[2023-07-18T02:18:18.293+0000][1][safepoint    ] Safepoint "RevokeBias", Time since last: 663292 ns, Reaching safepoint: 354958 ns, At safepoint: 50375 ns, Total: 405333 ns
[2023-07-18T02:18:19.294+0000][1][safepoint    ] Safepoint "Cleanup", Time since last: 1000335084 ns, Reaching safepoint: 1074583 ns, At safepoint: 33917 ns, Total: 1108500 ns
[2023-07-18T02:18:20.298+0000][1][safepoint    ] Safepoint "Cleanup", Time since last: 1000617500 ns, Reaching safepoint: 2751250 ns, At safepoint: 68000 ns, Total: 2819250 ns
[2023-07-18T02:18:21.302+0000][1][safepoint    ] Safepoint "Cleanup", Time since last: 1003165168 ns, Reaching safepoint: 977875 ns, At safepoint: 19625 ns, Total: 997500 ns
[2023-07-18T02:18:22.304+0000][1][safepoint    ] Safepoint "Cleanup", Time since last: 1000549417 ns, Reaching safepoint: 1854416 ns, At safepoint: 46917 ns, Total: 1901333 ns
[2023-07-18T02:18:23.310+0000][1][safepoint    ] Safepoint "Cleanup", Time since last: 1000913209 ns, Reaching safepoint: 4073375 ns, At safepoint: 122042 ns, Total: 4195417 ns
[2023-07-18T02:18:24.314+0000][1][safepoint    ] Safepoint "Cleanup", Time since last: 1001310333 ns, Reaching safepoint: 2677000 ns, At safepoint: 77417 ns, Total: 2754417 ns
[2023-07-18T02:18:25.317+0000][1][safepoint    ] Safepoint "Cleanup", Time since last: 1000942334 ns, Reaching safepoint: 2665041 ns, At safepoint: 81167 ns, Total: 2746208 ns
[2023-07-18T02:18:26.323+0000][1][safepoint    ] Safepoint "Cleanup", Time since last: 1001068459 ns, Reaching safepoint: 4599792 ns, At safepoint: 95708 ns, Total: 4695500 ns
[2023-07-18T02:18:27.328+0000][1][safepoint    ] Safepoint "Cleanup", Time since last: 1002050542 ns, Reaching safepoint: 2418333 ns, At safepoint: 54959 ns, Total: 2473292 ns
[2023-07-18T02:18:28.331+0000][1][safepoint    ] Safepoint "Cleanup", Time since last: 1001830084 ns, Reaching safepoint: 1137000 ns, At safepoint: 16500 ns, Total: 1153500 ns
[2023-07-18T02:18:29.333+0000][1][safepoint    ] Safepoint "Cleanup", Time since last: 1000663875 ns, Reaching safepoint: 2041750 ns, At safepoint: 58875 ns, Total: 2100625 ns
[2023-07-18T02:18:30.337+0000][1][safepoint    ] Safepoint "Cleanup", Time since last: 1000713292 ns, Reaching safepoint: 2957834 ns, At safepoint: 63125 ns, Total: 3020959 ns
[2023-07-18T02:18:31.345+0000][1][safepoint    ] Safepoint "Cleanup", Time since last: 1002568708 ns, Reaching safepoint: 4743292 ns, At safepoint: 133667 ns, Total: 4876959 ns
[2023-07-18T02:18:32.352+0000][1][safepoint    ] Safepoint "Cleanup", Time since last: 1003567709 ns, Reaching safepoint: 3868541 ns, At safepoint: 93959 ns, Total: 3962500 ns
[2023-07-18T02:18:33.361+0000][1][safepoint    ] Safepoint "Cleanup", Time since last: 1006348958 ns, Reaching safepoint: 2746459 ns, At safepoint: 96208 ns, Total: 2842667 ns
[2023-07-18T02:18:34.366+0000][1][safepoint    ] Safepoint "Cleanup", Time since last: 1001339292 ns, Reaching safepoint: 3351875 ns, At safepoint: 72875 ns, Total: 3424750 ns
[2023-07-18T02:18:35.370+0000][1][safepoint    ] Safepoint "Cleanup", Time since last: 1001055584 ns, Reaching safepoint: 2534500 ns, At safepoint: 78167 ns, Total: 2612667 ns
[2023-07-18T02:18:36.372+0000][1][safepoint    ] Safepoint "Cleanup", Time since last: 1002034458 ns, Reaching safepoint: 784709 ns, At safepoint: 16458 ns, Total: 801167 ns
[2023-07-18T02:18:37.378+0000][1][safepoint    ] Safepoint "Cleanup", Time since last: 1001992042 ns, Reaching safepoint: 3395584 ns, At safepoint: 84458 ns, Total: 3480042 ns
[2023-07-18T02:18:38.381+0000][1][safepoint    ] Safepoint "Cleanup", Time since last: 1001463500 ns, Reaching safepoint: 1656417 ns, At safepoint: 25292 ns, Total: 1681709 ns
[2023-07-18T02:18:39.386+0000][1][safepoint    ] Safepoint "Cleanup", Time since last: 1001592667 ns, Reaching safepoint: 3365167 ns, At safepoint: 100500 ns, Total: 3465667 ns
[2023-07-18T02:18:40.393+0000][1][safepoint    ] Safepoint "Cleanup", Time since last: 1002539333 ns, Reaching safepoint: 4035750 ns, At safepoint: 90417 ns, Total: 4126167 ns
[2023-07-18T02:18:41.397+0000][1][safepoint    ] Safepoint "Cleanup", Time since last: 1002409708 ns, Reaching safepoint: 2010417 ns, At safepoint: 70500 ns, Total: 2080917 ns
[2023-07-18T02:18:42.400+0000][1][safepoint    ] Safepoint "Cleanup", Time since last: 1001299834 ns, Reaching safepoint: 1843583 ns, At safepoint: 28708 ns, Total: 1872291 ns
[2023-07-18T02:18:43.407+0000][1][safepoint    ] Safepoint "Cleanup", Time since last: 1005638209 ns, Reaching safepoint: 917750 ns, At safepoint: 17375 ns, Total: 935125 ns
[2023-07-18T02:18:44.411+0000][1][safepoint    ] Safepoint "Cleanup", Time since last: 1000857459 ns, Reaching safepoint: 2803000 ns, At safepoint: 134167 ns, Total: 2937167 ns
[2023-07-18T02:18:45.418+0000][1][safepoint    ] Safepoint "Cleanup", Time since last: 1003133708 ns, Reaching safepoint: 3666584 ns, At safepoint: 86375 ns, Total: 3752959 ns
[2023-07-18T02:18:46.421+0000][1][safepoint    ] Safepoint "Cleanup", Time since last: 1001762959 ns, Reaching safepoint: 1928166 ns, At safepoint: 68792 ns, Total: 1996958 ns
[2023-07-18T02:18:47.423+0000][1][safepoint    ] Safepoint "Cleanup", Time since last: 1000840542 ns, Reaching safepoint: 861083 ns, At safepoint: 20709 ns, Total: 881792 ns
[2023-07-18T02:18:48.433+0000][1][safepoint    ] Safepoint "Cleanup", Time since last: 1003300917 ns, Reaching safepoint: 5989958 ns, At safepoint: 166042 ns, Total: 6156000 ns
[2023-07-18T02:18:49.449+0000][1][safepoint    ] Safepoint "Cleanup", Time since last: 1016039459 ns, Reaching safepoint: 980750 ns, At safepoint: 14708 ns, Total: 995458 ns
[2023-07-18T02:18:50.451+0000][1][safepoint    ] Safepoint "Cleanup", Time since last: 1000479251 ns, Reaching safepoint: 1055458 ns, At safepoint: 22333 ns, Total: 1077791 ns
[2023-07-18T02:18:51.456+0000][1][safepoint    ] Safepoint "Cleanup", Time since last: 1001035834 ns, Reaching safepoint: 3383792 ns, At safepoint: 97666 ns, Total: 3481458 ns
[2023-07-18T02:18:52.463+0000][1][safepoint    ] Safepoint "Cleanup", Time since last: 1001246542 ns, Reaching safepoint: 5745875 ns, At safepoint: 75875 ns, Total: 5821750 ns
[2023-07-18T02:18:53.468+0000][1][safepoint    ] Safepoint "Cleanup", Time since last: 1000969543 ns, Reaching safepoint: 4209666 ns, At safepoint: 128584 ns, Total: 4338250 ns
[2023-07-18T02:18:54.474+0000][1][safepoint    ] Safepoint "Cleanup", Time since last: 1001563917 ns, Reaching safepoint: 4642208 ns, At safepoint: 114458 ns, Total: 4756666 ns
[2023-07-18T02:18:55.480+0000][1][safepoint    ] Safepoint "Cleanup", Time since last: 1002847084 ns, Reaching safepoint: 3001792 ns, At safepoint: 85708 ns, Total: 3087500 ns
[2023-07-18T02:18:56.486+0000][1][safepoint    ] Safepoint "Cleanup", Time since last: 1002002334 ns, Reaching safepoint: 4148333 ns, At safepoint: 96292 ns, Total: 4244625 ns
[2023-07-18T02:18:57.492+0000][1][safepoint    ] Safepoint "Cleanup", Time since last: 1001405834 ns, Reaching safepoint: 4147792 ns, At safepoint: 135916 ns, Total: 4283708 ns
[2023-07-18T02:18:58.500+0000][1][safepoint    ] Safepoint "Cleanup", Time since last: 1002536626 ns, Reaching safepoint: 5009708 ns, At safepoint: 114958 ns, Total: 5124666 ns
[2023-07-18T02:18:59.505+0000][1][safepoint    ] Safepoint "Cleanup", Time since last: 1002228334 ns, Reaching safepoint: 3164667 ns, At safepoint: 128083 ns, Total: 3292750 ns
[2023-07-18T02:19:00.511+0000][1][safepoint    ] Safepoint "Cleanup", Time since last: 1001360167 ns, Reaching safepoint: 3822750 ns, At safepoint: 91750 ns, Total: 3914500 ns
[2023-07-18T02:19:01.517+0000][1][safepoint    ] Safepoint "Cleanup", Time since last: 1002766001 ns, Reaching safepoint: 3757166 ns, At safepoint: 78709 ns, Total: 3835875 ns
[2023-07-18T02:19:02.524+0000][1][safepoint    ] Safepoint "Cleanup", Time since last: 1001179875 ns, Reaching safepoint: 5679667 ns, At safepoint: 185250 ns, Total: 5864917 ns
[2023-07-18T02:19:03.532+0000][1][safepoint    ] Safepoint "Cleanup", Time since last: 1002548209 ns, Reaching safepoint: 4710750 ns, At safepoint: 173375 ns, Total: 4884125 ns
[2023-07-18T02:19:04.534+0000][1][safepoint    ] Safepoint "Cleanup", Time since last: 1001408292 ns, Reaching safepoint: 980458 ns, At safepoint: 16417 ns, Total: 996875 ns
[2023-07-18T02:19:05.536+0000][1][safepoint    ] Safepoint "Cleanup", Time since last: 1000724917 ns, Reaching safepoint: 1183708 ns, At safepoint: 21417 ns, Total: 1205125 ns
[2023-07-18T02:19:06.543+0000][1][safepoint    ] Safepoint "Cleanup", Time since last: 1001437501 ns, Reaching safepoint: 5169958 ns, At safepoint: 111833 ns, Total: 5281791 ns
[2023-07-18T02:19:07.551+0000][1][safepoint    ] Safepoint "Cleanup", Time since last: 1003383209 ns, Reaching safepoint: 5153708 ns, At safepoint: 109875 ns, Total: 5263583 ns
[2023-07-18T02:19:08.078+0000][1][safepoint    ] Safepoint "RevokeBias", Time since last: 524449542 ns, Reaching safepoint: 1613917 ns, At safepoint: 1038708 ns, Total: 2652625 ns
[2023-07-18T02:19:09.088+0000][1][safepoint    ] Safepoint "Cleanup", Time since last: 1003547084 ns, Reaching safepoint: 5266667 ns, At safepoint: 178458 ns, Total: 5445125 ns
[2023-07-18T02:19:10.090+0000][1][safepoint    ] Safepoint "Cleanup", Time since last: 1001954501 ns, Reaching safepoint: 848458 ns, At safepoint: 18417 ns, Total: 866875 ns
[2023-07-18T02:19:11.093+0000][1][safepoint    ] Safepoint "Cleanup", Time since last: 1000490791 ns, Reaching safepoint: 2116958 ns, At safepoint: 96209 ns, Total: 2213167 ns
[2023-07-18T02:19:12.097+0000][1][safepoint    ] Safepoint "Cleanup", Time since last: 1000860167 ns, Reaching safepoint: 3544750 ns, At safepoint: 72042 ns, Total: 3616792 ns
[2023-07-18T02:19:13.103+0000][1][safepoint    ] Safepoint "Cleanup", Time since last: 1001168208 ns, Reaching safepoint: 4690125 ns, At safepoint: 107667 ns, Total: 4797792 ns
[2023-07-18T02:19:14.110+0000][1][safepoint    ] Safepoint "Cleanup", Time since last: 1002645834 ns, Reaching safepoint: 4261208 ns, At safepoint: 116833 ns, Total: 4378041 ns
[2023-07-18T02:19:15.113+0000][1][safepoint    ] Safepoint "Cleanup", Time since last: 1001108084 ns, Reaching safepoint: 1065792 ns, At safepoint: 45625 ns, Total: 1111417 ns
[2023-07-18T02:19:16.116+0000][1][safepoint    ] Safepoint "Cleanup", Time since last: 1000527584 ns, Reaching safepoint: 2546791 ns, At safepoint: 92292 ns, Total: 2639083 ns
[2023-07-18T02:19:17.124+0000][1][safepoint    ] Safepoint "Cleanup", Time since last: 1003503292 ns, Reaching safepoint: 4329000 ns, At safepoint: 126959 ns, Total: 4455959 ns
[2023-07-18T02:19:18.126+0000][1][safepoint    ] Safepoint "Cleanup", Time since last: 1001181625 ns, Reaching safepoint: 1490875 ns, At safepoint: 22042 ns, Total: 1512917 ns
[2023-07-18T02:19:19.131+0000][1][safepoint    ] Safepoint "Cleanup", Time since last: 1001333167 ns, Reaching safepoint: 2755583 ns, At safepoint: 44625 ns, Total: 2800208 ns
[2023-07-18T02:19:20.133+0000][1][safepoint    ] Safepoint "Cleanup", Time since last: 1000867042 ns, Reaching safepoint: 1329834 ns, At safepoint: 30166 ns, Total: 1360000 ns
[2023-07-18T02:19:21.134+0000][1][safepoint    ] Safepoint "Cleanup", Time since last: 1000531417 ns, Reaching safepoint: 1139750 ns, At safepoint: 27750 ns, Total: 1167500 ns
[2023-07-18T02:19:22.141+0000][1][safepoint    ] Safepoint "Cleanup", Time since last: 1001047293 ns, Reaching safepoint: 5004458 ns, At safepoint: 153167 ns, Total: 5157625 ns
[2023-07-18T02:19:23.149+0000][1][safepoint    ] Safepoint "Cleanup", Time since last: 1003238625 ns, Reaching safepoint: 5341750 ns, At safepoint: 146542 ns, Total: 5488292 ns
[2023-07-18T02:19:26.155+0000][1][safepoint    ] Safepoint "Cleanup", Time since last: 3003081585 ns, Reaching safepoint: 2288333 ns, At safepoint: 39042 ns, Total: 2327375 ns
[2023-07-18T02:19:28.158+0000][1][safepoint    ] Safepoint "Cleanup", Time since last: 2001394334 ns, Reaching safepoint: 2045083 ns, At safepoint: 26875 ns, Total: 2071958 ns
[2023-07-18T02:19:28.505+0000][1][safepoint    ] Safepoint "RevokeBias", Time since last: 345604375 ns, Reaching safepoint: 1139792 ns, At safepoint: 111833 ns, Total: 1251625 ns
[2023-07-18T02:19:28.570+0000][1][safepoint    ] Safepoint "RevokeBias", Time since last: 63772709 ns, Reaching safepoint: 832916 ns, At safepoint: 207000 ns, Total: 1039916 ns
[2023-07-18T02:19:28.573+0000][1][safepoint    ] Safepoint "RevokeBias", Time since last: 2125500 ns, Reaching safepoint: 785250 ns, At safepoint: 93917 ns, Total: 879167 ns
[2023-07-18T02:19:28.575+0000][1][safepoint    ] Safepoint "RevokeBias", Time since last: 1436875 ns, Reaching safepoint: 413125 ns, At safepoint: 63083 ns, Total: 476208 ns
[2023-07-18T02:19:28.577+0000][1][safepoint    ] Safepoint "RevokeBias", Time since last: 1518542 ns, Reaching safepoint: 596208 ns, At safepoint: 63792 ns, Total: 660000 ns
[2023-07-18T02:19:30.579+0000][1][safepoint    ] Safepoint "Cleanup", Time since last: 2000828459 ns, Reaching safepoint: 1234917 ns, At safepoint: 31792 ns, Total: 1266709 ns
[2023-07-18T02:19:31.581+0000][1][safepoint    ] Safepoint "Cleanup", Time since last: 1000866708 ns, Reaching safepoint: 1027209 ns, At safepoint: 21625 ns, Total: 1048834 ns
[2023-07-18T02:19:33.585+0000][1][safepoint    ] Safepoint "Cleanup", Time since last: 2001030417 ns, Reaching safepoint: 3124167 ns, At safepoint: 68042 ns, Total: 3192209 ns
[2023-07-18T02:19:34.588+0000][1][safepoint    ] Safepoint "Cleanup", Time since last: 1002154334 ns, Reaching safepoint: 948000 ns, At safepoint: 19208 ns, Total: 967208 ns
[2023-07-18T02:19:37.596+0000][1][safepoint    ] Safepoint "Cleanup", Time since last: 3005875668 ns, Reaching safepoint: 1777042 ns, At safepoint: 34958 ns, Total: 1812000 ns
[2023-07-18T02:19:38.598+0000][1][safepoint    ] Safepoint "Cleanup", Time since last: 1001035959 ns, Reaching safepoint: 1007125 ns, At safepoint: 15500 ns, Total: 1022625 ns
[2023-07-18T02:19:39.599+0000][1][safepoint    ] Safepoint "Cleanup", Time since last: 1000415209 ns, Reaching safepoint: 770291 ns, At safepoint: 15959 ns, Total: 786250 ns
[2023-07-18T02:19:40.601+0000][1][safepoint    ] Safepoint "Cleanup", Time since last: 1000795083 ns, Reaching safepoint: 1106084 ns, At safepoint: 26958 ns, Total: 1133042 ns
[2023-07-18T02:19:46.607+0000][1][safepoint    ] Safepoint "Cleanup", Time since last: 6003338419 ns, Reaching safepoint: 2314875 ns, At safepoint: 45084 ns, Total: 2359959 ns
[2023-07-18T02:19:47.609+0000][1][safepoint    ] Safepoint "Cleanup", Time since last: 1001698125 ns, Reaching safepoint: 864292 ns, At safepoint: 25291 ns, Total: 889583 ns
[2023-07-18T02:19:48.613+0000][1][safepoint    ] Safepoint "Cleanup", Time since last: 1000494334 ns, Reaching safepoint: 3440959 ns, At safepoint: 50583 ns, Total: 3491542 ns
[2023-07-18T02:19:50.616+0000][1][safepoint    ] Safepoint "Cleanup", Time since last: 2001776043 ns, Reaching safepoint: 810916 ns, At safepoint: 18709 ns, Total: 829625 ns
[2023-07-18T02:19:52.810+0000][1][safepoint    ] Safepoint "RevokeBias", Time since last: 2191313001 ns, Reaching safepoint: 2096291 ns, At safepoint: 234000 ns, Total: 2330291 ns
[2023-07-18T02:19:53.813+0000][1][safepoint    ] Safepoint "Cleanup", Time since last: 1002090917 ns, Reaching safepoint: 1763834 ns, At safepoint: 42500 ns, Total: 1806334 ns
[2023-07-18T02:19:54.819+0000][1][safepoint    ] Safepoint "Cleanup", Time since last: 1000897417 ns, Reaching safepoint: 4740542 ns, At safepoint: 90458 ns, Total: 4831000 ns
[2023-07-18T02:19:55.821+0000][1][safepoint    ] Safepoint "Cleanup", Time since last: 1001211959 ns, Reaching safepoint: 847375 ns, At safepoint: 16333 ns, Total: 863708 ns
[2023-07-18T02:19:56.828+0000][1][safepoint    ] Safepoint "Cleanup", Time since last: 1001020917 ns, Reaching safepoint: 5681542 ns, At safepoint: 136542 ns, Total: 5818084 ns
[2023-07-18T02:19:58.077+0000][1][safepoint    ] Safepoint "RevokeBias", Time since last: 1246546125 ns, Reaching safepoint: 1831333 ns, At safepoint: 408959 ns, Total: 2240292 ns
[2023-07-18T02:19:59.080+0000][1][safepoint    ] Safepoint "Cleanup", Time since last: 1000749792 ns, Reaching safepoint: 2717083 ns, At safepoint: 44834 ns, Total: 2761917 ns
[2023-07-18T02:20:05.085+0000][1][safepoint    ] Safepoint "Cleanup", Time since last: 6003082127 ns, Reaching safepoint: 1774500 ns, At safepoint: 31042 ns, Total: 1805542 ns
[2023-07-18T02:20:08.034+0000][1][gc,start     ] GC(20) Pause Young (Allocation Failure)
[2023-07-18T02:20:08.035+0000][1][gc,task      ] GC(20) Using 4 workers of 4 for evacuation
[2023-07-18T02:20:08.081+0000][1][gc,age       ] GC(20) Desired survivor size 8945664 bytes, new threshold 6 (max threshold 6)
[2023-07-18T02:20:08.082+0000][1][gc,age       ] GC(20) Age table with threshold 6 (max threshold 6)
[2023-07-18T02:20:08.082+0000][1][gc,age       ] GC(20) - age   1:     191856 bytes,     191856 total
[2023-07-18T02:20:08.082+0000][1][gc,age       ] GC(20) - age   2:      87576 bytes,     279432 total
[2023-07-18T02:20:08.082+0000][1][gc,age       ] GC(20) - age   3:    1869472 bytes,    2148904 total
[2023-07-18T02:20:08.082+0000][1][gc,age       ] GC(20) - age   4:    5295656 bytes,    7444560 total
[2023-07-18T02:20:08.083+0000][1][gc,heap      ] GC(20) ParNew: 149969K->10528K(157248K)
[2023-07-18T02:20:08.083+0000][1][gc,heap      ] GC(20) CMS: 64438K->64438K(349568K)
[2023-07-18T02:20:08.084+0000][1][gc,metaspace ] GC(20) Metaspace: 89587K->89587K(1132544K)
[2023-07-18T02:20:08.084+0000][1][gc           ] GC(20) Pause Young (Allocation Failure) 209M->73M(494M) 50.950ms
[2023-07-18T02:20:08.085+0000][1][gc,cpu       ] GC(20) User=0.13s Sys=0.01s Real=0.06s
[2023-07-18T02:20:08.085+0000][1][safepoint    ] Safepoint "GenCollectForAllocation", Time since last: 2946795252 ns, Reaching safepoint: 1046125 ns, At safepoint: 51856250 ns, Total: 52902375 ns
[2023-07-18T02:20:09.088+0000][1][safepoint    ] Safepoint "Cleanup", Time since last: 1000833375 ns, Reaching safepoint: 2503542 ns, At safepoint: 43500 ns, Total: 2547042 ns
[2023-07-18T02:20:11.093+0000][1][safepoint    ] Safepoint "Cleanup", Time since last: 2002215292 ns, Reaching safepoint: 1927958 ns, At safepoint: 33958 ns, Total: 1961916 ns
[2023-07-18T02:20:13.097+0000][1][safepoint    ] Safepoint "Cleanup", Time since last: 2001811085 ns, Reaching safepoint: 1964250 ns, At safepoint: 40458 ns, Total: 2004708 ns
[2023-07-18T02:20:15.101+0000][1][safepoint    ] Safepoint "Cleanup", Time since last: 2001325001 ns, Reaching safepoint: 2709250 ns, At safepoint: 60792 ns, Total: 2770042 ns
[2023-07-18T02:20:17.103+0000][1][safepoint    ] Safepoint "Cleanup", Time since last: 2001171542 ns, Reaching safepoint: 855084 ns, At safepoint: 16500 ns, Total: 871584 ns
[2023-07-18T02:20:18.072+0000][1][safepoint    ] Safepoint "RevokeBias", Time since last: 967264583 ns, Reaching safepoint: 1558959 ns, At safepoint: 362750 ns, Total: 1921709 ns
[2023-07-18T02:20:19.074+0000][1][safepoint    ] Safepoint "Cleanup", Time since last: 1000629959 ns, Reaching safepoint: 1127583 ns, At safepoint: 17625 ns, Total: 1145208 ns
[2023-07-18T02:20:21.082+0000][1][safepoint    ] Safepoint "Cleanup", Time since last: 2001322417 ns, Reaching safepoint: 6273875 ns, At safepoint: 123000 ns, Total: 6396875 ns
[2023-07-18T02:20:24.085+0000][1][safepoint    ] Safepoint "Cleanup", Time since last: 3001536710 ns, Reaching safepoint: 2414084 ns, At safepoint: 55458 ns, Total: 2469542 ns
[2023-07-18T02:20:25.091+0000][1][safepoint    ] Safepoint "Cleanup", Time since last: 1000940584 ns, Reaching safepoint: 4516541 ns, At safepoint: 127125 ns, Total: 4643666 ns
[2023-07-18T02:20:26.095+0000][1][safepoint    ] Safepoint "Cleanup", Time since last: 1001361876 ns, Reaching safepoint: 2401333 ns, At safepoint: 83250 ns, Total: 2484583 ns
[2023-07-18T02:20:27.098+0000][1][safepoint    ] Safepoint "Cleanup", Time since last: 1001936751 ns, Reaching safepoint: 999333 ns, At safepoint: 21875 ns, Total: 1021208 ns
[2023-07-18T02:20:28.100+0000][1][safepoint    ] Safepoint "Cleanup", Time since last: 1000417334 ns, Reaching safepoint: 1428583 ns, At safepoint: 36125 ns, Total: 1464708 ns
[2023-07-18T02:20:29.104+0000][1][safepoint    ] Safepoint "Cleanup", Time since last: 1001361417 ns, Reaching safepoint: 2559500 ns, At safepoint: 44042 ns, Total: 2603542 ns
[2023-07-18T02:20:31.110+0000][1][safepoint    ] Safepoint "Cleanup", Time since last: 2001859293 ns, Reaching safepoint: 4113833 ns, At safepoint: 68333 ns, Total: 4182166 ns
[2023-07-18T02:20:36.115+0000][1][safepoint    ] Safepoint "Cleanup", Time since last: 5003715878 ns, Reaching safepoint: 1043375 ns, At safepoint: 23750 ns, Total: 1067125 ns
[2023-07-18T02:20:38.117+0000][1][safepoint    ] Safepoint "Cleanup", Time since last: 2001194001 ns, Reaching safepoint: 1526291 ns, At safepoint: 21042 ns, Total: 1547333 ns
[2023-07-18T02:20:39.120+0000][1][safepoint    ] Safepoint "Cleanup", Time since last: 1000673667 ns, Reaching safepoint: 2331292 ns, At safepoint: 31416 ns, Total: 2362708 ns
[2023-07-18T02:20:40.124+0000][1][safepoint    ] Safepoint "Cleanup", Time since last: 1000693626 ns, Reaching safepoint: 3260708 ns, At safepoint: 73792 ns, Total: 3334500 ns
[2023-07-18T02:20:42.127+0000][1][safepoint    ] Safepoint "Cleanup", Time since last: 2001259042 ns, Reaching safepoint: 1412417 ns, At safepoint: 25458 ns, Total: 1437875 ns
[2023-07-18T02:20:45.134+0000][1][safepoint    ] Safepoint "Cleanup", Time since last: 3003208085 ns, Reaching safepoint: 3930750 ns, At safepoint: 65875 ns, Total: 3996625 ns
[2023-07-18T02:20:48.124+0000][1][safepoint    ] Safepoint "RevokeBias", Time since last: 2987195209 ns, Reaching safepoint: 2287959 ns, At safepoint: 753250 ns, Total: 3041209 ns
[2023-07-18T02:20:48.682+0000][1][safepoint    ] Safepoint "RevokeBias", Time since last: 556401292 ns, Reaching safepoint: 1020625 ns, At safepoint: 84458 ns, Total: 1105083 ns
[2023-07-18T02:20:48.686+0000][1][safepoint    ] Safepoint "RevokeBias", Time since last: 4161292 ns, Reaching safepoint: 405291 ns, At safepoint: 55917 ns, Total: 461208 ns
[2023-07-18T02:20:48.716+0000][1][safepoint    ] Safepoint "RevokeBias", Time since last: 28705583 ns, Reaching safepoint: 965084 ns, At safepoint: 87333 ns, Total: 1052417 ns
[2023-07-18T02:20:48.717+0000][1][safepoint    ] Safepoint "RevokeBias", Time since last: 456542 ns, Reaching safepoint: 494708 ns, At safepoint: 45500 ns, Total: 540208 ns
[2023-07-18T02:20:48.721+0000][1][safepoint    ] Safepoint "RevokeBias", Time since last: 3306333 ns, Reaching safepoint: 440459 ns, At safepoint: 61791 ns, Total: 502250 ns
[2023-07-18T02:20:48.722+0000][1][safepoint    ] Safepoint "RevokeBias", Time since last: 373625 ns, Reaching safepoint: 327500 ns, At safepoint: 59959 ns, Total: 387459 ns
[2023-07-18T02:20:48.725+0000][1][safepoint    ] Safepoint "RevokeBias", Time since last: 2855208 ns, Reaching safepoint: 387583 ns, At safepoint: 47875 ns, Total: 435458 ns
[2023-07-18T02:20:48.726+0000][1][safepoint    ] Safepoint "RevokeBias", Time since last: 224917 ns, Reaching safepoint: 303125 ns, At safepoint: 37542 ns, Total: 340667 ns
[2023-07-18T02:20:48.728+0000][1][safepoint    ] Safepoint "RevokeBias", Time since last: 2063750 ns, Reaching safepoint: 353208 ns, At safepoint: 38833 ns, Total: 392041 ns
[2023-07-18T02:20:48.729+0000][1][safepoint    ] Safepoint "RevokeBias", Time since last: 235875 ns, Reaching safepoint: 314625 ns, At safepoint: 50167 ns, Total: 364792 ns
[2023-07-18T02:20:48.731+0000][1][safepoint    ] Safepoint "RevokeBias", Time since last: 2209917 ns, Reaching safepoint: 458625 ns, At safepoint: 71416 ns, Total: 530041 ns
[2023-07-18T02:20:48.732+0000][1][safepoint    ] Safepoint "RevokeBias", Time since last: 532625 ns, Reaching safepoint: 462500 ns, At safepoint: 48167 ns, Total: 510667 ns
[2023-07-18T02:20:48.735+0000][1][safepoint    ] Safepoint "RevokeBias", Time since last: 2382708 ns, Reaching safepoint: 416792 ns, At safepoint: 49625 ns, Total: 466417 ns
[2023-07-18T02:20:48.736+0000][1][safepoint    ] Safepoint "RevokeBias", Time since last: 239667 ns, Reaching safepoint: 347083 ns, At safepoint: 45542 ns, Total: 392625 ns
[2023-07-18T02:20:48.739+0000][1][safepoint    ] Safepoint "RevokeBias", Time since last: 2276333 ns, Reaching safepoint: 447750 ns, At safepoint: 63875 ns, Total: 511625 ns
[2023-07-18T02:20:48.758+0000][1][safepoint    ] Safepoint "RevokeBias", Time since last: 18622625 ns, Reaching safepoint: 496792 ns, At safepoint: 66791 ns, Total: 563583 ns
[2023-07-18T02:20:48.760+0000][1][safepoint    ] Safepoint "RevokeBias", Time since last: 1241875 ns, Reaching safepoint: 483750 ns, At safepoint: 53292 ns, Total: 537042 ns
[2023-07-18T02:20:49.764+0000][1][safepoint    ] Safepoint "Cleanup", Time since last: 1000806001 ns, Reaching safepoint: 2999375 ns, At safepoint: 185375 ns, Total: 3184750 ns
[2023-07-18T02:20:50.769+0000][1][safepoint    ] Safepoint "Cleanup", Time since last: 1003177958 ns, Reaching safepoint: 1735917 ns, At safepoint: 30917 ns, Total: 1766834 ns
[2023-07-18T02:20:51.772+0000][1][safepoint    ] Safepoint "Cleanup", Time since last: 1001768625 ns, Reaching safepoint: 1843875 ns, At safepoint: 36667 ns, Total: 1880542 ns
[2023-07-18T02:20:53.776+0000][1][safepoint    ] Safepoint "Cleanup", Time since last: 2001385251 ns, Reaching safepoint: 2196750 ns, At safepoint: 40916 ns, Total: 2237666 ns
[2023-07-18T02:20:58.782+0000][1][safepoint    ] Safepoint "Cleanup", Time since last: 5003459503 ns, Reaching safepoint: 3086541 ns, At safepoint: 44209 ns, Total: 3130750 ns
[2023-07-18T02:20:59.784+0000][1][safepoint    ] Safepoint "Cleanup", Time since last: 1000706084 ns, Reaching safepoint: 980791 ns, At safepoint: 23084 ns, Total: 1003875 ns
[2023-07-18T02:21:02.787+0000][1][safepoint    ] Safepoint "Cleanup", Time since last: 3001349543 ns, Reaching safepoint: 1205208 ns, At safepoint: 21000 ns, Total: 1226208 ns
[2023-07-18T02:21:03.790+0000][1][safepoint    ] Safepoint "Cleanup", Time since last: 1000630126 ns, Reaching safepoint: 2070583 ns, At safepoint: 48875 ns, Total: 2119458 ns
[2023-07-18T02:21:06.795+0000][1][safepoint    ] Safepoint "Cleanup", Time since last: 3002379960 ns, Reaching safepoint: 2666583 ns, At safepoint: 47250 ns, Total: 2713833 ns
[2023-07-18T02:21:08.797+0000][1][safepoint    ] Safepoint "Cleanup", Time since last: 2001126376 ns, Reaching safepoint: 808250 ns, At safepoint: 16083 ns, Total: 824333 ns
[2023-07-18T02:21:09.799+0000][1][safepoint    ] Safepoint "Cleanup", Time since last: 1001287167 ns, Reaching safepoint: 1347209 ns, At safepoint: 32750 ns, Total: 1379959 ns
[2023-07-18T02:21:14.805+0000][1][safepoint    ] Safepoint "Cleanup", Time since last: 5004863793 ns, Reaching safepoint: 965000 ns, At safepoint: 19625 ns, Total: 984625 ns
[2023-07-18T02:21:18.081+0000][1][safepoint    ] Safepoint "RevokeBias", Time since last: 3271685710 ns, Reaching safepoint: 2411042 ns, At safepoint: 982833 ns, Total: 3393875 ns
[2023-07-18T02:21:19.089+0000][1][safepoint    ] Safepoint "Cleanup", Time since last: 1001637834 ns, Reaching safepoint: 6237167 ns, At safepoint: 126750 ns, Total: 6363917 ns
[2023-07-18T02:21:21.093+0000][1][safepoint    ] Safepoint "Cleanup", Time since last: 2001383292 ns, Reaching safepoint: 3079417 ns, At safepoint: 106208 ns, Total: 3185625 ns
[2023-07-18T02:21:23.099+0000][1][safepoint    ] Safepoint "Cleanup", Time since last: 2002294001 ns, Reaching safepoint: 3668083 ns, At safepoint: 103667 ns, Total: 3771750 ns
[2023-07-18T02:21:27.103+0000][1][safepoint    ] Safepoint "Cleanup", Time since last: 4001839752 ns, Reaching safepoint: 2122708 ns, At safepoint: 40125 ns, Total: 2162833 ns
[2023-07-18T02:21:28.106+0000][1][safepoint    ] Safepoint "Cleanup", Time since last: 1001604084 ns, Reaching safepoint: 1504917 ns, At safepoint: 25750 ns, Total: 1530667 ns
[2023-07-18T02:21:29.110+0000][1][safepoint    ] Safepoint "Cleanup", Time since last: 1000608334 ns, Reaching safepoint: 2794208 ns, At safepoint: 81750 ns, Total: 2875958 ns
[2023-07-18T02:21:30.111+0000][1][safepoint    ] Safepoint "Cleanup", Time since last: 1000779542 ns, Reaching safepoint: 816458 ns, At safepoint: 31500 ns, Total: 847958 ns
[2023-07-18T02:21:32.118+0000][1][safepoint    ] Safepoint "Cleanup", Time since last: 2001029043 ns, Reaching safepoint: 5036500 ns, At safepoint: 119167 ns, Total: 5155667 ns
[2023-07-18T02:21:38.124+0000][1][safepoint    ] Safepoint "Cleanup", Time since last: 6005353628 ns, Reaching safepoint: 1059541 ns, At safepoint: 30500 ns, Total: 1090041 ns
[2023-07-18T02:21:39.127+0000][1][safepoint    ] Safepoint "Cleanup", Time since last: 1000682084 ns, Reaching safepoint: 2274833 ns, At safepoint: 32084 ns, Total: 2306917 ns
[2023-07-18T02:21:40.129+0000][1][safepoint    ] Safepoint "Cleanup", Time since last: 1001084625 ns, Reaching safepoint: 1094375 ns, At safepoint: 24417 ns, Total: 1118792 ns
[2023-07-18T02:21:42.132+0000][1][safepoint    ] Safepoint "Cleanup", Time since last: 2001223250 ns, Reaching safepoint: 1501334 ns, At safepoint: 30750 ns, Total: 1532084 ns
[2023-07-18T02:21:48.137+0000][1][safepoint    ] Safepoint "Cleanup", Time since last: 6003843377 ns, Reaching safepoint: 1619959 ns, At safepoint: 17916 ns, Total: 1637875 ns
[2023-07-18T02:21:52.147+0000][1][safepoint    ] Safepoint "Cleanup", Time since last: 4006165961 ns, Reaching safepoint: 3221083 ns, At safepoint: 73417 ns, Total: 3294500 ns
[2023-07-18T02:21:57.152+0000][1][safepoint    ] Safepoint "Cleanup", Time since last: 5003441169 ns, Reaching safepoint: 2170250 ns, At safepoint: 72541 ns, Total: 2242791 ns
[2023-07-18T02:21:58.154+0000][1][gc,start     ] GC(21) Pause Young (Allocation Failure)
[2023-07-18T02:21:58.156+0000][1][gc,task      ] GC(21) Using 4 workers of 4 for evacuation
[2023-07-18T02:21:58.221+0000][1][gc,age       ] GC(21) Desired survivor size 8945664 bytes, new threshold 6 (max threshold 6)
[2023-07-18T02:21:58.221+0000][1][gc,age       ] GC(21) Age table with threshold 6 (max threshold 6)
[2023-07-18T02:21:58.221+0000][1][gc,age       ] GC(21) - age   1:     229176 bytes,     229176 total
[2023-07-18T02:21:58.221+0000][1][gc,age       ] GC(21) - age   2:      81008 bytes,     310184 total
[2023-07-18T02:21:58.221+0000][1][gc,age       ] GC(21) - age   3:      84936 bytes,     395120 total
[2023-07-18T02:21:58.221+0000][1][gc,age       ] GC(21) - age   4:    1245920 bytes,    1641040 total
[2023-07-18T02:21:58.222+0000][1][gc,age       ] GC(21) - age   5:    5264536 bytes,    6905576 total
[2023-07-18T02:21:58.223+0000][1][gc,heap      ] GC(21) ParNew: 150304K->8443K(157248K)
[2023-07-18T02:21:58.223+0000][1][gc,heap      ] GC(21) CMS: 64438K->64438K(349568K)
[2023-07-18T02:21:58.223+0000][1][gc,metaspace ] GC(21) Metaspace: 90068K->90068K(1132544K)
[2023-07-18T02:21:58.224+0000][1][gc           ] GC(21) Pause Young (Allocation Failure) 209M->71M(494M) 69.690ms
[2023-07-18T02:21:58.224+0000][1][gc,cpu       ] GC(21) User=0.17s Sys=0.01s Real=0.07s
[2023-07-18T02:21:58.224+0000][1][safepoint    ] Safepoint "GenCollectForAllocation", Time since last: 999679126 ns, Reaching safepoint: 1814667 ns, At safepoint: 70640041 ns, Total: 72454708 ns
[2023-07-18T02:21:59.226+0000][1][safepoint    ] Safepoint "Cleanup", Time since last: 1000348417 ns, Reaching safepoint: 874459 ns, At safepoint: 18708 ns, Total: 893167 ns
[2023-07-18T02:22:02.229+0000][1][safepoint    ] Safepoint "Cleanup", Time since last: 3001614376 ns, Reaching safepoint: 2116042 ns, At safepoint: 39333 ns, Total: 2155375 ns
[2023-07-18T02:22:07.234+0000][1][safepoint    ] Safepoint "Cleanup", Time since last: 5002984378 ns, Reaching safepoint: 1672375 ns, At safepoint: 32083 ns, Total: 1704458 ns
[2023-07-18T02:22:08.123+0000][1][safepoint    ] Safepoint "RevokeBias", Time since last: 885871126 ns, Reaching safepoint: 2882083 ns, At safepoint: 146625 ns, Total: 3028708 ns
[2023-07-18T02:22:09.127+0000][1][safepoint    ] Safepoint "Cleanup", Time since last: 1000834584 ns, Reaching safepoint: 2797791 ns, At safepoint: 80959 ns, Total: 2878750 ns
[2023-07-18T02:22:13.132+0000][1][safepoint    ] Safepoint "Cleanup", Time since last: 4004441334 ns, Reaching safepoint: 797667 ns, At safepoint: 14125 ns, Total: 811792 ns
[2023-07-18T02:22:16.135+0000][1][safepoint    ] Safepoint "Cleanup", Time since last: 3002064543 ns, Reaching safepoint: 806458 ns, At safepoint: 18209 ns, Total: 824667 ns
[2023-07-18T02:22:18.138+0000][1][safepoint    ] Safepoint "Cleanup", Time since last: 2001731959 ns, Reaching safepoint: 1606292 ns, At safepoint: 24833 ns, Total: 1631125 ns
[2023-07-18T02:22:19.144+0000][1][safepoint    ] Safepoint "Cleanup", Time since last: 1001803376 ns, Reaching safepoint: 3377625 ns, At safepoint: 71666 ns, Total: 3449291 ns
[2023-07-18T02:22:22.154+0000][1][safepoint    ] Safepoint "Cleanup", Time since last: 3006628002 ns, Reaching safepoint: 3524750 ns, At safepoint: 116458 ns, Total: 3641208 ns
[2023-07-18T02:22:26.159+0000][1][safepoint    ] Safepoint "Cleanup", Time since last: 4003805377 ns, Reaching safepoint: 1163875 ns, At safepoint: 36333 ns, Total: 1200208 ns
[2023-07-18T02:22:27.163+0000][1][safepoint    ] Safepoint "Cleanup", Time since last: 1002933417 ns, Reaching safepoint: 1122709 ns, At safepoint: 24833 ns, Total: 1147542 ns
[2023-07-18T02:22:28.065+0000][1][safepoint    ] Safepoint "RevokeBias", Time since last: 899646334 ns, Reaching safepoint: 1791083 ns, At safepoint: 660042 ns, Total: 2451125 ns
[2023-07-18T02:22:29.071+0000][1][safepoint    ] Safepoint "Cleanup", Time since last: 1001175459 ns, Reaching safepoint: 4516166 ns, At safepoint: 148167 ns, Total: 4664333 ns
[2023-07-18T02:22:31.073+0000][1][safepoint    ] Safepoint "Cleanup", Time since last: 2001167168 ns, Reaching safepoint: 937166 ns, At safepoint: 16959 ns, Total: 954125 ns
[2023-07-18T02:22:32.078+0000][1][safepoint    ] Safepoint "Cleanup", Time since last: 1000969333 ns, Reaching safepoint: 3522000 ns, At safepoint: 98250 ns, Total: 3620250 ns
[2023-07-18T02:22:33.082+0000][1][safepoint    ] Safepoint "Cleanup", Time since last: 1001294126 ns, Reaching safepoint: 3078375 ns, At safepoint: 91292 ns, Total: 3169667 ns
[2023-07-18T02:22:34.085+0000][1][safepoint    ] Safepoint "Cleanup", Time since last: 1001725417 ns, Reaching safepoint: 975875 ns, At safepoint: 17166 ns, Total: 993041 ns
[2023-07-18T02:22:38.088+0000][1][safepoint    ] Safepoint "Cleanup", Time since last: 4001342419 ns, Reaching safepoint: 1399375 ns, At safepoint: 35625 ns, Total: 1435000 ns
[2023-07-18T02:22:39.094+0000][1][safepoint    ] Safepoint "Cleanup", Time since last: 1000857459 ns, Reaching safepoint: 5595708 ns, At safepoint: 155042 ns, Total: 5750750 ns
[2023-07-18T02:22:43.102+0000][1][safepoint    ] Safepoint "Cleanup", Time since last: 4003904001 ns, Reaching safepoint: 3765375 ns, At safepoint: 109375 ns, Total: 3874750 ns
[2023-07-18T02:22:48.109+0000][1][safepoint    ] Safepoint "Cleanup", Time since last: 5005861836 ns, Reaching safepoint: 994500 ns, At safepoint: 17375 ns, Total: 1011875 ns
[2023-07-18T02:22:48.130+0000][1][safepoint    ] Safepoint "RevokeBias", Time since last: 19246333 ns, Reaching safepoint: 1712208 ns, At safepoint: 384834 ns, Total: 2097042 ns
[2023-07-18T02:22:49.132+0000][1][safepoint    ] Safepoint "Cleanup", Time since last: 1000844792 ns, Reaching safepoint: 810208 ns, At safepoint: 17875 ns, Total: 828083 ns
[2023-07-18T02:22:53.139+0000][1][safepoint    ] Safepoint "Cleanup", Time since last: 4002512294 ns, Reaching safepoint: 4832041 ns, At safepoint: 127500 ns, Total: 4959541 ns
[2023-07-18T02:22:58.147+0000][1][safepoint    ] Safepoint "Cleanup", Time since last: 5006899294 ns, Reaching safepoint: 1575167 ns, At safepoint: 24042 ns, Total: 1599209 ns
[2023-07-18T02:23:05.165+0000][1][safepoint    ] Safepoint "Cleanup", Time since last: 7013239462 ns, Reaching safepoint: 4007291 ns, At safepoint: 83667 ns, Total: 4090958 ns
[2023-07-18T02:23:08.083+0000][1][safepoint    ] Safepoint "RevokeBias", Time since last: 2916315835 ns, Reaching safepoint: 1767166 ns, At safepoint: 349375 ns, Total: 2116541 ns
[2023-07-18T02:23:09.091+0000][1][safepoint    ] Safepoint "Cleanup", Time since last: 1000720792 ns, Reaching safepoint: 6819375 ns, At safepoint: 99250 ns, Total: 6918625 ns
[2023-07-18T02:23:10.093+0000][1][safepoint    ] Safepoint "Cleanup", Time since last: 1001056959 ns, Reaching safepoint: 1048875 ns, At safepoint: 25667 ns, Total: 1074542 ns
[2023-07-18T02:23:14.097+0000][1][safepoint    ] Safepoint "Cleanup", Time since last: 4002017542 ns, Reaching safepoint: 5029334 ns, At safepoint: 91250 ns, Total: 5120584 ns
[2023-07-18T02:23:15.103+0000][1][safepoint    ] Safepoint "Cleanup", Time since last: 1003079875 ns, Reaching safepoint: 2044334 ns, At safepoint: 48458 ns, Total: 2092792 ns
[2023-07-18T02:23:17.109+0000][1][safepoint    ] Safepoint "Cleanup", Time since last: 2001194293 ns, Reaching safepoint: 4665958 ns, At safepoint: 102958 ns, Total: 4768916 ns
[2023-07-18T02:23:19.113+0000][1][safepoint    ] Safepoint "Cleanup", Time since last: 2001294126 ns, Reaching safepoint: 3062334 ns, At safepoint: 117875 ns, Total: 3180209 ns
[2023-07-18T02:23:20.121+0000][1][safepoint    ] Safepoint "Cleanup", Time since last: 1002414917 ns, Reaching safepoint: 5471958 ns, At safepoint: 193917 ns, Total: 5665875 ns
[2023-07-18T02:23:25.130+0000][1][safepoint    ] Safepoint "Cleanup", Time since last: 5004399085 ns, Reaching safepoint: 4715167 ns, At safepoint: 80167 ns, Total: 4795334 ns
[2023-07-18T02:23:26.137+0000][1][safepoint    ] Safepoint "Cleanup", Time since last: 1002917334 ns, Reaching safepoint: 3728625 ns, At safepoint: 91166 ns, Total: 3819791 ns
[2023-07-18T02:23:28.140+0000][1][safepoint    ] Safepoint "Cleanup", Time since last: 2001661334 ns, Reaching safepoint: 1604834 ns, At safepoint: 24083 ns, Total: 1628917 ns
[2023-07-18T02:23:29.146+0000][1][safepoint    ] Safepoint "Cleanup", Time since last: 1001522542 ns, Reaching safepoint: 3698459 ns, At safepoint: 80375 ns, Total: 3778834 ns
[2023-07-18T02:23:35.151+0000][1][safepoint    ] Safepoint "Cleanup", Time since last: 6003910252 ns, Reaching safepoint: 1316959 ns, At safepoint: 21166 ns, Total: 1338125 ns
[2023-07-18T02:23:42.165+0000][1][safepoint    ] Safepoint "Cleanup", Time since last: 7008631170 ns, Reaching safepoint: 2797125 ns, At safepoint: 92250 ns, Total: 2889375 ns
[2023-07-18T02:23:44.627+0000][1][safepoint    ] Safepoint "RevokeBias", Time since last: 2460625126 ns, Reaching safepoint: 1315541 ns, At safepoint: 134750 ns, Total: 1450291 ns
[2023-07-18T02:23:44.631+0000][1][safepoint    ] Safepoint "RevokeBias", Time since last: 3405375 ns, Reaching safepoint: 532042 ns, At safepoint: 34167 ns, Total: 566209 ns
[2023-07-18T02:23:44.645+0000][1][safepoint    ] Safepoint "RevokeBias", Time since last: 2822166 ns, Reaching safepoint: 10821000 ns, At safepoint: 45292 ns, Total: 10866292 ns
[2023-07-18T02:23:44.650+0000][1][safepoint    ] Safepoint "RevokeBias", Time since last: 4610042 ns, Reaching safepoint: 971625 ns, At safepoint: 38125 ns, Total: 1009750 ns
[2023-07-18T02:23:44.652+0000][1][safepoint    ] Safepoint "RevokeBias", Time since last: 890041 ns, Reaching safepoint: 480459 ns, At safepoint: 23583 ns, Total: 504042 ns
[2023-07-18T02:23:44.661+0000][1][safepoint    ] Safepoint "RevokeBias", Time since last: 8782875 ns, Reaching safepoint: 349042 ns, At safepoint: 24208 ns, Total: 373250 ns
[2023-07-18T02:23:44.662+0000][1][safepoint    ] Safepoint "RevokeBias", Time since last: 803917 ns, Reaching safepoint: 253500 ns, At safepoint: 15125 ns, Total: 268625 ns
[2023-07-18T02:23:44.673+0000][1][safepoint    ] Safepoint "RevokeBias", Time since last: 10612791 ns, Reaching safepoint: 468792 ns, At safepoint: 22458 ns, Total: 491250 ns
[2023-07-18T02:23:44.682+0000][1][safepoint    ] Safepoint "RevokeBias", Time since last: 7416459 ns, Reaching safepoint: 1453000 ns, At safepoint: 305458 ns, Total: 1758458 ns
[2023-07-18T02:23:44.688+0000][1][safepoint    ] Safepoint "RevokeBias", Time since last: 4796208 ns, Reaching safepoint: 442709 ns, At safepoint: 103833 ns, Total: 546542 ns
[2023-07-18T02:23:44.714+0000][1][safepoint    ] Safepoint "RevokeBias", Time since last: 25962250 ns, Reaching safepoint: 602542 ns, At safepoint: 26833 ns, Total: 629375 ns
[2023-07-18T02:23:44.715+0000][1][safepoint    ] Safepoint "RevokeBias", Time since last: 436833 ns, Reaching safepoint: 356209 ns, At safepoint: 19375 ns, Total: 375584 ns
[2023-07-18T02:23:44.716+0000][1][safepoint    ] Safepoint "RevokeBias", Time since last: 289541 ns, Reaching safepoint: 243084 ns, At safepoint: 32125 ns, Total: 275209 ns
[2023-07-18T02:23:44.716+0000][1][safepoint    ] Safepoint "RevokeBias", Time since last: 181958 ns, Reaching safepoint: 230458 ns, At safepoint: 16334 ns, Total: 246792 ns
[2023-07-18T02:23:44.717+0000][1][safepoint    ] Safepoint "RevokeBias", Time since last: 259583 ns, Reaching safepoint: 233000 ns, At safepoint: 13000 ns, Total: 246000 ns
[2023-07-18T02:23:44.717+0000][1][safepoint    ] Safepoint "RevokeBias", Time since last: 273583 ns, Reaching safepoint: 219667 ns, At safepoint: 16917 ns, Total: 236584 ns
[2023-07-18T02:23:44.718+0000][1][safepoint    ] Safepoint "RevokeBias", Time since last: 813791 ns, Reaching safepoint: 218792 ns, At safepoint: 16833 ns, Total: 235625 ns
[2023-07-18T02:23:44.741+0000][1][safepoint    ] Safepoint "RevokeBias", Time since last: 22586167 ns, Reaching safepoint: 563417 ns, At safepoint: 24875 ns, Total: 588292 ns
[2023-07-18T02:23:45.190+0000][1][safepoint    ] Safepoint "RevokeBias", Time since last: 447860083 ns, Reaching safepoint: 740167 ns, At safepoint: 34250 ns, Total: 774417 ns
[2023-07-18T02:23:45.199+0000][1][safepoint    ] Safepoint "BulkRevokeBias", Time since last: 6462417 ns, Reaching safepoint: 424833 ns, At safepoint: 2551042 ns, Total: 2975875 ns
[2023-07-18T02:23:45.210+0000][1][safepoint    ] Safepoint "RevokeBias", Time since last: 10382791 ns, Reaching safepoint: 493792 ns, At safepoint: 182167 ns, Total: 675959 ns
[2023-07-18T02:23:45.218+0000][1][safepoint    ] Safepoint "RevokeBias", Time since last: 7053541 ns, Reaching safepoint: 770750 ns, At safepoint: 42834 ns, Total: 813584 ns
[2023-07-18T02:23:45.219+0000][1][safepoint    ] Safepoint "RevokeBias", Time since last: 484000 ns, Reaching safepoint: 393333 ns, At safepoint: 27208 ns, Total: 420541 ns
[2023-07-18T02:23:45.220+0000][1][safepoint    ] Safepoint "RevokeBias", Time since last: 388500 ns, Reaching safepoint: 380125 ns, At safepoint: 23917 ns, Total: 404042 ns
[2023-07-18T02:23:45.236+0000][1][safepoint    ] Safepoint "RevokeBias", Time since last: 15559792 ns, Reaching safepoint: 676166 ns, At safepoint: 31209 ns, Total: 707375 ns
[2023-07-18T02:23:45.238+0000][1][safepoint    ] Safepoint "RevokeBias", Time since last: 634083 ns, Reaching safepoint: 520958 ns, At safepoint: 50834 ns, Total: 571792 ns
[2023-07-18T02:23:45.292+0000][1][safepoint    ] Safepoint "RevokeBias", Time since last: 54053500 ns, Reaching safepoint: 319958 ns, At safepoint: 24625 ns, Total: 344583 ns
[2023-07-18T02:23:45.293+0000][1][safepoint    ] Safepoint "RevokeBias", Time since last: 321500 ns, Reaching safepoint: 312083 ns, At safepoint: 19084 ns, Total: 331167 ns
[2023-07-18T02:23:45.293+0000][1][safepoint    ] Safepoint "RevokeBias", Time since last: 200833 ns, Reaching safepoint: 199000 ns, At safepoint: 15083 ns, Total: 214083 ns
[2023-07-18T02:23:45.293+0000][1][safepoint    ] Safepoint "RevokeBias", Time since last: 268792 ns, Reaching safepoint: 202167 ns, At safepoint: 26625 ns, Total: 228792 ns
[2023-07-18T02:23:45.294+0000][1][safepoint    ] Safepoint "RevokeBias", Time since last: 303958 ns, Reaching safepoint: 296125 ns, At safepoint: 16917 ns, Total: 313042 ns
[2023-07-18T02:23:45.295+0000][1][safepoint    ] Safepoint "RevokeBias", Time since last: 500875 ns, Reaching safepoint: 308875 ns, At safepoint: 16250 ns, Total: 325125 ns
[2023-07-18T02:23:45.305+0000][1][safepoint    ] Safepoint "RevokeBias", Time since last: 9440208 ns, Reaching safepoint: 317292 ns, At safepoint: 28291 ns, Total: 345583 ns
[2023-07-18T02:23:45.309+0000][1][safepoint    ] Safepoint "RevokeBias", Time since last: 4041084 ns, Reaching safepoint: 394083 ns, At safepoint: 27250 ns, Total: 421333 ns
[2023-07-18T02:23:45.318+0000][1][safepoint    ] Safepoint "RevokeBias", Time since last: 8408833 ns, Reaching safepoint: 374000 ns, At safepoint: 27584 ns, Total: 401584 ns
[2023-07-18T02:23:45.390+0000][1][safepoint    ] Safepoint "RevokeBias", Time since last: 67403208 ns, Reaching safepoint: 2818542 ns, At safepoint: 1348166 ns, Total: 4166708 ns
[2023-07-18T02:23:45.444+0000][1][safepoint    ] Safepoint "RevokeBias", Time since last: 54044042 ns, Reaching safepoint: 709583 ns, At safepoint: 167500 ns, Total: 877083 ns
[2023-07-18T02:23:45.467+0000][1][safepoint    ] Safepoint "RevokeBias", Time since last: 17280209 ns, Reaching safepoint: 4936625 ns, At safepoint: 80666 ns, Total: 5017291 ns
[2023-07-18T02:23:45.474+0000][1][safepoint    ] Safepoint "RevokeBias", Time since last: 583209 ns, Reaching safepoint: 6432958 ns, At safepoint: 304833 ns, Total: 6737791 ns
[2023-07-18T02:23:45.483+0000][1][safepoint    ] Safepoint "RevokeBias", Time since last: 3014125 ns, Reaching safepoint: 5324000 ns, At safepoint: 401000 ns, Total: 5725000 ns
[2023-07-18T02:23:45.489+0000][1][safepoint    ] Safepoint "RevokeBias", Time since last: 3181375 ns, Reaching safepoint: 3149084 ns, At safepoint: 148833 ns, Total: 3297917 ns
[2023-07-18T02:23:45.500+0000][1][safepoint    ] Safepoint "RevokeBias", Time since last: 8179208 ns, Reaching safepoint: 2607584 ns, At safepoint: 26000 ns, Total: 2633584 ns
[2023-07-18T02:23:45.504+0000][1][safepoint    ] Safepoint "RevokeBias", Time since last: 2152208 ns, Reaching safepoint: 1708208 ns, At safepoint: 70959 ns, Total: 1779167 ns
[2023-07-18T02:23:45.573+0000][1][safepoint    ] Safepoint "BulkRevokeBias", Time since last: 66457500 ns, Reaching safepoint: 765333 ns, At safepoint: 1435458 ns, Total: 2200791 ns
[2023-07-18T02:23:45.672+0000][1][safepoint    ] Safepoint "RevokeBias", Time since last: 96760917 ns, Reaching safepoint: 2119500 ns, At safepoint: 85500 ns, Total: 2205000 ns
[2023-07-18T02:23:45.673+0000][1][safepoint    ] Safepoint "RevokeBias", Time since last: 852417 ns, Reaching safepoint: 439000 ns, At safepoint: 14417 ns, Total: 453417 ns
[2023-07-18T02:23:45.674+0000][1][safepoint    ] Safepoint "RevokeBias", Time since last: 361625 ns, Reaching safepoint: 454000 ns, At safepoint: 25583 ns, Total: 479583 ns
[2023-07-18T02:23:45.676+0000][1][safepoint    ] Safepoint "RevokeBias", Time since last: 1234375 ns, Reaching safepoint: 517292 ns, At safepoint: 68458 ns, Total: 585750 ns
[2023-07-18T02:23:45.676+0000][1][safepoint    ] Safepoint "RevokeBias", Time since last: 164292 ns, Reaching safepoint: 318708 ns, At safepoint: 91125 ns, Total: 409833 ns
[2023-07-18T02:23:45.680+0000][1][safepoint    ] Safepoint "RevokeBias", Time since last: 3536875 ns, Reaching safepoint: 258625 ns, At safepoint: 48458 ns, Total: 307083 ns
[2023-07-18T02:23:45.682+0000][1][safepoint    ] Safepoint "RevokeBias", Time since last: 1876500 ns, Reaching safepoint: 388417 ns, At safepoint: 43542 ns, Total: 431959 ns
[2023-07-18T02:23:45.683+0000][1][safepoint    ] Safepoint "RevokeBias", Time since last: 223250 ns, Reaching safepoint: 442916 ns, At safepoint: 57334 ns, Total: 500250 ns
[2023-07-18T02:23:45.684+0000][1][safepoint    ] Safepoint "RevokeBias", Time since last: 851791 ns, Reaching safepoint: 486667 ns, At safepoint: 46958 ns, Total: 533625 ns
[2023-07-18T02:23:45.695+0000][1][safepoint    ] Safepoint "RevokeBias", Time since last: 10197000 ns, Reaching safepoint: 580959 ns, At safepoint: 51708 ns, Total: 632667 ns
[2023-07-18T02:23:45.709+0000][1][safepoint    ] Safepoint "RevokeBias", Time since last: 12956750 ns, Reaching safepoint: 1050000 ns, At safepoint: 55333 ns, Total: 1105333 ns
[2023-07-18T02:23:45.714+0000][1][safepoint    ] Safepoint "RevokeBias", Time since last: 3819250 ns, Reaching safepoint: 1186292 ns, At safepoint: 70125 ns, Total: 1256417 ns
[2023-07-18T02:23:45.719+0000][1][safepoint    ] Safepoint "RevokeBias", Time since last: 2581667 ns, Reaching safepoint: 1754250 ns, At safepoint: 54375 ns, Total: 1808625 ns
[2023-07-18T02:23:45.727+0000][1][safepoint    ] Safepoint "RevokeBias", Time since last: 4982125 ns, Reaching safepoint: 2709833 ns, At safepoint: 73042 ns, Total: 2782875 ns
[2023-07-18T02:23:45.731+0000][1][safepoint    ] Safepoint "RevokeBias", Time since last: 2296041 ns, Reaching safepoint: 1737417 ns, At safepoint: 72958 ns, Total: 1810375 ns
[2023-07-18T02:23:45.733+0000][1][safepoint    ] Safepoint "RevokeBias", Time since last: 1609875 ns, Reaching safepoint: 687542 ns, At safepoint: 98208 ns, Total: 785750 ns
[2023-07-18T02:23:45.738+0000][1][safepoint    ] Safepoint "RevokeBias", Time since last: 1276209 ns, Reaching safepoint: 1451416 ns, At safepoint: 1776000 ns, Total: 3227416 ns
[2023-07-18T02:23:45.742+0000][1][safepoint    ] Safepoint "RevokeBias", Time since last: 3748084 ns, Reaching safepoint: 685208 ns, At safepoint: 97167 ns, Total: 782375 ns
[2023-07-18T02:23:45.743+0000][1][safepoint    ] Safepoint "RevokeBias", Time since last: 748583 ns, Reaching safepoint: 530583 ns, At safepoint: 66917 ns, Total: 597500 ns
[2023-07-18T02:23:45.744+0000][1][safepoint    ] Safepoint "RevokeBias", Time since last: 211000 ns, Reaching safepoint: 523083 ns, At safepoint: 46209 ns, Total: 569292 ns
[2023-07-18T02:23:45.745+0000][1][safepoint    ] Safepoint "RevokeBias", Time since last: 246500 ns, Reaching safepoint: 790166 ns, At safepoint: 92042 ns, Total: 882208 ns
[2023-07-18T02:23:45.801+0000][1][safepoint    ] Safepoint "RevokeBias", Time since last: 50960917 ns, Reaching safepoint: 4790333 ns, At safepoint: 71042 ns, Total: 4861375 ns
[2023-07-18T02:23:45.806+0000][1][safepoint    ] Safepoint "RevokeBias", Time since last: 1792750 ns, Reaching safepoint: 3148541 ns, At safepoint: 72042 ns, Total: 3220583 ns
[2023-07-18T02:23:45.827+0000][1][safepoint    ] Safepoint "RevokeBias", Time since last: 9217083 ns, Reaching safepoint: 10979459 ns, At safepoint: 124958 ns, Total: 11104417 ns
[2023-07-18T02:23:45.831+0000][1][safepoint    ] Safepoint "RevokeBias", Time since last: 3350542 ns, Reaching safepoint: 1371458 ns, At safepoint: 58625 ns, Total: 1430083 ns
[2023-07-18T02:23:45.843+0000][1][safepoint    ] Safepoint "RevokeBias", Time since last: 5319667 ns, Reaching safepoint: 5684875 ns, At safepoint: 120333 ns, Total: 5805208 ns
[2023-07-18T02:23:45.853+0000][1][safepoint    ] Safepoint "RevokeBias", Time since last: 5918542 ns, Reaching safepoint: 4369458 ns, At safepoint: 71292 ns, Total: 4440750 ns
[2023-07-18T02:23:45.854+0000][1][safepoint    ] Safepoint "RevokeBias", Time since last: 538541 ns, Reaching safepoint: 1075375 ns, At safepoint: 52167 ns, Total: 1127542 ns
[2023-07-18T02:23:45.858+0000][1][safepoint    ] Safepoint "RevokeBias", Time since last: 3165958 ns, Reaching safepoint: 730792 ns, At safepoint: 75125 ns, Total: 805917 ns
[2023-07-18T02:23:45.874+0000][1][safepoint    ] Safepoint "RevokeBias", Time since last: 13780500 ns, Reaching safepoint: 1291750 ns, At safepoint: 70333 ns, Total: 1362083 ns
[2023-07-18T02:23:45.889+0000][1][safepoint    ] Safepoint "RevokeBias", Time since last: 14240417 ns, Reaching safepoint: 1385375 ns, At safepoint: 72042 ns, Total: 1457417 ns
[2023-07-18T02:23:45.897+0000][1][safepoint    ] Safepoint "RevokeBias", Time since last: 1368166 ns, Reaching safepoint: 6143125 ns, At safepoint: 79084 ns, Total: 6222209 ns
[2023-07-18T02:23:45.904+0000][1][safepoint    ] Safepoint "RevokeBias", Time since last: 3185916 ns, Reaching safepoint: 4342125 ns, At safepoint: 61625 ns, Total: 4403750 ns
[2023-07-18T02:23:45.909+0000][1][safepoint    ] Safepoint "RevokeBias", Time since last: 3506334 ns, Reaching safepoint: 535125 ns, At safepoint: 51541 ns, Total: 586666 ns
[2023-07-18T02:23:45.913+0000][1][safepoint    ] Safepoint "RevokeBias", Time since last: 4117167 ns, Reaching safepoint: 536083 ns, At safepoint: 52375 ns, Total: 588458 ns
[2023-07-18T02:23:45.915+0000][1][safepoint    ] Safepoint "RevokeBias", Time since last: 709750 ns, Reaching safepoint: 774917 ns, At safepoint: 49917 ns, Total: 824834 ns
[2023-07-18T02:23:45.917+0000][1][safepoint    ] Safepoint "RevokeBias", Time since last: 1448375 ns, Reaching safepoint: 759458 ns, At safepoint: 23500 ns, Total: 782958 ns
[2023-07-18T02:23:45.929+0000][1][safepoint    ] Safepoint "RevokeBias", Time since last: 11137708 ns, Reaching safepoint: 1006375 ns, At safepoint: 29625 ns, Total: 1036000 ns
[2023-07-18T02:23:45.930+0000][1][safepoint    ] Safepoint "RevokeBias", Time since last: 235000 ns, Reaching safepoint: 560542 ns, At safepoint: 25583 ns, Total: 586125 ns
[2023-07-18T02:23:46.123+0000][1][safepoint    ] Safepoint "RevokeBias", Time since last: 192409500 ns, Reaching safepoint: 513167 ns, At safepoint: 71208 ns, Total: 584375 ns
[2023-07-18T02:23:46.125+0000][1][safepoint    ] Safepoint "RevokeBias", Time since last: 1611042 ns, Reaching safepoint: 412167 ns, At safepoint: 51666 ns, Total: 463833 ns
[2023-07-18T02:23:46.127+0000][1][safepoint    ] Safepoint "RevokeBias", Time since last: 1550834 ns, Reaching safepoint: 324125 ns, At safepoint: 55833 ns, Total: 379958 ns
[2023-07-18T02:23:46.131+0000][1][safepoint    ] Safepoint "RevokeBias", Time since last: 3771792 ns, Reaching safepoint: 444958 ns, At safepoint: 25458 ns, Total: 470416 ns
[2023-07-18T02:23:46.144+0000][1][safepoint    ] Safepoint "RevokeBias", Time since last: 11350709 ns, Reaching safepoint: 921916 ns, At safepoint: 166667 ns, Total: 1088583 ns
[2023-07-18T02:23:46.145+0000][1][safepoint    ] Safepoint "RevokeBias", Time since last: 275875 ns, Reaching safepoint: 318667 ns, At safepoint: 393458 ns, Total: 712125 ns
[2023-07-18T02:23:46.200+0000][1][safepoint    ] Safepoint "RevokeBias", Time since last: 54819250 ns, Reaching safepoint: 564667 ns, At safepoint: 27666 ns, Total: 592333 ns
[2023-07-18T02:23:46.232+0000][1][safepoint    ] Safepoint "RevokeBias", Time since last: 30922917 ns, Reaching safepoint: 449042 ns, At safepoint: 32000 ns, Total: 481042 ns
[2023-07-18T02:23:46.292+0000][1][safepoint    ] Safepoint "RevokeBias", Time since last: 58884875 ns, Reaching safepoint: 1636708 ns, At safepoint: 41334 ns, Total: 1678042 ns
[2023-07-18T02:23:46.310+0000][1][safepoint    ] Safepoint "RevokeBias", Time since last: 16053291 ns, Reaching safepoint: 2297084 ns, At safepoint: 32875 ns, Total: 2329959 ns
[2023-07-18T02:23:46.318+0000][1][safepoint    ] Safepoint "RevokeBias", Time since last: 7095208 ns, Reaching safepoint: 246833 ns, At safepoint: 57459 ns, Total: 304292 ns
[2023-07-18T02:23:46.348+0000][1][safepoint    ] Safepoint "RevokeBias", Time since last: 29891541 ns, Reaching safepoint: 268500 ns, At safepoint: 72792 ns, Total: 341292 ns
[2023-07-18T02:23:46.350+0000][1][gc,heap,exit ] Heap
[2023-07-18T02:23:46.351+0000][1][gc,heap,exit ]  par new generation   total 157248K, used 138283K [0x00000000e0000000, 0x00000000eaaa0000, 0x00000000eaaa0000)
[2023-07-18T02:23:46.351+0000][1][gc,heap,exit ]   eden space 139776K,  92% used [0x00000000e0000000, 0x00000000e7ecc240, 0x00000000e8880000)
[2023-07-18T02:23:46.351+0000][1][gc,heap,exit ]   from space 17472K,  48% used [0x00000000e9990000, 0x00000000ea1ceca8, 0x00000000eaaa0000)
[2023-07-18T02:23:46.351+0000][1][gc,heap,exit ]   to   space 17472K,   0% used [0x00000000e8880000, 0x00000000e8880000, 0x00000000e9990000)
[2023-07-18T02:23:46.351+0000][1][gc,heap,exit ]  concurrent mark-sweep generation total 349568K, used 64438K [0x00000000eaaa0000, 0x0000000100000000, 0x0000000100000000)
[2023-07-18T02:23:46.352+0000][1][gc,heap,exit ]  Metaspace       used 90387K, capacity 97314K, committed 97392K, reserved 1132544K
[2023-07-18T02:23:46.352+0000][1][gc,heap,exit ]   class space    used 11908K, capacity 14769K, committed 14796K, reserved 1048576K
