[2023-07-18T02:12:34.490+0000][108][gc] Using Concurrent Mark Sweep
[2023-07-18T02:12:34.493+0000][108][gc,heap,coops] Heap address: 0x00000000e0000000, size: 512 MB, Compressed Oops mode: 32-bit
[2023-07-18T02:12:35.193+0000][108][safepoint    ] Safepoint "EnableBiasedLocking", Time since last: 492860625 ns, Reaching safepoint: 1975292 ns, At safepoint: 502750 ns, Total: 2478042 ns
[2023-07-18T02:12:35.216+0000][108][gc,heap,exit ] Heap
[2023-07-18T02:12:35.216+0000][108][gc,heap,exit ]  par new generation   total 157248K, used 8386K [0x00000000e0000000, 0x00000000eaaa0000, 0x00000000eaaa0000)
[2023-07-18T02:12:35.221+0000][108][gc,heap,exit ]   eden space 139776K,   6% used [0x00000000e0000000, 0x00000000e0830bc8, 0x00000000e8880000)
[2023-07-18T02:12:35.224+0000][108][gc,heap,exit ]   from space 17472K,   0% used [0x00000000e8880000, 0x00000000e8880000, 0x00000000e9990000)
[2023-07-18T02:12:35.226+0000][108][gc,heap,exit ]   to   space 17472K,   0% used [0x00000000e9990000, 0x00000000e9990000, 0x00000000eaaa0000)
[2023-07-18T02:12:35.228+0000][108][gc,heap,exit ]  concurrent mark-sweep generation total 349568K, used 0K [0x00000000eaaa0000, 0x0000000100000000, 0x0000000100000000)
[2023-07-18T02:12:35.229+0000][108][gc,heap,exit ]  Metaspace       used 170K, capacity 4480K, committed 4480K, reserved 1056768K
[2023-07-18T02:12:35.230+0000][108][gc,heap,exit ]   class space    used 8K, capacity 384K, committed 384K, reserved 1048576K
