[2023-07-18T02:42:08.104+0000][1][gc] Using Concurrent Mark Sweep
[2023-07-18T02:42:08.110+0000][1][gc,heap,coops] Heap address: 0x00000000e0000000, size: 512 MB, Compressed Oops mode: 32-bit
[2023-07-18T02:42:08.886+0000][1][safepoint    ] Safepoint "EnableBiasedLocking", Time since last: 548914626 ns, Reaching safepoint: 10237875 ns, At safepoint: 5714250 ns, Total: 15952125 ns
[2023-07-18T02:42:08.956+0000][1][safepoint    ] Safepoint "RevokeBias", Time since last: 65935166 ns, Reaching safepoint: 3304875 ns, At safepoint: 895167 ns, Total: 4200042 ns
[2023-07-18T02:42:09.097+0000][1][safepoint    ] Safepoint "Deoptimize", Time since last: 138016042 ns, Reaching safepoint: 2937166 ns, At safepoint: 415042 ns, Total: 3352208 ns
[2023-07-18T02:42:10.101+0000][1][safepoint    ] Safepoint "Cleanup", Time since last: 1000990334 ns, Reaching safepoint: 2371125 ns, At safepoint: 16458 ns, Total: 2387583 ns
[2023-07-18T02:42:10.172+0000][1][safepoint    ] Safepoint "RevokeBias", Time since last: 71112708 ns, Reaching safepoint: 163542 ns, At safepoint: 325125 ns, Total: 488667 ns
[2023-07-18T02:42:10.199+0000][1][safepoint    ] Safepoint "Deoptimize", Time since last: 25754625 ns, Reaching safepoint: 344250 ns, At safepoint: 359834 ns, Total: 704084 ns
[2023-07-18T02:42:10.217+0000][1][safepoint    ] Safepoint "Deoptimize", Time since last: 18223875 ns, Reaching safepoint: 283750 ns, At safepoint: 186500 ns, Total: 470250 ns
[2023-07-18T02:42:10.611+0000][1][safepoint    ] Safepoint "Deoptimize", Time since last: 391123458 ns, Reaching safepoint: 2185125 ns, At safepoint: 159958 ns, Total: 2345083 ns
[2023-07-18T02:42:11.624+0000][1][safepoint    ] Safepoint "Cleanup", Time since last: 1008901292 ns, Reaching safepoint: 4112791 ns, At safepoint: 15292 ns, Total: 4128083 ns
[2023-07-18T02:42:12.654+0000][1][safepoint    ] Safepoint "Cleanup", Time since last: 1002987625 ns, Reaching safepoint: 11260167 ns, At safepoint: 15581833 ns, Total: 26842000 ns
[2023-07-18T02:42:13.659+0000][1][safepoint    ] Safepoint "Cleanup", Time since last: 1004101459 ns, Reaching safepoint: 513834 ns, At safepoint: 10041 ns, Total: 523875 ns
[2023-07-18T02:42:14.660+0000][1][safepoint    ] Safepoint "Cleanup", Time since last: 1000422084 ns, Reaching safepoint: 751792 ns, At safepoint: 28208 ns, Total: 780000 ns
[2023-07-18T02:42:15.496+0000][1][safepoint    ] Safepoint "Deoptimize", Time since last: 835646292 ns, Reaching safepoint: 291875 ns, At safepoint: 302667 ns, Total: 594542 ns
[2023-07-18T02:42:16.240+0000][1][safepoint    ] Safepoint "Deoptimize", Time since last: 740158875 ns, Reaching safepoint: 3259542 ns, At safepoint: 350125 ns, Total: 3609667 ns
[2023-07-18T02:42:17.248+0000][1][safepoint    ] Safepoint "Cleanup", Time since last: 1004944959 ns, Reaching safepoint: 3398958 ns, At safepoint: 18292 ns, Total: 3417250 ns
[2023-07-18T02:42:18.255+0000][1][safepoint    ] Safepoint "Cleanup", Time since last: 1003158167 ns, Reaching safepoint: 3442833 ns, At safepoint: 33958 ns, Total: 3476791 ns
[2023-07-18T02:42:19.280+0000][1][safepoint    ] Safepoint "Cleanup", Time since last: 1021118459 ns, Reaching safepoint: 4586917 ns, At safepoint: 13875 ns, Total: 4600792 ns
[2023-07-18T02:42:20.020+0000][1][safepoint    ] Safepoint "Deoptimize", Time since last: 738448500 ns, Reaching safepoint: 280667 ns, At safepoint: 419875 ns, Total: 700542 ns
[2023-07-18T02:42:21.020+0000][1][safepoint    ] Safepoint "Cleanup", Time since last: 1000395334 ns, Reaching safepoint: 423250 ns, At safepoint: 14416 ns, Total: 437666 ns
[2023-07-18T02:42:22.025+0000][1][safepoint    ] Safepoint "Cleanup", Time since last: 1000642418 ns, Reaching safepoint: 3527666 ns, At safepoint: 19875 ns, Total: 3547541 ns
[2023-07-18T02:42:22.329+0000][1][safepoint    ] Safepoint "Deoptimize", Time since last: 303298292 ns, Reaching safepoint: 570792 ns, At safepoint: 411000 ns, Total: 981792 ns
[2023-07-18T02:42:23.331+0000][1][safepoint    ] Safepoint "Cleanup", Time since last: 1000519542 ns, Reaching safepoint: 1885875 ns, At safepoint: 17583 ns, Total: 1903458 ns
[2023-07-18T02:42:24.334+0000][1][safepoint    ] Safepoint "Cleanup", Time since last: 1000351876 ns, Reaching safepoint: 1943750 ns, At safepoint: 20958 ns, Total: 1964708 ns
[2023-07-18T02:42:24.825+0000][1][safepoint    ] Safepoint "Deoptimize", Time since last: 490232000 ns, Reaching safepoint: 284542 ns, At safepoint: 427417 ns, Total: 711959 ns
[2023-07-18T02:42:25.831+0000][1][safepoint    ] Safepoint "Cleanup", Time since last: 1002278125 ns, Reaching safepoint: 3906125 ns, At safepoint: 17708 ns, Total: 3923833 ns
[2023-07-18T02:42:26.239+0000][1][safepoint    ] Safepoint "Deoptimize", Time since last: 405405084 ns, Reaching safepoint: 2335917 ns, At safepoint: 545875 ns, Total: 2881792 ns
[2023-07-18T02:42:26.241+0000][1][safepoint    ] Safepoint "Deoptimize", Time since last: 1357458 ns, Reaching safepoint: 127875 ns, At safepoint: 387333 ns, Total: 515208 ns
[2023-07-18T02:42:26.655+0000][1][safepoint    ] Safepoint "Deoptimize", Time since last: 413073292 ns, Reaching safepoint: 483208 ns, At safepoint: 527792 ns, Total: 1011000 ns
[2023-07-18T02:42:26.670+0000][1][safepoint    ] Safepoint "Deoptimize", Time since last: 13635167 ns, Reaching safepoint: 313916 ns, At safepoint: 498792 ns, Total: 812708 ns
[2023-07-18T02:42:26.815+0000][1][safepoint    ] Safepoint "RevokeBias", Time since last: 144543083 ns, Reaching safepoint: 731292 ns, At safepoint: 178000 ns, Total: 909292 ns
[2023-07-18T02:42:26.816+0000][1][safepoint    ] Safepoint "RevokeBias", Time since last: 399333 ns, Reaching safepoint: 125042 ns, At safepoint: 102042 ns, Total: 227084 ns
[2023-07-18T02:42:26.820+0000][1][safepoint    ] Safepoint "RevokeBias", Time since last: 327958 ns, Reaching safepoint: 4113875 ns, At safepoint: 86333 ns, Total: 4200208 ns
[2023-07-18T02:42:26.821+0000][1][safepoint    ] Safepoint "RevokeBias", Time since last: 1092625 ns, Reaching safepoint: 200834 ns, At safepoint: 65083 ns, Total: 265917 ns
[2023-07-18T02:42:26.859+0000][1][safepoint    ] Safepoint "Deoptimize", Time since last: 37201750 ns, Reaching safepoint: 268000 ns, At safepoint: 510500 ns, Total: 778500 ns
[2023-07-18T02:42:26.973+0000][1][safepoint    ] Safepoint "Deoptimize", Time since last: 112295000 ns, Reaching safepoint: 331250 ns, At safepoint: 623584 ns, Total: 954834 ns
[2023-07-18T02:42:27.974+0000][1][safepoint    ] Safepoint "Cleanup", Time since last: 1000411000 ns, Reaching safepoint: 537208 ns, At safepoint: 23584 ns, Total: 560792 ns
[2023-07-18T02:42:28.981+0000][1][safepoint    ] Safepoint "Cleanup", Time since last: 1000489083 ns, Reaching safepoint: 7020459 ns, At safepoint: 22375 ns, Total: 7042834 ns
[2023-07-18T02:42:29.988+0000][1][safepoint    ] Safepoint "Cleanup", Time since last: 1002847334 ns, Reaching safepoint: 4286208 ns, At safepoint: 18208 ns, Total: 4304416 ns
[2023-07-18T02:42:30.989+0000][1][safepoint    ] Safepoint "Cleanup", Time since last: 1000441251 ns, Reaching safepoint: 400833 ns, At safepoint: 12417 ns, Total: 413250 ns
[2023-07-18T02:42:31.146+0000][1][safepoint    ] Safepoint "Deoptimize", Time since last: 155277333 ns, Reaching safepoint: 366000 ns, At safepoint: 759209 ns, Total: 1125209 ns
[2023-07-18T02:42:31.283+0000][1][safepoint    ] Safepoint "Deoptimize", Time since last: 136329458 ns, Reaching safepoint: 210000 ns, At safepoint: 1167083 ns, Total: 1377083 ns
[2023-07-18T02:42:32.303+0000][1][safepoint    ] Safepoint "Cleanup", Time since last: 1000504042 ns, Reaching safepoint: 14883709 ns, At safepoint: 202125 ns, Total: 15085834 ns
[2023-07-18T02:42:33.317+0000][1][safepoint    ] Safepoint "Cleanup", Time since last: 1013989917 ns, Reaching safepoint: 3670750 ns, At safepoint: 23167 ns, Total: 3693917 ns
[2023-07-18T02:42:34.322+0000][1][safepoint    ] Safepoint "Cleanup", Time since last: 1002286833 ns, Reaching safepoint: 2817750 ns, At safepoint: 27667 ns, Total: 2845417 ns
[2023-07-18T02:42:34.468+0000][1][safepoint    ] Safepoint "RevokeBias", Time since last: 143077125 ns, Reaching safepoint: 2468500 ns, At safepoint: 1030333 ns, Total: 3498833 ns
[2023-07-18T02:42:35.476+0000][1][safepoint    ] Safepoint "Cleanup", Time since last: 1005705001 ns, Reaching safepoint: 2354042 ns, At safepoint: 18583 ns, Total: 2372625 ns
[2023-07-18T02:42:36.240+0000][1][gc,start     ] GC(0) Pause Young (Allocation Failure)
[2023-07-18T02:42:36.255+0000][1][gc,task      ] GC(0) Using 4 workers of 4 for evacuation
[2023-07-18T02:42:36.454+0000][1][gc,age       ] GC(0) Desired survivor size 8945664 bytes, new threshold 1 (max threshold 6)
[2023-07-18T02:42:36.459+0000][1][gc,age       ] GC(0) Age table with threshold 1 (max threshold 6)
[2023-07-18T02:42:36.459+0000][1][gc,age       ] GC(0) - age   1:   10587144 bytes,   10587144 total
[2023-07-18T02:42:36.460+0000][1][gc,heap      ] GC(0) ParNew: 139776K->10468K(157248K)
[2023-07-18T02:42:36.461+0000][1][gc,heap      ] GC(0) CMS: 0K->0K(349568K)
[2023-07-18T02:42:36.461+0000][1][gc,metaspace ] GC(0) Metaspace: 15918K->15918K(1062912K)
[2023-07-18T02:42:36.462+0000][1][gc           ] GC(0) Pause Young (Allocation Failure) 136M->10M(494M) 222.260ms
[2023-07-18T02:42:36.478+0000][1][gc,cpu       ] GC(0) User=0.14s Sys=0.01s Real=0.24s
[2023-07-18T02:42:36.487+0000][1][safepoint    ] Safepoint "GenCollectForAllocation", Time since last: 762390000 ns, Reaching safepoint: 547667 ns, At safepoint: 248070292 ns, Total: 248617959 ns
[2023-07-18T02:42:36.502+0000][1][safepoint    ] Safepoint "RevokeBias", Time since last: 6513750 ns, Reaching safepoint: 8148958 ns, At safepoint: 339833 ns, Total: 8488791 ns
[2023-07-18T02:42:36.519+0000][1][safepoint    ] Safepoint "RevokeBias", Time since last: 11605459 ns, Reaching safepoint: 4035791 ns, At safepoint: 607584 ns, Total: 4643375 ns
[2023-07-18T02:42:36.538+0000][1][safepoint    ] Safepoint "RevokeBias", Time since last: 18473958 ns, Reaching safepoint: 670792 ns, At safepoint: 86125 ns, Total: 756917 ns
[2023-07-18T02:42:36.547+0000][1][safepoint    ] Safepoint "RevokeBias", Time since last: 8525458 ns, Reaching safepoint: 209583 ns, At safepoint: 78042 ns, Total: 287625 ns
[2023-07-18T02:42:36.559+0000][1][safepoint    ] Safepoint "RevokeBias", Time since last: 8218208 ns, Reaching safepoint: 4207459 ns, At safepoint: 117208 ns, Total: 4324667 ns
[2023-07-18T02:42:36.569+0000][1][safepoint    ] Safepoint "RevokeBias", Time since last: 1436667 ns, Reaching safepoint: 8067166 ns, At safepoint: 111959 ns, Total: 8179125 ns
[2023-07-18T02:42:36.580+0000][1][safepoint    ] Safepoint "RevokeBias", Time since last: 10129041 ns, Reaching safepoint: 507167 ns, At safepoint: 840708 ns, Total: 1347875 ns
[2023-07-18T02:42:36.604+0000][1][safepoint    ] Safepoint "RevokeBias", Time since last: 23026750 ns, Reaching safepoint: 220084 ns, At safepoint: 124333 ns, Total: 344417 ns
[2023-07-18T02:42:36.606+0000][1][safepoint    ] Safepoint "RevokeBias", Time since last: 1570833 ns, Reaching safepoint: 249167 ns, At safepoint: 118333 ns, Total: 367500 ns
[2023-07-18T02:42:36.606+0000][1][safepoint    ] Safepoint "RevokeBias", Time since last: 497875 ns, Reaching safepoint: 190125 ns, At safepoint: 101542 ns, Total: 291667 ns
[2023-07-18T02:42:36.607+0000][1][safepoint    ] Safepoint "RevokeBias", Time since last: 229708 ns, Reaching safepoint: 148917 ns, At safepoint: 75792 ns, Total: 224709 ns
[2023-07-18T02:42:36.608+0000][1][safepoint    ] Safepoint "RevokeBias", Time since last: 427333 ns, Reaching safepoint: 568833 ns, At safepoint: 104709 ns, Total: 673542 ns
[2023-07-18T02:42:36.609+0000][1][safepoint    ] Safepoint "RevokeBias", Time since last: 228958 ns, Reaching safepoint: 286917 ns, At safepoint: 81500 ns, Total: 368417 ns
[2023-07-18T02:42:36.609+0000][1][safepoint    ] Safepoint "RevokeBias", Time since last: 394291 ns, Reaching safepoint: 249834 ns, At safepoint: 77333 ns, Total: 327167 ns
[2023-07-18T02:42:36.610+0000][1][safepoint    ] Safepoint "RevokeBias", Time since last: 364500 ns, Reaching safepoint: 468833 ns, At safepoint: 113042 ns, Total: 581875 ns
[2023-07-18T02:42:36.611+0000][1][safepoint    ] Safepoint "RevokeBias", Time since last: 527250 ns, Reaching safepoint: 353333 ns, At safepoint: 96834 ns, Total: 450167 ns
[2023-07-18T02:42:36.612+0000][1][safepoint    ] Safepoint "RevokeBias", Time since last: 264625 ns, Reaching safepoint: 138708 ns, At safepoint: 83583 ns, Total: 222291 ns
[2023-07-18T02:42:36.618+0000][1][safepoint    ] Safepoint "RevokeBias", Time since last: 5750750 ns, Reaching safepoint: 255084 ns, At safepoint: 131791 ns, Total: 386875 ns
[2023-07-18T02:42:36.618+0000][1][safepoint    ] Safepoint "RevokeBias", Time since last: 409375 ns, Reaching safepoint: 160875 ns, At safepoint: 65917 ns, Total: 226792 ns
[2023-07-18T02:42:36.622+0000][1][safepoint    ] Safepoint "RevokeBias", Time since last: 3010708 ns, Reaching safepoint: 238834 ns, At safepoint: 116375 ns, Total: 355209 ns
[2023-07-18T02:42:36.623+0000][1][safepoint    ] Safepoint "RevokeBias", Time since last: 294041 ns, Reaching safepoint: 382334 ns, At safepoint: 83208 ns, Total: 465542 ns
[2023-07-18T02:42:36.623+0000][1][safepoint    ] Safepoint "RevokeBias", Time since last: 398875 ns, Reaching safepoint: 171750 ns, At safepoint: 88583 ns, Total: 260333 ns
[2023-07-18T02:42:36.624+0000][1][safepoint    ] Safepoint "RevokeBias", Time since last: 219167 ns, Reaching safepoint: 137667 ns, At safepoint: 90958 ns, Total: 228625 ns
[2023-07-18T02:42:36.624+0000][1][safepoint    ] Safepoint "RevokeBias", Time since last: 425083 ns, Reaching safepoint: 208334 ns, At safepoint: 80375 ns, Total: 288709 ns
[2023-07-18T02:42:36.625+0000][1][safepoint    ] Safepoint "RevokeBias", Time since last: 228666 ns, Reaching safepoint: 152292 ns, At safepoint: 83458 ns, Total: 235750 ns
[2023-07-18T02:42:36.625+0000][1][safepoint    ] Safepoint "RevokeBias", Time since last: 375125 ns, Reaching safepoint: 139542 ns, At safepoint: 80958 ns, Total: 220500 ns
[2023-07-18T02:42:36.626+0000][1][safepoint    ] Safepoint "RevokeBias", Time since last: 204334 ns, Reaching safepoint: 255041 ns, At safepoint: 79584 ns, Total: 334625 ns
[2023-07-18T02:42:36.627+0000][1][safepoint    ] Safepoint "RevokeBias", Time since last: 438833 ns, Reaching safepoint: 152708 ns, At safepoint: 76250 ns, Total: 228958 ns
[2023-07-18T02:42:36.627+0000][1][safepoint    ] Safepoint "RevokeBias", Time since last: 230875 ns, Reaching safepoint: 102875 ns, At safepoint: 67542 ns, Total: 170417 ns
[2023-07-18T02:42:36.628+0000][1][safepoint    ] Safepoint "RevokeBias", Time since last: 412250 ns, Reaching safepoint: 135583 ns, At safepoint: 80209 ns, Total: 215792 ns
[2023-07-18T02:42:36.632+0000][1][safepoint    ] Safepoint "RevokeBias", Time since last: 4328833 ns, Reaching safepoint: 308500 ns, At safepoint: 135375 ns, Total: 443875 ns
[2023-07-18T02:42:36.633+0000][1][safepoint    ] Safepoint "RevokeBias", Time since last: 571125 ns, Reaching safepoint: 153583 ns, At safepoint: 83834 ns, Total: 237417 ns
[2023-07-18T02:42:36.637+0000][1][safepoint    ] Safepoint "RevokeBias", Time since last: 3278333 ns, Reaching safepoint: 326333 ns, At safepoint: 87625 ns, Total: 413958 ns
[2023-07-18T02:42:36.638+0000][1][safepoint    ] Safepoint "RevokeBias", Time since last: 494209 ns, Reaching safepoint: 270916 ns, At safepoint: 114000 ns, Total: 384916 ns
[2023-07-18T02:42:36.639+0000][1][safepoint    ] Safepoint "RevokeBias", Time since last: 361334 ns, Reaching safepoint: 217708 ns, At safepoint: 161333 ns, Total: 379041 ns
[2023-07-18T02:42:36.642+0000][1][safepoint    ] Safepoint "RevokeBias", Time since last: 2569000 ns, Reaching safepoint: 298584 ns, At safepoint: 115875 ns, Total: 414459 ns
[2023-07-18T02:42:36.642+0000][1][safepoint    ] Safepoint "RevokeBias", Time since last: 431208 ns, Reaching safepoint: 191708 ns, At safepoint: 85042 ns, Total: 276750 ns
[2023-07-18T02:42:36.660+0000][1][safepoint    ] Safepoint "BulkRevokeBias", Time since last: 15891958 ns, Reaching safepoint: 358667 ns, At safepoint: 1782125 ns, Total: 2140792 ns
[2023-07-18T02:42:36.661+0000][1][safepoint    ] Safepoint "RevokeBias", Time since last: 596750 ns, Reaching safepoint: 195833 ns, At safepoint: 102334 ns, Total: 298167 ns
[2023-07-18T02:42:36.671+0000][1][safepoint    ] Safepoint "BulkRevokeBias", Time since last: 994541 ns, Reaching safepoint: 8881625 ns, At safepoint: 228167 ns, Total: 9109792 ns
[2023-07-18T02:42:36.923+0000][1][safepoint    ] Safepoint "RevokeBias", Time since last: 251653709 ns, Reaching safepoint: 358916 ns, At safepoint: 110792 ns, Total: 469708 ns
[2023-07-18T02:42:37.051+0000][1][safepoint    ] Safepoint "RevokeBias", Time since last: 127001625 ns, Reaching safepoint: 324083 ns, At safepoint: 115709 ns, Total: 439792 ns
[2023-07-18T02:42:38.052+0000][1][safepoint    ] Safepoint "Cleanup", Time since last: 1000518417 ns, Reaching safepoint: 569000 ns, At safepoint: 11458 ns, Total: 580458 ns
[2023-07-18T02:42:38.419+0000][1][safepoint    ] Safepoint "RevokeBias", Time since last: 363041792 ns, Reaching safepoint: 4215792 ns, At safepoint: 93208 ns, Total: 4309000 ns
[2023-07-18T02:42:39.418+0000][1][safepoint    ] Safepoint "Deoptimize", Time since last: 994851292 ns, Reaching safepoint: 2647125 ns, At safepoint: 1156750 ns, Total: 3803875 ns
[2023-07-18T02:42:39.532+0000][1][safepoint    ] Safepoint "Deoptimize", Time since last: 111388584 ns, Reaching safepoint: 2218166 ns, At safepoint: 774167 ns, Total: 2992333 ns
[2023-07-18T02:42:39.539+0000][1][safepoint    ] Safepoint "Deoptimize", Time since last: 4876292 ns, Reaching safepoint: 281500 ns, At safepoint: 1396041 ns, Total: 1677541 ns
[2023-07-18T02:42:40.545+0000][1][safepoint    ] Safepoint "Cleanup", Time since last: 1002948584 ns, Reaching safepoint: 2752708 ns, At safepoint: 36917 ns, Total: 2789625 ns
[2023-07-18T02:42:41.372+0000][1][safepoint    ] Safepoint "Deoptimize", Time since last: 825120167 ns, Reaching safepoint: 873291 ns, At safepoint: 1023542 ns, Total: 1896833 ns
[2023-07-18T02:42:42.374+0000][1][safepoint    ] Safepoint "Cleanup", Time since last: 1000371459 ns, Reaching safepoint: 1745958 ns, At safepoint: 12542 ns, Total: 1758500 ns
[2023-07-18T02:42:43.359+0000][1][gc,start     ] GC(1) Pause Young (Allocation Failure)
[2023-07-18T02:42:43.360+0000][1][gc,task      ] GC(1) Using 4 workers of 4 for evacuation
[2023-07-18T02:42:43.695+0000][1][gc,age       ] GC(1) Desired survivor size 8945664 bytes, new threshold 6 (max threshold 6)
[2023-07-18T02:42:43.695+0000][1][gc,age       ] GC(1) Age table with threshold 6 (max threshold 6)
[2023-07-18T02:42:43.696+0000][1][gc,age       ] GC(1) - age   1:    2805408 bytes,    2805408 total
[2023-07-18T02:42:43.696+0000][1][gc,heap      ] GC(1) ParNew: 150244K->6671K(157248K)
[2023-07-18T02:42:43.696+0000][1][gc,heap      ] GC(1) CMS: 0K->9288K(349568K)
[2023-07-18T02:42:43.696+0000][1][gc,metaspace ] GC(1) Metaspace: 19460K->19460K(1067008K)
[2023-07-18T02:42:43.696+0000][1][gc           ] GC(1) Pause Young (Allocation Failure) 146M->15M(494M) 336.864ms
[2023-07-18T02:42:43.696+0000][1][gc,cpu       ] GC(1) User=0.33s Sys=0.02s Real=0.34s
[2023-07-18T02:42:43.706+0000][1][safepoint    ] Safepoint "GenCollectForAllocation", Time since last: 984411542 ns, Reaching safepoint: 602333 ns, At safepoint: 347078667 ns, Total: 347681000 ns
[2023-07-18T02:42:43.719+0000][1][safepoint    ] Safepoint "RevokeBias", Time since last: 11726125 ns, Reaching safepoint: 707500 ns, At safepoint: 155375 ns, Total: 862875 ns
[2023-07-18T02:42:43.723+0000][1][safepoint    ] Safepoint "RevokeBias", Time since last: 3434875 ns, Reaching safepoint: 650084 ns, At safepoint: 139541 ns, Total: 789625 ns
[2023-07-18T02:42:43.728+0000][1][safepoint    ] Safepoint "RevokeBias", Time since last: 1031167 ns, Reaching safepoint: 247917 ns, At safepoint: 3893750 ns, Total: 4141667 ns
[2023-07-18T02:42:43.736+0000][1][safepoint    ] Safepoint "RevokeBias", Time since last: 6995583 ns, Reaching safepoint: 513125 ns, At safepoint: 146833 ns, Total: 659958 ns
[2023-07-18T02:42:43.737+0000][1][safepoint    ] Safepoint "RevokeBias", Time since last: 660709 ns, Reaching safepoint: 675458 ns, At safepoint: 118375 ns, Total: 793833 ns
[2023-07-18T02:42:43.738+0000][1][safepoint    ] Safepoint "RevokeBias", Time since last: 299625 ns, Reaching safepoint: 226875 ns, At safepoint: 111708 ns, Total: 338583 ns
[2023-07-18T02:42:43.743+0000][1][safepoint    ] Safepoint "RevokeBias", Time since last: 1089459 ns, Reaching safepoint: 382500 ns, At safepoint: 3273541 ns, Total: 3656041 ns
[2023-07-18T02:42:43.749+0000][1][safepoint    ] Safepoint "RevokeBias", Time since last: 4681000 ns, Reaching safepoint: 935834 ns, At safepoint: 906000 ns, Total: 1841834 ns
[2023-07-18T02:42:43.756+0000][1][safepoint    ] Safepoint "RevokeBias", Time since last: 712791 ns, Reaching safepoint: 457542 ns, At safepoint: 5812333 ns, Total: 6269875 ns
[2023-07-18T02:42:43.760+0000][1][safepoint    ] Safepoint "RevokeBias", Time since last: 3036334 ns, Reaching safepoint: 453708 ns, At safepoint: 145042 ns, Total: 598750 ns
[2023-07-18T02:42:43.761+0000][1][safepoint    ] Safepoint "RevokeBias", Time since last: 367750 ns, Reaching safepoint: 186791 ns, At safepoint: 305917 ns, Total: 492708 ns
[2023-07-18T02:42:43.763+0000][1][safepoint    ] Safepoint "RevokeBias", Time since last: 1574375 ns, Reaching safepoint: 312333 ns, At safepoint: 230917 ns, Total: 543250 ns
[2023-07-18T02:42:43.764+0000][1][safepoint    ] Safepoint "RevokeBias", Time since last: 690333 ns, Reaching safepoint: 275084 ns, At safepoint: 180083 ns, Total: 455167 ns
[2023-07-18T02:42:43.766+0000][1][safepoint    ] Safepoint "RevokeBias", Time since last: 932958 ns, Reaching safepoint: 363709 ns, At safepoint: 219666 ns, Total: 583375 ns
[2023-07-18T02:42:43.772+0000][1][safepoint    ] Safepoint "RevokeBias", Time since last: 1720459 ns, Reaching safepoint: 4280750 ns, At safepoint: 152583 ns, Total: 4433333 ns
[2023-07-18T02:42:43.773+0000][1][safepoint    ] Safepoint "RevokeBias", Time since last: 623542 ns, Reaching safepoint: 202458 ns, At safepoint: 107917 ns, Total: 310375 ns
[2023-07-18T02:42:43.774+0000][1][safepoint    ] Safepoint "RevokeBias", Time since last: 254250 ns, Reaching safepoint: 390875 ns, At safepoint: 119625 ns, Total: 510500 ns
[2023-07-18T02:42:43.775+0000][1][safepoint    ] Safepoint "RevokeBias", Time since last: 1087250 ns, Reaching safepoint: 238291 ns, At safepoint: 105625 ns, Total: 343916 ns
[2023-07-18T02:42:43.783+0000][1][safepoint    ] Safepoint "RevokeBias", Time since last: 303000 ns, Reaching safepoint: 159834 ns, At safepoint: 7734666 ns, Total: 7894500 ns
[2023-07-18T02:42:43.786+0000][1][safepoint    ] Safepoint "RevokeBias", Time since last: 1530375 ns, Reaching safepoint: 1160750 ns, At safepoint: 231709 ns, Total: 1392459 ns
[2023-07-18T02:42:43.790+0000][1][safepoint    ] Safepoint "RevokeBias", Time since last: 2660125 ns, Reaching safepoint: 699208 ns, At safepoint: 309875 ns, Total: 1009083 ns
[2023-07-18T02:42:43.795+0000][1][safepoint    ] Safepoint "RevokeBias", Time since last: 875375 ns, Reaching safepoint: 4094417 ns, At safepoint: 201625 ns, Total: 4296042 ns
[2023-07-18T02:42:43.797+0000][1][safepoint    ] Safepoint "RevokeBias", Time since last: 1637666 ns, Reaching safepoint: 547750 ns, At safepoint: 140542 ns, Total: 688292 ns
[2023-07-18T02:42:43.798+0000][1][safepoint    ] Safepoint "RevokeBias", Time since last: 522833 ns, Reaching safepoint: 442709 ns, At safepoint: 116666 ns, Total: 559375 ns
[2023-07-18T02:42:43.799+0000][1][safepoint    ] Safepoint "RevokeBias", Time since last: 280917 ns, Reaching safepoint: 281958 ns, At safepoint: 128417 ns, Total: 410375 ns
[2023-07-18T02:42:45.125+0000][1][safepoint    ] Safepoint "Cleanup", Time since last: 1319268917 ns, Reaching safepoint: 5854584 ns, At safepoint: 960875 ns, Total: 6815459 ns
[2023-07-18T02:42:46.012+0000][1][safepoint    ] Safepoint "RevokeBias", Time since last: 886309958 ns, Reaching safepoint: 776292 ns, At safepoint: 213250 ns, Total: 989542 ns
[2023-07-18T02:42:46.551+0000][1][safepoint    ] Safepoint "RevokeBias", Time since last: 537633042 ns, Reaching safepoint: 580208 ns, At safepoint: 70875 ns, Total: 651083 ns
[2023-07-18T02:42:47.557+0000][1][safepoint    ] Safepoint "Cleanup", Time since last: 1003439542 ns, Reaching safepoint: 2633375 ns, At safepoint: 12500 ns, Total: 2645875 ns
[2023-07-18T02:42:47.879+0000][1][safepoint    ] Safepoint "CollectForMetadataAllocation", Time since last: 321660459 ns, Reaching safepoint: 454000 ns, At safepoint: 387500 ns, Total: 841500 ns
[2023-07-18T02:42:47.954+0000][1][safepoint    ] Safepoint "Deoptimize", Time since last: 73373667 ns, Reaching safepoint: 356541 ns, At safepoint: 1119792 ns, Total: 1476333 ns
[2023-07-18T02:42:48.622+0000][1][safepoint    ] Safepoint "Deoptimize", Time since last: 664191959 ns, Reaching safepoint: 2326208 ns, At safepoint: 910375 ns, Total: 3236583 ns
[2023-07-18T02:42:49.213+0000][1][gc,start     ] GC(2) Pause Young (Allocation Failure)
[2023-07-18T02:42:49.214+0000][1][gc,task      ] GC(2) Using 4 workers of 4 for evacuation
[2023-07-18T02:42:49.288+0000][1][gc,age       ] GC(2) Desired survivor size 8945664 bytes, new threshold 6 (max threshold 6)
[2023-07-18T02:42:49.288+0000][1][gc,age       ] GC(2) Age table with threshold 6 (max threshold 6)
[2023-07-18T02:42:49.288+0000][1][gc,age       ] GC(2) - age   1:    3385880 bytes,    3385880 total
[2023-07-18T02:42:49.289+0000][1][gc,age       ] GC(2) - age   2:    2760096 bytes,    6145976 total
[2023-07-18T02:42:49.289+0000][1][gc,heap      ] GC(2) ParNew: 146447K->6727K(157248K)
[2023-07-18T02:42:49.289+0000][1][gc,heap      ] GC(2) CMS: 9288K->9288K(349568K)
[2023-07-18T02:42:49.289+0000][1][gc,metaspace ] GC(2) Metaspace: 20483K->20483K(1069056K)
[2023-07-18T02:42:49.289+0000][1][gc           ] GC(2) Pause Young (Allocation Failure) 152M->15M(494M) 76.026ms
[2023-07-18T02:42:49.289+0000][1][gc,cpu       ] GC(2) User=0.10s Sys=0.01s Real=0.07s
[2023-07-18T02:42:49.290+0000][1][safepoint    ] Safepoint "GenCollectForAllocation", Time since last: 588793667 ns, Reaching safepoint: 2862125 ns, At safepoint: 76461875 ns, Total: 79324000 ns
[2023-07-18T02:42:49.302+0000][1][safepoint    ] Safepoint "BulkRevokeBias", Time since last: 9593750 ns, Reaching safepoint: 2445250 ns, At safepoint: 334833 ns, Total: 2780083 ns
[2023-07-18T02:42:49.314+0000][1][safepoint    ] Safepoint "RevokeBias", Time since last: 4467917 ns, Reaching safepoint: 7182208 ns, At safepoint: 455917 ns, Total: 7638125 ns
[2023-07-18T02:42:49.319+0000][1][gc,start     ] GC(3) Pause Initial Mark
[2023-07-18T02:42:49.352+0000][1][gc           ] GC(3) Pause Initial Mark 18M->18M(494M) 32.843ms
[2023-07-18T02:42:49.358+0000][1][gc,cpu       ] GC(3) User=0.04s Sys=0.00s Real=0.04s
[2023-07-18T02:42:49.358+0000][1][safepoint    ] Safepoint "RevokeBias", Time since last: 336917 ns, Reaching safepoint: 4178208 ns, At safepoint: 39265750 ns, Total: 43443958 ns
[2023-07-18T02:42:49.359+0000][1][safepoint    ] Safepoint "RevokeBias", Time since last: 946375 ns, Reaching safepoint: 233167 ns, At safepoint: 134333 ns, Total: 367500 ns
[2023-07-18T02:42:49.368+0000][1][safepoint    ] Safepoint "RevokeBias", Time since last: 3244417 ns, Reaching safepoint: 5460583 ns, At safepoint: 120667 ns, Total: 5581250 ns
[2023-07-18T02:42:49.368+0000][1][gc           ] GC(3) Concurrent Mark
[2023-07-18T02:42:49.370+0000][1][safepoint    ] Safepoint "RevokeBias", Time since last: 641416 ns, Reaching safepoint: 993084 ns, At safepoint: 92791 ns, Total: 1085875 ns
[2023-07-18T02:42:49.370+0000][1][safepoint    ] Safepoint "RevokeBias", Time since last: 307750 ns, Reaching safepoint: 212084 ns, At safepoint: 116125 ns, Total: 328209 ns
[2023-07-18T02:42:49.377+0000][1][safepoint    ] Safepoint "RevokeBias", Time since last: 3387500 ns, Reaching safepoint: 2842958 ns, At safepoint: 146125 ns, Total: 2989083 ns
[2023-07-18T02:42:49.378+0000][1][safepoint    ] Safepoint "RevokeBias", Time since last: 846042 ns, Reaching safepoint: 226625 ns, At safepoint: 122750 ns, Total: 349375 ns
[2023-07-18T02:42:49.379+0000][1][safepoint    ] Safepoint "RevokeBias", Time since last: 674958 ns, Reaching safepoint: 204417 ns, At safepoint: 95458 ns, Total: 299875 ns
[2023-07-18T02:42:49.383+0000][1][safepoint    ] Safepoint "RevokeBias", Time since last: 1585250 ns, Reaching safepoint: 1992667 ns, At safepoint: 108458 ns, Total: 2101125 ns
[2023-07-18T02:42:49.384+0000][1][safepoint    ] Safepoint "RevokeBias", Time since last: 812333 ns, Reaching safepoint: 939167 ns, At safepoint: 97083 ns, Total: 1036250 ns
[2023-07-18T02:42:49.389+0000][1][safepoint    ] Safepoint "RevokeBias", Time since last: 1049459 ns, Reaching safepoint: 2861500 ns, At safepoint: 105250 ns, Total: 2966750 ns
[2023-07-18T02:42:49.391+0000][1][safepoint    ] Safepoint "RevokeBias", Time since last: 1612625 ns, Reaching safepoint: 511625 ns, At safepoint: 84541 ns, Total: 596166 ns
[2023-07-18T02:42:49.398+0000][1][safepoint    ] Safepoint "RevokeBias", Time since last: 5216250 ns, Reaching safepoint: 1931167 ns, At safepoint: 160125 ns, Total: 2091292 ns
[2023-07-18T02:42:49.400+0000][1][safepoint    ] Safepoint "RevokeBias", Time since last: 834167 ns, Reaching safepoint: 640041 ns, At safepoint: 86667 ns, Total: 726708 ns
[2023-07-18T02:42:49.404+0000][1][safepoint    ] Safepoint "RevokeBias", Time since last: 614333 ns, Reaching safepoint: 3302334 ns, At safepoint: 99416 ns, Total: 3401750 ns
[2023-07-18T02:42:49.406+0000][1][safepoint    ] Safepoint "RevokeBias", Time since last: 337709 ns, Reaching safepoint: 1564375 ns, At safepoint: 102916 ns, Total: 1667291 ns
[2023-07-18T02:42:49.409+0000][1][safepoint    ] Safepoint "RevokeBias", Time since last: 592750 ns, Reaching safepoint: 2744209 ns, At safepoint: 101666 ns, Total: 2845875 ns
[2023-07-18T02:42:49.412+0000][1][safepoint    ] Safepoint "RevokeBias", Time since last: 390375 ns, Reaching safepoint: 1580042 ns, At safepoint: 476417 ns, Total: 2056459 ns
[2023-07-18T02:42:49.510+0000][1][gc           ] GC(3) Concurrent Mark 141.416ms
[2023-07-18T02:42:49.514+0000][1][gc,cpu       ] GC(3) User=0.19s Sys=0.00s Real=0.15s
[2023-07-18T02:42:49.515+0000][1][gc           ] GC(3) Concurrent Preclean
[2023-07-18T02:42:49.526+0000][1][gc           ] GC(3) Concurrent Preclean 10.994ms
[2023-07-18T02:42:49.532+0000][1][gc,cpu       ] GC(3) User=0.02s Sys=0.00s Real=0.01s
[2023-07-18T02:42:49.532+0000][1][gc           ] GC(3) Concurrent Abortable Preclean
[2023-07-18T02:42:50.417+0000][1][safepoint    ] Safepoint "Cleanup", Time since last: 1003866542 ns, Reaching safepoint: 1299625 ns, At safepoint: 8708 ns, Total: 1308333 ns
[2023-07-18T02:42:51.624+0000][1][gc           ] GC(3) Concurrent Abortable Preclean 2092.414ms
[2023-07-18T02:42:51.628+0000][1][gc,cpu       ] GC(3) User=2.12s Sys=0.02s Real=2.10s
[2023-07-18T02:42:51.630+0000][1][gc,start     ] GC(3) Pause Remark
[2023-07-18T02:42:51.926+0000][1][gc           ] GC(3) Pause Remark 93M->93M(494M) 296.424ms
[2023-07-18T02:42:51.927+0000][1][gc,cpu       ] GC(3) User=0.26s Sys=0.01s Real=0.30s
[2023-07-18T02:42:51.952+0000][1][safepoint    ] Safepoint "CMS_Final_Remark", Time since last: 1212457626 ns, Reaching safepoint: 645125 ns, At safepoint: 322542083 ns, Total: 323187208 ns
[2023-07-18T02:42:51.956+0000][1][gc           ] GC(3) Concurrent Sweep
[2023-07-18T02:42:52.014+0000][1][gc           ] GC(3) Concurrent Sweep 58.620ms
[2023-07-18T02:42:52.015+0000][1][gc,cpu       ] GC(3) User=0.05s Sys=0.00s Real=0.06s
[2023-07-18T02:42:52.026+0000][1][gc           ] GC(3) Concurrent Reset
[2023-07-18T02:42:52.043+0000][1][gc           ] GC(3) Concurrent Reset 16.613ms
[2023-07-18T02:42:52.066+0000][1][gc,cpu       ] GC(3) User=0.02s Sys=0.01s Real=0.04s
[2023-07-18T02:42:52.066+0000][1][gc,heap      ] GC(3) Old: 9288K->9286K(349568K)
[2023-07-18T02:42:52.976+0000][1][safepoint    ] Safepoint "Cleanup", Time since last: 1011661751 ns, Reaching safepoint: 11165833 ns, At safepoint: 301125 ns, Total: 11466958 ns
[2023-07-18T02:42:53.991+0000][1][safepoint    ] Safepoint "Cleanup", Time since last: 1012860042 ns, Reaching safepoint: 2518625 ns, At safepoint: 28292 ns, Total: 2546917 ns
[2023-07-18T02:42:54.405+0000][1][gc,start     ] GC(4) Pause Young (Allocation Failure)
[2023-07-18T02:42:54.409+0000][1][gc,task      ] GC(4) Using 4 workers of 4 for evacuation
[2023-07-18T02:42:54.527+0000][1][gc,age       ] GC(4) Desired survivor size 8945664 bytes, new threshold 6 (max threshold 6)
[2023-07-18T02:42:54.531+0000][1][gc,age       ] GC(4) Age table with threshold 6 (max threshold 6)
[2023-07-18T02:42:54.531+0000][1][gc,age       ] GC(4) - age   1:    3258224 bytes,    3258224 total
[2023-07-18T02:42:54.531+0000][1][gc,age       ] GC(4) - age   2:    2793640 bytes,    6051864 total
[2023-07-18T02:42:54.531+0000][1][gc,age       ] GC(4) - age   3:    2755936 bytes,    8807800 total
[2023-07-18T02:42:54.533+0000][1][gc,heap      ] GC(4) ParNew: 146503K->10348K(157248K)
[2023-07-18T02:42:54.533+0000][1][gc,heap      ] GC(4) CMS: 9286K->9286K(349568K)
[2023-07-18T02:42:54.533+0000][1][gc,metaspace ] GC(4) Metaspace: 20771K->20771K(1069056K)
[2023-07-18T02:42:54.534+0000][1][gc           ] GC(4) Pause Young (Allocation Failure) 152M->19M(494M) 129.576ms
[2023-07-18T02:42:54.534+0000][1][gc,cpu       ] GC(4) User=0.11s Sys=0.00s Real=0.13s
[2023-07-18T02:42:54.535+0000][1][safepoint    ] Safepoint "GenCollectForAllocation", Time since last: 412605625 ns, Reaching safepoint: 404333 ns, At safepoint: 130726000 ns, Total: 131130333 ns
[2023-07-18T02:42:54.550+0000][1][safepoint    ] Safepoint "BulkRevokeBias", Time since last: 5978417 ns, Reaching safepoint: 446167 ns, At safepoint: 9136500 ns, Total: 9582667 ns
[2023-07-18T02:42:54.556+0000][1][safepoint    ] Safepoint "BulkRevokeBias", Time since last: 2921625 ns, Reaching safepoint: 2733375 ns, At safepoint: 253291 ns, Total: 2986666 ns
[2023-07-18T02:42:55.560+0000][1][safepoint    ] Safepoint "Cleanup", Time since last: 1000435126 ns, Reaching safepoint: 3218083 ns, At safepoint: 22584 ns, Total: 3240667 ns
[2023-07-18T02:42:56.569+0000][1][safepoint    ] Safepoint "Cleanup", Time since last: 1006190708 ns, Reaching safepoint: 3017292 ns, At safepoint: 18667 ns, Total: 3035959 ns
[2023-07-18T02:42:56.735+0000][1][gc,start     ] GC(5) Pause Young (Allocation Failure)
[2023-07-18T02:42:56.736+0000][1][gc,task      ] GC(5) Using 4 workers of 4 for evacuation
[2023-07-18T02:42:56.787+0000][1][gc,age       ] GC(5) Desired survivor size 8945664 bytes, new threshold 6 (max threshold 6)
[2023-07-18T02:42:56.796+0000][1][gc,age       ] GC(5) Age table with threshold 6 (max threshold 6)
[2023-07-18T02:42:56.797+0000][1][gc,age       ] GC(5) - age   1:    1576584 bytes,    1576584 total
[2023-07-18T02:42:56.797+0000][1][gc,age       ] GC(5) - age   2:    1276792 bytes,    2853376 total
[2023-07-18T02:42:56.797+0000][1][gc,age       ] GC(5) - age   3:    2793616 bytes,    5646992 total
[2023-07-18T02:42:56.797+0000][1][gc,age       ] GC(5) - age   4:    2755528 bytes,    8402520 total
[2023-07-18T02:42:56.797+0000][1][gc,heap      ] GC(5) ParNew: 150124K->11616K(157248K)
[2023-07-18T02:42:56.797+0000][1][gc,heap      ] GC(5) CMS: 9286K->9286K(349568K)
[2023-07-18T02:42:56.798+0000][1][gc,metaspace ] GC(5) Metaspace: 21014K->21014K(1069056K)
[2023-07-18T02:42:56.798+0000][1][gc           ] GC(5) Pause Young (Allocation Failure) 155M->20M(494M) 62.442ms
[2023-07-18T02:42:56.798+0000][1][gc,cpu       ] GC(5) User=0.05s Sys=0.00s Real=0.06s
[2023-07-18T02:42:56.798+0000][1][safepoint    ] Safepoint "GenCollectForAllocation", Time since last: 166159708 ns, Reaching safepoint: 168958 ns, At safepoint: 62797625 ns, Total: 62966583 ns
[2023-07-18T02:42:57.804+0000][1][safepoint    ] Safepoint "Cleanup", Time since last: 1000203543 ns, Reaching safepoint: 5572000 ns, At safepoint: 29250 ns, Total: 5601250 ns
[2023-07-18T02:42:58.820+0000][1][safepoint    ] Safepoint "Cleanup", Time since last: 1008187958 ns, Reaching safepoint: 7747792 ns, At safepoint: 23458 ns, Total: 7771250 ns
[2023-07-18T02:42:58.977+0000][1][gc,start     ] GC(6) Pause Young (Allocation Failure)
[2023-07-18T02:42:58.977+0000][1][gc,task      ] GC(6) Using 4 workers of 4 for evacuation
[2023-07-18T02:42:59.027+0000][1][gc,age       ] GC(6) Desired survivor size 8945664 bytes, new threshold 5 (max threshold 6)
[2023-07-18T02:42:59.028+0000][1][gc,age       ] GC(6) Age table with threshold 5 (max threshold 6)
[2023-07-18T02:42:59.028+0000][1][gc,age       ] GC(6) - age   1:    2742904 bytes,    2742904 total
[2023-07-18T02:42:59.028+0000][1][gc,age       ] GC(6) - age   2:     551080 bytes,    3293984 total
[2023-07-18T02:42:59.028+0000][1][gc,age       ] GC(6) - age   3:    1276504 bytes,    4570488 total
[2023-07-18T02:42:59.028+0000][1][gc,age       ] GC(6) - age   4:    2792512 bytes,    7363000 total
[2023-07-18T02:42:59.028+0000][1][gc,age       ] GC(6) - age   5:    2755384 bytes,   10118384 total
[2023-07-18T02:42:59.029+0000][1][gc,heap      ] GC(6) ParNew: 151392K->12135K(157248K)
[2023-07-18T02:42:59.029+0000][1][gc,heap      ] GC(6) CMS: 9286K->9286K(349568K)
[2023-07-18T02:42:59.029+0000][1][gc,metaspace ] GC(6) Metaspace: 21938K->21938K(1069056K)
[2023-07-18T02:42:59.029+0000][1][gc           ] GC(6) Pause Young (Allocation Failure) 156M->20M(494M) 52.520ms
[2023-07-18T02:42:59.029+0000][1][gc,cpu       ] GC(6) User=0.09s Sys=0.00s Real=0.05s
[2023-07-18T02:42:59.039+0000][1][safepoint    ] Safepoint "GenCollectForAllocation", Time since last: 156534709 ns, Reaching safepoint: 299666 ns, At safepoint: 62694292 ns, Total: 62993958 ns
[2023-07-18T02:43:00.041+0000][1][safepoint    ] Safepoint "Cleanup", Time since last: 1000430459 ns, Reaching safepoint: 1350167 ns, At safepoint: 17333 ns, Total: 1367500 ns
[2023-07-18T02:43:00.134+0000][1][gc,start     ] GC(7) Pause Young (Allocation Failure)
[2023-07-18T02:43:00.135+0000][1][gc,task      ] GC(7) Using 4 workers of 4 for evacuation
[2023-07-18T02:43:00.210+0000][1][gc,age       ] GC(7) Desired survivor size 8945664 bytes, new threshold 6 (max threshold 6)
[2023-07-18T02:43:00.211+0000][1][gc,age       ] GC(7) Age table with threshold 6 (max threshold 6)
[2023-07-18T02:43:00.211+0000][1][gc,age       ] GC(7) - age   1:    2046456 bytes,    2046456 total
[2023-07-18T02:43:00.211+0000][1][gc,age       ] GC(7) - age   2:     748016 bytes,    2794472 total
[2023-07-18T02:43:00.211+0000][1][gc,age       ] GC(7) - age   3:     551080 bytes,    3345552 total
[2023-07-18T02:43:00.211+0000][1][gc,age       ] GC(7) - age   4:    1275904 bytes,    4621456 total
[2023-07-18T02:43:00.212+0000][1][gc,age       ] GC(7) - age   5:    2792512 bytes,    7413968 total
[2023-07-18T02:43:00.212+0000][1][gc,heap      ] GC(7) ParNew: 151911K->11791K(157248K)
[2023-07-18T02:43:00.212+0000][1][gc,heap      ] GC(7) CMS: 9286K->12004K(349568K)
[2023-07-18T02:43:00.212+0000][1][gc,metaspace ] GC(7) Metaspace: 22120K->22120K(1069056K)
[2023-07-18T02:43:00.212+0000][1][gc           ] GC(7) Pause Young (Allocation Failure) 157M->23M(494M) 77.940ms
[2023-07-18T02:43:00.213+0000][1][gc,cpu       ] GC(7) User=0.08s Sys=0.00s Real=0.08s
[2023-07-18T02:43:00.213+0000][1][safepoint    ] Safepoint "GenCollectForAllocation", Time since last: 93017167 ns, Reaching safepoint: 251416 ns, At safepoint: 78306000 ns, Total: 78557416 ns
[2023-07-18T02:43:01.214+0000][1][safepoint    ] Safepoint "Cleanup", Time since last: 1000263334 ns, Reaching safepoint: 1011084 ns, At safepoint: 18666 ns, Total: 1029750 ns
[2023-07-18T02:43:01.700+0000][1][gc,start     ] GC(8) Pause Young (Allocation Failure)
[2023-07-18T02:43:01.701+0000][1][gc,task      ] GC(8) Using 4 workers of 4 for evacuation
[2023-07-18T02:43:01.748+0000][1][gc,age       ] GC(8) Desired survivor size 8945664 bytes, new threshold 6 (max threshold 6)
[2023-07-18T02:43:01.749+0000][1][gc,age       ] GC(8) Age table with threshold 6 (max threshold 6)
[2023-07-18T02:43:01.749+0000][1][gc,age       ] GC(8) - age   1:     643264 bytes,     643264 total
[2023-07-18T02:43:01.749+0000][1][gc,age       ] GC(8) - age   2:     418456 bytes,    1061720 total
[2023-07-18T02:43:01.750+0000][1][gc,age       ] GC(8) - age   3:     747864 bytes,    1809584 total
[2023-07-18T02:43:01.750+0000][1][gc,age       ] GC(8) - age   4:     551016 bytes,    2360600 total
[2023-07-18T02:43:01.750+0000][1][gc,age       ] GC(8) - age   5:    1275296 bytes,    3635896 total
[2023-07-18T02:43:01.750+0000][1][gc,age       ] GC(8) - age   6:    2791904 bytes,    6427800 total
[2023-07-18T02:43:01.751+0000][1][gc,heap      ] GC(8) ParNew: 151567K->11682K(157248K)
[2023-07-18T02:43:01.751+0000][1][gc,heap      ] GC(8) CMS: 12004K->12004K(349568K)
[2023-07-18T02:43:01.751+0000][1][gc,metaspace ] GC(8) Metaspace: 23594K->23594K(1071104K)
[2023-07-18T02:43:01.751+0000][1][gc           ] GC(8) Pause Young (Allocation Failure) 159M->23M(494M) 51.255ms
[2023-07-18T02:43:01.752+0000][1][gc,cpu       ] GC(8) User=0.05s Sys=0.00s Real=0.05s
[2023-07-18T02:43:01.752+0000][1][safepoint    ] Safepoint "GenCollectForAllocation", Time since last: 480751542 ns, Reaching safepoint: 5274500 ns, At safepoint: 51647958 ns, Total: 56922458 ns
[2023-07-18T02:43:02.740+0000][1][safepoint    ] Safepoint "RevokeBias", Time since last: 983656376 ns, Reaching safepoint: 3884167 ns, At safepoint: 268791 ns, Total: 4152958 ns
[2023-07-18T02:43:02.746+0000][1][safepoint    ] Safepoint "RevokeBias", Time since last: 2861084 ns, Reaching safepoint: 3158666 ns, At safepoint: 73750 ns, Total: 3232416 ns
[2023-07-18T02:43:02.747+0000][1][safepoint    ] Safepoint "RevokeBias", Time since last: 733334 ns, Reaching safepoint: 174208 ns, At safepoint: 43708 ns, Total: 217916 ns
[2023-07-18T02:43:03.412+0000][1][safepoint    ] Safepoint "Deoptimize", Time since last: 663812584 ns, Reaching safepoint: 446208 ns, At safepoint: 1221667 ns, Total: 1667875 ns
[2023-07-18T02:43:04.418+0000][1][safepoint    ] Safepoint "Cleanup", Time since last: 1002308959 ns, Reaching safepoint: 3626125 ns, At safepoint: 18791 ns, Total: 3644916 ns
[2023-07-18T02:43:05.419+0000][1][safepoint    ] Safepoint "Cleanup", Time since last: 1000350709 ns, Reaching safepoint: 670917 ns, At safepoint: 18000 ns, Total: 688917 ns
[2023-07-18T02:43:06.420+0000][1][safepoint    ] Safepoint "Cleanup", Time since last: 1000399375 ns, Reaching safepoint: 414209 ns, At safepoint: 14583 ns, Total: 428792 ns
[2023-07-18T02:43:07.026+0000][1][safepoint    ] Safepoint "RevokeBias", Time since last: 599500625 ns, Reaching safepoint: 5874042 ns, At safepoint: 366833 ns, Total: 6240875 ns
[2023-07-18T02:43:08.030+0000][1][safepoint    ] Safepoint "Cleanup", Time since last: 1002230292 ns, Reaching safepoint: 2021667 ns, At safepoint: 16750 ns, Total: 2038417 ns
[2023-07-18T02:43:09.045+0000][1][safepoint    ] Safepoint "Cleanup", Time since last: 1000476167 ns, Reaching safepoint: 14390000 ns, At safepoint: 22459 ns, Total: 14412459 ns
[2023-07-18T02:43:10.055+0000][1][safepoint    ] Safepoint "Cleanup", Time since last: 1000584917 ns, Reaching safepoint: 9447916 ns, At safepoint: 25834 ns, Total: 9473750 ns
[2023-07-18T02:43:11.060+0000][1][safepoint    ] Safepoint "Cleanup", Time since last: 1004579999 ns, Reaching safepoint: 525917 ns, At safepoint: 15917 ns, Total: 541834 ns
[2023-07-18T02:43:11.739+0000][1][gc,start     ] GC(9) Pause Young (Allocation Failure)
[2023-07-18T02:43:11.740+0000][1][gc,task      ] GC(9) Using 4 workers of 4 for evacuation
[2023-07-18T02:43:11.968+0000][1][gc,age       ] GC(9) Desired survivor size 8945664 bytes, new threshold 1 (max threshold 6)
[2023-07-18T02:43:11.969+0000][1][gc,age       ] GC(9) Age table with threshold 1 (max threshold 6)
[2023-07-18T02:43:11.969+0000][1][gc,age       ] GC(9) - age   1:   14263456 bytes,   14263456 total
[2023-07-18T02:43:11.969+0000][1][gc,age       ] GC(9) - age   2:     624224 bytes,   14887680 total
[2023-07-18T02:43:11.969+0000][1][gc,age       ] GC(9) - age   3:     415880 bytes,   15303560 total
[2023-07-18T02:43:11.969+0000][1][gc,age       ] GC(9) - age   4:     746936 bytes,   16050496 total
[2023-07-18T02:43:11.969+0000][1][gc,age       ] GC(9) - age   5:     548712 bytes,   16599208 total
[2023-07-18T02:43:11.969+0000][1][gc,age       ] GC(9) - age   6:    1264336 bytes,   17863544 total
[2023-07-18T02:43:11.970+0000][1][gc,heap      ] GC(9) ParNew: 151458K->17472K(157248K)
[2023-07-18T02:43:11.970+0000][1][gc,heap      ] GC(9) CMS: 12004K->18421K(349568K)
[2023-07-18T02:43:11.970+0000][1][gc,metaspace ] GC(9) Metaspace: 29017K->29017K(1077248K)
[2023-07-18T02:43:11.970+0000][1][gc           ] GC(9) Pause Young (Allocation Failure) 159M->35M(494M) 230.853ms
[2023-07-18T02:43:11.970+0000][1][gc,cpu       ] GC(9) User=0.45s Sys=0.00s Real=0.23s
[2023-07-18T02:43:11.989+0000][1][safepoint    ] Safepoint "GenCollectForAllocation", Time since last: 677140208 ns, Reaching safepoint: 2022500 ns, At safepoint: 250066334 ns, Total: 252088834 ns
[2023-07-18T02:43:12.990+0000][1][safepoint    ] Safepoint "Cleanup", Time since last: 1000520459 ns, Reaching safepoint: 695625 ns, At safepoint: 18541 ns, Total: 714166 ns
[2023-07-18T02:43:13.596+0000][1][safepoint    ] Safepoint "Deoptimize", Time since last: 603991959 ns, Reaching safepoint: 208708 ns, At safepoint: 1009333 ns, Total: 1218041 ns
[2023-07-18T02:43:14.597+0000][1][safepoint    ] Safepoint "Cleanup", Time since last: 1000455459 ns, Reaching safepoint: 1233000 ns, At safepoint: 26667 ns, Total: 1259667 ns
[2023-07-18T02:43:14.907+0000][1][safepoint    ] Safepoint "RevokeBias", Time since last: 309072042 ns, Reaching safepoint: 427291 ns, At safepoint: 104917 ns, Total: 532208 ns
[2023-07-18T02:43:15.929+0000][1][safepoint    ] Safepoint "Cleanup", Time since last: 1016013626 ns, Reaching safepoint: 4871875 ns, At safepoint: 364375 ns, Total: 5236250 ns
[2023-07-18T02:43:15.977+0000][1][safepoint    ] Safepoint "CollectForMetadataAllocation", Time since last: 46303833 ns, Reaching safepoint: 2492708 ns, At safepoint: 436084 ns, Total: 2928792 ns
[2023-07-18T02:43:15.997+0000][1][gc,start     ] GC(10) Pause Initial Mark
[2023-07-18T02:43:16.201+0000][1][gc           ] GC(10) Pause Initial Mark 146M->146M(494M) 204.435ms
[2023-07-18T02:43:16.202+0000][1][gc,cpu       ] GC(10) User=0.55s Sys=0.01s Real=0.20s
[2023-07-18T02:43:16.202+0000][1][safepoint    ] Safepoint "CMS_Initial_Mark", Time since last: 14479291 ns, Reaching safepoint: 4693625 ns, At safepoint: 205675334 ns, Total: 210368959 ns
[2023-07-18T02:43:16.203+0000][1][gc           ] GC(10) Concurrent Mark
[2023-07-18T02:43:16.289+0000][1][gc           ] GC(10) Concurrent Mark 86.641ms
[2023-07-18T02:43:16.290+0000][1][gc,cpu       ] GC(10) User=0.24s Sys=0.00s Real=0.08s
[2023-07-18T02:43:16.290+0000][1][gc           ] GC(10) Concurrent Preclean
[2023-07-18T02:43:16.292+0000][1][safepoint    ] Safepoint "CollectForMetadataAllocation", Time since last: 88497458 ns, Reaching safepoint: 655667 ns, At safepoint: 114750 ns, Total: 770417 ns
[2023-07-18T02:43:16.297+0000][1][gc           ] GC(10) Concurrent Preclean 6.598ms
[2023-07-18T02:43:16.297+0000][1][gc,cpu       ] GC(10) User=0.01s Sys=0.00s Real=0.01s
[2023-07-18T02:43:16.297+0000][1][gc           ] GC(10) Concurrent Abortable Preclean
[2023-07-18T02:43:16.369+0000][1][safepoint    ] Safepoint "CollectForMetadataAllocation", Time since last: 76580208 ns, Reaching safepoint: 797375 ns, At safepoint: 110333 ns, Total: 907708 ns
[2023-07-18T02:43:16.430+0000][1][safepoint    ] Safepoint "CollectForMetadataAllocation", Time since last: 60640084 ns, Reaching safepoint: 293125 ns, At safepoint: 108750 ns, Total: 401875 ns
[2023-07-18T02:43:16.556+0000][1][safepoint    ] Safepoint "CollectForMetadataAllocation", Time since last: 125240750 ns, Reaching safepoint: 356667 ns, At safepoint: 106541 ns, Total: 463208 ns
[2023-07-18T02:43:17.013+0000][1][gc,start     ] GC(11) Pause Young (Allocation Failure)
[2023-07-18T02:43:17.014+0000][1][gc,task      ] GC(11) Using 4 workers of 4 for evacuation
[2023-07-18T02:43:17.200+0000][1][gc,age       ] GC(11) Desired survivor size 8945664 bytes, new threshold 1 (max threshold 6)
[2023-07-18T02:43:17.200+0000][1][gc,age       ] GC(11) Age table with threshold 1 (max threshold 6)
[2023-07-18T02:43:17.200+0000][1][gc,age       ] GC(11) - age   1:   10794056 bytes,   10794056 total
[2023-07-18T02:43:17.201+0000][1][gc,heap      ] GC(11) ParNew: 157248K->17472K(157248K)
[2023-07-18T02:43:17.201+0000][1][gc,heap      ] GC(11) CMS: 18421K->37830K(349568K)
[2023-07-18T02:43:17.201+0000][1][gc,metaspace ] GC(11) Metaspace: 34791K->34791K(1081344K)
[2023-07-18T02:43:17.202+0000][1][gc           ] GC(11) Pause Young (Allocation Failure) 171M->54M(494M) 189.446ms
[2023-07-18T02:43:17.202+0000][1][gc,cpu       ] GC(11) User=0.47s Sys=0.01s Real=0.19s
[2023-07-18T02:43:17.213+0000][1][safepoint    ] Safepoint "GenCollectForAllocation", Time since last: 456087417 ns, Reaching safepoint: 596167 ns, At safepoint: 200570917 ns, Total: 201167084 ns
[2023-07-18T02:43:17.559+0000][1][safepoint    ] Safepoint "CollectForMetadataAllocation", Time since last: 344581291 ns, Reaching safepoint: 1203667 ns, At safepoint: 135833 ns, Total: 1339500 ns
[2023-07-18T02:43:17.661+0000][1][gc           ] GC(10) Concurrent Abortable Preclean 1364.131ms
[2023-07-18T02:43:17.662+0000][1][gc,cpu       ] GC(10) User=3.62s Sys=0.05s Real=1.36s
[2023-07-18T02:43:17.664+0000][1][gc,start     ] GC(10) Pause Remark
[2023-07-18T02:43:17.810+0000][1][gc           ] GC(10) Pause Remark 130M->130M(494M) 146.482ms
[2023-07-18T02:43:17.811+0000][1][gc,cpu       ] GC(10) User=0.24s Sys=0.01s Real=0.14s
[2023-07-18T02:43:17.811+0000][1][safepoint    ] Safepoint "CMS_Final_Remark", Time since last: 104456625 ns, Reaching safepoint: 387834 ns, At safepoint: 147197166 ns, Total: 147585000 ns
[2023-07-18T02:43:17.811+0000][1][gc           ] GC(10) Concurrent Sweep
[2023-07-18T02:43:17.905+0000][1][gc           ] GC(10) Concurrent Sweep 93.615ms
[2023-07-18T02:43:17.905+0000][1][gc,cpu       ] GC(10) User=0.20s Sys=0.00s Real=0.10s
[2023-07-18T02:43:17.906+0000][1][gc           ] GC(10) Concurrent Reset
[2023-07-18T02:43:17.907+0000][1][gc           ] GC(10) Concurrent Reset 0.856ms
[2023-07-18T02:43:17.907+0000][1][gc,cpu       ] GC(10) User=0.01s Sys=0.00s Real=0.00s
[2023-07-18T02:43:17.922+0000][1][gc,heap      ] GC(10) Old: 18421K->37728K(349568K)
[2023-07-18T02:43:18.813+0000][1][safepoint    ] Safepoint "Cleanup", Time since last: 1000506626 ns, Reaching safepoint: 1761208 ns, At safepoint: 21375 ns, Total: 1782583 ns
[2023-07-18T02:43:19.815+0000][1][safepoint    ] Safepoint "Cleanup", Time since last: 1001072209 ns, Reaching safepoint: 575000 ns, At safepoint: 19083 ns, Total: 594083 ns
[2023-07-18T02:43:20.460+0000][1][safepoint    ] Safepoint "RevokeBias", Time since last: 642137459 ns, Reaching safepoint: 391917 ns, At safepoint: 2932750 ns, Total: 3324667 ns
[2023-07-18T02:43:20.476+0000][1][safepoint    ] Safepoint "Deoptimize", Time since last: 11176000 ns, Reaching safepoint: 840916 ns, At safepoint: 3658459 ns, Total: 4499375 ns
[2023-07-18T02:43:20.556+0000][1][safepoint    ] Safepoint "RevokeBias", Time since last: 79521250 ns, Reaching safepoint: 137333 ns, At safepoint: 169750 ns, Total: 307083 ns
[2023-07-18T02:43:20.604+0000][1][safepoint    ] Safepoint "RevokeBias", Time since last: 47002375 ns, Reaching safepoint: 485208 ns, At safepoint: 226917 ns, Total: 712125 ns
[2023-07-18T02:43:21.606+0000][1][safepoint    ] Safepoint "Cleanup", Time since last: 1001073209 ns, Reaching safepoint: 1365500 ns, At safepoint: 15125 ns, Total: 1380625 ns
[2023-07-18T02:43:22.607+0000][1][safepoint    ] Safepoint "Cleanup", Time since last: 1000664000 ns, Reaching safepoint: 399500 ns, At safepoint: 17792 ns, Total: 417292 ns
[2023-07-18T02:43:22.823+0000][1][gc,start     ] GC(12) Pause Young (Allocation Failure)
[2023-07-18T02:43:22.824+0000][1][gc,task      ] GC(12) Using 4 workers of 4 for evacuation
[2023-07-18T02:43:22.960+0000][1][gc,age       ] GC(12) Desired survivor size 8945664 bytes, new threshold 6 (max threshold 6)
[2023-07-18T02:43:22.960+0000][1][gc,age       ] GC(12) Age table with threshold 6 (max threshold 6)
[2023-07-18T02:43:22.960+0000][1][gc,age       ] GC(12) - age   1:    3051416 bytes,    3051416 total
[2023-07-18T02:43:22.961+0000][1][gc,heap      ] GC(12) ParNew: 157248K->11445K(157248K)
[2023-07-18T02:43:22.961+0000][1][gc,heap      ] GC(12) CMS: 37728K->48426K(349568K)
[2023-07-18T02:43:22.961+0000][1][gc,metaspace ] GC(12) Metaspace: 42696K->42696K(1089536K)
[2023-07-18T02:43:22.962+0000][1][gc           ] GC(12) Pause Young (Allocation Failure) 190M->58M(494M) 138.538ms
[2023-07-18T02:43:22.962+0000][1][gc,cpu       ] GC(12) User=0.29s Sys=0.00s Real=0.13s
[2023-07-18T02:43:22.963+0000][1][safepoint    ] Safepoint "GenCollectForAllocation", Time since last: 215570875 ns, Reaching safepoint: 737584 ns, At safepoint: 139298333 ns, Total: 140035917 ns
[2023-07-18T02:43:23.893+0000][1][safepoint    ] Safepoint "RevokeBias", Time since last: 929150167 ns, Reaching safepoint: 593750 ns, At safepoint: 508542 ns, Total: 1102292 ns
[2023-07-18T02:43:23.896+0000][1][safepoint    ] Safepoint "RevokeBias", Time since last: 2640500 ns, Reaching safepoint: 360833 ns, At safepoint: 123292 ns, Total: 484125 ns
[2023-07-18T02:43:24.916+0000][1][safepoint    ] Safepoint "Cleanup", Time since last: 1000867709 ns, Reaching safepoint: 18753750 ns, At safepoint: 27291 ns, Total: 18781041 ns
[2023-07-18T02:43:25.920+0000][1][safepoint    ] Safepoint "Cleanup", Time since last: 1003674876 ns, Reaching safepoint: 687333 ns, At safepoint: 22708 ns, Total: 710041 ns
[2023-07-18T02:43:26.827+0000][1][safepoint    ] Safepoint "RevokeBias", Time since last: 906211501 ns, Reaching safepoint: 609291 ns, At safepoint: 202084 ns, Total: 811375 ns
[2023-07-18T02:43:27.828+0000][1][safepoint    ] Safepoint "Cleanup", Time since last: 1000446292 ns, Reaching safepoint: 636375 ns, At safepoint: 16583 ns, Total: 652958 ns
[2023-07-18T02:43:28.743+0000][1][safepoint    ] Safepoint "Deoptimize", Time since last: 911217959 ns, Reaching safepoint: 603792 ns, At safepoint: 2434916 ns, Total: 3038708 ns
[2023-07-18T02:43:28.904+0000][1][safepoint    ] Safepoint "RevokeBias", Time since last: 160333417 ns, Reaching safepoint: 467625 ns, At safepoint: 187708 ns, Total: 655333 ns
[2023-07-18T02:43:28.906+0000][1][safepoint    ] Safepoint "BulkRevokeBias", Time since last: 2030375 ns, Reaching safepoint: 259459 ns, At safepoint: 645333 ns, Total: 904792 ns
[2023-07-18T02:43:28.910+0000][1][safepoint    ] Safepoint "RevokeBias", Time since last: 2985333 ns, Reaching safepoint: 249500 ns, At safepoint: 138792 ns, Total: 388292 ns
[2023-07-18T02:43:28.919+0000][1][safepoint    ] Safepoint "RevokeBias", Time since last: 8656917 ns, Reaching safepoint: 345458 ns, At safepoint: 146000 ns, Total: 491458 ns
[2023-07-18T02:43:28.925+0000][1][safepoint    ] Safepoint "RevokeBias", Time since last: 5648250 ns, Reaching safepoint: 357875 ns, At safepoint: 166167 ns, Total: 524042 ns
[2023-07-18T02:43:28.928+0000][1][safepoint    ] Safepoint "RevokeBias", Time since last: 2962208 ns, Reaching safepoint: 257333 ns, At safepoint: 140084 ns, Total: 397417 ns
[2023-07-18T02:43:28.931+0000][1][safepoint    ] Safepoint "RevokeBias", Time since last: 2053708 ns, Reaching safepoint: 203667 ns, At safepoint: 133000 ns, Total: 336667 ns
[2023-07-18T02:43:28.946+0000][1][safepoint    ] Safepoint "RevokeBias", Time since last: 12326625 ns, Reaching safepoint: 2990416 ns, At safepoint: 175417 ns, Total: 3165833 ns
[2023-07-18T02:43:28.950+0000][1][safepoint    ] Safepoint "RevokeBias", Time since last: 3162167 ns, Reaching safepoint: 217750 ns, At safepoint: 125791 ns, Total: 343541 ns
[2023-07-18T02:43:28.956+0000][1][safepoint    ] Safepoint "RevokeBias", Time since last: 5746209 ns, Reaching safepoint: 247958 ns, At safepoint: 152250 ns, Total: 400208 ns
[2023-07-18T02:43:28.959+0000][1][safepoint    ] Safepoint "RevokeBias", Time since last: 2505583 ns, Reaching safepoint: 434834 ns, At safepoint: 136291 ns, Total: 571125 ns
[2023-07-18T02:43:28.966+0000][1][safepoint    ] Safepoint "RevokeBias", Time since last: 6489209 ns, Reaching safepoint: 306041 ns, At safepoint: 162334 ns, Total: 468375 ns
[2023-07-18T02:43:28.968+0000][1][safepoint    ] Safepoint "RevokeBias", Time since last: 1127666 ns, Reaching safepoint: 213834 ns, At safepoint: 131125 ns, Total: 344959 ns
[2023-07-18T02:43:28.969+0000][1][safepoint    ] Safepoint "RevokeBias", Time since last: 1126625 ns, Reaching safepoint: 191041 ns, At safepoint: 130459 ns, Total: 321500 ns
[2023-07-18T02:43:28.970+0000][1][safepoint    ] Safepoint "RevokeBias", Time since last: 668166 ns, Reaching safepoint: 180584 ns, At safepoint: 119958 ns, Total: 300542 ns
[2023-07-18T02:43:28.975+0000][1][safepoint    ] Safepoint "RevokeBias", Time since last: 4891958 ns, Reaching safepoint: 388542 ns, At safepoint: 212417 ns, Total: 600959 ns
[2023-07-18T02:43:28.976+0000][1][safepoint    ] Safepoint "RevokeBias", Time since last: 534166 ns, Reaching safepoint: 302750 ns, At safepoint: 197334 ns, Total: 500084 ns
[2023-07-18T02:43:28.977+0000][1][safepoint    ] Safepoint "RevokeBias", Time since last: 569375 ns, Reaching safepoint: 281041 ns, At safepoint: 152959 ns, Total: 434000 ns
[2023-07-18T02:43:28.979+0000][1][safepoint    ] Safepoint "RevokeBias", Time since last: 908958 ns, Reaching safepoint: 278583 ns, At safepoint: 160625 ns, Total: 439208 ns
[2023-07-18T02:43:28.980+0000][1][safepoint    ] Safepoint "RevokeBias", Time since last: 606792 ns, Reaching safepoint: 205208 ns, At safepoint: 155375 ns, Total: 360583 ns
[2023-07-18T02:43:28.983+0000][1][safepoint    ] Safepoint "RevokeBias", Time since last: 385209 ns, Reaching safepoint: 2227166 ns, At safepoint: 160625 ns, Total: 2387791 ns
[2023-07-18T02:43:28.984+0000][1][safepoint    ] Safepoint "RevokeBias", Time since last: 807084 ns, Reaching safepoint: 265000 ns, At safepoint: 160500 ns, Total: 425500 ns
[2023-07-18T02:43:28.985+0000][1][safepoint    ] Safepoint "BulkRevokeBias", Time since last: 869208 ns, Reaching safepoint: 191125 ns, At safepoint: 560792 ns, Total: 751917 ns
[2023-07-18T02:43:28.989+0000][1][safepoint    ] Safepoint "RevokeBias", Time since last: 769333 ns, Reaching safepoint: 2239917 ns, At safepoint: 194625 ns, Total: 2434542 ns
[2023-07-18T02:43:28.989+0000][1][safepoint    ] Safepoint "RevokeBias", Time since last: 335666 ns, Reaching safepoint: 316959 ns, At safepoint: 180500 ns, Total: 497459 ns
[2023-07-18T02:43:29.668+0000][1][safepoint    ] Safepoint "RevokeBias", Time since last: 677873667 ns, Reaching safepoint: 600291 ns, At safepoint: 69334 ns, Total: 669625 ns
[2023-07-18T02:43:29.672+0000][1][safepoint    ] Safepoint "RevokeBias", Time since last: 3424291 ns, Reaching safepoint: 193709 ns, At safepoint: 45125 ns, Total: 238834 ns
[2023-07-18T02:43:29.676+0000][1][safepoint    ] Safepoint "RevokeBias", Time since last: 3650041 ns, Reaching safepoint: 241542 ns, At safepoint: 52167 ns, Total: 293709 ns
[2023-07-18T02:43:29.676+0000][1][safepoint    ] Safepoint "RevokeBias", Time since last: 465750 ns, Reaching safepoint: 157541 ns, At safepoint: 36084 ns, Total: 193625 ns
[2023-07-18T02:43:29.677+0000][1][safepoint    ] Safepoint "RevokeBias", Time since last: 371375 ns, Reaching safepoint: 149291 ns, At safepoint: 35250 ns, Total: 184541 ns
[2023-07-18T02:43:29.677+0000][1][safepoint    ] Safepoint "RevokeBias", Time since last: 354084 ns, Reaching safepoint: 155291 ns, At safepoint: 34250 ns, Total: 189541 ns
[2023-07-18T02:43:29.678+0000][1][safepoint    ] Safepoint "RevokeBias", Time since last: 332875 ns, Reaching safepoint: 139334 ns, At safepoint: 33208 ns, Total: 172542 ns
[2023-07-18T02:43:29.678+0000][1][safepoint    ] Safepoint "RevokeBias", Time since last: 338000 ns, Reaching safepoint: 154417 ns, At safepoint: 35000 ns, Total: 189417 ns
[2023-07-18T02:43:29.679+0000][1][safepoint    ] Safepoint "RevokeBias", Time since last: 391875 ns, Reaching safepoint: 148625 ns, At safepoint: 34791 ns, Total: 183416 ns
[2023-07-18T02:43:29.679+0000][1][safepoint    ] Safepoint "RevokeBias", Time since last: 344084 ns, Reaching safepoint: 135750 ns, At safepoint: 32250 ns, Total: 168000 ns
[2023-07-18T02:43:29.680+0000][1][safepoint    ] Safepoint "RevokeBias", Time since last: 323541 ns, Reaching safepoint: 73584 ns, At safepoint: 30625 ns, Total: 104209 ns
[2023-07-18T02:43:29.680+0000][1][safepoint    ] Safepoint "RevokeBias", Time since last: 307083 ns, Reaching safepoint: 71792 ns, At safepoint: 31750 ns, Total: 103542 ns
[2023-07-18T02:43:29.681+0000][1][safepoint    ] Safepoint "RevokeBias", Time since last: 325291 ns, Reaching safepoint: 71459 ns, At safepoint: 36333 ns, Total: 107792 ns
[2023-07-18T02:43:29.681+0000][1][safepoint    ] Safepoint "RevokeBias", Time since last: 341333 ns, Reaching safepoint: 72792 ns, At safepoint: 36000 ns, Total: 108792 ns
[2023-07-18T02:43:29.682+0000][1][safepoint    ] Safepoint "RevokeBias", Time since last: 353208 ns, Reaching safepoint: 73125 ns, At safepoint: 33334 ns, Total: 106459 ns
[2023-07-18T02:43:29.682+0000][1][safepoint    ] Safepoint "RevokeBias", Time since last: 327416 ns, Reaching safepoint: 67542 ns, At safepoint: 34208 ns, Total: 101750 ns
[2023-07-18T02:43:29.683+0000][1][safepoint    ] Safepoint "RevokeBias", Time since last: 487625 ns, Reaching safepoint: 153542 ns, At safepoint: 31167 ns, Total: 184709 ns
[2023-07-18T02:43:29.683+0000][1][safepoint    ] Safepoint "RevokeBias", Time since last: 301416 ns, Reaching safepoint: 146250 ns, At safepoint: 33000 ns, Total: 179250 ns
[2023-07-18T02:43:29.684+0000][1][safepoint    ] Safepoint "RevokeBias", Time since last: 310167 ns, Reaching safepoint: 148208 ns, At safepoint: 33417 ns, Total: 181625 ns
[2023-07-18T02:43:29.685+0000][1][safepoint    ] Safepoint "BulkRevokeBias", Time since last: 298417 ns, Reaching safepoint: 140125 ns, At safepoint: 381708 ns, Total: 521833 ns
[2023-07-18T02:43:30.615+0000][1][safepoint    ] Safepoint "RevokeBias", Time since last: 929381126 ns, Reaching safepoint: 1272458 ns, At safepoint: 157292 ns, Total: 1429750 ns
[2023-07-18T02:43:31.056+0000][1][safepoint    ] Safepoint "RevokeBias", Time since last: 439959375 ns, Reaching safepoint: 550750 ns, At safepoint: 143208 ns, Total: 693958 ns
[2023-07-18T02:43:31.224+0000][1][safepoint    ] Safepoint "RevokeBias", Time since last: 167886959 ns, Reaching safepoint: 122208 ns, At safepoint: 145708 ns, Total: 267916 ns
[2023-07-18T02:43:31.261+0000][1][safepoint    ] Safepoint "RevokeBias", Time since last: 36096292 ns, Reaching safepoint: 360625 ns, At safepoint: 176667 ns, Total: 537292 ns
[2023-07-18T02:43:32.262+0000][1][safepoint    ] Safepoint "Cleanup", Time since last: 1000368208 ns, Reaching safepoint: 635542 ns, At safepoint: 17500 ns, Total: 653042 ns
[2023-07-18T02:43:32.521+0000][1][safepoint    ] Safepoint "RevokeBias", Time since last: 257601542 ns, Reaching safepoint: 1530500 ns, At safepoint: 161833 ns, Total: 1692333 ns
[2023-07-18T02:43:32.527+0000][1][safepoint    ] Safepoint "RevokeBias", Time since last: 5001875 ns, Reaching safepoint: 567084 ns, At safepoint: 143333 ns, Total: 710417 ns
[2023-07-18T02:43:32.529+0000][1][safepoint    ] Safepoint "RevokeBias", Time since last: 2038083 ns, Reaching safepoint: 300000 ns, At safepoint: 140042 ns, Total: 440042 ns
[2023-07-18T02:43:33.407+0000][1][safepoint    ] Safepoint "RevokeBias", Time since last: 872835750 ns, Reaching safepoint: 3196625 ns, At safepoint: 1361584 ns, Total: 4558209 ns
[2023-07-18T02:43:33.415+0000][1][safepoint    ] Safepoint "RevokeBias", Time since last: 7654541 ns, Reaching safepoint: 630500 ns, At safepoint: 329125 ns, Total: 959625 ns
[2023-07-18T02:43:33.418+0000][1][safepoint    ] Safepoint "RevokeBias", Time since last: 2032125 ns, Reaching safepoint: 367792 ns, At safepoint: 178750 ns, Total: 546542 ns
[2023-07-18T02:43:33.429+0000][1][safepoint    ] Safepoint "RevokeBias", Time since last: 10197208 ns, Reaching safepoint: 363667 ns, At safepoint: 168375 ns, Total: 532042 ns
[2023-07-18T02:43:33.439+0000][1][safepoint    ] Safepoint "RevokeBias", Time since last: 8432458 ns, Reaching safepoint: 1969209 ns, At safepoint: 338416 ns, Total: 2307625 ns
[2023-07-18T02:43:33.458+0000][1][safepoint    ] Safepoint "RevokeBias", Time since last: 17895500 ns, Reaching safepoint: 513959 ns, At safepoint: 197833 ns, Total: 711792 ns
[2023-07-18T02:43:33.463+0000][1][safepoint    ] Safepoint "RevokeBias", Time since last: 4516292 ns, Reaching safepoint: 524750 ns, At safepoint: 143458 ns, Total: 668208 ns
[2023-07-18T02:43:33.477+0000][1][safepoint    ] Safepoint "RevokeBias", Time since last: 11192792 ns, Reaching safepoint: 2186458 ns, At safepoint: 196833 ns, Total: 2383291 ns
[2023-07-18T02:43:33.478+0000][1][safepoint    ] Safepoint "RevokeBias", Time since last: 564292 ns, Reaching safepoint: 331958 ns, At safepoint: 184709 ns, Total: 516667 ns
[2023-07-18T02:43:33.513+0000][1][safepoint    ] Safepoint "RevokeBias", Time since last: 33891916 ns, Reaching safepoint: 773292 ns, At safepoint: 183458 ns, Total: 956750 ns
[2023-07-18T02:43:33.521+0000][1][safepoint    ] Safepoint "RevokeBias", Time since last: 7704584 ns, Reaching safepoint: 512083 ns, At safepoint: 149042 ns, Total: 661125 ns
[2023-07-18T02:43:33.533+0000][1][safepoint    ] Safepoint "RevokeBias", Time since last: 11437791 ns, Reaching safepoint: 259750 ns, At safepoint: 144292 ns, Total: 404042 ns
[2023-07-18T02:43:33.534+0000][1][safepoint    ] Safepoint "RevokeBias", Time since last: 876042 ns, Reaching safepoint: 270250 ns, At safepoint: 115541 ns, Total: 385791 ns
[2023-07-18T02:43:33.536+0000][1][safepoint    ] Safepoint "RevokeBias", Time since last: 1819834 ns, Reaching safepoint: 308666 ns, At safepoint: 133375 ns, Total: 442041 ns
[2023-07-18T02:43:33.539+0000][1][safepoint    ] Safepoint "RevokeBias", Time since last: 2315125 ns, Reaching safepoint: 337709 ns, At safepoint: 171125 ns, Total: 508834 ns
[2023-07-18T02:43:33.541+0000][1][safepoint    ] Safepoint "RevokeBias", Time since last: 921916 ns, Reaching safepoint: 197334 ns, At safepoint: 153041 ns, Total: 350375 ns
[2023-07-18T02:43:33.548+0000][1][safepoint    ] Safepoint "RevokeBias", Time since last: 3094250 ns, Reaching safepoint: 3757459 ns, At safepoint: 201500 ns, Total: 3958959 ns
[2023-07-18T02:43:33.549+0000][1][safepoint    ] Safepoint "RevokeBias", Time since last: 1290625 ns, Reaching safepoint: 428625 ns, At safepoint: 157916 ns, Total: 586541 ns
[2023-07-18T02:43:33.552+0000][1][safepoint    ] Safepoint "RevokeBias", Time since last: 1735459 ns, Reaching safepoint: 262000 ns, At safepoint: 144000 ns, Total: 406000 ns
[2023-07-18T02:43:33.554+0000][1][safepoint    ] Safepoint "RevokeBias", Time since last: 1928291 ns, Reaching safepoint: 309167 ns, At safepoint: 130417 ns, Total: 439584 ns
[2023-07-18T02:43:33.557+0000][1][safepoint    ] Safepoint "RevokeBias", Time since last: 2651333 ns, Reaching safepoint: 400125 ns, At safepoint: 152167 ns, Total: 552292 ns
[2023-07-18T02:43:33.558+0000][1][safepoint    ] Safepoint "RevokeBias", Time since last: 269041 ns, Reaching safepoint: 387334 ns, At safepoint: 141791 ns, Total: 529125 ns
[2023-07-18T02:43:33.561+0000][1][safepoint    ] Safepoint "RevokeBias", Time since last: 2950417 ns, Reaching safepoint: 304458 ns, At safepoint: 134084 ns, Total: 438542 ns
[2023-07-18T02:43:33.565+0000][1][safepoint    ] Safepoint "RevokeBias", Time since last: 3600750 ns, Reaching safepoint: 273916 ns, At safepoint: 157167 ns, Total: 431083 ns
[2023-07-18T02:43:33.568+0000][1][safepoint    ] Safepoint "RevokeBias", Time since last: 1288875 ns, Reaching safepoint: 1014042 ns, At safepoint: 125041 ns, Total: 1139083 ns
[2023-07-18T02:43:33.572+0000][1][safepoint    ] Safepoint "RevokeBias", Time since last: 3781584 ns, Reaching safepoint: 339708 ns, At safepoint: 171792 ns, Total: 511500 ns
[2023-07-18T02:43:33.576+0000][1][safepoint    ] Safepoint "RevokeBias", Time since last: 3450000 ns, Reaching safepoint: 352916 ns, At safepoint: 190250 ns, Total: 543166 ns
[2023-07-18T02:43:33.578+0000][1][safepoint    ] Safepoint "RevokeBias", Time since last: 1583500 ns, Reaching safepoint: 273792 ns, At safepoint: 141625 ns, Total: 415417 ns
[2023-07-18T02:43:33.585+0000][1][safepoint    ] Safepoint "BulkRevokeBias", Time since last: 6008833 ns, Reaching safepoint: 564042 ns, At safepoint: 680917 ns, Total: 1244959 ns
[2023-07-18T02:43:33.639+0000][1][safepoint    ] Safepoint "RevokeBias", Time since last: 52314875 ns, Reaching safepoint: 1469333 ns, At safepoint: 155083 ns, Total: 1624416 ns
[2023-07-18T02:43:33.641+0000][1][safepoint    ] Safepoint "RevokeBias", Time since last: 1092875 ns, Reaching safepoint: 784292 ns, At safepoint: 77250 ns, Total: 861542 ns
[2023-07-18T02:43:33.651+0000][1][safepoint    ] Safepoint "RevokeBias", Time since last: 9407875 ns, Reaching safepoint: 542958 ns, At safepoint: 165625 ns, Total: 708583 ns
[2023-07-18T02:43:33.742+0000][1][safepoint    ] Safepoint "RevokeBias", Time since last: 90353042 ns, Reaching safepoint: 610042 ns, At safepoint: 106666 ns, Total: 716708 ns
[2023-07-18T02:43:34.164+0000][1][safepoint    ] Safepoint "RevokeBias", Time since last: 421394292 ns, Reaching safepoint: 296542 ns, At safepoint: 301375 ns, Total: 597917 ns
[2023-07-18T02:43:34.394+0000][1][safepoint    ] Safepoint "RevokeBias", Time since last: 228699833 ns, Reaching safepoint: 372209 ns, At safepoint: 51250 ns, Total: 423459 ns
[2023-07-18T02:43:34.395+0000][1][safepoint    ] Safepoint "RevokeBias", Time since last: 947458 ns, Reaching safepoint: 212333 ns, At safepoint: 42209 ns, Total: 254542 ns
[2023-07-18T02:43:34.396+0000][1][safepoint    ] Safepoint "RevokeBias", Time since last: 1015500 ns, Reaching safepoint: 194208 ns, At safepoint: 41083 ns, Total: 235291 ns
[2023-07-18T02:43:35.133+0000][1][gc,start     ] GC(13) Pause Young (Allocation Failure)
[2023-07-18T02:43:35.135+0000][1][gc,task      ] GC(13) Using 4 workers of 4 for evacuation
[2023-07-18T02:43:35.200+0000][1][gc,age       ] GC(13) Desired survivor size 8945664 bytes, new threshold 6 (max threshold 6)
[2023-07-18T02:43:35.201+0000][1][gc,age       ] GC(13) Age table with threshold 6 (max threshold 6)
[2023-07-18T02:43:35.201+0000][1][gc,age       ] GC(13) - age   1:    4752408 bytes,    4752408 total
[2023-07-18T02:43:35.201+0000][1][gc,age       ] GC(13) - age   2:    2942024 bytes,    7694432 total
[2023-07-18T02:43:35.202+0000][1][gc,heap      ] GC(13) ParNew: 151221K->9015K(157248K)
[2023-07-18T02:43:35.203+0000][1][gc,heap      ] GC(13) CMS: 48426K->48426K(349568K)
[2023-07-18T02:43:35.203+0000][1][gc,metaspace ] GC(13) Metaspace: 52387K->52387K(1097728K)
[2023-07-18T02:43:35.204+0000][1][gc           ] GC(13) Pause Young (Allocation Failure) 194M->56M(494M) 70.916ms
[2023-07-18T02:43:35.204+0000][1][gc,cpu       ] GC(13) User=0.12s Sys=0.00s Real=0.07s
[2023-07-18T02:43:35.205+0000][1][safepoint    ] Safepoint "GenCollectForAllocation", Time since last: 735219251 ns, Reaching safepoint: 1271708 ns, At safepoint: 72062875 ns, Total: 73334583 ns
[2023-07-18T02:43:35.213+0000][1][safepoint    ] Safepoint "RevokeBias", Time since last: 7797375 ns, Reaching safepoint: 254292 ns, At safepoint: 72166 ns, Total: 326458 ns
[2023-07-18T02:43:35.220+0000][1][safepoint    ] Safepoint "RevokeBias", Time since last: 6987500 ns, Reaching safepoint: 198167 ns, At safepoint: 72333 ns, Total: 270500 ns
[2023-07-18T02:43:35.221+0000][1][safepoint    ] Safepoint "RevokeBias", Time since last: 979709 ns, Reaching safepoint: 259291 ns, At safepoint: 50542 ns, Total: 309833 ns
[2023-07-18T02:43:35.222+0000][1][safepoint    ] Safepoint "RevokeBias", Time since last: 614458 ns, Reaching safepoint: 87500 ns, At safepoint: 44709 ns, Total: 132209 ns
[2023-07-18T02:43:36.228+0000][1][safepoint    ] Safepoint "Cleanup", Time since last: 1004934167 ns, Reaching safepoint: 597708 ns, At safepoint: 15667 ns, Total: 613375 ns
[2023-07-18T02:43:37.164+0000][1][safepoint    ] Safepoint "RevokeBias", Time since last: 934863709 ns, Reaching safepoint: 1298333 ns, At safepoint: 50583 ns, Total: 1348916 ns
[2023-07-18T02:43:37.435+0000][1][safepoint    ] Safepoint "CollectForMetadataAllocation", Time since last: 269393459 ns, Reaching safepoint: 1334208 ns, At safepoint: 310709 ns, Total: 1644917 ns
[2023-07-18T02:43:37.510+0000][1][safepoint    ] Safepoint "CollectForMetadataAllocation", Time since last: 75251416 ns, Reaching safepoint: 137209 ns, At safepoint: 213583 ns, Total: 350792 ns
[2023-07-18T02:43:37.595+0000][1][safepoint    ] Safepoint "CollectForMetadataAllocation", Time since last: 84408500 ns, Reaching safepoint: 365500 ns, At safepoint: 135042 ns, Total: 500542 ns
[2023-07-18T02:43:37.790+0000][1][safepoint    ] Safepoint "CollectForMetadataAllocation", Time since last: 194664541 ns, Reaching safepoint: 333709 ns, At safepoint: 147041 ns, Total: 480750 ns
[2023-07-18T02:43:38.022+0000][1][safepoint    ] Safepoint "CollectForMetadataAllocation", Time since last: 230943500 ns, Reaching safepoint: 549209 ns, At safepoint: 131125 ns, Total: 680334 ns
[2023-07-18T02:43:38.057+0000][1][safepoint    ] Safepoint "CollectForMetadataAllocation", Time since last: 34429833 ns, Reaching safepoint: 310083 ns, At safepoint: 132334 ns, Total: 442417 ns
[2023-07-18T02:43:38.213+0000][1][safepoint    ] Safepoint "CollectForMetadataAllocation", Time since last: 153880583 ns, Reaching safepoint: 2112542 ns, At safepoint: 134917 ns, Total: 2247459 ns
[2023-07-18T02:43:38.330+0000][1][safepoint    ] Safepoint "CollectForMetadataAllocation", Time since last: 115901041 ns, Reaching safepoint: 501667 ns, At safepoint: 129375 ns, Total: 631042 ns
[2023-07-18T02:43:38.481+0000][1][safepoint    ] Safepoint "CollectForMetadataAllocation", Time since last: 150907833 ns, Reaching safepoint: 391459 ns, At safepoint: 188541 ns, Total: 580000 ns
[2023-07-18T02:43:38.553+0000][1][safepoint    ] Safepoint "RevokeBias", Time since last: 71516375 ns, Reaching safepoint: 210917 ns, At safepoint: 136000 ns, Total: 346917 ns
[2023-07-18T02:43:38.554+0000][1][safepoint    ] Safepoint "RevokeBias", Time since last: 1053500 ns, Reaching safepoint: 83292 ns, At safepoint: 105208 ns, Total: 188500 ns
[2023-07-18T02:43:38.555+0000][1][safepoint    ] Safepoint "RevokeBias", Time since last: 763917 ns, Reaching safepoint: 160625 ns, At safepoint: 104666 ns, Total: 265291 ns
[2023-07-18T02:43:38.571+0000][1][safepoint    ] Safepoint "RevokeBias", Time since last: 15145959 ns, Reaching safepoint: 232916 ns, At safepoint: 122000 ns, Total: 354916 ns
[2023-07-18T02:43:38.716+0000][1][safepoint    ] Safepoint "CollectForMetadataAllocation", Time since last: 144881709 ns, Reaching safepoint: 384750 ns, At safepoint: 136958 ns, Total: 521708 ns
[2023-07-18T02:43:38.927+0000][1][safepoint    ] Safepoint "CollectForMetadataAllocation", Time since last: 210348375 ns, Reaching safepoint: 549042 ns, At safepoint: 167917 ns, Total: 716959 ns
[2023-07-18T02:43:39.171+0000][1][safepoint    ] Safepoint "CollectForMetadataAllocation", Time since last: 243214083 ns, Reaching safepoint: 434958 ns, At safepoint: 141417 ns, Total: 576375 ns
[2023-07-18T02:43:39.208+0000][1][gc,start     ] GC(14) Pause Initial Mark
[2023-07-18T02:43:39.298+0000][1][gc           ] GC(14) Pause Initial Mark 148M->148M(494M) 90.085ms
[2023-07-18T02:43:39.298+0000][1][gc,cpu       ] GC(14) User=0.16s Sys=0.00s Real=0.09s
[2023-07-18T02:43:39.299+0000][1][safepoint    ] Safepoint "CMS_Initial_Mark", Time since last: 36087500 ns, Reaching safepoint: 481458 ns, At safepoint: 91026959 ns, Total: 91508417 ns
[2023-07-18T02:43:39.299+0000][1][gc           ] GC(14) Concurrent Mark
[2023-07-18T02:43:39.515+0000][1][safepoint    ] Safepoint "CollectForMetadataAllocation", Time since last: 215894167 ns, Reaching safepoint: 489416 ns, At safepoint: 127417 ns, Total: 616833 ns
[2023-07-18T02:43:39.599+0000][1][safepoint    ] Safepoint "RevokeBias", Time since last: 83128542 ns, Reaching safepoint: 475500 ns, At safepoint: 60333 ns, Total: 535833 ns
[2023-07-18T02:43:39.749+0000][1][gc           ] GC(14) Concurrent Mark 450.329ms
[2023-07-18T02:43:39.750+0000][1][gc,cpu       ] GC(14) User=0.85s Sys=0.01s Real=0.45s
[2023-07-18T02:43:39.750+0000][1][gc           ] GC(14) Concurrent Preclean
[2023-07-18T02:43:39.764+0000][1][gc           ] GC(14) Concurrent Preclean 14.571ms
[2023-07-18T02:43:39.765+0000][1][gc,cpu       ] GC(14) User=0.03s Sys=0.00s Real=0.02s
[2023-07-18T02:43:39.765+0000][1][gc           ] GC(14) Concurrent Abortable Preclean
[2023-07-18T02:43:40.015+0000][1][safepoint    ] Safepoint "CollectForMetadataAllocation", Time since last: 415202792 ns, Reaching safepoint: 478791 ns, At safepoint: 96125 ns, Total: 574916 ns
[2023-07-18T02:43:40.089+0000][1][safepoint    ] Safepoint "Deoptimize", Time since last: 72437292 ns, Reaching safepoint: 801583 ns, At safepoint: 1406125 ns, Total: 2207708 ns
[2023-07-18T02:43:40.439+0000][1][safepoint    ] Safepoint "CollectForMetadataAllocation", Time since last: 349520001 ns, Reaching safepoint: 390000 ns, At safepoint: 131791 ns, Total: 521791 ns
[2023-07-18T02:43:40.844+0000][1][safepoint    ] Safepoint "CollectForMetadataAllocation", Time since last: 404117250 ns, Reaching safepoint: 574625 ns, At safepoint: 164833 ns, Total: 739458 ns
[2023-07-18T02:43:41.092+0000][1][safepoint    ] Safepoint "RevokeBias", Time since last: 246156375 ns, Reaching safepoint: 1236167 ns, At safepoint: 65000 ns, Total: 1301167 ns
[2023-07-18T02:43:41.093+0000][1][safepoint    ] Safepoint "RevokeBias", Time since last: 855208 ns, Reaching safepoint: 109542 ns, At safepoint: 35666 ns, Total: 145208 ns
[2023-07-18T02:43:41.093+0000][1][safepoint    ] Safepoint "RevokeBias", Time since last: 446542 ns, Reaching safepoint: 87417 ns, At safepoint: 28166 ns, Total: 115583 ns
[2023-07-18T02:43:41.094+0000][1][safepoint    ] Safepoint "RevokeBias", Time since last: 699875 ns, Reaching safepoint: 85334 ns, At safepoint: 28708 ns, Total: 114042 ns
[2023-07-18T02:43:41.095+0000][1][safepoint    ] Safepoint "RevokeBias", Time since last: 474750 ns, Reaching safepoint: 74250 ns, At safepoint: 23292 ns, Total: 97542 ns
[2023-07-18T02:43:41.096+0000][1][safepoint    ] Safepoint "BulkRevokeBias", Time since last: 554666 ns, Reaching safepoint: 72250 ns, At safepoint: 605125 ns, Total: 677375 ns
[2023-07-18T02:43:41.267+0000][1][safepoint    ] Safepoint "CollectForMetadataAllocation", Time since last: 161658875 ns, Reaching safepoint: 9594250 ns, At safepoint: 108084 ns, Total: 9702334 ns
[2023-07-18T02:43:41.732+0000][1][safepoint    ] Safepoint "RevokeBias", Time since last: 463959208 ns, Reaching safepoint: 683834 ns, At safepoint: 404291 ns, Total: 1088125 ns
[2023-07-18T02:43:41.741+0000][1][safepoint    ] Safepoint "RevokeBias", Time since last: 6330667 ns, Reaching safepoint: 2446500 ns, At safepoint: 166083 ns, Total: 2612583 ns
[2023-07-18T02:43:41.751+0000][1][safepoint    ] Safepoint "RevokeBias", Time since last: 4330750 ns, Reaching safepoint: 5085375 ns, At safepoint: 184709 ns, Total: 5270084 ns
[2023-07-18T02:43:41.853+0000][1][safepoint    ] Safepoint "CollectForMetadataAllocation", Time since last: 101832041 ns, Reaching safepoint: 374209 ns, At safepoint: 128000 ns, Total: 502209 ns
[2023-07-18T02:43:42.361+0000][1][safepoint    ] Safepoint "CollectForMetadataAllocation", Time since last: 507368417 ns, Reaching safepoint: 416666 ns, At safepoint: 128959 ns, Total: 545625 ns
[2023-07-18T02:43:42.664+0000][1][safepoint    ] Safepoint "CollectForMetadataAllocation", Time since last: 302719041 ns, Reaching safepoint: 372000 ns, At safepoint: 99709 ns, Total: 471709 ns
[2023-07-18T02:43:42.753+0000][1][safepoint    ] Safepoint "CollectForMetadataAllocation", Time since last: 88606125 ns, Reaching safepoint: 260375 ns, At safepoint: 125500 ns, Total: 385875 ns
[2023-07-18T02:43:42.863+0000][1][safepoint    ] Safepoint "CollectForMetadataAllocation", Time since last: 109574958 ns, Reaching safepoint: 224458 ns, At safepoint: 126500 ns, Total: 350958 ns
[2023-07-18T02:43:42.948+0000][1][safepoint    ] Safepoint "RevokeBias", Time since last: 84405792 ns, Reaching safepoint: 253834 ns, At safepoint: 49958 ns, Total: 303792 ns
[2023-07-18T02:43:43.213+0000][1][safepoint    ] Safepoint "CollectForMetadataAllocation", Time since last: 259776833 ns, Reaching safepoint: 4749875 ns, At safepoint: 151667 ns, Total: 4901542 ns
[2023-07-18T02:43:43.291+0000][1][safepoint    ] Safepoint "CollectForMetadataAllocation", Time since last: 77477583 ns, Reaching safepoint: 218625 ns, At safepoint: 203792 ns, Total: 422417 ns
[2023-07-18T02:43:43.324+0000][1][gc,start     ] GC(15) Pause Young (Allocation Failure)
[2023-07-18T02:43:43.324+0000][1][gc,task      ] GC(15) Using 4 workers of 4 for evacuation
[2023-07-18T02:43:43.393+0000][1][gc,age       ] GC(15) Desired survivor size 8945664 bytes, new threshold 2 (max threshold 6)
[2023-07-18T02:43:43.393+0000][1][gc,age       ] GC(15) Age table with threshold 2 (max threshold 6)
[2023-07-18T02:43:43.393+0000][1][gc,age       ] GC(15) - age   1:    4741408 bytes,    4741408 total
[2023-07-18T02:43:43.394+0000][1][gc,age       ] GC(15) - age   2:    4651824 bytes,    9393232 total
[2023-07-18T02:43:43.394+0000][1][gc,age       ] GC(15) - age   3:    2912872 bytes,   12306104 total
[2023-07-18T02:43:43.394+0000][1][gc,heap      ] GC(15) ParNew: 148791K->16342K(157248K)
[2023-07-18T02:43:43.394+0000][1][gc,heap      ] GC(15) CMS: 48426K->48426K(349568K)
[2023-07-18T02:43:43.394+0000][1][gc,metaspace ] GC(15) Metaspace: 65273K->65273K(1110016K)
[2023-07-18T02:43:43.394+0000][1][gc           ] GC(15) Pause Young (Allocation Failure) 192M->63M(494M) 70.460ms
[2023-07-18T02:43:43.394+0000][1][gc,cpu       ] GC(15) User=0.15s Sys=0.00s Real=0.07s
[2023-07-18T02:43:43.394+0000][1][safepoint    ] Safepoint "GenCollectForAllocation", Time since last: 32854208 ns, Reaching safepoint: 318959 ns, At safepoint: 70725041 ns, Total: 71044000 ns
[2023-07-18T02:43:43.547+0000][1][safepoint    ] Safepoint "CollectForMetadataAllocation", Time since last: 151700167 ns, Reaching safepoint: 388500 ns, At safepoint: 220917 ns, Total: 609417 ns
[2023-07-18T02:43:43.680+0000][1][safepoint    ] Safepoint "CollectForMetadataAllocation", Time since last: 132679792 ns, Reaching safepoint: 417750 ns, At safepoint: 147083 ns, Total: 564833 ns
[2023-07-18T02:43:43.740+0000][1][safepoint    ] Safepoint "CollectForMetadataAllocation", Time since last: 59507750 ns, Reaching safepoint: 157167 ns, At safepoint: 136375 ns, Total: 293542 ns
[2023-07-18T02:43:43.926+0000][1][safepoint    ] Safepoint "CollectForMetadataAllocation", Time since last: 186066708 ns, Reaching safepoint: 339333 ns, At safepoint: 129875 ns, Total: 469208 ns
[2023-07-18T02:43:43.997+0000][1][safepoint    ] Safepoint "CollectForMetadataAllocation", Time since last: 70103625 ns, Reaching safepoint: 341667 ns, At safepoint: 127417 ns, Total: 469084 ns
[2023-07-18T02:43:44.046+0000][1][safepoint    ] Safepoint "CollectForMetadataAllocation", Time since last: 48195791 ns, Reaching safepoint: 284209 ns, At safepoint: 231916 ns, Total: 516125 ns
[2023-07-18T02:43:44.070+0000][1][safepoint    ] Safepoint "CollectForMetadataAllocation", Time since last: 24355250 ns, Reaching safepoint: 238542 ns, At safepoint: 270792 ns, Total: 509334 ns
[2023-07-18T02:43:44.082+0000][1][safepoint    ] Safepoint "Deoptimize", Time since last: 9683916 ns, Reaching safepoint: 216542 ns, At safepoint: 1242125 ns, Total: 1458667 ns
[2023-07-18T02:43:44.123+0000][1][safepoint    ] Safepoint "CollectForMetadataAllocation", Time since last: 41277250 ns, Reaching safepoint: 313292 ns, At safepoint: 124583 ns, Total: 437875 ns
[2023-07-18T02:43:44.245+0000][1][safepoint    ] Safepoint "CollectForMetadataAllocation", Time since last: 121265292 ns, Reaching safepoint: 461500 ns, At safepoint: 118083 ns, Total: 579583 ns
[2023-07-18T02:43:44.407+0000][1][safepoint    ] Safepoint "CollectForMetadataAllocation", Time since last: 161113375 ns, Reaching safepoint: 299709 ns, At safepoint: 124375 ns, Total: 424084 ns
[2023-07-18T02:43:44.409+0000][1][safepoint    ] Safepoint "RevokeBias", Time since last: 1810208 ns, Reaching safepoint: 86958 ns, At safepoint: 118625 ns, Total: 205583 ns
[2023-07-18T02:43:44.411+0000][1][safepoint    ] Safepoint "RevokeBias", Time since last: 2114750 ns, Reaching safepoint: 91209 ns, At safepoint: 96208 ns, Total: 187417 ns
[2023-07-18T02:43:44.415+0000][1][safepoint    ] Safepoint "RevokeBias", Time since last: 4178208 ns, Reaching safepoint: 114875 ns, At safepoint: 107000 ns, Total: 221875 ns
[2023-07-18T02:43:44.419+0000][1][safepoint    ] Safepoint "RevokeBias", Time since last: 2829084 ns, Reaching safepoint: 303416 ns, At safepoint: 105334 ns, Total: 408750 ns
[2023-07-18T02:43:44.419+0000][1][safepoint    ] Safepoint "RevokeBias", Time since last: 449583 ns, Reaching safepoint: 158625 ns, At safepoint: 89292 ns, Total: 247917 ns
[2023-07-18T02:43:44.422+0000][1][safepoint    ] Safepoint "RevokeBias", Time since last: 2510791 ns, Reaching safepoint: 213000 ns, At safepoint: 105542 ns, Total: 318542 ns
[2023-07-18T02:43:44.424+0000][1][safepoint    ] Safepoint "RevokeBias", Time since last: 1607250 ns, Reaching safepoint: 203125 ns, At safepoint: 90917 ns, Total: 294042 ns
[2023-07-18T02:43:44.425+0000][1][safepoint    ] Safepoint "RevokeBias", Time since last: 496083 ns, Reaching safepoint: 131583 ns, At safepoint: 81334 ns, Total: 212917 ns
[2023-07-18T02:43:44.429+0000][1][safepoint    ] Safepoint "RevokeBias", Time since last: 3371458 ns, Reaching safepoint: 524333 ns, At safepoint: 108709 ns, Total: 633042 ns
[2023-07-18T02:43:44.434+0000][1][safepoint    ] Safepoint "RevokeBias", Time since last: 4652208 ns, Reaching safepoint: 257417 ns, At safepoint: 100333 ns, Total: 357750 ns
[2023-07-18T02:43:44.435+0000][1][safepoint    ] Safepoint "RevokeBias", Time since last: 915292 ns, Reaching safepoint: 143833 ns, At safepoint: 85708 ns, Total: 229541 ns
[2023-07-18T02:43:44.448+0000][1][safepoint    ] Safepoint "Deoptimize", Time since last: 11671834 ns, Reaching safepoint: 251541 ns, At safepoint: 1279042 ns, Total: 1530583 ns
[2023-07-18T02:43:44.575+0000][1][safepoint    ] Safepoint "CollectForMetadataAllocation", Time since last: 125083542 ns, Reaching safepoint: 1785958 ns, At safepoint: 119250 ns, Total: 1905208 ns
[2023-07-18T02:43:44.872+0000][1][safepoint    ] Safepoint "RevokeBias", Time since last: 287343958 ns, Reaching safepoint: 9487625 ns, At safepoint: 136500 ns, Total: 9624125 ns
[2023-07-18T02:43:44.875+0000][1][safepoint    ] Safepoint "RevokeBias", Time since last: 1650584 ns, Reaching safepoint: 998333 ns, At safepoint: 138000 ns, Total: 1136333 ns
[2023-07-18T02:43:44.880+0000][1][safepoint    ] Safepoint "RevokeBias", Time since last: 3954667 ns, Reaching safepoint: 1427000 ns, At safepoint: 149333 ns, Total: 1576333 ns
[2023-07-18T02:43:44.886+0000][1][safepoint    ] Safepoint "RevokeBias", Time since last: 3395375 ns, Reaching safepoint: 2007458 ns, At safepoint: 111000 ns, Total: 2118458 ns
[2023-07-18T02:43:44.894+0000][1][safepoint    ] Safepoint "RevokeBias", Time since last: 1687375 ns, Reaching safepoint: 6071459 ns, At safepoint: 118750 ns, Total: 6190209 ns
[2023-07-18T02:43:44.897+0000][1][safepoint    ] Safepoint "RevokeBias", Time since last: 378166 ns, Reaching safepoint: 2449209 ns, At safepoint: 100833 ns, Total: 2550042 ns
[2023-07-18T02:43:44.897+0000][1][safepoint    ] Safepoint "RevokeBias", Time since last: 251083 ns, Reaching safepoint: 262042 ns, At safepoint: 90042 ns, Total: 352084 ns
[2023-07-18T02:43:44.899+0000][1][safepoint    ] Safepoint "RevokeBias", Time since last: 238125 ns, Reaching safepoint: 610916 ns, At safepoint: 312459 ns, Total: 923375 ns
[2023-07-18T02:43:45.001+0000][1][gc           ] GC(14) Concurrent Abortable Preclean 5235.737ms
[2023-07-18T02:43:45.001+0000][1][gc,cpu       ] GC(14) User=9.72s Sys=0.07s Real=5.23s
[2023-07-18T02:43:45.002+0000][1][gc,start     ] GC(14) Pause Remark
[2023-07-18T02:43:45.115+0000][1][gc           ] GC(14) Pause Remark 94M->94M(494M) 112.553ms
[2023-07-18T02:43:45.115+0000][1][gc,cpu       ] GC(14) User=0.16s Sys=0.01s Real=0.12s
[2023-07-18T02:43:45.115+0000][1][safepoint    ] Safepoint "CMS_Final_Remark", Time since last: 103265416 ns, Reaching safepoint: 411834 ns, At safepoint: 113158542 ns, Total: 113570376 ns
[2023-07-18T02:43:45.116+0000][1][gc           ] GC(14) Concurrent Sweep
[2023-07-18T02:43:45.242+0000][1][gc           ] GC(14) Concurrent Sweep 125.315ms
[2023-07-18T02:43:45.248+0000][1][gc,cpu       ] GC(14) User=0.19s Sys=0.01s Real=0.13s
[2023-07-18T02:43:45.249+0000][1][gc           ] GC(14) Concurrent Reset
[2023-07-18T02:43:45.251+0000][1][gc           ] GC(14) Concurrent Reset 1.737ms
[2023-07-18T02:43:45.251+0000][1][gc,cpu       ] GC(14) User=0.00s Sys=0.00s Real=0.00s
[2023-07-18T02:43:45.252+0000][1][gc,heap      ] GC(14) Old: 48426K->48158K(349568K)
[2023-07-18T02:43:45.678+0000][1][safepoint    ] Safepoint "Deoptimize", Time since last: 557995166 ns, Reaching safepoint: 3085125 ns, At safepoint: 1296834 ns, Total: 4381959 ns
[2023-07-18T02:43:46.341+0000][1][safepoint    ] Safepoint "RevokeBias", Time since last: 662483625 ns, Reaching safepoint: 662667 ns, At safepoint: 123416 ns, Total: 786083 ns
[2023-07-18T02:43:46.349+0000][1][safepoint    ] Safepoint "RevokeBias", Time since last: 7855375 ns, Reaching safepoint: 146792 ns, At safepoint: 49417 ns, Total: 196209 ns
[2023-07-18T02:43:46.350+0000][1][safepoint    ] Safepoint "RevokeBias", Time since last: 315583 ns, Reaching safepoint: 217083 ns, At safepoint: 40875 ns, Total: 257958 ns
[2023-07-18T02:43:46.351+0000][1][safepoint    ] Safepoint "RevokeBias", Time since last: 842459 ns, Reaching safepoint: 60750 ns, At safepoint: 65750 ns, Total: 126500 ns
[2023-07-18T02:43:46.351+0000][1][safepoint    ] Safepoint "RevokeBias", Time since last: 433083 ns, Reaching safepoint: 59208 ns, At safepoint: 51375 ns, Total: 110583 ns
[2023-07-18T02:43:46.358+0000][1][safepoint    ] Safepoint "RevokeBias", Time since last: 6646125 ns, Reaching safepoint: 120250 ns, At safepoint: 63959 ns, Total: 184209 ns
[2023-07-18T02:43:46.359+0000][1][safepoint    ] Safepoint "RevokeBias", Time since last: 474458 ns, Reaching safepoint: 180833 ns, At safepoint: 53250 ns, Total: 234083 ns
[2023-07-18T02:43:46.360+0000][1][safepoint    ] Safepoint "RevokeBias", Time since last: 1478292 ns, Reaching safepoint: 124583 ns, At safepoint: 52792 ns, Total: 177375 ns
[2023-07-18T02:43:46.361+0000][1][safepoint    ] Safepoint "RevokeBias", Time since last: 449875 ns, Reaching safepoint: 153708 ns, At safepoint: 51750 ns, Total: 205458 ns
[2023-07-18T02:43:46.361+0000][1][safepoint    ] Safepoint "RevokeBias", Time since last: 311834 ns, Reaching safepoint: 154666 ns, At safepoint: 49334 ns, Total: 204000 ns
[2023-07-18T02:43:46.363+0000][1][safepoint    ] Safepoint "RevokeBias", Time since last: 1530625 ns, Reaching safepoint: 119750 ns, At safepoint: 53375 ns, Total: 173125 ns
[2023-07-18T02:43:46.365+0000][1][safepoint    ] Safepoint "RevokeBias", Time since last: 1792833 ns, Reaching safepoint: 168708 ns, At safepoint: 52834 ns, Total: 221542 ns
[2023-07-18T02:43:46.366+0000][1][safepoint    ] Safepoint "RevokeBias", Time since last: 568791 ns, Reaching safepoint: 123084 ns, At safepoint: 49208 ns, Total: 172292 ns
[2023-07-18T02:43:46.370+0000][1][safepoint    ] Safepoint "RevokeBias", Time since last: 3611208 ns, Reaching safepoint: 96834 ns, At safepoint: 54375 ns, Total: 151209 ns
[2023-07-18T02:43:46.389+0000][1][safepoint    ] Safepoint "RevokeBias", Time since last: 18582041 ns, Reaching safepoint: 352584 ns, At safepoint: 74541 ns, Total: 427125 ns
[2023-07-18T02:43:46.390+0000][1][safepoint    ] Safepoint "RevokeBias", Time since last: 1144792 ns, Reaching safepoint: 284625 ns, At safepoint: 64917 ns, Total: 349542 ns
[2023-07-18T02:43:46.443+0000][1][safepoint    ] Safepoint "RevokeBias", Time since last: 51909417 ns, Reaching safepoint: 373375 ns, At safepoint: 116875 ns, Total: 490250 ns
[2023-07-18T02:43:46.444+0000][1][safepoint    ] Safepoint "RevokeBias", Time since last: 1394458 ns, Reaching safepoint: 160333 ns, At safepoint: 64875 ns, Total: 225208 ns
[2023-07-18T02:43:46.456+0000][1][safepoint    ] Safepoint "RevokeBias", Time since last: 11047625 ns, Reaching safepoint: 331125 ns, At safepoint: 76042 ns, Total: 407167 ns
[2023-07-18T02:43:46.460+0000][1][safepoint    ] Safepoint "RevokeBias", Time since last: 4247667 ns, Reaching safepoint: 231250 ns, At safepoint: 66583 ns, Total: 297833 ns
[2023-07-18T02:43:46.478+0000][1][safepoint    ] Safepoint "RevokeBias", Time since last: 17510333 ns, Reaching safepoint: 236875 ns, At safepoint: 67875 ns, Total: 304750 ns
[2023-07-18T02:43:46.484+0000][1][safepoint    ] Safepoint "RevokeBias", Time since last: 5969584 ns, Reaching safepoint: 303333 ns, At safepoint: 81833 ns, Total: 385166 ns
[2023-07-18T02:43:46.493+0000][1][safepoint    ] Safepoint "RevokeBias", Time since last: 8686834 ns, Reaching safepoint: 155416 ns, At safepoint: 54792 ns, Total: 210208 ns
[2023-07-18T02:43:46.494+0000][1][safepoint    ] Safepoint "RevokeBias", Time since last: 945542 ns, Reaching safepoint: 70833 ns, At safepoint: 50792 ns, Total: 121625 ns
[2023-07-18T02:43:46.495+0000][1][safepoint    ] Safepoint "RevokeBias", Time since last: 273416 ns, Reaching safepoint: 66375 ns, At safepoint: 47667 ns, Total: 114042 ns
[2023-07-18T02:43:46.495+0000][1][safepoint    ] Safepoint "RevokeBias", Time since last: 178875 ns, Reaching safepoint: 105417 ns, At safepoint: 47333 ns, Total: 152750 ns
[2023-07-18T02:43:46.530+0000][1][safepoint    ] Safepoint "RevokeBias", Time since last: 34157708 ns, Reaching safepoint: 347500 ns, At safepoint: 71500 ns, Total: 419000 ns
[2023-07-18T02:43:46.536+0000][1][safepoint    ] Safepoint "RevokeBias", Time since last: 5696584 ns, Reaching safepoint: 304333 ns, At safepoint: 121083 ns, Total: 425416 ns
[2023-07-18T02:43:46.537+0000][1][safepoint    ] Safepoint "RevokeBias", Time since last: 713292 ns, Reaching safepoint: 290542 ns, At safepoint: 114333 ns, Total: 404875 ns
[2023-07-18T02:43:46.563+0000][1][safepoint    ] Safepoint "RevokeBias", Time since last: 25755000 ns, Reaching safepoint: 304333 ns, At safepoint: 70167 ns, Total: 374500 ns
[2023-07-18T02:43:46.582+0000][1][safepoint    ] Safepoint "RevokeBias", Time since last: 18231042 ns, Reaching safepoint: 198000 ns, At safepoint: 75041 ns, Total: 273041 ns
[2023-07-18T02:43:46.616+0000][1][safepoint    ] Safepoint "RevokeBias", Time since last: 33909959 ns, Reaching safepoint: 251250 ns, At safepoint: 67166 ns, Total: 318416 ns
[2023-07-18T02:43:46.618+0000][1][safepoint    ] Safepoint "RevokeBias", Time since last: 2193709 ns, Reaching safepoint: 216000 ns, At safepoint: 66791 ns, Total: 282791 ns
[2023-07-18T02:43:46.619+0000][1][safepoint    ] Safepoint "RevokeBias", Time since last: 512584 ns, Reaching safepoint: 172750 ns, At safepoint: 56750 ns, Total: 229500 ns
[2023-07-18T02:43:46.637+0000][1][safepoint    ] Safepoint "RevokeBias", Time since last: 17909041 ns, Reaching safepoint: 334042 ns, At safepoint: 62958 ns, Total: 397000 ns
[2023-07-18T02:43:46.638+0000][1][safepoint    ] Safepoint "RevokeBias", Time since last: 419500 ns, Reaching safepoint: 251334 ns, At safepoint: 48750 ns, Total: 300084 ns
[2023-07-18T02:43:46.658+0000][1][safepoint    ] Safepoint "RevokeBias", Time since last: 19535875 ns, Reaching safepoint: 366750 ns, At safepoint: 70583 ns, Total: 437333 ns
[2023-07-18T02:43:46.659+0000][1][safepoint    ] Safepoint "RevokeBias", Time since last: 416917 ns, Reaching safepoint: 416375 ns, At safepoint: 54208 ns, Total: 470583 ns
[2023-07-18T02:43:46.681+0000][1][safepoint    ] Safepoint "RevokeBias", Time since last: 21603917 ns, Reaching safepoint: 159458 ns, At safepoint: 67125 ns, Total: 226583 ns
[2023-07-18T02:43:46.713+0000][1][safepoint    ] Safepoint "BulkRevokeBias", Time since last: 31017542 ns, Reaching safepoint: 451791 ns, At safepoint: 476709 ns, Total: 928500 ns
[2023-07-18T02:43:46.965+0000][1][safepoint    ] Safepoint "RevokeBias", Time since last: 251762458 ns, Reaching safepoint: 516958 ns, At safepoint: 71292 ns, Total: 588250 ns
[2023-07-18T02:43:46.969+0000][1][safepoint    ] Safepoint "RevokeBias", Time since last: 4216375 ns, Reaching safepoint: 221375 ns, At safepoint: 62042 ns, Total: 283417 ns
[2023-07-18T02:43:46.972+0000][1][safepoint    ] Safepoint "RevokeBias", Time since last: 1828458 ns, Reaching safepoint: 143042 ns, At safepoint: 62500 ns, Total: 205542 ns
[2023-07-18T02:43:47.134+0000][1][safepoint    ] Safepoint "RevokeBias", Time since last: 161460292 ns, Reaching safepoint: 567958 ns, At safepoint: 66292 ns, Total: 634250 ns
[2023-07-18T02:43:47.135+0000][1][safepoint    ] Safepoint "RevokeBias", Time since last: 1020541 ns, Reaching safepoint: 294750 ns, At safepoint: 52917 ns, Total: 347667 ns
[2023-07-18T02:43:47.136+0000][1][safepoint    ] Safepoint "RevokeBias", Time since last: 622500 ns, Reaching safepoint: 231792 ns, At safepoint: 50583 ns, Total: 282375 ns
[2023-07-18T02:43:47.285+0000][1][safepoint    ] Safepoint "RevokeBias", Time since last: 143432833 ns, Reaching safepoint: 3907125 ns, At safepoint: 993084 ns, Total: 4900209 ns
[2023-07-18T02:43:47.308+0000][1][safepoint    ] Safepoint "RevokeBias", Time since last: 22896875 ns, Reaching safepoint: 433625 ns, At safepoint: 212250 ns, Total: 645875 ns
[2023-07-18T02:43:47.313+0000][1][safepoint    ] Safepoint "RevokeBias", Time since last: 2485416 ns, Reaching safepoint: 2877625 ns, At safepoint: 89250 ns, Total: 2966875 ns
[2023-07-18T02:43:47.565+0000][1][safepoint    ] Safepoint "RevokeBias", Time since last: 244996875 ns, Reaching safepoint: 6172209 ns, At safepoint: 259250 ns, Total: 6431459 ns
[2023-07-18T02:43:47.568+0000][1][safepoint    ] Safepoint "RevokeBias", Time since last: 1711791 ns, Reaching safepoint: 1893500 ns, At safepoint: 85750 ns, Total: 1979250 ns
[2023-07-18T02:43:47.580+0000][1][safepoint    ] Safepoint "RevokeBias", Time since last: 2904167 ns, Reaching safepoint: 8526375 ns, At safepoint: 98500 ns, Total: 8624875 ns
[2023-07-18T02:43:47.590+0000][1][safepoint    ] Safepoint "RevokeBias", Time since last: 8829417 ns, Reaching safepoint: 976000 ns, At safepoint: 135583 ns, Total: 1111583 ns
[2023-07-18T02:43:47.596+0000][1][safepoint    ] Safepoint "RevokeBias", Time since last: 3107708 ns, Reaching safepoint: 2448209 ns, At safepoint: 169500 ns, Total: 2617709 ns
[2023-07-18T02:43:47.614+0000][1][safepoint    ] Safepoint "RevokeBias", Time since last: 15503000 ns, Reaching safepoint: 2562708 ns, At safepoint: 107833 ns, Total: 2670541 ns
[2023-07-18T02:43:47.631+0000][1][safepoint    ] Safepoint "RevokeBias", Time since last: 10948917 ns, Reaching safepoint: 5048292 ns, At safepoint: 1261500 ns, Total: 6309792 ns
[2023-07-18T02:43:47.637+0000][1][safepoint    ] Safepoint "RevokeBias", Time since last: 4270625 ns, Reaching safepoint: 1727666 ns, At safepoint: 183250 ns, Total: 1910916 ns
[2023-07-18T02:43:47.646+0000][1][safepoint    ] Safepoint "RevokeBias", Time since last: 7294834 ns, Reaching safepoint: 1828833 ns, At safepoint: 170792 ns, Total: 1999625 ns
[2023-07-18T02:43:47.652+0000][1][safepoint    ] Safepoint "RevokeBias", Time since last: 4727625 ns, Reaching safepoint: 965958 ns, At safepoint: 212250 ns, Total: 1178208 ns
[2023-07-18T02:43:48.037+0000][1][safepoint    ] Safepoint "RevokeBias", Time since last: 381100250 ns, Reaching safepoint: 3549792 ns, At safepoint: 59583 ns, Total: 3609375 ns
[2023-07-18T02:43:48.055+0000][1][safepoint    ] Safepoint "RevokeBias", Time since last: 17949709 ns, Reaching safepoint: 291125 ns, At safepoint: 89166 ns, Total: 380291 ns
[2023-07-18T02:43:48.080+0000][1][safepoint    ] Safepoint "RevokeBias", Time since last: 23857959 ns, Reaching safepoint: 232750 ns, At safepoint: 109333 ns, Total: 342083 ns
[2023-07-18T02:43:48.196+0000][1][safepoint    ] Safepoint "RevokeBias", Time since last: 116295417 ns, Reaching safepoint: 426166 ns, At safepoint: 93709 ns, Total: 519875 ns
[2023-07-18T02:43:48.204+0000][1][safepoint    ] Safepoint "RevokeBias", Time since last: 4367250 ns, Reaching safepoint: 3059250 ns, At safepoint: 135708 ns, Total: 3194958 ns
[2023-07-18T02:43:48.211+0000][1][safepoint    ] Safepoint "RevokeBias", Time since last: 6645708 ns, Reaching safepoint: 332417 ns, At safepoint: 122792 ns, Total: 455209 ns
[2023-07-18T02:43:48.222+0000][1][safepoint    ] Safepoint "RevokeBias", Time since last: 10006250 ns, Reaching safepoint: 562250 ns, At safepoint: 98291 ns, Total: 660541 ns
[2023-07-18T02:43:48.320+0000][1][safepoint    ] Safepoint "RevokeBias", Time since last: 95242625 ns, Reaching safepoint: 2627959 ns, At safepoint: 85500 ns, Total: 2713459 ns
[2023-07-18T02:43:48.327+0000][1][safepoint    ] Safepoint "RevokeBias", Time since last: 6884041 ns, Reaching safepoint: 512042 ns, At safepoint: 25333 ns, Total: 537375 ns
[2023-07-18T02:43:48.382+0000][1][safepoint    ] Safepoint "RevokeBias", Time since last: 45725959 ns, Reaching safepoint: 8564583 ns, At safepoint: 172333 ns, Total: 8736916 ns
[2023-07-18T02:43:48.449+0000][1][safepoint    ] Safepoint "RevokeBias", Time since last: 66440667 ns, Reaching safepoint: 668083 ns, At safepoint: 26959 ns, Total: 695042 ns
[2023-07-18T02:43:48.552+0000][1][safepoint    ] Safepoint "RevokeBias", Time since last: 103078833 ns, Reaching safepoint: 413209 ns, At safepoint: 74500 ns, Total: 487709 ns
[2023-07-18T02:43:48.554+0000][1][safepoint    ] Safepoint "RevokeBias", Time since last: 1024833 ns, Reaching safepoint: 818667 ns, At safepoint: 118125 ns, Total: 936792 ns
[2023-07-18T02:43:48.561+0000][1][safepoint    ] Safepoint "RevokeBias", Time since last: 5679958 ns, Reaching safepoint: 519417 ns, At safepoint: 97000 ns, Total: 616417 ns
[2023-07-18T02:43:48.614+0000][1][safepoint    ] Safepoint "RevokeBias", Time since last: 53050708 ns, Reaching safepoint: 658083 ns, At safepoint: 21459 ns, Total: 679542 ns
[2023-07-18T02:43:48.627+0000][1][safepoint    ] Safepoint "RevokeBias", Time since last: 11717875 ns, Reaching safepoint: 512333 ns, At safepoint: 33167 ns, Total: 545500 ns
[2023-07-18T02:43:48.628+0000][1][safepoint    ] Safepoint "RevokeBias", Time since last: 681416 ns, Reaching safepoint: 340417 ns, At safepoint: 13542 ns, Total: 353959 ns
[2023-07-18T02:43:48.629+0000][1][safepoint    ] Safepoint "RevokeBias", Time since last: 1335291 ns, Reaching safepoint: 301125 ns, At safepoint: 15042 ns, Total: 316167 ns
[2023-07-18T02:43:48.637+0000][1][safepoint    ] Safepoint "RevokeBias", Time since last: 7343708 ns, Reaching safepoint: 348667 ns, At safepoint: 18000 ns, Total: 366667 ns
[2023-07-18T02:43:48.643+0000][1][safepoint    ] Safepoint "RevokeBias", Time since last: 5667167 ns, Reaching safepoint: 458500 ns, At safepoint: 31291 ns, Total: 489791 ns
[2023-07-18T02:43:48.670+0000][1][safepoint    ] Safepoint "RevokeBias", Time since last: 25878209 ns, Reaching safepoint: 674208 ns, At safepoint: 25292 ns, Total: 699500 ns
[2023-07-18T02:43:48.671+0000][1][safepoint    ] Safepoint "RevokeBias", Time since last: 610625 ns, Reaching safepoint: 400166 ns, At safepoint: 19417 ns, Total: 419583 ns
[2023-07-18T02:43:48.992+0000][1][safepoint    ] Safepoint "Deoptimize", Time since last: 318498500 ns, Reaching safepoint: 1123042 ns, At safepoint: 1868875 ns, Total: 2991917 ns
[2023-07-18T02:43:49.307+0000][1][safepoint    ] Safepoint "RevokeBias", Time since last: 313822625 ns, Reaching safepoint: 989458 ns, At safepoint: 35292 ns, Total: 1024750 ns
[2023-07-18T02:43:49.308+0000][1][safepoint    ] Safepoint "RevokeBias", Time since last: 468375 ns, Reaching safepoint: 288625 ns, At safepoint: 19042 ns, Total: 307667 ns
[2023-07-18T02:43:49.358+0000][1][safepoint    ] Safepoint "RevokeBias", Time since last: 49294250 ns, Reaching safepoint: 432333 ns, At safepoint: 31708 ns, Total: 464041 ns
[2023-07-18T02:43:49.359+0000][1][safepoint    ] Safepoint "RevokeBias", Time since last: 799584 ns, Reaching safepoint: 227166 ns, At safepoint: 17917 ns, Total: 245083 ns
[2023-07-18T02:43:49.359+0000][1][safepoint    ] Safepoint "RevokeBias", Time since last: 319792 ns, Reaching safepoint: 233250 ns, At safepoint: 15708 ns, Total: 248958 ns
[2023-07-18T02:43:49.361+0000][1][safepoint    ] Safepoint "RevokeBias", Time since last: 2068917 ns, Reaching safepoint: 224083 ns, At safepoint: 23917 ns, Total: 248000 ns
[2023-07-18T02:43:49.424+0000][1][safepoint    ] Safepoint "RevokeBias", Time since last: 61967375 ns, Reaching safepoint: 449500 ns, At safepoint: 28291 ns, Total: 477791 ns
[2023-07-18T02:43:49.425+0000][1][safepoint    ] Safepoint "RevokeBias", Time since last: 613667 ns, Reaching safepoint: 248792 ns, At safepoint: 21291 ns, Total: 270083 ns
[2023-07-18T02:43:49.425+0000][1][safepoint    ] Safepoint "RevokeBias", Time since last: 309292 ns, Reaching safepoint: 221833 ns, At safepoint: 19292 ns, Total: 241125 ns
[2023-07-18T02:43:49.427+0000][1][safepoint    ] Safepoint "RevokeBias", Time since last: 1312875 ns, Reaching safepoint: 236500 ns, At safepoint: 25875 ns, Total: 262375 ns
[2023-07-18T02:43:49.471+0000][1][safepoint    ] Safepoint "RevokeBias", Time since last: 43601000 ns, Reaching safepoint: 833833 ns, At safepoint: 30167 ns, Total: 864000 ns
[2023-07-18T02:43:49.506+0000][1][safepoint    ] Safepoint "RevokeBias", Time since last: 34200417 ns, Reaching safepoint: 330625 ns, At safepoint: 31250 ns, Total: 361875 ns
[2023-07-18T02:43:49.507+0000][1][safepoint    ] Safepoint "RevokeBias", Time since last: 1064708 ns, Reaching safepoint: 299000 ns, At safepoint: 16500 ns, Total: 315500 ns
[2023-07-18T02:43:49.509+0000][1][safepoint    ] Safepoint "RevokeBias", Time since last: 1103167 ns, Reaching safepoint: 449125 ns, At safepoint: 46916 ns, Total: 496041 ns
[2023-07-18T02:43:49.510+0000][1][safepoint    ] Safepoint "RevokeBias", Time since last: 797250 ns, Reaching safepoint: 357417 ns, At safepoint: 36667 ns, Total: 394084 ns
[2023-07-18T02:43:49.511+0000][1][safepoint    ] Safepoint "RevokeBias", Time since last: 523083 ns, Reaching safepoint: 293583 ns, At safepoint: 25167 ns, Total: 318750 ns
[2023-07-18T02:43:49.512+0000][1][safepoint    ] Safepoint "RevokeBias", Time since last: 657792 ns, Reaching safepoint: 258916 ns, At safepoint: 18750 ns, Total: 277666 ns
[2023-07-18T02:43:49.513+0000][1][safepoint    ] Safepoint "RevokeBias", Time since last: 399500 ns, Reaching safepoint: 297375 ns, At safepoint: 20917 ns, Total: 318292 ns
[2023-07-18T02:43:49.513+0000][1][safepoint    ] Safepoint "RevokeBias", Time since last: 418667 ns, Reaching safepoint: 256666 ns, At safepoint: 18917 ns, Total: 275583 ns
[2023-07-18T02:43:49.784+0000][1][safepoint    ] Safepoint "RevokeBias", Time since last: 270399958 ns, Reaching safepoint: 213959 ns, At safepoint: 25500 ns, Total: 239459 ns
[2023-07-18T02:43:49.792+0000][1][safepoint    ] Safepoint "RevokeBias", Time since last: 7271041 ns, Reaching safepoint: 309375 ns, At safepoint: 28125 ns, Total: 337500 ns
[2023-07-18T02:43:49.858+0000][1][safepoint    ] Safepoint "RevokeBias", Time since last: 65886542 ns, Reaching safepoint: 528792 ns, At safepoint: 32333 ns, Total: 561125 ns
[2023-07-18T02:43:49.859+0000][1][safepoint    ] Safepoint "RevokeBias", Time since last: 564667 ns, Reaching safepoint: 335625 ns, At safepoint: 21416 ns, Total: 357041 ns
[2023-07-18T02:43:49.860+0000][1][safepoint    ] Safepoint "RevokeBias", Time since last: 902209 ns, Reaching safepoint: 377000 ns, At safepoint: 20208 ns, Total: 397208 ns
[2023-07-18T02:43:49.865+0000][1][safepoint    ] Safepoint "RevokeBias", Time since last: 4573625 ns, Reaching safepoint: 485000 ns, At safepoint: 28125 ns, Total: 513125 ns
[2023-07-18T02:43:49.874+0000][1][safepoint    ] Safepoint "RevokeBias", Time since last: 8409375 ns, Reaching safepoint: 343792 ns, At safepoint: 29125 ns, Total: 372917 ns
[2023-07-18T02:43:49.893+0000][1][safepoint    ] Safepoint "RevokeBias", Time since last: 18747750 ns, Reaching safepoint: 344291 ns, At safepoint: 29625 ns, Total: 373916 ns
[2023-07-18T02:43:49.976+0000][1][safepoint    ] Safepoint "RevokeBias", Time since last: 81624542 ns, Reaching safepoint: 916667 ns, At safepoint: 26000 ns, Total: 942667 ns
[2023-07-18T02:43:49.983+0000][1][safepoint    ] Safepoint "RevokeBias", Time since last: 6629042 ns, Reaching safepoint: 270500 ns, At safepoint: 21041 ns, Total: 291541 ns
[2023-07-18T02:43:50.004+0000][1][safepoint    ] Safepoint "RevokeBias", Time since last: 21266417 ns, Reaching safepoint: 358792 ns, At safepoint: 19125 ns, Total: 377917 ns
[2023-07-18T02:43:50.008+0000][1][safepoint    ] Safepoint "RevokeBias", Time since last: 3545500 ns, Reaching safepoint: 361166 ns, At safepoint: 21000 ns, Total: 382166 ns
[2023-07-18T02:43:50.010+0000][1][safepoint    ] Safepoint "RevokeBias", Time since last: 1182042 ns, Reaching safepoint: 223375 ns, At safepoint: 14375 ns, Total: 237750 ns
[2023-07-18T02:43:50.381+0000][1][safepoint    ] Safepoint "RevokeBias", Time since last: 370498833 ns, Reaching safepoint: 487042 ns, At safepoint: 29292 ns, Total: 516334 ns
[2023-07-18T02:43:50.381+0000][1][safepoint    ] Safepoint "RevokeBias", Time since last: 461125 ns, Reaching safepoint: 213083 ns, At safepoint: 17792 ns, Total: 230875 ns
[2023-07-18T02:43:50.417+0000][1][safepoint    ] Safepoint "RevokeBias", Time since last: 34998916 ns, Reaching safepoint: 263959 ns, At safepoint: 24666 ns, Total: 288625 ns
[2023-07-18T02:43:50.552+0000][1][safepoint    ] Safepoint "RevokeBias", Time since last: 134459834 ns, Reaching safepoint: 744875 ns, At safepoint: 28666 ns, Total: 773541 ns
[2023-07-18T02:43:50.554+0000][1][safepoint    ] Safepoint "BulkRevokeBias", Time since last: 627542 ns, Reaching safepoint: 169375 ns, At safepoint: 978458 ns, Total: 1147833 ns
[2023-07-18T02:43:50.554+0000][1][safepoint    ] Safepoint "RevokeBias", Time since last: 323625 ns, Reaching safepoint: 227042 ns, At safepoint: 14458 ns, Total: 241500 ns
[2023-07-18T02:43:50.556+0000][1][safepoint    ] Safepoint "RevokeBias", Time since last: 1135334 ns, Reaching safepoint: 228208 ns, At safepoint: 13458 ns, Total: 241666 ns
[2023-07-18T02:43:50.668+0000][1][safepoint    ] Safepoint "RevokeBias", Time since last: 111349459 ns, Reaching safepoint: 557625 ns, At safepoint: 25708 ns, Total: 583333 ns
[2023-07-18T02:43:50.669+0000][1][safepoint    ] Safepoint "BulkRevokeBias", Time since last: 574917 ns, Reaching safepoint: 334542 ns, At safepoint: 736416 ns, Total: 1070958 ns
[2023-07-18T02:43:50.672+0000][1][safepoint    ] Safepoint "RevokeBias", Time since last: 1964709 ns, Reaching safepoint: 441833 ns, At safepoint: 24792 ns, Total: 466625 ns
[2023-07-18T02:43:51.137+0000][1][safepoint    ] Safepoint "RevokeBias", Time since last: 463856791 ns, Reaching safepoint: 1399000 ns, At safepoint: 119667 ns, Total: 1518667 ns
[2023-07-18T02:43:51.144+0000][1][gc,start     ] GC(16) Pause Young (Allocation Failure)
[2023-07-18T02:43:51.145+0000][1][gc,task      ] GC(16) Using 4 workers of 4 for evacuation
[2023-07-18T02:43:51.246+0000][1][gc,age       ] GC(16) Desired survivor size 8945664 bytes, new threshold 2 (max threshold 6)
[2023-07-18T02:43:51.247+0000][1][gc,age       ] GC(16) Age table with threshold 2 (max threshold 6)
[2023-07-18T02:43:51.247+0000][1][gc,age       ] GC(16) - age   1:    4463096 bytes,    4463096 total
[2023-07-18T02:43:51.247+0000][1][gc,age       ] GC(16) - age   2:    4565096 bytes,    9028192 total
[2023-07-18T02:43:51.248+0000][1][gc,heap      ] GC(16) ParNew: 156118K->15971K(157248K)
[2023-07-18T02:43:51.248+0000][1][gc,heap      ] GC(16) CMS: 48158K->55619K(349568K)
[2023-07-18T02:43:51.249+0000][1][gc,metaspace ] GC(16) Metaspace: 76062K->76062K(1118208K)
[2023-07-18T02:43:51.249+0000][1][gc           ] GC(16) Pause Young (Allocation Failure) 199M->69M(494M) 105.947ms
[2023-07-18T02:43:51.250+0000][1][gc,cpu       ] GC(16) User=0.27s Sys=0.00s Real=0.10s
[2023-07-18T02:43:51.250+0000][1][safepoint    ] Safepoint "GenCollectForAllocation", Time since last: 5129458 ns, Reaching safepoint: 906000 ns, At safepoint: 107200792 ns, Total: 108106792 ns
[2023-07-18T02:43:51.327+0000][1][safepoint    ] Safepoint "RevokeBias", Time since last: 76060709 ns, Reaching safepoint: 863541 ns, At safepoint: 61084 ns, Total: 924625 ns
[2023-07-18T02:43:51.469+0000][1][safepoint    ] Safepoint "RevokeBias", Time since last: 140743916 ns, Reaching safepoint: 916834 ns, At safepoint: 64791 ns, Total: 981625 ns
[2023-07-18T02:43:51.481+0000][1][safepoint    ] Safepoint "RevokeBias", Time since last: 3487334 ns, Reaching safepoint: 8020833 ns, At safepoint: 82667 ns, Total: 8103500 ns
[2023-07-18T02:43:51.633+0000][1][safepoint    ] Safepoint "RevokeBias", Time since last: 150964416 ns, Reaching safepoint: 1031542 ns, At safepoint: 59417 ns, Total: 1090959 ns
[2023-07-18T02:43:51.711+0000][1][safepoint    ] Safepoint "RevokeBias", Time since last: 74857083 ns, Reaching safepoint: 3066750 ns, At safepoint: 36208 ns, Total: 3102958 ns
[2023-07-18T02:43:51.720+0000][1][safepoint    ] Safepoint "RevokeBias", Time since last: 7059834 ns, Reaching safepoint: 2502666 ns, At safepoint: 141917 ns, Total: 2644583 ns
[2023-07-18T02:43:51.831+0000][1][safepoint    ] Safepoint "RevokeBias", Time since last: 109307208 ns, Reaching safepoint: 816209 ns, At safepoint: 61625 ns, Total: 877834 ns
[2023-07-18T02:43:51.841+0000][1][safepoint    ] Safepoint "Deoptimize", Time since last: 9086458 ns, Reaching safepoint: 317417 ns, At safepoint: 1521916 ns, Total: 1839333 ns
[2023-07-18T02:43:51.886+0000][1][safepoint    ] Safepoint "RevokeBias", Time since last: 43938459 ns, Reaching safepoint: 582541 ns, At safepoint: 61292 ns, Total: 643833 ns
[2023-07-18T02:43:51.898+0000][1][safepoint    ] Safepoint "RevokeBias", Time since last: 11398125 ns, Reaching safepoint: 470250 ns, At safepoint: 33667 ns, Total: 503917 ns
[2023-07-18T02:43:51.949+0000][1][safepoint    ] Safepoint "RevokeBias", Time since last: 49520833 ns, Reaching safepoint: 1042250 ns, At safepoint: 72708 ns, Total: 1114958 ns
[2023-07-18T02:43:51.953+0000][1][safepoint    ] Safepoint "RevokeBias", Time since last: 3785625 ns, Reaching safepoint: 527084 ns, At safepoint: 28041 ns, Total: 555125 ns
[2023-07-18T02:43:52.008+0000][1][safepoint    ] Safepoint "RevokeBias", Time since last: 52663500 ns, Reaching safepoint: 2785292 ns, At safepoint: 111875 ns, Total: 2897167 ns
[2023-07-18T02:43:52.048+0000][1][safepoint    ] Safepoint "RevokeBias", Time since last: 39442042 ns, Reaching safepoint: 539792 ns, At safepoint: 59875 ns, Total: 599667 ns
[2023-07-18T02:43:52.082+0000][1][safepoint    ] Safepoint "RevokeBias", Time since last: 31624208 ns, Reaching safepoint: 1563000 ns, At safepoint: 61750 ns, Total: 1624750 ns
[2023-07-18T02:43:52.100+0000][1][safepoint    ] Safepoint "RevokeBias", Time since last: 17730542 ns, Reaching safepoint: 827791 ns, At safepoint: 114417 ns, Total: 942208 ns
[2023-07-18T02:43:52.109+0000][1][safepoint    ] Safepoint "RevokeBias", Time since last: 7645042 ns, Reaching safepoint: 975000 ns, At safepoint: 141750 ns, Total: 1116750 ns
[2023-07-18T02:43:52.111+0000][1][safepoint    ] Safepoint "BulkRevokeBias", Time since last: 461583 ns, Reaching safepoint: 315583 ns, At safepoint: 862292 ns, Total: 1177875 ns
[2023-07-18T02:43:52.113+0000][1][safepoint    ] Safepoint "RevokeBias", Time since last: 1264833 ns, Reaching safepoint: 380542 ns, At safepoint: 121667 ns, Total: 502209 ns
[2023-07-18T02:43:52.119+0000][1][safepoint    ] Safepoint "RevokeBias", Time since last: 5192791 ns, Reaching safepoint: 1125084 ns, At safepoint: 117875 ns, Total: 1242959 ns
[2023-07-18T02:43:52.120+0000][1][safepoint    ] Safepoint "RevokeBias", Time since last: 722833 ns, Reaching safepoint: 433875 ns, At safepoint: 102417 ns, Total: 536292 ns
[2023-07-18T02:43:52.152+0000][1][safepoint    ] Safepoint "RevokeBias", Time since last: 28606416 ns, Reaching safepoint: 2482750 ns, At safepoint: 197042 ns, Total: 2679792 ns
[2023-07-18T02:43:52.152+0000][1][safepoint    ] Safepoint "RevokeBias", Time since last: 386417 ns, Reaching safepoint: 372666 ns, At safepoint: 109792 ns, Total: 482458 ns
[2023-07-18T02:43:52.158+0000][1][safepoint    ] Safepoint "RevokeBias", Time since last: 4731167 ns, Reaching safepoint: 270041 ns, At safepoint: 145375 ns, Total: 415416 ns
[2023-07-18T02:43:52.486+0000][1][safepoint    ] Safepoint "RevokeBias", Time since last: 328331417 ns, Reaching safepoint: 450792 ns, At safepoint: 53208 ns, Total: 504000 ns
[2023-07-18T02:43:52.487+0000][1][safepoint    ] Safepoint "RevokeBias", Time since last: 512958 ns, Reaching safepoint: 145084 ns, At safepoint: 42708 ns, Total: 187792 ns
[2023-07-18T02:43:52.488+0000][1][safepoint    ] Safepoint "RevokeBias", Time since last: 261125 ns, Reaching safepoint: 124708 ns, At safepoint: 47667 ns, Total: 172375 ns
[2023-07-18T02:43:52.488+0000][1][safepoint    ] Safepoint "RevokeBias", Time since last: 206500 ns, Reaching safepoint: 122083 ns, At safepoint: 29959 ns, Total: 152042 ns
[2023-07-18T02:43:52.638+0000][1][safepoint    ] Safepoint "RevokeBias", Time since last: 149035250 ns, Reaching safepoint: 756833 ns, At safepoint: 61625 ns, Total: 818458 ns
[2023-07-18T02:43:52.643+0000][1][safepoint    ] Safepoint "RevokeBias", Time since last: 4842583 ns, Reaching safepoint: 240917 ns, At safepoint: 60000 ns, Total: 300917 ns
[2023-07-18T02:43:52.647+0000][1][safepoint    ] Safepoint "RevokeBias", Time since last: 3746833 ns, Reaching safepoint: 183625 ns, At safepoint: 55000 ns, Total: 238625 ns
[2023-07-18T02:43:52.647+0000][1][safepoint    ] Safepoint "RevokeBias", Time since last: 260792 ns, Reaching safepoint: 119292 ns, At safepoint: 34000 ns, Total: 153292 ns
[2023-07-18T02:43:52.648+0000][1][safepoint    ] Safepoint "RevokeBias", Time since last: 143458 ns, Reaching safepoint: 126708 ns, At safepoint: 32042 ns, Total: 158750 ns
[2023-07-18T02:43:52.835+0000][1][safepoint    ] Safepoint "RevokeBias", Time since last: 187568917 ns, Reaching safepoint: 196000 ns, At safepoint: 72708 ns, Total: 268708 ns
[2023-07-18T02:43:52.836+0000][1][safepoint    ] Safepoint "RevokeBias", Time since last: 445417 ns, Reaching safepoint: 127542 ns, At safepoint: 47208 ns, Total: 174750 ns
[2023-07-18T02:43:52.836+0000][1][safepoint    ] Safepoint "RevokeBias", Time since last: 263167 ns, Reaching safepoint: 123125 ns, At safepoint: 43791 ns, Total: 166916 ns
[2023-07-18T02:43:52.889+0000][1][safepoint    ] Safepoint "RevokeBias", Time since last: 51961042 ns, Reaching safepoint: 264583 ns, At safepoint: 80084 ns, Total: 344667 ns
[2023-07-18T02:43:52.890+0000][1][safepoint    ] Safepoint "RevokeBias", Time since last: 773458 ns, Reaching safepoint: 137833 ns, At safepoint: 40792 ns, Total: 178625 ns
[2023-07-18T02:43:54.025+0000][1][safepoint    ] Safepoint "RevokeBias", Time since last: 1135344334 ns, Reaching safepoint: 279625 ns, At safepoint: 57208 ns, Total: 336833 ns
[2023-07-18T02:43:54.026+0000][1][safepoint    ] Safepoint "RevokeBias", Time since last: 419208 ns, Reaching safepoint: 122792 ns, At safepoint: 34667 ns, Total: 157459 ns
[2023-07-18T02:43:54.026+0000][1][safepoint    ] Safepoint "RevokeBias", Time since last: 247291 ns, Reaching safepoint: 129209 ns, At safepoint: 36333 ns, Total: 165542 ns
[2023-07-18T02:43:54.027+0000][1][safepoint    ] Safepoint "RevokeBias", Time since last: 228375 ns, Reaching safepoint: 123458 ns, At safepoint: 35375 ns, Total: 158833 ns
[2023-07-18T02:43:57.028+0000][1][safepoint    ] Safepoint "Cleanup", Time since last: 3001292752 ns, Reaching safepoint: 371500 ns, At safepoint: 21000 ns, Total: 392500 ns
[2023-07-18T02:43:59.031+0000][1][safepoint    ] Safepoint "Cleanup", Time since last: 2001899918 ns, Reaching safepoint: 421875 ns, At safepoint: 21500 ns, Total: 443375 ns
[2023-07-18T02:44:01.032+0000][1][safepoint    ] Safepoint "Cleanup", Time since last: 2001181709 ns, Reaching safepoint: 340958 ns, At safepoint: 13833 ns, Total: 354791 ns
[2023-07-18T02:44:02.033+0000][1][safepoint    ] Safepoint "Cleanup", Time since last: 1000411626 ns, Reaching safepoint: 393875 ns, At safepoint: 17625 ns, Total: 411500 ns
[2023-07-18T02:44:04.035+0000][1][safepoint    ] Safepoint "Cleanup", Time since last: 2000712084 ns, Reaching safepoint: 712000 ns, At safepoint: 29000 ns, Total: 741000 ns
[2023-07-18T02:44:09.039+0000][1][safepoint    ] Safepoint "Cleanup", Time since last: 5003936086 ns, Reaching safepoint: 440458 ns, At safepoint: 17167 ns, Total: 457625 ns
[2023-07-18T02:44:14.041+0000][1][safepoint    ] Safepoint "Cleanup", Time since last: 5001360752 ns, Reaching safepoint: 436291 ns, At safepoint: 35625 ns, Total: 471916 ns
[2023-07-18T02:44:15.042+0000][1][safepoint    ] Safepoint "Cleanup", Time since last: 1000594584 ns, Reaching safepoint: 597125 ns, At safepoint: 18292 ns, Total: 615417 ns
[2023-07-18T02:44:18.044+0000][1][safepoint    ] Safepoint "Cleanup", Time since last: 3001458543 ns, Reaching safepoint: 605042 ns, At safepoint: 16791 ns, Total: 621833 ns
[2023-07-18T02:44:19.046+0000][1][safepoint    ] Safepoint "Cleanup", Time since last: 1001167459 ns, Reaching safepoint: 442333 ns, At safepoint: 14875 ns, Total: 457208 ns
[2023-07-18T02:44:20.047+0000][1][safepoint    ] Safepoint "Cleanup", Time since last: 1000590543 ns, Reaching safepoint: 483000 ns, At safepoint: 15000 ns, Total: 498000 ns
[2023-07-18T02:44:20.465+0000][1][safepoint    ] Safepoint "RevokeBias", Time since last: 417582166 ns, Reaching safepoint: 550125 ns, At safepoint: 105500 ns, Total: 655625 ns
[2023-07-18T02:44:20.476+0000][1][safepoint    ] Safepoint "RevokeBias", Time since last: 10507417 ns, Reaching safepoint: 429125 ns, At safepoint: 58750 ns, Total: 487875 ns
[2023-07-18T02:44:20.477+0000][1][safepoint    ] Safepoint "RevokeBias", Time since last: 327667 ns, Reaching safepoint: 162291 ns, At safepoint: 41834 ns, Total: 204125 ns
[2023-07-18T02:44:20.479+0000][1][safepoint    ] Safepoint "RevokeBias", Time since last: 1719000 ns, Reaching safepoint: 280875 ns, At safepoint: 75666 ns, Total: 356541 ns
[2023-07-18T02:44:20.510+0000][1][safepoint    ] Safepoint "RevokeBias", Time since last: 30920875 ns, Reaching safepoint: 468542 ns, At safepoint: 79667 ns, Total: 548209 ns
[2023-07-18T02:44:20.632+0000][1][safepoint    ] Safepoint "RevokeBias", Time since last: 121193542 ns, Reaching safepoint: 474125 ns, At safepoint: 79041 ns, Total: 553166 ns
[2023-07-18T02:44:20.633+0000][1][safepoint    ] Safepoint "RevokeBias", Time since last: 449917 ns, Reaching safepoint: 163542 ns, At safepoint: 107083 ns, Total: 270625 ns
[2023-07-18T02:44:20.830+0000][1][safepoint    ] Safepoint "RevokeBias", Time since last: 197079417 ns, Reaching safepoint: 610833 ns, At safepoint: 59583 ns, Total: 670416 ns
[2023-07-18T02:44:20.831+0000][1][safepoint    ] Safepoint "RevokeBias", Time since last: 314875 ns, Reaching safepoint: 232959 ns, At safepoint: 39375 ns, Total: 272334 ns
[2023-07-18T02:44:20.832+0000][1][safepoint    ] Safepoint "RevokeBias", Time since last: 242541 ns, Reaching safepoint: 238084 ns, At safepoint: 62500 ns, Total: 300584 ns
[2023-07-18T02:44:20.832+0000][1][safepoint    ] Safepoint "RevokeBias", Time since last: 190958 ns, Reaching safepoint: 150708 ns, At safepoint: 79500 ns, Total: 230208 ns
[2023-07-18T02:44:20.886+0000][1][safepoint    ] Safepoint "RevokeBias", Time since last: 53212125 ns, Reaching safepoint: 439584 ns, At safepoint: 55750 ns, Total: 495334 ns
[2023-07-18T02:44:20.887+0000][1][safepoint    ] Safepoint "RevokeBias", Time since last: 641291 ns, Reaching safepoint: 334917 ns, At safepoint: 56167 ns, Total: 391084 ns
[2023-07-18T02:44:20.888+0000][1][safepoint    ] Safepoint "RevokeBias", Time since last: 498250 ns, Reaching safepoint: 413500 ns, At safepoint: 106333 ns, Total: 519833 ns
[2023-07-18T02:44:21.891+0000][1][safepoint    ] Safepoint "Cleanup", Time since last: 1002936834 ns, Reaching safepoint: 489041 ns, At safepoint: 14875 ns, Total: 503916 ns
[2023-07-18T02:44:22.892+0000][1][safepoint    ] Safepoint "Cleanup", Time since last: 1000422251 ns, Reaching safepoint: 529250 ns, At safepoint: 19708 ns, Total: 548958 ns
[2023-07-18T02:44:23.893+0000][1][safepoint    ] Safepoint "Cleanup", Time since last: 1000756334 ns, Reaching safepoint: 410500 ns, At safepoint: 14792 ns, Total: 425292 ns
[2023-07-18T02:44:24.894+0000][1][safepoint    ] Safepoint "Cleanup", Time since last: 1000428334 ns, Reaching safepoint: 647875 ns, At safepoint: 17166 ns, Total: 665041 ns
[2023-07-18T02:44:25.895+0000][1][safepoint    ] Safepoint "Cleanup", Time since last: 1000404959 ns, Reaching safepoint: 430667 ns, At safepoint: 11208 ns, Total: 441875 ns
[2023-07-18T02:44:26.897+0000][1][safepoint    ] Safepoint "Cleanup", Time since last: 1001079709 ns, Reaching safepoint: 605291 ns, At safepoint: 29125 ns, Total: 634416 ns
[2023-07-18T02:44:27.899+0000][1][safepoint    ] Safepoint "Cleanup", Time since last: 1001067293 ns, Reaching safepoint: 439166 ns, At safepoint: 18542 ns, Total: 457708 ns
[2023-07-18T02:44:28.900+0000][1][safepoint    ] Safepoint "Cleanup", Time since last: 1001198500 ns, Reaching safepoint: 576250 ns, At safepoint: 17459 ns, Total: 593709 ns
[2023-07-18T02:44:29.901+0000][1][safepoint    ] Safepoint "Cleanup", Time since last: 1000603459 ns, Reaching safepoint: 428583 ns, At safepoint: 14375 ns, Total: 442958 ns
[2023-07-18T02:44:29.956+0000][1][safepoint    ] Safepoint "RevokeBias", Time since last: 54567958 ns, Reaching safepoint: 374250 ns, At safepoint: 29125 ns, Total: 403375 ns
[2023-07-18T02:44:29.988+0000][1][safepoint    ] Safepoint "RevokeBias", Time since last: 31119209 ns, Reaching safepoint: 359291 ns, At safepoint: 61542 ns, Total: 420833 ns
[2023-07-18T02:44:29.989+0000][1][safepoint    ] Safepoint "RevokeBias", Time since last: 359458 ns, Reaching safepoint: 275875 ns, At safepoint: 71084 ns, Total: 346959 ns
[2023-07-18T02:44:29.991+0000][1][safepoint    ] Safepoint "RevokeBias", Time since last: 2333875 ns, Reaching safepoint: 462750 ns, At safepoint: 57375 ns, Total: 520125 ns
[2023-07-18T02:44:29.993+0000][1][safepoint    ] Safepoint "RevokeBias", Time since last: 806791 ns, Reaching safepoint: 457584 ns, At safepoint: 49875 ns, Total: 507459 ns
[2023-07-18T02:44:30.003+0000][1][safepoint    ] Safepoint "RevokeBias", Time since last: 9596708 ns, Reaching safepoint: 439000 ns, At safepoint: 28292 ns, Total: 467292 ns
[2023-07-18T02:44:30.032+0000][1][safepoint    ] Safepoint "RevokeBias", Time since last: 28780166 ns, Reaching safepoint: 669167 ns, At safepoint: 180583 ns, Total: 849750 ns
[2023-07-18T02:44:30.039+0000][1][safepoint    ] Safepoint "RevokeBias", Time since last: 5412959 ns, Reaching safepoint: 392416 ns, At safepoint: 313709 ns, Total: 706125 ns
[2023-07-18T02:44:30.041+0000][1][safepoint    ] Safepoint "RevokeBias", Time since last: 1547166 ns, Reaching safepoint: 383667 ns, At safepoint: 148167 ns, Total: 531834 ns
[2023-07-18T02:44:30.043+0000][1][safepoint    ] Safepoint "RevokeBias", Time since last: 1959625 ns, Reaching safepoint: 561041 ns, At safepoint: 261167 ns, Total: 822208 ns
[2023-07-18T02:44:30.046+0000][1][safepoint    ] Safepoint "RevokeBias", Time since last: 1674208 ns, Reaching safepoint: 523250 ns, At safepoint: 158084 ns, Total: 681334 ns
[2023-07-18T02:44:30.047+0000][1][safepoint    ] Safepoint "RevokeBias", Time since last: 580000 ns, Reaching safepoint: 480041 ns, At safepoint: 138792 ns, Total: 618833 ns
[2023-07-18T02:44:30.049+0000][1][safepoint    ] Safepoint "RevokeBias", Time since last: 1174167 ns, Reaching safepoint: 448291 ns, At safepoint: 146250 ns, Total: 594541 ns
[2023-07-18T02:44:30.051+0000][1][safepoint    ] Safepoint "RevokeBias", Time since last: 1352625 ns, Reaching safepoint: 312875 ns, At safepoint: 141292 ns, Total: 454167 ns
[2023-07-18T02:44:30.052+0000][1][safepoint    ] Safepoint "RevokeBias", Time since last: 390792 ns, Reaching safepoint: 444500 ns, At safepoint: 149666 ns, Total: 594166 ns
[2023-07-18T02:44:30.054+0000][1][safepoint    ] Safepoint "RevokeBias", Time since last: 2197750 ns, Reaching safepoint: 473542 ns, At safepoint: 168708 ns, Total: 642250 ns
[2023-07-18T02:44:30.074+0000][1][safepoint    ] Safepoint "RevokeBias", Time since last: 14806084 ns, Reaching safepoint: 5190666 ns, At safepoint: 37709 ns, Total: 5228375 ns
[2023-07-18T02:44:30.089+0000][1][safepoint    ] Safepoint "RevokeBias", Time since last: 13622125 ns, Reaching safepoint: 470083 ns, At safepoint: 31042 ns, Total: 501125 ns
[2023-07-18T02:44:30.112+0000][1][safepoint    ] Safepoint "RevokeBias", Time since last: 23441000 ns, Reaching safepoint: 355458 ns, At safepoint: 124042 ns, Total: 479500 ns
[2023-07-18T02:44:30.113+0000][1][safepoint    ] Safepoint "RevokeBias", Time since last: 391791 ns, Reaching safepoint: 342625 ns, At safepoint: 134292 ns, Total: 476917 ns
[2023-07-18T02:44:30.120+0000][1][safepoint    ] Safepoint "RevokeBias", Time since last: 6521792 ns, Reaching safepoint: 464791 ns, At safepoint: 114500 ns, Total: 579291 ns
[2023-07-18T02:44:30.121+0000][1][safepoint    ] Safepoint "RevokeBias", Time since last: 407625 ns, Reaching safepoint: 407584 ns, At safepoint: 89041 ns, Total: 496625 ns
[2023-07-18T02:44:30.126+0000][1][safepoint    ] Safepoint "RevokeBias", Time since last: 3904292 ns, Reaching safepoint: 593500 ns, At safepoint: 175208 ns, Total: 768708 ns
[2023-07-18T02:44:30.210+0000][1][safepoint    ] Safepoint "RevokeBias", Time since last: 83037000 ns, Reaching safepoint: 548500 ns, At safepoint: 153709 ns, Total: 702209 ns
[2023-07-18T02:44:30.211+0000][1][safepoint    ] Safepoint "RevokeBias", Time since last: 734291 ns, Reaching safepoint: 333917 ns, At safepoint: 96542 ns, Total: 430459 ns
[2023-07-18T02:44:30.212+0000][1][safepoint    ] Safepoint "RevokeBias", Time since last: 575625 ns, Reaching safepoint: 429291 ns, At safepoint: 176709 ns, Total: 606000 ns
[2023-07-18T02:44:30.216+0000][1][safepoint    ] Safepoint "RevokeBias", Time since last: 2782541 ns, Reaching safepoint: 460084 ns, At safepoint: 219875 ns, Total: 679959 ns
[2023-07-18T02:44:30.272+0000][1][safepoint    ] Safepoint "Deoptimize", Time since last: 54364916 ns, Reaching safepoint: 438667 ns, At safepoint: 1596208 ns, Total: 2034875 ns
[2023-07-18T02:44:30.283+0000][1][safepoint    ] Safepoint "RevokeBias", Time since last: 10916959 ns, Reaching safepoint: 355500 ns, At safepoint: 90708 ns, Total: 446208 ns
[2023-07-18T02:44:30.293+0000][1][safepoint    ] Safepoint "RevokeBias", Time since last: 9516792 ns, Reaching safepoint: 450000 ns, At safepoint: 147416 ns, Total: 597416 ns
[2023-07-18T02:44:30.329+0000][1][safepoint    ] Safepoint "RevokeBias", Time since last: 35030875 ns, Reaching safepoint: 526250 ns, At safepoint: 103875 ns, Total: 630125 ns
[2023-07-18T02:44:30.330+0000][1][safepoint    ] Safepoint "RevokeBias", Time since last: 428917 ns, Reaching safepoint: 291667 ns, At safepoint: 76875 ns, Total: 368542 ns
[2023-07-18T02:44:30.336+0000][1][safepoint    ] Safepoint "RevokeBias", Time since last: 5953916 ns, Reaching safepoint: 211917 ns, At safepoint: 75750 ns, Total: 287667 ns
[2023-07-18T02:44:31.337+0000][1][safepoint    ] Safepoint "Cleanup", Time since last: 1000553876 ns, Reaching safepoint: 528000 ns, At safepoint: 17375 ns, Total: 545375 ns
[2023-07-18T02:44:32.339+0000][1][safepoint    ] Safepoint "Cleanup", Time since last: 1001384917 ns, Reaching safepoint: 549583 ns, At safepoint: 19083 ns, Total: 568666 ns
[2023-07-18T02:44:33.341+0000][1][safepoint    ] Safepoint "Cleanup", Time since last: 1001484709 ns, Reaching safepoint: 454209 ns, At safepoint: 19416 ns, Total: 473625 ns
[2023-07-18T02:44:33.852+0000][1][safepoint    ] Safepoint "RevokeBias", Time since last: 510596292 ns, Reaching safepoint: 583417 ns, At safepoint: 135166 ns, Total: 718583 ns
[2023-07-18T02:44:33.854+0000][1][safepoint    ] Safepoint "RevokeBias", Time since last: 714042 ns, Reaching safepoint: 253208 ns, At safepoint: 90750 ns, Total: 343958 ns
[2023-07-18T02:44:33.948+0000][1][safepoint    ] Safepoint "RevokeBias", Time since last: 93934459 ns, Reaching safepoint: 341042 ns, At safepoint: 22583 ns, Total: 363625 ns
[2023-07-18T02:44:33.953+0000][1][safepoint    ] Safepoint "RevokeBias", Time since last: 4596333 ns, Reaching safepoint: 275750 ns, At safepoint: 46250 ns, Total: 322000 ns
[2023-07-18T02:44:33.954+0000][1][safepoint    ] Safepoint "RevokeBias", Time since last: 556875 ns, Reaching safepoint: 399084 ns, At safepoint: 43166 ns, Total: 442250 ns
[2023-07-18T02:44:34.043+0000][1][safepoint    ] Safepoint "RevokeBias", Time since last: 88414792 ns, Reaching safepoint: 557792 ns, At safepoint: 22916 ns, Total: 580708 ns
[2023-07-18T02:44:34.592+0000][1][safepoint    ] Safepoint "RevokeBias", Time since last: 548971000 ns, Reaching safepoint: 510000 ns, At safepoint: 79625 ns, Total: 589625 ns
[2023-07-18T02:44:34.605+0000][1][safepoint    ] Safepoint "RevokeBias", Time since last: 12108959 ns, Reaching safepoint: 236708 ns, At safepoint: 57458 ns, Total: 294166 ns
[2023-07-18T02:44:34.605+0000][1][safepoint    ] Safepoint "RevokeBias", Time since last: 368292 ns, Reaching safepoint: 253417 ns, At safepoint: 45458 ns, Total: 298875 ns
[2023-07-18T02:44:34.612+0000][1][safepoint    ] Safepoint "RevokeBias", Time since last: 3868084 ns, Reaching safepoint: 2821916 ns, At safepoint: 88667 ns, Total: 2910583 ns
[2023-07-18T02:44:34.615+0000][1][safepoint    ] Safepoint "RevokeBias", Time since last: 585000 ns, Reaching safepoint: 2661125 ns, At safepoint: 58542 ns, Total: 2719667 ns
[2023-07-18T02:44:34.624+0000][1][safepoint    ] Safepoint "RevokeBias", Time since last: 7535041 ns, Reaching safepoint: 527125 ns, At safepoint: 71792 ns, Total: 598917 ns
[2023-07-18T02:44:34.631+0000][1][safepoint    ] Safepoint "RevokeBias", Time since last: 6433833 ns, Reaching safepoint: 705209 ns, At safepoint: 70500 ns, Total: 775709 ns
[2023-07-18T02:44:34.636+0000][1][safepoint    ] Safepoint "RevokeBias", Time since last: 2743166 ns, Reaching safepoint: 2742125 ns, At safepoint: 60625 ns, Total: 2802750 ns
[2023-07-18T02:44:34.659+0000][1][safepoint    ] Safepoint "Deoptimize", Time since last: 19174709 ns, Reaching safepoint: 1527375 ns, At safepoint: 1777791 ns, Total: 3305166 ns
[2023-07-18T02:44:34.832+0000][1][safepoint    ] Safepoint "RevokeBias", Time since last: 172396125 ns, Reaching safepoint: 1058292 ns, At safepoint: 198292 ns, Total: 1256584 ns
[2023-07-18T02:44:34.835+0000][1][safepoint    ] Safepoint "RevokeBias", Time since last: 2221166 ns, Reaching safepoint: 445042 ns, At safepoint: 26333 ns, Total: 471375 ns
[2023-07-18T02:44:34.836+0000][1][safepoint    ] Safepoint "RevokeBias", Time since last: 419292 ns, Reaching safepoint: 393917 ns, At safepoint: 18875 ns, Total: 412792 ns
[2023-07-18T02:44:34.892+0000][1][safepoint    ] Safepoint "RevokeBias", Time since last: 55386250 ns, Reaching safepoint: 747791 ns, At safepoint: 325417 ns, Total: 1073208 ns
[2023-07-18T02:44:34.916+0000][1][safepoint    ] Safepoint "RevokeBias", Time since last: 22380625 ns, Reaching safepoint: 604792 ns, At safepoint: 61375 ns, Total: 666167 ns
[2023-07-18T02:44:34.921+0000][1][safepoint    ] Safepoint "RevokeBias", Time since last: 5279916 ns, Reaching safepoint: 550417 ns, At safepoint: 70167 ns, Total: 620584 ns
[2023-07-18T02:44:34.922+0000][1][safepoint    ] Safepoint "RevokeBias", Time since last: 432500 ns, Reaching safepoint: 492708 ns, At safepoint: 51792 ns, Total: 544500 ns
[2023-07-18T02:44:34.924+0000][1][safepoint    ] Safepoint "RevokeBias", Time since last: 600291 ns, Reaching safepoint: 579375 ns, At safepoint: 69250 ns, Total: 648625 ns
[2023-07-18T02:44:34.930+0000][1][safepoint    ] Safepoint "RevokeBias", Time since last: 6107042 ns, Reaching safepoint: 475542 ns, At safepoint: 60541 ns, Total: 536083 ns
[2023-07-18T02:44:34.932+0000][1][safepoint    ] Safepoint "RevokeBias", Time since last: 1660250 ns, Reaching safepoint: 360625 ns, At safepoint: 60334 ns, Total: 420959 ns
[2023-07-18T02:44:34.996+0000][1][safepoint    ] Safepoint "RevokeBias", Time since last: 62578458 ns, Reaching safepoint: 943917 ns, At safepoint: 34666 ns, Total: 978583 ns
[2023-07-18T02:44:35.218+0000][1][safepoint    ] Safepoint "RevokeBias", Time since last: 207342417 ns, Reaching safepoint: 9424417 ns, At safepoint: 4159333 ns, Total: 13583750 ns
[2023-07-18T02:44:35.587+0000][1][safepoint    ] Safepoint "RevokeBias", Time since last: 368393584 ns, Reaching safepoint: 1224083 ns, At safepoint: 172000 ns, Total: 1396083 ns
[2023-07-18T02:44:35.613+0000][1][safepoint    ] Safepoint "RevokeBias", Time since last: 25176500 ns, Reaching safepoint: 1499500 ns, At safepoint: 88833 ns, Total: 1588333 ns
[2023-07-18T02:44:35.615+0000][1][safepoint    ] Safepoint "RevokeBias", Time since last: 681084 ns, Reaching safepoint: 384541 ns, At safepoint: 53375 ns, Total: 437916 ns
[2023-07-18T02:44:35.626+0000][1][safepoint    ] Safepoint "BulkRevokeBias", Time since last: 8870209 ns, Reaching safepoint: 653166 ns, At safepoint: 1764125 ns, Total: 2417291 ns
[2023-07-18T02:44:35.630+0000][1][safepoint    ] Safepoint "RevokeBias", Time since last: 3184209 ns, Reaching safepoint: 533666 ns, At safepoint: 124792 ns, Total: 658458 ns
[2023-07-18T02:44:35.633+0000][1][safepoint    ] Safepoint "RevokeBias", Time since last: 2924042 ns, Reaching safepoint: 430291 ns, At safepoint: 95042 ns, Total: 525333 ns
[2023-07-18T02:44:35.634+0000][1][safepoint    ] Safepoint "RevokeBias", Time since last: 232917 ns, Reaching safepoint: 398416 ns, At safepoint: 93834 ns, Total: 492250 ns
[2023-07-18T02:44:35.671+0000][1][safepoint    ] Safepoint "RevokeBias", Time since last: 36187000 ns, Reaching safepoint: 494083 ns, At safepoint: 93125 ns, Total: 587208 ns
[2023-07-18T02:44:35.671+0000][1][safepoint    ] Safepoint "RevokeBias", Time since last: 317167 ns, Reaching safepoint: 295583 ns, At safepoint: 53375 ns, Total: 348958 ns
[2023-07-18T02:44:36.673+0000][1][safepoint    ] Safepoint "Cleanup", Time since last: 1000442000 ns, Reaching safepoint: 1031459 ns, At safepoint: 30291 ns, Total: 1061750 ns
[2023-07-18T02:44:37.674+0000][1][safepoint    ] Safepoint "Cleanup", Time since last: 1000465626 ns, Reaching safepoint: 685958 ns, At safepoint: 26834 ns, Total: 712792 ns
[2023-07-18T02:44:38.676+0000][1][safepoint    ] Safepoint "Cleanup", Time since last: 1000943792 ns, Reaching safepoint: 601833 ns, At safepoint: 19250 ns, Total: 621083 ns
[2023-07-18T02:44:39.677+0000][1][safepoint    ] Safepoint "Cleanup", Time since last: 1000500667 ns, Reaching safepoint: 534875 ns, At safepoint: 17459 ns, Total: 552334 ns
[2023-07-18T02:44:40.678+0000][1][safepoint    ] Safepoint "Cleanup", Time since last: 1000604250 ns, Reaching safepoint: 578167 ns, At safepoint: 17083 ns, Total: 595250 ns
[2023-07-18T02:44:41.680+0000][1][safepoint    ] Safepoint "Cleanup", Time since last: 1001295042 ns, Reaching safepoint: 508083 ns, At safepoint: 24708 ns, Total: 532791 ns
[2023-07-18T02:44:42.681+0000][1][safepoint    ] Safepoint "Cleanup", Time since last: 1000434917 ns, Reaching safepoint: 503250 ns, At safepoint: 15500 ns, Total: 518750 ns
[2023-07-18T02:44:43.683+0000][1][safepoint    ] Safepoint "Cleanup", Time since last: 1001082293 ns, Reaching safepoint: 645666 ns, At safepoint: 19792 ns, Total: 665458 ns
[2023-07-18T02:44:44.685+0000][1][safepoint    ] Safepoint "Cleanup", Time since last: 1001916917 ns, Reaching safepoint: 569708 ns, At safepoint: 15334 ns, Total: 585042 ns
[2023-07-18T02:44:45.675+0000][1][safepoint    ] Safepoint "RevokeBias", Time since last: 989047000 ns, Reaching safepoint: 941417 ns, At safepoint: 93708 ns, Total: 1035125 ns
[2023-07-18T02:44:45.681+0000][1][safepoint    ] Safepoint "RevokeBias", Time since last: 5204375 ns, Reaching safepoint: 539125 ns, At safepoint: 55208 ns, Total: 594333 ns
[2023-07-18T02:44:45.730+0000][1][safepoint    ] Safepoint "RevokeBias", Time since last: 45943334 ns, Reaching safepoint: 3129875 ns, At safepoint: 60000 ns, Total: 3189875 ns
[2023-07-18T02:44:45.731+0000][1][safepoint    ] Safepoint "RevokeBias", Time since last: 599000 ns, Reaching safepoint: 550958 ns, At safepoint: 40250 ns, Total: 591208 ns
[2023-07-18T02:44:45.733+0000][1][safepoint    ] Safepoint "RevokeBias", Time since last: 1275708 ns, Reaching safepoint: 660625 ns, At safepoint: 42167 ns, Total: 702792 ns
[2023-07-18T02:44:45.734+0000][1][safepoint    ] Safepoint "RevokeBias", Time since last: 246708 ns, Reaching safepoint: 517292 ns, At safepoint: 49375 ns, Total: 566667 ns
[2023-07-18T02:44:45.737+0000][1][safepoint    ] Safepoint "RevokeBias", Time since last: 2613250 ns, Reaching safepoint: 354125 ns, At safepoint: 46209 ns, Total: 400334 ns
[2023-07-18T02:44:45.738+0000][1][safepoint    ] Safepoint "RevokeBias", Time since last: 308166 ns, Reaching safepoint: 322875 ns, At safepoint: 36209 ns, Total: 359084 ns
[2023-07-18T02:44:45.739+0000][1][safepoint    ] Safepoint "RevokeBias", Time since last: 300125 ns, Reaching safepoint: 1153375 ns, At safepoint: 43500 ns, Total: 1196875 ns
[2023-07-18T02:44:45.740+0000][1][safepoint    ] Safepoint "RevokeBias", Time since last: 266958 ns, Reaching safepoint: 490667 ns, At safepoint: 60958 ns, Total: 551625 ns
[2023-07-18T02:44:45.742+0000][1][safepoint    ] Safepoint "RevokeBias", Time since last: 1349750 ns, Reaching safepoint: 462125 ns, At safepoint: 80458 ns, Total: 542583 ns
[2023-07-18T02:44:45.743+0000][1][safepoint    ] Safepoint "RevokeBias", Time since last: 259917 ns, Reaching safepoint: 411750 ns, At safepoint: 52708 ns, Total: 464458 ns
[2023-07-18T02:44:45.744+0000][1][safepoint    ] Safepoint "RevokeBias", Time since last: 275542 ns, Reaching safepoint: 329750 ns, At safepoint: 276125 ns, Total: 605875 ns
[2023-07-18T02:44:45.746+0000][1][safepoint    ] Safepoint "RevokeBias", Time since last: 2184292 ns, Reaching safepoint: 394083 ns, At safepoint: 136792 ns, Total: 530875 ns
[2023-07-18T02:44:45.750+0000][1][safepoint    ] Safepoint "RevokeBias", Time since last: 464875 ns, Reaching safepoint: 2684250 ns, At safepoint: 284666 ns, Total: 2968916 ns
[2023-07-18T02:44:45.751+0000][1][safepoint    ] Safepoint "RevokeBias", Time since last: 879292 ns, Reaching safepoint: 393000 ns, At safepoint: 63625 ns, Total: 456625 ns
[2023-07-18T02:44:45.753+0000][1][safepoint    ] Safepoint "RevokeBias", Time since last: 906583 ns, Reaching safepoint: 353250 ns, At safepoint: 365209 ns, Total: 718459 ns
[2023-07-18T02:44:45.753+0000][1][safepoint    ] Safepoint "RevokeBias", Time since last: 295083 ns, Reaching safepoint: 354167 ns, At safepoint: 118250 ns, Total: 472417 ns
[2023-07-18T02:44:45.757+0000][1][safepoint    ] Safepoint "RevokeBias", Time since last: 926166 ns, Reaching safepoint: 2540792 ns, At safepoint: 62333 ns, Total: 2603125 ns
[2023-07-18T02:44:45.758+0000][1][safepoint    ] Safepoint "RevokeBias", Time since last: 717834 ns, Reaching safepoint: 294333 ns, At safepoint: 66792 ns, Total: 361125 ns
[2023-07-18T02:44:45.763+0000][1][safepoint    ] Safepoint "RevokeBias", Time since last: 4898625 ns, Reaching safepoint: 386916 ns, At safepoint: 74000 ns, Total: 460916 ns
[2023-07-18T02:44:45.765+0000][1][safepoint    ] Safepoint "RevokeBias", Time since last: 1075750 ns, Reaching safepoint: 319417 ns, At safepoint: 66917 ns, Total: 386334 ns
[2023-07-18T02:44:45.766+0000][1][safepoint    ] Safepoint "RevokeBias", Time since last: 567541 ns, Reaching safepoint: 389584 ns, At safepoint: 70333 ns, Total: 459917 ns
[2023-07-18T02:44:45.767+0000][1][safepoint    ] Safepoint "RevokeBias", Time since last: 602833 ns, Reaching safepoint: 213834 ns, At safepoint: 53833 ns, Total: 267667 ns
[2023-07-18T02:44:45.768+0000][1][safepoint    ] Safepoint "RevokeBias", Time since last: 543667 ns, Reaching safepoint: 359208 ns, At safepoint: 46917 ns, Total: 406125 ns
[2023-07-18T02:44:45.772+0000][1][safepoint    ] Safepoint "RevokeBias", Time since last: 3528083 ns, Reaching safepoint: 263292 ns, At safepoint: 72000 ns, Total: 335292 ns
[2023-07-18T02:44:45.773+0000][1][safepoint    ] Safepoint "RevokeBias", Time since last: 1285291 ns, Reaching safepoint: 544375 ns, At safepoint: 58750 ns, Total: 603125 ns
[2023-07-18T02:44:45.775+0000][1][safepoint    ] Safepoint "RevokeBias", Time since last: 986667 ns, Reaching safepoint: 312542 ns, At safepoint: 56291 ns, Total: 368833 ns
[2023-07-18T02:44:45.776+0000][1][safepoint    ] Safepoint "RevokeBias", Time since last: 1246625 ns, Reaching safepoint: 383792 ns, At safepoint: 67208 ns, Total: 451000 ns
[2023-07-18T02:44:45.779+0000][1][safepoint    ] Safepoint "RevokeBias", Time since last: 2067834 ns, Reaching safepoint: 403208 ns, At safepoint: 48208 ns, Total: 451416 ns
[2023-07-18T02:44:45.780+0000][1][safepoint    ] Safepoint "RevokeBias", Time since last: 751542 ns, Reaching safepoint: 309208 ns, At safepoint: 40125 ns, Total: 349333 ns
[2023-07-18T02:44:45.783+0000][1][safepoint    ] Safepoint "RevokeBias", Time since last: 2458000 ns, Reaching safepoint: 367792 ns, At safepoint: 52375 ns, Total: 420167 ns
[2023-07-18T02:44:45.784+0000][1][safepoint    ] Safepoint "RevokeBias", Time since last: 1042042 ns, Reaching safepoint: 323833 ns, At safepoint: 56208 ns, Total: 380041 ns
[2023-07-18T02:44:45.785+0000][1][safepoint    ] Safepoint "RevokeBias", Time since last: 434959 ns, Reaching safepoint: 312458 ns, At safepoint: 38458 ns, Total: 350916 ns
[2023-07-18T02:44:45.786+0000][1][safepoint    ] Safepoint "RevokeBias", Time since last: 345542 ns, Reaching safepoint: 317417 ns, At safepoint: 39125 ns, Total: 356542 ns
[2023-07-18T02:44:45.787+0000][1][safepoint    ] Safepoint "RevokeBias", Time since last: 311541 ns, Reaching safepoint: 500042 ns, At safepoint: 42167 ns, Total: 542209 ns
[2023-07-18T02:44:45.795+0000][1][safepoint    ] Safepoint "RevokeBias", Time since last: 7489625 ns, Reaching safepoint: 397416 ns, At safepoint: 56709 ns, Total: 454125 ns
[2023-07-18T02:44:45.797+0000][1][safepoint    ] Safepoint "RevokeBias", Time since last: 1635666 ns, Reaching safepoint: 362000 ns, At safepoint: 51125 ns, Total: 413125 ns
[2023-07-18T02:44:45.798+0000][1][safepoint    ] Safepoint "RevokeBias", Time since last: 493417 ns, Reaching safepoint: 300125 ns, At safepoint: 39083 ns, Total: 339208 ns
[2023-07-18T02:44:45.799+0000][1][safepoint    ] Safepoint "BulkRevokeBias", Time since last: 474250 ns, Reaching safepoint: 298375 ns, At safepoint: 1030625 ns, Total: 1329000 ns
[2023-07-18T02:44:45.999+0000][1][safepoint    ] Safepoint "RevokeBias", Time since last: 199312500 ns, Reaching safepoint: 587959 ns, At safepoint: 62000 ns, Total: 649959 ns
[2023-07-18T02:44:47.001+0000][1][safepoint    ] Safepoint "Cleanup", Time since last: 1000451750 ns, Reaching safepoint: 692958 ns, At safepoint: 19250 ns, Total: 712208 ns
[2023-07-18T02:44:47.690+0000][1][safepoint    ] Safepoint "RevokeBias", Time since last: 688618209 ns, Reaching safepoint: 968917 ns, At safepoint: 174875 ns, Total: 1143792 ns
[2023-07-18T02:44:47.693+0000][1][safepoint    ] Safepoint "RevokeBias", Time since last: 2179125 ns, Reaching safepoint: 663958 ns, At safepoint: 182417 ns, Total: 846375 ns
[2023-07-18T02:44:47.696+0000][1][safepoint    ] Safepoint "RevokeBias", Time since last: 706541 ns, Reaching safepoint: 1057750 ns, At safepoint: 493834 ns, Total: 1551584 ns
[2023-07-18T02:44:47.698+0000][1][safepoint    ] Safepoint "RevokeBias", Time since last: 1479791 ns, Reaching safepoint: 637250 ns, At safepoint: 133417 ns, Total: 770667 ns
[2023-07-18T02:44:48.699+0000][1][safepoint    ] Safepoint "Cleanup", Time since last: 1000418959 ns, Reaching safepoint: 586000 ns, At safepoint: 28292 ns, Total: 614292 ns
[2023-07-18T02:44:49.700+0000][1][safepoint    ] Safepoint "Cleanup", Time since last: 1000431125 ns, Reaching safepoint: 542792 ns, At safepoint: 25541 ns, Total: 568333 ns
[2023-07-18T02:44:49.750+0000][1][safepoint    ] Safepoint "RevokeBias", Time since last: 49084584 ns, Reaching safepoint: 849833 ns, At safepoint: 386708 ns, Total: 1236541 ns
[2023-07-18T02:44:49.880+0000][1][safepoint    ] Safepoint "RevokeBias", Time since last: 128412375 ns, Reaching safepoint: 841917 ns, At safepoint: 190625 ns, Total: 1032542 ns
[2023-07-18T02:44:49.900+0000][1][safepoint    ] Safepoint "RevokeBias", Time since last: 19767000 ns, Reaching safepoint: 808750 ns, At safepoint: 61583 ns, Total: 870333 ns
[2023-07-18T02:44:49.901+0000][1][safepoint    ] Safepoint "RevokeBias", Time since last: 507250 ns, Reaching safepoint: 437167 ns, At safepoint: 47708 ns, Total: 484875 ns
[2023-07-18T02:44:50.055+0000][1][safepoint    ] Safepoint "RevokeBias", Time since last: 152888376 ns, Reaching safepoint: 974000 ns, At safepoint: 71625 ns, Total: 1045625 ns
[2023-07-18T02:44:50.064+0000][1][safepoint    ] Safepoint "RevokeBias", Time since last: 7981666 ns, Reaching safepoint: 407000 ns, At safepoint: 69209 ns, Total: 476209 ns
[2023-07-18T02:44:50.065+0000][1][safepoint    ] Safepoint "RevokeBias", Time since last: 1388875 ns, Reaching safepoint: 225583 ns, At safepoint: 45583 ns, Total: 271166 ns
[2023-07-18T02:44:50.068+0000][1][safepoint    ] Safepoint "RevokeBias", Time since last: 2684959 ns, Reaching safepoint: 319875 ns, At safepoint: 64125 ns, Total: 384000 ns
[2023-07-18T02:44:50.167+0000][1][safepoint    ] Safepoint "RevokeBias", Time since last: 97749000 ns, Reaching safepoint: 653291 ns, At safepoint: 62417 ns, Total: 715708 ns
[2023-07-18T02:44:50.178+0000][1][safepoint    ] Safepoint "RevokeBias", Time since last: 10697167 ns, Reaching safepoint: 415875 ns, At safepoint: 54125 ns, Total: 470000 ns
[2023-07-18T02:44:50.188+0000][1][safepoint    ] Safepoint "RevokeBias", Time since last: 5760375 ns, Reaching safepoint: 3812500 ns, At safepoint: 73375 ns, Total: 3885875 ns
[2023-07-18T02:44:50.188+0000][1][safepoint    ] Safepoint "RevokeBias", Time since last: 334416 ns, Reaching safepoint: 395875 ns, At safepoint: 44542 ns, Total: 440417 ns
[2023-07-18T02:44:50.196+0000][1][safepoint    ] Safepoint "RevokeBias", Time since last: 7163875 ns, Reaching safepoint: 652750 ns, At safepoint: 67958 ns, Total: 720708 ns
[2023-07-18T02:44:50.211+0000][1][safepoint    ] Safepoint "RevokeBias", Time since last: 10566875 ns, Reaching safepoint: 4091042 ns, At safepoint: 73583 ns, Total: 4164625 ns
[2023-07-18T02:44:50.236+0000][1][safepoint    ] Safepoint "RevokeBias", Time since last: 16748667 ns, Reaching safepoint: 7664333 ns, At safepoint: 89917 ns, Total: 7754250 ns
[2023-07-18T02:44:50.237+0000][1][safepoint    ] Safepoint "RevokeBias", Time since last: 740000 ns, Reaching safepoint: 485167 ns, At safepoint: 231583 ns, Total: 716750 ns
[2023-07-18T02:44:50.262+0000][1][safepoint    ] Safepoint "RevokeBias", Time since last: 24711083 ns, Reaching safepoint: 544542 ns, At safepoint: 108750 ns, Total: 653292 ns
[2023-07-18T02:44:50.273+0000][1][safepoint    ] Safepoint "RevokeBias", Time since last: 10324292 ns, Reaching safepoint: 625250 ns, At safepoint: 81208 ns, Total: 706458 ns
[2023-07-18T02:44:50.300+0000][1][safepoint    ] Safepoint "RevokeBias", Time since last: 25396042 ns, Reaching safepoint: 729250 ns, At safepoint: 77958 ns, Total: 807208 ns
[2023-07-18T02:44:50.305+0000][1][safepoint    ] Safepoint "RevokeBias", Time since last: 4705167 ns, Reaching safepoint: 510750 ns, At safepoint: 88458 ns, Total: 599208 ns
[2023-07-18T02:44:51.306+0000][1][safepoint    ] Safepoint "Cleanup", Time since last: 1000429917 ns, Reaching safepoint: 893833 ns, At safepoint: 20000 ns, Total: 913833 ns
[2023-07-18T02:44:52.208+0000][1][safepoint    ] Safepoint "RevokeBias", Time since last: 901021001 ns, Reaching safepoint: 752000 ns, At safepoint: 97667 ns, Total: 849667 ns
[2023-07-18T02:44:53.209+0000][1][safepoint    ] Safepoint "Cleanup", Time since last: 1000483958 ns, Reaching safepoint: 857042 ns, At safepoint: 19833 ns, Total: 876875 ns
[2023-07-18T02:44:54.211+0000][1][safepoint    ] Safepoint "Cleanup", Time since last: 1000472334 ns, Reaching safepoint: 733917 ns, At safepoint: 14417 ns, Total: 748334 ns
[2023-07-18T02:44:54.622+0000][1][safepoint    ] Safepoint "RevokeBias", Time since last: 409231666 ns, Reaching safepoint: 2468750 ns, At safepoint: 116542 ns, Total: 2585292 ns
[2023-07-18T02:44:54.681+0000][1][safepoint    ] Safepoint "RevokeBias", Time since last: 54697792 ns, Reaching safepoint: 3698791 ns, At safepoint: 192334 ns, Total: 3891125 ns
[2023-07-18T02:44:54.687+0000][1][safepoint    ] Safepoint "RevokeBias", Time since last: 1225625 ns, Reaching safepoint: 1647666 ns, At safepoint: 3176792 ns, Total: 4824458 ns
[2023-07-18T02:44:54.692+0000][1][safepoint    ] Safepoint "RevokeBias", Time since last: 378458 ns, Reaching safepoint: 3808084 ns, At safepoint: 495083 ns, Total: 4303167 ns
[2023-07-18T02:44:54.706+0000][1][safepoint    ] Safepoint "RevokeBias", Time since last: 9471583 ns, Reaching safepoint: 5036209 ns, At safepoint: 41958 ns, Total: 5078167 ns
[2023-07-18T02:44:54.721+0000][1][safepoint    ] Safepoint "RevokeBias", Time since last: 7561500 ns, Reaching safepoint: 6634292 ns, At safepoint: 139916 ns, Total: 6774208 ns
[2023-07-18T02:44:54.728+0000][1][safepoint    ] Safepoint "BulkRevokeBias", Time since last: 2064459 ns, Reaching safepoint: 2205000 ns, At safepoint: 3167916 ns, Total: 5372916 ns
[2023-07-18T02:44:54.787+0000][1][safepoint    ] Safepoint "RevokeBias", Time since last: 51611875 ns, Reaching safepoint: 7329459 ns, At safepoint: 101750 ns, Total: 7431209 ns
[2023-07-18T02:44:54.864+0000][1][safepoint    ] Safepoint "RevokeBias", Time since last: 74023667 ns, Reaching safepoint: 3004708 ns, At safepoint: 239292 ns, Total: 3244000 ns
[2023-07-18T02:44:54.898+0000][1][safepoint    ] Safepoint "RevokeBias", Time since last: 29766333 ns, Reaching safepoint: 3524625 ns, At safepoint: 118500 ns, Total: 3643125 ns
[2023-07-18T02:44:54.913+0000][1][safepoint    ] Safepoint "RevokeBias", Time since last: 6608542 ns, Reaching safepoint: 7959541 ns, At safepoint: 190834 ns, Total: 8150375 ns
[2023-07-18T02:44:55.095+0000][1][safepoint    ] Safepoint "RevokeBias", Time since last: 180596666 ns, Reaching safepoint: 1516000 ns, At safepoint: 205667 ns, Total: 1721667 ns
[2023-07-18T02:44:55.233+0000][1][safepoint    ] Safepoint "RevokeBias", Time since last: 136963000 ns, Reaching safepoint: 1034375 ns, At safepoint: 179417 ns, Total: 1213792 ns
[2023-07-18T02:44:55.239+0000][1][safepoint    ] Safepoint "RevokeBias", Time since last: 1871916 ns, Reaching safepoint: 4046167 ns, At safepoint: 124500 ns, Total: 4170667 ns
[2023-07-18T02:44:55.261+0000][1][safepoint    ] Safepoint "RevokeBias", Time since last: 21108958 ns, Reaching safepoint: 1102959 ns, At safepoint: 81458 ns, Total: 1184417 ns
[2023-07-18T02:44:55.263+0000][1][safepoint    ] Safepoint "RevokeBias", Time since last: 427792 ns, Reaching safepoint: 898208 ns, At safepoint: 76917 ns, Total: 975125 ns
[2023-07-18T02:44:55.299+0000][1][safepoint    ] Safepoint "RevokeBias", Time since last: 34802750 ns, Reaching safepoint: 1212041 ns, At safepoint: 89125 ns, Total: 1301166 ns
[2023-07-18T02:44:55.453+0000][1][safepoint    ] Safepoint "RevokeBias", Time since last: 152339917 ns, Reaching safepoint: 1378000 ns, At safepoint: 36125 ns, Total: 1414125 ns
[2023-07-18T02:44:55.460+0000][1][safepoint    ] Safepoint "RevokeBias", Time since last: 6782583 ns, Reaching safepoint: 835500 ns, At safepoint: 29792 ns, Total: 865292 ns
[2023-07-18T02:44:55.494+0000][1][safepoint    ] Safepoint "RevokeBias", Time since last: 31615708 ns, Reaching safepoint: 1508209 ns, At safepoint: 125625 ns, Total: 1633834 ns
[2023-07-18T02:44:55.519+0000][1][safepoint    ] Safepoint "RevokeBias", Time since last: 22837541 ns, Reaching safepoint: 2879709 ns, At safepoint: 119541 ns, Total: 2999250 ns
[2023-07-18T02:44:55.530+0000][1][safepoint    ] Safepoint "RevokeBias", Time since last: 9585834 ns, Reaching safepoint: 695667 ns, At safepoint: 116666 ns, Total: 812333 ns
[2023-07-18T02:44:55.566+0000][1][safepoint    ] Safepoint "RevokeBias", Time since last: 35665125 ns, Reaching safepoint: 952167 ns, At safepoint: 29250 ns, Total: 981417 ns
[2023-07-18T02:44:55.568+0000][1][safepoint    ] Safepoint "RevokeBias", Time since last: 1562542 ns, Reaching safepoint: 298666 ns, At safepoint: 18792 ns, Total: 317458 ns
[2023-07-18T02:44:55.569+0000][1][safepoint    ] Safepoint "RevokeBias", Time since last: 409875 ns, Reaching safepoint: 255583 ns, At safepoint: 18209 ns, Total: 273792 ns
[2023-07-18T02:44:56.002+0000][1][safepoint    ] Safepoint "RevokeBias", Time since last: 431620208 ns, Reaching safepoint: 949500 ns, At safepoint: 70917 ns, Total: 1020417 ns
[2023-07-18T02:44:56.002+0000][1][safepoint    ] Safepoint "RevokeBias", Time since last: 353791 ns, Reaching safepoint: 335375 ns, At safepoint: 47292 ns, Total: 382667 ns
[2023-07-18T02:44:56.056+0000][1][safepoint    ] Safepoint "RevokeBias", Time since last: 53111167 ns, Reaching safepoint: 626458 ns, At safepoint: 77083 ns, Total: 703541 ns
[2023-07-18T02:44:57.062+0000][1][safepoint    ] Safepoint "Cleanup", Time since last: 1002017709 ns, Reaching safepoint: 3887042 ns, At safepoint: 113250 ns, Total: 4000292 ns
[2023-07-18T02:44:57.315+0000][1][safepoint    ] Safepoint "RevokeBias", Time since last: 252283458 ns, Reaching safepoint: 730167 ns, At safepoint: 77500 ns, Total: 807667 ns
[2023-07-18T02:44:59.116+0000][1][safepoint    ] Safepoint "RevokeBias", Time since last: 1799646709 ns, Reaching safepoint: 748209 ns, At safepoint: 102041 ns, Total: 850250 ns
[2023-07-18T02:44:59.857+0000][1][safepoint    ] Safepoint "RevokeBias", Time since last: 739522626 ns, Reaching safepoint: 1152541 ns, At safepoint: 111000 ns, Total: 1263541 ns
[2023-07-18T02:45:00.116+0000][1][safepoint    ] Safepoint "RevokeBias", Time since last: 257994542 ns, Reaching safepoint: 892125 ns, At safepoint: 92667 ns, Total: 984792 ns
[2023-07-18T02:45:00.132+0000][1][safepoint    ] Safepoint "BulkRevokeBias", Time since last: 13472291 ns, Reaching safepoint: 941417 ns, At safepoint: 1843250 ns, Total: 2784667 ns
[2023-07-18T02:45:00.135+0000][1][safepoint    ] Safepoint "RevokeBias", Time since last: 2167000 ns, Reaching safepoint: 608125 ns, At safepoint: 66167 ns, Total: 674292 ns
[2023-07-18T02:45:00.139+0000][1][safepoint    ] Safepoint "RevokeBias", Time since last: 3126708 ns, Reaching safepoint: 692375 ns, At safepoint: 80250 ns, Total: 772625 ns
[2023-07-18T02:45:00.144+0000][1][safepoint    ] Safepoint "RevokeBias", Time since last: 4388542 ns, Reaching safepoint: 643958 ns, At safepoint: 84125 ns, Total: 728083 ns
[2023-07-18T02:45:00.145+0000][1][safepoint    ] Safepoint "RevokeBias", Time since last: 765750 ns, Reaching safepoint: 668583 ns, At safepoint: 72834 ns, Total: 741417 ns
[2023-07-18T02:45:00.297+0000][1][safepoint    ] Safepoint "RevokeBias", Time since last: 150965333 ns, Reaching safepoint: 731375 ns, At safepoint: 67000 ns, Total: 798375 ns
[2023-07-18T02:45:00.322+0000][1][safepoint    ] Safepoint "RevokeBias", Time since last: 24173500 ns, Reaching safepoint: 807083 ns, At safepoint: 95750 ns, Total: 902833 ns
[2023-07-18T02:45:00.349+0000][1][safepoint    ] Safepoint "RevokeBias", Time since last: 26427625 ns, Reaching safepoint: 865500 ns, At safepoint: 74834 ns, Total: 940334 ns
[2023-07-18T02:45:00.358+0000][1][safepoint    ] Safepoint "RevokeBias", Time since last: 7809583 ns, Reaching safepoint: 674000 ns, At safepoint: 95542 ns, Total: 769542 ns
[2023-07-18T02:45:00.374+0000][1][safepoint    ] Safepoint "RevokeBias", Time since last: 15293375 ns, Reaching safepoint: 566833 ns, At safepoint: 69875 ns, Total: 636708 ns
[2023-07-18T02:45:00.395+0000][1][safepoint    ] Safepoint "RevokeBias", Time since last: 19718167 ns, Reaching safepoint: 998291 ns, At safepoint: 76459 ns, Total: 1074750 ns
[2023-07-18T02:45:00.399+0000][1][safepoint    ] Safepoint "RevokeBias", Time since last: 3864958 ns, Reaching safepoint: 626833 ns, At safepoint: 86167 ns, Total: 713000 ns
[2023-07-18T02:45:00.413+0000][1][safepoint    ] Safepoint "RevokeBias", Time since last: 12904375 ns, Reaching safepoint: 610500 ns, At safepoint: 72375 ns, Total: 682875 ns
[2023-07-18T02:45:00.426+0000][1][safepoint    ] Safepoint "RevokeBias", Time since last: 12213584 ns, Reaching safepoint: 589625 ns, At safepoint: 73375 ns, Total: 663000 ns
[2023-07-18T02:45:00.445+0000][1][safepoint    ] Safepoint "RevokeBias", Time since last: 18819500 ns, Reaching safepoint: 598375 ns, At safepoint: 71708 ns, Total: 670083 ns
[2023-07-18T02:45:00.466+0000][1][safepoint    ] Safepoint "BulkRevokeBias", Time since last: 18774708 ns, Reaching safepoint: 782542 ns, At safepoint: 1397792 ns, Total: 2180334 ns
[2023-07-18T02:45:00.481+0000][1][safepoint    ] Safepoint "RevokeBias", Time since last: 14066083 ns, Reaching safepoint: 619250 ns, At safepoint: 80042 ns, Total: 699292 ns
[2023-07-18T02:45:00.564+0000][1][gc,start     ] GC(17) Pause Young (Allocation Failure)
[2023-07-18T02:45:00.566+0000][1][gc,task      ] GC(17) Using 4 workers of 4 for evacuation
[2023-07-18T02:45:00.684+0000][1][gc,age       ] GC(17) Desired survivor size 8945664 bytes, new threshold 6 (max threshold 6)
[2023-07-18T02:45:00.685+0000][1][gc,age       ] GC(17) Age table with threshold 6 (max threshold 6)
[2023-07-18T02:45:00.685+0000][1][gc,age       ] GC(17) - age   1:    3734880 bytes,    3734880 total
[2023-07-18T02:45:00.685+0000][1][gc,age       ] GC(17) - age   2:    4123392 bytes,    7858272 total
[2023-07-18T02:45:00.687+0000][1][gc,heap      ] GC(17) ParNew: 155747K->10444K(157248K)
[2023-07-18T02:45:00.687+0000][1][gc,heap      ] GC(17) CMS: 55619K->60249K(349568K)
[2023-07-18T02:45:00.687+0000][1][gc,metaspace ] GC(17) Metaspace: 85156K->85156K(1126400K)
[2023-07-18T02:45:00.688+0000][1][gc           ] GC(17) Pause Young (Allocation Failure) 206M->69M(494M) 124.064ms
[2023-07-18T02:45:00.688+0000][1][gc,cpu       ] GC(17) User=0.34s Sys=0.01s Real=0.12s
[2023-07-18T02:45:00.689+0000][1][safepoint    ] Safepoint "GenCollectForAllocation", Time since last: 81613250 ns, Reaching safepoint: 963625 ns, At safepoint: 125183958 ns, Total: 126147583 ns
[2023-07-18T02:45:00.937+0000][1][safepoint    ] Safepoint "RevokeBias", Time since last: 246908083 ns, Reaching safepoint: 1019167 ns, At safepoint: 84208 ns, Total: 1103375 ns
[2023-07-18T02:45:01.087+0000][1][safepoint    ] Safepoint "RevokeBias", Time since last: 148958917 ns, Reaching safepoint: 725167 ns, At safepoint: 72458 ns, Total: 797625 ns
[2023-07-18T02:45:02.089+0000][1][safepoint    ] Safepoint "Cleanup", Time since last: 1000730584 ns, Reaching safepoint: 2070208 ns, At safepoint: 44792 ns, Total: 2115000 ns
[2023-07-18T02:45:03.091+0000][1][safepoint    ] Safepoint "Cleanup", Time since last: 1000756542 ns, Reaching safepoint: 940500 ns, At safepoint: 19958 ns, Total: 960458 ns
[2023-07-18T02:45:04.095+0000][1][safepoint    ] Safepoint "Cleanup", Time since last: 1000822584 ns, Reaching safepoint: 3320250 ns, At safepoint: 88125 ns, Total: 3408375 ns
[2023-07-18T02:45:05.100+0000][1][safepoint    ] Safepoint "Cleanup", Time since last: 1002180667 ns, Reaching safepoint: 2288834 ns, At safepoint: 67458 ns, Total: 2356292 ns
[2023-07-18T02:45:07.102+0000][1][safepoint    ] Safepoint "Cleanup", Time since last: 2001027293 ns, Reaching safepoint: 1317500 ns, At safepoint: 20583 ns, Total: 1338083 ns
[2023-07-18T02:45:08.104+0000][1][safepoint    ] Safepoint "Cleanup", Time since last: 1000524042 ns, Reaching safepoint: 1053792 ns, At safepoint: 45125 ns, Total: 1098917 ns
[2023-07-18T02:45:09.105+0000][1][safepoint    ] Safepoint "Cleanup", Time since last: 1000396250 ns, Reaching safepoint: 980792 ns, At safepoint: 21125 ns, Total: 1001917 ns
[2023-07-18T02:45:10.107+0000][1][safepoint    ] Safepoint "Cleanup", Time since last: 1000421084 ns, Reaching safepoint: 958500 ns, At safepoint: 22666 ns, Total: 981166 ns
[2023-07-18T02:45:11.109+0000][1][safepoint    ] Safepoint "Cleanup", Time since last: 1000532292 ns, Reaching safepoint: 1460584 ns, At safepoint: 44625 ns, Total: 1505209 ns
[2023-07-18T02:45:12.111+0000][1][safepoint    ] Safepoint "Cleanup", Time since last: 1000524292 ns, Reaching safepoint: 988500 ns, At safepoint: 19125 ns, Total: 1007625 ns
[2023-07-18T02:45:13.112+0000][1][safepoint    ] Safepoint "Cleanup", Time since last: 1000438584 ns, Reaching safepoint: 870833 ns, At safepoint: 26042 ns, Total: 896875 ns
[2023-07-18T02:45:15.126+0000][1][safepoint    ] Safepoint "Cleanup", Time since last: 2009351292 ns, Reaching safepoint: 4485542 ns, At safepoint: 157708 ns, Total: 4643250 ns
[2023-07-18T02:45:16.133+0000][1][safepoint    ] Safepoint "Cleanup", Time since last: 1006627876 ns, Reaching safepoint: 860500 ns, At safepoint: 18958 ns, Total: 879458 ns
[2023-07-18T02:45:18.137+0000][1][safepoint    ] Safepoint "Cleanup", Time since last: 2001930626 ns, Reaching safepoint: 2003083 ns, At safepoint: 31542 ns, Total: 2034625 ns
[2023-07-18T02:45:19.140+0000][1][safepoint    ] Safepoint "Cleanup", Time since last: 1000709459 ns, Reaching safepoint: 1424541 ns, At safepoint: 27750 ns, Total: 1452291 ns
[2023-07-18T02:45:20.141+0000][1][safepoint    ] Safepoint "Cleanup", Time since last: 1000460293 ns, Reaching safepoint: 1154250 ns, At safepoint: 19916 ns, Total: 1174166 ns
[2023-07-18T02:45:21.146+0000][1][safepoint    ] Safepoint "Cleanup", Time since last: 1000741959 ns, Reaching safepoint: 3591917 ns, At safepoint: 46000 ns, Total: 3637917 ns
[2023-07-18T02:45:22.149+0000][1][safepoint    ] Safepoint "Cleanup", Time since last: 1001216917 ns, Reaching safepoint: 2122708 ns, At safepoint: 40000 ns, Total: 2162708 ns
[2023-07-18T02:45:23.152+0000][1][safepoint    ] Safepoint "Cleanup", Time since last: 1001351459 ns, Reaching safepoint: 2105000 ns, At safepoint: 40500 ns, Total: 2145500 ns
[2023-07-18T02:45:25.158+0000][1][safepoint    ] Safepoint "Cleanup", Time since last: 2002113001 ns, Reaching safepoint: 3681875 ns, At safepoint: 69375 ns, Total: 3751250 ns
[2023-07-18T02:45:27.161+0000][1][safepoint    ] Safepoint "Cleanup", Time since last: 2001123668 ns, Reaching safepoint: 1074208 ns, At safepoint: 19000 ns, Total: 1093208 ns
[2023-07-18T02:45:28.162+0000][1][safepoint    ] Safepoint "Cleanup", Time since last: 1000516584 ns, Reaching safepoint: 793500 ns, At safepoint: 21083 ns, Total: 814583 ns
[2023-07-18T02:45:29.163+0000][1][safepoint    ] Safepoint "Cleanup", Time since last: 1000354917 ns, Reaching safepoint: 918625 ns, At safepoint: 18667 ns, Total: 937292 ns
[2023-07-18T02:45:30.165+0000][1][safepoint    ] Safepoint "Cleanup", Time since last: 1000421542 ns, Reaching safepoint: 1709250 ns, At safepoint: 18667 ns, Total: 1727917 ns
[2023-07-18T02:45:30.252+0000][1][safepoint    ] Safepoint "RevokeBias", Time since last: 78537041 ns, Reaching safepoint: 6927459 ns, At safepoint: 1042541 ns, Total: 7970000 ns
[2023-07-18T02:45:31.254+0000][1][safepoint    ] Safepoint "Cleanup", Time since last: 1000730126 ns, Reaching safepoint: 1175333 ns, At safepoint: 20625 ns, Total: 1195958 ns
[2023-07-18T02:45:33.260+0000][1][safepoint    ] Safepoint "Cleanup", Time since last: 2005489293 ns, Reaching safepoint: 1039375 ns, At safepoint: 17208 ns, Total: 1056583 ns
[2023-07-18T02:45:34.262+0000][1][safepoint    ] Safepoint "Cleanup", Time since last: 1000549084 ns, Reaching safepoint: 797208 ns, At safepoint: 13417 ns, Total: 810625 ns
[2023-07-18T02:45:36.263+0000][1][safepoint    ] Safepoint "Cleanup", Time since last: 2000583543 ns, Reaching safepoint: 930583 ns, At safepoint: 29500 ns, Total: 960083 ns
[2023-07-18T02:45:37.264+0000][1][safepoint    ] Safepoint "Cleanup", Time since last: 1000478209 ns, Reaching safepoint: 765833 ns, At safepoint: 18708 ns, Total: 784541 ns
[2023-07-18T02:45:39.266+0000][1][safepoint    ] Safepoint "Cleanup", Time since last: 2000503751 ns, Reaching safepoint: 1292500 ns, At safepoint: 22667 ns, Total: 1315167 ns
[2023-07-18T02:45:40.276+0000][1][safepoint    ] Safepoint "Cleanup", Time since last: 1006195584 ns, Reaching safepoint: 3693750 ns, At safepoint: 24208 ns, Total: 3717958 ns
[2023-07-18T02:45:41.278+0000][1][safepoint    ] Safepoint "Cleanup", Time since last: 1000490750 ns, Reaching safepoint: 1222250 ns, At safepoint: 28542 ns, Total: 1250792 ns
[2023-07-18T02:45:42.280+0000][1][safepoint    ] Safepoint "Cleanup", Time since last: 1000896292 ns, Reaching safepoint: 906250 ns, At safepoint: 16208 ns, Total: 922458 ns
[2023-07-18T02:45:43.281+0000][1][safepoint    ] Safepoint "Cleanup", Time since last: 1000463292 ns, Reaching safepoint: 1108375 ns, At safepoint: 18542 ns, Total: 1126917 ns
[2023-07-18T02:45:44.284+0000][1][safepoint    ] Safepoint "Cleanup", Time since last: 1001532250 ns, Reaching safepoint: 716709 ns, At safepoint: 19666 ns, Total: 736375 ns
[2023-07-18T02:45:46.285+0000][1][safepoint    ] Safepoint "Cleanup", Time since last: 2000568376 ns, Reaching safepoint: 852584 ns, At safepoint: 13875 ns, Total: 866459 ns
[2023-07-18T02:45:47.286+0000][1][safepoint    ] Safepoint "Cleanup", Time since last: 1000494084 ns, Reaching safepoint: 726208 ns, At safepoint: 19875 ns, Total: 746083 ns
[2023-07-18T02:45:48.287+0000][1][safepoint    ] Safepoint "Cleanup", Time since last: 1000423042 ns, Reaching safepoint: 837542 ns, At safepoint: 16458 ns, Total: 854000 ns
[2023-07-18T02:45:50.290+0000][1][safepoint    ] Safepoint "Cleanup", Time since last: 2000578543 ns, Reaching safepoint: 1426541 ns, At safepoint: 18417 ns, Total: 1444958 ns
[2023-07-18T02:45:51.297+0000][1][safepoint    ] Safepoint "Cleanup", Time since last: 1005917209 ns, Reaching safepoint: 1368916 ns, At safepoint: 21459 ns, Total: 1390375 ns
[2023-07-18T02:45:52.298+0000][1][safepoint    ] Safepoint "Cleanup", Time since last: 1000367542 ns, Reaching safepoint: 791625 ns, At safepoint: 16833 ns, Total: 808458 ns
[2023-07-18T02:45:53.299+0000][1][safepoint    ] Safepoint "Cleanup", Time since last: 1000430626 ns, Reaching safepoint: 876041 ns, At safepoint: 17209 ns, Total: 893250 ns
[2023-07-18T02:45:54.301+0000][1][safepoint    ] Safepoint "Cleanup", Time since last: 1000439084 ns, Reaching safepoint: 1027625 ns, At safepoint: 15500 ns, Total: 1043125 ns
[2023-07-18T02:45:55.302+0000][1][safepoint    ] Safepoint "Cleanup", Time since last: 1000469167 ns, Reaching safepoint: 944708 ns, At safepoint: 21167 ns, Total: 965875 ns
[2023-07-18T02:45:56.304+0000][1][safepoint    ] Safepoint "Cleanup", Time since last: 1000459209 ns, Reaching safepoint: 880833 ns, At safepoint: 37958 ns, Total: 918791 ns
[2023-07-18T02:45:57.305+0000][1][safepoint    ] Safepoint "Cleanup", Time since last: 1000398542 ns, Reaching safepoint: 855084 ns, At safepoint: 23666 ns, Total: 878750 ns
[2023-07-18T02:45:58.306+0000][1][safepoint    ] Safepoint "Cleanup", Time since last: 1000487084 ns, Reaching safepoint: 840000 ns, At safepoint: 18083 ns, Total: 858083 ns
[2023-07-18T02:46:00.310+0000][1][safepoint    ] Safepoint "Cleanup", Time since last: 2001807585 ns, Reaching safepoint: 1683625 ns, At safepoint: 22166 ns, Total: 1705791 ns
[2023-07-18T02:46:01.312+0000][1][safepoint    ] Safepoint "Cleanup", Time since last: 1000563959 ns, Reaching safepoint: 1504125 ns, At safepoint: 26542 ns, Total: 1530667 ns
[2023-07-18T02:46:02.313+0000][1][safepoint    ] Safepoint "Cleanup", Time since last: 1000531750 ns, Reaching safepoint: 903375 ns, At safepoint: 19042 ns, Total: 922417 ns
[2023-07-18T02:46:03.319+0000][1][safepoint    ] Safepoint "Cleanup", Time since last: 1003105084 ns, Reaching safepoint: 2063333 ns, At safepoint: 38834 ns, Total: 2102167 ns
[2023-07-18T02:46:04.323+0000][1][safepoint    ] Safepoint "Cleanup", Time since last: 1002522208 ns, Reaching safepoint: 1663625 ns, At safepoint: 37750 ns, Total: 1701375 ns
[2023-07-18T02:46:05.328+0000][1][safepoint    ] Safepoint "Cleanup", Time since last: 1001543543 ns, Reaching safepoint: 3540625 ns, At safepoint: 102125 ns, Total: 3642750 ns
[2023-07-18T02:46:06.332+0000][1][safepoint    ] Safepoint "Cleanup", Time since last: 1002396833 ns, Reaching safepoint: 1643542 ns, At safepoint: 36250 ns, Total: 1679792 ns
[2023-07-18T02:46:07.336+0000][1][safepoint    ] Safepoint "Cleanup", Time since last: 1001122584 ns, Reaching safepoint: 2582833 ns, At safepoint: 67792 ns, Total: 2650625 ns
[2023-07-18T02:46:08.340+0000][1][safepoint    ] Safepoint "Cleanup", Time since last: 1000831792 ns, Reaching safepoint: 3369333 ns, At safepoint: 61584 ns, Total: 3430917 ns
[2023-07-18T02:46:09.343+0000][1][safepoint    ] Safepoint "Cleanup", Time since last: 1001140125 ns, Reaching safepoint: 1348083 ns, At safepoint: 27750 ns, Total: 1375833 ns
[2023-07-18T02:46:10.344+0000][1][safepoint    ] Safepoint "Cleanup", Time since last: 1000579168 ns, Reaching safepoint: 1153500 ns, At safepoint: 13875 ns, Total: 1167375 ns
[2023-07-18T02:46:11.347+0000][1][safepoint    ] Safepoint "Cleanup", Time since last: 1000939625 ns, Reaching safepoint: 1872708 ns, At safepoint: 43708 ns, Total: 1916416 ns
[2023-07-18T02:46:12.351+0000][1][safepoint    ] Safepoint "Cleanup", Time since last: 1001522126 ns, Reaching safepoint: 2157167 ns, At safepoint: 40666 ns, Total: 2197833 ns
[2023-07-18T02:46:13.354+0000][1][safepoint    ] Safepoint "Cleanup", Time since last: 1001087626 ns, Reaching safepoint: 1648500 ns, At safepoint: 34750 ns, Total: 1683250 ns
[2023-07-18T02:46:14.358+0000][1][safepoint    ] Safepoint "Cleanup", Time since last: 1002179792 ns, Reaching safepoint: 1654292 ns, At safepoint: 48291 ns, Total: 1702583 ns
[2023-07-18T02:46:15.363+0000][1][safepoint    ] Safepoint "Cleanup", Time since last: 1003324542 ns, Reaching safepoint: 2366209 ns, At safepoint: 41083 ns, Total: 2407292 ns
[2023-07-18T02:46:16.369+0000][1][safepoint    ] Safepoint "Cleanup", Time since last: 1004216709 ns, Reaching safepoint: 997333 ns, At safepoint: 19917 ns, Total: 1017250 ns
[2023-07-18T02:46:17.371+0000][1][safepoint    ] Safepoint "Cleanup", Time since last: 1000515292 ns, Reaching safepoint: 1397583 ns, At safepoint: 28875 ns, Total: 1426458 ns
[2023-07-18T02:46:18.374+0000][1][safepoint    ] Safepoint "Cleanup", Time since last: 1001899876 ns, Reaching safepoint: 1168666 ns, At safepoint: 24209 ns, Total: 1192875 ns
[2023-07-18T02:46:19.376+0000][1][safepoint    ] Safepoint "Cleanup", Time since last: 1001632292 ns, Reaching safepoint: 1144667 ns, At safepoint: 29625 ns, Total: 1174292 ns
[2023-07-18T02:46:20.218+0000][1][safepoint    ] Safepoint "RevokeBias", Time since last: 839837250 ns, Reaching safepoint: 1335833 ns, At safepoint: 481875 ns, Total: 1817708 ns
[2023-07-18T02:46:21.221+0000][1][safepoint    ] Safepoint "Cleanup", Time since last: 1001025667 ns, Reaching safepoint: 1697834 ns, At safepoint: 22041 ns, Total: 1719875 ns
[2023-07-18T02:46:22.228+0000][1][safepoint    ] Safepoint "Cleanup", Time since last: 1001189418 ns, Reaching safepoint: 6081666 ns, At safepoint: 169459 ns, Total: 6251125 ns
[2023-07-18T02:46:23.230+0000][1][safepoint    ] Safepoint "Cleanup", Time since last: 1001039458 ns, Reaching safepoint: 1046209 ns, At safepoint: 25750 ns, Total: 1071959 ns
[2023-07-18T02:46:24.233+0000][1][safepoint    ] Safepoint "Cleanup", Time since last: 1001317959 ns, Reaching safepoint: 1144416 ns, At safepoint: 21834 ns, Total: 1166250 ns
[2023-07-18T02:46:25.235+0000][1][safepoint    ] Safepoint "Cleanup", Time since last: 1001673708 ns, Reaching safepoint: 849625 ns, At safepoint: 18459 ns, Total: 868084 ns
[2023-07-18T02:46:26.242+0000][1][safepoint    ] Safepoint "Cleanup", Time since last: 1002152167 ns, Reaching safepoint: 4442542 ns, At safepoint: 106416 ns, Total: 4548958 ns
[2023-07-18T02:46:27.245+0000][1][safepoint    ] Safepoint "Cleanup", Time since last: 1001351251 ns, Reaching safepoint: 1499416 ns, At safepoint: 31375 ns, Total: 1530791 ns
[2023-07-18T02:46:28.247+0000][1][safepoint    ] Safepoint "Cleanup", Time since last: 1000644917 ns, Reaching safepoint: 813959 ns, At safepoint: 11791 ns, Total: 825750 ns
[2023-07-18T02:46:29.263+0000][1][safepoint    ] Safepoint "Cleanup", Time since last: 1013490168 ns, Reaching safepoint: 2766791 ns, At safepoint: 39542 ns, Total: 2806333 ns
[2023-07-18T02:46:30.253+0000][1][safepoint    ] Safepoint "RevokeBias", Time since last: 988022834 ns, Reaching safepoint: 1447666 ns, At safepoint: 306042 ns, Total: 1753708 ns
[2023-07-18T02:46:31.256+0000][1][safepoint    ] Safepoint "Cleanup", Time since last: 1000580709 ns, Reaching safepoint: 2893917 ns, At safepoint: 41458 ns, Total: 2935375 ns
[2023-07-18T02:46:32.259+0000][1][safepoint    ] Safepoint "Cleanup", Time since last: 1000791834 ns, Reaching safepoint: 1818291 ns, At safepoint: 41709 ns, Total: 1860000 ns
[2023-07-18T02:46:33.263+0000][1][safepoint    ] Safepoint "Cleanup", Time since last: 1002812084 ns, Reaching safepoint: 1036791 ns, At safepoint: 18959 ns, Total: 1055750 ns
[2023-07-18T02:46:34.266+0000][1][safepoint    ] Safepoint "Cleanup", Time since last: 1000865042 ns, Reaching safepoint: 2057750 ns, At safepoint: 32958 ns, Total: 2090708 ns
[2023-07-18T02:46:35.268+0000][1][safepoint    ] Safepoint "Cleanup", Time since last: 1000967334 ns, Reaching safepoint: 1612625 ns, At safepoint: 32750 ns, Total: 1645375 ns
[2023-07-18T02:46:36.273+0000][1][safepoint    ] Safepoint "Cleanup", Time since last: 1003682167 ns, Reaching safepoint: 1029667 ns, At safepoint: 19833 ns, Total: 1049500 ns
[2023-07-18T02:46:37.276+0000][1][safepoint    ] Safepoint "Cleanup", Time since last: 1001290167 ns, Reaching safepoint: 1349083 ns, At safepoint: 30834 ns, Total: 1379917 ns
[2023-07-18T02:46:38.279+0000][1][safepoint    ] Safepoint "Cleanup", Time since last: 1001655292 ns, Reaching safepoint: 1819083 ns, At safepoint: 42250 ns, Total: 1861333 ns
[2023-07-18T02:46:39.281+0000][1][safepoint    ] Safepoint "Cleanup", Time since last: 1000791251 ns, Reaching safepoint: 1468583 ns, At safepoint: 31167 ns, Total: 1499750 ns
[2023-07-18T02:46:40.240+0000][1][safepoint    ] Safepoint "RevokeBias", Time since last: 956302959 ns, Reaching safepoint: 1654583 ns, At safepoint: 333875 ns, Total: 1988458 ns
[2023-07-18T02:46:41.244+0000][1][safepoint    ] Safepoint "Cleanup", Time since last: 1000802166 ns, Reaching safepoint: 3469167 ns, At safepoint: 60042 ns, Total: 3529209 ns
[2023-07-18T02:46:42.249+0000][1][safepoint    ] Safepoint "Cleanup", Time since last: 1001150292 ns, Reaching safepoint: 4003417 ns, At safepoint: 95750 ns, Total: 4099167 ns
[2023-07-18T02:46:43.253+0000][1][safepoint    ] Safepoint "Cleanup", Time since last: 1002258625 ns, Reaching safepoint: 894250 ns, At safepoint: 20333 ns, Total: 914583 ns
[2023-07-18T02:46:44.258+0000][1][safepoint    ] Safepoint "Cleanup", Time since last: 1000443417 ns, Reaching safepoint: 4515667 ns, At safepoint: 192042 ns, Total: 4707709 ns
[2023-07-18T02:46:45.260+0000][1][safepoint    ] Safepoint "Cleanup", Time since last: 1000878667 ns, Reaching safepoint: 1710917 ns, At safepoint: 42208 ns, Total: 1753125 ns
[2023-07-18T02:46:46.263+0000][1][safepoint    ] Safepoint "Cleanup", Time since last: 1001100750 ns, Reaching safepoint: 1990417 ns, At safepoint: 34250 ns, Total: 2024667 ns
[2023-07-18T02:46:47.266+0000][1][safepoint    ] Safepoint "Cleanup", Time since last: 1000672834 ns, Reaching safepoint: 2032583 ns, At safepoint: 34209 ns, Total: 2066792 ns
[2023-07-18T02:46:48.269+0000][1][safepoint    ] Safepoint "Cleanup", Time since last: 1000694875 ns, Reaching safepoint: 2310000 ns, At safepoint: 55208 ns, Total: 2365208 ns
[2023-07-18T02:46:49.273+0000][1][safepoint    ] Safepoint "Cleanup", Time since last: 1001196959 ns, Reaching safepoint: 2158584 ns, At safepoint: 45583 ns, Total: 2204167 ns
[2023-07-18T02:46:50.276+0000][1][safepoint    ] Safepoint "Cleanup", Time since last: 1001309917 ns, Reaching safepoint: 1831083 ns, At safepoint: 36167 ns, Total: 1867250 ns
[2023-07-18T02:46:51.278+0000][1][safepoint    ] Safepoint "Cleanup", Time since last: 1001001375 ns, Reaching safepoint: 1452375 ns, At safepoint: 30667 ns, Total: 1483042 ns
[2023-07-18T02:46:52.281+0000][1][safepoint    ] Safepoint "Cleanup", Time since last: 1000692334 ns, Reaching safepoint: 2294500 ns, At safepoint: 41875 ns, Total: 2336375 ns
[2023-07-18T02:46:53.283+0000][1][safepoint    ] Safepoint "Cleanup", Time since last: 1000794084 ns, Reaching safepoint: 1198500 ns, At safepoint: 31916 ns, Total: 1230416 ns
[2023-07-18T02:46:54.287+0000][1][safepoint    ] Safepoint "Cleanup", Time since last: 1001062793 ns, Reaching safepoint: 2599625 ns, At safepoint: 53625 ns, Total: 2653250 ns
[2023-07-18T02:46:55.291+0000][1][safepoint    ] Safepoint "Cleanup", Time since last: 1001421792 ns, Reaching safepoint: 2174833 ns, At safepoint: 85417 ns, Total: 2260250 ns
[2023-07-18T02:46:56.295+0000][1][safepoint    ] Safepoint "Cleanup", Time since last: 1001337375 ns, Reaching safepoint: 3204084 ns, At safepoint: 64375 ns, Total: 3268459 ns
[2023-07-18T02:46:57.298+0000][1][safepoint    ] Safepoint "Cleanup", Time since last: 1000936417 ns, Reaching safepoint: 1324833 ns, At safepoint: 27333 ns, Total: 1352166 ns
[2023-07-18T02:46:58.299+0000][1][safepoint    ] Safepoint "Cleanup", Time since last: 1000599126 ns, Reaching safepoint: 1067416 ns, At safepoint: 20875 ns, Total: 1088291 ns
[2023-07-18T02:46:59.301+0000][1][safepoint    ] Safepoint "Cleanup", Time since last: 1000418418 ns, Reaching safepoint: 1001208 ns, At safepoint: 18375 ns, Total: 1019583 ns
[2023-07-18T02:47:00.109+0000][1][gc,start     ] GC(18) Pause Young (Allocation Failure)
[2023-07-18T02:47:00.114+0000][1][gc,task      ] GC(18) Using 4 workers of 4 for evacuation
[2023-07-18T02:47:00.210+0000][1][gc,age       ] GC(18) Desired survivor size 8945664 bytes, new threshold 6 (max threshold 6)
[2023-07-18T02:47:00.210+0000][1][gc,age       ] GC(18) Age table with threshold 6 (max threshold 6)
[2023-07-18T02:47:00.211+0000][1][gc,age       ] GC(18) - age   1:     474912 bytes,     474912 total
[2023-07-18T02:47:00.211+0000][1][gc,age       ] GC(18) - age   2:    3440736 bytes,    3915648 total
[2023-07-18T02:47:00.211+0000][1][gc,age       ] GC(18) - age   3:    4123288 bytes,    8038936 total
[2023-07-18T02:47:00.213+0000][1][gc,heap      ] GC(18) ParNew: 150220K->12683K(157248K)
[2023-07-18T02:47:00.213+0000][1][gc,heap      ] GC(18) CMS: 60249K->60249K(349568K)
[2023-07-18T02:47:00.213+0000][1][gc,metaspace ] GC(18) Metaspace: 86517K->86517K(1128448K)
[2023-07-18T02:47:00.214+0000][1][gc           ] GC(18) Pause Young (Allocation Failure) 205M->71M(494M) 105.199ms
[2023-07-18T02:47:00.215+0000][1][gc,cpu       ] GC(18) User=0.28s Sys=0.02s Real=0.11s
[2023-07-18T02:47:00.215+0000][1][safepoint    ] Safepoint "GenCollectForAllocation", Time since last: 805622167 ns, Reaching safepoint: 2195625 ns, At safepoint: 106778083 ns, Total: 108973708 ns
[2023-07-18T02:47:00.262+0000][1][safepoint    ] Safepoint "RevokeBias", Time since last: 44760167 ns, Reaching safepoint: 1411375 ns, At safepoint: 101125 ns, Total: 1512500 ns
[2023-07-18T02:47:00.264+0000][1][safepoint    ] Safepoint "RevokeBias", Time since last: 1354542 ns, Reaching safepoint: 608000 ns, At safepoint: 62958 ns, Total: 670958 ns
[2023-07-18T02:47:00.265+0000][1][safepoint    ] Safepoint "RevokeBias", Time since last: 729917 ns, Reaching safepoint: 547333 ns, At safepoint: 58250 ns, Total: 605583 ns
[2023-07-18T02:47:00.396+0000][1][safepoint    ] Safepoint "RevokeBias", Time since last: 130110000 ns, Reaching safepoint: 777833 ns, At safepoint: 75500 ns, Total: 853333 ns
[2023-07-18T02:47:00.421+0000][1][safepoint    ] Safepoint "RevokeBias", Time since last: 23475500 ns, Reaching safepoint: 1189459 ns, At safepoint: 302833 ns, Total: 1492292 ns
[2023-07-18T02:47:01.427+0000][1][safepoint    ] Safepoint "Cleanup", Time since last: 1001673376 ns, Reaching safepoint: 4116833 ns, At safepoint: 71333 ns, Total: 4188166 ns
[2023-07-18T02:47:02.429+0000][1][safepoint    ] Safepoint "Cleanup", Time since last: 1001380959 ns, Reaching safepoint: 778458 ns, At safepoint: 16917 ns, Total: 795375 ns
[2023-07-18T02:47:03.430+0000][1][safepoint    ] Safepoint "Cleanup", Time since last: 1000465209 ns, Reaching safepoint: 721042 ns, At safepoint: 18625 ns, Total: 739667 ns
[2023-07-18T02:47:04.432+0000][1][safepoint    ] Safepoint "Cleanup", Time since last: 1000552708 ns, Reaching safepoint: 839042 ns, At safepoint: 16667 ns, Total: 855709 ns
[2023-07-18T02:47:05.433+0000][1][safepoint    ] Safepoint "Cleanup", Time since last: 1000350584 ns, Reaching safepoint: 812041 ns, At safepoint: 36709 ns, Total: 848750 ns
[2023-07-18T02:47:06.434+0000][1][safepoint    ] Safepoint "Cleanup", Time since last: 1000414333 ns, Reaching safepoint: 805875 ns, At safepoint: 34792 ns, Total: 840667 ns
[2023-07-18T02:47:07.435+0000][1][safepoint    ] Safepoint "Cleanup", Time since last: 1000468542 ns, Reaching safepoint: 811875 ns, At safepoint: 19375 ns, Total: 831250 ns
[2023-07-18T02:47:08.437+0000][1][safepoint    ] Safepoint "Cleanup", Time since last: 1000414167 ns, Reaching safepoint: 867625 ns, At safepoint: 36375 ns, Total: 904000 ns
[2023-07-18T02:47:09.438+0000][1][safepoint    ] Safepoint "Cleanup", Time since last: 1000503126 ns, Reaching safepoint: 936041 ns, At safepoint: 22875 ns, Total: 958916 ns
[2023-07-18T02:47:10.443+0000][1][safepoint    ] Safepoint "Cleanup", Time since last: 1003072668 ns, Reaching safepoint: 1806791 ns, At safepoint: 30750 ns, Total: 1837541 ns
[2023-07-18T02:47:11.457+0000][1][safepoint    ] Safepoint "Cleanup", Time since last: 1010706583 ns, Reaching safepoint: 2263584 ns, At safepoint: 147708 ns, Total: 2411292 ns
[2023-07-18T02:47:12.462+0000][1][safepoint    ] Safepoint "Cleanup", Time since last: 1003139084 ns, Reaching safepoint: 1970542 ns, At safepoint: 38500 ns, Total: 2009042 ns
[2023-07-18T02:47:13.464+0000][1][safepoint    ] Safepoint "Cleanup", Time since last: 1000834750 ns, Reaching safepoint: 1340792 ns, At safepoint: 30208 ns, Total: 1371000 ns
[2023-07-18T02:47:14.469+0000][1][safepoint    ] Safepoint "Cleanup", Time since last: 1001218792 ns, Reaching safepoint: 3650584 ns, At safepoint: 95458 ns, Total: 3746042 ns
[2023-07-18T02:47:15.475+0000][1][safepoint    ] Safepoint "Cleanup", Time since last: 1001770709 ns, Reaching safepoint: 4380833 ns, At safepoint: 111833 ns, Total: 4492666 ns
[2023-07-18T02:47:16.477+0000][1][safepoint    ] Safepoint "Cleanup", Time since last: 1001243501 ns, Reaching safepoint: 1013542 ns, At safepoint: 17250 ns, Total: 1030792 ns
[2023-07-18T02:47:17.482+0000][1][safepoint    ] Safepoint "Cleanup", Time since last: 1001113625 ns, Reaching safepoint: 3780542 ns, At safepoint: 94125 ns, Total: 3874667 ns
[2023-07-18T02:47:18.488+0000][1][safepoint    ] Safepoint "Cleanup", Time since last: 1001619792 ns, Reaching safepoint: 3900791 ns, At safepoint: 184084 ns, Total: 4084875 ns
[2023-07-18T02:47:19.493+0000][1][safepoint    ] Safepoint "Cleanup", Time since last: 1001810917 ns, Reaching safepoint: 3408875 ns, At safepoint: 50625 ns, Total: 3459500 ns
[2023-07-18T02:47:20.497+0000][1][safepoint    ] Safepoint "Cleanup", Time since last: 1000683042 ns, Reaching safepoint: 2590792 ns, At safepoint: 33625 ns, Total: 2624417 ns
[2023-07-18T02:47:21.502+0000][1][safepoint    ] Safepoint "Cleanup", Time since last: 1001018375 ns, Reaching safepoint: 3885042 ns, At safepoint: 101167 ns, Total: 3986209 ns
[2023-07-18T02:47:22.510+0000][1][safepoint    ] Safepoint "Cleanup", Time since last: 1002803292 ns, Reaching safepoint: 5168291 ns, At safepoint: 76500 ns, Total: 5244791 ns
[2023-07-18T02:47:23.513+0000][1][safepoint    ] Safepoint "Cleanup", Time since last: 1002346918 ns, Reaching safepoint: 1191500 ns, At safepoint: 27625 ns, Total: 1219125 ns
[2023-07-18T02:47:24.518+0000][1][safepoint    ] Safepoint "Cleanup", Time since last: 1004197125 ns, Reaching safepoint: 852750 ns, At safepoint: 22292 ns, Total: 875042 ns
[2023-07-18T02:47:25.527+0000][1][safepoint    ] Safepoint "Cleanup", Time since last: 1002374708 ns, Reaching safepoint: 5808792 ns, At safepoint: 126125 ns, Total: 5934917 ns
[2023-07-18T02:47:26.531+0000][1][safepoint    ] Safepoint "Cleanup", Time since last: 1002785334 ns, Reaching safepoint: 1974875 ns, At safepoint: 56708 ns, Total: 2031583 ns
[2023-07-18T02:47:27.537+0000][1][safepoint    ] Safepoint "Cleanup", Time since last: 1002546209 ns, Reaching safepoint: 2296750 ns, At safepoint: 473417 ns, Total: 2770167 ns
[2023-07-18T02:47:28.543+0000][1][safepoint    ] Safepoint "Cleanup", Time since last: 1001032084 ns, Reaching safepoint: 4845125 ns, At safepoint: 79208 ns, Total: 4924333 ns
[2023-07-18T02:47:29.546+0000][1][safepoint    ] Safepoint "Cleanup", Time since last: 1000901334 ns, Reaching safepoint: 2351250 ns, At safepoint: 68125 ns, Total: 2419375 ns
[2023-07-18T02:47:30.548+0000][1][safepoint    ] Safepoint "Cleanup", Time since last: 1000749625 ns, Reaching safepoint: 1648959 ns, At safepoint: 25416 ns, Total: 1674375 ns
[2023-07-18T02:47:31.551+0000][1][safepoint    ] Safepoint "Cleanup", Time since last: 1000590917 ns, Reaching safepoint: 1879959 ns, At safepoint: 43875 ns, Total: 1923834 ns
[2023-07-18T02:47:32.557+0000][1][safepoint    ] Safepoint "Cleanup", Time since last: 1001332542 ns, Reaching safepoint: 4875083 ns, At safepoint: 153750 ns, Total: 5028833 ns
[2023-07-18T02:47:33.564+0000][1][safepoint    ] Safepoint "Cleanup", Time since last: 1005620792 ns, Reaching safepoint: 1312917 ns, At safepoint: 27583 ns, Total: 1340500 ns
[2023-07-18T02:47:34.571+0000][1][safepoint    ] Safepoint "Cleanup", Time since last: 1001153417 ns, Reaching safepoint: 5091167 ns, At safepoint: 149667 ns, Total: 5240834 ns
[2023-07-18T02:47:35.573+0000][1][safepoint    ] Safepoint "Cleanup", Time since last: 1001801167 ns, Reaching safepoint: 917167 ns, At safepoint: 25666 ns, Total: 942833 ns
[2023-07-18T02:47:36.580+0000][1][safepoint    ] Safepoint "Cleanup", Time since last: 1002904292 ns, Reaching safepoint: 3240000 ns, At safepoint: 192917 ns, Total: 3432917 ns
[2023-07-18T02:47:37.582+0000][1][safepoint    ] Safepoint "Cleanup", Time since last: 1000706084 ns, Reaching safepoint: 1168458 ns, At safepoint: 28125 ns, Total: 1196583 ns
[2023-07-18T02:47:38.589+0000][1][safepoint    ] Safepoint "Cleanup", Time since last: 1000658667 ns, Reaching safepoint: 5751792 ns, At safepoint: 571792 ns, Total: 6323584 ns
[2023-07-18T02:47:39.005+0000][1][safepoint    ] Safepoint "RevokeBias", Time since last: 412412917 ns, Reaching safepoint: 1933291 ns, At safepoint: 2477917 ns, Total: 4411208 ns
[2023-07-18T02:47:40.012+0000][1][safepoint    ] Safepoint "Cleanup", Time since last: 1001419375 ns, Reaching safepoint: 4681084 ns, At safepoint: 104958 ns, Total: 4786042 ns
[2023-07-18T02:47:41.014+0000][1][safepoint    ] Safepoint "Cleanup", Time since last: 1000920334 ns, Reaching safepoint: 1658916 ns, At safepoint: 27084 ns, Total: 1686000 ns
[2023-07-18T02:47:42.018+0000][1][safepoint    ] Safepoint "Cleanup", Time since last: 1000676292 ns, Reaching safepoint: 2386625 ns, At safepoint: 53250 ns, Total: 2439875 ns
[2023-07-18T02:47:43.020+0000][1][safepoint    ] Safepoint "Cleanup", Time since last: 1001044417 ns, Reaching safepoint: 1404125 ns, At safepoint: 23958 ns, Total: 1428083 ns
[2023-07-18T02:47:44.025+0000][1][safepoint    ] Safepoint "Cleanup", Time since last: 1001701542 ns, Reaching safepoint: 3202125 ns, At safepoint: 117334 ns, Total: 3319459 ns
[2023-07-18T02:47:45.030+0000][1][safepoint    ] Safepoint "Cleanup", Time since last: 1001000750 ns, Reaching safepoint: 3612875 ns, At safepoint: 88917 ns, Total: 3701792 ns
[2023-07-18T02:47:46.032+0000][1][safepoint    ] Safepoint "Cleanup", Time since last: 1001138792 ns, Reaching safepoint: 909083 ns, At safepoint: 17709 ns, Total: 926792 ns
[2023-07-18T02:47:47.035+0000][1][safepoint    ] Safepoint "Cleanup", Time since last: 1000813000 ns, Reaching safepoint: 1966958 ns, At safepoint: 94667 ns, Total: 2061625 ns
[2023-07-18T02:47:48.037+0000][1][safepoint    ] Safepoint "Cleanup", Time since last: 1001219709 ns, Reaching safepoint: 1320667 ns, At safepoint: 36666 ns, Total: 1357333 ns
[2023-07-18T02:47:49.040+0000][1][safepoint    ] Safepoint "Cleanup", Time since last: 1001223501 ns, Reaching safepoint: 1905375 ns, At safepoint: 35125 ns, Total: 1940500 ns
[2023-07-18T02:47:50.045+0000][1][safepoint    ] Safepoint "Cleanup", Time since last: 1001282792 ns, Reaching safepoint: 2761792 ns, At safepoint: 82916 ns, Total: 2844708 ns
[2023-07-18T02:47:50.244+0000][1][safepoint    ] Safepoint "RevokeBias", Time since last: 196764417 ns, Reaching safepoint: 1898083 ns, At safepoint: 513084 ns, Total: 2411167 ns
[2023-07-18T02:47:51.246+0000][1][safepoint    ] Safepoint "Cleanup", Time since last: 1000431625 ns, Reaching safepoint: 1289250 ns, At safepoint: 18875 ns, Total: 1308125 ns
[2023-07-18T02:47:52.247+0000][1][safepoint    ] Safepoint "Cleanup", Time since last: 1000580667 ns, Reaching safepoint: 863334 ns, At safepoint: 15708 ns, Total: 879042 ns
[2023-07-18T02:47:53.251+0000][1][safepoint    ] Safepoint "Cleanup", Time since last: 1000475417 ns, Reaching safepoint: 3056917 ns, At safepoint: 78541 ns, Total: 3135458 ns
[2023-07-18T02:47:54.254+0000][1][safepoint    ] Safepoint "Cleanup", Time since last: 1001138834 ns, Reaching safepoint: 1887959 ns, At safepoint: 74958 ns, Total: 1962917 ns
[2023-07-18T02:47:55.256+0000][1][safepoint    ] Safepoint "Cleanup", Time since last: 1001097792 ns, Reaching safepoint: 837833 ns, At safepoint: 23334 ns, Total: 861167 ns
[2023-07-18T02:47:56.258+0000][1][safepoint    ] Safepoint "Cleanup", Time since last: 1001814292 ns, Reaching safepoint: 915667 ns, At safepoint: 19541 ns, Total: 935208 ns
[2023-07-18T02:47:57.260+0000][1][safepoint    ] Safepoint "Cleanup", Time since last: 1000749167 ns, Reaching safepoint: 1226250 ns, At safepoint: 26459 ns, Total: 1252709 ns
[2023-07-18T02:47:58.262+0000][1][safepoint    ] Safepoint "Cleanup", Time since last: 1000545500 ns, Reaching safepoint: 1300583 ns, At safepoint: 32000 ns, Total: 1332583 ns
[2023-07-18T02:47:59.266+0000][1][safepoint    ] Safepoint "Cleanup", Time since last: 1000693126 ns, Reaching safepoint: 2600708 ns, At safepoint: 80667 ns, Total: 2681375 ns
[2023-07-18T02:48:00.268+0000][1][safepoint    ] Safepoint "Cleanup", Time since last: 1000846500 ns, Reaching safepoint: 1422459 ns, At safepoint: 24541 ns, Total: 1447000 ns
[2023-07-18T02:48:00.336+0000][1][safepoint    ] Safepoint "RevokeBias", Time since last: 65755584 ns, Reaching safepoint: 1821666 ns, At safepoint: 363834 ns, Total: 2185500 ns
[2023-07-18T02:48:01.338+0000][1][safepoint    ] Safepoint "Cleanup", Time since last: 1000688875 ns, Reaching safepoint: 973250 ns, At safepoint: 18042 ns, Total: 991292 ns
[2023-07-18T02:48:02.345+0000][1][safepoint    ] Safepoint "Cleanup", Time since last: 1005377250 ns, Reaching safepoint: 1743250 ns, At safepoint: 43042 ns, Total: 1786292 ns
[2023-07-18T02:48:03.348+0000][1][safepoint    ] Safepoint "Cleanup", Time since last: 1001471792 ns, Reaching safepoint: 1999334 ns, At safepoint: 61083 ns, Total: 2060417 ns
[2023-07-18T02:48:04.353+0000][1][safepoint    ] Safepoint "Cleanup", Time since last: 1002424292 ns, Reaching safepoint: 2075958 ns, At safepoint: 40709 ns, Total: 2116667 ns
[2023-07-18T02:48:05.355+0000][1][safepoint    ] Safepoint "Cleanup", Time since last: 1001186917 ns, Reaching safepoint: 812917 ns, At safepoint: 21666 ns, Total: 834583 ns
[2023-07-18T02:48:06.361+0000][1][safepoint    ] Safepoint "Cleanup", Time since last: 1000592584 ns, Reaching safepoint: 5221292 ns, At safepoint: 128333 ns, Total: 5349625 ns
[2023-07-18T02:48:07.363+0000][1][safepoint    ] Safepoint "Cleanup", Time since last: 1000941542 ns, Reaching safepoint: 939833 ns, At safepoint: 37375 ns, Total: 977208 ns
[2023-07-18T02:48:08.365+0000][1][safepoint    ] Safepoint "Cleanup", Time since last: 1000915043 ns, Reaching safepoint: 1202458 ns, At safepoint: 28875 ns, Total: 1231333 ns
[2023-07-18T02:48:09.370+0000][1][safepoint    ] Safepoint "Cleanup", Time since last: 1002562334 ns, Reaching safepoint: 2959708 ns, At safepoint: 98417 ns, Total: 3058125 ns
[2023-07-18T02:48:10.222+0000][1][safepoint    ] Safepoint "RevokeBias", Time since last: 849578334 ns, Reaching safepoint: 1522916 ns, At safepoint: 318084 ns, Total: 1841000 ns
[2023-07-18T02:48:14.229+0000][1][safepoint    ] Safepoint "Cleanup", Time since last: 4003969168 ns, Reaching safepoint: 2975250 ns, At safepoint: 76583 ns, Total: 3051833 ns
[2023-07-18T02:48:17.234+0000][1][safepoint    ] Safepoint "Cleanup", Time since last: 3003610418 ns, Reaching safepoint: 1832917 ns, At safepoint: 35750 ns, Total: 1868667 ns
[2023-07-18T02:48:20.238+0000][1][safepoint    ] Safepoint "Cleanup", Time since last: 3001627876 ns, Reaching safepoint: 1585209 ns, At safepoint: 22833 ns, Total: 1608042 ns
[2023-07-18T02:48:20.239+0000][1][safepoint    ] Safepoint "RevokeBias", Time since last: 407542 ns, Reaching safepoint: 556083 ns, At safepoint: 298500 ns, Total: 854583 ns
[2023-07-18T02:48:21.242+0000][1][safepoint    ] Safepoint "Cleanup", Time since last: 1000762959 ns, Reaching safepoint: 1960500 ns, At safepoint: 34291 ns, Total: 1994791 ns
[2023-07-18T02:48:22.249+0000][1][safepoint    ] Safepoint "Cleanup", Time since last: 1004219668 ns, Reaching safepoint: 3055791 ns, At safepoint: 89125 ns, Total: 3144916 ns
[2023-07-18T02:48:23.251+0000][1][safepoint    ] Safepoint "Cleanup", Time since last: 1000904084 ns, Reaching safepoint: 1055917 ns, At safepoint: 18833 ns, Total: 1074750 ns
[2023-07-18T02:48:24.253+0000][1][safepoint    ] Safepoint "Cleanup", Time since last: 1000521876 ns, Reaching safepoint: 1862500 ns, At safepoint: 51708 ns, Total: 1914208 ns
[2023-07-18T02:48:25.259+0000][1][safepoint    ] Safepoint "Cleanup", Time since last: 1000890750 ns, Reaching safepoint: 4434250 ns, At safepoint: 86334 ns, Total: 4520584 ns
[2023-07-18T02:48:26.263+0000][1][safepoint    ] Safepoint "Cleanup", Time since last: 1001072375 ns, Reaching safepoint: 3309375 ns, At safepoint: 78000 ns, Total: 3387375 ns
[2023-07-18T02:48:27.268+0000][1][safepoint    ] Safepoint "Cleanup", Time since last: 1002128042 ns, Reaching safepoint: 2084917 ns, At safepoint: 65958 ns, Total: 2150875 ns
[2023-07-18T02:48:28.273+0000][1][safepoint    ] Safepoint "Cleanup", Time since last: 1001807084 ns, Reaching safepoint: 3419958 ns, At safepoint: 100375 ns, Total: 3520333 ns
[2023-07-18T02:48:29.279+0000][1][safepoint    ] Safepoint "Cleanup", Time since last: 1002666043 ns, Reaching safepoint: 3315875 ns, At safepoint: 187875 ns, Total: 3503750 ns
[2023-07-18T02:48:30.281+0000][1][safepoint    ] Safepoint "Cleanup", Time since last: 1001014792 ns, Reaching safepoint: 899250 ns, At safepoint: 19041 ns, Total: 918291 ns
[2023-07-18T02:48:31.285+0000][1][safepoint    ] Safepoint "Cleanup", Time since last: 1001288376 ns, Reaching safepoint: 2605417 ns, At safepoint: 90500 ns, Total: 2695917 ns
[2023-07-18T02:48:32.288+0000][1][safepoint    ] Safepoint "Cleanup", Time since last: 1002164167 ns, Reaching safepoint: 1200458 ns, At safepoint: 24958 ns, Total: 1225416 ns
[2023-07-18T02:48:33.295+0000][1][safepoint    ] Safepoint "Cleanup", Time since last: 1001282918 ns, Reaching safepoint: 5125000 ns, At safepoint: 105166 ns, Total: 5230166 ns
[2023-07-18T02:48:34.301+0000][1][safepoint    ] Safepoint "Cleanup", Time since last: 1001555459 ns, Reaching safepoint: 4302917 ns, At safepoint: 99125 ns, Total: 4402042 ns
[2023-07-18T02:48:35.313+0000][1][safepoint    ] Safepoint "Cleanup", Time since last: 1010743333 ns, Reaching safepoint: 1401250 ns, At safepoint: 23000 ns, Total: 1424250 ns
[2023-07-18T02:48:36.317+0000][1][safepoint    ] Safepoint "Cleanup", Time since last: 1002515501 ns, Reaching safepoint: 1067167 ns, At safepoint: 27250 ns, Total: 1094417 ns
[2023-07-18T02:48:37.319+0000][1][safepoint    ] Safepoint "Cleanup", Time since last: 1001048208 ns, Reaching safepoint: 1745959 ns, At safepoint: 37500 ns, Total: 1783459 ns
[2023-07-18T02:48:38.330+0000][1][safepoint    ] Safepoint "Cleanup", Time since last: 1007400459 ns, Reaching safepoint: 2969458 ns, At safepoint: 88917 ns, Total: 3058375 ns
[2023-07-18T02:48:39.335+0000][1][safepoint    ] Safepoint "Cleanup", Time since last: 1001144958 ns, Reaching safepoint: 3759959 ns, At safepoint: 85875 ns, Total: 3845834 ns
[2023-07-18T02:48:40.193+0000][1][safepoint    ] Safepoint "RevokeBias", Time since last: 856516917 ns, Reaching safepoint: 1672958 ns, At safepoint: 350958 ns, Total: 2023916 ns
[2023-07-18T02:48:41.195+0000][1][safepoint    ] Safepoint "Cleanup", Time since last: 1000432584 ns, Reaching safepoint: 1104125 ns, At safepoint: 14625 ns, Total: 1118750 ns
[2023-07-18T02:48:42.196+0000][1][safepoint    ] Safepoint "Cleanup", Time since last: 1000451959 ns, Reaching safepoint: 759875 ns, At safepoint: 12833 ns, Total: 772708 ns
[2023-07-18T02:48:43.198+0000][1][safepoint    ] Safepoint "Cleanup", Time since last: 1000994376 ns, Reaching safepoint: 1094166 ns, At safepoint: 20250 ns, Total: 1114416 ns
[2023-07-18T02:48:44.200+0000][1][safepoint    ] Safepoint "Cleanup", Time since last: 1000740042 ns, Reaching safepoint: 1196834 ns, At safepoint: 20708 ns, Total: 1217542 ns
[2023-07-18T02:48:45.202+0000][1][safepoint    ] Safepoint "Cleanup", Time since last: 1000446417 ns, Reaching safepoint: 819334 ns, At safepoint: 22500 ns, Total: 841834 ns
[2023-07-18T02:48:46.203+0000][1][safepoint    ] Safepoint "Cleanup", Time since last: 1000393125 ns, Reaching safepoint: 752625 ns, At safepoint: 16417 ns, Total: 769042 ns
[2023-07-18T02:48:47.204+0000][1][safepoint    ] Safepoint "Cleanup", Time since last: 1000432584 ns, Reaching safepoint: 847458 ns, At safepoint: 18208 ns, Total: 865666 ns
[2023-07-18T02:48:48.206+0000][1][safepoint    ] Safepoint "Cleanup", Time since last: 1000403584 ns, Reaching safepoint: 971958 ns, At safepoint: 14959 ns, Total: 986917 ns
[2023-07-18T02:48:49.207+0000][1][safepoint    ] Safepoint "Cleanup", Time since last: 1000817667 ns, Reaching safepoint: 856416 ns, At safepoint: 23000 ns, Total: 879416 ns
[2023-07-18T02:48:50.189+0000][1][safepoint    ] Safepoint "RevokeBias", Time since last: 979688876 ns, Reaching safepoint: 1574708 ns, At safepoint: 350084 ns, Total: 1924792 ns
[2023-07-18T02:48:51.191+0000][1][safepoint    ] Safepoint "Cleanup", Time since last: 1000419417 ns, Reaching safepoint: 1270416 ns, At safepoint: 45500 ns, Total: 1315916 ns
[2023-07-18T02:48:53.192+0000][1][safepoint    ] Safepoint "Cleanup", Time since last: 2000558668 ns, Reaching safepoint: 986333 ns, At safepoint: 18042 ns, Total: 1004375 ns
[2023-07-18T02:48:55.162+0000][1][safepoint    ] Safepoint "RevokeBias", Time since last: 1968019834 ns, Reaching safepoint: 1501625 ns, At safepoint: 227375 ns, Total: 1729000 ns
[2023-07-18T02:48:55.236+0000][1][safepoint    ] Safepoint "RevokeBias", Time since last: 53275084 ns, Reaching safepoint: 20237083 ns, At safepoint: 420500 ns, Total: 20657583 ns
[2023-07-18T02:48:55.240+0000][1][safepoint    ] Safepoint "RevokeBias", Time since last: 1369792 ns, Reaching safepoint: 2869291 ns, At safepoint: 87167 ns, Total: 2956458 ns
[2023-07-18T02:48:55.253+0000][1][safepoint    ] Safepoint "RevokeBias", Time since last: 4033958 ns, Reaching safepoint: 8556792 ns, At safepoint: 242542 ns, Total: 8799334 ns
[2023-07-18T02:48:55.257+0000][1][safepoint    ] Safepoint "RevokeBias", Time since last: 2921541 ns, Reaching safepoint: 1329500 ns, At safepoint: 114834 ns, Total: 1444334 ns
[2023-07-18T02:48:57.437+0000][1][gc,start     ] GC(19) Pause Young (Allocation Failure)
[2023-07-18T02:48:57.441+0000][1][gc,task      ] GC(19) Using 4 workers of 4 for evacuation
[2023-07-18T02:48:57.510+0000][1][gc,age       ] GC(19) Desired survivor size 8945664 bytes, new threshold 6 (max threshold 6)
[2023-07-18T02:48:57.510+0000][1][gc,age       ] GC(19) Age table with threshold 6 (max threshold 6)
[2023-07-18T02:48:57.510+0000][1][gc,age       ] GC(19) - age   1:     152144 bytes,     152144 total
[2023-07-18T02:48:57.511+0000][1][gc,age       ] GC(19) - age   2:     380920 bytes,     533064 total
[2023-07-18T02:48:57.511+0000][1][gc,age       ] GC(19) - age   3:    3431768 bytes,    3964832 total
[2023-07-18T02:48:57.511+0000][1][gc,age       ] GC(19) - age   4:    4004376 bytes,    7969208 total
[2023-07-18T02:48:57.512+0000][1][gc,heap      ] GC(19) ParNew: 152459K->11549K(157248K)
[2023-07-18T02:48:57.512+0000][1][gc,heap      ] GC(19) CMS: 60249K->60249K(349568K)
[2023-07-18T02:48:57.512+0000][1][gc,metaspace ] GC(19) Metaspace: 87317K->87317K(1128448K)
[2023-07-18T02:48:57.514+0000][1][gc           ] GC(19) Pause Young (Allocation Failure) 207M->70M(494M) 77.311ms
[2023-07-18T02:48:57.514+0000][1][gc,cpu       ] GC(19) User=0.19s Sys=0.02s Real=0.07s
[2023-07-18T02:48:57.514+0000][1][safepoint    ] Safepoint "GenCollectForAllocation", Time since last: 2175837334 ns, Reaching safepoint: 2021375 ns, At safepoint: 78743042 ns, Total: 80764417 ns
[2023-07-18T02:48:59.518+0000][1][safepoint    ] Safepoint "Cleanup", Time since last: 2000378376 ns, Reaching safepoint: 3726208 ns, At safepoint: 68333 ns, Total: 3794541 ns
[2023-07-18T02:49:00.523+0000][1][safepoint    ] Safepoint "Cleanup", Time since last: 1003389543 ns, Reaching safepoint: 1246625 ns, At safepoint: 23166 ns, Total: 1269791 ns
[2023-07-18T02:49:02.526+0000][1][safepoint    ] Safepoint "Cleanup", Time since last: 2001470043 ns, Reaching safepoint: 1746750 ns, At safepoint: 48583 ns, Total: 1795333 ns
[2023-07-18T02:49:03.530+0000][1][safepoint    ] Safepoint "Cleanup", Time since last: 1001936126 ns, Reaching safepoint: 1589041 ns, At safepoint: 36084 ns, Total: 1625125 ns
[2023-07-18T02:49:05.536+0000][1][safepoint    ] Safepoint "Cleanup", Time since last: 2001891209 ns, Reaching safepoint: 4064583 ns, At safepoint: 132875 ns, Total: 4197458 ns
[2023-07-18T02:49:08.539+0000][1][safepoint    ] Safepoint "Cleanup", Time since last: 3002062335 ns, Reaching safepoint: 1025875 ns, At safepoint: 14417 ns, Total: 1040292 ns
[2023-07-18T02:49:10.542+0000][1][safepoint    ] Safepoint "Cleanup", Time since last: 2001469876 ns, Reaching safepoint: 1537458 ns, At safepoint: 23250 ns, Total: 1560708 ns
[2023-07-18T02:49:11.548+0000][1][safepoint    ] Safepoint "Cleanup", Time since last: 1001042249 ns, Reaching safepoint: 4829750 ns, At safepoint: 108750 ns, Total: 4938500 ns
[2023-07-18T02:49:17.554+0000][1][safepoint    ] Safepoint "Cleanup", Time since last: 6003383378 ns, Reaching safepoint: 2162417 ns, At safepoint: 44667 ns, Total: 2207084 ns
[2023-07-18T02:49:20.241+0000][1][safepoint    ] Safepoint "RevokeBias", Time since last: 2685350043 ns, Reaching safepoint: 1655750 ns, At safepoint: 361208 ns, Total: 2016958 ns
[2023-07-18T02:49:21.249+0000][1][safepoint    ] Safepoint "Cleanup", Time since last: 1001953084 ns, Reaching safepoint: 5501333 ns, At safepoint: 139583 ns, Total: 5640916 ns
[2023-07-18T02:49:23.252+0000][1][safepoint    ] Safepoint "Cleanup", Time since last: 2001358293 ns, Reaching safepoint: 1521333 ns, At safepoint: 27917 ns, Total: 1549250 ns
[2023-07-18T02:49:29.324+0000][1][safepoint    ] Safepoint "Cleanup", Time since last: 6066037378 ns, Reaching safepoint: 5931542 ns, At safepoint: 312041 ns, Total: 6243583 ns
[2023-07-18T02:49:30.333+0000][1][safepoint    ] Safepoint "Cleanup", Time since last: 1006045709 ns, Reaching safepoint: 3297208 ns, At safepoint: 23500 ns, Total: 3320708 ns
[2023-07-18T02:49:33.347+0000][1][safepoint    ] Safepoint "Cleanup", Time since last: 3001103169 ns, Reaching safepoint: 12875708 ns, At safepoint: 51833 ns, Total: 12927541 ns
[2023-07-18T02:49:40.358+0000][1][safepoint    ] Safepoint "Cleanup", Time since last: 7008234754 ns, Reaching safepoint: 2192875 ns, At safepoint: 25541 ns, Total: 2218416 ns
[2023-07-18T02:49:41.362+0000][1][safepoint    ] Safepoint "Cleanup", Time since last: 1001243208 ns, Reaching safepoint: 2846000 ns, At safepoint: 52542 ns, Total: 2898542 ns
[2023-07-18T02:49:44.367+0000][1][safepoint    ] Safepoint "Cleanup", Time since last: 3004245460 ns, Reaching safepoint: 948583 ns, At safepoint: 18417 ns, Total: 967000 ns
[2023-07-18T02:49:48.371+0000][1][safepoint    ] Safepoint "Cleanup", Time since last: 4001785335 ns, Reaching safepoint: 1645042 ns, At safepoint: 31750 ns, Total: 1676792 ns
[2023-07-18T02:49:50.252+0000][1][safepoint    ] Safepoint "RevokeBias", Time since last: 1877218834 ns, Reaching safepoint: 1629125 ns, At safepoint: 2001333 ns, Total: 3630458 ns
[2023-07-18T02:49:51.254+0000][1][safepoint    ] Safepoint "Cleanup", Time since last: 1001319792 ns, Reaching safepoint: 1310500 ns, At safepoint: 23375 ns, Total: 1333875 ns
[2023-07-18T02:49:53.257+0000][1][safepoint    ] Safepoint "Cleanup", Time since last: 2001052126 ns, Reaching safepoint: 1251584 ns, At safepoint: 39333 ns, Total: 1290917 ns
[2023-07-18T02:49:54.259+0000][1][safepoint    ] Safepoint "Cleanup", Time since last: 1000668917 ns, Reaching safepoint: 1826500 ns, At safepoint: 37750 ns, Total: 1864250 ns
[2023-07-18T02:49:55.306+0000][1][safepoint    ] Safepoint "RevokeBias", Time since last: 1045277959 ns, Reaching safepoint: 1521792 ns, At safepoint: 261250 ns, Total: 1783042 ns
[2023-07-18T02:49:55.311+0000][1][safepoint    ] Safepoint "RevokeBias", Time since last: 3006125 ns, Reaching safepoint: 1675416 ns, At safepoint: 125875 ns, Total: 1801291 ns
[2023-07-18T02:49:56.314+0000][1][safepoint    ] Safepoint "Cleanup", Time since last: 1001110876 ns, Reaching safepoint: 1484292 ns, At safepoint: 40375 ns, Total: 1524667 ns
[2023-07-18T02:49:58.318+0000][1][safepoint    ] Safepoint "Cleanup", Time since last: 2002427042 ns, Reaching safepoint: 2212333 ns, At safepoint: 41375 ns, Total: 2253708 ns
[2023-07-18T02:49:59.324+0000][1][safepoint    ] Safepoint "Cleanup", Time since last: 1004412376 ns, Reaching safepoint: 1657792 ns, At safepoint: 37333 ns, Total: 1695125 ns
[2023-07-18T02:50:00.327+0000][1][safepoint    ] Safepoint "Cleanup", Time since last: 1000614959 ns, Reaching safepoint: 1691875 ns, At safepoint: 26083 ns, Total: 1717958 ns
[2023-07-18T02:50:01.329+0000][1][safepoint    ] Safepoint "Cleanup", Time since last: 1000727709 ns, Reaching safepoint: 1843042 ns, At safepoint: 27750 ns, Total: 1870792 ns
[2023-07-18T02:50:02.335+0000][1][safepoint    ] Safepoint "Cleanup", Time since last: 1005132750 ns, Reaching safepoint: 912042 ns, At safepoint: 21666 ns, Total: 933708 ns
[2023-07-18T02:50:09.349+0000][1][safepoint    ] Safepoint "Cleanup", Time since last: 7009321170 ns, Reaching safepoint: 3977292 ns, At safepoint: 75958 ns, Total: 4053250 ns
[2023-07-18T02:50:10.353+0000][1][safepoint    ] Safepoint "Cleanup", Time since last: 1002278334 ns, Reaching safepoint: 1525334 ns, At safepoint: 26291 ns, Total: 1551625 ns
[2023-07-18T02:50:11.356+0000][1][safepoint    ] Safepoint "Cleanup", Time since last: 1002358334 ns, Reaching safepoint: 882083 ns, At safepoint: 17083 ns, Total: 899166 ns
[2023-07-18T02:50:12.359+0000][1][safepoint    ] Safepoint "Cleanup", Time since last: 1000532209 ns, Reaching safepoint: 2083834 ns, At safepoint: 47916 ns, Total: 2131750 ns
[2023-07-18T02:50:14.364+0000][1][safepoint    ] Safepoint "Cleanup", Time since last: 2003339251 ns, Reaching safepoint: 2086042 ns, At safepoint: 43375 ns, Total: 2129417 ns
[2023-07-18T02:50:15.367+0000][1][safepoint    ] Safepoint "Cleanup", Time since last: 1000834375 ns, Reaching safepoint: 1614667 ns, At safepoint: 27042 ns, Total: 1641709 ns
[2023-07-18T02:50:18.369+0000][1][safepoint    ] Safepoint "Cleanup", Time since last: 3000789334 ns, Reaching safepoint: 1627875 ns, At safepoint: 33667 ns, Total: 1661542 ns
[2023-07-18T02:50:20.245+0000][1][safepoint    ] Safepoint "RevokeBias", Time since last: 1873263584 ns, Reaching safepoint: 1685834 ns, At safepoint: 514791 ns, Total: 2200625 ns
[2023-07-18T02:50:21.247+0000][1][safepoint    ] Safepoint "Cleanup", Time since last: 1000441084 ns, Reaching safepoint: 1683167 ns, At safepoint: 18708 ns, Total: 1701875 ns
[2023-07-18T02:50:24.249+0000][1][safepoint    ] Safepoint "Cleanup", Time since last: 3001458002 ns, Reaching safepoint: 1013666 ns, At safepoint: 21209 ns, Total: 1034875 ns
[2023-07-18T02:50:27.253+0000][1][safepoint    ] Safepoint "Cleanup", Time since last: 3000929501 ns, Reaching safepoint: 2643583 ns, At safepoint: 40375 ns, Total: 2683958 ns
[2023-07-18T02:50:30.256+0000][1][safepoint    ] Safepoint "Cleanup", Time since last: 3001043085 ns, Reaching safepoint: 2374583 ns, At safepoint: 32084 ns, Total: 2406667 ns
[2023-07-18T02:50:31.261+0000][1][safepoint    ] Safepoint "Cleanup", Time since last: 1003859500 ns, Reaching safepoint: 881292 ns, At safepoint: 16083 ns, Total: 897375 ns
[2023-07-18T02:50:36.263+0000][1][safepoint    ] Safepoint "Cleanup", Time since last: 5000902086 ns, Reaching safepoint: 855458 ns, At safepoint: 20334 ns, Total: 875792 ns
[2023-07-18T02:50:40.266+0000][1][safepoint    ] Safepoint "Cleanup", Time since last: 4001177043 ns, Reaching safepoint: 1521542 ns, At safepoint: 46958 ns, Total: 1568500 ns
[2023-07-18T02:50:41.267+0000][1][safepoint    ] Safepoint "Cleanup", Time since last: 1000796834 ns, Reaching safepoint: 953125 ns, At safepoint: 16083 ns, Total: 969208 ns
[2023-07-18T02:50:42.269+0000][1][safepoint    ] Safepoint "Cleanup", Time since last: 1000351167 ns, Reaching safepoint: 897209 ns, At safepoint: 18750 ns, Total: 915959 ns
[2023-07-18T02:50:50.272+0000][1][safepoint    ] Safepoint "Cleanup", Time since last: 8001268212 ns, Reaching safepoint: 1695958 ns, At safepoint: 25542 ns, Total: 1721500 ns
[2023-07-18T02:50:51.278+0000][1][safepoint    ] Safepoint "Cleanup", Time since last: 1005640333 ns, Reaching safepoint: 899750 ns, At safepoint: 21750 ns, Total: 921500 ns
[2023-07-18T02:50:57.283+0000][1][safepoint    ] Safepoint "Cleanup", Time since last: 6002365378 ns, Reaching safepoint: 1829375 ns, At safepoint: 32375 ns, Total: 1861750 ns
[2023-07-18T02:50:58.285+0000][1][safepoint    ] Safepoint "Cleanup", Time since last: 1000831042 ns, Reaching safepoint: 2014709 ns, At safepoint: 26041 ns, Total: 2040750 ns
[2023-07-18T02:50:58.773+0000][1][gc,start     ] GC(20) Pause Young (Allocation Failure)
[2023-07-18T02:50:58.777+0000][1][gc,task      ] GC(20) Using 4 workers of 4 for evacuation
[2023-07-18T02:50:58.853+0000][1][gc,age       ] GC(20) Desired survivor size 8945664 bytes, new threshold 6 (max threshold 6)
[2023-07-18T02:50:58.853+0000][1][gc,age       ] GC(20) Age table with threshold 6 (max threshold 6)
[2023-07-18T02:50:58.853+0000][1][gc,age       ] GC(20) - age   1:     111696 bytes,     111696 total
[2023-07-18T02:50:58.854+0000][1][gc,age       ] GC(20) - age   2:      46000 bytes,     157696 total
[2023-07-18T02:50:58.854+0000][1][gc,age       ] GC(20) - age   3:     380584 bytes,     538280 total
[2023-07-18T02:50:58.854+0000][1][gc,age       ] GC(20) - age   4:    3431728 bytes,    3970008 total
[2023-07-18T02:50:58.854+0000][1][gc,age       ] GC(20) - age   5:    4004376 bytes,    7974384 total
[2023-07-18T02:50:58.855+0000][1][gc,heap      ] GC(20) ParNew: 151325K->13583K(157248K)
[2023-07-18T02:50:58.855+0000][1][gc,heap      ] GC(20) CMS: 60249K->60249K(349568K)
[2023-07-18T02:50:58.856+0000][1][gc,metaspace ] GC(20) Metaspace: 87865K->87865K(1130496K)
[2023-07-18T02:50:58.857+0000][1][gc           ] GC(20) Pause Young (Allocation Failure) 206M->72M(494M) 84.734ms
[2023-07-18T02:50:58.857+0000][1][gc,cpu       ] GC(20) User=0.19s Sys=0.02s Real=0.09s
[2023-07-18T02:50:58.857+0000][1][safepoint    ] Safepoint "GenCollectForAllocation", Time since last: 483203709 ns, Reaching safepoint: 2015667 ns, At safepoint: 86820250 ns, Total: 88835917 ns
[2023-07-18T02:51:00.313+0000][1][safepoint    ] Safepoint "RevokeBias", Time since last: 1453621167 ns, Reaching safepoint: 1979125 ns, At safepoint: 394792 ns, Total: 2373917 ns
[2023-07-18T02:51:01.316+0000][1][safepoint    ] Safepoint "Cleanup", Time since last: 1001920209 ns, Reaching safepoint: 871541 ns, At safepoint: 17000 ns, Total: 888541 ns
[2023-07-18T02:51:04.320+0000][1][safepoint    ] Safepoint "Cleanup", Time since last: 3002533543 ns, Reaching safepoint: 881042 ns, At safepoint: 17042 ns, Total: 898084 ns
[2023-07-18T02:51:10.331+0000][1][safepoint    ] Safepoint "Cleanup", Time since last: 6002445961 ns, Reaching safepoint: 8568625 ns, At safepoint: 30833 ns, Total: 8599458 ns
[2023-07-18T02:51:11.333+0000][1][safepoint    ] Safepoint "Cleanup", Time since last: 1000573042 ns, Reaching safepoint: 1513291 ns, At safepoint: 24167 ns, Total: 1537458 ns
[2023-07-18T02:51:12.334+0000][1][safepoint    ] Safepoint "Cleanup", Time since last: 1000336959 ns, Reaching safepoint: 932542 ns, At safepoint: 13500 ns, Total: 946042 ns
[2023-07-18T02:51:14.336+0000][1][safepoint    ] Safepoint "Cleanup", Time since last: 2000497584 ns, Reaching safepoint: 864000 ns, At safepoint: 34708 ns, Total: 898708 ns
[2023-07-18T02:51:17.337+0000][1][safepoint    ] Safepoint "Cleanup", Time since last: 3000903752 ns, Reaching safepoint: 815291 ns, At safepoint: 19875 ns, Total: 835166 ns
[2023-07-18T02:51:18.339+0000][1][safepoint    ] Safepoint "Cleanup", Time since last: 1000910959 ns, Reaching safepoint: 990333 ns, At safepoint: 19209 ns, Total: 1009542 ns
[2023-07-18T02:51:20.341+0000][1][safepoint    ] Safepoint "Cleanup", Time since last: 2000582667 ns, Reaching safepoint: 1597292 ns, At safepoint: 24167 ns, Total: 1621459 ns
[2023-07-18T02:51:21.344+0000][1][safepoint    ] Safepoint "Cleanup", Time since last: 1000575542 ns, Reaching safepoint: 1449458 ns, At safepoint: 25792 ns, Total: 1475250 ns
[2023-07-18T02:51:30.349+0000][1][safepoint    ] Safepoint "Cleanup", Time since last: 9003971962 ns, Reaching safepoint: 1001000 ns, At safepoint: 16125 ns, Total: 1017125 ns
[2023-07-18T02:51:32.352+0000][1][safepoint    ] Safepoint "Cleanup", Time since last: 2001789376 ns, Reaching safepoint: 1746125 ns, At safepoint: 31000 ns, Total: 1777125 ns
[2023-07-18T02:51:35.355+0000][1][safepoint    ] Safepoint "Cleanup", Time since last: 3001972085 ns, Reaching safepoint: 805292 ns, At safepoint: 19417 ns, Total: 824709 ns
[2023-07-18T02:51:39.358+0000][1][safepoint    ] Safepoint "Cleanup", Time since last: 4001581710 ns, Reaching safepoint: 1229708 ns, At safepoint: 53375 ns, Total: 1283083 ns
[2023-07-18T02:51:40.267+0000][1][safepoint    ] Safepoint "RevokeBias", Time since last: 907199042 ns, Reaching safepoint: 2102917 ns, At safepoint: 384833 ns, Total: 2487750 ns
[2023-07-18T02:51:41.269+0000][1][safepoint    ] Safepoint "Cleanup", Time since last: 1000431750 ns, Reaching safepoint: 880208 ns, At safepoint: 20375 ns, Total: 900583 ns
[2023-07-18T02:51:42.271+0000][1][safepoint    ] Safepoint "Cleanup", Time since last: 1001454043 ns, Reaching safepoint: 945375 ns, At safepoint: 19458 ns, Total: 964833 ns
[2023-07-18T02:51:45.273+0000][1][safepoint    ] Safepoint "Cleanup", Time since last: 3000855293 ns, Reaching safepoint: 853208 ns, At safepoint: 24042 ns, Total: 877250 ns
[2023-07-18T02:51:48.282+0000][1][safepoint    ] Safepoint "Cleanup", Time since last: 3008254543 ns, Reaching safepoint: 940167 ns, At safepoint: 22625 ns, Total: 962792 ns
[2023-07-18T02:51:50.230+0000][1][safepoint    ] Safepoint "RevokeBias", Time since last: 1945645542 ns, Reaching safepoint: 1654292 ns, At safepoint: 337208 ns, Total: 1991500 ns
[2023-07-18T02:51:51.232+0000][1][safepoint    ] Safepoint "Cleanup", Time since last: 1000811959 ns, Reaching safepoint: 834375 ns, At safepoint: 15958 ns, Total: 850333 ns
[2023-07-18T02:51:54.233+0000][1][safepoint    ] Safepoint "Cleanup", Time since last: 3000906294 ns, Reaching safepoint: 827125 ns, At safepoint: 18250 ns, Total: 845375 ns
[2023-07-18T02:51:57.235+0000][1][safepoint    ] Safepoint "Cleanup", Time since last: 3000781959 ns, Reaching safepoint: 992084 ns, At safepoint: 20916 ns, Total: 1013000 ns
[2023-07-18T02:52:00.238+0000][1][safepoint    ] Safepoint "Cleanup", Time since last: 3000953418 ns, Reaching safepoint: 1765084 ns, At safepoint: 25750 ns, Total: 1790834 ns
[2023-07-18T02:52:00.311+0000][1][safepoint    ] Safepoint "RevokeBias", Time since last: 71002125 ns, Reaching safepoint: 1802041 ns, At safepoint: 483667 ns, Total: 2285708 ns
[2023-07-18T02:52:01.315+0000][1][safepoint    ] Safepoint "Cleanup", Time since last: 1002379834 ns, Reaching safepoint: 1377333 ns, At safepoint: 27959 ns, Total: 1405292 ns
[2023-07-18T02:52:03.318+0000][1][safepoint    ] Safepoint "Cleanup", Time since last: 2001165376 ns, Reaching safepoint: 1670083 ns, At safepoint: 33750 ns, Total: 1703833 ns
[2023-07-18T02:52:10.330+0000][1][safepoint    ] Safepoint "Cleanup", Time since last: 7010555795 ns, Reaching safepoint: 1753917 ns, At safepoint: 42083 ns, Total: 1796000 ns
[2023-07-18T02:52:11.332+0000][1][safepoint    ] Safepoint "Cleanup", Time since last: 1000546583 ns, Reaching safepoint: 2378209 ns, At safepoint: 45083 ns, Total: 2423292 ns
[2023-07-18T02:52:12.336+0000][1][safepoint    ] Safepoint "Cleanup", Time since last: 1002337834 ns, Reaching safepoint: 972125 ns, At safepoint: 22208 ns, Total: 994333 ns
[2023-07-18T02:52:19.342+0000][1][safepoint    ] Safepoint "Cleanup", Time since last: 7004984004 ns, Reaching safepoint: 1580541 ns, At safepoint: 47667 ns, Total: 1628208 ns
[2023-07-18T02:52:20.274+0000][1][safepoint    ] Safepoint "RevokeBias", Time since last: 929700667 ns, Reaching safepoint: 1816958 ns, At safepoint: 388250 ns, Total: 2205208 ns
[2023-07-18T02:52:21.279+0000][1][safepoint    ] Safepoint "Cleanup", Time since last: 1001493167 ns, Reaching safepoint: 3254584 ns, At safepoint: 48625 ns, Total: 3303209 ns
[2023-07-18T02:52:22.284+0000][1][safepoint    ] Safepoint "Cleanup", Time since last: 1001478875 ns, Reaching safepoint: 3546084 ns, At safepoint: 71000 ns, Total: 3617084 ns
[2023-07-18T02:52:30.281+0000][1][safepoint    ] Safepoint "BulkRevokeBias", Time since last: 7991930253 ns, Reaching safepoint: 1859459 ns, At safepoint: 3530041 ns, Total: 5389500 ns
[2023-07-18T02:52:31.287+0000][1][safepoint    ] Safepoint "Cleanup", Time since last: 1002245376 ns, Reaching safepoint: 2896667 ns, At safepoint: 50125 ns, Total: 2946792 ns
[2023-07-18T02:52:34.292+0000][1][safepoint    ] Safepoint "Cleanup", Time since last: 3004198459 ns, Reaching safepoint: 908334 ns, At safepoint: 40666 ns, Total: 949000 ns
[2023-07-18T02:52:38.294+0000][1][safepoint    ] Safepoint "Cleanup", Time since last: 4000837211 ns, Reaching safepoint: 1318833 ns, At safepoint: 32667 ns, Total: 1351500 ns
[2023-07-18T02:52:39.296+0000][1][safepoint    ] Safepoint "Cleanup", Time since last: 1000886292 ns, Reaching safepoint: 832333 ns, At safepoint: 15625 ns, Total: 847958 ns
[2023-07-18T02:52:41.298+0000][1][safepoint    ] Safepoint "Cleanup", Time since last: 2000517584 ns, Reaching safepoint: 877000 ns, At safepoint: 13958 ns, Total: 890958 ns
[2023-07-18T02:52:42.300+0000][1][safepoint    ] Safepoint "Cleanup", Time since last: 1000428751 ns, Reaching safepoint: 803166 ns, At safepoint: 18042 ns, Total: 821208 ns
[2023-07-18T02:52:46.302+0000][1][safepoint    ] Safepoint "Cleanup", Time since last: 4001081835 ns, Reaching safepoint: 878833 ns, At safepoint: 15875 ns, Total: 894708 ns
[2023-07-18T02:52:48.303+0000][1][safepoint    ] Safepoint "Cleanup", Time since last: 2000648543 ns, Reaching safepoint: 816750 ns, At safepoint: 15000 ns, Total: 831750 ns
[2023-07-18T02:52:50.306+0000][1][safepoint    ] Safepoint "Cleanup", Time since last: 2000774751 ns, Reaching safepoint: 1811125 ns, At safepoint: 29708 ns, Total: 1840833 ns
[2023-07-18T02:52:51.307+0000][1][safepoint    ] Safepoint "Cleanup", Time since last: 1000495584 ns, Reaching safepoint: 1018625 ns, At safepoint: 17000 ns, Total: 1035625 ns
[2023-07-18T02:52:52.308+0000][1][safepoint    ] Safepoint "Cleanup", Time since last: 1000433251 ns, Reaching safepoint: 790750 ns, At safepoint: 33625 ns, Total: 824375 ns
[2023-07-18T02:52:55.310+0000][1][safepoint    ] Safepoint "Cleanup", Time since last: 3000597168 ns, Reaching safepoint: 888750 ns, At safepoint: 17083 ns, Total: 905833 ns
[2023-07-18T02:53:00.183+0000][1][gc,start     ] GC(21) Pause Young (Allocation Failure)
[2023-07-18T02:53:00.184+0000][1][gc,task      ] GC(21) Using 4 workers of 4 for evacuation
[2023-07-18T02:53:00.228+0000][1][gc,age       ] GC(21) Desired survivor size 8945664 bytes, new threshold 6 (max threshold 6)
[2023-07-18T02:53:00.229+0000][1][gc,age       ] GC(21) Age table with threshold 6 (max threshold 6)
[2023-07-18T02:53:00.229+0000][1][gc,age       ] GC(21) - age   1:     123168 bytes,     123168 total
[2023-07-18T02:53:00.229+0000][1][gc,age       ] GC(21) - age   2:       8168 bytes,     131336 total
[2023-07-18T02:53:00.229+0000][1][gc,age       ] GC(21) - age   3:      45880 bytes,     177216 total
[2023-07-18T02:53:00.229+0000][1][gc,age       ] GC(21) - age   4:     380584 bytes,     557800 total
[2023-07-18T02:53:00.229+0000][1][gc,age       ] GC(21) - age   5:    3233656 bytes,    3791456 total
[2023-07-18T02:53:00.229+0000][1][gc,age       ] GC(21) - age   6:    3751712 bytes,    7543168 total
[2023-07-18T02:53:00.230+0000][1][gc,heap      ] GC(21) ParNew: 153359K->9721K(157248K)
[2023-07-18T02:53:00.230+0000][1][gc,heap      ] GC(21) CMS: 60249K->60249K(349568K)
[2023-07-18T02:53:00.230+0000][1][gc,metaspace ] GC(21) Metaspace: 88048K->88048K(1130496K)
[2023-07-18T02:53:00.230+0000][1][gc           ] GC(21) Pause Young (Allocation Failure) 208M->68M(494M) 46.758ms
[2023-07-18T02:53:00.230+0000][1][gc,cpu       ] GC(21) User=0.14s Sys=0.01s Real=0.05s
[2023-07-18T02:53:00.230+0000][1][safepoint    ] Safepoint "GenCollectForAllocation", Time since last: 4871173836 ns, Reaching safepoint: 2195333 ns, At safepoint: 47185625 ns, Total: 49380958 ns
[2023-07-18T02:53:01.235+0000][1][safepoint    ] Safepoint "Cleanup", Time since last: 1000736251 ns, Reaching safepoint: 2884458 ns, At safepoint: 167875 ns, Total: 3052333 ns
[2023-07-18T02:53:02.241+0000][1][safepoint    ] Safepoint "Cleanup", Time since last: 1004909334 ns, Reaching safepoint: 1434583 ns, At safepoint: 29667 ns, Total: 1464250 ns
[2023-07-18T02:53:03.247+0000][1][safepoint    ] Safepoint "Cleanup", Time since last: 1001842375 ns, Reaching safepoint: 4809125 ns, At safepoint: 87125 ns, Total: 4896250 ns
[2023-07-18T02:53:07.252+0000][1][safepoint    ] Safepoint "Cleanup", Time since last: 4001801960 ns, Reaching safepoint: 2336542 ns, At safepoint: 99583 ns, Total: 2436125 ns
[2023-07-18T02:53:09.255+0000][1][safepoint    ] Safepoint "Cleanup", Time since last: 2000901835 ns, Reaching safepoint: 2053583 ns, At safepoint: 59833 ns, Total: 2113416 ns
[2023-07-18T02:53:10.257+0000][1][safepoint    ] Safepoint "Cleanup", Time since last: 1000689376 ns, Reaching safepoint: 1705292 ns, At safepoint: 26708 ns, Total: 1732000 ns
[2023-07-18T02:53:11.260+0000][1][safepoint    ] Safepoint "Cleanup", Time since last: 1000509583 ns, Reaching safepoint: 2279125 ns, At safepoint: 45375 ns, Total: 2324500 ns
[2023-07-18T02:53:15.265+0000][1][safepoint    ] Safepoint "Cleanup", Time since last: 4002947460 ns, Reaching safepoint: 1692667 ns, At safepoint: 33542 ns, Total: 1726209 ns
[2023-07-18T02:53:20.271+0000][1][safepoint    ] Safepoint "Cleanup", Time since last: 5005481335 ns, Reaching safepoint: 1170084 ns, At safepoint: 24250 ns, Total: 1194334 ns
[2023-07-18T02:53:20.283+0000][1][safepoint    ] Safepoint "RevokeBias", Time since last: 8894208 ns, Reaching safepoint: 1428625 ns, At safepoint: 934417 ns, Total: 2363042 ns
[2023-07-18T02:53:21.288+0000][1][safepoint    ] Safepoint "Cleanup", Time since last: 1001822250 ns, Reaching safepoint: 3718292 ns, At safepoint: 91208 ns, Total: 3809500 ns
[2023-07-18T02:53:22.294+0000][1][safepoint    ] Safepoint "Cleanup", Time since last: 1001664001 ns, Reaching safepoint: 4094666 ns, At safepoint: 87042 ns, Total: 4181708 ns
[2023-07-18T02:53:23.300+0000][1][safepoint    ] Safepoint "Cleanup", Time since last: 1001389334 ns, Reaching safepoint: 4346833 ns, At safepoint: 77958 ns, Total: 4424791 ns
[2023-07-18T02:53:26.308+0000][1][safepoint    ] Safepoint "Cleanup", Time since last: 3002938585 ns, Reaching safepoint: 4596000 ns, At safepoint: 87542 ns, Total: 4683542 ns
[2023-07-18T02:53:27.314+0000][1][safepoint    ] Safepoint "Cleanup", Time since last: 1001823792 ns, Reaching safepoint: 4877792 ns, At safepoint: 31083 ns, Total: 4908875 ns
[2023-07-18T02:53:28.464+0000][1][safepoint    ] Safepoint "RevokeBias", Time since last: 1148570459 ns, Reaching safepoint: 770542 ns, At safepoint: 171500 ns, Total: 942042 ns
[2023-07-18T02:53:29.465+0000][1][safepoint    ] Safepoint "Cleanup", Time since last: 1000382125 ns, Reaching safepoint: 926000 ns, At safepoint: 18667 ns, Total: 944667 ns
[2023-07-18T02:53:31.030+0000][1][safepoint    ] Safepoint "RevokeBias", Time since last: 1562338625 ns, Reaching safepoint: 2076917 ns, At safepoint: 502583 ns, Total: 2579500 ns
[2023-07-18T02:53:32.032+0000][1][safepoint    ] Safepoint "Cleanup", Time since last: 1000532751 ns, Reaching safepoint: 933458 ns, At safepoint: 17667 ns, Total: 951125 ns
[2023-07-18T02:53:34.481+0000][1][safepoint    ] Safepoint "RevokeBias", Time since last: 2448591543 ns, Reaching safepoint: 774458 ns, At safepoint: 97625 ns, Total: 872083 ns
[2023-07-18T02:53:34.507+0000][1][safepoint    ] Safepoint "RevokeBias", Time since last: 23957708 ns, Reaching safepoint: 1546334 ns, At safepoint: 88000 ns, Total: 1634334 ns
[2023-07-18T02:53:34.522+0000][1][safepoint    ] Safepoint "RevokeBias", Time since last: 14189125 ns, Reaching safepoint: 734875 ns, At safepoint: 148416 ns, Total: 883291 ns
[2023-07-18T02:53:34.625+0000][1][safepoint    ] Safepoint "RevokeBias", Time since last: 102744584 ns, Reaching safepoint: 795416 ns, At safepoint: 91375 ns, Total: 886791 ns
[2023-07-18T02:53:35.631+0000][1][safepoint    ] Safepoint "Cleanup", Time since last: 1000570168 ns, Reaching safepoint: 5053500 ns, At safepoint: 139750 ns, Total: 5193250 ns
[2023-07-18T02:53:36.215+0000][1][safepoint    ] Safepoint "RevokeBias", Time since last: 582465792 ns, Reaching safepoint: 943166 ns, At safepoint: 98459 ns, Total: 1041625 ns
[2023-07-18T02:53:36.220+0000][1][safepoint    ] Safepoint "RevokeBias", Time since last: 3982166 ns, Reaching safepoint: 1353250 ns, At safepoint: 123459 ns, Total: 1476709 ns
[2023-07-18T02:53:36.384+0000][1][safepoint    ] Safepoint "RevokeBias", Time since last: 162046250 ns, Reaching safepoint: 1858250 ns, At safepoint: 367250 ns, Total: 2225500 ns
[2023-07-18T02:53:36.434+0000][1][safepoint    ] Safepoint "Deoptimize", Time since last: 41944916 ns, Reaching safepoint: 1544917 ns, At safepoint: 6392917 ns, Total: 7937834 ns
[2023-07-18T02:53:36.463+0000][1][safepoint    ] Safepoint "Deoptimize", Time since last: 23152875 ns, Reaching safepoint: 1573458 ns, At safepoint: 3786250 ns, Total: 5359708 ns
[2023-07-18T02:53:36.513+0000][1][safepoint    ] Safepoint "RevokeBias", Time since last: 49452208 ns, Reaching safepoint: 793292 ns, At safepoint: 113917 ns, Total: 907209 ns
[2023-07-18T02:53:37.515+0000][1][safepoint    ] Safepoint "Cleanup", Time since last: 1000740959 ns, Reaching safepoint: 1618916 ns, At safepoint: 21709 ns, Total: 1640625 ns
[2023-07-18T02:53:37.880+0000][1][safepoint    ] Safepoint "RevokeBias", Time since last: 363649958 ns, Reaching safepoint: 531625 ns, At safepoint: 74250 ns, Total: 605875 ns
[2023-07-18T02:53:38.884+0000][1][safepoint    ] Safepoint "Cleanup", Time since last: 1000634542 ns, Reaching safepoint: 3621417 ns, At safepoint: 80875 ns, Total: 3702292 ns
[2023-07-18T02:53:39.890+0000][1][safepoint    ] Safepoint "Cleanup", Time since last: 1002919834 ns, Reaching safepoint: 2556791 ns, At safepoint: 67709 ns, Total: 2624500 ns
[2023-07-18T02:53:40.409+0000][1][safepoint    ] Safepoint "RevokeBias", Time since last: 515334125 ns, Reaching safepoint: 3502750 ns, At safepoint: 405917 ns, Total: 3908667 ns
[2023-07-18T02:53:41.411+0000][1][safepoint    ] Safepoint "Cleanup", Time since last: 1000582791 ns, Reaching safepoint: 1485250 ns, At safepoint: 27166 ns, Total: 1512416 ns
[2023-07-18T02:53:42.414+0000][1][safepoint    ] Safepoint "Cleanup", Time since last: 1002154793 ns, Reaching safepoint: 772666 ns, At safepoint: 21417 ns, Total: 794083 ns
[2023-07-18T02:53:43.417+0000][1][safepoint    ] Safepoint "Cleanup", Time since last: 1000578542 ns, Reaching safepoint: 2242667 ns, At safepoint: 103083 ns, Total: 2345750 ns
[2023-07-18T02:53:44.422+0000][1][safepoint    ] Safepoint "Cleanup", Time since last: 1003504709 ns, Reaching safepoint: 1250292 ns, At safepoint: 25166 ns, Total: 1275458 ns
[2023-07-18T02:53:45.424+0000][1][safepoint    ] Safepoint "Cleanup", Time since last: 1000929417 ns, Reaching safepoint: 1112042 ns, At safepoint: 25250 ns, Total: 1137292 ns
[2023-07-18T02:53:46.428+0000][1][safepoint    ] Safepoint "Cleanup", Time since last: 1000866209 ns, Reaching safepoint: 3158500 ns, At safepoint: 144458 ns, Total: 3302958 ns
[2023-07-18T02:53:47.431+0000][1][safepoint    ] Safepoint "Cleanup", Time since last: 1001199751 ns, Reaching safepoint: 2062375 ns, At safepoint: 37583 ns, Total: 2099958 ns
[2023-07-18T02:53:48.435+0000][1][safepoint    ] Safepoint "Cleanup", Time since last: 1001363417 ns, Reaching safepoint: 1921333 ns, At safepoint: 37042 ns, Total: 1958375 ns
[2023-07-18T02:53:49.439+0000][1][safepoint    ] Safepoint "Cleanup", Time since last: 1003033917 ns, Reaching safepoint: 837917 ns, At safepoint: 18458 ns, Total: 856375 ns
[2023-07-18T02:53:50.441+0000][1][safepoint    ] Safepoint "Cleanup", Time since last: 1000421959 ns, Reaching safepoint: 1840792 ns, At safepoint: 52750 ns, Total: 1893542 ns
[2023-07-18T02:53:50.514+0000][1][safepoint    ] Safepoint "RevokeBias", Time since last: 56670791 ns, Reaching safepoint: 10749209 ns, At safepoint: 3636166 ns, Total: 14385375 ns
[2023-07-18T02:53:50.574+0000][1][safepoint    ] Safepoint "RevokeBias", Time since last: 59106500 ns, Reaching safepoint: 2494625 ns, At safepoint: 558667 ns, Total: 3053292 ns
[2023-07-18T02:53:50.641+0000][1][safepoint    ] Safepoint "RevokeBias", Time since last: 63018667 ns, Reaching safepoint: 3993708 ns, At safepoint: 76750 ns, Total: 4070458 ns
[2023-07-18T02:53:50.648+0000][1][safepoint    ] Safepoint "RevokeBias", Time since last: 3595958 ns, Reaching safepoint: 2956292 ns, At safepoint: 162000 ns, Total: 3118292 ns
[2023-07-18T02:53:50.833+0000][1][safepoint    ] Safepoint "RevokeBias", Time since last: 182434042 ns, Reaching safepoint: 2350542 ns, At safepoint: 69250 ns, Total: 2419792 ns
[2023-07-18T02:53:50.839+0000][1][safepoint    ] Safepoint "RevokeBias", Time since last: 4039708 ns, Reaching safepoint: 2394792 ns, At safepoint: 60458 ns, Total: 2455250 ns
[2023-07-18T02:53:50.842+0000][1][safepoint    ] Safepoint "RevokeBias", Time since last: 1469708 ns, Reaching safepoint: 1052167 ns, At safepoint: 100375 ns, Total: 1152542 ns
[2023-07-18T02:53:50.894+0000][1][safepoint    ] Safepoint "RevokeBias", Time since last: 47884792 ns, Reaching safepoint: 4068291 ns, At safepoint: 151417 ns, Total: 4219708 ns
[2023-07-18T02:53:50.897+0000][1][safepoint    ] Safepoint "RevokeBias", Time since last: 1551583 ns, Reaching safepoint: 1080875 ns, At safepoint: 56417 ns, Total: 1137292 ns
[2023-07-18T02:53:50.917+0000][1][safepoint    ] Safepoint "RevokeBias", Time since last: 18676333 ns, Reaching safepoint: 1157084 ns, At safepoint: 314500 ns, Total: 1471584 ns
[2023-07-18T02:53:51.919+0000][1][safepoint    ] Safepoint "Cleanup", Time since last: 1000734167 ns, Reaching safepoint: 963416 ns, At safepoint: 21084 ns, Total: 984500 ns
[2023-07-18T02:53:52.921+0000][1][safepoint    ] Safepoint "Cleanup", Time since last: 1002011375 ns, Reaching safepoint: 748875 ns, At safepoint: 20334 ns, Total: 769209 ns
[2023-07-18T02:53:53.926+0000][1][safepoint    ] Safepoint "Cleanup", Time since last: 1001474875 ns, Reaching safepoint: 3008500 ns, At safepoint: 79042 ns, Total: 3087542 ns
[2023-07-18T02:53:54.930+0000][1][safepoint    ] Safepoint "Cleanup", Time since last: 1002161917 ns, Reaching safepoint: 1864625 ns, At safepoint: 44250 ns, Total: 1908875 ns
[2023-07-18T02:53:55.933+0000][1][safepoint    ] Safepoint "Cleanup", Time since last: 1001883959 ns, Reaching safepoint: 1056833 ns, At safepoint: 22958 ns, Total: 1079791 ns
[2023-07-18T02:53:56.937+0000][1][safepoint    ] Safepoint "Cleanup", Time since last: 1002419209 ns, Reaching safepoint: 2090833 ns, At safepoint: 46625 ns, Total: 2137458 ns
[2023-07-18T02:53:57.943+0000][1][safepoint    ] Safepoint "Cleanup", Time since last: 1003466001 ns, Reaching safepoint: 2254125 ns, At safepoint: 56375 ns, Total: 2310500 ns
[2023-07-18T02:53:58.947+0000][1][safepoint    ] Safepoint "Cleanup", Time since last: 1001612500 ns, Reaching safepoint: 2467875 ns, At safepoint: 45042 ns, Total: 2512917 ns
[2023-07-18T02:53:59.951+0000][1][safepoint    ] Safepoint "Cleanup", Time since last: 1001159376 ns, Reaching safepoint: 2189541 ns, At safepoint: 44959 ns, Total: 2234500 ns
[2023-07-18T02:54:00.953+0000][1][safepoint    ] Safepoint "Cleanup", Time since last: 1001124375 ns, Reaching safepoint: 1235875 ns, At safepoint: 28042 ns, Total: 1263917 ns
[2023-07-18T02:54:01.957+0000][1][safepoint    ] Safepoint "Cleanup", Time since last: 1001520334 ns, Reaching safepoint: 2588916 ns, At safepoint: 83125 ns, Total: 2672041 ns
[2023-07-18T02:54:02.961+0000][1][safepoint    ] Safepoint "Cleanup", Time since last: 1001560042 ns, Reaching safepoint: 1774542 ns, At safepoint: 54042 ns, Total: 1828584 ns
[2023-07-18T02:54:03.964+0000][1][safepoint    ] Safepoint "Cleanup", Time since last: 1001209292 ns, Reaching safepoint: 1804625 ns, At safepoint: 38750 ns, Total: 1843375 ns
[2023-07-18T02:54:04.967+0000][1][safepoint    ] Safepoint "Cleanup", Time since last: 1001170709 ns, Reaching safepoint: 1690166 ns, At safepoint: 38125 ns, Total: 1728291 ns
[2023-07-18T02:54:05.970+0000][1][safepoint    ] Safepoint "Cleanup", Time since last: 1000988542 ns, Reaching safepoint: 1936500 ns, At safepoint: 39792 ns, Total: 1976292 ns
[2023-07-18T02:54:06.972+0000][1][safepoint    ] Safepoint "Cleanup", Time since last: 1000839667 ns, Reaching safepoint: 1724250 ns, At safepoint: 40625 ns, Total: 1764875 ns
[2023-07-18T02:54:07.975+0000][1][safepoint    ] Safepoint "Cleanup", Time since last: 1000984584 ns, Reaching safepoint: 1689750 ns, At safepoint: 43250 ns, Total: 1733000 ns
[2023-07-18T02:54:08.978+0000][1][safepoint    ] Safepoint "Cleanup", Time since last: 1001088584 ns, Reaching safepoint: 2145333 ns, At safepoint: 52584 ns, Total: 2197917 ns
[2023-07-18T02:54:09.983+0000][1][safepoint    ] Safepoint "Cleanup", Time since last: 1000958958 ns, Reaching safepoint: 3692584 ns, At safepoint: 107958 ns, Total: 3800542 ns
[2023-07-18T02:54:10.299+0000][1][safepoint    ] Safepoint "RevokeBias", Time since last: 312718292 ns, Reaching safepoint: 3122917 ns, At safepoint: 396708 ns, Total: 3519625 ns
[2023-07-18T02:54:11.304+0000][1][safepoint    ] Safepoint "Cleanup", Time since last: 1000780208 ns, Reaching safepoint: 1674167 ns, At safepoint: 37875 ns, Total: 1712042 ns
[2023-07-18T02:54:12.306+0000][1][safepoint    ] Safepoint "Cleanup", Time since last: 1000938000 ns, Reaching safepoint: 858834 ns, At safepoint: 15916 ns, Total: 874750 ns
[2023-07-18T02:54:13.310+0000][1][safepoint    ] Safepoint "Cleanup", Time since last: 1000681042 ns, Reaching safepoint: 3541625 ns, At safepoint: 95459 ns, Total: 3637084 ns
[2023-07-18T02:54:14.314+0000][1][safepoint    ] Safepoint "Cleanup", Time since last: 1001239792 ns, Reaching safepoint: 2713166 ns, At safepoint: 92209 ns, Total: 2805375 ns
[2023-07-18T02:54:15.320+0000][1][safepoint    ] Safepoint "Cleanup", Time since last: 1002782584 ns, Reaching safepoint: 3226000 ns, At safepoint: 144625 ns, Total: 3370625 ns
[2023-07-18T02:54:16.325+0000][1][safepoint    ] Safepoint "Cleanup", Time since last: 1003623458 ns, Reaching safepoint: 1201459 ns, At safepoint: 38250 ns, Total: 1239709 ns
[2023-07-18T02:54:17.327+0000][1][safepoint    ] Safepoint "Cleanup", Time since last: 1000707625 ns, Reaching safepoint: 957959 ns, At safepoint: 23375 ns, Total: 981334 ns
[2023-07-18T02:54:18.331+0000][1][safepoint    ] Safepoint "Cleanup", Time since last: 1001316167 ns, Reaching safepoint: 2556125 ns, At safepoint: 78208 ns, Total: 2634333 ns
[2023-07-18T02:54:19.335+0000][1][safepoint    ] Safepoint "Cleanup", Time since last: 1001498584 ns, Reaching safepoint: 3050917 ns, At safepoint: 236708 ns, Total: 3287625 ns
[2023-07-18T02:54:20.300+0000][1][safepoint    ] Safepoint "RevokeBias", Time since last: 962440292 ns, Reaching safepoint: 1936000 ns, At safepoint: 401917 ns, Total: 2337917 ns
[2023-07-18T02:54:21.302+0000][1][safepoint    ] Safepoint "Cleanup", Time since last: 1000721250 ns, Reaching safepoint: 895875 ns, At safepoint: 21792 ns, Total: 917667 ns
[2023-07-18T02:54:22.305+0000][1][safepoint    ] Safepoint "Cleanup", Time since last: 1002073292 ns, Reaching safepoint: 1311958 ns, At safepoint: 22125 ns, Total: 1334083 ns
[2023-07-18T02:54:23.308+0000][1][safepoint    ] Safepoint "Cleanup", Time since last: 1000738001 ns, Reaching safepoint: 2315125 ns, At safepoint: 52250 ns, Total: 2367375 ns
[2023-07-18T02:54:24.313+0000][1][safepoint    ] Safepoint "Cleanup", Time since last: 1001172542 ns, Reaching safepoint: 3354042 ns, At safepoint: 87500 ns, Total: 3441542 ns
[2023-07-18T02:54:24.768+0000][1][safepoint    ] Safepoint "RevokeBias", Time since last: 454458083 ns, Reaching safepoint: 598875 ns, At safepoint: 327250 ns, Total: 926125 ns
[2023-07-18T02:54:25.771+0000][1][safepoint    ] Safepoint "Cleanup", Time since last: 1000583292 ns, Reaching safepoint: 1963292 ns, At safepoint: 28875 ns, Total: 1992167 ns
[2023-07-18T02:54:26.776+0000][1][safepoint    ] Safepoint "Cleanup", Time since last: 1000546375 ns, Reaching safepoint: 4519292 ns, At safepoint: 178542 ns, Total: 4697834 ns
[2023-07-18T02:54:27.782+0000][1][safepoint    ] Safepoint "Cleanup", Time since last: 1003020000 ns, Reaching safepoint: 2747875 ns, At safepoint: 96834 ns, Total: 2844709 ns
[2023-07-18T02:54:28.787+0000][1][safepoint    ] Safepoint "Cleanup", Time since last: 1001637333 ns, Reaching safepoint: 2637584 ns, At safepoint: 118666 ns, Total: 2756250 ns
[2023-07-18T02:54:29.789+0000][1][safepoint    ] Safepoint "Cleanup", Time since last: 1001656001 ns, Reaching safepoint: 744458 ns, At safepoint: 21750 ns, Total: 766208 ns
[2023-07-18T02:54:30.795+0000][1][safepoint    ] Safepoint "Cleanup", Time since last: 1000823167 ns, Reaching safepoint: 4739125 ns, At safepoint: 106542 ns, Total: 4845667 ns
[2023-07-18T02:54:31.800+0000][1][safepoint    ] Safepoint "Cleanup", Time since last: 1001923834 ns, Reaching safepoint: 3146291 ns, At safepoint: 98375 ns, Total: 3244666 ns
[2023-07-18T02:54:32.804+0000][1][safepoint    ] Safepoint "Cleanup", Time since last: 1002038543 ns, Reaching safepoint: 2448250 ns, At safepoint: 90333 ns, Total: 2538583 ns
[2023-07-18T02:54:33.811+0000][1][safepoint    ] Safepoint "Cleanup", Time since last: 1002108625 ns, Reaching safepoint: 4728959 ns, At safepoint: 218166 ns, Total: 4947125 ns
[2023-07-18T02:54:34.815+0000][1][safepoint    ] Safepoint "Cleanup", Time since last: 1002195376 ns, Reaching safepoint: 1403500 ns, At safepoint: 38500 ns, Total: 1442000 ns
[2023-07-18T02:54:35.818+0000][1][safepoint    ] Safepoint "Cleanup", Time since last: 1001755959 ns, Reaching safepoint: 1683041 ns, At safepoint: 36417 ns, Total: 1719458 ns
[2023-07-18T02:54:36.822+0000][1][safepoint    ] Safepoint "Cleanup", Time since last: 1002442542 ns, Reaching safepoint: 1110000 ns, At safepoint: 26459 ns, Total: 1136459 ns
[2023-07-18T02:54:37.525+0000][1][safepoint    ] Safepoint "BulkRevokeBias", Time since last: 699898542 ns, Reaching safepoint: 1016375 ns, At safepoint: 1717041 ns, Total: 2733416 ns
[2023-07-18T02:54:37.528+0000][1][safepoint    ] Safepoint "RevokeBias", Time since last: 2468084 ns, Reaching safepoint: 643666 ns, At safepoint: 74834 ns, Total: 718500 ns
[2023-07-18T02:54:37.531+0000][1][safepoint    ] Safepoint "RevokeBias", Time since last: 1864708 ns, Reaching safepoint: 832375 ns, At safepoint: 79958 ns, Total: 912333 ns
[2023-07-18T02:54:37.551+0000][1][safepoint    ] Safepoint "RevokeBias", Time since last: 19268584 ns, Reaching safepoint: 1515375 ns, At safepoint: 71875 ns, Total: 1587250 ns
[2023-07-18T02:54:38.554+0000][1][safepoint    ] Safepoint "Cleanup", Time since last: 1000643208 ns, Reaching safepoint: 2165375 ns, At safepoint: 43084 ns, Total: 2208459 ns
[2023-07-18T02:54:39.559+0000][1][safepoint    ] Safepoint "Cleanup", Time since last: 1001015250 ns, Reaching safepoint: 3082167 ns, At safepoint: 94417 ns, Total: 3176584 ns
[2023-07-18T02:54:40.310+0000][1][safepoint    ] Safepoint "RevokeBias", Time since last: 748765417 ns, Reaching safepoint: 1831166 ns, At safepoint: 483084 ns, Total: 2314250 ns
[2023-07-18T02:54:41.330+0000][1][safepoint    ] Safepoint "Cleanup", Time since last: 1001064708 ns, Reaching safepoint: 3254166 ns, At safepoint: 68750 ns, Total: 3322916 ns
[2023-07-18T02:54:42.334+0000][1][safepoint    ] Safepoint "Cleanup", Time since last: 1000772334 ns, Reaching safepoint: 2893834 ns, At safepoint: 145416 ns, Total: 3039250 ns
[2023-07-18T02:54:43.340+0000][1][safepoint    ] Safepoint "Cleanup", Time since last: 1002798334 ns, Reaching safepoint: 3606875 ns, At safepoint: 100750 ns, Total: 3707625 ns
[2023-07-18T02:54:44.349+0000][1][safepoint    ] Safepoint "Cleanup", Time since last: 1003982292 ns, Reaching safepoint: 4511792 ns, At safepoint: 120458 ns, Total: 4632250 ns
[2023-07-18T02:54:45.355+0000][1][safepoint    ] Safepoint "Cleanup", Time since last: 1002113042 ns, Reaching safepoint: 3657334 ns, At safepoint: 91083 ns, Total: 3748417 ns
[2023-07-18T02:54:46.363+0000][1][safepoint    ] Safepoint "Cleanup", Time since last: 1003416584 ns, Reaching safepoint: 4612125 ns, At safepoint: 103333 ns, Total: 4715458 ns
[2023-07-18T02:54:47.370+0000][1][safepoint    ] Safepoint "Cleanup", Time since last: 1002562459 ns, Reaching safepoint: 4193500 ns, At safepoint: 126458 ns, Total: 4319958 ns
[2023-07-18T02:54:48.376+0000][1][safepoint    ] Safepoint "Cleanup", Time since last: 1004711834 ns, Reaching safepoint: 1932583 ns, At safepoint: 67875 ns, Total: 2000458 ns
[2023-07-18T02:54:49.382+0000][1][safepoint    ] Safepoint "Cleanup", Time since last: 1001695626 ns, Reaching safepoint: 4108208 ns, At safepoint: 99584 ns, Total: 4207792 ns
[2023-07-18T02:54:50.354+0000][1][safepoint    ] Safepoint "RevokeBias", Time since last: 969703375 ns, Reaching safepoint: 1783542 ns, At safepoint: 364750 ns, Total: 2148292 ns
[2023-07-18T02:54:51.358+0000][1][safepoint    ] Safepoint "Cleanup", Time since last: 1000425750 ns, Reaching safepoint: 3560042 ns, At safepoint: 127125 ns, Total: 3687167 ns
[2023-07-18T02:54:51.453+0000][1][gc,start     ] GC(22) Pause Young (Allocation Failure)
[2023-07-18T02:54:51.459+0000][1][gc,task      ] GC(22) Using 4 workers of 4 for evacuation
[2023-07-18T02:54:51.646+0000][1][gc,age       ] GC(22) Desired survivor size 8945664 bytes, new threshold 6 (max threshold 6)
[2023-07-18T02:54:51.647+0000][1][gc,age       ] GC(22) Age table with threshold 6 (max threshold 6)
[2023-07-18T02:54:51.647+0000][1][gc,age       ] GC(22) - age   1:     547152 bytes,     547152 total
[2023-07-18T02:54:51.647+0000][1][gc,age       ] GC(22) - age   2:      14840 bytes,     561992 total
[2023-07-18T02:54:51.647+0000][1][gc,age       ] GC(22) - age   3:       8048 bytes,     570040 total
[2023-07-18T02:54:51.647+0000][1][gc,age       ] GC(22) - age   4:      43112 bytes,     613152 total
[2023-07-18T02:54:51.647+0000][1][gc,age       ] GC(22) - age   5:     280632 bytes,     893784 total
[2023-07-18T02:54:51.647+0000][1][gc,age       ] GC(22) - age   6:    3232912 bytes,    4126696 total
[2023-07-18T02:54:51.649+0000][1][gc,heap      ] GC(22) ParNew: 149497K->6739K(157248K)
[2023-07-18T02:54:51.649+0000][1][gc,heap      ] GC(22) CMS: 60249K->64012K(349568K)
[2023-07-18T02:54:51.649+0000][1][gc,metaspace ] GC(22) Metaspace: 88336K->88336K(1130496K)
[2023-07-18T02:54:51.650+0000][1][gc           ] GC(22) Pause Young (Allocation Failure) 204M->69M(494M) 197.782ms
[2023-07-18T02:54:51.650+0000][1][gc,cpu       ] GC(22) User=0.46s Sys=0.06s Real=0.20s
[2023-07-18T02:54:51.650+0000][1][safepoint    ] Safepoint "GenCollectForAllocation", Time since last: 90854917 ns, Reaching safepoint: 1926625 ns, At safepoint: 199262041 ns, Total: 201188666 ns
[2023-07-18T02:54:52.652+0000][1][safepoint    ] Safepoint "Cleanup", Time since last: 1000404459 ns, Reaching safepoint: 1053208 ns, At safepoint: 20125 ns, Total: 1073333 ns
[2023-07-18T02:54:53.653+0000][1][safepoint    ] Safepoint "Cleanup", Time since last: 1000471418 ns, Reaching safepoint: 636458 ns, At safepoint: 17167 ns, Total: 653625 ns
[2023-07-18T02:54:54.654+0000][1][safepoint    ] Safepoint "Cleanup", Time since last: 1000882583 ns, Reaching safepoint: 713042 ns, At safepoint: 16708 ns, Total: 729750 ns
[2023-07-18T02:54:55.656+0000][1][safepoint    ] Safepoint "Cleanup", Time since last: 1000465751 ns, Reaching safepoint: 1419708 ns, At safepoint: 38417 ns, Total: 1458125 ns
[2023-07-18T02:54:56.661+0000][1][safepoint    ] Safepoint "Cleanup", Time since last: 1000942542 ns, Reaching safepoint: 3707625 ns, At safepoint: 68375 ns, Total: 3776000 ns
[2023-07-18T02:54:57.664+0000][1][safepoint    ] Safepoint "Cleanup", Time since last: 1001113625 ns, Reaching safepoint: 1891375 ns, At safepoint: 51125 ns, Total: 1942500 ns
[2023-07-18T02:54:58.667+0000][1][safepoint    ] Safepoint "Cleanup", Time since last: 1001280251 ns, Reaching safepoint: 1790083 ns, At safepoint: 53584 ns, Total: 1843667 ns
[2023-07-18T02:54:59.671+0000][1][safepoint    ] Safepoint "Cleanup", Time since last: 1001363833 ns, Reaching safepoint: 2339500 ns, At safepoint: 53000 ns, Total: 2392500 ns
[2023-07-18T02:55:00.678+0000][1][safepoint    ] Safepoint "Cleanup", Time since last: 1005489876 ns, Reaching safepoint: 1042750 ns, At safepoint: 20417 ns, Total: 1063167 ns
[2023-07-18T02:55:01.680+0000][1][safepoint    ] Safepoint "Cleanup", Time since last: 1000491875 ns, Reaching safepoint: 1566500 ns, At safepoint: 69000 ns, Total: 1635500 ns
[2023-07-18T02:55:02.685+0000][1][safepoint    ] Safepoint "Cleanup", Time since last: 1001390834 ns, Reaching safepoint: 3672708 ns, At safepoint: 100459 ns, Total: 3773167 ns
[2023-07-18T02:55:03.691+0000][1][safepoint    ] Safepoint "Cleanup", Time since last: 1001541500 ns, Reaching safepoint: 4015125 ns, At safepoint: 207125 ns, Total: 4222250 ns
[2023-07-18T02:55:04.699+0000][1][safepoint    ] Safepoint "Cleanup", Time since last: 1004606292 ns, Reaching safepoint: 3723209 ns, At safepoint: 115833 ns, Total: 3839042 ns
[2023-07-18T02:55:05.710+0000][1][safepoint    ] Safepoint "Cleanup", Time since last: 1004993000 ns, Reaching safepoint: 5685834 ns, At safepoint: 201791 ns, Total: 5887625 ns
[2023-07-18T02:55:06.717+0000][1][safepoint    ] Safepoint "Cleanup", Time since last: 1001605626 ns, Reaching safepoint: 4746666 ns, At safepoint: 376375 ns, Total: 5123041 ns
[2023-07-18T02:55:07.724+0000][1][safepoint    ] Safepoint "Cleanup", Time since last: 1002060001 ns, Reaching safepoint: 4068583 ns, At safepoint: 1027125 ns, Total: 5095708 ns
[2023-07-18T02:55:08.730+0000][1][safepoint    ] Safepoint "Cleanup", Time since last: 1003537584 ns, Reaching safepoint: 2257083 ns, At safepoint: 67167 ns, Total: 2324250 ns
[2023-07-18T02:55:09.738+0000][1][safepoint    ] Safepoint "Cleanup", Time since last: 1003268042 ns, Reaching safepoint: 4477084 ns, At safepoint: 123916 ns, Total: 4601000 ns
[2023-07-18T02:55:10.744+0000][1][safepoint    ] Safepoint "Cleanup", Time since last: 1003497709 ns, Reaching safepoint: 2598792 ns, At safepoint: 93083 ns, Total: 2691875 ns
[2023-07-18T02:55:11.752+0000][1][safepoint    ] Safepoint "Cleanup", Time since last: 1001925458 ns, Reaching safepoint: 3749000 ns, At safepoint: 117959 ns, Total: 3866959 ns
[2023-07-18T02:55:12.761+0000][1][safepoint    ] Safepoint "Cleanup", Time since last: 1004118292 ns, Reaching safepoint: 4715666 ns, At safepoint: 127709 ns, Total: 4843375 ns
[2023-07-18T02:55:13.768+0000][1][safepoint    ] Safepoint "Cleanup", Time since last: 1003614042 ns, Reaching safepoint: 2560458 ns, At safepoint: 82084 ns, Total: 2642542 ns
[2023-07-18T02:55:14.772+0000][1][safepoint    ] Safepoint "Cleanup", Time since last: 1001619833 ns, Reaching safepoint: 3131542 ns, At safepoint: 96917 ns, Total: 3228459 ns
[2023-07-18T02:55:15.780+0000][1][safepoint    ] Safepoint "Cleanup", Time since last: 1002965125 ns, Reaching safepoint: 4193500 ns, At safepoint: 226500 ns, Total: 4420000 ns
[2023-07-18T02:55:16.786+0000][1][safepoint    ] Safepoint "Cleanup", Time since last: 1003079084 ns, Reaching safepoint: 3022250 ns, At safepoint: 98208 ns, Total: 3120458 ns
[2023-07-18T02:55:17.791+0000][1][safepoint    ] Safepoint "Cleanup", Time since last: 1001751084 ns, Reaching safepoint: 2829542 ns, At safepoint: 82708 ns, Total: 2912250 ns
[2023-07-18T02:55:18.795+0000][1][safepoint    ] Safepoint "Cleanup", Time since last: 1002877626 ns, Reaching safepoint: 1831875 ns, At safepoint: 92291 ns, Total: 1924166 ns
[2023-07-18T02:55:19.800+0000][1][safepoint    ] Safepoint "Cleanup", Time since last: 1001098751 ns, Reaching safepoint: 3756458 ns, At safepoint: 114458 ns, Total: 3870916 ns
[2023-07-18T02:55:20.804+0000][1][safepoint    ] Safepoint "Cleanup", Time since last: 1001431959 ns, Reaching safepoint: 1829500 ns, At safepoint: 50709 ns, Total: 1880209 ns
[2023-07-18T02:55:21.809+0000][1][safepoint    ] Safepoint "Cleanup", Time since last: 1001540625 ns, Reaching safepoint: 4038500 ns, At safepoint: 109500 ns, Total: 4148000 ns
[2023-07-18T02:55:22.814+0000][1][safepoint    ] Safepoint "Cleanup", Time since last: 1001553959 ns, Reaching safepoint: 2640042 ns, At safepoint: 108583 ns, Total: 2748625 ns
[2023-07-18T02:55:23.818+0000][1][safepoint    ] Safepoint "Cleanup", Time since last: 1001175209 ns, Reaching safepoint: 2573875 ns, At safepoint: 115375 ns, Total: 2689250 ns
[2023-07-18T02:55:24.824+0000][1][safepoint    ] Safepoint "Cleanup", Time since last: 1002444750 ns, Reaching safepoint: 3941042 ns, At safepoint: 108625 ns, Total: 4049667 ns
[2023-07-18T02:55:25.830+0000][1][safepoint    ] Safepoint "Cleanup", Time since last: 1002714334 ns, Reaching safepoint: 3151541 ns, At safepoint: 292375 ns, Total: 3443916 ns
[2023-07-18T02:55:26.834+0000][1][safepoint    ] Safepoint "Cleanup", Time since last: 1002225251 ns, Reaching safepoint: 1050750 ns, At safepoint: 27125 ns, Total: 1077875 ns
[2023-07-18T02:55:27.835+0000][1][safepoint    ] Safepoint "Cleanup", Time since last: 1000594750 ns, Reaching safepoint: 691167 ns, At safepoint: 19417 ns, Total: 710584 ns
[2023-07-18T02:55:28.839+0000][1][safepoint    ] Safepoint "Cleanup", Time since last: 1000591042 ns, Reaching safepoint: 2933041 ns, At safepoint: 97209 ns, Total: 3030250 ns
[2023-07-18T02:55:29.843+0000][1][safepoint    ] Safepoint "Cleanup", Time since last: 1003448459 ns, Reaching safepoint: 1419958 ns, At safepoint: 36000 ns, Total: 1455958 ns
[2023-07-18T02:55:30.847+0000][1][safepoint    ] Safepoint "Cleanup", Time since last: 1002594667 ns, Reaching safepoint: 1259792 ns, At safepoint: 27375 ns, Total: 1287167 ns
[2023-07-18T02:55:31.850+0000][1][safepoint    ] Safepoint "Cleanup", Time since last: 1000641792 ns, Reaching safepoint: 2101416 ns, At safepoint: 182625 ns, Total: 2284041 ns
[2023-07-18T02:55:32.853+0000][1][safepoint    ] Safepoint "Cleanup", Time since last: 1001150168 ns, Reaching safepoint: 2084166 ns, At safepoint: 64584 ns, Total: 2148750 ns
[2023-07-18T02:55:33.860+0000][1][safepoint    ] Safepoint "Cleanup", Time since last: 1002483042 ns, Reaching safepoint: 3915000 ns, At safepoint: 112791 ns, Total: 4027791 ns
[2023-07-18T02:55:34.866+0000][1][safepoint    ] Safepoint "Cleanup", Time since last: 1005196376 ns, Reaching safepoint: 1017500 ns, At safepoint: 32292 ns, Total: 1049792 ns
[2023-07-18T02:55:35.871+0000][1][safepoint    ] Safepoint "Cleanup", Time since last: 1000746417 ns, Reaching safepoint: 3428958 ns, At safepoint: 103292 ns, Total: 3532250 ns
[2023-07-18T02:55:36.879+0000][1][safepoint    ] Safepoint "Cleanup", Time since last: 1002351959 ns, Reaching safepoint: 6075416 ns, At safepoint: 404875 ns, Total: 6480291 ns
[2023-07-18T02:55:37.883+0000][1][safepoint    ] Safepoint "Cleanup", Time since last: 1001845292 ns, Reaching safepoint: 1566209 ns, At safepoint: 68416 ns, Total: 1634625 ns
[2023-07-18T02:55:38.548+0000][1][safepoint    ] Safepoint "RevokeBias", Time since last: 663529251 ns, Reaching safepoint: 1097916 ns, At safepoint: 299875 ns, Total: 1397791 ns
[2023-07-18T02:55:38.555+0000][1][safepoint    ] Safepoint "RevokeBias", Time since last: 5670959 ns, Reaching safepoint: 1249583 ns, At safepoint: 185750 ns, Total: 1435333 ns
[2023-07-18T02:55:38.580+0000][1][safepoint    ] Safepoint "RevokeBias", Time since last: 24254500 ns, Reaching safepoint: 673875 ns, At safepoint: 90000 ns, Total: 763875 ns
[2023-07-18T02:55:38.582+0000][1][safepoint    ] Safepoint "RevokeBias", Time since last: 2012833 ns, Reaching safepoint: 446792 ns, At safepoint: 57958 ns, Total: 504750 ns
[2023-07-18T02:55:38.585+0000][1][safepoint    ] Safepoint "RevokeBias", Time since last: 1860167 ns, Reaching safepoint: 731792 ns, At safepoint: 79708 ns, Total: 811500 ns
[2023-07-18T02:55:39.591+0000][1][safepoint    ] Safepoint "Cleanup", Time since last: 1001199501 ns, Reaching safepoint: 4562250 ns, At safepoint: 129666 ns, Total: 4691916 ns
[2023-07-18T02:55:40.346+0000][1][safepoint    ] Safepoint "RevokeBias", Time since last: 752018542 ns, Reaching safepoint: 2286917 ns, At safepoint: 457458 ns, Total: 2744375 ns
[2023-07-18T02:55:41.347+0000][1][safepoint    ] Safepoint "Cleanup", Time since last: 1000433959 ns, Reaching safepoint: 656541 ns, At safepoint: 15209 ns, Total: 671750 ns
[2023-07-18T02:55:42.351+0000][1][safepoint    ] Safepoint "Cleanup", Time since last: 1000481375 ns, Reaching safepoint: 2669917 ns, At safepoint: 70000 ns, Total: 2739917 ns
[2023-07-18T02:55:43.353+0000][1][safepoint    ] Safepoint "Cleanup", Time since last: 1001326459 ns, Reaching safepoint: 1116333 ns, At safepoint: 28375 ns, Total: 1144708 ns
[2023-07-18T02:55:44.356+0000][1][safepoint    ] Safepoint "Cleanup", Time since last: 1000849959 ns, Reaching safepoint: 1815541 ns, At safepoint: 60375 ns, Total: 1875916 ns
[2023-07-18T02:55:45.366+0000][1][safepoint    ] Safepoint "Cleanup", Time since last: 1006048709 ns, Reaching safepoint: 4063875 ns, At safepoint: 137417 ns, Total: 4201292 ns
[2023-07-18T02:55:46.370+0000][1][safepoint    ] Safepoint "Cleanup", Time since last: 1001346917 ns, Reaching safepoint: 2738125 ns, At safepoint: 112208 ns, Total: 2850333 ns
[2023-07-18T02:55:47.375+0000][1][safepoint    ] Safepoint "Cleanup", Time since last: 1001695084 ns, Reaching safepoint: 2606792 ns, At safepoint: 66792 ns, Total: 2673584 ns
[2023-07-18T02:55:48.381+0000][1][safepoint    ] Safepoint "Cleanup", Time since last: 1001869958 ns, Reaching safepoint: 4369750 ns, At safepoint: 130125 ns, Total: 4499875 ns
[2023-07-18T02:55:49.388+0000][1][safepoint    ] Safepoint "Cleanup", Time since last: 1004622418 ns, Reaching safepoint: 2347208 ns, At safepoint: 106292 ns, Total: 2453500 ns
[2023-07-18T02:55:50.347+0000][1][safepoint    ] Safepoint "RevokeBias", Time since last: 956657542 ns, Reaching safepoint: 1964166 ns, At safepoint: 497250 ns, Total: 2461416 ns
[2023-07-18T02:55:51.350+0000][1][safepoint    ] Safepoint "Cleanup", Time since last: 1002152334 ns, Reaching safepoint: 771792 ns, At safepoint: 25833 ns, Total: 797625 ns
[2023-07-18T02:55:52.354+0000][1][safepoint    ] Safepoint "Cleanup", Time since last: 1001227167 ns, Reaching safepoint: 2943292 ns, At safepoint: 92708 ns, Total: 3036000 ns
[2023-07-18T02:55:53.361+0000][1][safepoint    ] Safepoint "Cleanup", Time since last: 1003240084 ns, Reaching safepoint: 3038750 ns, At safepoint: 83417 ns, Total: 3122167 ns
[2023-07-18T02:55:54.367+0000][1][safepoint    ] Safepoint "Cleanup", Time since last: 1004678875 ns, Reaching safepoint: 1443209 ns, At safepoint: 37458 ns, Total: 1480667 ns
[2023-07-18T02:55:55.371+0000][1][safepoint    ] Safepoint "Cleanup", Time since last: 1000874375 ns, Reaching safepoint: 2647292 ns, At safepoint: 81583 ns, Total: 2728875 ns
[2023-07-18T02:55:56.375+0000][1][safepoint    ] Safepoint "Cleanup", Time since last: 1001183709 ns, Reaching safepoint: 2736709 ns, At safepoint: 85250 ns, Total: 2821959 ns
[2023-07-18T02:55:57.377+0000][1][safepoint    ] Safepoint "Cleanup", Time since last: 1001409125 ns, Reaching safepoint: 709625 ns, At safepoint: 17875 ns, Total: 727500 ns
[2023-07-18T02:55:58.381+0000][1][safepoint    ] Safepoint "Cleanup", Time since last: 1000751959 ns, Reaching safepoint: 3225541 ns, At safepoint: 94167 ns, Total: 3319708 ns
[2023-07-18T02:55:59.384+0000][1][safepoint    ] Safepoint "Cleanup", Time since last: 1001678751 ns, Reaching safepoint: 1637333 ns, At safepoint: 64625 ns, Total: 1701958 ns
[2023-07-18T02:56:00.326+0000][1][safepoint    ] Safepoint "RevokeBias", Time since last: 939615750 ns, Reaching safepoint: 2232167 ns, At safepoint: 461417 ns, Total: 2693584 ns
[2023-07-18T02:56:01.328+0000][1][safepoint    ] Safepoint "Cleanup", Time since last: 1000648625 ns, Reaching safepoint: 1131542 ns, At safepoint: 39250 ns, Total: 1170792 ns
[2023-07-18T02:56:02.331+0000][1][safepoint    ] Safepoint "Cleanup", Time since last: 1000649500 ns, Reaching safepoint: 2411292 ns, At safepoint: 76208 ns, Total: 2487500 ns
[2023-07-18T02:56:03.335+0000][1][safepoint    ] Safepoint "Cleanup", Time since last: 1001327084 ns, Reaching safepoint: 2562834 ns, At safepoint: 93333 ns, Total: 2656167 ns
[2023-07-18T02:56:04.340+0000][1][safepoint    ] Safepoint "Cleanup", Time since last: 1002238917 ns, Reaching safepoint: 2716792 ns, At safepoint: 83500 ns, Total: 2800292 ns
[2023-07-18T02:56:05.345+0000][1][safepoint    ] Safepoint "Cleanup", Time since last: 1001411708 ns, Reaching safepoint: 3014792 ns, At safepoint: 85000 ns, Total: 3099792 ns
[2023-07-18T02:56:06.349+0000][1][safepoint    ] Safepoint "Cleanup", Time since last: 1001364292 ns, Reaching safepoint: 2370667 ns, At safepoint: 71792 ns, Total: 2442459 ns
[2023-07-18T02:56:07.354+0000][1][safepoint    ] Safepoint "Cleanup", Time since last: 1001871333 ns, Reaching safepoint: 3150709 ns, At safepoint: 80125 ns, Total: 3230834 ns
[2023-07-18T02:56:08.356+0000][1][safepoint    ] Safepoint "Cleanup", Time since last: 1001090917 ns, Reaching safepoint: 1150667 ns, At safepoint: 28125 ns, Total: 1178792 ns
[2023-07-18T02:56:09.361+0000][1][safepoint    ] Safepoint "Cleanup", Time since last: 1000841458 ns, Reaching safepoint: 4009459 ns, At safepoint: 116666 ns, Total: 4126125 ns
[2023-07-18T02:56:10.340+0000][1][safepoint    ] Safepoint "RevokeBias", Time since last: 976478834 ns, Reaching safepoint: 1976917 ns, At safepoint: 363042 ns, Total: 2339959 ns
[2023-07-18T02:56:11.344+0000][1][safepoint    ] Safepoint "Cleanup", Time since last: 1000916041 ns, Reaching safepoint: 2331125 ns, At safepoint: 74584 ns, Total: 2405709 ns
[2023-07-18T02:56:12.347+0000][1][safepoint    ] Safepoint "Cleanup", Time since last: 1002041750 ns, Reaching safepoint: 1291834 ns, At safepoint: 33333 ns, Total: 1325167 ns
[2023-07-18T02:56:13.350+0000][1][safepoint    ] Safepoint "Cleanup", Time since last: 1000886417 ns, Reaching safepoint: 1476875 ns, At safepoint: 43167 ns, Total: 1520042 ns
[2023-07-18T02:56:14.354+0000][1][safepoint    ] Safepoint "Cleanup", Time since last: 1002518958 ns, Reaching safepoint: 2267042 ns, At safepoint: 69708 ns, Total: 2336750 ns
[2023-07-18T02:56:15.361+0000][1][safepoint    ] Safepoint "Cleanup", Time since last: 1004800709 ns, Reaching safepoint: 1266292 ns, At safepoint: 33292 ns, Total: 1299584 ns
[2023-07-18T02:56:16.365+0000][1][safepoint    ] Safepoint "Cleanup", Time since last: 1003361375 ns, Reaching safepoint: 721542 ns, At safepoint: 15041 ns, Total: 736583 ns
[2023-07-18T02:56:17.369+0000][1][safepoint    ] Safepoint "Cleanup", Time since last: 1001410459 ns, Reaching safepoint: 3091250 ns, At safepoint: 89750 ns, Total: 3181000 ns
[2023-07-18T02:56:18.377+0000][1][safepoint    ] Safepoint "Cleanup", Time since last: 1004578126 ns, Reaching safepoint: 3043166 ns, At safepoint: 88042 ns, Total: 3131208 ns
[2023-07-18T02:56:19.380+0000][1][safepoint    ] Safepoint "Cleanup", Time since last: 1001535126 ns, Reaching safepoint: 1810083 ns, At safepoint: 46500 ns, Total: 1856583 ns
[2023-07-18T02:56:20.338+0000][1][safepoint    ] Safepoint "RevokeBias", Time since last: 955586042 ns, Reaching safepoint: 1940333 ns, At safepoint: 411459 ns, Total: 2351792 ns
[2023-07-18T02:56:21.341+0000][1][safepoint    ] Safepoint "Cleanup", Time since last: 1001378167 ns, Reaching safepoint: 1358791 ns, At safepoint: 27917 ns, Total: 1386708 ns
[2023-07-18T02:56:22.347+0000][1][safepoint    ] Safepoint "Cleanup", Time since last: 1001969376 ns, Reaching safepoint: 3371166 ns, At safepoint: 164334 ns, Total: 3535500 ns
[2023-07-18T02:56:23.351+0000][1][safepoint    ] Safepoint "Cleanup", Time since last: 1001737833 ns, Reaching safepoint: 2576959 ns, At safepoint: 75666 ns, Total: 2652625 ns
[2023-07-18T02:56:24.353+0000][1][safepoint    ] Safepoint "Cleanup", Time since last: 1001226668 ns, Reaching safepoint: 964791 ns, At safepoint: 25667 ns, Total: 990458 ns
[2023-07-18T02:56:25.359+0000][1][safepoint    ] Safepoint "Cleanup", Time since last: 1002574792 ns, Reaching safepoint: 2825292 ns, At safepoint: 90666 ns, Total: 2915958 ns
[2023-07-18T02:56:26.362+0000][1][safepoint    ] Safepoint "Cleanup", Time since last: 1002752043 ns, Reaching safepoint: 940375 ns, At safepoint: 25041 ns, Total: 965416 ns
[2023-07-18T02:56:27.368+0000][1][safepoint    ] Safepoint "Cleanup", Time since last: 1004896876 ns, Reaching safepoint: 852041 ns, At safepoint: 20459 ns, Total: 872500 ns
[2023-07-18T02:56:28.372+0000][1][safepoint    ] Safepoint "Cleanup", Time since last: 1000842792 ns, Reaching safepoint: 2493625 ns, At safepoint: 60875 ns, Total: 2554500 ns
[2023-07-18T02:56:29.376+0000][1][safepoint    ] Safepoint "Cleanup", Time since last: 1002119875 ns, Reaching safepoint: 1970625 ns, At safepoint: 52084 ns, Total: 2022709 ns
[2023-07-18T02:56:30.379+0000][1][safepoint    ] Safepoint "Cleanup", Time since last: 1002403167 ns, Reaching safepoint: 1362875 ns, At safepoint: 22625 ns, Total: 1385500 ns
[2023-07-18T02:56:30.487+0000][1][safepoint    ] Safepoint "RevokeBias", Time since last: 104619208 ns, Reaching safepoint: 1960084 ns, At safepoint: 752125 ns, Total: 2712209 ns
[2023-07-18T02:56:31.491+0000][1][safepoint    ] Safepoint "Cleanup", Time since last: 1000858500 ns, Reaching safepoint: 2692375 ns, At safepoint: 170583 ns, Total: 2862958 ns
[2023-07-18T02:56:32.499+0000][1][safepoint    ] Safepoint "Cleanup", Time since last: 1004466417 ns, Reaching safepoint: 4173292 ns, At safepoint: 65292 ns, Total: 4238584 ns
[2023-07-18T02:56:33.504+0000][1][safepoint    ] Safepoint "Cleanup", Time since last: 1001294542 ns, Reaching safepoint: 2989625 ns, At safepoint: 121042 ns, Total: 3110667 ns
[2023-07-18T02:56:34.506+0000][1][safepoint    ] Safepoint "Cleanup", Time since last: 1001657542 ns, Reaching safepoint: 778125 ns, At safepoint: 16125 ns, Total: 794250 ns
[2023-07-18T02:56:35.507+0000][1][safepoint    ] Safepoint "Cleanup", Time since last: 1000523667 ns, Reaching safepoint: 693958 ns, At safepoint: 17667 ns, Total: 711625 ns
[2023-07-18T02:56:36.510+0000][1][safepoint    ] Safepoint "Cleanup", Time since last: 1000956875 ns, Reaching safepoint: 1747834 ns, At safepoint: 43708 ns, Total: 1791542 ns
[2023-07-18T02:56:37.519+0000][1][safepoint    ] Safepoint "Cleanup", Time since last: 1002440834 ns, Reaching safepoint: 5726542 ns, At safepoint: 181250 ns, Total: 5907792 ns
[2023-07-18T02:56:38.524+0000][1][safepoint    ] Safepoint "Cleanup", Time since last: 1002600625 ns, Reaching safepoint: 2990292 ns, At safepoint: 87875 ns, Total: 3078167 ns
[2023-07-18T02:56:39.528+0000][1][safepoint    ] Safepoint "Cleanup", Time since last: 1003236167 ns, Reaching safepoint: 1132083 ns, At safepoint: 37792 ns, Total: 1169875 ns
[2023-07-18T02:56:39.556+0000][1][safepoint    ] Safepoint "RevokeBias", Time since last: 25165166 ns, Reaching safepoint: 942625 ns, At safepoint: 1456375 ns, Total: 2399000 ns
[2023-07-18T02:56:39.597+0000][1][safepoint    ] Safepoint "RevokeBias", Time since last: 39819626 ns, Reaching safepoint: 520500 ns, At safepoint: 420250 ns, Total: 940750 ns
[2023-07-18T02:56:40.599+0000][1][safepoint    ] Safepoint "Cleanup", Time since last: 1000473583 ns, Reaching safepoint: 1338084 ns, At safepoint: 22916 ns, Total: 1361000 ns
[2023-07-18T02:56:41.603+0000][1][safepoint    ] Safepoint "Cleanup", Time since last: 1001294333 ns, Reaching safepoint: 2422167 ns, At safepoint: 97708 ns, Total: 2519875 ns
[2023-07-18T02:56:42.608+0000][1][safepoint    ] Safepoint "Cleanup", Time since last: 1001632334 ns, Reaching safepoint: 3697084 ns, At safepoint: 129791 ns, Total: 3826875 ns
[2023-07-18T02:56:43.611+0000][1][safepoint    ] Safepoint "Cleanup", Time since last: 1002006709 ns, Reaching safepoint: 661417 ns, At safepoint: 18833 ns, Total: 680250 ns
[2023-07-18T02:56:44.616+0000][1][safepoint    ] Safepoint "Cleanup", Time since last: 1001126751 ns, Reaching safepoint: 3991708 ns, At safepoint: 174417 ns, Total: 4166125 ns
[2023-07-18T02:56:45.620+0000][1][safepoint    ] Safepoint "Cleanup", Time since last: 1002083958 ns, Reaching safepoint: 2195250 ns, At safepoint: 82042 ns, Total: 2277292 ns
[2023-07-18T02:56:46.624+0000][1][safepoint    ] Safepoint "Cleanup", Time since last: 1001191334 ns, Reaching safepoint: 2702583 ns, At safepoint: 77084 ns, Total: 2779667 ns
[2023-07-18T02:56:47.629+0000][1][safepoint    ] Safepoint "Cleanup", Time since last: 1001213000 ns, Reaching safepoint: 3603750 ns, At safepoint: 118917 ns, Total: 3722667 ns
[2023-07-18T02:56:48.636+0000][1][safepoint    ] Safepoint "Cleanup", Time since last: 1003837375 ns, Reaching safepoint: 2727875 ns, At safepoint: 80500 ns, Total: 2808375 ns
[2023-07-18T02:56:49.642+0000][1][safepoint    ] Safepoint "Cleanup", Time since last: 1001053834 ns, Reaching safepoint: 4501583 ns, At safepoint: 93375 ns, Total: 4594958 ns
[2023-07-18T02:56:50.313+0000][1][safepoint    ] Safepoint "RevokeBias", Time since last: 669535292 ns, Reaching safepoint: 1798584 ns, At safepoint: 495875 ns, Total: 2294459 ns
[2023-07-18T02:56:50.369+0000][1][gc,start     ] GC(23) Pause Young (Allocation Failure)
[2023-07-18T02:56:50.371+0000][1][gc,task      ] GC(23) Using 4 workers of 4 for evacuation
[2023-07-18T02:56:50.437+0000][1][gc,age       ] GC(23) Desired survivor size 8945664 bytes, new threshold 6 (max threshold 6)
[2023-07-18T02:56:50.438+0000][1][gc,age       ] GC(23) Age table with threshold 6 (max threshold 6)
[2023-07-18T02:56:50.438+0000][1][gc,age       ] GC(23) - age   1:     384528 bytes,     384528 total
[2023-07-18T02:56:50.438+0000][1][gc,age       ] GC(23) - age   2:     438488 bytes,     823016 total
[2023-07-18T02:56:50.438+0000][1][gc,age       ] GC(23) - age   3:      14744 bytes,     837760 total
[2023-07-18T02:56:50.438+0000][1][gc,age       ] GC(23) - age   4:       7928 bytes,     845688 total
[2023-07-18T02:56:50.438+0000][1][gc,age       ] GC(23) - age   5:      43024 bytes,     888712 total
[2023-07-18T02:56:50.438+0000][1][gc,age       ] GC(23) - age   6:     280632 bytes,    1169344 total
[2023-07-18T02:56:50.440+0000][1][gc,heap      ] GC(23) ParNew: 146515K->3196K(157248K)
[2023-07-18T02:56:50.440+0000][1][gc,heap      ] GC(23) CMS: 64012K->67238K(349568K)
[2023-07-18T02:56:50.440+0000][1][gc,metaspace ] GC(23) Metaspace: 88567K->88567K(1130496K)
[2023-07-18T02:56:50.441+0000][1][gc           ] GC(23) Pause Young (Allocation Failure) 205M->68M(494M) 71.933ms
[2023-07-18T02:56:50.441+0000][1][gc,cpu       ] GC(23) User=0.16s Sys=0.02s Real=0.07s
[2023-07-18T02:56:50.441+0000][1][safepoint    ] Safepoint "GenCollectForAllocation", Time since last: 53740583 ns, Reaching safepoint: 1317083 ns, At safepoint: 72978459 ns, Total: 74295542 ns
[2023-07-18T02:56:51.446+0000][1][safepoint    ] Safepoint "Cleanup", Time since last: 1002273917 ns, Reaching safepoint: 1781583 ns, At safepoint: 51334 ns, Total: 1832917 ns
[2023-07-18T02:56:52.449+0000][1][safepoint    ] Safepoint "Cleanup", Time since last: 1001164833 ns, Reaching safepoint: 1919209 ns, At safepoint: 45583 ns, Total: 1964792 ns
[2023-07-18T02:56:53.451+0000][1][safepoint    ] Safepoint "Cleanup", Time since last: 1000826459 ns, Reaching safepoint: 1850083 ns, At safepoint: 54417 ns, Total: 1904500 ns
[2023-07-18T02:56:54.453+0000][1][safepoint    ] Safepoint "Cleanup", Time since last: 1000844584 ns, Reaching safepoint: 1013458 ns, At safepoint: 27500 ns, Total: 1040958 ns
[2023-07-18T02:56:55.459+0000][1][safepoint    ] Safepoint "Cleanup", Time since last: 1002212417 ns, Reaching safepoint: 2956292 ns, At safepoint: 86083 ns, Total: 3042375 ns
[2023-07-18T02:56:56.461+0000][1][safepoint    ] Safepoint "Cleanup", Time since last: 1001241334 ns, Reaching safepoint: 963958 ns, At safepoint: 27417 ns, Total: 991375 ns
[2023-07-18T02:56:57.464+0000][1][safepoint    ] Safepoint "Cleanup", Time since last: 1002252792 ns, Reaching safepoint: 1398708 ns, At safepoint: 23292 ns, Total: 1422000 ns
[2023-07-18T02:56:58.469+0000][1][safepoint    ] Safepoint "Cleanup", Time since last: 1001388584 ns, Reaching safepoint: 2926708 ns, At safepoint: 111625 ns, Total: 3038333 ns
[2023-07-18T02:56:59.471+0000][1][safepoint    ] Safepoint "Cleanup", Time since last: 1000988667 ns, Reaching safepoint: 1176459 ns, At safepoint: 23458 ns, Total: 1199917 ns
[2023-07-18T02:57:00.473+0000][1][safepoint    ] Safepoint "Cleanup", Time since last: 1000601042 ns, Reaching safepoint: 929083 ns, At safepoint: 19834 ns, Total: 948917 ns
[2023-07-18T02:57:00.488+0000][1][safepoint    ] Safepoint "RevokeBias", Time since last: 12713708 ns, Reaching safepoint: 1748125 ns, At safepoint: 672500 ns, Total: 2420625 ns
[2023-07-18T02:57:01.489+0000][1][safepoint    ] Safepoint "Cleanup", Time since last: 1000465209 ns, Reaching safepoint: 1132458 ns, At safepoint: 33125 ns, Total: 1165583 ns
[2023-07-18T02:57:02.492+0000][1][safepoint    ] Safepoint "Cleanup", Time since last: 1000975542 ns, Reaching safepoint: 1663417 ns, At safepoint: 34708 ns, Total: 1698125 ns
[2023-07-18T02:57:03.496+0000][1][safepoint    ] Safepoint "Cleanup", Time since last: 1001090876 ns, Reaching safepoint: 2535292 ns, At safepoint: 95166 ns, Total: 2630458 ns
[2023-07-18T02:57:04.499+0000][1][safepoint    ] Safepoint "Cleanup", Time since last: 1002566626 ns, Reaching safepoint: 843000 ns, At safepoint: 26291 ns, Total: 869291 ns
[2023-07-18T02:57:05.503+0000][1][safepoint    ] Safepoint "Cleanup", Time since last: 1001848543 ns, Reaching safepoint: 1804583 ns, At safepoint: 57833 ns, Total: 1862416 ns
[2023-07-18T02:57:06.505+0000][1][safepoint    ] Safepoint "Cleanup", Time since last: 1000833209 ns, Reaching safepoint: 1165542 ns, At safepoint: 41875 ns, Total: 1207417 ns
[2023-07-18T02:57:07.507+0000][1][safepoint    ] Safepoint "Cleanup", Time since last: 1000671584 ns, Reaching safepoint: 839458 ns, At safepoint: 22292 ns, Total: 861750 ns
[2023-07-18T02:57:08.510+0000][1][safepoint    ] Safepoint "Cleanup", Time since last: 1000946292 ns, Reaching safepoint: 2540541 ns, At safepoint: 60750 ns, Total: 2601291 ns
[2023-07-18T02:57:09.512+0000][1][safepoint    ] Safepoint "Cleanup", Time since last: 1000823876 ns, Reaching safepoint: 705083 ns, At safepoint: 23125 ns, Total: 728208 ns
[2023-07-18T02:57:10.352+0000][1][safepoint    ] Safepoint "RevokeBias", Time since last: 837163001 ns, Reaching safepoint: 2383666 ns, At safepoint: 455334 ns, Total: 2839000 ns
[2023-07-18T02:57:11.359+0000][1][safepoint    ] Safepoint "Cleanup", Time since last: 1004238375 ns, Reaching safepoint: 2936416 ns, At safepoint: 87209 ns, Total: 3023625 ns
[2023-07-18T02:57:12.361+0000][1][safepoint    ] Safepoint "Cleanup", Time since last: 1001109625 ns, Reaching safepoint: 632167 ns, At safepoint: 27958 ns, Total: 660125 ns
[2023-07-18T02:57:13.362+0000][1][safepoint    ] Safepoint "Cleanup", Time since last: 1000408501 ns, Reaching safepoint: 964833 ns, At safepoint: 30167 ns, Total: 995000 ns
[2023-07-18T02:57:14.371+0000][1][safepoint    ] Safepoint "Cleanup", Time since last: 1006861708 ns, Reaching safepoint: 1412125 ns, At safepoint: 33292 ns, Total: 1445417 ns
[2023-07-18T02:57:15.374+0000][1][safepoint    ] Safepoint "Cleanup", Time since last: 1001936167 ns, Reaching safepoint: 1203584 ns, At safepoint: 28958 ns, Total: 1232542 ns
[2023-07-18T02:57:16.378+0000][1][safepoint    ] Safepoint "Cleanup", Time since last: 1002397375 ns, Reaching safepoint: 1591459 ns, At safepoint: 39000 ns, Total: 1630459 ns
[2023-07-18T02:57:17.382+0000][1][safepoint    ] Safepoint "Cleanup", Time since last: 1001662500 ns, Reaching safepoint: 1942459 ns, At safepoint: 60791 ns, Total: 2003250 ns
[2023-07-18T02:57:18.383+0000][1][safepoint    ] Safepoint "Cleanup", Time since last: 1000619542 ns, Reaching safepoint: 841875 ns, At safepoint: 24500 ns, Total: 866375 ns
[2023-07-18T02:57:19.388+0000][1][safepoint    ] Safepoint "Cleanup", Time since last: 1001137459 ns, Reaching safepoint: 3502125 ns, At safepoint: 90209 ns, Total: 3592334 ns
[2023-07-18T02:57:20.346+0000][1][safepoint    ] Safepoint "RevokeBias", Time since last: 955626375 ns, Reaching safepoint: 1924208 ns, At safepoint: 388042 ns, Total: 2312250 ns
[2023-07-18T02:57:21.348+0000][1][safepoint    ] Safepoint "Cleanup", Time since last: 1001258917 ns, Reaching safepoint: 950250 ns, At safepoint: 21042 ns, Total: 971292 ns
[2023-07-18T02:57:22.350+0000][1][safepoint    ] Safepoint "Cleanup", Time since last: 1000950542 ns, Reaching safepoint: 793042 ns, At safepoint: 22333 ns, Total: 815375 ns
[2023-07-18T02:57:23.355+0000][1][safepoint    ] Safepoint "Cleanup", Time since last: 1001471250 ns, Reaching safepoint: 3230042 ns, At safepoint: 85208 ns, Total: 3315250 ns
[2023-07-18T02:57:24.361+0000][1][safepoint    ] Safepoint "Cleanup", Time since last: 1002731043 ns, Reaching safepoint: 3389250 ns, At safepoint: 77333 ns, Total: 3466583 ns
[2023-07-18T02:57:25.365+0000][1][safepoint    ] Safepoint "Cleanup", Time since last: 1003316125 ns, Reaching safepoint: 955209 ns, At safepoint: 40375 ns, Total: 995584 ns
[2023-07-18T02:57:26.370+0000][1][safepoint    ] Safepoint "Cleanup", Time since last: 1001112417 ns, Reaching safepoint: 3373083 ns, At safepoint: 85084 ns, Total: 3458167 ns
[2023-07-18T02:57:27.373+0000][1][safepoint    ] Safepoint "Cleanup", Time since last: 1002256833 ns, Reaching safepoint: 827584 ns, At safepoint: 23625 ns, Total: 851209 ns
[2023-07-18T02:57:28.376+0000][1][safepoint    ] Safepoint "Cleanup", Time since last: 1001650917 ns, Reaching safepoint: 1737166 ns, At safepoint: 47584 ns, Total: 1784750 ns
[2023-07-18T02:57:29.380+0000][1][safepoint    ] Safepoint "Cleanup", Time since last: 1001019334 ns, Reaching safepoint: 2287916 ns, At safepoint: 75125 ns, Total: 2363041 ns
[2023-07-18T02:57:30.322+0000][1][safepoint    ] Safepoint "RevokeBias", Time since last: 940395667 ns, Reaching safepoint: 1917167 ns, At safepoint: 371792 ns, Total: 2288959 ns
[2023-07-18T02:57:31.326+0000][1][safepoint    ] Safepoint "Cleanup", Time since last: 1000663084 ns, Reaching safepoint: 3118000 ns, At safepoint: 77125 ns, Total: 3195125 ns
[2023-07-18T02:57:32.330+0000][1][safepoint    ] Safepoint "Cleanup", Time since last: 1001172250 ns, Reaching safepoint: 2636958 ns, At safepoint: 74667 ns, Total: 2711625 ns
[2023-07-18T02:57:33.333+0000][1][safepoint    ] Safepoint "Cleanup", Time since last: 1001530459 ns, Reaching safepoint: 1276958 ns, At safepoint: 41084 ns, Total: 1318042 ns
[2023-07-18T02:57:34.335+0000][1][safepoint    ] Safepoint "Cleanup", Time since last: 1000879667 ns, Reaching safepoint: 1228125 ns, At safepoint: 41041 ns, Total: 1269166 ns
[2023-07-18T02:57:35.340+0000][1][safepoint    ] Safepoint "Cleanup", Time since last: 1000757001 ns, Reaching safepoint: 3693125 ns, At safepoint: 88791 ns, Total: 3781916 ns
[2023-07-18T02:57:36.345+0000][1][safepoint    ] Safepoint "Cleanup", Time since last: 1002916543 ns, Reaching safepoint: 2044791 ns, At safepoint: 64625 ns, Total: 2109416 ns
[2023-07-18T02:57:37.347+0000][1][safepoint    ] Safepoint "Cleanup", Time since last: 1000991917 ns, Reaching safepoint: 979709 ns, At safepoint: 37458 ns, Total: 1017167 ns
[2023-07-18T02:57:38.350+0000][1][safepoint    ] Safepoint "Cleanup", Time since last: 1000845542 ns, Reaching safepoint: 2022459 ns, At safepoint: 59583 ns, Total: 2082042 ns
[2023-07-18T02:57:39.356+0000][1][safepoint    ] Safepoint "Cleanup", Time since last: 1003346750 ns, Reaching safepoint: 2807875 ns, At safepoint: 80417 ns, Total: 2888292 ns
[2023-07-18T02:57:40.343+0000][1][safepoint    ] Safepoint "BulkRevokeBias", Time since last: 982833834 ns, Reaching safepoint: 1824375 ns, At safepoint: 3030500 ns, Total: 4854875 ns
[2023-07-18T02:57:40.510+0000][1][safepoint    ] Safepoint "RevokeBias", Time since last: 165769083 ns, Reaching safepoint: 892917 ns, At safepoint: 89292 ns, Total: 982209 ns
[2023-07-18T02:57:40.526+0000][1][safepoint    ] Safepoint "RevokeBias", Time since last: 14308833 ns, Reaching safepoint: 1314708 ns, At safepoint: 84625 ns, Total: 1399333 ns
[2023-07-18T02:57:40.535+0000][1][safepoint    ] Safepoint "RevokeBias", Time since last: 4833709 ns, Reaching safepoint: 2245791 ns, At safepoint: 1960917 ns, Total: 4206708 ns
[2023-07-18T02:57:40.549+0000][1][safepoint    ] Safepoint "RevokeBias", Time since last: 11964917 ns, Reaching safepoint: 1900166 ns, At safepoint: 120334 ns, Total: 2020500 ns
[2023-07-18T02:57:40.586+0000][1][safepoint    ] Safepoint "RevokeBias", Time since last: 34849291 ns, Reaching safepoint: 1741084 ns, At safepoint: 92625 ns, Total: 1833709 ns
[2023-07-18T02:57:41.588+0000][1][safepoint    ] Safepoint "Cleanup", Time since last: 1000556166 ns, Reaching safepoint: 1802542 ns, At safepoint: 42875 ns, Total: 1845417 ns
[2023-07-18T02:57:42.591+0000][1][safepoint    ] Safepoint "Cleanup", Time since last: 1000759875 ns, Reaching safepoint: 1527917 ns, At safepoint: 38667 ns, Total: 1566584 ns
[2023-07-18T02:57:43.596+0000][1][safepoint    ] Safepoint "Cleanup", Time since last: 1003875583 ns, Reaching safepoint: 1338292 ns, At safepoint: 30875 ns, Total: 1369167 ns
[2023-07-18T02:57:44.600+0000][1][safepoint    ] Safepoint "Cleanup", Time since last: 1001296876 ns, Reaching safepoint: 2916375 ns, At safepoint: 68166 ns, Total: 2984541 ns
[2023-07-18T02:57:45.603+0000][1][safepoint    ] Safepoint "Cleanup", Time since last: 1001574292 ns, Reaching safepoint: 1338875 ns, At safepoint: 41125 ns, Total: 1380000 ns
[2023-07-18T02:57:46.608+0000][1][safepoint    ] Safepoint "Cleanup", Time since last: 1001048918 ns, Reaching safepoint: 3345250 ns, At safepoint: 81083 ns, Total: 3426333 ns
[2023-07-18T02:57:47.611+0000][1][safepoint    ] Safepoint "Cleanup", Time since last: 1001346209 ns, Reaching safepoint: 2199708 ns, At safepoint: 52333 ns, Total: 2252041 ns
[2023-07-18T02:57:48.614+0000][1][safepoint    ] Safepoint "Cleanup", Time since last: 1001563126 ns, Reaching safepoint: 687792 ns, At safepoint: 22125 ns, Total: 709917 ns
[2023-07-18T02:57:49.616+0000][1][safepoint    ] Safepoint "Cleanup", Time since last: 1000535000 ns, Reaching safepoint: 1968708 ns, At safepoint: 67709 ns, Total: 2036417 ns
[2023-07-18T02:57:50.361+0000][1][safepoint    ] Safepoint "RevokeBias", Time since last: 742091417 ns, Reaching safepoint: 2236916 ns, At safepoint: 379875 ns, Total: 2616791 ns
[2023-07-18T02:57:51.362+0000][1][safepoint    ] Safepoint "Cleanup", Time since last: 1000417001 ns, Reaching safepoint: 914583 ns, At safepoint: 20750 ns, Total: 935333 ns
[2023-07-18T02:57:52.367+0000][1][safepoint    ] Safepoint "Cleanup", Time since last: 1001784251 ns, Reaching safepoint: 2850666 ns, At safepoint: 94667 ns, Total: 2945333 ns
[2023-07-18T02:57:53.369+0000][1][safepoint    ] Safepoint "Cleanup", Time since last: 1000807459 ns, Reaching safepoint: 810333 ns, At safepoint: 16667 ns, Total: 827000 ns
[2023-07-18T02:57:54.372+0000][1][safepoint    ] Safepoint "Cleanup", Time since last: 1000648500 ns, Reaching safepoint: 3104250 ns, At safepoint: 104459 ns, Total: 3208709 ns
[2023-07-18T02:57:55.377+0000][1][safepoint    ] Safepoint "Cleanup", Time since last: 1001470500 ns, Reaching safepoint: 2783042 ns, At safepoint: 69291 ns, Total: 2852333 ns
[2023-07-18T02:57:56.379+0000][1][safepoint    ] Safepoint "Cleanup", Time since last: 1001638334 ns, Reaching safepoint: 1099750 ns, At safepoint: 27625 ns, Total: 1127375 ns
[2023-07-18T02:57:57.385+0000][1][safepoint    ] Safepoint "Cleanup", Time since last: 1001237917 ns, Reaching safepoint: 3789917 ns, At safepoint: 100875 ns, Total: 3890792 ns
[2023-07-18T02:57:58.390+0000][1][safepoint    ] Safepoint "Cleanup", Time since last: 1002610667 ns, Reaching safepoint: 2842917 ns, At safepoint: 98875 ns, Total: 2941792 ns
[2023-07-18T02:57:59.394+0000][1][safepoint    ] Safepoint "Cleanup", Time since last: 1002427417 ns, Reaching safepoint: 1495125 ns, At safepoint: 34917 ns, Total: 1530042 ns
[2023-07-18T02:58:00.396+0000][1][safepoint    ] Safepoint "Cleanup", Time since last: 1000674417 ns, Reaching safepoint: 1493625 ns, At safepoint: 35208 ns, Total: 1528833 ns
[2023-07-18T02:58:00.466+0000][1][safepoint    ] Safepoint "RevokeBias", Time since last: 67238750 ns, Reaching safepoint: 2326292 ns, At safepoint: 474333 ns, Total: 2800625 ns
[2023-07-18T02:58:01.469+0000][1][safepoint    ] Safepoint "Cleanup", Time since last: 1000643376 ns, Reaching safepoint: 1655416 ns, At safepoint: 35667 ns, Total: 1691083 ns
[2023-07-18T02:58:02.474+0000][1][safepoint    ] Safepoint "Cleanup", Time since last: 1000950459 ns, Reaching safepoint: 4050958 ns, At safepoint: 103792 ns, Total: 4154750 ns
[2023-07-18T02:58:03.478+0000][1][safepoint    ] Safepoint "Cleanup", Time since last: 1001218292 ns, Reaching safepoint: 3209667 ns, At safepoint: 132458 ns, Total: 3342125 ns
[2023-07-18T02:58:04.481+0000][1][safepoint    ] Safepoint "Cleanup", Time since last: 1001243834 ns, Reaching safepoint: 1406500 ns, At safepoint: 29375 ns, Total: 1435875 ns
[2023-07-18T02:58:05.483+0000][1][safepoint    ] Safepoint "Cleanup", Time since last: 1001602750 ns, Reaching safepoint: 730084 ns, At safepoint: 17958 ns, Total: 748042 ns
[2023-07-18T02:58:06.485+0000][1][safepoint    ] Safepoint "Cleanup", Time since last: 1000478500 ns, Reaching safepoint: 1370625 ns, At safepoint: 32292 ns, Total: 1402917 ns
[2023-07-18T02:58:07.488+0000][1][safepoint    ] Safepoint "Cleanup", Time since last: 1001434667 ns, Reaching safepoint: 1227459 ns, At safepoint: 27708 ns, Total: 1255167 ns
[2023-07-18T02:58:08.492+0000][1][safepoint    ] Safepoint "Cleanup", Time since last: 1000879417 ns, Reaching safepoint: 2963708 ns, At safepoint: 75292 ns, Total: 3039000 ns
[2023-07-18T02:58:09.496+0000][1][safepoint    ] Safepoint "Cleanup", Time since last: 1001189625 ns, Reaching safepoint: 2614875 ns, At safepoint: 128917 ns, Total: 2743792 ns
[2023-07-18T02:58:10.498+0000][1][safepoint    ] Safepoint "Cleanup", Time since last: 1001232834 ns, Reaching safepoint: 1060542 ns, At safepoint: 17125 ns, Total: 1077667 ns
[2023-07-18T02:58:11.500+0000][1][safepoint    ] Safepoint "Cleanup", Time since last: 1000423416 ns, Reaching safepoint: 1229958 ns, At safepoint: 30375 ns, Total: 1260333 ns
[2023-07-18T02:58:12.503+0000][1][safepoint    ] Safepoint "Cleanup", Time since last: 1001006001 ns, Reaching safepoint: 1406375 ns, At safepoint: 30167 ns, Total: 1436542 ns
[2023-07-18T02:58:13.507+0000][1][safepoint    ] Safepoint "Cleanup", Time since last: 1000931083 ns, Reaching safepoint: 3384084 ns, At safepoint: 81500 ns, Total: 3465584 ns
[2023-07-18T02:58:14.513+0000][1][safepoint    ] Safepoint "Cleanup", Time since last: 1001649625 ns, Reaching safepoint: 3671834 ns, At safepoint: 104500 ns, Total: 3776334 ns
[2023-07-18T02:58:15.517+0000][1][safepoint    ] Safepoint "Cleanup", Time since last: 1002599750 ns, Reaching safepoint: 1562583 ns, At safepoint: 50625 ns, Total: 1613208 ns
[2023-07-18T02:58:16.519+0000][1][safepoint    ] Safepoint "Cleanup", Time since last: 1001106626 ns, Reaching safepoint: 1451500 ns, At safepoint: 43417 ns, Total: 1494917 ns
[2023-07-18T02:58:17.522+0000][1][safepoint    ] Safepoint "Cleanup", Time since last: 1001645625 ns, Reaching safepoint: 916375 ns, At safepoint: 23167 ns, Total: 939542 ns
[2023-07-18T02:58:18.525+0000][1][safepoint    ] Safepoint "Cleanup", Time since last: 1001338167 ns, Reaching safepoint: 1744625 ns, At safepoint: 47500 ns, Total: 1792125 ns
[2023-07-18T02:58:19.529+0000][1][safepoint    ] Safepoint "Cleanup", Time since last: 1001504667 ns, Reaching safepoint: 1921333 ns, At safepoint: 47459 ns, Total: 1968792 ns
[2023-07-18T02:58:20.357+0000][1][safepoint    ] Safepoint "RevokeBias", Time since last: 826124000 ns, Reaching safepoint: 1937708 ns, At safepoint: 371167 ns, Total: 2308875 ns
[2023-07-18T02:58:21.359+0000][1][safepoint    ] Safepoint "Cleanup", Time since last: 1000455792 ns, Reaching safepoint: 1524583 ns, At safepoint: 27834 ns, Total: 1552417 ns
[2023-07-18T02:58:22.364+0000][1][safepoint    ] Safepoint "Cleanup", Time since last: 1001066292 ns, Reaching safepoint: 3410875 ns, At safepoint: 85042 ns, Total: 3495917 ns
[2023-07-18T02:58:23.367+0000][1][safepoint    ] Safepoint "Cleanup", Time since last: 1001784792 ns, Reaching safepoint: 1982125 ns, At safepoint: 54458 ns, Total: 2036583 ns
[2023-07-18T02:58:24.374+0000][1][safepoint    ] Safepoint "Cleanup", Time since last: 1002572709 ns, Reaching safepoint: 3758083 ns, At safepoint: 107084 ns, Total: 3865167 ns
[2023-07-18T02:58:25.376+0000][1][safepoint    ] Safepoint "Cleanup", Time since last: 1001333500 ns, Reaching safepoint: 597208 ns, At safepoint: 19209 ns, Total: 616417 ns
[2023-07-18T02:58:26.378+0000][1][safepoint    ] Safepoint "Cleanup", Time since last: 1001442542 ns, Reaching safepoint: 963917 ns, At safepoint: 22458 ns, Total: 986375 ns
[2023-07-18T02:58:27.383+0000][1][safepoint    ] Safepoint "Cleanup", Time since last: 1000998667 ns, Reaching safepoint: 3530708 ns, At safepoint: 84917 ns, Total: 3615625 ns
[2023-07-18T02:58:28.385+0000][1][safepoint    ] Safepoint "Cleanup", Time since last: 1001266709 ns, Reaching safepoint: 1157458 ns, At safepoint: 21625 ns, Total: 1179083 ns
[2023-07-18T02:58:29.388+0000][1][safepoint    ] Safepoint "Cleanup", Time since last: 1001483001 ns, Reaching safepoint: 1007708 ns, At safepoint: 27375 ns, Total: 1035083 ns
[2023-07-18T02:58:30.392+0000][1][safepoint    ] Safepoint "Cleanup", Time since last: 1003073084 ns, Reaching safepoint: 1429541 ns, At safepoint: 33667 ns, Total: 1463208 ns
[2023-07-18T02:58:30.510+0000][1][safepoint    ] Safepoint "RevokeBias", Time since last: 115555792 ns, Reaching safepoint: 1983500 ns, At safepoint: 430250 ns, Total: 2413750 ns
[2023-07-18T02:58:31.513+0000][1][safepoint    ] Safepoint "Cleanup", Time since last: 1000662750 ns, Reaching safepoint: 2164125 ns, At safepoint: 47792 ns, Total: 2211917 ns
[2023-07-18T02:58:32.516+0000][1][safepoint    ] Safepoint "Cleanup", Time since last: 1001769750 ns, Reaching safepoint: 820959 ns, At safepoint: 28291 ns, Total: 849250 ns
[2023-07-18T02:58:33.520+0000][1][safepoint    ] Safepoint "Cleanup", Time since last: 1000622084 ns, Reaching safepoint: 3603959 ns, At safepoint: 79875 ns, Total: 3683834 ns
[2023-07-18T02:58:34.524+0000][1][safepoint    ] Safepoint "Cleanup", Time since last: 1001235292 ns, Reaching safepoint: 2995416 ns, At safepoint: 94250 ns, Total: 3089666 ns
[2023-07-18T02:58:35.529+0000][1][safepoint    ] Safepoint "Cleanup", Time since last: 1003300209 ns, Reaching safepoint: 1394709 ns, At safepoint: 31833 ns, Total: 1426542 ns
[2023-07-18T02:58:36.532+0000][1][safepoint    ] Safepoint "Cleanup", Time since last: 1001181500 ns, Reaching safepoint: 1456542 ns, At safepoint: 37625 ns, Total: 1494167 ns
[2023-07-18T02:58:37.535+0000][1][safepoint    ] Safepoint "Cleanup", Time since last: 1001786167 ns, Reaching safepoint: 1800000 ns, At safepoint: 49750 ns, Total: 1849750 ns
[2023-07-18T02:58:38.542+0000][1][safepoint    ] Safepoint "Cleanup", Time since last: 1002643542 ns, Reaching safepoint: 3620750 ns, At safepoint: 94042 ns, Total: 3714792 ns
[2023-07-18T02:58:39.550+0000][1][safepoint    ] Safepoint "Cleanup", Time since last: 1004398667 ns, Reaching safepoint: 3165500 ns, At safepoint: 210458 ns, Total: 3375958 ns
[2023-07-18T02:58:40.551+0000][1][safepoint    ] Safepoint "Cleanup", Time since last: 1001052709 ns, Reaching safepoint: 874375 ns, At safepoint: 20125 ns, Total: 894500 ns
[2023-07-18T02:58:41.554+0000][1][safepoint    ] Safepoint "Cleanup", Time since last: 1000742667 ns, Reaching safepoint: 1754750 ns, At safepoint: 31583 ns, Total: 1786333 ns
[2023-07-18T02:58:41.559+0000][1][safepoint    ] Safepoint "RevokeBias", Time since last: 4245167 ns, Reaching safepoint: 682083 ns, At safepoint: 82334 ns, Total: 764417 ns
[2023-07-18T02:58:41.562+0000][1][safepoint    ] Safepoint "RevokeBias", Time since last: 2258708 ns, Reaching safepoint: 568167 ns, At safepoint: 103416 ns, Total: 671583 ns
[2023-07-18T02:58:41.569+0000][1][safepoint    ] Safepoint "RevokeBias", Time since last: 6157792 ns, Reaching safepoint: 748583 ns, At safepoint: 143584 ns, Total: 892167 ns
[2023-07-18T02:58:41.582+0000][1][safepoint    ] Safepoint "RevokeBias", Time since last: 12437458 ns, Reaching safepoint: 571875 ns, At safepoint: 112708 ns, Total: 684583 ns
[2023-07-18T02:58:41.594+0000][1][safepoint    ] Safepoint "BulkRevokeBias", Time since last: 8254500 ns, Reaching safepoint: 1318292 ns, At safepoint: 2132042 ns, Total: 3450334 ns
[2023-07-18T02:58:42.597+0000][1][safepoint    ] Safepoint "Cleanup", Time since last: 1000859792 ns, Reaching safepoint: 1861167 ns, At safepoint: 34875 ns, Total: 1896042 ns
[2023-07-18T02:58:43.601+0000][1][safepoint    ] Safepoint "Cleanup", Time since last: 1001048042 ns, Reaching safepoint: 2815833 ns, At safepoint: 82375 ns, Total: 2898208 ns
[2023-07-18T02:58:44.606+0000][1][safepoint    ] Safepoint "Cleanup", Time since last: 1001743626 ns, Reaching safepoint: 3590041 ns, At safepoint: 91209 ns, Total: 3681250 ns
[2023-07-18T02:58:45.609+0000][1][safepoint    ] Safepoint "Cleanup", Time since last: 1001208000 ns, Reaching safepoint: 1274500 ns, At safepoint: 26875 ns, Total: 1301375 ns
[2023-07-18T02:58:46.610+0000][1][safepoint    ] Safepoint "Cleanup", Time since last: 1000732084 ns, Reaching safepoint: 554042 ns, At safepoint: 17708 ns, Total: 571750 ns
[2023-07-18T02:58:47.615+0000][1][safepoint    ] Safepoint "Cleanup", Time since last: 1000671500 ns, Reaching safepoint: 3892292 ns, At safepoint: 114083 ns, Total: 4006375 ns
[2023-07-18T02:58:47.792+0000][1][safepoint    ] Safepoint "RevokeBias", Time since last: 175514292 ns, Reaching safepoint: 1579208 ns, At safepoint: 60750 ns, Total: 1639958 ns
[2023-07-18T02:58:47.820+0000][1][safepoint    ] Safepoint "RevokeBias", Time since last: 27317792 ns, Reaching safepoint: 475000 ns, At safepoint: 29000 ns, Total: 504000 ns
[2023-07-18T02:58:48.823+0000][1][safepoint    ] Safepoint "Cleanup", Time since last: 1001169751 ns, Reaching safepoint: 1934833 ns, At safepoint: 54083 ns, Total: 1988916 ns
[2023-07-18T02:58:49.825+0000][1][safepoint    ] Safepoint "Cleanup", Time since last: 1000903751 ns, Reaching safepoint: 1030750 ns, At safepoint: 21541 ns, Total: 1052291 ns
[2023-07-18T02:58:50.216+0000][1][gc,start     ] GC(24) Pause Young (Allocation Failure)
[2023-07-18T02:58:50.217+0000][1][gc,task      ] GC(24) Using 4 workers of 4 for evacuation
[2023-07-18T02:58:50.250+0000][1][gc,age       ] GC(24) Desired survivor size 8945664 bytes, new threshold 6 (max threshold 6)
[2023-07-18T02:58:50.251+0000][1][gc,age       ] GC(24) Age table with threshold 6 (max threshold 6)
[2023-07-18T02:58:50.251+0000][1][gc,age       ] GC(24) - age   1:     164752 bytes,     164752 total
[2023-07-18T02:58:50.251+0000][1][gc,age       ] GC(24) - age   2:     122448 bytes,     287200 total
[2023-07-18T02:58:50.251+0000][1][gc,age       ] GC(24) - age   3:     438096 bytes,     725296 total
[2023-07-18T02:58:50.251+0000][1][gc,age       ] GC(24) - age   4:      14744 bytes,     740040 total
[2023-07-18T02:58:50.251+0000][1][gc,age       ] GC(24) - age   5:       7928 bytes,     747968 total
[2023-07-18T02:58:50.251+0000][1][gc,age       ] GC(24) - age   6:      43024 bytes,     790992 total
[2023-07-18T02:58:50.252+0000][1][gc,heap      ] GC(24) ParNew: 142972K->1626K(157248K)
[2023-07-18T02:58:50.252+0000][1][gc,heap      ] GC(24) CMS: 67238K->67512K(349568K)
[2023-07-18T02:58:50.252+0000][1][gc,metaspace ] GC(24) Metaspace: 88721K->88721K(1130496K)
[2023-07-18T02:58:50.252+0000][1][gc           ] GC(24) Pause Young (Allocation Failure) 205M->67M(494M) 35.961ms
[2023-07-18T02:58:50.252+0000][1][gc,cpu       ] GC(24) User=0.07s Sys=0.00s Real=0.04s
[2023-07-18T02:58:50.253+0000][1][safepoint    ] Safepoint "GenCollectForAllocation", Time since last: 389909626 ns, Reaching safepoint: 1347750 ns, At safepoint: 36476958 ns, Total: 37824708 ns
[2023-07-18T02:58:50.404+0000][1][safepoint    ] Safepoint "RevokeBias", Time since last: 149519583 ns, Reaching safepoint: 1913667 ns, At safepoint: 408542 ns, Total: 2322209 ns
[2023-07-18T02:58:51.406+0000][1][safepoint    ] Safepoint "Cleanup", Time since last: 1000385583 ns, Reaching safepoint: 913876 ns, At safepoint: 22916 ns, Total: 936792 ns
[2023-07-18T02:58:52.408+0000][1][safepoint    ] Safepoint "Cleanup", Time since last: 1001421001 ns, Reaching safepoint: 793291 ns, At safepoint: 17125 ns, Total: 810416 ns
[2023-07-18T02:58:53.423+0000][1][safepoint    ] Safepoint "Cleanup", Time since last: 1002343917 ns, Reaching safepoint: 9561250 ns, At safepoint: 216875 ns, Total: 9778125 ns
[2023-07-18T02:58:54.434+0000][1][safepoint    ] Safepoint "Cleanup", Time since last: 1012526334 ns, Reaching safepoint: 1090417 ns, At safepoint: 32708 ns, Total: 1123125 ns
[2023-07-18T02:58:55.435+0000][1][safepoint    ] Safepoint "Cleanup", Time since last: 1000449584 ns, Reaching safepoint: 571958 ns, At safepoint: 72209 ns, Total: 644167 ns
[2023-07-18T02:58:56.436+0000][1][safepoint    ] Safepoint "Cleanup", Time since last: 1000882625 ns, Reaching safepoint: 554750 ns, At safepoint: 21000 ns, Total: 575750 ns
[2023-07-18T02:58:57.438+0000][1][safepoint    ] Safepoint "Cleanup", Time since last: 1000437792 ns, Reaching safepoint: 831709 ns, At safepoint: 33791 ns, Total: 865500 ns
[2023-07-18T02:58:58.439+0000][1][safepoint    ] Safepoint "Cleanup", Time since last: 1000481293 ns, Reaching safepoint: 691208 ns, At safepoint: 16750 ns, Total: 707958 ns
[2023-07-18T02:58:59.442+0000][1][safepoint    ] Safepoint "Cleanup", Time since last: 1002599667 ns, Reaching safepoint: 869417 ns, At safepoint: 16625 ns, Total: 886042 ns
[2023-07-18T02:59:00.448+0000][1][safepoint    ] Safepoint "Cleanup", Time since last: 1000805125 ns, Reaching safepoint: 4775875 ns, At safepoint: 18667 ns, Total: 4794542 ns
[2023-07-18T02:59:01.459+0000][1][safepoint    ] Safepoint "Cleanup", Time since last: 1009910542 ns, Reaching safepoint: 821417 ns, At safepoint: 13791 ns, Total: 835208 ns
[2023-07-18T02:59:02.460+0000][1][safepoint    ] Safepoint "Cleanup", Time since last: 1001139834 ns, Reaching safepoint: 630458 ns, At safepoint: 17584 ns, Total: 648042 ns
[2023-07-18T02:59:03.461+0000][1][safepoint    ] Safepoint "Cleanup", Time since last: 1000371334 ns, Reaching safepoint: 755375 ns, At safepoint: 17000 ns, Total: 772375 ns
[2023-07-18T02:59:04.463+0000][1][safepoint    ] Safepoint "Cleanup", Time since last: 1000680083 ns, Reaching safepoint: 580584 ns, At safepoint: 14375 ns, Total: 594959 ns
[2023-07-18T02:59:05.467+0000][1][safepoint    ] Safepoint "Cleanup", Time since last: 1003564042 ns, Reaching safepoint: 651208 ns, At safepoint: 20459 ns, Total: 671667 ns
[2023-07-18T02:59:06.468+0000][1][safepoint    ] Safepoint "Cleanup", Time since last: 1000534792 ns, Reaching safepoint: 627958 ns, At safepoint: 17875 ns, Total: 645833 ns
[2023-07-18T02:59:07.469+0000][1][safepoint    ] Safepoint "Cleanup", Time since last: 1000487209 ns, Reaching safepoint: 564875 ns, At safepoint: 17208 ns, Total: 582083 ns
[2023-07-18T02:59:08.470+0000][1][safepoint    ] Safepoint "Cleanup", Time since last: 1000497542 ns, Reaching safepoint: 603875 ns, At safepoint: 15667 ns, Total: 619542 ns
[2023-07-18T02:59:09.472+0000][1][safepoint    ] Safepoint "Cleanup", Time since last: 1000747542 ns, Reaching safepoint: 674083 ns, At safepoint: 16250 ns, Total: 690333 ns
[2023-07-18T02:59:10.473+0000][1][safepoint    ] Safepoint "Cleanup", Time since last: 1000479584 ns, Reaching safepoint: 962500 ns, At safepoint: 38292 ns, Total: 1000792 ns
[2023-07-18T02:59:11.479+0000][1][safepoint    ] Safepoint "Cleanup", Time since last: 1004470250 ns, Reaching safepoint: 809708 ns, At safepoint: 17834 ns, Total: 827542 ns
[2023-07-18T02:59:12.480+0000][1][safepoint    ] Safepoint "Cleanup", Time since last: 1000427917 ns, Reaching safepoint: 805583 ns, At safepoint: 19250 ns, Total: 824833 ns
[2023-07-18T02:59:13.481+0000][1][safepoint    ] Safepoint "Cleanup", Time since last: 1000437626 ns, Reaching safepoint: 606041 ns, At safepoint: 16459 ns, Total: 622500 ns
[2023-07-18T02:59:14.482+0000][1][safepoint    ] Safepoint "Cleanup", Time since last: 1000256667 ns, Reaching safepoint: 651000 ns, At safepoint: 16750 ns, Total: 667750 ns
[2023-07-18T02:59:15.484+0000][1][safepoint    ] Safepoint "Cleanup", Time since last: 1000551042 ns, Reaching safepoint: 1257000 ns, At safepoint: 18375 ns, Total: 1275375 ns
[2023-07-18T02:59:16.486+0000][1][safepoint    ] Safepoint "Cleanup", Time since last: 1001254709 ns, Reaching safepoint: 573000 ns, At safepoint: 17208 ns, Total: 590208 ns
[2023-07-18T02:59:17.488+0000][1][safepoint    ] Safepoint "Cleanup", Time since last: 1001058917 ns, Reaching safepoint: 623625 ns, At safepoint: 18375 ns, Total: 642000 ns
[2023-07-18T02:59:18.489+0000][1][safepoint    ] Safepoint "Cleanup", Time since last: 1000474251 ns, Reaching safepoint: 593750 ns, At safepoint: 13375 ns, Total: 607125 ns
[2023-07-18T02:59:19.490+0000][1][safepoint    ] Safepoint "Cleanup", Time since last: 1000448125 ns, Reaching safepoint: 597042 ns, At safepoint: 16000 ns, Total: 613042 ns
[2023-07-18T02:59:20.348+0000][1][safepoint    ] Safepoint "RevokeBias", Time since last: 855216542 ns, Reaching safepoint: 2228208 ns, At safepoint: 1285584 ns, Total: 3513792 ns
[2023-07-18T02:59:21.356+0000][1][safepoint    ] Safepoint "Cleanup", Time since last: 1006716500 ns, Reaching safepoint: 894542 ns, At safepoint: 15916 ns, Total: 910458 ns
[2023-07-18T02:59:22.357+0000][1][safepoint    ] Safepoint "Cleanup", Time since last: 1000432959 ns, Reaching safepoint: 654625 ns, At safepoint: 14959 ns, Total: 669584 ns
[2023-07-18T02:59:23.358+0000][1][safepoint    ] Safepoint "Cleanup", Time since last: 1000400500 ns, Reaching safepoint: 594667 ns, At safepoint: 17291 ns, Total: 611958 ns
[2023-07-18T02:59:24.359+0000][1][safepoint    ] Safepoint "Cleanup", Time since last: 1000497293 ns, Reaching safepoint: 795333 ns, At safepoint: 19042 ns, Total: 814375 ns
[2023-07-18T02:59:25.361+0000][1][safepoint    ] Safepoint "Cleanup", Time since last: 1000603042 ns, Reaching safepoint: 569083 ns, At safepoint: 15625 ns, Total: 584708 ns
[2023-07-18T02:59:26.363+0000][1][safepoint    ] Safepoint "Cleanup", Time since last: 1001382834 ns, Reaching safepoint: 576083 ns, At safepoint: 14667 ns, Total: 590750 ns
[2023-07-18T02:59:27.364+0000][1][safepoint    ] Safepoint "Cleanup", Time since last: 1001213167 ns, Reaching safepoint: 614917 ns, At safepoint: 14333 ns, Total: 629250 ns
[2023-07-18T02:59:28.367+0000][1][safepoint    ] Safepoint "Cleanup", Time since last: 1001602167 ns, Reaching safepoint: 557500 ns, At safepoint: 15042 ns, Total: 572542 ns
[2023-07-18T02:59:29.368+0000][1][safepoint    ] Safepoint "Cleanup", Time since last: 1000375792 ns, Reaching safepoint: 597250 ns, At safepoint: 16250 ns, Total: 613500 ns
[2023-07-18T02:59:30.370+0000][1][safepoint    ] Safepoint "Cleanup", Time since last: 1000468250 ns, Reaching safepoint: 1500959 ns, At safepoint: 26041 ns, Total: 1527000 ns
[2023-07-18T02:59:31.372+0000][1][safepoint    ] Safepoint "Cleanup", Time since last: 1000861501 ns, Reaching safepoint: 1458375 ns, At safepoint: 26583 ns, Total: 1484958 ns
[2023-07-18T02:59:32.376+0000][1][safepoint    ] Safepoint "Cleanup", Time since last: 1001335917 ns, Reaching safepoint: 2194542 ns, At safepoint: 87958 ns, Total: 2282500 ns
[2023-07-18T02:59:33.378+0000][1][safepoint    ] Safepoint "Cleanup", Time since last: 1001146584 ns, Reaching safepoint: 754042 ns, At safepoint: 22500 ns, Total: 776542 ns
[2023-07-18T02:59:34.380+0000][1][safepoint    ] Safepoint "Cleanup", Time since last: 1001593875 ns, Reaching safepoint: 1186000 ns, At safepoint: 33917 ns, Total: 1219917 ns
[2023-07-18T02:59:35.385+0000][1][safepoint    ] Safepoint "Cleanup", Time since last: 1001997917 ns, Reaching safepoint: 2193875 ns, At safepoint: 88583 ns, Total: 2282458 ns
[2023-07-18T02:59:36.388+0000][1][safepoint    ] Safepoint "Cleanup", Time since last: 1000854793 ns, Reaching safepoint: 1937625 ns, At safepoint: 68583 ns, Total: 2006208 ns
[2023-07-18T02:59:37.393+0000][1][safepoint    ] Safepoint "Cleanup", Time since last: 1002705375 ns, Reaching safepoint: 3096709 ns, At safepoint: 82458 ns, Total: 3179167 ns
[2023-07-18T02:59:38.398+0000][1][safepoint    ] Safepoint "Cleanup", Time since last: 1001736459 ns, Reaching safepoint: 3076583 ns, At safepoint: 148459 ns, Total: 3225042 ns
[2023-07-18T02:59:39.403+0000][1][safepoint    ] Safepoint "Cleanup", Time since last: 1002553833 ns, Reaching safepoint: 2097334 ns, At safepoint: 80958 ns, Total: 2178292 ns
[2023-07-18T02:59:40.380+0000][1][safepoint    ] Safepoint "RevokeBias", Time since last: 974199751 ns, Reaching safepoint: 2023416 ns, At safepoint: 869834 ns, Total: 2893250 ns
[2023-07-18T02:59:41.384+0000][1][safepoint    ] Safepoint "Cleanup", Time since last: 1000973374 ns, Reaching safepoint: 2548875 ns, At safepoint: 77375 ns, Total: 2626250 ns
[2023-07-18T02:59:42.390+0000][1][safepoint    ] Safepoint "Cleanup", Time since last: 1002537501 ns, Reaching safepoint: 3464125 ns, At safepoint: 138708 ns, Total: 3602833 ns
[2023-07-18T02:59:42.584+0000][1][safepoint    ] Safepoint "RevokeBias", Time since last: 192493500 ns, Reaching safepoint: 1046750 ns, At safepoint: 201167 ns, Total: 1247917 ns
[2023-07-18T02:59:42.588+0000][1][safepoint    ] Safepoint "RevokeBias", Time since last: 2198958 ns, Reaching safepoint: 1048209 ns, At safepoint: 210916 ns, Total: 1259125 ns
[2023-07-18T02:59:42.612+0000][1][safepoint    ] Safepoint "RevokeBias", Time since last: 23251209 ns, Reaching safepoint: 626666 ns, At safepoint: 87917 ns, Total: 714583 ns
[2023-07-18T02:59:42.614+0000][1][safepoint    ] Safepoint "RevokeBias", Time since last: 1894458 ns, Reaching safepoint: 809125 ns, At safepoint: 106125 ns, Total: 915250 ns
[2023-07-18T02:59:42.617+0000][1][safepoint    ] Safepoint "RevokeBias", Time since last: 1845875 ns, Reaching safepoint: 1216375 ns, At safepoint: 54167 ns, Total: 1270542 ns
[2023-07-18T02:59:43.621+0000][1][safepoint    ] Safepoint "Cleanup", Time since last: 1000463375 ns, Reaching safepoint: 3148417 ns, At safepoint: 89792 ns, Total: 3238209 ns
[2023-07-18T02:59:44.624+0000][1][safepoint    ] Safepoint "Cleanup", Time since last: 1000835167 ns, Reaching safepoint: 2076750 ns, At safepoint: 61250 ns, Total: 2138000 ns
[2023-07-18T02:59:45.629+0000][1][safepoint    ] Safepoint "Cleanup", Time since last: 1001228125 ns, Reaching safepoint: 2950167 ns, At safepoint: 69542 ns, Total: 3019709 ns
[2023-07-18T02:59:46.636+0000][1][safepoint    ] Safepoint "Cleanup", Time since last: 1002323667 ns, Reaching safepoint: 4763042 ns, At safepoint: 156250 ns, Total: 4919292 ns
[2023-07-18T02:59:47.641+0000][1][safepoint    ] Safepoint "Cleanup", Time since last: 1002331500 ns, Reaching safepoint: 2863542 ns, At safepoint: 94916 ns, Total: 2958458 ns
[2023-07-18T02:59:48.647+0000][1][safepoint    ] Safepoint "Cleanup", Time since last: 1001320043 ns, Reaching safepoint: 4402166 ns, At safepoint: 127417 ns, Total: 4529583 ns
[2023-07-18T02:59:49.652+0000][1][safepoint    ] Safepoint "Cleanup", Time since last: 1001885000 ns, Reaching safepoint: 3469292 ns, At safepoint: 194083 ns, Total: 3663375 ns
[2023-07-18T02:59:50.324+0000][1][safepoint    ] Safepoint "RevokeBias", Time since last: 669501001 ns, Reaching safepoint: 1796708 ns, At safepoint: 377042 ns, Total: 2173750 ns
[2023-07-18T02:59:51.326+0000][1][safepoint    ] Safepoint "Cleanup", Time since last: 1001122125 ns, Reaching safepoint: 766833 ns, At safepoint: 17167 ns, Total: 784000 ns
[2023-07-18T02:59:52.328+0000][1][safepoint    ] Safepoint "Cleanup", Time since last: 1001266834 ns, Reaching safepoint: 1064083 ns, At safepoint: 27000 ns, Total: 1091083 ns
[2023-07-18T02:59:53.330+0000][1][safepoint    ] Safepoint "Cleanup", Time since last: 1000576417 ns, Reaching safepoint: 982250 ns, At safepoint: 27125 ns, Total: 1009375 ns
[2023-07-18T02:59:54.331+0000][1][safepoint    ] Safepoint "Cleanup", Time since last: 1000404959 ns, Reaching safepoint: 655959 ns, At safepoint: 21541 ns, Total: 677500 ns
[2023-07-18T02:59:55.332+0000][1][safepoint    ] Safepoint "Cleanup", Time since last: 1000371084 ns, Reaching safepoint: 614292 ns, At safepoint: 16708 ns, Total: 631000 ns
[2023-07-18T02:59:56.335+0000][1][safepoint    ] Safepoint "Cleanup", Time since last: 1001357501 ns, Reaching safepoint: 1430083 ns, At safepoint: 38750 ns, Total: 1468833 ns
[2023-07-18T02:59:57.336+0000][1][safepoint    ] Safepoint "Cleanup", Time since last: 1000685917 ns, Reaching safepoint: 712000 ns, At safepoint: 41208 ns, Total: 753208 ns
[2023-07-18T02:59:58.338+0000][1][safepoint    ] Safepoint "Cleanup", Time since last: 1000500292 ns, Reaching safepoint: 926167 ns, At safepoint: 35000 ns, Total: 961167 ns
[2023-07-18T02:59:59.341+0000][1][safepoint    ] Safepoint "Cleanup", Time since last: 1002910334 ns, Reaching safepoint: 804125 ns, At safepoint: 27292 ns, Total: 831417 ns
[2023-07-18T03:00:00.344+0000][1][safepoint    ] Safepoint "Cleanup", Time since last: 1001096458 ns, Reaching safepoint: 1344834 ns, At safepoint: 22916 ns, Total: 1367750 ns
[2023-07-18T03:00:00.511+0000][1][safepoint    ] Safepoint "RevokeBias", Time since last: 164918751 ns, Reaching safepoint: 1974916 ns, At safepoint: 401500 ns, Total: 2376416 ns
[2023-07-18T03:00:01.515+0000][1][safepoint    ] Safepoint "Cleanup", Time since last: 1000502417 ns, Reaching safepoint: 3131167 ns, At safepoint: 99833 ns, Total: 3231000 ns
[2023-07-18T03:00:02.519+0000][1][safepoint    ] Safepoint "Cleanup", Time since last: 1003123542 ns, Reaching safepoint: 1421375 ns, At safepoint: 36959 ns, Total: 1458334 ns
[2023-07-18T03:00:03.522+0000][1][safepoint    ] Safepoint "Cleanup", Time since last: 1000877584 ns, Reaching safepoint: 1753416 ns, At safepoint: 68667 ns, Total: 1822083 ns
[2023-07-18T03:00:04.527+0000][1][safepoint    ] Safepoint "Cleanup", Time since last: 1002250917 ns, Reaching safepoint: 2304667 ns, At safepoint: 74833 ns, Total: 2379500 ns
[2023-07-18T03:00:05.529+0000][1][safepoint    ] Safepoint "Cleanup", Time since last: 1001700126 ns, Reaching safepoint: 853500 ns, At safepoint: 22375 ns, Total: 875875 ns
[2023-07-18T03:00:06.533+0000][1][safepoint    ] Safepoint "Cleanup", Time since last: 1000702000 ns, Reaching safepoint: 3251125 ns, At safepoint: 85083 ns, Total: 3336208 ns
[2023-07-18T03:00:07.537+0000][1][safepoint    ] Safepoint "Cleanup", Time since last: 1001364501 ns, Reaching safepoint: 1884208 ns, At safepoint: 66542 ns, Total: 1950750 ns
[2023-07-18T03:00:08.539+0000][1][safepoint    ] Safepoint "Cleanup", Time since last: 1001475542 ns, Reaching safepoint: 1138250 ns, At safepoint: 33417 ns, Total: 1171667 ns
[2023-07-18T03:00:09.543+0000][1][safepoint    ] Safepoint "Cleanup", Time since last: 1000721708 ns, Reaching safepoint: 3018917 ns, At safepoint: 89625 ns, Total: 3108542 ns
[2023-07-18T03:00:10.384+0000][1][safepoint    ] Safepoint "RevokeBias", Time since last: 838595209 ns, Reaching safepoint: 1736583 ns, At safepoint: 502250 ns, Total: 2238833 ns
[2023-07-18T03:00:11.389+0000][1][safepoint    ] Safepoint "Cleanup", Time since last: 1001536625 ns, Reaching safepoint: 3105750 ns, At safepoint: 65750 ns, Total: 3171500 ns
[2023-07-18T03:00:12.393+0000][1][safepoint    ] Safepoint "Cleanup", Time since last: 1001306501 ns, Reaching safepoint: 2933208 ns, At safepoint: 81459 ns, Total: 3014667 ns
[2023-07-18T03:00:13.398+0000][1][safepoint    ] Safepoint "Cleanup", Time since last: 1002305375 ns, Reaching safepoint: 2559792 ns, At safepoint: 66833 ns, Total: 2626625 ns
[2023-07-18T03:00:14.401+0000][1][safepoint    ] Safepoint "Cleanup", Time since last: 1001065917 ns, Reaching safepoint: 2385958 ns, At safepoint: 85000 ns, Total: 2470958 ns
[2023-07-18T03:00:15.408+0000][1][safepoint    ] Safepoint "Cleanup", Time since last: 1003497834 ns, Reaching safepoint: 2805792 ns, At safepoint: 183708 ns, Total: 2989500 ns
[2023-07-18T03:00:16.413+0000][1][safepoint    ] Safepoint "Cleanup", Time since last: 1002868376 ns, Reaching safepoint: 2440083 ns, At safepoint: 77792 ns, Total: 2517875 ns
[2023-07-18T03:00:17.416+0000][1][safepoint    ] Safepoint "Cleanup", Time since last: 1002409875 ns, Reaching safepoint: 757167 ns, At safepoint: 21958 ns, Total: 779125 ns
[2023-07-18T03:00:18.421+0000][1][safepoint    ] Safepoint "Cleanup", Time since last: 1000576626 ns, Reaching safepoint: 4155583 ns, At safepoint: 95833 ns, Total: 4251416 ns
[2023-07-18T03:00:19.426+0000][1][safepoint    ] Safepoint "Cleanup", Time since last: 1001692501 ns, Reaching safepoint: 2741208 ns, At safepoint: 89584 ns, Total: 2830792 ns
[2023-07-18T03:00:20.370+0000][1][safepoint    ] Safepoint "RevokeBias", Time since last: 941378333 ns, Reaching safepoint: 2318125 ns, At safepoint: 295542 ns, Total: 2613667 ns
[2023-07-18T03:00:21.372+0000][1][safepoint    ] Safepoint "Cleanup", Time since last: 1000574125 ns, Reaching safepoint: 1547167 ns, At safepoint: 35250 ns, Total: 1582417 ns
[2023-07-18T03:00:22.374+0000][1][safepoint    ] Safepoint "Cleanup", Time since last: 1000629709 ns, Reaching safepoint: 1377083 ns, At safepoint: 39417 ns, Total: 1416500 ns
[2023-07-18T03:00:23.379+0000][1][safepoint    ] Safepoint "Cleanup", Time since last: 1000821042 ns, Reaching safepoint: 3535042 ns, At safepoint: 138833 ns, Total: 3673875 ns
[2023-07-18T03:00:24.382+0000][1][safepoint    ] Safepoint "Cleanup", Time since last: 1001563959 ns, Reaching safepoint: 1981000 ns, At safepoint: 65125 ns, Total: 2046125 ns
[2023-07-18T03:00:25.386+0000][1][safepoint    ] Safepoint "Cleanup", Time since last: 1001652917 ns, Reaching safepoint: 1875708 ns, At safepoint: 61542 ns, Total: 1937250 ns
[2023-07-18T03:00:26.392+0000][1][safepoint    ] Safepoint "Cleanup", Time since last: 1004832167 ns, Reaching safepoint: 1610292 ns, At safepoint: 50292 ns, Total: 1660584 ns
[2023-07-18T03:00:27.396+0000][1][safepoint    ] Safepoint "Cleanup", Time since last: 1001375542 ns, Reaching safepoint: 1902000 ns, At safepoint: 96500 ns, Total: 1998500 ns
[2023-07-18T03:00:28.403+0000][1][safepoint    ] Safepoint "Cleanup", Time since last: 1006142084 ns, Reaching safepoint: 1106541 ns, At safepoint: 34542 ns, Total: 1141083 ns
[2023-07-18T03:00:29.405+0000][1][safepoint    ] Safepoint "Cleanup", Time since last: 1000930542 ns, Reaching safepoint: 1392250 ns, At safepoint: 23375 ns, Total: 1415625 ns
[2023-07-18T03:00:30.334+0000][1][safepoint    ] Safepoint "RevokeBias", Time since last: 926912584 ns, Reaching safepoint: 1831708 ns, At safepoint: 393625 ns, Total: 2225333 ns
[2023-07-18T03:00:31.340+0000][1][safepoint    ] Safepoint "Cleanup", Time since last: 1001274167 ns, Reaching safepoint: 4317917 ns, At safepoint: 103458 ns, Total: 4421375 ns
[2023-07-18T03:00:32.345+0000][1][safepoint    ] Safepoint "Cleanup", Time since last: 1004195584 ns, Reaching safepoint: 872750 ns, At safepoint: 51917 ns, Total: 924667 ns
[2023-07-18T03:00:33.348+0000][1][safepoint    ] Safepoint "Cleanup", Time since last: 1001065417 ns, Reaching safepoint: 1648417 ns, At safepoint: 39416 ns, Total: 1687833 ns
[2023-07-18T03:00:34.353+0000][1][safepoint    ] Safepoint "Cleanup", Time since last: 1002082334 ns, Reaching safepoint: 2301583 ns, At safepoint: 164667 ns, Total: 2466250 ns
[2023-07-18T03:00:35.354+0000][1][safepoint    ] Safepoint "Cleanup", Time since last: 1000817250 ns, Reaching safepoint: 1134250 ns, At safepoint: 31542 ns, Total: 1165792 ns
[2023-07-18T03:00:36.356+0000][1][safepoint    ] Safepoint "Cleanup", Time since last: 1000625084 ns, Reaching safepoint: 670917 ns, At safepoint: 18333 ns, Total: 689250 ns
[2023-07-18T03:00:37.357+0000][1][safepoint    ] Safepoint "Cleanup", Time since last: 1000365292 ns, Reaching safepoint: 602333 ns, At safepoint: 17667 ns, Total: 620000 ns
[2023-07-18T03:00:38.358+0000][1][safepoint    ] Safepoint "Cleanup", Time since last: 1000398917 ns, Reaching safepoint: 626500 ns, At safepoint: 10584 ns, Total: 637084 ns
[2023-07-18T03:00:39.360+0000][1][safepoint    ] Safepoint "Cleanup", Time since last: 1001134000 ns, Reaching safepoint: 1296500 ns, At safepoint: 33583 ns, Total: 1330083 ns
[2023-07-18T03:00:40.340+0000][1][safepoint    ] Safepoint "RevokeBias", Time since last: 977944543 ns, Reaching safepoint: 1796333 ns, At safepoint: 379208 ns, Total: 2175541 ns
[2023-07-18T03:00:41.349+0000][1][safepoint    ] Safepoint "Cleanup", Time since last: 1002484334 ns, Reaching safepoint: 5124125 ns, At safepoint: 127208 ns, Total: 5251333 ns
[2023-07-18T03:00:42.354+0000][1][safepoint    ] Safepoint "Cleanup", Time since last: 1001546959 ns, Reaching safepoint: 3077917 ns, At safepoint: 105916 ns, Total: 3183833 ns
[2023-07-18T03:00:43.356+0000][1][safepoint    ] Safepoint "Cleanup", Time since last: 1001871459 ns, Reaching safepoint: 746750 ns, At safepoint: 16250 ns, Total: 763000 ns
[2023-07-18T03:00:43.514+0000][1][safepoint    ] Safepoint "RevokeBias", Time since last: 157044083 ns, Reaching safepoint: 898584 ns, At safepoint: 214500 ns, Total: 1113084 ns
[2023-07-18T03:00:43.519+0000][1][safepoint    ] Safepoint "RevokeBias", Time since last: 3366208 ns, Reaching safepoint: 752667 ns, At safepoint: 80125 ns, Total: 832792 ns
[2023-07-18T03:00:43.549+0000][1][safepoint    ] Safepoint "RevokeBias", Time since last: 29681500 ns, Reaching safepoint: 575958 ns, At safepoint: 99167 ns, Total: 675125 ns
[2023-07-18T03:00:43.551+0000][1][safepoint    ] Safepoint "RevokeBias", Time since last: 1497000 ns, Reaching safepoint: 492208 ns, At safepoint: 79458 ns, Total: 571666 ns
[2023-07-18T03:00:43.563+0000][1][safepoint    ] Safepoint "RevokeBias", Time since last: 8377959 ns, Reaching safepoint: 3763916 ns, At safepoint: 93792 ns, Total: 3857708 ns
[2023-07-18T03:00:43.580+0000][1][gc,start     ] GC(25) Pause Young (Allocation Failure)
[2023-07-18T03:00:43.582+0000][1][gc,task      ] GC(25) Using 4 workers of 4 for evacuation
[2023-07-18T03:00:43.620+0000][1][gc,age       ] GC(25) Desired survivor size 8945664 bytes, new threshold 6 (max threshold 6)
[2023-07-18T03:00:43.620+0000][1][gc,age       ] GC(25) Age table with threshold 6 (max threshold 6)
[2023-07-18T03:00:43.620+0000][1][gc,age       ] GC(25) - age   1:     245408 bytes,     245408 total
[2023-07-18T03:00:43.620+0000][1][gc,age       ] GC(25) - age   2:      44720 bytes,     290128 total
[2023-07-18T03:00:43.620+0000][1][gc,age       ] GC(25) - age   3:     122424 bytes,     412552 total
[2023-07-18T03:00:43.621+0000][1][gc,age       ] GC(25) - age   4:     438096 bytes,     850648 total
[2023-07-18T03:00:43.621+0000][1][gc,age       ] GC(25) - age   5:      14744 bytes,     865392 total
[2023-07-18T03:00:43.621+0000][1][gc,age       ] GC(25) - age   6:       7928 bytes,     873320 total
[2023-07-18T03:00:43.622+0000][1][gc,heap      ] GC(25) ParNew: 141402K->1081K(157248K)
[2023-07-18T03:00:43.622+0000][1][gc,heap      ] GC(25) CMS: 67512K->67555K(349568K)
[2023-07-18T03:00:43.622+0000][1][gc,metaspace ] GC(25) Metaspace: 88839K->88839K(1130496K)
[2023-07-18T03:00:43.623+0000][1][gc           ] GC(25) Pause Young (Allocation Failure) 204M->67M(494M) 43.208ms
[2023-07-18T03:00:43.623+0000][1][gc,cpu       ] GC(25) User=0.08s Sys=0.02s Real=0.05s
[2023-07-18T03:00:43.623+0000][1][safepoint    ] Safepoint "GenCollectForAllocation", Time since last: 14645917 ns, Reaching safepoint: 1360208 ns, At safepoint: 44147250 ns, Total: 45507458 ns
[2023-07-18T03:00:44.628+0000][1][safepoint    ] Safepoint "Cleanup", Time since last: 1000621251 ns, Reaching safepoint: 3657458 ns, At safepoint: 131042 ns, Total: 3788500 ns
[2023-07-18T03:00:45.632+0000][1][safepoint    ] Safepoint "Cleanup", Time since last: 1001326083 ns, Reaching safepoint: 2418917 ns, At safepoint: 105875 ns, Total: 2524792 ns
[2023-07-18T03:00:46.636+0000][1][safepoint    ] Safepoint "Cleanup", Time since last: 1001044626 ns, Reaching safepoint: 3310500 ns, At safepoint: 89500 ns, Total: 3400000 ns
[2023-07-18T03:00:47.639+0000][1][safepoint    ] Safepoint "Cleanup", Time since last: 1001956375 ns, Reaching safepoint: 862542 ns, At safepoint: 21000 ns, Total: 883542 ns
[2023-07-18T03:00:48.642+0000][1][safepoint    ] Safepoint "Cleanup", Time since last: 1001252417 ns, Reaching safepoint: 1375292 ns, At safepoint: 32458 ns, Total: 1407750 ns
[2023-07-18T03:00:49.643+0000][1][safepoint    ] Safepoint "Cleanup", Time since last: 1000750167 ns, Reaching safepoint: 744083 ns, At safepoint: 26417 ns, Total: 770500 ns
[2023-07-18T03:00:50.645+0000][1][safepoint    ] Safepoint "Cleanup", Time since last: 1000532250 ns, Reaching safepoint: 1271375 ns, At safepoint: 20209 ns, Total: 1291584 ns
[2023-07-18T03:00:51.646+0000][1][safepoint    ] Safepoint "Cleanup", Time since last: 1000462917 ns, Reaching safepoint: 751458 ns, At safepoint: 16542 ns, Total: 768000 ns
[2023-07-18T03:00:52.649+0000][1][safepoint    ] Safepoint "Cleanup", Time since last: 1000688500 ns, Reaching safepoint: 1552500 ns, At safepoint: 37125 ns, Total: 1589625 ns
[2023-07-18T03:00:53.652+0000][1][safepoint    ] Safepoint "Cleanup", Time since last: 1000996168 ns, Reaching safepoint: 2795541 ns, At safepoint: 89584 ns, Total: 2885125 ns
[2023-07-18T03:00:54.656+0000][1][safepoint    ] Safepoint "Cleanup", Time since last: 1001332333 ns, Reaching safepoint: 2045375 ns, At safepoint: 50500 ns, Total: 2095875 ns
[2023-07-18T03:00:55.659+0000][1][safepoint    ] Safepoint "Cleanup", Time since last: 1001261043 ns, Reaching safepoint: 1591375 ns, At safepoint: 61041 ns, Total: 1652416 ns
[2023-07-18T03:00:56.668+0000][1][safepoint    ] Safepoint "Cleanup", Time since last: 1006987167 ns, Reaching safepoint: 2280792 ns, At safepoint: 81417 ns, Total: 2362209 ns
[2023-07-18T03:00:57.671+0000][1][safepoint    ] Safepoint "Cleanup", Time since last: 1001564333 ns, Reaching safepoint: 1622042 ns, At safepoint: 27083 ns, Total: 1649125 ns
[2023-07-18T03:00:58.674+0000][1][safepoint    ] Safepoint "Cleanup", Time since last: 1001180418 ns, Reaching safepoint: 1374666 ns, At safepoint: 45625 ns, Total: 1420291 ns
[2023-07-18T03:00:59.676+0000][1][safepoint    ] Safepoint "Cleanup", Time since last: 1000642251 ns, Reaching safepoint: 1312250 ns, At safepoint: 20791 ns, Total: 1333041 ns
[2023-07-18T03:01:00.498+0000][1][safepoint    ] Safepoint "RevokeBias", Time since last: 819109501 ns, Reaching safepoint: 2127916 ns, At safepoint: 502042 ns, Total: 2629958 ns
[2023-07-18T03:01:01.500+0000][1][safepoint    ] Safepoint "Cleanup", Time since last: 1001482751 ns, Reaching safepoint: 724666 ns, At safepoint: 18000 ns, Total: 742666 ns
[2023-07-18T03:01:02.504+0000][1][safepoint    ] Safepoint "Cleanup", Time since last: 1002064876 ns, Reaching safepoint: 1807833 ns, At safepoint: 55917 ns, Total: 1863750 ns
[2023-07-18T03:01:03.511+0000][1][safepoint    ] Safepoint "Cleanup", Time since last: 1003398084 ns, Reaching safepoint: 3411833 ns, At safepoint: 78333 ns, Total: 3490166 ns
[2023-07-18T03:01:04.519+0000][1][safepoint    ] Safepoint "Cleanup", Time since last: 1001633501 ns, Reaching safepoint: 5883875 ns, At safepoint: 348541 ns, Total: 6232416 ns
[2023-07-18T03:01:05.521+0000][1][safepoint    ] Safepoint "Cleanup", Time since last: 1001863834 ns, Reaching safepoint: 552834 ns, At safepoint: 47375 ns, Total: 600209 ns
[2023-07-18T03:01:06.525+0000][1][safepoint    ] Safepoint "Cleanup", Time since last: 1000496667 ns, Reaching safepoint: 3009916 ns, At safepoint: 70792 ns, Total: 3080708 ns
[2023-07-18T03:01:07.530+0000][1][safepoint    ] Safepoint "Cleanup", Time since last: 1001492792 ns, Reaching safepoint: 3607917 ns, At safepoint: 90250 ns, Total: 3698167 ns
[2023-07-18T03:01:08.533+0000][1][safepoint    ] Safepoint "Cleanup", Time since last: 1001317125 ns, Reaching safepoint: 1506167 ns, At safepoint: 105875 ns, Total: 1612042 ns
[2023-07-18T03:01:09.538+0000][1][safepoint    ] Safepoint "Cleanup", Time since last: 1001464125 ns, Reaching safepoint: 3873792 ns, At safepoint: 109083 ns, Total: 3982875 ns
[2023-07-18T03:01:10.391+0000][1][safepoint    ] Safepoint "RevokeBias", Time since last: 850882876 ns, Reaching safepoint: 1816167 ns, At safepoint: 468916 ns, Total: 2285083 ns
[2023-07-18T03:01:11.395+0000][1][safepoint    ] Safepoint "Cleanup", Time since last: 1000563167 ns, Reaching safepoint: 2644500 ns, At safepoint: 110625 ns, Total: 2755125 ns
[2023-07-18T03:01:12.398+0000][1][safepoint    ] Safepoint "Cleanup", Time since last: 1001480459 ns, Reaching safepoint: 973833 ns, At safepoint: 26208 ns, Total: 1000041 ns
[2023-07-18T03:01:13.401+0000][1][safepoint    ] Safepoint "Cleanup", Time since last: 1000992042 ns, Reaching safepoint: 2471042 ns, At safepoint: 45042 ns, Total: 2516084 ns
[2023-07-18T03:01:14.406+0000][1][safepoint    ] Safepoint "Cleanup", Time since last: 1001674875 ns, Reaching safepoint: 2890125 ns, At safepoint: 98708 ns, Total: 2988833 ns
[2023-07-18T03:01:15.414+0000][1][safepoint    ] Safepoint "Cleanup", Time since last: 1006234209 ns, Reaching safepoint: 1772209 ns, At safepoint: 45500 ns, Total: 1817709 ns
[2023-07-18T03:01:16.422+0000][1][safepoint    ] Safepoint "Cleanup", Time since last: 1004001000 ns, Reaching safepoint: 4065792 ns, At safepoint: 124166 ns, Total: 4189958 ns
[2023-07-18T03:01:17.425+0000][1][safepoint    ] Safepoint "Cleanup", Time since last: 1001769543 ns, Reaching safepoint: 1168041 ns, At safepoint: 45459 ns, Total: 1213500 ns
[2023-07-18T03:01:18.429+0000][1][safepoint    ] Safepoint "Cleanup", Time since last: 1001180667 ns, Reaching safepoint: 2761333 ns, At safepoint: 67250 ns, Total: 2828583 ns
[2023-07-18T03:01:19.432+0000][1][safepoint    ] Safepoint "Cleanup", Time since last: 1001077292 ns, Reaching safepoint: 1874459 ns, At safepoint: 90583 ns, Total: 1965042 ns
[2023-07-18T03:01:20.435+0000][1][safepoint    ] Safepoint "Cleanup", Time since last: 1001041084 ns, Reaching safepoint: 1975208 ns, At safepoint: 51250 ns, Total: 2026458 ns
[2023-07-18T03:01:21.440+0000][1][safepoint    ] Safepoint "Cleanup", Time since last: 1002214501 ns, Reaching safepoint: 2933208 ns, At safepoint: 75208 ns, Total: 3008416 ns
[2023-07-18T03:01:22.445+0000][1][safepoint    ] Safepoint "Cleanup", Time since last: 1003026001 ns, Reaching safepoint: 1746750 ns, At safepoint: 45958 ns, Total: 1792708 ns
[2023-07-18T03:01:23.449+0000][1][safepoint    ] Safepoint "Cleanup", Time since last: 1001808125 ns, Reaching safepoint: 2215375 ns, At safepoint: 98959 ns, Total: 2314334 ns
[2023-07-18T03:01:24.454+0000][1][safepoint    ] Safepoint "Cleanup", Time since last: 1001145834 ns, Reaching safepoint: 3185750 ns, At safepoint: 66750 ns, Total: 3252500 ns
[2023-07-18T03:01:25.456+0000][1][safepoint    ] Safepoint "Cleanup", Time since last: 1001183000 ns, Reaching safepoint: 1328000 ns, At safepoint: 36500 ns, Total: 1364500 ns
[2023-07-18T03:01:26.459+0000][1][safepoint    ] Safepoint "Cleanup", Time since last: 1000805542 ns, Reaching safepoint: 1370584 ns, At safepoint: 91375 ns, Total: 1461959 ns
[2023-07-18T03:01:27.462+0000][1][safepoint    ] Safepoint "Cleanup", Time since last: 1000993917 ns, Reaching safepoint: 2457958 ns, At safepoint: 74500 ns, Total: 2532458 ns
[2023-07-18T03:01:28.467+0000][1][safepoint    ] Safepoint "Cleanup", Time since last: 1001277042 ns, Reaching safepoint: 3232042 ns, At safepoint: 130708 ns, Total: 3362750 ns
[2023-07-18T03:01:29.470+0000][1][safepoint    ] Safepoint "Cleanup", Time since last: 1001870709 ns, Reaching safepoint: 1658833 ns, At safepoint: 47459 ns, Total: 1706292 ns
[2023-07-18T03:01:30.472+0000][1][safepoint    ] Safepoint "Cleanup", Time since last: 1001026542 ns, Reaching safepoint: 609791 ns, At safepoint: 17125 ns, Total: 626916 ns
[2023-07-18T03:01:31.476+0000][1][safepoint    ] Safepoint "Cleanup", Time since last: 1000937043 ns, Reaching safepoint: 2667791 ns, At safepoint: 54334 ns, Total: 2722125 ns
[2023-07-18T03:01:32.480+0000][1][safepoint    ] Safepoint "Cleanup", Time since last: 1001603125 ns, Reaching safepoint: 2713667 ns, At safepoint: 74041 ns, Total: 2787708 ns
[2023-07-18T03:01:33.487+0000][1][safepoint    ] Safepoint "Cleanup", Time since last: 1003948459 ns, Reaching safepoint: 2941959 ns, At safepoint: 118625 ns, Total: 3060584 ns
[2023-07-18T03:01:34.493+0000][1][safepoint    ] Safepoint "Cleanup", Time since last: 1001912750 ns, Reaching safepoint: 3690417 ns, At safepoint: 86375 ns, Total: 3776792 ns
[2023-07-18T03:01:35.496+0000][1][safepoint    ] Safepoint "Cleanup", Time since last: 1001426792 ns, Reaching safepoint: 1871375 ns, At safepoint: 60375 ns, Total: 1931750 ns
[2023-07-18T03:01:36.499+0000][1][safepoint    ] Safepoint "Cleanup", Time since last: 1001006042 ns, Reaching safepoint: 2044500 ns, At safepoint: 133958 ns, Total: 2178458 ns
[2023-07-18T03:01:37.505+0000][1][safepoint    ] Safepoint "Cleanup", Time since last: 1001940626 ns, Reaching safepoint: 3453750 ns, At safepoint: 101917 ns, Total: 3555667 ns
[2023-07-18T03:01:38.509+0000][1][safepoint    ] Safepoint "Cleanup", Time since last: 1001848625 ns, Reaching safepoint: 2210167 ns, At safepoint: 79500 ns, Total: 2289667 ns
[2023-07-18T03:01:39.515+0000][1][safepoint    ] Safepoint "Cleanup", Time since last: 1002562375 ns, Reaching safepoint: 2716583 ns, At safepoint: 152750 ns, Total: 2869333 ns
[2023-07-18T03:01:40.373+0000][1][safepoint    ] Safepoint "RevokeBias", Time since last: 855815084 ns, Reaching safepoint: 2003042 ns, At safepoint: 572083 ns, Total: 2575125 ns
[2023-07-18T03:01:41.376+0000][1][safepoint    ] Safepoint "Cleanup", Time since last: 1000431708 ns, Reaching safepoint: 2248542 ns, At safepoint: 71917 ns, Total: 2320459 ns
[2023-07-18T03:01:42.379+0000][1][safepoint    ] Safepoint "Cleanup", Time since last: 1001132292 ns, Reaching safepoint: 1560292 ns, At safepoint: 42500 ns, Total: 1602792 ns
[2023-07-18T03:01:43.383+0000][1][safepoint    ] Safepoint "Cleanup", Time since last: 1000985750 ns, Reaching safepoint: 3109875 ns, At safepoint: 87333 ns, Total: 3197208 ns
[2023-07-18T03:01:44.389+0000][1][safepoint    ] Safepoint "Cleanup", Time since last: 1002347709 ns, Reaching safepoint: 3423083 ns, At safepoint: 109334 ns, Total: 3532417 ns
[2023-07-18T03:01:44.560+0000][1][safepoint    ] Safepoint "RevokeBias", Time since last: 170601208 ns, Reaching safepoint: 732292 ns, At safepoint: 107417 ns, Total: 839709 ns
[2023-07-18T03:01:44.563+0000][1][safepoint    ] Safepoint "RevokeBias", Time since last: 1895625 ns, Reaching safepoint: 752125 ns, At safepoint: 89166 ns, Total: 841291 ns
[2023-07-18T03:01:44.567+0000][1][safepoint    ] Safepoint "RevokeBias", Time since last: 3179250 ns, Reaching safepoint: 893792 ns, At safepoint: 88542 ns, Total: 982334 ns
[2023-07-18T03:01:44.606+0000][1][safepoint    ] Safepoint "RevokeBias", Time since last: 38249208 ns, Reaching safepoint: 825333 ns, At safepoint: 124917 ns, Total: 950250 ns
[2023-07-18T03:01:44.612+0000][1][safepoint    ] Safepoint "RevokeBias", Time since last: 4216208 ns, Reaching safepoint: 1097125 ns, At safepoint: 151250 ns, Total: 1248375 ns
[2023-07-18T03:01:45.617+0000][1][safepoint    ] Safepoint "Cleanup", Time since last: 1000853292 ns, Reaching safepoint: 4710959 ns, At safepoint: 80166 ns, Total: 4791125 ns
[2023-07-18T03:01:46.622+0000][1][safepoint    ] Safepoint "Cleanup", Time since last: 1001874084 ns, Reaching safepoint: 2787042 ns, At safepoint: 78917 ns, Total: 2865959 ns
[2023-07-18T03:01:47.628+0000][1][safepoint    ] Safepoint "Cleanup", Time since last: 1002347417 ns, Reaching safepoint: 3110458 ns, At safepoint: 87583 ns, Total: 3198041 ns
[2023-07-18T03:01:48.634+0000][1][safepoint    ] Safepoint "Cleanup", Time since last: 1001146793 ns, Reaching safepoint: 4954208 ns, At safepoint: 186875 ns, Total: 5141083 ns
[2023-07-18T03:01:49.639+0000][1][safepoint    ] Safepoint "Cleanup", Time since last: 1001820084 ns, Reaching safepoint: 3518708 ns, At safepoint: 101667 ns, Total: 3620375 ns
[2023-07-18T03:01:50.355+0000][1][safepoint    ] Safepoint "RevokeBias", Time since last: 714204833 ns, Reaching safepoint: 1657792 ns, At safepoint: 398625 ns, Total: 2056417 ns
[2023-07-18T03:01:51.360+0000][1][safepoint    ] Safepoint "Cleanup", Time since last: 1000553709 ns, Reaching safepoint: 4260166 ns, At safepoint: 129584 ns, Total: 4389750 ns
[2023-07-18T03:01:52.367+0000][1][safepoint    ] Safepoint "Cleanup", Time since last: 1001721875 ns, Reaching safepoint: 4647042 ns, At safepoint: 173458 ns, Total: 4820500 ns
[2023-07-18T03:01:53.371+0000][1][safepoint    ] Safepoint "Cleanup", Time since last: 1001270042 ns, Reaching safepoint: 2978959 ns, At safepoint: 114708 ns, Total: 3093667 ns
[2023-07-18T03:01:54.375+0000][1][safepoint    ] Safepoint "Cleanup", Time since last: 1002003834 ns, Reaching safepoint: 1691292 ns, At safepoint: 51250 ns, Total: 1742542 ns
[2023-07-18T03:01:55.381+0000][1][safepoint    ] Safepoint "Cleanup", Time since last: 1002576333 ns, Reaching safepoint: 3001584 ns, At safepoint: 83208 ns, Total: 3084792 ns
[2023-07-18T03:01:56.386+0000][1][safepoint    ] Safepoint "Cleanup", Time since last: 1001844584 ns, Reaching safepoint: 3498000 ns, At safepoint: 100083 ns, Total: 3598083 ns
[2023-07-18T03:01:57.391+0000][1][safepoint    ] Safepoint "Cleanup", Time since last: 1002138751 ns, Reaching safepoint: 2274708 ns, At safepoint: 71167 ns, Total: 2345875 ns
[2023-07-18T03:01:58.395+0000][1][safepoint    ] Safepoint "Cleanup", Time since last: 1001037792 ns, Reaching safepoint: 2922541 ns, At safepoint: 77542 ns, Total: 3000083 ns
[2023-07-18T03:01:59.400+0000][1][safepoint    ] Safepoint "Cleanup", Time since last: 1001262417 ns, Reaching safepoint: 3788500 ns, At safepoint: 162875 ns, Total: 3951375 ns
[2023-07-18T03:02:00.403+0000][1][safepoint    ] Safepoint "Cleanup", Time since last: 1001512334 ns, Reaching safepoint: 1766792 ns, At safepoint: 29166 ns, Total: 1795958 ns
[2023-07-18T03:02:01.405+0000][1][safepoint    ] Safepoint "Cleanup", Time since last: 1001146001 ns, Reaching safepoint: 980625 ns, At safepoint: 22583 ns, Total: 1003208 ns
[2023-07-18T03:02:02.410+0000][1][safepoint    ] Safepoint "Cleanup", Time since last: 1001971209 ns, Reaching safepoint: 2349708 ns, At safepoint: 88792 ns, Total: 2438500 ns
[2023-07-18T03:02:03.414+0000][1][safepoint    ] Safepoint "Cleanup", Time since last: 1001226917 ns, Reaching safepoint: 2780334 ns, At safepoint: 131000 ns, Total: 2911334 ns
[2023-07-18T03:02:04.418+0000][1][safepoint    ] Safepoint "Cleanup", Time since last: 1001974125 ns, Reaching safepoint: 2232667 ns, At safepoint: 75458 ns, Total: 2308125 ns
[2023-07-18T03:02:05.422+0000][1][safepoint    ] Safepoint "Cleanup", Time since last: 1000948501 ns, Reaching safepoint: 2288291 ns, At safepoint: 100209 ns, Total: 2388500 ns
[2023-07-18T03:02:06.426+0000][1][safepoint    ] Safepoint "Cleanup", Time since last: 1001381083 ns, Reaching safepoint: 2501584 ns, At safepoint: 72458 ns, Total: 2574042 ns
[2023-07-18T03:02:07.432+0000][1][safepoint    ] Safepoint "Cleanup", Time since last: 1001927250 ns, Reaching safepoint: 3950917 ns, At safepoint: 118292 ns, Total: 4069209 ns
[2023-07-18T03:02:08.434+0000][1][safepoint    ] Safepoint "Cleanup", Time since last: 1001562834 ns, Reaching safepoint: 587041 ns, At safepoint: 19417 ns, Total: 606458 ns
[2023-07-18T03:02:09.437+0000][1][safepoint    ] Safepoint "Cleanup", Time since last: 1000978209 ns, Reaching safepoint: 2324958 ns, At safepoint: 70292 ns, Total: 2395250 ns
[2023-07-18T03:02:10.379+0000][1][safepoint    ] Safepoint "RevokeBias", Time since last: 940107459 ns, Reaching safepoint: 1700666 ns, At safepoint: 344459 ns, Total: 2045125 ns
[2023-07-18T03:02:11.381+0000][1][safepoint    ] Safepoint "Cleanup", Time since last: 1000446916 ns, Reaching safepoint: 1606875 ns, At safepoint: 78292 ns, Total: 1685167 ns
[2023-07-18T03:02:12.383+0000][1][safepoint    ] Safepoint "Cleanup", Time since last: 1000838626 ns, Reaching safepoint: 571541 ns, At safepoint: 16875 ns, Total: 588416 ns
[2023-07-18T03:02:13.385+0000][1][safepoint    ] Safepoint "Cleanup", Time since last: 1000625792 ns, Reaching safepoint: 1154709 ns, At safepoint: 27208 ns, Total: 1181917 ns
[2023-07-18T03:02:14.388+0000][1][safepoint    ] Safepoint "Cleanup", Time since last: 1000829167 ns, Reaching safepoint: 2803833 ns, At safepoint: 72750 ns, Total: 2876583 ns
[2023-07-18T03:02:15.392+0000][1][safepoint    ] Safepoint "Cleanup", Time since last: 1002229334 ns, Reaching safepoint: 1268209 ns, At safepoint: 32625 ns, Total: 1300834 ns
[2023-07-18T03:02:16.399+0000][1][safepoint    ] Safepoint "Cleanup", Time since last: 1005709875 ns, Reaching safepoint: 1116750 ns, At safepoint: 30792 ns, Total: 1147542 ns
[2023-07-18T03:02:17.402+0000][1][safepoint    ] Safepoint "Cleanup", Time since last: 1001547500 ns, Reaching safepoint: 1702834 ns, At safepoint: 49583 ns, Total: 1752417 ns
[2023-07-18T03:02:18.404+0000][1][safepoint    ] Safepoint "Cleanup", Time since last: 1001243625 ns, Reaching safepoint: 1083334 ns, At safepoint: 33958 ns, Total: 1117292 ns
[2023-07-18T03:02:19.409+0000][1][safepoint    ] Safepoint "Cleanup", Time since last: 1001142292 ns, Reaching safepoint: 2859542 ns, At safepoint: 81292 ns, Total: 2940834 ns
[2023-07-18T03:02:20.367+0000][1][safepoint    ] Safepoint "RevokeBias", Time since last: 956528667 ns, Reaching safepoint: 1744791 ns, At safepoint: 427917 ns, Total: 2172708 ns
[2023-07-18T03:02:21.369+0000][1][safepoint    ] Safepoint "Cleanup", Time since last: 1000476584 ns, Reaching safepoint: 1719500 ns, At safepoint: 37833 ns, Total: 1757333 ns
[2023-07-18T03:02:22.374+0000][1][safepoint    ] Safepoint "Cleanup", Time since last: 1003422584 ns, Reaching safepoint: 645750 ns, At safepoint: 17667 ns, Total: 663417 ns
[2023-07-18T03:02:23.375+0000][1][safepoint    ] Safepoint "Cleanup", Time since last: 1000375042 ns, Reaching safepoint: 1345750 ns, At safepoint: 35041 ns, Total: 1380791 ns
[2023-07-18T03:02:24.381+0000][1][safepoint    ] Safepoint "Cleanup", Time since last: 1001339168 ns, Reaching safepoint: 4065250 ns, At safepoint: 93291 ns, Total: 4158541 ns
[2023-07-18T03:02:25.384+0000][1][safepoint    ] Safepoint "Cleanup", Time since last: 1001987209 ns, Reaching safepoint: 1225375 ns, At safepoint: 30917 ns, Total: 1256292 ns
[2023-07-18T03:02:26.388+0000][1][safepoint    ] Safepoint "Cleanup", Time since last: 1001306792 ns, Reaching safepoint: 2998458 ns, At safepoint: 80625 ns, Total: 3079083 ns
[2023-07-18T03:02:27.394+0000][1][safepoint    ] Safepoint "Cleanup", Time since last: 1003421001 ns, Reaching safepoint: 2537000 ns, At safepoint: 64875 ns, Total: 2601875 ns
[2023-07-18T03:02:28.397+0000][1][safepoint    ] Safepoint "Cleanup", Time since last: 1001826208 ns, Reaching safepoint: 794792 ns, At safepoint: 20917 ns, Total: 815709 ns
[2023-07-18T03:02:29.403+0000][1][safepoint    ] Safepoint "Cleanup", Time since last: 1001628334 ns, Reaching safepoint: 3671000 ns, At safepoint: 164625 ns, Total: 3835625 ns
[2023-07-18T03:02:30.405+0000][1][safepoint    ] Safepoint "Cleanup", Time since last: 1001122250 ns, Reaching safepoint: 1503542 ns, At safepoint: 23125 ns, Total: 1526667 ns
[2023-07-18T03:02:30.518+0000][1][safepoint    ] Safepoint "RevokeBias", Time since last: 110178583 ns, Reaching safepoint: 1789250 ns, At safepoint: 380542 ns, Total: 2169792 ns
[2023-07-18T03:02:31.521+0000][1][safepoint    ] Safepoint "Cleanup", Time since last: 1001366125 ns, Reaching safepoint: 2260625 ns, At safepoint: 48917 ns, Total: 2309542 ns
[2023-07-18T03:02:32.524+0000][1][safepoint    ] Safepoint "Cleanup", Time since last: 1000954667 ns, Reaching safepoint: 1507542 ns, At safepoint: 40750 ns, Total: 1548292 ns
[2023-07-18T03:02:33.526+0000][1][safepoint    ] Safepoint "Cleanup", Time since last: 1000695500 ns, Reaching safepoint: 1409417 ns, At safepoint: 38250 ns, Total: 1447667 ns
[2023-07-18T03:02:34.528+0000][1][safepoint    ] Safepoint "Cleanup", Time since last: 1000815042 ns, Reaching safepoint: 1141583 ns, At safepoint: 24667 ns, Total: 1166250 ns
[2023-07-18T03:02:35.529+0000][1][safepoint    ] Safepoint "Cleanup", Time since last: 1000626626 ns, Reaching safepoint: 746166 ns, At safepoint: 16500 ns, Total: 762666 ns
[2023-07-18T03:02:36.530+0000][1][safepoint    ] Safepoint "Cleanup", Time since last: 1000477376 ns, Reaching safepoint: 623041 ns, At safepoint: 17584 ns, Total: 640625 ns
[2023-07-18T03:02:37.532+0000][1][safepoint    ] Safepoint "Cleanup", Time since last: 1000407334 ns, Reaching safepoint: 821291 ns, At safepoint: 19459 ns, Total: 840750 ns
[2023-07-18T03:02:38.533+0000][1][safepoint    ] Safepoint "Cleanup", Time since last: 1000620917 ns, Reaching safepoint: 571875 ns, At safepoint: 14416 ns, Total: 586291 ns
[2023-07-18T03:02:39.534+0000][1][safepoint    ] Safepoint "Cleanup", Time since last: 1000497417 ns, Reaching safepoint: 570834 ns, At safepoint: 19416 ns, Total: 590250 ns
[2023-07-18T03:02:40.380+0000][1][safepoint    ] Safepoint "RevokeBias", Time since last: 834541043 ns, Reaching safepoint: 5684958 ns, At safepoint: 5616250 ns, Total: 11301208 ns
[2023-07-18T03:02:41.381+0000][1][safepoint    ] Safepoint "Cleanup", Time since last: 1000421458 ns, Reaching safepoint: 666125 ns, At safepoint: 36542 ns, Total: 702667 ns
[2023-07-18T03:02:42.383+0000][1][safepoint    ] Safepoint "Cleanup", Time since last: 1000468167 ns, Reaching safepoint: 715042 ns, At safepoint: 34583 ns, Total: 749625 ns
[2023-07-18T03:02:43.384+0000][1][safepoint    ] Safepoint "Cleanup", Time since last: 1001204084 ns, Reaching safepoint: 645625 ns, At safepoint: 33083 ns, Total: 678708 ns
[2023-07-18T03:02:43.909+0000][1][gc,start     ] GC(26) Pause Young (Allocation Failure)
[2023-07-18T03:02:43.910+0000][1][gc,task      ] GC(26) Using 4 workers of 4 for evacuation
[2023-07-18T03:02:43.940+0000][1][gc,age       ] GC(26) Desired survivor size 8945664 bytes, new threshold 6 (max threshold 6)
[2023-07-18T03:02:43.941+0000][1][gc,age       ] GC(26) Age table with threshold 6 (max threshold 6)
[2023-07-18T03:02:43.941+0000][1][gc,age       ] GC(26) - age   1:     107664 bytes,     107664 total
[2023-07-18T03:02:43.941+0000][1][gc,age       ] GC(26) - age   2:      95904 bytes,     203568 total
[2023-07-18T03:02:43.941+0000][1][gc,age       ] GC(26) - age   3:      44392 bytes,     247960 total
[2023-07-18T03:02:43.941+0000][1][gc,age       ] GC(26) - age   4:     122424 bytes,     370384 total
[2023-07-18T03:02:43.941+0000][1][gc,age       ] GC(26) - age   5:     437296 bytes,     807680 total
[2023-07-18T03:02:43.942+0000][1][gc,age       ] GC(26) - age   6:      14744 bytes,     822424 total
[2023-07-18T03:02:43.942+0000][1][gc,heap      ] GC(26) ParNew: 140857K->1054K(157248K)
[2023-07-18T03:02:43.942+0000][1][gc,heap      ] GC(26) CMS: 67555K->67562K(349568K)
[2023-07-18T03:02:43.942+0000][1][gc,metaspace ] GC(26) Metaspace: 88910K->88910K(1130496K)
[2023-07-18T03:02:43.942+0000][1][gc           ] GC(26) Pause Young (Allocation Failure) 203M->67M(494M) 33.709ms
[2023-07-18T03:02:43.942+0000][1][gc,cpu       ] GC(26) User=0.03s Sys=0.01s Real=0.04s
[2023-07-18T03:02:43.943+0000][1][safepoint    ] Safepoint "GenCollectForAllocation", Time since last: 522872876 ns, Reaching safepoint: 1226750 ns, At safepoint: 34174208 ns, Total: 35400958 ns
[2023-07-18T03:02:44.952+0000][1][safepoint    ] Safepoint "Cleanup", Time since last: 1007190167 ns, Reaching safepoint: 1145875 ns, At safepoint: 1251750 ns, Total: 2397625 ns
[2023-07-18T03:02:45.514+0000][1][safepoint    ] Safepoint "RevokeBias", Time since last: 561074125 ns, Reaching safepoint: 594375 ns, At safepoint: 112792 ns, Total: 707167 ns
[2023-07-18T03:02:45.516+0000][1][safepoint    ] Safepoint "RevokeBias", Time since last: 1232333 ns, Reaching safepoint: 511292 ns, At safepoint: 57167 ns, Total: 568459 ns
[2023-07-18T03:02:45.550+0000][1][safepoint    ] Safepoint "RevokeBias", Time since last: 32304416 ns, Reaching safepoint: 1633709 ns, At safepoint: 462750 ns, Total: 2096459 ns
[2023-07-18T03:02:45.563+0000][1][safepoint    ] Safepoint "BulkRevokeBias", Time since last: 5415375 ns, Reaching safepoint: 4440083 ns, At safepoint: 3198792 ns, Total: 7638875 ns
[2023-07-18T03:02:45.587+0000][1][safepoint    ] Safepoint "RevokeBias", Time since last: 21720625 ns, Reaching safepoint: 1483291 ns, At safepoint: 96959 ns, Total: 1580250 ns
[2023-07-18T03:02:45.590+0000][1][safepoint    ] Safepoint "RevokeBias", Time since last: 2102416 ns, Reaching safepoint: 769209 ns, At safepoint: 82958 ns, Total: 852167 ns
[2023-07-18T03:02:46.591+0000][1][safepoint    ] Safepoint "Cleanup", Time since last: 1000783542 ns, Reaching safepoint: 729917 ns, At safepoint: 19750 ns, Total: 749667 ns
[2023-07-18T03:02:47.592+0000][1][safepoint    ] Safepoint "Cleanup", Time since last: 1000401167 ns, Reaching safepoint: 671083 ns, At safepoint: 24250 ns, Total: 695333 ns
[2023-07-18T03:02:48.593+0000][1][safepoint    ] Safepoint "Cleanup", Time since last: 1000427834 ns, Reaching safepoint: 551458 ns, At safepoint: 11417 ns, Total: 562875 ns
[2023-07-18T03:02:49.594+0000][1][safepoint    ] Safepoint "Cleanup", Time since last: 1000436626 ns, Reaching safepoint: 584958 ns, At safepoint: 32500 ns, Total: 617458 ns
[2023-07-18T03:02:50.615+0000][1][safepoint    ] Safepoint "Cleanup", Time since last: 1003253875 ns, Reaching safepoint: 14547500 ns, At safepoint: 2490459 ns, Total: 17037959 ns
[2023-07-18T03:02:51.621+0000][1][safepoint    ] Safepoint "Cleanup", Time since last: 1005772917 ns, Reaching safepoint: 952542 ns, At safepoint: 19708 ns, Total: 972250 ns
[2023-07-18T03:02:52.623+0000][1][safepoint    ] Safepoint "Cleanup", Time since last: 1000490292 ns, Reaching safepoint: 1497500 ns, At safepoint: 25458 ns, Total: 1522958 ns
[2023-07-18T03:02:53.625+0000][1][safepoint    ] Safepoint "Cleanup", Time since last: 1000595084 ns, Reaching safepoint: 925875 ns, At safepoint: 27584 ns, Total: 953459 ns
[2023-07-18T03:02:54.626+0000][1][safepoint    ] Safepoint "Cleanup", Time since last: 1000442083 ns, Reaching safepoint: 561000 ns, At safepoint: 30750 ns, Total: 591750 ns
[2023-07-18T03:02:55.627+0000][1][safepoint    ] Safepoint "Cleanup", Time since last: 1000593668 ns, Reaching safepoint: 561625 ns, At safepoint: 19291 ns, Total: 580916 ns
[2023-07-18T03:02:56.630+0000][1][safepoint    ] Safepoint "Cleanup", Time since last: 1000670792 ns, Reaching safepoint: 1790667 ns, At safepoint: 40500 ns, Total: 1831167 ns
[2023-07-18T03:02:57.631+0000][1][safepoint    ] Safepoint "Cleanup", Time since last: 1000693334 ns, Reaching safepoint: 695083 ns, At safepoint: 18292 ns, Total: 713375 ns
[2023-07-18T03:02:58.633+0000][1][safepoint    ] Safepoint "Cleanup", Time since last: 1001142667 ns, Reaching safepoint: 759625 ns, At safepoint: 23583 ns, Total: 783208 ns
[2023-07-18T03:02:59.636+0000][1][safepoint    ] Safepoint "Cleanup", Time since last: 1001266876 ns, Reaching safepoint: 1635833 ns, At safepoint: 38875 ns, Total: 1674708 ns
[2023-07-18T03:03:00.638+0000][1][safepoint    ] Safepoint "Cleanup", Time since last: 1001189126 ns, Reaching safepoint: 1045416 ns, At safepoint: 22417 ns, Total: 1067833 ns
[2023-07-18T03:03:01.642+0000][1][safepoint    ] Safepoint "Cleanup", Time since last: 1000879834 ns, Reaching safepoint: 3357416 ns, At safepoint: 101042 ns, Total: 3458458 ns
[2023-07-18T03:03:02.645+0000][1][safepoint    ] Safepoint "Cleanup", Time since last: 1001281251 ns, Reaching safepoint: 1611000 ns, At safepoint: 40166 ns, Total: 1651166 ns
[2023-07-18T03:03:03.647+0000][1][safepoint    ] Safepoint "Cleanup", Time since last: 1001087834 ns, Reaching safepoint: 671792 ns, At safepoint: 17916 ns, Total: 689708 ns
[2023-07-18T03:03:04.650+0000][1][safepoint    ] Safepoint "Cleanup", Time since last: 1000560959 ns, Reaching safepoint: 2246000 ns, At safepoint: 145542 ns, Total: 2391542 ns
[2023-07-18T03:03:05.656+0000][1][safepoint    ] Safepoint "Cleanup", Time since last: 1001510834 ns, Reaching safepoint: 3730500 ns, At safepoint: 184958 ns, Total: 3915458 ns
[2023-07-18T03:03:06.660+0000][1][safepoint    ] Safepoint "Cleanup", Time since last: 1003269584 ns, Reaching safepoint: 943833 ns, At safepoint: 18167 ns, Total: 962000 ns
[2023-07-18T03:03:07.664+0000][1][safepoint    ] Safepoint "Cleanup", Time since last: 1000645084 ns, Reaching safepoint: 3040833 ns, At safepoint: 91292 ns, Total: 3132125 ns
[2023-07-18T03:03:08.665+0000][1][safepoint    ] Safepoint "Cleanup", Time since last: 1001163667 ns, Reaching safepoint: 619208 ns, At safepoint: 17792 ns, Total: 637000 ns
[2023-07-18T03:03:09.667+0000][1][safepoint    ] Safepoint "Cleanup", Time since last: 1000451292 ns, Reaching safepoint: 956875 ns, At safepoint: 27708 ns, Total: 984583 ns
[2023-07-18T03:03:10.383+0000][1][safepoint    ] Safepoint "BulkRevokeBias", Time since last: 711297459 ns, Reaching safepoint: 1976958 ns, At safepoint: 3114125 ns, Total: 5091083 ns
[2023-07-18T03:03:11.387+0000][1][safepoint    ] Safepoint "Cleanup", Time since last: 1001317625 ns, Reaching safepoint: 1563125 ns, At safepoint: 43542 ns, Total: 1606667 ns
[2023-07-18T03:03:12.389+0000][1][safepoint    ] Safepoint "Cleanup", Time since last: 1001207834 ns, Reaching safepoint: 1348667 ns, At safepoint: 38291 ns, Total: 1386958 ns
[2023-07-18T03:03:13.394+0000][1][safepoint    ] Safepoint "Cleanup", Time since last: 1000855376 ns, Reaching safepoint: 3393291 ns, At safepoint: 107084 ns, Total: 3500375 ns
[2023-07-18T03:03:14.398+0000][1][safepoint    ] Safepoint "Cleanup", Time since last: 1003198125 ns, Reaching safepoint: 1111125 ns, At safepoint: 30583 ns, Total: 1141708 ns
[2023-07-18T03:03:15.400+0000][1][safepoint    ] Safepoint "Cleanup", Time since last: 1000671168 ns, Reaching safepoint: 1416750 ns, At safepoint: 37291 ns, Total: 1454041 ns
[2023-07-18T03:03:16.402+0000][1][safepoint    ] Safepoint "Cleanup", Time since last: 1000761584 ns, Reaching safepoint: 1476667 ns, At safepoint: 37208 ns, Total: 1513875 ns
[2023-07-18T03:03:17.405+0000][1][safepoint    ] Safepoint "Cleanup", Time since last: 1001323709 ns, Reaching safepoint: 1407708 ns, At safepoint: 39459 ns, Total: 1447167 ns
[2023-07-18T03:03:18.406+0000][1][safepoint    ] Safepoint "Cleanup", Time since last: 1000749875 ns, Reaching safepoint: 738125 ns, At safepoint: 24792 ns, Total: 762917 ns
[2023-07-18T03:03:19.411+0000][1][safepoint    ] Safepoint "Cleanup", Time since last: 1000608542 ns, Reaching safepoint: 3453917 ns, At safepoint: 96333 ns, Total: 3550250 ns
[2023-07-18T03:03:20.374+0000][1][safepoint    ] Safepoint "RevokeBias", Time since last: 961707417 ns, Reaching safepoint: 1835125 ns, At safepoint: 263375 ns, Total: 2098500 ns
[2023-07-18T03:03:21.376+0000][1][safepoint    ] Safepoint "Cleanup", Time since last: 1000892417 ns, Reaching safepoint: 872500 ns, At safepoint: 19458 ns, Total: 891958 ns
[2023-07-18T03:03:22.378+0000][1][safepoint    ] Safepoint "Cleanup", Time since last: 1000620584 ns, Reaching safepoint: 783667 ns, At safepoint: 20208 ns, Total: 803875 ns
[2023-07-18T03:03:23.379+0000][1][safepoint    ] Safepoint "Cleanup", Time since last: 1000556876 ns, Reaching safepoint: 1182833 ns, At safepoint: 28500 ns, Total: 1211333 ns
[2023-07-18T03:03:24.383+0000][1][safepoint    ] Safepoint "Cleanup", Time since last: 1000760126 ns, Reaching safepoint: 2786000 ns, At safepoint: 76541 ns, Total: 2862541 ns
[2023-07-18T03:03:25.385+0000][1][safepoint    ] Safepoint "Cleanup", Time since last: 1001204251 ns, Reaching safepoint: 757458 ns, At safepoint: 26208 ns, Total: 783666 ns
[2023-07-18T03:03:26.388+0000][1][safepoint    ] Safepoint "Cleanup", Time since last: 1000491543 ns, Reaching safepoint: 2092250 ns, At safepoint: 54708 ns, Total: 2146958 ns
[2023-07-18T03:03:27.390+0000][1][safepoint    ] Safepoint "Cleanup", Time since last: 1000991584 ns, Reaching safepoint: 1671958 ns, At safepoint: 47667 ns, Total: 1719625 ns
[2023-07-18T03:03:28.392+0000][1][safepoint    ] Safepoint "Cleanup", Time since last: 1000857250 ns, Reaching safepoint: 637250 ns, At safepoint: 17000 ns, Total: 654250 ns
[2023-07-18T03:03:29.399+0000][1][safepoint    ] Safepoint "Cleanup", Time since last: 1003683501 ns, Reaching safepoint: 2899291 ns, At safepoint: 73792 ns, Total: 2973083 ns
[2023-07-18T03:03:30.401+0000][1][safepoint    ] Safepoint "Cleanup", Time since last: 1001207875 ns, Reaching safepoint: 1251084 ns, At safepoint: 19583 ns, Total: 1270667 ns
[2023-07-18T03:03:30.508+0000][1][safepoint    ] Safepoint "RevokeBias", Time since last: 105058750 ns, Reaching safepoint: 1779458 ns, At safepoint: 422375 ns, Total: 2201833 ns
[2023-07-18T03:03:31.509+0000][1][safepoint    ] Safepoint "Cleanup", Time since last: 1000435668 ns, Reaching safepoint: 720416 ns, At safepoint: 12375 ns, Total: 732791 ns
[2023-07-18T03:03:32.511+0000][1][safepoint    ] Safepoint "Cleanup", Time since last: 1000507834 ns, Reaching safepoint: 1006000 ns, At safepoint: 23458 ns, Total: 1029458 ns
[2023-07-18T03:03:33.512+0000][1][safepoint    ] Safepoint "Cleanup", Time since last: 1000440376 ns, Reaching safepoint: 589042 ns, At safepoint: 15916 ns, Total: 604958 ns
[2023-07-18T03:03:34.514+0000][1][safepoint    ] Safepoint "Cleanup", Time since last: 1001209667 ns, Reaching safepoint: 601875 ns, At safepoint: 19667 ns, Total: 621542 ns
[2023-07-18T03:03:35.515+0000][1][safepoint    ] Safepoint "Cleanup", Time since last: 1000459501 ns, Reaching safepoint: 749166 ns, At safepoint: 14292 ns, Total: 763458 ns
[2023-07-18T03:03:36.516+0000][1][safepoint    ] Safepoint "Cleanup", Time since last: 1000450334 ns, Reaching safepoint: 583916 ns, At safepoint: 21292 ns, Total: 605208 ns
[2023-07-18T03:03:37.517+0000][1][safepoint    ] Safepoint "Cleanup", Time since last: 1000384084 ns, Reaching safepoint: 912500 ns, At safepoint: 22083 ns, Total: 934583 ns
[2023-07-18T03:03:38.519+0000][1][safepoint    ] Safepoint "Cleanup", Time since last: 1000441917 ns, Reaching safepoint: 606917 ns, At safepoint: 23667 ns, Total: 630584 ns
[2023-07-18T03:03:39.520+0000][1][safepoint    ] Safepoint "Cleanup", Time since last: 1000325333 ns, Reaching safepoint: 620834 ns, At safepoint: 22250 ns, Total: 643084 ns
[2023-07-18T03:03:40.522+0000][1][safepoint    ] Safepoint "Cleanup", Time since last: 1000534209 ns, Reaching safepoint: 1603750 ns, At safepoint: 20500 ns, Total: 1624250 ns
[2023-07-18T03:03:41.523+0000][1][safepoint    ] Safepoint "Cleanup", Time since last: 1000328916 ns, Reaching safepoint: 616916 ns, At safepoint: 13084 ns, Total: 630000 ns
[2023-07-18T03:03:42.524+0000][1][safepoint    ] Safepoint "Cleanup", Time since last: 1000381959 ns, Reaching safepoint: 726791 ns, At safepoint: 27792 ns, Total: 754583 ns
[2023-07-18T03:03:43.525+0000][1][safepoint    ] Safepoint "Cleanup", Time since last: 1000578834 ns, Reaching safepoint: 580125 ns, At safepoint: 32208 ns, Total: 612333 ns
[2023-07-18T03:03:44.526+0000][1][safepoint    ] Safepoint "Cleanup", Time since last: 1000408126 ns, Reaching safepoint: 642208 ns, At safepoint: 35000 ns, Total: 677208 ns
[2023-07-18T03:03:45.527+0000][1][safepoint    ] Safepoint "Cleanup", Time since last: 1000426292 ns, Reaching safepoint: 685875 ns, At safepoint: 36667 ns, Total: 722542 ns
[2023-07-18T03:03:46.529+0000][1][safepoint    ] Safepoint "Cleanup", Time since last: 1000413708 ns, Reaching safepoint: 671709 ns, At safepoint: 35833 ns, Total: 707542 ns
[2023-07-18T03:03:46.544+0000][1][safepoint    ] Safepoint "RevokeBias", Time since last: 15080167 ns, Reaching safepoint: 615125 ns, At safepoint: 79458 ns, Total: 694583 ns
[2023-07-18T03:03:46.558+0000][1][safepoint    ] Safepoint "RevokeBias", Time since last: 10664542 ns, Reaching safepoint: 2732708 ns, At safepoint: 147250 ns, Total: 2879958 ns
[2023-07-18T03:03:46.599+0000][1][safepoint    ] Safepoint "RevokeBias", Time since last: 40253917 ns, Reaching safepoint: 531917 ns, At safepoint: 107750 ns, Total: 639667 ns
[2023-07-18T03:03:46.601+0000][1][safepoint    ] Safepoint "RevokeBias", Time since last: 1320125 ns, Reaching safepoint: 403583 ns, At safepoint: 76417 ns, Total: 480000 ns
[2023-07-18T03:03:46.603+0000][1][safepoint    ] Safepoint "RevokeBias", Time since last: 1209791 ns, Reaching safepoint: 1174834 ns, At safepoint: 105958 ns, Total: 1280792 ns
[2023-07-18T03:03:47.605+0000][1][safepoint    ] Safepoint "Cleanup", Time since last: 1000779792 ns, Reaching safepoint: 726208 ns, At safepoint: 19709 ns, Total: 745917 ns
[2023-07-18T03:03:48.606+0000][1][safepoint    ] Safepoint "Cleanup", Time since last: 1000484583 ns, Reaching safepoint: 570167 ns, At safepoint: 20375 ns, Total: 590542 ns
[2023-07-18T03:03:49.607+0000][1][safepoint    ] Safepoint "Cleanup", Time since last: 1000442626 ns, Reaching safepoint: 644791 ns, At safepoint: 21750 ns, Total: 666541 ns
[2023-07-18T03:03:50.609+0000][1][safepoint    ] Safepoint "Cleanup", Time since last: 1000932084 ns, Reaching safepoint: 927500 ns, At safepoint: 25333 ns, Total: 952833 ns
[2023-07-18T03:03:51.610+0000][1][safepoint    ] Safepoint "Cleanup", Time since last: 1000410584 ns, Reaching safepoint: 816542 ns, At safepoint: 14667 ns, Total: 831209 ns
[2023-07-18T03:03:52.613+0000][1][safepoint    ] Safepoint "Cleanup", Time since last: 1000487958 ns, Reaching safepoint: 2033167 ns, At safepoint: 65000 ns, Total: 2098167 ns
[2023-07-18T03:03:53.616+0000][1][safepoint    ] Safepoint "Cleanup", Time since last: 1001405459 ns, Reaching safepoint: 2157250 ns, At safepoint: 95292 ns, Total: 2252542 ns
[2023-07-18T03:03:54.621+0000][1][safepoint    ] Safepoint "Cleanup", Time since last: 1002322167 ns, Reaching safepoint: 2217666 ns, At safepoint: 78292 ns, Total: 2295958 ns
[2023-07-18T03:03:55.624+0000][1][safepoint    ] Safepoint "Cleanup", Time since last: 1001264751 ns, Reaching safepoint: 1465166 ns, At safepoint: 67834 ns, Total: 1533000 ns
[2023-07-18T03:03:56.628+0000][1][safepoint    ] Safepoint "Cleanup", Time since last: 1000999792 ns, Reaching safepoint: 2786583 ns, At safepoint: 89917 ns, Total: 2876500 ns
[2023-07-18T03:03:57.632+0000][1][safepoint    ] Safepoint "Cleanup", Time since last: 1001702333 ns, Reaching safepoint: 2633917 ns, At safepoint: 96542 ns, Total: 2730459 ns
[2023-07-18T03:03:58.635+0000][1][safepoint    ] Safepoint "Cleanup", Time since last: 1001737584 ns, Reaching safepoint: 1422958 ns, At safepoint: 27792 ns, Total: 1450750 ns
[2023-07-18T03:03:59.639+0000][1][safepoint    ] Safepoint "Cleanup", Time since last: 1001152917 ns, Reaching safepoint: 2953500 ns, At safepoint: 70125 ns, Total: 3023625 ns
[2023-07-18T03:04:00.641+0000][1][safepoint    ] Safepoint "Cleanup", Time since last: 1001057209 ns, Reaching safepoint: 824166 ns, At safepoint: 14625 ns, Total: 838791 ns
[2023-07-18T03:04:01.643+0000][1][safepoint    ] Safepoint "Cleanup", Time since last: 1000734876 ns, Reaching safepoint: 1200166 ns, At safepoint: 47209 ns, Total: 1247375 ns
[2023-07-18T03:04:02.647+0000][1][safepoint    ] Safepoint "Cleanup", Time since last: 1000877084 ns, Reaching safepoint: 2421708 ns, At safepoint: 70333 ns, Total: 2492041 ns
[2023-07-18T03:04:03.652+0000][1][safepoint    ] Safepoint "Cleanup", Time since last: 1001552084 ns, Reaching safepoint: 3726958 ns, At safepoint: 105959 ns, Total: 3832917 ns
[2023-07-18T03:04:04.657+0000][1][safepoint    ] Safepoint "Cleanup", Time since last: 1002006708 ns, Reaching safepoint: 2764875 ns, At safepoint: 88709 ns, Total: 2853584 ns
[2023-07-18T03:04:05.659+0000][1][safepoint    ] Safepoint "Cleanup", Time since last: 1001234459 ns, Reaching safepoint: 1409750 ns, At safepoint: 60291 ns, Total: 1470041 ns
[2023-07-18T03:04:06.662+0000][1][safepoint    ] Safepoint "Cleanup", Time since last: 1001050334 ns, Reaching safepoint: 1871500 ns, At safepoint: 48708 ns, Total: 1920208 ns
[2023-07-18T03:04:07.667+0000][1][safepoint    ] Safepoint "Cleanup", Time since last: 1002154626 ns, Reaching safepoint: 2730125 ns, At safepoint: 116500 ns, Total: 2846625 ns
[2023-07-18T03:04:08.670+0000][1][safepoint    ] Safepoint "Cleanup", Time since last: 1001827334 ns, Reaching safepoint: 957000 ns, At safepoint: 28791 ns, Total: 985791 ns
[2023-07-18T03:04:09.675+0000][1][safepoint    ] Safepoint "Cleanup", Time since last: 1000705209 ns, Reaching safepoint: 3751209 ns, At safepoint: 107833 ns, Total: 3859042 ns
[2023-07-18T03:04:10.392+0000][1][safepoint    ] Safepoint "RevokeBias", Time since last: 714440084 ns, Reaching safepoint: 1995250 ns, At safepoint: 518541 ns, Total: 2513791 ns
[2023-07-18T03:04:11.395+0000][1][safepoint    ] Safepoint "Cleanup", Time since last: 1000793000 ns, Reaching safepoint: 1737084 ns, At safepoint: 56375 ns, Total: 1793459 ns
[2023-07-18T03:04:12.400+0000][1][safepoint    ] Safepoint "Cleanup", Time since last: 1003603875 ns, Reaching safepoint: 1285542 ns, At safepoint: 31500 ns, Total: 1317042 ns
[2023-07-18T03:04:13.404+0000][1][safepoint    ] Safepoint "Cleanup", Time since last: 1001388875 ns, Reaching safepoint: 1941500 ns, At safepoint: 68917 ns, Total: 2010417 ns
[2023-07-18T03:04:14.406+0000][1][safepoint    ] Safepoint "Cleanup", Time since last: 1002132042 ns, Reaching safepoint: 758250 ns, At safepoint: 20917 ns, Total: 779167 ns
[2023-07-18T03:04:15.409+0000][1][safepoint    ] Safepoint "Cleanup", Time since last: 1001363250 ns, Reaching safepoint: 1190125 ns, At safepoint: 37959 ns, Total: 1228084 ns
[2023-07-18T03:04:16.413+0000][1][safepoint    ] Safepoint "Cleanup", Time since last: 1000756583 ns, Reaching safepoint: 2693917 ns, At safepoint: 70792 ns, Total: 2764709 ns
[2023-07-18T03:04:17.415+0000][1][safepoint    ] Safepoint "Cleanup", Time since last: 1001332042 ns, Reaching safepoint: 1294750 ns, At safepoint: 38458 ns, Total: 1333208 ns
[2023-07-18T03:04:18.419+0000][1][safepoint    ] Safepoint "Cleanup", Time since last: 1001074084 ns, Reaching safepoint: 2361958 ns, At safepoint: 80875 ns, Total: 2442833 ns
[2023-07-18T03:04:19.421+0000][1][safepoint    ] Safepoint "Cleanup", Time since last: 1001087376 ns, Reaching safepoint: 1073833 ns, At safepoint: 23334 ns, Total: 1097167 ns
[2023-07-18T03:04:20.390+0000][1][safepoint    ] Safepoint "RevokeBias", Time since last: 967151833 ns, Reaching safepoint: 1592584 ns, At safepoint: 406458 ns, Total: 1999042 ns
[2023-07-18T03:04:21.393+0000][1][safepoint    ] Safepoint "Cleanup", Time since last: 1001043500 ns, Reaching safepoint: 1716834 ns, At safepoint: 59125 ns, Total: 1775959 ns
[2023-07-18T03:04:22.395+0000][1][safepoint    ] Safepoint "Cleanup", Time since last: 1000833042 ns, Reaching safepoint: 1574208 ns, At safepoint: 59292 ns, Total: 1633500 ns
[2023-07-18T03:04:23.399+0000][1][safepoint    ] Safepoint "Cleanup", Time since last: 1001928792 ns, Reaching safepoint: 1864708 ns, At safepoint: 72167 ns, Total: 1936875 ns
[2023-07-18T03:04:24.404+0000][1][safepoint    ] Safepoint "Cleanup", Time since last: 1001287834 ns, Reaching safepoint: 3581958 ns, At safepoint: 123834 ns, Total: 3705792 ns
[2023-07-18T03:04:25.409+0000][1][safepoint    ] Safepoint "Cleanup", Time since last: 1001565417 ns, Reaching safepoint: 2859625 ns, At safepoint: 89291 ns, Total: 2948916 ns
[2023-07-18T03:04:26.412+0000][1][safepoint    ] Safepoint "Cleanup", Time since last: 1001551543 ns, Reaching safepoint: 1533291 ns, At safepoint: 37959 ns, Total: 1571250 ns
[2023-07-18T03:04:27.417+0000][1][safepoint    ] Safepoint "Cleanup", Time since last: 1001323625 ns, Reaching safepoint: 3267958 ns, At safepoint: 91667 ns, Total: 3359625 ns
[2023-07-18T03:04:28.422+0000][1][safepoint    ] Safepoint "Cleanup", Time since last: 1001739625 ns, Reaching safepoint: 3651834 ns, At safepoint: 150875 ns, Total: 3802709 ns
[2023-07-18T03:04:29.425+0000][1][safepoint    ] Safepoint "Cleanup", Time since last: 1001497167 ns, Reaching safepoint: 1029708 ns, At safepoint: 24834 ns, Total: 1054542 ns
[2023-07-18T03:04:30.366+0000][1][safepoint    ] Safepoint "RevokeBias", Time since last: 938279792 ns, Reaching safepoint: 2400875 ns, At safepoint: 419125 ns, Total: 2820000 ns
[2023-07-18T03:04:31.368+0000][1][safepoint    ] Safepoint "Cleanup", Time since last: 1000496000 ns, Reaching safepoint: 1914209 ns, At safepoint: 79833 ns, Total: 1994042 ns
[2023-07-18T03:04:32.373+0000][1][safepoint    ] Safepoint "Cleanup", Time since last: 1001187834 ns, Reaching safepoint: 3445750 ns, At safepoint: 106291 ns, Total: 3552041 ns
[2023-07-18T03:04:33.379+0000][1][safepoint    ] Safepoint "Cleanup", Time since last: 1001905626 ns, Reaching safepoint: 3609083 ns, At safepoint: 93125 ns, Total: 3702208 ns
[2023-07-18T03:04:34.382+0000][1][safepoint    ] Safepoint "Cleanup", Time since last: 1002039751 ns, Reaching safepoint: 1708125 ns, At safepoint: 46958 ns, Total: 1755083 ns
[2023-07-18T03:04:35.386+0000][1][safepoint    ] Safepoint "Cleanup", Time since last: 1003163417 ns, Reaching safepoint: 886083 ns, At safepoint: 22250 ns, Total: 908333 ns
[2023-07-18T03:04:36.389+0000][1][safepoint    ] Safepoint "Cleanup", Time since last: 1001160751 ns, Reaching safepoint: 1738917 ns, At safepoint: 81875 ns, Total: 1820792 ns
[2023-07-18T03:04:37.397+0000][1][safepoint    ] Safepoint "Cleanup", Time since last: 1003939208 ns, Reaching safepoint: 3033334 ns, At safepoint: 130333 ns, Total: 3163667 ns
[2023-07-18T03:04:38.402+0000][1][safepoint    ] Safepoint "Cleanup", Time since last: 1001299042 ns, Reaching safepoint: 3191042 ns, At safepoint: 733875 ns, Total: 3924917 ns
[2023-07-18T03:04:39.406+0000][1][safepoint    ] Safepoint "Cleanup", Time since last: 1001845084 ns, Reaching safepoint: 2192458 ns, At safepoint: 81042 ns, Total: 2273500 ns
[2023-07-18T03:04:40.408+0000][1][safepoint    ] Safepoint "RevokeBias", Time since last: 999643250 ns, Reaching safepoint: 1847500 ns, At safepoint: 361542 ns, Total: 2209042 ns
[2023-07-18T03:04:40.499+0000][1][gc,start     ] GC(27) Pause Young (Allocation Failure)
[2023-07-18T03:04:40.508+0000][1][gc,task      ] GC(27) Using 4 workers of 4 for evacuation
[2023-07-18T03:04:40.542+0000][1][gc,age       ] GC(27) Desired survivor size 8945664 bytes, new threshold 6 (max threshold 6)
[2023-07-18T03:04:40.542+0000][1][gc,age       ] GC(27) Age table with threshold 6 (max threshold 6)
[2023-07-18T03:04:40.542+0000][1][gc,age       ] GC(27) - age   1:     103168 bytes,     103168 total
[2023-07-18T03:04:40.542+0000][1][gc,age       ] GC(27) - age   2:      10712 bytes,     113880 total
[2023-07-18T03:04:40.543+0000][1][gc,age       ] GC(27) - age   3:      95880 bytes,     209760 total
[2023-07-18T03:04:40.543+0000][1][gc,age       ] GC(27) - age   4:      44392 bytes,     254152 total
[2023-07-18T03:04:40.543+0000][1][gc,age       ] GC(27) - age   5:     122424 bytes,     376576 total
[2023-07-18T03:04:40.543+0000][1][gc,age       ] GC(27) - age   6:     436656 bytes,     813232 total
[2023-07-18T03:04:40.544+0000][1][gc,heap      ] GC(27) ParNew: 140818K->1099K(157248K)
[2023-07-18T03:04:40.544+0000][1][gc,heap      ] GC(27) CMS: 67562K->67577K(349568K)
[2023-07-18T03:04:40.545+0000][1][gc,metaspace ] GC(27) Metaspace: 88979K->88979K(1130496K)
[2023-07-18T03:04:40.546+0000][1][gc           ] GC(27) Pause Young (Allocation Failure) 203M->67M(494M) 46.601ms
[2023-07-18T03:04:40.546+0000][1][gc,cpu       ] GC(27) User=0.07s Sys=0.02s Real=0.05s
[2023-07-18T03:04:40.546+0000][1][safepoint    ] Safepoint "GenCollectForAllocation", Time since last: 90272958 ns, Reaching safepoint: 600000 ns, At safepoint: 47643542 ns, Total: 48243542 ns
[2023-07-18T03:04:41.549+0000][1][safepoint    ] Safepoint "Cleanup", Time since last: 1001295875 ns, Reaching safepoint: 1394000 ns, At safepoint: 38208 ns, Total: 1432208 ns
[2023-07-18T03:04:42.552+0000][1][safepoint    ] Safepoint "Cleanup", Time since last: 1001250001 ns, Reaching safepoint: 1490208 ns, At safepoint: 44542 ns, Total: 1534750 ns
[2023-07-18T03:04:43.555+0000][1][safepoint    ] Safepoint "Cleanup", Time since last: 1000962375 ns, Reaching safepoint: 2085958 ns, At safepoint: 71042 ns, Total: 2157000 ns
[2023-07-18T03:04:44.559+0000][1][safepoint    ] Safepoint "Cleanup", Time since last: 1000950042 ns, Reaching safepoint: 2689500 ns, At safepoint: 70584 ns, Total: 2760084 ns
[2023-07-18T03:04:45.562+0000][1][safepoint    ] Safepoint "Cleanup", Time since last: 1001852958 ns, Reaching safepoint: 1236000 ns, At safepoint: 31042 ns, Total: 1267042 ns
[2023-07-18T03:04:46.565+0000][1][safepoint    ] Safepoint "Cleanup", Time since last: 1000653417 ns, Reaching safepoint: 2668959 ns, At safepoint: 81416 ns, Total: 2750375 ns
[2023-07-18T03:04:47.559+0000][1][safepoint    ] Safepoint "RevokeBias", Time since last: 993001667 ns, Reaching safepoint: 932500 ns, At safepoint: 139125 ns, Total: 1071625 ns
[2023-07-18T03:04:47.561+0000][1][safepoint    ] Safepoint "RevokeBias", Time since last: 1585625 ns, Reaching safepoint: 579375 ns, At safepoint: 73167 ns, Total: 652542 ns
[2023-07-18T03:04:47.588+0000][1][safepoint    ] Safepoint "RevokeBias", Time since last: 25677583 ns, Reaching safepoint: 732250 ns, At safepoint: 129375 ns, Total: 861625 ns
[2023-07-18T03:04:47.589+0000][1][safepoint    ] Safepoint "RevokeBias", Time since last: 542042 ns, Reaching safepoint: 805375 ns, At safepoint: 69125 ns, Total: 874500 ns
[2023-07-18T03:04:47.607+0000][1][safepoint    ] Safepoint "RevokeBias", Time since last: 15028583 ns, Reaching safepoint: 2619500 ns, At safepoint: 125917 ns, Total: 2745417 ns
[2023-07-18T03:04:48.611+0000][1][safepoint    ] Safepoint "Cleanup", Time since last: 1000762292 ns, Reaching safepoint: 2540125 ns, At safepoint: 71458 ns, Total: 2611583 ns
[2023-07-18T03:04:49.616+0000][1][safepoint    ] Safepoint "Cleanup", Time since last: 1002331209 ns, Reaching safepoint: 3024459 ns, At safepoint: 142208 ns, Total: 3166667 ns
[2023-07-18T03:04:50.414+0000][1][safepoint    ] Safepoint "RevokeBias", Time since last: 795943000 ns, Reaching safepoint: 1737250 ns, At safepoint: 402917 ns, Total: 2140167 ns
[2023-07-18T03:04:50.513+0000][1][safepoint    ] Safepoint "RevokeBias", Time since last: 97950042 ns, Reaching safepoint: 1108791 ns, At safepoint: 88042 ns, Total: 1196833 ns
[2023-07-18T03:04:51.518+0000][1][safepoint    ] Safepoint "Cleanup", Time since last: 1000588834 ns, Reaching safepoint: 3971333 ns, At safepoint: 122750 ns, Total: 4094083 ns
[2023-07-18T03:04:52.523+0000][1][safepoint    ] Safepoint "Cleanup", Time since last: 1002698459 ns, Reaching safepoint: 1875208 ns, At safepoint: 55250 ns, Total: 1930458 ns
[2023-07-18T03:04:53.525+0000][1][safepoint    ] Safepoint "Cleanup", Time since last: 1000903417 ns, Reaching safepoint: 1532417 ns, At safepoint: 44708 ns, Total: 1577125 ns
[2023-07-18T03:04:54.527+0000][1][safepoint    ] Safepoint "Cleanup", Time since last: 1001432793 ns, Reaching safepoint: 611041 ns, At safepoint: 14709 ns, Total: 625750 ns
[2023-07-18T03:04:55.530+0000][1][safepoint    ] Safepoint "Cleanup", Time since last: 1000787500 ns, Reaching safepoint: 2314833 ns, At safepoint: 61709 ns, Total: 2376542 ns
[2023-07-18T03:04:56.535+0000][1][safepoint    ] Safepoint "Cleanup", Time since last: 1001342917 ns, Reaching safepoint: 2831375 ns, At safepoint: 94792 ns, Total: 2926167 ns
[2023-07-18T03:04:57.540+0000][1][safepoint    ] Safepoint "Cleanup", Time since last: 1001387833 ns, Reaching safepoint: 3631667 ns, At safepoint: 111833 ns, Total: 3743500 ns
[2023-07-18T03:04:58.544+0000][1][safepoint    ] Safepoint "Cleanup", Time since last: 1002024418 ns, Reaching safepoint: 2491875 ns, At safepoint: 77833 ns, Total: 2569708 ns
[2023-07-18T03:04:59.549+0000][1][safepoint    ] Safepoint "Cleanup", Time since last: 1001232209 ns, Reaching safepoint: 3065666 ns, At safepoint: 87167 ns, Total: 3152833 ns
[2023-07-18T03:05:00.535+0000][1][safepoint    ] Safepoint "RevokeBias", Time since last: 984133709 ns, Reaching safepoint: 1833417 ns, At safepoint: 388791 ns, Total: 2222208 ns
[2023-07-18T03:05:01.539+0000][1][safepoint    ] Safepoint "Cleanup", Time since last: 1001110626 ns, Reaching safepoint: 3241166 ns, At safepoint: 116334 ns, Total: 3357500 ns
[2023-07-18T03:05:02.543+0000][1][safepoint    ] Safepoint "Cleanup", Time since last: 1002389292 ns, Reaching safepoint: 1588291 ns, At safepoint: 40584 ns, Total: 1628875 ns
[2023-07-18T03:05:03.547+0000][1][safepoint    ] Safepoint "Cleanup", Time since last: 1000881959 ns, Reaching safepoint: 2350458 ns, At safepoint: 85667 ns, Total: 2436125 ns
[2023-07-18T03:05:04.550+0000][1][safepoint    ] Safepoint "Cleanup", Time since last: 1000951208 ns, Reaching safepoint: 2296792 ns, At safepoint: 74750 ns, Total: 2371542 ns
[2023-07-18T03:05:05.555+0000][1][safepoint    ] Safepoint "Cleanup", Time since last: 1001079917 ns, Reaching safepoint: 4006959 ns, At safepoint: 94416 ns, Total: 4101375 ns
[2023-07-18T03:05:06.559+0000][1][safepoint    ] Safepoint "Cleanup", Time since last: 1002028667 ns, Reaching safepoint: 1985375 ns, At safepoint: 87375 ns, Total: 2072750 ns
[2023-07-18T03:05:07.564+0000][1][safepoint    ] Safepoint "Cleanup", Time since last: 1001321626 ns, Reaching safepoint: 3391583 ns, At safepoint: 107625 ns, Total: 3499208 ns
[2023-07-18T03:05:08.569+0000][1][safepoint    ] Safepoint "Cleanup", Time since last: 1001873251 ns, Reaching safepoint: 2866541 ns, At safepoint: 135125 ns, Total: 3001666 ns
[2023-07-18T03:05:09.573+0000][1][safepoint    ] Safepoint "Cleanup", Time since last: 1001453001 ns, Reaching safepoint: 1929666 ns, At safepoint: 55667 ns, Total: 1985333 ns
[2023-07-18T03:05:10.391+0000][1][safepoint    ] Safepoint "RevokeBias", Time since last: 815349084 ns, Reaching safepoint: 2113917 ns, At safepoint: 877041 ns, Total: 2990958 ns
[2023-07-18T03:05:11.394+0000][1][safepoint    ] Safepoint "Cleanup", Time since last: 1000811000 ns, Reaching safepoint: 2582708 ns, At safepoint: 84542 ns, Total: 2667250 ns
[2023-07-18T03:05:12.398+0000][1][safepoint    ] Safepoint "Cleanup", Time since last: 1002251959 ns, Reaching safepoint: 1552750 ns, At safepoint: 32083 ns, Total: 1584833 ns
[2023-07-18T03:05:13.401+0000][1][safepoint    ] Safepoint "Cleanup", Time since last: 1001274459 ns, Reaching safepoint: 2083500 ns, At safepoint: 74583 ns, Total: 2158083 ns
[2023-07-18T03:05:14.405+0000][1][safepoint    ] Safepoint "Cleanup", Time since last: 1001066126 ns, Reaching safepoint: 2747083 ns, At safepoint: 117792 ns, Total: 2864875 ns
[2023-07-18T03:05:15.411+0000][1][safepoint    ] Safepoint "Cleanup", Time since last: 1002341125 ns, Reaching safepoint: 3496917 ns, At safepoint: 100917 ns, Total: 3597834 ns
[2023-07-18T03:05:16.416+0000][1][safepoint    ] Safepoint "Cleanup", Time since last: 1001560250 ns, Reaching safepoint: 2996750 ns, At safepoint: 110708 ns, Total: 3107458 ns
[2023-07-18T03:05:17.420+0000][1][safepoint    ] Safepoint "Cleanup", Time since last: 1001356543 ns, Reaching safepoint: 2585916 ns, At safepoint: 101917 ns, Total: 2687833 ns
[2023-07-18T03:05:18.423+0000][1][safepoint    ] Safepoint "Cleanup", Time since last: 1001237500 ns, Reaching safepoint: 1736250 ns, At safepoint: 48834 ns, Total: 1785084 ns
[2023-07-18T03:05:19.426+0000][1][safepoint    ] Safepoint "Cleanup", Time since last: 1001024417 ns, Reaching safepoint: 2265417 ns, At safepoint: 83375 ns, Total: 2348792 ns
[2023-07-18T03:05:20.397+0000][1][safepoint    ] Safepoint "RevokeBias", Time since last: 968835917 ns, Reaching safepoint: 1770958 ns, At safepoint: 374333 ns, Total: 2145291 ns
[2023-07-18T03:05:21.400+0000][1][safepoint    ] Safepoint "Cleanup", Time since last: 1000767959 ns, Reaching safepoint: 2261583 ns, At safepoint: 88917 ns, Total: 2350500 ns
[2023-07-18T03:05:22.405+0000][1][safepoint    ] Safepoint "Cleanup", Time since last: 1000948876 ns, Reaching safepoint: 3144333 ns, At safepoint: 103625 ns, Total: 3247958 ns
[2023-07-18T03:05:23.410+0000][1][safepoint    ] Safepoint "Cleanup", Time since last: 1001814334 ns, Reaching safepoint: 3628750 ns, At safepoint: 110291 ns, Total: 3739041 ns
[2023-07-18T03:05:24.415+0000][1][safepoint    ] Safepoint "Cleanup", Time since last: 1001627001 ns, Reaching safepoint: 3654917 ns, At safepoint: 98458 ns, Total: 3753375 ns
[2023-07-18T03:05:25.419+0000][1][safepoint    ] Safepoint "Cleanup", Time since last: 1001440334 ns, Reaching safepoint: 2091375 ns, At safepoint: 61000 ns, Total: 2152375 ns
[2023-07-18T03:05:26.423+0000][1][safepoint    ] Safepoint "Cleanup", Time since last: 1001315209 ns, Reaching safepoint: 2254708 ns, At safepoint: 57458 ns, Total: 2312166 ns
[2023-07-18T03:05:27.428+0000][1][safepoint    ] Safepoint "Cleanup", Time since last: 1001367459 ns, Reaching safepoint: 3676542 ns, At safepoint: 105125 ns, Total: 3781667 ns
[2023-07-18T03:05:28.433+0000][1][safepoint    ] Safepoint "Cleanup", Time since last: 1001522959 ns, Reaching safepoint: 3578375 ns, At safepoint: 107625 ns, Total: 3686000 ns
[2023-07-18T03:05:29.438+0000][1][safepoint    ] Safepoint "Cleanup", Time since last: 1002113167 ns, Reaching safepoint: 3182208 ns, At safepoint: 95750 ns, Total: 3277958 ns
[2023-07-18T03:05:30.442+0000][1][safepoint    ] Safepoint "Cleanup", Time since last: 1002201834 ns, Reaching safepoint: 1148583 ns, At safepoint: 21333 ns, Total: 1169916 ns
[2023-07-18T03:05:30.517+0000][1][safepoint    ] Safepoint "RevokeBias", Time since last: 72905209 ns, Reaching safepoint: 1683583 ns, At safepoint: 408333 ns, Total: 2091916 ns
[2023-07-18T03:05:31.521+0000][1][safepoint    ] Safepoint "Cleanup", Time since last: 1001222834 ns, Reaching safepoint: 2942250 ns, At safepoint: 107625 ns, Total: 3049875 ns
[2023-07-18T03:05:32.523+0000][1][safepoint    ] Safepoint "Cleanup", Time since last: 1001296751 ns, Reaching safepoint: 980958 ns, At safepoint: 26667 ns, Total: 1007625 ns
[2023-07-18T03:05:33.528+0000][1][safepoint    ] Safepoint "Cleanup", Time since last: 1000974375 ns, Reaching safepoint: 3543292 ns, At safepoint: 104625 ns, Total: 3647917 ns
[2023-07-18T03:05:34.533+0000][1][safepoint    ] Safepoint "Cleanup", Time since last: 1001689542 ns, Reaching safepoint: 3190833 ns, At safepoint: 96042 ns, Total: 3286875 ns
[2023-07-18T03:05:35.537+0000][1][safepoint    ] Safepoint "Cleanup", Time since last: 1001953334 ns, Reaching safepoint: 2025375 ns, At safepoint: 61208 ns, Total: 2086583 ns
[2023-07-18T03:05:36.540+0000][1][safepoint    ] Safepoint "Cleanup", Time since last: 1001036876 ns, Reaching safepoint: 2073666 ns, At safepoint: 57959 ns, Total: 2131625 ns
[2023-07-18T03:05:37.547+0000][1][safepoint    ] Safepoint "Cleanup", Time since last: 1003143250 ns, Reaching safepoint: 3447000 ns, At safepoint: 91125 ns, Total: 3538125 ns
[2023-07-18T03:05:38.552+0000][1][safepoint    ] Safepoint "Cleanup", Time since last: 1002065792 ns, Reaching safepoint: 3255459 ns, At safepoint: 110458 ns, Total: 3365917 ns
[2023-07-18T03:05:39.557+0000][1][safepoint    ] Safepoint "Cleanup", Time since last: 1001698709 ns, Reaching safepoint: 3134541 ns, At safepoint: 115500 ns, Total: 3250041 ns
[2023-07-18T03:05:40.401+0000][1][safepoint    ] Safepoint "RevokeBias", Time since last: 841776834 ns, Reaching safepoint: 1697042 ns, At safepoint: 357042 ns, Total: 2054084 ns
[2023-07-18T03:05:41.407+0000][1][safepoint    ] Safepoint "Cleanup", Time since last: 1001013874 ns, Reaching safepoint: 3782375 ns, At safepoint: 104959 ns, Total: 3887334 ns
[2023-07-18T03:05:42.413+0000][1][safepoint    ] Safepoint "Cleanup", Time since last: 1002088750 ns, Reaching safepoint: 3598959 ns, At safepoint: 80791 ns, Total: 3679750 ns
[2023-07-18T03:05:43.415+0000][1][safepoint    ] Safepoint "Cleanup", Time since last: 1001275001 ns, Reaching safepoint: 625000 ns, At safepoint: 17916 ns, Total: 642916 ns
[2023-07-18T03:05:44.417+0000][1][safepoint    ] Safepoint "Cleanup", Time since last: 1000671001 ns, Reaching safepoint: 1353166 ns, At safepoint: 34042 ns, Total: 1387208 ns
[2023-07-18T03:05:45.418+0000][1][safepoint    ] Safepoint "Cleanup", Time since last: 1000829501 ns, Reaching safepoint: 680791 ns, At safepoint: 19500 ns, Total: 700291 ns
[2023-07-18T03:05:46.423+0000][1][safepoint    ] Safepoint "Cleanup", Time since last: 1002445084 ns, Reaching safepoint: 1872917 ns, At safepoint: 78916 ns, Total: 1951833 ns
[2023-07-18T03:05:47.427+0000][1][safepoint    ] Safepoint "Cleanup", Time since last: 1001176334 ns, Reaching safepoint: 2617042 ns, At safepoint: 72292 ns, Total: 2689334 ns
[2023-07-18T03:05:48.431+0000][1][safepoint    ] Safepoint "Cleanup", Time since last: 1001387333 ns, Reaching safepoint: 3115209 ns, At safepoint: 86375 ns, Total: 3201584 ns
[2023-07-18T03:05:48.555+0000][1][safepoint    ] Safepoint "RevokeBias", Time since last: 123169125 ns, Reaching safepoint: 689000 ns, At safepoint: 107375 ns, Total: 796375 ns
[2023-07-18T03:05:48.557+0000][1][safepoint    ] Safepoint "RevokeBias", Time since last: 1306333 ns, Reaching safepoint: 590458 ns, At safepoint: 85959 ns, Total: 676417 ns
[2023-07-18T03:05:48.560+0000][1][safepoint    ] Safepoint "RevokeBias", Time since last: 2637208 ns, Reaching safepoint: 581708 ns, At safepoint: 75500 ns, Total: 657208 ns
[2023-07-18T03:05:48.583+0000][1][safepoint    ] Safepoint "RevokeBias", Time since last: 21810709 ns, Reaching safepoint: 768125 ns, At safepoint: 103875 ns, Total: 872000 ns
[2023-07-18T03:05:48.588+0000][1][safepoint    ] Safepoint "RevokeBias", Time since last: 4335416 ns, Reaching safepoint: 403417 ns, At safepoint: 61500 ns, Total: 464917 ns
[2023-07-18T03:05:49.592+0000][1][safepoint    ] Safepoint "Cleanup", Time since last: 1000676709 ns, Reaching safepoint: 3286042 ns, At safepoint: 99625 ns, Total: 3385667 ns
[2023-07-18T03:05:50.594+0000][1][safepoint    ] Safepoint "Cleanup", Time since last: 1001522958 ns, Reaching safepoint: 726167 ns, At safepoint: 17250 ns, Total: 743417 ns
[2023-07-18T03:05:51.599+0000][1][safepoint    ] Safepoint "Cleanup", Time since last: 1000801959 ns, Reaching safepoint: 3504167 ns, At safepoint: 97000 ns, Total: 3601167 ns
[2023-07-18T03:05:52.603+0000][1][safepoint    ] Safepoint "Cleanup", Time since last: 1001465917 ns, Reaching safepoint: 3032458 ns, At safepoint: 103000 ns, Total: 3135458 ns
[2023-07-18T03:05:53.606+0000][1][safepoint    ] Safepoint "Cleanup", Time since last: 1001052959 ns, Reaching safepoint: 2136375 ns, At safepoint: 70000 ns, Total: 2206375 ns
[2023-07-18T03:05:54.609+0000][1][safepoint    ] Safepoint "Cleanup", Time since last: 1001207375 ns, Reaching safepoint: 1030125 ns, At safepoint: 26042 ns, Total: 1056167 ns
[2023-07-18T03:05:55.610+0000][1][safepoint    ] Safepoint "Cleanup", Time since last: 1000533042 ns, Reaching safepoint: 1051250 ns, At safepoint: 28708 ns, Total: 1079958 ns
[2023-07-18T03:05:56.614+0000][1][safepoint    ] Safepoint "Cleanup", Time since last: 1000767793 ns, Reaching safepoint: 2499333 ns, At safepoint: 75833 ns, Total: 2575166 ns
[2023-07-18T03:05:57.617+0000][1][safepoint    ] Safepoint "Cleanup", Time since last: 1001007542 ns, Reaching safepoint: 2587042 ns, At safepoint: 77250 ns, Total: 2664292 ns
[2023-07-18T03:05:58.620+0000][1][safepoint    ] Safepoint "Cleanup", Time since last: 1000869334 ns, Reaching safepoint: 1696625 ns, At safepoint: 72000 ns, Total: 1768625 ns
[2023-07-18T03:05:59.626+0000][1][safepoint    ] Safepoint "Cleanup", Time since last: 1002601375 ns, Reaching safepoint: 2838334 ns, At safepoint: 73083 ns, Total: 2911417 ns
[2023-07-18T03:06:00.376+0000][1][safepoint    ] Safepoint "RevokeBias", Time since last: 748152875 ns, Reaching safepoint: 1700417 ns, At safepoint: 359583 ns, Total: 2060000 ns
[2023-07-18T03:06:01.378+0000][1][safepoint    ] Safepoint "Cleanup", Time since last: 1000507001 ns, Reaching safepoint: 1769625 ns, At safepoint: 38125 ns, Total: 1807750 ns
[2023-07-18T03:06:02.379+0000][1][safepoint    ] Safepoint "Cleanup", Time since last: 1000744292 ns, Reaching safepoint: 593667 ns, At safepoint: 20750 ns, Total: 614417 ns
[2023-07-18T03:06:03.384+0000][1][safepoint    ] Safepoint "Cleanup", Time since last: 1001033709 ns, Reaching safepoint: 3063791 ns, At safepoint: 81959 ns, Total: 3145750 ns
[2023-07-18T03:06:04.388+0000][1][safepoint    ] Safepoint "Cleanup", Time since last: 1001246417 ns, Reaching safepoint: 3591166 ns, At safepoint: 83292 ns, Total: 3674458 ns
[2023-07-18T03:06:05.394+0000][1][safepoint    ] Safepoint "Cleanup", Time since last: 1001474792 ns, Reaching safepoint: 3889917 ns, At safepoint: 80250 ns, Total: 3970167 ns
[2023-07-18T03:06:06.399+0000][1][safepoint    ] Safepoint "Cleanup", Time since last: 1001341334 ns, Reaching safepoint: 3240291 ns, At safepoint: 101750 ns, Total: 3342041 ns
[2023-07-18T03:06:07.403+0000][1][safepoint    ] Safepoint "Cleanup", Time since last: 1003015667 ns, Reaching safepoint: 876500 ns, At safepoint: 25417 ns, Total: 901917 ns
[2023-07-18T03:06:08.407+0000][1][safepoint    ] Safepoint "Cleanup", Time since last: 1001210834 ns, Reaching safepoint: 2674292 ns, At safepoint: 69750 ns, Total: 2744042 ns
[2023-07-18T03:06:09.409+0000][1][safepoint    ] Safepoint "Cleanup", Time since last: 1001835958 ns, Reaching safepoint: 889625 ns, At safepoint: 24459 ns, Total: 914084 ns
[2023-07-18T03:06:10.401+0000][1][safepoint    ] Safepoint "RevokeBias", Time since last: 989315917 ns, Reaching safepoint: 1785417 ns, At safepoint: 425291 ns, Total: 2210708 ns
[2023-07-18T03:06:11.403+0000][1][safepoint    ] Safepoint "Cleanup", Time since last: 1000437583 ns, Reaching safepoint: 1532959 ns, At safepoint: 43083 ns, Total: 1576042 ns
[2023-07-18T03:06:12.407+0000][1][safepoint    ] Safepoint "Cleanup", Time since last: 1002278917 ns, Reaching safepoint: 1493417 ns, At safepoint: 39875 ns, Total: 1533292 ns
[2023-07-18T03:06:13.409+0000][1][safepoint    ] Safepoint "Cleanup", Time since last: 1000856292 ns, Reaching safepoint: 1124750 ns, At safepoint: 27125 ns, Total: 1151875 ns
[2023-07-18T03:06:14.413+0000][1][safepoint    ] Safepoint "Cleanup", Time since last: 1000724500 ns, Reaching safepoint: 2746000 ns, At safepoint: 68750 ns, Total: 2814750 ns
[2023-07-18T03:06:15.419+0000][1][safepoint    ] Safepoint "Cleanup", Time since last: 1003574501 ns, Reaching safepoint: 2425708 ns, At safepoint: 69375 ns, Total: 2495083 ns
[2023-07-18T03:06:16.425+0000][1][safepoint    ] Safepoint "Cleanup", Time since last: 1002650584 ns, Reaching safepoint: 3414958 ns, At safepoint: 87584 ns, Total: 3502542 ns
[2023-07-18T03:06:17.427+0000][1][safepoint    ] Safepoint "Cleanup", Time since last: 1001381750 ns, Reaching safepoint: 1297042 ns, At safepoint: 32833 ns, Total: 1329875 ns
[2023-07-18T03:06:18.430+0000][1][safepoint    ] Safepoint "Cleanup", Time since last: 1000801251 ns, Reaching safepoint: 1397250 ns, At safepoint: 35458 ns, Total: 1432708 ns
[2023-07-18T03:06:19.431+0000][1][safepoint    ] Safepoint "Cleanup", Time since last: 1000731376 ns, Reaching safepoint: 778625 ns, At safepoint: 20833 ns, Total: 799458 ns
[2023-07-18T03:06:20.433+0000][1][safepoint    ] Safepoint "Cleanup", Time since last: 1000711334 ns, Reaching safepoint: 1202666 ns, At safepoint: 22042 ns, Total: 1224708 ns
[2023-07-18T03:06:21.436+0000][1][safepoint    ] Safepoint "Cleanup", Time since last: 1000574834 ns, Reaching safepoint: 1977458 ns, At safepoint: 48750 ns, Total: 2026208 ns
[2023-07-18T03:06:22.439+0000][1][safepoint    ] Safepoint "Cleanup", Time since last: 1001519667 ns, Reaching safepoint: 1613292 ns, At safepoint: 35917 ns, Total: 1649209 ns
[2023-07-18T03:06:23.441+0000][1][safepoint    ] Safepoint "Cleanup", Time since last: 1000823667 ns, Reaching safepoint: 1502416 ns, At safepoint: 34375 ns, Total: 1536791 ns
[2023-07-18T03:06:24.445+0000][1][safepoint    ] Safepoint "Cleanup", Time since last: 1001117126 ns, Reaching safepoint: 2365250 ns, At safepoint: 76917 ns, Total: 2442167 ns
[2023-07-18T03:06:25.449+0000][1][safepoint    ] Safepoint "Cleanup", Time since last: 1002457792 ns, Reaching safepoint: 1612416 ns, At safepoint: 36417 ns, Total: 1648833 ns
[2023-07-18T03:06:26.453+0000][1][safepoint    ] Safepoint "Cleanup", Time since last: 1001936251 ns, Reaching safepoint: 1623708 ns, At safepoint: 44958 ns, Total: 1668666 ns
[2023-07-18T03:06:27.456+0000][1][safepoint    ] Safepoint "Cleanup", Time since last: 1002029626 ns, Reaching safepoint: 1073375 ns, At safepoint: 32500 ns, Total: 1105875 ns
[2023-07-18T03:06:28.459+0000][1][safepoint    ] Safepoint "Cleanup", Time since last: 1001263167 ns, Reaching safepoint: 1563542 ns, At safepoint: 40083 ns, Total: 1603625 ns
[2023-07-18T03:06:29.460+0000][1][safepoint    ] Safepoint "Cleanup", Time since last: 1000754167 ns, Reaching safepoint: 944625 ns, At safepoint: 22708 ns, Total: 967333 ns
[2023-07-18T03:06:30.462+0000][1][safepoint    ] Safepoint "Cleanup", Time since last: 1000523334 ns, Reaching safepoint: 1191875 ns, At safepoint: 27708 ns, Total: 1219583 ns
[2023-07-18T03:06:30.512+0000][1][safepoint    ] Safepoint "RevokeBias", Time since last: 47689834 ns, Reaching safepoint: 1649083 ns, At safepoint: 442417 ns, Total: 2091500 ns
[2023-07-18T03:06:31.514+0000][1][safepoint    ] Safepoint "Cleanup", Time since last: 1000597167 ns, Reaching safepoint: 1195792 ns, At safepoint: 29416 ns, Total: 1225208 ns
[2023-07-18T03:06:32.516+0000][1][safepoint    ] Safepoint "Cleanup", Time since last: 1001543709 ns, Reaching safepoint: 1282250 ns, At safepoint: 29917 ns, Total: 1312167 ns
[2023-07-18T03:06:33.518+0000][1][safepoint    ] Safepoint "Cleanup", Time since last: 1000790500 ns, Reaching safepoint: 639417 ns, At safepoint: 24208 ns, Total: 663625 ns
[2023-07-18T03:06:34.522+0000][1][safepoint    ] Safepoint "Cleanup", Time since last: 1002909709 ns, Reaching safepoint: 691333 ns, At safepoint: 19709 ns, Total: 711042 ns
[2023-07-18T03:06:35.523+0000][1][safepoint    ] Safepoint "Cleanup", Time since last: 1000479250 ns, Reaching safepoint: 603084 ns, At safepoint: 16708 ns, Total: 619792 ns
[2023-07-18T03:06:36.524+0000][1][safepoint    ] Safepoint "Cleanup", Time since last: 1000461625 ns, Reaching safepoint: 672875 ns, At safepoint: 22750 ns, Total: 695625 ns
[2023-07-18T03:06:37.526+0000][1][safepoint    ] Safepoint "Cleanup", Time since last: 1001100959 ns, Reaching safepoint: 886417 ns, At safepoint: 26583 ns, Total: 913000 ns
[2023-07-18T03:06:38.528+0000][1][safepoint    ] Safepoint "Cleanup", Time since last: 1000892126 ns, Reaching safepoint: 1400875 ns, At safepoint: 33625 ns, Total: 1434500 ns
[2023-07-18T03:06:39.530+0000][1][safepoint    ] Safepoint "Cleanup", Time since last: 1000857333 ns, Reaching safepoint: 813542 ns, At safepoint: 27708 ns, Total: 841250 ns
[2023-07-18T03:06:40.413+0000][1][safepoint    ] Safepoint "RevokeBias", Time since last: 880629834 ns, Reaching safepoint: 1656750 ns, At safepoint: 401875 ns, Total: 2058625 ns
[2023-07-18T03:06:40.469+0000][1][gc,start     ] GC(28) Pause Young (Allocation Failure)
[2023-07-18T03:06:40.469+0000][1][gc,task      ] GC(28) Using 4 workers of 4 for evacuation
[2023-07-18T03:06:40.484+0000][1][gc,age       ] GC(28) Desired survivor size 8945664 bytes, new threshold 6 (max threshold 6)
[2023-07-18T03:06:40.484+0000][1][gc,age       ] GC(28) Age table with threshold 6 (max threshold 6)
[2023-07-18T03:06:40.484+0000][1][gc,age       ] GC(28) - age   1:     172512 bytes,     172512 total
[2023-07-18T03:06:40.484+0000][1][gc,age       ] GC(28) - age   2:       6328 bytes,     178840 total
[2023-07-18T03:06:40.484+0000][1][gc,age       ] GC(28) - age   3:       2368 bytes,     181208 total
[2023-07-18T03:06:40.484+0000][1][gc,age       ] GC(28) - age   4:      95880 bytes,     277088 total
[2023-07-18T03:06:40.484+0000][1][gc,age       ] GC(28) - age   5:      44168 bytes,     321256 total
[2023-07-18T03:06:40.485+0000][1][gc,age       ] GC(28) - age   6:     122424 bytes,     443680 total
[2023-07-18T03:06:40.485+0000][1][gc,heap      ] GC(28) ParNew: 140875K->652K(157248K)
[2023-07-18T03:06:40.485+0000][1][gc,heap      ] GC(28) CMS: 67577K->68003K(349568K)
[2023-07-18T03:06:40.485+0000][1][gc,metaspace ] GC(28) Metaspace: 89132K->89132K(1130496K)
[2023-07-18T03:06:40.485+0000][1][gc           ] GC(28) Pause Young (Allocation Failure) 203M->67M(494M) 16.444ms
[2023-07-18T03:06:40.485+0000][1][gc,cpu       ] GC(28) User=0.03s Sys=0.01s Real=0.02s
[2023-07-18T03:06:40.486+0000][1][safepoint    ] Safepoint "GenCollectForAllocation", Time since last: 54852084 ns, Reaching safepoint: 1281666 ns, At safepoint: 16976042 ns, Total: 18257708 ns
[2023-07-18T03:06:41.492+0000][1][safepoint    ] Safepoint "Cleanup", Time since last: 1001095208 ns, Reaching safepoint: 4754042 ns, At safepoint: 178458 ns, Total: 4932500 ns
[2023-07-18T03:06:42.494+0000][1][safepoint    ] Safepoint "Cleanup", Time since last: 1001574417 ns, Reaching safepoint: 694417 ns, At safepoint: 18000 ns, Total: 712417 ns
[2023-07-18T03:06:43.496+0000][1][safepoint    ] Safepoint "Cleanup", Time since last: 1000489209 ns, Reaching safepoint: 1757083 ns, At safepoint: 61958 ns, Total: 1819041 ns
[2023-07-18T03:06:44.500+0000][1][safepoint    ] Safepoint "Cleanup", Time since last: 1001594293 ns, Reaching safepoint: 1489333 ns, At safepoint: 53167 ns, Total: 1542500 ns
[2023-07-18T03:06:45.502+0000][1][safepoint    ] Safepoint "Cleanup", Time since last: 1001026500 ns, Reaching safepoint: 1536417 ns, At safepoint: 38625 ns, Total: 1575042 ns
[2023-07-18T03:06:46.505+0000][1][safepoint    ] Safepoint "Cleanup", Time since last: 1000966417 ns, Reaching safepoint: 1327750 ns, At safepoint: 37708 ns, Total: 1365458 ns
[2023-07-18T03:06:47.507+0000][1][safepoint    ] Safepoint "Cleanup", Time since last: 1001056334 ns, Reaching safepoint: 1054333 ns, At safepoint: 27709 ns, Total: 1082042 ns
[2023-07-18T03:06:48.510+0000][1][safepoint    ] Safepoint "Cleanup", Time since last: 1003006333 ns, Reaching safepoint: 685959 ns, At safepoint: 20375 ns, Total: 706334 ns
[2023-07-18T03:06:49.512+0000][1][safepoint    ] Safepoint "Cleanup", Time since last: 1000416750 ns, Reaching safepoint: 1207959 ns, At safepoint: 43541 ns, Total: 1251500 ns
[2023-07-18T03:06:49.547+0000][1][safepoint    ] Safepoint "RevokeBias", Time since last: 33388084 ns, Reaching safepoint: 1051041 ns, At safepoint: 127500 ns, Total: 1178541 ns
[2023-07-18T03:06:49.565+0000][1][safepoint    ] Safepoint "RevokeBias", Time since last: 4671625 ns, Reaching safepoint: 851250 ns, At safepoint: 13234542 ns, Total: 14085792 ns
[2023-07-18T03:06:49.577+0000][1][safepoint    ] Safepoint "RevokeBias", Time since last: 8767583 ns, Reaching safepoint: 935417 ns, At safepoint: 1597917 ns, Total: 2533334 ns
[2023-07-18T03:06:49.590+0000][1][safepoint    ] Safepoint "BulkRevokeBias", Time since last: 7591583 ns, Reaching safepoint: 1281208 ns, At safepoint: 4814625 ns, Total: 6095833 ns
[2023-07-18T03:06:50.410+0000][1][safepoint    ] Safepoint "RevokeBias", Time since last: 817707167 ns, Reaching safepoint: 1729625 ns, At safepoint: 387750 ns, Total: 2117375 ns
[2023-07-18T03:06:51.414+0000][1][safepoint    ] Safepoint "Cleanup", Time since last: 1000935626 ns, Reaching safepoint: 2616958 ns, At safepoint: 69708 ns, Total: 2686666 ns
[2023-07-18T03:06:52.420+0000][1][safepoint    ] Safepoint "Cleanup", Time since last: 1003143418 ns, Reaching safepoint: 3379500 ns, At safepoint: 81375 ns, Total: 3460875 ns
[2023-07-18T03:06:53.424+0000][1][safepoint    ] Safepoint "Cleanup", Time since last: 1000949417 ns, Reaching safepoint: 2674208 ns, At safepoint: 82958 ns, Total: 2757166 ns
[2023-07-18T03:06:54.429+0000][1][safepoint    ] Safepoint "Cleanup", Time since last: 1001000959 ns, Reaching safepoint: 3366375 ns, At safepoint: 91750 ns, Total: 3458125 ns
[2023-07-18T03:06:55.433+0000][1][safepoint    ] Safepoint "Cleanup", Time since last: 1001770376 ns, Reaching safepoint: 2514291 ns, At safepoint: 71542 ns, Total: 2585833 ns
[2023-07-18T03:06:56.438+0000][1][safepoint    ] Safepoint "Cleanup", Time since last: 1002134167 ns, Reaching safepoint: 2784750 ns, At safepoint: 92459 ns, Total: 2877209 ns
[2023-07-18T03:06:57.443+0000][1][safepoint    ] Safepoint "Cleanup", Time since last: 1002516125 ns, Reaching safepoint: 2108542 ns, At safepoint: 74333 ns, Total: 2182875 ns
[2023-07-18T03:06:58.450+0000][1][safepoint    ] Safepoint "Cleanup", Time since last: 1005583917 ns, Reaching safepoint: 1509667 ns, At safepoint: 41167 ns, Total: 1550834 ns
[2023-07-18T03:06:59.453+0000][1][safepoint    ] Safepoint "Cleanup", Time since last: 1002019708 ns, Reaching safepoint: 1322625 ns, At safepoint: 45834 ns, Total: 1368459 ns
[2023-07-18T03:07:00.455+0000][1][safepoint    ] Safepoint "Cleanup", Time since last: 1000771875 ns, Reaching safepoint: 1242958 ns, At safepoint: 30334 ns, Total: 1273292 ns
[2023-07-18T03:07:00.527+0000][1][safepoint    ] Safepoint "RevokeBias", Time since last: 70376708 ns, Reaching safepoint: 1504333 ns, At safepoint: 376917 ns, Total: 1881250 ns
[2023-07-18T03:07:01.529+0000][1][safepoint    ] Safepoint "Cleanup", Time since last: 1000444084 ns, Reaching safepoint: 1068750 ns, At safepoint: 27500 ns, Total: 1096250 ns
[2023-07-18T03:07:02.530+0000][1][safepoint    ] Safepoint "Cleanup", Time since last: 1000455834 ns, Reaching safepoint: 709291 ns, At safepoint: 20750 ns, Total: 730041 ns
[2023-07-18T03:07:03.534+0000][1][safepoint    ] Safepoint "Cleanup", Time since last: 1000602001 ns, Reaching safepoint: 3327667 ns, At safepoint: 107000 ns, Total: 3434667 ns
[2023-07-18T03:07:04.539+0000][1][safepoint    ] Safepoint "Cleanup", Time since last: 1001605917 ns, Reaching safepoint: 3153708 ns, At safepoint: 74875 ns, Total: 3228583 ns
[2023-07-18T03:07:05.543+0000][1][safepoint    ] Safepoint "Cleanup", Time since last: 1001591084 ns, Reaching safepoint: 2361917 ns, At safepoint: 70625 ns, Total: 2432542 ns
[2023-07-18T03:07:06.547+0000][1][safepoint    ] Safepoint "Cleanup", Time since last: 1001189792 ns, Reaching safepoint: 2589166 ns, At safepoint: 75334 ns, Total: 2664500 ns
[2023-07-18T03:07:07.553+0000][1][safepoint    ] Safepoint "Cleanup", Time since last: 1002517500 ns, Reaching safepoint: 2982542 ns, At safepoint: 89917 ns, Total: 3072459 ns
[2023-07-18T03:07:08.556+0000][1][safepoint    ] Safepoint "Cleanup", Time since last: 1002201083 ns, Reaching safepoint: 1566209 ns, At safepoint: 66916 ns, Total: 1633125 ns
[2023-07-18T03:07:09.558+0000][1][safepoint    ] Safepoint "Cleanup", Time since last: 1000644667 ns, Reaching safepoint: 694917 ns, At safepoint: 17167 ns, Total: 712084 ns
[2023-07-18T03:07:10.407+0000][1][safepoint    ] Safepoint "RevokeBias", Time since last: 847234042 ns, Reaching safepoint: 1858042 ns, At safepoint: 495583 ns, Total: 2353625 ns
[2023-07-18T03:07:11.410+0000][1][safepoint    ] Safepoint "Cleanup", Time since last: 1001053291 ns, Reaching safepoint: 1123375 ns, At safepoint: 27958 ns, Total: 1151333 ns
[2023-07-18T03:07:12.414+0000][1][safepoint    ] Safepoint "Cleanup", Time since last: 1003288709 ns, Reaching safepoint: 826667 ns, At safepoint: 20708 ns, Total: 847375 ns
[2023-07-18T03:07:13.415+0000][1][safepoint    ] Safepoint "Cleanup", Time since last: 1000612167 ns, Reaching safepoint: 642000 ns, At safepoint: 15625 ns, Total: 657625 ns
[2023-07-18T03:07:14.420+0000][1][safepoint    ] Safepoint "Cleanup", Time since last: 1000919584 ns, Reaching safepoint: 3695250 ns, At safepoint: 116125 ns, Total: 3811375 ns
[2023-07-18T03:07:15.427+0000][1][safepoint    ] Safepoint "Cleanup", Time since last: 1003634042 ns, Reaching safepoint: 3243584 ns, At safepoint: 100833 ns, Total: 3344417 ns
[2023-07-18T03:07:16.432+0000][1][safepoint    ] Safepoint "Cleanup", Time since last: 1002160875 ns, Reaching safepoint: 2746042 ns, At safepoint: 86917 ns, Total: 2832959 ns
[2023-07-18T03:07:17.436+0000][1][safepoint    ] Safepoint "Cleanup", Time since last: 1001973125 ns, Reaching safepoint: 1739834 ns, At safepoint: 48083 ns, Total: 1787917 ns
[2023-07-18T03:07:18.442+0000][1][safepoint    ] Safepoint "Cleanup", Time since last: 1003072584 ns, Reaching safepoint: 2435125 ns, At safepoint: 76041 ns, Total: 2511166 ns
[2023-07-18T03:07:19.446+0000][1][safepoint    ] Safepoint "Cleanup", Time since last: 1001548126 ns, Reaching safepoint: 2828958 ns, At safepoint: 71500 ns, Total: 2900458 ns
[2023-07-18T03:07:20.414+0000][1][safepoint    ] Safepoint "RevokeBias", Time since last: 966488542 ns, Reaching safepoint: 1629917 ns, At safepoint: 370583 ns, Total: 2000500 ns
[2023-07-18T03:07:21.417+0000][1][safepoint    ] Safepoint "Cleanup", Time since last: 1001885417 ns, Reaching safepoint: 845042 ns, At safepoint: 21708 ns, Total: 866750 ns
[2023-07-18T03:07:22.422+0000][1][safepoint    ] Safepoint "Cleanup", Time since last: 1001953293 ns, Reaching safepoint: 3054833 ns, At safepoint: 81292 ns, Total: 3136125 ns
[2023-07-18T03:07:23.425+0000][1][safepoint    ] Safepoint "Cleanup", Time since last: 1001475833 ns, Reaching safepoint: 1134167 ns, At safepoint: 32708 ns, Total: 1166875 ns
[2023-07-18T03:07:24.427+0000][1][safepoint    ] Safepoint "Cleanup", Time since last: 1001184251 ns, Reaching safepoint: 683750 ns, At safepoint: 22333 ns, Total: 706083 ns
[2023-07-18T03:07:25.429+0000][1][safepoint    ] Safepoint "Cleanup", Time since last: 1001492917 ns, Reaching safepoint: 725375 ns, At safepoint: 19667 ns, Total: 745042 ns
[2023-07-18T03:07:26.430+0000][1][safepoint    ] Safepoint "Cleanup", Time since last: 1000468376 ns, Reaching safepoint: 562375 ns, At safepoint: 15041 ns, Total: 577416 ns
[2023-07-18T03:07:27.435+0000][1][safepoint    ] Safepoint "Cleanup", Time since last: 1001532126 ns, Reaching safepoint: 3379125 ns, At safepoint: 98541 ns, Total: 3477666 ns
[2023-07-18T03:07:28.437+0000][1][safepoint    ] Safepoint "Cleanup", Time since last: 1001587001 ns, Reaching safepoint: 631125 ns, At safepoint: 16083 ns, Total: 647208 ns
[2023-07-18T03:07:29.440+0000][1][safepoint    ] Safepoint "Cleanup", Time since last: 1000557417 ns, Reaching safepoint: 1680209 ns, At safepoint: 57958 ns, Total: 1738167 ns
[2023-07-18T03:07:30.408+0000][1][safepoint    ] Safepoint "RevokeBias", Time since last: 965861334 ns, Reaching safepoint: 1957375 ns, At safepoint: 392416 ns, Total: 2349791 ns
[2023-07-18T03:07:31.409+0000][1][safepoint    ] Safepoint "Cleanup", Time since last: 1000715168 ns, Reaching safepoint: 678291 ns, At safepoint: 24959 ns, Total: 703250 ns
[2023-07-18T03:07:32.412+0000][1][safepoint    ] Safepoint "Cleanup", Time since last: 1000732125 ns, Reaching safepoint: 2302500 ns, At safepoint: 69042 ns, Total: 2371542 ns
[2023-07-18T03:07:33.414+0000][1][safepoint    ] Safepoint "Cleanup", Time since last: 1000992375 ns, Reaching safepoint: 1097959 ns, At safepoint: 23333 ns, Total: 1121292 ns
[2023-07-18T03:07:34.417+0000][1][safepoint    ] Safepoint "Cleanup", Time since last: 1001392209 ns, Reaching safepoint: 764291 ns, At safepoint: 19084 ns, Total: 783375 ns
[2023-07-18T03:07:35.419+0000][1][safepoint    ] Safepoint "Cleanup", Time since last: 1001045042 ns, Reaching safepoint: 838958 ns, At safepoint: 30458 ns, Total: 869416 ns
[2023-07-18T03:07:36.420+0000][1][safepoint    ] Safepoint "Cleanup", Time since last: 1000680584 ns, Reaching safepoint: 783500 ns, At safepoint: 25500 ns, Total: 809000 ns
[2023-07-18T03:07:37.423+0000][1][safepoint    ] Safepoint "Cleanup", Time since last: 1002400584 ns, Reaching safepoint: 775500 ns, At safepoint: 19333 ns, Total: 794833 ns
[2023-07-18T03:07:38.424+0000][1][safepoint    ] Safepoint "Cleanup", Time since last: 1000607543 ns, Reaching safepoint: 543333 ns, At safepoint: 14917 ns, Total: 558250 ns
[2023-07-18T03:07:39.428+0000][1][safepoint    ] Safepoint "Cleanup", Time since last: 1000598750 ns, Reaching safepoint: 3113375 ns, At safepoint: 98417 ns, Total: 3211792 ns
[2023-07-18T03:07:40.416+0000][1][safepoint    ] Safepoint "BulkRevokeBias", Time since last: 984859709 ns, Reaching safepoint: 1614583 ns, At safepoint: 1836667 ns, Total: 3451250 ns
[2023-07-18T03:07:41.421+0000][1][safepoint    ] Safepoint "Cleanup", Time since last: 1001714916 ns, Reaching safepoint: 2388708 ns, At safepoint: 124542 ns, Total: 2513250 ns
[2023-07-18T03:07:42.429+0000][1][safepoint    ] Safepoint "Cleanup", Time since last: 1001569542 ns, Reaching safepoint: 4752834 ns, At safepoint: 288458 ns, Total: 5041292 ns
[2023-07-18T03:07:43.435+0000][1][safepoint    ] Safepoint "Cleanup", Time since last: 1006891459 ns, Reaching safepoint: 632833 ns, At safepoint: 16083 ns, Total: 648916 ns
[2023-07-18T03:07:44.439+0000][1][safepoint    ] Safepoint "Cleanup", Time since last: 1001092959 ns, Reaching safepoint: 2635458 ns, At safepoint: 54542 ns, Total: 2690000 ns
[2023-07-18T03:07:45.441+0000][1][safepoint    ] Safepoint "Cleanup", Time since last: 1001055251 ns, Reaching safepoint: 1067500 ns, At safepoint: 30041 ns, Total: 1097541 ns
[2023-07-18T03:07:46.443+0000][1][safepoint    ] Safepoint "Cleanup", Time since last: 1000691292 ns, Reaching safepoint: 1438459 ns, At safepoint: 35750 ns, Total: 1474209 ns
[2023-07-18T03:07:47.446+0000][1][safepoint    ] Safepoint "Cleanup", Time since last: 1000780459 ns, Reaching safepoint: 1571166 ns, At safepoint: 63459 ns, Total: 1634625 ns
[2023-07-18T03:07:48.452+0000][1][safepoint    ] Safepoint "Cleanup", Time since last: 1005084833 ns, Reaching safepoint: 1426417 ns, At safepoint: 36500 ns, Total: 1462917 ns
[2023-07-18T03:07:49.456+0000][1][safepoint    ] Safepoint "Cleanup", Time since last: 1002712501 ns, Reaching safepoint: 1185958 ns, At safepoint: 24750 ns, Total: 1210708 ns
[2023-07-18T03:07:50.457+0000][1][safepoint    ] Safepoint "Cleanup", Time since last: 1000503709 ns, Reaching safepoint: 773208 ns, At safepoint: 12625 ns, Total: 785833 ns
[2023-07-18T03:07:50.572+0000][1][safepoint    ] Safepoint "RevokeBias", Time since last: 106962917 ns, Reaching safepoint: 4868166 ns, At safepoint: 2398125 ns, Total: 7266291 ns
[2023-07-18T03:07:50.604+0000][1][safepoint    ] Safepoint "RevokeBias", Time since last: 31681750 ns, Reaching safepoint: 807792 ns, At safepoint: 104458 ns, Total: 912250 ns
[2023-07-18T03:07:50.611+0000][1][safepoint    ] Safepoint "RevokeBias", Time since last: 6050084 ns, Reaching safepoint: 450500 ns, At safepoint: 79708 ns, Total: 530208 ns
[2023-07-18T03:07:50.627+0000][1][safepoint    ] Safepoint "RevokeBias", Time since last: 12849000 ns, Reaching safepoint: 3681708 ns, At safepoint: 124334 ns, Total: 3806042 ns
[2023-07-18T03:07:51.629+0000][1][safepoint    ] Safepoint "Cleanup", Time since last: 1000490750 ns, Reaching safepoint: 871709 ns, At safepoint: 22875 ns, Total: 894584 ns
[2023-07-18T03:07:52.630+0000][1][safepoint    ] Safepoint "Cleanup", Time since last: 1000672583 ns, Reaching safepoint: 777209 ns, At safepoint: 17708 ns, Total: 794917 ns
[2023-07-18T03:07:53.631+0000][1][safepoint    ] Safepoint "Cleanup", Time since last: 1000473959 ns, Reaching safepoint: 554875 ns, At safepoint: 16000 ns, Total: 570875 ns
[2023-07-18T03:07:54.636+0000][1][safepoint    ] Safepoint "Cleanup", Time since last: 1000683375 ns, Reaching safepoint: 3779209 ns, At safepoint: 140458 ns, Total: 3919667 ns
[2023-07-18T03:07:55.641+0000][1][safepoint    ] Safepoint "Cleanup", Time since last: 1001706625 ns, Reaching safepoint: 3615667 ns, At safepoint: 106833 ns, Total: 3722500 ns
[2023-07-18T03:07:56.644+0000][1][safepoint    ] Safepoint "Cleanup", Time since last: 1001491334 ns, Reaching safepoint: 660917 ns, At safepoint: 35958 ns, Total: 696875 ns
[2023-07-18T03:07:57.646+0000][1][safepoint    ] Safepoint "Cleanup", Time since last: 1000531834 ns, Reaching safepoint: 1676458 ns, At safepoint: 49375 ns, Total: 1725833 ns
[2023-07-18T03:07:58.648+0000][1][safepoint    ] Safepoint "Cleanup", Time since last: 1000820001 ns, Reaching safepoint: 1640833 ns, At safepoint: 41875 ns, Total: 1682708 ns
[2023-07-18T03:07:59.652+0000][1][safepoint    ] Safepoint "Cleanup", Time since last: 1000862834 ns, Reaching safepoint: 2353917 ns, At safepoint: 76041 ns, Total: 2429958 ns
[2023-07-18T03:08:00.655+0000][1][safepoint    ] Safepoint "Cleanup", Time since last: 1001126043 ns, Reaching safepoint: 1846250 ns, At safepoint: 34625 ns, Total: 1880875 ns
[2023-07-18T03:08:01.658+0000][1][safepoint    ] Safepoint "Cleanup", Time since last: 1001014875 ns, Reaching safepoint: 2628250 ns, At safepoint: 64875 ns, Total: 2693125 ns
[2023-07-18T03:08:02.665+0000][1][safepoint    ] Safepoint "Cleanup", Time since last: 1004744959 ns, Reaching safepoint: 2225083 ns, At safepoint: 109625 ns, Total: 2334708 ns
[2023-07-18T03:08:03.668+0000][1][safepoint    ] Safepoint "Cleanup", Time since last: 1001214709 ns, Reaching safepoint: 1246333 ns, At safepoint: 19334 ns, Total: 1265667 ns
[2023-07-18T03:08:04.670+0000][1][safepoint    ] Safepoint "Cleanup", Time since last: 1000692750 ns, Reaching safepoint: 944833 ns, At safepoint: 24959 ns, Total: 969792 ns
[2023-07-18T03:08:05.671+0000][1][safepoint    ] Safepoint "Cleanup", Time since last: 1001198459 ns, Reaching safepoint: 657625 ns, At safepoint: 17666 ns, Total: 675291 ns
[2023-07-18T03:08:06.673+0000][1][safepoint    ] Safepoint "Cleanup", Time since last: 1000430209 ns, Reaching safepoint: 935833 ns, At safepoint: 26959 ns, Total: 962792 ns
[2023-07-18T03:08:07.676+0000][1][safepoint    ] Safepoint "Cleanup", Time since last: 1000697459 ns, Reaching safepoint: 1956375 ns, At safepoint: 54916 ns, Total: 2011291 ns
[2023-07-18T03:08:08.678+0000][1][safepoint    ] Safepoint "Cleanup", Time since last: 1001229001 ns, Reaching safepoint: 1536833 ns, At safepoint: 38917 ns, Total: 1575750 ns
[2023-07-18T03:08:09.682+0000][1][safepoint    ] Safepoint "Cleanup", Time since last: 1001411250 ns, Reaching safepoint: 1764375 ns, At safepoint: 44667 ns, Total: 1809042 ns
[2023-07-18T03:08:10.684+0000][1][safepoint    ] Safepoint "Cleanup", Time since last: 1001563167 ns, Reaching safepoint: 1035000 ns, At safepoint: 26292 ns, Total: 1061292 ns
[2023-07-18T03:08:11.687+0000][1][safepoint    ] Safepoint "Cleanup", Time since last: 1001408916 ns, Reaching safepoint: 1429334 ns, At safepoint: 36375 ns, Total: 1465709 ns
[2023-07-18T03:08:12.690+0000][1][safepoint    ] Safepoint "Cleanup", Time since last: 1000770625 ns, Reaching safepoint: 1611042 ns, At safepoint: 89750 ns, Total: 1700792 ns
[2023-07-18T03:08:13.695+0000][1][safepoint    ] Safepoint "Cleanup", Time since last: 1003473500 ns, Reaching safepoint: 1116292 ns, At safepoint: 30208 ns, Total: 1146500 ns
[2023-07-18T03:08:14.698+0000][1][safepoint    ] Safepoint "Cleanup", Time since last: 1000649376 ns, Reaching safepoint: 2433541 ns, At safepoint: 91750 ns, Total: 2525291 ns
[2023-07-18T03:08:15.700+0000][1][safepoint    ] Safepoint "Cleanup", Time since last: 1001444792 ns, Reaching safepoint: 652500 ns, At safepoint: 15667 ns, Total: 668167 ns
[2023-07-18T03:08:16.702+0000][1][safepoint    ] Safepoint "Cleanup", Time since last: 1001611501 ns, Reaching safepoint: 609750 ns, At safepoint: 16958 ns, Total: 626708 ns
[2023-07-18T03:08:17.703+0000][1][safepoint    ] Safepoint "Cleanup", Time since last: 1000566209 ns, Reaching safepoint: 603625 ns, At safepoint: 20000 ns, Total: 623625 ns
[2023-07-18T03:08:18.704+0000][1][safepoint    ] Safepoint "Cleanup", Time since last: 1000465334 ns, Reaching safepoint: 599458 ns, At safepoint: 14292 ns, Total: 613750 ns
[2023-07-18T03:08:19.705+0000][1][safepoint    ] Safepoint "Cleanup", Time since last: 1000413583 ns, Reaching safepoint: 660292 ns, At safepoint: 13125 ns, Total: 673417 ns
[2023-07-18T03:08:20.706+0000][1][safepoint    ] Safepoint "Cleanup", Time since last: 1000373542 ns, Reaching safepoint: 634958 ns, At safepoint: 12459 ns, Total: 647417 ns
[2023-07-18T03:08:21.708+0000][1][safepoint    ] Safepoint "Cleanup", Time since last: 1000438875 ns, Reaching safepoint: 648000 ns, At safepoint: 12584 ns, Total: 660584 ns
[2023-07-18T03:08:22.709+0000][1][safepoint    ] Safepoint "Cleanup", Time since last: 1000465375 ns, Reaching safepoint: 629792 ns, At safepoint: 15000 ns, Total: 644792 ns
[2023-07-18T03:08:23.710+0000][1][safepoint    ] Safepoint "Cleanup", Time since last: 1000457417 ns, Reaching safepoint: 553208 ns, At safepoint: 17959 ns, Total: 571167 ns
[2023-07-18T03:08:24.711+0000][1][safepoint    ] Safepoint "Cleanup", Time since last: 1000392833 ns, Reaching safepoint: 550584 ns, At safepoint: 15083 ns, Total: 565667 ns
[2023-07-18T03:08:25.712+0000][1][safepoint    ] Safepoint "Cleanup", Time since last: 1000555501 ns, Reaching safepoint: 613875 ns, At safepoint: 34583 ns, Total: 648458 ns
[2023-07-18T03:08:26.713+0000][1][safepoint    ] Safepoint "Cleanup", Time since last: 1000447584 ns, Reaching safepoint: 584791 ns, At safepoint: 35125 ns, Total: 619916 ns
[2023-07-18T03:08:27.714+0000][1][safepoint    ] Safepoint "Cleanup", Time since last: 1000548542 ns, Reaching safepoint: 553167 ns, At safepoint: 18042 ns, Total: 571209 ns
[2023-07-18T03:08:28.716+0000][1][safepoint    ] Safepoint "Cleanup", Time since last: 1001168667 ns, Reaching safepoint: 603167 ns, At safepoint: 18500 ns, Total: 621667 ns
[2023-07-18T03:08:29.717+0000][1][safepoint    ] Safepoint "Cleanup", Time since last: 1000428833 ns, Reaching safepoint: 575334 ns, At safepoint: 16208 ns, Total: 591542 ns
[2023-07-18T03:08:30.585+0000][1][safepoint    ] Safepoint "RevokeBias", Time since last: 866407292 ns, Reaching safepoint: 1678750 ns, At safepoint: 250625 ns, Total: 1929375 ns
[2023-07-18T03:08:31.586+0000][1][safepoint    ] Safepoint "Cleanup", Time since last: 1000480001 ns, Reaching safepoint: 806083 ns, At safepoint: 12792 ns, Total: 818875 ns
[2023-07-18T03:08:32.588+0000][1][safepoint    ] Safepoint "Cleanup", Time since last: 1000446500 ns, Reaching safepoint: 621042 ns, At safepoint: 17625 ns, Total: 638667 ns
[2023-07-18T03:08:33.588+0000][1][safepoint    ] Safepoint "Cleanup", Time since last: 1000336250 ns, Reaching safepoint: 554334 ns, At safepoint: 13458 ns, Total: 567792 ns
[2023-07-18T03:08:34.590+0000][1][safepoint    ] Safepoint "Cleanup", Time since last: 1000538750 ns, Reaching safepoint: 564125 ns, At safepoint: 15500 ns, Total: 579625 ns
[2023-07-18T03:08:35.592+0000][1][safepoint    ] Safepoint "Cleanup", Time since last: 1001388876 ns, Reaching safepoint: 1041250 ns, At safepoint: 27625 ns, Total: 1068875 ns
[2023-07-18T03:08:36.593+0000][1][safepoint    ] Safepoint "Cleanup", Time since last: 1000633792 ns, Reaching safepoint: 626000 ns, At safepoint: 35375 ns, Total: 661375 ns
[2023-07-18T03:08:37.597+0000][1][safepoint    ] Safepoint "Cleanup", Time since last: 1000947709 ns, Reaching safepoint: 2951583 ns, At safepoint: 110750 ns, Total: 3062333 ns
[2023-07-18T03:08:38.603+0000][1][safepoint    ] Safepoint "Cleanup", Time since last: 1003321667 ns, Reaching safepoint: 2629709 ns, At safepoint: 91750 ns, Total: 2721459 ns
[2023-07-18T03:08:39.607+0000][1][safepoint    ] Safepoint "Cleanup", Time since last: 1001000958 ns, Reaching safepoint: 2425667 ns, At safepoint: 64083 ns, Total: 2489750 ns
[2023-07-18T03:08:40.430+0000][1][gc,start     ] GC(29) Pause Young (Allocation Failure)
[2023-07-18T03:08:40.432+0000][1][gc,task      ] GC(29) Using 4 workers of 4 for evacuation
[2023-07-18T03:08:40.467+0000][1][gc,age       ] GC(29) Desired survivor size 8945664 bytes, new threshold 6 (max threshold 6)
[2023-07-18T03:08:40.467+0000][1][gc,age       ] GC(29) Age table with threshold 6 (max threshold 6)
[2023-07-18T03:08:40.468+0000][1][gc,age       ] GC(29) - age   1:     111216 bytes,     111216 total
[2023-07-18T03:08:40.468+0000][1][gc,age       ] GC(29) - age   2:       6016 bytes,     117232 total
[2023-07-18T03:08:40.468+0000][1][gc,age       ] GC(29) - age   3:       6208 bytes,     123440 total
[2023-07-18T03:08:40.468+0000][1][gc,age       ] GC(29) - age   4:       2368 bytes,     125808 total
[2023-07-18T03:08:40.468+0000][1][gc,age       ] GC(29) - age   5:      95880 bytes,     221688 total
[2023-07-18T03:08:40.468+0000][1][gc,age       ] GC(29) - age   6:      44168 bytes,     265856 total
[2023-07-18T03:08:40.470+0000][1][gc,heap      ] GC(29) ParNew: 140428K->493K(157248K)
[2023-07-18T03:08:40.470+0000][1][gc,heap      ] GC(29) CMS: 68003K->68123K(349568K)
[2023-07-18T03:08:40.470+0000][1][gc,metaspace ] GC(29) Metaspace: 89186K->89186K(1130496K)
[2023-07-18T03:08:40.471+0000][1][gc           ] GC(29) Pause Young (Allocation Failure) 203M->67M(494M) 41.415ms
[2023-07-18T03:08:40.471+0000][1][gc,cpu       ] GC(29) User=0.07s Sys=0.01s Real=0.04s
[2023-07-18T03:08:40.471+0000][1][safepoint    ] Safepoint "GenCollectForAllocation", Time since last: 820565418 ns, Reaching safepoint: 1550708 ns, At safepoint: 42453792 ns, Total: 44004500 ns
[2023-07-18T03:08:41.476+0000][1][safepoint    ] Safepoint "Cleanup", Time since last: 1000940082 ns, Reaching safepoint: 3012709 ns, At safepoint: 64000 ns, Total: 3076709 ns
[2023-07-18T03:08:42.479+0000][1][safepoint    ] Safepoint "Cleanup", Time since last: 1001213959 ns, Reaching safepoint: 2283041 ns, At safepoint: 59292 ns, Total: 2342333 ns
[2023-07-18T03:08:43.484+0000][1][safepoint    ] Safepoint "Cleanup", Time since last: 1001501792 ns, Reaching safepoint: 2995583 ns, At safepoint: 78709 ns, Total: 3074292 ns
[2023-07-18T03:08:44.488+0000][1][safepoint    ] Safepoint "Cleanup", Time since last: 1001992375 ns, Reaching safepoint: 2100125 ns, At safepoint: 46917 ns, Total: 2147042 ns
[2023-07-18T03:08:45.492+0000][1][safepoint    ] Safepoint "Cleanup", Time since last: 1000942667 ns, Reaching safepoint: 2953125 ns, At safepoint: 67667 ns, Total: 3020792 ns
[2023-07-18T03:08:46.496+0000][1][safepoint    ] Safepoint "Cleanup", Time since last: 1001078500 ns, Reaching safepoint: 2666625 ns, At safepoint: 65958 ns, Total: 2732583 ns
[2023-07-18T03:08:47.500+0000][1][safepoint    ] Safepoint "Cleanup", Time since last: 1001163043 ns, Reaching safepoint: 3129833 ns, At safepoint: 85667 ns, Total: 3215500 ns
[2023-07-18T03:08:48.505+0000][1][safepoint    ] Safepoint "Cleanup", Time since last: 1001685167 ns, Reaching safepoint: 3040625 ns, At safepoint: 99666 ns, Total: 3140291 ns
[2023-07-18T03:08:49.512+0000][1][safepoint    ] Safepoint "Cleanup", Time since last: 1003429293 ns, Reaching safepoint: 3278833 ns, At safepoint: 72833 ns, Total: 3351666 ns
[2023-07-18T03:08:50.430+0000][1][safepoint    ] Safepoint "RevokeBias", Time since last: 915506167 ns, Reaching safepoint: 2076417 ns, At safepoint: 578792 ns, Total: 2655209 ns
[2023-07-18T03:08:51.433+0000][1][safepoint    ] Safepoint "Cleanup", Time since last: 1000809708 ns, Reaching safepoint: 1714417 ns, At safepoint: 44375 ns, Total: 1758792 ns
[2023-07-18T03:08:51.533+0000][1][safepoint    ] Safepoint "RevokeBias", Time since last: 99751292 ns, Reaching safepoint: 542292 ns, At safepoint: 103541 ns, Total: 645833 ns
[2023-07-18T03:08:51.535+0000][1][safepoint    ] Safepoint "RevokeBias", Time since last: 1236917 ns, Reaching safepoint: 714542 ns, At safepoint: 77791 ns, Total: 792333 ns
[2023-07-18T03:08:51.575+0000][1][safepoint    ] Safepoint "RevokeBias", Time since last: 39424792 ns, Reaching safepoint: 688083 ns, At safepoint: 185875 ns, Total: 873958 ns
[2023-07-18T03:08:51.577+0000][1][safepoint    ] Safepoint "RevokeBias", Time since last: 1105084 ns, Reaching safepoint: 477666 ns, At safepoint: 66375 ns, Total: 544041 ns
[2023-07-18T03:08:51.581+0000][1][safepoint    ] Safepoint "RevokeBias", Time since last: 2756292 ns, Reaching safepoint: 1505458 ns, At safepoint: 231000 ns, Total: 1736458 ns
[2023-07-18T03:08:52.584+0000][1][safepoint    ] Safepoint "Cleanup", Time since last: 1000630001 ns, Reaching safepoint: 1419333 ns, At safepoint: 36167 ns, Total: 1455500 ns
[2023-07-18T03:08:53.589+0000][1][safepoint    ] Safepoint "Cleanup", Time since last: 1000965250 ns, Reaching safepoint: 3979834 ns, At safepoint: 159125 ns, Total: 4138959 ns
[2023-07-18T03:08:54.594+0000][1][safepoint    ] Safepoint "Cleanup", Time since last: 1002190208 ns, Reaching safepoint: 2938084 ns, At safepoint: 85333 ns, Total: 3023417 ns
[2023-07-18T03:08:55.596+0000][1][safepoint    ] Safepoint "Cleanup", Time since last: 1001113125 ns, Reaching safepoint: 1189292 ns, At safepoint: 29875 ns, Total: 1219167 ns
[2023-07-18T03:08:56.599+0000][1][safepoint    ] Safepoint "Cleanup", Time since last: 1000924917 ns, Reaching safepoint: 1371292 ns, At safepoint: 34042 ns, Total: 1405334 ns
[2023-07-18T03:08:57.602+0000][1][safepoint    ] Safepoint "Cleanup", Time since last: 1001700458 ns, Reaching safepoint: 1443292 ns, At safepoint: 62250 ns, Total: 1505542 ns
[2023-07-18T03:08:58.605+0000][1][safepoint    ] Safepoint "Cleanup", Time since last: 1000864667 ns, Reaching safepoint: 2532209 ns, At safepoint: 104208 ns, Total: 2636417 ns
[2023-07-18T03:08:59.608+0000][1][safepoint    ] Safepoint "Cleanup", Time since last: 1002080375 ns, Reaching safepoint: 940959 ns, At safepoint: 27333 ns, Total: 968292 ns
[2023-07-18T03:09:00.401+0000][1][safepoint    ] Safepoint "RevokeBias", Time since last: 789948042 ns, Reaching safepoint: 1858417 ns, At safepoint: 396791 ns, Total: 2255208 ns
[2023-07-18T03:09:01.405+0000][1][safepoint    ] Safepoint "Cleanup", Time since last: 1001777251 ns, Reaching safepoint: 2643708 ns, At safepoint: 71125 ns, Total: 2714833 ns
[2023-07-18T03:09:02.407+0000][1][safepoint    ] Safepoint "Cleanup", Time since last: 1001193959 ns, Reaching safepoint: 781708 ns, At safepoint: 19667 ns, Total: 801375 ns
[2023-07-18T03:09:03.408+0000][1][safepoint    ] Safepoint "Cleanup", Time since last: 1000530417 ns, Reaching safepoint: 685459 ns, At safepoint: 17791 ns, Total: 703250 ns
[2023-07-18T03:09:04.411+0000][1][safepoint    ] Safepoint "Cleanup", Time since last: 1002202209 ns, Reaching safepoint: 714708 ns, At safepoint: 19125 ns, Total: 733833 ns
[2023-07-18T03:09:05.416+0000][1][safepoint    ] Safepoint "Cleanup", Time since last: 1000922792 ns, Reaching safepoint: 3370042 ns, At safepoint: 89625 ns, Total: 3459667 ns
[2023-07-18T03:09:06.418+0000][1][safepoint    ] Safepoint "Cleanup", Time since last: 1001130709 ns, Reaching safepoint: 1184292 ns, At safepoint: 29458 ns, Total: 1213750 ns
[2023-07-18T03:09:07.420+0000][1][safepoint    ] Safepoint "Cleanup", Time since last: 1001055375 ns, Reaching safepoint: 550667 ns, At safepoint: 16708 ns, Total: 567375 ns
[2023-07-18T03:09:08.424+0000][1][safepoint    ] Safepoint "Cleanup", Time since last: 1000559209 ns, Reaching safepoint: 3861500 ns, At safepoint: 78917 ns, Total: 3940417 ns
[2023-07-18T03:09:09.428+0000][1][safepoint    ] Safepoint "Cleanup", Time since last: 1001149792 ns, Reaching safepoint: 2315875 ns, At safepoint: 64583 ns, Total: 2380458 ns
[2023-07-18T03:09:10.412+0000][1][safepoint    ] Safepoint "RevokeBias", Time since last: 982042334 ns, Reaching safepoint: 1744375 ns, At safepoint: 538834 ns, Total: 2283209 ns
[2023-07-18T03:09:11.418+0000][1][safepoint    ] Safepoint "Cleanup", Time since last: 1001112124 ns, Reaching safepoint: 2557917 ns, At safepoint: 62875 ns, Total: 2620792 ns
[2023-07-18T03:09:12.421+0000][1][safepoint    ] Safepoint "Cleanup", Time since last: 1001228876 ns, Reaching safepoint: 1156833 ns, At safepoint: 30625 ns, Total: 1187458 ns
[2023-07-18T03:09:13.423+0000][1][safepoint    ] Safepoint "Cleanup", Time since last: 1001135375 ns, Reaching safepoint: 1375250 ns, At safepoint: 33334 ns, Total: 1408584 ns
[2023-07-18T03:09:14.425+0000][1][safepoint    ] Safepoint "Cleanup", Time since last: 1000918208 ns, Reaching safepoint: 1089792 ns, At safepoint: 36208 ns, Total: 1126000 ns
[2023-07-18T03:09:15.428+0000][1][safepoint    ] Safepoint "Cleanup", Time since last: 1000653918 ns, Reaching safepoint: 2028250 ns, At safepoint: 63500 ns, Total: 2091750 ns
[2023-07-18T03:09:16.430+0000][1][safepoint    ] Safepoint "Cleanup", Time since last: 1000786667 ns, Reaching safepoint: 1377000 ns, At safepoint: 39000 ns, Total: 1416000 ns
[2023-07-18T03:09:17.432+0000][1][safepoint    ] Safepoint "Cleanup", Time since last: 1000949584 ns, Reaching safepoint: 1134041 ns, At safepoint: 31500 ns, Total: 1165541 ns
[2023-07-18T03:09:18.437+0000][1][safepoint    ] Safepoint "Cleanup", Time since last: 1000919751 ns, Reaching safepoint: 3270291 ns, At safepoint: 82875 ns, Total: 3353166 ns
[2023-07-18T03:09:19.442+0000][1][safepoint    ] Safepoint "Cleanup", Time since last: 1001544918 ns, Reaching safepoint: 3329916 ns, At safepoint: 104709 ns, Total: 3434625 ns
[2023-07-18T03:09:20.420+0000][1][safepoint    ] Safepoint "RevokeBias", Time since last: 975673542 ns, Reaching safepoint: 1892125 ns, At safepoint: 796083 ns, Total: 2688208 ns
[2023-07-18T03:09:21.424+0000][1][safepoint    ] Safepoint "Cleanup", Time since last: 1001850209 ns, Reaching safepoint: 1530458 ns, At safepoint: 55125 ns, Total: 1585583 ns
[2023-07-18T03:09:22.428+0000][1][safepoint    ] Safepoint "Cleanup", Time since last: 1001471417 ns, Reaching safepoint: 3336792 ns, At safepoint: 80958 ns, Total: 3417750 ns
[2023-07-18T03:09:23.433+0000][1][safepoint    ] Safepoint "Cleanup", Time since last: 1001407417 ns, Reaching safepoint: 2635084 ns, At safepoint: 89625 ns, Total: 2724709 ns
[2023-07-18T03:09:24.436+0000][1][safepoint    ] Safepoint "Cleanup", Time since last: 1001257917 ns, Reaching safepoint: 2435500 ns, At safepoint: 59958 ns, Total: 2495458 ns
[2023-07-18T03:09:25.440+0000][1][safepoint    ] Safepoint "Cleanup", Time since last: 1001135542 ns, Reaching safepoint: 2460875 ns, At safepoint: 103250 ns, Total: 2564125 ns
[2023-07-18T03:09:26.442+0000][1][safepoint    ] Safepoint "Cleanup", Time since last: 1001061626 ns, Reaching safepoint: 965292 ns, At safepoint: 30291 ns, Total: 995583 ns
[2023-07-18T03:09:27.447+0000][1][safepoint    ] Safepoint "Cleanup", Time since last: 1002653417 ns, Reaching safepoint: 2099542 ns, At safepoint: 66958 ns, Total: 2166500 ns
[2023-07-18T03:09:28.450+0000][1][safepoint    ] Safepoint "Cleanup", Time since last: 1001150459 ns, Reaching safepoint: 1711292 ns, At safepoint: 45541 ns, Total: 1756833 ns
[2023-07-18T03:09:29.455+0000][1][safepoint    ] Safepoint "Cleanup", Time since last: 1001913876 ns, Reaching safepoint: 2649250 ns, At safepoint: 68417 ns, Total: 2717667 ns
[2023-07-18T03:09:30.457+0000][1][safepoint    ] Safepoint "Cleanup", Time since last: 1001142000 ns, Reaching safepoint: 1612917 ns, At safepoint: 45291 ns, Total: 1658208 ns
[2023-07-18T03:09:30.572+0000][1][safepoint    ] Safepoint "RevokeBias", Time since last: 112806542 ns, Reaching safepoint: 1465542 ns, At safepoint: 354792 ns, Total: 1820334 ns
[2023-07-18T03:09:31.573+0000][1][safepoint    ] Safepoint "Cleanup", Time since last: 1000514375 ns, Reaching safepoint: 880708 ns, At safepoint: 25209 ns, Total: 905917 ns
[2023-07-18T03:09:32.577+0000][1][safepoint    ] Safepoint "Cleanup", Time since last: 1001449042 ns, Reaching safepoint: 1752291 ns, At safepoint: 60834 ns, Total: 1813125 ns
[2023-07-18T03:09:33.580+0000][1][safepoint    ] Safepoint "Cleanup", Time since last: 1000903000 ns, Reaching safepoint: 2791209 ns, At safepoint: 93333 ns, Total: 2884542 ns
[2023-07-18T03:09:34.583+0000][1][safepoint    ] Safepoint "Cleanup", Time since last: 1001524042 ns, Reaching safepoint: 1159042 ns, At safepoint: 19416 ns, Total: 1178458 ns
[2023-07-18T03:09:35.584+0000][1][safepoint    ] Safepoint "Cleanup", Time since last: 1000453334 ns, Reaching safepoint: 861459 ns, At safepoint: 18416 ns, Total: 879875 ns
[2023-07-18T03:09:36.586+0000][1][safepoint    ] Safepoint "Cleanup", Time since last: 1000634751 ns, Reaching safepoint: 699000 ns, At safepoint: 18208 ns, Total: 717208 ns
[2023-07-18T03:09:37.588+0000][1][safepoint    ] Safepoint "Cleanup", Time since last: 1001348459 ns, Reaching safepoint: 1299417 ns, At safepoint: 34583 ns, Total: 1334000 ns
[2023-07-18T03:09:38.590+0000][1][safepoint    ] Safepoint "Cleanup", Time since last: 1000879625 ns, Reaching safepoint: 700542 ns, At safepoint: 138042 ns, Total: 838584 ns
[2023-07-18T03:09:39.592+0000][1][safepoint    ] Safepoint "Cleanup", Time since last: 1000985583 ns, Reaching safepoint: 696542 ns, At safepoint: 18667 ns, Total: 715209 ns
[2023-07-18T03:09:40.594+0000][1][safepoint    ] Safepoint "Cleanup", Time since last: 1001367000 ns, Reaching safepoint: 743959 ns, At safepoint: 20500 ns, Total: 764459 ns
[2023-07-18T03:09:41.593+0000][1][safepoint    ] Safepoint "Cleanup", Time since last: 1000503333 ns, Reaching safepoint: 651041 ns, At safepoint: 18875 ns, Total: 669916 ns
[2023-07-18T03:09:42.595+0000][1][safepoint    ] Safepoint "Cleanup", Time since last: 1000617209 ns, Reaching safepoint: 1077709 ns, At safepoint: 34583 ns, Total: 1112292 ns
[2023-07-18T03:09:43.597+0000][1][safepoint    ] Safepoint "Cleanup", Time since last: 1000715917 ns, Reaching safepoint: 1089375 ns, At safepoint: 31375 ns, Total: 1120750 ns
[2023-07-18T03:09:44.600+0000][1][safepoint    ] Safepoint "Cleanup", Time since last: 1000991084 ns, Reaching safepoint: 2140917 ns, At safepoint: 54083 ns, Total: 2195000 ns
[2023-07-18T03:09:45.603+0000][1][safepoint    ] Safepoint "Cleanup", Time since last: 1001740334 ns, Reaching safepoint: 1358000 ns, At safepoint: 29708 ns, Total: 1387708 ns
[2023-07-18T03:09:46.605+0000][1][safepoint    ] Safepoint "Cleanup", Time since last: 1000747584 ns, Reaching safepoint: 1218375 ns, At safepoint: 38875 ns, Total: 1257250 ns
[2023-07-18T03:09:47.607+0000][1][safepoint    ] Safepoint "Cleanup", Time since last: 1000948334 ns, Reaching safepoint: 1163000 ns, At safepoint: 27500 ns, Total: 1190500 ns
[2023-07-18T03:09:48.610+0000][1][safepoint    ] Safepoint "Cleanup", Time since last: 1001161333 ns, Reaching safepoint: 1727375 ns, At safepoint: 50042 ns, Total: 1777417 ns
[2023-07-18T03:09:49.614+0000][1][safepoint    ] Safepoint "Cleanup", Time since last: 1000739376 ns, Reaching safepoint: 2621625 ns, At safepoint: 87833 ns, Total: 2709458 ns
[2023-07-18T03:09:50.439+0000][1][safepoint    ] Safepoint "RevokeBias", Time since last: 822904875 ns, Reaching safepoint: 1945292 ns, At safepoint: 541333 ns, Total: 2486625 ns
[2023-07-18T03:09:51.441+0000][1][safepoint    ] Safepoint "Cleanup", Time since last: 1000692792 ns, Reaching safepoint: 1685292 ns, At safepoint: 61042 ns, Total: 1746334 ns
[2023-07-18T03:09:52.445+0000][1][safepoint    ] Safepoint "Cleanup", Time since last: 1000911000 ns, Reaching safepoint: 2465000 ns, At safepoint: 68834 ns, Total: 2533834 ns
[2023-07-18T03:09:52.533+0000][1][safepoint    ] Safepoint "RevokeBias", Time since last: 86746708 ns, Reaching safepoint: 933167 ns, At safepoint: 213916 ns, Total: 1147083 ns
[2023-07-18T03:09:52.536+0000][1][safepoint    ] Safepoint "RevokeBias", Time since last: 2503500 ns, Reaching safepoint: 866250 ns, At safepoint: 91709 ns, Total: 957959 ns
[2023-07-18T03:09:52.542+0000][1][safepoint    ] Safepoint "RevokeBias", Time since last: 5106666 ns, Reaching safepoint: 644542 ns, At safepoint: 108833 ns, Total: 753375 ns
[2023-07-18T03:09:52.566+0000][1][safepoint    ] Safepoint "RevokeBias", Time since last: 22757334 ns, Reaching safepoint: 667291 ns, At safepoint: 108917 ns, Total: 776208 ns
[2023-07-18T03:09:52.594+0000][1][safepoint    ] Safepoint "RevokeBias", Time since last: 27526833 ns, Reaching safepoint: 615584 ns, At safepoint: 76666 ns, Total: 692250 ns
[2023-07-18T03:09:53.595+0000][1][safepoint    ] Safepoint "Cleanup", Time since last: 1000544126 ns, Reaching safepoint: 1102042 ns, At safepoint: 20625 ns, Total: 1122667 ns
[2023-07-18T03:09:54.598+0000][1][safepoint    ] Safepoint "Cleanup", Time since last: 1001386458 ns, Reaching safepoint: 1290834 ns, At safepoint: 36708 ns, Total: 1327542 ns
[2023-07-18T03:09:55.600+0000][1][safepoint    ] Safepoint "Cleanup", Time since last: 1000598792 ns, Reaching safepoint: 1144375 ns, At safepoint: 37542 ns, Total: 1181917 ns
[2023-07-18T03:09:56.603+0000][1][safepoint    ] Safepoint "Cleanup", Time since last: 1001574417 ns, Reaching safepoint: 1712542 ns, At safepoint: 44541 ns, Total: 1757083 ns
[2023-07-18T03:09:57.607+0000][1][safepoint    ] Safepoint "Cleanup", Time since last: 1001480001 ns, Reaching safepoint: 1821166 ns, At safepoint: 46167 ns, Total: 1867333 ns
[2023-07-18T03:09:58.610+0000][1][safepoint    ] Safepoint "Cleanup", Time since last: 1001333959 ns, Reaching safepoint: 2011625 ns, At safepoint: 56458 ns, Total: 2068083 ns
[2023-07-18T03:09:59.615+0000][1][safepoint    ] Safepoint "Cleanup", Time since last: 1000942667 ns, Reaching safepoint: 3396375 ns, At safepoint: 88375 ns, Total: 3484750 ns
[2023-07-18T03:10:00.566+0000][1][safepoint    ] Safepoint "RevokeBias", Time since last: 949422043 ns, Reaching safepoint: 1825458 ns, At safepoint: 531417 ns, Total: 2356875 ns
[2023-07-18T03:10:01.571+0000][1][safepoint    ] Safepoint "Cleanup", Time since last: 1001619042 ns, Reaching safepoint: 3064666 ns, At safepoint: 71334 ns, Total: 3136000 ns
[2023-07-18T03:10:02.573+0000][1][safepoint    ] Safepoint "Cleanup", Time since last: 1001509708 ns, Reaching safepoint: 657167 ns, At safepoint: 17125 ns, Total: 674292 ns
[2023-07-18T03:10:03.575+0000][1][safepoint    ] Safepoint "Cleanup", Time since last: 1000800584 ns, Reaching safepoint: 1442458 ns, At safepoint: 39125 ns, Total: 1481583 ns
[2023-07-18T03:10:04.577+0000][1][safepoint    ] Safepoint "Cleanup", Time since last: 1000935459 ns, Reaching safepoint: 604000 ns, At safepoint: 13792 ns, Total: 617792 ns
[2023-07-18T03:10:05.578+0000][1][safepoint    ] Safepoint "Cleanup", Time since last: 1000444792 ns, Reaching safepoint: 667708 ns, At safepoint: 17625 ns, Total: 685333 ns
[2023-07-18T03:10:06.579+0000][1][safepoint    ] Safepoint "Cleanup", Time since last: 1000417001 ns, Reaching safepoint: 590916 ns, At safepoint: 20959 ns, Total: 611875 ns
[2023-07-18T03:10:07.580+0000][1][safepoint    ] Safepoint "Cleanup", Time since last: 1000341375 ns, Reaching safepoint: 631000 ns, At safepoint: 19125 ns, Total: 650125 ns
[2023-07-18T03:10:08.581+0000][1][safepoint    ] Safepoint "Cleanup", Time since last: 1000376209 ns, Reaching safepoint: 686125 ns, At safepoint: 13917 ns, Total: 700042 ns
[2023-07-18T03:10:09.582+0000][1][safepoint    ] Safepoint "Cleanup", Time since last: 1000410250 ns, Reaching safepoint: 559833 ns, At safepoint: 20084 ns, Total: 579917 ns
[2023-07-18T03:10:10.584+0000][1][safepoint    ] Safepoint "Cleanup", Time since last: 1000419250 ns, Reaching safepoint: 894000 ns, At safepoint: 12792 ns, Total: 906792 ns
[2023-07-18T03:10:11.586+0000][1][safepoint    ] Safepoint "Cleanup", Time since last: 1000858541 ns, Reaching safepoint: 725750 ns, At safepoint: 37125 ns, Total: 762875 ns
[2023-07-18T03:10:12.586+0000][1][safepoint    ] Safepoint "Cleanup", Time since last: 1000370293 ns, Reaching safepoint: 534250 ns, At safepoint: 10541 ns, Total: 544791 ns
[2023-07-18T03:10:13.588+0000][1][safepoint    ] Safepoint "Cleanup", Time since last: 1000367084 ns, Reaching safepoint: 643375 ns, At safepoint: 33875 ns, Total: 677250 ns
[2023-07-18T03:10:14.589+0000][1][safepoint    ] Safepoint "Cleanup", Time since last: 1000437917 ns, Reaching safepoint: 618042 ns, At safepoint: 33417 ns, Total: 651459 ns
[2023-07-18T03:10:15.590+0000][1][safepoint    ] Safepoint "Cleanup", Time since last: 1000538375 ns, Reaching safepoint: 746875 ns, At safepoint: 57667 ns, Total: 804542 ns
[2023-07-18T03:10:16.591+0000][1][safepoint    ] Safepoint "Cleanup", Time since last: 1000373709 ns, Reaching safepoint: 696791 ns, At safepoint: 37709 ns, Total: 734500 ns
[2023-07-18T03:10:17.593+0000][1][safepoint    ] Safepoint "Cleanup", Time since last: 1000489000 ns, Reaching safepoint: 1125292 ns, At safepoint: 23541 ns, Total: 1148833 ns
[2023-07-18T03:10:18.594+0000][1][safepoint    ] Safepoint "Cleanup", Time since last: 1000500251 ns, Reaching safepoint: 575250 ns, At safepoint: 18041 ns, Total: 593291 ns
[2023-07-18T03:10:19.595+0000][1][safepoint    ] Safepoint "Cleanup", Time since last: 1000433084 ns, Reaching safepoint: 619750 ns, At safepoint: 36584 ns, Total: 656334 ns
[2023-07-18T03:10:20.598+0000][1][safepoint    ] Safepoint "Cleanup", Time since last: 1000579875 ns, Reaching safepoint: 2495875 ns, At safepoint: 18208 ns, Total: 2514083 ns
[2023-07-18T03:10:21.599+0000][1][safepoint    ] Safepoint "Cleanup", Time since last: 1000451501 ns, Reaching safepoint: 636000 ns, At safepoint: 18125 ns, Total: 654125 ns
[2023-07-18T03:10:22.600+0000][1][safepoint    ] Safepoint "Cleanup", Time since last: 1000435959 ns, Reaching safepoint: 791291 ns, At safepoint: 15917 ns, Total: 807208 ns
[2023-07-18T03:10:23.602+0000][1][safepoint    ] Safepoint "Cleanup", Time since last: 1000622167 ns, Reaching safepoint: 621000 ns, At safepoint: 18917 ns, Total: 639917 ns
[2023-07-18T03:10:24.603+0000][1][safepoint    ] Safepoint "Cleanup", Time since last: 1000456000 ns, Reaching safepoint: 552334 ns, At safepoint: 17541 ns, Total: 569875 ns
[2023-07-18T03:10:25.606+0000][1][safepoint    ] Safepoint "Cleanup", Time since last: 1002941167 ns, Reaching safepoint: 752584 ns, At safepoint: 30166 ns, Total: 782750 ns
[2023-07-18T03:10:26.608+0000][1][safepoint    ] Safepoint "Cleanup", Time since last: 1000588668 ns, Reaching safepoint: 601625 ns, At safepoint: 12875 ns, Total: 614500 ns
[2023-07-18T03:10:27.609+0000][1][safepoint    ] Safepoint "Cleanup", Time since last: 1000415250 ns, Reaching safepoint: 695667 ns, At safepoint: 35916 ns, Total: 731583 ns
[2023-07-18T03:10:28.610+0000][1][safepoint    ] Safepoint "Cleanup", Time since last: 1000380126 ns, Reaching safepoint: 608500 ns, At safepoint: 13167 ns, Total: 621667 ns
[2023-07-18T03:10:29.611+0000][1][safepoint    ] Safepoint "Cleanup", Time since last: 1000383875 ns, Reaching safepoint: 682833 ns, At safepoint: 33959 ns, Total: 716792 ns
[2023-07-18T03:10:30.617+0000][1][safepoint    ] Safepoint "Cleanup", Time since last: 1002161417 ns, Reaching safepoint: 4245542 ns, At safepoint: 30541 ns, Total: 4276083 ns
[2023-07-18T03:10:31.622+0000][1][safepoint    ] Safepoint "Cleanup", Time since last: 1002400751 ns, Reaching safepoint: 1943666 ns, At safepoint: 21042 ns, Total: 1964708 ns
[2023-07-18T03:10:32.625+0000][1][safepoint    ] Safepoint "Cleanup", Time since last: 1001589500 ns, Reaching safepoint: 1606959 ns, At safepoint: 30666 ns, Total: 1637625 ns
[2023-07-18T03:10:33.627+0000][1][safepoint    ] Safepoint "Cleanup", Time since last: 1001736459 ns, Reaching safepoint: 837542 ns, At safepoint: 26333 ns, Total: 863875 ns
[2023-07-18T03:10:34.629+0000][1][safepoint    ] Safepoint "Cleanup", Time since last: 1000541292 ns, Reaching safepoint: 858459 ns, At safepoint: 44125 ns, Total: 902584 ns
[2023-07-18T03:10:35.630+0000][1][safepoint    ] Safepoint "Cleanup", Time since last: 1000336584 ns, Reaching safepoint: 867375 ns, At safepoint: 20208 ns, Total: 887583 ns
[2023-07-18T03:10:36.632+0000][1][safepoint    ] Safepoint "Cleanup", Time since last: 1000463584 ns, Reaching safepoint: 1486000 ns, At safepoint: 40166 ns, Total: 1526166 ns
[2023-07-18T03:10:37.636+0000][1][safepoint    ] Safepoint "Cleanup", Time since last: 1001005376 ns, Reaching safepoint: 2683417 ns, At safepoint: 78541 ns, Total: 2761958 ns
[2023-07-18T03:10:38.595+0000][1][gc,start     ] GC(30) Pause Young (Allocation Failure)
[2023-07-18T03:10:38.596+0000][1][gc,task      ] GC(30) Using 4 workers of 4 for evacuation
[2023-07-18T03:10:38.622+0000][1][gc,age       ] GC(30) Desired survivor size 8945664 bytes, new threshold 6 (max threshold 6)
[2023-07-18T03:10:38.623+0000][1][gc,age       ] GC(30) Age table with threshold 6 (max threshold 6)
[2023-07-18T03:10:38.623+0000][1][gc,age       ] GC(30) - age   1:     135528 bytes,     135528 total
[2023-07-18T03:10:38.623+0000][1][gc,age       ] GC(30) - age   2:       2336 bytes,     137864 total
[2023-07-18T03:10:38.624+0000][1][gc,age       ] GC(30) - age   3:       5744 bytes,     143608 total
[2023-07-18T03:10:38.624+0000][1][gc,age       ] GC(30) - age   4:       6184 bytes,     149792 total
[2023-07-18T03:10:38.624+0000][1][gc,age       ] GC(30) - age   5:       2368 bytes,     152160 total
[2023-07-18T03:10:38.624+0000][1][gc,age       ] GC(30) - age   6:      95880 bytes,     248040 total
[2023-07-18T03:10:38.625+0000][1][gc,heap      ] GC(30) ParNew: 140269K->359K(157248K)
[2023-07-18T03:10:38.625+0000][1][gc,heap      ] GC(30) CMS: 68123K->68166K(349568K)
[2023-07-18T03:10:38.625+0000][1][gc,metaspace ] GC(30) Metaspace: 89210K->89210K(1130496K)
[2023-07-18T03:10:38.625+0000][1][gc           ] GC(30) Pause Young (Allocation Failure) 203M->66M(494M) 30.372ms
[2023-07-18T03:10:38.626+0000][1][gc,cpu       ] GC(30) User=0.06s Sys=0.01s Real=0.03s
[2023-07-18T03:10:38.626+0000][1][safepoint    ] Safepoint "GenCollectForAllocation", Time since last: 956914292 ns, Reaching safepoint: 2117500 ns, At safepoint: 31075250 ns, Total: 33192750 ns
[2023-07-18T03:10:39.628+0000][1][safepoint    ] Safepoint "Cleanup", Time since last: 1000417917 ns, Reaching safepoint: 1419084 ns, At safepoint: 31083 ns, Total: 1450167 ns
[2023-07-18T03:10:40.629+0000][1][safepoint    ] Safepoint "Cleanup", Time since last: 1000636584 ns, Reaching safepoint: 558583 ns, At safepoint: 15084 ns, Total: 573667 ns
[2023-07-18T03:10:41.632+0000][1][safepoint    ] Safepoint "Cleanup", Time since last: 1000462874 ns, Reaching safepoint: 1879292 ns, At safepoint: 43041 ns, Total: 1922333 ns
[2023-07-18T03:10:42.636+0000][1][safepoint    ] Safepoint "Cleanup", Time since last: 1001581459 ns, Reaching safepoint: 2784500 ns, At safepoint: 81125 ns, Total: 2865625 ns
[2023-07-18T03:10:43.642+0000][1][safepoint    ] Safepoint "Cleanup", Time since last: 1003775584 ns, Reaching safepoint: 1828208 ns, At safepoint: 70792 ns, Total: 1899000 ns
[2023-07-18T03:10:44.644+0000][1][safepoint    ] Safepoint "Cleanup", Time since last: 1001210209 ns, Reaching safepoint: 1254125 ns, At safepoint: 43417 ns, Total: 1297542 ns
[2023-07-18T03:10:45.648+0000][1][safepoint    ] Safepoint "Cleanup", Time since last: 1001530708 ns, Reaching safepoint: 1777500 ns, At safepoint: 51709 ns, Total: 1829209 ns
[2023-07-18T03:10:46.651+0000][1][safepoint    ] Safepoint "Cleanup", Time since last: 1001024667 ns, Reaching safepoint: 2393417 ns, At safepoint: 59750 ns, Total: 2453167 ns
[2023-07-18T03:10:47.659+0000][1][safepoint    ] Safepoint "Cleanup", Time since last: 1002294958 ns, Reaching safepoint: 5824750 ns, At safepoint: 161584 ns, Total: 5986334 ns
[2023-07-18T03:10:48.340+0000][1][safepoint    ] Safepoint "RevokeBias", Time since last: 679499667 ns, Reaching safepoint: 918166 ns, At safepoint: 153917 ns, Total: 1072083 ns
[2023-07-18T03:10:49.345+0000][1][safepoint    ] Safepoint "Cleanup", Time since last: 1001268792 ns, Reaching safepoint: 4066667 ns, At safepoint: 135666 ns, Total: 4202333 ns
[2023-07-18T03:10:49.544+0000][1][safepoint    ] Safepoint "RevokeBias", Time since last: 197679542 ns, Reaching safepoint: 917000 ns, At safepoint: 125084 ns, Total: 1042084 ns
[2023-07-18T03:10:50.476+0000][1][safepoint    ] Safepoint "RevokeBias", Time since last: 930017958 ns, Reaching safepoint: 1787042 ns, At safepoint: 490958 ns, Total: 2278000 ns
[2023-07-18T03:10:51.481+0000][1][safepoint    ] Safepoint "Cleanup", Time since last: 1000982959 ns, Reaching safepoint: 3433875 ns, At safepoint: 97209 ns, Total: 3531084 ns
[2023-07-18T03:10:52.485+0000][1][safepoint    ] Safepoint "Cleanup", Time since last: 1002149875 ns, Reaching safepoint: 2099500 ns, At safepoint: 63625 ns, Total: 2163125 ns
[2023-07-18T03:10:53.472+0000][1][safepoint    ] Safepoint "RevokeBias", Time since last: 985228042 ns, Reaching safepoint: 1124083 ns, At safepoint: 140792 ns, Total: 1264875 ns
[2023-07-18T03:10:53.479+0000][1][safepoint    ] Safepoint "BulkRevokeBias", Time since last: 3117708 ns, Reaching safepoint: 887625 ns, At safepoint: 3130542 ns, Total: 4018167 ns
[2023-07-18T03:10:53.484+0000][1][safepoint    ] Safepoint "RevokeBias", Time since last: 3819958 ns, Reaching safepoint: 1099792 ns, At safepoint: 100667 ns, Total: 1200459 ns
[2023-07-18T03:10:53.507+0000][1][safepoint    ] Safepoint "RevokeBias", Time since last: 22387416 ns, Reaching safepoint: 536792 ns, At safepoint: 101417 ns, Total: 638209 ns
[2023-07-18T03:10:54.510+0000][1][safepoint    ] Safepoint "Cleanup", Time since last: 1002061792 ns, Reaching safepoint: 1053083 ns, At safepoint: 24167 ns, Total: 1077250 ns
[2023-07-18T03:10:55.514+0000][1][safepoint    ] Safepoint "Cleanup", Time since last: 1002274667 ns, Reaching safepoint: 1585833 ns, At safepoint: 37209 ns, Total: 1623042 ns
[2023-07-18T03:10:56.518+0000][1][safepoint    ] Safepoint "Cleanup", Time since last: 1000792000 ns, Reaching safepoint: 3002167 ns, At safepoint: 93917 ns, Total: 3096084 ns
[2023-07-18T03:10:57.523+0000][1][safepoint    ] Safepoint "Cleanup", Time since last: 1002347625 ns, Reaching safepoint: 3097250 ns, At safepoint: 87625 ns, Total: 3184875 ns
[2023-07-18T03:10:58.525+0000][1][safepoint    ] Safepoint "Cleanup", Time since last: 1001067834 ns, Reaching safepoint: 949458 ns, At safepoint: 25250 ns, Total: 974708 ns
[2023-07-18T03:10:59.529+0000][1][safepoint    ] Safepoint "Cleanup", Time since last: 1001576834 ns, Reaching safepoint: 2185125 ns, At safepoint: 68417 ns, Total: 2253542 ns
[2023-07-18T03:11:00.532+0000][1][safepoint    ] Safepoint "Cleanup", Time since last: 1001157000 ns, Reaching safepoint: 1594000 ns, At safepoint: 20833 ns, Total: 1614833 ns
[2023-07-18T03:11:01.535+0000][1][safepoint    ] Safepoint "Cleanup", Time since last: 1000484334 ns, Reaching safepoint: 2385375 ns, At safepoint: 87875 ns, Total: 2473250 ns
[2023-07-18T03:11:02.538+0000][1][safepoint    ] Safepoint "Cleanup", Time since last: 1002162292 ns, Reaching safepoint: 1266084 ns, At safepoint: 38250 ns, Total: 1304334 ns
[2023-07-18T03:11:03.543+0000][1][safepoint    ] Safepoint "Cleanup", Time since last: 1001361417 ns, Reaching safepoint: 2883500 ns, At safepoint: 86167 ns, Total: 2969667 ns
[2023-07-18T03:11:04.548+0000][1][safepoint    ] Safepoint "Cleanup", Time since last: 1001604958 ns, Reaching safepoint: 3241167 ns, At safepoint: 110750 ns, Total: 3351917 ns
[2023-07-18T03:11:05.550+0000][1][safepoint    ] Safepoint "Cleanup", Time since last: 1001692292 ns, Reaching safepoint: 647292 ns, At safepoint: 19583 ns, Total: 666875 ns
[2023-07-18T03:11:06.553+0000][1][safepoint    ] Safepoint "Cleanup", Time since last: 1001286667 ns, Reaching safepoint: 1237292 ns, At safepoint: 26917 ns, Total: 1264209 ns
[2023-07-18T03:11:07.556+0000][1][safepoint    ] Safepoint "Cleanup", Time since last: 1000901084 ns, Reaching safepoint: 2374833 ns, At safepoint: 150708 ns, Total: 2525541 ns
[2023-07-18T03:11:08.560+0000][1][safepoint    ] Safepoint "Cleanup", Time since last: 1002209626 ns, Reaching safepoint: 1947125 ns, At safepoint: 105125 ns, Total: 2052250 ns
[2023-07-18T03:11:09.567+0000][1][safepoint    ] Safepoint "Cleanup", Time since last: 1004011792 ns, Reaching safepoint: 2404916 ns, At safepoint: 100542 ns, Total: 2505458 ns
[2023-07-18T03:11:10.475+0000][1][safepoint    ] Safepoint "RevokeBias", Time since last: 906206834 ns, Reaching safepoint: 1957167 ns, At safepoint: 420375 ns, Total: 2377542 ns
[2023-07-18T03:11:11.481+0000][1][safepoint    ] Safepoint "Cleanup", Time since last: 1000572208 ns, Reaching safepoint: 2657541 ns, At safepoint: 107625 ns, Total: 2765166 ns
[2023-07-18T03:11:12.485+0000][1][safepoint    ] Safepoint "Cleanup", Time since last: 1001312584 ns, Reaching safepoint: 2700667 ns, At safepoint: 70667 ns, Total: 2771334 ns
[2023-07-18T03:11:13.489+0000][1][safepoint    ] Safepoint "Cleanup", Time since last: 1002328833 ns, Reaching safepoint: 1611292 ns, At safepoint: 76125 ns, Total: 1687417 ns
[2023-07-18T03:11:14.492+0000][1][safepoint    ] Safepoint "Cleanup", Time since last: 1001596584 ns, Reaching safepoint: 1327708 ns, At safepoint: 155334 ns, Total: 1483042 ns
[2023-07-18T03:11:15.498+0000][1][safepoint    ] Safepoint "Cleanup", Time since last: 1002351292 ns, Reaching safepoint: 3044583 ns, At safepoint: 85375 ns, Total: 3129958 ns
[2023-07-18T03:11:16.500+0000][1][safepoint    ] Safepoint "Cleanup", Time since last: 1001117959 ns, Reaching safepoint: 1415041 ns, At safepoint: 48042 ns, Total: 1463083 ns
[2023-07-18T03:11:17.504+0000][1][safepoint    ] Safepoint "Cleanup", Time since last: 1000959417 ns, Reaching safepoint: 2620459 ns, At safepoint: 71416 ns, Total: 2691875 ns
[2023-07-18T03:11:18.508+0000][1][safepoint    ] Safepoint "Cleanup", Time since last: 1001496626 ns, Reaching safepoint: 2357875 ns, At safepoint: 58708 ns, Total: 2416583 ns
[2023-07-18T03:11:19.512+0000][1][safepoint    ] Safepoint "Cleanup", Time since last: 1000791959 ns, Reaching safepoint: 3033667 ns, At safepoint: 104166 ns, Total: 3137833 ns
[2023-07-18T03:11:20.452+0000][1][safepoint    ] Safepoint "Deoptimize", Time since last: 913434959 ns, Reaching safepoint: 1714917 ns, At safepoint: 24941625 ns, Total: 26656542 ns
[2023-07-18T03:11:21.455+0000][1][safepoint    ] Safepoint "Cleanup", Time since last: 1001157375 ns, Reaching safepoint: 2368750 ns, At safepoint: 52125 ns, Total: 2420875 ns
[2023-07-18T03:11:22.460+0000][1][safepoint    ] Safepoint "Cleanup", Time since last: 1001579292 ns, Reaching safepoint: 2747334 ns, At safepoint: 113708 ns, Total: 2861042 ns
[2023-07-18T03:11:23.465+0000][1][safepoint    ] Safepoint "Cleanup", Time since last: 1003180584 ns, Reaching safepoint: 2065833 ns, At safepoint: 69833 ns, Total: 2135666 ns
[2023-07-18T03:11:24.471+0000][1][safepoint    ] Safepoint "Cleanup", Time since last: 1004511501 ns, Reaching safepoint: 1607583 ns, At safepoint: 70584 ns, Total: 1678167 ns
[2023-07-18T03:11:25.476+0000][1][safepoint    ] Safepoint "Cleanup", Time since last: 1002482208 ns, Reaching safepoint: 2547542 ns, At safepoint: 89917 ns, Total: 2637459 ns
[2023-07-18T03:11:26.480+0000][1][safepoint    ] Safepoint "Cleanup", Time since last: 1001052792 ns, Reaching safepoint: 2058333 ns, At safepoint: 69250 ns, Total: 2127583 ns
[2023-07-18T03:11:27.481+0000][1][safepoint    ] Safepoint "Cleanup", Time since last: 1001149959 ns, Reaching safepoint: 729500 ns, At safepoint: 18417 ns, Total: 747917 ns
[2023-07-18T03:11:28.484+0000][1][safepoint    ] Safepoint "Cleanup", Time since last: 1000935459 ns, Reaching safepoint: 1989708 ns, At safepoint: 63750 ns, Total: 2053458 ns
[2023-07-18T03:11:29.489+0000][1][safepoint    ] Safepoint "Cleanup", Time since last: 1001154250 ns, Reaching safepoint: 3615000 ns, At safepoint: 149167 ns, Total: 3764167 ns
[2023-07-18T03:11:30.493+0000][1][safepoint    ] Safepoint "Cleanup", Time since last: 1002343167 ns, Reaching safepoint: 1256917 ns, At safepoint: 24250 ns, Total: 1281167 ns
[2023-07-18T03:11:31.497+0000][1][safepoint    ] Safepoint "Cleanup", Time since last: 1001794709 ns, Reaching safepoint: 2087458 ns, At safepoint: 55917 ns, Total: 2143375 ns
[2023-07-18T03:11:32.500+0000][1][safepoint    ] Safepoint "Cleanup", Time since last: 1001793542 ns, Reaching safepoint: 1338041 ns, At safepoint: 47917 ns, Total: 1385958 ns
[2023-07-18T03:11:33.503+0000][1][safepoint    ] Safepoint "Cleanup", Time since last: 1000883126 ns, Reaching safepoint: 1731333 ns, At safepoint: 61417 ns, Total: 1792750 ns
[2023-07-18T03:11:34.506+0000][1][safepoint    ] Safepoint "Cleanup", Time since last: 1000928292 ns, Reaching safepoint: 2449625 ns, At safepoint: 74666 ns, Total: 2524291 ns
[2023-07-18T03:11:35.509+0000][1][safepoint    ] Safepoint "Cleanup", Time since last: 1001079918 ns, Reaching safepoint: 1904208 ns, At safepoint: 48875 ns, Total: 1953083 ns
[2023-07-18T03:11:36.516+0000][1][safepoint    ] Safepoint "Cleanup", Time since last: 1002556000 ns, Reaching safepoint: 3753167 ns, At safepoint: 92500 ns, Total: 3845667 ns
[2023-07-18T03:11:37.518+0000][1][safepoint    ] Safepoint "Cleanup", Time since last: 1001250084 ns, Reaching safepoint: 1413041 ns, At safepoint: 35667 ns, Total: 1448708 ns
[2023-07-18T03:11:38.523+0000][1][safepoint    ] Safepoint "Cleanup", Time since last: 1001221584 ns, Reaching safepoint: 2978042 ns, At safepoint: 80750 ns, Total: 3058792 ns
[2023-07-18T03:11:39.528+0000][1][safepoint    ] Safepoint "Cleanup", Time since last: 1002051792 ns, Reaching safepoint: 3330583 ns, At safepoint: 79417 ns, Total: 3410000 ns
[2023-07-18T03:11:40.477+0000][1][safepoint    ] Safepoint "RevokeBias", Time since last: 946623334 ns, Reaching safepoint: 2077000 ns, At safepoint: 426833 ns, Total: 2503833 ns
[2023-07-18T03:11:41.480+0000][1][safepoint    ] Safepoint "Cleanup", Time since last: 1001169791 ns, Reaching safepoint: 2974000 ns, At safepoint: 76333 ns, Total: 3050333 ns
[2023-07-18T03:11:42.484+0000][1][safepoint    ] Safepoint "Cleanup", Time since last: 1001338418 ns, Reaching safepoint: 2920208 ns, At safepoint: 83542 ns, Total: 3003750 ns
[2023-07-18T03:11:43.490+0000][1][safepoint    ] Safepoint "Cleanup", Time since last: 1002909792 ns, Reaching safepoint: 2239375 ns, At safepoint: 69166 ns, Total: 2308541 ns
[2023-07-18T03:11:44.494+0000][1][safepoint    ] Safepoint "Cleanup", Time since last: 1002405917 ns, Reaching safepoint: 1530792 ns, At safepoint: 94334 ns, Total: 1625126 ns
[2023-07-18T03:11:45.499+0000][1][safepoint    ] Safepoint "Cleanup", Time since last: 1001427583 ns, Reaching safepoint: 3739459 ns, At safepoint: 158791 ns, Total: 3898250 ns
[2023-07-18T03:11:46.504+0000][1][safepoint    ] Safepoint "Cleanup", Time since last: 1001755959 ns, Reaching safepoint: 3241833 ns, At safepoint: 85417 ns, Total: 3327250 ns
[2023-07-18T03:11:47.510+0000][1][safepoint    ] Safepoint "Cleanup", Time since last: 1002905417 ns, Reaching safepoint: 2551375 ns, At safepoint: 81250 ns, Total: 2632625 ns
[2023-07-18T03:11:48.513+0000][1][safepoint    ] Safepoint "Cleanup", Time since last: 1001127626 ns, Reaching safepoint: 2309833 ns, At safepoint: 81208 ns, Total: 2391041 ns
[2023-07-18T03:11:49.519+0000][1][safepoint    ] Safepoint "Cleanup", Time since last: 1002086876 ns, Reaching safepoint: 3625417 ns, At safepoint: 135250 ns, Total: 3760667 ns
[2023-07-18T03:11:50.522+0000][1][safepoint    ] Safepoint "Cleanup", Time since last: 1001608042 ns, Reaching safepoint: 1395333 ns, At safepoint: 21542 ns, Total: 1416875 ns
[2023-07-18T03:11:51.530+0000][1][safepoint    ] Safepoint "Cleanup", Time since last: 1004064959 ns, Reaching safepoint: 3393083 ns, At safepoint: 107833 ns, Total: 3500916 ns
[2023-07-18T03:11:52.533+0000][1][safepoint    ] Safepoint "Cleanup", Time since last: 1001426334 ns, Reaching safepoint: 2237125 ns, At safepoint: 65417 ns, Total: 2302542 ns
[2023-07-18T03:11:53.537+0000][1][safepoint    ] Safepoint "Cleanup", Time since last: 1002418167 ns, Reaching safepoint: 1177250 ns, At safepoint: 30208 ns, Total: 1207458 ns
[2023-07-18T03:11:54.538+0000][1][safepoint    ] Safepoint "Cleanup", Time since last: 1000637209 ns, Reaching safepoint: 786708 ns, At safepoint: 21167 ns, Total: 807875 ns
[2023-07-18T03:11:54.540+0000][1][safepoint    ] Safepoint "RevokeBias", Time since last: 1369583 ns, Reaching safepoint: 671375 ns, At safepoint: 131417 ns, Total: 802792 ns
[2023-07-18T03:11:54.546+0000][1][safepoint    ] Safepoint "RevokeBias", Time since last: 3567958 ns, Reaching safepoint: 1838917 ns, At safepoint: 189708 ns, Total: 2028625 ns
[2023-07-18T03:11:54.592+0000][1][safepoint    ] Safepoint "RevokeBias", Time since last: 45662292 ns, Reaching safepoint: 511625 ns, At safepoint: 100583 ns, Total: 612208 ns
[2023-07-18T03:11:54.597+0000][1][safepoint    ] Safepoint "RevokeBias", Time since last: 4046625 ns, Reaching safepoint: 1088375 ns, At safepoint: 90792 ns, Total: 1179167 ns
[2023-07-18T03:11:54.605+0000][1][safepoint    ] Safepoint "RevokeBias", Time since last: 5827625 ns, Reaching safepoint: 1512958 ns, At safepoint: 111459 ns, Total: 1624417 ns
[2023-07-18T03:11:55.610+0000][1][safepoint    ] Safepoint "Cleanup", Time since last: 1000889042 ns, Reaching safepoint: 3748583 ns, At safepoint: 112792 ns, Total: 3861375 ns
[2023-07-18T03:11:56.616+0000][1][safepoint    ] Safepoint "Cleanup", Time since last: 1001996125 ns, Reaching safepoint: 3836000 ns, At safepoint: 125334 ns, Total: 3961334 ns
[2023-07-18T03:11:57.618+0000][1][safepoint    ] Safepoint "Cleanup", Time since last: 1001705833 ns, Reaching safepoint: 740750 ns, At safepoint: 20417 ns, Total: 761167 ns
[2023-07-18T03:11:58.622+0000][1][safepoint    ] Safepoint "Cleanup", Time since last: 1001038084 ns, Reaching safepoint: 3024500 ns, At safepoint: 90500 ns, Total: 3115000 ns
[2023-07-18T03:11:59.632+0000][1][safepoint    ] Safepoint "Cleanup", Time since last: 1003210042 ns, Reaching safepoint: 6663375 ns, At safepoint: 145333 ns, Total: 6808708 ns
[2023-07-18T03:12:00.636+0000][1][safepoint    ] Safepoint "Cleanup", Time since last: 1003129334 ns, Reaching safepoint: 708042 ns, At safepoint: 19542 ns, Total: 727584 ns
[2023-07-18T03:12:01.640+0000][1][safepoint    ] Safepoint "Cleanup", Time since last: 1000938333 ns, Reaching safepoint: 3048042 ns, At safepoint: 112875 ns, Total: 3160917 ns
[2023-07-18T03:12:02.644+0000][1][safepoint    ] Safepoint "Cleanup", Time since last: 1001921042 ns, Reaching safepoint: 1436417 ns, At safepoint: 54416 ns, Total: 1490833 ns
[2023-07-18T03:12:03.649+0000][1][safepoint    ] Safepoint "Cleanup", Time since last: 1001357168 ns, Reaching safepoint: 3640916 ns, At safepoint: 132750 ns, Total: 3773666 ns
[2023-07-18T03:12:04.654+0000][1][safepoint    ] Safepoint "Cleanup", Time since last: 1002184751 ns, Reaching safepoint: 2961166 ns, At safepoint: 88209 ns, Total: 3049375 ns
[2023-07-18T03:12:05.658+0000][1][safepoint    ] Safepoint "Cleanup", Time since last: 1001462959 ns, Reaching safepoint: 2019458 ns, At safepoint: 82292 ns, Total: 2101750 ns
[2023-07-18T03:12:06.660+0000][1][safepoint    ] Safepoint "Cleanup", Time since last: 1002186458 ns, Reaching safepoint: 586042 ns, At safepoint: 19292 ns, Total: 605334 ns
[2023-07-18T03:12:07.664+0000][1][safepoint    ] Safepoint "Cleanup", Time since last: 1000599292 ns, Reaching safepoint: 2768625 ns, At safepoint: 81125 ns, Total: 2849750 ns
[2023-07-18T03:12:08.667+0000][1][safepoint    ] Safepoint "Cleanup", Time since last: 1001214792 ns, Reaching safepoint: 2315708 ns, At safepoint: 83542 ns, Total: 2399250 ns
[2023-07-18T03:12:09.670+0000][1][safepoint    ] Safepoint "Cleanup", Time since last: 1000970459 ns, Reaching safepoint: 1068542 ns, At safepoint: 33125 ns, Total: 1101667 ns
[2023-07-18T03:12:10.451+0000][1][safepoint    ] Safepoint "RevokeBias", Time since last: 779317542 ns, Reaching safepoint: 1501083 ns, At safepoint: 329375 ns, Total: 1830458 ns
[2023-07-18T03:12:11.454+0000][1][safepoint    ] Safepoint "Cleanup", Time since last: 1000587708 ns, Reaching safepoint: 2146708 ns, At safepoint: 72792 ns, Total: 2219500 ns
[2023-07-18T03:12:12.460+0000][1][safepoint    ] Safepoint "Cleanup", Time since last: 1002095667 ns, Reaching safepoint: 3760667 ns, At safepoint: 91000 ns, Total: 3851667 ns
[2023-07-18T03:12:13.465+0000][1][safepoint    ] Safepoint "Cleanup", Time since last: 1002062167 ns, Reaching safepoint: 2607375 ns, At safepoint: 81500 ns, Total: 2688875 ns
[2023-07-18T03:12:14.469+0000][1][safepoint    ] Safepoint "Cleanup", Time since last: 1001877625 ns, Reaching safepoint: 1979959 ns, At safepoint: 64375 ns, Total: 2044334 ns
[2023-07-18T03:12:15.473+0000][1][safepoint    ] Safepoint "Cleanup", Time since last: 1001541459 ns, Reaching safepoint: 2690000 ns, At safepoint: 96750 ns, Total: 2786750 ns
[2023-07-18T03:12:16.478+0000][1][safepoint    ] Safepoint "Cleanup", Time since last: 1001373750 ns, Reaching safepoint: 3283875 ns, At safepoint: 101500 ns, Total: 3385375 ns
[2023-07-18T03:12:17.481+0000][1][safepoint    ] Safepoint "Cleanup", Time since last: 1001168417 ns, Reaching safepoint: 2097459 ns, At safepoint: 78833 ns, Total: 2176292 ns
[2023-07-18T03:12:18.485+0000][1][safepoint    ] Safepoint "Cleanup", Time since last: 1001801542 ns, Reaching safepoint: 2553625 ns, At safepoint: 87625 ns, Total: 2641250 ns
[2023-07-18T03:12:19.491+0000][1][safepoint    ] Safepoint "Cleanup", Time since last: 1001204959 ns, Reaching safepoint: 3992583 ns, At safepoint: 106417 ns, Total: 4099000 ns
[2023-07-18T03:12:20.494+0000][1][safepoint    ] Safepoint "Cleanup", Time since last: 1001708417 ns, Reaching safepoint: 1411458 ns, At safepoint: 23792 ns, Total: 1435250 ns
[2023-07-18T03:12:21.497+0000][1][safepoint    ] Safepoint "Cleanup", Time since last: 1000806834 ns, Reaching safepoint: 2380042 ns, At safepoint: 66791 ns, Total: 2446833 ns
[2023-07-18T03:12:22.501+0000][1][safepoint    ] Safepoint "Cleanup", Time since last: 1000997334 ns, Reaching safepoint: 2542250 ns, At safepoint: 75875 ns, Total: 2618125 ns
[2023-07-18T03:12:23.503+0000][1][safepoint    ] Safepoint "Cleanup", Time since last: 1001381375 ns, Reaching safepoint: 1228959 ns, At safepoint: 31875 ns, Total: 1260834 ns
[2023-07-18T03:12:24.507+0000][1][safepoint    ] Safepoint "Cleanup", Time since last: 1001162209 ns, Reaching safepoint: 1897000 ns, At safepoint: 57208 ns, Total: 1954208 ns
[2023-07-18T03:12:25.511+0000][1][safepoint    ] Safepoint "Cleanup", Time since last: 1002097125 ns, Reaching safepoint: 2274250 ns, At safepoint: 170542 ns, Total: 2444792 ns
[2023-07-18T03:12:26.519+0000][1][safepoint    ] Safepoint "Cleanup", Time since last: 1004856959 ns, Reaching safepoint: 2638875 ns, At safepoint: 87125 ns, Total: 2726000 ns
[2023-07-18T03:12:27.524+0000][1][safepoint    ] Safepoint "Cleanup", Time since last: 1001964834 ns, Reaching safepoint: 3299250 ns, At safepoint: 128750 ns, Total: 3428000 ns
[2023-07-18T03:12:28.530+0000][1][safepoint    ] Safepoint "Cleanup", Time since last: 1001513042 ns, Reaching safepoint: 3824708 ns, At safepoint: 98125 ns, Total: 3922833 ns
[2023-07-18T03:12:29.534+0000][1][safepoint    ] Safepoint "Cleanup", Time since last: 1001555001 ns, Reaching safepoint: 2415916 ns, At safepoint: 64000 ns, Total: 2479916 ns
[2023-07-18T03:12:30.538+0000][1][safepoint    ] Safepoint "Cleanup", Time since last: 1002330959 ns, Reaching safepoint: 2166583 ns, At safepoint: 20000 ns, Total: 2186583 ns
[2023-07-18T03:12:31.543+0000][1][safepoint    ] Safepoint "Cleanup", Time since last: 1001070501 ns, Reaching safepoint: 3745042 ns, At safepoint: 131166 ns, Total: 3876208 ns
[2023-07-18T03:12:32.549+0000][1][safepoint    ] Safepoint "Cleanup", Time since last: 1001592876 ns, Reaching safepoint: 3803916 ns, At safepoint: 95542 ns, Total: 3899458 ns
[2023-07-18T03:12:33.555+0000][1][safepoint    ] Safepoint "Cleanup", Time since last: 1002121084 ns, Reaching safepoint: 3861375 ns, At safepoint: 111292 ns, Total: 3972667 ns
[2023-07-18T03:12:34.557+0000][1][safepoint    ] Safepoint "Cleanup", Time since last: 1001939000 ns, Reaching safepoint: 790833 ns, At safepoint: 20792 ns, Total: 811625 ns
[2023-07-18T03:12:35.515+0000][1][gc,start     ] GC(31) Pause Young (Allocation Failure)
[2023-07-18T03:12:35.517+0000][1][gc,task      ] GC(31) Using 4 workers of 4 for evacuation
[2023-07-18T03:12:35.545+0000][1][gc,age       ] GC(31) Desired survivor size 8945664 bytes, new threshold 6 (max threshold 6)
[2023-07-18T03:12:35.545+0000][1][gc,age       ] GC(31) Age table with threshold 6 (max threshold 6)
[2023-07-18T03:12:35.545+0000][1][gc,age       ] GC(31) - age   1:     116576 bytes,     116576 total
[2023-07-18T03:12:35.545+0000][1][gc,age       ] GC(31) - age   2:      11120 bytes,     127696 total
[2023-07-18T03:12:35.545+0000][1][gc,age       ] GC(31) - age   3:       2216 bytes,     129912 total
[2023-07-18T03:12:35.546+0000][1][gc,age       ] GC(31) - age   4:       5744 bytes,     135656 total
[2023-07-18T03:12:35.546+0000][1][gc,age       ] GC(31) - age   5:       6184 bytes,     141840 total
[2023-07-18T03:12:35.546+0000][1][gc,age       ] GC(31) - age   6:       2368 bytes,     144208 total
[2023-07-18T03:12:35.547+0000][1][gc,heap      ] GC(31) ParNew: 140135K->218K(157248K)
[2023-07-18T03:12:35.547+0000][1][gc,heap      ] GC(31) CMS: 68166K->68260K(349568K)
[2023-07-18T03:12:35.547+0000][1][gc,metaspace ] GC(31) Metaspace: 89423K->89423K(1130496K)
[2023-07-18T03:12:35.548+0000][1][gc           ] GC(31) Pause Young (Allocation Failure) 203M->66M(494M) 33.545ms
[2023-07-18T03:12:35.548+0000][1][gc,cpu       ] GC(31) User=0.05s Sys=0.01s Real=0.03s
[2023-07-18T03:12:35.549+0000][1][safepoint    ] Safepoint "GenCollectForAllocation", Time since last: 955846001 ns, Reaching safepoint: 965916 ns, At safepoint: 34719125 ns, Total: 35685041 ns
[2023-07-18T03:12:36.550+0000][1][safepoint    ] Safepoint "Cleanup", Time since last: 1000624709 ns, Reaching safepoint: 825708 ns, At safepoint: 21459 ns, Total: 847167 ns
[2023-07-18T03:12:37.558+0000][1][safepoint    ] Safepoint "Cleanup", Time since last: 1005340708 ns, Reaching safepoint: 2417542 ns, At safepoint: 105083 ns, Total: 2522625 ns
[2023-07-18T03:12:38.563+0000][1][safepoint    ] Safepoint "Cleanup", Time since last: 1001463876 ns, Reaching safepoint: 3039667 ns, At safepoint: 84500 ns, Total: 3124167 ns
[2023-07-18T03:12:39.568+0000][1][safepoint    ] Safepoint "Cleanup", Time since last: 1002142875 ns, Reaching safepoint: 3177333 ns, At safepoint: 93625 ns, Total: 3270958 ns
[2023-07-18T03:12:40.570+0000][1][safepoint    ] Safepoint "Cleanup", Time since last: 1001555043 ns, Reaching safepoint: 646250 ns, At safepoint: 16000 ns, Total: 662250 ns
[2023-07-18T03:12:41.575+0000][1][safepoint    ] Safepoint "Cleanup", Time since last: 1000447541 ns, Reaching safepoint: 3260834 ns, At safepoint: 139041 ns, Total: 3399875 ns
[2023-07-18T03:12:42.577+0000][1][safepoint    ] Safepoint "Cleanup", Time since last: 1001010251 ns, Reaching safepoint: 1702833 ns, At safepoint: 102667 ns, Total: 1805500 ns
[2023-07-18T03:12:43.580+0000][1][safepoint    ] Safepoint "Cleanup", Time since last: 1000980792 ns, Reaching safepoint: 1667375 ns, At safepoint: 61833 ns, Total: 1729208 ns
[2023-07-18T03:12:44.584+0000][1][safepoint    ] Safepoint "Cleanup", Time since last: 1001041543 ns, Reaching safepoint: 2664666 ns, At safepoint: 73709 ns, Total: 2738375 ns
[2023-07-18T03:12:45.586+0000][1][safepoint    ] Safepoint "Cleanup", Time since last: 1001288875 ns, Reaching safepoint: 553167 ns, At safepoint: 14208 ns, Total: 567375 ns
[2023-07-18T03:12:46.713+0000][1][safepoint    ] Safepoint "Cleanup", Time since last: 1123920751 ns, Reaching safepoint: 3121333 ns, At safepoint: 75125 ns, Total: 3196458 ns
[2023-07-18T03:12:47.718+0000][1][safepoint    ] Safepoint "Cleanup", Time since last: 1001431334 ns, Reaching safepoint: 3197750 ns, At safepoint: 124125 ns, Total: 3321875 ns
[2023-07-18T03:12:48.722+0000][1][safepoint    ] Safepoint "Cleanup", Time since last: 1001541084 ns, Reaching safepoint: 2552958 ns, At safepoint: 72125 ns, Total: 2625083 ns
[2023-07-18T03:12:49.727+0000][1][safepoint    ] Safepoint "Cleanup", Time since last: 1002124042 ns, Reaching safepoint: 3020917 ns, At safepoint: 88333 ns, Total: 3109250 ns
[2023-07-18T03:12:50.729+0000][1][safepoint    ] Safepoint "Cleanup", Time since last: 1001290834 ns, Reaching safepoint: 771333 ns, At safepoint: 16333 ns, Total: 787666 ns
[2023-07-18T03:12:51.732+0000][1][safepoint    ] Safepoint "Cleanup", Time since last: 1000595751 ns, Reaching safepoint: 2519417 ns, At safepoint: 72166 ns, Total: 2591583 ns
[2023-07-18T03:12:52.737+0000][1][safepoint    ] Safepoint "Cleanup", Time since last: 1001736501 ns, Reaching safepoint: 2601541 ns, At safepoint: 75167 ns, Total: 2676708 ns
[2023-07-18T03:12:53.741+0000][1][safepoint    ] Safepoint "Cleanup", Time since last: 1002592209 ns, Reaching safepoint: 1311375 ns, At safepoint: 35500 ns, Total: 1346875 ns
[2023-07-18T03:12:54.747+0000][1][safepoint    ] Safepoint "Cleanup", Time since last: 1003728417 ns, Reaching safepoint: 2482583 ns, At safepoint: 70875 ns, Total: 2553458 ns
[2023-07-18T03:12:55.557+0000][1][safepoint    ] Safepoint "RevokeBias", Time since last: 807950001 ns, Reaching safepoint: 853625 ns, At safepoint: 1123208 ns, Total: 1976833 ns
[2023-07-18T03:12:55.558+0000][1][safepoint    ] Safepoint "RevokeBias", Time since last: 501208 ns, Reaching safepoint: 513834 ns, At safepoint: 178208 ns, Total: 692042 ns
[2023-07-18T03:12:55.600+0000][1][safepoint    ] Safepoint "RevokeBias", Time since last: 41256708 ns, Reaching safepoint: 479709 ns, At safepoint: 179416 ns, Total: 659125 ns
[2023-07-18T03:12:56.602+0000][1][safepoint    ] Safepoint "Cleanup", Time since last: 1000531709 ns, Reaching safepoint: 978917 ns, At safepoint: 30292 ns, Total: 1009209 ns
[2023-07-18T03:12:57.604+0000][1][safepoint    ] Safepoint "Cleanup", Time since last: 1001278917 ns, Reaching safepoint: 1146958 ns, At safepoint: 25000 ns, Total: 1171958 ns
[2023-07-18T03:12:58.608+0000][1][safepoint    ] Safepoint "Cleanup", Time since last: 1000482126 ns, Reaching safepoint: 3870083 ns, At safepoint: 131833 ns, Total: 4001916 ns
[2023-07-18T03:12:59.611+0000][1][safepoint    ] Safepoint "Cleanup", Time since last: 1001174459 ns, Reaching safepoint: 978417 ns, At safepoint: 36083 ns, Total: 1014500 ns
[2023-07-18T03:13:00.612+0000][1][safepoint    ] Safepoint "Cleanup", Time since last: 1000464751 ns, Reaching safepoint: 1181458 ns, At safepoint: 25625 ns, Total: 1207083 ns
[2023-07-18T03:13:01.614+0000][1][safepoint    ] Safepoint "Cleanup", Time since last: 1000427417 ns, Reaching safepoint: 1150458 ns, At safepoint: 27792 ns, Total: 1178250 ns
[2023-07-18T03:13:02.616+0000][1][safepoint    ] Safepoint "Cleanup", Time since last: 1000635250 ns, Reaching safepoint: 1764792 ns, At safepoint: 40750 ns, Total: 1805542 ns
[2023-07-18T03:13:03.620+0000][1][safepoint    ] Safepoint "Cleanup", Time since last: 1000961876 ns, Reaching safepoint: 2219375 ns, At safepoint: 83791 ns, Total: 2303166 ns
[2023-07-18T03:13:04.623+0000][1][safepoint    ] Safepoint "Cleanup", Time since last: 1001180292 ns, Reaching safepoint: 2419959 ns, At safepoint: 140375 ns, Total: 2560334 ns
[2023-07-18T03:13:05.625+0000][1][safepoint    ] Safepoint "Cleanup", Time since last: 1000936584 ns, Reaching safepoint: 1105125 ns, At safepoint: 33041 ns, Total: 1138166 ns
[2023-07-18T03:13:06.628+0000][1][safepoint    ] Safepoint "Cleanup", Time since last: 1001013167 ns, Reaching safepoint: 1126834 ns, At safepoint: 21958 ns, Total: 1148792 ns
[2023-07-18T03:13:07.630+0000][1][safepoint    ] Safepoint "Cleanup", Time since last: 1000654917 ns, Reaching safepoint: 1535000 ns, At safepoint: 38667 ns, Total: 1573667 ns
[2023-07-18T03:13:08.635+0000][1][safepoint    ] Safepoint "Cleanup", Time since last: 1001676542 ns, Reaching safepoint: 3325958 ns, At safepoint: 89625 ns, Total: 3415583 ns
[2023-07-18T03:13:09.638+0000][1][safepoint    ] Safepoint "Cleanup", Time since last: 1001788417 ns, Reaching safepoint: 1409875 ns, At safepoint: 35875 ns, Total: 1445750 ns
[2023-07-18T03:13:10.640+0000][1][safepoint    ] Safepoint "Cleanup", Time since last: 1001194251 ns, Reaching safepoint: 691375 ns, At safepoint: 17958 ns, Total: 709333 ns
[2023-07-18T03:13:11.642+0000][1][safepoint    ] Safepoint "Cleanup", Time since last: 1000393167 ns, Reaching safepoint: 1076958 ns, At safepoint: 47958 ns, Total: 1124916 ns
[2023-07-18T03:13:12.644+0000][1][safepoint    ] Safepoint "Cleanup", Time since last: 1000771418 ns, Reaching safepoint: 1203791 ns, At safepoint: 58709 ns, Total: 1262500 ns
[2023-07-18T03:13:13.646+0000][1][safepoint    ] Safepoint "Cleanup", Time since last: 1001457083 ns, Reaching safepoint: 1073750 ns, At safepoint: 31000 ns, Total: 1104750 ns
[2023-07-18T03:13:14.648+0000][1][safepoint    ] Safepoint "Cleanup", Time since last: 1000804918 ns, Reaching safepoint: 1229916 ns, At safepoint: 35292 ns, Total: 1265208 ns
[2023-07-18T03:13:15.650+0000][1][safepoint    ] Safepoint "Cleanup", Time since last: 1000798709 ns, Reaching safepoint: 828958 ns, At safepoint: 20042 ns, Total: 849000 ns
[2023-07-18T03:13:16.654+0000][1][safepoint    ] Safepoint "Cleanup", Time since last: 1001589875 ns, Reaching safepoint: 2557000 ns, At safepoint: 87084 ns, Total: 2644084 ns
[2023-07-18T03:13:17.657+0000][1][safepoint    ] Safepoint "Cleanup", Time since last: 1001314125 ns, Reaching safepoint: 1543125 ns, At safepoint: 55625 ns, Total: 1598750 ns
[2023-07-18T03:13:18.662+0000][1][safepoint    ] Safepoint "Cleanup", Time since last: 1001440042 ns, Reaching safepoint: 3099792 ns, At safepoint: 63500 ns, Total: 3163292 ns
[2023-07-18T03:13:19.667+0000][1][safepoint    ] Safepoint "Cleanup", Time since last: 1001326584 ns, Reaching safepoint: 3413000 ns, At safepoint: 88291 ns, Total: 3501291 ns
[2023-07-18T03:13:20.463+0000][1][safepoint    ] Safepoint "RevokeBias", Time since last: 794343876 ns, Reaching safepoint: 1770000 ns, At safepoint: 602666 ns, Total: 2372666 ns
[2023-07-18T03:13:21.470+0000][1][safepoint    ] Safepoint "Cleanup", Time since last: 1003494792 ns, Reaching safepoint: 3272875 ns, At safepoint: 82959 ns, Total: 3355834 ns
[2023-07-18T03:13:22.473+0000][1][safepoint    ] Safepoint "Cleanup", Time since last: 1001671250 ns, Reaching safepoint: 1471709 ns, At safepoint: 34166 ns, Total: 1505875 ns
[2023-07-18T03:13:23.478+0000][1][safepoint    ] Safepoint "Cleanup", Time since last: 1001298042 ns, Reaching safepoint: 2741042 ns, At safepoint: 93542 ns, Total: 2834584 ns
[2023-07-18T03:13:24.483+0000][1][safepoint    ] Safepoint "Cleanup", Time since last: 1001424292 ns, Reaching safepoint: 4079292 ns, At safepoint: 125333 ns, Total: 4204625 ns
[2023-07-18T03:13:25.487+0000][1][safepoint    ] Safepoint "Cleanup", Time since last: 1001482417 ns, Reaching safepoint: 2217583 ns, At safepoint: 41084 ns, Total: 2258667 ns
[2023-07-18T03:13:26.491+0000][1][safepoint    ] Safepoint "Cleanup", Time since last: 1002251834 ns, Reaching safepoint: 1797458 ns, At safepoint: 76667 ns, Total: 1874125 ns
[2023-07-18T03:13:27.496+0000][1][safepoint    ] Safepoint "Cleanup", Time since last: 1001072792 ns, Reaching safepoint: 3243833 ns, At safepoint: 93417 ns, Total: 3337250 ns
[2023-07-18T03:13:28.501+0000][1][safepoint    ] Safepoint "Cleanup", Time since last: 1002626000 ns, Reaching safepoint: 2338125 ns, At safepoint: 68334 ns, Total: 2406459 ns
[2023-07-18T03:13:29.506+0000][1][safepoint    ] Safepoint "Cleanup", Time since last: 1001396000 ns, Reaching safepoint: 3501917 ns, At safepoint: 104791 ns, Total: 3606708 ns
[2023-07-18T03:13:30.510+0000][1][safepoint    ] Safepoint "Cleanup", Time since last: 1002687751 ns, Reaching safepoint: 1545291 ns, At safepoint: 21917 ns, Total: 1567208 ns
[2023-07-18T03:13:31.513+0000][1][safepoint    ] Safepoint "Cleanup", Time since last: 1000755251 ns, Reaching safepoint: 2611625 ns, At safepoint: 78416 ns, Total: 2690041 ns
[2023-07-18T03:13:32.519+0000][1][safepoint    ] Safepoint "Cleanup", Time since last: 1001784042 ns, Reaching safepoint: 3698167 ns, At safepoint: 133042 ns, Total: 3831209 ns
[2023-07-18T03:13:33.522+0000][1][safepoint    ] Safepoint "Cleanup", Time since last: 1001604042 ns, Reaching safepoint: 1202833 ns, At safepoint: 39709 ns, Total: 1242542 ns
[2023-07-18T03:13:34.526+0000][1][safepoint    ] Safepoint "Cleanup", Time since last: 1001009833 ns, Reaching safepoint: 2729459 ns, At safepoint: 91791 ns, Total: 2821250 ns
[2023-07-18T03:13:35.531+0000][1][safepoint    ] Safepoint "Cleanup", Time since last: 1002904543 ns, Reaching safepoint: 2625250 ns, At safepoint: 74583 ns, Total: 2699833 ns
[2023-07-18T03:13:36.536+0000][1][safepoint    ] Safepoint "Cleanup", Time since last: 1001413792 ns, Reaching safepoint: 3321792 ns, At safepoint: 103375 ns, Total: 3425167 ns
[2023-07-18T03:13:37.542+0000][1][safepoint    ] Safepoint "Cleanup", Time since last: 1002909792 ns, Reaching safepoint: 3190958 ns, At safepoint: 88708 ns, Total: 3279666 ns
[2023-07-18T03:13:38.548+0000][1][safepoint    ] Safepoint "Cleanup", Time since last: 1002400293 ns, Reaching safepoint: 3650416 ns, At safepoint: 103750 ns, Total: 3754166 ns
[2023-07-18T03:13:39.558+0000][1][safepoint    ] Safepoint "Cleanup", Time since last: 1005770042 ns, Reaching safepoint: 3379292 ns, At safepoint: 81750 ns, Total: 3461042 ns
[2023-07-18T03:13:40.501+0000][1][safepoint    ] Safepoint "RevokeBias", Time since last: 941992709 ns, Reaching safepoint: 1383667 ns, At safepoint: 235333 ns, Total: 1619000 ns
[2023-07-18T03:13:41.506+0000][1][safepoint    ] Safepoint "Cleanup", Time since last: 1000782999 ns, Reaching safepoint: 3476042 ns, At safepoint: 97583 ns, Total: 3573625 ns
[2023-07-18T03:13:42.512+0000][1][safepoint    ] Safepoint "Cleanup", Time since last: 1003178001 ns, Reaching safepoint: 2680750 ns, At safepoint: 100458 ns, Total: 2781208 ns
[2023-07-18T03:13:43.517+0000][1][safepoint    ] Safepoint "Cleanup", Time since last: 1002028709 ns, Reaching safepoint: 2606583 ns, At safepoint: 76875 ns, Total: 2683458 ns
[2023-07-18T03:13:44.523+0000][1][safepoint    ] Safepoint "Cleanup", Time since last: 1002736459 ns, Reaching safepoint: 3618042 ns, At safepoint: 101542 ns, Total: 3719584 ns
[2023-07-18T03:13:45.527+0000][1][safepoint    ] Safepoint "Cleanup", Time since last: 1002392875 ns, Reaching safepoint: 1134000 ns, At safepoint: 30500 ns, Total: 1164500 ns
[2023-07-18T03:13:46.531+0000][1][safepoint    ] Safepoint "Cleanup", Time since last: 1000729750 ns, Reaching safepoint: 2919042 ns, At safepoint: 163958 ns, Total: 3083000 ns
[2023-07-18T03:13:47.537+0000][1][safepoint    ] Safepoint "Cleanup", Time since last: 1002024459 ns, Reaching safepoint: 4112750 ns, At safepoint: 101042 ns, Total: 4213792 ns
[2023-07-18T03:13:48.544+0000][1][safepoint    ] Safepoint "Cleanup", Time since last: 1004746917 ns, Reaching safepoint: 2423458 ns, At safepoint: 93875 ns, Total: 2517333 ns
[2023-07-18T03:13:49.549+0000][1][safepoint    ] Safepoint "Cleanup", Time since last: 1001417668 ns, Reaching safepoint: 3717041 ns, At safepoint: 100292 ns, Total: 3817333 ns
[2023-07-18T03:13:50.553+0000][1][safepoint    ] Safepoint "Cleanup", Time since last: 1001903959 ns, Reaching safepoint: 1678416 ns, At safepoint: 28125 ns, Total: 1706541 ns
[2023-07-18T03:13:51.557+0000][1][safepoint    ] Safepoint "Cleanup", Time since last: 1000649584 ns, Reaching safepoint: 3766667 ns, At safepoint: 135667 ns, Total: 3902334 ns
[2023-07-18T03:13:52.561+0000][1][safepoint    ] Safepoint "Cleanup", Time since last: 1002334333 ns, Reaching safepoint: 1325334 ns, At safepoint: 44000 ns, Total: 1369334 ns
[2023-07-18T03:13:53.566+0000][1][safepoint    ] Safepoint "Cleanup", Time since last: 1000729542 ns, Reaching safepoint: 4139000 ns, At safepoint: 123500 ns, Total: 4262500 ns
[2023-07-18T03:13:54.572+0000][1][safepoint    ] Safepoint "Cleanup", Time since last: 1002334959 ns, Reaching safepoint: 3497333 ns, At safepoint: 96292 ns, Total: 3593625 ns
[2023-07-18T03:13:55.576+0000][1][safepoint    ] Safepoint "Cleanup", Time since last: 1001420375 ns, Reaching safepoint: 2267375 ns, At safepoint: 85875 ns, Total: 2353250 ns
[2023-07-18T03:13:56.574+0000][1][safepoint    ] Safepoint "RevokeBias", Time since last: 996966542 ns, Reaching safepoint: 1097959 ns, At safepoint: 166458 ns, Total: 1264417 ns
[2023-07-18T03:13:56.577+0000][1][safepoint    ] Safepoint "RevokeBias", Time since last: 2511625 ns, Reaching safepoint: 815667 ns, At safepoint: 86375 ns, Total: 902042 ns
[2023-07-18T03:13:56.582+0000][1][safepoint    ] Safepoint "RevokeBias", Time since last: 3991333 ns, Reaching safepoint: 1004667 ns, At safepoint: 82375 ns, Total: 1087042 ns
[2023-07-18T03:13:56.611+0000][1][safepoint    ] Safepoint "RevokeBias", Time since last: 27886375 ns, Reaching safepoint: 952625 ns, At safepoint: 149708 ns, Total: 1102333 ns
[2023-07-18T03:13:56.615+0000][1][safepoint    ] Safepoint "RevokeBias", Time since last: 2803292 ns, Reaching safepoint: 1001791 ns, At safepoint: 122084 ns, Total: 1123875 ns
[2023-07-18T03:13:57.620+0000][1][safepoint    ] Safepoint "Cleanup", Time since last: 1000576750 ns, Reaching safepoint: 3438500 ns, At safepoint: 94125 ns, Total: 3532625 ns
[2023-07-18T03:13:58.625+0000][1][safepoint    ] Safepoint "Cleanup", Time since last: 1001924376 ns, Reaching safepoint: 3282375 ns, At safepoint: 231125 ns, Total: 3513500 ns
[2023-07-18T03:13:59.632+0000][1][safepoint    ] Safepoint "Cleanup", Time since last: 1004815375 ns, Reaching safepoint: 2334042 ns, At safepoint: 84208 ns, Total: 2418250 ns
[2023-07-18T03:14:00.634+0000][1][safepoint    ] Safepoint "Cleanup", Time since last: 1000815334 ns, Reaching safepoint: 702583 ns, At safepoint: 20375 ns, Total: 722958 ns
[2023-07-18T03:14:01.637+0000][1][safepoint    ] Safepoint "Cleanup", Time since last: 1000625042 ns, Reaching safepoint: 2702084 ns, At safepoint: 76208 ns, Total: 2778292 ns
[2023-07-18T03:14:02.642+0000][1][safepoint    ] Safepoint "Cleanup", Time since last: 1001422500 ns, Reaching safepoint: 3398459 ns, At safepoint: 340500 ns, Total: 3738959 ns
[2023-07-18T03:14:03.645+0000][1][safepoint    ] Safepoint "Cleanup", Time since last: 1001260417 ns, Reaching safepoint: 992375 ns, At safepoint: 35042 ns, Total: 1027417 ns
[2023-07-18T03:14:04.654+0000][1][safepoint    ] Safepoint "Cleanup", Time since last: 1003230208 ns, Reaching safepoint: 5772750 ns, At safepoint: 85292 ns, Total: 5858042 ns
[2023-07-18T03:14:05.659+0000][1][safepoint    ] Safepoint "Cleanup", Time since last: 1001226709 ns, Reaching safepoint: 4023708 ns, At safepoint: 145209 ns, Total: 4168917 ns
[2023-07-18T03:14:06.667+0000][1][safepoint    ] Safepoint "Cleanup", Time since last: 1005093958 ns, Reaching safepoint: 2396917 ns, At safepoint: 81250 ns, Total: 2478167 ns
[2023-07-18T03:14:07.671+0000][1][safepoint    ] Safepoint "Cleanup", Time since last: 1001478501 ns, Reaching safepoint: 2894625 ns, At safepoint: 75291 ns, Total: 2969916 ns
[2023-07-18T03:14:08.676+0000][1][safepoint    ] Safepoint "Cleanup", Time since last: 1001400084 ns, Reaching safepoint: 3558000 ns, At safepoint: 135833 ns, Total: 3693833 ns
[2023-07-18T03:14:09.681+0000][1][safepoint    ] Safepoint "Cleanup", Time since last: 1001497543 ns, Reaching safepoint: 3128458 ns, At safepoint: 104833 ns, Total: 3233291 ns
[2023-07-18T03:14:10.684+0000][1][safepoint    ] Safepoint "Cleanup", Time since last: 1002343167 ns, Reaching safepoint: 611792 ns, At safepoint: 15667 ns, Total: 627459 ns
[2023-07-18T03:14:11.685+0000][1][safepoint    ] Safepoint "Cleanup", Time since last: 1000588791 ns, Reaching safepoint: 597709 ns, At safepoint: 15458 ns, Total: 613167 ns
[2023-07-18T03:14:12.689+0000][1][safepoint    ] Safepoint "Cleanup", Time since last: 1000792667 ns, Reaching safepoint: 2357834 ns, At safepoint: 83583 ns, Total: 2441417 ns
[2023-07-18T03:14:13.692+0000][1][safepoint    ] Safepoint "Cleanup", Time since last: 1001818917 ns, Reaching safepoint: 1577125 ns, At safepoint: 120083 ns, Total: 1697208 ns
[2023-07-18T03:14:14.696+0000][1][safepoint    ] Safepoint "Cleanup", Time since last: 1002194959 ns, Reaching safepoint: 1627500 ns, At safepoint: 29792 ns, Total: 1657292 ns
[2023-07-18T03:14:15.699+0000][1][safepoint    ] Safepoint "Cleanup", Time since last: 1000730250 ns, Reaching safepoint: 2013084 ns, At safepoint: 62250 ns, Total: 2075334 ns
[2023-07-18T03:14:16.702+0000][1][safepoint    ] Safepoint "Cleanup", Time since last: 1001569250 ns, Reaching safepoint: 1785917 ns, At safepoint: 54958 ns, Total: 1840875 ns
[2023-07-18T03:14:17.705+0000][1][safepoint    ] Safepoint "Cleanup", Time since last: 1001378876 ns, Reaching safepoint: 1669583 ns, At safepoint: 86667 ns, Total: 1756250 ns
[2023-07-18T03:14:18.710+0000][1][safepoint    ] Safepoint "Cleanup", Time since last: 1001040709 ns, Reaching safepoint: 3360333 ns, At safepoint: 441750 ns, Total: 3802083 ns
[2023-07-18T03:14:19.718+0000][1][safepoint    ] Safepoint "Cleanup", Time since last: 1004487834 ns, Reaching safepoint: 3330958 ns, At safepoint: 86667 ns, Total: 3417625 ns
[2023-07-18T03:14:20.508+0000][1][safepoint    ] Safepoint "RevokeBias", Time since last: 786918292 ns, Reaching safepoint: 1963458 ns, At safepoint: 480958 ns, Total: 2444416 ns
[2023-07-18T03:14:21.512+0000][1][safepoint    ] Safepoint "Cleanup", Time since last: 1000947543 ns, Reaching safepoint: 3671166 ns, At safepoint: 118875 ns, Total: 3790041 ns
[2023-07-18T03:14:22.517+0000][1][safepoint    ] Safepoint "Cleanup", Time since last: 1002004126 ns, Reaching safepoint: 2619750 ns, At safepoint: 75541 ns, Total: 2695291 ns
[2023-07-18T03:14:23.521+0000][1][safepoint    ] Safepoint "Cleanup", Time since last: 1001378251 ns, Reaching safepoint: 2943500 ns, At safepoint: 76833 ns, Total: 3020333 ns
[2023-07-18T03:14:24.529+0000][1][safepoint    ] Safepoint "Cleanup", Time since last: 1002085792 ns, Reaching safepoint: 5642667 ns, At safepoint: 100833 ns, Total: 5743500 ns
[2023-07-18T03:14:25.533+0000][1][safepoint    ] Safepoint "Cleanup", Time since last: 1001822917 ns, Reaching safepoint: 2030709 ns, At safepoint: 71583 ns, Total: 2102292 ns
[2023-07-18T03:14:26.550+0000][1][safepoint    ] Safepoint "Cleanup", Time since last: 1001717126 ns, Reaching safepoint: 14309166 ns, At safepoint: 1222667 ns, Total: 15531833 ns
[2023-07-18T03:14:26.752+0000][1][safepoint    ] Safepoint "RevokeBias", Time since last: 200679625 ns, Reaching safepoint: 546958 ns, At safepoint: 110500 ns, Total: 657458 ns
[2023-07-18T03:14:27.068+0000][1][safepoint    ] Safepoint "Deoptimize", Time since last: 312121042 ns, Reaching safepoint: 899375 ns, At safepoint: 3318125 ns, Total: 4217500 ns
[2023-07-18T03:14:27.090+0000][1][safepoint    ] Safepoint "RevokeBias", Time since last: 21107209 ns, Reaching safepoint: 522291 ns, At safepoint: 64625 ns, Total: 586916 ns
[2023-07-18T03:14:27.092+0000][1][safepoint    ] Safepoint "RevokeBias", Time since last: 2277917 ns, Reaching safepoint: 296000 ns, At safepoint: 50708 ns, Total: 346708 ns
[2023-07-18T03:14:27.348+0000][1][safepoint    ] Safepoint "RevokeBias", Time since last: 254233792 ns, Reaching safepoint: 1250125 ns, At safepoint: 70042 ns, Total: 1320167 ns
[2023-07-18T03:14:27.349+0000][1][safepoint    ] Safepoint "RevokeBias", Time since last: 553125 ns, Reaching safepoint: 378500 ns, At safepoint: 43208 ns, Total: 421708 ns
[2023-07-18T03:14:27.400+0000][1][safepoint    ] Safepoint "RevokeBias", Time since last: 49894750 ns, Reaching safepoint: 714292 ns, At safepoint: 92416 ns, Total: 806708 ns
[2023-07-18T03:14:27.439+0000][1][safepoint    ] Safepoint "RevokeBias", Time since last: 38982542 ns, Reaching safepoint: 730917 ns, At safepoint: 81833 ns, Total: 812750 ns
[2023-07-18T03:14:27.528+0000][1][safepoint    ] Safepoint "RevokeBias", Time since last: 87797958 ns, Reaching safepoint: 1118792 ns, At safepoint: 79583 ns, Total: 1198375 ns
[2023-07-18T03:14:27.654+0000][1][gc,start     ] GC(32) Pause Young (Allocation Failure)
[2023-07-18T03:14:27.660+0000][1][gc,task      ] GC(32) Using 4 workers of 4 for evacuation
[2023-07-18T03:14:27.687+0000][1][gc,age       ] GC(32) Desired survivor size 8945664 bytes, new threshold 6 (max threshold 6)
[2023-07-18T03:14:27.687+0000][1][gc,age       ] GC(32) Age table with threshold 6 (max threshold 6)
[2023-07-18T03:14:27.687+0000][1][gc,age       ] GC(32) - age   1:     348504 bytes,     348504 total
[2023-07-18T03:14:27.687+0000][1][gc,age       ] GC(32) - age   2:       2904 bytes,     351408 total
[2023-07-18T03:14:27.688+0000][1][gc,age       ] GC(32) - age   3:      10976 bytes,     362384 total
[2023-07-18T03:14:27.688+0000][1][gc,age       ] GC(32) - age   4:       2216 bytes,     364600 total
[2023-07-18T03:14:27.688+0000][1][gc,age       ] GC(32) - age   5:       5744 bytes,     370344 total
[2023-07-18T03:14:27.688+0000][1][gc,age       ] GC(32) - age   6:       5544 bytes,     375888 total
[2023-07-18T03:14:27.689+0000][1][gc,heap      ] GC(32) ParNew: 139994K->407K(157248K)
[2023-07-18T03:14:27.689+0000][1][gc,heap      ] GC(32) CMS: 68260K->68262K(349568K)
[2023-07-18T03:14:27.690+0000][1][gc,metaspace ] GC(32) Metaspace: 89646K->89646K(1132544K)
[2023-07-18T03:14:27.690+0000][1][gc           ] GC(32) Pause Young (Allocation Failure) 203M->67M(494M) 37.109ms
[2023-07-18T03:14:27.691+0000][1][gc,cpu       ] GC(32) User=0.06s Sys=0.01s Real=0.03s
[2023-07-18T03:14:27.692+0000][1][safepoint    ] Safepoint "GenCollectForAllocation", Time since last: 116776417 ns, Reaching safepoint: 7335917 ns, At safepoint: 38972583 ns, Total: 46308500 ns
[2023-07-18T03:14:28.696+0000][1][safepoint    ] Safepoint "Cleanup", Time since last: 1001391834 ns, Reaching safepoint: 3430333 ns, At safepoint: 85959 ns, Total: 3516292 ns
[2023-07-18T03:14:28.780+0000][1][safepoint    ] Safepoint "RevokeBias", Time since last: 81021708 ns, Reaching safepoint: 1695958 ns, At safepoint: 796334 ns, Total: 2492292 ns
[2023-07-18T03:14:28.782+0000][1][safepoint    ] Safepoint "RevokeBias", Time since last: 1038250 ns, Reaching safepoint: 536125 ns, At safepoint: 75666 ns, Total: 611791 ns
[2023-07-18T03:14:28.997+0000][1][safepoint    ] Safepoint "RevokeBias", Time since last: 214622167 ns, Reaching safepoint: 1183458 ns, At safepoint: 28500 ns, Total: 1211958 ns
[2023-07-18T03:14:28.999+0000][1][safepoint    ] Safepoint "RevokeBias", Time since last: 1678542 ns, Reaching safepoint: 401917 ns, At safepoint: 19250 ns, Total: 421167 ns
[2023-07-18T03:14:30.002+0000][1][safepoint    ] Safepoint "Cleanup", Time since last: 1000657917 ns, Reaching safepoint: 1406125 ns, At safepoint: 20000 ns, Total: 1426125 ns
[2023-07-18T03:14:31.003+0000][1][safepoint    ] Safepoint "Cleanup", Time since last: 1000412334 ns, Reaching safepoint: 767583 ns, At safepoint: 16167 ns, Total: 783750 ns
[2023-07-18T03:14:32.005+0000][1][safepoint    ] Safepoint "Cleanup", Time since last: 1000841875 ns, Reaching safepoint: 942625 ns, At safepoint: 25917 ns, Total: 968542 ns
[2023-07-18T03:14:33.009+0000][1][safepoint    ] Safepoint "Cleanup", Time since last: 1000552334 ns, Reaching safepoint: 3839541 ns, At safepoint: 108959 ns, Total: 3948500 ns
[2023-07-18T03:14:34.013+0000][1][safepoint    ] Safepoint "Cleanup", Time since last: 1001945083 ns, Reaching safepoint: 1476584 ns, At safepoint: 61166 ns, Total: 1537750 ns
[2023-07-18T03:14:35.017+0000][1][safepoint    ] Safepoint "Cleanup", Time since last: 1001173459 ns, Reaching safepoint: 2804084 ns, At safepoint: 80166 ns, Total: 2884250 ns
[2023-07-18T03:14:36.021+0000][1][safepoint    ] Safepoint "Cleanup", Time since last: 1003542126 ns, Reaching safepoint: 778000 ns, At safepoint: 21416 ns, Total: 799416 ns
[2023-07-18T03:14:37.023+0000][1][safepoint    ] Safepoint "Cleanup", Time since last: 1000522543 ns, Reaching safepoint: 1072583 ns, At safepoint: 34625 ns, Total: 1107208 ns
[2023-07-18T03:14:38.027+0000][1][safepoint    ] Safepoint "Cleanup", Time since last: 1001630334 ns, Reaching safepoint: 2905166 ns, At safepoint: 97250 ns, Total: 3002416 ns
[2023-07-18T03:14:39.030+0000][1][safepoint    ] Safepoint "Cleanup", Time since last: 1001370084 ns, Reaching safepoint: 1731250 ns, At safepoint: 50250 ns, Total: 1781500 ns
[2023-07-18T03:14:40.034+0000][1][safepoint    ] Safepoint "Cleanup", Time since last: 1001105376 ns, Reaching safepoint: 2261833 ns, At safepoint: 60250 ns, Total: 2322083 ns
[2023-07-18T03:14:41.037+0000][1][safepoint    ] Safepoint "Cleanup", Time since last: 1001338958 ns, Reaching safepoint: 1398250 ns, At safepoint: 74875 ns, Total: 1473125 ns
[2023-07-18T03:14:42.039+0000][1][safepoint    ] Safepoint "Cleanup", Time since last: 1000769959 ns, Reaching safepoint: 1154375 ns, At safepoint: 26125 ns, Total: 1180500 ns
[2023-07-18T03:14:43.044+0000][1][safepoint    ] Safepoint "Cleanup", Time since last: 1000591042 ns, Reaching safepoint: 4296292 ns, At safepoint: 102833 ns, Total: 4399125 ns
[2023-07-18T03:14:44.050+0000][1][safepoint    ] Safepoint "Cleanup", Time since last: 1003076459 ns, Reaching safepoint: 2862375 ns, At safepoint: 92875 ns, Total: 2955250 ns
[2023-07-18T03:14:45.057+0000][1][safepoint    ] Safepoint "Cleanup", Time since last: 1002050459 ns, Reaching safepoint: 4303625 ns, At safepoint: 430166 ns, Total: 4733791 ns
[2023-07-18T03:14:46.060+0000][1][safepoint    ] Safepoint "Cleanup", Time since last: 1001462626 ns, Reaching safepoint: 1278625 ns, At safepoint: 40500 ns, Total: 1319125 ns
[2023-07-18T03:14:47.062+0000][1][safepoint    ] Safepoint "Cleanup", Time since last: 1000953667 ns, Reaching safepoint: 1537833 ns, At safepoint: 49917 ns, Total: 1587750 ns
[2023-07-18T03:14:48.065+0000][1][safepoint    ] Safepoint "Cleanup", Time since last: 1001801001 ns, Reaching safepoint: 1223583 ns, At safepoint: 30125 ns, Total: 1253708 ns
[2023-07-18T03:14:49.068+0000][1][safepoint    ] Safepoint "Cleanup", Time since last: 1000771542 ns, Reaching safepoint: 2468417 ns, At safepoint: 71791 ns, Total: 2540208 ns
[2023-07-18T03:14:50.073+0000][1][safepoint    ] Safepoint "Cleanup", Time since last: 1001781751 ns, Reaching safepoint: 2543958 ns, At safepoint: 72083 ns, Total: 2616041 ns
[2023-07-18T03:14:50.523+0000][1][safepoint    ] Safepoint "RevokeBias", Time since last: 448487751 ns, Reaching safepoint: 1838041 ns, At safepoint: 382167 ns, Total: 2220208 ns
[2023-07-18T03:14:51.525+0000][1][safepoint    ] Safepoint "Cleanup", Time since last: 1000456417 ns, Reaching safepoint: 669959 ns, At safepoint: 16458 ns, Total: 686417 ns
[2023-07-18T03:14:52.529+0000][1][safepoint    ] Safepoint "Cleanup", Time since last: 1000607875 ns, Reaching safepoint: 3639750 ns, At safepoint: 94792 ns, Total: 3734542 ns
[2023-07-18T03:14:53.535+0000][1][safepoint    ] Safepoint "Cleanup", Time since last: 1001637167 ns, Reaching safepoint: 4077500 ns, At safepoint: 107583 ns, Total: 4185083 ns
[2023-07-18T03:14:54.541+0000][1][safepoint    ] Safepoint "Cleanup", Time since last: 1002891501 ns, Reaching safepoint: 3283458 ns, At safepoint: 145750 ns, Total: 3429208 ns
[2023-07-18T03:14:55.547+0000][1][safepoint    ] Safepoint "Cleanup", Time since last: 1003349501 ns, Reaching safepoint: 2823125 ns, At safepoint: 89416 ns, Total: 2912541 ns
[2023-07-18T03:14:56.553+0000][1][safepoint    ] Safepoint "Cleanup", Time since last: 1001677918 ns, Reaching safepoint: 4038375 ns, At safepoint: 99416 ns, Total: 4137791 ns
[2023-07-18T03:14:56.717+0000][1][safepoint    ] Safepoint "RevokeBias", Time since last: 162478667 ns, Reaching safepoint: 755667 ns, At safepoint: 75375 ns, Total: 831042 ns
[2023-07-18T03:14:56.719+0000][1][safepoint    ] Safepoint "RevokeBias", Time since last: 1226166 ns, Reaching safepoint: 727500 ns, At safepoint: 97625 ns, Total: 825125 ns
[2023-07-18T03:14:56.722+0000][1][safepoint    ] Safepoint "RevokeBias", Time since last: 2276334 ns, Reaching safepoint: 473541 ns, At safepoint: 322084 ns, Total: 795625 ns
[2023-07-18T03:14:56.750+0000][1][safepoint    ] Safepoint "BulkRevokeBias", Time since last: 24589791 ns, Reaching safepoint: 1207250 ns, At safepoint: 2774834 ns, Total: 3982084 ns
[2023-07-18T03:14:56.755+0000][1][safepoint    ] Safepoint "RevokeBias", Time since last: 4401416 ns, Reaching safepoint: 727375 ns, At safepoint: 73334 ns, Total: 800709 ns
[2023-07-18T03:14:57.760+0000][1][safepoint    ] Safepoint "Cleanup", Time since last: 1000815917 ns, Reaching safepoint: 3265500 ns, At safepoint: 94916 ns, Total: 3360416 ns
[2023-07-18T03:14:58.768+0000][1][safepoint    ] Safepoint "Cleanup", Time since last: 1004288043 ns, Reaching safepoint: 3478083 ns, At safepoint: 137042 ns, Total: 3615125 ns
[2023-07-18T03:14:59.772+0000][1][safepoint    ] Safepoint "Cleanup", Time since last: 1002656542 ns, Reaching safepoint: 2095541 ns, At safepoint: 49125 ns, Total: 2144666 ns
[2023-07-18T03:15:00.774+0000][1][safepoint    ] Safepoint "Cleanup", Time since last: 1001369459 ns, Reaching safepoint: 696042 ns, At safepoint: 20833 ns, Total: 716875 ns
[2023-07-18T03:15:01.778+0000][1][safepoint    ] Safepoint "Cleanup", Time since last: 1000754959 ns, Reaching safepoint: 2603875 ns, At safepoint: 72417 ns, Total: 2676292 ns
[2023-07-18T03:15:02.782+0000][1][safepoint    ] Safepoint "Cleanup", Time since last: 1002295459 ns, Reaching safepoint: 1994166 ns, At safepoint: 48959 ns, Total: 2043125 ns
[2023-07-18T03:15:03.786+0000][1][safepoint    ] Safepoint "Cleanup", Time since last: 1000954000 ns, Reaching safepoint: 2743333 ns, At safepoint: 86209 ns, Total: 2829542 ns
[2023-07-18T03:15:04.790+0000][1][safepoint    ] Safepoint "Cleanup", Time since last: 1001722125 ns, Reaching safepoint: 2604167 ns, At safepoint: 84625 ns, Total: 2688792 ns
[2023-07-18T03:15:05.793+0000][1][safepoint    ] Safepoint "Cleanup", Time since last: 1001131209 ns, Reaching safepoint: 1472000 ns, At safepoint: 40875 ns, Total: 1512875 ns
[2023-07-18T03:15:06.797+0000][1][safepoint    ] Safepoint "Cleanup", Time since last: 1000934583 ns, Reaching safepoint: 3327459 ns, At safepoint: 88458 ns, Total: 3415917 ns
[2023-07-18T03:15:07.802+0000][1][safepoint    ] Safepoint "Cleanup", Time since last: 1003784709 ns, Reaching safepoint: 1253708 ns, At safepoint: 23125 ns, Total: 1276833 ns
[2023-07-18T03:15:08.806+0000][1][safepoint    ] Safepoint "Cleanup", Time since last: 1001200209 ns, Reaching safepoint: 2366667 ns, At safepoint: 75958 ns, Total: 2442625 ns
[2023-07-18T03:15:09.809+0000][1][safepoint    ] Safepoint "Cleanup", Time since last: 1000881251 ns, Reaching safepoint: 2267541 ns, At safepoint: 81417 ns, Total: 2348958 ns
[2023-07-18T03:15:10.505+0000][1][safepoint    ] Safepoint "RevokeBias", Time since last: 693368792 ns, Reaching safepoint: 1833542 ns, At safepoint: 431916 ns, Total: 2265458 ns
[2023-07-18T03:15:11.510+0000][1][safepoint    ] Safepoint "Cleanup", Time since last: 1000712417 ns, Reaching safepoint: 1259583 ns, At safepoint: 37083 ns, Total: 1296666 ns
[2023-07-18T03:15:12.514+0000][1][safepoint    ] Safepoint "Cleanup", Time since last: 1002805459 ns, Reaching safepoint: 1381667 ns, At safepoint: 38667 ns, Total: 1420334 ns
[2023-07-18T03:15:13.518+0000][1][safepoint    ] Safepoint "Cleanup", Time since last: 1001642000 ns, Reaching safepoint: 2442208 ns, At safepoint: 63500 ns, Total: 2505708 ns
[2023-07-18T03:15:14.522+0000][1][safepoint    ] Safepoint "Cleanup", Time since last: 1001512959 ns, Reaching safepoint: 1907667 ns, At safepoint: 45042 ns, Total: 1952709 ns
[2023-07-18T03:15:15.527+0000][1][safepoint    ] Safepoint "Cleanup", Time since last: 1000831667 ns, Reaching safepoint: 4006583 ns, At safepoint: 94167 ns, Total: 4100750 ns
[2023-07-18T03:15:16.530+0000][1][safepoint    ] Safepoint "Cleanup", Time since last: 1002208458 ns, Reaching safepoint: 1287750 ns, At safepoint: 42542 ns, Total: 1330292 ns
[2023-07-18T03:15:17.532+0000][1][safepoint    ] Safepoint "Cleanup", Time since last: 1000802209 ns, Reaching safepoint: 1259667 ns, At safepoint: 33958 ns, Total: 1293625 ns
[2023-07-18T03:15:18.534+0000][1][safepoint    ] Safepoint "Cleanup", Time since last: 1000718750 ns, Reaching safepoint: 1425625 ns, At safepoint: 35334 ns, Total: 1460959 ns
[2023-07-18T03:15:19.537+0000][1][safepoint    ] Safepoint "Cleanup", Time since last: 1001059417 ns, Reaching safepoint: 1720042 ns, At safepoint: 42708 ns, Total: 1762750 ns
[2023-07-18T03:15:20.539+0000][1][safepoint    ] Safepoint "Cleanup", Time since last: 1001129834 ns, Reaching safepoint: 604208 ns, At safepoint: 16375 ns, Total: 620583 ns
[2023-07-18T03:15:21.542+0000][1][safepoint    ] Safepoint "Cleanup", Time since last: 1002340584 ns, Reaching safepoint: 780875 ns, At safepoint: 18000 ns, Total: 798875 ns
[2023-07-18T03:15:22.545+0000][1][safepoint    ] Safepoint "Cleanup", Time since last: 1000826125 ns, Reaching safepoint: 1696042 ns, At safepoint: 38292 ns, Total: 1734334 ns
[2023-07-18T03:15:23.551+0000][1][safepoint    ] Safepoint "Cleanup", Time since last: 1002568500 ns, Reaching safepoint: 4110833 ns, At safepoint: 115709 ns, Total: 4226542 ns
[2023-07-18T03:15:24.556+0000][1][safepoint    ] Safepoint "Cleanup", Time since last: 1001519334 ns, Reaching safepoint: 3175666 ns, At safepoint: 95417 ns, Total: 3271083 ns
[2023-07-18T03:15:25.561+0000][1][safepoint    ] Safepoint "Cleanup", Time since last: 1002142459 ns, Reaching safepoint: 2262250 ns, At safepoint: 81208 ns, Total: 2343458 ns
[2023-07-18T03:15:26.564+0000][1][safepoint    ] Safepoint "Cleanup", Time since last: 1001125167 ns, Reaching safepoint: 2440209 ns, At safepoint: 86333 ns, Total: 2526542 ns
[2023-07-18T03:15:27.571+0000][1][safepoint    ] Safepoint "Cleanup", Time since last: 1003734750 ns, Reaching safepoint: 2671042 ns, At safepoint: 133042 ns, Total: 2804084 ns
[2023-07-18T03:15:28.577+0000][1][safepoint    ] Safepoint "Cleanup", Time since last: 1001327167 ns, Reaching safepoint: 3783875 ns, At safepoint: 471167 ns, Total: 4255042 ns
[2023-07-18T03:15:29.582+0000][1][safepoint    ] Safepoint "Cleanup", Time since last: 1004099792 ns, Reaching safepoint: 1727500 ns, At safepoint: 50291 ns, Total: 1777791 ns
[2023-07-18T03:15:30.584+0000][1][safepoint    ] Safepoint "Cleanup", Time since last: 1000679251 ns, Reaching safepoint: 688583 ns, At safepoint: 16875 ns, Total: 705458 ns
[2023-07-18T03:15:31.585+0000][1][safepoint    ] Safepoint "Cleanup", Time since last: 1001184417 ns, Reaching safepoint: 552959 ns, At safepoint: 19375 ns, Total: 572334 ns
[2023-07-18T03:15:32.588+0000][1][safepoint    ] Safepoint "Cleanup", Time since last: 1000437833 ns, Reaching safepoint: 1682167 ns, At safepoint: 68417 ns, Total: 1750584 ns
[2023-07-18T03:15:33.591+0000][1][safepoint    ] Safepoint "Cleanup", Time since last: 1000761917 ns, Reaching safepoint: 2809250 ns, At safepoint: 70250 ns, Total: 2879500 ns
[2023-07-18T03:15:34.601+0000][1][safepoint    ] Safepoint "Cleanup", Time since last: 1008579042 ns, Reaching safepoint: 1430083 ns, At safepoint: 44250 ns, Total: 1474333 ns
[2023-07-18T03:15:35.604+0000][1][safepoint    ] Safepoint "Cleanup", Time since last: 1001524501 ns, Reaching safepoint: 1160375 ns, At safepoint: 29458 ns, Total: 1189833 ns
[2023-07-18T03:15:36.608+0000][1][safepoint    ] Safepoint "Cleanup", Time since last: 1001029417 ns, Reaching safepoint: 2612209 ns, At safepoint: 95583 ns, Total: 2707792 ns
[2023-07-18T03:15:37.612+0000][1][safepoint    ] Safepoint "Cleanup", Time since last: 1001695501 ns, Reaching safepoint: 2514000 ns, At safepoint: 68500 ns, Total: 2582500 ns
[2023-07-18T03:15:38.617+0000][1][safepoint    ] Safepoint "Cleanup", Time since last: 1001295708 ns, Reaching safepoint: 3238625 ns, At safepoint: 97042 ns, Total: 3335667 ns
[2023-07-18T03:15:39.622+0000][1][safepoint    ] Safepoint "Cleanup", Time since last: 1001972125 ns, Reaching safepoint: 2807417 ns, At safepoint: 79167 ns, Total: 2886584 ns
[2023-07-18T03:15:40.528+0000][1][safepoint    ] Safepoint "RevokeBias", Time since last: 903809542 ns, Reaching safepoint: 2164208 ns, At safepoint: 377542 ns, Total: 2541750 ns
[2023-07-18T03:15:41.530+0000][1][safepoint    ] Safepoint "Cleanup", Time since last: 1001688916 ns, Reaching safepoint: 3033875 ns, At safepoint: 100958 ns, Total: 3134833 ns
[2023-07-18T03:15:42.534+0000][1][safepoint    ] Safepoint "Cleanup", Time since last: 1001292418 ns, Reaching safepoint: 1993791 ns, At safepoint: 47459 ns, Total: 2041250 ns
[2023-07-18T03:15:43.536+0000][1][safepoint    ] Safepoint "Cleanup", Time since last: 1001418833 ns, Reaching safepoint: 591125 ns, At safepoint: 19417 ns, Total: 610542 ns
[2023-07-18T03:15:44.537+0000][1][safepoint    ] Safepoint "Cleanup", Time since last: 1001001292 ns, Reaching safepoint: 732209 ns, At safepoint: 16708 ns, Total: 748917 ns
[2023-07-18T03:15:45.543+0000][1][safepoint    ] Safepoint "Cleanup", Time since last: 1002393334 ns, Reaching safepoint: 2942708 ns, At safepoint: 102333 ns, Total: 3045041 ns
[2023-07-18T03:15:46.548+0000][1][safepoint    ] Safepoint "Cleanup", Time since last: 1002047792 ns, Reaching safepoint: 2758459 ns, At safepoint: 88250 ns, Total: 2846709 ns
[2023-07-18T03:15:47.552+0000][1][safepoint    ] Safepoint "Cleanup", Time since last: 1001464750 ns, Reaching safepoint: 2328125 ns, At safepoint: 72167 ns, Total: 2400292 ns
[2023-07-18T03:15:48.556+0000][1][safepoint    ] Safepoint "Cleanup", Time since last: 1001433417 ns, Reaching safepoint: 2627208 ns, At safepoint: 72459 ns, Total: 2699667 ns
[2023-07-18T03:15:49.562+0000][1][safepoint    ] Safepoint "Cleanup", Time since last: 1002264375 ns, Reaching safepoint: 3748542 ns, At safepoint: 104583 ns, Total: 3853125 ns
[2023-07-18T03:15:50.567+0000][1][safepoint    ] Safepoint "Cleanup", Time since last: 1004039667 ns, Reaching safepoint: 1377917 ns, At safepoint: 20083 ns, Total: 1398000 ns
[2023-07-18T03:15:51.572+0000][1][safepoint    ] Safepoint "Cleanup", Time since last: 1000546751 ns, Reaching safepoint: 3977833 ns, At safepoint: 105917 ns, Total: 4083750 ns
[2023-07-18T03:15:52.575+0000][1][safepoint    ] Safepoint "Cleanup", Time since last: 1001578417 ns, Reaching safepoint: 1516792 ns, At safepoint: 44875 ns, Total: 1561667 ns
[2023-07-18T03:15:53.581+0000][1][safepoint    ] Safepoint "Cleanup", Time since last: 1002153333 ns, Reaching safepoint: 3228042 ns, At safepoint: 117167 ns, Total: 3345209 ns
[2023-07-18T03:15:54.584+0000][1][safepoint    ] Safepoint "Cleanup", Time since last: 1001851834 ns, Reaching safepoint: 1376666 ns, At safepoint: 36084 ns, Total: 1412750 ns
[2023-07-18T03:15:55.587+0000][1][safepoint    ] Safepoint "Cleanup", Time since last: 1000770792 ns, Reaching safepoint: 2177125 ns, At safepoint: 70708 ns, Total: 2247833 ns
[2023-07-18T03:15:56.590+0000][1][safepoint    ] Safepoint "Cleanup", Time since last: 1001244626 ns, Reaching safepoint: 1842083 ns, At safepoint: 65125 ns, Total: 1907208 ns
[2023-07-18T03:15:56.870+0000][1][safepoint    ] Safepoint "RevokeBias", Time since last: 278521708 ns, Reaching safepoint: 994375 ns, At safepoint: 106959 ns, Total: 1101334 ns
[2023-07-18T03:15:56.874+0000][1][safepoint    ] Safepoint "RevokeBias", Time since last: 2758750 ns, Reaching safepoint: 1216958 ns, At safepoint: 115958 ns, Total: 1332916 ns
[2023-07-18T03:15:56.879+0000][1][safepoint    ] Safepoint "RevokeBias", Time since last: 4320084 ns, Reaching safepoint: 1009208 ns, At safepoint: 99833 ns, Total: 1109041 ns
[2023-07-18T03:15:56.885+0000][1][safepoint    ] Safepoint "RevokeBias", Time since last: 5164459 ns, Reaching safepoint: 1057750 ns, At safepoint: 93083 ns, Total: 1150833 ns
[2023-07-18T03:15:56.891+0000][1][safepoint    ] Safepoint "RevokeBias", Time since last: 4617583 ns, Reaching safepoint: 1081500 ns, At safepoint: 78750 ns, Total: 1160250 ns
[2023-07-18T03:15:57.892+0000][1][safepoint    ] Safepoint "Cleanup", Time since last: 1000468876 ns, Reaching safepoint: 730375 ns, At safepoint: 17625 ns, Total: 748000 ns
[2023-07-18T03:15:58.897+0000][1][safepoint    ] Safepoint "Cleanup", Time since last: 1001508334 ns, Reaching safepoint: 2762708 ns, At safepoint: 80417 ns, Total: 2843125 ns
[2023-07-18T03:15:59.904+0000][1][safepoint    ] Safepoint "Cleanup", Time since last: 1004059042 ns, Reaching safepoint: 2705833 ns, At safepoint: 88750 ns, Total: 2794583 ns
[2023-07-18T03:16:00.553+0000][1][safepoint    ] Safepoint "RevokeBias", Time since last: 647134875 ns, Reaching safepoint: 1504417 ns, At safepoint: 334583 ns, Total: 1839000 ns
[2023-07-18T03:16:01.557+0000][1][safepoint    ] Safepoint "Cleanup", Time since last: 1000626959 ns, Reaching safepoint: 3467334 ns, At safepoint: 94666 ns, Total: 3562000 ns
[2023-07-18T03:16:02.559+0000][1][safepoint    ] Safepoint "Cleanup", Time since last: 1001616209 ns, Reaching safepoint: 1051458 ns, At safepoint: 26667 ns, Total: 1078125 ns
[2023-07-18T03:16:03.565+0000][1][safepoint    ] Safepoint "Cleanup", Time since last: 1002121292 ns, Reaching safepoint: 3581000 ns, At safepoint: 111084 ns, Total: 3692084 ns
[2023-07-18T03:16:04.572+0000][1][safepoint    ] Safepoint "Cleanup", Time since last: 1003164542 ns, Reaching safepoint: 3230166 ns, At safepoint: 100167 ns, Total: 3330333 ns
[2023-07-18T03:16:05.578+0000][1][safepoint    ] Safepoint "Cleanup", Time since last: 1003021626 ns, Reaching safepoint: 3439416 ns, At safepoint: 145625 ns, Total: 3585041 ns
[2023-07-18T03:16:06.583+0000][1][safepoint    ] Safepoint "Cleanup", Time since last: 1002279209 ns, Reaching safepoint: 2545458 ns, At safepoint: 65417 ns, Total: 2610875 ns
[2023-07-18T03:16:07.588+0000][1][safepoint    ] Safepoint "Cleanup", Time since last: 1001158792 ns, Reaching safepoint: 3119417 ns, At safepoint: 114375 ns, Total: 3233792 ns
[2023-07-18T03:16:08.591+0000][1][safepoint    ] Safepoint "Cleanup", Time since last: 1001954000 ns, Reaching safepoint: 1083667 ns, At safepoint: 25667 ns, Total: 1109334 ns
[2023-07-18T03:16:09.595+0000][1][safepoint    ] Safepoint "Cleanup", Time since last: 1000924792 ns, Reaching safepoint: 2629500 ns, At safepoint: 133583 ns, Total: 2763083 ns
[2023-07-18T03:16:09.633+0000][1][safepoint    ] Safepoint "RevokeBias", Time since last: 37440083 ns, Reaching safepoint: 627500 ns, At safepoint: 97250 ns, Total: 724750 ns
[2023-07-18T03:16:10.634+0000][1][safepoint    ] Safepoint "Cleanup", Time since last: 1000439626 ns, Reaching safepoint: 808500 ns, At safepoint: 18667 ns, Total: 827167 ns
[2023-07-18T03:16:11.639+0000][1][safepoint    ] Safepoint "Cleanup", Time since last: 1001028374 ns, Reaching safepoint: 3368250 ns, At safepoint: 189083 ns, Total: 3557333 ns
[2023-07-18T03:16:12.642+0000][1][safepoint    ] Safepoint "Cleanup", Time since last: 1001616001 ns, Reaching safepoint: 970250 ns, At safepoint: 23833 ns, Total: 994083 ns
[2023-07-18T03:16:13.647+0000][1][safepoint    ] Safepoint "Cleanup", Time since last: 1000928834 ns, Reaching safepoint: 3812250 ns, At safepoint: 117083 ns, Total: 3929333 ns
[2023-07-18T03:16:14.652+0000][1][safepoint    ] Safepoint "Cleanup", Time since last: 1001952459 ns, Reaching safepoint: 3348250 ns, At safepoint: 97834 ns, Total: 3446084 ns
[2023-07-18T03:16:15.658+0000][1][safepoint    ] Safepoint "Cleanup", Time since last: 1001537958 ns, Reaching safepoint: 3859875 ns, At safepoint: 89917 ns, Total: 3949792 ns
[2023-07-18T03:16:16.663+0000][1][safepoint    ] Safepoint "Cleanup", Time since last: 1002191667 ns, Reaching safepoint: 2692500 ns, At safepoint: 82250 ns, Total: 2774750 ns
[2023-07-18T03:16:17.491+0000][1][gc,start     ] GC(33) Pause Young (Allocation Failure)
[2023-07-18T03:16:17.492+0000][1][gc,task      ] GC(33) Using 4 workers of 4 for evacuation
[2023-07-18T03:16:17.512+0000][1][gc,age       ] GC(33) Desired survivor size 8945664 bytes, new threshold 6 (max threshold 6)
[2023-07-18T03:16:17.512+0000][1][gc,age       ] GC(33) Age table with threshold 6 (max threshold 6)
[2023-07-18T03:16:17.512+0000][1][gc,age       ] GC(33) - age   1:     364928 bytes,     364928 total
[2023-07-18T03:16:17.513+0000][1][gc,age       ] GC(33) - age   2:     128200 bytes,     493128 total
[2023-07-18T03:16:17.513+0000][1][gc,age       ] GC(33) - age   3:       2784 bytes,     495912 total
[2023-07-18T03:16:17.513+0000][1][gc,age       ] GC(33) - age   4:      10976 bytes,     506888 total
[2023-07-18T03:16:17.513+0000][1][gc,age       ] GC(33) - age   5:       2216 bytes,     509104 total
[2023-07-18T03:16:17.513+0000][1][gc,age       ] GC(33) - age   6:       5744 bytes,     514848 total
[2023-07-18T03:16:17.514+0000][1][gc,heap      ] GC(33) ParNew: 140183K->579K(157248K)
[2023-07-18T03:16:17.514+0000][1][gc,heap      ] GC(33) CMS: 68262K->68268K(349568K)
[2023-07-18T03:16:17.514+0000][1][gc,metaspace ] GC(33) Metaspace: 90542K->90542K(1132544K)
[2023-07-18T03:16:17.514+0000][1][gc           ] GC(33) Pause Young (Allocation Failure) 203M->67M(494M) 23.796ms
[2023-07-18T03:16:17.515+0000][1][gc,cpu       ] GC(33) User=0.05s Sys=0.00s Real=0.03s
[2023-07-18T03:16:17.515+0000][1][safepoint    ] Safepoint "GenCollectForAllocation", Time since last: 826657626 ns, Reaching safepoint: 1443916 ns, At safepoint: 24410084 ns, Total: 25854000 ns
[2023-07-18T03:16:18.519+0000][1][safepoint    ] Safepoint "Cleanup", Time since last: 1001712000 ns, Reaching safepoint: 2263000 ns, At safepoint: 78917 ns, Total: 2341917 ns
[2023-07-18T03:16:19.524+0000][1][safepoint    ] Safepoint "Cleanup", Time since last: 1001122792 ns, Reaching safepoint: 4014833 ns, At safepoint: 120834 ns, Total: 4135667 ns
[2023-07-18T03:16:20.527+0000][1][safepoint    ] Safepoint "Cleanup", Time since last: 1001492958 ns, Reaching safepoint: 1297834 ns, At safepoint: 25208 ns, Total: 1323042 ns
[2023-07-18T03:16:20.533+0000][1][safepoint    ] Safepoint "BulkRevokeBias", Time since last: 1670458 ns, Reaching safepoint: 1248459 ns, At safepoint: 2736708 ns, Total: 3985167 ns
[2023-07-18T03:16:21.211+0000][1][safepoint    ] Safepoint "RevokeBias", Time since last: 677077375 ns, Reaching safepoint: 858917 ns, At safepoint: 113667 ns, Total: 972584 ns
[2023-07-18T03:16:22.213+0000][1][safepoint    ] Safepoint "Cleanup", Time since last: 1000748667 ns, Reaching safepoint: 1556833 ns, At safepoint: 44625 ns, Total: 1601458 ns
[2023-07-18T03:16:23.218+0000][1][safepoint    ] Safepoint "Cleanup", Time since last: 1002743167 ns, Reaching safepoint: 2092375 ns, At safepoint: 80709 ns, Total: 2173084 ns
[2023-07-18T03:16:24.221+0000][1][safepoint    ] Safepoint "Cleanup", Time since last: 1001181917 ns, Reaching safepoint: 1526958 ns, At safepoint: 50250 ns, Total: 1577208 ns
[2023-07-18T03:16:25.228+0000][1][safepoint    ] Safepoint "Cleanup", Time since last: 1002331126 ns, Reaching safepoint: 4821250 ns, At safepoint: 160291 ns, Total: 4981541 ns
[2023-07-18T03:16:26.234+0000][1][safepoint    ] Safepoint "Cleanup", Time since last: 1002201501 ns, Reaching safepoint: 3031291 ns, At safepoint: 110667 ns, Total: 3141958 ns
[2023-07-18T03:16:27.236+0000][1][safepoint    ] Safepoint "Cleanup", Time since last: 1000856917 ns, Reaching safepoint: 1656459 ns, At safepoint: 89000 ns, Total: 1745459 ns
[2023-07-18T03:16:28.241+0000][1][safepoint    ] Safepoint "Cleanup", Time since last: 1001486625 ns, Reaching safepoint: 3299958 ns, At safepoint: 86417 ns, Total: 3386375 ns
[2023-07-18T03:16:29.245+0000][1][safepoint    ] Safepoint "Cleanup", Time since last: 1001377417 ns, Reaching safepoint: 2479334 ns, At safepoint: 367958 ns, Total: 2847292 ns
[2023-07-18T03:16:30.250+0000][1][safepoint    ] Safepoint "Cleanup", Time since last: 1001228292 ns, Reaching safepoint: 3712958 ns, At safepoint: 88500 ns, Total: 3801458 ns
[2023-07-18T03:16:31.259+0000][1][safepoint    ] Safepoint "Cleanup", Time since last: 1003564376 ns, Reaching safepoint: 4552083 ns, At safepoint: 122542 ns, Total: 4674625 ns
[2023-07-18T03:16:32.264+0000][1][safepoint    ] Safepoint "Cleanup", Time since last: 1001959459 ns, Reaching safepoint: 3450000 ns, At safepoint: 116458 ns, Total: 3566458 ns
[2023-07-18T03:16:33.268+0000][1][safepoint    ] Safepoint "Cleanup", Time since last: 1002683375 ns, Reaching safepoint: 1113959 ns, At safepoint: 23750 ns, Total: 1137709 ns
[2023-07-18T03:16:34.273+0000][1][safepoint    ] Safepoint "Cleanup", Time since last: 1000829292 ns, Reaching safepoint: 3808042 ns, At safepoint: 105250 ns, Total: 3913292 ns
[2023-07-18T03:16:35.281+0000][1][safepoint    ] Safepoint "Cleanup", Time since last: 1004950250 ns, Reaching safepoint: 2969958 ns, At safepoint: 75750 ns, Total: 3045708 ns
[2023-07-18T03:16:36.286+0000][1][safepoint    ] Safepoint "Cleanup", Time since last: 1001552084 ns, Reaching safepoint: 3255084 ns, At safepoint: 176833 ns, Total: 3431917 ns
[2023-07-18T03:16:37.291+0000][1][safepoint    ] Safepoint "Cleanup", Time since last: 1001611959 ns, Reaching safepoint: 3667333 ns, At safepoint: 102375 ns, Total: 3769708 ns
[2023-07-18T03:16:38.296+0000][1][safepoint    ] Safepoint "Cleanup", Time since last: 1001468250 ns, Reaching safepoint: 3129917 ns, At safepoint: 110500 ns, Total: 3240417 ns
[2023-07-18T03:16:39.298+0000][1][safepoint    ] Safepoint "Cleanup", Time since last: 1001483209 ns, Reaching safepoint: 999250 ns, At safepoint: 27625 ns, Total: 1026875 ns
[2023-07-18T03:16:40.301+0000][1][safepoint    ] Safepoint "Cleanup", Time since last: 1000684959 ns, Reaching safepoint: 1945291 ns, At safepoint: 49084 ns, Total: 1994375 ns
[2023-07-18T03:16:41.305+0000][1][safepoint    ] Safepoint "Cleanup", Time since last: 1001511083 ns, Reaching safepoint: 2174833 ns, At safepoint: 51375 ns, Total: 2226208 ns
[2023-07-18T03:16:42.309+0000][1][safepoint    ] Safepoint "Cleanup", Time since last: 1001054042 ns, Reaching safepoint: 2804083 ns, At safepoint: 93375 ns, Total: 2897458 ns
[2023-07-18T03:16:43.313+0000][1][safepoint    ] Safepoint "Cleanup", Time since last: 1001407001 ns, Reaching safepoint: 3046625 ns, At safepoint: 159917 ns, Total: 3206542 ns
[2023-07-18T03:16:44.318+0000][1][safepoint    ] Safepoint "Cleanup", Time since last: 1001403042 ns, Reaching safepoint: 2697041 ns, At safepoint: 84959 ns, Total: 2782000 ns
[2023-07-18T03:16:45.323+0000][1][safepoint    ] Safepoint "Cleanup", Time since last: 1002328542 ns, Reaching safepoint: 2947750 ns, At safepoint: 79875 ns, Total: 3027625 ns
[2023-07-18T03:16:46.330+0000][1][safepoint    ] Safepoint "Cleanup", Time since last: 1001374875 ns, Reaching safepoint: 4971042 ns, At safepoint: 179833 ns, Total: 5150875 ns
[2023-07-18T03:16:47.335+0000][1][safepoint    ] Safepoint "Cleanup", Time since last: 1001539418 ns, Reaching safepoint: 3478958 ns, At safepoint: 174000 ns, Total: 3652958 ns
[2023-07-18T03:16:47.958+0000][1][safepoint    ] Safepoint "RevokeBias", Time since last: 621726625 ns, Reaching safepoint: 1050000 ns, At safepoint: 122833 ns, Total: 1172833 ns
[2023-07-18T03:16:47.992+0000][1][safepoint    ] Safepoint "RevokeBias", Time since last: 34184834 ns, Reaching safepoint: 468208 ns, At safepoint: 83458 ns, Total: 551666 ns
[2023-07-18T03:16:47.998+0000][1][safepoint    ] Safepoint "RevokeBias", Time since last: 4699417 ns, Reaching safepoint: 548083 ns, At safepoint: 76250 ns, Total: 624333 ns
[2023-07-18T03:16:48.163+0000][1][safepoint    ] Safepoint "RevokeBias", Time since last: 163594167 ns, Reaching safepoint: 1296625 ns, At safepoint: 104042 ns, Total: 1400667 ns
[2023-07-18T03:16:48.173+0000][1][safepoint    ] Safepoint "RevokeBias", Time since last: 9615958 ns, Reaching safepoint: 370125 ns, At safepoint: 78750 ns, Total: 448875 ns
[2023-07-18T03:16:48.173+0000][1][safepoint    ] Safepoint "RevokeBias", Time since last: 446500 ns, Reaching safepoint: 250709 ns, At safepoint: 64500 ns, Total: 315209 ns
[2023-07-18T03:16:48.174+0000][1][safepoint    ] Safepoint "RevokeBias", Time since last: 293250 ns, Reaching safepoint: 234041 ns, At safepoint: 61542 ns, Total: 295583 ns
[2023-07-18T03:16:48.175+0000][1][safepoint    ] Safepoint "RevokeBias", Time since last: 315750 ns, Reaching safepoint: 243792 ns, At safepoint: 61791 ns, Total: 305583 ns
[2023-07-18T03:16:48.175+0000][1][safepoint    ] Safepoint "RevokeBias", Time since last: 305667 ns, Reaching safepoint: 236708 ns, At safepoint: 59875 ns, Total: 296583 ns
[2023-07-18T03:16:48.176+0000][1][safepoint    ] Safepoint "RevokeBias", Time since last: 327250 ns, Reaching safepoint: 233292 ns, At safepoint: 57500 ns, Total: 290792 ns
[2023-07-18T03:16:48.176+0000][1][safepoint    ] Safepoint "RevokeBias", Time since last: 265458 ns, Reaching safepoint: 244750 ns, At safepoint: 56750 ns, Total: 301500 ns
[2023-07-18T03:16:48.177+0000][1][safepoint    ] Safepoint "RevokeBias", Time since last: 279834 ns, Reaching safepoint: 244083 ns, At safepoint: 57875 ns, Total: 301958 ns
[2023-07-18T03:16:48.178+0000][1][safepoint    ] Safepoint "RevokeBias", Time since last: 279417 ns, Reaching safepoint: 255750 ns, At safepoint: 66333 ns, Total: 322083 ns
[2023-07-18T03:16:48.178+0000][1][safepoint    ] Safepoint "RevokeBias", Time since last: 343750 ns, Reaching safepoint: 247625 ns, At safepoint: 61917 ns, Total: 309542 ns
[2023-07-18T03:16:48.179+0000][1][safepoint    ] Safepoint "RevokeBias", Time since last: 268458 ns, Reaching safepoint: 242958 ns, At safepoint: 60709 ns, Total: 303667 ns
[2023-07-18T03:16:48.179+0000][1][safepoint    ] Safepoint "RevokeBias", Time since last: 278708 ns, Reaching safepoint: 253333 ns, At safepoint: 58417 ns, Total: 311750 ns
[2023-07-18T03:16:48.180+0000][1][safepoint    ] Safepoint "RevokeBias", Time since last: 290833 ns, Reaching safepoint: 243625 ns, At safepoint: 57917 ns, Total: 301542 ns
[2023-07-18T03:16:48.181+0000][1][safepoint    ] Safepoint "RevokeBias", Time since last: 443875 ns, Reaching safepoint: 234500 ns, At safepoint: 59083 ns, Total: 293583 ns
[2023-07-18T03:16:48.181+0000][1][safepoint    ] Safepoint "RevokeBias", Time since last: 269834 ns, Reaching safepoint: 233583 ns, At safepoint: 69208 ns, Total: 302791 ns
[2023-07-18T03:16:48.182+0000][1][safepoint    ] Safepoint "RevokeBias", Time since last: 420625 ns, Reaching safepoint: 233625 ns, At safepoint: 60709 ns, Total: 294334 ns
[2023-07-18T03:16:48.183+0000][1][safepoint    ] Safepoint "RevokeBias", Time since last: 287083 ns, Reaching safepoint: 231750 ns, At safepoint: 56542 ns, Total: 288292 ns
[2023-07-18T03:16:48.183+0000][1][safepoint    ] Safepoint "RevokeBias", Time since last: 270208 ns, Reaching safepoint: 233417 ns, At safepoint: 57583 ns, Total: 291000 ns
[2023-07-18T03:16:48.184+0000][1][safepoint    ] Safepoint "RevokeBias", Time since last: 277167 ns, Reaching safepoint: 232625 ns, At safepoint: 56583 ns, Total: 289208 ns
[2023-07-18T03:16:48.186+0000][1][safepoint    ] Safepoint "BulkRevokeBias", Time since last: 277667 ns, Reaching safepoint: 232291 ns, At safepoint: 1340209 ns, Total: 1572500 ns
[2023-07-18T03:16:49.209+0000][1][safepoint    ] Safepoint "Cleanup", Time since last: 1008044542 ns, Reaching safepoint: 14101458 ns, At safepoint: 303958 ns, Total: 14405416 ns
[2023-07-18T03:16:49.230+0000][1][safepoint    ] Safepoint "RevokeBias", Time since last: 18919459 ns, Reaching safepoint: 1842041 ns, At safepoint: 1075375 ns, Total: 2917416 ns
[2023-07-18T03:16:49.304+0000][1][safepoint    ] Safepoint "RevokeBias", Time since last: 72030250 ns, Reaching safepoint: 2356000 ns, At safepoint: 82000 ns, Total: 2438000 ns
[2023-07-18T03:16:49.359+0000][1][safepoint    ] Safepoint "RevokeBias", Time since last: 53052709 ns, Reaching safepoint: 1351000 ns, At safepoint: 103083 ns, Total: 1454083 ns
[2023-07-18T03:16:49.375+0000][1][safepoint    ] Safepoint "RevokeBias", Time since last: 14892250 ns, Reaching safepoint: 895333 ns, At safepoint: 91625 ns, Total: 986958 ns
[2023-07-18T03:16:49.571+0000][1][safepoint    ] Safepoint "RevokeBias", Time since last: 195405251 ns, Reaching safepoint: 988250 ns, At safepoint: 167750 ns, Total: 1156000 ns
[2023-07-18T03:16:49.592+0000][1][safepoint    ] Safepoint "RevokeBias", Time since last: 20476500 ns, Reaching safepoint: 446458 ns, At safepoint: 129208 ns, Total: 575666 ns
[2023-07-18T03:16:50.245+0000][1][safepoint    ] Safepoint "RevokeBias", Time since last: 650858834 ns, Reaching safepoint: 1290917 ns, At safepoint: 120041 ns, Total: 1410958 ns
[2023-07-18T03:16:50.246+0000][1][safepoint    ] Safepoint "RevokeBias", Time since last: 658417 ns, Reaching safepoint: 512750 ns, At safepoint: 78833 ns, Total: 591583 ns
[2023-07-18T03:16:51.251+0000][1][safepoint    ] Safepoint "Cleanup", Time since last: 1002345292 ns, Reaching safepoint: 2656625 ns, At safepoint: 45209 ns, Total: 2701834 ns
[2023-07-18T03:16:52.261+0000][1][safepoint    ] Safepoint "Cleanup", Time since last: 1000810209 ns, Reaching safepoint: 9004750 ns, At safepoint: 50583 ns, Total: 9055333 ns
[2023-07-18T03:16:52.657+0000][1][safepoint    ] Safepoint "RevokeBias", Time since last: 394772500 ns, Reaching safepoint: 1026125 ns, At safepoint: 100167 ns, Total: 1126292 ns
[2023-07-18T03:16:53.660+0000][1][safepoint    ] Safepoint "Cleanup", Time since last: 1000714750 ns, Reaching safepoint: 2642667 ns, At safepoint: 83500 ns, Total: 2726167 ns
[2023-07-18T03:16:54.663+0000][1][safepoint    ] Safepoint "Cleanup", Time since last: 1000954334 ns, Reaching safepoint: 1904958 ns, At safepoint: 50500 ns, Total: 1955458 ns
[2023-07-18T03:16:55.666+0000][1][safepoint    ] Safepoint "Cleanup", Time since last: 1001132000 ns, Reaching safepoint: 1478792 ns, At safepoint: 33458 ns, Total: 1512250 ns
[2023-07-18T03:16:56.667+0000][1][safepoint    ] Safepoint "Cleanup", Time since last: 1000565626 ns, Reaching safepoint: 1131708 ns, At safepoint: 28542 ns, Total: 1160250 ns
[2023-07-18T03:16:57.670+0000][1][safepoint    ] Safepoint "Cleanup", Time since last: 1001186042 ns, Reaching safepoint: 1607500 ns, At safepoint: 39625 ns, Total: 1647125 ns
[2023-07-18T03:16:58.672+0000][1][safepoint    ] Safepoint "Cleanup", Time since last: 1000677292 ns, Reaching safepoint: 922000 ns, At safepoint: 22875 ns, Total: 944875 ns
[2023-07-18T03:16:59.676+0000][1][safepoint    ] Safepoint "Cleanup", Time since last: 1001276626 ns, Reaching safepoint: 3102083 ns, At safepoint: 140708 ns, Total: 3242791 ns
[2023-07-18T03:17:00.506+0000][1][safepoint    ] Safepoint "RevokeBias", Time since last: 826732792 ns, Reaching safepoint: 2856417 ns, At safepoint: 117042 ns, Total: 2973459 ns
[2023-07-18T03:17:01.508+0000][1][safepoint    ] Safepoint "Cleanup", Time since last: 1000681209 ns, Reaching safepoint: 1292000 ns, At safepoint: 36083 ns, Total: 1328083 ns
[2023-07-18T03:17:02.510+0000][1][safepoint    ] Safepoint "Cleanup", Time since last: 1000719125 ns, Reaching safepoint: 1196667 ns, At safepoint: 29208 ns, Total: 1225875 ns
[2023-07-18T03:17:03.512+0000][1][safepoint    ] Safepoint "Cleanup", Time since last: 1000689709 ns, Reaching safepoint: 1541209 ns, At safepoint: 65333 ns, Total: 1606542 ns
[2023-07-18T03:17:04.515+0000][1][safepoint    ] Safepoint "Cleanup", Time since last: 1001060542 ns, Reaching safepoint: 1355625 ns, At safepoint: 50750 ns, Total: 1406375 ns
[2023-07-18T03:17:05.517+0000][1][safepoint    ] Safepoint "Cleanup", Time since last: 1000923959 ns, Reaching safepoint: 1494333 ns, At safepoint: 54709 ns, Total: 1549042 ns
[2023-07-18T03:17:06.521+0000][1][safepoint    ] Safepoint "Cleanup", Time since last: 1001531625 ns, Reaching safepoint: 2235000 ns, At safepoint: 106000 ns, Total: 2341000 ns
[2023-07-18T03:17:07.524+0000][1][safepoint    ] Safepoint "Cleanup", Time since last: 1001125667 ns, Reaching safepoint: 1619250 ns, At safepoint: 57958 ns, Total: 1677208 ns
[2023-07-18T03:17:08.531+0000][1][safepoint    ] Safepoint "Cleanup", Time since last: 1001237918 ns, Reaching safepoint: 6044125 ns, At safepoint: 152583 ns, Total: 6196708 ns
[2023-07-18T03:17:09.429+0000][1][safepoint    ] Safepoint "RevokeBias", Time since last: 896021875 ns, Reaching safepoint: 1153959 ns, At safepoint: 176208 ns, Total: 1330167 ns
[2023-07-18T03:17:09.440+0000][1][safepoint    ] Safepoint "RevokeBias", Time since last: 9959292 ns, Reaching safepoint: 1081125 ns, At safepoint: 107375 ns, Total: 1188500 ns
[2023-07-18T03:17:09.488+0000][1][safepoint    ] Safepoint "RevokeBias", Time since last: 47756458 ns, Reaching safepoint: 619208 ns, At safepoint: 161750 ns, Total: 780958 ns
[2023-07-18T03:17:09.490+0000][1][safepoint    ] Safepoint "RevokeBias", Time since last: 914375 ns, Reaching safepoint: 636292 ns, At safepoint: 53625 ns, Total: 689917 ns
[2023-07-18T03:17:09.494+0000][1][safepoint    ] Safepoint "RevokeBias", Time since last: 2035958 ns, Reaching safepoint: 1628792 ns, At safepoint: 108042 ns, Total: 1736834 ns
[2023-07-18T03:17:10.496+0000][1][safepoint    ] Safepoint "Cleanup", Time since last: 1000911625 ns, Reaching safepoint: 1578334 ns, At safepoint: 52958 ns, Total: 1631292 ns
[2023-07-18T03:17:11.503+0000][1][safepoint    ] Safepoint "Cleanup", Time since last: 1002624458 ns, Reaching safepoint: 2986000 ns, At safepoint: 79625 ns, Total: 3065625 ns
[2023-07-18T03:17:12.505+0000][1][safepoint    ] Safepoint "Cleanup", Time since last: 1001552334 ns, Reaching safepoint: 768583 ns, At safepoint: 41583 ns, Total: 810166 ns
[2023-07-18T03:17:13.508+0000][1][safepoint    ] Safepoint "Cleanup", Time since last: 1000811917 ns, Reaching safepoint: 2285375 ns, At safepoint: 73625 ns, Total: 2359000 ns
[2023-07-18T03:17:14.513+0000][1][safepoint    ] Safepoint "Cleanup", Time since last: 1003638501 ns, Reaching safepoint: 1584666 ns, At safepoint: 38792 ns, Total: 1623458 ns
[2023-07-18T03:17:15.517+0000][1][safepoint    ] Safepoint "Cleanup", Time since last: 1001165042 ns, Reaching safepoint: 2910125 ns, At safepoint: 73250 ns, Total: 2983375 ns
[2023-07-18T03:17:16.524+0000][1][safepoint    ] Safepoint "Cleanup", Time since last: 1002209709 ns, Reaching safepoint: 4225167 ns, At safepoint: 84458 ns, Total: 4309625 ns
[2023-07-18T03:17:17.528+0000][1][safepoint    ] Safepoint "Cleanup", Time since last: 1001201667 ns, Reaching safepoint: 2377250 ns, At safepoint: 86084 ns, Total: 2463334 ns
[2023-07-18T03:17:18.192+0000][1][safepoint    ] Safepoint "RevokeBias", Time since last: 662396167 ns, Reaching safepoint: 1407500 ns, At safepoint: 292791 ns, Total: 1700291 ns
[2023-07-18T03:17:18.196+0000][1][safepoint    ] Safepoint "RevokeBias", Time since last: 1999584 ns, Reaching safepoint: 2031583 ns, At safepoint: 457708 ns, Total: 2489291 ns
[2023-07-18T03:17:18.200+0000][1][safepoint    ] Safepoint "RevokeBias", Time since last: 2278334 ns, Reaching safepoint: 1052666 ns, At safepoint: 101625 ns, Total: 1154291 ns
[2023-07-18T03:17:19.204+0000][1][safepoint    ] Safepoint "Cleanup", Time since last: 1000848001 ns, Reaching safepoint: 3083375 ns, At safepoint: 73583 ns, Total: 3156958 ns
[2023-07-18T03:17:20.208+0000][1][safepoint    ] Safepoint "Cleanup", Time since last: 1001326584 ns, Reaching safepoint: 2853208 ns, At safepoint: 70584 ns, Total: 2923792 ns
[2023-07-18T03:17:20.539+0000][1][safepoint    ] Safepoint "RevokeBias", Time since last: 328959291 ns, Reaching safepoint: 1768542 ns, At safepoint: 646000 ns, Total: 2414542 ns
[2023-07-18T03:17:21.545+0000][1][safepoint    ] Safepoint "Cleanup", Time since last: 1001466167 ns, Reaching safepoint: 3702125 ns, At safepoint: 102125 ns, Total: 3804250 ns
[2023-07-18T03:17:22.549+0000][1][safepoint    ] Safepoint "Cleanup", Time since last: 1001320126 ns, Reaching safepoint: 2805541 ns, At safepoint: 76167 ns, Total: 2881708 ns
[2023-07-18T03:17:23.554+0000][1][safepoint    ] Safepoint "Cleanup", Time since last: 1000953084 ns, Reaching safepoint: 3779083 ns, At safepoint: 100833 ns, Total: 3879916 ns
[2023-07-18T03:17:24.559+0000][1][safepoint    ] Safepoint "Cleanup", Time since last: 1002499709 ns, Reaching safepoint: 3242875 ns, At safepoint: 105667 ns, Total: 3348542 ns
[2023-07-18T03:17:25.566+0000][1][safepoint    ] Safepoint "Cleanup", Time since last: 1003324709 ns, Reaching safepoint: 3097791 ns, At safepoint: 112084 ns, Total: 3209875 ns
[2023-07-18T03:17:26.541+0000][1][safepoint    ] Safepoint "RevokeBias", Time since last: 973068125 ns, Reaching safepoint: 1434417 ns, At safepoint: 150417 ns, Total: 1584834 ns
[2023-07-18T03:17:26.551+0000][1][safepoint    ] Safepoint "RevokeBias", Time since last: 8688000 ns, Reaching safepoint: 1241291 ns, At safepoint: 125334 ns, Total: 1366625 ns
[2023-07-18T03:17:26.602+0000][1][safepoint    ] Safepoint "RevokeBias", Time since last: 50074958 ns, Reaching safepoint: 808917 ns, At safepoint: 133166 ns, Total: 942083 ns
[2023-07-18T03:17:26.613+0000][1][safepoint    ] Safepoint "RevokeBias", Time since last: 9554250 ns, Reaching safepoint: 1551000 ns, At safepoint: 113250 ns, Total: 1664250 ns
[2023-07-18T03:17:27.340+0000][1][safepoint    ] Safepoint "RevokeBias", Time since last: 726226584 ns, Reaching safepoint: 1093167 ns, At safepoint: 124166 ns, Total: 1217333 ns
[2023-07-18T03:17:27.348+0000][1][safepoint    ] Safepoint "RevokeBias", Time since last: 6728959 ns, Reaching safepoint: 1046750 ns, At safepoint: 121083 ns, Total: 1167833 ns
[2023-07-18T03:17:27.400+0000][1][safepoint    ] Safepoint "RevokeBias", Time since last: 50616292 ns, Reaching safepoint: 624416 ns, At safepoint: 100417 ns, Total: 724833 ns
[2023-07-18T03:17:27.402+0000][1][safepoint    ] Safepoint "RevokeBias", Time since last: 1577417 ns, Reaching safepoint: 537166 ns, At safepoint: 52792 ns, Total: 589958 ns
[2023-07-18T03:17:27.412+0000][1][safepoint    ] Safepoint "BulkRevokeBias", Time since last: 7084917 ns, Reaching safepoint: 1290375 ns, At safepoint: 1836083 ns, Total: 3126458 ns
[2023-07-18T03:17:28.417+0000][1][safepoint    ] Safepoint "Cleanup", Time since last: 1001033542 ns, Reaching safepoint: 3861375 ns, At safepoint: 67083 ns, Total: 3928458 ns
[2023-07-18T03:17:29.421+0000][1][safepoint    ] Safepoint "Cleanup", Time since last: 1001212793 ns, Reaching safepoint: 2623583 ns, At safepoint: 106833 ns, Total: 2730416 ns
[2023-07-18T03:17:30.425+0000][1][safepoint    ] Safepoint "Cleanup", Time since last: 1003226459 ns, Reaching safepoint: 1185417 ns, At safepoint: 35125 ns, Total: 1220542 ns
[2023-07-18T03:17:31.432+0000][1][safepoint    ] Safepoint "Cleanup", Time since last: 1001530917 ns, Reaching safepoint: 5003875 ns, At safepoint: 82417 ns, Total: 5086292 ns
[2023-07-18T03:17:32.437+0000][1][safepoint    ] Safepoint "Cleanup", Time since last: 1001227583 ns, Reaching safepoint: 3894667 ns, At safepoint: 128833 ns, Total: 4023500 ns
[2023-07-18T03:17:33.443+0000][1][safepoint    ] Safepoint "Cleanup", Time since last: 1002573459 ns, Reaching safepoint: 2775584 ns, At safepoint: 77916 ns, Total: 2853500 ns
[2023-07-18T03:17:34.053+0000][1][safepoint    ] Safepoint "RevokeBias", Time since last: 608849625 ns, Reaching safepoint: 1186542 ns, At safepoint: 165667 ns, Total: 1352209 ns
[2023-07-18T03:17:34.061+0000][1][safepoint    ] Safepoint "RevokeBias", Time since last: 6635083 ns, Reaching safepoint: 1135583 ns, At safepoint: 126625 ns, Total: 1262208 ns
[2023-07-18T03:17:34.149+0000][1][safepoint    ] Safepoint "RevokeBias", Time since last: 86137126 ns, Reaching safepoint: 844666 ns, At safepoint: 1070125 ns, Total: 1914791 ns
[2023-07-18T03:17:34.150+0000][1][safepoint    ] Safepoint "RevokeBias", Time since last: 1097250 ns, Reaching safepoint: 428209 ns, At safepoint: 84750 ns, Total: 512959 ns
[2023-07-18T03:17:34.859+0000][1][safepoint    ] Safepoint "RevokeBias", Time since last: 708160917 ns, Reaching safepoint: 738750 ns, At safepoint: 87625 ns, Total: 826375 ns
[2023-07-18T03:17:34.865+0000][1][safepoint    ] Safepoint "RevokeBias", Time since last: 5277291 ns, Reaching safepoint: 770084 ns, At safepoint: 81333 ns, Total: 851417 ns
[2023-07-18T03:17:34.915+0000][1][safepoint    ] Safepoint "RevokeBias", Time since last: 48615167 ns, Reaching safepoint: 633625 ns, At safepoint: 128833 ns, Total: 762458 ns
[2023-07-18T03:17:34.917+0000][1][safepoint    ] Safepoint "RevokeBias", Time since last: 1436875 ns, Reaching safepoint: 737500 ns, At safepoint: 52542 ns, Total: 790042 ns
[2023-07-18T03:17:34.920+0000][1][safepoint    ] Safepoint "RevokeBias", Time since last: 2577625 ns, Reaching safepoint: 555083 ns, At safepoint: 56667 ns, Total: 611750 ns
[2023-07-18T03:17:35.923+0000][1][safepoint    ] Safepoint "Cleanup", Time since last: 1001248625 ns, Reaching safepoint: 1219333 ns, At safepoint: 45750 ns, Total: 1265083 ns
[2023-07-18T03:17:36.926+0000][1][safepoint    ] Safepoint "Cleanup", Time since last: 1000861043 ns, Reaching safepoint: 1761583 ns, At safepoint: 48375 ns, Total: 1809958 ns
[2023-07-18T03:17:37.928+0000][1][safepoint    ] Safepoint "Cleanup", Time since last: 1001201250 ns, Reaching safepoint: 1243084 ns, At safepoint: 24833 ns, Total: 1267917 ns
[2023-07-18T03:17:38.932+0000][1][safepoint    ] Safepoint "Cleanup", Time since last: 1000792042 ns, Reaching safepoint: 3433333 ns, At safepoint: 110334 ns, Total: 3543667 ns
[2023-07-18T03:17:39.935+0000][1][safepoint    ] Safepoint "Cleanup", Time since last: 1001004250 ns, Reaching safepoint: 1728209 ns, At safepoint: 58833 ns, Total: 1787042 ns
[2023-07-18T03:17:40.529+0000][1][safepoint    ] Safepoint "RevokeBias", Time since last: 591359834 ns, Reaching safepoint: 1881708 ns, At safepoint: 383708 ns, Total: 2265416 ns
[2023-07-18T03:17:41.532+0000][1][safepoint    ] Safepoint "Cleanup", Time since last: 1000946458 ns, Reaching safepoint: 2278542 ns, At safepoint: 62000 ns, Total: 2340542 ns
[2023-07-18T03:17:42.536+0000][1][safepoint    ] Safepoint "Cleanup", Time since last: 1001653667 ns, Reaching safepoint: 2022167 ns, At safepoint: 54708 ns, Total: 2076875 ns
[2023-07-18T03:17:43.541+0000][1][safepoint    ] Safepoint "Cleanup", Time since last: 1002366751 ns, Reaching safepoint: 3025583 ns, At safepoint: 91750 ns, Total: 3117333 ns
[2023-07-18T03:17:44.548+0000][1][safepoint    ] Safepoint "Cleanup", Time since last: 1001695584 ns, Reaching safepoint: 4690667 ns, At safepoint: 119500 ns, Total: 4810167 ns
[2023-07-18T03:17:45.551+0000][1][safepoint    ] Safepoint "Cleanup", Time since last: 1002096500 ns, Reaching safepoint: 721958 ns, At safepoint: 23375 ns, Total: 745333 ns
[2023-07-18T03:17:46.556+0000][1][safepoint    ] Safepoint "Cleanup", Time since last: 1004009751 ns, Reaching safepoint: 1287375 ns, At safepoint: 37291 ns, Total: 1324666 ns
[2023-07-18T03:17:47.560+0000][1][safepoint    ] Safepoint "Cleanup", Time since last: 1001522001 ns, Reaching safepoint: 2628417 ns, At safepoint: 39791 ns, Total: 2668208 ns
[2023-07-18T03:17:48.562+0000][1][safepoint    ] Safepoint "Cleanup", Time since last: 1000949126 ns, Reaching safepoint: 786208 ns, At safepoint: 25167 ns, Total: 811375 ns
[2023-07-18T03:17:49.565+0000][1][safepoint    ] Safepoint "Cleanup", Time since last: 1000879209 ns, Reaching safepoint: 1652125 ns, At safepoint: 40875 ns, Total: 1693000 ns
[2023-07-18T03:17:50.568+0000][1][safepoint    ] Safepoint "Cleanup", Time since last: 1001471167 ns, Reaching safepoint: 1815166 ns, At safepoint: 32459 ns, Total: 1847625 ns
[2023-07-18T03:17:50.573+0000][1][gc,start     ] GC(34) Pause Young (Allocation Failure)
[2023-07-18T03:17:50.575+0000][1][gc,task      ] GC(34) Using 4 workers of 4 for evacuation
[2023-07-18T03:17:50.604+0000][1][gc,age       ] GC(34) Desired survivor size 8945664 bytes, new threshold 6 (max threshold 6)
[2023-07-18T03:17:50.605+0000][1][gc,age       ] GC(34) Age table with threshold 6 (max threshold 6)
[2023-07-18T03:17:50.605+0000][1][gc,age       ] GC(34) - age   1:     590544 bytes,     590544 total
[2023-07-18T03:17:50.605+0000][1][gc,age       ] GC(34) - age   2:     264440 bytes,     854984 total
[2023-07-18T03:17:50.605+0000][1][gc,age       ] GC(34) - age   3:     128056 bytes,     983040 total
[2023-07-18T03:17:50.605+0000][1][gc,age       ] GC(34) - age   4:       2784 bytes,     985824 total
[2023-07-18T03:17:50.605+0000][1][gc,age       ] GC(34) - age   5:       5792 bytes,     991616 total
[2023-07-18T03:17:50.606+0000][1][gc,age       ] GC(34) - age   6:       2216 bytes,     993832 total
[2023-07-18T03:17:50.607+0000][1][gc,heap      ] GC(34) ParNew: 140355K->1157K(157248K)
[2023-07-18T03:17:50.607+0000][1][gc,heap      ] GC(34) CMS: 68268K->68273K(349568K)
[2023-07-18T03:17:50.607+0000][1][gc,metaspace ] GC(34) Metaspace: 90750K->90750K(1132544K)
[2023-07-18T03:17:50.608+0000][1][gc           ] GC(34) Pause Young (Allocation Failure) 203M->67M(494M) 34.454ms
[2023-07-18T03:17:50.608+0000][1][gc,cpu       ] GC(34) User=0.07s Sys=0.01s Real=0.03s
[2023-07-18T03:17:50.608+0000][1][safepoint    ] Safepoint "GenCollectForAllocation", Time since last: 4504458 ns, Reaching safepoint: 415917 ns, At safepoint: 35448291 ns, Total: 35864208 ns
[2023-07-18T03:17:51.612+0000][1][safepoint    ] Safepoint "Cleanup", Time since last: 1002138293 ns, Reaching safepoint: 1351625 ns, At safepoint: 32750 ns, Total: 1384375 ns
[2023-07-18T03:17:52.614+0000][1][safepoint    ] Safepoint "Cleanup", Time since last: 1001023250 ns, Reaching safepoint: 1462917 ns, At safepoint: 40416 ns, Total: 1503333 ns
[2023-07-18T03:17:53.617+0000][1][safepoint    ] Safepoint "Cleanup", Time since last: 1000747251 ns, Reaching safepoint: 1443208 ns, At safepoint: 35042 ns, Total: 1478250 ns
[2023-07-18T03:17:54.619+0000][1][safepoint    ] Safepoint "Cleanup", Time since last: 1000985875 ns, Reaching safepoint: 1336250 ns, At safepoint: 30792 ns, Total: 1367042 ns
[2023-07-18T03:17:55.622+0000][1][safepoint    ] Safepoint "Cleanup", Time since last: 1001691584 ns, Reaching safepoint: 1462708 ns, At safepoint: 40333 ns, Total: 1503041 ns
[2023-07-18T03:17:56.625+0000][1][safepoint    ] Safepoint "Cleanup", Time since last: 1000753209 ns, Reaching safepoint: 1823084 ns, At safepoint: 43291 ns, Total: 1866375 ns
[2023-07-18T03:17:57.628+0000][1][safepoint    ] Safepoint "Cleanup", Time since last: 1002147334 ns, Reaching safepoint: 1334125 ns, At safepoint: 32208 ns, Total: 1366333 ns
[2023-07-18T03:17:58.631+0000][1][safepoint    ] Safepoint "Cleanup", Time since last: 1001498043 ns, Reaching safepoint: 1155416 ns, At safepoint: 27792 ns, Total: 1183208 ns
[2023-07-18T03:17:59.633+0000][1][safepoint    ] Safepoint "Cleanup", Time since last: 1001038292 ns, Reaching safepoint: 1379375 ns, At safepoint: 34542 ns, Total: 1413917 ns
[2023-07-18T03:18:00.615+0000][1][safepoint    ] Safepoint "RevokeBias", Time since last: 980021292 ns, Reaching safepoint: 1438667 ns, At safepoint: 62250 ns, Total: 1500917 ns
[2023-07-18T03:18:01.617+0000][1][safepoint    ] Safepoint "Cleanup", Time since last: 1000726958 ns, Reaching safepoint: 1746417 ns, At safepoint: 49208 ns, Total: 1795625 ns
[2023-07-18T03:18:02.620+0000][1][safepoint    ] Safepoint "Cleanup", Time since last: 1001203001 ns, Reaching safepoint: 1702208 ns, At safepoint: 38292 ns, Total: 1740500 ns
[2023-07-18T03:18:03.623+0000][1][safepoint    ] Safepoint "Cleanup", Time since last: 1000843792 ns, Reaching safepoint: 1971000 ns, At safepoint: 59500 ns, Total: 2030500 ns
[2023-07-18T03:18:04.625+0000][1][safepoint    ] Safepoint "Cleanup", Time since last: 1000845375 ns, Reaching safepoint: 1193500 ns, At safepoint: 39625 ns, Total: 1233125 ns
[2023-07-18T03:18:05.631+0000][1][safepoint    ] Safepoint "Cleanup", Time since last: 1001094876 ns, Reaching safepoint: 3961208 ns, At safepoint: 124584 ns, Total: 4085792 ns
[2023-07-18T03:18:06.635+0000][1][safepoint    ] Safepoint "Cleanup", Time since last: 1001577125 ns, Reaching safepoint: 3158583 ns, At safepoint: 78125 ns, Total: 3236708 ns
[2023-07-18T03:18:07.640+0000][1][safepoint    ] Safepoint "Cleanup", Time since last: 1001822251 ns, Reaching safepoint: 2394250 ns, At safepoint: 69958 ns, Total: 2464208 ns
[2023-07-18T03:18:08.643+0000][1][safepoint    ] Safepoint "Cleanup", Time since last: 1001446709 ns, Reaching safepoint: 1620292 ns, At safepoint: 36791 ns, Total: 1657083 ns
[2023-07-18T03:18:09.645+0000][1][safepoint    ] Safepoint "Cleanup", Time since last: 1001311126 ns, Reaching safepoint: 938208 ns, At safepoint: 24667 ns, Total: 962875 ns
[2023-07-18T03:18:10.646+0000][1][safepoint    ] Safepoint "Cleanup", Time since last: 1000518625 ns, Reaching safepoint: 759375 ns, At safepoint: 22417 ns, Total: 781792 ns
[2023-07-18T03:18:11.652+0000][1][safepoint    ] Safepoint "Cleanup", Time since last: 1000998333 ns, Reaching safepoint: 4015500 ns, At safepoint: 383709 ns, Total: 4399209 ns
[2023-07-18T03:18:12.657+0000][1][safepoint    ] Safepoint "Cleanup", Time since last: 1002782042 ns, Reaching safepoint: 2211458 ns, At safepoint: 59875 ns, Total: 2271333 ns
[2023-07-18T03:18:13.663+0000][1][safepoint    ] Safepoint "Cleanup", Time since last: 1001205459 ns, Reaching safepoint: 3909125 ns, At safepoint: 174042 ns, Total: 4083167 ns
[2023-07-18T03:18:14.665+0000][1][safepoint    ] Safepoint "Cleanup", Time since last: 1001432417 ns, Reaching safepoint: 1348792 ns, At safepoint: 36375 ns, Total: 1385167 ns
[2023-07-18T03:18:15.488+0000][1][safepoint    ] Safepoint "RevokeBias", Time since last: 820714250 ns, Reaching safepoint: 1677917 ns, At safepoint: 392708 ns, Total: 2070625 ns
[2023-07-18T03:18:15.538+0000][1][safepoint    ] Safepoint "Deoptimize", Time since last: 41304958 ns, Reaching safepoint: 2012750 ns, At safepoint: 6782875 ns, Total: 8795625 ns
[2023-07-18T03:18:15.556+0000][1][safepoint    ] Safepoint "Deoptimize", Time since last: 13176834 ns, Reaching safepoint: 661291 ns, At safepoint: 3536500 ns, Total: 4197791 ns
[2023-07-18T03:18:15.582+0000][1][safepoint    ] Safepoint "Deoptimize", Time since last: 23007750 ns, Reaching safepoint: 595209 ns, At safepoint: 3056833 ns, Total: 3652042 ns
[2023-07-18T03:18:15.594+0000][1][safepoint    ] Safepoint "Deoptimize", Time since last: 7839750 ns, Reaching safepoint: 472458 ns, At safepoint: 2975917 ns, Total: 3448375 ns
[2023-07-18T03:18:16.599+0000][1][safepoint    ] Safepoint "Cleanup", Time since last: 1000725375 ns, Reaching safepoint: 4315459 ns, At safepoint: 124250 ns, Total: 4439709 ns
[2023-07-18T03:18:17.605+0000][1][safepoint    ] Safepoint "Cleanup", Time since last: 1001182250 ns, Reaching safepoint: 4915042 ns, At safepoint: 183292 ns, Total: 5098334 ns
[2023-07-18T03:18:18.611+0000][1][safepoint    ] Safepoint "Cleanup", Time since last: 1002392917 ns, Reaching safepoint: 3751250 ns, At safepoint: 80083 ns, Total: 3831333 ns
[2023-07-18T03:18:19.613+0000][1][safepoint    ] Safepoint "Cleanup", Time since last: 1001255126 ns, Reaching safepoint: 609750 ns, At safepoint: 18125 ns, Total: 627875 ns
[2023-07-18T03:18:20.553+0000][1][safepoint    ] Safepoint "RevokeBias", Time since last: 937377667 ns, Reaching safepoint: 1805833 ns, At safepoint: 507500 ns, Total: 2313333 ns
[2023-07-18T03:18:21.557+0000][1][safepoint    ] Safepoint "Cleanup", Time since last: 1002289126 ns, Reaching safepoint: 1325666 ns, At safepoint: 32834 ns, Total: 1358500 ns
[2023-07-18T03:18:22.560+0000][1][safepoint    ] Safepoint "Cleanup", Time since last: 1001571583 ns, Reaching safepoint: 1794709 ns, At safepoint: 47833 ns, Total: 1842542 ns
[2023-07-18T03:18:23.566+0000][1][safepoint    ] Safepoint "Cleanup", Time since last: 1002281334 ns, Reaching safepoint: 3467791 ns, At safepoint: 80000 ns, Total: 3547791 ns
[2023-07-18T03:18:24.570+0000][1][safepoint    ] Safepoint "Cleanup", Time since last: 1001759834 ns, Reaching safepoint: 2806375 ns, At safepoint: 93459 ns, Total: 2899834 ns
[2023-07-18T03:18:25.572+0000][1][safepoint    ] Safepoint "Cleanup", Time since last: 1001327917 ns, Reaching safepoint: 577833 ns, At safepoint: 18625 ns, Total: 596458 ns
[2023-07-18T03:18:26.574+0000][1][safepoint    ] Safepoint "Cleanup", Time since last: 1000479501 ns, Reaching safepoint: 827416 ns, At safepoint: 19292 ns, Total: 846708 ns
[2023-07-18T03:18:27.577+0000][1][safepoint    ] Safepoint "Cleanup", Time since last: 1001370042 ns, Reaching safepoint: 2124417 ns, At safepoint: 53166 ns, Total: 2177583 ns
[2023-07-18T03:18:28.580+0000][1][safepoint    ] Safepoint "Cleanup", Time since last: 1001418334 ns, Reaching safepoint: 1762000 ns, At safepoint: 52792 ns, Total: 1814792 ns
[2023-07-18T03:18:29.583+0000][1][safepoint    ] Safepoint "Cleanup", Time since last: 1001008417 ns, Reaching safepoint: 1304083 ns, At safepoint: 30375 ns, Total: 1334458 ns
[2023-07-18T03:18:30.585+0000][1][safepoint    ] Safepoint "Cleanup", Time since last: 1000591959 ns, Reaching safepoint: 1287375 ns, At safepoint: 24292 ns, Total: 1311667 ns
[2023-07-18T03:18:31.589+0000][1][safepoint    ] Safepoint "Cleanup", Time since last: 1000994792 ns, Reaching safepoint: 3423375 ns, At safepoint: 79125 ns, Total: 3502500 ns
[2023-07-18T03:18:32.593+0000][1][safepoint    ] Safepoint "Cleanup", Time since last: 1001857167 ns, Reaching safepoint: 1428125 ns, At safepoint: 74625 ns, Total: 1502750 ns
[2023-07-18T03:18:33.597+0000][1][safepoint    ] Safepoint "Cleanup", Time since last: 1001241959 ns, Reaching safepoint: 3121542 ns, At safepoint: 92583 ns, Total: 3214125 ns
[2023-07-18T03:18:34.603+0000][1][safepoint    ] Safepoint "Cleanup", Time since last: 1003323625 ns, Reaching safepoint: 2752167 ns, At safepoint: 92500 ns, Total: 2844667 ns
[2023-07-18T03:18:35.554+0000][1][safepoint    ] Safepoint "RevokeBias", Time since last: 949667542 ns, Reaching safepoint: 792084 ns, At safepoint: 103166 ns, Total: 895250 ns
[2023-07-18T03:18:35.557+0000][1][safepoint    ] Safepoint "RevokeBias", Time since last: 2162709 ns, Reaching safepoint: 732000 ns, At safepoint: 102375 ns, Total: 834375 ns
[2023-07-18T03:18:35.559+0000][1][safepoint    ] Safepoint "RevokeBias", Time since last: 1639041 ns, Reaching safepoint: 530667 ns, At safepoint: 96875 ns, Total: 627542 ns
[2023-07-18T03:18:35.586+0000][1][safepoint    ] Safepoint "RevokeBias", Time since last: 26420083 ns, Reaching safepoint: 761209 ns, At safepoint: 137583 ns, Total: 898792 ns
[2023-07-18T03:18:35.588+0000][1][safepoint    ] Safepoint "RevokeBias", Time since last: 1082417 ns, Reaching safepoint: 520458 ns, At safepoint: 69292 ns, Total: 589750 ns
[2023-07-18T03:18:35.592+0000][1][safepoint    ] Safepoint "RevokeBias", Time since last: 3529375 ns, Reaching safepoint: 833333 ns, At safepoint: 56417 ns, Total: 889750 ns
[2023-07-18T03:18:36.595+0000][1][safepoint    ] Safepoint "Cleanup", Time since last: 1000681208 ns, Reaching safepoint: 1626834 ns, At safepoint: 40458 ns, Total: 1667292 ns
[2023-07-18T03:18:37.599+0000][1][safepoint    ] Safepoint "Cleanup", Time since last: 1001522834 ns, Reaching safepoint: 2334375 ns, At safepoint: 65291 ns, Total: 2399666 ns
[2023-07-18T03:18:38.602+0000][1][safepoint    ] Safepoint "Cleanup", Time since last: 1002388751 ns, Reaching safepoint: 1296375 ns, At safepoint: 29583 ns, Total: 1325958 ns
[2023-07-18T03:18:39.606+0000][1][safepoint    ] Safepoint "Cleanup", Time since last: 1001483542 ns, Reaching safepoint: 2036375 ns, At safepoint: 35500 ns, Total: 2071875 ns
[2023-07-18T03:18:40.607+0000][1][safepoint    ] Safepoint "Cleanup", Time since last: 1000493376 ns, Reaching safepoint: 794625 ns, At safepoint: 17167 ns, Total: 811792 ns
[2023-07-18T03:18:41.611+0000][1][safepoint    ] Safepoint "Cleanup", Time since last: 1002205125 ns, Reaching safepoint: 987083 ns, At safepoint: 26875 ns, Total: 1013958 ns
[2023-07-18T03:18:42.612+0000][1][safepoint    ] Safepoint "Cleanup", Time since last: 1000691876 ns, Reaching safepoint: 631291 ns, At safepoint: 18292 ns, Total: 649583 ns
[2023-07-18T03:18:43.614+0000][1][safepoint    ] Safepoint "Cleanup", Time since last: 1000842667 ns, Reaching safepoint: 1242042 ns, At safepoint: 41458 ns, Total: 1283500 ns
[2023-07-18T03:18:44.618+0000][1][safepoint    ] Safepoint "Cleanup", Time since last: 1001270834 ns, Reaching safepoint: 2864750 ns, At safepoint: 65167 ns, Total: 2929917 ns
[2023-07-18T03:18:45.623+0000][1][safepoint    ] Safepoint "Cleanup", Time since last: 1001514917 ns, Reaching safepoint: 2792541 ns, At safepoint: 62459 ns, Total: 2855000 ns
[2023-07-18T03:18:46.625+0000][1][safepoint    ] Safepoint "Cleanup", Time since last: 1001509042 ns, Reaching safepoint: 709708 ns, At safepoint: 20042 ns, Total: 729750 ns
[2023-07-18T03:18:47.626+0000][1][safepoint    ] Safepoint "Cleanup", Time since last: 1000480959 ns, Reaching safepoint: 936291 ns, At safepoint: 18792 ns, Total: 955083 ns
[2023-07-18T03:18:48.628+0000][1][safepoint    ] Safepoint "Cleanup", Time since last: 1001142917 ns, Reaching safepoint: 627083 ns, At safepoint: 17459 ns, Total: 644542 ns
[2023-07-18T03:18:49.629+0000][1][safepoint    ] Safepoint "Cleanup", Time since last: 1000444292 ns, Reaching safepoint: 594125 ns, At safepoint: 18833 ns, Total: 612958 ns
[2023-07-18T03:18:50.518+0000][1][safepoint    ] Safepoint "RevokeBias", Time since last: 886609334 ns, Reaching safepoint: 1610125 ns, At safepoint: 359875 ns, Total: 1970000 ns
[2023-07-18T03:18:51.522+0000][1][safepoint    ] Safepoint "Cleanup", Time since last: 1002969792 ns, Reaching safepoint: 1338417 ns, At safepoint: 31958 ns, Total: 1370375 ns
[2023-07-18T03:18:52.524+0000][1][safepoint    ] Safepoint "Cleanup", Time since last: 1001185126 ns, Reaching safepoint: 838708 ns, At safepoint: 19750 ns, Total: 858458 ns
[2023-07-18T03:18:53.525+0000][1][safepoint    ] Safepoint "Cleanup", Time since last: 1000464959 ns, Reaching safepoint: 793750 ns, At safepoint: 19708 ns, Total: 813458 ns
[2023-07-18T03:18:54.528+0000][1][safepoint    ] Safepoint "Cleanup", Time since last: 1001460042 ns, Reaching safepoint: 917042 ns, At safepoint: 24792 ns, Total: 941834 ns
[2023-07-18T03:18:55.530+0000][1][safepoint    ] Safepoint "Cleanup", Time since last: 1000921125 ns, Reaching safepoint: 746250 ns, At safepoint: 35833 ns, Total: 782083 ns
[2023-07-18T03:18:56.532+0000][1][safepoint    ] Safepoint "Cleanup", Time since last: 1000885793 ns, Reaching safepoint: 1147333 ns, At safepoint: 31500 ns, Total: 1178833 ns
[2023-07-18T03:18:57.534+0000][1][safepoint    ] Safepoint "Cleanup", Time since last: 1000636834 ns, Reaching safepoint: 1390791 ns, At safepoint: 40125 ns, Total: 1430916 ns
[2023-07-18T03:18:58.536+0000][1][safepoint    ] Safepoint "Cleanup", Time since last: 1001150876 ns, Reaching safepoint: 1270458 ns, At safepoint: 34375 ns, Total: 1304833 ns
[2023-07-18T03:18:59.539+0000][1][safepoint    ] Safepoint "Cleanup", Time since last: 1000966667 ns, Reaching safepoint: 1771334 ns, At safepoint: 42583 ns, Total: 1813917 ns
[2023-07-18T03:19:00.541+0000][1][safepoint    ] Safepoint "Cleanup", Time since last: 1000802625 ns, Reaching safepoint: 1423042 ns, At safepoint: 24833 ns, Total: 1447875 ns
[2023-07-18T03:19:01.545+0000][1][safepoint    ] Safepoint "Cleanup", Time since last: 1002437709 ns, Reaching safepoint: 1303459 ns, At safepoint: 29375 ns, Total: 1332834 ns
[2023-07-18T03:19:02.548+0000][1][safepoint    ] Safepoint "Cleanup", Time since last: 1001199625 ns, Reaching safepoint: 1442417 ns, At safepoint: 37791 ns, Total: 1480208 ns
[2023-07-18T03:19:03.550+0000][1][safepoint    ] Safepoint "Cleanup", Time since last: 1000736834 ns, Reaching safepoint: 1337042 ns, At safepoint: 94167 ns, Total: 1431209 ns
[2023-07-18T03:19:04.553+0000][1][safepoint    ] Safepoint "Cleanup", Time since last: 1000692042 ns, Reaching safepoint: 2531458 ns, At safepoint: 75542 ns, Total: 2607000 ns
[2023-07-18T03:19:05.557+0000][1][safepoint    ] Safepoint "Cleanup", Time since last: 1002965250 ns, Reaching safepoint: 727209 ns, At safepoint: 20041 ns, Total: 747250 ns
[2023-07-18T03:19:06.560+0000][1][safepoint    ] Safepoint "Cleanup", Time since last: 1001273542 ns, Reaching safepoint: 1603875 ns, At safepoint: 38542 ns, Total: 1642417 ns
[2023-07-18T03:19:07.566+0000][1][safepoint    ] Safepoint "Cleanup", Time since last: 1003343125 ns, Reaching safepoint: 2589625 ns, At safepoint: 135125 ns, Total: 2724750 ns
[2023-07-18T03:19:08.568+0000][1][safepoint    ] Safepoint "Cleanup", Time since last: 1001220376 ns, Reaching safepoint: 1371292 ns, At safepoint: 32000 ns, Total: 1403292 ns
[2023-07-18T03:19:09.575+0000][1][safepoint    ] Safepoint "Cleanup", Time since last: 1004822125 ns, Reaching safepoint: 1282417 ns, At safepoint: 33875 ns, Total: 1316292 ns
[2023-07-18T03:19:10.538+0000][1][safepoint    ] Safepoint "RevokeBias", Time since last: 961061834 ns, Reaching safepoint: 2048791 ns, At safepoint: 87292 ns, Total: 2136083 ns
[2023-07-18T03:19:11.545+0000][1][safepoint    ] Safepoint "Cleanup", Time since last: 1001721083 ns, Reaching safepoint: 1231417 ns, At safepoint: 26708 ns, Total: 1258125 ns
[2023-07-18T03:19:12.549+0000][1][safepoint    ] Safepoint "Cleanup", Time since last: 1002602834 ns, Reaching safepoint: 1661542 ns, At safepoint: 38208 ns, Total: 1699750 ns
[2023-07-18T03:19:13.554+0000][1][safepoint    ] Safepoint "Cleanup", Time since last: 1003545126 ns, Reaching safepoint: 572541 ns, At safepoint: 18584 ns, Total: 591125 ns
[2023-07-18T03:19:14.558+0000][1][safepoint    ] Safepoint "Cleanup", Time since last: 1000878458 ns, Reaching safepoint: 3851376 ns, At safepoint: 85416 ns, Total: 3936792 ns
[2023-07-18T03:19:15.564+0000][1][safepoint    ] Safepoint "Cleanup", Time since last: 1002886292 ns, Reaching safepoint: 2315917 ns, At safepoint: 74125 ns, Total: 2390042 ns
[2023-07-18T03:19:16.568+0000][1][safepoint    ] Safepoint "Cleanup", Time since last: 1001242042 ns, Reaching safepoint: 2458750 ns, At safepoint: 75167 ns, Total: 2533917 ns
[2023-07-18T03:19:17.585+0000][1][safepoint    ] Safepoint "Cleanup", Time since last: 1002309209 ns, Reaching safepoint: 10484333 ns, At safepoint: 561208 ns, Total: 11045541 ns
[2023-07-18T03:19:18.597+0000][1][safepoint    ] Safepoint "Cleanup", Time since last: 1015135084 ns, Reaching safepoint: 1463417 ns, At safepoint: 39041 ns, Total: 1502458 ns
[2023-07-18T03:19:19.599+0000][1][safepoint    ] Safepoint "Cleanup", Time since last: 1000852959 ns, Reaching safepoint: 497667 ns, At safepoint: 12417 ns, Total: 510084 ns
[2023-07-18T03:19:20.601+0000][1][safepoint    ] Safepoint "Cleanup", Time since last: 1000324375 ns, Reaching safepoint: 2035875 ns, At safepoint: 20625 ns, Total: 2056500 ns
[2023-07-18T03:19:21.608+0000][1][safepoint    ] Safepoint "Cleanup", Time since last: 1002714459 ns, Reaching safepoint: 4291125 ns, At safepoint: 96000 ns, Total: 4387125 ns
[2023-07-18T03:19:22.612+0000][1][safepoint    ] Safepoint "Cleanup", Time since last: 1001275959 ns, Reaching safepoint: 2300166 ns, At safepoint: 78042 ns, Total: 2378208 ns
[2023-07-18T03:19:23.614+0000][1][safepoint    ] Safepoint "Cleanup", Time since last: 1001172417 ns, Reaching safepoint: 1243875 ns, At safepoint: 29083 ns, Total: 1272958 ns
[2023-07-18T03:19:24.618+0000][1][safepoint    ] Safepoint "Cleanup", Time since last: 1000956334 ns, Reaching safepoint: 2256667 ns, At safepoint: 60625 ns, Total: 2317292 ns
[2023-07-18T03:19:25.624+0000][1][safepoint    ] Safepoint "Cleanup", Time since last: 1002235375 ns, Reaching safepoint: 3528542 ns, At safepoint: 96792 ns, Total: 3625334 ns
[2023-07-18T03:19:26.629+0000][1][safepoint    ] Safepoint "Cleanup", Time since last: 1002741000 ns, Reaching safepoint: 2183625 ns, At safepoint: 68000 ns, Total: 2251625 ns
[2023-07-18T03:19:27.637+0000][1][safepoint    ] Safepoint "Cleanup", Time since last: 1003862792 ns, Reaching safepoint: 3942542 ns, At safepoint: 137708 ns, Total: 4080250 ns
[2023-07-18T03:19:28.639+0000][1][safepoint    ] Safepoint "Cleanup", Time since last: 1001621126 ns, Reaching safepoint: 1287917 ns, At safepoint: 30625 ns, Total: 1318542 ns
[2023-07-18T03:19:29.643+0000][1][safepoint    ] Safepoint "Cleanup", Time since last: 1001104792 ns, Reaching safepoint: 2550083 ns, At safepoint: 193625 ns, Total: 2743708 ns
[2023-07-18T03:19:30.644+0000][1][safepoint    ] Safepoint "RevokeBias", Time since last: 997304209 ns, Reaching safepoint: 2217083 ns, At safepoint: 1168709 ns, Total: 3385792 ns
[2023-07-18T03:19:31.649+0000][1][safepoint    ] Safepoint "Cleanup", Time since last: 1001102958 ns, Reaching safepoint: 4240750 ns, At safepoint: 108167 ns, Total: 4348917 ns
[2023-07-18T03:19:32.653+0000][1][safepoint    ] Safepoint "Cleanup", Time since last: 1001454125 ns, Reaching safepoint: 2019792 ns, At safepoint: 108542 ns, Total: 2128334 ns
[2023-07-18T03:19:33.655+0000][1][safepoint    ] Safepoint "Cleanup", Time since last: 1001032750 ns, Reaching safepoint: 1158084 ns, At safepoint: 33125 ns, Total: 1191209 ns
[2023-07-18T03:19:34.659+0000][1][safepoint    ] Safepoint "Cleanup", Time since last: 1000749583 ns, Reaching safepoint: 3200250 ns, At safepoint: 141292 ns, Total: 3341542 ns
[2023-07-18T03:19:35.664+0000][1][safepoint    ] Safepoint "Cleanup", Time since last: 1003466334 ns, Reaching safepoint: 1371750 ns, At safepoint: 41625 ns, Total: 1413375 ns
[2023-07-18T03:19:35.733+0000][1][safepoint    ] Safepoint "RevokeBias", Time since last: 67788167 ns, Reaching safepoint: 916541 ns, At safepoint: 202792 ns, Total: 1119333 ns
[2023-07-18T03:19:35.752+0000][1][safepoint    ] Safepoint "RevokeBias", Time since last: 17271375 ns, Reaching safepoint: 963833 ns, At safepoint: 724834 ns, Total: 1688667 ns
[2023-07-18T03:19:35.777+0000][1][safepoint    ] Safepoint "RevokeBias", Time since last: 23933708 ns, Reaching safepoint: 871458 ns, At safepoint: 197209 ns, Total: 1068667 ns
[2023-07-18T03:19:35.780+0000][1][safepoint    ] Safepoint "RevokeBias", Time since last: 1743458 ns, Reaching safepoint: 702083 ns, At safepoint: 84917 ns, Total: 787000 ns
[2023-07-18T03:19:35.784+0000][1][safepoint    ] Safepoint "RevokeBias", Time since last: 3091167 ns, Reaching safepoint: 1699958 ns, At safepoint: 108292 ns, Total: 1808250 ns
[2023-07-18T03:19:36.790+0000][1][safepoint    ] Safepoint "Cleanup", Time since last: 1002179333 ns, Reaching safepoint: 3599709 ns, At safepoint: 132291 ns, Total: 3732000 ns
[2023-07-18T03:19:37.087+0000][1][safepoint    ] Safepoint "RevokeBias", Time since last: 295427667 ns, Reaching safepoint: 611125 ns, At safepoint: 76125 ns, Total: 687250 ns
[2023-07-18T03:19:37.095+0000][1][safepoint    ] Safepoint "RevokeBias", Time since last: 8004417 ns, Reaching safepoint: 752083 ns, At safepoint: 74084 ns, Total: 826167 ns
[2023-07-18T03:19:37.136+0000][1][safepoint    ] Safepoint "RevokeBias", Time since last: 40013000 ns, Reaching safepoint: 621083 ns, At safepoint: 83292 ns, Total: 704375 ns
[2023-07-18T03:19:37.138+0000][1][safepoint    ] Safepoint "RevokeBias", Time since last: 1216625 ns, Reaching safepoint: 503500 ns, At safepoint: 62083 ns, Total: 565583 ns
[2023-07-18T03:19:38.141+0000][1][safepoint    ] Safepoint "Cleanup", Time since last: 1000812375 ns, Reaching safepoint: 2237334 ns, At safepoint: 86916 ns, Total: 2324250 ns
[2023-07-18T03:19:39.145+0000][1][safepoint    ] Safepoint "Cleanup", Time since last: 1002309251 ns, Reaching safepoint: 1386792 ns, At safepoint: 29708 ns, Total: 1416500 ns
[2023-07-18T03:19:40.148+0000][1][safepoint    ] Safepoint "Cleanup", Time since last: 1000767667 ns, Reaching safepoint: 2435167 ns, At safepoint: 105583 ns, Total: 2540750 ns
[2023-07-18T03:19:41.148+0000][1][safepoint    ] Safepoint "Cleanup", Time since last: 1001626000 ns, Reaching safepoint: 1461166 ns, At safepoint: 40417 ns, Total: 1501583 ns
[2023-07-18T03:19:42.151+0000][1][safepoint    ] Safepoint "Cleanup", Time since last: 1001158375 ns, Reaching safepoint: 1894459 ns, At safepoint: 45916 ns, Total: 1940375 ns
[2023-07-18T03:19:43.154+0000][1][safepoint    ] Safepoint "Cleanup", Time since last: 1001048959 ns, Reaching safepoint: 2340500 ns, At safepoint: 67375 ns, Total: 2407875 ns
[2023-07-18T03:19:44.158+0000][1][safepoint    ] Safepoint "Cleanup", Time since last: 1001070084 ns, Reaching safepoint: 2667417 ns, At safepoint: 82458 ns, Total: 2749875 ns
[2023-07-18T03:19:45.162+0000][1][safepoint    ] Safepoint "Cleanup", Time since last: 1001349750 ns, Reaching safepoint: 2871584 ns, At safepoint: 137041 ns, Total: 3008625 ns
[2023-07-18T03:19:46.166+0000][1][safepoint    ] Safepoint "Cleanup", Time since last: 1001097668 ns, Reaching safepoint: 2387000 ns, At safepoint: 96708 ns, Total: 2483708 ns
[2023-07-18T03:19:47.170+0000][1][safepoint    ] Safepoint "Cleanup", Time since last: 1001282667 ns, Reaching safepoint: 2546958 ns, At safepoint: 128459 ns, Total: 2675417 ns
[2023-07-18T03:19:48.172+0000][1][safepoint    ] Safepoint "Cleanup", Time since last: 1001802375 ns, Reaching safepoint: 745875 ns, At safepoint: 15250 ns, Total: 761125 ns
[2023-07-18T03:19:48.385+0000][1][gc,start     ] GC(35) Pause Young (Allocation Failure)
[2023-07-18T03:19:48.389+0000][1][gc,task      ] GC(35) Using 4 workers of 4 for evacuation
[2023-07-18T03:19:48.440+0000][1][gc,age       ] GC(35) Desired survivor size 8945664 bytes, new threshold 6 (max threshold 6)
[2023-07-18T03:19:48.441+0000][1][gc,age       ] GC(35) Age table with threshold 6 (max threshold 6)
[2023-07-18T03:19:48.441+0000][1][gc,age       ] GC(35) - age   1:     143992 bytes,     143992 total
[2023-07-18T03:19:48.441+0000][1][gc,age       ] GC(35) - age   2:     356640 bytes,     500632 total
[2023-07-18T03:19:48.441+0000][1][gc,age       ] GC(35) - age   3:     245856 bytes,     746488 total
[2023-07-18T03:19:48.441+0000][1][gc,age       ] GC(35) - age   4:     128056 bytes,     874544 total
[2023-07-18T03:19:48.441+0000][1][gc,age       ] GC(35) - age   5:       2552 bytes,     877096 total
[2023-07-18T03:19:48.441+0000][1][gc,age       ] GC(35) - age   6:       5592 bytes,     882688 total
[2023-07-18T03:19:48.443+0000][1][gc,heap      ] GC(35) ParNew: 140933K->1216K(157248K)
[2023-07-18T03:19:48.443+0000][1][gc,heap      ] GC(35) CMS: 68273K->68276K(349568K)
[2023-07-18T03:19:48.443+0000][1][gc,metaspace ] GC(35) Metaspace: 90907K->90907K(1132544K)
[2023-07-18T03:19:48.444+0000][1][gc           ] GC(35) Pause Young (Allocation Failure) 204M->67M(494M) 59.581ms
[2023-07-18T03:19:48.444+0000][1][gc,cpu       ] GC(35) User=0.10s Sys=0.02s Real=0.06s
[2023-07-18T03:19:48.444+0000][1][safepoint    ] Safepoint "GenCollectForAllocation", Time since last: 208915334 ns, Reaching safepoint: 1965958 ns, At safepoint: 61052583 ns, Total: 63018541 ns
[2023-07-18T03:19:49.449+0000][1][safepoint    ] Safepoint "Cleanup", Time since last: 1000779001 ns, Reaching safepoint: 3200875 ns, At safepoint: 212125 ns, Total: 3413000 ns
[2023-07-18T03:19:50.454+0000][1][safepoint    ] Safepoint "Cleanup", Time since last: 1002207125 ns, Reaching safepoint: 2735792 ns, At safepoint: 73833 ns, Total: 2809625 ns
[2023-07-18T03:19:50.556+0000][1][safepoint    ] Safepoint "RevokeBias", Time since last: 99973375 ns, Reaching safepoint: 1737500 ns, At safepoint: 381125 ns, Total: 2118625 ns
[2023-07-18T03:19:51.560+0000][1][safepoint    ] Safepoint "Cleanup", Time since last: 1001326543 ns, Reaching safepoint: 3257958 ns, At safepoint: 100750 ns, Total: 3358708 ns
[2023-07-18T03:19:52.565+0000][1][safepoint    ] Safepoint "Cleanup", Time since last: 1001726750 ns, Reaching safepoint: 3237959 ns, At safepoint: 78666 ns, Total: 3316625 ns
[2023-07-18T03:19:53.568+0000][1][safepoint    ] Safepoint "Cleanup", Time since last: 1002256292 ns, Reaching safepoint: 522834 ns, At safepoint: 17708 ns, Total: 540542 ns
[2023-07-18T03:19:54.574+0000][1][safepoint    ] Safepoint "Cleanup", Time since last: 1000901709 ns, Reaching safepoint: 4986833 ns, At safepoint: 167334 ns, Total: 5154167 ns
[2023-07-18T03:19:55.580+0000][1][safepoint    ] Safepoint "Cleanup", Time since last: 1002003083 ns, Reaching safepoint: 3261417 ns, At safepoint: 138833 ns, Total: 3400250 ns
[2023-07-18T03:19:56.584+0000][1][safepoint    ] Safepoint "Cleanup", Time since last: 1002083251 ns, Reaching safepoint: 2422792 ns, At safepoint: 81916 ns, Total: 2504708 ns
[2023-07-18T03:19:57.590+0000][1][safepoint    ] Safepoint "Cleanup", Time since last: 1001214917 ns, Reaching safepoint: 4128417 ns, At safepoint: 138000 ns, Total: 4266417 ns
[2023-07-18T03:19:58.594+0000][1][safepoint    ] Safepoint "Cleanup", Time since last: 1002192709 ns, Reaching safepoint: 2491292 ns, At safepoint: 67000 ns, Total: 2558292 ns
[2023-07-18T03:19:59.599+0000][1][safepoint    ] Safepoint "Cleanup", Time since last: 1001805250 ns, Reaching safepoint: 3039083 ns, At safepoint: 115125 ns, Total: 3154208 ns
[2023-07-18T03:20:00.602+0000][1][safepoint    ] Safepoint "Cleanup", Time since last: 1002346709 ns, Reaching safepoint: 702583 ns, At safepoint: 18667 ns, Total: 721250 ns
[2023-07-18T03:20:01.607+0000][1][safepoint    ] Safepoint "Cleanup", Time since last: 1001393209 ns, Reaching safepoint: 2714667 ns, At safepoint: 102958 ns, Total: 2817625 ns
[2023-07-18T03:20:02.610+0000][1][safepoint    ] Safepoint "Cleanup", Time since last: 1001160709 ns, Reaching safepoint: 1625958 ns, At safepoint: 112375 ns, Total: 1738333 ns
[2023-07-18T03:20:03.612+0000][1][safepoint    ] Safepoint "Cleanup", Time since last: 1001044792 ns, Reaching safepoint: 1200375 ns, At safepoint: 24459 ns, Total: 1224834 ns
[2023-07-18T03:20:04.614+0000][1][safepoint    ] Safepoint "Cleanup", Time since last: 1000581083 ns, Reaching safepoint: 1887167 ns, At safepoint: 68958 ns, Total: 1956125 ns
[2023-07-18T03:20:05.618+0000][1][safepoint    ] Safepoint "Cleanup", Time since last: 1001523918 ns, Reaching safepoint: 2277000 ns, At safepoint: 77041 ns, Total: 2354041 ns
[2023-07-18T03:20:06.621+0000][1][safepoint    ] Safepoint "Cleanup", Time since last: 1001435376 ns, Reaching safepoint: 1084708 ns, At safepoint: 18417 ns, Total: 1103125 ns
[2023-07-18T03:20:07.624+0000][1][safepoint    ] Safepoint "Cleanup", Time since last: 1001382708 ns, Reaching safepoint: 2016834 ns, At safepoint: 56000 ns, Total: 2072834 ns
[2023-07-18T03:20:08.633+0000][1][safepoint    ] Safepoint "Cleanup", Time since last: 1006238917 ns, Reaching safepoint: 2166375 ns, At safepoint: 75083 ns, Total: 2241458 ns
[2023-07-18T03:20:09.634+0000][1][safepoint    ] Safepoint "Cleanup", Time since last: 1001047167 ns, Reaching safepoint: 635209 ns, At safepoint: 19875 ns, Total: 655084 ns
[2023-07-18T03:20:10.636+0000][1][safepoint    ] Safepoint "Cleanup", Time since last: 1000385792 ns, Reaching safepoint: 1333250 ns, At safepoint: 19833 ns, Total: 1353083 ns
[2023-07-18T03:20:10.871+0000][1][safepoint    ] Safepoint "RevokeBias", Time since last: 233709625 ns, Reaching safepoint: 1302459 ns, At safepoint: 340416 ns, Total: 1642875 ns
[2023-07-18T03:20:11.876+0000][1][safepoint    ] Safepoint "Cleanup", Time since last: 1002112459 ns, Reaching safepoint: 1669750 ns, At safepoint: 44875 ns, Total: 1714625 ns
[2023-07-18T03:20:12.879+0000][1][safepoint    ] Safepoint "Cleanup", Time since last: 1001661667 ns, Reaching safepoint: 1520458 ns, At safepoint: 34542 ns, Total: 1555000 ns
[2023-07-18T03:20:13.881+0000][1][safepoint    ] Safepoint "Cleanup", Time since last: 1000872667 ns, Reaching safepoint: 1493250 ns, At safepoint: 44417 ns, Total: 1537667 ns
[2023-07-18T03:20:14.883+0000][1][safepoint    ] Safepoint "Cleanup", Time since last: 1000798708 ns, Reaching safepoint: 1314250 ns, At safepoint: 39500 ns, Total: 1353750 ns
[2023-07-18T03:20:15.886+0000][1][safepoint    ] Safepoint "Cleanup", Time since last: 1000765792 ns, Reaching safepoint: 1469750 ns, At safepoint: 34542 ns, Total: 1504292 ns
[2023-07-18T03:20:16.889+0000][1][safepoint    ] Safepoint "Cleanup", Time since last: 1001314542 ns, Reaching safepoint: 1730417 ns, At safepoint: 44625 ns, Total: 1775042 ns
[2023-07-18T03:20:17.892+0000][1][safepoint    ] Safepoint "Cleanup", Time since last: 1002350084 ns, Reaching safepoint: 1038500 ns, At safepoint: 26416 ns, Total: 1064916 ns
[2023-07-18T03:20:18.896+0000][1][safepoint    ] Safepoint "Cleanup", Time since last: 1000643418 ns, Reaching safepoint: 2839625 ns, At safepoint: 72583 ns, Total: 2912208 ns
[2023-07-18T03:20:19.898+0000][1][safepoint    ] Safepoint "Cleanup", Time since last: 1001185417 ns, Reaching safepoint: 706542 ns, At safepoint: 22166 ns, Total: 728708 ns
[2023-07-18T03:20:20.901+0000][1][safepoint    ] Safepoint "Cleanup", Time since last: 1001313959 ns, Reaching safepoint: 1651834 ns, At safepoint: 38375 ns, Total: 1690209 ns
[2023-07-18T03:20:21.909+0000][1][safepoint    ] Safepoint "Cleanup", Time since last: 1005098667 ns, Reaching safepoint: 3017625 ns, At safepoint: 77000 ns, Total: 3094625 ns
[2023-07-18T03:20:22.913+0000][1][safepoint    ] Safepoint "Cleanup", Time since last: 1003394750 ns, Reaching safepoint: 830000 ns, At safepoint: 21125 ns, Total: 851125 ns
[2023-07-18T03:20:23.918+0000][1][safepoint    ] Safepoint "Cleanup", Time since last: 1000965042 ns, Reaching safepoint: 4121167 ns, At safepoint: 75667 ns, Total: 4196834 ns
[2023-07-18T03:20:24.923+0000][1][safepoint    ] Safepoint "Cleanup", Time since last: 1001502458 ns, Reaching safepoint: 2745209 ns, At safepoint: 67875 ns, Total: 2813084 ns
[2023-07-18T03:20:25.927+0000][1][safepoint    ] Safepoint "Cleanup", Time since last: 1001946167 ns, Reaching safepoint: 2704333 ns, At safepoint: 77417 ns, Total: 2781750 ns
[2023-07-18T03:20:26.931+0000][1][safepoint    ] Safepoint "Cleanup", Time since last: 1001162959 ns, Reaching safepoint: 2150375 ns, At safepoint: 102000 ns, Total: 2252375 ns
[2023-07-18T03:20:27.934+0000][1][safepoint    ] Safepoint "Cleanup", Time since last: 1001276500 ns, Reaching safepoint: 1646667 ns, At safepoint: 37958 ns, Total: 1684625 ns
[2023-07-18T03:20:28.936+0000][1][safepoint    ] Safepoint "Cleanup", Time since last: 1001421292 ns, Reaching safepoint: 1343084 ns, At safepoint: 85208 ns, Total: 1428292 ns
[2023-07-18T03:20:29.940+0000][1][safepoint    ] Safepoint "Cleanup", Time since last: 1000918584 ns, Reaching safepoint: 2659292 ns, At safepoint: 61375 ns, Total: 2720667 ns
[2023-07-18T03:20:30.634+0000][1][safepoint    ] Safepoint "RevokeBias", Time since last: 691890333 ns, Reaching safepoint: 1911833 ns, At safepoint: 435209 ns, Total: 2347042 ns
[2023-07-18T03:20:31.636+0000][1][safepoint    ] Safepoint "Cleanup", Time since last: 1001023667 ns, Reaching safepoint: 888917 ns, At safepoint: 21125 ns, Total: 910042 ns
[2023-07-18T03:20:32.638+0000][1][safepoint    ] Safepoint "Cleanup", Time since last: 1001365542 ns, Reaching safepoint: 632041 ns, At safepoint: 19750 ns, Total: 651791 ns
[2023-07-18T03:20:33.640+0000][1][safepoint    ] Safepoint "Cleanup", Time since last: 1000821376 ns, Reaching safepoint: 752000 ns, At safepoint: 17625 ns, Total: 769625 ns
[2023-07-18T03:20:34.643+0000][1][safepoint    ] Safepoint "Cleanup", Time since last: 1000982084 ns, Reaching safepoint: 1756291 ns, At safepoint: 48334 ns, Total: 1804625 ns
[2023-07-18T03:20:35.649+0000][1][safepoint    ] Safepoint "Cleanup", Time since last: 1003229709 ns, Reaching safepoint: 3075833 ns, At safepoint: 87458 ns, Total: 3163291 ns
[2023-07-18T03:20:36.652+0000][1][safepoint    ] Safepoint "Cleanup", Time since last: 1001861209 ns, Reaching safepoint: 737458 ns, At safepoint: 21125 ns, Total: 758583 ns
[2023-07-18T03:20:37.559+0000][1][safepoint    ] Safepoint "RevokeBias", Time since last: 906258334 ns, Reaching safepoint: 1012042 ns, At safepoint: 130541 ns, Total: 1142583 ns
[2023-07-18T03:20:37.563+0000][1][safepoint    ] Safepoint "RevokeBias", Time since last: 3273959 ns, Reaching safepoint: 635083 ns, At safepoint: 75917 ns, Total: 711000 ns
[2023-07-18T03:20:37.567+0000][1][safepoint    ] Safepoint "RevokeBias", Time since last: 3531833 ns, Reaching safepoint: 584750 ns, At safepoint: 69792 ns, Total: 654542 ns
[2023-07-18T03:20:37.592+0000][1][safepoint    ] Safepoint "RevokeBias", Time since last: 23783125 ns, Reaching safepoint: 782625 ns, At safepoint: 111708 ns, Total: 894333 ns
[2023-07-18T03:20:37.597+0000][1][safepoint    ] Safepoint "BulkRevokeBias", Time since last: 1432667 ns, Reaching safepoint: 457791 ns, At safepoint: 2749917 ns, Total: 3207708 ns
[2023-07-18T03:20:37.600+0000][1][safepoint    ] Safepoint "RevokeBias", Time since last: 2355417 ns, Reaching safepoint: 600000 ns, At safepoint: 76291 ns, Total: 676291 ns
[2023-07-18T03:20:38.605+0000][1][safepoint    ] Safepoint "Cleanup", Time since last: 1002478126 ns, Reaching safepoint: 3188875 ns, At safepoint: 165500 ns, Total: 3354375 ns
[2023-07-18T03:20:39.611+0000][1][safepoint    ] Safepoint "Cleanup", Time since last: 1002566875 ns, Reaching safepoint: 3143500 ns, At safepoint: 68250 ns, Total: 3211750 ns
[2023-07-18T03:20:40.617+0000][1][safepoint    ] Safepoint "Cleanup", Time since last: 1002824209 ns, Reaching safepoint: 3248167 ns, At safepoint: 34958 ns, Total: 3283125 ns
[2023-07-18T03:20:41.623+0000][1][safepoint    ] Safepoint "Cleanup", Time since last: 1002761584 ns, Reaching safepoint: 2340083 ns, At safepoint: 45000 ns, Total: 2385083 ns
[2023-07-18T03:20:42.625+0000][1][safepoint    ] Safepoint "Cleanup", Time since last: 1000797667 ns, Reaching safepoint: 1656792 ns, At safepoint: 33750 ns, Total: 1690542 ns
[2023-07-18T03:20:43.627+0000][1][safepoint    ] Safepoint "Cleanup", Time since last: 1000624584 ns, Reaching safepoint: 1158416 ns, At safepoint: 49750 ns, Total: 1208166 ns
[2023-07-18T03:20:44.632+0000][1][safepoint    ] Safepoint "Cleanup", Time since last: 1001448959 ns, Reaching safepoint: 3387834 ns, At safepoint: 93916 ns, Total: 3481750 ns
[2023-07-18T03:20:45.638+0000][1][safepoint    ] Safepoint "Cleanup", Time since last: 1001684334 ns, Reaching safepoint: 3764583 ns, At safepoint: 81375 ns, Total: 3845958 ns
[2023-07-18T03:20:46.643+0000][1][safepoint    ] Safepoint "Cleanup", Time since last: 1001520001 ns, Reaching safepoint: 3226958 ns, At safepoint: 91333 ns, Total: 3318291 ns
[2023-07-18T03:20:47.647+0000][1][safepoint    ] Safepoint "Cleanup", Time since last: 1001957501 ns, Reaching safepoint: 2858083 ns, At safepoint: 85125 ns, Total: 2943208 ns
[2023-07-18T03:20:48.651+0000][1][safepoint    ] Safepoint "Cleanup", Time since last: 1001873917 ns, Reaching safepoint: 1962000 ns, At safepoint: 67584 ns, Total: 2029584 ns
[2023-07-18T03:20:49.653+0000][1][safepoint    ] Safepoint "Cleanup", Time since last: 1000969209 ns, Reaching safepoint: 1097291 ns, At safepoint: 42875 ns, Total: 1140166 ns
[2023-07-18T03:20:50.656+0000][1][safepoint    ] Safepoint "Cleanup", Time since last: 1001508542 ns, Reaching safepoint: 707000 ns, At safepoint: 18375 ns, Total: 725375 ns
[2023-07-18T03:20:51.659+0000][1][safepoint    ] Safepoint "Cleanup", Time since last: 1000620126 ns, Reaching safepoint: 2743917 ns, At safepoint: 78500 ns, Total: 2822417 ns
[2023-07-18T03:20:52.663+0000][1][safepoint    ] Safepoint "Cleanup", Time since last: 1001977958 ns, Reaching safepoint: 1652167 ns, At safepoint: 41250 ns, Total: 1693417 ns
[2023-07-18T03:20:53.667+0000][1][safepoint    ] Safepoint "Cleanup", Time since last: 1001537209 ns, Reaching safepoint: 2454458 ns, At safepoint: 67084 ns, Total: 2521542 ns
[2023-07-18T03:20:54.669+0000][1][safepoint    ] Safepoint "Cleanup", Time since last: 1001154042 ns, Reaching safepoint: 1044416 ns, At safepoint: 25250 ns, Total: 1069666 ns
[2023-07-18T03:20:55.671+0000][1][safepoint    ] Safepoint "Cleanup", Time since last: 1000578667 ns, Reaching safepoint: 1032834 ns, At safepoint: 21083 ns, Total: 1053917 ns
[2023-07-18T03:20:56.672+0000][1][safepoint    ] Safepoint "Cleanup", Time since last: 1000882667 ns, Reaching safepoint: 606584 ns, At safepoint: 21208 ns, Total: 627792 ns
[2023-07-18T03:20:57.673+0000][1][safepoint    ] Safepoint "Cleanup", Time since last: 1000447417 ns, Reaching safepoint: 879500 ns, At safepoint: 23750 ns, Total: 903250 ns
[2023-07-18T03:20:58.675+0000][1][safepoint    ] Safepoint "Cleanup", Time since last: 1000431376 ns, Reaching safepoint: 622000 ns, At safepoint: 16958 ns, Total: 638958 ns
[2023-07-18T03:20:59.676+0000][1][safepoint    ] Safepoint "Cleanup", Time since last: 1000438459 ns, Reaching safepoint: 789541 ns, At safepoint: 27000 ns, Total: 816541 ns
[2023-07-18T03:21:00.635+0000][1][safepoint    ] Safepoint "RevokeBias", Time since last: 956735834 ns, Reaching safepoint: 2169708 ns, At safepoint: 466709 ns, Total: 2636417 ns
[2023-07-18T03:21:01.639+0000][1][safepoint    ] Safepoint "Cleanup", Time since last: 1002443084 ns, Reaching safepoint: 931208 ns, At safepoint: 47958 ns, Total: 979166 ns
[2023-07-18T03:21:02.640+0000][1][safepoint    ] Safepoint "Cleanup", Time since last: 1000502084 ns, Reaching safepoint: 857333 ns, At safepoint: 22250 ns, Total: 879583 ns
[2023-07-18T03:21:03.641+0000][1][safepoint    ] Safepoint "Cleanup", Time since last: 1000403376 ns, Reaching safepoint: 929708 ns, At safepoint: 21042 ns, Total: 950750 ns
[2023-07-18T03:21:04.642+0000][1][safepoint    ] Safepoint "Cleanup", Time since last: 1000391917 ns, Reaching safepoint: 547000 ns, At safepoint: 14625 ns, Total: 561625 ns
[2023-07-18T03:21:05.643+0000][1][safepoint    ] Safepoint "Cleanup", Time since last: 1000435417 ns, Reaching safepoint: 560625 ns, At safepoint: 18125 ns, Total: 578750 ns
[2023-07-18T03:21:06.644+0000][1][safepoint    ] Safepoint "Cleanup", Time since last: 1000377167 ns, Reaching safepoint: 665209 ns, At safepoint: 17666 ns, Total: 682875 ns
[2023-07-18T03:21:07.645+0000][1][safepoint    ] Safepoint "Cleanup", Time since last: 1000416418 ns, Reaching safepoint: 587458 ns, At safepoint: 17125 ns, Total: 604583 ns
[2023-07-18T03:21:08.647+0000][1][safepoint    ] Safepoint "Cleanup", Time since last: 1000810209 ns, Reaching safepoint: 522625 ns, At safepoint: 15208 ns, Total: 537833 ns
[2023-07-18T03:21:09.648+0000][1][safepoint    ] Safepoint "Cleanup", Time since last: 1000386542 ns, Reaching safepoint: 712458 ns, At safepoint: 22584 ns, Total: 735042 ns
[2023-07-18T03:21:10.650+0000][1][safepoint    ] Safepoint "Cleanup", Time since last: 1001558750 ns, Reaching safepoint: 689792 ns, At safepoint: 20500 ns, Total: 710292 ns
[2023-07-18T03:21:11.650+0000][1][safepoint    ] Safepoint "Cleanup", Time since last: 1000470708 ns, Reaching safepoint: 664750 ns, At safepoint: 15500 ns, Total: 680250 ns
[2023-07-18T03:21:12.652+0000][1][safepoint    ] Safepoint "Cleanup", Time since last: 1001170959 ns, Reaching safepoint: 785500 ns, At safepoint: 45459 ns, Total: 830959 ns
[2023-07-18T03:21:13.654+0000][1][safepoint    ] Safepoint "Cleanup", Time since last: 1000650042 ns, Reaching safepoint: 688291 ns, At safepoint: 45709 ns, Total: 734000 ns
[2023-07-18T03:21:14.655+0000][1][safepoint    ] Safepoint "Cleanup", Time since last: 1000478750 ns, Reaching safepoint: 574709 ns, At safepoint: 18583 ns, Total: 593292 ns
[2023-07-18T03:21:15.657+0000][1][safepoint    ] Safepoint "Cleanup", Time since last: 1001014500 ns, Reaching safepoint: 1003500 ns, At safepoint: 21375 ns, Total: 1024875 ns
[2023-07-18T03:21:16.659+0000][1][safepoint    ] Safepoint "Cleanup", Time since last: 1001556126 ns, Reaching safepoint: 526417 ns, At safepoint: 16625 ns, Total: 543042 ns
[2023-07-18T03:21:17.664+0000][1][safepoint    ] Safepoint "Cleanup", Time since last: 1000524042 ns, Reaching safepoint: 3907916 ns, At safepoint: 210834 ns, Total: 4118750 ns
[2023-07-18T03:21:18.667+0000][1][safepoint    ] Safepoint "Cleanup", Time since last: 1001677833 ns, Reaching safepoint: 1273292 ns, At safepoint: 37208 ns, Total: 1310500 ns
[2023-07-18T03:21:19.670+0000][1][safepoint    ] Safepoint "Cleanup", Time since last: 1000617959 ns, Reaching safepoint: 2597417 ns, At safepoint: 85833 ns, Total: 2683250 ns
[2023-07-18T03:21:20.554+0000][1][safepoint    ] Safepoint "RevokeBias", Time since last: 881901709 ns, Reaching safepoint: 1714958 ns, At safepoint: 520584 ns, Total: 2235542 ns
[2023-07-18T03:21:21.559+0000][1][safepoint    ] Safepoint "Cleanup", Time since last: 1003257334 ns, Reaching safepoint: 1306125 ns, At safepoint: 34250 ns, Total: 1340375 ns
[2023-07-18T03:21:22.561+0000][1][safepoint    ] Safepoint "Cleanup", Time since last: 1000753500 ns, Reaching safepoint: 1676625 ns, At safepoint: 46833 ns, Total: 1723458 ns
[2023-07-18T03:21:23.566+0000][1][safepoint    ] Safepoint "Cleanup", Time since last: 1001248542 ns, Reaching safepoint: 3520000 ns, At safepoint: 90792 ns, Total: 3610792 ns
[2023-07-18T03:21:24.571+0000][1][safepoint    ] Safepoint "Cleanup", Time since last: 1001549167 ns, Reaching safepoint: 3024459 ns, At safepoint: 99958 ns, Total: 3124417 ns
[2023-07-18T03:21:25.575+0000][1][safepoint    ] Safepoint "Cleanup", Time since last: 1001575709 ns, Reaching safepoint: 2737625 ns, At safepoint: 68333 ns, Total: 2805958 ns
[2023-07-18T03:21:26.579+0000][1][safepoint    ] Safepoint "Cleanup", Time since last: 1001062001 ns, Reaching safepoint: 3083791 ns, At safepoint: 133292 ns, Total: 3217083 ns
[2023-07-18T03:21:27.583+0000][1][safepoint    ] Safepoint "Cleanup", Time since last: 1001121084 ns, Reaching safepoint: 2066708 ns, At safepoint: 70958 ns, Total: 2137666 ns
[2023-07-18T03:21:28.585+0000][1][safepoint    ] Safepoint "Cleanup", Time since last: 1001173459 ns, Reaching safepoint: 1535125 ns, At safepoint: 37417 ns, Total: 1572542 ns
[2023-07-18T03:21:29.588+0000][1][safepoint    ] Safepoint "Cleanup", Time since last: 1001168917 ns, Reaching safepoint: 1473958 ns, At safepoint: 35375 ns, Total: 1509333 ns
[2023-07-18T03:21:30.590+0000][1][safepoint    ] Safepoint "Cleanup", Time since last: 1000791501 ns, Reaching safepoint: 1519833 ns, At safepoint: 21750 ns, Total: 1541583 ns
[2023-07-18T03:21:31.593+0000][1][safepoint    ] Safepoint "Cleanup", Time since last: 1000475251 ns, Reaching safepoint: 2344791 ns, At safepoint: 68209 ns, Total: 2413000 ns
[2023-07-18T03:21:32.597+0000][1][safepoint    ] Safepoint "Cleanup", Time since last: 1001183375 ns, Reaching safepoint: 2139167 ns, At safepoint: 126708 ns, Total: 2265875 ns
[2023-07-18T03:21:33.602+0000][1][safepoint    ] Safepoint "Cleanup", Time since last: 1001525126 ns, Reaching safepoint: 3319291 ns, At safepoint: 91959 ns, Total: 3411250 ns
[2023-07-18T03:21:34.608+0000][1][safepoint    ] Safepoint "Cleanup", Time since last: 1001830667 ns, Reaching safepoint: 4211750 ns, At safepoint: 104666 ns, Total: 4316416 ns
[2023-07-18T03:21:35.614+0000][1][safepoint    ] Safepoint "Cleanup", Time since last: 1003036251 ns, Reaching safepoint: 2867375 ns, At safepoint: 81083 ns, Total: 2948458 ns
[2023-07-18T03:21:36.621+0000][1][safepoint    ] Safepoint "Cleanup", Time since last: 1003349917 ns, Reaching safepoint: 3293292 ns, At safepoint: 132125 ns, Total: 3425417 ns
[2023-07-18T03:21:37.626+0000][1][safepoint    ] Safepoint "Cleanup", Time since last: 1001657292 ns, Reaching safepoint: 3735750 ns, At safepoint: 91958 ns, Total: 3827708 ns
[2023-07-18T03:21:38.566+0000][1][safepoint    ] Safepoint "RevokeBias", Time since last: 938605543 ns, Reaching safepoint: 1004375 ns, At safepoint: 130083 ns, Total: 1134458 ns
[2023-07-18T03:21:38.571+0000][1][safepoint    ] Safepoint "RevokeBias", Time since last: 3556583 ns, Reaching safepoint: 1366750 ns, At safepoint: 275875 ns, Total: 1642625 ns
[2023-07-18T03:21:38.599+0000][1][safepoint    ] Safepoint "RevokeBias", Time since last: 27753292 ns, Reaching safepoint: 701667 ns, At safepoint: 100708 ns, Total: 802375 ns
[2023-07-18T03:21:38.601+0000][1][safepoint    ] Safepoint "RevokeBias", Time since last: 1013333 ns, Reaching safepoint: 685834 ns, At safepoint: 85833 ns, Total: 771667 ns
[2023-07-18T03:21:38.606+0000][1][safepoint    ] Safepoint "RevokeBias", Time since last: 3353958 ns, Reaching safepoint: 941375 ns, At safepoint: 71750 ns, Total: 1013125 ns
[2023-07-18T03:21:39.611+0000][1][safepoint    ] Safepoint "Cleanup", Time since last: 1002020376 ns, Reaching safepoint: 3272500 ns, At safepoint: 209750 ns, Total: 3482250 ns
[2023-07-18T03:21:40.571+0000][1][safepoint    ] Safepoint "RevokeBias", Time since last: 957919500 ns, Reaching safepoint: 2041459 ns, At safepoint: 378875 ns, Total: 2420334 ns
[2023-07-18T03:21:41.579+0000][1][safepoint    ] Safepoint "Cleanup", Time since last: 1004184500 ns, Reaching safepoint: 1304666 ns, At safepoint: 25417 ns, Total: 1330083 ns
[2023-07-18T03:21:42.583+0000][1][safepoint    ] Safepoint "Cleanup", Time since last: 1001232876 ns, Reaching safepoint: 2374875 ns, At safepoint: 106458 ns, Total: 2481333 ns
[2023-07-18T03:21:43.588+0000][1][safepoint    ] Safepoint "Cleanup", Time since last: 1003665209 ns, Reaching safepoint: 1852958 ns, At safepoint: 81500 ns, Total: 1934458 ns
[2023-07-18T03:21:43.903+0000][1][gc,start     ] GC(36) Pause Young (Allocation Failure)
[2023-07-18T03:21:43.905+0000][1][gc,task      ] GC(36) Using 4 workers of 4 for evacuation
[2023-07-18T03:21:43.934+0000][1][gc,age       ] GC(36) Desired survivor size 8945664 bytes, new threshold 6 (max threshold 6)
[2023-07-18T03:21:43.934+0000][1][gc,age       ] GC(36) Age table with threshold 6 (max threshold 6)
[2023-07-18T03:21:43.934+0000][1][gc,age       ] GC(36) - age   1:     110832 bytes,     110832 total
[2023-07-18T03:21:43.935+0000][1][gc,age       ] GC(36) - age   2:      44112 bytes,     154944 total
[2023-07-18T03:21:43.935+0000][1][gc,age       ] GC(36) - age   3:     348504 bytes,     503448 total
[2023-07-18T03:21:43.935+0000][1][gc,age       ] GC(36) - age   4:     245736 bytes,     749184 total
[2023-07-18T03:21:43.935+0000][1][gc,age       ] GC(36) - age   5:     126360 bytes,     875544 total
[2023-07-18T03:21:43.935+0000][1][gc,age       ] GC(36) - age   6:       2552 bytes,     878096 total
[2023-07-18T03:21:43.936+0000][1][gc,heap      ] GC(36) ParNew: 140992K->1273K(157248K)
[2023-07-18T03:21:43.936+0000][1][gc,heap      ] GC(36) CMS: 68276K->68281K(349568K)
[2023-07-18T03:21:43.936+0000][1][gc,metaspace ] GC(36) Metaspace: 90925K->90925K(1132544K)
[2023-07-18T03:21:43.937+0000][1][gc           ] GC(36) Pause Young (Allocation Failure) 204M->67M(494M) 33.532ms
[2023-07-18T03:21:43.937+0000][1][gc,cpu       ] GC(36) User=0.08s Sys=0.00s Real=0.04s
[2023-07-18T03:21:43.937+0000][1][safepoint    ] Safepoint "GenCollectForAllocation", Time since last: 312291375 ns, Reaching safepoint: 2379459 ns, At safepoint: 34360208 ns, Total: 36739667 ns
[2023-07-18T03:21:44.940+0000][1][safepoint    ] Safepoint "Cleanup", Time since last: 1000548625 ns, Reaching safepoint: 1888459 ns, At safepoint: 65291 ns, Total: 1953750 ns
[2023-07-18T03:21:45.943+0000][1][safepoint    ] Safepoint "Cleanup", Time since last: 1001052501 ns, Reaching safepoint: 2499333 ns, At safepoint: 63417 ns, Total: 2562750 ns
[2023-07-18T03:21:46.948+0000][1][safepoint    ] Safepoint "Cleanup", Time since last: 1000741750 ns, Reaching safepoint: 3432167 ns, At safepoint: 211250 ns, Total: 3643417 ns
[2023-07-18T03:21:47.953+0000][1][safepoint    ] Safepoint "Cleanup", Time since last: 1002173959 ns, Reaching safepoint: 2632416 ns, At safepoint: 78625 ns, Total: 2711041 ns
[2023-07-18T03:21:48.957+0000][1][safepoint    ] Safepoint "Cleanup", Time since last: 1001403584 ns, Reaching safepoint: 2960625 ns, At safepoint: 61042 ns, Total: 3021667 ns
[2023-07-18T03:21:49.961+0000][1][safepoint    ] Safepoint "Cleanup", Time since last: 1001194334 ns, Reaching safepoint: 3106583 ns, At safepoint: 95917 ns, Total: 3202500 ns
[2023-07-18T03:21:50.965+0000][1][safepoint    ] Safepoint "Cleanup", Time since last: 1001669750 ns, Reaching safepoint: 1945334 ns, At safepoint: 46416 ns, Total: 1991750 ns
[2023-07-18T03:21:51.972+0000][1][safepoint    ] Safepoint "Cleanup", Time since last: 1004133084 ns, Reaching safepoint: 2842000 ns, At safepoint: 95250 ns, Total: 2937250 ns
[2023-07-18T03:21:52.977+0000][1][safepoint    ] Safepoint "Cleanup", Time since last: 1001435751 ns, Reaching safepoint: 3272875 ns, At safepoint: 93750 ns, Total: 3366625 ns
[2023-07-18T03:21:53.980+0000][1][safepoint    ] Safepoint "Cleanup", Time since last: 1001007000 ns, Reaching safepoint: 2446583 ns, At safepoint: 76167 ns, Total: 2522750 ns
[2023-07-18T03:21:54.011+0000][1][safepoint    ] Safepoint "RevokeBias", Time since last: 29682875 ns, Reaching safepoint: 726875 ns, At safepoint: 83958 ns, Total: 810833 ns
[2023-07-18T03:21:54.013+0000][1][safepoint    ] Safepoint "RevokeBias", Time since last: 1211875 ns, Reaching safepoint: 568917 ns, At safepoint: 59917 ns, Total: 628834 ns
[2023-07-18T03:21:54.064+0000][1][safepoint    ] Safepoint "RevokeBias", Time since last: 50431833 ns, Reaching safepoint: 512958 ns, At safepoint: 74792 ns, Total: 587750 ns
[2023-07-18T03:21:54.067+0000][1][safepoint    ] Safepoint "RevokeBias", Time since last: 2705125 ns, Reaching safepoint: 397083 ns, At safepoint: 74417 ns, Total: 471500 ns
[2023-07-18T03:21:54.092+0000][1][safepoint    ] Safepoint "RevokeBias", Time since last: 24358000 ns, Reaching safepoint: 330875 ns, At safepoint: 64000 ns, Total: 394875 ns
[2023-07-18T03:21:54.093+0000][1][safepoint    ] Safepoint "RevokeBias", Time since last: 610917 ns, Reaching safepoint: 226875 ns, At safepoint: 40000 ns, Total: 266875 ns
[2023-07-18T03:21:54.093+0000][1][safepoint    ] Safepoint "RevokeBias", Time since last: 312416 ns, Reaching safepoint: 292417 ns, At safepoint: 39208 ns, Total: 331625 ns
[2023-07-18T03:21:54.094+0000][1][safepoint    ] Safepoint "RevokeBias", Time since last: 234792 ns, Reaching safepoint: 221250 ns, At safepoint: 47542 ns, Total: 268792 ns
[2023-07-18T03:21:54.094+0000][1][safepoint    ] Safepoint "RevokeBias", Time since last: 484583 ns, Reaching safepoint: 232333 ns, At safepoint: 37625 ns, Total: 269958 ns
[2023-07-18T03:21:54.106+0000][1][safepoint    ] Safepoint "RevokeBias", Time since last: 10506500 ns, Reaching safepoint: 485375 ns, At safepoint: 75500 ns, Total: 560875 ns
[2023-07-18T03:21:54.120+0000][1][safepoint    ] Safepoint "RevokeBias", Time since last: 14133334 ns, Reaching safepoint: 319708 ns, At safepoint: 77417 ns, Total: 397125 ns
[2023-07-18T03:21:54.125+0000][1][safepoint    ] Safepoint "RevokeBias", Time since last: 4086375 ns, Reaching safepoint: 313458 ns, At safepoint: 65333 ns, Total: 378791 ns
[2023-07-18T03:21:55.023+0000][1][safepoint    ] Safepoint "RevokeBias", Time since last: 896158584 ns, Reaching safepoint: 2428042 ns, At safepoint: 203708 ns, Total: 2631750 ns
[2023-07-18T03:21:55.060+0000][1][safepoint    ] Safepoint "RevokeBias", Time since last: 35535500 ns, Reaching safepoint: 661667 ns, At safepoint: 106458 ns, Total: 768125 ns
[2023-07-18T03:21:56.061+0000][1][safepoint    ] Safepoint "Cleanup", Time since last: 1000561084 ns, Reaching safepoint: 1068250 ns, At safepoint: 44167 ns, Total: 1112417 ns
[2023-07-18T03:21:57.065+0000][1][safepoint    ] Safepoint "Cleanup", Time since last: 1000957750 ns, Reaching safepoint: 2418375 ns, At safepoint: 93583 ns, Total: 2511958 ns
[2023-07-18T03:21:58.071+0000][1][safepoint    ] Safepoint "Cleanup", Time since last: 1001417209 ns, Reaching safepoint: 4661875 ns, At safepoint: 157542 ns, Total: 4819417 ns
[2023-07-18T03:21:59.074+0000][1][safepoint    ] Safepoint "Cleanup", Time since last: 1001483584 ns, Reaching safepoint: 1309333 ns, At safepoint: 32792 ns, Total: 1342125 ns
[2023-07-18T03:22:00.078+0000][1][safepoint    ] Safepoint "Cleanup", Time since last: 1000693459 ns, Reaching safepoint: 3260791 ns, At safepoint: 121709 ns, Total: 3382500 ns
[2023-07-18T03:22:00.651+0000][1][safepoint    ] Safepoint "RevokeBias", Time since last: 571246667 ns, Reaching safepoint: 1535000 ns, At safepoint: 364333 ns, Total: 1899333 ns
[2023-07-18T03:22:01.654+0000][1][safepoint    ] Safepoint "Cleanup", Time since last: 1001435584 ns, Reaching safepoint: 1686208 ns, At safepoint: 35333 ns, Total: 1721541 ns
[2023-07-18T03:22:02.657+0000][1][safepoint    ] Safepoint "Cleanup", Time since last: 1000774834 ns, Reaching safepoint: 1700042 ns, At safepoint: 41125 ns, Total: 1741167 ns
[2023-07-18T03:22:03.662+0000][1][safepoint    ] Safepoint "Cleanup", Time since last: 1001694000 ns, Reaching safepoint: 3456000 ns, At safepoint: 91917 ns, Total: 3547917 ns
[2023-07-18T03:22:04.668+0000][1][safepoint    ] Safepoint "Cleanup", Time since last: 1002704584 ns, Reaching safepoint: 3568875 ns, At safepoint: 107208 ns, Total: 3676083 ns
[2023-07-18T03:22:05.673+0000][1][safepoint    ] Safepoint "Cleanup", Time since last: 1001281834 ns, Reaching safepoint: 3497500 ns, At safepoint: 86417 ns, Total: 3583917 ns
[2023-07-18T03:22:06.679+0000][1][safepoint    ] Safepoint "Cleanup", Time since last: 1002949125 ns, Reaching safepoint: 3151125 ns, At safepoint: 80833 ns, Total: 3231958 ns
[2023-07-18T03:22:07.684+0000][1][safepoint    ] Safepoint "Cleanup", Time since last: 1001773168 ns, Reaching safepoint: 2916500 ns, At safepoint: 115041 ns, Total: 3031541 ns
[2023-07-18T03:22:08.688+0000][1][safepoint    ] Safepoint "Cleanup", Time since last: 1001888417 ns, Reaching safepoint: 1387750 ns, At safepoint: 39959 ns, Total: 1427709 ns
[2023-07-18T03:22:09.693+0000][1][safepoint    ] Safepoint "Cleanup", Time since last: 1001999458 ns, Reaching safepoint: 3161292 ns, At safepoint: 93250 ns, Total: 3254542 ns
[2023-07-18T03:22:10.570+0000][1][safepoint    ] Safepoint "RevokeBias", Time since last: 875483542 ns, Reaching safepoint: 1509584 ns, At safepoint: 232750 ns, Total: 1742334 ns
[2023-07-18T03:22:11.573+0000][1][safepoint    ] Safepoint "Cleanup", Time since last: 1000554208 ns, Reaching safepoint: 2205708 ns, At safepoint: 42083 ns, Total: 2247791 ns
[2023-07-18T03:22:12.575+0000][1][safepoint    ] Safepoint "Cleanup", Time since last: 1000631668 ns, Reaching safepoint: 1091583 ns, At safepoint: 30000 ns, Total: 1121583 ns
[2023-07-18T03:22:13.580+0000][1][safepoint    ] Safepoint "Cleanup", Time since last: 1001341250 ns, Reaching safepoint: 4102625 ns, At safepoint: 137750 ns, Total: 4240375 ns
[2023-07-18T03:22:14.585+0000][1][safepoint    ] Safepoint "Cleanup", Time since last: 1002807626 ns, Reaching safepoint: 1890542 ns, At safepoint: 107625 ns, Total: 1998167 ns
[2023-07-18T03:22:15.589+0000][1][safepoint    ] Safepoint "Cleanup", Time since last: 1001567792 ns, Reaching safepoint: 2068875 ns, At safepoint: 57958 ns, Total: 2126833 ns
[2023-07-18T03:22:16.592+0000][1][safepoint    ] Safepoint "Cleanup", Time since last: 1000818084 ns, Reaching safepoint: 2281125 ns, At safepoint: 63166 ns, Total: 2344291 ns
[2023-07-18T03:22:17.596+0000][1][safepoint    ] Safepoint "Cleanup", Time since last: 1001336209 ns, Reaching safepoint: 2121750 ns, At safepoint: 57042 ns, Total: 2178792 ns
[2023-07-18T03:22:18.601+0000][1][safepoint    ] Safepoint "Cleanup", Time since last: 1001295459 ns, Reaching safepoint: 4469625 ns, At safepoint: 96375 ns, Total: 4566000 ns
[2023-07-18T03:22:19.605+0000][1][safepoint    ] Safepoint "Cleanup", Time since last: 1000947834 ns, Reaching safepoint: 2426250 ns, At safepoint: 67708 ns, Total: 2493958 ns
[2023-07-18T03:22:20.580+0000][1][safepoint    ] Safepoint "RevokeBias", Time since last: 972943834 ns, Reaching safepoint: 1945125 ns, At safepoint: 422250 ns, Total: 2367375 ns
[2023-07-18T03:22:21.586+0000][1][safepoint    ] Safepoint "Cleanup", Time since last: 1001705875 ns, Reaching safepoint: 4261292 ns, At safepoint: 116083 ns, Total: 4377375 ns
[2023-07-18T03:22:22.592+0000][1][safepoint    ] Safepoint "Cleanup", Time since last: 1001563209 ns, Reaching safepoint: 3970250 ns, At safepoint: 73875 ns, Total: 4044125 ns
[2023-07-18T03:22:23.595+0000][1][safepoint    ] Safepoint "Cleanup", Time since last: 1000826000 ns, Reaching safepoint: 2594834 ns, At safepoint: 124875 ns, Total: 2719709 ns
[2023-07-18T03:22:24.600+0000][1][safepoint    ] Safepoint "Cleanup", Time since last: 1001336917 ns, Reaching safepoint: 3539083 ns, At safepoint: 152542 ns, Total: 3691625 ns
[2023-07-18T03:22:25.607+0000][1][safepoint    ] Safepoint "Cleanup", Time since last: 1003236959 ns, Reaching safepoint: 3305041 ns, At safepoint: 86500 ns, Total: 3391541 ns
[2023-07-18T03:22:26.625+0000][1][safepoint    ] Safepoint "Cleanup", Time since last: 1002127209 ns, Reaching safepoint: 10868750 ns, At safepoint: 457334 ns, Total: 11326084 ns
[2023-07-18T03:22:27.637+0000][1][safepoint    ] Safepoint "Cleanup", Time since last: 1012927000 ns, Reaching safepoint: 3403250 ns, At safepoint: 96625 ns, Total: 3499875 ns
[2023-07-18T03:22:28.639+0000][1][safepoint    ] Safepoint "Cleanup", Time since last: 1001379167 ns, Reaching safepoint: 958459 ns, At safepoint: 39125 ns, Total: 997584 ns
[2023-07-18T03:22:29.642+0000][1][safepoint    ] Safepoint "Cleanup", Time since last: 1000892792 ns, Reaching safepoint: 1408541 ns, At safepoint: 32792 ns, Total: 1441333 ns
[2023-07-18T03:22:30.647+0000][1][safepoint    ] Safepoint "Cleanup", Time since last: 1000661042 ns, Reaching safepoint: 4966292 ns, At safepoint: 53042 ns, Total: 5019334 ns
[2023-07-18T03:22:31.652+0000][1][safepoint    ] Safepoint "Cleanup", Time since last: 1000644542 ns, Reaching safepoint: 4129458 ns, At safepoint: 121708 ns, Total: 4251166 ns
[2023-07-18T03:22:32.655+0000][1][safepoint    ] Safepoint "Cleanup", Time since last: 1001790792 ns, Reaching safepoint: 1442917 ns, At safepoint: 36417 ns, Total: 1479334 ns
[2023-07-18T03:22:33.657+0000][1][safepoint    ] Safepoint "Cleanup", Time since last: 1000820584 ns, Reaching safepoint: 1022375 ns, At safepoint: 33666 ns, Total: 1056041 ns
[2023-07-18T03:22:34.662+0000][1][safepoint    ] Safepoint "Cleanup", Time since last: 1000841126 ns, Reaching safepoint: 3479833 ns, At safepoint: 85583 ns, Total: 3565416 ns
[2023-07-18T03:22:35.664+0000][1][safepoint    ] Safepoint "Cleanup", Time since last: 1001567793 ns, Reaching safepoint: 600708 ns, At safepoint: 20417 ns, Total: 621125 ns
[2023-07-18T03:22:36.669+0000][1][safepoint    ] Safepoint "Cleanup", Time since last: 1001624375 ns, Reaching safepoint: 3050917 ns, At safepoint: 100375 ns, Total: 3151292 ns
[2023-07-18T03:22:37.674+0000][1][safepoint    ] Safepoint "Cleanup", Time since last: 1001659375 ns, Reaching safepoint: 3351584 ns, At safepoint: 85375 ns, Total: 3436959 ns
[2023-07-18T03:22:38.676+0000][1][safepoint    ] Safepoint "Cleanup", Time since last: 1001315875 ns, Reaching safepoint: 783833 ns, At safepoint: 20959 ns, Total: 804792 ns
[2023-07-18T03:22:39.560+0000][1][safepoint    ] Safepoint "RevokeBias", Time since last: 882345375 ns, Reaching safepoint: 534958 ns, At safepoint: 1263625 ns, Total: 1798583 ns
[2023-07-18T03:22:39.596+0000][1][safepoint    ] Safepoint "RevokeBias", Time since last: 34998000 ns, Reaching safepoint: 884292 ns, At safepoint: 222333 ns, Total: 1106625 ns
[2023-07-18T03:22:39.617+0000][1][safepoint    ] Safepoint "RevokeBias", Time since last: 19613625 ns, Reaching safepoint: 1427375 ns, At safepoint: 100834 ns, Total: 1528209 ns
[2023-07-18T03:22:40.619+0000][1][safepoint    ] Safepoint "Cleanup", Time since last: 1000458292 ns, Reaching safepoint: 904208 ns, At safepoint: 23709 ns, Total: 927917 ns
[2023-07-18T03:22:41.625+0000][1][safepoint    ] Safepoint "Cleanup", Time since last: 1003889000 ns, Reaching safepoint: 1886083 ns, At safepoint: 59458 ns, Total: 1945541 ns
[2023-07-18T03:22:42.627+0000][1][safepoint    ] Safepoint "Cleanup", Time since last: 1000956876 ns, Reaching safepoint: 820208 ns, At safepoint: 27000 ns, Total: 847208 ns
[2023-07-18T03:22:43.629+0000][1][safepoint    ] Safepoint "Cleanup", Time since last: 1000892167 ns, Reaching safepoint: 1171334 ns, At safepoint: 28833 ns, Total: 1200167 ns
[2023-07-18T03:22:44.636+0000][1][safepoint    ] Safepoint "Cleanup", Time since last: 1003568959 ns, Reaching safepoint: 3681125 ns, At safepoint: 101042 ns, Total: 3782167 ns
[2023-07-18T03:22:45.641+0000][1][safepoint    ] Safepoint "Cleanup", Time since last: 1002872417 ns, Reaching safepoint: 1902041 ns, At safepoint: 80250 ns, Total: 1982291 ns
[2023-07-18T03:22:46.648+0000][1][safepoint    ] Safepoint "Cleanup", Time since last: 1002765584 ns, Reaching safepoint: 3733917 ns, At safepoint: 94250 ns, Total: 3828167 ns
[2023-07-18T03:22:47.653+0000][1][safepoint    ] Safepoint "Cleanup", Time since last: 1002227292 ns, Reaching safepoint: 3393000 ns, At safepoint: 102250 ns, Total: 3495250 ns
[2023-07-18T03:22:48.658+0000][1][safepoint    ] Safepoint "Cleanup", Time since last: 1001363709 ns, Reaching safepoint: 3150958 ns, At safepoint: 97708 ns, Total: 3248666 ns
[2023-07-18T03:22:49.660+0000][1][safepoint    ] Safepoint "Cleanup", Time since last: 1001204918 ns, Reaching safepoint: 1293250 ns, At safepoint: 30416 ns, Total: 1323666 ns
[2023-07-18T03:22:50.662+0000][1][safepoint    ] Safepoint "Cleanup", Time since last: 1000647292 ns, Reaching safepoint: 701875 ns, At safepoint: 15792 ns, Total: 717667 ns
[2023-07-18T03:22:51.666+0000][1][safepoint    ] Safepoint "Cleanup", Time since last: 1000507876 ns, Reaching safepoint: 3169291 ns, At safepoint: 96792 ns, Total: 3266083 ns
[2023-07-18T03:22:52.668+0000][1][safepoint    ] Safepoint "Cleanup", Time since last: 1001241667 ns, Reaching safepoint: 896667 ns, At safepoint: 16791 ns, Total: 913458 ns
[2023-07-18T03:22:53.672+0000][1][safepoint    ] Safepoint "Cleanup", Time since last: 1000647876 ns, Reaching safepoint: 2976250 ns, At safepoint: 99208 ns, Total: 3075458 ns
[2023-07-18T03:22:54.678+0000][1][safepoint    ] Safepoint "Cleanup", Time since last: 1002754251 ns, Reaching safepoint: 3780083 ns, At safepoint: 111208 ns, Total: 3891291 ns
[2023-07-18T03:22:55.682+0000][1][safepoint    ] Safepoint "Cleanup", Time since last: 1002782084 ns, Reaching safepoint: 955500 ns, At safepoint: 27500 ns, Total: 983000 ns
[2023-07-18T03:22:56.684+0000][1][safepoint    ] Safepoint "Cleanup", Time since last: 1000556167 ns, Reaching safepoint: 1955417 ns, At safepoint: 50667 ns, Total: 2006084 ns
[2023-07-18T03:22:57.688+0000][1][safepoint    ] Safepoint "Cleanup", Time since last: 1001287708 ns, Reaching safepoint: 2622834 ns, At safepoint: 75166 ns, Total: 2698000 ns
[2023-07-18T03:22:58.692+0000][1][safepoint    ] Safepoint "Cleanup", Time since last: 1001129584 ns, Reaching safepoint: 2455000 ns, At safepoint: 41334 ns, Total: 2496334 ns
[2023-07-18T03:22:59.696+0000][1][safepoint    ] Safepoint "Cleanup", Time since last: 1001378875 ns, Reaching safepoint: 2602500 ns, At safepoint: 75375 ns, Total: 2677875 ns
[2023-07-18T03:23:00.540+0000][1][safepoint    ] Safepoint "RevokeBias", Time since last: 841941875 ns, Reaching safepoint: 1711084 ns, At safepoint: 116375 ns, Total: 1827459 ns
[2023-07-18T03:23:01.543+0000][1][safepoint    ] Safepoint "Cleanup", Time since last: 1001713000 ns, Reaching safepoint: 997834 ns, At safepoint: 31458 ns, Total: 1029292 ns
[2023-07-18T03:23:02.546+0000][1][safepoint    ] Safepoint "Cleanup", Time since last: 1001349167 ns, Reaching safepoint: 2301250 ns, At safepoint: 57542 ns, Total: 2358792 ns
[2023-07-18T03:23:03.551+0000][1][safepoint    ] Safepoint "Cleanup", Time since last: 1001701167 ns, Reaching safepoint: 2942083 ns, At safepoint: 97542 ns, Total: 3039625 ns
[2023-07-18T03:23:04.554+0000][1][safepoint    ] Safepoint "Cleanup", Time since last: 1002027084 ns, Reaching safepoint: 951208 ns, At safepoint: 28208 ns, Total: 979416 ns
[2023-07-18T03:23:05.556+0000][1][safepoint    ] Safepoint "Cleanup", Time since last: 1000832543 ns, Reaching safepoint: 869416 ns, At safepoint: 20834 ns, Total: 890250 ns
[2023-07-18T03:23:06.560+0000][1][safepoint    ] Safepoint "Cleanup", Time since last: 1003043583 ns, Reaching safepoint: 1529959 ns, At safepoint: 42166 ns, Total: 1572125 ns
[2023-07-18T03:23:07.565+0000][1][safepoint    ] Safepoint "Cleanup", Time since last: 1003399834 ns, Reaching safepoint: 1355583 ns, At safepoint: 36750 ns, Total: 1392333 ns
[2023-07-18T03:23:08.570+0000][1][safepoint    ] Safepoint "Cleanup", Time since last: 1003200834 ns, Reaching safepoint: 1942375 ns, At safepoint: 57167 ns, Total: 1999542 ns
[2023-07-18T03:23:09.575+0000][1][safepoint    ] Safepoint "Cleanup", Time since last: 1003424459 ns, Reaching safepoint: 1368833 ns, At safepoint: 41208 ns, Total: 1410041 ns
[2023-07-18T03:23:10.578+0000][1][safepoint    ] Safepoint "Cleanup", Time since last: 1000798251 ns, Reaching safepoint: 1662042 ns, At safepoint: 25583 ns, Total: 1687625 ns
[2023-07-18T03:23:11.581+0000][1][safepoint    ] Safepoint "Cleanup", Time since last: 1000684083 ns, Reaching safepoint: 2964041 ns, At safepoint: 66292 ns, Total: 3030333 ns
[2023-07-18T03:23:12.585+0000][1][safepoint    ] Safepoint "Cleanup", Time since last: 1001921834 ns, Reaching safepoint: 1258250 ns, At safepoint: 34708 ns, Total: 1292958 ns
[2023-07-18T03:23:13.586+0000][1][safepoint    ] Safepoint "Cleanup", Time since last: 1000575417 ns, Reaching safepoint: 1023417 ns, At safepoint: 26625 ns, Total: 1050042 ns
[2023-07-18T03:23:14.588+0000][1][safepoint    ] Safepoint "Cleanup", Time since last: 1000648917 ns, Reaching safepoint: 1028750 ns, At safepoint: 27375 ns, Total: 1056125 ns
[2023-07-18T03:23:15.591+0000][1][safepoint    ] Safepoint "Cleanup", Time since last: 1000910126 ns, Reaching safepoint: 2461041 ns, At safepoint: 77000 ns, Total: 2538041 ns
[2023-07-18T03:23:16.597+0000][1][safepoint    ] Safepoint "Cleanup", Time since last: 1001790251 ns, Reaching safepoint: 3582541 ns, At safepoint: 96959 ns, Total: 3679500 ns
[2023-07-18T03:23:17.600+0000][1][safepoint    ] Safepoint "Cleanup", Time since last: 1001803209 ns, Reaching safepoint: 1412291 ns, At safepoint: 41125 ns, Total: 1453416 ns
[2023-07-18T03:23:18.603+0000][1][safepoint    ] Safepoint "Cleanup", Time since last: 1001626751 ns, Reaching safepoint: 1295500 ns, At safepoint: 39083 ns, Total: 1334583 ns
[2023-07-18T03:23:19.606+0000][1][safepoint    ] Safepoint "Cleanup", Time since last: 1001832251 ns, Reaching safepoint: 947458 ns, At safepoint: 24833 ns, Total: 972291 ns
[2023-07-18T03:23:20.579+0000][1][safepoint    ] Safepoint "RevokeBias", Time since last: 971656001 ns, Reaching safepoint: 1611166 ns, At safepoint: 277292 ns, Total: 1888458 ns
[2023-07-18T03:23:21.583+0000][1][safepoint    ] Safepoint "Cleanup", Time since last: 1001437251 ns, Reaching safepoint: 1650166 ns, At safepoint: 38000 ns, Total: 1688166 ns
[2023-07-18T03:23:22.586+0000][1][safepoint    ] Safepoint "Cleanup", Time since last: 1000671792 ns, Reaching safepoint: 2493750 ns, At safepoint: 73042 ns, Total: 2566792 ns
[2023-07-18T03:23:23.588+0000][1][safepoint    ] Safepoint "Cleanup", Time since last: 1001043417 ns, Reaching safepoint: 1399458 ns, At safepoint: 92875 ns, Total: 1492333 ns
[2023-07-18T03:23:24.590+0000][1][safepoint    ] Safepoint "Cleanup", Time since last: 1000810209 ns, Reaching safepoint: 693542 ns, At safepoint: 19250 ns, Total: 712792 ns
[2023-07-18T03:23:25.591+0000][1][safepoint    ] Safepoint "Cleanup", Time since last: 1000658709 ns, Reaching safepoint: 930666 ns, At safepoint: 25959 ns, Total: 956625 ns
[2023-07-18T03:23:26.594+0000][1][safepoint    ] Safepoint "Cleanup", Time since last: 1000694834 ns, Reaching safepoint: 2161416 ns, At safepoint: 32417 ns, Total: 2193833 ns
[2023-07-18T03:23:27.597+0000][1][safepoint    ] Safepoint "Cleanup", Time since last: 1000662084 ns, Reaching safepoint: 2340875 ns, At safepoint: 94791 ns, Total: 2435666 ns
[2023-07-18T03:23:28.599+0000][1][safepoint    ] Safepoint "Cleanup", Time since last: 1000850709 ns, Reaching safepoint: 604625 ns, At safepoint: 14917 ns, Total: 619542 ns
[2023-07-18T03:23:29.600+0000][1][safepoint    ] Safepoint "Cleanup", Time since last: 1000397417 ns, Reaching safepoint: 789250 ns, At safepoint: 44042 ns, Total: 833292 ns
[2023-07-18T03:23:30.602+0000][1][safepoint    ] Safepoint "Cleanup", Time since last: 1000495042 ns, Reaching safepoint: 1479125 ns, At safepoint: 30791 ns, Total: 1509916 ns
[2023-07-18T03:23:31.603+0000][1][safepoint    ] Safepoint "Cleanup", Time since last: 1000462001 ns, Reaching safepoint: 795208 ns, At safepoint: 22084 ns, Total: 817292 ns
[2023-07-18T03:23:32.605+0000][1][safepoint    ] Safepoint "Cleanup", Time since last: 1000743708 ns, Reaching safepoint: 669792 ns, At safepoint: 15333 ns, Total: 685125 ns
[2023-07-18T03:23:33.606+0000][1][safepoint    ] Safepoint "Cleanup", Time since last: 1000457126 ns, Reaching safepoint: 574583 ns, At safepoint: 16834 ns, Total: 591417 ns
[2023-07-18T03:23:34.607+0000][1][safepoint    ] Safepoint "Cleanup", Time since last: 1000415500 ns, Reaching safepoint: 645042 ns, At safepoint: 14458 ns, Total: 659500 ns
[2023-07-18T03:23:35.608+0000][1][safepoint    ] Safepoint "Cleanup", Time since last: 1000433042 ns, Reaching safepoint: 681875 ns, At safepoint: 11584 ns, Total: 693459 ns
[2023-07-18T03:23:36.609+0000][1][safepoint    ] Safepoint "Cleanup", Time since last: 1000434208 ns, Reaching safepoint: 579959 ns, At safepoint: 18041 ns, Total: 598000 ns
[2023-07-18T03:23:37.610+0000][1][safepoint    ] Safepoint "Cleanup", Time since last: 1000395876 ns, Reaching safepoint: 603791 ns, At safepoint: 20500 ns, Total: 624291 ns
[2023-07-18T03:23:38.611+0000][1][safepoint    ] Safepoint "Cleanup", Time since last: 1000418168 ns, Reaching safepoint: 781208 ns, At safepoint: 27167 ns, Total: 808375 ns
[2023-07-18T03:23:39.612+0000][1][safepoint    ] Safepoint "Cleanup", Time since last: 1000572500 ns, Reaching safepoint: 533792 ns, At safepoint: 33541 ns, Total: 567333 ns
[2023-07-18T03:23:40.535+0000][1][safepoint    ] Safepoint "RevokeBias", Time since last: 921684084 ns, Reaching safepoint: 1196042 ns, At safepoint: 164125 ns, Total: 1360167 ns
[2023-07-18T03:23:40.545+0000][1][safepoint    ] Safepoint "RevokeBias", Time since last: 8130542 ns, Reaching safepoint: 729750 ns, At safepoint: 689291 ns, Total: 1419041 ns
[2023-07-18T03:23:40.570+0000][1][safepoint    ] Safepoint "RevokeBias", Time since last: 24237667 ns, Reaching safepoint: 669250 ns, At safepoint: 90292 ns, Total: 759542 ns
[2023-07-18T03:23:40.581+0000][1][safepoint    ] Safepoint "RevokeBias", Time since last: 10203333 ns, Reaching safepoint: 557875 ns, At safepoint: 73500 ns, Total: 631375 ns
[2023-07-18T03:23:40.733+0000][1][gc,start     ] GC(37) Pause Young (Allocation Failure)
[2023-07-18T03:23:40.736+0000][1][gc,task      ] GC(37) Using 4 workers of 4 for evacuation
[2023-07-18T03:23:40.778+0000][1][gc,age       ] GC(37) Desired survivor size 8945664 bytes, new threshold 6 (max threshold 6)
[2023-07-18T03:23:40.778+0000][1][gc,age       ] GC(37) Age table with threshold 6 (max threshold 6)
[2023-07-18T03:23:40.779+0000][1][gc,age       ] GC(37) - age   1:     193728 bytes,     193728 total
[2023-07-18T03:23:40.779+0000][1][gc,age       ] GC(37) - age   2:       3720 bytes,     197448 total
[2023-07-18T03:23:40.779+0000][1][gc,age       ] GC(37) - age   3:      40216 bytes,     237664 total
[2023-07-18T03:23:40.779+0000][1][gc,age       ] GC(37) - age   4:     342352 bytes,     580016 total
[2023-07-18T03:23:40.779+0000][1][gc,age       ] GC(37) - age   5:     239016 bytes,     819032 total
[2023-07-18T03:23:40.779+0000][1][gc,age       ] GC(37) - age   6:     126288 bytes,     945320 total
[2023-07-18T03:23:40.781+0000][1][gc,heap      ] GC(37) ParNew: 141049K->1497K(157248K)
[2023-07-18T03:23:40.781+0000][1][gc,heap      ] GC(37) CMS: 68281K->68284K(349568K)
[2023-07-18T03:23:40.781+0000][1][gc,metaspace ] GC(37) Metaspace: 90994K->90994K(1132544K)
[2023-07-18T03:23:40.782+0000][1][gc           ] GC(37) Pause Young (Allocation Failure) 204M->68M(494M) 48.747ms
[2023-07-18T03:23:40.782+0000][1][gc,cpu       ] GC(37) User=0.06s Sys=0.00s Real=0.05s
[2023-07-18T03:23:40.794+0000][1][safepoint    ] Safepoint "GenCollectForAllocation", Time since last: 146652625 ns, Reaching safepoint: 5245167 ns, At safepoint: 60740458 ns, Total: 65985625 ns
[2023-07-18T03:23:41.801+0000][1][safepoint    ] Safepoint "Cleanup", Time since last: 1005493084 ns, Reaching safepoint: 713875 ns, At safepoint: 38041 ns, Total: 751916 ns
[2023-07-18T03:23:42.802+0000][1][safepoint    ] Safepoint "Cleanup", Time since last: 1000531542 ns, Reaching safepoint: 577709 ns, At safepoint: 13375 ns, Total: 591084 ns
[2023-07-18T03:23:43.803+0000][1][safepoint    ] Safepoint "Cleanup", Time since last: 1000490583 ns, Reaching safepoint: 864375 ns, At safepoint: 23542 ns, Total: 887917 ns
[2023-07-18T03:23:44.804+0000][1][safepoint    ] Safepoint "Cleanup", Time since last: 1000473792 ns, Reaching safepoint: 665209 ns, At safepoint: 16000 ns, Total: 681209 ns
[2023-07-18T03:23:45.806+0000][1][safepoint    ] Safepoint "Cleanup", Time since last: 1001240792 ns, Reaching safepoint: 548000 ns, At safepoint: 21791 ns, Total: 569791 ns
[2023-07-18T03:23:46.807+0000][1][safepoint    ] Safepoint "Cleanup", Time since last: 1000465751 ns, Reaching safepoint: 688875 ns, At safepoint: 20250 ns, Total: 709125 ns
[2023-07-18T03:23:47.809+0000][1][safepoint    ] Safepoint "Cleanup", Time since last: 1000767792 ns, Reaching safepoint: 645042 ns, At safepoint: 15166 ns, Total: 660208 ns
[2023-07-18T03:23:48.810+0000][1][safepoint    ] Safepoint "Cleanup", Time since last: 1000440543 ns, Reaching safepoint: 667083 ns, At safepoint: 20208 ns, Total: 687291 ns
[2023-07-18T03:23:49.811+0000][1][safepoint    ] Safepoint "Cleanup", Time since last: 1000692001 ns, Reaching safepoint: 583833 ns, At safepoint: 22833 ns, Total: 606666 ns
[2023-07-18T03:23:50.575+0000][1][safepoint    ] Safepoint "BulkRevokeBias", Time since last: 758474584 ns, Reaching safepoint: 1999042 ns, At safepoint: 2973291 ns, Total: 4972333 ns
[2023-07-18T03:23:51.577+0000][1][safepoint    ] Safepoint "Cleanup", Time since last: 1001158459 ns, Reaching safepoint: 1035542 ns, At safepoint: 20708 ns, Total: 1056250 ns
[2023-07-18T03:23:52.580+0000][1][safepoint    ] Safepoint "Cleanup", Time since last: 1001608084 ns, Reaching safepoint: 1544375 ns, At safepoint: 54917 ns, Total: 1599292 ns
[2023-07-18T03:23:53.585+0000][1][safepoint    ] Safepoint "Cleanup", Time since last: 1000944792 ns, Reaching safepoint: 3840083 ns, At safepoint: 167083 ns, Total: 4007166 ns
[2023-07-18T03:23:54.588+0000][1][safepoint    ] Safepoint "Cleanup", Time since last: 1001149459 ns, Reaching safepoint: 1328625 ns, At safepoint: 48542 ns, Total: 1377167 ns
[2023-07-18T03:23:55.591+0000][1][safepoint    ] Safepoint "Cleanup", Time since last: 1001446000 ns, Reaching safepoint: 1707500 ns, At safepoint: 32417 ns, Total: 1739917 ns
[2023-07-18T03:23:56.594+0000][1][safepoint    ] Safepoint "Cleanup", Time since last: 1001139917 ns, Reaching safepoint: 2042459 ns, At safepoint: 53041 ns, Total: 2095500 ns
[2023-07-18T03:23:57.597+0000][1][safepoint    ] Safepoint "Cleanup", Time since last: 1001047501 ns, Reaching safepoint: 1479875 ns, At safepoint: 37958 ns, Total: 1517833 ns
[2023-07-18T03:23:58.599+0000][1][safepoint    ] Safepoint "Cleanup", Time since last: 1000852084 ns, Reaching safepoint: 1426875 ns, At safepoint: 37917 ns, Total: 1464792 ns
[2023-07-18T03:23:59.602+0000][1][safepoint    ] Safepoint "Cleanup", Time since last: 1002649167 ns, Reaching safepoint: 813708 ns, At safepoint: 27542 ns, Total: 841250 ns
[2023-07-18T03:24:00.606+0000][1][safepoint    ] Safepoint "Cleanup", Time since last: 1002294917 ns, Reaching safepoint: 1140333 ns, At safepoint: 18792 ns, Total: 1159125 ns
[2023-07-18T03:24:01.611+0000][1][safepoint    ] Safepoint "Cleanup", Time since last: 1001967375 ns, Reaching safepoint: 3457500 ns, At safepoint: 108584 ns, Total: 3566084 ns
[2023-07-18T03:24:02.617+0000][1][safepoint    ] Safepoint "Cleanup", Time since last: 1001961417 ns, Reaching safepoint: 3315875 ns, At safepoint: 93458 ns, Total: 3409333 ns
[2023-07-18T03:24:03.622+0000][1][safepoint    ] Safepoint "Cleanup", Time since last: 1002409917 ns, Reaching safepoint: 2852709 ns, At safepoint: 84958 ns, Total: 2937667 ns
[2023-07-18T03:24:04.625+0000][1][safepoint    ] Safepoint "Cleanup", Time since last: 1001505500 ns, Reaching safepoint: 1500875 ns, At safepoint: 35167 ns, Total: 1536042 ns
[2023-07-18T03:24:05.629+0000][1][safepoint    ] Safepoint "Cleanup", Time since last: 1000819209 ns, Reaching safepoint: 2575000 ns, At safepoint: 66375 ns, Total: 2641375 ns
[2023-07-18T03:24:06.633+0000][1][safepoint    ] Safepoint "Cleanup", Time since last: 1001036292 ns, Reaching safepoint: 3074000 ns, At safepoint: 102500 ns, Total: 3176500 ns
[2023-07-18T03:24:07.637+0000][1][safepoint    ] Safepoint "Cleanup", Time since last: 1001455959 ns, Reaching safepoint: 2724083 ns, At safepoint: 109792 ns, Total: 2833875 ns
[2023-07-18T03:24:08.641+0000][1][safepoint    ] Safepoint "Cleanup", Time since last: 1001082292 ns, Reaching safepoint: 2552125 ns, At safepoint: 61750 ns, Total: 2613875 ns
[2023-07-18T03:24:09.643+0000][1][safepoint    ] Safepoint "Cleanup", Time since last: 1000986625 ns, Reaching safepoint: 1569209 ns, At safepoint: 43041 ns, Total: 1612250 ns
[2023-07-18T03:24:10.602+0000][1][safepoint    ] Safepoint "RevokeBias", Time since last: 957178334 ns, Reaching safepoint: 1475417 ns, At safepoint: 129083 ns, Total: 1604500 ns
[2023-07-18T03:24:11.607+0000][1][safepoint    ] Safepoint "Cleanup", Time since last: 1000758750 ns, Reaching safepoint: 4011125 ns, At safepoint: 84750 ns, Total: 4095875 ns
[2023-07-18T03:24:12.611+0000][1][safepoint    ] Safepoint "Cleanup", Time since last: 1001286959 ns, Reaching safepoint: 2342584 ns, At safepoint: 71916 ns, Total: 2414500 ns
[2023-07-18T03:24:13.617+0000][1][safepoint    ] Safepoint "Cleanup", Time since last: 1001211459 ns, Reaching safepoint: 5157417 ns, At safepoint: 101750 ns, Total: 5259167 ns
[2023-07-18T03:24:14.622+0000][1][safepoint    ] Safepoint "Cleanup", Time since last: 1001785959 ns, Reaching safepoint: 3254166 ns, At safepoint: 68750 ns, Total: 3322916 ns
[2023-07-18T03:24:15.625+0000][1][safepoint    ] Safepoint "Cleanup", Time since last: 1001228626 ns, Reaching safepoint: 1080083 ns, At safepoint: 30583 ns, Total: 1110666 ns
[2023-07-18T03:24:16.631+0000][1][safepoint    ] Safepoint "Cleanup", Time since last: 1001554917 ns, Reaching safepoint: 4526709 ns, At safepoint: 125416 ns, Total: 4652125 ns
[2023-07-18T03:24:17.106+0000][1][safepoint    ] Safepoint "RevokeBias", Time since last: 473909084 ns, Reaching safepoint: 953125 ns, At safepoint: 104875 ns, Total: 1058000 ns
[2023-07-18T03:24:17.125+0000][1][safepoint    ] Safepoint "RevokeBias", Time since last: 17783417 ns, Reaching safepoint: 976833 ns, At safepoint: 86875 ns, Total: 1063708 ns
[2023-07-18T03:24:17.180+0000][1][safepoint    ] Safepoint "RevokeBias", Time since last: 54416375 ns, Reaching safepoint: 934125 ns, At safepoint: 111917 ns, Total: 1046042 ns
[2023-07-18T03:24:17.182+0000][1][safepoint    ] Safepoint "RevokeBias", Time since last: 1203750 ns, Reaching safepoint: 454375 ns, At safepoint: 43791 ns, Total: 498166 ns
[2023-07-18T03:24:17.185+0000][1][safepoint    ] Safepoint "RevokeBias", Time since last: 2116834 ns, Reaching safepoint: 1011291 ns, At safepoint: 76125 ns, Total: 1087416 ns
[2023-07-18T03:24:17.971+0000][1][safepoint    ] Safepoint "BulkRevokeBias", Time since last: 780609959 ns, Reaching safepoint: 1499625 ns, At safepoint: 4139333 ns, Total: 5638958 ns
[2023-07-18T03:24:17.982+0000][1][safepoint    ] Safepoint "BulkRevokeBias", Time since last: 6911959 ns, Reaching safepoint: 1310541 ns, At safepoint: 2165917 ns, Total: 3476458 ns
[2023-07-18T03:24:17.986+0000][1][safepoint    ] Safepoint "RevokeBias", Time since last: 2969500 ns, Reaching safepoint: 1227167 ns, At safepoint: 101625 ns, Total: 1328792 ns
[2023-07-18T03:24:18.027+0000][1][safepoint    ] Safepoint "RevokeBias", Time since last: 39527333 ns, Reaching safepoint: 1123375 ns, At safepoint: 206875 ns, Total: 1330250 ns
[2023-07-18T03:24:19.032+0000][1][safepoint    ] Safepoint "Cleanup", Time since last: 1000556834 ns, Reaching safepoint: 4342917 ns, At safepoint: 122500 ns, Total: 4465417 ns
[2023-07-18T03:24:20.038+0000][1][safepoint    ] Safepoint "Cleanup", Time since last: 1002739083 ns, Reaching safepoint: 3427209 ns, At safepoint: 174333 ns, Total: 3601542 ns
[2023-07-18T03:24:21.043+0000][1][safepoint    ] Safepoint "Cleanup", Time since last: 1002939792 ns, Reaching safepoint: 2005000 ns, At safepoint: 64459 ns, Total: 2069459 ns
[2023-07-18T03:24:22.048+0000][1][safepoint    ] Safepoint "Cleanup", Time since last: 1001960042 ns, Reaching safepoint: 2779041 ns, At safepoint: 85042 ns, Total: 2864083 ns
[2023-07-18T03:24:23.054+0000][1][safepoint    ] Safepoint "Cleanup", Time since last: 1002001084 ns, Reaching safepoint: 3740583 ns, At safepoint: 119084 ns, Total: 3859667 ns
[2023-07-18T03:24:24.060+0000][1][safepoint    ] Safepoint "Cleanup", Time since last: 1002212500 ns, Reaching safepoint: 3920542 ns, At safepoint: 108625 ns, Total: 4029167 ns
[2023-07-18T03:24:25.064+0000][1][safepoint    ] Safepoint "Cleanup", Time since last: 1002248292 ns, Reaching safepoint: 1458791 ns, At safepoint: 34459 ns, Total: 1493250 ns
[2023-07-18T03:24:26.066+0000][1][safepoint    ] Safepoint "Cleanup", Time since last: 1000823417 ns, Reaching safepoint: 663542 ns, At safepoint: 17500 ns, Total: 681042 ns
[2023-07-18T03:24:27.067+0000][1][safepoint    ] Safepoint "Cleanup", Time since last: 1000345292 ns, Reaching safepoint: 1051833 ns, At safepoint: 26625 ns, Total: 1078458 ns
[2023-07-18T03:24:28.069+0000][1][safepoint    ] Safepoint "Cleanup", Time since last: 1000760667 ns, Reaching safepoint: 1591667 ns, At safepoint: 62000 ns, Total: 1653667 ns
[2023-07-18T03:24:29.073+0000][1][safepoint    ] Safepoint "Cleanup", Time since last: 1000851375 ns, Reaching safepoint: 2207709 ns, At safepoint: 81041 ns, Total: 2288750 ns
[2023-07-18T03:24:30.078+0000][1][safepoint    ] Safepoint "Cleanup", Time since last: 1003007376 ns, Reaching safepoint: 2266208 ns, At safepoint: 61959 ns, Total: 2328167 ns
[2023-07-18T03:24:30.581+0000][1][safepoint    ] Safepoint "RevokeBias", Time since last: 500897250 ns, Reaching safepoint: 1744333 ns, At safepoint: 316042 ns, Total: 2060375 ns
[2023-07-18T03:24:31.584+0000][1][safepoint    ] Safepoint "Cleanup", Time since last: 1000649584 ns, Reaching safepoint: 2029208 ns, At safepoint: 49000 ns, Total: 2078208 ns
[2023-07-18T03:24:32.588+0000][1][safepoint    ] Safepoint "Cleanup", Time since last: 1001998709 ns, Reaching safepoint: 2616041 ns, At safepoint: 91250 ns, Total: 2707291 ns
[2023-07-18T03:24:33.592+0000][1][safepoint    ] Safepoint "Cleanup", Time since last: 1001704043 ns, Reaching safepoint: 1563375 ns, At safepoint: 47208 ns, Total: 1610583 ns
[2023-07-18T03:24:34.594+0000][1][safepoint    ] Safepoint "Cleanup", Time since last: 1001176834 ns, Reaching safepoint: 1493958 ns, At safepoint: 37833 ns, Total: 1531791 ns
[2023-07-18T03:24:35.596+0000][1][safepoint    ] Safepoint "Cleanup", Time since last: 1001183043 ns, Reaching safepoint: 902208 ns, At safepoint: 19042 ns, Total: 921250 ns
[2023-07-18T03:24:36.601+0000][1][safepoint    ] Safepoint "Cleanup", Time since last: 1000753542 ns, Reaching safepoint: 3373625 ns, At safepoint: 121625 ns, Total: 3495250 ns
[2023-07-18T03:24:37.607+0000][1][safepoint    ] Safepoint "Cleanup", Time since last: 1002409625 ns, Reaching safepoint: 3532792 ns, At safepoint: 138291 ns, Total: 3671083 ns
[2023-07-18T03:24:38.611+0000][1][safepoint    ] Safepoint "Cleanup", Time since last: 1001160251 ns, Reaching safepoint: 3162333 ns, At safepoint: 79625 ns, Total: 3241958 ns
[2023-07-18T03:24:39.616+0000][1][safepoint    ] Safepoint "Cleanup", Time since last: 1003084626 ns, Reaching safepoint: 1548666 ns, At safepoint: 48750 ns, Total: 1597416 ns
[2023-07-18T03:24:40.618+0000][1][safepoint    ] Safepoint "Cleanup", Time since last: 1000700876 ns, Reaching safepoint: 1229208 ns, At safepoint: 25000 ns, Total: 1254208 ns
[2023-07-18T03:24:41.621+0000][1][safepoint    ] Safepoint "Cleanup", Time since last: 1001001041 ns, Reaching safepoint: 1918042 ns, At safepoint: 40917 ns, Total: 1958959 ns
[2023-07-18T03:24:42.623+0000][1][safepoint    ] Safepoint "Cleanup", Time since last: 1000762750 ns, Reaching safepoint: 726292 ns, At safepoint: 23917 ns, Total: 750209 ns
[2023-07-18T03:24:43.627+0000][1][safepoint    ] Safepoint "Cleanup", Time since last: 1000880083 ns, Reaching safepoint: 3564417 ns, At safepoint: 90833 ns, Total: 3655250 ns
[2023-07-18T03:24:44.631+0000][1][safepoint    ] Safepoint "Cleanup", Time since last: 1001780168 ns, Reaching safepoint: 1641041 ns, At safepoint: 38417 ns, Total: 1679458 ns
[2023-07-18T03:24:45.634+0000][1][safepoint    ] Safepoint "Cleanup", Time since last: 1001572792 ns, Reaching safepoint: 1524292 ns, At safepoint: 40708 ns, Total: 1565000 ns
[2023-07-18T03:24:46.639+0000][1][safepoint    ] Safepoint "Cleanup", Time since last: 1001755875 ns, Reaching safepoint: 3213209 ns, At safepoint: 82416 ns, Total: 3295625 ns
[2023-07-18T03:24:47.643+0000][1][safepoint    ] Safepoint "Cleanup", Time since last: 1001443668 ns, Reaching safepoint: 2954541 ns, At safepoint: 71042 ns, Total: 3025583 ns
[2023-07-18T03:24:48.648+0000][1][safepoint    ] Safepoint "Cleanup", Time since last: 1001922709 ns, Reaching safepoint: 2712333 ns, At safepoint: 60458 ns, Total: 2772791 ns
[2023-07-18T03:24:49.651+0000][1][safepoint    ] Safepoint "Cleanup", Time since last: 1001317543 ns, Reaching safepoint: 1466833 ns, At safepoint: 33792 ns, Total: 1500625 ns
[2023-07-18T03:24:50.594+0000][1][safepoint    ] Safepoint "RevokeBias", Time since last: 941649542 ns, Reaching safepoint: 1585125 ns, At safepoint: 364208 ns, Total: 1949333 ns
[2023-07-18T03:24:51.597+0000][1][safepoint    ] Safepoint "Cleanup", Time since last: 1000894501 ns, Reaching safepoint: 1687916 ns, At safepoint: 37542 ns, Total: 1725458 ns
[2023-07-18T03:24:52.600+0000][1][safepoint    ] Safepoint "Cleanup", Time since last: 1001308000 ns, Reaching safepoint: 1312125 ns, At safepoint: 35500 ns, Total: 1347625 ns
[2023-07-18T03:24:53.604+0000][1][safepoint    ] Safepoint "Cleanup", Time since last: 1001200459 ns, Reaching safepoint: 2581750 ns, At safepoint: 103500 ns, Total: 2685250 ns
[2023-07-18T03:24:54.606+0000][1][safepoint    ] Safepoint "Cleanup", Time since last: 1000999667 ns, Reaching safepoint: 1931417 ns, At safepoint: 46542 ns, Total: 1977959 ns
[2023-07-18T03:24:55.609+0000][1][safepoint    ] Safepoint "Cleanup", Time since last: 1001229375 ns, Reaching safepoint: 1155042 ns, At safepoint: 29250 ns, Total: 1184292 ns
[2023-07-18T03:24:56.613+0000][1][safepoint    ] Safepoint "Cleanup", Time since last: 1000971292 ns, Reaching safepoint: 3220417 ns, At safepoint: 68500 ns, Total: 3288917 ns
[2023-07-18T03:24:57.619+0000][1][safepoint    ] Safepoint "Cleanup", Time since last: 1002170458 ns, Reaching safepoint: 3259250 ns, At safepoint: 94042 ns, Total: 3353292 ns
[2023-07-18T03:24:58.622+0000][1][safepoint    ] Safepoint "Cleanup", Time since last: 1001295209 ns, Reaching safepoint: 1975875 ns, At safepoint: 65042 ns, Total: 2040917 ns
[2023-07-18T03:24:59.625+0000][1][safepoint    ] Safepoint "Cleanup", Time since last: 1001202250 ns, Reaching safepoint: 1690958 ns, At safepoint: 42250 ns, Total: 1733208 ns
[2023-07-18T03:25:00.627+0000][1][safepoint    ] Safepoint "Cleanup", Time since last: 1000800834 ns, Reaching safepoint: 1130000 ns, At safepoint: 22792 ns, Total: 1152792 ns
[2023-07-18T03:25:01.628+0000][1][safepoint    ] Safepoint "Cleanup", Time since last: 1000446250 ns, Reaching safepoint: 1057834 ns, At safepoint: 24333 ns, Total: 1082167 ns
[2023-07-18T03:25:02.632+0000][1][safepoint    ] Safepoint "Cleanup", Time since last: 1000842334 ns, Reaching safepoint: 2700125 ns, At safepoint: 101375 ns, Total: 2801500 ns
[2023-07-18T03:25:03.636+0000][1][safepoint    ] Safepoint "Cleanup", Time since last: 1001872917 ns, Reaching safepoint: 1953375 ns, At safepoint: 64917 ns, Total: 2018292 ns
[2023-07-18T03:25:04.638+0000][1][safepoint    ] Safepoint "Cleanup", Time since last: 1001080708 ns, Reaching safepoint: 1243667 ns, At safepoint: 46208 ns, Total: 1289875 ns
[2023-07-18T03:25:05.642+0000][1][safepoint    ] Safepoint "Cleanup", Time since last: 1001741376 ns, Reaching safepoint: 1387750 ns, At safepoint: 32792 ns, Total: 1420542 ns
[2023-07-18T03:25:06.644+0000][1][safepoint    ] Safepoint "Cleanup", Time since last: 1000758167 ns, Reaching safepoint: 1470875 ns, At safepoint: 36875 ns, Total: 1507750 ns
[2023-07-18T03:25:07.648+0000][1][safepoint    ] Safepoint "Cleanup", Time since last: 1001824125 ns, Reaching safepoint: 2247167 ns, At safepoint: 77416 ns, Total: 2324583 ns
[2023-07-18T03:25:08.653+0000][1][safepoint    ] Safepoint "Cleanup", Time since last: 1001182168 ns, Reaching safepoint: 4018541 ns, At safepoint: 111834 ns, Total: 4130375 ns
[2023-07-18T03:25:09.659+0000][1][safepoint    ] Safepoint "Cleanup", Time since last: 1002984083 ns, Reaching safepoint: 2503375 ns, At safepoint: 92417 ns, Total: 2595792 ns
[2023-07-18T03:25:10.588+0000][1][safepoint    ] Safepoint "RevokeBias", Time since last: 928148167 ns, Reaching safepoint: 1380292 ns, At safepoint: 99250 ns, Total: 1479542 ns
[2023-07-18T03:25:10.677+0000][1][safepoint    ] Safepoint "RevokeBias", Time since last: 87588750 ns, Reaching safepoint: 567958 ns, At safepoint: 71084 ns, Total: 639042 ns
[2023-07-18T03:25:10.682+0000][1][safepoint    ] Safepoint "RevokeBias", Time since last: 3664750 ns, Reaching safepoint: 1345041 ns, At safepoint: 81417 ns, Total: 1426458 ns
[2023-07-18T03:25:10.751+0000][1][safepoint    ] Safepoint "RevokeBias", Time since last: 68046250 ns, Reaching safepoint: 795958 ns, At safepoint: 123667 ns, Total: 919625 ns
[2023-07-18T03:25:10.761+0000][1][safepoint    ] Safepoint "RevokeBias", Time since last: 8288000 ns, Reaching safepoint: 1540917 ns, At safepoint: 131083 ns, Total: 1672000 ns
[2023-07-18T03:25:10.775+0000][1][safepoint    ] Safepoint "RevokeBias", Time since last: 12839667 ns, Reaching safepoint: 1028500 ns, At safepoint: 84791 ns, Total: 1113291 ns
[2023-07-18T03:25:11.780+0000][1][safepoint    ] Safepoint "Cleanup", Time since last: 1000822958 ns, Reaching safepoint: 3418292 ns, At safepoint: 95625 ns, Total: 3513917 ns
[2023-07-18T03:25:12.784+0000][1][safepoint    ] Safepoint "Cleanup", Time since last: 1001873834 ns, Reaching safepoint: 2862125 ns, At safepoint: 87125 ns, Total: 2949250 ns
[2023-07-18T03:25:13.791+0000][1][safepoint    ] Safepoint "Cleanup", Time since last: 1003880209 ns, Reaching safepoint: 2675875 ns, At safepoint: 63333 ns, Total: 2739208 ns
[2023-07-18T03:25:14.797+0000][1][safepoint    ] Safepoint "Cleanup", Time since last: 1002311292 ns, Reaching safepoint: 3807292 ns, At safepoint: 105833 ns, Total: 3913125 ns
[2023-07-18T03:25:15.807+0000][1][safepoint    ] Safepoint "Cleanup", Time since last: 1007491542 ns, Reaching safepoint: 1884875 ns, At safepoint: 54250 ns, Total: 1939125 ns
[2023-07-18T03:25:16.810+0000][1][safepoint    ] Safepoint "Cleanup", Time since last: 1001223084 ns, Reaching safepoint: 2076375 ns, At safepoint: 73000 ns, Total: 2149375 ns
[2023-07-18T03:25:17.814+0000][1][safepoint    ] Safepoint "Cleanup", Time since last: 1001155709 ns, Reaching safepoint: 2647417 ns, At safepoint: 162583 ns, Total: 2810000 ns
[2023-07-18T03:25:18.818+0000][1][safepoint    ] Safepoint "Cleanup", Time since last: 1001910542 ns, Reaching safepoint: 2418542 ns, At safepoint: 64292 ns, Total: 2482834 ns
[2023-07-18T03:25:19.823+0000][1][safepoint    ] Safepoint "Cleanup", Time since last: 1002342500 ns, Reaching safepoint: 2708375 ns, At safepoint: 80167 ns, Total: 2788542 ns
[2023-07-18T03:25:20.826+0000][1][safepoint    ] Safepoint "Cleanup", Time since last: 1001453792 ns, Reaching safepoint: 1166083 ns, At safepoint: 27583 ns, Total: 1193666 ns
[2023-07-18T03:25:21.828+0000][1][safepoint    ] Safepoint "Cleanup", Time since last: 1000945168 ns, Reaching safepoint: 1503125 ns, At safepoint: 32750 ns, Total: 1535875 ns
[2023-07-18T03:25:22.831+0000][1][safepoint    ] Safepoint "Cleanup", Time since last: 1000843250 ns, Reaching safepoint: 1862167 ns, At safepoint: 50916 ns, Total: 1913083 ns
[2023-07-18T03:25:23.836+0000][1][safepoint    ] Safepoint "Cleanup", Time since last: 1001468084 ns, Reaching safepoint: 3317000 ns, At safepoint: 103375 ns, Total: 3420375 ns
[2023-07-18T03:25:24.839+0000][1][safepoint    ] Safepoint "Cleanup", Time since last: 1001265084 ns, Reaching safepoint: 1113667 ns, At safepoint: 26208 ns, Total: 1139875 ns
[2023-07-18T03:25:25.843+0000][1][safepoint    ] Safepoint "Cleanup", Time since last: 1001393042 ns, Reaching safepoint: 2708500 ns, At safepoint: 90167 ns, Total: 2798667 ns
[2023-07-18T03:25:26.845+0000][1][safepoint    ] Safepoint "Cleanup", Time since last: 1001229709 ns, Reaching safepoint: 880625 ns, At safepoint: 26750 ns, Total: 907375 ns
[2023-07-18T03:25:27.849+0000][1][safepoint    ] Safepoint "Cleanup", Time since last: 1001349125 ns, Reaching safepoint: 2463292 ns, At safepoint: 117875 ns, Total: 2581167 ns
[2023-07-18T03:25:28.855+0000][1][safepoint    ] Safepoint "Cleanup", Time since last: 1000932084 ns, Reaching safepoint: 4508250 ns, At safepoint: 114208 ns, Total: 4622458 ns
[2023-07-18T03:25:29.859+0000][1][safepoint    ] Safepoint "Cleanup", Time since last: 1002717084 ns, Reaching safepoint: 1750166 ns, At safepoint: 50917 ns, Total: 1801083 ns
[2023-07-18T03:25:30.639+0000][1][safepoint    ] Safepoint "RevokeBias", Time since last: 777443750 ns, Reaching safepoint: 2174334 ns, At safepoint: 306791 ns, Total: 2481125 ns
[2023-07-18T03:25:31.643+0000][1][safepoint    ] Safepoint "Cleanup", Time since last: 1001148918 ns, Reaching safepoint: 3240791 ns, At safepoint: 97292 ns, Total: 3338083 ns
[2023-07-18T03:25:32.646+0000][1][safepoint    ] Safepoint "Cleanup", Time since last: 1001400542 ns, Reaching safepoint: 1172500 ns, At safepoint: 28542 ns, Total: 1201042 ns
[2023-07-18T03:25:33.649+0000][1][safepoint    ] Safepoint "Cleanup", Time since last: 1000980167 ns, Reaching safepoint: 1902000 ns, At safepoint: 54000 ns, Total: 1956000 ns
[2023-07-18T03:25:34.653+0000][1][safepoint    ] Safepoint "Cleanup", Time since last: 1000993625 ns, Reaching safepoint: 3378167 ns, At safepoint: 100792 ns, Total: 3478959 ns
[2023-07-18T03:25:35.658+0000][1][safepoint    ] Safepoint "Cleanup", Time since last: 1001454584 ns, Reaching safepoint: 3397375 ns, At safepoint: 90500 ns, Total: 3487875 ns
[2023-07-18T03:25:36.663+0000][1][safepoint    ] Safepoint "Cleanup", Time since last: 1001482000 ns, Reaching safepoint: 2755792 ns, At safepoint: 62083 ns, Total: 2817875 ns
[2023-07-18T03:25:37.666+0000][1][safepoint    ] Safepoint "Cleanup", Time since last: 1000975542 ns, Reaching safepoint: 2710459 ns, At safepoint: 108083 ns, Total: 2818542 ns
[2023-07-18T03:25:38.673+0000][1][safepoint    ] Safepoint "Cleanup", Time since last: 1003175042 ns, Reaching safepoint: 3428125 ns, At safepoint: 98458 ns, Total: 3526583 ns
[2023-07-18T03:25:39.678+0000][1][safepoint    ] Safepoint "Cleanup", Time since last: 1001118501 ns, Reaching safepoint: 3856166 ns, At safepoint: 90084 ns, Total: 3946250 ns
[2023-07-18T03:25:39.978+0000][1][gc,start     ] GC(38) Pause Young (Allocation Failure)
[2023-07-18T03:25:39.979+0000][1][gc,task      ] GC(38) Using 4 workers of 4 for evacuation
[2023-07-18T03:25:40.006+0000][1][gc,age       ] GC(38) Desired survivor size 8945664 bytes, new threshold 6 (max threshold 6)
[2023-07-18T03:25:40.006+0000][1][gc,age       ] GC(38) Age table with threshold 6 (max threshold 6)
[2023-07-18T03:25:40.006+0000][1][gc,age       ] GC(38) - age   1:     109168 bytes,     109168 total
[2023-07-18T03:25:40.007+0000][1][gc,age       ] GC(38) - age   2:      34384 bytes,     143552 total
[2023-07-18T03:25:40.007+0000][1][gc,age       ] GC(38) - age   3:       3544 bytes,     147096 total
[2023-07-18T03:25:40.007+0000][1][gc,age       ] GC(38) - age   4:      40216 bytes,     187312 total
[2023-07-18T03:25:40.007+0000][1][gc,age       ] GC(38) - age   5:     269880 bytes,     457192 total
[2023-07-18T03:25:40.007+0000][1][gc,age       ] GC(38) - age   6:     239016 bytes,     696208 total
[2023-07-18T03:25:40.008+0000][1][gc,heap      ] GC(38) ParNew: 141273K->1132K(157248K)
[2023-07-18T03:25:40.008+0000][1][gc,heap      ] GC(38) CMS: 68284K->68407K(349568K)
[2023-07-18T03:25:40.008+0000][1][gc,metaspace ] GC(38) Metaspace: 91018K->91018K(1132544K)
[2023-07-18T03:25:40.008+0000][1][gc           ] GC(38) Pause Young (Allocation Failure) 204M->67M(494M) 30.434ms
[2023-07-18T03:25:40.009+0000][1][gc,cpu       ] GC(38) User=0.07s Sys=0.01s Real=0.04s
[2023-07-18T03:25:40.009+0000][1][safepoint    ] Safepoint "GenCollectForAllocation", Time since last: 297087250 ns, Reaching safepoint: 2625583 ns, At safepoint: 31023792 ns, Total: 33649375 ns
[2023-07-18T03:25:41.012+0000][1][safepoint    ] Safepoint "Cleanup", Time since last: 1000357084 ns, Reaching safepoint: 2550375 ns, At safepoint: 80500 ns, Total: 2630875 ns
[2023-07-18T03:25:42.018+0000][1][safepoint    ] Safepoint "Cleanup", Time since last: 1001242542 ns, Reaching safepoint: 4504375 ns, At safepoint: 102125 ns, Total: 4606500 ns
[2023-07-18T03:25:43.024+0000][1][safepoint    ] Safepoint "Cleanup", Time since last: 1002582833 ns, Reaching safepoint: 2965125 ns, At safepoint: 70625 ns, Total: 3035750 ns
[2023-07-18T03:25:44.026+0000][1][safepoint    ] Safepoint "Cleanup", Time since last: 1001178709 ns, Reaching safepoint: 1456584 ns, At safepoint: 37500 ns, Total: 1494084 ns
[2023-07-18T03:25:45.032+0000][1][safepoint    ] Safepoint "Cleanup", Time since last: 1001932542 ns, Reaching safepoint: 3319458 ns, At safepoint: 95000 ns, Total: 3414458 ns
[2023-07-18T03:25:46.036+0000][1][safepoint    ] Safepoint "Cleanup", Time since last: 1001605126 ns, Reaching safepoint: 2146416 ns, At safepoint: 159834 ns, Total: 2306250 ns
[2023-07-18T03:25:47.040+0000][1][safepoint    ] Safepoint "Cleanup", Time since last: 1001113583 ns, Reaching safepoint: 3428334 ns, At safepoint: 101083 ns, Total: 3529417 ns
[2023-07-18T03:25:48.044+0000][1][safepoint    ] Safepoint "Cleanup", Time since last: 1002506500 ns, Reaching safepoint: 1429500 ns, At safepoint: 28625 ns, Total: 1458125 ns
[2023-07-18T03:25:49.048+0000][1][safepoint    ] Safepoint "Cleanup", Time since last: 1000706751 ns, Reaching safepoint: 2741042 ns, At safepoint: 74208 ns, Total: 2815250 ns
[2023-07-18T03:25:50.053+0000][1][safepoint    ] Safepoint "Cleanup", Time since last: 1001209750 ns, Reaching safepoint: 4141375 ns, At safepoint: 372125 ns, Total: 4513500 ns
[2023-07-18T03:25:50.608+0000][1][safepoint    ] Safepoint "RevokeBias", Time since last: 552135584 ns, Reaching safepoint: 1971542 ns, At safepoint: 458041 ns, Total: 2429583 ns
[2023-07-18T03:25:51.614+0000][1][safepoint    ] Safepoint "Cleanup", Time since last: 1003459168 ns, Reaching safepoint: 2748416 ns, At safepoint: 111375 ns, Total: 2859791 ns
[2023-07-18T03:25:52.618+0000][1][safepoint    ] Safepoint "Cleanup", Time since last: 1000945459 ns, Reaching safepoint: 2410625 ns, At safepoint: 47542 ns, Total: 2458167 ns
[2023-07-18T03:25:53.619+0000][1][safepoint    ] Safepoint "Cleanup", Time since last: 1000691458 ns, Reaching safepoint: 677167 ns, At safepoint: 17667 ns, Total: 694834 ns
[2023-07-18T03:25:54.623+0000][1][safepoint    ] Safepoint "Cleanup", Time since last: 1001280542 ns, Reaching safepoint: 2837875 ns, At safepoint: 109250 ns, Total: 2947125 ns
[2023-07-18T03:25:55.625+0000][1][safepoint    ] Safepoint "Cleanup", Time since last: 1001427167 ns, Reaching safepoint: 607125 ns, At safepoint: 19292 ns, Total: 626417 ns
[2023-07-18T03:25:56.629+0000][1][safepoint    ] Safepoint "Cleanup", Time since last: 1001289042 ns, Reaching safepoint: 2277542 ns, At safepoint: 68416 ns, Total: 2345958 ns
[2023-07-18T03:25:57.632+0000][1][safepoint    ] Safepoint "Cleanup", Time since last: 1002014751 ns, Reaching safepoint: 1121875 ns, At safepoint: 31125 ns, Total: 1153000 ns
[2023-07-18T03:25:58.634+0000][1][safepoint    ] Safepoint "Cleanup", Time since last: 1000745625 ns, Reaching safepoint: 1302375 ns, At safepoint: 37125 ns, Total: 1339500 ns
[2023-07-18T03:25:59.637+0000][1][safepoint    ] Safepoint "Cleanup", Time since last: 1000805292 ns, Reaching safepoint: 1559167 ns, At safepoint: 50417 ns, Total: 1609584 ns
[2023-07-18T03:26:00.639+0000][1][safepoint    ] Safepoint "Cleanup", Time since last: 1001009750 ns, Reaching safepoint: 1524333 ns, At safepoint: 22709 ns, Total: 1547042 ns
[2023-07-18T03:26:01.642+0000][1][safepoint    ] Safepoint "Cleanup", Time since last: 1000487584 ns, Reaching safepoint: 1959083 ns, At safepoint: 45958 ns, Total: 2005041 ns
[2023-07-18T03:26:02.644+0000][1][safepoint    ] Safepoint "Cleanup", Time since last: 1000905251 ns, Reaching safepoint: 1296583 ns, At safepoint: 31000 ns, Total: 1327583 ns
[2023-07-18T03:26:03.648+0000][1][safepoint    ] Safepoint "Cleanup", Time since last: 1001602917 ns, Reaching safepoint: 1987792 ns, At safepoint: 48292 ns, Total: 2036084 ns
[2023-07-18T03:26:04.652+0000][1][safepoint    ] Safepoint "Cleanup", Time since last: 1002828625 ns, Reaching safepoint: 1987083 ns, At safepoint: 60750 ns, Total: 2047833 ns
[2023-07-18T03:26:05.656+0000][1][safepoint    ] Safepoint "Cleanup", Time since last: 1000770584 ns, Reaching safepoint: 2438459 ns, At safepoint: 173583 ns, Total: 2612042 ns
[2023-07-18T03:26:06.658+0000][1][safepoint    ] Safepoint "Cleanup", Time since last: 1000963959 ns, Reaching safepoint: 1032875 ns, At safepoint: 26666 ns, Total: 1059541 ns
[2023-07-18T03:26:07.660+0000][1][safepoint    ] Safepoint "Cleanup", Time since last: 1000804751 ns, Reaching safepoint: 1445375 ns, At safepoint: 34292 ns, Total: 1479667 ns
[2023-07-18T03:26:08.663+0000][1][safepoint    ] Safepoint "Cleanup", Time since last: 1001017208 ns, Reaching safepoint: 1379875 ns, At safepoint: 35250 ns, Total: 1415125 ns
[2023-07-18T03:26:09.665+0000][1][safepoint    ] Safepoint "Cleanup", Time since last: 1000774459 ns, Reaching safepoint: 1591042 ns, At safepoint: 48500 ns, Total: 1639542 ns
[2023-07-18T03:26:10.667+0000][1][safepoint    ] Safepoint "Cleanup", Time since last: 1001071917 ns, Reaching safepoint: 1057333 ns, At safepoint: 23292 ns, Total: 1080625 ns
[2023-07-18T03:26:10.856+0000][1][safepoint    ] Safepoint "RevokeBias", Time since last: 188050583 ns, Reaching safepoint: 899917 ns, At safepoint: 134125 ns, Total: 1034042 ns
[2023-07-18T03:26:10.859+0000][1][safepoint    ] Safepoint "RevokeBias", Time since last: 1868167 ns, Reaching safepoint: 889125 ns, At safepoint: 61416 ns, Total: 950541 ns
[2023-07-18T03:26:10.862+0000][1][safepoint    ] Safepoint "RevokeBias", Time since last: 2296417 ns, Reaching safepoint: 828625 ns, At safepoint: 105625 ns, Total: 934250 ns
[2023-07-18T03:26:10.899+0000][1][safepoint    ] Safepoint "RevokeBias", Time since last: 35598000 ns, Reaching safepoint: 711250 ns, At safepoint: 106833 ns, Total: 818083 ns
[2023-07-18T03:26:10.901+0000][1][safepoint    ] Safepoint "RevokeBias", Time since last: 1776625 ns, Reaching safepoint: 916084 ns, At safepoint: 76500 ns, Total: 992584 ns
[2023-07-18T03:26:11.838+0000][1][safepoint    ] Safepoint "Cleanup", Time since last: 1000666625 ns, Reaching safepoint: 2433500 ns, At safepoint: 76000 ns, Total: 2509500 ns
[2023-07-18T03:26:12.842+0000][1][safepoint    ] Safepoint "Cleanup", Time since last: 1001726875 ns, Reaching safepoint: 2663250 ns, At safepoint: 68167 ns, Total: 2731417 ns
[2023-07-18T03:26:13.846+0000][1][safepoint    ] Safepoint "Cleanup", Time since last: 1003115250 ns, Reaching safepoint: 1044875 ns, At safepoint: 21292 ns, Total: 1066167 ns
[2023-07-18T03:26:14.851+0000][1][safepoint    ] Safepoint "Cleanup", Time since last: 1003012750 ns, Reaching safepoint: 1820125 ns, At safepoint: 45667 ns, Total: 1865792 ns
[2023-07-18T03:26:15.856+0000][1][safepoint    ] Safepoint "Cleanup", Time since last: 1001306959 ns, Reaching safepoint: 3279291 ns, At safepoint: 108084 ns, Total: 3387375 ns
[2023-07-18T03:26:16.862+0000][1][safepoint    ] Safepoint "Cleanup", Time since last: 1002681167 ns, Reaching safepoint: 2758500 ns, At safepoint: 96708 ns, Total: 2855208 ns
[2023-07-18T03:26:17.865+0000][1][safepoint    ] Safepoint "Cleanup", Time since last: 1001294292 ns, Reaching safepoint: 2524125 ns, At safepoint: 87709 ns, Total: 2611834 ns
[2023-07-18T03:26:18.873+0000][1][safepoint    ] Safepoint "Cleanup", Time since last: 1004785500 ns, Reaching safepoint: 3147209 ns, At safepoint: 115125 ns, Total: 3262334 ns
[2023-07-18T03:26:19.878+0000][1][safepoint    ] Safepoint "Cleanup", Time since last: 1001555250 ns, Reaching safepoint: 2541083 ns, At safepoint: 83875 ns, Total: 2624958 ns
[2023-07-18T03:26:20.548+0000][1][safepoint    ] Safepoint "RevokeBias", Time since last: 667749084 ns, Reaching safepoint: 1726833 ns, At safepoint: 475167 ns, Total: 2202000 ns
[2023-07-18T03:26:21.551+0000][1][safepoint    ] Safepoint "Cleanup", Time since last: 1000415209 ns, Reaching safepoint: 3343250 ns, At safepoint: 96083 ns, Total: 3439333 ns
[2023-07-18T03:26:22.555+0000][1][safepoint    ] Safepoint "Cleanup", Time since last: 1002736417 ns, Reaching safepoint: 1153750 ns, At safepoint: 34959 ns, Total: 1188709 ns
[2023-07-18T03:26:23.558+0000][1][safepoint    ] Safepoint "Cleanup", Time since last: 1001019833 ns, Reaching safepoint: 1696750 ns, At safepoint: 44334 ns, Total: 1741084 ns
[2023-07-18T03:26:24.561+0000][1][safepoint    ] Safepoint "Cleanup", Time since last: 1000865000 ns, Reaching safepoint: 1780084 ns, At safepoint: 37916 ns, Total: 1818000 ns
[2023-07-18T03:26:25.563+0000][1][safepoint    ] Safepoint "Cleanup", Time since last: 1000821167 ns, Reaching safepoint: 1406417 ns, At safepoint: 41333 ns, Total: 1447750 ns
[2023-07-18T03:26:26.566+0000][1][safepoint    ] Safepoint "Cleanup", Time since last: 1000679668 ns, Reaching safepoint: 1663333 ns, At safepoint: 80333 ns, Total: 1743666 ns
[2023-07-18T03:26:27.572+0000][1][safepoint    ] Safepoint "Cleanup", Time since last: 1002215251 ns, Reaching safepoint: 3596375 ns, At safepoint: 249458 ns, Total: 3845833 ns
[2023-07-18T03:26:28.574+0000][1][safepoint    ] Safepoint "Cleanup", Time since last: 1001172292 ns, Reaching safepoint: 1442375 ns, At safepoint: 82500 ns, Total: 1524875 ns
[2023-07-18T03:26:29.578+0000][1][safepoint    ] Safepoint "Cleanup", Time since last: 1001324376 ns, Reaching safepoint: 2541625 ns, At safepoint: 74666 ns, Total: 2616291 ns
[2023-07-18T03:26:30.580+0000][1][safepoint    ] Safepoint "Cleanup", Time since last: 1000790459 ns, Reaching safepoint: 757667 ns, At safepoint: 16500 ns, Total: 774167 ns
[2023-07-18T03:26:31.584+0000][1][safepoint    ] Safepoint "Cleanup", Time since last: 1002745084 ns, Reaching safepoint: 1075583 ns, At safepoint: 26250 ns, Total: 1101833 ns
[2023-07-18T03:26:32.586+0000][1][safepoint    ] Safepoint "Cleanup", Time since last: 1000585417 ns, Reaching safepoint: 1648417 ns, At safepoint: 63458 ns, Total: 1711875 ns
[2023-07-18T03:26:33.588+0000][1][safepoint    ] Safepoint "Cleanup", Time since last: 1000806292 ns, Reaching safepoint: 793417 ns, At safepoint: 20833 ns, Total: 814250 ns
[2023-07-18T03:26:34.589+0000][1][safepoint    ] Safepoint "Cleanup", Time since last: 1000570251 ns, Reaching safepoint: 809333 ns, At safepoint: 25792 ns, Total: 835125 ns
[2023-07-18T03:26:35.590+0000][1][safepoint    ] Safepoint "Cleanup", Time since last: 1000424292 ns, Reaching safepoint: 754208 ns, At safepoint: 19084 ns, Total: 773292 ns
[2023-07-18T03:26:36.591+0000][1][safepoint    ] Safepoint "Cleanup", Time since last: 1000466792 ns, Reaching safepoint: 838000 ns, At safepoint: 23125 ns, Total: 861125 ns
[2023-07-18T03:26:37.596+0000][1][safepoint    ] Safepoint "Cleanup", Time since last: 1000705459 ns, Reaching safepoint: 3364125 ns, At safepoint: 103125 ns, Total: 3467250 ns
[2023-07-18T03:26:38.598+0000][1][safepoint    ] Safepoint "Cleanup", Time since last: 1001369375 ns, Reaching safepoint: 557292 ns, At safepoint: 15000 ns, Total: 572292 ns
[2023-07-18T03:26:39.599+0000][1][safepoint    ] Safepoint "Cleanup", Time since last: 1000361167 ns, Reaching safepoint: 631125 ns, At safepoint: 19458 ns, Total: 650583 ns
[2023-07-18T03:26:40.533+0000][1][safepoint    ] Safepoint "RevokeBias", Time since last: 931848167 ns, Reaching safepoint: 1795709 ns, At safepoint: 465333 ns, Total: 2261042 ns
[2023-07-18T03:26:41.540+0000][1][safepoint    ] Safepoint "Cleanup", Time since last: 1002899125 ns, Reaching safepoint: 4505417 ns, At safepoint: 249166 ns, Total: 4754583 ns
[2023-07-18T03:26:42.546+0000][1][safepoint    ] Safepoint "Cleanup", Time since last: 1003034793 ns, Reaching safepoint: 2762791 ns, At safepoint: 88584 ns, Total: 2851375 ns
[2023-07-18T03:26:43.554+0000][1][safepoint    ] Safepoint "Cleanup", Time since last: 1003621333 ns, Reaching safepoint: 4150584 ns, At safepoint: 87875 ns, Total: 4238459 ns
[2023-07-18T03:26:44.558+0000][1][safepoint    ] Safepoint "Cleanup", Time since last: 1001469000 ns, Reaching safepoint: 2848709 ns, At safepoint: 121583 ns, Total: 2970292 ns
[2023-07-18T03:26:45.562+0000][1][safepoint    ] Safepoint "Cleanup", Time since last: 1001508084 ns, Reaching safepoint: 1870458 ns, At safepoint: 66625 ns, Total: 1937083 ns
[2023-07-18T03:26:46.565+0000][1][safepoint    ] Safepoint "Cleanup", Time since last: 1001555292 ns, Reaching safepoint: 1443167 ns, At safepoint: 48416 ns, Total: 1491583 ns
[2023-07-18T03:26:47.568+0000][1][safepoint    ] Safepoint "Cleanup", Time since last: 1002033709 ns, Reaching safepoint: 1484959 ns, At safepoint: 33583 ns, Total: 1518542 ns
[2023-07-18T03:26:48.131+0000][1][safepoint    ] Safepoint "RevokeBias", Time since last: 560798167 ns, Reaching safepoint: 1560000 ns, At safepoint: 185000 ns, Total: 1745000 ns
[2023-07-18T03:26:49.135+0000][1][safepoint    ] Safepoint "Cleanup", Time since last: 1001136584 ns, Reaching safepoint: 2909916 ns, At safepoint: 103417 ns, Total: 3013333 ns
[2023-07-18T03:26:50.140+0000][1][safepoint    ] Safepoint "Cleanup", Time since last: 1001180459 ns, Reaching safepoint: 3576542 ns, At safepoint: 94166 ns, Total: 3670708 ns
[2023-07-18T03:26:51.143+0000][1][safepoint    ] Safepoint "Cleanup", Time since last: 1000977001 ns, Reaching safepoint: 2453083 ns, At safepoint: 43292 ns, Total: 2496375 ns
[2023-07-18T03:26:52.145+0000][1][safepoint    ] Safepoint "Cleanup", Time since last: 1000799500 ns, Reaching safepoint: 703708 ns, At safepoint: 13750 ns, Total: 717458 ns
[2023-07-18T03:26:53.147+0000][1][safepoint    ] Safepoint "Cleanup", Time since last: 1000675293 ns, Reaching safepoint: 1149750 ns, At safepoint: 30708 ns, Total: 1180458 ns
[2023-07-18T03:26:54.149+0000][1][safepoint    ] Safepoint "Cleanup", Time since last: 1000637042 ns, Reaching safepoint: 1243750 ns, At safepoint: 72083 ns, Total: 1315833 ns
[2023-07-18T03:26:55.151+0000][1][safepoint    ] Safepoint "Cleanup", Time since last: 1000860501 ns, Reaching safepoint: 885833 ns, At safepoint: 16750 ns, Total: 902583 ns
[2023-07-18T03:26:56.152+0000][1][safepoint    ] Safepoint "Cleanup", Time since last: 1000459917 ns, Reaching safepoint: 847709 ns, At safepoint: 18708 ns, Total: 866417 ns
[2023-07-18T03:26:57.153+0000][1][safepoint    ] Safepoint "Cleanup", Time since last: 1000891501 ns, Reaching safepoint: 680458 ns, At safepoint: 20667 ns, Total: 701125 ns
[2023-07-18T03:26:58.155+0000][1][safepoint    ] Safepoint "Cleanup", Time since last: 1000430875 ns, Reaching safepoint: 695042 ns, At safepoint: 18791 ns, Total: 713833 ns
[2023-07-18T03:26:59.156+0000][1][safepoint    ] Safepoint "Cleanup", Time since last: 1000382417 ns, Reaching safepoint: 541417 ns, At safepoint: 36000 ns, Total: 577417 ns
[2023-07-18T03:27:00.157+0000][1][safepoint    ] Safepoint "Cleanup", Time since last: 1000411501 ns, Reaching safepoint: 613666 ns, At safepoint: 33667 ns, Total: 647333 ns
[2023-07-18T03:27:00.610+0000][1][safepoint    ] Safepoint "RevokeBias", Time since last: 451134917 ns, Reaching safepoint: 1628833 ns, At safepoint: 348209 ns, Total: 1977042 ns
[2023-07-18T03:27:01.611+0000][1][safepoint    ] Safepoint "Cleanup", Time since last: 1000531125 ns, Reaching safepoint: 657500 ns, At safepoint: 12292 ns, Total: 669792 ns
[2023-07-18T03:27:02.612+0000][1][safepoint    ] Safepoint "Cleanup", Time since last: 1000439458 ns, Reaching safepoint: 609917 ns, At safepoint: 30292 ns, Total: 640209 ns
[2023-07-18T03:27:03.613+0000][1][safepoint    ] Safepoint "Cleanup", Time since last: 1000446042 ns, Reaching safepoint: 694208 ns, At safepoint: 14625 ns, Total: 708833 ns
[2023-07-18T03:27:04.614+0000][1][safepoint    ] Safepoint "Cleanup", Time since last: 1000557042 ns, Reaching safepoint: 752625 ns, At safepoint: 16042 ns, Total: 768667 ns
[2023-07-18T03:27:05.616+0000][1][safepoint    ] Safepoint "Cleanup", Time since last: 1000435709 ns, Reaching safepoint: 733083 ns, At safepoint: 14084 ns, Total: 747167 ns
[2023-07-18T03:27:06.617+0000][1][safepoint    ] Safepoint "Cleanup", Time since last: 1000437958 ns, Reaching safepoint: 1045834 ns, At safepoint: 30916 ns, Total: 1076750 ns
[2023-07-18T03:27:07.619+0000][1][safepoint    ] Safepoint "Cleanup", Time since last: 1000891126 ns, Reaching safepoint: 571792 ns, At safepoint: 12416 ns, Total: 584208 ns
[2023-07-18T03:27:08.620+0000][1][safepoint    ] Safepoint "Cleanup", Time since last: 1000412251 ns, Reaching safepoint: 609916 ns, At safepoint: 19875 ns, Total: 629791 ns
[2023-07-18T03:27:09.621+0000][1][safepoint    ] Safepoint "Cleanup", Time since last: 1000445751 ns, Reaching safepoint: 670000 ns, At safepoint: 16041 ns, Total: 686041 ns
[2023-07-18T03:27:10.626+0000][1][safepoint    ] Safepoint "Cleanup", Time since last: 1003585626 ns, Reaching safepoint: 1464167 ns, At safepoint: 18000 ns, Total: 1482167 ns
[2023-07-18T03:27:10.888+0000][1][safepoint    ] Safepoint "RevokeBias", Time since last: 261114625 ns, Reaching safepoint: 758875 ns, At safepoint: 111416 ns, Total: 870291 ns
[2023-07-18T03:27:10.890+0000][1][safepoint    ] Safepoint "RevokeBias", Time since last: 1035667 ns, Reaching safepoint: 571292 ns, At safepoint: 47375 ns, Total: 618667 ns
[2023-07-18T03:27:10.893+0000][1][safepoint    ] Safepoint "RevokeBias", Time since last: 3056166 ns, Reaching safepoint: 742209 ns, At safepoint: 99208 ns, Total: 841417 ns
[2023-07-18T03:27:10.916+0000][1][safepoint    ] Safepoint "RevokeBias", Time since last: 21550125 ns, Reaching safepoint: 567875 ns, At safepoint: 99667 ns, Total: 667542 ns
[2023-07-18T03:27:10.917+0000][1][safepoint    ] Safepoint "RevokeBias", Time since last: 1184875 ns, Reaching safepoint: 595708 ns, At safepoint: 92750 ns, Total: 688458 ns
[2023-07-18T03:27:11.918+0000][1][safepoint    ] Safepoint "Cleanup", Time since last: 1000380292 ns, Reaching safepoint: 702792 ns, At safepoint: 13750 ns, Total: 716542 ns
[2023-07-18T03:27:12.919+0000][1][safepoint    ] Safepoint "Cleanup", Time since last: 1000437917 ns, Reaching safepoint: 636125 ns, At safepoint: 41583 ns, Total: 677708 ns
[2023-07-18T03:27:13.920+0000][1][safepoint    ] Safepoint "Cleanup", Time since last: 1000374001 ns, Reaching safepoint: 583541 ns, At safepoint: 32375 ns, Total: 615916 ns
[2023-07-18T03:27:14.921+0000][1][safepoint    ] Safepoint "Cleanup", Time since last: 1000673751 ns, Reaching safepoint: 665041 ns, At safepoint: 152917 ns, Total: 817958 ns
[2023-07-18T03:27:15.922+0000][1][safepoint    ] Safepoint "Cleanup", Time since last: 1000420042 ns, Reaching safepoint: 675084 ns, At safepoint: 38875 ns, Total: 713959 ns
[2023-07-18T03:27:16.924+0000][1][safepoint    ] Safepoint "Cleanup", Time since last: 1000480792 ns, Reaching safepoint: 548000 ns, At safepoint: 35833 ns, Total: 583833 ns
[2023-07-18T03:27:17.925+0000][1][safepoint    ] Safepoint "Cleanup", Time since last: 1001115625 ns, Reaching safepoint: 586709 ns, At safepoint: 19208 ns, Total: 605917 ns
[2023-07-18T03:27:18.927+0000][1][safepoint    ] Safepoint "Cleanup", Time since last: 1000480542 ns, Reaching safepoint: 760875 ns, At safepoint: 39750 ns, Total: 800625 ns
[2023-07-18T03:27:19.928+0000][1][safepoint    ] Safepoint "Cleanup", Time since last: 1000959917 ns, Reaching safepoint: 554500 ns, At safepoint: 17000 ns, Total: 571500 ns
[2023-07-18T03:27:20.934+0000][1][safepoint    ] Safepoint "Cleanup", Time since last: 1002609501 ns, Reaching safepoint: 2966750 ns, At safepoint: 78750 ns, Total: 3045500 ns
[2023-07-18T03:27:21.938+0000][1][safepoint    ] Safepoint "Cleanup", Time since last: 1001204625 ns, Reaching safepoint: 3303292 ns, At safepoint: 195833 ns, Total: 3499125 ns
[2023-07-18T03:27:22.944+0000][1][safepoint    ] Safepoint "Cleanup", Time since last: 1001366834 ns, Reaching safepoint: 3789625 ns, At safepoint: 107250 ns, Total: 3896875 ns
[2023-07-18T03:27:23.948+0000][1][safepoint    ] Safepoint "Cleanup", Time since last: 1001409209 ns, Reaching safepoint: 2520250 ns, At safepoint: 92875 ns, Total: 2613125 ns
[2023-07-18T03:27:24.952+0000][1][safepoint    ] Safepoint "Cleanup", Time since last: 1001301042 ns, Reaching safepoint: 2712708 ns, At safepoint: 57292 ns, Total: 2770000 ns
[2023-07-18T03:27:25.956+0000][1][safepoint    ] Safepoint "Cleanup", Time since last: 1001678167 ns, Reaching safepoint: 2469209 ns, At safepoint: 94000 ns, Total: 2563209 ns
[2023-07-18T03:27:26.961+0000][1][safepoint    ] Safepoint "Cleanup", Time since last: 1003133000 ns, Reaching safepoint: 1870250 ns, At safepoint: 54750 ns, Total: 1925000 ns
[2023-07-18T03:27:27.968+0000][1][safepoint    ] Safepoint "Cleanup", Time since last: 1002105126 ns, Reaching safepoint: 4680916 ns, At safepoint: 161375 ns, Total: 4842291 ns
[2023-07-18T03:27:28.973+0000][1][safepoint    ] Safepoint "Cleanup", Time since last: 1002536876 ns, Reaching safepoint: 1870583 ns, At safepoint: 69042 ns, Total: 1939625 ns
[2023-07-18T03:27:29.976+0000][1][safepoint    ] Safepoint "Cleanup", Time since last: 1000911584 ns, Reaching safepoint: 2502666 ns, At safepoint: 100959 ns, Total: 2603625 ns
[2023-07-18T03:27:30.571+0000][1][safepoint    ] Safepoint "RevokeBias", Time since last: 592599750 ns, Reaching safepoint: 1684625 ns, At safepoint: 260375 ns, Total: 1945000 ns
[2023-07-18T03:27:31.572+0000][1][safepoint    ] Safepoint "Cleanup", Time since last: 1000481667 ns, Reaching safepoint: 955625 ns, At safepoint: 22500 ns, Total: 978125 ns
[2023-07-18T03:27:32.573+0000][1][safepoint    ] Safepoint "Cleanup", Time since last: 1000534875 ns, Reaching safepoint: 808125 ns, At safepoint: 25292 ns, Total: 833417 ns
[2023-07-18T03:27:33.071+0000][1][gc,start     ] GC(39) Pause Young (Allocation Failure)
[2023-07-18T03:27:33.072+0000][1][gc,task      ] GC(39) Using 4 workers of 4 for evacuation
[2023-07-18T03:27:33.108+0000][1][gc,age       ] GC(39) Desired survivor size 8945664 bytes, new threshold 6 (max threshold 6)
[2023-07-18T03:27:33.108+0000][1][gc,age       ] GC(39) Age table with threshold 6 (max threshold 6)
[2023-07-18T03:27:33.109+0000][1][gc,age       ] GC(39) - age   1:     111616 bytes,     111616 total
[2023-07-18T03:27:33.109+0000][1][gc,age       ] GC(39) - age   2:       4040 bytes,     115656 total
[2023-07-18T03:27:33.109+0000][1][gc,age       ] GC(39) - age   3:      23616 bytes,     139272 total
[2023-07-18T03:27:33.109+0000][1][gc,age       ] GC(39) - age   4:       3544 bytes,     142816 total
[2023-07-18T03:27:33.109+0000][1][gc,age       ] GC(39) - age   5:      19080 bytes,     161896 total
[2023-07-18T03:27:33.110+0000][1][gc,age       ] GC(39) - age   6:     268040 bytes,     429936 total
[2023-07-18T03:27:33.110+0000][1][gc,heap      ] GC(39) ParNew: 140858K->920K(157248K)
[2023-07-18T03:27:33.110+0000][1][gc,heap      ] GC(39) CMS: 68407K->68643K(349568K)
[2023-07-18T03:27:33.110+0000][1][gc,metaspace ] GC(39) Metaspace: 91139K->91139K(1132544K)
[2023-07-18T03:27:33.111+0000][1][gc           ] GC(39) Pause Young (Allocation Failure) 204M->67M(494M) 39.911ms
[2023-07-18T03:27:33.111+0000][1][gc,cpu       ] GC(39) User=0.09s Sys=0.00s Real=0.04s
[2023-07-18T03:27:33.112+0000][1][safepoint    ] Safepoint "GenCollectForAllocation", Time since last: 496215792 ns, Reaching safepoint: 1338208 ns, At safepoint: 40714875 ns, Total: 42053083 ns
[2023-07-18T03:27:34.131+0000][1][safepoint    ] Safepoint "Cleanup", Time since last: 1001490751 ns, Reaching safepoint: 13928625 ns, At safepoint: 814667 ns, Total: 14743292 ns
[2023-07-18T03:27:35.151+0000][1][safepoint    ] Safepoint "Cleanup", Time since last: 1018436250 ns, Reaching safepoint: 3944667 ns, At safepoint: 139958 ns, Total: 4084625 ns
[2023-07-18T03:27:36.158+0000][1][safepoint    ] Safepoint "Cleanup", Time since last: 1004897334 ns, Reaching safepoint: 2378125 ns, At safepoint: 101791 ns, Total: 2479916 ns
[2023-07-18T03:27:37.162+0000][1][safepoint    ] Safepoint "Cleanup", Time since last: 1002005209 ns, Reaching safepoint: 1837625 ns, At safepoint: 67084 ns, Total: 1904709 ns
[2023-07-18T03:27:38.166+0000][1][safepoint    ] Safepoint "Cleanup", Time since last: 1000853792 ns, Reaching safepoint: 3382958 ns, At safepoint: 109625 ns, Total: 3492583 ns
[2023-07-18T03:27:39.175+0000][1][safepoint    ] Safepoint "Cleanup", Time since last: 1005540417 ns, Reaching safepoint: 2941042 ns, At safepoint: 97042 ns, Total: 3038084 ns
[2023-07-18T03:27:40.180+0000][1][safepoint    ] Safepoint "Cleanup", Time since last: 1002030208 ns, Reaching safepoint: 3377750 ns, At safepoint: 89667 ns, Total: 3467417 ns
[2023-07-18T03:27:41.183+0000][1][safepoint    ] Safepoint "Cleanup", Time since last: 1001621500 ns, Reaching safepoint: 1035875 ns, At safepoint: 19875 ns, Total: 1055750 ns
[2023-07-18T03:27:42.188+0000][1][safepoint    ] Safepoint "Cleanup", Time since last: 1001751208 ns, Reaching safepoint: 2848667 ns, At safepoint: 91792 ns, Total: 2940459 ns
[2023-07-18T03:27:43.193+0000][1][safepoint    ] Safepoint "Cleanup", Time since last: 1001267459 ns, Reaching safepoint: 3797500 ns, At safepoint: 93750 ns, Total: 3891250 ns
[2023-07-18T03:27:44.198+0000][1][safepoint    ] Safepoint "Cleanup", Time since last: 1001906417 ns, Reaching safepoint: 2731958 ns, At safepoint: 100417 ns, Total: 2832375 ns
[2023-07-18T03:27:45.204+0000][1][safepoint    ] Safepoint "Cleanup", Time since last: 1002774792 ns, Reaching safepoint: 3176458 ns, At safepoint: 100917 ns, Total: 3277375 ns
[2023-07-18T03:27:46.210+0000][1][safepoint    ] Safepoint "Cleanup", Time since last: 1002359334 ns, Reaching safepoint: 3119708 ns, At safepoint: 92500 ns, Total: 3212208 ns
[2023-07-18T03:27:47.215+0000][1][safepoint    ] Safepoint "Cleanup", Time since last: 1001386334 ns, Reaching safepoint: 3945583 ns, At safepoint: 94958 ns, Total: 4040541 ns
[2023-07-18T03:27:48.220+0000][1][safepoint    ] Safepoint "Cleanup", Time since last: 1001501043 ns, Reaching safepoint: 3442666 ns, At safepoint: 190542 ns, Total: 3633208 ns
[2023-07-18T03:27:49.238+0000][1][safepoint    ] Safepoint "Cleanup", Time since last: 1015772667 ns, Reaching safepoint: 2181125 ns, At safepoint: 60250 ns, Total: 2241375 ns
[2023-07-18T03:27:50.242+0000][1][safepoint    ] Safepoint "Cleanup", Time since last: 1001536584 ns, Reaching safepoint: 2416333 ns, At safepoint: 97417 ns, Total: 2513750 ns
[2023-07-18T03:27:50.569+0000][1][safepoint    ] Safepoint "RevokeBias", Time since last: 323508833 ns, Reaching safepoint: 2403084 ns, At safepoint: 1162583 ns, Total: 3565667 ns
[2023-07-18T03:27:51.574+0000][1][safepoint    ] Safepoint "Cleanup", Time since last: 1000732542 ns, Reaching safepoint: 3788709 ns, At safepoint: 102875 ns, Total: 3891584 ns
[2023-07-18T03:27:52.578+0000][1][safepoint    ] Safepoint "Cleanup", Time since last: 1001226292 ns, Reaching safepoint: 2836500 ns, At safepoint: 85541 ns, Total: 2922041 ns
[2023-07-18T03:27:53.583+0000][1][safepoint    ] Safepoint "Cleanup", Time since last: 1001310876 ns, Reaching safepoint: 3564875 ns, At safepoint: 105625 ns, Total: 3670500 ns
[2023-07-18T03:27:54.589+0000][1][safepoint    ] Safepoint "Cleanup", Time since last: 1002146500 ns, Reaching safepoint: 3901292 ns, At safepoint: 137583 ns, Total: 4038875 ns
[2023-07-18T03:27:55.592+0000][1][safepoint    ] Safepoint "Cleanup", Time since last: 1001798126 ns, Reaching safepoint: 788208 ns, At safepoint: 15458 ns, Total: 803666 ns
[2023-07-18T03:27:56.593+0000][1][safepoint    ] Safepoint "Cleanup", Time since last: 1000395084 ns, Reaching safepoint: 569625 ns, At safepoint: 17709 ns, Total: 587334 ns
[2023-07-18T03:27:57.597+0000][1][safepoint    ] Safepoint "Cleanup", Time since last: 1000642667 ns, Reaching safepoint: 3428458 ns, At safepoint: 95958 ns, Total: 3524416 ns
[2023-07-18T03:27:58.601+0000][1][safepoint    ] Safepoint "Cleanup", Time since last: 1002773334 ns, Reaching safepoint: 1101334 ns, At safepoint: 28333 ns, Total: 1129667 ns
[2023-07-18T03:27:59.605+0000][1][safepoint    ] Safepoint "Cleanup", Time since last: 1001419000 ns, Reaching safepoint: 2372625 ns, At safepoint: 73000 ns, Total: 2445625 ns
[2023-07-18T03:28:00.608+0000][1][safepoint    ] Safepoint "Cleanup", Time since last: 1002218459 ns, Reaching safepoint: 725459 ns, At safepoint: 19541 ns, Total: 745000 ns
[2023-07-18T03:28:01.611+0000][1][safepoint    ] Safepoint "Cleanup", Time since last: 1001478709 ns, Reaching safepoint: 1624292 ns, At safepoint: 39250 ns, Total: 1663542 ns
[2023-07-18T03:28:02.614+0000][1][safepoint    ] Safepoint "Cleanup", Time since last: 1001373708 ns, Reaching safepoint: 1393209 ns, At safepoint: 36166 ns, Total: 1429375 ns
[2023-07-18T03:28:03.617+0000][1][safepoint    ] Safepoint "Cleanup", Time since last: 1000934334 ns, Reaching safepoint: 2575334 ns, At safepoint: 114000 ns, Total: 2689334 ns
[2023-07-18T03:28:04.623+0000][1][safepoint    ] Safepoint "Cleanup", Time since last: 1001764958 ns, Reaching safepoint: 3911250 ns, At safepoint: 127167 ns, Total: 4038417 ns
[2023-07-18T03:28:05.628+0000][1][safepoint    ] Safepoint "Cleanup", Time since last: 1002867167 ns, Reaching safepoint: 1605709 ns, At safepoint: 45750 ns, Total: 1651459 ns
[2023-07-18T03:28:06.633+0000][1][safepoint    ] Safepoint "Cleanup", Time since last: 1001534250 ns, Reaching safepoint: 3519667 ns, At safepoint: 87583 ns, Total: 3607250 ns
[2023-07-18T03:28:07.640+0000][1][safepoint    ] Safepoint "Cleanup", Time since last: 1002181251 ns, Reaching safepoint: 5203708 ns, At safepoint: 146708 ns, Total: 5350416 ns
[2023-07-18T03:28:08.176+0000][1][safepoint    ] Safepoint "RevokeBias", Time since last: 534865959 ns, Reaching safepoint: 548875 ns, At safepoint: 91083 ns, Total: 639958 ns
[2023-07-18T03:28:09.179+0000][1][safepoint    ] Safepoint "Cleanup", Time since last: 1000473501 ns, Reaching safepoint: 2913500 ns, At safepoint: 75208 ns, Total: 2988708 ns
[2023-07-18T03:28:10.184+0000][1][safepoint    ] Safepoint "Cleanup", Time since last: 1001546875 ns, Reaching safepoint: 3290417 ns, At safepoint: 85833 ns, Total: 3376250 ns
[2023-07-18T03:28:10.549+0000][1][safepoint    ] Safepoint "RevokeBias", Time since last: 362548542 ns, Reaching safepoint: 1746709 ns, At safepoint: 686375 ns, Total: 2433084 ns
[2023-07-18T03:28:11.076+0000][1][safepoint    ] Safepoint "RevokeBias", Time since last: 525200624 ns, Reaching safepoint: 1539875 ns, At safepoint: 189584 ns, Total: 1729459 ns
[2023-07-18T03:28:11.082+0000][1][safepoint    ] Safepoint "RevokeBias", Time since last: 5062958 ns, Reaching safepoint: 798083 ns, At safepoint: 97792 ns, Total: 895875 ns
[2023-07-18T03:28:11.090+0000][1][safepoint    ] Safepoint "RevokeBias", Time since last: 7527500 ns, Reaching safepoint: 875708 ns, At safepoint: 85500 ns, Total: 961208 ns
[2023-07-18T03:28:11.124+0000][1][safepoint    ] Safepoint "RevokeBias", Time since last: 31583834 ns, Reaching safepoint: 1873708 ns, At safepoint: 87333 ns, Total: 1961041 ns
[2023-07-18T03:28:11.133+0000][1][safepoint    ] Safepoint "BulkRevokeBias", Time since last: 4953834 ns, Reaching safepoint: 1132458 ns, At safepoint: 2808750 ns, Total: 3941208 ns
[2023-07-18T03:28:12.140+0000][1][safepoint    ] Safepoint "Cleanup", Time since last: 1002304042 ns, Reaching safepoint: 4327458 ns, At safepoint: 153500 ns, Total: 4480958 ns
[2023-07-18T03:28:13.143+0000][1][safepoint    ] Safepoint "Cleanup", Time since last: 1002410751 ns, Reaching safepoint: 666500 ns, At safepoint: 17333 ns, Total: 683833 ns
[2023-07-18T03:28:14.143+0000][1][safepoint    ] Safepoint "RevokeBias", Time since last: 999564751 ns, Reaching safepoint: 902541 ns, At safepoint: 121292 ns, Total: 1023833 ns
[2023-07-18T03:28:14.158+0000][1][safepoint    ] Safepoint "RevokeBias", Time since last: 13733917 ns, Reaching safepoint: 634541 ns, At safepoint: 104834 ns, Total: 739375 ns
[2023-07-18T03:28:14.161+0000][1][safepoint    ] Safepoint "RevokeBias", Time since last: 3136208 ns, Reaching safepoint: 470792 ns, At safepoint: 77958 ns, Total: 548750 ns
[2023-07-18T03:28:14.209+0000][1][safepoint    ] Safepoint "RevokeBias", Time since last: 46545750 ns, Reaching safepoint: 484625 ns, At safepoint: 60958 ns, Total: 545583 ns
[2023-07-18T03:28:14.209+0000][1][safepoint    ] Safepoint "RevokeBias", Time since last: 441292 ns, Reaching safepoint: 243292 ns, At safepoint: 52500 ns, Total: 295792 ns
[2023-07-18T03:28:14.210+0000][1][safepoint    ] Safepoint "RevokeBias", Time since last: 305291 ns, Reaching safepoint: 245792 ns, At safepoint: 46333 ns, Total: 292125 ns
[2023-07-18T03:28:14.211+0000][1][safepoint    ] Safepoint "RevokeBias", Time since last: 296750 ns, Reaching safepoint: 333167 ns, At safepoint: 40292 ns, Total: 373459 ns
[2023-07-18T03:28:14.211+0000][1][safepoint    ] Safepoint "RevokeBias", Time since last: 312041 ns, Reaching safepoint: 245417 ns, At safepoint: 44208 ns, Total: 289625 ns
[2023-07-18T03:28:14.212+0000][1][safepoint    ] Safepoint "RevokeBias", Time since last: 277000 ns, Reaching safepoint: 234542 ns, At safepoint: 41750 ns, Total: 276292 ns
[2023-07-18T03:28:14.212+0000][1][safepoint    ] Safepoint "RevokeBias", Time since last: 281542 ns, Reaching safepoint: 235416 ns, At safepoint: 44917 ns, Total: 280333 ns
[2023-07-18T03:28:14.213+0000][1][safepoint    ] Safepoint "RevokeBias", Time since last: 253958 ns, Reaching safepoint: 245167 ns, At safepoint: 37083 ns, Total: 282250 ns
[2023-07-18T03:28:14.213+0000][1][safepoint    ] Safepoint "RevokeBias", Time since last: 280709 ns, Reaching safepoint: 247500 ns, At safepoint: 37625 ns, Total: 285125 ns
[2023-07-18T03:28:14.214+0000][1][safepoint    ] Safepoint "RevokeBias", Time since last: 320625 ns, Reaching safepoint: 231916 ns, At safepoint: 40000 ns, Total: 271916 ns
[2023-07-18T03:28:14.214+0000][1][safepoint    ] Safepoint "RevokeBias", Time since last: 261584 ns, Reaching safepoint: 254416 ns, At safepoint: 36542 ns, Total: 290958 ns
[2023-07-18T03:28:14.341+0000][1][safepoint    ] Safepoint "RevokeBias", Time since last: 125573000 ns, Reaching safepoint: 602542 ns, At safepoint: 97708 ns, Total: 700250 ns
[2023-07-18T03:28:14.521+0000][1][safepoint    ] Safepoint "RevokeBias", Time since last: 179674375 ns, Reaching safepoint: 823583 ns, At safepoint: 65375 ns, Total: 888958 ns
[2023-07-18T03:28:14.551+0000][1][safepoint    ] Safepoint "RevokeBias", Time since last: 29621417 ns, Reaching safepoint: 413417 ns, At safepoint: 64792 ns, Total: 478209 ns
[2023-07-18T03:28:14.608+0000][1][safepoint    ] Safepoint "RevokeBias", Time since last: 55584083 ns, Reaching safepoint: 863750 ns, At safepoint: 114583 ns, Total: 978333 ns
[2023-07-18T03:28:14.620+0000][1][safepoint    ] Safepoint "RevokeBias", Time since last: 10139250 ns, Reaching safepoint: 1473584 ns, At safepoint: 113583 ns, Total: 1587167 ns
[2023-07-18T03:28:15.364+0000][1][safepoint    ] Safepoint "RevokeBias", Time since last: 740405875 ns, Reaching safepoint: 3401375 ns, At safepoint: 371209 ns, Total: 3772584 ns
[2023-07-18T03:28:15.368+0000][1][safepoint    ] Safepoint "RevokeBias", Time since last: 1989375 ns, Reaching safepoint: 1898083 ns, At safepoint: 553750 ns, Total: 2451833 ns
[2023-07-18T03:28:15.373+0000][1][safepoint    ] Safepoint "RevokeBias", Time since last: 2765625 ns, Reaching safepoint: 1468125 ns, At safepoint: 245667 ns, Total: 1713792 ns
[2023-07-18T03:28:15.654+0000][1][safepoint    ] Safepoint "RevokeBias", Time since last: 279468500 ns, Reaching safepoint: 1184916 ns, At safepoint: 139042 ns, Total: 1323958 ns
[2023-07-18T03:28:16.657+0000][1][safepoint    ] Safepoint "Cleanup", Time since last: 1000724626 ns, Reaching safepoint: 2336458 ns, At safepoint: 70750 ns, Total: 2407208 ns
[2023-07-18T03:28:17.661+0000][1][safepoint    ] Safepoint "Cleanup", Time since last: 1000978084 ns, Reaching safepoint: 3243333 ns, At safepoint: 92125 ns, Total: 3335458 ns
[2023-07-18T03:28:18.667+0000][1][safepoint    ] Safepoint "Cleanup", Time since last: 1001584000 ns, Reaching safepoint: 4080125 ns, At safepoint: 121084 ns, Total: 4201209 ns
[2023-07-18T03:28:19.670+0000][1][safepoint    ] Safepoint "Cleanup", Time since last: 1000998209 ns, Reaching safepoint: 2162125 ns, At safepoint: 106291 ns, Total: 2268416 ns
[2023-07-18T03:28:19.955+0000][1][safepoint    ] Safepoint "RevokeBias", Time since last: 283375334 ns, Reaching safepoint: 1586583 ns, At safepoint: 129292 ns, Total: 1715875 ns
[2023-07-18T03:28:20.957+0000][1][safepoint    ] Safepoint "Cleanup", Time since last: 1001291834 ns, Reaching safepoint: 749208 ns, At safepoint: 16167 ns, Total: 765375 ns
[2023-07-18T03:28:21.963+0000][1][safepoint    ] Safepoint "Cleanup", Time since last: 1003856167 ns, Reaching safepoint: 1966041 ns, At safepoint: 64625 ns, Total: 2030666 ns
[2023-07-18T03:28:22.969+0000][1][safepoint    ] Safepoint "Cleanup", Time since last: 1002704293 ns, Reaching safepoint: 3363916 ns, At safepoint: 127125 ns, Total: 3491041 ns
[2023-07-18T03:28:23.972+0000][1][safepoint    ] Safepoint "Cleanup", Time since last: 1001241084 ns, Reaching safepoint: 1469542 ns, At safepoint: 47583 ns, Total: 1517125 ns
[2023-07-18T03:28:24.974+0000][1][safepoint    ] Safepoint "Cleanup", Time since last: 1001286459 ns, Reaching safepoint: 834333 ns, At safepoint: 53333 ns, Total: 887666 ns
[2023-07-18T03:28:25.976+0000][1][safepoint    ] Safepoint "Cleanup", Time since last: 1000945959 ns, Reaching safepoint: 995459 ns, At safepoint: 38083 ns, Total: 1033542 ns
[2023-07-18T03:28:26.980+0000][1][safepoint    ] Safepoint "Cleanup", Time since last: 1000627042 ns, Reaching safepoint: 2713667 ns, At safepoint: 69833 ns, Total: 2783500 ns
[2023-07-18T03:28:27.985+0000][1][safepoint    ] Safepoint "Cleanup", Time since last: 1003105209 ns, Reaching safepoint: 2485125 ns, At safepoint: 81417 ns, Total: 2566542 ns
[2023-07-18T03:28:28.990+0000][1][safepoint    ] Safepoint "Cleanup", Time since last: 1001237125 ns, Reaching safepoint: 3009792 ns, At safepoint: 100791 ns, Total: 3110583 ns
[2023-07-18T03:28:29.774+0000][1][safepoint    ] Safepoint "RevokeBias", Time since last: 782767584 ns, Reaching safepoint: 1086208 ns, At safepoint: 142750 ns, Total: 1228958 ns
[2023-07-18T03:28:29.782+0000][1][safepoint    ] Safepoint "RevokeBias", Time since last: 6726334 ns, Reaching safepoint: 1049166 ns, At safepoint: 119709 ns, Total: 1168875 ns
[2023-07-18T03:28:29.842+0000][1][safepoint    ] Safepoint "RevokeBias", Time since last: 59015291 ns, Reaching safepoint: 837084 ns, At safepoint: 167208 ns, Total: 1004292 ns
[2023-07-18T03:28:29.843+0000][1][safepoint    ] Safepoint "RevokeBias", Time since last: 366083 ns, Reaching safepoint: 1044334 ns, At safepoint: 72125 ns, Total: 1116459 ns
[2023-07-18T03:28:30.845+0000][1][safepoint    ] Safepoint "Cleanup", Time since last: 1000854334 ns, Reaching safepoint: 847333 ns, At safepoint: 22333 ns, Total: 869666 ns
[2023-07-18T03:28:31.851+0000][1][safepoint    ] Safepoint "Cleanup", Time since last: 1002113584 ns, Reaching safepoint: 3677375 ns, At safepoint: 131708 ns, Total: 3809083 ns
[2023-07-18T03:28:32.854+0000][1][safepoint    ] Safepoint "Cleanup", Time since last: 1001866959 ns, Reaching safepoint: 1282625 ns, At safepoint: 41875 ns, Total: 1324500 ns
[2023-07-18T03:28:33.858+0000][1][safepoint    ] Safepoint "Cleanup", Time since last: 1000876542 ns, Reaching safepoint: 2812500 ns, At safepoint: 77750 ns, Total: 2890250 ns
[2023-07-18T03:28:34.865+0000][1][safepoint    ] Safepoint "Cleanup", Time since last: 1003160709 ns, Reaching safepoint: 4105042 ns, At safepoint: 110458 ns, Total: 4215500 ns
[2023-07-18T03:28:35.869+0000][1][safepoint    ] Safepoint "Cleanup", Time since last: 1002927459 ns, Reaching safepoint: 869375 ns, At safepoint: 25625 ns, Total: 895000 ns
[2023-07-18T03:28:36.873+0000][1][safepoint    ] Safepoint "Cleanup", Time since last: 1001152584 ns, Reaching safepoint: 2932875 ns, At safepoint: 112750 ns, Total: 3045625 ns
[2023-07-18T03:28:37.878+0000][1][safepoint    ] Safepoint "Cleanup", Time since last: 1001050834 ns, Reaching safepoint: 3349500 ns, At safepoint: 93625 ns, Total: 3443125 ns
[2023-07-18T03:28:38.880+0000][1][safepoint    ] Safepoint "Cleanup", Time since last: 1001610792 ns, Reaching safepoint: 553541 ns, At safepoint: 15500 ns, Total: 569041 ns
[2023-07-18T03:28:39.883+0000][1][safepoint    ] Safepoint "Cleanup", Time since last: 1001943793 ns, Reaching safepoint: 832916 ns, At safepoint: 22375 ns, Total: 855291 ns
[2023-07-18T03:28:40.551+0000][1][safepoint    ] Safepoint "RevokeBias", Time since last: 666291084 ns, Reaching safepoint: 1671417 ns, At safepoint: 380333 ns, Total: 2051750 ns
[2023-07-18T03:28:41.553+0000][1][safepoint    ] Safepoint "Cleanup", Time since last: 1000860583 ns, Reaching safepoint: 1448917 ns, At safepoint: 50791 ns, Total: 1499708 ns
[2023-07-18T03:28:42.556+0000][1][safepoint    ] Safepoint "Cleanup", Time since last: 1001077959 ns, Reaching safepoint: 1490500 ns, At safepoint: 41875 ns, Total: 1532375 ns
[2023-07-18T03:28:43.559+0000][1][safepoint    ] Safepoint "Cleanup", Time since last: 1001133959 ns, Reaching safepoint: 2127083 ns, At safepoint: 41459 ns, Total: 2168542 ns
[2023-07-18T03:28:44.361+0000][1][safepoint    ] Safepoint "RevokeBias", Time since last: 800139583 ns, Reaching safepoint: 1903250 ns, At safepoint: 373584 ns, Total: 2276834 ns
[2023-07-18T03:28:44.365+0000][1][safepoint    ] Safepoint "RevokeBias", Time since last: 1594291 ns, Reaching safepoint: 1803167 ns, At safepoint: 437542 ns, Total: 2240709 ns
[2023-07-18T03:28:44.369+0000][1][safepoint    ] Safepoint "RevokeBias", Time since last: 1716833 ns, Reaching safepoint: 2158083 ns, At safepoint: 217417 ns, Total: 2375500 ns
[2023-07-18T03:28:45.371+0000][1][safepoint    ] Safepoint "Cleanup", Time since last: 1000711792 ns, Reaching safepoint: 1261042 ns, At safepoint: 21333 ns, Total: 1282375 ns
[2023-07-18T03:28:46.374+0000][1][safepoint    ] Safepoint "Cleanup", Time since last: 1000782167 ns, Reaching safepoint: 1462334 ns, At safepoint: 43916 ns, Total: 1506250 ns
[2023-07-18T03:28:47.378+0000][1][safepoint    ] Safepoint "Cleanup", Time since last: 1001429168 ns, Reaching safepoint: 2764250 ns, At safepoint: 86500 ns, Total: 2850750 ns
[2023-07-18T03:28:48.382+0000][1][safepoint    ] Safepoint "Cleanup", Time since last: 1002603375 ns, Reaching safepoint: 941750 ns, At safepoint: 31042 ns, Total: 972792 ns
[2023-07-18T03:28:49.384+0000][1][safepoint    ] Safepoint "Cleanup", Time since last: 1000712167 ns, Reaching safepoint: 1475083 ns, At safepoint: 46500 ns, Total: 1521583 ns
[2023-07-18T03:28:50.386+0000][1][safepoint    ] Safepoint "Cleanup", Time since last: 1001101334 ns, Reaching safepoint: 1479625 ns, At safepoint: 60625 ns, Total: 1540250 ns
[2023-07-18T03:28:51.389+0000][1][safepoint    ] Safepoint "Cleanup", Time since last: 1001181709 ns, Reaching safepoint: 1430958 ns, At safepoint: 31917 ns, Total: 1462875 ns
[2023-07-18T03:28:52.391+0000][1][safepoint    ] Safepoint "Cleanup", Time since last: 1001420875 ns, Reaching safepoint: 725500 ns, At safepoint: 20917 ns, Total: 746417 ns
[2023-07-18T03:28:53.394+0000][1][safepoint    ] Safepoint "Cleanup", Time since last: 1001861834 ns, Reaching safepoint: 1004041 ns, At safepoint: 27084 ns, Total: 1031125 ns
[2023-07-18T03:28:54.397+0000][1][safepoint    ] Safepoint "Cleanup", Time since last: 1000861459 ns, Reaching safepoint: 2035875 ns, At safepoint: 45708 ns, Total: 2081583 ns
[2023-07-18T03:28:55.400+0000][1][safepoint    ] Safepoint "Cleanup", Time since last: 1001457917 ns, Reaching safepoint: 1416625 ns, At safepoint: 30417 ns, Total: 1447042 ns
[2023-07-18T03:28:56.403+0000][1][safepoint    ] Safepoint "Cleanup", Time since last: 1001774375 ns, Reaching safepoint: 1374375 ns, At safepoint: 57458 ns, Total: 1431833 ns
[2023-07-18T03:28:57.405+0000][1][safepoint    ] Safepoint "Cleanup", Time since last: 1000825959 ns, Reaching safepoint: 741209 ns, At safepoint: 20125 ns, Total: 761334 ns
[2023-07-18T03:28:58.406+0000][1][safepoint    ] Safepoint "Cleanup", Time since last: 1000450542 ns, Reaching safepoint: 1020458 ns, At safepoint: 32833 ns, Total: 1053291 ns
[2023-07-18T03:28:59.409+0000][1][safepoint    ] Safepoint "Cleanup", Time since last: 1001080834 ns, Reaching safepoint: 1321959 ns, At safepoint: 38291 ns, Total: 1360250 ns
[2023-07-18T03:29:00.411+0000][1][safepoint    ] Safepoint "Cleanup", Time since last: 1001279084 ns, Reaching safepoint: 1200333 ns, At safepoint: 21750 ns, Total: 1222083 ns
[2023-07-18T03:29:01.413+0000][1][safepoint    ] Safepoint "Cleanup", Time since last: 1000397168 ns, Reaching safepoint: 1004375 ns, At safepoint: 18791 ns, Total: 1023166 ns
[2023-07-18T03:29:02.416+0000][1][safepoint    ] Safepoint "Cleanup", Time since last: 1001172542 ns, Reaching safepoint: 2527375 ns, At safepoint: 89375 ns, Total: 2616750 ns
[2023-07-18T03:29:03.420+0000][1][safepoint    ] Safepoint "Cleanup", Time since last: 1000969501 ns, Reaching safepoint: 2144667 ns, At safepoint: 49708 ns, Total: 2194375 ns
[2023-07-18T03:29:04.421+0000][1][safepoint    ] Safepoint "Cleanup", Time since last: 1000788250 ns, Reaching safepoint: 822750 ns, At safepoint: 22959 ns, Total: 845709 ns
[2023-07-18T03:29:05.423+0000][1][safepoint    ] Safepoint "Cleanup", Time since last: 1000679000 ns, Reaching safepoint: 1147125 ns, At safepoint: 32333 ns, Total: 1179458 ns
[2023-07-18T03:29:06.426+0000][1][safepoint    ] Safepoint "Cleanup", Time since last: 1001350126 ns, Reaching safepoint: 1071542 ns, At safepoint: 30583 ns, Total: 1102125 ns
[2023-07-18T03:29:07.430+0000][1][safepoint    ] Safepoint "Cleanup", Time since last: 1001381209 ns, Reaching safepoint: 2778416 ns, At safepoint: 59792 ns, Total: 2838208 ns
[2023-07-18T03:29:08.434+0000][1][safepoint    ] Safepoint "Cleanup", Time since last: 1001330292 ns, Reaching safepoint: 2822667 ns, At safepoint: 322125 ns, Total: 3144792 ns
[2023-07-18T03:29:09.437+0000][1][safepoint    ] Safepoint "Cleanup", Time since last: 1002105917 ns, Reaching safepoint: 1114958 ns, At safepoint: 32792 ns, Total: 1147750 ns
[2023-07-18T03:29:10.440+0000][1][safepoint    ] Safepoint "Cleanup", Time since last: 1000707584 ns, Reaching safepoint: 1443167 ns, At safepoint: 31625 ns, Total: 1474792 ns
[2023-07-18T03:29:10.562+0000][1][safepoint    ] Safepoint "RevokeBias", Time since last: 120304250 ns, Reaching safepoint: 1420958 ns, At safepoint: 247917 ns, Total: 1668875 ns
[2023-07-18T03:29:10.831+0000][1][gc,start     ] GC(40) Pause Young (Allocation Failure)
[2023-07-18T03:29:10.833+0000][1][gc,task      ] GC(40) Using 4 workers of 4 for evacuation
[2023-07-18T03:29:10.865+0000][1][gc,age       ] GC(40) Desired survivor size 8945664 bytes, new threshold 6 (max threshold 6)
[2023-07-18T03:29:10.865+0000][1][gc,age       ] GC(40) Age table with threshold 6 (max threshold 6)
[2023-07-18T03:29:10.866+0000][1][gc,age       ] GC(40) - age   1:     385136 bytes,     385136 total
[2023-07-18T03:29:10.866+0000][1][gc,age       ] GC(40) - age   2:      17336 bytes,     402472 total
[2023-07-18T03:29:10.866+0000][1][gc,age       ] GC(40) - age   3:       3800 bytes,     406272 total
[2023-07-18T03:29:10.866+0000][1][gc,age       ] GC(40) - age   4:      23480 bytes,     429752 total
[2023-07-18T03:29:10.866+0000][1][gc,age       ] GC(40) - age   5:       3544 bytes,     433296 total
[2023-07-18T03:29:10.866+0000][1][gc,age       ] GC(40) - age   6:      19080 bytes,     452376 total
[2023-07-18T03:29:10.867+0000][1][gc,heap      ] GC(40) ParNew: 140696K->597K(157248K)
[2023-07-18T03:29:10.868+0000][1][gc,heap      ] GC(40) CMS: 68643K->68893K(349568K)
[2023-07-18T03:29:10.868+0000][1][gc,metaspace ] GC(40) Metaspace: 91252K->91252K(1132544K)
[2023-07-18T03:29:10.869+0000][1][gc           ] GC(40) Pause Young (Allocation Failure) 204M->67M(494M) 37.688ms
[2023-07-18T03:29:10.869+0000][1][gc,cpu       ] GC(40) User=0.07s Sys=0.01s Real=0.04s
[2023-07-18T03:29:10.869+0000][1][safepoint    ] Safepoint "GenCollectForAllocation", Time since last: 267806458 ns, Reaching safepoint: 1017042 ns, At safepoint: 38710458 ns, Total: 39727500 ns
[2023-07-18T03:29:11.874+0000][1][safepoint    ] Safepoint "Cleanup", Time since last: 1000673875 ns, Reaching safepoint: 2157625 ns, At safepoint: 68042 ns, Total: 2225667 ns
[2023-07-18T03:29:12.876+0000][1][safepoint    ] Safepoint "Cleanup", Time since last: 1001130959 ns, Reaching safepoint: 1286041 ns, At safepoint: 45375 ns, Total: 1331416 ns
[2023-07-18T03:29:13.878+0000][1][safepoint    ] Safepoint "Cleanup", Time since last: 1000749126 ns, Reaching safepoint: 1011750 ns, At safepoint: 50000 ns, Total: 1061750 ns
[2023-07-18T03:29:14.882+0000][1][safepoint    ] Safepoint "Cleanup", Time since last: 1000848125 ns, Reaching safepoint: 3324500 ns, At safepoint: 97375 ns, Total: 3421875 ns
[2023-07-18T03:29:15.886+0000][1][safepoint    ] Safepoint "Cleanup", Time since last: 1002701584 ns, Reaching safepoint: 1299375 ns, At safepoint: 39042 ns, Total: 1338417 ns
[2023-07-18T03:29:16.889+0000][1][safepoint    ] Safepoint "Cleanup", Time since last: 1001321125 ns, Reaching safepoint: 1668750 ns, At safepoint: 342459 ns, Total: 2011209 ns
[2023-07-18T03:29:17.894+0000][1][safepoint    ] Safepoint "Cleanup", Time since last: 1000778500 ns, Reaching safepoint: 3521125 ns, At safepoint: 85833 ns, Total: 3606958 ns
[2023-07-18T03:29:18.898+0000][1][safepoint    ] Safepoint "Cleanup", Time since last: 1001299084 ns, Reaching safepoint: 2455709 ns, At safepoint: 91291 ns, Total: 2547000 ns
[2023-07-18T03:29:19.901+0000][1][safepoint    ] Safepoint "Cleanup", Time since last: 1002051917 ns, Reaching safepoint: 1065792 ns, At safepoint: 28083 ns, Total: 1093875 ns
[2023-07-18T03:29:20.902+0000][1][safepoint    ] Safepoint "Cleanup", Time since last: 1000714543 ns, Reaching safepoint: 907333 ns, At safepoint: 24042 ns, Total: 931375 ns
[2023-07-18T03:29:21.905+0000][1][safepoint    ] Safepoint "Cleanup", Time since last: 1001909125 ns, Reaching safepoint: 717167 ns, At safepoint: 20166 ns, Total: 737333 ns
[2023-07-18T03:29:22.907+0000][1][safepoint    ] Safepoint "Cleanup", Time since last: 1000528376 ns, Reaching safepoint: 1576333 ns, At safepoint: 50250 ns, Total: 1626583 ns
[2023-07-18T03:29:23.911+0000][1][safepoint    ] Safepoint "Cleanup", Time since last: 1002115417 ns, Reaching safepoint: 1783459 ns, At safepoint: 65083 ns, Total: 1848542 ns
[2023-07-18T03:29:24.914+0000][1][safepoint    ] Safepoint "Cleanup", Time since last: 1001780584 ns, Reaching safepoint: 1279541 ns, At safepoint: 49375 ns, Total: 1328916 ns
[2023-07-18T03:29:25.916+0000][1][safepoint    ] Safepoint "Cleanup", Time since last: 1000844168 ns, Reaching safepoint: 611958 ns, At safepoint: 15500 ns, Total: 627458 ns
[2023-07-18T03:29:26.919+0000][1][safepoint    ] Safepoint "Cleanup", Time since last: 1002997084 ns, Reaching safepoint: 633208 ns, At safepoint: 19958 ns, Total: 653166 ns
[2023-07-18T03:29:27.923+0000][1][safepoint    ] Safepoint "Cleanup", Time since last: 1001752668 ns, Reaching safepoint: 1766333 ns, At safepoint: 59958 ns, Total: 1826291 ns
[2023-07-18T03:29:28.929+0000][1][safepoint    ] Safepoint "Cleanup", Time since last: 1004584251 ns, Reaching safepoint: 1583416 ns, At safepoint: 43000 ns, Total: 1626416 ns
[2023-07-18T03:29:29.931+0000][1][safepoint    ] Safepoint "Cleanup", Time since last: 1000781501 ns, Reaching safepoint: 983500 ns, At safepoint: 29333 ns, Total: 1012833 ns
[2023-07-18T03:29:29.939+0000][1][safepoint    ] Safepoint "RevokeBias", Time since last: 6220584 ns, Reaching safepoint: 1177666 ns, At safepoint: 259584 ns, Total: 1437250 ns
[2023-07-18T03:29:29.946+0000][1][safepoint    ] Safepoint "RevokeBias", Time since last: 5982583 ns, Reaching safepoint: 1002667 ns, At safepoint: 154708 ns, Total: 1157375 ns
[2023-07-18T03:29:29.967+0000][1][safepoint    ] Safepoint "RevokeBias", Time since last: 20667708 ns, Reaching safepoint: 705667 ns, At safepoint: 125875 ns, Total: 831542 ns
[2023-07-18T03:29:29.971+0000][1][safepoint    ] Safepoint "RevokeBias", Time since last: 2597417 ns, Reaching safepoint: 1084375 ns, At safepoint: 93583 ns, Total: 1177958 ns
[2023-07-18T03:29:29.975+0000][1][safepoint    ] Safepoint "RevokeBias", Time since last: 2178792 ns, Reaching safepoint: 1222041 ns, At safepoint: 102084 ns, Total: 1324125 ns
[2023-07-18T03:29:30.642+0000][1][safepoint    ] Safepoint "RevokeBias", Time since last: 665740000 ns, Reaching safepoint: 1467833 ns, At safepoint: 337875 ns, Total: 1805708 ns
[2023-07-18T03:29:31.651+0000][1][safepoint    ] Safepoint "Cleanup", Time since last: 1001267667 ns, Reaching safepoint: 5692459 ns, At safepoint: 661666 ns, Total: 6354125 ns
[2023-07-18T03:29:32.666+0000][1][safepoint    ] Safepoint "Cleanup", Time since last: 1013957709 ns, Reaching safepoint: 2030833 ns, At safepoint: 53709 ns, Total: 2084542 ns
[2023-07-18T03:29:33.671+0000][1][safepoint    ] Safepoint "Cleanup", Time since last: 1001124375 ns, Reaching safepoint: 3982417 ns, At safepoint: 100917 ns, Total: 4083334 ns
[2023-07-18T03:29:34.675+0000][1][safepoint    ] Safepoint "Cleanup", Time since last: 1001862917 ns, Reaching safepoint: 1805416 ns, At safepoint: 73042 ns, Total: 1878458 ns
[2023-07-18T03:29:35.680+0000][1][safepoint    ] Safepoint "Cleanup", Time since last: 1001406542 ns, Reaching safepoint: 3308417 ns, At safepoint: 70292 ns, Total: 3378709 ns
[2023-07-18T03:29:36.684+0000][1][safepoint    ] Safepoint "Cleanup", Time since last: 1002438833 ns, Reaching safepoint: 1751834 ns, At safepoint: 47291 ns, Total: 1799125 ns
[2023-07-18T03:29:37.688+0000][1][safepoint    ] Safepoint "Cleanup", Time since last: 1001393459 ns, Reaching safepoint: 2949625 ns, At safepoint: 98375 ns, Total: 3048000 ns
[2023-07-18T03:29:38.693+0000][1][safepoint    ] Safepoint "Cleanup", Time since last: 1001859626 ns, Reaching safepoint: 2998583 ns, At safepoint: 80167 ns, Total: 3078750 ns
[2023-07-18T03:29:39.696+0000][1][safepoint    ] Safepoint "Cleanup", Time since last: 1001299625 ns, Reaching safepoint: 1277333 ns, At safepoint: 34417 ns, Total: 1311750 ns
[2023-07-18T03:29:40.697+0000][1][safepoint    ] Safepoint "Cleanup", Time since last: 1000686667 ns, Reaching safepoint: 612917 ns, At safepoint: 19292 ns, Total: 632209 ns
[2023-07-18T03:29:41.698+0000][1][safepoint    ] Safepoint "Cleanup", Time since last: 1001037041 ns, Reaching safepoint: 1064167 ns, At safepoint: 28958 ns, Total: 1093125 ns
[2023-07-18T03:29:42.701+0000][1][safepoint    ] Safepoint "Cleanup", Time since last: 1001423043 ns, Reaching safepoint: 1720083 ns, At safepoint: 54625 ns, Total: 1774708 ns
[2023-07-18T03:29:43.705+0000][1][safepoint    ] Safepoint "Cleanup", Time since last: 1001680917 ns, Reaching safepoint: 2875417 ns, At safepoint: 98708 ns, Total: 2974125 ns
[2023-07-18T03:29:44.712+0000][1][safepoint    ] Safepoint "Cleanup", Time since last: 1003825209 ns, Reaching safepoint: 2747708 ns, At safepoint: 54917 ns, Total: 2802625 ns
[2023-07-18T03:29:45.716+0000][1][safepoint    ] Safepoint "Cleanup", Time since last: 1001349834 ns, Reaching safepoint: 2553500 ns, At safepoint: 44750 ns, Total: 2598250 ns
[2023-07-18T03:29:46.721+0000][1][safepoint    ] Safepoint "Cleanup", Time since last: 1002464084 ns, Reaching safepoint: 2769666 ns, At safepoint: 76250 ns, Total: 2845916 ns
[2023-07-18T03:29:47.725+0000][1][safepoint    ] Safepoint "Cleanup", Time since last: 1000883251 ns, Reaching safepoint: 2418666 ns, At safepoint: 83125 ns, Total: 2501791 ns
[2023-07-18T03:29:48.728+0000][1][safepoint    ] Safepoint "Cleanup", Time since last: 1001737459 ns, Reaching safepoint: 1582500 ns, At safepoint: 43375 ns, Total: 1625875 ns
[2023-07-18T03:29:49.730+0000][1][safepoint    ] Safepoint "Cleanup", Time since last: 1000784417 ns, Reaching safepoint: 1009125 ns, At safepoint: 19209 ns, Total: 1028334 ns
[2023-07-18T03:29:50.538+0000][1][safepoint    ] Safepoint "RevokeBias", Time since last: 805250000 ns, Reaching safepoint: 1437625 ns, At safepoint: 1157583 ns, Total: 2595208 ns
[2023-07-18T03:29:51.543+0000][1][safepoint    ] Safepoint "Cleanup", Time since last: 1001718084 ns, Reaching safepoint: 3821417 ns, At safepoint: 110333 ns, Total: 3931750 ns
[2023-07-18T03:29:52.550+0000][1][safepoint    ] Safepoint "Cleanup", Time since last: 1004007876 ns, Reaching safepoint: 2837458 ns, At safepoint: 106833 ns, Total: 2944291 ns
[2023-07-18T03:29:53.556+0000][1][safepoint    ] Safepoint "Cleanup", Time since last: 1001736709 ns, Reaching safepoint: 3725458 ns, At safepoint: 93834 ns, Total: 3819292 ns
[2023-07-18T03:29:54.559+0000][1][safepoint    ] Safepoint "Cleanup", Time since last: 1002007167 ns, Reaching safepoint: 1096750 ns, At safepoint: 31833 ns, Total: 1128583 ns
[2023-07-18T03:29:55.562+0000][1][safepoint    ] Safepoint "Cleanup", Time since last: 1001204376 ns, Reaching safepoint: 1452458 ns, At safepoint: 54833 ns, Total: 1507291 ns
[2023-07-18T03:29:56.563+0000][1][safepoint    ] Safepoint "Cleanup", Time since last: 1000729126 ns, Reaching safepoint: 710667 ns, At safepoint: 17791 ns, Total: 728458 ns
[2023-07-18T03:29:57.568+0000][1][safepoint    ] Safepoint "Cleanup", Time since last: 1001175292 ns, Reaching safepoint: 3296000 ns, At safepoint: 108250 ns, Total: 3404250 ns
[2023-07-18T03:29:58.570+0000][1][safepoint    ] Safepoint "Cleanup", Time since last: 1001803751 ns, Reaching safepoint: 757708 ns, At safepoint: 19584 ns, Total: 777292 ns
[2023-07-18T03:29:59.571+0000][1][safepoint    ] Safepoint "Cleanup", Time since last: 1000372625 ns, Reaching safepoint: 756250 ns, At safepoint: 18958 ns, Total: 775208 ns
[2023-07-18T03:30:11.574+0000][1][safepoint    ] Safepoint "Cleanup", Time since last: 12001580588 ns, Reaching safepoint: 915000 ns, At safepoint: 17084 ns, Total: 932084 ns
[2023-07-18T03:30:16.576+0000][1][safepoint    ] Safepoint "Cleanup", Time since last: 5001713460 ns, Reaching safepoint: 718542 ns, At safepoint: 18958 ns, Total: 737500 ns
[2023-07-18T03:30:20.550+0000][1][safepoint    ] Safepoint "RevokeBias", Time since last: 3972094752 ns, Reaching safepoint: 1410500 ns, At safepoint: 492084 ns, Total: 1902584 ns
[2023-07-18T03:30:20.575+0000][1][safepoint    ] Safepoint "Deoptimize", Time since last: 13908708 ns, Reaching safepoint: 1035542 ns, At safepoint: 10007250 ns, Total: 11042792 ns
[2023-07-18T03:30:21.577+0000][1][safepoint    ] Safepoint "Cleanup", Time since last: 1000958959 ns, Reaching safepoint: 711208 ns, At safepoint: 40708 ns, Total: 751916 ns
[2023-07-18T03:30:30.091+0000][1][safepoint    ] Safepoint "RevokeBias", Time since last: 8513306921 ns, Reaching safepoint: 936750 ns, At safepoint: 113292 ns, Total: 1050042 ns
[2023-07-18T03:30:30.094+0000][1][safepoint    ] Safepoint "RevokeBias", Time since last: 1798291 ns, Reaching safepoint: 620209 ns, At safepoint: 88916 ns, Total: 709125 ns
[2023-07-18T03:30:30.100+0000][1][safepoint    ] Safepoint "RevokeBias", Time since last: 5046250 ns, Reaching safepoint: 735417 ns, At safepoint: 80417 ns, Total: 815834 ns
[2023-07-18T03:30:30.140+0000][1][safepoint    ] Safepoint "RevokeBias", Time since last: 39235500 ns, Reaching safepoint: 896375 ns, At safepoint: 126791 ns, Total: 1023166 ns
[2023-07-18T03:30:30.173+0000][1][safepoint    ] Safepoint "RevokeBias", Time since last: 31571042 ns, Reaching safepoint: 1742875 ns, At safepoint: 104083 ns, Total: 1846958 ns
[2023-07-18T03:30:40.581+0000][1][safepoint    ] Safepoint "RevokeBias", Time since last: 10405920339 ns, Reaching safepoint: 1426166 ns, At safepoint: 135167 ns, Total: 1561333 ns
[2023-07-18T03:31:00.611+0000][1][safepoint    ] Safepoint "RevokeBias", Time since last: 20029589175 ns, Reaching safepoint: 1490084 ns, At safepoint: 192333 ns, Total: 1682417 ns
[2023-07-18T03:31:02.615+0000][1][safepoint    ] Safepoint "Cleanup", Time since last: 2001862126 ns, Reaching safepoint: 1778875 ns, At safepoint: 70542 ns, Total: 1849417 ns
[2023-07-18T03:31:10.310+0000][1][safepoint    ] Safepoint "RevokeBias", Time since last: 7695028587 ns, Reaching safepoint: 810083 ns, At safepoint: 92125 ns, Total: 902208 ns
[2023-07-18T03:31:10.323+0000][1][safepoint    ] Safepoint "RevokeBias", Time since last: 11197917 ns, Reaching safepoint: 766875 ns, At safepoint: 90791 ns, Total: 857666 ns
[2023-07-18T03:31:10.375+0000][1][safepoint    ] Safepoint "RevokeBias", Time since last: 51188292 ns, Reaching safepoint: 660375 ns, At safepoint: 115708 ns, Total: 776083 ns
[2023-07-18T03:31:10.377+0000][1][safepoint    ] Safepoint "RevokeBias", Time since last: 2107792 ns, Reaching safepoint: 522250 ns, At safepoint: 89833 ns, Total: 612083 ns
[2023-07-18T03:31:10.385+0000][1][safepoint    ] Safepoint "RevokeBias", Time since last: 4104459 ns, Reaching safepoint: 4041166 ns, At safepoint: 95459 ns, Total: 4136625 ns
[2023-07-18T03:31:10.575+0000][1][gc,start     ] GC(41) Pause Young (Allocation Failure)
[2023-07-18T03:31:10.577+0000][1][gc,task      ] GC(41) Using 4 workers of 4 for evacuation
[2023-07-18T03:31:10.610+0000][1][gc,age       ] GC(41) Desired survivor size 8945664 bytes, new threshold 6 (max threshold 6)
[2023-07-18T03:31:10.610+0000][1][gc,age       ] GC(41) Age table with threshold 6 (max threshold 6)
[2023-07-18T03:31:10.611+0000][1][gc,age       ] GC(41) - age   1:     170128 bytes,     170128 total
[2023-07-18T03:31:10.611+0000][1][gc,age       ] GC(41) - age   2:     293824 bytes,     463952 total
[2023-07-18T03:31:10.611+0000][1][gc,age       ] GC(41) - age   3:       5800 bytes,     469752 total
[2023-07-18T03:31:10.611+0000][1][gc,age       ] GC(41) - age   4:       3800 bytes,     473552 total
[2023-07-18T03:31:10.611+0000][1][gc,age       ] GC(41) - age   5:      22608 bytes,     496160 total
[2023-07-18T03:31:10.611+0000][1][gc,age       ] GC(41) - age   6:       3544 bytes,     499704 total
[2023-07-18T03:31:10.612+0000][1][gc,heap      ] GC(41) ParNew: 140373K->625K(157248K)
[2023-07-18T03:31:10.613+0000][1][gc,heap      ] GC(41) CMS: 68893K->68912K(349568K)
[2023-07-18T03:31:10.613+0000][1][gc,metaspace ] GC(41) Metaspace: 91308K->91308K(1132544K)
[2023-07-18T03:31:10.614+0000][1][gc           ] GC(41) Pause Young (Allocation Failure) 204M->67M(494M) 38.731ms
[2023-07-18T03:31:10.614+0000][1][gc,cpu       ] GC(41) User=0.07s Sys=0.00s Real=0.04s
[2023-07-18T03:31:10.614+0000][1][safepoint    ] Safepoint "GenCollectForAllocation", Time since last: 187567750 ns, Reaching safepoint: 1326250 ns, At safepoint: 39746208 ns, Total: 41072458 ns
[2023-07-18T03:31:11.623+0000][1][safepoint    ] Safepoint "Cleanup", Time since last: 1000790000 ns, Reaching safepoint: 2869042 ns, At safepoint: 135500 ns, Total: 3004542 ns
[2023-07-18T03:31:20.631+0000][1][safepoint    ] Safepoint "Cleanup", Time since last: 9006823671 ns, Reaching safepoint: 817042 ns, At safepoint: 18375 ns, Total: 835417 ns
[2023-07-18T03:31:30.619+0000][1][safepoint    ] Safepoint "RevokeBias", Time since last: 9987089588 ns, Reaching safepoint: 1231000 ns, At safepoint: 233541 ns, Total: 1464541 ns
[2023-07-18T03:31:50.593+0000][1][safepoint    ] Safepoint "BulkRevokeBias", Time since last: 19973396301 ns, Reaching safepoint: 1379333 ns, At safepoint: 3700625 ns, Total: 5079958 ns
[2023-07-18T03:32:10.605+0000][1][safepoint    ] Safepoint "Cleanup", Time since last: 20010242052 ns, Reaching safepoint: 871625 ns, At safepoint: 18083 ns, Total: 889708 ns
[2023-07-18T03:32:11.482+0000][1][safepoint    ] Safepoint "RevokeBias", Time since last: 876511333 ns, Reaching safepoint: 820250 ns, At safepoint: 101167 ns, Total: 921417 ns
[2023-07-18T03:32:11.486+0000][1][safepoint    ] Safepoint "RevokeBias", Time since last: 2724333 ns, Reaching safepoint: 997125 ns, At safepoint: 190875 ns, Total: 1188000 ns
[2023-07-18T03:32:11.510+0000][1][safepoint    ] Safepoint "RevokeBias", Time since last: 23619042 ns, Reaching safepoint: 740791 ns, At safepoint: 166959 ns, Total: 907750 ns
[2023-07-18T03:32:11.513+0000][1][safepoint    ] Safepoint "RevokeBias", Time since last: 1914916 ns, Reaching safepoint: 647375 ns, At safepoint: 52875 ns, Total: 700250 ns
[2023-07-18T03:32:11.516+0000][1][safepoint    ] Safepoint "RevokeBias", Time since last: 1782125 ns, Reaching safepoint: 1031042 ns, At safepoint: 68667 ns, Total: 1099709 ns
[2023-07-18T03:32:12.517+0000][1][safepoint    ] Safepoint "Cleanup", Time since last: 1000578750 ns, Reaching safepoint: 742375 ns, At safepoint: 18000 ns, Total: 760375 ns
[2023-07-18T03:32:14.519+0000][1][safepoint    ] Safepoint "Cleanup", Time since last: 2000717001 ns, Reaching safepoint: 1122792 ns, At safepoint: 34666 ns, Total: 1157458 ns
[2023-07-18T03:32:30.637+0000][1][safepoint    ] Safepoint "RevokeBias", Time since last: 16115920342 ns, Reaching safepoint: 1629458 ns, At safepoint: 138375 ns, Total: 1767833 ns
[2023-07-18T03:33:00.112+0000][1][safepoint    ] Safepoint "BulkRevokeBias", Time since last: 29471947680 ns, Reaching safepoint: 997959 ns, At safepoint: 2663833 ns, Total: 3661792 ns
[2023-07-18T03:33:00.568+0000][1][safepoint    ] Safepoint "RevokeBias", Time since last: 452857833 ns, Reaching safepoint: 3129750 ns, At safepoint: 107000 ns, Total: 3236750 ns
[2023-07-18T03:33:00.608+0000][1][safepoint    ] Safepoint "RevokeBias", Time since last: 38742875 ns, Reaching safepoint: 1433500 ns, At safepoint: 32209 ns, Total: 1465709 ns
[2023-07-18T03:33:00.664+0000][1][safepoint    ] Safepoint "RevokeBias", Time since last: 54498625 ns, Reaching safepoint: 1205292 ns, At safepoint: 70916 ns, Total: 1276208 ns
[2023-07-18T03:33:00.666+0000][1][safepoint    ] Safepoint "RevokeBias", Time since last: 371625 ns, Reaching safepoint: 871084 ns, At safepoint: 313916 ns, Total: 1185000 ns
[2023-07-18T03:33:00.791+0000][1][safepoint    ] Safepoint "RevokeBias", Time since last: 124312209 ns, Reaching safepoint: 887375 ns, At safepoint: 83666 ns, Total: 971041 ns
[2023-07-18T03:33:00.805+0000][1][safepoint    ] Safepoint "RevokeBias", Time since last: 12499625 ns, Reaching safepoint: 1065584 ns, At safepoint: 78541 ns, Total: 1144125 ns
[2023-07-18T03:33:00.823+0000][1][safepoint    ] Safepoint "RevokeBias", Time since last: 16970250 ns, Reaching safepoint: 955959 ns, At safepoint: 128666 ns, Total: 1084625 ns
[2023-07-18T03:33:00.867+0000][1][safepoint    ] Safepoint "RevokeBias", Time since last: 42948417 ns, Reaching safepoint: 1289833 ns, At safepoint: 199042 ns, Total: 1488875 ns
[2023-07-18T03:33:00.876+0000][1][safepoint    ] Safepoint "RevokeBias", Time since last: 8505708 ns, Reaching safepoint: 486834 ns, At safepoint: 77291 ns, Total: 564125 ns
[2023-07-18T03:33:00.883+0000][1][safepoint    ] Safepoint "RevokeBias", Time since last: 5577042 ns, Reaching safepoint: 973417 ns, At safepoint: 317416 ns, Total: 1290833 ns
[2023-07-18T03:33:01.888+0000][1][safepoint    ] Safepoint "Cleanup", Time since last: 1001857792 ns, Reaching safepoint: 2982000 ns, At safepoint: 151709 ns, Total: 3133709 ns
[2023-07-18T03:33:06.550+0000][1][gc,start     ] GC(42) Pause Young (Allocation Failure)
[2023-07-18T03:33:06.552+0000][1][gc,task      ] GC(42) Using 4 workers of 4 for evacuation
[2023-07-18T03:33:06.576+0000][1][gc,age       ] GC(42) Desired survivor size 8945664 bytes, new threshold 6 (max threshold 6)
[2023-07-18T03:33:06.577+0000][1][gc,age       ] GC(42) Age table with threshold 6 (max threshold 6)
[2023-07-18T03:33:06.577+0000][1][gc,age       ] GC(42) - age   1:    2729984 bytes,    2729984 total
[2023-07-18T03:33:06.577+0000][1][gc,age       ] GC(42) - age   2:       1776 bytes,    2731760 total
[2023-07-18T03:33:06.577+0000][1][gc,age       ] GC(42) - age   3:     293040 bytes,    3024800 total
[2023-07-18T03:33:06.577+0000][1][gc,age       ] GC(42) - age   4:       5584 bytes,    3030384 total
[2023-07-18T03:33:06.577+0000][1][gc,age       ] GC(42) - age   5:       3800 bytes,    3034184 total
[2023-07-18T03:33:06.577+0000][1][gc,age       ] GC(42) - age   6:      22608 bytes,    3056792 total
[2023-07-18T03:33:06.578+0000][1][gc,heap      ] GC(42) ParNew: 140401K->3227K(157248K)
[2023-07-18T03:33:06.578+0000][1][gc,heap      ] GC(42) CMS: 68912K->68915K(349568K)
[2023-07-18T03:33:06.578+0000][1][gc,metaspace ] GC(42) Metaspace: 91666K->91666K(1132544K)
[2023-07-18T03:33:06.578+0000][1][gc           ] GC(42) Pause Young (Allocation Failure) 204M->70M(494M) 28.004ms
[2023-07-18T03:33:06.578+0000][1][gc,cpu       ] GC(42) User=0.07s Sys=0.00s Real=0.02s
[2023-07-18T03:33:06.579+0000][1][safepoint    ] Safepoint "GenCollectForAllocation", Time since last: 4659838627 ns, Reaching safepoint: 2161875 ns, At safepoint: 28519750 ns, Total: 30681625 ns
[2023-07-18T03:33:07.788+0000][1][safepoint    ] Safepoint "RevokeBias", Time since last: 1208840709 ns, Reaching safepoint: 632000 ns, At safepoint: 74208 ns, Total: 706208 ns
[2023-07-18T03:33:07.797+0000][1][safepoint    ] Safepoint "RevokeBias", Time since last: 7937709 ns, Reaching safepoint: 1045916 ns, At safepoint: 67542 ns, Total: 1113458 ns
[2023-07-18T03:33:07.816+0000][1][safepoint    ] Safepoint "RevokeBias", Time since last: 17803542 ns, Reaching safepoint: 453000 ns, At safepoint: 61250 ns, Total: 514250 ns
[2023-07-18T03:33:07.817+0000][1][safepoint    ] Safepoint "RevokeBias", Time since last: 886416 ns, Reaching safepoint: 244167 ns, At safepoint: 44125 ns, Total: 288292 ns
[2023-07-18T03:33:07.828+0000][1][safepoint    ] Safepoint "RevokeBias", Time since last: 10665875 ns, Reaching safepoint: 353958 ns, At safepoint: 66750 ns, Total: 420708 ns
[2023-07-18T03:33:07.877+0000][1][safepoint    ] Safepoint "RevokeBias", Time since last: 48962750 ns, Reaching safepoint: 552500 ns, At safepoint: 66459 ns, Total: 618959 ns
[2023-07-18T03:33:07.879+0000][1][safepoint    ] Safepoint "RevokeBias", Time since last: 1151083 ns, Reaching safepoint: 275542 ns, At safepoint: 43833 ns, Total: 319375 ns
[2023-07-18T03:33:07.881+0000][1][safepoint    ] Safepoint "RevokeBias", Time since last: 1840125 ns, Reaching safepoint: 439000 ns, At safepoint: 46458 ns, Total: 485458 ns
[2023-07-18T03:33:07.882+0000][1][safepoint    ] Safepoint "RevokeBias", Time since last: 877500 ns, Reaching safepoint: 310167 ns, At safepoint: 44250 ns, Total: 354417 ns
[2023-07-18T03:33:07.906+0000][1][safepoint    ] Safepoint "Deoptimize", Time since last: 12377417 ns, Reaching safepoint: 652958 ns, At safepoint: 10104375 ns, Total: 10757333 ns
[2023-07-18T03:33:07.983+0000][1][safepoint    ] Safepoint "RevokeBias", Time since last: 77151167 ns, Reaching safepoint: 510750 ns, At safepoint: 68750 ns, Total: 579500 ns
[2023-07-18T03:33:07.984+0000][1][safepoint    ] Safepoint "RevokeBias", Time since last: 744041 ns, Reaching safepoint: 244584 ns, At safepoint: 54458 ns, Total: 299042 ns
[2023-07-18T03:33:08.016+0000][1][safepoint    ] Safepoint "RevokeBias", Time since last: 30801458 ns, Reaching safepoint: 428625 ns, At safepoint: 67042 ns, Total: 495667 ns
[2023-07-18T03:33:08.024+0000][1][safepoint    ] Safepoint "RevokeBias", Time since last: 8236500 ns, Reaching safepoint: 407750 ns, At safepoint: 64583 ns, Total: 472333 ns
[2023-07-18T03:33:08.026+0000][1][safepoint    ] Safepoint "RevokeBias", Time since last: 1237792 ns, Reaching safepoint: 715458 ns, At safepoint: 51042 ns, Total: 766500 ns
[2023-07-18T03:33:08.029+0000][1][safepoint    ] Safepoint "RevokeBias", Time since last: 2026667 ns, Reaching safepoint: 617666 ns, At safepoint: 60125 ns, Total: 677791 ns
[2023-07-18T03:33:08.032+0000][1][safepoint    ] Safepoint "RevokeBias", Time since last: 2162125 ns, Reaching safepoint: 514875 ns, At safepoint: 57542 ns, Total: 572417 ns
[2023-07-18T03:33:08.080+0000][1][safepoint    ] Safepoint "RevokeBias", Time since last: 47096000 ns, Reaching safepoint: 668542 ns, At safepoint: 97666 ns, Total: 766208 ns
[2023-07-18T03:33:08.084+0000][1][safepoint    ] Safepoint "RevokeBias", Time since last: 2928959 ns, Reaching safepoint: 865000 ns, At safepoint: 116875 ns, Total: 981875 ns
[2023-07-18T03:33:10.034+0000][1][safepoint    ] Safepoint "RevokeBias", Time since last: 1945306209 ns, Reaching safepoint: 4935167 ns, At safepoint: 377750 ns, Total: 5312917 ns
[2023-07-18T03:33:11.039+0000][1][safepoint    ] Safepoint "Cleanup", Time since last: 1001778708 ns, Reaching safepoint: 2739834 ns, At safepoint: 77333 ns, Total: 2817167 ns
[2023-07-18T03:33:15.048+0000][1][safepoint    ] Safepoint "Cleanup", Time since last: 4002075084 ns, Reaching safepoint: 3036750 ns, At safepoint: 160542 ns, Total: 3197292 ns
[2023-07-18T03:33:23.055+0000][1][safepoint    ] Safepoint "Cleanup", Time since last: 8004719546 ns, Reaching safepoint: 1916916 ns, At safepoint: 54667 ns, Total: 1971583 ns
[2023-07-18T03:33:30.573+0000][1][safepoint    ] Safepoint "RevokeBias", Time since last: 7516090045 ns, Reaching safepoint: 1434250 ns, At safepoint: 119125 ns, Total: 1553375 ns
[2023-07-18T03:33:33.579+0000][1][safepoint    ] Safepoint "Cleanup", Time since last: 3002785627 ns, Reaching safepoint: 3653458 ns, At safepoint: 74833 ns, Total: 3728291 ns
[2023-07-18T03:33:40.583+0000][1][safepoint    ] Safepoint "Cleanup", Time since last: 7001889670 ns, Reaching safepoint: 1712584 ns, At safepoint: 25041 ns, Total: 1737625 ns
[2023-07-18T03:33:44.581+0000][1][safepoint    ] Safepoint "Cleanup", Time since last: 4001532835 ns, Reaching safepoint: 983500 ns, At safepoint: 16250 ns, Total: 999750 ns
[2023-07-18T03:34:01.585+0000][1][safepoint    ] Safepoint "Cleanup", Time since last: 17002736216 ns, Reaching safepoint: 1359125 ns, At safepoint: 51667 ns, Total: 1410792 ns
[2023-07-18T03:34:03.591+0000][1][safepoint    ] Safepoint "Cleanup", Time since last: 2002175876 ns, Reaching safepoint: 3873083 ns, At safepoint: 119917 ns, Total: 3993000 ns
[2023-07-18T03:34:08.199+0000][1][safepoint    ] Safepoint "RevokeBias", Time since last: 4607009752 ns, Reaching safepoint: 929125 ns, At safepoint: 155250 ns, Total: 1084375 ns
[2023-07-18T03:34:08.204+0000][1][safepoint    ] Safepoint "RevokeBias", Time since last: 3465666 ns, Reaching safepoint: 875209 ns, At safepoint: 97500 ns, Total: 972709 ns
[2023-07-18T03:34:08.208+0000][1][safepoint    ] Safepoint "RevokeBias", Time since last: 3752250 ns, Reaching safepoint: 905041 ns, At safepoint: 92584 ns, Total: 997625 ns
[2023-07-18T03:34:08.227+0000][1][safepoint    ] Safepoint "RevokeBias", Time since last: 17455625 ns, Reaching safepoint: 796166 ns, At safepoint: 115834 ns, Total: 912000 ns
[2023-07-18T03:34:08.231+0000][1][safepoint    ] Safepoint "RevokeBias", Time since last: 3116583 ns, Reaching safepoint: 904625 ns, At safepoint: 114250 ns, Total: 1018875 ns
[2023-07-18T03:34:08.235+0000][1][safepoint    ] Safepoint "RevokeBias", Time since last: 2401000 ns, Reaching safepoint: 1224625 ns, At safepoint: 87667 ns, Total: 1312292 ns
[2023-07-18T03:34:09.237+0000][1][safepoint    ] Safepoint "Cleanup", Time since last: 1000359417 ns, Reaching safepoint: 1647667 ns, At safepoint: 48416 ns, Total: 1696083 ns
[2023-07-18T03:34:11.241+0000][1][safepoint    ] Safepoint "Cleanup", Time since last: 2002335417 ns, Reaching safepoint: 1656625 ns, At safepoint: 34584 ns, Total: 1691209 ns
[2023-07-18T03:34:11.449+0000][1][safepoint    ] Safepoint "RevokeBias", Time since last: 206876416 ns, Reaching safepoint: 1523834 ns, At safepoint: 150041 ns, Total: 1673875 ns
[2023-07-18T03:34:11.500+0000][1][safepoint    ] Safepoint "RevokeBias", Time since last: 50359375 ns, Reaching safepoint: 750459 ns, At safepoint: 111833 ns, Total: 862292 ns
[2023-07-18T03:34:11.503+0000][1][safepoint    ] Safepoint "RevokeBias", Time since last: 1874542 ns, Reaching safepoint: 602041 ns, At safepoint: 102917 ns, Total: 704958 ns
[2023-07-18T03:34:11.508+0000][1][safepoint    ] Safepoint "RevokeBias", Time since last: 1546167 ns, Reaching safepoint: 1572500 ns, At safepoint: 1549750 ns, Total: 3122250 ns
[2023-07-18T03:34:18.513+0000][1][safepoint    ] Safepoint "Cleanup", Time since last: 7004083045 ns, Reaching safepoint: 820708 ns, At safepoint: 18875 ns, Total: 839583 ns
[2023-07-18T03:34:21.519+0000][1][safepoint    ] Safepoint "Cleanup", Time since last: 3003858876 ns, Reaching safepoint: 2846167 ns, At safepoint: 70708 ns, Total: 2916875 ns
[2023-07-18T03:34:21.853+0000][1][safepoint    ] Safepoint "RevokeBias", Time since last: 333054667 ns, Reaching safepoint: 941542 ns, At safepoint: 102042 ns, Total: 1043584 ns
[2023-07-18T03:34:21.859+0000][1][safepoint    ] Safepoint "RevokeBias", Time since last: 4161291 ns, Reaching safepoint: 990959 ns, At safepoint: 101958 ns, Total: 1092917 ns
[2023-07-18T03:34:21.905+0000][1][safepoint    ] Safepoint "RevokeBias", Time since last: 45188958 ns, Reaching safepoint: 596750 ns, At safepoint: 98042 ns, Total: 694792 ns
[2023-07-18T03:34:21.907+0000][1][safepoint    ] Safepoint "RevokeBias", Time since last: 1599542 ns, Reaching safepoint: 413625 ns, At safepoint: 60166 ns, Total: 473791 ns
[2023-07-18T03:34:21.910+0000][1][safepoint    ] Safepoint "RevokeBias", Time since last: 2036125 ns, Reaching safepoint: 1321125 ns, At safepoint: 73959 ns, Total: 1395084 ns
[2023-07-18T03:34:30.629+0000][1][safepoint    ] Safepoint "RevokeBias", Time since last: 8716411795 ns, Reaching safepoint: 1672250 ns, At safepoint: 521042 ns, Total: 2193292 ns
[2023-07-18T03:34:31.636+0000][1][safepoint    ] Safepoint "Cleanup", Time since last: 1000712792 ns, Reaching safepoint: 6596542 ns, At safepoint: 134625 ns, Total: 6731167 ns
[2023-07-18T03:34:45.180+0000][1][safepoint    ] Safepoint "RevokeBias", Time since last: 13543897672 ns, Reaching safepoint: 773625 ns, At safepoint: 74083 ns, Total: 847708 ns
[2023-07-18T03:34:46.001+0000][1][safepoint    ] Safepoint "RevokeBias", Time since last: 817926418 ns, Reaching safepoint: 2252541 ns, At safepoint: 136667 ns, Total: 2389208 ns
[2023-07-18T03:34:50.603+0000][1][safepoint    ] Safepoint "RevokeBias", Time since last: 4599745127 ns, Reaching safepoint: 1857583 ns, At safepoint: 160209 ns, Total: 2017792 ns
[2023-07-18T03:34:51.246+0000][1][gc,start     ] GC(43) Pause Young (Allocation Failure)
[2023-07-18T03:34:51.247+0000][1][gc,task      ] GC(43) Using 4 workers of 4 for evacuation
[2023-07-18T03:34:51.271+0000][1][gc,age       ] GC(43) Desired survivor size 8945664 bytes, new threshold 6 (max threshold 6)
[2023-07-18T03:34:51.272+0000][1][gc,age       ] GC(43) Age table with threshold 6 (max threshold 6)
[2023-07-18T03:34:51.272+0000][1][gc,age       ] GC(43) - age   1:     366768 bytes,     366768 total
[2023-07-18T03:34:51.272+0000][1][gc,age       ] GC(43) - age   2:    2323400 bytes,    2690168 total
[2023-07-18T03:34:51.272+0000][1][gc,age       ] GC(43) - age   3:       1720 bytes,    2691888 total
[2023-07-18T03:34:51.272+0000][1][gc,age       ] GC(43) - age   4:     290168 bytes,    2982056 total
[2023-07-18T03:34:51.272+0000][1][gc,age       ] GC(43) - age   5:       5368 bytes,    2987424 total
[2023-07-18T03:34:51.272+0000][1][gc,age       ] GC(43) - age   6:       3416 bytes,    2990840 total
[2023-07-18T03:34:51.273+0000][1][gc,heap      ] GC(43) ParNew: 143003K->3137K(157248K)
[2023-07-18T03:34:51.273+0000][1][gc,heap      ] GC(43) CMS: 68915K->68938K(349568K)
[2023-07-18T03:34:51.273+0000][1][gc,metaspace ] GC(43) Metaspace: 92056K->92056K(1134592K)
[2023-07-18T03:34:51.273+0000][1][gc           ] GC(43) Pause Young (Allocation Failure) 206M->70M(494M) 27.248ms
[2023-07-18T03:34:51.273+0000][1][gc,cpu       ] GC(43) User=0.05s Sys=0.01s Real=0.03s
[2023-07-18T03:34:51.274+0000][1][safepoint    ] Safepoint "GenCollectForAllocation", Time since last: 641362667 ns, Reaching safepoint: 2018916 ns, At safepoint: 27727334 ns, Total: 29746250 ns
[2023-07-18T03:34:57.281+0000][1][safepoint    ] Safepoint "Cleanup", Time since last: 6005004253 ns, Reaching safepoint: 1876875 ns, At safepoint: 39458 ns, Total: 1916333 ns
[2023-07-18T03:35:02.862+0000][1][safepoint    ] Safepoint "RevokeBias", Time since last: 5580606044 ns, Reaching safepoint: 1182375 ns, At safepoint: 101167 ns, Total: 1283542 ns
[2023-07-18T03:35:02.867+0000][1][safepoint    ] Safepoint "RevokeBias", Time since last: 4308000 ns, Reaching safepoint: 509833 ns, At safepoint: 84125 ns, Total: 593958 ns
[2023-07-18T03:35:02.868+0000][1][safepoint    ] Safepoint "RevokeBias", Time since last: 432792 ns, Reaching safepoint: 464542 ns, At safepoint: 74875 ns, Total: 539417 ns
[2023-07-18T03:35:02.871+0000][1][safepoint    ] Safepoint "RevokeBias", Time since last: 1778958 ns, Reaching safepoint: 498333 ns, At safepoint: 57792 ns, Total: 556125 ns
[2023-07-18T03:35:02.875+0000][1][safepoint    ] Safepoint "RevokeBias", Time since last: 3931750 ns, Reaching safepoint: 418125 ns, At safepoint: 57792 ns, Total: 475917 ns
[2023-07-18T03:35:03.074+0000][1][safepoint    ] Safepoint "RevokeBias", Time since last: 197229833 ns, Reaching safepoint: 1339417 ns, At safepoint: 139083 ns, Total: 1478500 ns
[2023-07-18T03:35:03.091+0000][1][safepoint    ] Safepoint "RevokeBias", Time since last: 16731292 ns, Reaching safepoint: 581708 ns, At safepoint: 93375 ns, Total: 675083 ns
[2023-07-18T03:35:03.093+0000][1][safepoint    ] Safepoint "RevokeBias", Time since last: 954667 ns, Reaching safepoint: 416083 ns, At safepoint: 64042 ns, Total: 480125 ns
[2023-07-18T03:35:03.097+0000][1][safepoint    ] Safepoint "RevokeBias", Time since last: 3119666 ns, Reaching safepoint: 841667 ns, At safepoint: 92333 ns, Total: 934000 ns
[2023-07-18T03:35:03.098+0000][1][safepoint    ] Safepoint "RevokeBias", Time since last: 1274334 ns, Reaching safepoint: 434250 ns, At safepoint: 60416 ns, Total: 494666 ns
[2023-07-18T03:35:03.132+0000][1][safepoint    ] Safepoint "RevokeBias", Time since last: 32768917 ns, Reaching safepoint: 412250 ns, At safepoint: 66208 ns, Total: 478458 ns
[2023-07-18T03:35:04.137+0000][1][safepoint    ] Safepoint "Cleanup", Time since last: 1001518709 ns, Reaching safepoint: 3404667 ns, At safepoint: 117458 ns, Total: 3522125 ns
[2023-07-18T03:35:04.154+0000][1][safepoint    ] Safepoint "RevokeBias", Time since last: 14786458 ns, Reaching safepoint: 2213917 ns, At safepoint: 250792 ns, Total: 2464709 ns
[2023-07-18T03:35:06.843+0000][1][safepoint    ] Safepoint "RevokeBias", Time since last: 2687895334 ns, Reaching safepoint: 1126292 ns, At safepoint: 120708 ns, Total: 1247000 ns
[2023-07-18T03:35:06.849+0000][1][safepoint    ] Safepoint "RevokeBias", Time since last: 4126542 ns, Reaching safepoint: 1168292 ns, At safepoint: 93458 ns, Total: 1261750 ns
[2023-07-18T03:35:06.852+0000][1][safepoint    ] Safepoint "RevokeBias", Time since last: 2072875 ns, Reaching safepoint: 983333 ns, At safepoint: 78334 ns, Total: 1061667 ns
[2023-07-18T03:35:06.856+0000][1][safepoint    ] Safepoint "RevokeBias", Time since last: 3250041 ns, Reaching safepoint: 1015417 ns, At safepoint: 110000 ns, Total: 1125417 ns
[2023-07-18T03:35:06.899+0000][1][safepoint    ] Safepoint "RevokeBias", Time since last: 42545500 ns, Reaching safepoint: 697667 ns, At safepoint: 99958 ns, Total: 797625 ns
[2023-07-18T03:35:06.902+0000][1][safepoint    ] Safepoint "RevokeBias", Time since last: 1476458 ns, Reaching safepoint: 779334 ns, At safepoint: 71208 ns, Total: 850542 ns
[2023-07-18T03:35:06.911+0000][1][safepoint    ] Safepoint "RevokeBias", Time since last: 6929042 ns, Reaching safepoint: 2454750 ns, At safepoint: 91791 ns, Total: 2546541 ns
[2023-07-18T03:35:07.919+0000][1][safepoint    ] Safepoint "Cleanup", Time since last: 1004945168 ns, Reaching safepoint: 3198750 ns, At safepoint: 79416 ns, Total: 3278166 ns
[2023-07-18T03:35:08.226+0000][1][safepoint    ] Safepoint "RevokeBias", Time since last: 305625709 ns, Reaching safepoint: 1052541 ns, At safepoint: 127834 ns, Total: 1180375 ns
[2023-07-18T03:35:08.234+0000][1][safepoint    ] Safepoint "RevokeBias", Time since last: 6460916 ns, Reaching safepoint: 1188292 ns, At safepoint: 130125 ns, Total: 1318417 ns
[2023-07-18T03:35:08.291+0000][1][safepoint    ] Safepoint "RevokeBias", Time since last: 55458375 ns, Reaching safepoint: 1001000 ns, At safepoint: 155042 ns, Total: 1156042 ns
[2023-07-18T03:35:08.295+0000][1][safepoint    ] Safepoint "BulkRevokeBias", Time since last: 1395083 ns, Reaching safepoint: 649708 ns, At safepoint: 2528084 ns, Total: 3177792 ns
[2023-07-18T03:35:09.299+0000][1][safepoint    ] Safepoint "Cleanup", Time since last: 1001208042 ns, Reaching safepoint: 2926875 ns, At safepoint: 73167 ns, Total: 3000042 ns
[2023-07-18T03:35:10.640+0000][1][safepoint    ] Safepoint "RevokeBias", Time since last: 1338957792 ns, Reaching safepoint: 1733042 ns, At safepoint: 205375 ns, Total: 1938417 ns
[2023-07-18T03:35:20.652+0000][1][safepoint    ] Safepoint "Cleanup", Time since last: 10012429962 ns, Reaching safepoint: 1288042 ns, At safepoint: 21833 ns, Total: 1309875 ns
[2023-07-18T03:35:29.382+0000][1][safepoint    ] Safepoint "RevokeBias", Time since last: 8727120546 ns, Reaching safepoint: 2117125 ns, At safepoint: 211542 ns, Total: 2328667 ns
[2023-07-18T03:35:29.392+0000][1][safepoint    ] Safepoint "RevokeBias", Time since last: 9006667 ns, Reaching safepoint: 905541 ns, At safepoint: 151709 ns, Total: 1057250 ns
[2023-07-18T03:35:29.400+0000][1][safepoint    ] Safepoint "RevokeBias", Time since last: 6592458 ns, Reaching safepoint: 1624875 ns, At safepoint: 127083 ns, Total: 1751958 ns
[2023-07-18T03:35:30.217+0000][1][safepoint    ] Safepoint "RevokeBias", Time since last: 816503334 ns, Reaching safepoint: 818833 ns, At safepoint: 104792 ns, Total: 923625 ns
[2023-07-18T03:35:30.227+0000][1][safepoint    ] Safepoint "RevokeBias", Time since last: 8951583 ns, Reaching safepoint: 512917 ns, At safepoint: 93083 ns, Total: 606000 ns
[2023-07-18T03:35:30.229+0000][1][safepoint    ] Safepoint "RevokeBias", Time since last: 1150334 ns, Reaching safepoint: 975708 ns, At safepoint: 170333 ns, Total: 1146041 ns
[2023-07-18T03:35:30.233+0000][1][safepoint    ] Safepoint "RevokeBias", Time since last: 3045167 ns, Reaching safepoint: 909625 ns, At safepoint: 99042 ns, Total: 1008667 ns
[2023-07-18T03:35:30.235+0000][1][safepoint    ] Safepoint "RevokeBias", Time since last: 1237958 ns, Reaching safepoint: 399792 ns, At safepoint: 57000 ns, Total: 456792 ns
[2023-07-18T03:35:30.284+0000][1][safepoint    ] Safepoint "RevokeBias", Time since last: 48214291 ns, Reaching safepoint: 563875 ns, At safepoint: 82084 ns, Total: 645959 ns
[2023-07-18T03:35:30.285+0000][1][safepoint    ] Safepoint "RevokeBias", Time since last: 455500 ns, Reaching safepoint: 351041 ns, At safepoint: 55209 ns, Total: 406250 ns
[2023-07-18T03:35:30.303+0000][1][safepoint    ] Safepoint "RevokeBias", Time since last: 18159375 ns, Reaching safepoint: 483791 ns, At safepoint: 82334 ns, Total: 566125 ns
[2023-07-18T03:35:30.307+0000][1][safepoint    ] Safepoint "RevokeBias", Time since last: 3382833 ns, Reaching safepoint: 332750 ns, At safepoint: 56583 ns, Total: 389333 ns
[2023-07-18T03:35:30.308+0000][1][safepoint    ] Safepoint "RevokeBias", Time since last: 446625 ns, Reaching safepoint: 237042 ns, At safepoint: 44417 ns, Total: 281459 ns
[2023-07-18T03:35:31.311+0000][1][safepoint    ] Safepoint "RevokeBias", Time since last: 1001140958 ns, Reaching safepoint: 1702250 ns, At safepoint: 151500 ns, Total: 1853750 ns
[2023-07-18T03:35:31.655+0000][1][safepoint    ] Safepoint "RevokeBias", Time since last: 342940917 ns, Reaching safepoint: 647250 ns, At safepoint: 75250 ns, Total: 722500 ns
[2023-07-18T03:35:31.658+0000][1][safepoint    ] Safepoint "RevokeBias", Time since last: 2538084 ns, Reaching safepoint: 720166 ns, At safepoint: 63000 ns, Total: 783166 ns
[2023-07-18T03:35:31.659+0000][1][safepoint    ] Safepoint "RevokeBias", Time since last: 300500 ns, Reaching safepoint: 297834 ns, At safepoint: 46041 ns, Total: 343875 ns
[2023-07-18T03:35:31.662+0000][1][safepoint    ] Safepoint "RevokeBias", Time since last: 2356917 ns, Reaching safepoint: 620500 ns, At safepoint: 51750 ns, Total: 672250 ns
[2023-07-18T03:35:31.664+0000][1][safepoint    ] Safepoint "RevokeBias", Time since last: 1685542 ns, Reaching safepoint: 640625 ns, At safepoint: 64750 ns, Total: 705375 ns
[2023-07-18T03:35:31.717+0000][1][safepoint    ] Safepoint "RevokeBias", Time since last: 51647583 ns, Reaching safepoint: 863208 ns, At safepoint: 139792 ns, Total: 1003000 ns
[2023-07-18T03:35:31.719+0000][1][safepoint    ] Safepoint "RevokeBias", Time since last: 1806292 ns, Reaching safepoint: 434458 ns, At safepoint: 63292 ns, Total: 497750 ns
[2023-07-18T03:35:31.722+0000][1][safepoint    ] Safepoint "RevokeBias", Time since last: 2060875 ns, Reaching safepoint: 1346791 ns, At safepoint: 78750 ns, Total: 1425541 ns
[2023-07-18T03:35:40.630+0000][1][safepoint    ] Safepoint "RevokeBias", Time since last: 8905532880 ns, Reaching safepoint: 1764250 ns, At safepoint: 453333 ns, Total: 2217583 ns
[2023-07-18T03:35:43.339+0000][1][safepoint    ] Safepoint "RevokeBias", Time since last: 2706554084 ns, Reaching safepoint: 787375 ns, At safepoint: 74458 ns, Total: 861833 ns
[2023-07-18T03:35:43.352+0000][1][safepoint    ] Safepoint "RevokeBias", Time since last: 12305625 ns, Reaching safepoint: 538959 ns, At safepoint: 69333 ns, Total: 608292 ns
[2023-07-18T03:35:43.353+0000][1][safepoint    ] Safepoint "RevokeBias", Time since last: 566917 ns, Reaching safepoint: 316750 ns, At safepoint: 52000 ns, Total: 368750 ns
[2023-07-18T03:35:43.355+0000][1][safepoint    ] Safepoint "RevokeBias", Time since last: 1093916 ns, Reaching safepoint: 417250 ns, At safepoint: 50334 ns, Total: 467584 ns
[2023-07-18T03:35:43.356+0000][1][safepoint    ] Safepoint "RevokeBias", Time since last: 812375 ns, Reaching safepoint: 325958 ns, At safepoint: 41000 ns, Total: 366958 ns
[2023-07-18T03:35:43.390+0000][1][safepoint    ] Safepoint "RevokeBias", Time since last: 33811875 ns, Reaching safepoint: 499250 ns, At safepoint: 67667 ns, Total: 566917 ns
[2023-07-18T03:35:43.448+0000][1][safepoint    ] Safepoint "RevokeBias", Time since last: 57032708 ns, Reaching safepoint: 376875 ns, At safepoint: 61833 ns, Total: 438708 ns
[2023-07-18T03:35:43.481+0000][1][safepoint    ] Safepoint "BulkRevokeBias", Time since last: 30920667 ns, Reaching safepoint: 856167 ns, At safepoint: 1248708 ns, Total: 2104875 ns
[2023-07-18T03:35:46.821+0000][1][safepoint    ] Safepoint "RevokeBias", Time since last: 3334823960 ns, Reaching safepoint: 3631792 ns, At safepoint: 1289250 ns, Total: 4921042 ns
[2023-07-18T03:35:46.882+0000][1][safepoint    ] Safepoint "RevokeBias", Time since last: 60745666 ns, Reaching safepoint: 897334 ns, At safepoint: 117125 ns, Total: 1014459 ns
[2023-07-18T03:35:46.886+0000][1][safepoint    ] Safepoint "RevokeBias", Time since last: 3405166 ns, Reaching safepoint: 480000 ns, At safepoint: 52292 ns, Total: 532292 ns
[2023-07-18T03:35:46.937+0000][1][safepoint    ] Safepoint "RevokeBias", Time since last: 50058208 ns, Reaching safepoint: 851667 ns, At safepoint: 204250 ns, Total: 1055917 ns
[2023-07-18T03:35:47.489+0000][1][safepoint    ] Safepoint "RevokeBias", Time since last: 547866167 ns, Reaching safepoint: 3442542 ns, At safepoint: 404500 ns, Total: 3847042 ns
[2023-07-18T03:35:57.506+0000][1][safepoint    ] Safepoint "Cleanup", Time since last: 10013827463 ns, Reaching safepoint: 3148541 ns, At safepoint: 179834 ns, Total: 3328375 ns
[2023-07-18T03:36:00.083+0000][1][safepoint    ] Safepoint "Deoptimize", Time since last: 2567618459 ns, Reaching safepoint: 1893959 ns, At safepoint: 7052833 ns, Total: 8946792 ns
[2023-07-18T03:36:00.517+0000][1][safepoint    ] Safepoint "RevokeBias", Time since last: 432771583 ns, Reaching safepoint: 1466209 ns, At safepoint: 75333 ns, Total: 1541542 ns
[2023-07-18T03:36:00.524+0000][1][safepoint    ] Safepoint "RevokeBias", Time since last: 5801500 ns, Reaching safepoint: 671250 ns, At safepoint: 71750 ns, Total: 743000 ns
[2023-07-18T03:36:00.525+0000][1][safepoint    ] Safepoint "RevokeBias", Time since last: 1038417 ns, Reaching safepoint: 451833 ns, At safepoint: 56708 ns, Total: 508541 ns
[2023-07-18T03:36:00.529+0000][1][safepoint    ] Safepoint "RevokeBias", Time since last: 3021500 ns, Reaching safepoint: 611459 ns, At safepoint: 68458 ns, Total: 679917 ns
[2023-07-18T03:36:00.531+0000][1][safepoint    ] Safepoint "RevokeBias", Time since last: 1419625 ns, Reaching safepoint: 719125 ns, At safepoint: 73667 ns, Total: 792792 ns
[2023-07-18T03:36:00.579+0000][1][safepoint    ] Safepoint "RevokeBias", Time since last: 46443375 ns, Reaching safepoint: 1295291 ns, At safepoint: 78792 ns, Total: 1374083 ns
[2023-07-18T03:36:00.602+0000][1][safepoint    ] Safepoint "RevokeBias", Time since last: 22319292 ns, Reaching safepoint: 829583 ns, At safepoint: 73000 ns, Total: 902583 ns
[2023-07-18T03:36:00.621+0000][1][safepoint    ] Safepoint "RevokeBias", Time since last: 17313375 ns, Reaching safepoint: 972875 ns, At safepoint: 66917 ns, Total: 1039792 ns
[2023-07-18T03:36:00.622+0000][1][safepoint    ] Safepoint "RevokeBias", Time since last: 1299708 ns, Reaching safepoint: 481083 ns, At safepoint: 47125 ns, Total: 528208 ns
[2023-07-18T03:36:01.625+0000][1][safepoint    ] Safepoint "Cleanup", Time since last: 1000331918 ns, Reaching safepoint: 2669541 ns, At safepoint: 61500 ns, Total: 2731041 ns
[2023-07-18T03:36:03.518+0000][1][safepoint    ] Safepoint "RevokeBias", Time since last: 1890669001 ns, Reaching safepoint: 1472959 ns, At safepoint: 153708 ns, Total: 1626667 ns
[2023-07-18T03:36:03.524+0000][1][safepoint    ] Safepoint "RevokeBias", Time since last: 4573750 ns, Reaching safepoint: 1960958 ns, At safepoint: 93667 ns, Total: 2054625 ns
[2023-07-18T03:36:03.526+0000][1][safepoint    ] Safepoint "RevokeBias", Time since last: 954333 ns, Reaching safepoint: 462167 ns, At safepoint: 66500 ns, Total: 528667 ns
[2023-07-18T03:36:03.527+0000][1][safepoint    ] Safepoint "RevokeBias", Time since last: 524625 ns, Reaching safepoint: 397625 ns, At safepoint: 59500 ns, Total: 457125 ns
[2023-07-18T03:36:03.528+0000][1][safepoint    ] Safepoint "RevokeBias", Time since last: 455833 ns, Reaching safepoint: 430584 ns, At safepoint: 64083 ns, Total: 494667 ns
[2023-07-18T03:36:03.532+0000][1][safepoint    ] Safepoint "RevokeBias", Time since last: 3712583 ns, Reaching safepoint: 773250 ns, At safepoint: 103292 ns, Total: 876542 ns
[2023-07-18T03:36:03.582+0000][1][safepoint    ] Safepoint "RevokeBias", Time since last: 49071542 ns, Reaching safepoint: 852208 ns, At safepoint: 160042 ns, Total: 1012250 ns
[2023-07-18T03:36:03.584+0000][1][safepoint    ] Safepoint "RevokeBias", Time since last: 1124416 ns, Reaching safepoint: 711250 ns, At safepoint: 91709 ns, Total: 802959 ns
[2023-07-18T03:36:03.587+0000][1][safepoint    ] Safepoint "RevokeBias", Time since last: 1836458 ns, Reaching safepoint: 687667 ns, At safepoint: 64208 ns, Total: 751875 ns
[2023-07-18T03:36:10.616+0000][1][safepoint    ] Safepoint "RevokeBias", Time since last: 7027205503 ns, Reaching safepoint: 1433584 ns, At safepoint: 131916 ns, Total: 1565500 ns
[2023-07-18T03:36:20.836+0000][1][gc,start     ] GC(44) Pause Young (Allocation Failure)
[2023-07-18T03:36:20.846+0000][1][gc,task      ] GC(44) Using 4 workers of 4 for evacuation
[2023-07-18T03:36:20.877+0000][1][gc,age       ] GC(44) Desired survivor size 8945664 bytes, new threshold 6 (max threshold 6)
[2023-07-18T03:36:20.878+0000][1][gc,age       ] GC(44) Age table with threshold 6 (max threshold 6)
[2023-07-18T03:36:20.878+0000][1][gc,age       ] GC(44) - age   1:     310544 bytes,     310544 total
[2023-07-18T03:36:20.878+0000][1][gc,age       ] GC(44) - age   2:     268608 bytes,     579152 total
[2023-07-18T03:36:20.878+0000][1][gc,age       ] GC(44) - age   3:    2322984 bytes,    2902136 total
[2023-07-18T03:36:20.878+0000][1][gc,age       ] GC(44) - age   4:       1720 bytes,    2903856 total
[2023-07-18T03:36:20.878+0000][1][gc,age       ] GC(44) - age   5:     220280 bytes,    3124136 total
[2023-07-18T03:36:20.878+0000][1][gc,age       ] GC(44) - age   6:       4720 bytes,    3128856 total
[2023-07-18T03:36:20.880+0000][1][gc,heap      ] GC(44) ParNew: 142913K->3433K(157248K)
[2023-07-18T03:36:20.880+0000][1][gc,heap      ] GC(44) CMS: 68938K->68941K(349568K)
[2023-07-18T03:36:20.880+0000][1][gc,metaspace ] GC(44) Metaspace: 92332K->92332K(1134592K)
[2023-07-18T03:36:20.881+0000][1][gc           ] GC(44) Pause Young (Allocation Failure) 206M->70M(494M) 45.174ms
[2023-07-18T03:36:20.881+0000][1][gc,cpu       ] GC(44) User=0.08s Sys=0.01s Real=0.05s
[2023-07-18T03:36:20.881+0000][1][safepoint    ] Safepoint "GenCollectForAllocation", Time since last: 10218403671 ns, Reaching safepoint: 985708 ns, At safepoint: 46385709 ns, Total: 47371417 ns
[2023-07-18T03:36:30.891+0000][1][safepoint    ] Safepoint "Cleanup", Time since last: 10007886213 ns, Reaching safepoint: 1477750 ns, At safepoint: 37250 ns, Total: 1515000 ns
[2023-07-18T03:36:37.897+0000][1][safepoint    ] Safepoint "Cleanup", Time since last: 7004344420 ns, Reaching safepoint: 1473708 ns, At safepoint: 30125 ns, Total: 1503833 ns
[2023-07-18T03:36:40.640+0000][1][safepoint    ] Safepoint "RevokeBias", Time since last: 2741492293 ns, Reaching safepoint: 1360875 ns, At safepoint: 76750 ns, Total: 1437625 ns
[2023-07-18T03:37:00.648+0000][1][safepoint    ] Safepoint "RevokeBias", Time since last: 20007607009 ns, Reaching safepoint: 1154042 ns, At safepoint: 84625 ns, Total: 1238667 ns
[2023-07-18T03:37:01.651+0000][1][safepoint    ] Safepoint "Cleanup", Time since last: 1000721376 ns, Reaching safepoint: 2274750 ns, At safepoint: 80666 ns, Total: 2355416 ns
[2023-07-18T03:37:03.719+0000][1][safepoint    ] Safepoint "RevokeBias", Time since last: 2066425376 ns, Reaching safepoint: 1297167 ns, At safepoint: 132542 ns, Total: 1429709 ns
[2023-07-18T03:37:03.723+0000][1][safepoint    ] Safepoint "RevokeBias", Time since last: 2542291 ns, Reaching safepoint: 885959 ns, At safepoint: 83416 ns, Total: 969375 ns
[2023-07-18T03:37:03.726+0000][1][safepoint    ] Safepoint "RevokeBias", Time since last: 2286542 ns, Reaching safepoint: 996833 ns, At safepoint: 88042 ns, Total: 1084875 ns
[2023-07-18T03:37:03.744+0000][1][safepoint    ] Safepoint "RevokeBias", Time since last: 17251208 ns, Reaching safepoint: 996959 ns, At safepoint: 145083 ns, Total: 1142042 ns
[2023-07-18T03:37:03.753+0000][1][safepoint    ] Safepoint "RevokeBias", Time since last: 8453000 ns, Reaching safepoint: 550083 ns, At safepoint: 70042 ns, Total: 620125 ns
[2023-07-18T03:37:20.642+0000][1][safepoint    ] Safepoint "RevokeBias", Time since last: 16884225841 ns, Reaching safepoint: 1513083 ns, At safepoint: 223125 ns, Total: 1736208 ns
[2023-07-18T03:37:35.655+0000][1][safepoint    ] Safepoint "Cleanup", Time since last: 15011563091 ns, Reaching safepoint: 1461666 ns, At safepoint: 35292 ns, Total: 1496958 ns
[2023-07-18T03:37:40.656+0000][1][safepoint    ] Safepoint "RevokeBias", Time since last: 4998355211 ns, Reaching safepoint: 1447541 ns, At safepoint: 300042 ns, Total: 1747583 ns
[2023-07-18T03:37:50.666+0000][1][safepoint    ] Safepoint "Cleanup", Time since last: 10011214129 ns, Reaching safepoint: 2058250 ns, At safepoint: 24708 ns, Total: 2082958 ns
[2023-07-18T03:37:51.668+0000][1][safepoint    ] Safepoint "Cleanup", Time since last: 1001312001 ns, Reaching safepoint: 1320291 ns, At safepoint: 31792 ns, Total: 1352083 ns
[2023-07-18T03:37:52.672+0000][1][safepoint    ] Safepoint "Cleanup", Time since last: 1000978875 ns, Reaching safepoint: 2540709 ns, At safepoint: 62500 ns, Total: 2603209 ns
[2023-07-18T03:37:53.678+0000][1][safepoint    ] Safepoint "Cleanup", Time since last: 1001997417 ns, Reaching safepoint: 3962000 ns, At safepoint: 152291 ns, Total: 4114291 ns
[2023-07-18T03:37:54.684+0000][1][safepoint    ] Safepoint "Cleanup", Time since last: 1002318001 ns, Reaching safepoint: 3617917 ns, At safepoint: 105708 ns, Total: 3723625 ns
[2023-07-18T03:37:55.691+0000][1][safepoint    ] Safepoint "Cleanup", Time since last: 1002817834 ns, Reaching safepoint: 3526666 ns, At safepoint: 106334 ns, Total: 3633000 ns
[2023-07-18T03:37:56.694+0000][1][safepoint    ] Safepoint "Cleanup", Time since last: 1002371667 ns, Reaching safepoint: 952625 ns, At safepoint: 64208 ns, Total: 1016833 ns
[2023-07-18T03:37:57.698+0000][1][safepoint    ] Safepoint "Cleanup", Time since last: 1001334251 ns, Reaching safepoint: 2550583 ns, At safepoint: 85458 ns, Total: 2636041 ns
[2023-07-18T03:37:58.703+0000][1][safepoint    ] Safepoint "Cleanup", Time since last: 1002243043 ns, Reaching safepoint: 2872250 ns, At safepoint: 81083 ns, Total: 2953333 ns
[2023-07-18T03:37:59.711+0000][1][safepoint    ] Safepoint "Cleanup", Time since last: 1004048459 ns, Reaching safepoint: 3672166 ns, At safepoint: 92250 ns, Total: 3764416 ns
[2023-07-18T03:38:00.714+0000][1][safepoint    ] Safepoint "Cleanup", Time since last: 1002035459 ns, Reaching safepoint: 600667 ns, At safepoint: 16250 ns, Total: 616917 ns
[2023-07-18T03:38:01.715+0000][1][safepoint    ] Safepoint "Cleanup", Time since last: 1000611709 ns, Reaching safepoint: 965083 ns, At safepoint: 28167 ns, Total: 993250 ns
[2023-07-18T03:38:02.719+0000][1][safepoint    ] Safepoint "Cleanup", Time since last: 1001198167 ns, Reaching safepoint: 2146083 ns, At safepoint: 53250 ns, Total: 2199333 ns
[2023-07-18T03:38:02.940+0000][1][safepoint    ] Safepoint "RevokeBias", Time since last: 220536459 ns, Reaching safepoint: 839416 ns, At safepoint: 90542 ns, Total: 929958 ns
[2023-07-18T03:38:02.941+0000][1][safepoint    ] Safepoint "RevokeBias", Time since last: 575000 ns, Reaching safepoint: 736708 ns, At safepoint: 65375 ns, Total: 802083 ns
[2023-07-18T03:38:02.961+0000][1][safepoint    ] Safepoint "RevokeBias", Time since last: 18147417 ns, Reaching safepoint: 1232333 ns, At safepoint: 89500 ns, Total: 1321833 ns
[2023-07-18T03:38:02.964+0000][1][safepoint    ] Safepoint "RevokeBias", Time since last: 2340042 ns, Reaching safepoint: 627500 ns, At safepoint: 115500 ns, Total: 743000 ns
[2023-07-18T03:38:02.971+0000][1][safepoint    ] Safepoint "RevokeBias", Time since last: 6217542 ns, Reaching safepoint: 357416 ns, At safepoint: 65292 ns, Total: 422708 ns
[2023-07-18T03:38:02.974+0000][1][safepoint    ] Safepoint "RevokeBias", Time since last: 3139833 ns, Reaching safepoint: 340375 ns, At safepoint: 48500 ns, Total: 388875 ns
[2023-07-18T03:38:02.982+0000][1][safepoint    ] Safepoint "RevokeBias", Time since last: 6691750 ns, Reaching safepoint: 751084 ns, At safepoint: 93666 ns, Total: 844750 ns
[2023-07-18T03:38:02.982+0000][1][safepoint    ] Safepoint "RevokeBias", Time since last: 323167 ns, Reaching safepoint: 313542 ns, At safepoint: 50916 ns, Total: 364458 ns
[2023-07-18T03:38:02.986+0000][1][safepoint    ] Safepoint "RevokeBias", Time since last: 2762750 ns, Reaching safepoint: 410209 ns, At safepoint: 54750 ns, Total: 464959 ns
[2023-07-18T03:38:02.996+0000][1][safepoint    ] Safepoint "RevokeBias", Time since last: 9197666 ns, Reaching safepoint: 917209 ns, At safepoint: 92458 ns, Total: 1009667 ns
[2023-07-18T03:38:02.998+0000][1][safepoint    ] Safepoint "RevokeBias", Time since last: 1675375 ns, Reaching safepoint: 664125 ns, At safepoint: 56667 ns, Total: 720792 ns
[2023-07-18T03:38:03.007+0000][1][safepoint    ] Safepoint "RevokeBias", Time since last: 8261291 ns, Reaching safepoint: 407375 ns, At safepoint: 57875 ns, Total: 465250 ns
[2023-07-18T03:38:03.857+0000][1][safepoint    ] Safepoint "RevokeBias", Time since last: 848717459 ns, Reaching safepoint: 1280958 ns, At safepoint: 150084 ns, Total: 1431042 ns
[2023-07-18T03:38:03.860+0000][1][safepoint    ] Safepoint "RevokeBias", Time since last: 2218833 ns, Reaching safepoint: 855250 ns, At safepoint: 103875 ns, Total: 959125 ns
[2023-07-18T03:38:03.866+0000][1][safepoint    ] Safepoint "RevokeBias", Time since last: 5006833 ns, Reaching safepoint: 662500 ns, At safepoint: 87167 ns, Total: 749667 ns
[2023-07-18T03:38:03.887+0000][1][safepoint    ] Safepoint "RevokeBias", Time since last: 20173792 ns, Reaching safepoint: 885416 ns, At safepoint: 117667 ns, Total: 1003083 ns
[2023-07-18T03:38:03.889+0000][1][safepoint    ] Safepoint "RevokeBias", Time since last: 1649417 ns, Reaching safepoint: 542791 ns, At safepoint: 75000 ns, Total: 617791 ns
[2023-07-18T03:38:03.967+0000][1][safepoint    ] Safepoint "RevokeBias", Time since last: 77096792 ns, Reaching safepoint: 747167 ns, At safepoint: 76416 ns, Total: 823583 ns
[2023-07-18T03:38:04.970+0000][1][safepoint    ] Safepoint "Cleanup", Time since last: 1000541709 ns, Reaching safepoint: 1656500 ns, At safepoint: 51709 ns, Total: 1708209 ns
[2023-07-18T03:38:05.974+0000][1][safepoint    ] Safepoint "Cleanup", Time since last: 1000882292 ns, Reaching safepoint: 3370500 ns, At safepoint: 105708 ns, Total: 3476208 ns
[2023-07-18T03:38:06.979+0000][1][safepoint    ] Safepoint "Cleanup", Time since last: 1001562042 ns, Reaching safepoint: 3594542 ns, At safepoint: 118417 ns, Total: 3712959 ns
[2023-07-18T03:38:07.981+0000][1][safepoint    ] Safepoint "Cleanup", Time since last: 1001103833 ns, Reaching safepoint: 713792 ns, At safepoint: 21083 ns, Total: 734875 ns
[2023-07-18T03:38:08.984+0000][1][safepoint    ] Safepoint "Cleanup", Time since last: 1001329876 ns, Reaching safepoint: 1303333 ns, At safepoint: 31833 ns, Total: 1335166 ns
[2023-07-18T03:38:09.988+0000][1][safepoint    ] Safepoint "Cleanup", Time since last: 1001325876 ns, Reaching safepoint: 2336292 ns, At safepoint: 85083 ns, Total: 2421375 ns
[2023-07-18T03:38:10.994+0000][1][safepoint    ] Safepoint "Cleanup", Time since last: 1002293417 ns, Reaching safepoint: 4266500 ns, At safepoint: 106958 ns, Total: 4373458 ns
[2023-07-18T03:38:11.999+0000][1][safepoint    ] Safepoint "Cleanup", Time since last: 1001231917 ns, Reaching safepoint: 3654708 ns, At safepoint: 180500 ns, Total: 3835208 ns
[2023-07-18T03:38:13.002+0000][1][safepoint    ] Safepoint "Cleanup", Time since last: 1001834125 ns, Reaching safepoint: 911875 ns, At safepoint: 21834 ns, Total: 933709 ns
[2023-07-18T03:38:14.006+0000][1][safepoint    ] Safepoint "Cleanup", Time since last: 1000598209 ns, Reaching safepoint: 2929375 ns, At safepoint: 85541 ns, Total: 3014916 ns
[2023-07-18T03:38:14.361+0000][1][safepoint    ] Safepoint "RevokeBias", Time since last: 354024250 ns, Reaching safepoint: 1144875 ns, At safepoint: 138750 ns, Total: 1283625 ns
[2023-07-18T03:38:15.365+0000][1][safepoint    ] Safepoint "Cleanup", Time since last: 1000983376 ns, Reaching safepoint: 3035875 ns, At safepoint: 69125 ns, Total: 3105000 ns
[2023-07-18T03:38:16.369+0000][1][safepoint    ] Safepoint "Cleanup", Time since last: 1001927209 ns, Reaching safepoint: 2194750 ns, At safepoint: 61833 ns, Total: 2256583 ns
[2023-07-18T03:38:17.373+0000][1][safepoint    ] Safepoint "Cleanup", Time since last: 1002472709 ns, Reaching safepoint: 1812875 ns, At safepoint: 75291 ns, Total: 1888166 ns
[2023-07-18T03:38:17.419+0000][1][safepoint    ] Safepoint "RevokeBias", Time since last: 43955626 ns, Reaching safepoint: 980208 ns, At safepoint: 111833 ns, Total: 1092041 ns
[2023-07-18T03:38:17.427+0000][1][safepoint    ] Safepoint "RevokeBias", Time since last: 8219584 ns, Reaching safepoint: 603250 ns, At safepoint: 95083 ns, Total: 698333 ns
[2023-07-18T03:38:18.429+0000][1][safepoint    ] Safepoint "Cleanup", Time since last: 1000537334 ns, Reaching safepoint: 1438500 ns, At safepoint: 44125 ns, Total: 1482625 ns
[2023-07-18T03:38:19.436+0000][1][safepoint    ] Safepoint "Cleanup", Time since last: 1001665833 ns, Reaching safepoint: 4676584 ns, At safepoint: 222583 ns, Total: 4899167 ns
[2023-07-18T03:38:20.367+0000][1][gc,start     ] GC(45) Pause Young (Allocation Failure)
[2023-07-18T03:38:20.368+0000][1][gc,task      ] GC(45) Using 4 workers of 4 for evacuation
[2023-07-18T03:38:20.396+0000][1][gc,age       ] GC(45) Desired survivor size 8945664 bytes, new threshold 6 (max threshold 6)
[2023-07-18T03:38:20.397+0000][1][gc,age       ] GC(45) Age table with threshold 6 (max threshold 6)
[2023-07-18T03:38:20.397+0000][1][gc,age       ] GC(45) - age   1:     169680 bytes,     169680 total
[2023-07-18T03:38:20.397+0000][1][gc,age       ] GC(45) - age   2:     225392 bytes,     395072 total
[2023-07-18T03:38:20.397+0000][1][gc,age       ] GC(45) - age   3:     246936 bytes,     642008 total
[2023-07-18T03:38:20.398+0000][1][gc,age       ] GC(45) - age   4:    2322288 bytes,    2964296 total
[2023-07-18T03:38:20.398+0000][1][gc,age       ] GC(45) - age   5:       1664 bytes,    2965960 total
[2023-07-18T03:38:20.398+0000][1][gc,age       ] GC(45) - age   6:     207064 bytes,    3173024 total
[2023-07-18T03:38:20.398+0000][1][gc,heap      ] GC(45) ParNew: 143209K->3644K(157248K)
[2023-07-18T03:38:20.399+0000][1][gc,heap      ] GC(45) CMS: 68941K->68945K(349568K)
[2023-07-18T03:38:20.399+0000][1][gc,metaspace ] GC(45) Metaspace: 92416K->92416K(1134592K)
[2023-07-18T03:38:20.399+0000][1][gc           ] GC(45) Pause Young (Allocation Failure) 207M->70M(494M) 32.318ms
[2023-07-18T03:38:20.399+0000][1][gc,cpu       ] GC(45) User=0.07s Sys=0.01s Real=0.04s
[2023-07-18T03:38:20.400+0000][1][safepoint    ] Safepoint "GenCollectForAllocation", Time since last: 927765042 ns, Reaching safepoint: 3040625 ns, At safepoint: 32967917 ns, Total: 36008542 ns
[2023-07-18T03:38:20.870+0000][1][safepoint    ] Safepoint "RevokeBias", Time since last: 468625667 ns, Reaching safepoint: 1222250 ns, At safepoint: 254583 ns, Total: 1476833 ns
[2023-07-18T03:38:21.875+0000][1][safepoint    ] Safepoint "Cleanup", Time since last: 1000759042 ns, Reaching safepoint: 4279459 ns, At safepoint: 152166 ns, Total: 4431625 ns
[2023-07-18T03:38:22.879+0000][1][safepoint    ] Safepoint "Cleanup", Time since last: 1002440209 ns, Reaching safepoint: 1313167 ns, At safepoint: 33416 ns, Total: 1346583 ns
[2023-07-18T03:38:23.884+0000][1][safepoint    ] Safepoint "Cleanup", Time since last: 1000736543 ns, Reaching safepoint: 3710750 ns, At safepoint: 260041 ns, Total: 3970791 ns
[2023-07-18T03:38:24.889+0000][1][safepoint    ] Safepoint "Cleanup", Time since last: 1001505792 ns, Reaching safepoint: 3307250 ns, At safepoint: 81500 ns, Total: 3388750 ns
[2023-07-18T03:38:25.895+0000][1][safepoint    ] Safepoint "Cleanup", Time since last: 1002933959 ns, Reaching safepoint: 3553917 ns, At safepoint: 114958 ns, Total: 3668875 ns
[2023-07-18T03:38:26.901+0000][1][safepoint    ] Safepoint "Cleanup", Time since last: 1001782417 ns, Reaching safepoint: 4029000 ns, At safepoint: 150709 ns, Total: 4179709 ns
[2023-07-18T03:38:27.907+0000][1][safepoint    ] Safepoint "Cleanup", Time since last: 1003003125 ns, Reaching safepoint: 3147209 ns, At safepoint: 123208 ns, Total: 3270417 ns
[2023-07-18T03:38:28.912+0000][1][safepoint    ] Safepoint "Cleanup", Time since last: 1001795792 ns, Reaching safepoint: 3192958 ns, At safepoint: 125084 ns, Total: 3318042 ns
[2023-07-18T03:38:29.917+0000][1][safepoint    ] Safepoint "Cleanup", Time since last: 1001427292 ns, Reaching safepoint: 3356250 ns, At safepoint: 93000 ns, Total: 3449250 ns
[2023-07-18T03:38:30.919+0000][1][safepoint    ] Safepoint "Cleanup", Time since last: 1001084917 ns, Reaching safepoint: 645125 ns, At safepoint: 17458 ns, Total: 662583 ns
[2023-07-18T03:38:31.923+0000][1][safepoint    ] Safepoint "Cleanup", Time since last: 1000622709 ns, Reaching safepoint: 3661708 ns, At safepoint: 95667 ns, Total: 3757375 ns
[2023-07-18T03:38:32.930+0000][1][safepoint    ] Safepoint "Cleanup", Time since last: 1005191584 ns, Reaching safepoint: 1399458 ns, At safepoint: 39667 ns, Total: 1439125 ns
[2023-07-18T03:38:33.840+0000][1][safepoint    ] Safepoint "RevokeBias", Time since last: 909414459 ns, Reaching safepoint: 627916 ns, At safepoint: 65792 ns, Total: 693708 ns
[2023-07-18T03:38:34.846+0000][1][safepoint    ] Safepoint "Cleanup", Time since last: 1001760750 ns, Reaching safepoint: 3878625 ns, At safepoint: 127334 ns, Total: 4005959 ns
[2023-07-18T03:38:35.852+0000][1][safepoint    ] Safepoint "Cleanup", Time since last: 1002114125 ns, Reaching safepoint: 3916750 ns, At safepoint: 95334 ns, Total: 4012084 ns
[2023-07-18T03:38:36.859+0000][1][safepoint    ] Safepoint "Cleanup", Time since last: 1003142333 ns, Reaching safepoint: 3708292 ns, At safepoint: 117958 ns, Total: 3826250 ns
[2023-07-18T03:38:37.865+0000][1][safepoint    ] Safepoint "Cleanup", Time since last: 1003741043 ns, Reaching safepoint: 1842458 ns, At safepoint: 44083 ns, Total: 1886541 ns
[2023-07-18T03:38:38.869+0000][1][safepoint    ] Safepoint "Cleanup", Time since last: 1000826542 ns, Reaching safepoint: 3674959 ns, At safepoint: 90041 ns, Total: 3765000 ns
[2023-07-18T03:38:39.874+0000][1][safepoint    ] Safepoint "Cleanup", Time since last: 1001564626 ns, Reaching safepoint: 2595917 ns, At safepoint: 66750 ns, Total: 2662667 ns
[2023-07-18T03:38:40.656+0000][1][safepoint    ] Safepoint "RevokeBias", Time since last: 779303292 ns, Reaching safepoint: 2385291 ns, At safepoint: 664125 ns, Total: 3049416 ns
[2023-07-18T03:38:41.657+0000][1][safepoint    ] Safepoint "Cleanup", Time since last: 1000573625 ns, Reaching safepoint: 908791 ns, At safepoint: 24084 ns, Total: 932875 ns
[2023-07-18T03:38:42.660+0000][1][safepoint    ] Safepoint "Cleanup", Time since last: 1000536542 ns, Reaching safepoint: 2907458 ns, At safepoint: 77959 ns, Total: 2985417 ns
[2023-07-18T03:38:43.665+0000][1][safepoint    ] Safepoint "Cleanup", Time since last: 1002090042 ns, Reaching safepoint: 2008666 ns, At safepoint: 127209 ns, Total: 2135875 ns
[2023-07-18T03:38:44.670+0000][1][safepoint    ] Safepoint "Cleanup", Time since last: 1001242334 ns, Reaching safepoint: 3811208 ns, At safepoint: 120042 ns, Total: 3931250 ns
[2023-07-18T03:38:45.676+0000][1][safepoint    ] Safepoint "Cleanup", Time since last: 1002194667 ns, Reaching safepoint: 3796208 ns, At safepoint: 102708 ns, Total: 3898916 ns
[2023-07-18T03:38:46.682+0000][1][safepoint    ] Safepoint "Cleanup", Time since last: 1002284709 ns, Reaching safepoint: 3363417 ns, At safepoint: 99958 ns, Total: 3463375 ns
[2023-07-18T03:38:47.688+0000][1][safepoint    ] Safepoint "Cleanup", Time since last: 1002776251 ns, Reaching safepoint: 3423500 ns, At safepoint: 104500 ns, Total: 3528000 ns
[2023-07-18T03:38:48.694+0000][1][safepoint    ] Safepoint "Cleanup", Time since last: 1002446292 ns, Reaching safepoint: 3268750 ns, At safepoint: 91916 ns, Total: 3360666 ns
[2023-07-18T03:38:49.699+0000][1][safepoint    ] Safepoint "Cleanup", Time since last: 1001704251 ns, Reaching safepoint: 3080583 ns, At safepoint: 128917 ns, Total: 3209500 ns
[2023-07-18T03:38:50.701+0000][1][safepoint    ] Safepoint "Cleanup", Time since last: 1002090584 ns, Reaching safepoint: 637875 ns, At safepoint: 19083 ns, Total: 656958 ns
[2023-07-18T03:38:51.704+0000][1][safepoint    ] Safepoint "Cleanup", Time since last: 1001110334 ns, Reaching safepoint: 1119125 ns, At safepoint: 28750 ns, Total: 1147875 ns
[2023-07-18T03:38:52.706+0000][1][safepoint    ] Safepoint "Cleanup", Time since last: 1000753042 ns, Reaching safepoint: 1123000 ns, At safepoint: 27917 ns, Total: 1150917 ns
[2023-07-18T03:38:53.710+0000][1][safepoint    ] Safepoint "Cleanup", Time since last: 1001429209 ns, Reaching safepoint: 3205208 ns, At safepoint: 69458 ns, Total: 3274666 ns
[2023-07-18T03:38:54.717+0000][1][safepoint    ] Safepoint "Cleanup", Time since last: 1002969667 ns, Reaching safepoint: 3378709 ns, At safepoint: 106583 ns, Total: 3485292 ns
[2023-07-18T03:38:55.721+0000][1][safepoint    ] Safepoint "Cleanup", Time since last: 1001220875 ns, Reaching safepoint: 2469334 ns, At safepoint: 66041 ns, Total: 2535375 ns
[2023-07-18T03:38:56.726+0000][1][safepoint    ] Safepoint "Cleanup", Time since last: 1002212168 ns, Reaching safepoint: 3565083 ns, At safepoint: 100750 ns, Total: 3665833 ns
[2023-07-18T03:38:57.732+0000][1][safepoint    ] Safepoint "Cleanup", Time since last: 1001673250 ns, Reaching safepoint: 3497375 ns, At safepoint: 94625 ns, Total: 3592000 ns
[2023-07-18T03:38:58.737+0000][1][safepoint    ] Safepoint "Cleanup", Time since last: 1001580834 ns, Reaching safepoint: 3342542 ns, At safepoint: 107167 ns, Total: 3449709 ns
[2023-07-18T03:38:59.743+0000][1][safepoint    ] Safepoint "Cleanup", Time since last: 1004179458 ns, Reaching safepoint: 2385709 ns, At safepoint: 64708 ns, Total: 2450417 ns
[2023-07-18T03:39:00.729+0000][1][safepoint    ] Safepoint "RevokeBias", Time since last: 982390834 ns, Reaching safepoint: 2685958 ns, At safepoint: 175625 ns, Total: 2861583 ns
[2023-07-18T03:39:01.731+0000][1][safepoint    ] Safepoint "Cleanup", Time since last: 1000680959 ns, Reaching safepoint: 1321208 ns, At safepoint: 31459 ns, Total: 1352667 ns
[2023-07-18T03:39:02.733+0000][1][safepoint    ] Safepoint "Cleanup", Time since last: 1000548125 ns, Reaching safepoint: 2102292 ns, At safepoint: 120000 ns, Total: 2222292 ns
[2023-07-18T03:39:03.738+0000][1][safepoint    ] Safepoint "Cleanup", Time since last: 1003087334 ns, Reaching safepoint: 1527291 ns, At safepoint: 31167 ns, Total: 1558458 ns
[2023-07-18T03:39:04.478+0000][1][safepoint    ] Safepoint "BulkRevokeBias", Time since last: 736494417 ns, Reaching safepoint: 971458 ns, At safepoint: 2840375 ns, Total: 3811833 ns
[2023-07-18T03:39:04.490+0000][1][safepoint    ] Safepoint "RevokeBias", Time since last: 8849542 ns, Reaching safepoint: 2565167 ns, At safepoint: 119708 ns, Total: 2684875 ns
[2023-07-18T03:39:04.498+0000][1][safepoint    ] Safepoint "RevokeBias", Time since last: 7057542 ns, Reaching safepoint: 1307458 ns, At safepoint: 91333 ns, Total: 1398791 ns
[2023-07-18T03:39:05.506+0000][1][safepoint    ] Safepoint "Cleanup", Time since last: 1005511792 ns, Reaching safepoint: 1813667 ns, At safepoint: 89417 ns, Total: 1903084 ns
[2023-07-18T03:39:06.510+0000][1][safepoint    ] Safepoint "Cleanup", Time since last: 1001915500 ns, Reaching safepoint: 2090000 ns, At safepoint: 63667 ns, Total: 2153667 ns
[2023-07-18T03:39:07.513+0000][1][safepoint    ] Safepoint "Cleanup", Time since last: 1000920000 ns, Reaching safepoint: 2306542 ns, At safepoint: 97875 ns, Total: 2404417 ns
[2023-07-18T03:39:08.518+0000][1][safepoint    ] Safepoint "Cleanup", Time since last: 1001062917 ns, Reaching safepoint: 3780625 ns, At safepoint: 227750 ns, Total: 4008375 ns
[2023-07-18T03:39:09.525+0000][1][safepoint    ] Safepoint "Cleanup", Time since last: 1004587001 ns, Reaching safepoint: 1755416 ns, At safepoint: 47500 ns, Total: 1802916 ns
[2023-07-18T03:39:10.529+0000][1][safepoint    ] Safepoint "Cleanup", Time since last: 1001621876 ns, Reaching safepoint: 2628625 ns, At safepoint: 86083 ns, Total: 2714708 ns
[2023-07-18T03:39:11.537+0000][1][safepoint    ] Safepoint "Cleanup", Time since last: 1001869750 ns, Reaching safepoint: 2744833 ns, At safepoint: 109917 ns, Total: 2854750 ns
[2023-07-18T03:39:12.541+0000][1][safepoint    ] Safepoint "Cleanup", Time since last: 1001693709 ns, Reaching safepoint: 1833375 ns, At safepoint: 83125 ns, Total: 1916500 ns
[2023-07-18T03:39:13.545+0000][1][safepoint    ] Safepoint "Cleanup", Time since last: 1002024834 ns, Reaching safepoint: 1792125 ns, At safepoint: 90541 ns, Total: 1882666 ns
[2023-07-18T03:39:14.549+0000][1][safepoint    ] Safepoint "Cleanup", Time since last: 1002401084 ns, Reaching safepoint: 2200667 ns, At safepoint: 76708 ns, Total: 2277375 ns
[2023-07-18T03:39:15.554+0000][1][safepoint    ] Safepoint "Cleanup", Time since last: 1001654834 ns, Reaching safepoint: 2519958 ns, At safepoint: 114042 ns, Total: 2634000 ns
[2023-07-18T03:39:16.558+0000][1][safepoint    ] Safepoint "Cleanup", Time since last: 1000765667 ns, Reaching safepoint: 2835292 ns, At safepoint: 498083 ns, Total: 3333375 ns
[2023-07-18T03:39:17.561+0000][1][safepoint    ] Safepoint "Cleanup", Time since last: 1001049751 ns, Reaching safepoint: 1810000 ns, At safepoint: 69250 ns, Total: 1879250 ns
[2023-07-18T03:39:18.566+0000][1][safepoint    ] Safepoint "Cleanup", Time since last: 1002852208 ns, Reaching safepoint: 2462250 ns, At safepoint: 80584 ns, Total: 2542834 ns
[2023-07-18T03:39:19.570+0000][1][safepoint    ] Safepoint "Cleanup", Time since last: 1001400000 ns, Reaching safepoint: 2202250 ns, At safepoint: 83959 ns, Total: 2286209 ns
[2023-07-18T03:39:20.572+0000][1][safepoint    ] Safepoint "Cleanup", Time since last: 1001153333 ns, Reaching safepoint: 932667 ns, At safepoint: 27583 ns, Total: 960250 ns
[2023-07-18T03:39:21.583+0000][1][safepoint    ] Safepoint "Cleanup", Time since last: 1002166751 ns, Reaching safepoint: 5512000 ns, At safepoint: 316958 ns, Total: 5828958 ns
[2023-07-18T03:39:22.597+0000][1][safepoint    ] Safepoint "Cleanup", Time since last: 1012724209 ns, Reaching safepoint: 4067750 ns, At safepoint: 18542 ns, Total: 4086292 ns
[2023-07-18T03:39:23.601+0000][1][safepoint    ] Safepoint "Cleanup", Time since last: 1000609458 ns, Reaching safepoint: 3449625 ns, At safepoint: 83292 ns, Total: 3532917 ns
[2023-07-18T03:39:24.606+0000][1][safepoint    ] Safepoint "Cleanup", Time since last: 1002860334 ns, Reaching safepoint: 1992958 ns, At safepoint: 76917 ns, Total: 2069875 ns
[2023-07-18T03:39:25.611+0000][1][safepoint    ] Safepoint "Cleanup", Time since last: 1001810125 ns, Reaching safepoint: 3098625 ns, At safepoint: 78500 ns, Total: 3177125 ns
[2023-07-18T03:39:26.615+0000][1][safepoint    ] Safepoint "Cleanup", Time since last: 1001383459 ns, Reaching safepoint: 2783417 ns, At safepoint: 77708 ns, Total: 2861125 ns
[2023-07-18T03:39:27.619+0000][1][safepoint    ] Safepoint "Cleanup", Time since last: 1001572001 ns, Reaching safepoint: 1936291 ns, At safepoint: 84334 ns, Total: 2020625 ns
[2023-07-18T03:39:28.625+0000][1][safepoint    ] Safepoint "Cleanup", Time since last: 1003559417 ns, Reaching safepoint: 3076833 ns, At safepoint: 79792 ns, Total: 3156625 ns
[2023-07-18T03:39:29.632+0000][1][safepoint    ] Safepoint "Cleanup", Time since last: 1002190709 ns, Reaching safepoint: 3843250 ns, At safepoint: 102041 ns, Total: 3945291 ns
[2023-07-18T03:39:30.635+0000][1][safepoint    ] Safepoint "Cleanup", Time since last: 1001477709 ns, Reaching safepoint: 1615000 ns, At safepoint: 35250 ns, Total: 1650250 ns
[2023-07-18T03:39:31.638+0000][1][safepoint    ] Safepoint "Cleanup", Time since last: 1002390959 ns, Reaching safepoint: 843625 ns, At safepoint: 18250 ns, Total: 861875 ns
[2023-07-18T03:39:32.640+0000][1][safepoint    ] Safepoint "Cleanup", Time since last: 1000416250 ns, Reaching safepoint: 1567000 ns, At safepoint: 72834 ns, Total: 1639834 ns
[2023-07-18T03:39:33.648+0000][1][safepoint    ] Safepoint "Cleanup", Time since last: 1004316042 ns, Reaching safepoint: 3503583 ns, At safepoint: 95792 ns, Total: 3599375 ns
[2023-07-18T03:39:34.652+0000][1][safepoint    ] Safepoint "Cleanup", Time since last: 1003220750 ns, Reaching safepoint: 707792 ns, At safepoint: 16417 ns, Total: 724209 ns
[2023-07-18T03:39:35.655+0000][1][safepoint    ] Safepoint "Cleanup", Time since last: 1000770000 ns, Reaching safepoint: 2351167 ns, At safepoint: 77958 ns, Total: 2429125 ns
[2023-07-18T03:39:36.659+0000][1][safepoint    ] Safepoint "Cleanup", Time since last: 1001149126 ns, Reaching safepoint: 2799458 ns, At safepoint: 105000 ns, Total: 2904458 ns
[2023-07-18T03:39:37.662+0000][1][safepoint    ] Safepoint "Cleanup", Time since last: 1001566417 ns, Reaching safepoint: 1594500 ns, At safepoint: 40333 ns, Total: 1634833 ns
[2023-07-18T03:39:38.667+0000][1][safepoint    ] Safepoint "Cleanup", Time since last: 1003235209 ns, Reaching safepoint: 1832959 ns, At safepoint: 51708 ns, Total: 1884667 ns
[2023-07-18T03:39:39.673+0000][1][safepoint    ] Safepoint "Cleanup", Time since last: 1002204834 ns, Reaching safepoint: 3751166 ns, At safepoint: 108875 ns, Total: 3860041 ns
[2023-07-18T03:39:40.675+0000][1][safepoint    ] Safepoint "RevokeBias", Time since last: 998528001 ns, Reaching safepoint: 1568167 ns, At safepoint: 1094500 ns, Total: 2662667 ns
[2023-07-18T03:39:41.674+0000][1][safepoint    ] Safepoint "Cleanup", Time since last: 1001874832 ns, Reaching safepoint: 858459 ns, At safepoint: 24750 ns, Total: 883209 ns
[2023-07-18T03:39:42.678+0000][1][safepoint    ] Safepoint "Cleanup", Time since last: 1001209500 ns, Reaching safepoint: 3033084 ns, At safepoint: 153708 ns, Total: 3186792 ns
[2023-07-18T03:39:43.682+0000][1][safepoint    ] Safepoint "Cleanup", Time since last: 1001534875 ns, Reaching safepoint: 1921042 ns, At safepoint: 62042 ns, Total: 1983084 ns
[2023-07-18T03:39:44.685+0000][1][safepoint    ] Safepoint "Cleanup", Time since last: 1001007792 ns, Reaching safepoint: 1891958 ns, At safepoint: 56500 ns, Total: 1948458 ns
[2023-07-18T03:39:45.689+0000][1][safepoint    ] Safepoint "Cleanup", Time since last: 1001959459 ns, Reaching safepoint: 2528292 ns, At safepoint: 64166 ns, Total: 2592458 ns
[2023-07-18T03:39:46.694+0000][1][safepoint    ] Safepoint "Cleanup", Time since last: 1001216167 ns, Reaching safepoint: 3128750 ns, At safepoint: 101667 ns, Total: 3230417 ns
[2023-07-18T03:39:47.700+0000][1][safepoint    ] Safepoint "Cleanup", Time since last: 1001689542 ns, Reaching safepoint: 4017625 ns, At safepoint: 110042 ns, Total: 4127667 ns
[2023-07-18T03:39:48.703+0000][1][safepoint    ] Safepoint "Cleanup", Time since last: 1001953167 ns, Reaching safepoint: 1503917 ns, At safepoint: 40750 ns, Total: 1544667 ns
[2023-07-18T03:39:48.771+0000][1][safepoint    ] Safepoint "RevokeBias", Time since last: 67393458 ns, Reaching safepoint: 522333 ns, At safepoint: 79250 ns, Total: 601583 ns
[2023-07-18T03:39:48.785+0000][1][safepoint    ] Safepoint "RevokeBias", Time since last: 14047792 ns, Reaching safepoint: 386125 ns, At safepoint: 66250 ns, Total: 452375 ns
[2023-07-18T03:39:49.076+0000][1][safepoint    ] Safepoint "RevokeBias", Time since last: 289083042 ns, Reaching safepoint: 1567958 ns, At safepoint: 216167 ns, Total: 1784125 ns
[2023-07-18T03:39:49.085+0000][1][safepoint    ] Safepoint "RevokeBias", Time since last: 7311792 ns, Reaching safepoint: 1662541 ns, At safepoint: 85334 ns, Total: 1747875 ns
[2023-07-18T03:39:50.089+0000][1][safepoint    ] Safepoint "Cleanup", Time since last: 1000503208 ns, Reaching safepoint: 3385625 ns, At safepoint: 99709 ns, Total: 3485334 ns
[2023-07-18T03:39:51.093+0000][1][safepoint    ] Safepoint "Cleanup", Time since last: 1001196042 ns, Reaching safepoint: 2106292 ns, At safepoint: 42458 ns, Total: 2148750 ns
[2023-07-18T03:39:52.099+0000][1][safepoint    ] Safepoint "Cleanup", Time since last: 1002553667 ns, Reaching safepoint: 4018625 ns, At safepoint: 88000 ns, Total: 4106625 ns
[2023-07-18T03:39:53.105+0000][1][safepoint    ] Safepoint "Cleanup", Time since last: 1001282876 ns, Reaching safepoint: 4188041 ns, At safepoint: 126500 ns, Total: 4314541 ns
[2023-07-18T03:39:54.110+0000][1][safepoint    ] Safepoint "Cleanup", Time since last: 1001675292 ns, Reaching safepoint: 3216292 ns, At safepoint: 82958 ns, Total: 3299250 ns
[2023-07-18T03:39:55.116+0000][1][safepoint    ] Safepoint "Cleanup", Time since last: 1002324793 ns, Reaching safepoint: 3239916 ns, At safepoint: 88500 ns, Total: 3328416 ns
[2023-07-18T03:39:56.118+0000][1][safepoint    ] Safepoint "Cleanup", Time since last: 1001214042 ns, Reaching safepoint: 1214292 ns, At safepoint: 33000 ns, Total: 1247292 ns
[2023-07-18T03:39:57.122+0000][1][safepoint    ] Safepoint "Cleanup", Time since last: 1001662959 ns, Reaching safepoint: 1791708 ns, At safepoint: 46542 ns, Total: 1838250 ns
[2023-07-18T03:39:58.125+0000][1][safepoint    ] Safepoint "Cleanup", Time since last: 1001216417 ns, Reaching safepoint: 2511125 ns, At safepoint: 70500 ns, Total: 2581625 ns
[2023-07-18T03:39:59.128+0000][1][safepoint    ] Safepoint "Cleanup", Time since last: 1000933750 ns, Reaching safepoint: 1633584 ns, At safepoint: 40291 ns, Total: 1673875 ns
[2023-07-18T03:39:59.188+0000][1][safepoint    ] Safepoint "RevokeBias", Time since last: 58883792 ns, Reaching safepoint: 825750 ns, At safepoint: 141417 ns, Total: 967167 ns
[2023-07-18T03:39:59.193+0000][1][safepoint    ] Safepoint "RevokeBias", Time since last: 4461041 ns, Reaching safepoint: 492959 ns, At safepoint: 83166 ns, Total: 576125 ns
[2023-07-18T03:39:59.359+0000][1][safepoint    ] Safepoint "RevokeBias", Time since last: 165182792 ns, Reaching safepoint: 960750 ns, At safepoint: 116959 ns, Total: 1077709 ns
[2023-07-18T03:39:59.361+0000][1][safepoint    ] Safepoint "RevokeBias", Time since last: 1019041 ns, Reaching safepoint: 488959 ns, At safepoint: 62125 ns, Total: 551084 ns
[2023-07-18T03:39:59.366+0000][1][safepoint    ] Safepoint "RevokeBias", Time since last: 3523041 ns, Reaching safepoint: 1519792 ns, At safepoint: 123917 ns, Total: 1643709 ns
[2023-07-18T03:40:00.371+0000][1][safepoint    ] Safepoint "Cleanup", Time since last: 1000809458 ns, Reaching safepoint: 4073084 ns, At safepoint: 133333 ns, Total: 4206417 ns
[2023-07-18T03:40:01.375+0000][1][safepoint    ] Safepoint "Cleanup", Time since last: 1002639209 ns, Reaching safepoint: 1418083 ns, At safepoint: 39042 ns, Total: 1457125 ns
[2023-07-18T03:40:01.484+0000][1][safepoint    ] Safepoint "RevokeBias", Time since last: 107928125 ns, Reaching safepoint: 930917 ns, At safepoint: 133250 ns, Total: 1064167 ns
[2023-07-18T03:40:01.493+0000][1][safepoint    ] Safepoint "RevokeBias", Time since last: 8044708 ns, Reaching safepoint: 991333 ns, At safepoint: 117834 ns, Total: 1109167 ns
[2023-07-18T03:40:01.545+0000][1][safepoint    ] Safepoint "RevokeBias", Time since last: 50415583 ns, Reaching safepoint: 922167 ns, At safepoint: 111750 ns, Total: 1033917 ns
[2023-07-18T03:40:01.563+0000][1][safepoint    ] Safepoint "RevokeBias", Time since last: 15810458 ns, Reaching safepoint: 2280292 ns, At safepoint: 112125 ns, Total: 2392417 ns
[2023-07-18T03:40:02.569+0000][1][safepoint    ] Safepoint "Cleanup", Time since last: 1003401708 ns, Reaching safepoint: 2804625 ns, At safepoint: 133667 ns, Total: 2938292 ns
[2023-07-18T03:40:03.574+0000][1][safepoint    ] Safepoint "Cleanup", Time since last: 1001622417 ns, Reaching safepoint: 3527042 ns, At safepoint: 100875 ns, Total: 3627917 ns
[2023-07-18T03:40:03.619+0000][1][gc,start     ] GC(46) Pause Young (Allocation Failure)
[2023-07-18T03:40:03.623+0000][1][gc,task      ] GC(46) Using 4 workers of 4 for evacuation
[2023-07-18T03:40:03.675+0000][1][gc,age       ] GC(46) Desired survivor size 8945664 bytes, new threshold 6 (max threshold 6)
[2023-07-18T03:40:03.675+0000][1][gc,age       ] GC(46) Age table with threshold 6 (max threshold 6)
[2023-07-18T03:40:03.675+0000][1][gc,age       ] GC(46) - age   1:     195560 bytes,     195560 total
[2023-07-18T03:40:03.675+0000][1][gc,age       ] GC(46) - age   2:      57984 bytes,     253544 total
[2023-07-18T03:40:03.676+0000][1][gc,age       ] GC(46) - age   3:     224968 bytes,     478512 total
[2023-07-18T03:40:03.676+0000][1][gc,age       ] GC(46) - age   4:     246904 bytes,     725416 total
[2023-07-18T03:40:03.676+0000][1][gc,age       ] GC(46) - age   5:    2319848 bytes,    3045264 total
[2023-07-18T03:40:03.676+0000][1][gc,age       ] GC(46) - age   6:       1664 bytes,    3046928 total
[2023-07-18T03:40:03.677+0000][1][gc,heap      ] GC(46) ParNew: 143420K->3303K(157248K)
[2023-07-18T03:40:03.677+0000][1][gc,heap      ] GC(46) CMS: 68945K->69137K(349568K)
[2023-07-18T03:40:03.677+0000][1][gc,metaspace ] GC(46) Metaspace: 92490K->92490K(1134592K)
[2023-07-18T03:40:03.678+0000][1][gc           ] GC(46) Pause Young (Allocation Failure) 207M->70M(494M) 60.049ms
[2023-07-18T03:40:03.679+0000][1][gc,cpu       ] GC(46) User=0.10s Sys=0.02s Real=0.07s
[2023-07-18T03:40:03.679+0000][1][safepoint    ] Safepoint "GenCollectForAllocation", Time since last: 40652500 ns, Reaching safepoint: 2254792 ns, At safepoint: 61780708 ns, Total: 64035500 ns
[2023-07-18T03:40:04.685+0000][1][safepoint    ] Safepoint "Cleanup", Time since last: 1000487667 ns, Reaching safepoint: 4780625 ns, At safepoint: 162708 ns, Total: 4943333 ns
[2023-07-18T03:40:05.690+0000][1][safepoint    ] Safepoint "Cleanup", Time since last: 1001718918 ns, Reaching safepoint: 3354208 ns, At safepoint: 101167 ns, Total: 3455375 ns
[2023-07-18T03:40:06.693+0000][1][safepoint    ] Safepoint "Cleanup", Time since last: 1001593542 ns, Reaching safepoint: 1603833 ns, At safepoint: 38875 ns, Total: 1642708 ns
[2023-07-18T03:40:07.697+0000][1][safepoint    ] Safepoint "Cleanup", Time since last: 1000895542 ns, Reaching safepoint: 3371875 ns, At safepoint: 85750 ns, Total: 3457625 ns
[2023-07-18T03:40:08.703+0000][1][safepoint    ] Safepoint "Cleanup", Time since last: 1002088709 ns, Reaching safepoint: 3138042 ns, At safepoint: 103791 ns, Total: 3241833 ns
[2023-07-18T03:40:09.706+0000][1][safepoint    ] Safepoint "Cleanup", Time since last: 1001674542 ns, Reaching safepoint: 1556959 ns, At safepoint: 37916 ns, Total: 1594875 ns
[2023-07-18T03:40:10.677+0000][1][safepoint    ] Safepoint "RevokeBias", Time since last: 968659751 ns, Reaching safepoint: 1634333 ns, At safepoint: 430334 ns, Total: 2064667 ns
[2023-07-18T03:40:11.678+0000][1][safepoint    ] Safepoint "Cleanup", Time since last: 1000648749 ns, Reaching safepoint: 837167 ns, At safepoint: 17667 ns, Total: 854834 ns
[2023-07-18T03:40:12.680+0000][1][safepoint    ] Safepoint "Cleanup", Time since last: 1000568584 ns, Reaching safepoint: 1476416 ns, At safepoint: 38500 ns, Total: 1514916 ns
[2023-07-18T03:40:13.685+0000][1][safepoint    ] Safepoint "Cleanup", Time since last: 1002368876 ns, Reaching safepoint: 2151666 ns, At safepoint: 87917 ns, Total: 2239583 ns
[2023-07-18T03:40:14.690+0000][1][safepoint    ] Safepoint "Cleanup", Time since last: 1002448709 ns, Reaching safepoint: 2615708 ns, At safepoint: 89625 ns, Total: 2705333 ns
[2023-07-18T03:40:15.696+0000][1][safepoint    ] Safepoint "Cleanup", Time since last: 1002127376 ns, Reaching safepoint: 3770041 ns, At safepoint: 150625 ns, Total: 3920666 ns
[2023-07-18T03:40:16.700+0000][1][safepoint    ] Safepoint "Cleanup", Time since last: 1001630417 ns, Reaching safepoint: 2758084 ns, At safepoint: 73000 ns, Total: 2831084 ns
[2023-07-18T03:40:17.706+0000][1][safepoint    ] Safepoint "Cleanup", Time since last: 1002245459 ns, Reaching safepoint: 2853250 ns, At safepoint: 97583 ns, Total: 2950833 ns
[2023-07-18T03:40:18.711+0000][1][safepoint    ] Safepoint "Cleanup", Time since last: 1001427375 ns, Reaching safepoint: 3683417 ns, At safepoint: 145167 ns, Total: 3828584 ns
[2023-07-18T03:40:19.714+0000][1][safepoint    ] Safepoint "Cleanup", Time since last: 1001711459 ns, Reaching safepoint: 1077083 ns, At safepoint: 25458 ns, Total: 1102541 ns
[2023-07-18T03:40:20.717+0000][1][safepoint    ] Safepoint "Cleanup", Time since last: 1001489334 ns, Reaching safepoint: 1392042 ns, At safepoint: 21583 ns, Total: 1413625 ns
[2023-07-18T03:40:21.719+0000][1][safepoint    ] Safepoint "Cleanup", Time since last: 1000473209 ns, Reaching safepoint: 1543375 ns, At safepoint: 34083 ns, Total: 1577458 ns
[2023-07-18T03:40:22.723+0000][1][safepoint    ] Safepoint "Cleanup", Time since last: 1001005167 ns, Reaching safepoint: 3186125 ns, At safepoint: 84209 ns, Total: 3270334 ns
[2023-07-18T03:40:23.729+0000][1][safepoint    ] Safepoint "Cleanup", Time since last: 1001869459 ns, Reaching safepoint: 3631250 ns, At safepoint: 165250 ns, Total: 3796500 ns
[2023-07-18T03:40:24.735+0000][1][safepoint    ] Safepoint "Cleanup", Time since last: 1002839958 ns, Reaching safepoint: 3304084 ns, At safepoint: 121541 ns, Total: 3425625 ns
[2023-07-18T03:40:25.741+0000][1][safepoint    ] Safepoint "Cleanup", Time since last: 1001882626 ns, Reaching safepoint: 3975041 ns, At safepoint: 113875 ns, Total: 4088916 ns
[2023-07-18T03:40:26.747+0000][1][safepoint    ] Safepoint "Cleanup", Time since last: 1001568793 ns, Reaching safepoint: 4385000 ns, At safepoint: 154625 ns, Total: 4539625 ns
[2023-07-18T03:40:27.752+0000][1][safepoint    ] Safepoint "Cleanup", Time since last: 1003046167 ns, Reaching safepoint: 1607166 ns, At safepoint: 57084 ns, Total: 1664250 ns
[2023-07-18T03:40:28.755+0000][1][safepoint    ] Safepoint "Cleanup", Time since last: 1001056125 ns, Reaching safepoint: 2335375 ns, At safepoint: 104709 ns, Total: 2440084 ns
[2023-07-18T03:40:29.760+0000][1][safepoint    ] Safepoint "Cleanup", Time since last: 1003997250 ns, Reaching safepoint: 602625 ns, At safepoint: 16542 ns, Total: 619167 ns
[2023-07-18T03:40:30.672+0000][1][safepoint    ] Safepoint "RevokeBias", Time since last: 911018042 ns, Reaching safepoint: 1351583 ns, At safepoint: 104708 ns, Total: 1456291 ns
[2023-07-18T03:40:31.674+0000][1][safepoint    ] Safepoint "Cleanup", Time since last: 1000541043 ns, Reaching safepoint: 788833 ns, At safepoint: 24375 ns, Total: 813208 ns
[2023-07-18T03:40:32.676+0000][1][safepoint    ] Safepoint "Cleanup", Time since last: 1000723667 ns, Reaching safepoint: 1964458 ns, At safepoint: 56000 ns, Total: 2020458 ns
[2023-07-18T03:40:33.681+0000][1][safepoint    ] Safepoint "Cleanup", Time since last: 1001806626 ns, Reaching safepoint: 2586125 ns, At safepoint: 81542 ns, Total: 2667667 ns
[2023-07-18T03:40:34.684+0000][1][safepoint    ] Safepoint "Cleanup", Time since last: 1001318042 ns, Reaching safepoint: 1585333 ns, At safepoint: 43042 ns, Total: 1628375 ns
[2023-07-18T03:40:35.687+0000][1][safepoint    ] Safepoint "Cleanup", Time since last: 1000910709 ns, Reaching safepoint: 2447041 ns, At safepoint: 90834 ns, Total: 2537875 ns
[2023-07-18T03:40:36.692+0000][1][safepoint    ] Safepoint "Cleanup", Time since last: 1001564375 ns, Reaching safepoint: 2904500 ns, At safepoint: 82042 ns, Total: 2986542 ns
[2023-07-18T03:40:37.695+0000][1][safepoint    ] Safepoint "Cleanup", Time since last: 1001527625 ns, Reaching safepoint: 1402750 ns, At safepoint: 29125 ns, Total: 1431875 ns
[2023-07-18T03:40:38.697+0000][1][safepoint    ] Safepoint "Cleanup", Time since last: 1001448667 ns, Reaching safepoint: 1313834 ns, At safepoint: 32333 ns, Total: 1346167 ns
[2023-07-18T03:40:39.702+0000][1][safepoint    ] Safepoint "Cleanup", Time since last: 1001257375 ns, Reaching safepoint: 2983375 ns, At safepoint: 108417 ns, Total: 3091792 ns
[2023-07-18T03:40:40.704+0000][1][safepoint    ] Safepoint "Cleanup", Time since last: 1001103334 ns, Reaching safepoint: 1547333 ns, At safepoint: 22375 ns, Total: 1569708 ns
[2023-07-18T03:40:41.706+0000][1][safepoint    ] Safepoint "Cleanup", Time since last: 1000549791 ns, Reaching safepoint: 1141375 ns, At safepoint: 42125 ns, Total: 1183500 ns
[2023-07-18T03:40:42.707+0000][1][safepoint    ] Safepoint "Cleanup", Time since last: 1000752543 ns, Reaching safepoint: 767958 ns, At safepoint: 20792 ns, Total: 788750 ns
[2023-07-18T03:40:43.711+0000][1][safepoint    ] Safepoint "Cleanup", Time since last: 1001774167 ns, Reaching safepoint: 1605375 ns, At safepoint: 42708 ns, Total: 1648083 ns
[2023-07-18T03:40:44.718+0000][1][safepoint    ] Safepoint "Cleanup", Time since last: 1003148792 ns, Reaching safepoint: 3695084 ns, At safepoint: 159541 ns, Total: 3854625 ns
[2023-07-18T03:40:45.721+0000][1][safepoint    ] Safepoint "Cleanup", Time since last: 1001307042 ns, Reaching safepoint: 2148709 ns, At safepoint: 72208 ns, Total: 2220917 ns
[2023-07-18T03:40:46.729+0000][1][safepoint    ] Safepoint "Cleanup", Time since last: 1004233042 ns, Reaching safepoint: 2683959 ns, At safepoint: 140375 ns, Total: 2824334 ns
[2023-07-18T03:40:47.732+0000][1][safepoint    ] Safepoint "Cleanup", Time since last: 1001618167 ns, Reaching safepoint: 1393125 ns, At safepoint: 37625 ns, Total: 1430750 ns
[2023-07-18T03:40:48.736+0000][1][safepoint    ] Safepoint "Cleanup", Time since last: 1001065792 ns, Reaching safepoint: 3525833 ns, At safepoint: 85833 ns, Total: 3611666 ns
[2023-07-18T03:40:49.745+0000][1][safepoint    ] Safepoint "Cleanup", Time since last: 1004610751 ns, Reaching safepoint: 3655875 ns, At safepoint: 137000 ns, Total: 3792875 ns
[2023-07-18T03:40:50.687+0000][1][safepoint    ] Safepoint "RevokeBias", Time since last: 940639375 ns, Reaching safepoint: 1269959 ns, At safepoint: 122041 ns, Total: 1392000 ns
[2023-07-18T03:40:51.690+0000][1][safepoint    ] Safepoint "Cleanup", Time since last: 1002130584 ns, Reaching safepoint: 1216709 ns, At safepoint: 24166 ns, Total: 1240875 ns
[2023-07-18T03:40:52.693+0000][1][safepoint    ] Safepoint "Cleanup", Time since last: 1001343251 ns, Reaching safepoint: 1176000 ns, At safepoint: 26875 ns, Total: 1202875 ns
[2023-07-18T03:40:53.694+0000][1][safepoint    ] Safepoint "Cleanup", Time since last: 1000472500 ns, Reaching safepoint: 650750 ns, At safepoint: 18292 ns, Total: 669042 ns
[2023-07-18T03:40:54.696+0000][1][safepoint    ] Safepoint "Cleanup", Time since last: 1001101500 ns, Reaching safepoint: 679167 ns, At safepoint: 22875 ns, Total: 702042 ns
[2023-07-18T03:40:55.699+0000][1][safepoint    ] Safepoint "Cleanup", Time since last: 1002072625 ns, Reaching safepoint: 1478084 ns, At safepoint: 36666 ns, Total: 1514750 ns
[2023-07-18T03:40:56.701+0000][1][safepoint    ] Safepoint "Cleanup", Time since last: 1000882584 ns, Reaching safepoint: 1337250 ns, At safepoint: 36792 ns, Total: 1374042 ns
[2023-07-18T03:40:57.707+0000][1][safepoint    ] Safepoint "Cleanup", Time since last: 1002777459 ns, Reaching safepoint: 2962125 ns, At safepoint: 83958 ns, Total: 3046083 ns
[2023-07-18T03:40:58.713+0000][1][safepoint    ] Safepoint "Cleanup", Time since last: 1001379417 ns, Reaching safepoint: 3824750 ns, At safepoint: 103875 ns, Total: 3928625 ns
[2023-07-18T03:40:59.717+0000][1][safepoint    ] Safepoint "Cleanup", Time since last: 1001577792 ns, Reaching safepoint: 3184209 ns, At safepoint: 74625 ns, Total: 3258834 ns
[2023-07-18T03:41:00.719+0000][1][safepoint    ] Safepoint "Cleanup", Time since last: 1001151250 ns, Reaching safepoint: 839417 ns, At safepoint: 16208 ns, Total: 855625 ns
[2023-07-18T03:41:01.649+0000][1][safepoint    ] Safepoint "RevokeBias", Time since last: 928837376 ns, Reaching safepoint: 909000 ns, At safepoint: 108125 ns, Total: 1017125 ns
[2023-07-18T03:41:01.652+0000][1][safepoint    ] Safepoint "RevokeBias", Time since last: 1425041 ns, Reaching safepoint: 1103125 ns, At safepoint: 92209 ns, Total: 1195334 ns
[2023-07-18T03:41:01.655+0000][1][safepoint    ] Safepoint "RevokeBias", Time since last: 2748333 ns, Reaching safepoint: 613542 ns, At safepoint: 86500 ns, Total: 700042 ns
[2023-07-18T03:41:01.683+0000][1][safepoint    ] Safepoint "RevokeBias", Time since last: 27121208 ns, Reaching safepoint: 872208 ns, At safepoint: 173542 ns, Total: 1045750 ns
[2023-07-18T03:41:01.687+0000][1][safepoint    ] Safepoint "RevokeBias", Time since last: 2455875 ns, Reaching safepoint: 664667 ns, At safepoint: 82875 ns, Total: 747542 ns
[2023-07-18T03:41:02.691+0000][1][safepoint    ] Safepoint "Cleanup", Time since last: 1002882125 ns, Reaching safepoint: 1287750 ns, At safepoint: 35000 ns, Total: 1322750 ns
[2023-07-18T03:41:03.694+0000][1][safepoint    ] Safepoint "Cleanup", Time since last: 1000542792 ns, Reaching safepoint: 2944792 ns, At safepoint: 68458 ns, Total: 3013250 ns
[2023-07-18T03:41:04.697+0000][1][safepoint    ] Safepoint "Cleanup", Time since last: 1001691542 ns, Reaching safepoint: 910167 ns, At safepoint: 23333 ns, Total: 933500 ns
[2023-07-18T03:41:04.812+0000][1][safepoint    ] Safepoint "RevokeBias", Time since last: 113870084 ns, Reaching safepoint: 913541 ns, At safepoint: 91000 ns, Total: 1004541 ns
[2023-07-18T03:41:04.820+0000][1][safepoint    ] Safepoint "RevokeBias", Time since last: 7468625 ns, Reaching safepoint: 398292 ns, At safepoint: 81750 ns, Total: 480042 ns
[2023-07-18T03:41:04.821+0000][1][safepoint    ] Safepoint "RevokeBias", Time since last: 697625 ns, Reaching safepoint: 321208 ns, At safepoint: 50584 ns, Total: 371792 ns
[2023-07-18T03:41:04.822+0000][1][safepoint    ] Safepoint "RevokeBias", Time since last: 897333 ns, Reaching safepoint: 441375 ns, At safepoint: 44333 ns, Total: 485708 ns
[2023-07-18T03:41:04.823+0000][1][safepoint    ] Safepoint "RevokeBias", Time since last: 798834 ns, Reaching safepoint: 343833 ns, At safepoint: 45208 ns, Total: 389041 ns
[2023-07-18T03:41:04.860+0000][1][safepoint    ] Safepoint "RevokeBias", Time since last: 36305250 ns, Reaching safepoint: 429709 ns, At safepoint: 67208 ns, Total: 496917 ns
[2023-07-18T03:41:04.876+0000][1][safepoint    ] Safepoint "RevokeBias", Time since last: 14785708 ns, Reaching safepoint: 389334 ns, At safepoint: 60916 ns, Total: 450250 ns
[2023-07-18T03:41:05.090+0000][1][safepoint    ] Safepoint "RevokeBias", Time since last: 212527209 ns, Reaching safepoint: 1440708 ns, At safepoint: 167334 ns, Total: 1608042 ns
[2023-07-18T03:41:05.104+0000][1][safepoint    ] Safepoint "RevokeBias", Time since last: 13525291 ns, Reaching safepoint: 636667 ns, At safepoint: 103333 ns, Total: 740000 ns
[2023-07-18T03:41:05.105+0000][1][safepoint    ] Safepoint "RevokeBias", Time since last: 733834 ns, Reaching safepoint: 459500 ns, At safepoint: 69416 ns, Total: 528916 ns
[2023-07-18T03:41:05.107+0000][1][safepoint    ] Safepoint "RevokeBias", Time since last: 1212250 ns, Reaching safepoint: 594959 ns, At safepoint: 64166 ns, Total: 659125 ns
[2023-07-18T03:41:05.109+0000][1][safepoint    ] Safepoint "RevokeBias", Time since last: 1192542 ns, Reaching safepoint: 509417 ns, At safepoint: 93041 ns, Total: 602458 ns
[2023-07-18T03:41:05.139+0000][1][safepoint    ] Safepoint "RevokeBias", Time since last: 29630959 ns, Reaching safepoint: 435916 ns, At safepoint: 67167 ns, Total: 503083 ns
[2023-07-18T03:41:05.145+0000][1][safepoint    ] Safepoint "RevokeBias", Time since last: 6096458 ns, Reaching safepoint: 279417 ns, At safepoint: 53333 ns, Total: 332750 ns
[2023-07-18T03:41:05.154+0000][1][safepoint    ] Safepoint "RevokeBias", Time since last: 8322084 ns, Reaching safepoint: 389000 ns, At safepoint: 61541 ns, Total: 450541 ns
[2023-07-18T03:41:05.170+0000][1][safepoint    ] Safepoint "RevokeBias", Time since last: 15601959 ns, Reaching safepoint: 426541 ns, At safepoint: 64542 ns, Total: 491083 ns
[2023-07-18T03:41:05.171+0000][1][safepoint    ] Safepoint "RevokeBias", Time since last: 267833 ns, Reaching safepoint: 245750 ns, At safepoint: 43917 ns, Total: 289667 ns
[2023-07-18T03:41:05.172+0000][1][safepoint    ] Safepoint "RevokeBias", Time since last: 385292 ns, Reaching safepoint: 259833 ns, At safepoint: 42375 ns, Total: 302208 ns
[2023-07-18T03:41:05.172+0000][1][safepoint    ] Safepoint "RevokeBias", Time since last: 166250 ns, Reaching safepoint: 259500 ns, At safepoint: 39333 ns, Total: 298833 ns
[2023-07-18T03:41:05.173+0000][1][safepoint    ] Safepoint "RevokeBias", Time since last: 318167 ns, Reaching safepoint: 267208 ns, At safepoint: 41542 ns, Total: 308750 ns
[2023-07-18T03:41:05.173+0000][1][safepoint    ] Safepoint "RevokeBias", Time since last: 194958 ns, Reaching safepoint: 236625 ns, At safepoint: 36334 ns, Total: 272959 ns
[2023-07-18T03:41:05.174+0000][1][safepoint    ] Safepoint "RevokeBias", Time since last: 312208 ns, Reaching safepoint: 259458 ns, At safepoint: 40209 ns, Total: 299667 ns
[2023-07-18T03:41:05.174+0000][1][safepoint    ] Safepoint "RevokeBias", Time since last: 168166 ns, Reaching safepoint: 238042 ns, At safepoint: 35708 ns, Total: 273750 ns
[2023-07-18T03:41:05.175+0000][1][safepoint    ] Safepoint "RevokeBias", Time since last: 916209 ns, Reaching safepoint: 283041 ns, At safepoint: 35042 ns, Total: 318083 ns
[2023-07-18T03:41:05.176+0000][1][safepoint    ] Safepoint "RevokeBias", Time since last: 169625 ns, Reaching safepoint: 363833 ns, At safepoint: 41709 ns, Total: 405542 ns
[2023-07-18T03:41:05.177+0000][1][safepoint    ] Safepoint "RevokeBias", Time since last: 511833 ns, Reaching safepoint: 262583 ns, At safepoint: 37000 ns, Total: 299583 ns
[2023-07-18T03:41:05.177+0000][1][safepoint    ] Safepoint "RevokeBias", Time since last: 275584 ns, Reaching safepoint: 284583 ns, At safepoint: 39833 ns, Total: 324416 ns
[2023-07-18T03:41:05.178+0000][1][safepoint    ] Safepoint "RevokeBias", Time since last: 531459 ns, Reaching safepoint: 271666 ns, At safepoint: 38584 ns, Total: 310250 ns
[2023-07-18T03:41:05.179+0000][1][safepoint    ] Safepoint "RevokeBias", Time since last: 296083 ns, Reaching safepoint: 342917 ns, At safepoint: 46541 ns, Total: 389458 ns
[2023-07-18T03:41:06.185+0000][1][safepoint    ] Safepoint "RevokeBias", Time since last: 1002507876 ns, Reaching safepoint: 3115791 ns, At safepoint: 347375 ns, Total: 3463166 ns
[2023-07-18T03:41:07.189+0000][1][safepoint    ] Safepoint "Cleanup", Time since last: 1001715334 ns, Reaching safepoint: 1892709 ns, At safepoint: 61375 ns, Total: 1954084 ns
[2023-07-18T03:41:08.195+0000][1][safepoint    ] Safepoint "Cleanup", Time since last: 1003404292 ns, Reaching safepoint: 2608208 ns, At safepoint: 105708 ns, Total: 2713916 ns
[2023-07-18T03:41:09.198+0000][1][safepoint    ] Safepoint "Cleanup", Time since last: 1000775834 ns, Reaching safepoint: 2487334 ns, At safepoint: 91125 ns, Total: 2578459 ns
[2023-07-18T03:41:10.206+0000][1][safepoint    ] Safepoint "Cleanup", Time since last: 1003985250 ns, Reaching safepoint: 3439875 ns, At safepoint: 97500 ns, Total: 3537375 ns
[2023-07-18T03:41:10.761+0000][1][safepoint    ] Safepoint "BulkRevokeBias", Time since last: 550667584 ns, Reaching safepoint: 1086291 ns, At safepoint: 3502292 ns, Total: 4588583 ns
[2023-07-18T03:41:11.754+0000][1][safepoint    ] Safepoint "Cleanup", Time since last: 1001369291 ns, Reaching safepoint: 1287208 ns, At safepoint: 33834 ns, Total: 1321042 ns
[2023-07-18T03:41:12.758+0000][1][safepoint    ] Safepoint "Cleanup", Time since last: 1001798792 ns, Reaching safepoint: 2777292 ns, At safepoint: 76208 ns, Total: 2853500 ns
[2023-07-18T03:41:13.026+0000][1][safepoint    ] Safepoint "RevokeBias", Time since last: 267358042 ns, Reaching safepoint: 657916 ns, At safepoint: 99125 ns, Total: 757041 ns
[2023-07-18T03:41:13.039+0000][1][safepoint    ] Safepoint "RevokeBias", Time since last: 11797459 ns, Reaching safepoint: 697750 ns, At safepoint: 87291 ns, Total: 785041 ns
[2023-07-18T03:41:13.040+0000][1][safepoint    ] Safepoint "RevokeBias", Time since last: 384375 ns, Reaching safepoint: 296667 ns, At safepoint: 49583 ns, Total: 346250 ns
[2023-07-18T03:41:13.040+0000][1][safepoint    ] Safepoint "RevokeBias", Time since last: 246125 ns, Reaching safepoint: 260542 ns, At safepoint: 51167 ns, Total: 311709 ns
[2023-07-18T03:41:13.041+0000][1][safepoint    ] Safepoint "RevokeBias", Time since last: 209208 ns, Reaching safepoint: 270542 ns, At safepoint: 39291 ns, Total: 309833 ns
[2023-07-18T03:41:13.041+0000][1][safepoint    ] Safepoint "RevokeBias", Time since last: 231750 ns, Reaching safepoint: 259709 ns, At safepoint: 40000 ns, Total: 299709 ns
[2023-07-18T03:41:13.043+0000][1][safepoint    ] Safepoint "BulkRevokeBias", Time since last: 237291 ns, Reaching safepoint: 239750 ns, At safepoint: 1382292 ns, Total: 1622042 ns
[2023-07-18T03:41:13.048+0000][1][safepoint    ] Safepoint "BulkRevokeBias", Time since last: 2885208 ns, Reaching safepoint: 509292 ns, At safepoint: 1197833 ns, Total: 1707125 ns
[2023-07-18T03:41:13.050+0000][1][safepoint    ] Safepoint "RevokeBias", Time since last: 1799292 ns, Reaching safepoint: 466167 ns, At safepoint: 47000 ns, Total: 513167 ns
[2023-07-18T03:41:13.100+0000][1][safepoint    ] Safepoint "RevokeBias", Time since last: 48667583 ns, Reaching safepoint: 800917 ns, At safepoint: 120583 ns, Total: 921500 ns
[2023-07-18T03:41:13.103+0000][1][safepoint    ] Safepoint "RevokeBias", Time since last: 2359625 ns, Reaching safepoint: 954833 ns, At safepoint: 106542 ns, Total: 1061375 ns
[2023-07-18T03:41:13.109+0000][1][safepoint    ] Safepoint "RevokeBias", Time since last: 4342167 ns, Reaching safepoint: 1316708 ns, At safepoint: 156583 ns, Total: 1473291 ns
[2023-07-18T03:41:14.127+0000][1][safepoint    ] Safepoint "Cleanup", Time since last: 1014949293 ns, Reaching safepoint: 2482791 ns, At safepoint: 56834 ns, Total: 2539625 ns
[2023-07-18T03:41:15.150+0000][1][safepoint    ] Safepoint "Cleanup", Time since last: 1002591167 ns, Reaching safepoint: 14066375 ns, At safepoint: 1033500 ns, Total: 15099875 ns
[2023-07-18T03:41:16.159+0000][1][safepoint    ] Safepoint "Cleanup", Time since last: 1013264542 ns, Reaching safepoint: 1145167 ns, At safepoint: 24208 ns, Total: 1169375 ns
[2023-07-18T03:41:17.162+0000][1][safepoint    ] Safepoint "Cleanup", Time since last: 1000602417 ns, Reaching safepoint: 2392708 ns, At safepoint: 62167 ns, Total: 2454875 ns
[2023-07-18T03:41:18.166+0000][1][safepoint    ] Safepoint "Cleanup", Time since last: 1001274792 ns, Reaching safepoint: 2824500 ns, At safepoint: 78667 ns, Total: 2903167 ns
[2023-07-18T03:41:19.171+0000][1][safepoint    ] Safepoint "Cleanup", Time since last: 1001043000 ns, Reaching safepoint: 3929167 ns, At safepoint: 33208 ns, Total: 3962375 ns
[2023-07-18T03:41:20.173+0000][1][safepoint    ] Safepoint "Cleanup", Time since last: 1000958626 ns, Reaching safepoint: 1000458 ns, At safepoint: 24875 ns, Total: 1025333 ns
[2023-07-18T03:41:21.909+0000][1][safepoint    ] Safepoint "Cleanup", Time since last: 1735540834 ns, Reaching safepoint: 790709 ns, At safepoint: 21416 ns, Total: 812125 ns
[2023-07-18T03:41:22.911+0000][1][safepoint    ] Safepoint "Cleanup", Time since last: 1001083209 ns, Reaching safepoint: 881083 ns, At safepoint: 21792 ns, Total: 902875 ns
[2023-07-18T03:41:23.914+0000][1][safepoint    ] Safepoint "Cleanup", Time since last: 1000493917 ns, Reaching safepoint: 2160542 ns, At safepoint: 52833 ns, Total: 2213375 ns
[2023-07-18T03:41:24.917+0000][1][safepoint    ] Safepoint "Cleanup", Time since last: 1001282792 ns, Reaching safepoint: 1394625 ns, At safepoint: 35000 ns, Total: 1429625 ns
[2023-07-18T03:41:25.919+0000][1][safepoint    ] Safepoint "Cleanup", Time since last: 1000714709 ns, Reaching safepoint: 1980292 ns, At safepoint: 47417 ns, Total: 2027709 ns
[2023-07-18T03:41:26.921+0000][1][safepoint    ] Safepoint "Cleanup", Time since last: 1000649917 ns, Reaching safepoint: 770708 ns, At safepoint: 43833 ns, Total: 814541 ns
[2023-07-18T03:41:27.922+0000][1][safepoint    ] Safepoint "Cleanup", Time since last: 1000601584 ns, Reaching safepoint: 908625 ns, At safepoint: 22084 ns, Total: 930709 ns
[2023-07-18T03:41:28.926+0000][1][safepoint    ] Safepoint "Cleanup", Time since last: 1000799083 ns, Reaching safepoint: 2870000 ns, At safepoint: 107250 ns, Total: 2977250 ns
[2023-07-18T03:41:29.929+0000][1][safepoint    ] Safepoint "Cleanup", Time since last: 1001814376 ns, Reaching safepoint: 1124166 ns, At safepoint: 28167 ns, Total: 1152333 ns
[2023-07-18T03:41:30.931+0000][1][safepoint    ] Safepoint "Cleanup", Time since last: 1000771876 ns, Reaching safepoint: 1570583 ns, At safepoint: 34167 ns, Total: 1604750 ns
[2023-07-18T03:41:31.933+0000][1][safepoint    ] Safepoint "Cleanup", Time since last: 1001099583 ns, Reaching safepoint: 871875 ns, At safepoint: 24625 ns, Total: 896500 ns
[2023-07-18T03:41:32.937+0000][1][safepoint    ] Safepoint "Cleanup", Time since last: 1000988751 ns, Reaching safepoint: 1935667 ns, At safepoint: 94041 ns, Total: 2029708 ns
[2023-07-18T03:41:33.939+0000][1][safepoint    ] Safepoint "Cleanup", Time since last: 1001395667 ns, Reaching safepoint: 773459 ns, At safepoint: 21541 ns, Total: 795000 ns
[2023-07-18T03:41:34.940+0000][1][safepoint    ] Safepoint "Cleanup", Time since last: 1000423834 ns, Reaching safepoint: 849792 ns, At safepoint: 26500 ns, Total: 876292 ns
[2023-07-18T03:41:35.942+0000][1][safepoint    ] Safepoint "Cleanup", Time since last: 1000570709 ns, Reaching safepoint: 1731291 ns, At safepoint: 82334 ns, Total: 1813625 ns
[2023-07-18T03:41:37.695+0000][1][safepoint    ] Safepoint "Cleanup", Time since last: 1751962959 ns, Reaching safepoint: 1066833 ns, At safepoint: 29250 ns, Total: 1096083 ns
[2023-07-18T03:41:38.700+0000][1][safepoint    ] Safepoint "Cleanup", Time since last: 1001065084 ns, Reaching safepoint: 3008542 ns, At safepoint: 100833 ns, Total: 3109375 ns
[2023-07-18T03:41:39.704+0000][1][safepoint    ] Safepoint "Cleanup", Time since last: 1002746959 ns, Reaching safepoint: 1172333 ns, At safepoint: 31875 ns, Total: 1204208 ns
[2023-07-18T03:41:40.705+0000][1][safepoint    ] Safepoint "Cleanup", Time since last: 1000782584 ns, Reaching safepoint: 739667 ns, At safepoint: 21833 ns, Total: 761500 ns
[2023-07-18T03:41:41.702+0000][1][safepoint    ] Safepoint "Cleanup", Time since last: 1000508875 ns, Reaching safepoint: 1120625 ns, At safepoint: 32750 ns, Total: 1153375 ns
[2023-07-18T03:41:42.704+0000][1][safepoint    ] Safepoint "Cleanup", Time since last: 1000638292 ns, Reaching safepoint: 1265875 ns, At safepoint: 34667 ns, Total: 1300542 ns
[2023-07-18T03:41:43.708+0000][1][safepoint    ] Safepoint "Cleanup", Time since last: 1001774500 ns, Reaching safepoint: 2031292 ns, At safepoint: 60542 ns, Total: 2091834 ns
[2023-07-18T03:41:44.713+0000][1][safepoint    ] Safepoint "Cleanup", Time since last: 1002198542 ns, Reaching safepoint: 2554458 ns, At safepoint: 40917 ns, Total: 2595375 ns
[2023-07-18T03:41:45.716+0000][1][safepoint    ] Safepoint "Cleanup", Time since last: 1001325459 ns, Reaching safepoint: 1495791 ns, At safepoint: 37792 ns, Total: 1533583 ns
[2023-07-18T03:41:46.719+0000][1][safepoint    ] Safepoint "Cleanup", Time since last: 1002117917 ns, Reaching safepoint: 773042 ns, At safepoint: 35500 ns, Total: 808542 ns
[2023-07-18T03:41:47.720+0000][1][safepoint    ] Safepoint "Cleanup", Time since last: 1000397250 ns, Reaching safepoint: 641667 ns, At safepoint: 16667 ns, Total: 658334 ns
[2023-07-18T03:41:48.723+0000][1][safepoint    ] Safepoint "Cleanup", Time since last: 1001099583 ns, Reaching safepoint: 1491625 ns, At safepoint: 63500 ns, Total: 1555125 ns
[2023-07-18T03:41:49.303+0000][1][gc,start     ] GC(47) Pause Young (Allocation Failure)
[2023-07-18T03:41:49.306+0000][1][gc,task      ] GC(47) Using 4 workers of 4 for evacuation
[2023-07-18T03:41:49.347+0000][1][gc,age       ] GC(47) Desired survivor size 8945664 bytes, new threshold 6 (max threshold 6)
[2023-07-18T03:41:49.348+0000][1][gc,age       ] GC(47) Age table with threshold 6 (max threshold 6)
[2023-07-18T03:41:49.348+0000][1][gc,age       ] GC(47) - age   1:     172904 bytes,     172904 total
[2023-07-18T03:41:49.348+0000][1][gc,age       ] GC(47) - age   2:      95632 bytes,     268536 total
[2023-07-18T03:41:49.348+0000][1][gc,age       ] GC(47) - age   3:      50936 bytes,     319472 total
[2023-07-18T03:41:49.348+0000][1][gc,age       ] GC(47) - age   4:     203936 bytes,     523408 total
[2023-07-18T03:41:49.348+0000][1][gc,age       ] GC(47) - age   5:     242704 bytes,     766112 total
[2023-07-18T03:41:49.349+0000][1][gc,age       ] GC(47) - age   6:    2319848 bytes,    3085960 total
[2023-07-18T03:41:49.350+0000][1][gc,heap      ] GC(47) ParNew: 143079K->3413K(157248K)
[2023-07-18T03:41:49.350+0000][1][gc,heap      ] GC(47) CMS: 69137K->69139K(349568K)
[2023-07-18T03:41:49.350+0000][1][gc,metaspace ] GC(47) Metaspace: 92520K->92520K(1134592K)
[2023-07-18T03:41:49.351+0000][1][gc           ] GC(47) Pause Young (Allocation Failure) 207M->70M(494M) 48.327ms
[2023-07-18T03:41:49.351+0000][1][gc,cpu       ] GC(47) User=0.09s Sys=0.02s Real=0.05s
[2023-07-18T03:41:49.352+0000][1][safepoint    ] Safepoint "GenCollectForAllocation", Time since last: 578136376 ns, Reaching safepoint: 1423250 ns, At safepoint: 49692166 ns, Total: 51115416 ns
[2023-07-18T03:41:50.353+0000][1][safepoint    ] Safepoint "Cleanup", Time since last: 1000293334 ns, Reaching safepoint: 963375 ns, At safepoint: 47750 ns, Total: 1011125 ns
[2023-07-18T03:41:51.355+0000][1][safepoint    ] Safepoint "Cleanup", Time since last: 1000737876 ns, Reaching safepoint: 910916 ns, At safepoint: 16209 ns, Total: 927125 ns
[2023-07-18T03:41:52.356+0000][1][safepoint    ] Safepoint "Cleanup", Time since last: 1000430792 ns, Reaching safepoint: 885500 ns, At safepoint: 21208 ns, Total: 906708 ns
[2023-07-18T03:41:53.358+0000][1][safepoint    ] Safepoint "Cleanup", Time since last: 1000776292 ns, Reaching safepoint: 719209 ns, At safepoint: 23583 ns, Total: 742792 ns
[2023-07-18T03:41:54.359+0000][1][safepoint    ] Safepoint "Cleanup", Time since last: 1000482000 ns, Reaching safepoint: 810917 ns, At safepoint: 22667 ns, Total: 833584 ns
[2023-07-18T03:41:55.360+0000][1][safepoint    ] Safepoint "Cleanup", Time since last: 1000566500 ns, Reaching safepoint: 630125 ns, At safepoint: 152125 ns, Total: 782250 ns
[2023-07-18T03:41:56.364+0000][1][safepoint    ] Safepoint "Cleanup", Time since last: 1000466959 ns, Reaching safepoint: 2865542 ns, At safepoint: 50666 ns, Total: 2916208 ns
[2023-07-18T03:41:56.369+0000][1][safepoint    ] Safepoint "BulkRevokeBias", Time since last: 1664875 ns, Reaching safepoint: 569875 ns, At safepoint: 2846125 ns, Total: 3416000 ns
[2023-07-18T03:41:56.387+0000][1][safepoint    ] Safepoint "RevokeBias", Time since last: 11713000 ns, Reaching safepoint: 5965334 ns, At safepoint: 223791 ns, Total: 6189125 ns
[2023-07-18T03:41:56.390+0000][1][safepoint    ] Safepoint "RevokeBias", Time since last: 2880417 ns, Reaching safepoint: 624792 ns, At safepoint: 77750 ns, Total: 702542 ns
[2023-07-18T03:41:56.393+0000][1][safepoint    ] Safepoint "RevokeBias", Time since last: 1656583 ns, Reaching safepoint: 576708 ns, At safepoint: 104792 ns, Total: 681500 ns
[2023-07-18T03:41:56.467+0000][1][safepoint    ] Safepoint "RevokeBias", Time since last: 73623625 ns, Reaching safepoint: 795708 ns, At safepoint: 99375 ns, Total: 895083 ns
[2023-07-18T03:41:56.484+0000][1][safepoint    ] Safepoint "RevokeBias", Time since last: 15134250 ns, Reaching safepoint: 1972792 ns, At safepoint: 136417 ns, Total: 2109209 ns
[2023-07-18T03:41:57.282+0000][1][safepoint    ] Safepoint "RevokeBias", Time since last: 797586834 ns, Reaching safepoint: 558666 ns, At safepoint: 78042 ns, Total: 636708 ns
[2023-07-18T03:41:57.319+0000][1][safepoint    ] Safepoint "RevokeBias", Time since last: 35709375 ns, Reaching safepoint: 945375 ns, At safepoint: 82000 ns, Total: 1027375 ns
[2023-07-18T03:41:57.373+0000][1][safepoint    ] Safepoint "RevokeBias", Time since last: 52869667 ns, Reaching safepoint: 606000 ns, At safepoint: 162291 ns, Total: 768291 ns
[2023-07-18T03:41:58.374+0000][1][safepoint    ] Safepoint "Cleanup", Time since last: 1000386292 ns, Reaching safepoint: 806125 ns, At safepoint: 22542 ns, Total: 828667 ns
[2023-07-18T03:41:59.375+0000][1][safepoint    ] Safepoint "Cleanup", Time since last: 1000415959 ns, Reaching safepoint: 912042 ns, At safepoint: 25291 ns, Total: 937333 ns
[2023-07-18T03:42:00.377+0000][1][safepoint    ] Safepoint "Cleanup", Time since last: 1000429709 ns, Reaching safepoint: 1218833 ns, At safepoint: 25500 ns, Total: 1244333 ns
[2023-07-18T03:42:01.379+0000][1][safepoint    ] Safepoint "Cleanup", Time since last: 1000427334 ns, Reaching safepoint: 960250 ns, At safepoint: 23792 ns, Total: 984042 ns
[2023-07-18T03:42:02.380+0000][1][safepoint    ] Safepoint "Cleanup", Time since last: 1000462584 ns, Reaching safepoint: 778791 ns, At safepoint: 25459 ns, Total: 804250 ns
[2023-07-18T03:42:03.381+0000][1][safepoint    ] Safepoint "Cleanup", Time since last: 1000643417 ns, Reaching safepoint: 674958 ns, At safepoint: 17583 ns, Total: 692541 ns
[2023-07-18T03:42:04.384+0000][1][safepoint    ] Safepoint "Cleanup", Time since last: 1001359126 ns, Reaching safepoint: 1333958 ns, At safepoint: 38334 ns, Total: 1372292 ns
[2023-07-18T03:42:05.385+0000][1][safepoint    ] Safepoint "Cleanup", Time since last: 1000507375 ns, Reaching safepoint: 885042 ns, At safepoint: 30916 ns, Total: 915958 ns
[2023-07-18T03:42:06.387+0000][1][safepoint    ] Safepoint "Cleanup", Time since last: 1000495459 ns, Reaching safepoint: 710459 ns, At safepoint: 16958 ns, Total: 727417 ns
[2023-07-18T03:42:07.388+0000][1][safepoint    ] Safepoint "Cleanup", Time since last: 1000533875 ns, Reaching safepoint: 602584 ns, At safepoint: 18125 ns, Total: 620709 ns
[2023-07-18T03:42:08.391+0000][1][safepoint    ] Safepoint "Cleanup", Time since last: 1002256167 ns, Reaching safepoint: 623833 ns, At safepoint: 19709 ns, Total: 643542 ns
[2023-07-18T03:42:09.392+0000][1][safepoint    ] Safepoint "Cleanup", Time since last: 1000382375 ns, Reaching safepoint: 597250 ns, At safepoint: 17500 ns, Total: 614750 ns
[2023-07-18T03:42:10.393+0000][1][safepoint    ] Safepoint "Cleanup", Time since last: 1000361417 ns, Reaching safepoint: 790750 ns, At safepoint: 19875 ns, Total: 810625 ns
[2023-07-18T03:42:11.394+0000][1][safepoint    ] Safepoint "Cleanup", Time since last: 1001012250 ns, Reaching safepoint: 696292 ns, At safepoint: 14000 ns, Total: 710292 ns
[2023-07-18T03:42:12.395+0000][1][safepoint    ] Safepoint "Cleanup", Time since last: 1000940208 ns, Reaching safepoint: 595042 ns, At safepoint: 15750 ns, Total: 610792 ns
[2023-07-18T03:42:13.397+0000][1][safepoint    ] Safepoint "Cleanup", Time since last: 1000465667 ns, Reaching safepoint: 733584 ns, At safepoint: 19958 ns, Total: 753542 ns
[2023-07-18T03:42:14.399+0000][1][safepoint    ] Safepoint "Cleanup", Time since last: 1001519500 ns, Reaching safepoint: 624334 ns, At safepoint: 17666 ns, Total: 642000 ns
[2023-07-18T03:42:15.400+0000][1][safepoint    ] Safepoint "Cleanup", Time since last: 1000420793 ns, Reaching safepoint: 607291 ns, At safepoint: 17584 ns, Total: 624875 ns
[2023-07-18T03:42:16.402+0000][1][safepoint    ] Safepoint "Cleanup", Time since last: 1001300208 ns, Reaching safepoint: 1209917 ns, At safepoint: 33167 ns, Total: 1243084 ns
[2023-07-18T03:42:17.405+0000][1][safepoint    ] Safepoint "Cleanup", Time since last: 1000759333 ns, Reaching safepoint: 1550584 ns, At safepoint: 51750 ns, Total: 1602334 ns
[2023-07-18T03:42:18.410+0000][1][safepoint    ] Safepoint "Cleanup", Time since last: 1001444667 ns, Reaching safepoint: 3495667 ns, At safepoint: 88916 ns, Total: 3584583 ns
[2023-07-18T03:42:19.418+0000][1][safepoint    ] Safepoint "Cleanup", Time since last: 1004010792 ns, Reaching safepoint: 3661042 ns, At safepoint: 158167 ns, Total: 3819209 ns
[2023-07-18T03:42:20.420+0000][1][safepoint    ] Safepoint "Cleanup", Time since last: 1000998375 ns, Reaching safepoint: 1263584 ns, At safepoint: 64208 ns, Total: 1327792 ns
[2023-07-18T03:42:21.711+0000][1][safepoint    ] Safepoint "Cleanup", Time since last: 1283065751 ns, Reaching safepoint: 6475625 ns, At safepoint: 384291 ns, Total: 6859916 ns
[2023-07-18T03:42:22.720+0000][1][safepoint    ] Safepoint "Cleanup", Time since last: 1007895751 ns, Reaching safepoint: 1933458 ns, At safepoint: 42292 ns, Total: 1975750 ns
[2023-07-18T03:42:23.605+0000][1][safepoint    ] Safepoint "RevokeBias", Time since last: 883791458 ns, Reaching safepoint: 720334 ns, At safepoint: 1259375 ns, Total: 1979709 ns
[2023-07-18T03:42:24.508+0000][1][safepoint    ] Safepoint "RevokeBias", Time since last: 901847542 ns, Reaching safepoint: 927750 ns, At safepoint: 120292 ns, Total: 1048042 ns
[2023-07-18T03:42:24.565+0000][1][safepoint    ] Safepoint "RevokeBias", Time since last: 56509625 ns, Reaching safepoint: 498833 ns, At safepoint: 74042 ns, Total: 572875 ns
[2023-07-18T03:42:24.567+0000][1][safepoint    ] Safepoint "RevokeBias", Time since last: 1583250 ns, Reaching safepoint: 322708 ns, At safepoint: 51000 ns, Total: 373708 ns
[2023-07-18T03:42:24.569+0000][1][safepoint    ] Safepoint "RevokeBias", Time since last: 948625 ns, Reaching safepoint: 453000 ns, At safepoint: 52125 ns, Total: 505125 ns
[2023-07-18T03:42:24.573+0000][1][safepoint    ] Safepoint "BulkRevokeBias", Time since last: 878792 ns, Reaching safepoint: 367375 ns, At safepoint: 3017666 ns, Total: 3385041 ns
[2023-07-18T03:42:24.617+0000][1][safepoint    ] Safepoint "RevokeBias", Time since last: 42599334 ns, Reaching safepoint: 769375 ns, At safepoint: 112791 ns, Total: 882166 ns
[2023-07-18T03:42:24.641+0000][1][safepoint    ] Safepoint "RevokeBias", Time since last: 23410500 ns, Reaching safepoint: 523542 ns, At safepoint: 73417 ns, Total: 596959 ns
[2023-07-18T03:42:25.647+0000][1][safepoint    ] Safepoint "Cleanup", Time since last: 1002517667 ns, Reaching safepoint: 3975625 ns, At safepoint: 93416 ns, Total: 4069041 ns
[2023-07-18T03:42:26.653+0000][1][safepoint    ] Safepoint "Cleanup", Time since last: 1001216376 ns, Reaching safepoint: 4018208 ns, At safepoint: 85000 ns, Total: 4103208 ns
[2023-07-18T03:42:27.657+0000][1][safepoint    ] Safepoint "Cleanup", Time since last: 1001032876 ns, Reaching safepoint: 2890708 ns, At safepoint: 86250 ns, Total: 2976958 ns
[2023-07-18T03:42:27.664+0000][1][safepoint    ] Safepoint "RevokeBias", Time since last: 3738167 ns, Reaching safepoint: 3340416 ns, At safepoint: 399375 ns, Total: 3739791 ns
[2023-07-18T03:42:28.668+0000][1][safepoint    ] Safepoint "Cleanup", Time since last: 1001806084 ns, Reaching safepoint: 2566334 ns, At safepoint: 107333 ns, Total: 2673667 ns
[2023-07-18T03:42:29.675+0000][1][safepoint    ] Safepoint "Cleanup", Time since last: 1001968834 ns, Reaching safepoint: 4109000 ns, At safepoint: 124333 ns, Total: 4233333 ns
[2023-07-18T03:42:30.678+0000][1][safepoint    ] Safepoint "Cleanup", Time since last: 1002621417 ns, Reaching safepoint: 722500 ns, At safepoint: 52250 ns, Total: 774750 ns
[2023-07-18T03:42:31.686+0000][1][safepoint    ] Safepoint "Cleanup", Time since last: 1001625334 ns, Reaching safepoint: 6541542 ns, At safepoint: 138000 ns, Total: 6679542 ns
[2023-07-18T03:42:32.337+0000][1][safepoint    ] Safepoint "RevokeBias", Time since last: 649632708 ns, Reaching safepoint: 814417 ns, At safepoint: 100500 ns, Total: 914917 ns
[2023-07-18T03:42:32.345+0000][1][safepoint    ] Safepoint "RevokeBias", Time since last: 6963083 ns, Reaching safepoint: 1219250 ns, At safepoint: 73209 ns, Total: 1292459 ns
[2023-07-18T03:42:32.346+0000][1][safepoint    ] Safepoint "RevokeBias", Time since last: 363500 ns, Reaching safepoint: 396291 ns, At safepoint: 58375 ns, Total: 454666 ns
[2023-07-18T03:42:32.347+0000][1][safepoint    ] Safepoint "RevokeBias", Time since last: 338417 ns, Reaching safepoint: 328750 ns, At safepoint: 50083 ns, Total: 378833 ns
[2023-07-18T03:42:32.347+0000][1][safepoint    ] Safepoint "RevokeBias", Time since last: 278959 ns, Reaching safepoint: 298250 ns, At safepoint: 43666 ns, Total: 341916 ns
[2023-07-18T03:42:32.348+0000][1][safepoint    ] Safepoint "RevokeBias", Time since last: 236834 ns, Reaching safepoint: 282916 ns, At safepoint: 43625 ns, Total: 326541 ns
[2023-07-18T03:42:32.348+0000][1][safepoint    ] Safepoint "RevokeBias", Time since last: 232542 ns, Reaching safepoint: 280958 ns, At safepoint: 42167 ns, Total: 323125 ns
[2023-07-18T03:42:32.349+0000][1][safepoint    ] Safepoint "RevokeBias", Time since last: 214250 ns, Reaching safepoint: 293542 ns, At safepoint: 51000 ns, Total: 344542 ns
[2023-07-18T03:42:32.352+0000][1][safepoint    ] Safepoint "RevokeBias", Time since last: 2448708 ns, Reaching safepoint: 632625 ns, At safepoint: 72250 ns, Total: 704875 ns
[2023-07-18T03:42:32.354+0000][1][safepoint    ] Safepoint "RevokeBias", Time since last: 1697417 ns, Reaching safepoint: 530083 ns, At safepoint: 66417 ns, Total: 596500 ns
[2023-07-18T03:42:32.408+0000][1][safepoint    ] Safepoint "RevokeBias", Time since last: 52490583 ns, Reaching safepoint: 869708 ns, At safepoint: 185042 ns, Total: 1054750 ns
[2023-07-18T03:42:32.412+0000][1][safepoint    ] Safepoint "RevokeBias", Time since last: 2721000 ns, Reaching safepoint: 1146250 ns, At safepoint: 193083 ns, Total: 1339333 ns
[2023-07-18T03:42:33.421+0000][1][safepoint    ] Safepoint "Cleanup", Time since last: 1001570667 ns, Reaching safepoint: 7051750 ns, At safepoint: 182500 ns, Total: 7234250 ns
[2023-07-18T03:42:34.427+0000][1][safepoint    ] Safepoint "Cleanup", Time since last: 1001459793 ns, Reaching safepoint: 4378625 ns, At safepoint: 116000 ns, Total: 4494625 ns
[2023-07-18T03:42:35.431+0000][1][safepoint    ] Safepoint "Cleanup", Time since last: 1001919375 ns, Reaching safepoint: 2003708 ns, At safepoint: 67250 ns, Total: 2070958 ns
[2023-07-18T03:42:36.438+0000][1][safepoint    ] Safepoint "Cleanup", Time since last: 1002384084 ns, Reaching safepoint: 4187792 ns, At safepoint: 105542 ns, Total: 4293334 ns
[2023-07-18T03:42:37.444+0000][1][safepoint    ] Safepoint "Cleanup", Time since last: 1003313042 ns, Reaching safepoint: 3487625 ns, At safepoint: 97041 ns, Total: 3584666 ns
[2023-07-18T03:42:38.450+0000][1][safepoint    ] Safepoint "Cleanup", Time since last: 1002095209 ns, Reaching safepoint: 3708375 ns, At safepoint: 110542 ns, Total: 3818917 ns
[2023-07-18T03:42:39.454+0000][1][safepoint    ] Safepoint "Cleanup", Time since last: 1001874084 ns, Reaching safepoint: 1970041 ns, At safepoint: 113584 ns, Total: 2083625 ns
[2023-07-18T03:42:40.456+0000][1][safepoint    ] Safepoint "Cleanup", Time since last: 1000796500 ns, Reaching safepoint: 732417 ns, At safepoint: 24416 ns, Total: 756833 ns
[2023-07-18T03:42:41.460+0000][1][safepoint    ] Safepoint "Cleanup", Time since last: 1001814208 ns, Reaching safepoint: 2774959 ns, At safepoint: 71291 ns, Total: 2846250 ns
[2023-07-18T03:42:42.467+0000][1][safepoint    ] Safepoint "Cleanup", Time since last: 1001609501 ns, Reaching safepoint: 4830125 ns, At safepoint: 155833 ns, Total: 4985958 ns
[2023-07-18T03:42:43.472+0000][1][safepoint    ] Safepoint "Cleanup", Time since last: 1003399459 ns, Reaching safepoint: 2225792 ns, At safepoint: 61083 ns, Total: 2286875 ns
[2023-07-18T03:42:44.476+0000][1][safepoint    ] Safepoint "Cleanup", Time since last: 1001439875 ns, Reaching safepoint: 2334209 ns, At safepoint: 52166 ns, Total: 2386375 ns
[2023-07-18T03:42:45.480+0000][1][safepoint    ] Safepoint "Cleanup", Time since last: 1002755293 ns, Reaching safepoint: 855125 ns, At safepoint: 19125 ns, Total: 874250 ns
[2023-07-18T03:42:46.483+0000][1][safepoint    ] Safepoint "Cleanup", Time since last: 1000932625 ns, Reaching safepoint: 1789750 ns, At safepoint: 46000 ns, Total: 1835750 ns
[2023-07-18T03:42:47.486+0000][1][safepoint    ] Safepoint "Cleanup", Time since last: 1001156626 ns, Reaching safepoint: 2176541 ns, At safepoint: 75000 ns, Total: 2251541 ns
[2023-07-18T03:42:48.490+0000][1][safepoint    ] Safepoint "Cleanup", Time since last: 1001489542 ns, Reaching safepoint: 2823709 ns, At safepoint: 58583 ns, Total: 2882292 ns
[2023-07-18T03:42:49.494+0000][1][safepoint    ] Safepoint "Cleanup", Time since last: 1000893917 ns, Reaching safepoint: 3035375 ns, At safepoint: 88375 ns, Total: 3123750 ns
[2023-07-18T03:42:50.496+0000][1][safepoint    ] Safepoint "Cleanup", Time since last: 1001025167 ns, Reaching safepoint: 934042 ns, At safepoint: 24208 ns, Total: 958250 ns
[2023-07-18T03:42:51.503+0000][1][safepoint    ] Safepoint "Cleanup", Time since last: 1001680959 ns, Reaching safepoint: 4548625 ns, At safepoint: 120917 ns, Total: 4669542 ns
[2023-07-18T03:42:52.507+0000][1][safepoint    ] Safepoint "Cleanup", Time since last: 1001124250 ns, Reaching safepoint: 3487625 ns, At safepoint: 89084 ns, Total: 3576709 ns
[2023-07-18T03:42:53.510+0000][1][safepoint    ] Safepoint "Cleanup", Time since last: 1001866458 ns, Reaching safepoint: 779417 ns, At safepoint: 15583 ns, Total: 795000 ns
[2023-07-18T03:42:54.515+0000][1][safepoint    ] Safepoint "Cleanup", Time since last: 1001141168 ns, Reaching safepoint: 3875375 ns, At safepoint: 98000 ns, Total: 3973375 ns
[2023-07-18T03:42:55.518+0000][1][safepoint    ] Safepoint "Cleanup", Time since last: 1001627292 ns, Reaching safepoint: 1339083 ns, At safepoint: 33250 ns, Total: 1372333 ns
[2023-07-18T03:42:56.523+0000][1][safepoint    ] Safepoint "Cleanup", Time since last: 1001308501 ns, Reaching safepoint: 3552833 ns, At safepoint: 133125 ns, Total: 3685958 ns
[2023-07-18T03:42:57.530+0000][1][safepoint    ] Safepoint "Cleanup", Time since last: 1003220417 ns, Reaching safepoint: 3757458 ns, At safepoint: 76959 ns, Total: 3834417 ns
[2023-07-18T03:42:58.535+0000][1][safepoint    ] Safepoint "Cleanup", Time since last: 1001590292 ns, Reaching safepoint: 3164541 ns, At safepoint: 115750 ns, Total: 3280291 ns
[2023-07-18T03:42:59.539+0000][1][safepoint    ] Safepoint "Cleanup", Time since last: 1001348126 ns, Reaching safepoint: 2814000 ns, At safepoint: 65167 ns, Total: 2879167 ns
[2023-07-18T03:43:00.542+0000][1][safepoint    ] Safepoint "Cleanup", Time since last: 1001465917 ns, Reaching safepoint: 1202125 ns, At safepoint: 21250 ns, Total: 1223375 ns
[2023-07-18T03:43:01.544+0000][1][safepoint    ] Safepoint "Cleanup", Time since last: 1000810250 ns, Reaching safepoint: 788250 ns, At safepoint: 27459 ns, Total: 815709 ns
[2023-07-18T03:43:02.545+0000][1][safepoint    ] Safepoint "Cleanup", Time since last: 1000405042 ns, Reaching safepoint: 630958 ns, At safepoint: 18000 ns, Total: 648958 ns
[2023-07-18T03:43:03.546+0000][1][safepoint    ] Safepoint "Cleanup", Time since last: 1000416876 ns, Reaching safepoint: 721583 ns, At safepoint: 37083 ns, Total: 758666 ns
[2023-07-18T03:43:04.550+0000][1][safepoint    ] Safepoint "Cleanup", Time since last: 1000853584 ns, Reaching safepoint: 3595750 ns, At safepoint: 172500 ns, Total: 3768250 ns
[2023-07-18T03:43:05.553+0000][1][safepoint    ] Safepoint "Cleanup", Time since last: 1001341084 ns, Reaching safepoint: 1280125 ns, At safepoint: 36083 ns, Total: 1316208 ns
[2023-07-18T03:43:06.558+0000][1][safepoint    ] Safepoint "Cleanup", Time since last: 1001311334 ns, Reaching safepoint: 3305750 ns, At safepoint: 92500 ns, Total: 3398250 ns
[2023-07-18T03:43:07.563+0000][1][safepoint    ] Safepoint "Cleanup", Time since last: 1001369417 ns, Reaching safepoint: 3249208 ns, At safepoint: 80959 ns, Total: 3330167 ns
[2023-07-18T03:43:08.568+0000][1][safepoint    ] Safepoint "Cleanup", Time since last: 1001491500 ns, Reaching safepoint: 3563209 ns, At safepoint: 115166 ns, Total: 3678375 ns
[2023-07-18T03:43:09.573+0000][1][safepoint    ] Safepoint "Cleanup", Time since last: 1001464542 ns, Reaching safepoint: 3812792 ns, At safepoint: 87042 ns, Total: 3899834 ns
[2023-07-18T03:43:10.576+0000][1][safepoint    ] Safepoint "Cleanup", Time since last: 1001813375 ns, Reaching safepoint: 886584 ns, At safepoint: 20625 ns, Total: 907209 ns
[2023-07-18T03:43:11.577+0000][1][safepoint    ] Safepoint "Cleanup", Time since last: 1000581291 ns, Reaching safepoint: 637916 ns, At safepoint: 17459 ns, Total: 655375 ns
[2023-07-18T03:43:12.580+0000][1][safepoint    ] Safepoint "Cleanup", Time since last: 1001063917 ns, Reaching safepoint: 1844750 ns, At safepoint: 79583 ns, Total: 1924333 ns
[2023-07-18T03:43:13.585+0000][1][safepoint    ] Safepoint "Cleanup", Time since last: 1001211959 ns, Reaching safepoint: 3424042 ns, At safepoint: 97875 ns, Total: 3521917 ns
[2023-07-18T03:43:14.588+0000][1][safepoint    ] Safepoint "Cleanup", Time since last: 1001370750 ns, Reaching safepoint: 2192708 ns, At safepoint: 76125 ns, Total: 2268833 ns
[2023-07-18T03:43:15.591+0000][1][safepoint    ] Safepoint "Cleanup", Time since last: 1001632376 ns, Reaching safepoint: 972500 ns, At safepoint: 26500 ns, Total: 999000 ns
[2023-07-18T03:43:16.594+0000][1][safepoint    ] Safepoint "Cleanup", Time since last: 1000730167 ns, Reaching safepoint: 2688125 ns, At safepoint: 67000 ns, Total: 2755125 ns
[2023-07-18T03:43:17.601+0000][1][safepoint    ] Safepoint "Cleanup", Time since last: 1002656376 ns, Reaching safepoint: 3574958 ns, At safepoint: 102125 ns, Total: 3677083 ns
[2023-07-18T03:43:18.606+0000][1][safepoint    ] Safepoint "Cleanup", Time since last: 1002534375 ns, Reaching safepoint: 3138250 ns, At safepoint: 74834 ns, Total: 3213084 ns
[2023-07-18T03:43:19.612+0000][1][safepoint    ] Safepoint "Cleanup", Time since last: 1001742084 ns, Reaching safepoint: 3802291 ns, At safepoint: 90667 ns, Total: 3892958 ns
[2023-07-18T03:43:20.615+0000][1][safepoint    ] Safepoint "Cleanup", Time since last: 1002188709 ns, Reaching safepoint: 1000166 ns, At safepoint: 22417 ns, Total: 1022583 ns
[2023-07-18T03:43:21.620+0000][1][safepoint    ] Safepoint "Cleanup", Time since last: 1001280042 ns, Reaching safepoint: 3283834 ns, At safepoint: 86083 ns, Total: 3369917 ns
[2023-07-18T03:43:22.623+0000][1][safepoint    ] Safepoint "Cleanup", Time since last: 1001313375 ns, Reaching safepoint: 2130709 ns, At safepoint: 63125 ns, Total: 2193834 ns
[2023-07-18T03:43:23.626+0000][1][safepoint    ] Safepoint "Cleanup", Time since last: 1000933625 ns, Reaching safepoint: 1358875 ns, At safepoint: 23500 ns, Total: 1382375 ns
[2023-07-18T03:43:24.630+0000][1][safepoint    ] Safepoint "Cleanup", Time since last: 1001432334 ns, Reaching safepoint: 2259000 ns, At safepoint: 160542 ns, Total: 2419542 ns
[2023-07-18T03:43:25.632+0000][1][safepoint    ] Safepoint "Cleanup", Time since last: 1001368708 ns, Reaching safepoint: 1195250 ns, At safepoint: 29250 ns, Total: 1224500 ns
[2023-07-18T03:43:26.635+0000][1][safepoint    ] Safepoint "Cleanup", Time since last: 1000946168 ns, Reaching safepoint: 2342750 ns, At safepoint: 67375 ns, Total: 2410125 ns
[2023-07-18T03:43:27.639+0000][1][safepoint    ] Safepoint "Cleanup", Time since last: 1001869125 ns, Reaching safepoint: 1405500 ns, At safepoint: 32583 ns, Total: 1438083 ns
[2023-07-18T03:43:28.646+0000][1][safepoint    ] Safepoint "Cleanup", Time since last: 1003152793 ns, Reaching safepoint: 3728791 ns, At safepoint: 100459 ns, Total: 3829250 ns
[2023-07-18T03:43:29.652+0000][1][safepoint    ] Safepoint "Cleanup", Time since last: 1002482875 ns, Reaching safepoint: 3422167 ns, At safepoint: 92333 ns, Total: 3514500 ns
[2023-07-18T03:43:30.655+0000][1][safepoint    ] Safepoint "Cleanup", Time since last: 1001637375 ns, Reaching safepoint: 1171917 ns, At safepoint: 18458 ns, Total: 1190375 ns
[2023-07-18T03:43:30.705+0000][1][safepoint    ] Safepoint "RevokeBias", Time since last: 48833001 ns, Reaching safepoint: 1110375 ns, At safepoint: 87333 ns, Total: 1197708 ns
[2023-07-18T03:43:31.710+0000][1][safepoint    ] Safepoint "Cleanup", Time since last: 1001059625 ns, Reaching safepoint: 4012042 ns, At safepoint: 108042 ns, Total: 4120084 ns
[2023-07-18T03:43:32.715+0000][1][safepoint    ] Safepoint "Cleanup", Time since last: 1001563708 ns, Reaching safepoint: 3573375 ns, At safepoint: 101625 ns, Total: 3675000 ns
[2023-07-18T03:43:33.436+0000][1][safepoint    ] Safepoint "RevokeBias", Time since last: 720285667 ns, Reaching safepoint: 883792 ns, At safepoint: 117542 ns, Total: 1001334 ns
[2023-07-18T03:43:33.438+0000][1][safepoint    ] Safepoint "RevokeBias", Time since last: 1246000 ns, Reaching safepoint: 562333 ns, At safepoint: 75917 ns, Total: 638250 ns
[2023-07-18T03:43:33.444+0000][1][safepoint    ] Safepoint "RevokeBias", Time since last: 3129625 ns, Reaching safepoint: 2914375 ns, At safepoint: 80500 ns, Total: 2994875 ns
[2023-07-18T03:43:33.452+0000][1][gc,start     ] GC(48) Pause Young (Allocation Failure)
[2023-07-18T03:43:33.454+0000][1][gc,task      ] GC(48) Using 4 workers of 4 for evacuation
[2023-07-18T03:43:33.490+0000][1][gc,age       ] GC(48) Desired survivor size 8945664 bytes, new threshold 6 (max threshold 6)
[2023-07-18T03:43:33.490+0000][1][gc,age       ] GC(48) Age table with threshold 6 (max threshold 6)
[2023-07-18T03:43:33.491+0000][1][gc,age       ] GC(48) - age   1:     172920 bytes,     172920 total
[2023-07-18T03:43:33.491+0000][1][gc,age       ] GC(48) - age   2:      43624 bytes,     216544 total
[2023-07-18T03:43:33.491+0000][1][gc,age       ] GC(48) - age   3:      95576 bytes,     312120 total
[2023-07-18T03:43:33.491+0000][1][gc,age       ] GC(48) - age   4:      50648 bytes,     362768 total
[2023-07-18T03:43:33.491+0000][1][gc,age       ] GC(48) - age   5:     189840 bytes,     552608 total
[2023-07-18T03:43:33.491+0000][1][gc,age       ] GC(48) - age   6:     222688 bytes,     775296 total
[2023-07-18T03:43:33.492+0000][1][gc,heap      ] GC(48) ParNew: 143189K->1251K(157248K)
[2023-07-18T03:43:33.492+0000][1][gc,heap      ] GC(48) CMS: 69139K->71405K(349568K)
[2023-07-18T03:43:33.492+0000][1][gc,metaspace ] GC(48) Metaspace: 92600K->92600K(1134592K)
[2023-07-18T03:43:33.493+0000][1][gc           ] GC(48) Pause Young (Allocation Failure) 207M->70M(494M) 41.723ms
[2023-07-18T03:43:33.494+0000][1][gc,cpu       ] GC(48) User=0.09s Sys=0.01s Real=0.05s
[2023-07-18T03:43:33.494+0000][1][safepoint    ] Safepoint "GenCollectForAllocation", Time since last: 5268625 ns, Reaching safepoint: 1653916 ns, At safepoint: 42776917 ns, Total: 44430833 ns
[2023-07-18T03:43:33.502+0000][1][safepoint    ] Safepoint "RevokeBias", Time since last: 6996542 ns, Reaching safepoint: 816792 ns, At safepoint: 113000 ns, Total: 929792 ns
[2023-07-18T03:43:33.515+0000][1][safepoint    ] Safepoint "RevokeBias", Time since last: 12183833 ns, Reaching safepoint: 538833 ns, At safepoint: 77917 ns, Total: 616750 ns
[2023-07-18T03:43:33.517+0000][1][safepoint    ] Safepoint "RevokeBias", Time since last: 1522625 ns, Reaching safepoint: 942542 ns, At safepoint: 100166 ns, Total: 1042708 ns
[2023-07-18T03:43:34.522+0000][1][safepoint    ] Safepoint "Cleanup", Time since last: 1002013751 ns, Reaching safepoint: 2907541 ns, At safepoint: 83125 ns, Total: 2990666 ns
[2023-07-18T03:43:35.528+0000][1][safepoint    ] Safepoint "Cleanup", Time since last: 1001738667 ns, Reaching safepoint: 3610500 ns, At safepoint: 103625 ns, Total: 3714125 ns
[2023-07-18T03:43:36.534+0000][1][safepoint    ] Safepoint "Cleanup", Time since last: 1001713251 ns, Reaching safepoint: 4014000 ns, At safepoint: 158250 ns, Total: 4172250 ns
[2023-07-18T03:43:37.539+0000][1][safepoint    ] Safepoint "Cleanup", Time since last: 1001887209 ns, Reaching safepoint: 3525875 ns, At safepoint: 115416 ns, Total: 3641291 ns
[2023-07-18T03:43:38.545+0000][1][safepoint    ] Safepoint "Cleanup", Time since last: 1002278209 ns, Reaching safepoint: 3609292 ns, At safepoint: 107167 ns, Total: 3716459 ns
[2023-07-18T03:43:39.554+0000][1][safepoint    ] Safepoint "Cleanup", Time since last: 1005148333 ns, Reaching safepoint: 3766792 ns, At safepoint: 105333 ns, Total: 3872125 ns
[2023-07-18T03:43:40.557+0000][1][safepoint    ] Safepoint "Cleanup", Time since last: 1001385834 ns, Reaching safepoint: 1516584 ns, At safepoint: 30500 ns, Total: 1547084 ns
[2023-07-18T03:43:41.562+0000][1][safepoint    ] Safepoint "Cleanup", Time since last: 1000937916 ns, Reaching safepoint: 3780792 ns, At safepoint: 98375 ns, Total: 3879167 ns
[2023-07-18T03:43:42.569+0000][1][safepoint    ] Safepoint "Cleanup", Time since last: 1003535709 ns, Reaching safepoint: 3573541 ns, At safepoint: 108375 ns, Total: 3681916 ns
[2023-07-18T03:43:43.574+0000][1][safepoint    ] Safepoint "Cleanup", Time since last: 1002051501 ns, Reaching safepoint: 2722875 ns, At safepoint: 81375 ns, Total: 2804250 ns
[2023-07-18T03:43:44.579+0000][1][safepoint    ] Safepoint "Cleanup", Time since last: 1001102667 ns, Reaching safepoint: 3450916 ns, At safepoint: 108417 ns, Total: 3559333 ns
[2023-07-18T03:43:45.583+0000][1][safepoint    ] Safepoint "Cleanup", Time since last: 1001481292 ns, Reaching safepoint: 3105334 ns, At safepoint: 78833 ns, Total: 3184167 ns
[2023-07-18T03:43:46.587+0000][1][safepoint    ] Safepoint "Cleanup", Time since last: 1001404459 ns, Reaching safepoint: 2330791 ns, At safepoint: 65417 ns, Total: 2396208 ns
[2023-07-18T03:43:47.591+0000][1][safepoint    ] Safepoint "Cleanup", Time since last: 1001473042 ns, Reaching safepoint: 2715750 ns, At safepoint: 115500 ns, Total: 2831250 ns
[2023-07-18T03:43:48.596+0000][1][safepoint    ] Safepoint "Cleanup", Time since last: 1002010876 ns, Reaching safepoint: 2855041 ns, At safepoint: 83167 ns, Total: 2938208 ns
[2023-07-18T03:43:49.602+0000][1][safepoint    ] Safepoint "Cleanup", Time since last: 1001372001 ns, Reaching safepoint: 3705291 ns, At safepoint: 221292 ns, Total: 3926583 ns
[2023-07-18T03:43:50.605+0000][1][safepoint    ] Safepoint "Cleanup", Time since last: 1001169375 ns, Reaching safepoint: 1744459 ns, At safepoint: 115166 ns, Total: 1859625 ns
[2023-07-18T03:43:51.608+0000][1][safepoint    ] Safepoint "Cleanup", Time since last: 1001124418 ns, Reaching safepoint: 1829666 ns, At safepoint: 47250 ns, Total: 1876916 ns
[2023-07-18T03:43:52.613+0000][1][safepoint    ] Safepoint "Cleanup", Time since last: 1001408584 ns, Reaching safepoint: 3789125 ns, At safepoint: 123917 ns, Total: 3913042 ns
[2023-07-18T03:43:53.619+0000][1][safepoint    ] Safepoint "Cleanup", Time since last: 1002256917 ns, Reaching safepoint: 3520833 ns, At safepoint: 191667 ns, Total: 3712500 ns
[2023-07-18T03:43:54.624+0000][1][safepoint    ] Safepoint "Cleanup", Time since last: 1002010500 ns, Reaching safepoint: 2803750 ns, At safepoint: 74959 ns, Total: 2878709 ns
[2023-07-18T03:43:55.629+0000][1][safepoint    ] Safepoint "Cleanup", Time since last: 1002065167 ns, Reaching safepoint: 3085875 ns, At safepoint: 84416 ns, Total: 3170291 ns
[2023-07-18T03:43:56.634+0000][1][safepoint    ] Safepoint "Cleanup", Time since last: 1001614876 ns, Reaching safepoint: 3699708 ns, At safepoint: 93750 ns, Total: 3793458 ns
[2023-07-18T03:43:57.640+0000][1][safepoint    ] Safepoint "Cleanup", Time since last: 1001569042 ns, Reaching safepoint: 3942209 ns, At safepoint: 106041 ns, Total: 4048250 ns
[2023-07-18T03:43:58.646+0000][1][safepoint    ] Safepoint "Cleanup", Time since last: 1001752918 ns, Reaching safepoint: 3655833 ns, At safepoint: 108583 ns, Total: 3764416 ns
[2023-07-18T03:43:59.653+0000][1][safepoint    ] Safepoint "Cleanup", Time since last: 1003917042 ns, Reaching safepoint: 3656875 ns, At safepoint: 137834 ns, Total: 3794709 ns
[2023-07-18T03:44:00.657+0000][1][safepoint    ] Safepoint "Cleanup", Time since last: 1001635208 ns, Reaching safepoint: 1780167 ns, At safepoint: 25875 ns, Total: 1806042 ns
[2023-07-18T03:44:01.662+0000][1][safepoint    ] Safepoint "Cleanup", Time since last: 1000831126 ns, Reaching safepoint: 4142416 ns, At safepoint: 108750 ns, Total: 4251166 ns
[2023-07-18T03:44:02.665+0000][1][safepoint    ] Safepoint "Cleanup", Time since last: 1002777001 ns, Reaching safepoint: 919416 ns, At safepoint: 32625 ns, Total: 952041 ns
[2023-07-18T03:44:03.668+0000][1][safepoint    ] Safepoint "Cleanup", Time since last: 1000532668 ns, Reaching safepoint: 1827291 ns, At safepoint: 51500 ns, Total: 1878791 ns
[2023-07-18T03:44:04.673+0000][1][safepoint    ] Safepoint "Cleanup", Time since last: 1000897792 ns, Reaching safepoint: 3644084 ns, At safepoint: 119125 ns, Total: 3763209 ns
[2023-07-18T03:44:05.677+0000][1][safepoint    ] Safepoint "Cleanup", Time since last: 1001579625 ns, Reaching safepoint: 2839917 ns, At safepoint: 86208 ns, Total: 2926125 ns
[2023-07-18T03:44:06.684+0000][1][safepoint    ] Safepoint "Cleanup", Time since last: 1002463001 ns, Reaching safepoint: 3936458 ns, At safepoint: 126125 ns, Total: 4062583 ns
[2023-07-18T03:44:07.690+0000][1][safepoint    ] Safepoint "Cleanup", Time since last: 1002750417 ns, Reaching safepoint: 3235292 ns, At safepoint: 132458 ns, Total: 3367750 ns
[2023-07-18T03:44:08.696+0000][1][safepoint    ] Safepoint "Cleanup", Time since last: 1001988584 ns, Reaching safepoint: 3882375 ns, At safepoint: 102125 ns, Total: 3984500 ns
[2023-07-18T03:44:09.704+0000][1][safepoint    ] Safepoint "Cleanup", Time since last: 1003935917 ns, Reaching safepoint: 3987667 ns, At safepoint: 95708 ns, Total: 4083375 ns
[2023-07-18T03:44:10.706+0000][1][safepoint    ] Safepoint "Cleanup", Time since last: 1001446084 ns, Reaching safepoint: 1107167 ns, At safepoint: 18250 ns, Total: 1125417 ns
[2023-07-18T03:44:11.709+0000][1][safepoint    ] Safepoint "Cleanup", Time since last: 1000509041 ns, Reaching safepoint: 2552958 ns, At safepoint: 76375 ns, Total: 2629333 ns
[2023-07-18T03:44:12.714+0000][1][safepoint    ] Safepoint "Cleanup", Time since last: 1001471042 ns, Reaching safepoint: 3209542 ns, At safepoint: 82958 ns, Total: 3292500 ns
[2023-07-18T03:44:13.716+0000][1][safepoint    ] Safepoint "Cleanup", Time since last: 1001539584 ns, Reaching safepoint: 650667 ns, At safepoint: 14500 ns, Total: 665167 ns
[2023-07-18T03:44:14.718+0000][1][safepoint    ] Safepoint "Cleanup", Time since last: 1000422334 ns, Reaching safepoint: 1531333 ns, At safepoint: 38750 ns, Total: 1570083 ns
[2023-07-18T03:44:15.723+0000][1][safepoint    ] Safepoint "Cleanup", Time since last: 1002449792 ns, Reaching safepoint: 2400542 ns, At safepoint: 65083 ns, Total: 2465625 ns
[2023-07-18T03:44:16.727+0000][1][safepoint    ] Safepoint "Cleanup", Time since last: 1000977417 ns, Reaching safepoint: 2765834 ns, At safepoint: 80041 ns, Total: 2845875 ns
[2023-07-18T03:44:17.731+0000][1][safepoint    ] Safepoint "Cleanup", Time since last: 1001388292 ns, Reaching safepoint: 2815584 ns, At safepoint: 126750 ns, Total: 2942334 ns
[2023-07-18T03:44:18.745+0000][1][safepoint    ] Safepoint "Cleanup", Time since last: 1011047500 ns, Reaching safepoint: 2995583 ns, At safepoint: 80750 ns, Total: 3076333 ns
[2023-07-18T03:44:19.749+0000][1][safepoint    ] Safepoint "Cleanup", Time since last: 1001454334 ns, Reaching safepoint: 1932792 ns, At safepoint: 123750 ns, Total: 2056542 ns
[2023-07-18T03:44:20.750+0000][1][safepoint    ] Safepoint "Cleanup", Time since last: 1000841792 ns, Reaching safepoint: 871125 ns, At safepoint: 18292 ns, Total: 889417 ns
[2023-07-18T03:44:21.755+0000][1][safepoint    ] Safepoint "Cleanup", Time since last: 1000642834 ns, Reaching safepoint: 3366958 ns, At safepoint: 79958 ns, Total: 3446916 ns
[2023-07-18T03:44:22.760+0000][1][safepoint    ] Safepoint "Cleanup", Time since last: 1001354209 ns, Reaching safepoint: 4046125 ns, At safepoint: 108417 ns, Total: 4154542 ns
[2023-07-18T03:44:23.766+0000][1][safepoint    ] Safepoint "Cleanup", Time since last: 1001696542 ns, Reaching safepoint: 3836375 ns, At safepoint: 122792 ns, Total: 3959167 ns
[2023-07-18T03:44:24.769+0000][1][safepoint    ] Safepoint "Cleanup", Time since last: 1002027958 ns, Reaching safepoint: 1689959 ns, At safepoint: 41625 ns, Total: 1731584 ns
[2023-07-18T03:44:25.775+0000][1][safepoint    ] Safepoint "Cleanup", Time since last: 1001975125 ns, Reaching safepoint: 3224833 ns, At safepoint: 100459 ns, Total: 3325292 ns
[2023-07-18T03:44:26.780+0000][1][safepoint    ] Safepoint "Cleanup", Time since last: 1001427709 ns, Reaching safepoint: 3849208 ns, At safepoint: 146583 ns, Total: 3995791 ns
[2023-07-18T03:44:27.786+0000][1][safepoint    ] Safepoint "Cleanup", Time since last: 1001717001 ns, Reaching safepoint: 3510000 ns, At safepoint: 121958 ns, Total: 3631958 ns
[2023-07-18T03:44:28.790+0000][1][safepoint    ] Safepoint "Cleanup", Time since last: 1001595667 ns, Reaching safepoint: 2851042 ns, At safepoint: 91292 ns, Total: 2942334 ns
[2023-07-18T03:44:29.794+0000][1][safepoint    ] Safepoint "Cleanup", Time since last: 1001513125 ns, Reaching safepoint: 2777542 ns, At safepoint: 93333 ns, Total: 2870875 ns
[2023-07-18T03:44:30.797+0000][1][safepoint    ] Safepoint "Cleanup", Time since last: 1001540876 ns, Reaching safepoint: 648541 ns, At safepoint: 18084 ns, Total: 666625 ns
[2023-07-18T03:44:31.803+0000][1][safepoint    ] Safepoint "Cleanup", Time since last: 1002127000 ns, Reaching safepoint: 3687125 ns, At safepoint: 104708 ns, Total: 3791833 ns
[2023-07-18T03:44:32.808+0000][1][safepoint    ] Safepoint "Cleanup", Time since last: 1002464918 ns, Reaching safepoint: 2807416 ns, At safepoint: 111917 ns, Total: 2919333 ns
[2023-07-18T03:44:33.814+0000][1][safepoint    ] Safepoint "Cleanup", Time since last: 1001208834 ns, Reaching safepoint: 4620208 ns, At safepoint: 160417 ns, Total: 4780625 ns
[2023-07-18T03:44:34.484+0000][1][safepoint    ] Safepoint "RevokeBias", Time since last: 668761958 ns, Reaching safepoint: 805375 ns, At safepoint: 211417 ns, Total: 1016792 ns
[2023-07-18T03:44:34.502+0000][1][safepoint    ] Safepoint "RevokeBias", Time since last: 17001000 ns, Reaching safepoint: 925875 ns, At safepoint: 112708 ns, Total: 1038583 ns
[2023-07-18T03:44:34.505+0000][1][safepoint    ] Safepoint "RevokeBias", Time since last: 1989750 ns, Reaching safepoint: 868417 ns, At safepoint: 95458 ns, Total: 963875 ns
[2023-07-18T03:44:34.512+0000][1][safepoint    ] Safepoint "RevokeBias", Time since last: 4800625 ns, Reaching safepoint: 1946875 ns, At safepoint: 105584 ns, Total: 2052459 ns
[2023-07-18T03:44:35.515+0000][1][safepoint    ] Safepoint "Cleanup", Time since last: 1001424125 ns, Reaching safepoint: 1680208 ns, At safepoint: 38084 ns, Total: 1718292 ns
[2023-07-18T03:44:36.521+0000][1][safepoint    ] Safepoint "Cleanup", Time since last: 1001175542 ns, Reaching safepoint: 4566333 ns, At safepoint: 98959 ns, Total: 4665292 ns
[2023-07-18T03:44:37.526+0000][1][safepoint    ] Safepoint "Cleanup", Time since last: 1001441708 ns, Reaching safepoint: 4104917 ns, At safepoint: 113167 ns, Total: 4218084 ns
[2023-07-18T03:44:38.532+0000][1][safepoint    ] Safepoint "Cleanup", Time since last: 1001571292 ns, Reaching safepoint: 3697250 ns, At safepoint: 108083 ns, Total: 3805333 ns
[2023-07-18T03:44:39.537+0000][1][safepoint    ] Safepoint "Cleanup", Time since last: 1001575542 ns, Reaching safepoint: 3641500 ns, At safepoint: 138375 ns, Total: 3779875 ns
[2023-07-18T03:44:40.543+0000][1][safepoint    ] Safepoint "Cleanup", Time since last: 1002278376 ns, Reaching safepoint: 4009958 ns, At safepoint: 120000 ns, Total: 4129958 ns
[2023-07-18T03:44:41.548+0000][1][safepoint    ] Safepoint "Cleanup", Time since last: 1001943083 ns, Reaching safepoint: 2988500 ns, At safepoint: 79625 ns, Total: 3068125 ns
[2023-07-18T03:44:42.554+0000][1][safepoint    ] Safepoint "Cleanup", Time since last: 1001761251 ns, Reaching safepoint: 3535000 ns, At safepoint: 98583 ns, Total: 3633583 ns
[2023-07-18T03:44:43.560+0000][1][safepoint    ] Safepoint "Cleanup", Time since last: 1002539126 ns, Reaching safepoint: 3316041 ns, At safepoint: 132084 ns, Total: 3448125 ns
[2023-07-18T03:44:44.567+0000][1][safepoint    ] Safepoint "Cleanup", Time since last: 1002855042 ns, Reaching safepoint: 4344958 ns, At safepoint: 120292 ns, Total: 4465250 ns
[2023-07-18T03:44:45.574+0000][1][safepoint    ] Safepoint "Cleanup", Time since last: 1003189209 ns, Reaching safepoint: 3408250 ns, At safepoint: 123833 ns, Total: 3532083 ns
[2023-07-18T03:44:46.579+0000][1][safepoint    ] Safepoint "Cleanup", Time since last: 1002312875 ns, Reaching safepoint: 3352167 ns, At safepoint: 120375 ns, Total: 3472542 ns
[2023-07-18T03:44:47.585+0000][1][safepoint    ] Safepoint "Cleanup", Time since last: 1001988709 ns, Reaching safepoint: 3723125 ns, At safepoint: 90875 ns, Total: 3814000 ns
[2023-07-18T03:44:48.591+0000][1][safepoint    ] Safepoint "Cleanup", Time since last: 1002043959 ns, Reaching safepoint: 3756833 ns, At safepoint: 128875 ns, Total: 3885708 ns
[2023-07-18T03:44:49.597+0000][1][safepoint    ] Safepoint "Cleanup", Time since last: 1001678251 ns, Reaching safepoint: 4037208 ns, At safepoint: 110208 ns, Total: 4147416 ns
[2023-07-18T03:44:50.602+0000][1][safepoint    ] Safepoint "Cleanup", Time since last: 1001631876 ns, Reaching safepoint: 3715750 ns, At safepoint: 113291 ns, Total: 3829041 ns
[2023-07-18T03:44:51.722+0000][1][safepoint    ] Safepoint "Cleanup", Time since last: 1118105709 ns, Reaching safepoint: 1448209 ns, At safepoint: 29750 ns, Total: 1477959 ns
[2023-07-18T03:44:52.725+0000][1][safepoint    ] Safepoint "Cleanup", Time since last: 1000755250 ns, Reaching safepoint: 2111542 ns, At safepoint: 46625 ns, Total: 2158167 ns
[2023-07-18T03:44:53.729+0000][1][safepoint    ] Safepoint "Cleanup", Time since last: 1000985334 ns, Reaching safepoint: 3391333 ns, At safepoint: 106417 ns, Total: 3497750 ns
[2023-07-18T03:44:54.734+0000][1][safepoint    ] Safepoint "Cleanup", Time since last: 1003188667 ns, Reaching safepoint: 1070291 ns, At safepoint: 26125 ns, Total: 1096416 ns
[2023-07-18T03:44:55.737+0000][1][safepoint    ] Safepoint "Cleanup", Time since last: 1001199126 ns, Reaching safepoint: 2004666 ns, At safepoint: 48084 ns, Total: 2052750 ns
[2023-07-18T03:44:56.741+0000][1][safepoint    ] Safepoint "Cleanup", Time since last: 1003654209 ns, Reaching safepoint: 644625 ns, At safepoint: 24500 ns, Total: 669125 ns
[2023-07-18T03:44:57.747+0000][1][safepoint    ] Safepoint "Cleanup", Time since last: 1002545500 ns, Reaching safepoint: 3339458 ns, At safepoint: 87250 ns, Total: 3426708 ns
[2023-07-18T03:44:58.754+0000][1][safepoint    ] Safepoint "Cleanup", Time since last: 1001542501 ns, Reaching safepoint: 5404042 ns, At safepoint: 130791 ns, Total: 5534833 ns
[2023-07-18T03:44:59.760+0000][1][safepoint    ] Safepoint "Cleanup", Time since last: 1002247126 ns, Reaching safepoint: 3764916 ns, At safepoint: 98500 ns, Total: 3863416 ns
[2023-07-18T03:45:00.763+0000][1][safepoint    ] Safepoint "Cleanup", Time since last: 1001627876 ns, Reaching safepoint: 650958 ns, At safepoint: 14584 ns, Total: 665542 ns
[2023-07-18T03:45:01.767+0000][1][safepoint    ] Safepoint "Cleanup", Time since last: 1000573000 ns, Reaching safepoint: 3817458 ns, At safepoint: 125542 ns, Total: 3943000 ns
[2023-07-18T03:45:02.771+0000][1][safepoint    ] Safepoint "Cleanup", Time since last: 1001534000 ns, Reaching safepoint: 2403209 ns, At safepoint: 81958 ns, Total: 2485167 ns
[2023-07-18T03:45:03.777+0000][1][safepoint    ] Safepoint "Cleanup", Time since last: 1001948334 ns, Reaching safepoint: 3311500 ns, At safepoint: 105000 ns, Total: 3416500 ns
[2023-07-18T03:45:04.783+0000][1][safepoint    ] Safepoint "Cleanup", Time since last: 1001977667 ns, Reaching safepoint: 4035208 ns, At safepoint: 142709 ns, Total: 4177917 ns
[2023-07-18T03:45:05.789+0000][1][safepoint    ] Safepoint "Cleanup", Time since last: 1002339334 ns, Reaching safepoint: 4165125 ns, At safepoint: 123166 ns, Total: 4288291 ns
[2023-07-18T03:45:06.796+0000][1][safepoint    ] Safepoint "Cleanup", Time since last: 1003007042 ns, Reaching safepoint: 3536792 ns, At safepoint: 119000 ns, Total: 3655792 ns
[2023-07-18T03:45:07.801+0000][1][safepoint    ] Safepoint "Cleanup", Time since last: 1002477292 ns, Reaching safepoint: 2383542 ns, At safepoint: 142417 ns, Total: 2525959 ns
[2023-07-18T03:45:08.807+0000][1][safepoint    ] Safepoint "Cleanup", Time since last: 1001927500 ns, Reaching safepoint: 3496917 ns, At safepoint: 153791 ns, Total: 3650708 ns
[2023-07-18T03:45:09.813+0000][1][safepoint    ] Safepoint "Cleanup", Time since last: 1001862293 ns, Reaching safepoint: 4191916 ns, At safepoint: 227500 ns, Total: 4419416 ns
[2023-07-18T03:45:10.815+0000][1][safepoint    ] Safepoint "Cleanup", Time since last: 1001396167 ns, Reaching safepoint: 714209 ns, At safepoint: 17125 ns, Total: 731334 ns
[2023-07-18T03:45:11.819+0000][1][safepoint    ] Safepoint "Cleanup", Time since last: 1000683124 ns, Reaching safepoint: 3528000 ns, At safepoint: 97125 ns, Total: 3625125 ns
[2023-07-18T03:45:12.823+0000][1][safepoint    ] Safepoint "Cleanup", Time since last: 1002009334 ns, Reaching safepoint: 2263250 ns, At safepoint: 134000 ns, Total: 2397250 ns
[2023-07-18T03:45:13.828+0000][1][safepoint    ] Safepoint "Cleanup", Time since last: 1001311042 ns, Reaching safepoint: 3677584 ns, At safepoint: 107833 ns, Total: 3785417 ns
[2023-07-18T03:45:14.834+0000][1][safepoint    ] Safepoint "Cleanup", Time since last: 1001731876 ns, Reaching safepoint: 3965041 ns, At safepoint: 138375 ns, Total: 4103416 ns
[2023-07-18T03:45:15.841+0000][1][safepoint    ] Safepoint "Cleanup", Time since last: 1002874876 ns, Reaching safepoint: 3383208 ns, At safepoint: 117333 ns, Total: 3500541 ns
[2023-07-18T03:45:16.847+0000][1][safepoint    ] Safepoint "Cleanup", Time since last: 1002240501 ns, Reaching safepoint: 4035542 ns, At safepoint: 134208 ns, Total: 4169750 ns
[2023-07-18T03:45:17.850+0000][1][safepoint    ] Safepoint "Cleanup", Time since last: 1001517459 ns, Reaching safepoint: 1556875 ns, At safepoint: 45541 ns, Total: 1602416 ns
[2023-07-18T03:45:18.855+0000][1][safepoint    ] Safepoint "Cleanup", Time since last: 1000712668 ns, Reaching safepoint: 3562083 ns, At safepoint: 121042 ns, Total: 3683125 ns
[2023-07-18T03:45:19.861+0000][1][safepoint    ] Safepoint "Cleanup", Time since last: 1002537833 ns, Reaching safepoint: 3938542 ns, At safepoint: 104542 ns, Total: 4043084 ns
[2023-07-18T03:45:20.865+0000][1][safepoint    ] Safepoint "Cleanup", Time since last: 1003009083 ns, Reaching safepoint: 1092459 ns, At safepoint: 22958 ns, Total: 1115417 ns
[2023-07-18T03:45:21.871+0000][1][safepoint    ] Safepoint "Cleanup", Time since last: 1002312251 ns, Reaching safepoint: 3539291 ns, At safepoint: 128000 ns, Total: 3667291 ns
[2023-07-18T03:45:22.877+0000][1][safepoint    ] Safepoint "Cleanup", Time since last: 1001763917 ns, Reaching safepoint: 4040417 ns, At safepoint: 94583 ns, Total: 4135000 ns
[2023-07-18T03:45:23.884+0000][1][safepoint    ] Safepoint "Cleanup", Time since last: 1003162959 ns, Reaching safepoint: 3973917 ns, At safepoint: 89917 ns, Total: 4063834 ns
[2023-07-18T03:45:24.888+0000][1][safepoint    ] Safepoint "Cleanup", Time since last: 1002069375 ns, Reaching safepoint: 1183833 ns, At safepoint: 19709 ns, Total: 1203542 ns
[2023-07-18T03:45:25.891+0000][1][safepoint    ] Safepoint "Cleanup", Time since last: 1000689250 ns, Reaching safepoint: 2603750 ns, At safepoint: 97875 ns, Total: 2701625 ns
[2023-07-18T03:45:26.897+0000][1][safepoint    ] Safepoint "Cleanup", Time since last: 1001868834 ns, Reaching safepoint: 3649583 ns, At safepoint: 108209 ns, Total: 3757792 ns
[2023-07-18T03:45:27.902+0000][1][safepoint    ] Safepoint "Cleanup", Time since last: 1002665333 ns, Reaching safepoint: 2823042 ns, At safepoint: 140459 ns, Total: 2963501 ns
[2023-07-18T03:45:28.908+0000][1][safepoint    ] Safepoint "Cleanup", Time since last: 1001229917 ns, Reaching safepoint: 3830583 ns, At safepoint: 111000 ns, Total: 3941583 ns
[2023-07-18T03:45:29.914+0000][1][safepoint    ] Safepoint "Cleanup", Time since last: 1003025375 ns, Reaching safepoint: 3809834 ns, At safepoint: 91666 ns, Total: 3901500 ns
[2023-07-18T03:45:30.690+0000][1][gc,start     ] GC(49) Pause Young (Allocation Failure)
[2023-07-18T03:45:30.690+0000][1][gc,task      ] GC(49) Using 4 workers of 4 for evacuation
[2023-07-18T03:45:30.700+0000][1][gc,age       ] GC(49) Desired survivor size 8945664 bytes, new threshold 6 (max threshold 6)
[2023-07-18T03:45:30.701+0000][1][gc,age       ] GC(49) Age table with threshold 6 (max threshold 6)
[2023-07-18T03:45:30.701+0000][1][gc,age       ] GC(49) - age   1:     213720 bytes,     213720 total
[2023-07-18T03:45:30.701+0000][1][gc,age       ] GC(49) - age   2:      62368 bytes,     276088 total
[2023-07-18T03:45:30.701+0000][1][gc,age       ] GC(49) - age   3:      43624 bytes,     319712 total
[2023-07-18T03:45:30.701+0000][1][gc,age       ] GC(49) - age   4:      95576 bytes,     415288 total
[2023-07-18T03:45:30.701+0000][1][gc,age       ] GC(49) - age   5:      50096 bytes,     465384 total
[2023-07-18T03:45:30.701+0000][1][gc,age       ] GC(49) - age   6:     189840 bytes,     655224 total
[2023-07-18T03:45:30.702+0000][1][gc,heap      ] GC(49) ParNew: 141027K->970K(157248K)
[2023-07-18T03:45:30.702+0000][1][gc,heap      ] GC(49) CMS: 71405K->71624K(349568K)
[2023-07-18T03:45:30.702+0000][1][gc,metaspace ] GC(49) Metaspace: 92629K->92629K(1134592K)
[2023-07-18T03:45:30.702+0000][1][gc           ] GC(49) Pause Young (Allocation Failure) 207M->70M(494M) 12.189ms
[2023-07-18T03:45:30.702+0000][1][gc,cpu       ] GC(49) User=0.02s Sys=0.00s Real=0.02s
[2023-07-18T03:45:30.702+0000][1][safepoint    ] Safepoint "GenCollectForAllocation", Time since last: 774034792 ns, Reaching safepoint: 1446667 ns, At safepoint: 12595125 ns, Total: 14041792 ns
[2023-07-18T03:45:31.704+0000][1][safepoint    ] Safepoint "Cleanup", Time since last: 1000664917 ns, Reaching safepoint: 824000 ns, At safepoint: 16750 ns, Total: 840750 ns
[2023-07-18T03:45:32.706+0000][1][safepoint    ] Safepoint "Cleanup", Time since last: 1000486792 ns, Reaching safepoint: 1573375 ns, At safepoint: 37667 ns, Total: 1611042 ns
[2023-07-18T03:45:33.711+0000][1][safepoint    ] Safepoint "Cleanup", Time since last: 1000961334 ns, Reaching safepoint: 3409292 ns, At safepoint: 103083 ns, Total: 3512375 ns
[2023-07-18T03:45:34.716+0000][1][safepoint    ] Safepoint "Cleanup", Time since last: 1001530500 ns, Reaching safepoint: 3436250 ns, At safepoint: 81625 ns, Total: 3517875 ns
[2023-07-18T03:45:35.486+0000][1][safepoint    ] Safepoint "RevokeBias", Time since last: 769071792 ns, Reaching safepoint: 998625 ns, At safepoint: 140459 ns, Total: 1139084 ns
[2023-07-18T03:45:35.491+0000][1][safepoint    ] Safepoint "RevokeBias", Time since last: 4899708 ns, Reaching safepoint: 618167 ns, At safepoint: 81166 ns, Total: 699333 ns
[2023-07-18T03:45:35.523+0000][1][safepoint    ] Safepoint "RevokeBias", Time since last: 31425709 ns, Reaching safepoint: 519333 ns, At safepoint: 69667 ns, Total: 589000 ns
[2023-07-18T03:45:35.530+0000][1][safepoint    ] Safepoint "RevokeBias", Time since last: 5330000 ns, Reaching safepoint: 1413875 ns, At safepoint: 112041 ns, Total: 1525916 ns
[2023-07-18T03:45:35.624+0000][1][safepoint    ] Safepoint "BulkRevokeBias", Time since last: 76817876 ns, Reaching safepoint: 9910333 ns, At safepoint: 4073875 ns, Total: 13984208 ns
[2023-07-18T03:45:36.654+0000][1][safepoint    ] Safepoint "Cleanup", Time since last: 1031100584 ns, Reaching safepoint: 1654666 ns, At safepoint: 60375 ns, Total: 1715041 ns
[2023-07-18T03:45:37.661+0000][1][safepoint    ] Safepoint "Cleanup", Time since last: 1002000542 ns, Reaching safepoint: 5238500 ns, At safepoint: 175542 ns, Total: 5414042 ns
[2023-07-18T03:45:38.666+0000][1][safepoint    ] Safepoint "Cleanup", Time since last: 1001761376 ns, Reaching safepoint: 2438333 ns, At safepoint: 74417 ns, Total: 2512750 ns
[2023-07-18T03:45:39.670+0000][1][safepoint    ] Safepoint "Cleanup", Time since last: 1001066958 ns, Reaching safepoint: 3124250 ns, At safepoint: 95959 ns, Total: 3220209 ns
[2023-07-18T03:45:40.673+0000][1][safepoint    ] Safepoint "Cleanup", Time since last: 1002193500 ns, Reaching safepoint: 1136625 ns, At safepoint: 44500 ns, Total: 1181125 ns
[2023-07-18T03:45:41.675+0000][1][safepoint    ] Safepoint "Cleanup", Time since last: 1000825458 ns, Reaching safepoint: 828959 ns, At safepoint: 17541 ns, Total: 846500 ns
[2023-07-18T03:45:42.677+0000][1][safepoint    ] Safepoint "Cleanup", Time since last: 1000465751 ns, Reaching safepoint: 1592625 ns, At safepoint: 39708 ns, Total: 1632333 ns
[2023-07-18T03:45:43.681+0000][1][safepoint    ] Safepoint "Cleanup", Time since last: 1000856251 ns, Reaching safepoint: 2952333 ns, At safepoint: 77500 ns, Total: 3029833 ns
[2023-07-18T03:45:44.687+0000][1][safepoint    ] Safepoint "Cleanup", Time since last: 1002910292 ns, Reaching safepoint: 3634209 ns, At safepoint: 100208 ns, Total: 3734417 ns
[2023-07-18T03:45:45.693+0000][1][safepoint    ] Safepoint "Cleanup", Time since last: 1001863667 ns, Reaching safepoint: 3740500 ns, At safepoint: 137875 ns, Total: 3878375 ns
[2023-07-18T03:45:46.699+0000][1][safepoint    ] Safepoint "Cleanup", Time since last: 1001841167 ns, Reaching safepoint: 4015333 ns, At safepoint: 130709 ns, Total: 4146042 ns
[2023-07-18T03:45:47.704+0000][1][safepoint    ] Safepoint "Cleanup", Time since last: 1001434292 ns, Reaching safepoint: 3648833 ns, At safepoint: 91834 ns, Total: 3740667 ns
[2023-07-18T03:45:48.710+0000][1][safepoint    ] Safepoint "Cleanup", Time since last: 1002125542 ns, Reaching safepoint: 3778875 ns, At safepoint: 100708 ns, Total: 3879583 ns
[2023-07-18T03:45:49.718+0000][1][safepoint    ] Safepoint "Cleanup", Time since last: 1003290459 ns, Reaching safepoint: 3922583 ns, At safepoint: 107375 ns, Total: 4029958 ns
[2023-07-18T03:45:50.716+0000][1][safepoint    ] Safepoint "RevokeBias", Time since last: 996498459 ns, Reaching safepoint: 1820750 ns, At safepoint: 531458 ns, Total: 2352208 ns
[2023-07-18T03:45:51.720+0000][1][safepoint    ] Safepoint "Cleanup", Time since last: 1001443834 ns, Reaching safepoint: 1857834 ns, At safepoint: 40583 ns, Total: 1898417 ns
[2023-07-18T03:45:52.727+0000][1][safepoint    ] Safepoint "Cleanup", Time since last: 1002470334 ns, Reaching safepoint: 4480125 ns, At safepoint: 110125 ns, Total: 4590250 ns
[2023-07-18T03:45:53.734+0000][1][safepoint    ] Safepoint "Cleanup", Time since last: 1002511834 ns, Reaching safepoint: 3973333 ns, At safepoint: 108375 ns, Total: 4081708 ns
[2023-07-18T03:45:54.741+0000][1][safepoint    ] Safepoint "Cleanup", Time since last: 1002930084 ns, Reaching safepoint: 4010708 ns, At safepoint: 113375 ns, Total: 4124083 ns
[2023-07-18T03:45:55.747+0000][1][safepoint    ] Safepoint "Cleanup", Time since last: 1001938917 ns, Reaching safepoint: 4098458 ns, At safepoint: 107542 ns, Total: 4206000 ns
[2023-07-18T03:45:56.750+0000][1][safepoint    ] Safepoint "Cleanup", Time since last: 1001616792 ns, Reaching safepoint: 1378042 ns, At safepoint: 43750 ns, Total: 1421792 ns
[2023-07-18T03:45:57.754+0000][1][safepoint    ] Safepoint "Cleanup", Time since last: 1000769875 ns, Reaching safepoint: 3703125 ns, At safepoint: 111542 ns, Total: 3814667 ns
[2023-07-18T03:45:58.765+0000][1][safepoint    ] Safepoint "Cleanup", Time since last: 1007474084 ns, Reaching safepoint: 2770333 ns, At safepoint: 119625 ns, Total: 2889958 ns
[2023-07-18T03:45:59.769+0000][1][safepoint    ] Safepoint "Cleanup", Time since last: 1001231667 ns, Reaching safepoint: 2590584 ns, At safepoint: 70875 ns, Total: 2661459 ns
[2023-07-18T03:46:00.771+0000][1][safepoint    ] Safepoint "Cleanup", Time since last: 1000978750 ns, Reaching safepoint: 1390792 ns, At safepoint: 30583 ns, Total: 1421375 ns
[2023-07-18T03:46:01.772+0000][1][safepoint    ] Safepoint "Cleanup", Time since last: 1000335042 ns, Reaching safepoint: 640625 ns, At safepoint: 22250 ns, Total: 662875 ns
[2023-07-18T03:46:02.773+0000][1][safepoint    ] Safepoint "Cleanup", Time since last: 1000351292 ns, Reaching safepoint: 698584 ns, At safepoint: 25375 ns, Total: 723959 ns
[2023-07-18T03:46:03.775+0000][1][safepoint    ] Safepoint "Cleanup", Time since last: 1000647459 ns, Reaching safepoint: 646625 ns, At safepoint: 86958 ns, Total: 733583 ns
[2023-07-18T03:46:04.781+0000][1][safepoint    ] Safepoint "Cleanup", Time since last: 1002394750 ns, Reaching safepoint: 4181667 ns, At safepoint: 162958 ns, Total: 4344625 ns
[2023-07-18T03:46:05.788+0000][1][safepoint    ] Safepoint "Cleanup", Time since last: 1002887584 ns, Reaching safepoint: 3949167 ns, At safepoint: 123208 ns, Total: 4072375 ns
[2023-07-18T03:46:06.793+0000][1][safepoint    ] Safepoint "Cleanup", Time since last: 1001848751 ns, Reaching safepoint: 2892750 ns, At safepoint: 70833 ns, Total: 2963583 ns
[2023-07-18T03:46:07.797+0000][1][safepoint    ] Safepoint "Cleanup", Time since last: 1003346792 ns, Reaching safepoint: 689084 ns, At safepoint: 18375 ns, Total: 707459 ns
[2023-07-18T03:46:08.800+0000][1][safepoint    ] Safepoint "Cleanup", Time since last: 1000545500 ns, Reaching safepoint: 2170292 ns, At safepoint: 86208 ns, Total: 2256500 ns
[2023-07-18T03:46:09.804+0000][1][safepoint    ] Safepoint "Cleanup", Time since last: 1001003417 ns, Reaching safepoint: 3112750 ns, At safepoint: 75792 ns, Total: 3188542 ns
[2023-07-18T03:46:10.714+0000][1][safepoint    ] Safepoint "RevokeBias", Time since last: 908008500 ns, Reaching safepoint: 1822459 ns, At safepoint: 348166 ns, Total: 2170625 ns
[2023-07-18T03:46:11.717+0000][1][safepoint    ] Safepoint "Cleanup", Time since last: 1001240833 ns, Reaching safepoint: 1342000 ns, At safepoint: 27958 ns, Total: 1369958 ns
[2023-07-18T03:46:12.722+0000][1][safepoint    ] Safepoint "Cleanup", Time since last: 1000768251 ns, Reaching safepoint: 4013417 ns, At safepoint: 113708 ns, Total: 4127125 ns
[2023-07-18T03:46:13.730+0000][1][safepoint    ] Safepoint "Cleanup", Time since last: 1006287750 ns, Reaching safepoint: 2103959 ns, At safepoint: 74333 ns, Total: 2178292 ns
[2023-07-18T03:46:14.736+0000][1][safepoint    ] Safepoint "Cleanup", Time since last: 1001888209 ns, Reaching safepoint: 3938833 ns, At safepoint: 108000 ns, Total: 4046833 ns
[2023-07-18T03:46:15.743+0000][1][safepoint    ] Safepoint "Cleanup", Time since last: 1003250542 ns, Reaching safepoint: 3982084 ns, At safepoint: 179583 ns, Total: 4161667 ns
[2023-07-18T03:46:16.747+0000][1][safepoint    ] Safepoint "Cleanup", Time since last: 1002306667 ns, Reaching safepoint: 1049292 ns, At safepoint: 24750 ns, Total: 1074042 ns
[2023-07-18T03:46:17.752+0000][1][safepoint    ] Safepoint "Cleanup", Time since last: 1001521750 ns, Reaching safepoint: 3161084 ns, At safepoint: 86333 ns, Total: 3247417 ns
[2023-07-18T03:46:18.757+0000][1][safepoint    ] Safepoint "Cleanup", Time since last: 1001662042 ns, Reaching safepoint: 3517042 ns, At safepoint: 95583 ns, Total: 3612625 ns
[2023-07-18T03:46:19.760+0000][1][safepoint    ] Safepoint "Cleanup", Time since last: 1001772917 ns, Reaching safepoint: 1785209 ns, At safepoint: 40500 ns, Total: 1825709 ns
[2023-07-18T03:46:20.762+0000][1][safepoint    ] Safepoint "Cleanup", Time since last: 1000753667 ns, Reaching safepoint: 774541 ns, At safepoint: 24125 ns, Total: 798666 ns
[2023-07-18T03:46:21.764+0000][1][safepoint    ] Safepoint "Cleanup", Time since last: 1000516876 ns, Reaching safepoint: 1372583 ns, At safepoint: 30459 ns, Total: 1403042 ns
[2023-07-18T03:46:22.767+0000][1][safepoint    ] Safepoint "Cleanup", Time since last: 1000657250 ns, Reaching safepoint: 2643958 ns, At safepoint: 47459 ns, Total: 2691417 ns
[2023-07-18T03:46:23.772+0000][1][safepoint    ] Safepoint "Cleanup", Time since last: 1001288792 ns, Reaching safepoint: 3702375 ns, At safepoint: 97083 ns, Total: 3799458 ns
[2023-07-18T03:46:24.778+0000][1][safepoint    ] Safepoint "Cleanup", Time since last: 1001491876 ns, Reaching safepoint: 3688416 ns, At safepoint: 106167 ns, Total: 3794583 ns
[2023-07-18T03:46:26.236+0000][1][safepoint    ] Safepoint "Cleanup", Time since last: 1456656626 ns, Reaching safepoint: 1833333 ns, At safepoint: 43792 ns, Total: 1877125 ns
[2023-07-18T03:46:27.239+0000][1][safepoint    ] Safepoint "Cleanup", Time since last: 1001217792 ns, Reaching safepoint: 1597292 ns, At safepoint: 60625 ns, Total: 1657917 ns
[2023-07-18T03:46:28.244+0000][1][safepoint    ] Safepoint "Cleanup", Time since last: 1002073292 ns, Reaching safepoint: 3140958 ns, At safepoint: 90000 ns, Total: 3230958 ns
[2023-07-18T03:46:29.247+0000][1][safepoint    ] Safepoint "Cleanup", Time since last: 1002406375 ns, Reaching safepoint: 662709 ns, At safepoint: 17291 ns, Total: 680000 ns
[2023-07-18T03:46:30.252+0000][1][safepoint    ] Safepoint "Cleanup", Time since last: 1000502418 ns, Reaching safepoint: 3785875 ns, At safepoint: 107666 ns, Total: 3893541 ns
[2023-07-18T03:46:31.257+0000][1][safepoint    ] Safepoint "Cleanup", Time since last: 1001525459 ns, Reaching safepoint: 3080833 ns, At safepoint: 80167 ns, Total: 3161000 ns
[2023-07-18T03:46:32.262+0000][1][safepoint    ] Safepoint "Cleanup", Time since last: 1001250709 ns, Reaching safepoint: 4179125 ns, At safepoint: 136542 ns, Total: 4315667 ns
[2023-07-18T03:46:33.269+0000][1][safepoint    ] Safepoint "Cleanup", Time since last: 1002536250 ns, Reaching safepoint: 3964750 ns, At safepoint: 94917 ns, Total: 4059667 ns
[2023-07-18T03:46:34.274+0000][1][safepoint    ] Safepoint "Cleanup", Time since last: 1001796875 ns, Reaching safepoint: 3353459 ns, At safepoint: 116166 ns, Total: 3469625 ns
[2023-07-18T03:46:35.281+0000][1][safepoint    ] Safepoint "Cleanup", Time since last: 1003034751 ns, Reaching safepoint: 4290000 ns, At safepoint: 124458 ns, Total: 4414458 ns
[2023-07-18T03:46:36.290+0000][1][safepoint    ] Safepoint "Cleanup", Time since last: 1004744000 ns, Reaching safepoint: 3987417 ns, At safepoint: 112625 ns, Total: 4100042 ns
[2023-07-18T03:46:36.462+0000][1][safepoint    ] Safepoint "RevokeBias", Time since last: 171506459 ns, Reaching safepoint: 702708 ns, At safepoint: 98667 ns, Total: 801375 ns
[2023-07-18T03:46:36.465+0000][1][safepoint    ] Safepoint "RevokeBias", Time since last: 2060750 ns, Reaching safepoint: 673916 ns, At safepoint: 67542 ns, Total: 741458 ns
[2023-07-18T03:46:36.470+0000][1][safepoint    ] Safepoint "RevokeBias", Time since last: 3979500 ns, Reaching safepoint: 576458 ns, At safepoint: 68959 ns, Total: 645417 ns
[2023-07-18T03:46:36.510+0000][1][safepoint    ] Safepoint "RevokeBias", Time since last: 39488916 ns, Reaching safepoint: 844084 ns, At safepoint: 147291 ns, Total: 991375 ns
[2023-07-18T03:46:36.550+0000][1][safepoint    ] Safepoint "RevokeBias", Time since last: 38663125 ns, Reaching safepoint: 605584 ns, At safepoint: 73208 ns, Total: 678792 ns
[2023-07-18T03:46:37.554+0000][1][safepoint    ] Safepoint "Cleanup", Time since last: 1000593959 ns, Reaching safepoint: 3914000 ns, At safepoint: 101666 ns, Total: 4015666 ns
[2023-07-18T03:46:38.557+0000][1][safepoint    ] Safepoint "Cleanup", Time since last: 1001921334 ns, Reaching safepoint: 1183250 ns, At safepoint: 25959 ns, Total: 1209209 ns
[2023-07-18T03:46:39.560+0000][1][safepoint    ] Safepoint "Cleanup", Time since last: 1000668542 ns, Reaching safepoint: 1641458 ns, At safepoint: 40250 ns, Total: 1681708 ns
[2023-07-18T03:46:40.564+0000][1][safepoint    ] Safepoint "Cleanup", Time since last: 1001514084 ns, Reaching safepoint: 2943667 ns, At safepoint: 81916 ns, Total: 3025583 ns
[2023-07-18T03:46:41.570+0000][1][safepoint    ] Safepoint "Cleanup", Time since last: 1002298083 ns, Reaching safepoint: 3640000 ns, At safepoint: 94583 ns, Total: 3734583 ns
[2023-07-18T03:46:42.575+0000][1][safepoint    ] Safepoint "Cleanup", Time since last: 1002057834 ns, Reaching safepoint: 2769084 ns, At safepoint: 72041 ns, Total: 2841125 ns
[2023-07-18T03:46:43.579+0000][1][safepoint    ] Safepoint "Cleanup", Time since last: 1001206792 ns, Reaching safepoint: 2552209 ns, At safepoint: 82166 ns, Total: 2634375 ns
[2023-07-18T03:46:44.584+0000][1][safepoint    ] Safepoint "Cleanup", Time since last: 1001800792 ns, Reaching safepoint: 3197834 ns, At safepoint: 77750 ns, Total: 3275584 ns
[2023-07-18T03:46:45.590+0000][1][safepoint    ] Safepoint "Cleanup", Time since last: 1001677042 ns, Reaching safepoint: 4491917 ns, At safepoint: 123583 ns, Total: 4615500 ns
[2023-07-18T03:46:46.595+0000][1][safepoint    ] Safepoint "Cleanup", Time since last: 1001889875 ns, Reaching safepoint: 2658584 ns, At safepoint: 71291 ns, Total: 2729875 ns
[2023-07-18T03:46:47.601+0000][1][safepoint    ] Safepoint "Cleanup", Time since last: 1002112209 ns, Reaching safepoint: 3757084 ns, At safepoint: 163041 ns, Total: 3920125 ns
[2023-07-18T03:46:48.607+0000][1][safepoint    ] Safepoint "Cleanup", Time since last: 1002115876 ns, Reaching safepoint: 3910375 ns, At safepoint: 105125 ns, Total: 4015500 ns
[2023-07-18T03:46:49.610+0000][1][safepoint    ] Safepoint "Cleanup", Time since last: 1002508959 ns, Reaching safepoint: 775708 ns, At safepoint: 17375 ns, Total: 793083 ns
[2023-07-18T03:46:50.612+0000][1][safepoint    ] Safepoint "Cleanup", Time since last: 1000433792 ns, Reaching safepoint: 1245625 ns, At safepoint: 28458 ns, Total: 1274083 ns
[2023-07-18T03:46:51.616+0000][1][safepoint    ] Safepoint "Cleanup", Time since last: 1002647209 ns, Reaching safepoint: 1658709 ns, At safepoint: 39375 ns, Total: 1698084 ns
[2023-07-18T03:46:52.623+0000][1][safepoint    ] Safepoint "Cleanup", Time since last: 1002413750 ns, Reaching safepoint: 3868000 ns, At safepoint: 175875 ns, Total: 4043875 ns
[2023-07-18T03:46:53.628+0000][1][safepoint    ] Safepoint "Cleanup", Time since last: 1001672209 ns, Reaching safepoint: 3602500 ns, At safepoint: 80000 ns, Total: 3682500 ns
[2023-07-18T03:46:54.633+0000][1][safepoint    ] Safepoint "Cleanup", Time since last: 1001629875 ns, Reaching safepoint: 3647334 ns, At safepoint: 111083 ns, Total: 3758417 ns
[2023-07-18T03:46:55.637+0000][1][safepoint    ] Safepoint "Cleanup", Time since last: 1001841917 ns, Reaching safepoint: 1298250 ns, At safepoint: 19875 ns, Total: 1318125 ns
[2023-07-18T03:46:56.639+0000][1][safepoint    ] Safepoint "Cleanup", Time since last: 1002068626 ns, Reaching safepoint: 740875 ns, At safepoint: 26166 ns, Total: 767041 ns
[2023-07-18T03:46:57.647+0000][1][safepoint    ] Safepoint "Cleanup", Time since last: 1003296792 ns, Reaching safepoint: 3728875 ns, At safepoint: 170875 ns, Total: 3899750 ns
[2023-07-18T03:46:58.652+0000][1][safepoint    ] Safepoint "Cleanup", Time since last: 1001634168 ns, Reaching safepoint: 3905000 ns, At safepoint: 155625 ns, Total: 4060625 ns
[2023-07-18T03:46:59.658+0000][1][safepoint    ] Safepoint "Cleanup", Time since last: 1001689458 ns, Reaching safepoint: 4090834 ns, At safepoint: 134916 ns, Total: 4225750 ns
[2023-07-18T03:47:00.661+0000][1][safepoint    ] Safepoint "Cleanup", Time since last: 1001677501 ns, Reaching safepoint: 1444041 ns, At safepoint: 20667 ns, Total: 1464708 ns
[2023-07-18T03:47:01.663+0000][1][safepoint    ] Safepoint "Cleanup", Time since last: 1000664334 ns, Reaching safepoint: 883583 ns, At safepoint: 18875 ns, Total: 902458 ns
[2023-07-18T03:47:02.668+0000][1][safepoint    ] Safepoint "Cleanup", Time since last: 1001864501 ns, Reaching safepoint: 3300333 ns, At safepoint: 80625 ns, Total: 3380958 ns
[2023-07-18T03:47:03.674+0000][1][safepoint    ] Safepoint "Cleanup", Time since last: 1001700042 ns, Reaching safepoint: 3643250 ns, At safepoint: 136584 ns, Total: 3779834 ns
[2023-07-18T03:47:04.678+0000][1][safepoint    ] Safepoint "Cleanup", Time since last: 1001749750 ns, Reaching safepoint: 2501375 ns, At safepoint: 91792 ns, Total: 2593167 ns
[2023-07-18T03:47:05.684+0000][1][safepoint    ] Safepoint "Cleanup", Time since last: 1001636792 ns, Reaching safepoint: 4156917 ns, At safepoint: 103625 ns, Total: 4260542 ns
[2023-07-18T03:47:06.689+0000][1][safepoint    ] Safepoint "Cleanup", Time since last: 1001760625 ns, Reaching safepoint: 3597542 ns, At safepoint: 116708 ns, Total: 3714250 ns
[2023-07-18T03:47:07.695+0000][1][safepoint    ] Safepoint "Cleanup", Time since last: 1001959584 ns, Reaching safepoint: 3909708 ns, At safepoint: 169084 ns, Total: 4078792 ns
[2023-07-18T03:47:08.701+0000][1][safepoint    ] Safepoint "Cleanup", Time since last: 1001877458 ns, Reaching safepoint: 3675917 ns, At safepoint: 89125 ns, Total: 3765042 ns
[2023-07-18T03:47:09.706+0000][1][safepoint    ] Safepoint "Cleanup", Time since last: 1001742042 ns, Reaching safepoint: 3506167 ns, At safepoint: 111750 ns, Total: 3617917 ns
[2023-07-18T03:47:10.710+0000][1][safepoint    ] Safepoint "Cleanup", Time since last: 1002082834 ns, Reaching safepoint: 1586083 ns, At safepoint: 31000 ns, Total: 1617083 ns
[2023-07-18T03:47:11.712+0000][1][safepoint    ] Safepoint "Cleanup", Time since last: 1000700041 ns, Reaching safepoint: 1238667 ns, At safepoint: 28750 ns, Total: 1267417 ns
[2023-07-18T03:47:12.713+0000][1][safepoint    ] Safepoint "Cleanup", Time since last: 1000618876 ns, Reaching safepoint: 652375 ns, At safepoint: 20208 ns, Total: 672583 ns
[2023-07-18T03:47:13.719+0000][1][safepoint    ] Safepoint "Cleanup", Time since last: 1002851959 ns, Reaching safepoint: 2655416 ns, At safepoint: 69667 ns, Total: 2725083 ns
[2023-07-18T03:47:14.727+0000][1][safepoint    ] Safepoint "Cleanup", Time since last: 1003235209 ns, Reaching safepoint: 4647458 ns, At safepoint: 100542 ns, Total: 4748000 ns
[2023-07-18T03:47:15.734+0000][1][safepoint    ] Safepoint "Cleanup", Time since last: 1002784375 ns, Reaching safepoint: 3912042 ns, At safepoint: 92375 ns, Total: 4004417 ns
[2023-07-18T03:47:16.739+0000][1][safepoint    ] Safepoint "Cleanup", Time since last: 1001677917 ns, Reaching safepoint: 3758167 ns, At safepoint: 114042 ns, Total: 3872209 ns
[2023-07-18T03:47:17.746+0000][1][safepoint    ] Safepoint "Cleanup", Time since last: 1002771042 ns, Reaching safepoint: 3989541 ns, At safepoint: 140834 ns, Total: 4130375 ns
[2023-07-18T03:47:18.752+0000][1][safepoint    ] Safepoint "Cleanup", Time since last: 1002255125 ns, Reaching safepoint: 3276875 ns, At safepoint: 103833 ns, Total: 3380708 ns
[2023-07-18T03:47:19.757+0000][1][safepoint    ] Safepoint "Cleanup", Time since last: 1001681876 ns, Reaching safepoint: 3643958 ns, At safepoint: 107625 ns, Total: 3751583 ns
[2023-07-18T03:47:20.760+0000][1][safepoint    ] Safepoint "Cleanup", Time since last: 1001432167 ns, Reaching safepoint: 1590584 ns, At safepoint: 44708 ns, Total: 1635292 ns
[2023-07-18T03:47:21.763+0000][1][safepoint    ] Safepoint "Cleanup", Time since last: 1000990167 ns, Reaching safepoint: 1540584 ns, At safepoint: 42208 ns, Total: 1582792 ns
[2023-07-18T03:47:22.767+0000][1][safepoint    ] Safepoint "Cleanup", Time since last: 1001330292 ns, Reaching safepoint: 2689583 ns, At safepoint: 83417 ns, Total: 2773000 ns
[2023-07-18T03:47:23.773+0000][1][safepoint    ] Safepoint "Cleanup", Time since last: 1002131834 ns, Reaching safepoint: 4196333 ns, At safepoint: 122084 ns, Total: 4318417 ns
[2023-07-18T03:47:24.779+0000][1][safepoint    ] Safepoint "Cleanup", Time since last: 1001744083 ns, Reaching safepoint: 3735250 ns, At safepoint: 109667 ns, Total: 3844917 ns
[2023-07-18T03:47:25.784+0000][1][safepoint    ] Safepoint "Cleanup", Time since last: 1001431584 ns, Reaching safepoint: 3880166 ns, At safepoint: 101917 ns, Total: 3982083 ns
[2023-07-18T03:47:26.203+0000][1][safepoint    ] Safepoint "RevokeBias", Time since last: 417903250 ns, Reaching safepoint: 871167 ns, At safepoint: 74583 ns, Total: 945750 ns
[2023-07-18T03:47:26.204+0000][1][safepoint    ] Safepoint "RevokeBias", Time since last: 343709 ns, Reaching safepoint: 247375 ns, At safepoint: 41708 ns, Total: 289083 ns
[2023-07-18T03:47:26.227+0000][1][safepoint    ] Safepoint "RevokeBias", Time since last: 21848625 ns, Reaching safepoint: 1491875 ns, At safepoint: 77625 ns, Total: 1569500 ns
[2023-07-18T03:47:26.232+0000][1][safepoint    ] Safepoint "RevokeBias", Time since last: 3855458 ns, Reaching safepoint: 978875 ns, At safepoint: 95459 ns, Total: 1074334 ns
[2023-07-18T03:47:26.254+0000][1][safepoint    ] Safepoint "RevokeBias", Time since last: 20959916 ns, Reaching safepoint: 747084 ns, At safepoint: 70250 ns, Total: 817334 ns
[2023-07-18T03:47:27.256+0000][1][safepoint    ] Safepoint "Cleanup", Time since last: 1000408167 ns, Reaching safepoint: 1655500 ns, At safepoint: 33167 ns, Total: 1688667 ns
[2023-07-18T03:47:28.259+0000][1][safepoint    ] Safepoint "Cleanup", Time since last: 1000875292 ns, Reaching safepoint: 2013125 ns, At safepoint: 48833 ns, Total: 2061958 ns
[2023-07-18T03:47:29.264+0000][1][safepoint    ] Safepoint "Cleanup", Time since last: 1001156625 ns, Reaching safepoint: 3888417 ns, At safepoint: 109042 ns, Total: 3997459 ns
[2023-07-18T03:47:30.267+0000][1][safepoint    ] Safepoint "Cleanup", Time since last: 1001491084 ns, Reaching safepoint: 1793833 ns, At safepoint: 61542 ns, Total: 1855375 ns
[2023-07-18T03:47:30.475+0000][1][gc,start     ] GC(50) Pause Young (Allocation Failure)
[2023-07-18T03:47:30.477+0000][1][gc,task      ] GC(50) Using 4 workers of 4 for evacuation
[2023-07-18T03:47:30.506+0000][1][gc,age       ] GC(50) Desired survivor size 8945664 bytes, new threshold 6 (max threshold 6)
[2023-07-18T03:47:30.507+0000][1][gc,age       ] GC(50) Age table with threshold 6 (max threshold 6)
[2023-07-18T03:47:30.507+0000][1][gc,age       ] GC(50) - age   1:     165240 bytes,     165240 total
[2023-07-18T03:47:30.507+0000][1][gc,age       ] GC(50) - age   2:       1616 bytes,     166856 total
[2023-07-18T03:47:30.507+0000][1][gc,age       ] GC(50) - age   3:      36832 bytes,     203688 total
[2023-07-18T03:47:30.507+0000][1][gc,age       ] GC(50) - age   4:      25648 bytes,     229336 total
[2023-07-18T03:47:30.507+0000][1][gc,age       ] GC(50) - age   5:      44400 bytes,     273736 total
[2023-07-18T03:47:30.507+0000][1][gc,age       ] GC(50) - age   6:      33024 bytes,     306760 total
[2023-07-18T03:47:30.508+0000][1][gc,heap      ] GC(50) ParNew: 140746K->674K(157248K)
[2023-07-18T03:47:30.509+0000][1][gc,heap      ] GC(50) CMS: 71624K->71764K(349568K)
[2023-07-18T03:47:30.509+0000][1][gc,metaspace ] GC(50) Metaspace: 92766K->92766K(1134592K)
[2023-07-18T03:47:30.510+0000][1][gc           ] GC(50) Pause Young (Allocation Failure) 207M->70M(494M) 34.579ms
[2023-07-18T03:47:30.510+0000][1][gc,cpu       ] GC(50) User=0.06s Sys=0.02s Real=0.03s
[2023-07-18T03:47:30.510+0000][1][safepoint    ] Safepoint "GenCollectForAllocation", Time since last: 206014000 ns, Reaching safepoint: 1284166 ns, At safepoint: 35535584 ns, Total: 36819750 ns
[2023-07-18T03:47:31.515+0000][1][safepoint    ] Safepoint "Cleanup", Time since last: 1000436459 ns, Reaching safepoint: 4631458 ns, At safepoint: 137000 ns, Total: 4768458 ns
[2023-07-18T03:47:32.519+0000][1][safepoint    ] Safepoint "Cleanup", Time since last: 1002204959 ns, Reaching safepoint: 1478375 ns, At safepoint: 32125 ns, Total: 1510500 ns
[2023-07-18T03:47:33.524+0000][1][safepoint    ] Safepoint "Cleanup", Time since last: 1001108709 ns, Reaching safepoint: 3725625 ns, At safepoint: 121708 ns, Total: 3847333 ns
[2023-07-18T03:47:34.530+0000][1][safepoint    ] Safepoint "Cleanup", Time since last: 1001807625 ns, Reaching safepoint: 3910709 ns, At safepoint: 92625 ns, Total: 4003334 ns
[2023-07-18T03:47:35.535+0000][1][safepoint    ] Safepoint "Cleanup", Time since last: 1001671500 ns, Reaching safepoint: 3625583 ns, At safepoint: 99917 ns, Total: 3725500 ns
[2023-07-18T03:47:36.540+0000][1][safepoint    ] Safepoint "Cleanup", Time since last: 1001667042 ns, Reaching safepoint: 3277792 ns, At safepoint: 104250 ns, Total: 3382042 ns
[2023-07-18T03:47:37.456+0000][1][safepoint    ] Safepoint "RevokeBias", Time since last: 914500625 ns, Reaching safepoint: 1023459 ns, At safepoint: 217750 ns, Total: 1241209 ns
[2023-07-18T03:47:37.460+0000][1][safepoint    ] Safepoint "RevokeBias", Time since last: 2712166 ns, Reaching safepoint: 1166167 ns, At safepoint: 104125 ns, Total: 1270292 ns
[2023-07-18T03:47:37.481+0000][1][safepoint    ] Safepoint "RevokeBias", Time since last: 20108250 ns, Reaching safepoint: 778792 ns, At safepoint: 104541 ns, Total: 883333 ns
[2023-07-18T03:47:37.482+0000][1][safepoint    ] Safepoint "RevokeBias", Time since last: 427084 ns, Reaching safepoint: 608666 ns, At safepoint: 56375 ns, Total: 665041 ns
[2023-07-18T03:47:37.485+0000][1][safepoint    ] Safepoint "RevokeBias", Time since last: 2216792 ns, Reaching safepoint: 624375 ns, At safepoint: 64417 ns, Total: 688792 ns
[2023-07-18T03:47:38.490+0000][1][safepoint    ] Safepoint "Cleanup", Time since last: 1000657167 ns, Reaching safepoint: 3951917 ns, At safepoint: 108625 ns, Total: 4060542 ns
[2023-07-18T03:47:39.496+0000][1][safepoint    ] Safepoint "Cleanup", Time since last: 1001965208 ns, Reaching safepoint: 4216334 ns, At safepoint: 109208 ns, Total: 4325542 ns
[2023-07-18T03:47:40.502+0000][1][safepoint    ] Safepoint "Cleanup", Time since last: 1001760501 ns, Reaching safepoint: 4188208 ns, At safepoint: 93708 ns, Total: 4281916 ns
[2023-07-18T03:47:41.508+0000][1][safepoint    ] Safepoint "Cleanup", Time since last: 1001478834 ns, Reaching safepoint: 4663625 ns, At safepoint: 177666 ns, Total: 4841291 ns
[2023-07-18T03:47:42.512+0000][1][safepoint    ] Safepoint "Cleanup", Time since last: 1001540334 ns, Reaching safepoint: 2587917 ns, At safepoint: 66958 ns, Total: 2654875 ns
[2023-07-18T03:47:43.517+0000][1][safepoint    ] Safepoint "Cleanup", Time since last: 1001389834 ns, Reaching safepoint: 2743542 ns, At safepoint: 72833 ns, Total: 2816375 ns
[2023-07-18T03:47:44.522+0000][1][safepoint    ] Safepoint "Cleanup", Time since last: 1001585875 ns, Reaching safepoint: 3713417 ns, At safepoint: 122750 ns, Total: 3836167 ns
[2023-07-18T03:47:45.528+0000][1][safepoint    ] Safepoint "Cleanup", Time since last: 1001406417 ns, Reaching safepoint: 4273625 ns, At safepoint: 108375 ns, Total: 4382000 ns
[2023-07-18T03:47:46.534+0000][1][safepoint    ] Safepoint "Cleanup", Time since last: 1001922542 ns, Reaching safepoint: 3962542 ns, At safepoint: 113125 ns, Total: 4075667 ns
[2023-07-18T03:47:47.537+0000][1][safepoint    ] Safepoint "Cleanup", Time since last: 1002017626 ns, Reaching safepoint: 1238375 ns, At safepoint: 38958 ns, Total: 1277333 ns
[2023-07-18T03:47:48.542+0000][1][safepoint    ] Safepoint "Cleanup", Time since last: 1001423625 ns, Reaching safepoint: 3466000 ns, At safepoint: 120250 ns, Total: 3586250 ns
[2023-07-18T03:47:49.548+0000][1][safepoint    ] Safepoint "Cleanup", Time since last: 1001363959 ns, Reaching safepoint: 3887417 ns, At safepoint: 97125 ns, Total: 3984542 ns
[2023-07-18T03:47:50.552+0000][1][safepoint    ] Safepoint "Cleanup", Time since last: 1001449625 ns, Reaching safepoint: 2419500 ns, At safepoint: 113459 ns, Total: 2532959 ns
[2023-07-18T03:47:51.556+0000][1][safepoint    ] Safepoint "Cleanup", Time since last: 1001919542 ns, Reaching safepoint: 2520875 ns, At safepoint: 55250 ns, Total: 2576125 ns
[2023-07-18T03:47:52.558+0000][1][safepoint    ] Safepoint "Cleanup", Time since last: 1000831167 ns, Reaching safepoint: 1520625 ns, At safepoint: 36625 ns, Total: 1557250 ns
[2023-07-18T03:47:53.563+0000][1][safepoint    ] Safepoint "Cleanup", Time since last: 1001615167 ns, Reaching safepoint: 2927208 ns, At safepoint: 73084 ns, Total: 3000292 ns
[2023-07-18T03:47:54.567+0000][1][safepoint    ] Safepoint "Cleanup", Time since last: 1001270750 ns, Reaching safepoint: 2755042 ns, At safepoint: 80708 ns, Total: 2835750 ns
[2023-07-18T03:47:55.572+0000][1][safepoint    ] Safepoint "Cleanup", Time since last: 1001098167 ns, Reaching safepoint: 3617167 ns, At safepoint: 105875 ns, Total: 3723042 ns
[2023-07-18T03:47:56.575+0000][1][safepoint    ] Safepoint "Cleanup", Time since last: 1001563501 ns, Reaching safepoint: 1206416 ns, At safepoint: 29000 ns, Total: 1235416 ns
[2023-07-18T03:47:57.578+0000][1][safepoint    ] Safepoint "Cleanup", Time since last: 1001105126 ns, Reaching safepoint: 1860750 ns, At safepoint: 41375 ns, Total: 1902125 ns
[2023-07-18T03:47:58.582+0000][1][safepoint    ] Safepoint "Cleanup", Time since last: 1001518958 ns, Reaching safepoint: 2372584 ns, At safepoint: 71833 ns, Total: 2444417 ns
[2023-07-18T03:47:59.587+0000][1][safepoint    ] Safepoint "Cleanup", Time since last: 1001042667 ns, Reaching safepoint: 4123375 ns, At safepoint: 102792 ns, Total: 4226167 ns
[2023-07-18T03:48:00.590+0000][1][safepoint    ] Safepoint "Cleanup", Time since last: 1001406042 ns, Reaching safepoint: 1546875 ns, At safepoint: 22042 ns, Total: 1568917 ns
[2023-07-18T03:48:01.595+0000][1][safepoint    ] Safepoint "Cleanup", Time since last: 1000504375 ns, Reaching safepoint: 4642042 ns, At safepoint: 132042 ns, Total: 4774084 ns
[2023-07-18T03:48:02.599+0000][1][safepoint    ] Safepoint "Cleanup", Time since last: 1001962292 ns, Reaching safepoint: 1473250 ns, At safepoint: 37958 ns, Total: 1511208 ns
[2023-07-18T03:48:03.604+0000][1][safepoint    ] Safepoint "Cleanup", Time since last: 1001055251 ns, Reaching safepoint: 4195291 ns, At safepoint: 106834 ns, Total: 4302125 ns
[2023-07-18T03:48:04.609+0000][1][safepoint    ] Safepoint "Cleanup", Time since last: 1001879625 ns, Reaching safepoint: 2627250 ns, At safepoint: 70833 ns, Total: 2698083 ns
[2023-07-18T03:48:05.615+0000][1][safepoint    ] Safepoint "Cleanup", Time since last: 1002508793 ns, Reaching safepoint: 4001250 ns, At safepoint: 119500 ns, Total: 4120750 ns
[2023-07-18T03:48:06.621+0000][1][safepoint    ] Safepoint "Cleanup", Time since last: 1001741250 ns, Reaching safepoint: 4329375 ns, At safepoint: 94792 ns, Total: 4424167 ns
[2023-07-18T03:48:07.624+0000][1][safepoint    ] Safepoint "Cleanup", Time since last: 1001469375 ns, Reaching safepoint: 1230333 ns, At safepoint: 38875 ns, Total: 1269208 ns
[2023-07-18T03:48:08.629+0000][1][safepoint    ] Safepoint "Cleanup", Time since last: 1000756668 ns, Reaching safepoint: 3885791 ns, At safepoint: 95000 ns, Total: 3980791 ns
[2023-07-18T03:48:09.636+0000][1][safepoint    ] Safepoint "Cleanup", Time since last: 1002623667 ns, Reaching safepoint: 4383084 ns, At safepoint: 136541 ns, Total: 4519625 ns
[2023-07-18T03:48:10.642+0000][1][safepoint    ] Safepoint "Cleanup", Time since last: 1001574876 ns, Reaching safepoint: 3833000 ns, At safepoint: 96292 ns, Total: 3929292 ns
[2023-07-18T03:48:11.648+0000][1][safepoint    ] Safepoint "Cleanup", Time since last: 1001574707 ns, Reaching safepoint: 4428875 ns, At safepoint: 135709 ns, Total: 4564584 ns
[2023-07-18T03:48:12.650+0000][1][safepoint    ] Safepoint "Cleanup", Time since last: 1001772542 ns, Reaching safepoint: 905292 ns, At safepoint: 18750 ns, Total: 924042 ns
[2023-07-18T03:48:13.655+0000][1][safepoint    ] Safepoint "Cleanup", Time since last: 1000673917 ns, Reaching safepoint: 3776875 ns, At safepoint: 118291 ns, Total: 3895166 ns
[2023-07-18T03:48:14.661+0000][1][safepoint    ] Safepoint "Cleanup", Time since last: 1001698459 ns, Reaching safepoint: 4090459 ns, At safepoint: 101333 ns, Total: 4191792 ns
[2023-07-18T03:48:15.666+0000][1][safepoint    ] Safepoint "Cleanup", Time since last: 1001407959 ns, Reaching safepoint: 4061500 ns, At safepoint: 97500 ns, Total: 4159000 ns
[2023-07-18T03:48:16.671+0000][1][safepoint    ] Safepoint "Cleanup", Time since last: 1001646000 ns, Reaching safepoint: 2683917 ns, At safepoint: 89916 ns, Total: 2773833 ns
[2023-07-18T03:48:17.673+0000][1][safepoint    ] Safepoint "Cleanup", Time since last: 1001364168 ns, Reaching safepoint: 1136166 ns, At safepoint: 25459 ns, Total: 1161625 ns
[2023-07-18T03:48:18.675+0000][1][safepoint    ] Safepoint "Cleanup", Time since last: 1000714542 ns, Reaching safepoint: 1397583 ns, At safepoint: 32292 ns, Total: 1429875 ns
[2023-07-18T03:48:19.682+0000][1][safepoint    ] Safepoint "Cleanup", Time since last: 1002797375 ns, Reaching safepoint: 3824750 ns, At safepoint: 133292 ns, Total: 3958042 ns
[2023-07-18T03:48:20.686+0000][1][safepoint    ] Safepoint "Cleanup", Time since last: 1002640084 ns, Reaching safepoint: 1481125 ns, At safepoint: 36083 ns, Total: 1517208 ns
[2023-07-18T03:48:21.689+0000][1][safepoint    ] Safepoint "Cleanup", Time since last: 1001617334 ns, Reaching safepoint: 1437708 ns, At safepoint: 27542 ns, Total: 1465250 ns
[2023-07-18T03:48:22.693+0000][1][safepoint    ] Safepoint "Cleanup", Time since last: 1002336834 ns, Reaching safepoint: 1255375 ns, At safepoint: 27416 ns, Total: 1282791 ns
[2023-07-18T03:48:23.705+0000][1][safepoint    ] Safepoint "Cleanup", Time since last: 1001225167 ns, Reaching safepoint: 7076667 ns, At safepoint: 308667 ns, Total: 7385334 ns
[2023-07-18T03:48:24.725+0000][1][safepoint    ] Safepoint "Cleanup", Time since last: 1019184542 ns, Reaching safepoint: 4071542 ns, At safepoint: 97875 ns, Total: 4169417 ns
[2023-07-18T03:48:25.736+0000][1][safepoint    ] Safepoint "Cleanup", Time since last: 1006576125 ns, Reaching safepoint: 4108208 ns, At safepoint: 93500 ns, Total: 4201708 ns
[2023-07-18T03:48:26.738+0000][1][safepoint    ] Safepoint "Cleanup", Time since last: 1002074251 ns, Reaching safepoint: 567458 ns, At safepoint: 15334 ns, Total: 582792 ns
[2023-07-18T03:48:27.745+0000][1][safepoint    ] Safepoint "Cleanup", Time since last: 1005041583 ns, Reaching safepoint: 1411084 ns, At safepoint: 28750 ns, Total: 1439834 ns
[2023-07-18T03:48:28.750+0000][1][safepoint    ] Safepoint "Cleanup", Time since last: 1001636709 ns, Reaching safepoint: 3470083 ns, At safepoint: 198208 ns, Total: 3668291 ns
[2023-07-18T03:48:29.754+0000][1][safepoint    ] Safepoint "Cleanup", Time since last: 1003289834 ns, Reaching safepoint: 938250 ns, At safepoint: 22958 ns, Total: 961208 ns
[2023-07-18T03:48:30.757+0000][1][safepoint    ] Safepoint "Cleanup", Time since last: 1001142376 ns, Reaching safepoint: 1674458 ns, At safepoint: 24084 ns, Total: 1698542 ns
[2023-07-18T03:48:31.761+0000][1][safepoint    ] Safepoint "Cleanup", Time since last: 1000887375 ns, Reaching safepoint: 3189667 ns, At safepoint: 67458 ns, Total: 3257125 ns
[2023-07-18T03:48:32.764+0000][1][safepoint    ] Safepoint "Cleanup", Time since last: 1001110084 ns, Reaching safepoint: 1132750 ns, At safepoint: 25791 ns, Total: 1158541 ns
[2023-07-18T03:48:33.769+0000][1][safepoint    ] Safepoint "Cleanup", Time since last: 1000740501 ns, Reaching safepoint: 4224083 ns, At safepoint: 111250 ns, Total: 4335333 ns
[2023-07-18T03:48:34.774+0000][1][safepoint    ] Safepoint "Cleanup", Time since last: 1003097709 ns, Reaching safepoint: 2140875 ns, At safepoint: 112125 ns, Total: 2253000 ns
[2023-07-18T03:48:35.778+0000][1][safepoint    ] Safepoint "Cleanup", Time since last: 1000846667 ns, Reaching safepoint: 3306959 ns, At safepoint: 83958 ns, Total: 3390917 ns
[2023-07-18T03:48:36.783+0000][1][safepoint    ] Safepoint "Cleanup", Time since last: 1001843292 ns, Reaching safepoint: 2346167 ns, At safepoint: 52375 ns, Total: 2398542 ns
[2023-07-18T03:48:37.785+0000][1][safepoint    ] Safepoint "Cleanup", Time since last: 1001020959 ns, Reaching safepoint: 1380083 ns, At safepoint: 60167 ns, Total: 1440250 ns
[2023-07-18T03:48:38.509+0000][1][safepoint    ] Safepoint "RevokeBias", Time since last: 722771292 ns, Reaching safepoint: 843916 ns, At safepoint: 679500 ns, Total: 1523416 ns
[2023-07-18T03:48:38.512+0000][1][safepoint    ] Safepoint "RevokeBias", Time since last: 1781334 ns, Reaching safepoint: 634375 ns, At safepoint: 491166 ns, Total: 1125541 ns
[2023-07-18T03:48:38.543+0000][1][safepoint    ] Safepoint "RevokeBias", Time since last: 29485292 ns, Reaching safepoint: 827792 ns, At safepoint: 388333 ns, Total: 1216125 ns
[2023-07-18T03:48:38.544+0000][1][safepoint    ] Safepoint "RevokeBias", Time since last: 371792 ns, Reaching safepoint: 458166 ns, At safepoint: 67042 ns, Total: 525208 ns
[2023-07-18T03:48:38.546+0000][1][safepoint    ] Safepoint "RevokeBias", Time since last: 1854750 ns, Reaching safepoint: 711125 ns, At safepoint: 61083 ns, Total: 772208 ns
[2023-07-18T03:48:39.552+0000][1][safepoint    ] Safepoint "Cleanup", Time since last: 1000644042 ns, Reaching safepoint: 4903500 ns, At safepoint: 133084 ns, Total: 5036584 ns
[2023-07-18T03:48:40.558+0000][1][safepoint    ] Safepoint "Cleanup", Time since last: 1002332042 ns, Reaching safepoint: 2986125 ns, At safepoint: 82292 ns, Total: 3068417 ns
[2023-07-18T03:48:41.564+0000][1][safepoint    ] Safepoint "Cleanup", Time since last: 1001577708 ns, Reaching safepoint: 4929750 ns, At safepoint: 101000 ns, Total: 5030750 ns
[2023-07-18T03:48:42.572+0000][1][safepoint    ] Safepoint "Cleanup", Time since last: 1002589834 ns, Reaching safepoint: 4936125 ns, At safepoint: 128041 ns, Total: 5064166 ns
[2023-07-18T03:48:43.578+0000][1][safepoint    ] Safepoint "Cleanup", Time since last: 1002326501 ns, Reaching safepoint: 3857625 ns, At safepoint: 155458 ns, Total: 4013083 ns
[2023-07-18T03:48:44.585+0000][1][safepoint    ] Safepoint "Cleanup", Time since last: 1003058834 ns, Reaching safepoint: 4196583 ns, At safepoint: 101833 ns, Total: 4298416 ns
[2023-07-18T03:48:45.591+0000][1][safepoint    ] Safepoint "Cleanup", Time since last: 1001666751 ns, Reaching safepoint: 3606708 ns, At safepoint: 109834 ns, Total: 3716542 ns
[2023-07-18T03:48:46.596+0000][1][safepoint    ] Safepoint "Cleanup", Time since last: 1001569208 ns, Reaching safepoint: 3771250 ns, At safepoint: 100042 ns, Total: 3871292 ns
[2023-07-18T03:48:47.602+0000][1][safepoint    ] Safepoint "Cleanup", Time since last: 1002142292 ns, Reaching safepoint: 4023667 ns, At safepoint: 97625 ns, Total: 4121292 ns
[2023-07-18T03:48:48.607+0000][1][safepoint    ] Safepoint "Cleanup", Time since last: 1001978750 ns, Reaching safepoint: 3026167 ns, At safepoint: 75250 ns, Total: 3101417 ns
[2023-07-18T03:48:49.613+0000][1][safepoint    ] Safepoint "Cleanup", Time since last: 1001207501 ns, Reaching safepoint: 4078583 ns, At safepoint: 120458 ns, Total: 4199041 ns
[2023-07-18T03:48:50.619+0000][1][safepoint    ] Safepoint "Cleanup", Time since last: 1001623292 ns, Reaching safepoint: 4069959 ns, At safepoint: 95166 ns, Total: 4165125 ns
[2023-07-18T03:48:51.623+0000][1][safepoint    ] Safepoint "Cleanup", Time since last: 1001836126 ns, Reaching safepoint: 1988416 ns, At safepoint: 40709 ns, Total: 2029125 ns
[2023-07-18T03:48:52.629+0000][1][safepoint    ] Safepoint "Cleanup", Time since last: 1002577167 ns, Reaching safepoint: 3875333 ns, At safepoint: 97584 ns, Total: 3972917 ns
[2023-07-18T03:48:53.637+0000][1][safepoint    ] Safepoint "Cleanup", Time since last: 1003785667 ns, Reaching safepoint: 4000458 ns, At safepoint: 97667 ns, Total: 4098125 ns
[2023-07-18T03:48:54.642+0000][1][safepoint    ] Safepoint "Cleanup", Time since last: 1002699000 ns, Reaching safepoint: 2213375 ns, At safepoint: 79417 ns, Total: 2292792 ns
[2023-07-18T03:48:55.647+0000][1][safepoint    ] Safepoint "Cleanup", Time since last: 1001018792 ns, Reaching safepoint: 3779542 ns, At safepoint: 135458 ns, Total: 3915000 ns
[2023-07-18T03:48:56.653+0000][1][safepoint    ] Safepoint "Cleanup", Time since last: 1001783751 ns, Reaching safepoint: 4439083 ns, At safepoint: 130500 ns, Total: 4569583 ns
[2023-07-18T03:48:57.661+0000][1][safepoint    ] Safepoint "Cleanup", Time since last: 1003241459 ns, Reaching safepoint: 4172000 ns, At safepoint: 60333 ns, Total: 4232333 ns
[2023-07-18T03:48:58.667+0000][1][safepoint    ] Safepoint "Cleanup", Time since last: 1002195667 ns, Reaching safepoint: 3962834 ns, At safepoint: 121833 ns, Total: 4084667 ns
[2023-07-18T03:48:59.674+0000][1][safepoint    ] Safepoint "Cleanup", Time since last: 1003248000 ns, Reaching safepoint: 3718459 ns, At safepoint: 105416 ns, Total: 3823875 ns
[2023-07-18T03:49:00.677+0000][1][safepoint    ] Safepoint "Cleanup", Time since last: 1001311334 ns, Reaching safepoint: 1762833 ns, At safepoint: 21500 ns, Total: 1784333 ns
[2023-07-18T03:49:01.682+0000][1][safepoint    ] Safepoint "Cleanup", Time since last: 1000476376 ns, Reaching safepoint: 3939708 ns, At safepoint: 103500 ns, Total: 4043208 ns
[2023-07-18T03:49:02.687+0000][1][safepoint    ] Safepoint "Cleanup", Time since last: 1002948542 ns, Reaching safepoint: 2575375 ns, At safepoint: 90167 ns, Total: 2665542 ns
[2023-07-18T03:49:03.693+0000][1][safepoint    ] Safepoint "Cleanup", Time since last: 1002441792 ns, Reaching safepoint: 3380292 ns, At safepoint: 102708 ns, Total: 3483000 ns
[2023-07-18T03:49:04.699+0000][1][safepoint    ] Safepoint "Cleanup", Time since last: 1001735001 ns, Reaching safepoint: 3817875 ns, At safepoint: 125083 ns, Total: 3942958 ns
[2023-07-18T03:49:05.704+0000][1][safepoint    ] Safepoint "Cleanup", Time since last: 1001652959 ns, Reaching safepoint: 3685458 ns, At safepoint: 113459 ns, Total: 3798917 ns
[2023-07-18T03:49:06.709+0000][1][safepoint    ] Safepoint "Cleanup", Time since last: 1001804583 ns, Reaching safepoint: 2711084 ns, At safepoint: 68791 ns, Total: 2779875 ns
[2023-07-18T03:49:07.715+0000][1][safepoint    ] Safepoint "Cleanup", Time since last: 1000985584 ns, Reaching safepoint: 4567959 ns, At safepoint: 118041 ns, Total: 4686000 ns
[2023-07-18T03:49:08.721+0000][1][safepoint    ] Safepoint "Cleanup", Time since last: 1002439501 ns, Reaching safepoint: 4073416 ns, At safepoint: 104542 ns, Total: 4177958 ns
[2023-07-18T03:49:09.726+0000][1][safepoint    ] Safepoint "Cleanup", Time since last: 1002169875 ns, Reaching safepoint: 2717375 ns, At safepoint: 95875 ns, Total: 2813250 ns
[2023-07-18T03:49:10.729+0000][1][safepoint    ] Safepoint "Cleanup", Time since last: 1001525959 ns, Reaching safepoint: 1241709 ns, At safepoint: 26791 ns, Total: 1268500 ns
[2023-07-18T03:49:11.734+0000][1][safepoint    ] Safepoint "Cleanup", Time since last: 1000919084 ns, Reaching safepoint: 3797833 ns, At safepoint: 113708 ns, Total: 3911541 ns
[2023-07-18T03:49:12.740+0000][1][safepoint    ] Safepoint "Cleanup", Time since last: 1002177626 ns, Reaching safepoint: 3338500 ns, At safepoint: 104625 ns, Total: 3443125 ns
[2023-07-18T03:49:13.747+0000][1][safepoint    ] Safepoint "Cleanup", Time since last: 1003337792 ns, Reaching safepoint: 3611458 ns, At safepoint: 142667 ns, Total: 3754125 ns
[2023-07-18T03:49:14.752+0000][1][safepoint    ] Safepoint "Cleanup", Time since last: 1001689042 ns, Reaching safepoint: 3454917 ns, At safepoint: 61792 ns, Total: 3516709 ns
[2023-07-18T03:49:15.757+0000][1][safepoint    ] Safepoint "Cleanup", Time since last: 1000914083 ns, Reaching safepoint: 3540334 ns, At safepoint: 103083 ns, Total: 3643417 ns
[2023-07-18T03:49:16.759+0000][1][safepoint    ] Safepoint "Cleanup", Time since last: 1001164584 ns, Reaching safepoint: 1674750 ns, At safepoint: 45792 ns, Total: 1720542 ns
[2023-07-18T03:49:17.764+0000][1][safepoint    ] Safepoint "Cleanup", Time since last: 1000932500 ns, Reaching safepoint: 3303750 ns, At safepoint: 98125 ns, Total: 3401875 ns
[2023-07-18T03:49:18.771+0000][1][safepoint    ] Safepoint "Cleanup", Time since last: 1002733917 ns, Reaching safepoint: 3927458 ns, At safepoint: 99959 ns, Total: 4027417 ns
[2023-07-18T03:49:19.779+0000][1][safepoint    ] Safepoint "Cleanup", Time since last: 1004281167 ns, Reaching safepoint: 4421792 ns, At safepoint: 146166 ns, Total: 4567958 ns
[2023-07-18T03:49:20.751+0000][1][safepoint    ] Safepoint "RevokeBias", Time since last: 969357001 ns, Reaching safepoint: 1831958 ns, At safepoint: 135125 ns, Total: 1967083 ns
[2023-07-18T03:49:21.726+0000][1][gc,start     ] GC(51) Pause Young (Allocation Failure)
[2023-07-18T03:49:21.733+0000][1][gc,task      ] GC(51) Using 4 workers of 4 for evacuation
[2023-07-18T03:49:21.781+0000][1][gc,age       ] GC(51) Desired survivor size 8945664 bytes, new threshold 6 (max threshold 6)
[2023-07-18T03:49:21.781+0000][1][gc,age       ] GC(51) Age table with threshold 6 (max threshold 6)
[2023-07-18T03:49:21.782+0000][1][gc,age       ] GC(51) - age   1:     110736 bytes,     110736 total
[2023-07-18T03:49:21.782+0000][1][gc,age       ] GC(51) - age   2:      55960 bytes,     166696 total
[2023-07-18T03:49:21.782+0000][1][gc,age       ] GC(51) - age   3:       1560 bytes,     168256 total
[2023-07-18T03:49:21.782+0000][1][gc,age       ] GC(51) - age   4:      36560 bytes,     204816 total
[2023-07-18T03:49:21.782+0000][1][gc,age       ] GC(51) - age   5:      25648 bytes,     230464 total
[2023-07-18T03:49:21.782+0000][1][gc,age       ] GC(51) - age   6:      44400 bytes,     274864 total
[2023-07-18T03:49:21.784+0000][1][gc,heap      ] GC(51) ParNew: 140450K->421K(157248K)
[2023-07-18T03:49:21.784+0000][1][gc,heap      ] GC(51) CMS: 71764K->71796K(349568K)
[2023-07-18T03:49:21.784+0000][1][gc,metaspace ] GC(51) Metaspace: 92849K->92849K(1134592K)
[2023-07-18T03:49:21.785+0000][1][gc           ] GC(51) Pause Young (Allocation Failure) 207M->70M(494M) 59.730ms
[2023-07-18T03:49:21.785+0000][1][gc,cpu       ] GC(51) User=0.09s Sys=0.02s Real=0.06s
[2023-07-18T03:49:21.786+0000][1][safepoint    ] Safepoint "GenCollectForAllocation", Time since last: 970602501 ns, Reaching safepoint: 2896625 ns, At safepoint: 61745708 ns, Total: 64642333 ns
[2023-07-18T03:49:22.789+0000][1][safepoint    ] Safepoint "Cleanup", Time since last: 1000382917 ns, Reaching safepoint: 2380208 ns, At safepoint: 108042 ns, Total: 2488250 ns
[2023-07-18T03:49:23.796+0000][1][safepoint    ] Safepoint "Cleanup", Time since last: 1003397376 ns, Reaching safepoint: 3647791 ns, At safepoint: 129792 ns, Total: 3777583 ns
[2023-07-18T03:49:24.801+0000][1][safepoint    ] Safepoint "Cleanup", Time since last: 1002449000 ns, Reaching safepoint: 2591500 ns, At safepoint: 166667 ns, Total: 2758167 ns
[2023-07-18T03:49:25.806+0000][1][safepoint    ] Safepoint "Cleanup", Time since last: 1002885584 ns, Reaching safepoint: 1598000 ns, At safepoint: 56958 ns, Total: 1654958 ns
[2023-07-18T03:49:26.809+0000][1][safepoint    ] Safepoint "Cleanup", Time since last: 1000637126 ns, Reaching safepoint: 2366958 ns, At safepoint: 76000 ns, Total: 2442958 ns
[2023-07-18T03:49:27.817+0000][1][safepoint    ] Safepoint "Cleanup", Time since last: 1002015750 ns, Reaching safepoint: 5584292 ns, At safepoint: 77917 ns, Total: 5662209 ns
[2023-07-18T03:49:28.827+0000][1][safepoint    ] Safepoint "Cleanup", Time since last: 1008501417 ns, Reaching safepoint: 2219208 ns, At safepoint: 71250 ns, Total: 2290458 ns
[2023-07-18T03:49:29.831+0000][1][safepoint    ] Safepoint "Cleanup", Time since last: 1002190542 ns, Reaching safepoint: 1519709 ns, At safepoint: 83958 ns, Total: 1603667 ns
[2023-07-18T03:49:30.833+0000][1][safepoint    ] Safepoint "Cleanup", Time since last: 1001209209 ns, Reaching safepoint: 777875 ns, At safepoint: 17083 ns, Total: 794958 ns
[2023-07-18T03:49:31.839+0000][1][safepoint    ] Safepoint "Cleanup", Time since last: 1001708459 ns, Reaching safepoint: 3586917 ns, At safepoint: 100291 ns, Total: 3687208 ns
[2023-07-18T03:49:32.844+0000][1][safepoint    ] Safepoint "Cleanup", Time since last: 1002131584 ns, Reaching safepoint: 3691042 ns, At safepoint: 96542 ns, Total: 3787584 ns
[2023-07-18T03:49:33.853+0000][1][safepoint    ] Safepoint "Cleanup", Time since last: 1004021667 ns, Reaching safepoint: 4845583 ns, At safepoint: 106167 ns, Total: 4951750 ns
[2023-07-18T03:49:34.859+0000][1][safepoint    ] Safepoint "Cleanup", Time since last: 1001875875 ns, Reaching safepoint: 3325667 ns, At safepoint: 166708 ns, Total: 3492375 ns
[2023-07-18T03:49:35.864+0000][1][safepoint    ] Safepoint "Cleanup", Time since last: 1001797584 ns, Reaching safepoint: 3597917 ns, At safepoint: 133541 ns, Total: 3731458 ns
[2023-07-18T03:49:36.871+0000][1][safepoint    ] Safepoint "Cleanup", Time since last: 1002497417 ns, Reaching safepoint: 4255542 ns, At safepoint: 134542 ns, Total: 4390084 ns
[2023-07-18T03:49:37.880+0000][1][safepoint    ] Safepoint "Cleanup", Time since last: 1004243500 ns, Reaching safepoint: 4010334 ns, At safepoint: 108541 ns, Total: 4118875 ns
[2023-07-18T03:49:38.886+0000][1][safepoint    ] Safepoint "Cleanup", Time since last: 1003081667 ns, Reaching safepoint: 3097459 ns, At safepoint: 80125 ns, Total: 3177584 ns
[2023-07-18T03:49:39.481+0000][1][safepoint    ] Safepoint "RevokeBias", Time since last: 593750042 ns, Reaching safepoint: 1127875 ns, At safepoint: 142250 ns, Total: 1270125 ns
[2023-07-18T03:49:39.483+0000][1][safepoint    ] Safepoint "RevokeBias", Time since last: 1196416 ns, Reaching safepoint: 1134709 ns, At safepoint: 212666 ns, Total: 1347375 ns
[2023-07-18T03:49:39.510+0000][1][safepoint    ] Safepoint "RevokeBias", Time since last: 26238834 ns, Reaching safepoint: 560250 ns, At safepoint: 72666 ns, Total: 632916 ns
[2023-07-18T03:49:39.520+0000][1][safepoint    ] Safepoint "BulkRevokeBias", Time since last: 682750 ns, Reaching safepoint: 608459 ns, At safepoint: 8297833 ns, Total: 8906292 ns
[2023-07-18T03:49:40.525+0000][1][safepoint    ] Safepoint "Cleanup", Time since last: 1000989792 ns, Reaching safepoint: 3958709 ns, At safepoint: 110541 ns, Total: 4069250 ns
[2023-07-18T03:49:41.528+0000][1][safepoint    ] Safepoint "Cleanup", Time since last: 1001685292 ns, Reaching safepoint: 2155375 ns, At safepoint: 54750 ns, Total: 2210125 ns
[2023-07-18T03:49:42.531+0000][1][safepoint    ] Safepoint "Cleanup", Time since last: 1001031084 ns, Reaching safepoint: 2106416 ns, At safepoint: 44334 ns, Total: 2150750 ns
[2023-07-18T03:49:43.535+0000][1][safepoint    ] Safepoint "Cleanup", Time since last: 1001997417 ns, Reaching safepoint: 1761542 ns, At safepoint: 38833 ns, Total: 1800375 ns
[2023-07-18T03:49:44.541+0000][1][safepoint    ] Safepoint "Cleanup", Time since last: 1003001084 ns, Reaching safepoint: 3022333 ns, At safepoint: 107000 ns, Total: 3129333 ns
[2023-07-18T03:49:45.546+0000][1][safepoint    ] Safepoint "Cleanup", Time since last: 1001798167 ns, Reaching safepoint: 3366000 ns, At safepoint: 141292 ns, Total: 3507292 ns
[2023-07-18T03:49:46.551+0000][1][safepoint    ] Safepoint "Cleanup", Time since last: 1002251417 ns, Reaching safepoint: 2742417 ns, At safepoint: 73416 ns, Total: 2815833 ns
[2023-07-18T03:49:47.553+0000][1][safepoint    ] Safepoint "Cleanup", Time since last: 1000763001 ns, Reaching safepoint: 805875 ns, At safepoint: 22708 ns, Total: 828583 ns
[2023-07-18T03:49:48.556+0000][1][safepoint    ] Safepoint "Cleanup", Time since last: 1001183042 ns, Reaching safepoint: 1536084 ns, At safepoint: 37500 ns, Total: 1573584 ns
[2023-07-18T03:49:49.561+0000][1][safepoint    ] Safepoint "Cleanup", Time since last: 1001177334 ns, Reaching safepoint: 3975750 ns, At safepoint: 86500 ns, Total: 4062250 ns
[2023-07-18T03:49:50.566+0000][1][safepoint    ] Safepoint "Cleanup", Time since last: 1001727042 ns, Reaching safepoint: 3051791 ns, At safepoint: 80334 ns, Total: 3132125 ns
[2023-07-18T03:49:51.568+0000][1][safepoint    ] Safepoint "Cleanup", Time since last: 1001081917 ns, Reaching safepoint: 717791 ns, At safepoint: 14500 ns, Total: 732291 ns
[2023-07-18T03:49:52.572+0000][1][safepoint    ] Safepoint "Cleanup", Time since last: 1000531793 ns, Reaching safepoint: 4082583 ns, At safepoint: 104125 ns, Total: 4186708 ns
[2023-07-18T03:49:53.575+0000][1][safepoint    ] Safepoint "Cleanup", Time since last: 1001473167 ns, Reaching safepoint: 981500 ns, At safepoint: 22917 ns, Total: 1004417 ns
[2023-07-18T03:49:54.581+0000][1][safepoint    ] Safepoint "Cleanup", Time since last: 1001554167 ns, Reaching safepoint: 4073000 ns, At safepoint: 95375 ns, Total: 4168375 ns
[2023-07-18T03:49:55.585+0000][1][safepoint    ] Safepoint "Cleanup", Time since last: 1001431375 ns, Reaching safepoint: 3306750 ns, At safepoint: 96667 ns, Total: 3403417 ns
[2023-07-18T03:49:56.590+0000][1][safepoint    ] Safepoint "Cleanup", Time since last: 1001054126 ns, Reaching safepoint: 3413416 ns, At safepoint: 82334 ns, Total: 3495750 ns
[2023-07-18T03:49:57.593+0000][1][safepoint    ] Safepoint "Cleanup", Time since last: 1001260833 ns, Reaching safepoint: 1471084 ns, At safepoint: 18708 ns, Total: 1489792 ns
[2023-07-18T03:49:58.597+0000][1][safepoint    ] Safepoint "Cleanup", Time since last: 1001081042 ns, Reaching safepoint: 2914750 ns, At safepoint: 64292 ns, Total: 2979042 ns
[2023-07-18T03:49:59.602+0000][1][safepoint    ] Safepoint "Cleanup", Time since last: 1001722792 ns, Reaching safepoint: 3800750 ns, At safepoint: 102917 ns, Total: 3903667 ns
[2023-07-18T03:50:00.606+0000][1][safepoint    ] Safepoint "Cleanup", Time since last: 1002776167 ns, Reaching safepoint: 1292083 ns, At safepoint: 20375 ns, Total: 1312458 ns
[2023-07-18T03:50:01.609+0000][1][safepoint    ] Safepoint "Cleanup", Time since last: 1001996667 ns, Reaching safepoint: 746625 ns, At safepoint: 16834 ns, Total: 763459 ns
[2023-07-18T03:50:02.614+0000][1][safepoint    ] Safepoint "Cleanup", Time since last: 1000837083 ns, Reaching safepoint: 3799125 ns, At safepoint: 106584 ns, Total: 3905709 ns
[2023-07-18T03:50:03.616+0000][1][safepoint    ] Safepoint "Cleanup", Time since last: 1001629792 ns, Reaching safepoint: 736542 ns, At safepoint: 17833 ns, Total: 754375 ns
[2023-07-18T03:50:04.621+0000][1][safepoint    ] Safepoint "Cleanup", Time since last: 1000668917 ns, Reaching safepoint: 4029750 ns, At safepoint: 176583 ns, Total: 4206333 ns
[2023-07-18T03:50:05.629+0000][1][safepoint    ] Safepoint "Cleanup", Time since last: 1004042001 ns, Reaching safepoint: 3723083 ns, At safepoint: 109000 ns, Total: 3832083 ns
[2023-07-18T03:50:06.635+0000][1][safepoint    ] Safepoint "Cleanup", Time since last: 1001789376 ns, Reaching safepoint: 3603375 ns, At safepoint: 105416 ns, Total: 3708791 ns
[2023-07-18T03:50:07.641+0000][1][safepoint    ] Safepoint "Cleanup", Time since last: 1001752751 ns, Reaching safepoint: 4189833 ns, At safepoint: 123208 ns, Total: 4313041 ns
[2023-07-18T03:50:08.645+0000][1][safepoint    ] Safepoint "Cleanup", Time since last: 1002750834 ns, Reaching safepoint: 1666792 ns, At safepoint: 39083 ns, Total: 1705875 ns
[2023-07-18T03:50:09.650+0000][1][safepoint    ] Safepoint "Cleanup", Time since last: 1001435667 ns, Reaching safepoint: 3607417 ns, At safepoint: 169083 ns, Total: 3776500 ns
[2023-07-18T03:50:10.657+0000][1][safepoint    ] Safepoint "Cleanup", Time since last: 1001819751 ns, Reaching safepoint: 4190208 ns, At safepoint: 189125 ns, Total: 4379333 ns
[2023-07-18T03:50:11.661+0000][1][safepoint    ] Safepoint "Cleanup", Time since last: 1001422709 ns, Reaching safepoint: 3491208 ns, At safepoint: 73875 ns, Total: 3565083 ns
[2023-07-18T03:50:12.666+0000][1][safepoint    ] Safepoint "Cleanup", Time since last: 1002983584 ns, Reaching safepoint: 2005333 ns, At safepoint: 46459 ns, Total: 2051792 ns
[2023-07-18T03:50:13.673+0000][1][safepoint    ] Safepoint "Cleanup", Time since last: 1005290875 ns, Reaching safepoint: 1621167 ns, At safepoint: 32666 ns, Total: 1653833 ns
[2023-07-18T03:50:14.679+0000][1][safepoint    ] Safepoint "Cleanup", Time since last: 1001581418 ns, Reaching safepoint: 3960041 ns, At safepoint: 109375 ns, Total: 4069416 ns
[2023-07-18T03:50:15.685+0000][1][safepoint    ] Safepoint "Cleanup", Time since last: 1004858792 ns, Reaching safepoint: 1514292 ns, At safepoint: 43667 ns, Total: 1557959 ns
[2023-07-18T03:50:16.689+0000][1][safepoint    ] Safepoint "Cleanup", Time since last: 1000748583 ns, Reaching safepoint: 2806834 ns, At safepoint: 126583 ns, Total: 2933417 ns
[2023-07-18T03:50:17.693+0000][1][safepoint    ] Safepoint "Cleanup", Time since last: 1001024959 ns, Reaching safepoint: 2616083 ns, At safepoint: 77167 ns, Total: 2693250 ns
[2023-07-18T03:50:18.695+0000][1][safepoint    ] Safepoint "Cleanup", Time since last: 1002017959 ns, Reaching safepoint: 701708 ns, At safepoint: 16750 ns, Total: 718458 ns
[2023-07-18T03:50:19.699+0000][1][safepoint    ] Safepoint "Cleanup", Time since last: 1000659626 ns, Reaching safepoint: 2999541 ns, At safepoint: 72625 ns, Total: 3072166 ns
[2023-07-18T03:50:20.704+0000][1][safepoint    ] Safepoint "Cleanup", Time since last: 1002083709 ns, Reaching safepoint: 2989083 ns, At safepoint: 61375 ns, Total: 3050458 ns
[2023-07-18T03:50:21.710+0000][1][safepoint    ] Safepoint "Cleanup", Time since last: 1001784876 ns, Reaching safepoint: 4239958 ns, At safepoint: 94334 ns, Total: 4334292 ns
[2023-07-18T03:50:22.719+0000][1][safepoint    ] Safepoint "Cleanup", Time since last: 1004634708 ns, Reaching safepoint: 4186334 ns, At safepoint: 101125 ns, Total: 4287459 ns
[2023-07-18T03:50:23.724+0000][1][safepoint    ] Safepoint "Cleanup", Time since last: 1004068208 ns, Reaching safepoint: 895042 ns, At safepoint: 22333 ns, Total: 917375 ns
[2023-07-18T03:50:24.732+0000][1][safepoint    ] Safepoint "Cleanup", Time since last: 1003199626 ns, Reaching safepoint: 4153958 ns, At safepoint: 104750 ns, Total: 4258708 ns
[2023-07-18T03:50:25.740+0000][1][safepoint    ] Safepoint "Cleanup", Time since last: 1003441417 ns, Reaching safepoint: 4135667 ns, At safepoint: 110917 ns, Total: 4246584 ns
[2023-07-18T03:50:26.747+0000][1][safepoint    ] Safepoint "Cleanup", Time since last: 1002683000 ns, Reaching safepoint: 4177792 ns, At safepoint: 158250 ns, Total: 4336042 ns
[2023-07-18T03:50:27.750+0000][1][safepoint    ] Safepoint "Cleanup", Time since last: 1001308667 ns, Reaching safepoint: 1770292 ns, At safepoint: 23125 ns, Total: 1793417 ns
[2023-07-18T03:50:28.751+0000][1][safepoint    ] Safepoint "Cleanup", Time since last: 1000394292 ns, Reaching safepoint: 1407667 ns, At safepoint: 38041 ns, Total: 1445708 ns
[2023-07-18T03:50:29.757+0000][1][safepoint    ] Safepoint "Cleanup", Time since last: 1001304084 ns, Reaching safepoint: 3871125 ns, At safepoint: 141208 ns, Total: 4012333 ns
[2023-07-18T03:50:30.760+0000][1][safepoint    ] Safepoint "Cleanup", Time since last: 1001333834 ns, Reaching safepoint: 1717209 ns, At safepoint: 19583 ns, Total: 1736792 ns
[2023-07-18T03:50:31.765+0000][1][safepoint    ] Safepoint "Cleanup", Time since last: 1001529125 ns, Reaching safepoint: 3537792 ns, At safepoint: 148667 ns, Total: 3686459 ns
[2023-07-18T03:50:32.771+0000][1][safepoint    ] Safepoint "Cleanup", Time since last: 1001682667 ns, Reaching safepoint: 3694083 ns, At safepoint: 125292 ns, Total: 3819375 ns
[2023-07-18T03:50:33.777+0000][1][safepoint    ] Safepoint "Cleanup", Time since last: 1001803959 ns, Reaching safepoint: 4212750 ns, At safepoint: 119625 ns, Total: 4332375 ns
[2023-07-18T03:50:34.789+0000][1][safepoint    ] Safepoint "Cleanup", Time since last: 1007901167 ns, Reaching safepoint: 4224291 ns, At safepoint: 158667 ns, Total: 4382958 ns
[2023-07-18T03:50:35.796+0000][1][safepoint    ] Safepoint "Cleanup", Time since last: 1002562251 ns, Reaching safepoint: 4173583 ns, At safepoint: 126750 ns, Total: 4300333 ns
[2023-07-18T03:50:36.803+0000][1][safepoint    ] Safepoint "Cleanup", Time since last: 1003817292 ns, Reaching safepoint: 3545208 ns, At safepoint: 159792 ns, Total: 3705000 ns
[2023-07-18T03:50:37.811+0000][1][safepoint    ] Safepoint "Cleanup", Time since last: 1003978001 ns, Reaching safepoint: 3130750 ns, At safepoint: 86125 ns, Total: 3216875 ns
[2023-07-18T03:50:38.818+0000][1][safepoint    ] Safepoint "Cleanup", Time since last: 1002125083 ns, Reaching safepoint: 4996500 ns, At safepoint: 115417 ns, Total: 5111917 ns
[2023-07-18T03:50:39.826+0000][1][safepoint    ] Safepoint "Cleanup", Time since last: 1003630459 ns, Reaching safepoint: 4082083 ns, At safepoint: 180000 ns, Total: 4262083 ns
[2023-07-18T03:50:40.473+0000][1][safepoint    ] Safepoint "RevokeBias", Time since last: 645549209 ns, Reaching safepoint: 1478250 ns, At safepoint: 252083 ns, Total: 1730333 ns
[2023-07-18T03:50:40.478+0000][1][safepoint    ] Safepoint "RevokeBias", Time since last: 3641250 ns, Reaching safepoint: 1420750 ns, At safepoint: 77833 ns, Total: 1498583 ns
[2023-07-18T03:50:40.491+0000][1][safepoint    ] Safepoint "RevokeBias", Time since last: 12162625 ns, Reaching safepoint: 567167 ns, At safepoint: 115708 ns, Total: 682875 ns
[2023-07-18T03:50:40.499+0000][1][safepoint    ] Safepoint "RevokeBias", Time since last: 7466250 ns, Reaching safepoint: 573834 ns, At safepoint: 74333 ns, Total: 648167 ns
[2023-07-18T03:50:40.504+0000][1][safepoint    ] Safepoint "RevokeBias", Time since last: 3904708 ns, Reaching safepoint: 950334 ns, At safepoint: 138583 ns, Total: 1088917 ns
[2023-07-18T03:50:41.510+0000][1][safepoint    ] Safepoint "Cleanup", Time since last: 1000916250 ns, Reaching safepoint: 4989667 ns, At safepoint: 100375 ns, Total: 5090042 ns
[2023-07-18T03:50:42.518+0000][1][safepoint    ] Safepoint "Cleanup", Time since last: 1003736542 ns, Reaching safepoint: 3966708 ns, At safepoint: 100084 ns, Total: 4066792 ns
[2023-07-18T03:50:43.524+0000][1][safepoint    ] Safepoint "Cleanup", Time since last: 1001660667 ns, Reaching safepoint: 4334167 ns, At safepoint: 131583 ns, Total: 4465750 ns
[2023-07-18T03:50:44.532+0000][1][safepoint    ] Safepoint "Cleanup", Time since last: 1003704917 ns, Reaching safepoint: 3997375 ns, At safepoint: 136000 ns, Total: 4133375 ns
[2023-07-18T03:50:45.538+0000][1][safepoint    ] Safepoint "Cleanup", Time since last: 1001966334 ns, Reaching safepoint: 4048667 ns, At safepoint: 135541 ns, Total: 4184208 ns
[2023-07-18T03:50:46.545+0000][1][safepoint    ] Safepoint "Cleanup", Time since last: 1002358417 ns, Reaching safepoint: 4885792 ns, At safepoint: 126750 ns, Total: 5012542 ns
[2023-07-18T03:50:47.551+0000][1][safepoint    ] Safepoint "Cleanup", Time since last: 1001740584 ns, Reaching safepoint: 4187458 ns, At safepoint: 101292 ns, Total: 4288750 ns
[2023-07-18T03:50:48.556+0000][1][safepoint    ] Safepoint "Cleanup", Time since last: 1002269792 ns, Reaching safepoint: 2791250 ns, At safepoint: 74292 ns, Total: 2865542 ns
[2023-07-18T03:50:49.559+0000][1][safepoint    ] Safepoint "Cleanup", Time since last: 1001226584 ns, Reaching safepoint: 1816750 ns, At safepoint: 40250 ns, Total: 1857000 ns
[2023-07-18T03:50:50.564+0000][1][safepoint    ] Safepoint "Cleanup", Time since last: 1001587625 ns, Reaching safepoint: 2804833 ns, At safepoint: 88000 ns, Total: 2892833 ns
[2023-07-18T03:50:50.752+0000][1][safepoint    ] Safepoint "RevokeBias", Time since last: 186050542 ns, Reaching safepoint: 1658208 ns, At safepoint: 248959 ns, Total: 1907167 ns
[2023-07-18T03:50:51.757+0000][1][safepoint    ] Safepoint "Cleanup", Time since last: 1001485709 ns, Reaching safepoint: 3385166 ns, At safepoint: 96250 ns, Total: 3481416 ns
[2023-07-18T03:50:52.762+0000][1][safepoint    ] Safepoint "Cleanup", Time since last: 1001439709 ns, Reaching safepoint: 4015750 ns, At safepoint: 109333 ns, Total: 4125083 ns
[2023-07-18T03:50:53.769+0000][1][safepoint    ] Safepoint "Cleanup", Time since last: 1002111834 ns, Reaching safepoint: 4069750 ns, At safepoint: 94042 ns, Total: 4163792 ns
[2023-07-18T03:50:54.775+0000][1][safepoint    ] Safepoint "Cleanup", Time since last: 1002208250 ns, Reaching safepoint: 3939750 ns, At safepoint: 108167 ns, Total: 4047917 ns
[2023-07-18T03:50:55.782+0000][1][safepoint    ] Safepoint "Cleanup", Time since last: 1002555625 ns, Reaching safepoint: 4208500 ns, At safepoint: 133167 ns, Total: 4341667 ns
[2023-07-18T03:50:56.787+0000][1][safepoint    ] Safepoint "Cleanup", Time since last: 1001554292 ns, Reaching safepoint: 3085125 ns, At safepoint: 67875 ns, Total: 3153000 ns
[2023-07-18T03:50:57.791+0000][1][safepoint    ] Safepoint "Cleanup", Time since last: 1002201667 ns, Reaching safepoint: 2221125 ns, At safepoint: 50167 ns, Total: 2271292 ns
[2023-07-18T03:50:58.795+0000][1][safepoint    ] Safepoint "Cleanup", Time since last: 1002522376 ns, Reaching safepoint: 1704583 ns, At safepoint: 46833 ns, Total: 1751416 ns
[2023-07-18T03:50:59.800+0000][1][safepoint    ] Safepoint "Cleanup", Time since last: 1000959084 ns, Reaching safepoint: 3847208 ns, At safepoint: 87667 ns, Total: 3934875 ns
[2023-07-18T03:51:01.441+0000][1][safepoint    ] Safepoint "Cleanup", Time since last: 1636253626 ns, Reaching safepoint: 4665708 ns, At safepoint: 105875 ns, Total: 4771583 ns
[2023-07-18T03:51:02.448+0000][1][safepoint    ] Safepoint "Cleanup", Time since last: 1002869792 ns, Reaching safepoint: 4286459 ns, At safepoint: 106666 ns, Total: 4393125 ns
[2023-07-18T03:51:03.455+0000][1][safepoint    ] Safepoint "Cleanup", Time since last: 1002479917 ns, Reaching safepoint: 3906417 ns, At safepoint: 109000 ns, Total: 4015417 ns
[2023-07-18T03:51:04.462+0000][1][safepoint    ] Safepoint "Cleanup", Time since last: 1002727459 ns, Reaching safepoint: 4138917 ns, At safepoint: 106791 ns, Total: 4245708 ns
[2023-07-18T03:51:05.464+0000][1][safepoint    ] Safepoint "Cleanup", Time since last: 1001413042 ns, Reaching safepoint: 778834 ns, At safepoint: 21125 ns, Total: 799959 ns
[2023-07-18T03:51:06.466+0000][1][safepoint    ] Safepoint "Cleanup", Time since last: 1000813084 ns, Reaching safepoint: 1533625 ns, At safepoint: 30833 ns, Total: 1564458 ns
[2023-07-18T03:51:07.476+0000][1][safepoint    ] Safepoint "Cleanup", Time since last: 1004983750 ns, Reaching safepoint: 4065917 ns, At safepoint: 102292 ns, Total: 4168209 ns
[2023-07-18T03:51:08.483+0000][1][safepoint    ] Safepoint "Cleanup", Time since last: 1003178542 ns, Reaching safepoint: 4032083 ns, At safepoint: 98459 ns, Total: 4130542 ns
[2023-07-18T03:51:09.488+0000][1][safepoint    ] Safepoint "Cleanup", Time since last: 1003167292 ns, Reaching safepoint: 1912875 ns, At safepoint: 49416 ns, Total: 1962291 ns
[2023-07-18T03:51:10.492+0000][1][safepoint    ] Safepoint "Cleanup", Time since last: 1000956876 ns, Reaching safepoint: 3104125 ns, At safepoint: 83625 ns, Total: 3187750 ns
[2023-07-18T03:51:11.499+0000][1][safepoint    ] Safepoint "Cleanup", Time since last: 1002231167 ns, Reaching safepoint: 4328583 ns, At safepoint: 115583 ns, Total: 4444166 ns
[2023-07-18T03:51:12.504+0000][1][safepoint    ] Safepoint "Cleanup", Time since last: 1001892751 ns, Reaching safepoint: 3494166 ns, At safepoint: 95542 ns, Total: 3589708 ns
[2023-07-18T03:51:13.510+0000][1][safepoint    ] Safepoint "Cleanup", Time since last: 1001548959 ns, Reaching safepoint: 4054958 ns, At safepoint: 99042 ns, Total: 4154000 ns
[2023-07-18T03:51:14.515+0000][1][safepoint    ] Safepoint "Cleanup", Time since last: 1003203084 ns, Reaching safepoint: 1575625 ns, At safepoint: 32250 ns, Total: 1607875 ns
[2023-07-18T03:51:15.518+0000][1][safepoint    ] Safepoint "Cleanup", Time since last: 1000931167 ns, Reaching safepoint: 2766458 ns, At safepoint: 72000 ns, Total: 2838458 ns
[2023-07-18T03:51:16.520+0000][1][safepoint    ] Safepoint "Cleanup", Time since last: 1001016209 ns, Reaching safepoint: 744125 ns, At safepoint: 23917 ns, Total: 768042 ns
[2023-07-18T03:51:17.525+0000][1][safepoint    ] Safepoint "Cleanup", Time since last: 1002484459 ns, Reaching safepoint: 1898916 ns, At safepoint: 48000 ns, Total: 1946916 ns
[2023-07-18T03:51:18.529+0000][1][safepoint    ] Safepoint "Cleanup", Time since last: 1001125459 ns, Reaching safepoint: 2858458 ns, At safepoint: 60750 ns, Total: 2919208 ns
[2023-07-18T03:51:19.532+0000][1][safepoint    ] Safepoint "Cleanup", Time since last: 1002540292 ns, Reaching safepoint: 785917 ns, At safepoint: 15125 ns, Total: 801042 ns
[2023-07-18T03:51:20.535+0000][1][safepoint    ] Safepoint "Cleanup", Time since last: 1000663626 ns, Reaching safepoint: 2408916 ns, At safepoint: 49542 ns, Total: 2458458 ns
[2023-07-18T03:51:20.759+0000][1][safepoint    ] Safepoint "RevokeBias", Time since last: 221647167 ns, Reaching safepoint: 1568541 ns, At safepoint: 401167 ns, Total: 1969708 ns
[2023-07-18T03:51:20.824+0000][1][gc,start     ] GC(52) Pause Young (Allocation Failure)
[2023-07-18T03:51:20.824+0000][1][gc,task      ] GC(52) Using 4 workers of 4 for evacuation
[2023-07-18T03:51:20.836+0000][1][gc,age       ] GC(52) Desired survivor size 8945664 bytes, new threshold 6 (max threshold 6)
[2023-07-18T03:51:20.836+0000][1][gc,age       ] GC(52) Age table with threshold 6 (max threshold 6)
[2023-07-18T03:51:20.836+0000][1][gc,age       ] GC(52) - age   1:     108576 bytes,     108576 total
[2023-07-18T03:51:20.836+0000][1][gc,age       ] GC(52) - age   2:       3528 bytes,     112104 total
[2023-07-18T03:51:20.836+0000][1][gc,age       ] GC(52) - age   3:      55712 bytes,     167816 total
[2023-07-18T03:51:20.836+0000][1][gc,age       ] GC(52) - age   4:       1560 bytes,     169376 total
[2023-07-18T03:51:20.836+0000][1][gc,age       ] GC(52) - age   5:      35816 bytes,     205192 total
[2023-07-18T03:51:20.837+0000][1][gc,age       ] GC(52) - age   6:      25280 bytes,     230472 total
[2023-07-18T03:51:20.837+0000][1][gc,heap      ] GC(52) ParNew: 140144K->407K(157248K)
[2023-07-18T03:51:20.837+0000][1][gc,heap      ] GC(52) CMS: 71796K->71841K(349568K)
[2023-07-18T03:51:20.837+0000][1][gc,metaspace ] GC(52) Metaspace: 92865K->92865K(1134592K)
[2023-07-18T03:51:20.837+0000][1][gc           ] GC(52) Pause Young (Allocation Failure) 206M->70M(494M) 13.546ms
[2023-07-18T03:51:20.837+0000][1][gc,cpu       ] GC(52) User=0.03s Sys=0.00s Real=0.01s
[2023-07-18T03:51:20.838+0000][1][safepoint    ] Safepoint "GenCollectForAllocation", Time since last: 64341792 ns, Reaching safepoint: 642750 ns, At safepoint: 13948500 ns, Total: 14591250 ns
[2023-07-18T03:51:21.842+0000][1][safepoint    ] Safepoint "Cleanup", Time since last: 1000596792 ns, Reaching safepoint: 3763917 ns, At safepoint: 124250 ns, Total: 3888167 ns
[2023-07-18T03:51:22.845+0000][1][safepoint    ] Safepoint "Cleanup", Time since last: 1001115583 ns, Reaching safepoint: 1581542 ns, At safepoint: 49583 ns, Total: 1631125 ns
[2023-07-18T03:51:23.851+0000][1][safepoint    ] Safepoint "Cleanup", Time since last: 1001653751 ns, Reaching safepoint: 3838958 ns, At safepoint: 124167 ns, Total: 3963125 ns
[2023-07-18T03:51:24.854+0000][1][safepoint    ] Safepoint "Cleanup", Time since last: 1002711584 ns, Reaching safepoint: 649625 ns, At safepoint: 14541 ns, Total: 664166 ns
[2023-07-18T03:51:25.856+0000][1][safepoint    ] Safepoint "Cleanup", Time since last: 1001673376 ns, Reaching safepoint: 684792 ns, At safepoint: 17833 ns, Total: 702625 ns
[2023-07-18T03:51:26.859+0000][1][safepoint    ] Safepoint "Cleanup", Time since last: 1000506167 ns, Reaching safepoint: 2564042 ns, At safepoint: 67750 ns, Total: 2631792 ns
[2023-07-18T03:51:27.863+0000][1][safepoint    ] Safepoint "Cleanup", Time since last: 1001515292 ns, Reaching safepoint: 1915666 ns, At safepoint: 50625 ns, Total: 1966291 ns
[2023-07-18T03:51:28.870+0000][1][safepoint    ] Safepoint "Cleanup", Time since last: 1003294334 ns, Reaching safepoint: 3824209 ns, At safepoint: 91333 ns, Total: 3915542 ns
[2023-07-18T03:51:29.877+0000][1][safepoint    ] Safepoint "Cleanup", Time since last: 1002720834 ns, Reaching safepoint: 3771083 ns, At safepoint: 99958 ns, Total: 3871041 ns
[2023-07-18T03:51:30.887+0000][1][safepoint    ] Safepoint "Cleanup", Time since last: 1008952668 ns, Reaching safepoint: 938291 ns, At safepoint: 19292 ns, Total: 957583 ns
[2023-07-18T03:51:31.898+0000][1][safepoint    ] Safepoint "Cleanup", Time since last: 1007771042 ns, Reaching safepoint: 3745792 ns, At safepoint: 73750 ns, Total: 3819542 ns
[2023-07-18T03:51:32.905+0000][1][safepoint    ] Safepoint "Cleanup", Time since last: 1003782334 ns, Reaching safepoint: 2948041 ns, At safepoint: 88625 ns, Total: 3036666 ns
[2023-07-18T03:51:33.913+0000][1][safepoint    ] Safepoint "Cleanup", Time since last: 1003608876 ns, Reaching safepoint: 3939875 ns, At safepoint: 89208 ns, Total: 4029083 ns
[2023-07-18T03:51:34.919+0000][1][safepoint    ] Safepoint "Cleanup", Time since last: 1002134417 ns, Reaching safepoint: 4193875 ns, At safepoint: 92708 ns, Total: 4286583 ns
[2023-07-18T03:51:35.925+0000][1][safepoint    ] Safepoint "Cleanup", Time since last: 1001693626 ns, Reaching safepoint: 3727042 ns, At safepoint: 123208 ns, Total: 3850250 ns
[2023-07-18T03:51:36.930+0000][1][safepoint    ] Safepoint "Cleanup", Time since last: 1001618000 ns, Reaching safepoint: 3816334 ns, At safepoint: 126458 ns, Total: 3942792 ns
[2023-07-18T03:51:37.939+0000][1][safepoint    ] Safepoint "Cleanup", Time since last: 1004227542 ns, Reaching safepoint: 3978625 ns, At safepoint: 155000 ns, Total: 4133625 ns
[2023-07-18T03:51:38.942+0000][1][safepoint    ] Safepoint "Cleanup", Time since last: 1001718084 ns, Reaching safepoint: 1729167 ns, At safepoint: 39833 ns, Total: 1769000 ns
[2023-07-18T03:51:39.950+0000][1][safepoint    ] Safepoint "Cleanup", Time since last: 1003605501 ns, Reaching safepoint: 3962833 ns, At safepoint: 97958 ns, Total: 4060791 ns
[2023-07-18T03:51:40.952+0000][1][safepoint    ] Safepoint "Cleanup", Time since last: 1001637376 ns, Reaching safepoint: 1055583 ns, At safepoint: 21417 ns, Total: 1077000 ns
[2023-07-18T03:51:41.480+0000][1][safepoint    ] Safepoint "RevokeBias", Time since last: 526576666 ns, Reaching safepoint: 1006708 ns, At safepoint: 140583 ns, Total: 1147291 ns
[2023-07-18T03:51:41.482+0000][1][safepoint    ] Safepoint "RevokeBias", Time since last: 1676334 ns, Reaching safepoint: 803541 ns, At safepoint: 76459 ns, Total: 880000 ns
[2023-07-18T03:51:41.491+0000][1][safepoint    ] Safepoint "RevokeBias", Time since last: 7066833 ns, Reaching safepoint: 1727625 ns, At safepoint: 90458 ns, Total: 1818083 ns
[2023-07-18T03:51:41.516+0000][1][safepoint    ] Safepoint "RevokeBias", Time since last: 23850709 ns, Reaching safepoint: 1134833 ns, At safepoint: 121583 ns, Total: 1256416 ns
[2023-07-18T03:51:41.520+0000][1][safepoint    ] Safepoint "RevokeBias", Time since last: 2356209 ns, Reaching safepoint: 633583 ns, At safepoint: 60833 ns, Total: 694416 ns
[2023-07-18T03:51:41.520+0000][1][safepoint    ] Safepoint "RevokeBias", Time since last: 373875 ns, Reaching safepoint: 427959 ns, At safepoint: 54750 ns, Total: 482709 ns
[2023-07-18T03:51:42.529+0000][1][safepoint    ] Safepoint "Cleanup", Time since last: 1005470750 ns, Reaching safepoint: 2961125 ns, At safepoint: 95042 ns, Total: 3056167 ns
[2023-07-18T03:51:43.533+0000][1][safepoint    ] Safepoint "Cleanup", Time since last: 1002674917 ns, Reaching safepoint: 1160542 ns, At safepoint: 29708 ns, Total: 1190250 ns
[2023-07-18T03:51:44.538+0000][1][safepoint    ] Safepoint "Cleanup", Time since last: 1001271459 ns, Reaching safepoint: 4139208 ns, At safepoint: 137458 ns, Total: 4276666 ns
[2023-07-18T03:51:45.544+0000][1][safepoint    ] Safepoint "Cleanup", Time since last: 1001483251 ns, Reaching safepoint: 3579500 ns, At safepoint: 106250 ns, Total: 3685750 ns
[2023-07-18T03:51:46.550+0000][1][safepoint    ] Safepoint "Cleanup", Time since last: 1002126792 ns, Reaching safepoint: 3767583 ns, At safepoint: 99834 ns, Total: 3867417 ns
[2023-07-18T03:51:47.556+0000][1][safepoint    ] Safepoint "Cleanup", Time since last: 1001827500 ns, Reaching safepoint: 4003875 ns, At safepoint: 113167 ns, Total: 4117042 ns
[2023-07-18T03:51:48.562+0000][1][safepoint    ] Safepoint "Cleanup", Time since last: 1001972292 ns, Reaching safepoint: 4500083 ns, At safepoint: 92792 ns, Total: 4592875 ns
[2023-07-18T03:51:49.568+0000][1][safepoint    ] Safepoint "Cleanup", Time since last: 1001682042 ns, Reaching safepoint: 4093917 ns, At safepoint: 104333 ns, Total: 4198250 ns
[2023-07-18T03:51:50.573+0000][1][safepoint    ] Safepoint "Cleanup", Time since last: 1001780917 ns, Reaching safepoint: 3557792 ns, At safepoint: 104792 ns, Total: 3662584 ns
[2023-07-18T03:51:51.579+0000][1][safepoint    ] Safepoint "Cleanup", Time since last: 1001401458 ns, Reaching safepoint: 4255334 ns, At safepoint: 106083 ns, Total: 4361417 ns
[2023-07-18T03:51:52.585+0000][1][safepoint    ] Safepoint "Cleanup", Time since last: 1001522251 ns, Reaching safepoint: 4151375 ns, At safepoint: 90250 ns, Total: 4241625 ns
[2023-07-18T03:51:53.589+0000][1][safepoint    ] Safepoint "Cleanup", Time since last: 1003146875 ns, Reaching safepoint: 1312792 ns, At safepoint: 29708 ns, Total: 1342500 ns
[2023-07-18T03:51:54.595+0000][1][safepoint    ] Safepoint "Cleanup", Time since last: 1001250417 ns, Reaching safepoint: 4292334 ns, At safepoint: 104083 ns, Total: 4396417 ns
[2023-07-18T03:51:55.600+0000][1][safepoint    ] Safepoint "Cleanup", Time since last: 1001552625 ns, Reaching safepoint: 3617167 ns, At safepoint: 131500 ns, Total: 3748667 ns
[2023-07-18T03:51:56.604+0000][1][safepoint    ] Safepoint "Cleanup", Time since last: 1001318834 ns, Reaching safepoint: 2378417 ns, At safepoint: 193375 ns, Total: 2571792 ns
[2023-07-18T03:51:57.609+0000][1][safepoint    ] Safepoint "Cleanup", Time since last: 1001478917 ns, Reaching safepoint: 2781125 ns, At safepoint: 88333 ns, Total: 2869458 ns
[2023-07-18T03:51:58.614+0000][1][safepoint    ] Safepoint "Cleanup", Time since last: 1003213750 ns, Reaching safepoint: 2139584 ns, At safepoint: 30750 ns, Total: 2170334 ns
[2023-07-18T03:51:59.621+0000][1][safepoint    ] Safepoint "Cleanup", Time since last: 1002988875 ns, Reaching safepoint: 4153834 ns, At safepoint: 113416 ns, Total: 4267250 ns
[2023-07-18T03:52:00.625+0000][1][safepoint    ] Safepoint "Cleanup", Time since last: 1001891542 ns, Reaching safepoint: 1442084 ns, At safepoint: 26416 ns, Total: 1468500 ns
[2023-07-18T03:52:01.635+0000][1][safepoint    ] Safepoint "Cleanup", Time since last: 1002999043 ns, Reaching safepoint: 6705833 ns, At safepoint: 408667 ns, Total: 7114500 ns
[2023-07-18T03:52:02.651+0000][1][safepoint    ] Safepoint "Cleanup", Time since last: 1012029958 ns, Reaching safepoint: 3833209 ns, At safepoint: 135583 ns, Total: 3968792 ns
[2023-07-18T03:52:03.654+0000][1][safepoint    ] Safepoint "Cleanup", Time since last: 1003073876 ns, Reaching safepoint: 734958 ns, At safepoint: 19417 ns, Total: 754375 ns
[2023-07-18T03:52:04.659+0000][1][safepoint    ] Safepoint "Cleanup", Time since last: 1000717458 ns, Reaching safepoint: 3756542 ns, At safepoint: 62958 ns, Total: 3819500 ns
[2023-07-18T03:52:05.668+0000][1][safepoint    ] Safepoint "Cleanup", Time since last: 1004138543 ns, Reaching safepoint: 4251083 ns, At safepoint: 96875 ns, Total: 4347958 ns
[2023-07-18T03:52:06.675+0000][1][safepoint    ] Safepoint "Cleanup", Time since last: 1003625875 ns, Reaching safepoint: 3905584 ns, At safepoint: 98250 ns, Total: 4003834 ns
[2023-07-18T03:52:07.682+0000][1][safepoint    ] Safepoint "Cleanup", Time since last: 1002527125 ns, Reaching safepoint: 3849875 ns, At safepoint: 109875 ns, Total: 3959750 ns
[2023-07-18T03:52:08.689+0000][1][safepoint    ] Safepoint "Cleanup", Time since last: 1003780042 ns, Reaching safepoint: 3515834 ns, At safepoint: 103291 ns, Total: 3619125 ns
[2023-07-18T03:52:09.695+0000][1][safepoint    ] Safepoint "Cleanup", Time since last: 1001936792 ns, Reaching safepoint: 3905625 ns, At safepoint: 93834 ns, Total: 3999459 ns
[2023-07-18T03:52:10.701+0000][1][safepoint    ] Safepoint "Cleanup", Time since last: 1001783750 ns, Reaching safepoint: 3812459 ns, At safepoint: 111291 ns, Total: 3923750 ns
[2023-07-18T03:52:11.706+0000][1][safepoint    ] Safepoint "Cleanup", Time since last: 1001280209 ns, Reaching safepoint: 4011750 ns, At safepoint: 80208 ns, Total: 4091958 ns
[2023-07-18T03:52:12.714+0000][1][safepoint    ] Safepoint "Cleanup", Time since last: 1004113751 ns, Reaching safepoint: 4111250 ns, At safepoint: 137625 ns, Total: 4248875 ns
[2023-07-18T03:52:13.720+0000][1][safepoint    ] Safepoint "Cleanup", Time since last: 1005078667 ns, Reaching safepoint: 1148375 ns, At safepoint: 25791 ns, Total: 1174166 ns
[2023-07-18T03:52:14.726+0000][1][safepoint    ] Safepoint "Cleanup", Time since last: 1001094793 ns, Reaching safepoint: 4238541 ns, At safepoint: 96042 ns, Total: 4334583 ns
[2023-07-18T03:52:15.735+0000][1][safepoint    ] Safepoint "Cleanup", Time since last: 1004617459 ns, Reaching safepoint: 3984958 ns, At safepoint: 96875 ns, Total: 4081833 ns
[2023-07-18T03:52:16.741+0000][1][safepoint    ] Safepoint "Cleanup", Time since last: 1002678375 ns, Reaching safepoint: 4123417 ns, At safepoint: 101458 ns, Total: 4224875 ns
[2023-07-18T03:52:17.748+0000][1][safepoint    ] Safepoint "Cleanup", Time since last: 1002204334 ns, Reaching safepoint: 4067292 ns, At safepoint: 77000 ns, Total: 4144292 ns
[2023-07-18T03:52:18.755+0000][1][safepoint    ] Safepoint "Cleanup", Time since last: 1003553459 ns, Reaching safepoint: 3784583 ns, At safepoint: 97083 ns, Total: 3881666 ns
[2023-07-18T03:52:19.761+0000][1][safepoint    ] Safepoint "Cleanup", Time since last: 1001575959 ns, Reaching safepoint: 3796167 ns, At safepoint: 100542 ns, Total: 3896709 ns
[2023-07-18T03:52:20.763+0000][1][safepoint    ] Safepoint "Cleanup", Time since last: 1001685083 ns, Reaching safepoint: 1000875 ns, At safepoint: 24167 ns, Total: 1025042 ns
[2023-07-18T03:52:21.768+0000][1][safepoint    ] Safepoint "Cleanup", Time since last: 1000492917 ns, Reaching safepoint: 4489750 ns, At safepoint: 19000 ns, Total: 4508750 ns
[2023-07-18T03:52:22.803+0000][1][safepoint    ] Safepoint "Cleanup", Time since last: 1032533334 ns, Reaching safepoint: 2164042 ns, At safepoint: 53291 ns, Total: 2217333 ns
[2023-07-18T03:52:23.807+0000][1][safepoint    ] Safepoint "Cleanup", Time since last: 1002780126 ns, Reaching safepoint: 1255625 ns, At safepoint: 26958 ns, Total: 1282583 ns
[2023-07-18T03:52:24.812+0000][1][safepoint    ] Safepoint "Cleanup", Time since last: 1000782626 ns, Reaching safepoint: 4051125 ns, At safepoint: 84500 ns, Total: 4135625 ns
[2023-07-18T03:52:25.819+0000][1][safepoint    ] Safepoint "Cleanup", Time since last: 1003318417 ns, Reaching safepoint: 3158625 ns, At safepoint: 93333 ns, Total: 3251958 ns
[2023-07-18T03:52:26.826+0000][1][safepoint    ] Safepoint "Cleanup", Time since last: 1002824209 ns, Reaching safepoint: 4679000 ns, At safepoint: 124250 ns, Total: 4803250 ns
[2023-07-18T03:52:27.831+0000][1][safepoint    ] Safepoint "Cleanup", Time since last: 1001774500 ns, Reaching safepoint: 3151125 ns, At safepoint: 84417 ns, Total: 3235542 ns
[2023-07-18T03:52:28.837+0000][1][safepoint    ] Safepoint "Cleanup", Time since last: 1001772251 ns, Reaching safepoint: 3723291 ns, At safepoint: 111959 ns, Total: 3835250 ns
[2023-07-18T03:52:29.841+0000][1][safepoint    ] Safepoint "Cleanup", Time since last: 1001755292 ns, Reaching safepoint: 2610000 ns, At safepoint: 66416 ns, Total: 2676416 ns
[2023-07-18T03:52:30.772+0000][1][safepoint    ] Safepoint "RevokeBias", Time since last: 928575001 ns, Reaching safepoint: 1354208 ns, At safepoint: 956125 ns, Total: 2310333 ns
[2023-07-18T03:52:31.776+0000][1][safepoint    ] Safepoint "Cleanup", Time since last: 1000719917 ns, Reaching safepoint: 3378042 ns, At safepoint: 94042 ns, Total: 3472084 ns
[2023-07-18T03:52:32.782+0000][1][safepoint    ] Safepoint "Cleanup", Time since last: 1001305958 ns, Reaching safepoint: 4329125 ns, At safepoint: 159334 ns, Total: 4488459 ns
[2023-07-18T03:52:33.785+0000][1][safepoint    ] Safepoint "Cleanup", Time since last: 1001709709 ns, Reaching safepoint: 1470666 ns, At safepoint: 38750 ns, Total: 1509416 ns
[2023-07-18T03:52:34.790+0000][1][safepoint    ] Safepoint "Cleanup", Time since last: 1001680667 ns, Reaching safepoint: 3208334 ns, At safepoint: 79166 ns, Total: 3287500 ns
[2023-07-18T03:52:35.796+0000][1][safepoint    ] Safepoint "Cleanup", Time since last: 1001451001 ns, Reaching safepoint: 3979458 ns, At safepoint: 95292 ns, Total: 4074750 ns
[2023-07-18T03:52:36.800+0000][1][safepoint    ] Safepoint "Cleanup", Time since last: 1001439709 ns, Reaching safepoint: 2805125 ns, At safepoint: 70375 ns, Total: 2875500 ns
[2023-07-18T03:52:37.806+0000][1][safepoint    ] Safepoint "Cleanup", Time since last: 1001829750 ns, Reaching safepoint: 3764167 ns, At safepoint: 101250 ns, Total: 3865417 ns
[2023-07-18T03:52:38.812+0000][1][safepoint    ] Safepoint "Cleanup", Time since last: 1002252250 ns, Reaching safepoint: 3511000 ns, At safepoint: 87459 ns, Total: 3598459 ns
[2023-07-18T03:52:39.819+0000][1][safepoint    ] Safepoint "Cleanup", Time since last: 1003003750 ns, Reaching safepoint: 3858167 ns, At safepoint: 107708 ns, Total: 3965875 ns
[2023-07-18T03:52:40.821+0000][1][safepoint    ] Safepoint "Cleanup", Time since last: 1001431334 ns, Reaching safepoint: 730042 ns, At safepoint: 17875 ns, Total: 747917 ns
[2023-07-18T03:52:41.827+0000][1][safepoint    ] Safepoint "Cleanup", Time since last: 1002516958 ns, Reaching safepoint: 3732791 ns, At safepoint: 93375 ns, Total: 3826166 ns
[2023-07-18T03:52:42.487+0000][1][safepoint    ] Safepoint "RevokeBias", Time since last: 658252876 ns, Reaching safepoint: 1351416 ns, At safepoint: 422500 ns, Total: 1773916 ns
[2023-07-18T03:52:42.500+0000][1][safepoint    ] Safepoint "RevokeBias", Time since last: 11825750 ns, Reaching safepoint: 903750 ns, At safepoint: 72959 ns, Total: 976709 ns
[2023-07-18T03:52:42.508+0000][1][safepoint    ] Safepoint "RevokeBias", Time since last: 7014000 ns, Reaching safepoint: 567916 ns, At safepoint: 73250 ns, Total: 641166 ns
[2023-07-18T03:52:42.512+0000][1][safepoint    ] Safepoint "RevokeBias", Time since last: 3343667 ns, Reaching safepoint: 791750 ns, At safepoint: 70708 ns, Total: 862458 ns
[2023-07-18T03:52:42.513+0000][1][safepoint    ] Safepoint "RevokeBias", Time since last: 734084 ns, Reaching safepoint: 589583 ns, At safepoint: 49708 ns, Total: 639291 ns
[2023-07-18T03:52:43.517+0000][1][safepoint    ] Safepoint "Cleanup", Time since last: 1000755043 ns, Reaching safepoint: 3274250 ns, At safepoint: 86833 ns, Total: 3361083 ns
[2023-07-18T03:52:44.524+0000][1][safepoint    ] Safepoint "Cleanup", Time since last: 1003461667 ns, Reaching safepoint: 2959250 ns, At safepoint: 66417 ns, Total: 3025667 ns
[2023-07-18T03:52:45.528+0000][1][safepoint    ] Safepoint "Cleanup", Time since last: 1001242542 ns, Reaching safepoint: 2762542 ns, At safepoint: 92541 ns, Total: 2855083 ns
[2023-07-18T03:52:46.534+0000][1][safepoint    ] Safepoint "Cleanup", Time since last: 1001981834 ns, Reaching safepoint: 3932708 ns, At safepoint: 116917 ns, Total: 4049625 ns
[2023-07-18T03:52:47.539+0000][1][safepoint    ] Safepoint "Cleanup", Time since last: 1002673292 ns, Reaching safepoint: 2295292 ns, At safepoint: 64042 ns, Total: 2359334 ns
[2023-07-18T03:52:48.546+0000][1][safepoint    ] Safepoint "Cleanup", Time since last: 1003835292 ns, Reaching safepoint: 3491625 ns, At safepoint: 101541 ns, Total: 3593166 ns
[2023-07-18T03:52:49.553+0000][1][safepoint    ] Safepoint "Cleanup", Time since last: 1002597667 ns, Reaching safepoint: 3792459 ns, At safepoint: 138500 ns, Total: 3930959 ns
[2023-07-18T03:52:50.556+0000][1][safepoint    ] Safepoint "Cleanup", Time since last: 1001443334 ns, Reaching safepoint: 1748916 ns, At safepoint: 39375 ns, Total: 1788291 ns
[2023-07-18T03:52:51.564+0000][1][safepoint    ] Safepoint "Cleanup", Time since last: 1003828334 ns, Reaching safepoint: 3955708 ns, At safepoint: 108917 ns, Total: 4064625 ns
[2023-07-18T03:52:52.570+0000][1][safepoint    ] Safepoint "Cleanup", Time since last: 1002581501 ns, Reaching safepoint: 3729166 ns, At safepoint: 98875 ns, Total: 3828041 ns
[2023-07-18T03:52:53.576+0000][1][safepoint    ] Safepoint "Cleanup", Time since last: 1001440001 ns, Reaching safepoint: 4274500 ns, At safepoint: 100750 ns, Total: 4375250 ns
[2023-07-18T03:52:54.581+0000][1][safepoint    ] Safepoint "Cleanup", Time since last: 1000942875 ns, Reaching safepoint: 3372334 ns, At safepoint: 103833 ns, Total: 3476167 ns
[2023-07-18T03:52:55.586+0000][1][safepoint    ] Safepoint "Cleanup", Time since last: 1001711750 ns, Reaching safepoint: 3656542 ns, At safepoint: 95333 ns, Total: 3751875 ns
[2023-07-18T03:52:56.590+0000][1][safepoint    ] Safepoint "Cleanup", Time since last: 1002519668 ns, Reaching safepoint: 1198041 ns, At safepoint: 26375 ns, Total: 1224416 ns
[2023-07-18T03:52:57.599+0000][1][safepoint    ] Safepoint "Cleanup", Time since last: 1005388167 ns, Reaching safepoint: 3583584 ns, At safepoint: 88666 ns, Total: 3672250 ns
[2023-07-18T03:52:58.605+0000][1][safepoint    ] Safepoint "Cleanup", Time since last: 1001951626 ns, Reaching safepoint: 3552708 ns, At safepoint: 112417 ns, Total: 3665125 ns
[2023-07-18T03:52:59.608+0000][1][safepoint    ] Safepoint "Cleanup", Time since last: 1002197625 ns, Reaching safepoint: 1428500 ns, At safepoint: 34209 ns, Total: 1462709 ns
[2023-07-18T03:53:00.610+0000][1][safepoint    ] Safepoint "Cleanup", Time since last: 1000614667 ns, Reaching safepoint: 1465375 ns, At safepoint: 19083 ns, Total: 1484458 ns
[2023-07-18T03:53:01.615+0000][1][safepoint    ] Safepoint "Cleanup", Time since last: 1000920626 ns, Reaching safepoint: 4075208 ns, At safepoint: 102500 ns, Total: 4177708 ns
[2023-07-18T03:53:02.622+0000][1][safepoint    ] Safepoint "Cleanup", Time since last: 1002539542 ns, Reaching safepoint: 3984958 ns, At safepoint: 137792 ns, Total: 4122750 ns
[2023-07-18T03:53:03.628+0000][1][safepoint    ] Safepoint "Cleanup", Time since last: 1001529251 ns, Reaching safepoint: 4247833 ns, At safepoint: 104125 ns, Total: 4351958 ns
[2023-07-18T03:53:04.634+0000][1][safepoint    ] Safepoint "Cleanup", Time since last: 1001964875 ns, Reaching safepoint: 3669209 ns, At safepoint: 109250 ns, Total: 3778459 ns
[2023-07-18T03:53:05.636+0000][1][safepoint    ] Safepoint "Cleanup", Time since last: 1001432833 ns, Reaching safepoint: 627959 ns, At safepoint: 16208 ns, Total: 644167 ns
[2023-07-18T03:53:06.642+0000][1][safepoint    ] Safepoint "Cleanup", Time since last: 1002124459 ns, Reaching safepoint: 4191958 ns, At safepoint: 129417 ns, Total: 4321375 ns
[2023-07-18T03:53:07.645+0000][1][safepoint    ] Safepoint "Cleanup", Time since last: 1001904209 ns, Reaching safepoint: 747083 ns, At safepoint: 18208 ns, Total: 765291 ns
[2023-07-18T03:53:08.648+0000][1][safepoint    ] Safepoint "Cleanup", Time since last: 1001976876 ns, Reaching safepoint: 1443083 ns, At safepoint: 32042 ns, Total: 1475125 ns
[2023-07-18T03:53:09.653+0000][1][safepoint    ] Safepoint "Cleanup", Time since last: 1000745250 ns, Reaching safepoint: 4193834 ns, At safepoint: 112208 ns, Total: 4306042 ns
[2023-07-18T03:53:10.658+0000][1][safepoint    ] Safepoint "Cleanup", Time since last: 1001397709 ns, Reaching safepoint: 2899417 ns, At safepoint: 78333 ns, Total: 2977750 ns
[2023-07-18T03:53:11.664+0000][1][safepoint    ] Safepoint "Cleanup", Time since last: 1002189083 ns, Reaching safepoint: 4185042 ns, At safepoint: 118667 ns, Total: 4303709 ns
[2023-07-18T03:53:12.668+0000][1][safepoint    ] Safepoint "Cleanup", Time since last: 1001683750 ns, Reaching safepoint: 2259459 ns, At safepoint: 65208 ns, Total: 2324667 ns
[2023-07-18T03:53:13.673+0000][1][safepoint    ] Safepoint "Cleanup", Time since last: 1001417042 ns, Reaching safepoint: 3665292 ns, At safepoint: 108416 ns, Total: 3773708 ns
[2023-07-18T03:53:14.681+0000][1][safepoint    ] Safepoint "Cleanup", Time since last: 1003243959 ns, Reaching safepoint: 3926709 ns, At safepoint: 95666 ns, Total: 4022375 ns
[2023-07-18T03:53:15.687+0000][1][safepoint    ] Safepoint "Cleanup", Time since last: 1001931292 ns, Reaching safepoint: 3946125 ns, At safepoint: 102625 ns, Total: 4048750 ns
[2023-07-18T03:53:16.694+0000][1][safepoint    ] Safepoint "Cleanup", Time since last: 1003245959 ns, Reaching safepoint: 3973583 ns, At safepoint: 100209 ns, Total: 4073792 ns
[2023-07-18T03:53:17.702+0000][1][safepoint    ] Safepoint "Cleanup", Time since last: 1003321584 ns, Reaching safepoint: 4607958 ns, At safepoint: 131167 ns, Total: 4739125 ns
[2023-07-18T03:53:18.704+0000][1][safepoint    ] Safepoint "Cleanup", Time since last: 1001058042 ns, Reaching safepoint: 893250 ns, At safepoint: 22333 ns, Total: 915583 ns
[2023-07-18T03:53:19.712+0000][1][safepoint    ] Safepoint "Cleanup", Time since last: 1001577167 ns, Reaching safepoint: 6146459 ns, At safepoint: 173416 ns, Total: 6319875 ns
[2023-07-18T03:53:20.717+0000][1][safepoint    ] Safepoint "Cleanup", Time since last: 1001714292 ns, Reaching safepoint: 3207292 ns, At safepoint: 67292 ns, Total: 3274584 ns
[2023-07-18T03:53:20.810+0000][1][gc,start     ] GC(53) Pause Young (Allocation Failure)
[2023-07-18T03:53:20.812+0000][1][gc,task      ] GC(53) Using 4 workers of 4 for evacuation
[2023-07-18T03:53:20.838+0000][1][gc,age       ] GC(53) Desired survivor size 8945664 bytes, new threshold 6 (max threshold 6)
[2023-07-18T03:53:20.839+0000][1][gc,age       ] GC(53) Age table with threshold 6 (max threshold 6)
[2023-07-18T03:53:20.839+0000][1][gc,age       ] GC(53) - age   1:     170056 bytes,     170056 total
[2023-07-18T03:53:20.839+0000][1][gc,age       ] GC(53) - age   2:       2392 bytes,     172448 total
[2023-07-18T03:53:20.839+0000][1][gc,age       ] GC(53) - age   3:       3408 bytes,     175856 total
[2023-07-18T03:53:20.839+0000][1][gc,age       ] GC(53) - age   4:      55424 bytes,     231280 total
[2023-07-18T03:53:20.839+0000][1][gc,age       ] GC(53) - age   5:       1560 bytes,     232840 total
[2023-07-18T03:53:20.839+0000][1][gc,age       ] GC(53) - age   6:      35784 bytes,     268624 total
[2023-07-18T03:53:20.841+0000][1][gc,heap      ] GC(53) ParNew: 140183K->304K(157248K)
[2023-07-18T03:53:20.841+0000][1][gc,heap      ] GC(53) CMS: 71841K->71866K(349568K)
[2023-07-18T03:53:20.841+0000][1][gc,metaspace ] GC(53) Metaspace: 92890K->92890K(1134592K)
[2023-07-18T03:53:20.842+0000][1][gc           ] GC(53) Pause Young (Allocation Failure) 207M->70M(494M) 32.572ms
[2023-07-18T03:53:20.842+0000][1][gc,cpu       ] GC(53) User=0.07s Sys=0.01s Real=0.03s
[2023-07-18T03:53:20.843+0000][1][safepoint    ] Safepoint "GenCollectForAllocation", Time since last: 90841625 ns, Reaching safepoint: 1642375 ns, At safepoint: 33554166 ns, Total: 35196541 ns
[2023-07-18T03:53:21.845+0000][1][safepoint    ] Safepoint "Cleanup", Time since last: 1000408543 ns, Reaching safepoint: 1845916 ns, At safepoint: 51792 ns, Total: 1897708 ns
[2023-07-18T03:53:22.850+0000][1][safepoint    ] Safepoint "Cleanup", Time since last: 1001087042 ns, Reaching safepoint: 3978458 ns, At safepoint: 93667 ns, Total: 4072125 ns
[2023-07-18T03:53:23.855+0000][1][safepoint    ] Safepoint "Cleanup", Time since last: 1002835126 ns, Reaching safepoint: 1505416 ns, At safepoint: 53709 ns, Total: 1559125 ns
[2023-07-18T03:53:24.862+0000][1][safepoint    ] Safepoint "Cleanup", Time since last: 1003411708 ns, Reaching safepoint: 3789750 ns, At safepoint: 112250 ns, Total: 3902000 ns
[2023-07-18T03:53:25.869+0000][1][safepoint    ] Safepoint "Cleanup", Time since last: 1002068293 ns, Reaching safepoint: 4455333 ns, At safepoint: 109083 ns, Total: 4564416 ns
[2023-07-18T03:53:26.874+0000][1][safepoint    ] Safepoint "Cleanup", Time since last: 1002439251 ns, Reaching safepoint: 3068333 ns, At safepoint: 46833 ns, Total: 3115166 ns
[2023-07-18T03:53:27.881+0000][1][safepoint    ] Safepoint "Cleanup", Time since last: 1002663584 ns, Reaching safepoint: 4102083 ns, At safepoint: 109209 ns, Total: 4211292 ns
[2023-07-18T03:53:28.886+0000][1][safepoint    ] Safepoint "Cleanup", Time since last: 1002045584 ns, Reaching safepoint: 2991833 ns, At safepoint: 108042 ns, Total: 3099875 ns
[2023-07-18T03:53:29.888+0000][1][safepoint    ] Safepoint "Cleanup", Time since last: 1001430458 ns, Reaching safepoint: 787792 ns, At safepoint: 22375 ns, Total: 810167 ns
[2023-07-18T03:53:30.890+0000][1][safepoint    ] Safepoint "Cleanup", Time since last: 1000943042 ns, Reaching safepoint: 964042 ns, At safepoint: 19792 ns, Total: 983834 ns
[2023-07-18T03:53:31.894+0000][1][safepoint    ] Safepoint "Cleanup", Time since last: 1000778042 ns, Reaching safepoint: 2974333 ns, At safepoint: 116500 ns, Total: 3090833 ns
[2023-07-18T03:53:32.899+0000][1][safepoint    ] Safepoint "Cleanup", Time since last: 1001330626 ns, Reaching safepoint: 3736708 ns, At safepoint: 97917 ns, Total: 3834625 ns
[2023-07-18T03:53:33.906+0000][1][safepoint    ] Safepoint "Cleanup", Time since last: 1002325833 ns, Reaching safepoint: 3995500 ns, At safepoint: 105250 ns, Total: 4100750 ns
[2023-07-18T03:53:34.913+0000][1][safepoint    ] Safepoint "Cleanup", Time since last: 1002939501 ns, Reaching safepoint: 3838708 ns, At safepoint: 121667 ns, Total: 3960375 ns
[2023-07-18T03:53:35.917+0000][1][safepoint    ] Safepoint "Cleanup", Time since last: 1001575500 ns, Reaching safepoint: 3041209 ns, At safepoint: 94625 ns, Total: 3135834 ns
[2023-07-18T03:53:36.924+0000][1][safepoint    ] Safepoint "Cleanup", Time since last: 1002158542 ns, Reaching safepoint: 4000041 ns, At safepoint: 154834 ns, Total: 4154875 ns
[2023-07-18T03:53:37.931+0000][1][safepoint    ] Safepoint "Cleanup", Time since last: 1003024709 ns, Reaching safepoint: 3832083 ns, At safepoint: 144917 ns, Total: 3977000 ns
[2023-07-18T03:53:38.935+0000][1][safepoint    ] Safepoint "Cleanup", Time since last: 1001734167 ns, Reaching safepoint: 2439500 ns, At safepoint: 90583 ns, Total: 2530083 ns
[2023-07-18T03:53:39.940+0000][1][safepoint    ] Safepoint "Cleanup", Time since last: 1001198417 ns, Reaching safepoint: 4120709 ns, At safepoint: 110125 ns, Total: 4230834 ns
[2023-07-18T03:53:40.944+0000][1][safepoint    ] Safepoint "Cleanup", Time since last: 1002579250 ns, Reaching safepoint: 758583 ns, At safepoint: 16709 ns, Total: 775292 ns
[2023-07-18T03:53:41.957+0000][1][safepoint    ] Safepoint "Cleanup", Time since last: 1000515625 ns, Reaching safepoint: 1374125 ns, At safepoint: 30125 ns, Total: 1404250 ns
[2023-07-18T03:53:42.963+0000][1][safepoint    ] Safepoint "Cleanup", Time since last: 1000848125 ns, Reaching safepoint: 4378792 ns, At safepoint: 101583 ns, Total: 4480375 ns
[2023-07-18T03:53:43.480+0000][1][safepoint    ] Safepoint "RevokeBias", Time since last: 516505042 ns, Reaching safepoint: 873750 ns, At safepoint: 155208 ns, Total: 1028958 ns
[2023-07-18T03:53:43.482+0000][1][safepoint    ] Safepoint "RevokeBias", Time since last: 1007375 ns, Reaching safepoint: 979209 ns, At safepoint: 186083 ns, Total: 1165292 ns
[2023-07-18T03:53:43.505+0000][1][safepoint    ] Safepoint "BulkRevokeBias", Time since last: 19846250 ns, Reaching safepoint: 801625 ns, At safepoint: 1905792 ns, Total: 2707417 ns
[2023-07-18T03:53:43.508+0000][1][safepoint    ] Safepoint "RevokeBias", Time since last: 1830291 ns, Reaching safepoint: 846000 ns, At safepoint: 93042 ns, Total: 939042 ns
[2023-07-18T03:53:44.512+0000][1][safepoint    ] Safepoint "Cleanup", Time since last: 1000991375 ns, Reaching safepoint: 3385959 ns, At safepoint: 109250 ns, Total: 3495209 ns
[2023-07-18T03:53:45.518+0000][1][safepoint    ] Safepoint "Cleanup", Time since last: 1002159292 ns, Reaching safepoint: 3266292 ns, At safepoint: 80166 ns, Total: 3346458 ns
[2023-07-18T03:53:46.523+0000][1][safepoint    ] Safepoint "Cleanup", Time since last: 1001132584 ns, Reaching safepoint: 3939708 ns, At safepoint: 113250 ns, Total: 4052958 ns
[2023-07-18T03:53:47.530+0000][1][safepoint    ] Safepoint "Cleanup", Time since last: 1001842043 ns, Reaching safepoint: 4623416 ns, At safepoint: 115667 ns, Total: 4739083 ns
[2023-07-18T03:53:48.537+0000][1][safepoint    ] Safepoint "Cleanup", Time since last: 1003404209 ns, Reaching safepoint: 3505125 ns, At safepoint: 87625 ns, Total: 3592750 ns
[2023-07-18T03:53:49.541+0000][1][safepoint    ] Safepoint "Cleanup", Time since last: 1001276250 ns, Reaching safepoint: 3269917 ns, At safepoint: 83958 ns, Total: 3353875 ns
[2023-07-18T03:53:50.547+0000][1][safepoint    ] Safepoint "Cleanup", Time since last: 1001286334 ns, Reaching safepoint: 3969958 ns, At safepoint: 167084 ns, Total: 4137042 ns
[2023-07-18T03:53:51.553+0000][1][safepoint    ] Safepoint "Cleanup", Time since last: 1001553458 ns, Reaching safepoint: 4287084 ns, At safepoint: 110791 ns, Total: 4397875 ns
[2023-07-18T03:53:52.558+0000][1][safepoint    ] Safepoint "Cleanup", Time since last: 1001462709 ns, Reaching safepoint: 3880584 ns, At safepoint: 124333 ns, Total: 4004917 ns
[2023-07-18T03:53:53.565+0000][1][safepoint    ] Safepoint "Cleanup", Time since last: 1002660250 ns, Reaching safepoint: 3912542 ns, At safepoint: 100292 ns, Total: 4012834 ns
[2023-07-18T03:53:54.570+0000][1][safepoint    ] Safepoint "Cleanup", Time since last: 1002177167 ns, Reaching safepoint: 2814333 ns, At safepoint: 78500 ns, Total: 2892833 ns
[2023-07-18T03:53:55.575+0000][1][safepoint    ] Safepoint "Cleanup", Time since last: 1001001417 ns, Reaching safepoint: 3728625 ns, At safepoint: 143250 ns, Total: 3871875 ns
[2023-07-18T03:53:56.580+0000][1][safepoint    ] Safepoint "Cleanup", Time since last: 1001564709 ns, Reaching safepoint: 3974584 ns, At safepoint: 88750 ns, Total: 4063334 ns
[2023-07-18T03:53:57.587+0000][1][safepoint    ] Safepoint "Cleanup", Time since last: 1003415750 ns, Reaching safepoint: 3514375 ns, At safepoint: 78250 ns, Total: 3592625 ns
[2023-07-18T03:53:58.593+0000][1][safepoint    ] Safepoint "Cleanup", Time since last: 1001332542 ns, Reaching safepoint: 3818875 ns, At safepoint: 95458 ns, Total: 3914333 ns
[2023-07-18T03:53:59.598+0000][1][safepoint    ] Safepoint "Cleanup", Time since last: 1001392043 ns, Reaching safepoint: 3565083 ns, At safepoint: 108375 ns, Total: 3673458 ns
[2023-07-18T03:54:00.600+0000][1][safepoint    ] Safepoint "Cleanup", Time since last: 1001264334 ns, Reaching safepoint: 1594333 ns, At safepoint: 19917 ns, Total: 1614250 ns
[2023-07-18T03:54:01.606+0000][1][safepoint    ] Safepoint "Cleanup", Time since last: 1000560250 ns, Reaching safepoint: 4421584 ns, At safepoint: 92666 ns, Total: 4514250 ns
[2023-07-18T03:54:02.611+0000][1][safepoint    ] Safepoint "Cleanup", Time since last: 1001769626 ns, Reaching safepoint: 3309541 ns, At safepoint: 86167 ns, Total: 3395708 ns
[2023-07-18T03:54:03.616+0000][1][safepoint    ] Safepoint "Cleanup", Time since last: 1001273292 ns, Reaching safepoint: 3834250 ns, At safepoint: 112250 ns, Total: 3946500 ns
[2023-07-18T03:54:04.622+0000][1][safepoint    ] Safepoint "Cleanup", Time since last: 1002642751 ns, Reaching safepoint: 3776500 ns, At safepoint: 117750 ns, Total: 3894250 ns
[2023-07-18T03:54:05.630+0000][1][safepoint    ] Safepoint "Cleanup", Time since last: 1003207833 ns, Reaching safepoint: 4027000 ns, At safepoint: 88375 ns, Total: 4115375 ns
[2023-07-18T03:54:06.638+0000][1][safepoint    ] Safepoint "Cleanup", Time since last: 1003748334 ns, Reaching safepoint: 4549042 ns, At safepoint: 99292 ns, Total: 4648334 ns
[2023-07-18T03:54:07.644+0000][1][safepoint    ] Safepoint "Cleanup", Time since last: 1003062708 ns, Reaching safepoint: 2697042 ns, At safepoint: 70708 ns, Total: 2767750 ns
[2023-07-18T03:54:08.652+0000][1][safepoint    ] Safepoint "Cleanup", Time since last: 1004456001 ns, Reaching safepoint: 3022208 ns, At safepoint: 98667 ns, Total: 3120875 ns
[2023-07-18T03:54:09.662+0000][1][safepoint    ] Safepoint "Cleanup", Time since last: 1005506292 ns, Reaching safepoint: 4386333 ns, At safepoint: 96125 ns, Total: 4482458 ns
[2023-07-18T03:54:10.667+0000][1][safepoint    ] Safepoint "Cleanup", Time since last: 1001541209 ns, Reaching safepoint: 3873042 ns, At safepoint: 98292 ns, Total: 3971334 ns
[2023-07-18T04:10:18.161+0000][1][safepoint    ] Safepoint "Cleanup", Time since last: 1001676332 ns, Reaching safepoint: 4350959 ns, At safepoint: 92916 ns, Total: 4443875 ns
[2023-07-18T04:10:19.167+0000][1][safepoint    ] Safepoint "Cleanup", Time since last: 1001453751 ns, Reaching safepoint: 4316125 ns, At safepoint: 130958 ns, Total: 4447083 ns
[2023-07-18T04:10:20.172+0000][1][safepoint    ] Safepoint "Cleanup", Time since last: 1001401292 ns, Reaching safepoint: 3978334 ns, At safepoint: 93583 ns, Total: 4071917 ns
[2023-07-18T04:10:21.179+0000][1][safepoint    ] Safepoint "Cleanup", Time since last: 1003210875 ns, Reaching safepoint: 3259542 ns, At safepoint: 79167 ns, Total: 3338709 ns
[2023-07-18T04:10:22.187+0000][1][safepoint    ] Safepoint "Cleanup", Time since last: 1003770667 ns, Reaching safepoint: 3822167 ns, At safepoint: 127541 ns, Total: 3949708 ns
[2023-07-18T04:10:23.193+0000][1][safepoint    ] Safepoint "Cleanup", Time since last: 1002413501 ns, Reaching safepoint: 3817458 ns, At safepoint: 94000 ns, Total: 3911458 ns
[2023-07-18T04:10:24.198+0000][1][safepoint    ] Safepoint "Cleanup", Time since last: 1003096292 ns, Reaching safepoint: 2204125 ns, At safepoint: 76667 ns, Total: 2280792 ns
[2023-07-18T04:10:25.203+0000][1][safepoint    ] Safepoint "Cleanup", Time since last: 1001306542 ns, Reaching safepoint: 3088500 ns, At safepoint: 83708 ns, Total: 3172208 ns
[2023-07-18T04:10:26.210+0000][1][safepoint    ] Safepoint "Cleanup", Time since last: 1003376751 ns, Reaching safepoint: 3926958 ns, At safepoint: 132334 ns, Total: 4059292 ns
[2023-07-18T04:10:27.218+0000][1][safepoint    ] Safepoint "Cleanup", Time since last: 1004383375 ns, Reaching safepoint: 3485417 ns, At safepoint: 100125 ns, Total: 3585542 ns
[2023-07-18T04:10:28.226+0000][1][safepoint    ] Safepoint "Cleanup", Time since last: 1003323334 ns, Reaching safepoint: 4223208 ns, At safepoint: 100292 ns, Total: 4323500 ns
[2023-07-18T04:10:29.233+0000][1][safepoint    ] Safepoint "Cleanup", Time since last: 1003162708 ns, Reaching safepoint: 3735000 ns, At safepoint: 108709 ns, Total: 3843709 ns
[2023-07-18T04:10:30.240+0000][1][safepoint    ] Safepoint "Cleanup", Time since last: 1003968375 ns, Reaching safepoint: 2915458 ns, At safepoint: 97959 ns, Total: 3013417 ns
[2023-07-18T04:10:31.248+0000][1][safepoint    ] Safepoint "Cleanup", Time since last: 1003765292 ns, Reaching safepoint: 4143833 ns, At safepoint: 96625 ns, Total: 4240458 ns
[2023-07-18T04:10:32.253+0000][1][safepoint    ] Safepoint "Cleanup", Time since last: 1001557292 ns, Reaching safepoint: 3699584 ns, At safepoint: 155375 ns, Total: 3854959 ns
[2023-07-18T04:10:33.259+0000][1][safepoint    ] Safepoint "Cleanup", Time since last: 1001846542 ns, Reaching safepoint: 3730583 ns, At safepoint: 96000 ns, Total: 3826583 ns
[2023-07-18T04:10:34.267+0000][1][safepoint    ] Safepoint "Cleanup", Time since last: 1003667542 ns, Reaching safepoint: 4178875 ns, At safepoint: 99959 ns, Total: 4278834 ns
[2023-07-18T04:10:35.273+0000][1][safepoint    ] Safepoint "Cleanup", Time since last: 1001977000 ns, Reaching safepoint: 3861334 ns, At safepoint: 98750 ns, Total: 3960084 ns
[2023-07-18T04:10:36.279+0000][1][safepoint    ] Safepoint "Cleanup", Time since last: 1001942708 ns, Reaching safepoint: 3727459 ns, At safepoint: 102625 ns, Total: 3830084 ns
[2023-07-18T04:10:37.282+0000][1][safepoint    ] Safepoint "Cleanup", Time since last: 1001333167 ns, Reaching safepoint: 1553917 ns, At safepoint: 22375 ns, Total: 1576292 ns
[2023-07-18T04:10:38.287+0000][1][safepoint    ] Safepoint "Cleanup", Time since last: 1000952458 ns, Reaching safepoint: 4024417 ns, At safepoint: 109333 ns, Total: 4133750 ns
[2023-07-18T04:10:39.294+0000][1][safepoint    ] Safepoint "Cleanup", Time since last: 1003052667 ns, Reaching safepoint: 3795292 ns, At safepoint: 104083 ns, Total: 3899375 ns
[2023-07-18T04:10:40.299+0000][1][safepoint    ] Safepoint "Cleanup", Time since last: 1001481834 ns, Reaching safepoint: 4176459 ns, At safepoint: 107250 ns, Total: 4283709 ns
[2023-07-18T04:10:41.304+0000][1][safepoint    ] Safepoint "Cleanup", Time since last: 1001579417 ns, Reaching safepoint: 2529666 ns, At safepoint: 79459 ns, Total: 2609125 ns
[2023-07-18T04:10:42.311+0000][1][safepoint    ] Safepoint "Cleanup", Time since last: 1003219667 ns, Reaching safepoint: 3632000 ns, At safepoint: 107250 ns, Total: 3739250 ns
[2023-07-18T04:10:43.317+0000][1][safepoint    ] Safepoint "Cleanup", Time since last: 1003355042 ns, Reaching safepoint: 2685542 ns, At safepoint: 69958 ns, Total: 2755500 ns
[2023-07-18T04:10:44.325+0000][1][safepoint    ] Safepoint "Cleanup", Time since last: 1004738209 ns, Reaching safepoint: 3550625 ns, At safepoint: 96083 ns, Total: 3646708 ns
[2023-07-18T04:10:45.329+0000][1][safepoint    ] Safepoint "Cleanup", Time since last: 1002459626 ns, Reaching safepoint: 1820916 ns, At safepoint: 43542 ns, Total: 1864458 ns
[2023-07-18T04:10:46.334+0000][1][safepoint    ] Safepoint "Cleanup", Time since last: 1000819250 ns, Reaching safepoint: 3900209 ns, At safepoint: 98458 ns, Total: 3998667 ns
[2023-07-18T04:10:47.339+0000][1][safepoint    ] Safepoint "Cleanup", Time since last: 1003838292 ns, Reaching safepoint: 713917 ns, At safepoint: 17667 ns, Total: 731584 ns
[2023-07-18T04:10:48.340+0000][1][safepoint    ] Safepoint "Cleanup", Time since last: 1002090791 ns, Reaching safepoint: 4020416 ns, At safepoint: 114709 ns, Total: 4135125 ns
[2023-07-18T04:10:49.346+0000][1][safepoint    ] Safepoint "Cleanup", Time since last: 1002125959 ns, Reaching safepoint: 4002541 ns, At safepoint: 142542 ns, Total: 4145083 ns
[2023-07-18T04:10:50.352+0000][1][safepoint    ] Safepoint "Cleanup", Time since last: 1001542750 ns, Reaching safepoint: 3952959 ns, At safepoint: 115375 ns, Total: 4068334 ns
[2023-07-18T04:10:50.957+0000][1][safepoint    ] Safepoint "RevokeBias", Time since last: 603803208 ns, Reaching safepoint: 1354959 ns, At safepoint: 171041 ns, Total: 1526000 ns
[2023-07-18T04:10:50.960+0000][1][safepoint    ] Safepoint "RevokeBias", Time since last: 2197000 ns, Reaching safepoint: 1106417 ns, At safepoint: 86000 ns, Total: 1192417 ns
[2023-07-18T04:10:50.966+0000][1][safepoint    ] Safepoint "RevokeBias", Time since last: 4821750 ns, Reaching safepoint: 1027833 ns, At safepoint: 84375 ns, Total: 1112208 ns
[2023-07-18T04:10:50.985+0000][1][safepoint    ] Safepoint "RevokeBias", Time since last: 17861209 ns, Reaching safepoint: 934833 ns, At safepoint: 148917 ns, Total: 1083750 ns
[2023-07-18T04:10:50.996+0000][1][safepoint    ] Safepoint "RevokeBias", Time since last: 9089458 ns, Reaching safepoint: 1570917 ns, At safepoint: 86208 ns, Total: 1657125 ns
[2023-07-18T04:10:52.001+0000][1][safepoint    ] Safepoint "Cleanup", Time since last: 1000466001 ns, Reaching safepoint: 4040416 ns, At safepoint: 201292 ns, Total: 4241708 ns
[2023-07-18T04:10:53.007+0000][1][safepoint    ] Safepoint "Cleanup", Time since last: 1003911709 ns, Reaching safepoint: 2271833 ns, At safepoint: 76250 ns, Total: 2348083 ns
[2023-07-18T04:10:54.012+0000][1][safepoint    ] Safepoint "Cleanup", Time since last: 1001891501 ns, Reaching safepoint: 3403458 ns, At safepoint: 92375 ns, Total: 3495833 ns
[2023-07-18T04:10:55.018+0000][1][safepoint    ] Safepoint "Cleanup", Time since last: 1001783500 ns, Reaching safepoint: 3569000 ns, At safepoint: 115334 ns, Total: 3684334 ns
[2023-07-18T04:10:56.024+0000][1][safepoint    ] Safepoint "Cleanup", Time since last: 1001521583 ns, Reaching safepoint: 4248959 ns, At safepoint: 108000 ns, Total: 4356959 ns
[2023-07-18T04:10:57.029+0000][1][safepoint    ] Safepoint "Cleanup", Time since last: 1002270292 ns, Reaching safepoint: 3019833 ns, At safepoint: 114375 ns, Total: 3134208 ns
[2023-07-18T04:10:57.293+0000][1][safepoint    ] Safepoint "RevokeBias", Time since last: 261781250 ns, Reaching safepoint: 1666875 ns, At safepoint: 167542 ns, Total: 1834417 ns
[2023-07-18T04:10:59.178+0000][1][safepoint    ] Safepoint "Cleanup", Time since last: 1882899418 ns, Reaching safepoint: 2715708 ns, At safepoint: 61250 ns, Total: 2776958 ns
[2023-07-18T04:11:00.183+0000][1][safepoint    ] Safepoint "Cleanup", Time since last: 1001427709 ns, Reaching safepoint: 2976625 ns, At safepoint: 92916 ns, Total: 3069541 ns
[2023-07-18T04:11:01.185+0000][1][safepoint    ] Safepoint "Cleanup", Time since last: 1001163543 ns, Reaching safepoint: 628750 ns, At safepoint: 14125 ns, Total: 642875 ns
[2023-07-18T04:11:02.187+0000][1][safepoint    ] Safepoint "Cleanup", Time since last: 1000618542 ns, Reaching safepoint: 1537250 ns, At safepoint: 38000 ns, Total: 1575250 ns
[2023-07-18T04:11:03.191+0000][1][safepoint    ] Safepoint "Cleanup", Time since last: 1002463959 ns, Reaching safepoint: 1142500 ns, At safepoint: 26125 ns, Total: 1168625 ns
[2023-07-18T04:11:04.193+0000][1][safepoint    ] Safepoint "Cleanup", Time since last: 1000539208 ns, Reaching safepoint: 1394917 ns, At safepoint: 32458 ns, Total: 1427375 ns
[2023-07-18T04:11:05.197+0000][1][safepoint    ] Safepoint "Cleanup", Time since last: 1000980043 ns, Reaching safepoint: 3752416 ns, At safepoint: 93084 ns, Total: 3845500 ns
[2023-07-18T04:11:06.204+0000][1][safepoint    ] Safepoint "Cleanup", Time since last: 1003166542 ns, Reaching safepoint: 3090666 ns, At safepoint: 91792 ns, Total: 3182458 ns
[2023-07-18T04:11:07.206+0000][1][safepoint    ] Safepoint "Cleanup", Time since last: 1001362334 ns, Reaching safepoint: 1232500 ns, At safepoint: 20791 ns, Total: 1253291 ns
[2023-07-18T04:11:08.210+0000][1][safepoint    ] Safepoint "Cleanup", Time since last: 1001890709 ns, Reaching safepoint: 2224834 ns, At safepoint: 59000 ns, Total: 2283834 ns
[2023-07-18T04:11:09.214+0000][1][safepoint    ] Safepoint "Cleanup", Time since last: 1000880292 ns, Reaching safepoint: 2609083 ns, At safepoint: 93083 ns, Total: 2702166 ns
[2023-07-18T04:11:10.221+0000][1][safepoint    ] Safepoint "Cleanup", Time since last: 1001216209 ns, Reaching safepoint: 5468417 ns, At safepoint: 115167 ns, Total: 5583584 ns
[2023-07-18T04:11:11.224+0000][1][safepoint    ] Safepoint "Cleanup", Time since last: 1001425250 ns, Reaching safepoint: 1459750 ns, At safepoint: 36333 ns, Total: 1496083 ns
[2023-07-18T04:11:12.228+0000][1][safepoint    ] Safepoint "Cleanup", Time since last: 1000765418 ns, Reaching safepoint: 2937916 ns, At safepoint: 77750 ns, Total: 3015666 ns
[2023-07-18T04:11:13.235+0000][1][safepoint    ] Safepoint "Cleanup", Time since last: 1003967376 ns, Reaching safepoint: 3484083 ns, At safepoint: 135875 ns, Total: 3619958 ns
[2023-07-18T04:11:14.241+0000][1][safepoint    ] Safepoint "Cleanup", Time since last: 1001383250 ns, Reaching safepoint: 4166875 ns, At safepoint: 200500 ns, Total: 4367375 ns
[2023-07-18T04:11:15.248+0000][1][safepoint    ] Safepoint "Cleanup", Time since last: 1002306043 ns, Reaching safepoint: 4304000 ns, At safepoint: 195833 ns, Total: 4499833 ns
[2023-07-18T04:11:16.254+0000][1][safepoint    ] Safepoint "Cleanup", Time since last: 1002056209 ns, Reaching safepoint: 3619916 ns, At safepoint: 103000 ns, Total: 3722916 ns
[2023-07-18T04:11:17.259+0000][1][safepoint    ] Safepoint "Cleanup", Time since last: 1002922918 ns, Reaching safepoint: 2559541 ns, At safepoint: 46667 ns, Total: 2606208 ns
[2023-07-18T04:11:18.267+0000][1][safepoint    ] Safepoint "Cleanup", Time since last: 1001727624 ns, Reaching safepoint: 2735709 ns, At safepoint: 85083 ns, Total: 2820792 ns
[2023-07-18T04:11:19.271+0000][1][safepoint    ] Safepoint "Cleanup", Time since last: 1001073334 ns, Reaching safepoint: 3005458 ns, At safepoint: 100084 ns, Total: 3105542 ns
[2023-07-18T04:11:20.284+0000][1][safepoint    ] Safepoint "Cleanup", Time since last: 1008484167 ns, Reaching safepoint: 3774000 ns, At safepoint: 177500 ns, Total: 3951500 ns
[2023-07-18T04:11:21.287+0000][1][safepoint    ] Safepoint "Cleanup", Time since last: 1002049625 ns, Reaching safepoint: 1408834 ns, At safepoint: 38750 ns, Total: 1447584 ns
[2023-07-18T04:11:22.315+0000][1][safepoint    ] Safepoint "Cleanup", Time since last: 1005737917 ns, Reaching safepoint: 17055958 ns, At safepoint: 717125 ns, Total: 17773083 ns
[2023-07-18T04:11:23.339+0000][1][safepoint    ] Safepoint "Cleanup", Time since last: 1024985584 ns, Reaching safepoint: 3394125 ns, At safepoint: 88792 ns, Total: 3482917 ns
[2023-07-18T04:11:24.344+0000][1][safepoint    ] Safepoint "Cleanup", Time since last: 1001571792 ns, Reaching safepoint: 2892166 ns, At safepoint: 89125 ns, Total: 2981291 ns
[2023-07-18T04:11:25.349+0000][1][safepoint    ] Safepoint "Cleanup", Time since last: 1001393917 ns, Reaching safepoint: 3514667 ns, At safepoint: 88583 ns, Total: 3603250 ns
[2023-07-18T04:11:26.354+0000][1][safepoint    ] Safepoint "Cleanup", Time since last: 1001424126 ns, Reaching safepoint: 3634167 ns, At safepoint: 98666 ns, Total: 3732833 ns
[2023-07-18T04:11:27.276+0000][1][gc,start     ] GC(54) Pause Young (Allocation Failure)
[2023-07-18T04:11:27.280+0000][1][gc,task      ] GC(54) Using 4 workers of 4 for evacuation
[2023-07-18T04:11:27.319+0000][1][gc,age       ] GC(54) Desired survivor size 8945664 bytes, new threshold 6 (max threshold 6)
[2023-07-18T04:11:27.320+0000][1][gc,age       ] GC(54) Age table with threshold 6 (max threshold 6)
[2023-07-18T04:11:27.320+0000][1][gc,age       ] GC(54) - age   1:     118608 bytes,     118608 total
[2023-07-18T04:11:27.320+0000][1][gc,age       ] GC(54) - age   2:       2832 bytes,     121440 total
[2023-07-18T04:11:27.320+0000][1][gc,age       ] GC(54) - age   3:       2240 bytes,     123680 total
[2023-07-18T04:11:27.320+0000][1][gc,age       ] GC(54) - age   4:       3408 bytes,     127088 total
[2023-07-18T04:11:27.320+0000][1][gc,age       ] GC(54) - age   5:      54856 bytes,     181944 total
[2023-07-18T04:11:27.320+0000][1][gc,age       ] GC(54) - age   6:        888 bytes,     182832 total
[2023-07-18T04:11:27.322+0000][1][gc,heap      ] GC(54) ParNew: 140080K->242K(157248K)
[2023-07-18T04:11:27.322+0000][1][gc,heap      ] GC(54) CMS: 71866K->71902K(349568K)
[2023-07-18T04:11:27.322+0000][1][gc,metaspace ] GC(54) Metaspace: 92890K->92890K(1134592K)
[2023-07-18T04:11:27.323+0000][1][gc           ] GC(54) Pause Young (Allocation Failure) 206M->70M(494M) 47.671ms
[2023-07-18T04:11:27.323+0000][1][gc,cpu       ] GC(54) User=0.08s Sys=0.03s Real=0.05s
[2023-07-18T04:11:27.323+0000][1][safepoint    ] Safepoint "GenCollectForAllocation", Time since last: 914767584 ns, Reaching safepoint: 5133875 ns, At safepoint: 49461083 ns, Total: 54594958 ns
[2023-07-18T04:11:28.326+0000][1][safepoint    ] Safepoint "Cleanup", Time since last: 1000675751 ns, Reaching safepoint: 2471958 ns, At safepoint: 61334 ns, Total: 2533292 ns
[2023-07-18T04:11:29.332+0000][1][safepoint    ] Safepoint "Cleanup", Time since last: 1001709792 ns, Reaching safepoint: 4141000 ns, At safepoint: 110583 ns, Total: 4251583 ns
[2023-07-18T04:11:30.338+0000][1][safepoint    ] Safepoint "Cleanup", Time since last: 1001771001 ns, Reaching safepoint: 3720083 ns, At safepoint: 102500 ns, Total: 3822583 ns
[2023-07-18T04:11:31.342+0000][1][safepoint    ] Safepoint "Cleanup", Time since last: 1001726209 ns, Reaching safepoint: 2566416 ns, At safepoint: 79209 ns, Total: 2645625 ns
[2023-07-18T04:11:32.349+0000][1][safepoint    ] Safepoint "Cleanup", Time since last: 1002139167 ns, Reaching safepoint: 3866458 ns, At safepoint: 109625 ns, Total: 3976083 ns
[2023-07-18T04:11:33.351+0000][1][safepoint    ] Safepoint "Cleanup", Time since last: 1001431334 ns, Reaching safepoint: 977708 ns, At safepoint: 37250 ns, Total: 1014958 ns
[2023-07-18T04:11:34.356+0000][1][safepoint    ] Safepoint "Cleanup", Time since last: 1001110834 ns, Reaching safepoint: 3494625 ns, At safepoint: 130750 ns, Total: 3625375 ns
[2023-07-18T04:11:35.361+0000][1][safepoint    ] Safepoint "Cleanup", Time since last: 1002516376 ns, Reaching safepoint: 2880000 ns, At safepoint: 98708 ns, Total: 2978708 ns
[2023-07-18T04:11:36.367+0000][1][safepoint    ] Safepoint "Cleanup", Time since last: 1001589917 ns, Reaching safepoint: 3781500 ns, At safepoint: 126750 ns, Total: 3908250 ns
[2023-07-18T04:11:37.369+0000][1][safepoint    ] Safepoint "Cleanup", Time since last: 1001349626 ns, Reaching safepoint: 1151875 ns, At safepoint: 18583 ns, Total: 1170458 ns
[2023-07-18T04:11:38.374+0000][1][safepoint    ] Safepoint "Cleanup", Time since last: 1002767875 ns, Reaching safepoint: 2110042 ns, At safepoint: 42542 ns, Total: 2152584 ns
[2023-07-18T04:11:39.379+0000][1][safepoint    ] Safepoint "Cleanup", Time since last: 1000840375 ns, Reaching safepoint: 4047334 ns, At safepoint: 86250 ns, Total: 4133584 ns
[2023-07-18T04:11:40.389+0000][1][safepoint    ] Safepoint "Cleanup", Time since last: 1005637000 ns, Reaching safepoint: 3888167 ns, At safepoint: 92000 ns, Total: 3980167 ns
[2023-07-18T04:11:41.394+0000][1][safepoint    ] Safepoint "Cleanup", Time since last: 1002001708 ns, Reaching safepoint: 3627584 ns, At safepoint: 99500 ns, Total: 3727084 ns
[2023-07-18T04:11:42.399+0000][1][safepoint    ] Safepoint "Cleanup", Time since last: 1001473250 ns, Reaching safepoint: 2551000 ns, At safepoint: 79209 ns, Total: 2630209 ns
[2023-07-18T04:11:43.401+0000][1][safepoint    ] Safepoint "Cleanup", Time since last: 1001776208 ns, Reaching safepoint: 1082500 ns, At safepoint: 26750 ns, Total: 1109250 ns
[2023-07-18T04:11:44.407+0000][1][safepoint    ] Safepoint "Cleanup", Time since last: 1001449168 ns, Reaching safepoint: 3980041 ns, At safepoint: 96375 ns, Total: 4076416 ns
[2023-07-18T04:11:45.414+0000][1][safepoint    ] Safepoint "Cleanup", Time since last: 1002040709 ns, Reaching safepoint: 4407250 ns, At safepoint: 115417 ns, Total: 4522667 ns
[2023-07-18T04:11:46.419+0000][1][safepoint    ] Safepoint "Cleanup", Time since last: 1001729834 ns, Reaching safepoint: 3455541 ns, At safepoint: 127334 ns, Total: 3582875 ns
[2023-07-18T04:11:47.421+0000][1][safepoint    ] Safepoint "Cleanup", Time since last: 1001454042 ns, Reaching safepoint: 649541 ns, At safepoint: 14834 ns, Total: 664375 ns
[2023-07-18T04:11:48.421+0000][1][safepoint    ] Safepoint "Cleanup", Time since last: 1001276250 ns, Reaching safepoint: 3198750 ns, At safepoint: 97625 ns, Total: 3296375 ns
[2023-07-18T04:11:49.428+0000][1][safepoint    ] Safepoint "Cleanup", Time since last: 1003815583 ns, Reaching safepoint: 3608917 ns, At safepoint: 85333 ns, Total: 3694250 ns
[2023-07-18T04:11:50.434+0000][1][safepoint    ] Safepoint "Cleanup", Time since last: 1001918167 ns, Reaching safepoint: 3880209 ns, At safepoint: 110250 ns, Total: 3990459 ns
[2023-07-18T04:11:51.439+0000][1][safepoint    ] Safepoint "Cleanup", Time since last: 1002306750 ns, Reaching safepoint: 2643625 ns, At safepoint: 108084 ns, Total: 2751709 ns
[2023-07-18T04:11:51.980+0000][1][safepoint    ] Safepoint "RevokeBias", Time since last: 538897833 ns, Reaching safepoint: 943000 ns, At safepoint: 936084 ns, Total: 1879084 ns
[2023-07-18T04:11:51.983+0000][1][safepoint    ] Safepoint "RevokeBias", Time since last: 1953125 ns, Reaching safepoint: 790750 ns, At safepoint: 394375 ns, Total: 1185125 ns
[2023-07-18T04:11:52.014+0000][1][safepoint    ] Safepoint "RevokeBias", Time since last: 29814708 ns, Reaching safepoint: 857208 ns, At safepoint: 295250 ns, Total: 1152458 ns
[2023-07-18T04:11:52.017+0000][1][safepoint    ] Safepoint "RevokeBias", Time since last: 1982209 ns, Reaching safepoint: 840541 ns, At safepoint: 62292 ns, Total: 902833 ns
[2023-07-18T04:11:53.022+0000][1][safepoint    ] Safepoint "Cleanup", Time since last: 1000905000 ns, Reaching safepoint: 4045000 ns, At safepoint: 103167 ns, Total: 4148167 ns
[2023-07-18T04:11:54.028+0000][1][safepoint    ] Safepoint "Cleanup", Time since last: 1001829876 ns, Reaching safepoint: 3594333 ns, At safepoint: 97542 ns, Total: 3691875 ns
[2023-07-18T04:11:55.037+0000][1][safepoint    ] Safepoint "Cleanup", Time since last: 1005553792 ns, Reaching safepoint: 3580916 ns, At safepoint: 134167 ns, Total: 3715083 ns
[2023-07-18T04:11:56.896+0000][1][safepoint    ] Safepoint "Cleanup", Time since last: 1857279043 ns, Reaching safepoint: 1436208 ns, At safepoint: 38792 ns, Total: 1475000 ns
[2023-07-18T04:11:57.898+0000][1][safepoint    ] Safepoint "Cleanup", Time since last: 1001090917 ns, Reaching safepoint: 1186375 ns, At safepoint: 23291 ns, Total: 1209666 ns
[2023-07-18T04:11:58.900+0000][1][safepoint    ] Safepoint "Cleanup", Time since last: 1000494834 ns, Reaching safepoint: 1388375 ns, At safepoint: 36375 ns, Total: 1424750 ns
[2023-07-18T04:11:59.906+0000][1][safepoint    ] Safepoint "Cleanup", Time since last: 1002135417 ns, Reaching safepoint: 3624334 ns, At safepoint: 95916 ns, Total: 3720250 ns
[2023-07-18T04:12:00.908+0000][1][safepoint    ] Safepoint "Cleanup", Time since last: 1001432292 ns, Reaching safepoint: 681584 ns, At safepoint: 55500 ns, Total: 737084 ns
[2023-07-18T04:12:01.912+0000][1][safepoint    ] Safepoint "Cleanup", Time since last: 1001799084 ns, Reaching safepoint: 2147791 ns, At safepoint: 130375 ns, Total: 2278166 ns
[2023-07-18T04:12:02.916+0000][1][safepoint    ] Safepoint "Cleanup", Time since last: 1001018042 ns, Reaching safepoint: 2934292 ns, At safepoint: 78667 ns, Total: 3012959 ns
[2023-07-18T04:12:03.921+0000][1][safepoint    ] Safepoint "Cleanup", Time since last: 1001276084 ns, Reaching safepoint: 3487458 ns, At safepoint: 124833 ns, Total: 3612291 ns
[2023-07-18T04:12:04.929+0000][1][safepoint    ] Safepoint "Cleanup", Time since last: 1004496251 ns, Reaching safepoint: 3651791 ns, At safepoint: 108584 ns, Total: 3760375 ns
[2023-07-18T04:12:05.935+0000][1][safepoint    ] Safepoint "Cleanup", Time since last: 1002084000 ns, Reaching safepoint: 3241292 ns, At safepoint: 87125 ns, Total: 3328417 ns
[2023-07-18T04:12:06.943+0000][1][safepoint    ] Safepoint "Cleanup", Time since last: 1003372167 ns, Reaching safepoint: 4553500 ns, At safepoint: 74750 ns, Total: 4628250 ns
[2023-07-18T04:12:07.947+0000][1][safepoint    ] Safepoint "Cleanup", Time since last: 1001693792 ns, Reaching safepoint: 3144333 ns, At safepoint: 78042 ns, Total: 3222375 ns
[2023-07-18T04:12:08.955+0000][1][safepoint    ] Safepoint "Cleanup", Time since last: 1003251834 ns, Reaching safepoint: 4310375 ns, At safepoint: 94917 ns, Total: 4405292 ns
[2023-07-18T04:12:09.964+0000][1][safepoint    ] Safepoint "Cleanup", Time since last: 1004842500 ns, Reaching safepoint: 3499292 ns, At safepoint: 114750 ns, Total: 3614042 ns
[2023-07-18T04:12:10.973+0000][1][safepoint    ] Safepoint "Cleanup", Time since last: 1007011709 ns, Reaching safepoint: 2635166 ns, At safepoint: 72167 ns, Total: 2707333 ns
[2023-07-18T04:12:11.976+0000][1][safepoint    ] Safepoint "Cleanup", Time since last: 1001095792 ns, Reaching safepoint: 1837708 ns, At safepoint: 39417 ns, Total: 1877125 ns
[2023-07-18T04:12:12.979+0000][1][safepoint    ] Safepoint "Cleanup", Time since last: 1001065917 ns, Reaching safepoint: 1877042 ns, At safepoint: 64208 ns, Total: 1941250 ns
[2023-07-18T04:12:13.986+0000][1][safepoint    ] Safepoint "Cleanup", Time since last: 1002877667 ns, Reaching safepoint: 3424875 ns, At safepoint: 119292 ns, Total: 3544167 ns
[2023-07-18T04:12:14.994+0000][1][safepoint    ] Safepoint "Cleanup", Time since last: 1003831459 ns, Reaching safepoint: 4015083 ns, At safepoint: 92000 ns, Total: 4107083 ns
[2023-07-18T04:12:16.000+0000][1][safepoint    ] Safepoint "Cleanup", Time since last: 1002269042 ns, Reaching safepoint: 3886042 ns, At safepoint: 138500 ns, Total: 4024542 ns
[2023-07-18T04:12:17.006+0000][1][safepoint    ] Safepoint "Cleanup", Time since last: 1002014750 ns, Reaching safepoint: 3992417 ns, At safepoint: 86625 ns, Total: 4079042 ns
[2023-07-18T04:28:35.108+0000][1][safepoint    ] Safepoint "Cleanup", Time since last: 1004130584 ns, Reaching safepoint: 4431875 ns, At safepoint: 99291 ns, Total: 4531166 ns
[2023-07-18T04:28:36.118+0000][1][safepoint    ] Safepoint "Cleanup", Time since last: 1006901209 ns, Reaching safepoint: 3730708 ns, At safepoint: 93334 ns, Total: 3824042 ns
[2023-07-18T04:28:37.125+0000][1][safepoint    ] Safepoint "Cleanup", Time since last: 1002559292 ns, Reaching safepoint: 3685708 ns, At safepoint: 86792 ns, Total: 3772500 ns
[2023-07-18T04:28:38.130+0000][1][safepoint    ] Safepoint "Cleanup", Time since last: 1002697167 ns, Reaching safepoint: 2973875 ns, At safepoint: 74417 ns, Total: 3048292 ns
[2023-07-18T04:28:39.135+0000][1][safepoint    ] Safepoint "Cleanup", Time since last: 1001304584 ns, Reaching safepoint: 3725833 ns, At safepoint: 96375 ns, Total: 3822208 ns
[2023-07-18T04:28:40.144+0000][1][safepoint    ] Safepoint "Cleanup", Time since last: 1004634167 ns, Reaching safepoint: 3571417 ns, At safepoint: 118708 ns, Total: 3690125 ns
[2023-07-18T04:28:41.150+0000][1][safepoint    ] Safepoint "Cleanup", Time since last: 1001665126 ns, Reaching safepoint: 4300416 ns, At safepoint: 90875 ns, Total: 4391291 ns
[2023-07-18T04:28:42.155+0000][1][safepoint    ] Safepoint "Cleanup", Time since last: 1002390626 ns, Reaching safepoint: 3166791 ns, At safepoint: 74834 ns, Total: 3241625 ns
[2023-07-18T04:28:43.160+0000][1][safepoint    ] Safepoint "Cleanup", Time since last: 1001950167 ns, Reaching safepoint: 2808000 ns, At safepoint: 59500 ns, Total: 2867500 ns
[2023-07-18T04:28:44.163+0000][1][safepoint    ] Safepoint "Cleanup", Time since last: 1001333542 ns, Reaching safepoint: 1628625 ns, At safepoint: 33125 ns, Total: 1661750 ns
[2023-07-18T04:28:45.168+0000][1][safepoint    ] Safepoint "Cleanup", Time since last: 1000892334 ns, Reaching safepoint: 3696750 ns, At safepoint: 72541 ns, Total: 3769291 ns
[2023-07-18T04:28:46.173+0000][1][safepoint    ] Safepoint "Cleanup", Time since last: 1001232293 ns, Reaching safepoint: 3689708 ns, At safepoint: 105667 ns, Total: 3795375 ns
[2023-07-18T04:28:47.178+0000][1][safepoint    ] Safepoint "Cleanup", Time since last: 1001428167 ns, Reaching safepoint: 3545041 ns, At safepoint: 102417 ns, Total: 3647458 ns
[2023-07-18T04:28:48.182+0000][1][safepoint    ] Safepoint "Cleanup", Time since last: 1001329709 ns, Reaching safepoint: 2694167 ns, At safepoint: 73333 ns, Total: 2767500 ns
[2023-07-18T04:28:49.188+0000][1][safepoint    ] Safepoint "Cleanup", Time since last: 1001985334 ns, Reaching safepoint: 3468208 ns, At safepoint: 164500 ns, Total: 3632708 ns
[2023-07-18T04:28:50.194+0000][1][safepoint    ] Safepoint "Cleanup", Time since last: 1001752542 ns, Reaching safepoint: 3926459 ns, At safepoint: 113041 ns, Total: 4039500 ns
[2023-07-18T04:28:51.198+0000][1][safepoint    ] Safepoint "Cleanup", Time since last: 1002719126 ns, Reaching safepoint: 1472666 ns, At safepoint: 44459 ns, Total: 1517125 ns
[2023-07-18T04:28:52.203+0000][1][safepoint    ] Safepoint "Cleanup", Time since last: 1003154750 ns, Reaching safepoint: 1835667 ns, At safepoint: 73791 ns, Total: 1909458 ns
[2023-07-18T04:28:53.206+0000][1][safepoint    ] Safepoint "Cleanup", Time since last: 1000780543 ns, Reaching safepoint: 2543000 ns, At safepoint: 81541 ns, Total: 2624541 ns
[2023-07-18T04:28:54.211+0000][1][safepoint    ] Safepoint "Cleanup", Time since last: 1003678751 ns, Reaching safepoint: 1154416 ns, At safepoint: 19500 ns, Total: 1173916 ns
[2023-07-18T04:28:55.388+0000][1][safepoint    ] Safepoint "Cleanup", Time since last: 1173132584 ns, Reaching safepoint: 3603167 ns, At safepoint: 73542 ns, Total: 3676709 ns
[2023-07-18T04:28:56.393+0000][1][safepoint    ] Safepoint "Cleanup", Time since last: 1001493125 ns, Reaching safepoint: 3865208 ns, At safepoint: 103417 ns, Total: 3968625 ns
[2023-07-18T04:28:57.404+0000][1][safepoint    ] Safepoint "Cleanup", Time since last: 1007009584 ns, Reaching safepoint: 3572500 ns, At safepoint: 105083 ns, Total: 3677583 ns
[2023-07-18T04:28:58.409+0000][1][safepoint    ] Safepoint "Cleanup", Time since last: 1001420376 ns, Reaching safepoint: 3707166 ns, At safepoint: 102750 ns, Total: 3809916 ns
[2023-07-18T04:28:59.415+0000][1][safepoint    ] Safepoint "Cleanup", Time since last: 1001660793 ns, Reaching safepoint: 3910000 ns, At safepoint: 102458 ns, Total: 4012458 ns
[2023-07-18T04:29:00.421+0000][1][safepoint    ] Safepoint "Cleanup", Time since last: 1002167875 ns, Reaching safepoint: 3736292 ns, At safepoint: 104083 ns, Total: 3840375 ns
[2023-07-18T04:29:01.431+0000][1][safepoint    ] Safepoint "Cleanup", Time since last: 1006475418 ns, Reaching safepoint: 3649416 ns, At safepoint: 110500 ns, Total: 3759916 ns
[2023-07-18T04:29:02.434+0000][1][safepoint    ] Safepoint "Cleanup", Time since last: 1001359501 ns, Reaching safepoint: 1643208 ns, At safepoint: 29625 ns, Total: 1672833 ns
[2023-07-18T04:29:03.443+0000][1][safepoint    ] Safepoint "Cleanup", Time since last: 1005413667 ns, Reaching safepoint: 3595792 ns, At safepoint: 110833 ns, Total: 3706625 ns
[2023-07-18T04:29:04.446+0000][1][safepoint    ] Safepoint "Cleanup", Time since last: 1001590209 ns, Reaching safepoint: 1319750 ns, At safepoint: 19417 ns, Total: 1339167 ns
[2023-07-18T04:29:05.448+0000][1][safepoint    ] Safepoint "Cleanup", Time since last: 1001097291 ns, Reaching safepoint: 3258542 ns, At safepoint: 112625 ns, Total: 3371167 ns
[2023-07-18T04:29:06.453+0000][1][safepoint    ] Safepoint "Cleanup", Time since last: 1001711751 ns, Reaching safepoint: 3114625 ns, At safepoint: 74791 ns, Total: 3189416 ns
[2023-07-18T04:29:07.459+0000][1][safepoint    ] Safepoint "Cleanup", Time since last: 1002190542 ns, Reaching safepoint: 3502250 ns, At safepoint: 106667 ns, Total: 3608917 ns
[2023-07-18T04:29:08.464+0000][1][safepoint    ] Safepoint "Cleanup", Time since last: 1001479542 ns, Reaching safepoint: 3775000 ns, At safepoint: 92042 ns, Total: 3867042 ns
[2023-07-18T04:29:09.470+0000][1][safepoint    ] Safepoint "Cleanup", Time since last: 1002049959 ns, Reaching safepoint: 3919708 ns, At safepoint: 92667 ns, Total: 4012375 ns
[2023-07-18T04:29:10.081+0000][1][safepoint    ] Safepoint "RevokeBias", Time since last: 610126417 ns, Reaching safepoint: 844583 ns, At safepoint: 88333 ns, Total: 932916 ns
[2023-07-18T04:29:10.085+0000][1][safepoint    ] Safepoint "RevokeBias", Time since last: 2228209 ns, Reaching safepoint: 627291 ns, At safepoint: 1220084 ns, Total: 1847375 ns
[2023-07-18T04:29:10.092+0000][1][safepoint    ] Safepoint "RevokeBias", Time since last: 6091333 ns, Reaching safepoint: 552792 ns, At safepoint: 172458 ns, Total: 725250 ns
[2023-07-18T04:29:10.109+0000][1][safepoint    ] Safepoint "RevokeBias", Time since last: 15346792 ns, Reaching safepoint: 1267750 ns, At safepoint: 101166 ns, Total: 1368916 ns
[2023-07-18T04:29:11.191+0000][1][safepoint    ] Safepoint "Cleanup", Time since last: 1078973751 ns, Reaching safepoint: 3150667 ns, At safepoint: 138875 ns, Total: 3289542 ns
[2023-07-18T04:29:12.197+0000][1][safepoint    ] Safepoint "Cleanup", Time since last: 1002412083 ns, Reaching safepoint: 3725625 ns, At safepoint: 95000 ns, Total: 3820625 ns
[2023-07-18T04:29:13.203+0000][1][safepoint    ] Safepoint "Cleanup", Time since last: 1001222709 ns, Reaching safepoint: 3897625 ns, At safepoint: 92625 ns, Total: 3990250 ns
[2023-07-18T04:29:14.207+0000][1][safepoint    ] Safepoint "Cleanup", Time since last: 1001483626 ns, Reaching safepoint: 2691333 ns, At safepoint: 74958 ns, Total: 2766291 ns
[2023-07-18T04:29:15.230+0000][1][safepoint    ] Safepoint "Cleanup", Time since last: 1002336209 ns, Reaching safepoint: 14461208 ns, At safepoint: 662834 ns, Total: 15124042 ns
[2023-07-18T04:29:16.241+0000][1][safepoint    ] Safepoint "Cleanup", Time since last: 1014663959 ns, Reaching safepoint: 1841958 ns, At safepoint: 66625 ns, Total: 1908583 ns
[2023-07-18T04:29:17.247+0000][1][safepoint    ] Safepoint "Cleanup", Time since last: 1001956875 ns, Reaching safepoint: 3919459 ns, At safepoint: 105625 ns, Total: 4025084 ns
[2023-07-18T04:29:18.252+0000][1][safepoint    ] Safepoint "Cleanup", Time since last: 1002644000 ns, Reaching safepoint: 2699667 ns, At safepoint: 66542 ns, Total: 2766209 ns
[2023-07-18T04:29:19.258+0000][1][safepoint    ] Safepoint "Cleanup", Time since last: 1001713083 ns, Reaching safepoint: 3756792 ns, At safepoint: 102083 ns, Total: 3858875 ns
[2023-07-18T04:29:20.265+0000][1][safepoint    ] Safepoint "Cleanup", Time since last: 1003580876 ns, Reaching safepoint: 3277833 ns, At safepoint: 81875 ns, Total: 3359708 ns
[2023-07-18T04:29:21.269+0000][1][safepoint    ] Safepoint "Cleanup", Time since last: 1001531667 ns, Reaching safepoint: 3034542 ns, At safepoint: 85542 ns, Total: 3120084 ns
[2023-07-18T04:29:22.275+0000][1][safepoint    ] Safepoint "Cleanup", Time since last: 1001209417 ns, Reaching safepoint: 4341417 ns, At safepoint: 127208 ns, Total: 4468625 ns
[2023-07-18T04:29:23.282+0000][1][safepoint    ] Safepoint "Cleanup", Time since last: 1003629209 ns, Reaching safepoint: 2743500 ns, At safepoint: 87708 ns, Total: 2831208 ns
[2023-07-18T04:29:24.284+0000][1][safepoint    ] Safepoint "Cleanup", Time since last: 1000953917 ns, Reaching safepoint: 1986792 ns, At safepoint: 18000 ns, Total: 2004792 ns
[2023-07-18T04:29:25.287+0000][1][safepoint    ] Safepoint "Cleanup", Time since last: 1001598042 ns, Reaching safepoint: 1257542 ns, At safepoint: 19500 ns, Total: 1277042 ns
[2023-07-18T04:29:26.290+0000][1][safepoint    ] Safepoint "Cleanup", Time since last: 1000808083 ns, Reaching safepoint: 1700042 ns, At safepoint: 36083 ns, Total: 1736125 ns
[2023-07-18T04:29:27.297+0000][1][safepoint    ] Safepoint "Cleanup", Time since last: 1003120084 ns, Reaching safepoint: 3586834 ns, At safepoint: 124500 ns, Total: 3711334 ns
[2023-07-18T04:29:28.304+0000][1][safepoint    ] Safepoint "Cleanup", Time since last: 1003518708 ns, Reaching safepoint: 3571250 ns, At safepoint: 96334 ns, Total: 3667584 ns
[2023-07-18T04:29:29.312+0000][1][safepoint    ] Safepoint "Cleanup", Time since last: 1004009334 ns, Reaching safepoint: 4085750 ns, At safepoint: 101291 ns, Total: 4187041 ns
[2023-07-18T04:29:30.318+0000][1][safepoint    ] Safepoint "Cleanup", Time since last: 1002476001 ns, Reaching safepoint: 2815583 ns, At safepoint: 77083 ns, Total: 2892666 ns
[2023-07-18T04:29:31.322+0000][1][safepoint    ] Safepoint "Cleanup", Time since last: 1003462792 ns, Reaching safepoint: 609792 ns, At safepoint: 14667 ns, Total: 624459 ns
[2023-07-18T04:29:32.328+0000][1][safepoint    ] Safepoint "Cleanup", Time since last: 1002780000 ns, Reaching safepoint: 3172917 ns, At safepoint: 66708 ns, Total: 3239625 ns
[2023-07-18T04:29:33.333+0000][1][safepoint    ] Safepoint "Cleanup", Time since last: 1001317126 ns, Reaching safepoint: 3534458 ns, At safepoint: 98750 ns, Total: 3633208 ns
[2023-07-18T04:29:34.337+0000][1][safepoint    ] Safepoint "Cleanup", Time since last: 1002476709 ns, Reaching safepoint: 2135750 ns, At safepoint: 60833 ns, Total: 2196583 ns
[2023-07-18T04:29:35.342+0000][1][safepoint    ] Safepoint "Cleanup", Time since last: 1001089500 ns, Reaching safepoint: 4152083 ns, At safepoint: 110542 ns, Total: 4262625 ns
[2023-07-18T04:29:36.345+0000][1][safepoint    ] Safepoint "Cleanup", Time since last: 1002236417 ns, Reaching safepoint: 780250 ns, At safepoint: 18834 ns, Total: 799084 ns
[2023-07-18T04:29:37.350+0000][1][safepoint    ] Safepoint "Cleanup", Time since last: 1001572333 ns, Reaching safepoint: 3060292 ns, At safepoint: 78375 ns, Total: 3138667 ns
[2023-07-18T04:29:38.355+0000][1][safepoint    ] Safepoint "Cleanup", Time since last: 1002183167 ns, Reaching safepoint: 3268959 ns, At safepoint: 82750 ns, Total: 3351709 ns
[2023-07-18T04:29:39.360+0000][1][safepoint    ] Safepoint "Cleanup", Time since last: 1001506917 ns, Reaching safepoint: 2919958 ns, At safepoint: 84583 ns, Total: 3004541 ns
[2023-07-18T04:29:40.364+0000][1][safepoint    ] Safepoint "Cleanup", Time since last: 1001856167 ns, Reaching safepoint: 2658167 ns, At safepoint: 70417 ns, Total: 2728584 ns
[2023-07-18T04:29:41.009+0000][1][gc,start     ] GC(55) Pause Young (Allocation Failure)
[2023-07-18T04:29:41.012+0000][1][gc,task      ] GC(55) Using 4 workers of 4 for evacuation
[2023-07-18T04:29:41.043+0000][1][gc,age       ] GC(55) Desired survivor size 8945664 bytes, new threshold 6 (max threshold 6)
[2023-07-18T04:29:41.043+0000][1][gc,age       ] GC(55) Age table with threshold 6 (max threshold 6)
[2023-07-18T04:29:41.043+0000][1][gc,age       ] GC(55) - age   1:     138168 bytes,     138168 total
[2023-07-18T04:29:41.043+0000][1][gc,age       ] GC(55) - age   2:       1072 bytes,     139240 total
[2023-07-18T04:29:41.043+0000][1][gc,age       ] GC(55) - age   3:       2688 bytes,     141928 total
[2023-07-18T04:29:41.043+0000][1][gc,age       ] GC(55) - age   4:       2120 bytes,     144048 total
[2023-07-18T04:29:41.043+0000][1][gc,age       ] GC(55) - age   5:       3408 bytes,     147456 total
[2023-07-18T04:29:41.043+0000][1][gc,age       ] GC(55) - age   6:      54720 bytes,     202176 total
[2023-07-18T04:29:41.044+0000][1][gc,heap      ] GC(55) ParNew: 140018K->249K(157248K)
[2023-07-18T04:29:41.044+0000][1][gc,heap      ] GC(55) CMS: 71902K->71903K(349568K)
[2023-07-18T04:29:41.045+0000][1][gc,metaspace ] GC(55) Metaspace: 92899K->92899K(1134592K)
[2023-07-18T04:29:41.045+0000][1][gc           ] GC(55) Pause Young (Allocation Failure) 206M->70M(494M) 37.015ms
[2023-07-18T04:29:41.046+0000][1][gc,cpu       ] GC(55) User=0.08s Sys=0.01s Real=0.04s
[2023-07-18T04:29:41.046+0000][1][safepoint    ] Safepoint "GenCollectForAllocation", Time since last: 641584417 ns, Reaching safepoint: 1718833 ns, At safepoint: 38224083 ns, Total: 39942916 ns
[2023-07-18T04:29:42.052+0000][1][safepoint    ] Safepoint "Cleanup", Time since last: 1002318084 ns, Reaching safepoint: 3671084 ns, At safepoint: 111666 ns, Total: 3782750 ns
[2023-07-18T04:29:43.058+0000][1][safepoint    ] Safepoint "Cleanup", Time since last: 1001510209 ns, Reaching safepoint: 4199542 ns, At safepoint: 114541 ns, Total: 4314083 ns
[2023-07-18T04:29:44.065+0000][1][safepoint    ] Safepoint "Cleanup", Time since last: 1003011626 ns, Reaching safepoint: 3438750 ns, At safepoint: 114292 ns, Total: 3553042 ns
[2023-07-18T04:29:45.453+0000][1][safepoint    ] Safepoint "Cleanup", Time since last: 1387447042 ns, Reaching safepoint: 1576917 ns, At safepoint: 26375 ns, Total: 1603292 ns
[2023-07-18T04:29:46.461+0000][1][safepoint    ] Safepoint "Cleanup", Time since last: 1003082417 ns, Reaching safepoint: 3838708 ns, At safepoint: 134542 ns, Total: 3973250 ns
[2023-07-18T04:29:47.472+0000][1][safepoint    ] Safepoint "Cleanup", Time since last: 1007154209 ns, Reaching safepoint: 3997041 ns, At safepoint: 108250 ns, Total: 4105291 ns
[2023-07-18T04:29:48.480+0000][1][safepoint    ] Safepoint "Cleanup", Time since last: 1003869376 ns, Reaching safepoint: 3756458 ns, At safepoint: 141833 ns, Total: 3898291 ns
[2023-07-18T04:29:49.488+0000][1][safepoint    ] Safepoint "Cleanup", Time since last: 1004927334 ns, Reaching safepoint: 3589667 ns, At safepoint: 94583 ns, Total: 3684250 ns
[2023-07-18T04:29:50.496+0000][1][safepoint    ] Safepoint "Cleanup", Time since last: 1003339959 ns, Reaching safepoint: 4055833 ns, At safepoint: 83167 ns, Total: 4139000 ns
[2023-07-18T04:29:51.673+0000][1][safepoint    ] Safepoint "Cleanup", Time since last: 1175624751 ns, Reaching safepoint: 1526375 ns, At safepoint: 651708 ns, Total: 2178083 ns
[2023-07-18T04:29:52.678+0000][1][safepoint    ] Safepoint "Cleanup", Time since last: 1001552459 ns, Reaching safepoint: 2680666 ns, At safepoint: 90500 ns, Total: 2771166 ns
[2023-07-18T04:29:53.681+0000][1][safepoint    ] Safepoint "Cleanup", Time since last: 1001492584 ns, Reaching safepoint: 2019500 ns, At safepoint: 68625 ns, Total: 2088125 ns
[2023-07-18T04:29:54.685+0000][1][safepoint    ] Safepoint "Cleanup", Time since last: 1000807001 ns, Reaching safepoint: 2488083 ns, At safepoint: 53833 ns, Total: 2541916 ns
[2023-07-18T04:29:55.687+0000][1][safepoint    ] Safepoint "Cleanup", Time since last: 1001141792 ns, Reaching safepoint: 814042 ns, At safepoint: 17917 ns, Total: 831959 ns
[2023-07-18T04:29:56.693+0000][1][safepoint    ] Safepoint "Cleanup", Time since last: 1001678834 ns, Reaching safepoint: 4276541 ns, At safepoint: 122250 ns, Total: 4398791 ns
[2023-07-18T04:29:57.699+0000][1][safepoint    ] Safepoint "Cleanup", Time since last: 1002275501 ns, Reaching safepoint: 3670375 ns, At safepoint: 199666 ns, Total: 3870041 ns
[2023-07-18T04:29:58.703+0000][1][safepoint    ] Safepoint "Cleanup", Time since last: 1001828043 ns, Reaching safepoint: 2365041 ns, At safepoint: 73500 ns, Total: 2438541 ns
[2023-07-18T04:29:59.711+0000][1][safepoint    ] Safepoint "Cleanup", Time since last: 1003107084 ns, Reaching safepoint: 4249542 ns, At safepoint: 116250 ns, Total: 4365792 ns
[2023-07-18T04:30:00.719+0000][1][safepoint    ] Safepoint "Cleanup", Time since last: 1004294167 ns, Reaching safepoint: 3472042 ns, At safepoint: 167000 ns, Total: 3639042 ns
[2023-07-18T04:30:01.732+0000][1][safepoint    ] Safepoint "Cleanup", Time since last: 1008924250 ns, Reaching safepoint: 3852667 ns, At safepoint: 131916 ns, Total: 3984583 ns
[2023-07-18T04:30:02.737+0000][1][safepoint    ] Safepoint "Cleanup", Time since last: 1001494209 ns, Reaching safepoint: 4189292 ns, At safepoint: 88666 ns, Total: 4277958 ns
[2023-07-18T04:30:03.742+0000][1][safepoint    ] Safepoint "Cleanup", Time since last: 1003261293 ns, Reaching safepoint: 1437125 ns, At safepoint: 48000 ns, Total: 1485125 ns
[2023-07-18T04:30:04.746+0000][1][safepoint    ] Safepoint "Cleanup", Time since last: 1000734792 ns, Reaching safepoint: 2722625 ns, At safepoint: 68708 ns, Total: 2791333 ns
[2023-07-18T04:45:54.941+0000][1][safepoint    ] Safepoint "Cleanup", Time since last: 1002311792 ns, Reaching safepoint: 4188916 ns, At safepoint: 102709 ns, Total: 4291625 ns
[2023-07-18T04:45:55.947+0000][1][safepoint    ] Safepoint "Cleanup", Time since last: 1002382125 ns, Reaching safepoint: 3859042 ns, At safepoint: 129083 ns, Total: 3988125 ns
[2023-07-18T04:45:56.953+0000][1][safepoint    ] Safepoint "Cleanup", Time since last: 1001679167 ns, Reaching safepoint: 3737459 ns, At safepoint: 100958 ns, Total: 3838417 ns
[2023-07-18T04:45:57.957+0000][1][safepoint    ] Safepoint "Cleanup", Time since last: 1002142375 ns, Reaching safepoint: 1720125 ns, At safepoint: 35542 ns, Total: 1755667 ns
[2023-07-18T04:45:58.962+0000][1][safepoint    ] Safepoint "Cleanup", Time since last: 1002242334 ns, Reaching safepoint: 3383625 ns, At safepoint: 102167 ns, Total: 3485792 ns
[2023-07-18T04:45:59.971+0000][1][safepoint    ] Safepoint "Cleanup", Time since last: 1004428333 ns, Reaching safepoint: 3657500 ns, At safepoint: 110834 ns, Total: 3768334 ns
[2023-07-18T04:46:00.278+0000][1][safepoint    ] Safepoint "RevokeBias", Time since last: 305617458 ns, Reaching safepoint: 771084 ns, At safepoint: 727125 ns, Total: 1498209 ns
[2023-07-18T04:46:00.281+0000][1][safepoint    ] Safepoint "RevokeBias", Time since last: 2611458 ns, Reaching safepoint: 783667 ns, At safepoint: 56416 ns, Total: 840083 ns
[2023-07-18T04:46:00.321+0000][1][safepoint    ] Safepoint "RevokeBias", Time since last: 38682834 ns, Reaching safepoint: 782791 ns, At safepoint: 97792 ns, Total: 880583 ns
[2023-07-18T04:46:00.326+0000][1][safepoint    ] Safepoint "BulkRevokeBias", Time since last: 1853417 ns, Reaching safepoint: 1017083 ns, At safepoint: 2835083 ns, Total: 3852166 ns
[2023-07-18T04:46:00.331+0000][1][safepoint    ] Safepoint "RevokeBias", Time since last: 3644000 ns, Reaching safepoint: 923417 ns, At safepoint: 83833 ns, Total: 1007250 ns
[2023-07-18T04:46:01.337+0000][1][safepoint    ] Safepoint "Cleanup", Time since last: 1001040376 ns, Reaching safepoint: 4236000 ns, At safepoint: 87958 ns, Total: 4323958 ns
[2023-07-18T04:46:02.342+0000][1][safepoint    ] Safepoint "Cleanup", Time since last: 1001696209 ns, Reaching safepoint: 3843541 ns, At safepoint: 104834 ns, Total: 3948375 ns
[2023-07-18T04:46:03.348+0000][1][safepoint    ] Safepoint "Cleanup", Time since last: 1001875084 ns, Reaching safepoint: 3628541 ns, At safepoint: 90167 ns, Total: 3718708 ns
[2023-07-18T04:46:04.351+0000][1][safepoint    ] Safepoint "Cleanup", Time since last: 1001879500 ns, Reaching safepoint: 1256334 ns, At safepoint: 24000 ns, Total: 1280334 ns
[2023-07-18T04:46:05.354+0000][1][safepoint    ] Safepoint "Cleanup", Time since last: 1000615209 ns, Reaching safepoint: 2701041 ns, At safepoint: 98834 ns, Total: 2799875 ns
[2023-07-18T04:46:06.360+0000][1][safepoint    ] Safepoint "Cleanup", Time since last: 1001994583 ns, Reaching safepoint: 3747750 ns, At safepoint: 79500 ns, Total: 3827250 ns
[2023-07-18T04:46:07.366+0000][1][safepoint    ] Safepoint "Cleanup", Time since last: 1002092251 ns, Reaching safepoint: 3244500 ns, At safepoint: 82000 ns, Total: 3326500 ns
[2023-07-18T04:46:08.370+0000][1][safepoint    ] Safepoint "Cleanup", Time since last: 1001620959 ns, Reaching safepoint: 3106166 ns, At safepoint: 82917 ns, Total: 3189083 ns
[2023-07-18T04:46:09.377+0000][1][safepoint    ] Safepoint "Cleanup", Time since last: 1002470709 ns, Reaching safepoint: 3727958 ns, At safepoint: 86209 ns, Total: 3814167 ns
[2023-07-18T04:46:10.381+0000][1][safepoint    ] Safepoint "Cleanup", Time since last: 1001677125 ns, Reaching safepoint: 2337833 ns, At safepoint: 62042 ns, Total: 2399875 ns
[2023-07-18T04:46:11.387+0000][1][safepoint    ] Safepoint "Cleanup", Time since last: 1002681625 ns, Reaching safepoint: 3045000 ns, At safepoint: 89042 ns, Total: 3134042 ns
[2023-07-18T04:46:12.394+0000][1][safepoint    ] Safepoint "Cleanup", Time since last: 1003943959 ns, Reaching safepoint: 3843208 ns, At safepoint: 88375 ns, Total: 3931583 ns
[2023-07-18T04:46:13.399+0000][1][safepoint    ] Safepoint "Cleanup", Time since last: 1002836501 ns, Reaching safepoint: 1398333 ns, At safepoint: 22375 ns, Total: 1420708 ns
[2023-07-18T04:46:14.404+0000][1][safepoint    ] Safepoint "Cleanup", Time since last: 1001334542 ns, Reaching safepoint: 3967917 ns, At safepoint: 95375 ns, Total: 4063292 ns
[2023-07-18T04:46:15.410+0000][1][safepoint    ] Safepoint "Cleanup", Time since last: 1002382209 ns, Reaching safepoint: 2959083 ns, At safepoint: 86375 ns, Total: 3045458 ns
[2023-07-18T04:46:16.416+0000][1][safepoint    ] Safepoint "Cleanup", Time since last: 1002019667 ns, Reaching safepoint: 4272625 ns, At safepoint: 88625 ns, Total: 4361250 ns
[2023-07-18T04:46:17.421+0000][1][safepoint    ] Safepoint "Cleanup", Time since last: 1001594584 ns, Reaching safepoint: 3345667 ns, At safepoint: 98125 ns, Total: 3443792 ns
[2023-07-18T04:46:18.427+0000][1][safepoint    ] Safepoint "Cleanup", Time since last: 1002184125 ns, Reaching safepoint: 3870458 ns, At safepoint: 95125 ns, Total: 3965583 ns
[2023-07-18T04:46:19.436+0000][1][safepoint    ] Safepoint "Cleanup", Time since last: 1004532709 ns, Reaching safepoint: 3947542 ns, At safepoint: 87208 ns, Total: 4034750 ns
[2023-07-18T04:46:20.441+0000][1][safepoint    ] Safepoint "Cleanup", Time since last: 1001744709 ns, Reaching safepoint: 3283458 ns, At safepoint: 88875 ns, Total: 3372333 ns
[2023-07-18T04:46:21.447+0000][1][safepoint    ] Safepoint "Cleanup", Time since last: 1001813626 ns, Reaching safepoint: 4013792 ns, At safepoint: 91958 ns, Total: 4105750 ns
[2023-07-18T04:46:22.455+0000][1][safepoint    ] Safepoint "Cleanup", Time since last: 1004165625 ns, Reaching safepoint: 3899542 ns, At safepoint: 98958 ns, Total: 3998500 ns
[2023-07-18T04:46:23.461+0000][1][safepoint    ] Safepoint "Cleanup", Time since last: 1002383501 ns, Reaching safepoint: 3660208 ns, At safepoint: 85625 ns, Total: 3745833 ns
[2023-07-18T04:46:23.714+0000][1][safepoint    ] Safepoint "RevokeBias", Time since last: 251865584 ns, Reaching safepoint: 901791 ns, At safepoint: 278542 ns, Total: 1180333 ns
[2023-07-18T04:46:24.737+0000][1][safepoint    ] Safepoint "Cleanup", Time since last: 1002476375 ns, Reaching safepoint: 4119125 ns, At safepoint: 93625 ns, Total: 4212750 ns
[2023-07-18T04:46:25.744+0000][1][safepoint    ] Safepoint "Cleanup", Time since last: 1003097250 ns, Reaching safepoint: 4120667 ns, At safepoint: 88542 ns, Total: 4209209 ns
[2023-07-18T04:46:26.750+0000][1][safepoint    ] Safepoint "Cleanup", Time since last: 1001504875 ns, Reaching safepoint: 3847875 ns, At safepoint: 93000 ns, Total: 3940875 ns
[2023-07-18T04:46:27.759+0000][1][safepoint    ] Safepoint "Cleanup", Time since last: 1005308084 ns, Reaching safepoint: 3470542 ns, At safepoint: 127458 ns, Total: 3598000 ns
[2023-07-18T04:46:28.761+0000][1][safepoint    ] Safepoint "Cleanup", Time since last: 1001331584 ns, Reaching safepoint: 1359125 ns, At safepoint: 33375 ns, Total: 1392500 ns
[2023-07-18T04:46:29.766+0000][1][safepoint    ] Safepoint "Cleanup", Time since last: 1001113917 ns, Reaching safepoint: 3694000 ns, At safepoint: 90583 ns, Total: 3784583 ns
[2023-07-18T04:46:30.772+0000][1][safepoint    ] Safepoint "Cleanup", Time since last: 1001599167 ns, Reaching safepoint: 3711125 ns, At safepoint: 85500 ns, Total: 3796625 ns
[2023-07-18T04:46:31.773+0000][1][safepoint    ] Safepoint "Cleanup", Time since last: 1001253876 ns, Reaching safepoint: 682792 ns, At safepoint: 15041 ns, Total: 697833 ns
[2023-07-18T04:46:32.776+0000][1][safepoint    ] Safepoint "Cleanup", Time since last: 1000385251 ns, Reaching safepoint: 2369541 ns, At safepoint: 69417 ns, Total: 2438958 ns
[2023-07-18T04:46:33.779+0000][1][safepoint    ] Safepoint "Cleanup", Time since last: 1001805292 ns, Reaching safepoint: 753042 ns, At safepoint: 15583 ns, Total: 768625 ns
[2023-07-18T04:46:34.785+0000][1][safepoint    ] Safepoint "Cleanup", Time since last: 1001840001 ns, Reaching safepoint: 3950666 ns, At safepoint: 93167 ns, Total: 4043833 ns
[2023-07-18T04:46:35.791+0000][1][safepoint    ] Safepoint "Cleanup", Time since last: 1001982917 ns, Reaching safepoint: 3823500 ns, At safepoint: 103083 ns, Total: 3926583 ns
[2023-07-18T04:46:36.797+0000][1][safepoint    ] Safepoint "Cleanup", Time since last: 1002859209 ns, Reaching safepoint: 3584084 ns, At safepoint: 114416 ns, Total: 3698500 ns
[2023-07-18T04:46:37.805+0000][1][safepoint    ] Safepoint "Cleanup", Time since last: 1003515751 ns, Reaching safepoint: 3950375 ns, At safepoint: 107000 ns, Total: 4057375 ns
[2023-07-18T04:46:38.809+0000][1][safepoint    ] Safepoint "Cleanup", Time since last: 1001507709 ns, Reaching safepoint: 2538708 ns, At safepoint: 94000 ns, Total: 2632708 ns
[2023-07-18T04:46:39.814+0000][1][safepoint    ] Safepoint "Cleanup", Time since last: 1001083459 ns, Reaching safepoint: 3492875 ns, At safepoint: 86833 ns, Total: 3579708 ns
[2023-07-18T04:46:40.819+0000][1][safepoint    ] Safepoint "Cleanup", Time since last: 1001439084 ns, Reaching safepoint: 3915583 ns, At safepoint: 102834 ns, Total: 4018417 ns
[2023-07-18T04:46:41.824+0000][1][safepoint    ] Safepoint "Cleanup", Time since last: 1001429167 ns, Reaching safepoint: 2976541 ns, At safepoint: 73500 ns, Total: 3050041 ns
[2023-07-18T04:46:42.825+0000][1][safepoint    ] Safepoint "Cleanup", Time since last: 1001149584 ns, Reaching safepoint: 798375 ns, At safepoint: 20667 ns, Total: 819042 ns
[2023-07-18T04:46:43.828+0000][1][safepoint    ] Safepoint "Cleanup", Time since last: 1001212042 ns, Reaching safepoint: 893250 ns, At safepoint: 19750 ns, Total: 913000 ns
[2023-07-18T04:46:44.833+0000][1][safepoint    ] Safepoint "Cleanup", Time since last: 1000832709 ns, Reaching safepoint: 3999625 ns, At safepoint: 76791 ns, Total: 4076416 ns
[2023-07-18T04:46:45.836+0000][1][safepoint    ] Safepoint "Cleanup", Time since last: 1002718334 ns, Reaching safepoint: 727709 ns, At safepoint: 18458 ns, Total: 746167 ns
[2023-07-18T04:46:46.843+0000][1][safepoint    ] Safepoint "Cleanup", Time since last: 1002299667 ns, Reaching safepoint: 4107458 ns, At safepoint: 91417 ns, Total: 4198875 ns
[2023-07-18T04:46:47.848+0000][1][safepoint    ] Safepoint "Cleanup", Time since last: 1001946917 ns, Reaching safepoint: 3110834 ns, At safepoint: 69500 ns, Total: 3180334 ns
[2023-07-18T04:46:48.853+0000][1][safepoint    ] Safepoint "Cleanup", Time since last: 1001338625 ns, Reaching safepoint: 3536083 ns, At safepoint: 89584 ns, Total: 3625667 ns
[2023-07-18T04:46:49.859+0000][1][safepoint    ] Safepoint "Cleanup", Time since last: 1002464292 ns, Reaching safepoint: 3803916 ns, At safepoint: 93167 ns, Total: 3897083 ns
[2023-07-18T04:46:50.862+0000][1][safepoint    ] Safepoint "Cleanup", Time since last: 1001648834 ns, Reaching safepoint: 1363208 ns, At safepoint: 30750 ns, Total: 1393958 ns
[2023-07-18T04:46:51.868+0000][1][safepoint    ] Safepoint "Cleanup", Time since last: 1002523126 ns, Reaching safepoint: 3791500 ns, At safepoint: 143041 ns, Total: 3934541 ns
[2023-07-18T04:46:52.874+0000][1][safepoint    ] Safepoint "Cleanup", Time since last: 1001670876 ns, Reaching safepoint: 4164875 ns, At safepoint: 116667 ns, Total: 4281542 ns
[2023-07-18T04:46:53.878+0000][1][safepoint    ] Safepoint "Cleanup", Time since last: 1001856208 ns, Reaching safepoint: 1441709 ns, At safepoint: 28625 ns, Total: 1470334 ns
[2023-07-18T04:50:33.087+0000][1][safepoint    ] Safepoint "Cleanup", Time since last: 1000957208 ns, Reaching safepoint: 2501000 ns, At safepoint: 80958 ns, Total: 2581958 ns
[2023-07-18T04:50:34.091+0000][1][safepoint    ] Safepoint "Cleanup", Time since last: 1003053126 ns, Reaching safepoint: 1371166 ns, At safepoint: 26667 ns, Total: 1397833 ns
[2023-07-18T04:50:35.100+0000][1][safepoint    ] Safepoint "Cleanup", Time since last: 1004775167 ns, Reaching safepoint: 3725709 ns, At safepoint: 101250 ns, Total: 3826959 ns
[2023-07-18T04:50:36.106+0000][1][safepoint    ] Safepoint "Cleanup", Time since last: 1002316125 ns, Reaching safepoint: 3865000 ns, At safepoint: 85542 ns, Total: 3950542 ns
[2023-07-18T04:50:37.110+0000][1][safepoint    ] Safepoint "Cleanup", Time since last: 1001513542 ns, Reaching safepoint: 2542458 ns, At safepoint: 63292 ns, Total: 2605750 ns
[2023-07-18T04:50:38.116+0000][1][safepoint    ] Safepoint "Cleanup", Time since last: 1001417084 ns, Reaching safepoint: 3955291 ns, At safepoint: 93500 ns, Total: 4048791 ns
[2023-07-18T04:50:39.121+0000][1][safepoint    ] Safepoint "Cleanup", Time since last: 1003919751 ns, Reaching safepoint: 1234291 ns, At safepoint: 27459 ns, Total: 1261750 ns
[2023-07-18T04:50:39.493+0000][1][safepoint    ] Safepoint "RevokeBias", Time since last: 371384917 ns, Reaching safepoint: 790416 ns, At safepoint: 95917 ns, Total: 886333 ns
[2023-07-18T04:50:39.496+0000][1][safepoint    ] Safepoint "RevokeBias", Time since last: 2156708 ns, Reaching safepoint: 677084 ns, At safepoint: 59166 ns, Total: 736250 ns
[2023-07-18T04:50:39.500+0000][1][safepoint    ] Safepoint "RevokeBias", Time since last: 3216209 ns, Reaching safepoint: 594416 ns, At safepoint: 67500 ns, Total: 661916 ns
[2023-07-18T04:50:39.526+0000][1][safepoint    ] Safepoint "RevokeBias", Time since last: 25193584 ns, Reaching safepoint: 966875 ns, At safepoint: 146708 ns, Total: 1113583 ns
[2023-07-18T04:50:39.593+0000][1][safepoint    ] Safepoint "RevokeBias", Time since last: 66300792 ns, Reaching safepoint: 655500 ns, At safepoint: 86833 ns, Total: 742333 ns
[2023-07-18T04:50:40.600+0000][1][safepoint    ] Safepoint "Cleanup", Time since last: 1002716167 ns, Reaching safepoint: 4340959 ns, At safepoint: 98041 ns, Total: 4439000 ns
[2023-07-18T04:50:41.607+0000][1][safepoint    ] Safepoint "Cleanup", Time since last: 1002560751 ns, Reaching safepoint: 3889625 ns, At safepoint: 117291 ns, Total: 4006916 ns
[2023-07-18T04:50:42.622+0000][1][safepoint    ] Safepoint "Cleanup", Time since last: 1003804459 ns, Reaching safepoint: 7822250 ns, At safepoint: 468250 ns, Total: 8290500 ns
[2023-07-18T04:50:43.641+0000][1][safepoint    ] Safepoint "Cleanup", Time since last: 1020632542 ns, Reaching safepoint: 1706542 ns, At safepoint: 41042 ns, Total: 1747584 ns
[2023-07-18T04:50:44.646+0000][1][safepoint    ] Safepoint "Cleanup", Time since last: 1001320083 ns, Reaching safepoint: 3154292 ns, At safepoint: 75500 ns, Total: 3229792 ns
[2023-07-18T04:50:45.652+0000][1][safepoint    ] Safepoint "Cleanup", Time since last: 1001548667 ns, Reaching safepoint: 4056875 ns, At safepoint: 79875 ns, Total: 4136750 ns
[2023-07-18T04:50:46.659+0000][1][safepoint    ] Safepoint "Cleanup", Time since last: 1004069792 ns, Reaching safepoint: 3471584 ns, At safepoint: 95833 ns, Total: 3567417 ns
[2023-07-18T04:50:47.663+0000][1][safepoint    ] Safepoint "Cleanup", Time since last: 1001724292 ns, Reaching safepoint: 2390209 ns, At safepoint: 72083 ns, Total: 2462292 ns
[2023-07-18T04:50:48.669+0000][1][safepoint    ] Safepoint "Cleanup", Time since last: 1002586834 ns, Reaching safepoint: 2645250 ns, At safepoint: 74625 ns, Total: 2719875 ns
[2023-07-18T04:50:49.674+0000][1][safepoint    ] Safepoint "Cleanup", Time since last: 1003407792 ns, Reaching safepoint: 2037208 ns, At safepoint: 43792 ns, Total: 2081000 ns
[2023-07-18T04:50:50.682+0000][1][safepoint    ] Safepoint "Cleanup", Time since last: 1003516125 ns, Reaching safepoint: 3873209 ns, At safepoint: 96833 ns, Total: 3970042 ns
[2023-07-18T04:50:51.690+0000][1][safepoint    ] Safepoint "Cleanup", Time since last: 1003192500 ns, Reaching safepoint: 5569625 ns, At safepoint: 42875 ns, Total: 5612500 ns
[2023-07-18T04:50:51.979+0000][1][safepoint    ] Safepoint "RevokeBias", Time since last: 286071876 ns, Reaching safepoint: 1433333 ns, At safepoint: 1155708 ns, Total: 2589041 ns
[2023-07-18T04:50:52.985+0000][1][safepoint    ] Safepoint "Cleanup", Time since last: 1002064417 ns, Reaching safepoint: 3672792 ns, At safepoint: 91375 ns, Total: 3764167 ns
[2023-07-18T04:50:53.988+0000][1][safepoint    ] Safepoint "Cleanup", Time since last: 1002254959 ns, Reaching safepoint: 731458 ns, At safepoint: 17167 ns, Total: 748625 ns
[2023-07-18T04:50:54.992+0000][1][safepoint    ] Safepoint "Cleanup", Time since last: 1000673792 ns, Reaching safepoint: 3355000 ns, At safepoint: 95458 ns, Total: 3450458 ns
[2023-07-18T04:50:55.998+0000][1][safepoint    ] Safepoint "Cleanup", Time since last: 1001336293 ns, Reaching safepoint: 4082666 ns, At safepoint: 93750 ns, Total: 4176416 ns
[2023-07-18T04:50:57.003+0000][1][safepoint    ] Safepoint "Cleanup", Time since last: 1002056626 ns, Reaching safepoint: 3115208 ns, At safepoint: 71917 ns, Total: 3187125 ns
[2023-07-18T04:50:58.011+0000][1][safepoint    ] Safepoint "Cleanup", Time since last: 1004014000 ns, Reaching safepoint: 3680583 ns, At safepoint: 92625 ns, Total: 3773208 ns
[2023-07-18T04:50:59.232+0000][1][safepoint    ] Safepoint "Cleanup", Time since last: 1217991001 ns, Reaching safepoint: 3189917 ns, At safepoint: 71708 ns, Total: 3261625 ns
[2023-07-18T04:51:00.241+0000][1][safepoint    ] Safepoint "Cleanup", Time since last: 1005123292 ns, Reaching safepoint: 3780125 ns, At safepoint: 87042 ns, Total: 3867167 ns
[2023-07-18T04:51:01.244+0000][1][safepoint    ] Safepoint "Cleanup", Time since last: 1002127542 ns, Reaching safepoint: 832125 ns, At safepoint: 20750 ns, Total: 852875 ns
[2023-07-18T04:51:02.248+0000][1][safepoint    ] Safepoint "Cleanup", Time since last: 1003585542 ns, Reaching safepoint: 1444208 ns, At safepoint: 27875 ns, Total: 1472083 ns
[2023-07-18T04:51:03.251+0000][1][safepoint    ] Safepoint "Cleanup", Time since last: 1000835375 ns, Reaching safepoint: 2387334 ns, At safepoint: 73583 ns, Total: 2460917 ns
[2023-07-18T04:51:04.221+0000][1][gc,start     ] GC(56) Pause Young (Allocation Failure)
[2023-07-18T04:51:04.226+0000][1][gc,task      ] GC(56) Using 4 workers of 4 for evacuation
[2023-07-18T04:51:04.271+0000][1][gc,age       ] GC(56) Desired survivor size 8945664 bytes, new threshold 6 (max threshold 6)
[2023-07-18T04:51:04.271+0000][1][gc,age       ] GC(56) Age table with threshold 6 (max threshold 6)
[2023-07-18T04:51:04.271+0000][1][gc,age       ] GC(56) - age   1:     124072 bytes,     124072 total
[2023-07-18T04:51:04.272+0000][1][gc,age       ] GC(56) - age   2:        272 bytes,     124344 total
[2023-07-18T04:51:04.272+0000][1][gc,age       ] GC(56) - age   3:        920 bytes,     125264 total
[2023-07-18T04:51:04.272+0000][1][gc,age       ] GC(56) - age   4:       2688 bytes,     127952 total
[2023-07-18T04:51:04.272+0000][1][gc,age       ] GC(56) - age   5:       2120 bytes,     130072 total
[2023-07-18T04:51:04.272+0000][1][gc,age       ] GC(56) - age   6:       3272 bytes,     133344 total
[2023-07-18T04:51:04.273+0000][1][gc,heap      ] GC(56) ParNew: 140025K->198K(157248K)
[2023-07-18T04:51:04.274+0000][1][gc,heap      ] GC(56) CMS: 71903K->71957K(349568K)
[2023-07-18T04:51:04.274+0000][1][gc,metaspace ] GC(56) Metaspace: 92899K->92899K(1134592K)
[2023-07-18T04:51:04.275+0000][1][gc           ] GC(56) Pause Young (Allocation Failure) 206M->70M(494M) 54.681ms
[2023-07-18T04:51:04.275+0000][1][gc,cpu       ] GC(56) User=0.09s Sys=0.03s Real=0.06s
[2023-07-18T04:51:04.275+0000][1][safepoint    ] Safepoint "GenCollectForAllocation", Time since last: 965527584 ns, Reaching safepoint: 2086625 ns, At safepoint: 56438583 ns, Total: 58525208 ns
[2023-07-18T04:51:05.286+0000][1][safepoint    ] Safepoint "Cleanup", Time since last: 1006422042 ns, Reaching safepoint: 3893125 ns, At safepoint: 96292 ns, Total: 3989417 ns
[2023-07-18T04:51:06.290+0000][1][safepoint    ] Safepoint "Cleanup", Time since last: 1002599917 ns, Reaching safepoint: 1527250 ns, At safepoint: 55833 ns, Total: 1583083 ns
[2023-07-18T04:51:07.296+0000][1][safepoint    ] Safepoint "Cleanup", Time since last: 1002461459 ns, Reaching safepoint: 3221167 ns, At safepoint: 129292 ns, Total: 3350459 ns
[2023-07-18T04:51:08.307+0000][1][safepoint    ] Safepoint "Cleanup", Time since last: 1007429542 ns, Reaching safepoint: 3460125 ns, At safepoint: 92208 ns, Total: 3552333 ns
[2023-07-18T04:51:09.312+0000][1][safepoint    ] Safepoint "Cleanup", Time since last: 1001613751 ns, Reaching safepoint: 3787083 ns, At safepoint: 113000 ns, Total: 3900083 ns
[2023-07-18T04:51:10.321+0000][1][safepoint    ] Safepoint "Cleanup", Time since last: 1004887334 ns, Reaching safepoint: 3903000 ns, At safepoint: 102791 ns, Total: 4005791 ns
[2023-07-18T04:51:11.326+0000][1][safepoint    ] Safepoint "Cleanup", Time since last: 1001965584 ns, Reaching safepoint: 2915250 ns, At safepoint: 60084 ns, Total: 2975334 ns
[2023-07-18T04:51:12.330+0000][1][safepoint    ] Safepoint "Cleanup", Time since last: 1001157333 ns, Reaching safepoint: 2401084 ns, At safepoint: 43833 ns, Total: 2444917 ns
[2023-07-18T04:51:13.335+0000][1][safepoint    ] Safepoint "Cleanup", Time since last: 1001224250 ns, Reaching safepoint: 3617709 ns, At safepoint: 88708 ns, Total: 3706417 ns
[2023-07-18T04:51:14.340+0000][1][safepoint    ] Safepoint "Cleanup", Time since last: 1001472167 ns, Reaching safepoint: 3662459 ns, At safepoint: 137041 ns, Total: 3799500 ns
[2023-07-18T04:51:15.345+0000][1][safepoint    ] Safepoint "Cleanup", Time since last: 1001517209 ns, Reaching safepoint: 3828125 ns, At safepoint: 96000 ns, Total: 3924125 ns
[2023-07-18T04:51:16.350+0000][1][safepoint    ] Safepoint "Cleanup", Time since last: 1002044792 ns, Reaching safepoint: 2596000 ns, At safepoint: 70542 ns, Total: 2666542 ns
[2023-07-18T04:51:17.355+0000][1][safepoint    ] Safepoint "Cleanup", Time since last: 1001531500 ns, Reaching safepoint: 3858000 ns, At safepoint: 92917 ns, Total: 3950917 ns
[2023-07-18T04:51:18.361+0000][1][safepoint    ] Safepoint "Cleanup", Time since last: 1001548917 ns, Reaching safepoint: 3797292 ns, At safepoint: 88958 ns, Total: 3886250 ns
[2023-07-18T04:51:19.366+0000][1][safepoint    ] Safepoint "Cleanup", Time since last: 1001719834 ns, Reaching safepoint: 3731375 ns, At safepoint: 85458 ns, Total: 3816833 ns
[2023-07-18T04:51:20.372+0000][1][safepoint    ] Safepoint "Cleanup", Time since last: 1001684209 ns, Reaching safepoint: 4178958 ns, At safepoint: 128000 ns, Total: 4306958 ns
[2023-07-18T04:51:21.380+0000][1][safepoint    ] Safepoint "Cleanup", Time since last: 1003479293 ns, Reaching safepoint: 3783500 ns, At safepoint: 116625 ns, Total: 3900125 ns
[2023-07-18T04:51:22.675+0000][1][safepoint    ] Safepoint "Cleanup", Time since last: 1291389917 ns, Reaching safepoint: 3412000 ns, At safepoint: 217167 ns, Total: 3629167 ns
[2023-07-18T04:51:23.681+0000][1][safepoint    ] Safepoint "Cleanup", Time since last: 1002136625 ns, Reaching safepoint: 4113000 ns, At safepoint: 96625 ns, Total: 4209625 ns
[2023-07-18T04:51:24.692+0000][1][safepoint    ] Safepoint "Cleanup", Time since last: 1006904542 ns, Reaching safepoint: 3635750 ns, At safepoint: 185459 ns, Total: 3821209 ns
[2023-07-18T04:51:25.697+0000][1][safepoint    ] Safepoint "Cleanup", Time since last: 1001509250 ns, Reaching safepoint: 3228042 ns, At safepoint: 94708 ns, Total: 3322750 ns
[2023-07-18T04:51:26.703+0000][1][safepoint    ] Safepoint "Cleanup", Time since last: 1001863751 ns, Reaching safepoint: 4491000 ns, At safepoint: 114041 ns, Total: 4605041 ns
[2023-07-18T04:51:27.705+0000][1][safepoint    ] Safepoint "Cleanup", Time since last: 1001398584 ns, Reaching safepoint: 849708 ns, At safepoint: 16250 ns, Total: 865958 ns
[2023-07-18T04:51:28.713+0000][1][safepoint    ] Safepoint "Cleanup", Time since last: 1002873876 ns, Reaching safepoint: 4539041 ns, At safepoint: 190667 ns, Total: 4729708 ns
[2023-07-18T04:51:29.719+0000][1][safepoint    ] Safepoint "Cleanup", Time since last: 1001831292 ns, Reaching safepoint: 4079292 ns, At safepoint: 83042 ns, Total: 4162334 ns
[2023-07-18T04:51:30.727+0000][1][safepoint    ] Safepoint "Cleanup", Time since last: 1004256875 ns, Reaching safepoint: 3651875 ns, At safepoint: 101792 ns, Total: 3753667 ns
[2023-07-18T04:51:31.735+0000][1][safepoint    ] Safepoint "Cleanup", Time since last: 1004104459 ns, Reaching safepoint: 3513791 ns, At safepoint: 132209 ns, Total: 3646000 ns
[2023-07-18T05:01:37.929+0000][1][safepoint    ] Safepoint "Cleanup", Time since last: 1001648583 ns, Reaching safepoint: 2263833 ns, At safepoint: 72250 ns, Total: 2336083 ns
[2023-07-18T05:01:38.934+0000][1][safepoint    ] Safepoint "Cleanup", Time since last: 1001328209 ns, Reaching safepoint: 3171417 ns, At safepoint: 78125 ns, Total: 3249542 ns
[2023-07-18T05:01:39.936+0000][1][safepoint    ] Safepoint "Cleanup", Time since last: 1001311750 ns, Reaching safepoint: 831958 ns, At safepoint: 19084 ns, Total: 851042 ns
[2023-07-18T05:01:40.944+0000][1][safepoint    ] Safepoint "Cleanup", Time since last: 1004582917 ns, Reaching safepoint: 3827833 ns, At safepoint: 98500 ns, Total: 3926333 ns
[2023-07-18T05:01:41.952+0000][1][safepoint    ] Safepoint "Cleanup", Time since last: 1003791001 ns, Reaching safepoint: 3330916 ns, At safepoint: 92834 ns, Total: 3423750 ns
[2023-07-18T05:01:42.955+0000][1][safepoint    ] Safepoint "Cleanup", Time since last: 1001696458 ns, Reaching safepoint: 1601334 ns, At safepoint: 37083 ns, Total: 1638417 ns
[2023-07-18T05:01:43.959+0000][1][safepoint    ] Safepoint "Cleanup", Time since last: 1000767334 ns, Reaching safepoint: 2742000 ns, At safepoint: 76583 ns, Total: 2818583 ns
[2023-07-18T05:01:44.961+0000][1][safepoint    ] Safepoint "Cleanup", Time since last: 1001299084 ns, Reaching safepoint: 1221917 ns, At safepoint: 28416 ns, Total: 1250333 ns
[2023-07-18T05:01:45.655+0000][1][safepoint    ] Safepoint "RevokeBias", Time since last: 692310917 ns, Reaching safepoint: 974417 ns, At safepoint: 223208 ns, Total: 1197625 ns
[2023-07-18T05:01:45.656+0000][1][safepoint    ] Safepoint "RevokeBias", Time since last: 349959 ns, Reaching safepoint: 588291 ns, At safepoint: 107417 ns, Total: 695708 ns
[2023-07-18T05:01:45.660+0000][1][safepoint    ] Safepoint "RevokeBias", Time since last: 4012250 ns, Reaching safepoint: 604083 ns, At safepoint: 66167 ns, Total: 670250 ns
[2023-07-18T05:01:45.688+0000][1][safepoint    ] Safepoint "RevokeBias", Time since last: 26635000 ns, Reaching safepoint: 580750 ns, At safepoint: 68125 ns, Total: 648875 ns
[2023-07-18T05:01:45.691+0000][1][safepoint    ] Safepoint "RevokeBias", Time since last: 2927542 ns, Reaching safepoint: 875000 ns, At safepoint: 152208 ns, Total: 1027208 ns
[2023-07-18T05:01:46.697+0000][1][safepoint    ] Safepoint "Cleanup", Time since last: 1002031626 ns, Reaching safepoint: 2853375 ns, At safepoint: 78041 ns, Total: 2931416 ns
[2023-07-18T05:01:47.706+0000][1][safepoint    ] Safepoint "Cleanup", Time since last: 1005132084 ns, Reaching safepoint: 4443125 ns, At safepoint: 133500 ns, Total: 4576625 ns
[2023-07-18T05:01:48.715+0000][1][safepoint    ] Safepoint "Cleanup", Time since last: 1004615917 ns, Reaching safepoint: 4121750 ns, At safepoint: 94500 ns, Total: 4216250 ns
[2023-07-18T05:01:49.718+0000][1][safepoint    ] Safepoint "Cleanup", Time since last: 1002430834 ns, Reaching safepoint: 654208 ns, At safepoint: 13584 ns, Total: 667792 ns
[2023-07-18T05:01:50.723+0000][1][safepoint    ] Safepoint "Cleanup", Time since last: 1000586500 ns, Reaching safepoint: 4016084 ns, At safepoint: 93291 ns, Total: 4109375 ns
[2023-07-18T05:01:51.729+0000][1][safepoint    ] Safepoint "Cleanup", Time since last: 1002340167 ns, Reaching safepoint: 3460834 ns, At safepoint: 93083 ns, Total: 3553917 ns
[2023-07-18T05:01:52.735+0000][1][safepoint    ] Safepoint "Cleanup", Time since last: 1002271084 ns, Reaching safepoint: 4008416 ns, At safepoint: 134792 ns, Total: 4143208 ns
[2023-07-18T05:01:53.740+0000][1][safepoint    ] Safepoint "Cleanup", Time since last: 1001989751 ns, Reaching safepoint: 2536291 ns, At safepoint: 59584 ns, Total: 2595875 ns
[2023-07-18T05:01:54.745+0000][1][safepoint    ] Safepoint "Cleanup", Time since last: 1001082625 ns, Reaching safepoint: 3916417 ns, At safepoint: 84333 ns, Total: 4000750 ns
[2023-07-18T05:01:55.748+0000][1][safepoint    ] Safepoint "Cleanup", Time since last: 1001671251 ns, Reaching safepoint: 1259000 ns, At safepoint: 27833 ns, Total: 1286833 ns
[2023-07-18T05:01:56.753+0000][1][safepoint    ] Safepoint "Cleanup", Time since last: 1002660209 ns, Reaching safepoint: 2943416 ns, At safepoint: 71625 ns, Total: 3015041 ns
[2023-07-18T05:01:57.018+0000][1][safepoint    ] Safepoint "RevokeBias", Time since last: 262863167 ns, Reaching safepoint: 1396209 ns, At safepoint: 105833 ns, Total: 1502042 ns
[2023-07-18T05:01:58.028+0000][1][safepoint    ] Safepoint "Cleanup", Time since last: 1005543209 ns, Reaching safepoint: 4277333 ns, At safepoint: 92333 ns, Total: 4369666 ns
[2023-07-18T05:01:59.034+0000][1][safepoint    ] Safepoint "Cleanup", Time since last: 1001666042 ns, Reaching safepoint: 4090667 ns, At safepoint: 99875 ns, Total: 4190542 ns
[2023-07-18T05:02:00.036+0000][1][safepoint    ] Safepoint "Cleanup", Time since last: 1001720626 ns, Reaching safepoint: 1124708 ns, At safepoint: 31333 ns, Total: 1156041 ns
[2023-07-18T05:02:01.043+0000][1][safepoint    ] Safepoint "Cleanup", Time since last: 1002312417 ns, Reaching safepoint: 3727709 ns, At safepoint: 109291 ns, Total: 3837000 ns
[2023-07-18T05:02:02.052+0000][1][safepoint    ] Safepoint "Cleanup", Time since last: 1005487376 ns, Reaching safepoint: 4142500 ns, At safepoint: 89958 ns, Total: 4232458 ns
[2023-07-18T05:02:03.057+0000][1][safepoint    ] Safepoint "Cleanup", Time since last: 1002521084 ns, Reaching safepoint: 1945875 ns, At safepoint: 48083 ns, Total: 1993958 ns
[2023-07-18T05:02:04.062+0000][1][safepoint    ] Safepoint "Cleanup", Time since last: 1001118209 ns, Reaching safepoint: 3687042 ns, At safepoint: 91708 ns, Total: 3778750 ns
[2023-07-18T05:02:05.067+0000][1][safepoint    ] Safepoint "Cleanup", Time since last: 1001973334 ns, Reaching safepoint: 3583292 ns, At safepoint: 98833 ns, Total: 3682125 ns
[2023-07-18T05:02:06.074+0000][1][safepoint    ] Safepoint "Cleanup", Time since last: 1002470251 ns, Reaching safepoint: 3771291 ns, At safepoint: 86917 ns, Total: 3858208 ns
[2023-07-18T05:02:07.077+0000][1][safepoint    ] Safepoint "Cleanup", Time since last: 1001709417 ns, Reaching safepoint: 1357708 ns, At safepoint: 24542 ns, Total: 1382250 ns
[2023-07-18T05:02:08.159+0000][1][safepoint    ] Safepoint "Cleanup", Time since last: 1079083209 ns, Reaching safepoint: 3258541 ns, At safepoint: 86834 ns, Total: 3345375 ns
[2023-07-18T05:02:09.165+0000][1][safepoint    ] Safepoint "Cleanup", Time since last: 1002296625 ns, Reaching safepoint: 3757208 ns, At safepoint: 120542 ns, Total: 3877750 ns
[2023-07-18T05:02:10.168+0000][1][safepoint    ] Safepoint "Cleanup", Time since last: 1001850084 ns, Reaching safepoint: 1115875 ns, At safepoint: 25916 ns, Total: 1141791 ns
[2023-07-18T05:02:11.173+0000][1][safepoint    ] Safepoint "Cleanup", Time since last: 1002404626 ns, Reaching safepoint: 2672625 ns, At safepoint: 57708 ns, Total: 2730333 ns
[2023-07-18T05:02:12.180+0000][1][safepoint    ] Safepoint "Cleanup", Time since last: 1002393751 ns, Reaching safepoint: 3559666 ns, At safepoint: 86250 ns, Total: 3645916 ns
[2023-07-18T05:02:13.187+0000][1][safepoint    ] Safepoint "Cleanup", Time since last: 1004732376 ns, Reaching safepoint: 2463292 ns, At safepoint: 132125 ns, Total: 2595417 ns
[2023-07-18T05:02:14.193+0000][1][safepoint    ] Safepoint "Cleanup", Time since last: 1001919167 ns, Reaching safepoint: 4160291 ns, At safepoint: 91209 ns, Total: 4251500 ns
[2023-07-18T05:02:15.198+0000][1][safepoint    ] Safepoint "Cleanup", Time since last: 1001987209 ns, Reaching safepoint: 3243625 ns, At safepoint: 93833 ns, Total: 3337458 ns
[2023-07-18T05:02:16.202+0000][1][safepoint    ] Safepoint "Cleanup", Time since last: 1001534917 ns, Reaching safepoint: 2491042 ns, At safepoint: 67666 ns, Total: 2558708 ns
[2023-07-18T05:02:17.204+0000][1][safepoint    ] Safepoint "Cleanup", Time since last: 1000882418 ns, Reaching safepoint: 951791 ns, At safepoint: 19209 ns, Total: 971000 ns
[2023-07-18T05:02:18.207+0000][1][safepoint    ] Safepoint "Cleanup", Time since last: 1000586083 ns, Reaching safepoint: 2156167 ns, At safepoint: 73917 ns, Total: 2230084 ns
[2023-07-18T05:02:19.211+0000][1][safepoint    ] Safepoint "Cleanup", Time since last: 1000808000 ns, Reaching safepoint: 2922708 ns, At safepoint: 92000 ns, Total: 3014708 ns
[2023-07-18T05:02:20.217+0000][1][safepoint    ] Safepoint "Cleanup", Time since last: 1001371876 ns, Reaching safepoint: 4165625 ns, At safepoint: 112500 ns, Total: 4278125 ns
[2023-07-18T05:02:21.219+0000][1][safepoint    ] Safepoint "Cleanup", Time since last: 1001589834 ns, Reaching safepoint: 845041 ns, At safepoint: 35042 ns, Total: 880083 ns
[2023-07-18T05:02:22.224+0000][1][safepoint    ] Safepoint "Cleanup", Time since last: 1000810542 ns, Reaching safepoint: 4244709 ns, At safepoint: 102750 ns, Total: 4347459 ns
[2023-07-18T05:02:23.231+0000][1][safepoint    ] Safepoint "Cleanup", Time since last: 1003405833 ns, Reaching safepoint: 2927042 ns, At safepoint: 64000 ns, Total: 2991042 ns
[2023-07-18T05:02:24.236+0000][1][safepoint    ] Safepoint "Cleanup", Time since last: 1001318167 ns, Reaching safepoint: 3708250 ns, At safepoint: 93334 ns, Total: 3801584 ns
[2023-07-18T05:02:25.242+0000][1][safepoint    ] Safepoint "Cleanup", Time since last: 1002441500 ns, Reaching safepoint: 3755417 ns, At safepoint: 75291 ns, Total: 3830708 ns
[2023-07-18T05:02:26.247+0000][1][safepoint    ] Safepoint "Cleanup", Time since last: 1001887126 ns, Reaching safepoint: 3183208 ns, At safepoint: 97833 ns, Total: 3281041 ns
[2023-07-18T05:02:27.251+0000][1][safepoint    ] Safepoint "Cleanup", Time since last: 1002147001 ns, Reaching safepoint: 1692417 ns, At safepoint: 24083 ns, Total: 1716500 ns
[2023-07-18T05:02:28.255+0000][1][safepoint    ] Safepoint "Cleanup", Time since last: 1000509667 ns, Reaching safepoint: 3715750 ns, At safepoint: 199833 ns, Total: 3915583 ns
[2023-07-18T05:02:29.263+0000][1][safepoint    ] Safepoint "Cleanup", Time since last: 1003182293 ns, Reaching safepoint: 4013333 ns, At safepoint: 94667 ns, Total: 4108000 ns
[2023-07-18T05:02:30.269+0000][1][safepoint    ] Safepoint "Cleanup", Time since last: 1001818333 ns, Reaching safepoint: 4104209 ns, At safepoint: 103833 ns, Total: 4208042 ns
[2023-07-18T05:02:31.276+0000][1][safepoint    ] Safepoint "Cleanup", Time since last: 1004342209 ns, Reaching safepoint: 3091792 ns, At safepoint: 138750 ns, Total: 3230542 ns
[2023-07-18T05:02:32.283+0000][1][safepoint    ] Safepoint "Cleanup", Time since last: 1002862083 ns, Reaching safepoint: 3943084 ns, At safepoint: 94833 ns, Total: 4037917 ns
[2023-07-18T05:02:33.290+0000][1][safepoint    ] Safepoint "Cleanup", Time since last: 1004200792 ns, Reaching safepoint: 2825084 ns, At safepoint: 65041 ns, Total: 2890125 ns
[2023-07-18T05:02:34.299+0000][1][safepoint    ] Safepoint "Cleanup", Time since last: 1004931042 ns, Reaching safepoint: 3535792 ns, At safepoint: 90083 ns, Total: 3625875 ns
[2023-07-18T05:02:35.306+0000][1][safepoint    ] Safepoint "Cleanup", Time since last: 1006047292 ns, Reaching safepoint: 745000 ns, At safepoint: 16709 ns, Total: 761709 ns
[2023-07-18T05:02:36.310+0000][1][safepoint    ] Safepoint "Cleanup", Time since last: 1000429917 ns, Reaching safepoint: 3952250 ns, At safepoint: 97667 ns, Total: 4049917 ns
[2023-07-18T05:20:02.006+0000][1][safepoint    ] Safepoint "Cleanup", Time since last: 1793421833 ns, Reaching safepoint: 4406584 ns, At safepoint: 122500 ns, Total: 4529084 ns
[2023-07-18T05:20:03.012+0000][1][safepoint    ] Safepoint "Cleanup", Time since last: 1002024042 ns, Reaching safepoint: 4043833 ns, At safepoint: 86167 ns, Total: 4130000 ns
[2023-07-18T05:20:04.018+0000][1][safepoint    ] Safepoint "Cleanup", Time since last: 1002676250 ns, Reaching safepoint: 3781167 ns, At safepoint: 85083 ns, Total: 3866250 ns
[2023-07-18T05:20:05.025+0000][1][safepoint    ] Safepoint "Cleanup", Time since last: 1002346793 ns, Reaching safepoint: 4140458 ns, At safepoint: 80458 ns, Total: 4220916 ns
[2023-07-18T05:20:06.031+0000][1][safepoint    ] Safepoint "Cleanup", Time since last: 1001802959 ns, Reaching safepoint: 3999833 ns, At safepoint: 81917 ns, Total: 4081750 ns
[2023-07-18T05:20:07.035+0000][1][safepoint    ] Safepoint "Cleanup", Time since last: 1001504209 ns, Reaching safepoint: 2377375 ns, At safepoint: 70333 ns, Total: 2447708 ns
[2023-07-18T05:20:08.041+0000][1][safepoint    ] Safepoint "Cleanup", Time since last: 1001256917 ns, Reaching safepoint: 4431667 ns, At safepoint: 93208 ns, Total: 4524875 ns
[2023-07-18T05:20:09.049+0000][1][safepoint    ] Safepoint "Cleanup", Time since last: 1004857293 ns, Reaching safepoint: 3799708 ns, At safepoint: 87750 ns, Total: 3887458 ns
[2023-07-18T05:20:10.055+0000][1][safepoint    ] Safepoint "Cleanup", Time since last: 1003270917 ns, Reaching safepoint: 2803958 ns, At safepoint: 103459 ns, Total: 2907417 ns
[2023-07-18T05:20:10.574+0000][1][safepoint    ] Safepoint "RevokeBias", Time since last: 517148917 ns, Reaching safepoint: 979916 ns, At safepoint: 199792 ns, Total: 1179708 ns
[2023-07-18T05:20:10.581+0000][1][safepoint    ] Safepoint "RevokeBias", Time since last: 6557750 ns, Reaching safepoint: 1065333 ns, At safepoint: 81625 ns, Total: 1146958 ns
[2023-07-18T05:20:10.609+0000][1][safepoint    ] Safepoint "RevokeBias", Time since last: 25644084 ns, Reaching safepoint: 1387333 ns, At safepoint: 142500 ns, Total: 1529833 ns
[2023-07-18T05:20:10.610+0000][1][safepoint    ] Safepoint "RevokeBias", Time since last: 1056583 ns, Reaching safepoint: 690625 ns, At safepoint: 63209 ns, Total: 753834 ns
[2023-07-18T05:20:10.618+0000][1][safepoint    ] Safepoint "RevokeBias", Time since last: 6579625 ns, Reaching safepoint: 694625 ns, At safepoint: 68625 ns, Total: 763250 ns
[2023-07-18T05:20:11.626+0000][1][safepoint    ] Safepoint "Cleanup", Time since last: 1003936250 ns, Reaching safepoint: 3211792 ns, At safepoint: 234291 ns, Total: 3446083 ns
[2023-07-18T05:20:12.635+0000][1][safepoint    ] Safepoint "Cleanup", Time since last: 1005247418 ns, Reaching safepoint: 4324416 ns, At safepoint: 104334 ns, Total: 4428750 ns
[2023-07-18T05:20:13.640+0000][1][safepoint    ] Safepoint "Cleanup", Time since last: 1001639833 ns, Reaching safepoint: 3945667 ns, At safepoint: 49417 ns, Total: 3995084 ns
[2023-07-18T05:20:14.642+0000][1][safepoint    ] Safepoint "Cleanup", Time since last: 1000866917 ns, Reaching safepoint: 693542 ns, At safepoint: 18750 ns, Total: 712292 ns
[2023-07-18T05:20:15.648+0000][1][safepoint    ] Safepoint "Cleanup", Time since last: 1001916625 ns, Reaching safepoint: 3804958 ns, At safepoint: 97000 ns, Total: 3901958 ns
[2023-07-18T05:20:16.652+0000][1][safepoint    ] Safepoint "Cleanup", Time since last: 1001568792 ns, Reaching safepoint: 2497667 ns, At safepoint: 89083 ns, Total: 2586750 ns
[2023-07-18T05:20:17.654+0000][1][safepoint    ] Safepoint "Cleanup", Time since last: 1001085834 ns, Reaching safepoint: 1049875 ns, At safepoint: 26084 ns, Total: 1075959 ns
[2023-07-18T05:20:18.660+0000][1][safepoint    ] Safepoint "Cleanup", Time since last: 1001834125 ns, Reaching safepoint: 3632917 ns, At safepoint: 100250 ns, Total: 3733167 ns
[2023-07-18T05:20:19.663+0000][1][safepoint    ] Safepoint "Cleanup", Time since last: 1001605792 ns, Reaching safepoint: 2054333 ns, At safepoint: 54125 ns, Total: 2108458 ns
[2023-07-18T05:20:20.669+0000][1][safepoint    ] Safepoint "Cleanup", Time since last: 1001354084 ns, Reaching safepoint: 4051500 ns, At safepoint: 91333 ns, Total: 4142833 ns
[2023-07-18T05:20:21.095+0000][1][safepoint    ] Safepoint "RevokeBias", Time since last: 423143251 ns, Reaching safepoint: 1394833 ns, At safepoint: 1102667 ns, Total: 2497500 ns
[2023-07-18T05:20:22.103+0000][1][safepoint    ] Safepoint "Cleanup", Time since last: 1003428250 ns, Reaching safepoint: 4733875 ns, At safepoint: 154458 ns, Total: 4888333 ns
[2023-07-18T05:20:23.109+0000][1][safepoint    ] Safepoint "Cleanup", Time since last: 1001488501 ns, Reaching safepoint: 4041125 ns, At safepoint: 208958 ns, Total: 4250083 ns
[2023-07-18T05:20:24.113+0000][1][safepoint    ] Safepoint "Cleanup", Time since last: 1002740126 ns, Reaching safepoint: 1816916 ns, At safepoint: 24625 ns, Total: 1841541 ns
[2023-07-18T05:20:25.117+0000][1][safepoint    ] Safepoint "Cleanup", Time since last: 1000442959 ns, Reaching safepoint: 2772584 ns, At safepoint: 110333 ns, Total: 2882917 ns
[2023-07-18T05:20:26.123+0000][1][safepoint    ] Safepoint "Cleanup", Time since last: 1001943667 ns, Reaching safepoint: 4121208 ns, At safepoint: 101334 ns, Total: 4222542 ns
[2023-07-18T05:20:27.128+0000][1][safepoint    ] Safepoint "Cleanup", Time since last: 1002845250 ns, Reaching safepoint: 2636917 ns, At safepoint: 63791 ns, Total: 2700708 ns
[2023-07-18T05:20:28.133+0000][1][safepoint    ] Safepoint "Cleanup", Time since last: 1001568543 ns, Reaching safepoint: 2580583 ns, At safepoint: 110750 ns, Total: 2691333 ns
[2023-07-18T05:20:29.914+0000][1][safepoint    ] Safepoint "Cleanup", Time since last: 1777739209 ns, Reaching safepoint: 3119708 ns, At safepoint: 74125 ns, Total: 3193833 ns
[2023-07-18T05:20:30.920+0000][1][safepoint    ] Safepoint "Cleanup", Time since last: 1003152251 ns, Reaching safepoint: 3059458 ns, At safepoint: 54209 ns, Total: 3113667 ns
[2023-07-18T05:20:31.163+0000][1][gc,start     ] GC(57) Pause Young (Allocation Failure)
[2023-07-18T05:20:31.165+0000][1][gc,task      ] GC(57) Using 4 workers of 4 for evacuation
[2023-07-18T05:20:31.188+0000][1][gc,age       ] GC(57) Desired survivor size 8945664 bytes, new threshold 6 (max threshold 6)
[2023-07-18T05:20:31.188+0000][1][gc,age       ] GC(57) Age table with threshold 6 (max threshold 6)
[2023-07-18T05:20:31.188+0000][1][gc,age       ] GC(57) - age   1:     107512 bytes,     107512 total
[2023-07-18T05:20:31.188+0000][1][gc,age       ] GC(57) - age   2:        920 bytes,     108432 total
[2023-07-18T05:20:31.188+0000][1][gc,age       ] GC(57) - age   3:        272 bytes,     108704 total
[2023-07-18T05:20:31.189+0000][1][gc,age       ] GC(57) - age   4:        920 bytes,     109624 total
[2023-07-18T05:20:31.189+0000][1][gc,age       ] GC(57) - age   5:       2688 bytes,     112312 total
[2023-07-18T05:20:31.189+0000][1][gc,age       ] GC(57) - age   6:       2120 bytes,     114432 total
[2023-07-18T05:20:31.190+0000][1][gc,heap      ] GC(57) ParNew: 139972K->139K(157248K)
[2023-07-18T05:20:31.190+0000][1][gc,heap      ] GC(57) CMS: 71957K->71960K(349568K)
[2023-07-18T05:20:31.190+0000][1][gc,metaspace ] GC(57) Metaspace: 92899K->92899K(1134592K)
[2023-07-18T05:20:31.191+0000][1][gc           ] GC(57) Pause Young (Allocation Failure) 206M->70M(494M) 28.335ms
[2023-07-18T05:20:31.191+0000][1][gc,cpu       ] GC(57) User=0.05s Sys=0.02s Real=0.03s
[2023-07-18T05:20:31.192+0000][1][safepoint    ] Safepoint "GenCollectForAllocation", Time since last: 241987458 ns, Reaching safepoint: 619667 ns, At safepoint: 29220500 ns, Total: 29840167 ns
[2023-07-18T05:36:05.502+0000][1][safepoint    ] Safepoint "Cleanup", Time since last: 1000509541 ns, Reaching safepoint: 4143875 ns, At safepoint: 102750 ns, Total: 4246625 ns
[2023-07-18T05:36:06.507+0000][1][safepoint    ] Safepoint "Cleanup", Time since last: 1001585125 ns, Reaching safepoint: 3867125 ns, At safepoint: 94834 ns, Total: 3961959 ns
[2023-07-18T05:36:07.517+0000][1][safepoint    ] Safepoint "Cleanup", Time since last: 1005906209 ns, Reaching safepoint: 3824958 ns, At safepoint: 139542 ns, Total: 3964500 ns
[2023-07-18T05:36:08.523+0000][1][safepoint    ] Safepoint "Cleanup", Time since last: 1002980292 ns, Reaching safepoint: 3082458 ns, At safepoint: 89042 ns, Total: 3171500 ns
[2023-07-18T05:36:09.534+0000][1][safepoint    ] Safepoint "Cleanup", Time since last: 1007173375 ns, Reaching safepoint: 3684834 ns, At safepoint: 86625 ns, Total: 3771459 ns
[2023-07-18T05:36:10.539+0000][1][safepoint    ] Safepoint "Cleanup", Time since last: 1001712792 ns, Reaching safepoint: 2614500 ns, At safepoint: 79250 ns, Total: 2693750 ns
[2023-07-18T05:36:11.543+0000][1][safepoint    ] Safepoint "Cleanup", Time since last: 1001416542 ns, Reaching safepoint: 3116208 ns, At safepoint: 113792 ns, Total: 3230000 ns
[2023-07-18T05:36:12.548+0000][1][safepoint    ] Safepoint "Cleanup", Time since last: 1001291375 ns, Reaching safepoint: 3576959 ns, At safepoint: 112000 ns, Total: 3688959 ns
[2023-07-18T05:36:13.555+0000][1][safepoint    ] Safepoint "Cleanup", Time since last: 1003305708 ns, Reaching safepoint: 3600417 ns, At safepoint: 92250 ns, Total: 3692667 ns
[2023-07-18T05:36:14.558+0000][1][safepoint    ] Safepoint "Cleanup", Time since last: 1001733584 ns, Reaching safepoint: 1396750 ns, At safepoint: 31542 ns, Total: 1428292 ns
[2023-07-18T05:36:15.563+0000][1][safepoint    ] Safepoint "Cleanup", Time since last: 1000897125 ns, Reaching safepoint: 3789792 ns, At safepoint: 93458 ns, Total: 3883250 ns
[2023-07-18T05:36:16.570+0000][1][safepoint    ] Safepoint "Cleanup", Time since last: 1005259376 ns, Reaching safepoint: 1273250 ns, At safepoint: 26416 ns, Total: 1299666 ns
[2023-07-18T05:36:17.576+0000][1][safepoint    ] Safepoint "Cleanup", Time since last: 1004724042 ns, Reaching safepoint: 1826125 ns, At safepoint: 38542 ns, Total: 1864667 ns
[2023-07-18T05:36:18.582+0000][1][safepoint    ] Safepoint "Cleanup", Time since last: 1001445625 ns, Reaching safepoint: 3805750 ns, At safepoint: 100209 ns, Total: 3905959 ns
[2023-07-18T05:36:19.587+0000][1][safepoint    ] Safepoint "Cleanup", Time since last: 1001327500 ns, Reaching safepoint: 3755459 ns, At safepoint: 91458 ns, Total: 3846917 ns
[2023-07-18T05:36:20.590+0000][1][safepoint    ] Safepoint "Cleanup", Time since last: 1001692917 ns, Reaching safepoint: 1590375 ns, At safepoint: 38042 ns, Total: 1628417 ns
[2023-07-18T05:36:21.593+0000][1][safepoint    ] Safepoint "Cleanup", Time since last: 1000686875 ns, Reaching safepoint: 2083084 ns, At safepoint: 62666 ns, Total: 2145750 ns
[2023-07-18T05:36:22.598+0000][1][safepoint    ] Safepoint "Cleanup", Time since last: 1002244501 ns, Reaching safepoint: 2581666 ns, At safepoint: 87334 ns, Total: 2669000 ns
[2023-07-18T05:36:23.601+0000][1][safepoint    ] Safepoint "Cleanup", Time since last: 1001366209 ns, Reaching safepoint: 2100541 ns, At safepoint: 46459 ns, Total: 2147000 ns
[2023-07-18T05:36:24.245+0000][1][safepoint    ] Safepoint "RevokeBias", Time since last: 641381208 ns, Reaching safepoint: 1482709 ns, At safepoint: 449333 ns, Total: 1932042 ns
[2023-07-18T05:36:25.247+0000][1][safepoint    ] Safepoint "Cleanup", Time since last: 1000480917 ns, Reaching safepoint: 2148042 ns, At safepoint: 46291 ns, Total: 2194333 ns
[2023-07-18T05:36:26.255+0000][1][safepoint    ] Safepoint "Cleanup", Time since last: 1003229501 ns, Reaching safepoint: 3956208 ns, At safepoint: 94000 ns, Total: 4050208 ns
[2023-07-18T05:36:27.261+0000][1][safepoint    ] Safepoint "Cleanup", Time since last: 1002045584 ns, Reaching safepoint: 3707917 ns, At safepoint: 97708 ns, Total: 3805625 ns
[2023-07-18T05:36:28.263+0000][1][safepoint    ] Safepoint "Cleanup", Time since last: 1001764959 ns, Reaching safepoint: 588250 ns, At safepoint: 16708 ns, Total: 604958 ns
[2023-07-18T05:36:29.268+0000][1][safepoint    ] Safepoint "Cleanup", Time since last: 1002047042 ns, Reaching safepoint: 3376459 ns, At safepoint: 90500 ns, Total: 3466959 ns
[2023-07-18T05:36:30.275+0000][1][safepoint    ] Safepoint "Cleanup", Time since last: 1002533083 ns, Reaching safepoint: 3473250 ns, At safepoint: 79875 ns, Total: 3553125 ns
[2023-07-18T05:36:31.281+0000][1][safepoint    ] Safepoint "Cleanup", Time since last: 1001974418 ns, Reaching safepoint: 3988625 ns, At safepoint: 101833 ns, Total: 4090458 ns
[2023-07-18T05:36:32.287+0000][1][safepoint    ] Safepoint "Cleanup", Time since last: 1002207084 ns, Reaching safepoint: 3930458 ns, At safepoint: 96125 ns, Total: 4026583 ns
[2023-07-18T05:36:33.290+0000][1][safepoint    ] Safepoint "Cleanup", Time since last: 1001992042 ns, Reaching safepoint: 1493875 ns, At safepoint: 36125 ns, Total: 1530000 ns
[2023-07-18T05:36:34.292+0000][1][safepoint    ] Safepoint "Cleanup", Time since last: 1001368501 ns, Reaching safepoint: 700375 ns, At safepoint: 19875 ns, Total: 720250 ns
[2023-07-18T05:36:35.309+0000][1][safepoint    ] Safepoint "Cleanup", Time since last: 1000753124 ns, Reaching safepoint: 3608459 ns, At safepoint: 69333 ns, Total: 3677792 ns
[2023-07-18T05:36:36.315+0000][1][safepoint    ] Safepoint "Cleanup", Time since last: 1002101834 ns, Reaching safepoint: 4175875 ns, At safepoint: 95125 ns, Total: 4271000 ns
[2023-07-18T05:36:37.321+0000][1][safepoint    ] Safepoint "Cleanup", Time since last: 1001986625 ns, Reaching safepoint: 3928000 ns, At safepoint: 95250 ns, Total: 4023250 ns
[2023-07-18T05:36:38.324+0000][1][safepoint    ] Safepoint "Cleanup", Time since last: 1001789959 ns, Reaching safepoint: 1222542 ns, At safepoint: 27417 ns, Total: 1249959 ns
[2023-07-18T05:36:39.328+0000][1][safepoint    ] Safepoint "Cleanup", Time since last: 1000667750 ns, Reaching safepoint: 2845542 ns, At safepoint: 64375 ns, Total: 2909917 ns
[2023-07-18T05:36:40.335+0000][1][safepoint    ] Safepoint "Cleanup", Time since last: 1003592709 ns, Reaching safepoint: 3587083 ns, At safepoint: 87542 ns, Total: 3674625 ns
[2023-07-18T05:36:41.341+0000][1][safepoint    ] Safepoint "Cleanup", Time since last: 1001958292 ns, Reaching safepoint: 3613041 ns, At safepoint: 92375 ns, Total: 3705416 ns
[2023-07-18T05:36:42.347+0000][1][safepoint    ] Safepoint "Cleanup", Time since last: 1001779626 ns, Reaching safepoint: 4106667 ns, At safepoint: 98250 ns, Total: 4204917 ns
[2023-07-18T05:36:43.351+0000][1][safepoint    ] Safepoint "Cleanup", Time since last: 1001543000 ns, Reaching safepoint: 2509375 ns, At safepoint: 79542 ns, Total: 2588917 ns
[2023-07-18T05:36:44.414+0000][1][safepoint    ] Safepoint "RevokeBias", Time since last: 1061666875 ns, Reaching safepoint: 919167 ns, At safepoint: 258250 ns, Total: 1177417 ns
[2023-07-18T05:36:44.849+0000][1][safepoint    ] Safepoint "RevokeBias", Time since last: 434504000 ns, Reaching safepoint: 791542 ns, At safepoint: 174916 ns, Total: 966458 ns
[2023-07-18T05:36:44.894+0000][1][safepoint    ] Safepoint "RevokeBias", Time since last: 44203584 ns, Reaching safepoint: 844333 ns, At safepoint: 111667 ns, Total: 956000 ns
[2023-07-18T05:36:44.897+0000][1][safepoint    ] Safepoint "BulkRevokeBias", Time since last: 319333 ns, Reaching safepoint: 645250 ns, At safepoint: 1689792 ns, Total: 2335042 ns
[2023-07-18T05:36:44.899+0000][1][safepoint    ] Safepoint "RevokeBias", Time since last: 1837583 ns, Reaching safepoint: 719583 ns, At safepoint: 59917 ns, Total: 779500 ns
[2023-07-18T05:36:45.906+0000][1][safepoint    ] Safepoint "Cleanup", Time since last: 1000657126 ns, Reaching safepoint: 5676875 ns, At safepoint: 100083 ns, Total: 5776958 ns
[2023-07-18T05:36:46.911+0000][1][safepoint    ] Safepoint "Cleanup", Time since last: 1001418209 ns, Reaching safepoint: 3119375 ns, At safepoint: 87750 ns, Total: 3207125 ns
[2023-07-18T05:36:47.918+0000][1][safepoint    ] Safepoint "Cleanup", Time since last: 1003034959 ns, Reaching safepoint: 4131375 ns, At safepoint: 129583 ns, Total: 4260958 ns
[2023-07-18T05:36:48.924+0000][1][safepoint    ] Safepoint "Cleanup", Time since last: 1002736417 ns, Reaching safepoint: 3757292 ns, At safepoint: 110416 ns, Total: 3867708 ns
[2023-07-18T05:36:49.931+0000][1][safepoint    ] Safepoint "Cleanup", Time since last: 1002391959 ns, Reaching safepoint: 3782500 ns, At safepoint: 130625 ns, Total: 3913125 ns
[2023-07-18T05:36:50.933+0000][1][safepoint    ] Safepoint "Cleanup", Time since last: 1001801876 ns, Reaching safepoint: 843125 ns, At safepoint: 20583 ns, Total: 863708 ns
[2023-07-18T05:36:51.936+0000][1][safepoint    ] Safepoint "Cleanup", Time since last: 1000860709 ns, Reaching safepoint: 1706708 ns, At safepoint: 63292 ns, Total: 1770000 ns
[2023-07-18T05:36:52.941+0000][1][safepoint    ] Safepoint "Cleanup", Time since last: 1001588917 ns, Reaching safepoint: 3183375 ns, At safepoint: 77125 ns, Total: 3260500 ns
[2023-07-18T05:36:53.945+0000][1][safepoint    ] Safepoint "Cleanup", Time since last: 1001143750 ns, Reaching safepoint: 3033500 ns, At safepoint: 133625 ns, Total: 3167125 ns
[2023-07-18T05:36:54.951+0000][1][safepoint    ] Safepoint "Cleanup", Time since last: 1002639168 ns, Reaching safepoint: 3227041 ns, At safepoint: 69500 ns, Total: 3296541 ns
[2023-07-18T05:36:55.955+0000][1][safepoint    ] Safepoint "Cleanup", Time since last: 1001230334 ns, Reaching safepoint: 2793708 ns, At safepoint: 66375 ns, Total: 2860083 ns
[2023-07-18T05:36:56.960+0000][1][safepoint    ] Safepoint "Cleanup", Time since last: 1001155542 ns, Reaching safepoint: 3795875 ns, At safepoint: 104417 ns, Total: 3900292 ns
[2023-07-18T05:36:57.963+0000][1][safepoint    ] Safepoint "Cleanup", Time since last: 1001417167 ns, Reaching safepoint: 1380917 ns, At safepoint: 22500 ns, Total: 1403417 ns
[2023-07-18T05:36:58.969+0000][1][safepoint    ] Safepoint "Cleanup", Time since last: 1001964875 ns, Reaching safepoint: 3794500 ns, At safepoint: 95584 ns, Total: 3890084 ns
[2023-07-18T05:36:59.975+0000][1][safepoint    ] Safepoint "Cleanup", Time since last: 1001613000 ns, Reaching safepoint: 4399709 ns, At safepoint: 87583 ns, Total: 4487292 ns
[2023-07-18T05:37:00.978+0000][1][safepoint    ] Safepoint "Cleanup", Time since last: 1002122792 ns, Reaching safepoint: 1172708 ns, At safepoint: 28959 ns, Total: 1201667 ns
[2023-07-18T05:37:01.983+0000][1][safepoint    ] Safepoint "Cleanup", Time since last: 1000915209 ns, Reaching safepoint: 3664250 ns, At safepoint: 109875 ns, Total: 3774125 ns
[2023-07-18T05:37:02.985+0000][1][safepoint    ] Safepoint "Cleanup", Time since last: 1001791667 ns, Reaching safepoint: 653875 ns, At safepoint: 16083 ns, Total: 669958 ns
[2023-07-18T05:37:03.989+0000][1][safepoint    ] Safepoint "Cleanup", Time since last: 1000497542 ns, Reaching safepoint: 2952625 ns, At safepoint: 84667 ns, Total: 3037292 ns
[2023-07-18T05:37:04.997+0000][1][safepoint    ] Safepoint "Cleanup", Time since last: 1001703541 ns, Reaching safepoint: 3902959 ns, At safepoint: 136000 ns, Total: 4038959 ns
[2023-07-18T05:37:06.004+0000][1][safepoint    ] Safepoint "Cleanup", Time since last: 1005409250 ns, Reaching safepoint: 1529333 ns, At safepoint: 33625 ns, Total: 1562958 ns
[2023-07-18T05:37:07.008+0000][1][safepoint    ] Safepoint "Cleanup", Time since last: 1000891459 ns, Reaching safepoint: 2918125 ns, At safepoint: 97750 ns, Total: 3015875 ns
[2023-07-18T05:37:08.014+0000][1][safepoint    ] Safepoint "Cleanup", Time since last: 1002232417 ns, Reaching safepoint: 3577625 ns, At safepoint: 104792 ns, Total: 3682417 ns
[2023-07-18T05:37:09.020+0000][1][safepoint    ] Safepoint "Cleanup", Time since last: 1001689751 ns, Reaching safepoint: 4198958 ns, At safepoint: 90667 ns, Total: 4289625 ns
[2023-07-18T05:37:10.025+0000][1][safepoint    ] Safepoint "Cleanup", Time since last: 1001929875 ns, Reaching safepoint: 3701667 ns, At safepoint: 112916 ns, Total: 3814583 ns
[2023-07-18T05:37:11.028+0000][1][safepoint    ] Safepoint "Cleanup", Time since last: 1001565626 ns, Reaching safepoint: 905458 ns, At safepoint: 21750 ns, Total: 927208 ns
[2023-07-18T05:37:12.033+0000][1][safepoint    ] Safepoint "Cleanup", Time since last: 1000632667 ns, Reaching safepoint: 4016209 ns, At safepoint: 102083 ns, Total: 4118292 ns
[2023-07-18T05:37:13.038+0000][1][safepoint    ] Safepoint "Cleanup", Time since last: 1003901001 ns, Reaching safepoint: 1215458 ns, At safepoint: 35958 ns, Total: 1251416 ns
[2023-07-18T05:37:14.042+0000][1][safepoint    ] Safepoint "Cleanup", Time since last: 1001163417 ns, Reaching safepoint: 2519709 ns, At safepoint: 70166 ns, Total: 2589875 ns
[2023-07-18T05:37:14.297+0000][1][safepoint    ] Safepoint "RevokeBias", Time since last: 254593250 ns, Reaching safepoint: 1129375 ns, At safepoint: 71834 ns, Total: 1201209 ns
[2023-07-18T05:37:15.301+0000][1][safepoint    ] Safepoint "Cleanup", Time since last: 1000596084 ns, Reaching safepoint: 2824875 ns, At safepoint: 94666 ns, Total: 2919541 ns
[2023-07-18T05:37:16.311+0000][1][safepoint    ] Safepoint "Cleanup", Time since last: 1005753959 ns, Reaching safepoint: 3777750 ns, At safepoint: 100708 ns, Total: 3878458 ns
[2023-07-18T05:37:17.317+0000][1][safepoint    ] Safepoint "Cleanup", Time since last: 1002640876 ns, Reaching safepoint: 3278625 ns, At safepoint: 81208 ns, Total: 3359833 ns
[2023-07-18T05:37:18.932+0000][1][safepoint    ] Safepoint "Cleanup", Time since last: 1611365918 ns, Reaching safepoint: 3866625 ns, At safepoint: 142416 ns, Total: 4009041 ns
[2023-07-18T05:37:19.938+0000][1][safepoint    ] Safepoint "Cleanup", Time since last: 1002094876 ns, Reaching safepoint: 3715833 ns, At safepoint: 94417 ns, Total: 3810250 ns
[2023-07-18T05:37:20.943+0000][1][safepoint    ] Safepoint "Cleanup", Time since last: 1002821292 ns, Reaching safepoint: 2396542 ns, At safepoint: 37458 ns, Total: 2434000 ns
[2023-07-18T05:37:21.949+0000][1][safepoint    ] Safepoint "Cleanup", Time since last: 1001005250 ns, Reaching safepoint: 4368417 ns, At safepoint: 88833 ns, Total: 4457250 ns
[2023-07-18T05:37:22.953+0000][1][safepoint    ] Safepoint "Cleanup", Time since last: 1001348459 ns, Reaching safepoint: 2786959 ns, At safepoint: 71875 ns, Total: 2858834 ns
[2023-07-18T05:37:23.957+0000][1][safepoint    ] Safepoint "Cleanup", Time since last: 1001478125 ns, Reaching safepoint: 3167000 ns, At safepoint: 86792 ns, Total: 3253792 ns
[2023-07-18T05:37:24.962+0000][1][safepoint    ] Safepoint "Cleanup", Time since last: 1001970917 ns, Reaching safepoint: 2647625 ns, At safepoint: 173000 ns, Total: 2820625 ns
[2023-07-18T05:37:25.969+0000][1][safepoint    ] Safepoint "Cleanup", Time since last: 1003162625 ns, Reaching safepoint: 3793167 ns, At safepoint: 98125 ns, Total: 3891292 ns
[2023-07-18T05:37:26.975+0000][1][safepoint    ] Safepoint "Cleanup", Time since last: 1002118084 ns, Reaching safepoint: 3764250 ns, At safepoint: 96041 ns, Total: 3860291 ns
[2023-07-18T05:37:27.981+0000][1][safepoint    ] Safepoint "Cleanup", Time since last: 1003388168 ns, Reaching safepoint: 1935500 ns, At safepoint: 44916 ns, Total: 1980416 ns
[2023-07-18T05:37:28.984+0000][1][safepoint    ] Safepoint "Cleanup", Time since last: 1000880251 ns, Reaching safepoint: 2631250 ns, At safepoint: 69250 ns, Total: 2700500 ns
[2023-07-18T05:37:29.989+0000][1][safepoint    ] Safepoint "Cleanup", Time since last: 1001669417 ns, Reaching safepoint: 3144500 ns, At safepoint: 87708 ns, Total: 3232208 ns
[2023-07-18T05:37:30.993+0000][1][safepoint    ] Safepoint "Cleanup", Time since last: 1001395167 ns, Reaching safepoint: 2767000 ns, At safepoint: 91584 ns, Total: 2858584 ns
[2023-07-18T05:37:31.998+0000][1][safepoint    ] Safepoint "Cleanup", Time since last: 1001083917 ns, Reaching safepoint: 3651833 ns, At safepoint: 100292 ns, Total: 3752125 ns
[2023-07-18T05:37:33.002+0000][1][safepoint    ] Safepoint "Cleanup", Time since last: 1002020250 ns, Reaching safepoint: 1644209 ns, At safepoint: 41500 ns, Total: 1685709 ns
[2023-07-18T05:37:34.005+0000][1][safepoint    ] Safepoint "Cleanup", Time since last: 1001327292 ns, Reaching safepoint: 2228500 ns, At safepoint: 52458 ns, Total: 2280958 ns
[2023-07-18T05:37:35.011+0000][1][safepoint    ] Safepoint "Cleanup", Time since last: 1001721333 ns, Reaching safepoint: 3709958 ns, At safepoint: 94584 ns, Total: 3804542 ns
[2023-07-18T05:37:36.017+0000][1][safepoint    ] Safepoint "Cleanup", Time since last: 1001904458 ns, Reaching safepoint: 3898750 ns, At safepoint: 86209 ns, Total: 3984959 ns
[2023-07-18T05:37:37.022+0000][1][safepoint    ] Safepoint "Cleanup", Time since last: 1002090500 ns, Reaching safepoint: 2675875 ns, At safepoint: 70042 ns, Total: 2745917 ns
[2023-07-18T05:37:38.026+0000][1][safepoint    ] Safepoint "Cleanup", Time since last: 1001104667 ns, Reaching safepoint: 2421125 ns, At safepoint: 73792 ns, Total: 2494917 ns
[2023-07-18T05:37:39.031+0000][1][safepoint    ] Safepoint "Cleanup", Time since last: 1003252417 ns, Reaching safepoint: 1622625 ns, At safepoint: 39000 ns, Total: 1661625 ns
[2023-07-18T05:37:40.042+0000][1][safepoint    ] Safepoint "Cleanup", Time since last: 1001041875 ns, Reaching safepoint: 9934792 ns, At safepoint: 96625 ns, Total: 10031417 ns
[2023-07-18T05:37:41.048+0000][1][safepoint    ] Safepoint "Cleanup", Time since last: 1002065417 ns, Reaching safepoint: 3738750 ns, At safepoint: 95334 ns, Total: 3834084 ns
[2023-07-18T05:37:42.052+0000][1][safepoint    ] Safepoint "Cleanup", Time since last: 1003793875 ns, Reaching safepoint: 1148125 ns, At safepoint: 30750 ns, Total: 1178875 ns
[2023-07-18T05:37:43.057+0000][1][safepoint    ] Safepoint "Cleanup", Time since last: 1001010709 ns, Reaching safepoint: 3140042 ns, At safepoint: 88500 ns, Total: 3228542 ns
[2023-07-18T05:37:44.060+0000][1][safepoint    ] Safepoint "Cleanup", Time since last: 1001784458 ns, Reaching safepoint: 1109459 ns, At safepoint: 31500 ns, Total: 1140959 ns
[2023-07-18T05:37:45.064+0000][1][safepoint    ] Safepoint "Cleanup", Time since last: 1001831708 ns, Reaching safepoint: 2120500 ns, At safepoint: 51959 ns, Total: 2172459 ns
[2023-07-18T05:37:45.859+0000][1][safepoint    ] Safepoint "RevokeBias", Time since last: 794417584 ns, Reaching safepoint: 634541 ns, At safepoint: 717292 ns, Total: 1351833 ns
[2023-07-18T05:37:45.863+0000][1][safepoint    ] Safepoint "RevokeBias", Time since last: 2872458 ns, Reaching safepoint: 634167 ns, At safepoint: 125583 ns, Total: 759750 ns
[2023-07-18T05:37:45.866+0000][1][safepoint    ] Safepoint "RevokeBias", Time since last: 2193959 ns, Reaching safepoint: 485291 ns, At safepoint: 300875 ns, Total: 786166 ns
[2023-07-18T05:37:45.955+0000][1][safepoint    ] Safepoint "RevokeBias", Time since last: 88503959 ns, Reaching safepoint: 736958 ns, At safepoint: 134417 ns, Total: 871375 ns
[2023-07-18T05:37:45.989+0000][1][safepoint    ] Safepoint "RevokeBias", Time since last: 32577666 ns, Reaching safepoint: 1361625 ns, At safepoint: 70625 ns, Total: 1432250 ns
[2023-07-18T05:37:46.997+0000][1][safepoint    ] Safepoint "Cleanup", Time since last: 1003233959 ns, Reaching safepoint: 3911833 ns, At safepoint: 104417 ns, Total: 4016250 ns
[2023-07-18T05:37:48.005+0000][1][safepoint    ] Safepoint "Cleanup", Time since last: 1004132667 ns, Reaching safepoint: 4230792 ns, At safepoint: 148958 ns, Total: 4379750 ns
[2023-07-18T05:37:49.013+0000][1][safepoint    ] Safepoint "Cleanup", Time since last: 1003664251 ns, Reaching safepoint: 4133166 ns, At safepoint: 143292 ns, Total: 4276458 ns
[2023-07-18T05:37:50.018+0000][1][safepoint    ] Safepoint "Cleanup", Time since last: 1001397375 ns, Reaching safepoint: 3790084 ns, At safepoint: 92250 ns, Total: 3882334 ns
[2023-07-18T05:37:51.025+0000][1][safepoint    ] Safepoint "Cleanup", Time since last: 1003426417 ns, Reaching safepoint: 2855833 ns, At safepoint: 82792 ns, Total: 2938625 ns
[2023-07-18T05:37:52.031+0000][1][safepoint    ] Safepoint "Cleanup", Time since last: 1001966917 ns, Reaching safepoint: 4127542 ns, At safepoint: 78541 ns, Total: 4206083 ns
[2023-07-18T05:37:53.037+0000][1][safepoint    ] Safepoint "Cleanup", Time since last: 1002007043 ns, Reaching safepoint: 3911500 ns, At safepoint: 95416 ns, Total: 4006916 ns
[2023-07-18T05:37:54.043+0000][1][safepoint    ] Safepoint "Cleanup", Time since last: 1002486876 ns, Reaching safepoint: 3710166 ns, At safepoint: 97500 ns, Total: 3807666 ns
[2023-07-18T05:37:55.046+0000][1][safepoint    ] Safepoint "Cleanup", Time since last: 1002118376 ns, Reaching safepoint: 720917 ns, At safepoint: 14500 ns, Total: 735417 ns
[2023-07-18T05:37:56.052+0000][1][safepoint    ] Safepoint "Cleanup", Time since last: 1001325083 ns, Reaching safepoint: 4022917 ns, At safepoint: 94708 ns, Total: 4117625 ns
[2023-07-18T05:37:57.057+0000][1][safepoint    ] Safepoint "Cleanup", Time since last: 1001660209 ns, Reaching safepoint: 3726334 ns, At safepoint: 139125 ns, Total: 3865459 ns
[2023-07-18T05:37:58.062+0000][1][safepoint    ] Safepoint "Cleanup", Time since last: 1001853583 ns, Reaching safepoint: 2599792 ns, At safepoint: 80500 ns, Total: 2680292 ns
[2023-07-18T05:37:59.066+0000][1][safepoint    ] Safepoint "Cleanup", Time since last: 1001329500 ns, Reaching safepoint: 2958042 ns, At safepoint: 79875 ns, Total: 3037917 ns
[2023-07-18T05:38:00.072+0000][1][safepoint    ] Safepoint "Cleanup", Time since last: 1002188334 ns, Reaching safepoint: 3758417 ns, At safepoint: 93333 ns, Total: 3851750 ns
[2023-07-18T05:38:01.079+0000][1][safepoint    ] Safepoint "Cleanup", Time since last: 1002409792 ns, Reaching safepoint: 4096667 ns, At safepoint: 105791 ns, Total: 4202458 ns
[2023-07-18T05:38:02.084+0000][1][safepoint    ] Safepoint "Cleanup", Time since last: 1001872168 ns, Reaching safepoint: 3639916 ns, At safepoint: 88667 ns, Total: 3728583 ns
[2023-07-18T05:38:03.092+0000][1][safepoint    ] Safepoint "Cleanup", Time since last: 1003298750 ns, Reaching safepoint: 3872834 ns, At safepoint: 100916 ns, Total: 3973750 ns
[2023-07-18T05:38:04.098+0000][1][safepoint    ] Safepoint "Cleanup", Time since last: 1002458459 ns, Reaching safepoint: 4229042 ns, At safepoint: 100042 ns, Total: 4329084 ns
[2023-07-18T05:38:04.357+0000][1][gc,start     ] GC(58) Pause Young (Allocation Failure)
[2023-07-18T05:38:04.359+0000][1][gc,task      ] GC(58) Using 4 workers of 4 for evacuation
[2023-07-18T05:38:04.384+0000][1][gc,age       ] GC(58) Desired survivor size 8945664 bytes, new threshold 6 (max threshold 6)
[2023-07-18T05:38:04.384+0000][1][gc,age       ] GC(58) Age table with threshold 6 (max threshold 6)
[2023-07-18T05:38:04.384+0000][1][gc,age       ] GC(58) - age   1:     169888 bytes,     169888 total
[2023-07-18T05:38:04.385+0000][1][gc,age       ] GC(58) - age   2:       1056 bytes,     170944 total
[2023-07-18T05:38:04.385+0000][1][gc,age       ] GC(58) - age   3:        768 bytes,     171712 total
[2023-07-18T05:38:04.385+0000][1][gc,age       ] GC(58) - age   4:        272 bytes,     171984 total
[2023-07-18T05:38:04.385+0000][1][gc,age       ] GC(58) - age   5:        800 bytes,     172784 total
[2023-07-18T05:38:04.385+0000][1][gc,age       ] GC(58) - age   6:       2688 bytes,     175472 total
[2023-07-18T05:38:04.386+0000][1][gc,heap      ] GC(58) ParNew: 139915K->217K(157248K)
[2023-07-18T05:38:04.386+0000][1][gc,heap      ] GC(58) CMS: 71960K->71962K(349568K)
[2023-07-18T05:38:04.387+0000][1][gc,metaspace ] GC(58) Metaspace: 92902K->92902K(1134592K)
[2023-07-18T05:38:04.387+0000][1][gc           ] GC(58) Pause Young (Allocation Failure) 206M->70M(494M) 30.686ms
[2023-07-18T05:38:04.388+0000][1][gc,cpu       ] GC(58) User=0.05s Sys=0.01s Real=0.04s
[2023-07-18T05:38:04.388+0000][1][safepoint    ] Safepoint "GenCollectForAllocation", Time since last: 256569750 ns, Reaching safepoint: 1503750 ns, At safepoint: 31645583 ns, Total: 33149333 ns
[2023-07-18T05:38:05.559+0000][1][safepoint    ] Safepoint "Cleanup", Time since last: 1169614542 ns, Reaching safepoint: 1466208 ns, At safepoint: 32875 ns, Total: 1499083 ns
[2023-07-18T05:38:06.563+0000][1][safepoint    ] Safepoint "Cleanup", Time since last: 1003049084 ns, Reaching safepoint: 1549708 ns, At safepoint: 28958 ns, Total: 1578666 ns
[2023-07-18T05:38:07.570+0000][1][safepoint    ] Safepoint "Cleanup", Time since last: 1002390334 ns, Reaching safepoint: 3831000 ns, At safepoint: 107417 ns, Total: 3938417 ns
[2023-07-18T05:38:08.575+0000][1][safepoint    ] Safepoint "Cleanup", Time since last: 1002795042 ns, Reaching safepoint: 2518625 ns, At safepoint: 68833 ns, Total: 2587458 ns
[2023-07-18T05:38:09.583+0000][1][safepoint    ] Safepoint "Cleanup", Time since last: 1003883793 ns, Reaching safepoint: 3842666 ns, At safepoint: 96750 ns, Total: 3939416 ns
[2023-07-18T05:38:10.590+0000][1][safepoint    ] Safepoint "Cleanup", Time since last: 1003155417 ns, Reaching safepoint: 4148167 ns, At safepoint: 97625 ns, Total: 4245792 ns
[2023-07-18T05:38:11.594+0000][1][safepoint    ] Safepoint "Cleanup", Time since last: 1001833667 ns, Reaching safepoint: 2349333 ns, At safepoint: 58875 ns, Total: 2408208 ns
[2023-07-18T05:38:12.596+0000][1][safepoint    ] Safepoint "Cleanup", Time since last: 1000981543 ns, Reaching safepoint: 724375 ns, At safepoint: 18458 ns, Total: 742833 ns
[2023-07-18T05:38:13.601+0000][1][safepoint    ] Safepoint "Cleanup", Time since last: 1000755375 ns, Reaching safepoint: 3943375 ns, At safepoint: 180750 ns, Total: 4124125 ns
[2023-07-18T05:38:14.604+0000][1][safepoint    ] Safepoint "Cleanup", Time since last: 1001739584 ns, Reaching safepoint: 949584 ns, At safepoint: 19333 ns, Total: 968917 ns
[2023-07-18T05:38:15.607+0000][1][safepoint    ] Safepoint "Cleanup", Time since last: 1000519667 ns, Reaching safepoint: 2892292 ns, At safepoint: 82041 ns, Total: 2974333 ns
[2023-07-18T05:38:16.611+0000][1][safepoint    ] Safepoint "Cleanup", Time since last: 1002450834 ns, Reaching safepoint: 1249042 ns, At safepoint: 28042 ns, Total: 1277084 ns
[2023-07-18T05:38:17.615+0000][1][safepoint    ] Safepoint "Cleanup", Time since last: 1000658292 ns, Reaching safepoint: 2858375 ns, At safepoint: 62958 ns, Total: 2921333 ns
[2023-07-18T05:38:18.621+0000][1][safepoint    ] Safepoint "Cleanup", Time since last: 1002709084 ns, Reaching safepoint: 3327208 ns, At safepoint: 73958 ns, Total: 3401166 ns
[2023-07-18T05:38:19.625+0000][1][safepoint    ] Safepoint "Cleanup", Time since last: 1001478751 ns, Reaching safepoint: 2486083 ns, At safepoint: 70625 ns, Total: 2556708 ns
[2023-07-18T05:38:20.628+0000][1][safepoint    ] Safepoint "Cleanup", Time since last: 1001519042 ns, Reaching safepoint: 1920875 ns, At safepoint: 54959 ns, Total: 1975834 ns
[2023-07-18T05:38:21.632+0000][1][safepoint    ] Safepoint "Cleanup", Time since last: 1001179875 ns, Reaching safepoint: 2719000 ns, At safepoint: 70500 ns, Total: 2789500 ns
[2023-07-18T05:38:22.638+0000][1][safepoint    ] Safepoint "Cleanup", Time since last: 1002055167 ns, Reaching safepoint: 3225250 ns, At safepoint: 86417 ns, Total: 3311667 ns
[2023-07-18T05:38:23.644+0000][1][safepoint    ] Safepoint "Cleanup", Time since last: 1002340667 ns, Reaching safepoint: 3764375 ns, At safepoint: 97875 ns, Total: 3862250 ns
[2023-07-18T05:38:24.647+0000][1][safepoint    ] Safepoint "Cleanup", Time since last: 1002114459 ns, Reaching safepoint: 726958 ns, At safepoint: 15750 ns, Total: 742708 ns
[2023-07-18T05:38:25.650+0000][1][safepoint    ] Safepoint "Cleanup", Time since last: 1001470043 ns, Reaching safepoint: 2163083 ns, At safepoint: 54833 ns, Total: 2217916 ns
[2023-07-18T05:38:26.655+0000][1][safepoint    ] Safepoint "Cleanup", Time since last: 1001092167 ns, Reaching safepoint: 3953084 ns, At safepoint: 103000 ns, Total: 4056084 ns
[2023-07-18T05:38:27.661+0000][1][safepoint    ] Safepoint "Cleanup", Time since last: 1001556500 ns, Reaching safepoint: 3546958 ns, At safepoint: 130584 ns, Total: 3677542 ns
[2023-07-18T05:38:28.667+0000][1][safepoint    ] Safepoint "Cleanup", Time since last: 1004005792 ns, Reaching safepoint: 2226500 ns, At safepoint: 33458 ns, Total: 2259958 ns
[2023-07-18T05:38:29.668+0000][1][safepoint    ] Safepoint "Cleanup", Time since last: 1000509167 ns, Reaching safepoint: 610417 ns, At safepoint: 14792 ns, Total: 625209 ns
[2023-07-18T05:38:30.673+0000][1][safepoint    ] Safepoint "Cleanup", Time since last: 1002216334 ns, Reaching safepoint: 2891041 ns, At safepoint: 61625 ns, Total: 2952666 ns
[2023-07-18T05:38:31.678+0000][1][safepoint    ] Safepoint "Cleanup", Time since last: 1001591709 ns, Reaching safepoint: 3371542 ns, At safepoint: 88375 ns, Total: 3459917 ns
[2023-07-18T05:38:32.687+0000][1][safepoint    ] Safepoint "Cleanup", Time since last: 1004246667 ns, Reaching safepoint: 4076458 ns, At safepoint: 117542 ns, Total: 4194000 ns
[2023-07-18T05:38:33.695+0000][1][safepoint    ] Safepoint "Cleanup", Time since last: 1003833834 ns, Reaching safepoint: 4245916 ns, At safepoint: 116375 ns, Total: 4362291 ns
[2023-07-18T05:38:34.699+0000][1][safepoint    ] Safepoint "Cleanup", Time since last: 1001333459 ns, Reaching safepoint: 1563458 ns, At safepoint: 40625 ns, Total: 1604083 ns
[2023-07-18T05:38:35.703+0000][1][safepoint    ] Safepoint "Cleanup", Time since last: 1000928750 ns, Reaching safepoint: 3827792 ns, At safepoint: 99208 ns, Total: 3927000 ns
[2023-07-18T05:38:36.709+0000][1][safepoint    ] Safepoint "Cleanup", Time since last: 1001946584 ns, Reaching safepoint: 3811917 ns, At safepoint: 123625 ns, Total: 3935542 ns
[2023-07-18T05:38:37.716+0000][1][safepoint    ] Safepoint "Cleanup", Time since last: 1002307959 ns, Reaching safepoint: 3821208 ns, At safepoint: 99792 ns, Total: 3921000 ns
[2023-07-18T05:38:38.721+0000][1][safepoint    ] Safepoint "Cleanup", Time since last: 1003996917 ns, Reaching safepoint: 977833 ns, At safepoint: 24833 ns, Total: 1002666 ns
[2023-07-18T05:38:39.726+0000][1][safepoint    ] Safepoint "Cleanup", Time since last: 1002668334 ns, Reaching safepoint: 3159334 ns, At safepoint: 77458 ns, Total: 3236792 ns
[2023-07-18T05:38:40.733+0000][1][safepoint    ] Safepoint "Cleanup", Time since last: 1002558417 ns, Reaching safepoint: 4030167 ns, At safepoint: 89458 ns, Total: 4119625 ns
[2023-07-18T05:38:41.739+0000][1][safepoint    ] Safepoint "Cleanup", Time since last: 1002729501 ns, Reaching safepoint: 2728875 ns, At safepoint: 76041 ns, Total: 2804916 ns
[2023-07-18T05:38:42.744+0000][1][safepoint    ] Safepoint "Cleanup", Time since last: 1001540959 ns, Reaching safepoint: 3724583 ns, At safepoint: 101167 ns, Total: 3825750 ns
[2023-07-18T05:38:43.750+0000][1][safepoint    ] Safepoint "Cleanup", Time since last: 1001763626 ns, Reaching safepoint: 3903375 ns, At safepoint: 113875 ns, Total: 4017250 ns
[2023-07-18T05:38:44.754+0000][1][safepoint    ] Safepoint "Cleanup", Time since last: 1002400958 ns, Reaching safepoint: 1673459 ns, At safepoint: 50000 ns, Total: 1723459 ns
[2023-07-18T05:38:45.759+0000][1][safepoint    ] Safepoint "Cleanup", Time since last: 1000983917 ns, Reaching safepoint: 3632208 ns, At safepoint: 110708 ns, Total: 3742916 ns
[2023-07-18T05:38:46.766+0000][1][safepoint    ] Safepoint "Cleanup", Time since last: 1002939001 ns, Reaching safepoint: 4559042 ns, At safepoint: 104000 ns, Total: 4663042 ns
[2023-07-18T05:38:46.881+0000][1][safepoint    ] Safepoint "RevokeBias", Time since last: 113651458 ns, Reaching safepoint: 903292 ns, At safepoint: 201250 ns, Total: 1104542 ns
[2023-07-18T05:38:46.886+0000][1][safepoint    ] Safepoint "RevokeBias", Time since last: 3249875 ns, Reaching safepoint: 1276208 ns, At safepoint: 125708 ns, Total: 1401916 ns
[2023-07-18T05:38:46.890+0000][1][safepoint    ] Safepoint "RevokeBias", Time since last: 3978667 ns, Reaching safepoint: 623000 ns, At safepoint: 115542 ns, Total: 738542 ns
[2023-07-18T05:38:46.911+0000][1][safepoint    ] Safepoint "RevokeBias", Time since last: 19545833 ns, Reaching safepoint: 683333 ns, At safepoint: 82667 ns, Total: 766000 ns
[2023-07-18T05:38:46.921+0000][1][safepoint    ] Safepoint "RevokeBias", Time since last: 8392208 ns, Reaching safepoint: 1490834 ns, At safepoint: 69750 ns, Total: 1560584 ns
[2023-07-18T05:38:46.925+0000][1][safepoint    ] Safepoint "RevokeBias", Time since last: 3872708 ns, Reaching safepoint: 795292 ns, At safepoint: 69875 ns, Total: 865167 ns
[2023-07-18T05:38:47.971+0000][1][safepoint    ] Safepoint "Cleanup", Time since last: 1043324750 ns, Reaching safepoint: 2504625 ns, At safepoint: 75667 ns, Total: 2580292 ns
[2023-07-18T05:38:48.977+0000][1][safepoint    ] Safepoint "Cleanup", Time since last: 1001533375 ns, Reaching safepoint: 4296459 ns, At safepoint: 82333 ns, Total: 4378792 ns
[2023-07-18T05:38:49.984+0000][1][safepoint    ] Safepoint "Cleanup", Time since last: 1002802500 ns, Reaching safepoint: 3829625 ns, At safepoint: 95417 ns, Total: 3925042 ns
[2023-07-18T05:38:50.990+0000][1][safepoint    ] Safepoint "Cleanup", Time since last: 1004206876 ns, Reaching safepoint: 1449541 ns, At safepoint: 36125 ns, Total: 1485666 ns
[2023-07-18T05:38:51.995+0000][1][safepoint    ] Safepoint "Cleanup", Time since last: 1001719042 ns, Reaching safepoint: 3544000 ns, At safepoint: 87375 ns, Total: 3631375 ns
[2023-07-18T05:38:53.002+0000][1][safepoint    ] Safepoint "Cleanup", Time since last: 1002830918 ns, Reaching safepoint: 4140625 ns, At safepoint: 95000 ns, Total: 4235625 ns
[2023-07-18T05:38:54.008+0000][1][safepoint    ] Safepoint "Cleanup", Time since last: 1002501708 ns, Reaching safepoint: 3781500 ns, At safepoint: 87334 ns, Total: 3868834 ns
[2023-07-18T05:38:55.014+0000][1][safepoint    ] Safepoint "Cleanup", Time since last: 1001798209 ns, Reaching safepoint: 3942875 ns, At safepoint: 90958 ns, Total: 4033833 ns
[2023-07-18T05:38:56.020+0000][1][safepoint    ] Safepoint "Cleanup", Time since last: 1002846875 ns, Reaching safepoint: 2915709 ns, At safepoint: 70125 ns, Total: 2985834 ns
[2023-07-18T05:38:57.022+0000][1][safepoint    ] Safepoint "Cleanup", Time since last: 1001244459 ns, Reaching safepoint: 950916 ns, At safepoint: 44500 ns, Total: 995416 ns
[2023-07-18T05:38:58.027+0000][1][safepoint    ] Safepoint "Cleanup", Time since last: 1001166626 ns, Reaching safepoint: 3634083 ns, At safepoint: 93417 ns, Total: 3727500 ns
[2023-07-18T05:38:59.031+0000][1][safepoint    ] Safepoint "Cleanup", Time since last: 1002629333 ns, Reaching safepoint: 1208375 ns, At safepoint: 19417 ns, Total: 1227792 ns
[2023-07-18T05:39:00.037+0000][1][safepoint    ] Safepoint "Cleanup", Time since last: 1001774042 ns, Reaching safepoint: 3822084 ns, At safepoint: 95291 ns, Total: 3917375 ns
[2023-07-18T05:39:01.041+0000][1][safepoint    ] Safepoint "Cleanup", Time since last: 1002453292 ns, Reaching safepoint: 1771584 ns, At safepoint: 54791 ns, Total: 1826375 ns
[2023-07-18T05:39:02.048+0000][1][safepoint    ] Safepoint "Cleanup", Time since last: 1002682584 ns, Reaching safepoint: 3843542 ns, At safepoint: 150792 ns, Total: 3994334 ns
[2023-07-18T05:39:03.054+0000][1][safepoint    ] Safepoint "Cleanup", Time since last: 1002021458 ns, Reaching safepoint: 3629542 ns, At safepoint: 105708 ns, Total: 3735250 ns
[2023-07-18T05:39:04.058+0000][1][safepoint    ] Safepoint "Cleanup", Time since last: 1003246126 ns, Reaching safepoint: 1586708 ns, At safepoint: 49042 ns, Total: 1635750 ns
[2023-07-18T05:57:02.997+0000][1][safepoint    ] Safepoint "Cleanup", Time since last: 1634459417 ns, Reaching safepoint: 11891875 ns, At safepoint: 1402000 ns, Total: 13293875 ns
[2023-07-18T05:57:04.012+0000][1][safepoint    ] Safepoint "Cleanup", Time since last: 1015306333 ns, Reaching safepoint: 1011959 ns, At safepoint: 25708 ns, Total: 1037667 ns
[2023-07-18T05:57:05.021+0000][1][safepoint    ] Safepoint "Cleanup", Time since last: 1004877834 ns, Reaching safepoint: 4014833 ns, At safepoint: 96750 ns, Total: 4111583 ns
[2023-07-18T05:57:06.025+0000][1][safepoint    ] Safepoint "Cleanup", Time since last: 1002745917 ns, Reaching safepoint: 1207125 ns, At safepoint: 31667 ns, Total: 1238792 ns
[2023-07-18T05:57:07.029+0000][1][safepoint    ] Safepoint "Cleanup", Time since last: 1001122251 ns, Reaching safepoint: 2529958 ns, At safepoint: 63667 ns, Total: 2593625 ns
[2023-07-18T05:57:08.034+0000][1][safepoint    ] Safepoint "Cleanup", Time since last: 1001168458 ns, Reaching safepoint: 3662209 ns, At safepoint: 78291 ns, Total: 3740500 ns
[2023-07-18T05:57:09.036+0000][1][safepoint    ] Safepoint "Cleanup", Time since last: 1001600751 ns, Reaching safepoint: 1141750 ns, At safepoint: 29167 ns, Total: 1170917 ns
[2023-07-18T05:57:10.041+0000][1][safepoint    ] Safepoint "Cleanup", Time since last: 1001208042 ns, Reaching safepoint: 3728375 ns, At safepoint: 94916 ns, Total: 3823291 ns
[2023-07-18T05:57:11.050+0000][1][safepoint    ] Safepoint "Cleanup", Time since last: 1003457209 ns, Reaching safepoint: 5601375 ns, At safepoint: 43167 ns, Total: 5644542 ns
[2023-07-18T05:57:12.056+0000][1][safepoint    ] Safepoint "Cleanup", Time since last: 1003859042 ns, Reaching safepoint: 1376542 ns, At safepoint: 35375 ns, Total: 1411917 ns
[2023-07-18T05:57:13.058+0000][1][safepoint    ] Safepoint "Cleanup", Time since last: 1000756375 ns, Reaching safepoint: 1861875 ns, At safepoint: 41458 ns, Total: 1903333 ns
[2023-07-18T05:57:14.065+0000][1][safepoint    ] Safepoint "Cleanup", Time since last: 1004565668 ns, Reaching safepoint: 1688541 ns, At safepoint: 39917 ns, Total: 1728458 ns
[2023-07-18T05:57:15.074+0000][1][safepoint    ] Safepoint "Cleanup", Time since last: 1005627500 ns, Reaching safepoint: 3107334 ns, At safepoint: 78333 ns, Total: 3185667 ns
[2023-07-18T05:57:16.076+0000][1][safepoint    ] Safepoint "Cleanup", Time since last: 1001181334 ns, Reaching safepoint: 1628458 ns, At safepoint: 35709 ns, Total: 1664167 ns
[2023-07-18T05:57:17.082+0000][1][safepoint    ] Safepoint "Cleanup", Time since last: 1002065792 ns, Reaching safepoint: 3703166 ns, At safepoint: 102959 ns, Total: 3806125 ns
[2023-07-18T05:57:18.088+0000][1][safepoint    ] Safepoint "Cleanup", Time since last: 1002023292 ns, Reaching safepoint: 3505417 ns, At safepoint: 103791 ns, Total: 3609208 ns
[2023-07-18T05:57:19.090+0000][1][safepoint    ] Safepoint "Cleanup", Time since last: 1001127626 ns, Reaching safepoint: 1392416 ns, At safepoint: 36334 ns, Total: 1428750 ns
[2023-07-18T05:57:20.097+0000][1][safepoint    ] Safepoint "Cleanup", Time since last: 1002218417 ns, Reaching safepoint: 3759541 ns, At safepoint: 100792 ns, Total: 3860333 ns
[2023-07-18T05:57:21.101+0000][1][safepoint    ] Safepoint "Cleanup", Time since last: 1001659126 ns, Reaching safepoint: 2826125 ns, At safepoint: 82500 ns, Total: 2908625 ns
[2023-07-18T05:57:22.107+0000][1][safepoint    ] Safepoint "Cleanup", Time since last: 1002078417 ns, Reaching safepoint: 4164458 ns, At safepoint: 86083 ns, Total: 4250541 ns
[2023-07-18T05:57:23.111+0000][1][safepoint    ] Safepoint "Cleanup", Time since last: 1001491834 ns, Reaching safepoint: 2355584 ns, At safepoint: 63458 ns, Total: 2419042 ns
[2023-07-18T05:57:24.116+0000][1][safepoint    ] Safepoint "Cleanup", Time since last: 1002551167 ns, Reaching safepoint: 2466542 ns, At safepoint: 67208 ns, Total: 2533750 ns
[2023-07-18T05:57:25.120+0000][1][safepoint    ] Safepoint "Cleanup", Time since last: 1001032376 ns, Reaching safepoint: 2469750 ns, At safepoint: 61875 ns, Total: 2531625 ns
[2023-07-18T05:57:26.125+0000][1][safepoint    ] Safepoint "Cleanup", Time since last: 1001169792 ns, Reaching safepoint: 3640791 ns, At safepoint: 131500 ns, Total: 3772291 ns
[2023-07-18T05:57:27.130+0000][1][safepoint    ] Safepoint "Cleanup", Time since last: 1001616876 ns, Reaching safepoint: 3849375 ns, At safepoint: 96208 ns, Total: 3945583 ns
[2023-07-18T05:57:28.137+0000][1][safepoint    ] Safepoint "Cleanup", Time since last: 1001880292 ns, Reaching safepoint: 4098959 ns, At safepoint: 152708 ns, Total: 4251667 ns
[2023-07-18T05:57:29.141+0000][1][safepoint    ] Safepoint "Cleanup", Time since last: 1001272459 ns, Reaching safepoint: 3467083 ns, At safepoint: 82042 ns, Total: 3549125 ns
[2023-07-18T05:57:30.149+0000][1][safepoint    ] Safepoint "Cleanup", Time since last: 1003613125 ns, Reaching safepoint: 3348250 ns, At safepoint: 106792 ns, Total: 3455042 ns
[2023-07-18T05:57:31.155+0000][1][safepoint    ] Safepoint "Cleanup", Time since last: 1003422709 ns, Reaching safepoint: 3202208 ns, At safepoint: 121583 ns, Total: 3323791 ns
[2023-07-18T05:57:32.144+0000][1][safepoint    ] Safepoint "Cleanup", Time since last: 1011944209 ns, Reaching safepoint: 4061792 ns, At safepoint: 101416 ns, Total: 4163208 ns
[2023-07-18T05:57:33.149+0000][1][safepoint    ] Safepoint "Cleanup", Time since last: 1001766709 ns, Reaching safepoint: 2589833 ns, At safepoint: 66542 ns, Total: 2656375 ns
[2023-07-18T05:57:34.154+0000][1][safepoint    ] Safepoint "Cleanup", Time since last: 1001579292 ns, Reaching safepoint: 3427875 ns, At safepoint: 126959 ns, Total: 3554834 ns
[2023-07-18T05:57:35.162+0000][1][safepoint    ] Safepoint "Cleanup", Time since last: 1003675792 ns, Reaching safepoint: 4090375 ns, At safepoint: 91833 ns, Total: 4182208 ns
[2023-07-18T05:57:36.166+0000][1][safepoint    ] Safepoint "Cleanup", Time since last: 1001962751 ns, Reaching safepoint: 2723625 ns, At safepoint: 110083 ns, Total: 2833708 ns
[2023-07-18T05:57:37.171+0000][1][safepoint    ] Safepoint "Cleanup", Time since last: 1001324667 ns, Reaching safepoint: 3291042 ns, At safepoint: 100208 ns, Total: 3391250 ns
[2023-07-18T05:57:38.177+0000][1][safepoint    ] Safepoint "Cleanup", Time since last: 1002846542 ns, Reaching safepoint: 2913458 ns, At safepoint: 71167 ns, Total: 2984625 ns
[2023-07-18T05:57:39.181+0000][1][safepoint    ] Safepoint "Cleanup", Time since last: 1001419709 ns, Reaching safepoint: 2862792 ns, At safepoint: 90916 ns, Total: 2953708 ns
[2023-07-18T05:57:40.188+0000][1][safepoint    ] Safepoint "Cleanup", Time since last: 1004262751 ns, Reaching safepoint: 2162083 ns, At safepoint: 54000 ns, Total: 2216083 ns
[2023-07-18T05:57:41.194+0000][1][safepoint    ] Safepoint "Cleanup", Time since last: 1001660876 ns, Reaching safepoint: 4090291 ns, At safepoint: 163750 ns, Total: 4254041 ns
[2023-07-18T05:57:42.201+0000][1][safepoint    ] Safepoint "Cleanup", Time since last: 1002381876 ns, Reaching safepoint: 4280750 ns, At safepoint: 84666 ns, Total: 4365416 ns
[2023-07-18T05:57:43.205+0000][1][safepoint    ] Safepoint "Cleanup", Time since last: 1001551876 ns, Reaching safepoint: 2434125 ns, At safepoint: 73417 ns, Total: 2507542 ns
[2023-07-18T05:57:44.208+0000][1][safepoint    ] Safepoint "Cleanup", Time since last: 1001053208 ns, Reaching safepoint: 2040959 ns, At safepoint: 76250 ns, Total: 2117209 ns
[2023-07-18T05:57:45.153+0000][1][safepoint    ] Safepoint "RevokeBias", Time since last: 943142958 ns, Reaching safepoint: 1316709 ns, At safepoint: 1031083 ns, Total: 2347792 ns
[2023-07-18T05:57:45.157+0000][1][safepoint    ] Safepoint "RevokeBias", Time since last: 2601917 ns, Reaching safepoint: 1194583 ns, At safepoint: 179833 ns, Total: 1374416 ns
[2023-07-18T05:57:45.164+0000][1][safepoint    ] Safepoint "RevokeBias", Time since last: 5853459 ns, Reaching safepoint: 527458 ns, At safepoint: 384917 ns, Total: 912375 ns
[2023-07-18T05:57:45.173+0000][1][safepoint    ] Safepoint "RevokeBias", Time since last: 7255083 ns, Reaching safepoint: 1425417 ns, At safepoint: 83500 ns, Total: 1508917 ns
[2023-07-18T05:57:45.174+0000][1][safepoint    ] Safepoint "RevokeBias", Time since last: 881625 ns, Reaching safepoint: 574291 ns, At safepoint: 62084 ns, Total: 636375 ns
[2023-07-18T05:57:46.180+0000][1][safepoint    ] Safepoint "Cleanup", Time since last: 1001473875 ns, Reaching safepoint: 4037167 ns, At safepoint: 48875 ns, Total: 4086042 ns
[2023-07-18T05:57:47.185+0000][1][safepoint    ] Safepoint "Cleanup", Time since last: 1000625959 ns, Reaching safepoint: 4228291 ns, At safepoint: 133500 ns, Total: 4361791 ns
[2023-07-18T05:57:48.188+0000][1][safepoint    ] Safepoint "Cleanup", Time since last: 1001521334 ns, Reaching safepoint: 1857834 ns, At safepoint: 72000 ns, Total: 1929834 ns
[2023-07-18T05:57:49.192+0000][1][safepoint    ] Safepoint "Cleanup", Time since last: 1001201250 ns, Reaching safepoint: 2437042 ns, At safepoint: 72041 ns, Total: 2509083 ns
[2023-07-18T05:57:50.202+0000][1][safepoint    ] Safepoint "Cleanup", Time since last: 1006115584 ns, Reaching safepoint: 4062875 ns, At safepoint: 127625 ns, Total: 4190500 ns
[2023-07-18T05:57:51.206+0000][1][safepoint    ] Safepoint "Cleanup", Time since last: 1001377459 ns, Reaching safepoint: 2343583 ns, At safepoint: 59625 ns, Total: 2403208 ns
[2023-07-18T05:57:51.632+0000][1][safepoint    ] Safepoint "RevokeBias", Time since last: 424114292 ns, Reaching safepoint: 1480125 ns, At safepoint: 136625 ns, Total: 1616750 ns
[2023-07-18T05:57:52.635+0000][1][safepoint    ] Safepoint "Cleanup", Time since last: 1001962459 ns, Reaching safepoint: 1560000 ns, At safepoint: 34833 ns, Total: 1594833 ns
[2023-07-18T05:57:53.638+0000][1][safepoint    ] Safepoint "Cleanup", Time since last: 1000838668 ns, Reaching safepoint: 1839791 ns, At safepoint: 47792 ns, Total: 1887583 ns
[2023-07-18T05:57:54.644+0000][1][safepoint    ] Safepoint "Cleanup", Time since last: 1000993834 ns, Reaching safepoint: 4507250 ns, At safepoint: 104083 ns, Total: 4611333 ns
[2023-07-18T05:57:55.648+0000][1][safepoint    ] Safepoint "Cleanup", Time since last: 1002574250 ns, Reaching safepoint: 1928250 ns, At safepoint: 60542 ns, Total: 1988792 ns
[2023-07-18T05:57:56.654+0000][1][safepoint    ] Safepoint "Cleanup", Time since last: 1002665376 ns, Reaching safepoint: 3084583 ns, At safepoint: 97667 ns, Total: 3182250 ns
[2023-07-18T05:57:57.657+0000][1][safepoint    ] Safepoint "Cleanup", Time since last: 1002164292 ns, Reaching safepoint: 1088291 ns, At safepoint: 29625 ns, Total: 1117916 ns
[2023-07-18T05:57:58.672+0000][1][safepoint    ] Safepoint "Cleanup", Time since last: 1012773376 ns, Reaching safepoint: 2247542 ns, At safepoint: 40041 ns, Total: 2287583 ns
[2023-07-18T05:57:59.676+0000][1][safepoint    ] Safepoint "Cleanup", Time since last: 1000604417 ns, Reaching safepoint: 2880875 ns, At safepoint: 86542 ns, Total: 2967417 ns
[2023-07-18T05:58:00.681+0000][1][safepoint    ] Safepoint "Cleanup", Time since last: 1001502917 ns, Reaching safepoint: 3040792 ns, At safepoint: 88167 ns, Total: 3128959 ns
[2023-07-18T05:58:01.593+0000][1][gc,start     ] GC(59) Pause Young (Allocation Failure)
[2023-07-18T05:58:01.597+0000][1][gc,task      ] GC(59) Using 4 workers of 4 for evacuation
[2023-07-18T05:58:01.632+0000][1][gc,age       ] GC(59) Desired survivor size 8945664 bytes, new threshold 6 (max threshold 6)
[2023-07-18T05:58:01.632+0000][1][gc,age       ] GC(59) Age table with threshold 6 (max threshold 6)
[2023-07-18T05:58:01.632+0000][1][gc,age       ] GC(59) - age   1:     106784 bytes,     106784 total
[2023-07-18T05:58:01.633+0000][1][gc,age       ] GC(59) - age   2:        400 bytes,     107184 total
[2023-07-18T05:58:01.633+0000][1][gc,age       ] GC(59) - age   3:        936 bytes,     108120 total
[2023-07-18T05:58:01.633+0000][1][gc,age       ] GC(59) - age   4:        768 bytes,     108888 total
[2023-07-18T05:58:01.633+0000][1][gc,age       ] GC(59) - age   5:        272 bytes,     109160 total
[2023-07-18T05:58:01.633+0000][1][gc,age       ] GC(59) - age   6:        160 bytes,     109320 total
[2023-07-18T05:58:01.635+0000][1][gc,heap      ] GC(59) ParNew: 139989K->154K(157248K)
[2023-07-18T05:58:01.635+0000][1][gc,heap      ] GC(59) CMS: 71962K->71965K(349568K)
[2023-07-18T05:58:01.635+0000][1][gc,metaspace ] GC(59) Metaspace: 92902K->92902K(1134592K)
[2023-07-18T05:58:01.636+0000][1][gc           ] GC(59) Pause Young (Allocation Failure) 206M->70M(494M) 43.319ms
[2023-07-18T05:58:01.637+0000][1][gc,cpu       ] GC(59) User=0.06s Sys=0.02s Real=0.04s
[2023-07-18T05:58:01.637+0000][1][safepoint    ] Safepoint "GenCollectForAllocation", Time since last: 910271667 ns, Reaching safepoint: 1275875 ns, At safepoint: 44856541 ns, Total: 46132416 ns
[2023-07-18T06:10:34.960+0000][1][safepoint    ] Safepoint "Cleanup", Time since last: 1000346292 ns, Reaching safepoint: 1743459 ns, At safepoint: 39791 ns, Total: 1783250 ns
[2023-07-18T06:10:35.671+0000][1][safepoint    ] Safepoint "RevokeBias", Time since last: 706859667 ns, Reaching safepoint: 3752334 ns, At safepoint: 97291 ns, Total: 3849625 ns
[2023-07-18T06:10:35.672+0000][1][safepoint    ] Safepoint "RevokeBias", Time since last: 889959 ns, Reaching safepoint: 450416 ns, At safepoint: 21042 ns, Total: 471458 ns
[2023-07-18T06:10:35.687+0000][1][safepoint    ] Safepoint "RevokeBias", Time since last: 13897208 ns, Reaching safepoint: 614167 ns, At safepoint: 40458 ns, Total: 654625 ns
[2023-07-18T06:10:36.690+0000][1][safepoint    ] Safepoint "Cleanup", Time since last: 1000824917 ns, Reaching safepoint: 2459625 ns, At safepoint: 99709 ns, Total: 2559334 ns
[2023-07-18T06:10:37.695+0000][1][safepoint    ] Safepoint "Cleanup", Time since last: 1000995917 ns, Reaching safepoint: 3995750 ns, At safepoint: 108375 ns, Total: 4104125 ns
[2023-07-18T06:10:38.699+0000][1][safepoint    ] Safepoint "Cleanup", Time since last: 1002624000 ns, Reaching safepoint: 1715334 ns, At safepoint: 55916 ns, Total: 1771250 ns
[2023-07-18T06:10:39.710+0000][1][safepoint    ] Safepoint "Cleanup", Time since last: 1000836084 ns, Reaching safepoint: 9025458 ns, At safepoint: 227167 ns, Total: 9252625 ns
[2023-07-18T06:10:40.714+0000][1][safepoint    ] Safepoint "Cleanup", Time since last: 1002052042 ns, Reaching safepoint: 2452167 ns, At safepoint: 58167 ns, Total: 2510334 ns
[2023-07-18T06:10:41.152+0000][1][safepoint    ] Safepoint "RevokeBias", Time since last: 436380875 ns, Reaching safepoint: 906500 ns, At safepoint: 158916 ns, Total: 1065416 ns
[2023-07-18T06:10:42.062+0000][1][safepoint    ] Safepoint "RevokeBias", Time since last: 908485418 ns, Reaching safepoint: 1697750 ns, At safepoint: 168791 ns, Total: 1866541 ns
[2023-07-18T06:10:42.090+0000][1][safepoint    ] Safepoint "RevokeBias", Time since last: 26888584 ns, Reaching safepoint: 627666 ns, At safepoint: 138667 ns, Total: 766333 ns
[2023-07-18T06:10:42.092+0000][1][safepoint    ] Safepoint "RevokeBias", Time since last: 2012125 ns, Reaching safepoint: 499375 ns, At safepoint: 83417 ns, Total: 582792 ns
[2023-07-18T06:10:42.097+0000][1][safepoint    ] Safepoint "RevokeBias", Time since last: 3967666 ns, Reaching safepoint: 896250 ns, At safepoint: 94084 ns, Total: 990334 ns
[2023-07-18T06:10:42.101+0000][1][safepoint    ] Safepoint "RevokeBias", Time since last: 2747125 ns, Reaching safepoint: 882750 ns, At safepoint: 66166 ns, Total: 948916 ns
[2023-07-18T06:10:42.145+0000][1][safepoint    ] Safepoint "RevokeBias", Time since last: 43961042 ns, Reaching safepoint: 409708 ns, At safepoint: 110667 ns, Total: 520375 ns
[2023-07-18T06:10:42.164+0000][1][safepoint    ] Safepoint "RevokeBias", Time since last: 17735417 ns, Reaching safepoint: 808625 ns, At safepoint: 28333 ns, Total: 836958 ns
[2023-07-18T06:10:42.187+0000][1][safepoint    ] Safepoint "RevokeBias", Time since last: 22441458 ns, Reaching safepoint: 524584 ns, At safepoint: 73208 ns, Total: 597792 ns
[2023-07-18T06:10:42.189+0000][1][safepoint    ] Safepoint "RevokeBias", Time since last: 1214500 ns, Reaching safepoint: 543000 ns, At safepoint: 54833 ns, Total: 597833 ns
[2023-07-18T06:10:42.189+0000][1][safepoint    ] Safepoint "RevokeBias", Time since last: 253500 ns, Reaching safepoint: 255375 ns, At safepoint: 41542 ns, Total: 296917 ns
[2023-07-18T06:10:42.190+0000][1][safepoint    ] Safepoint "RevokeBias", Time since last: 206958 ns, Reaching safepoint: 277709 ns, At safepoint: 41250 ns, Total: 318959 ns
[2023-07-18T06:10:42.190+0000][1][safepoint    ] Safepoint "RevokeBias", Time since last: 229458 ns, Reaching safepoint: 257833 ns, At safepoint: 43875 ns, Total: 301708 ns
[2023-07-18T06:10:42.194+0000][1][safepoint    ] Safepoint "RevokeBias", Time since last: 2699792 ns, Reaching safepoint: 692375 ns, At safepoint: 59792 ns, Total: 752167 ns
[2023-07-18T06:10:42.197+0000][1][safepoint    ] Safepoint "RevokeBias", Time since last: 2345791 ns, Reaching safepoint: 593084 ns, At safepoint: 66333 ns, Total: 659417 ns
[2023-07-18T06:10:42.243+0000][1][safepoint    ] Safepoint "RevokeBias", Time since last: 45596333 ns, Reaching safepoint: 710209 ns, At safepoint: 138125 ns, Total: 848334 ns
[2023-07-18T06:10:42.248+0000][1][safepoint    ] Safepoint "RevokeBias", Time since last: 3214458 ns, Reaching safepoint: 1366875 ns, At safepoint: 165500 ns, Total: 1532375 ns
[2023-07-18T06:10:43.183+0000][1][safepoint    ] Safepoint "RevokeBias", Time since last: 932421500 ns, Reaching safepoint: 2290875 ns, At safepoint: 240667 ns, Total: 2531542 ns
[2023-07-18T06:10:44.185+0000][1][safepoint    ] Safepoint "Cleanup", Time since last: 1000754167 ns, Reaching safepoint: 1213917 ns, At safepoint: 32792 ns, Total: 1246709 ns
[2023-07-18T06:10:45.187+0000][1][safepoint    ] Safepoint "Cleanup", Time since last: 1000731250 ns, Reaching safepoint: 1631583 ns, At safepoint: 68542 ns, Total: 1700125 ns
[2023-07-18T06:10:46.191+0000][1][safepoint    ] Safepoint "Cleanup", Time since last: 1000735751 ns, Reaching safepoint: 3003250 ns, At safepoint: 94916 ns, Total: 3098166 ns
[2023-07-18T06:10:47.198+0000][1][safepoint    ] Safepoint "Cleanup", Time since last: 1003071417 ns, Reaching safepoint: 3709625 ns, At safepoint: 86917 ns, Total: 3796542 ns
[2023-07-18T06:10:48.203+0000][1][safepoint    ] Safepoint "Cleanup", Time since last: 1001646542 ns, Reaching safepoint: 3219250 ns, At safepoint: 83833 ns, Total: 3303083 ns
[2023-07-18T06:10:49.208+0000][1][safepoint    ] Safepoint "Cleanup", Time since last: 1001147293 ns, Reaching safepoint: 3288208 ns, At safepoint: 109917 ns, Total: 3398125 ns
[2023-07-18T06:10:50.212+0000][1][safepoint    ] Safepoint "Cleanup", Time since last: 1003185375 ns, Reaching safepoint: 1468083 ns, At safepoint: 42709 ns, Total: 1510792 ns
[2023-07-18T06:10:51.217+0000][1][safepoint    ] Safepoint "Cleanup", Time since last: 1001100042 ns, Reaching safepoint: 3060292 ns, At safepoint: 108666 ns, Total: 3168958 ns
[2023-07-18T06:10:52.221+0000][1][safepoint    ] Safepoint "Cleanup", Time since last: 1002065709 ns, Reaching safepoint: 2311000 ns, At safepoint: 84500 ns, Total: 2395500 ns
[2023-07-18T06:10:53.225+0000][1][safepoint    ] Safepoint "Cleanup", Time since last: 1001097417 ns, Reaching safepoint: 3267125 ns, At safepoint: 86584 ns, Total: 3353709 ns
[2023-07-18T06:10:54.228+0000][1][safepoint    ] Safepoint "Cleanup", Time since last: 1001570667 ns, Reaching safepoint: 1372958 ns, At safepoint: 32708 ns, Total: 1405666 ns
[2023-07-18T06:10:55.231+0000][1][safepoint    ] Safepoint "Cleanup", Time since last: 1000726376 ns, Reaching safepoint: 1645625 ns, At safepoint: 48875 ns, Total: 1694500 ns
[2023-07-18T06:10:56.236+0000][1][safepoint    ] Safepoint "Cleanup", Time since last: 1001838292 ns, Reaching safepoint: 3255958 ns, At safepoint: 97459 ns, Total: 3353417 ns
[2023-07-18T06:10:57.241+0000][1][safepoint    ] Safepoint "Cleanup", Time since last: 1001448750 ns, Reaching safepoint: 3278583 ns, At safepoint: 90542 ns, Total: 3369125 ns
[2023-07-18T06:10:58.246+0000][1][safepoint    ] Safepoint "Cleanup", Time since last: 1001556709 ns, Reaching safepoint: 3463333 ns, At safepoint: 116250 ns, Total: 3579583 ns
[2023-07-18T06:10:59.251+0000][1][safepoint    ] Safepoint "Cleanup", Time since last: 1002033959 ns, Reaching safepoint: 3296625 ns, At safepoint: 83625 ns, Total: 3380250 ns
[2023-07-18T06:11:00.254+0000][1][safepoint    ] Safepoint "Cleanup", Time since last: 1001354292 ns, Reaching safepoint: 1267042 ns, At safepoint: 36208 ns, Total: 1303250 ns
[2023-07-18T06:11:01.259+0000][1][safepoint    ] Safepoint "Cleanup", Time since last: 1000756167 ns, Reaching safepoint: 3899917 ns, At safepoint: 132417 ns, Total: 4032334 ns
[2023-07-18T06:11:02.268+0000][1][safepoint    ] Safepoint "Cleanup", Time since last: 1004933084 ns, Reaching safepoint: 3945958 ns, At safepoint: 100500 ns, Total: 4046458 ns
[2023-07-18T06:11:03.271+0000][1][safepoint    ] Safepoint "Cleanup", Time since last: 1001402709 ns, Reaching safepoint: 1981208 ns, At safepoint: 81917 ns, Total: 2063125 ns
[2023-07-18T06:11:04.280+0000][1][safepoint    ] Safepoint "Cleanup", Time since last: 1002350958 ns, Reaching safepoint: 776541 ns, At safepoint: 18417 ns, Total: 794958 ns
[2023-07-18T06:11:05.283+0000][1][safepoint    ] Safepoint "Cleanup", Time since last: 1000477917 ns, Reaching safepoint: 2122542 ns, At safepoint: 75291 ns, Total: 2197833 ns
[2023-07-18T06:11:06.286+0000][1][safepoint    ] Safepoint "Cleanup", Time since last: 1000965376 ns, Reaching safepoint: 1952750 ns, At safepoint: 48041 ns, Total: 2000791 ns
[2023-07-18T06:11:07.291+0000][1][safepoint    ] Safepoint "Cleanup", Time since last: 1001053709 ns, Reaching safepoint: 3939000 ns, At safepoint: 119500 ns, Total: 4058500 ns
[2023-07-18T06:11:08.297+0000][1][safepoint    ] Safepoint "Cleanup", Time since last: 1003582334 ns, Reaching safepoint: 3073083 ns, At safepoint: 97292 ns, Total: 3170375 ns
[2023-07-18T06:11:09.302+0000][1][safepoint    ] Safepoint "Cleanup", Time since last: 1001982334 ns, Reaching safepoint: 2967750 ns, At safepoint: 92458 ns, Total: 3060208 ns
[2023-07-18T06:11:10.308+0000][1][safepoint    ] Safepoint "Cleanup", Time since last: 1001439459 ns, Reaching safepoint: 3889792 ns, At safepoint: 88833 ns, Total: 3978625 ns
[2023-07-18T06:11:11.313+0000][1][safepoint    ] Safepoint "Cleanup", Time since last: 1001621292 ns, Reaching safepoint: 3166000 ns, At safepoint: 72125 ns, Total: 3238125 ns
[2023-07-18T06:11:12.318+0000][1][safepoint    ] Safepoint "Cleanup", Time since last: 1001674501 ns, Reaching safepoint: 3852375 ns, At safepoint: 112375 ns, Total: 3964750 ns
[2023-07-18T06:11:13.325+0000][1][safepoint    ] Safepoint "Cleanup", Time since last: 1002884250 ns, Reaching safepoint: 3924667 ns, At safepoint: 105208 ns, Total: 4029875 ns
[2023-07-18T06:11:14.937+0000][1][safepoint    ] Safepoint "Cleanup", Time since last: 1607807876 ns, Reaching safepoint: 3856667 ns, At safepoint: 92875 ns, Total: 3949542 ns
[2023-07-18T06:11:15.942+0000][1][safepoint    ] Safepoint "Cleanup", Time since last: 1001298542 ns, Reaching safepoint: 3461250 ns, At safepoint: 112458 ns, Total: 3573708 ns
[2023-07-18T06:11:16.949+0000][1][safepoint    ] Safepoint "Cleanup", Time since last: 1002680459 ns, Reaching safepoint: 4231792 ns, At safepoint: 123500 ns, Total: 4355292 ns
[2023-07-18T06:11:17.952+0000][1][safepoint    ] Safepoint "Cleanup", Time since last: 1001992250 ns, Reaching safepoint: 984542 ns, At safepoint: 25375 ns, Total: 1009917 ns
[2023-07-18T06:11:18.955+0000][1][safepoint    ] Safepoint "Cleanup", Time since last: 1001754042 ns, Reaching safepoint: 1687083 ns, At safepoint: 40834 ns, Total: 1727917 ns
[2023-07-18T06:11:19.960+0000][1][safepoint    ] Safepoint "Cleanup", Time since last: 1000835958 ns, Reaching safepoint: 3932334 ns, At safepoint: 129625 ns, Total: 4061959 ns
[2023-07-18T06:11:20.966+0000][1][safepoint    ] Safepoint "Cleanup", Time since last: 1001711833 ns, Reaching safepoint: 3544959 ns, At safepoint: 104916 ns, Total: 3649875 ns
[2023-07-18T06:11:21.971+0000][1][safepoint    ] Safepoint "Cleanup", Time since last: 1001431626 ns, Reaching safepoint: 3958167 ns, At safepoint: 101625 ns, Total: 4059792 ns
[2023-07-18T06:11:22.978+0000][1][safepoint    ] Safepoint "Cleanup", Time since last: 1002305833 ns, Reaching safepoint: 4280292 ns, At safepoint: 124000 ns, Total: 4404292 ns
[2023-07-18T06:11:23.981+0000][1][safepoint    ] Safepoint "Cleanup", Time since last: 1002070542 ns, Reaching safepoint: 693000 ns, At safepoint: 21334 ns, Total: 714334 ns
[2023-07-18T06:11:24.982+0000][1][safepoint    ] Safepoint "Cleanup", Time since last: 1000473417 ns, Reaching safepoint: 731791 ns, At safepoint: 18625 ns, Total: 750416 ns
[2023-07-18T06:11:25.987+0000][1][safepoint    ] Safepoint "Cleanup", Time since last: 1000584793 ns, Reaching safepoint: 3951500 ns, At safepoint: 118833 ns, Total: 4070333 ns
[2023-07-18T06:11:26.993+0000][1][safepoint    ] Safepoint "Cleanup", Time since last: 1001894375 ns, Reaching safepoint: 3910584 ns, At safepoint: 120166 ns, Total: 4030750 ns
[2023-07-18T06:11:27.997+0000][1][safepoint    ] Safepoint "Cleanup", Time since last: 1001551292 ns, Reaching safepoint: 3075250 ns, At safepoint: 210584 ns, Total: 3285834 ns
[2023-07-18T06:11:29.000+0000][1][safepoint    ] Safepoint "Cleanup", Time since last: 1001744042 ns, Reaching safepoint: 641417 ns, At safepoint: 16791 ns, Total: 658208 ns
[2023-07-18T06:11:30.001+0000][1][safepoint    ] Safepoint "Cleanup", Time since last: 1000368584 ns, Reaching safepoint: 1212667 ns, At safepoint: 40125 ns, Total: 1252792 ns
[2023-07-18T06:11:30.019+0000][1][safepoint    ] Safepoint "BulkRevokeBias", Time since last: 14324083 ns, Reaching safepoint: 601583 ns, At safepoint: 2980042 ns, Total: 3581625 ns
[2023-07-18T06:11:30.079+0000][1][safepoint    ] Safepoint "RevokeBias", Time since last: 58626208 ns, Reaching safepoint: 719875 ns, At safepoint: 73500 ns, Total: 793375 ns
[2023-07-18T06:11:30.129+0000][1][safepoint    ] Safepoint "RevokeBias", Time since last: 49369626 ns, Reaching safepoint: 617750 ns, At safepoint: 76250 ns, Total: 694000 ns
[2023-07-18T06:11:30.130+0000][1][safepoint    ] Safepoint "RevokeBias", Time since last: 683708 ns, Reaching safepoint: 609583 ns, At safepoint: 114417 ns, Total: 724000 ns
[2023-07-18T06:11:30.137+0000][1][safepoint    ] Safepoint "RevokeBias", Time since last: 5811375 ns, Reaching safepoint: 1183042 ns, At safepoint: 65416 ns, Total: 1248458 ns
[2023-07-18T06:11:31.139+0000][1][safepoint    ] Safepoint "Cleanup", Time since last: 1000549876 ns, Reaching safepoint: 1507625 ns, At safepoint: 38375 ns, Total: 1546000 ns
[2023-07-18T06:11:32.142+0000][1][safepoint    ] Safepoint "Cleanup", Time since last: 1002008917 ns, Reaching safepoint: 998916 ns, At safepoint: 25667 ns, Total: 1024583 ns
[2023-07-18T06:11:33.148+0000][1][safepoint    ] Safepoint "Cleanup", Time since last: 1001067334 ns, Reaching safepoint: 4115375 ns, At safepoint: 129292 ns, Total: 4244667 ns
[2023-07-18T06:11:34.150+0000][1][safepoint    ] Safepoint "Cleanup", Time since last: 1001378875 ns, Reaching safepoint: 1003333 ns, At safepoint: 21375 ns, Total: 1024708 ns
[2023-07-18T06:11:35.157+0000][1][safepoint    ] Safepoint "Cleanup", Time since last: 1001260959 ns, Reaching safepoint: 4691167 ns, At safepoint: 116916 ns, Total: 4808083 ns
[2023-07-18T06:11:36.163+0000][1][safepoint    ] Safepoint "Cleanup", Time since last: 1001558167 ns, Reaching safepoint: 4570000 ns, At safepoint: 120834 ns, Total: 4690834 ns
[2023-07-18T06:11:37.171+0000][1][safepoint    ] Safepoint "Cleanup", Time since last: 1003043250 ns, Reaching safepoint: 4351084 ns, At safepoint: 122375 ns, Total: 4473459 ns
[2023-07-18T06:11:38.176+0000][1][safepoint    ] Safepoint "Cleanup", Time since last: 1001523750 ns, Reaching safepoint: 4052375 ns, At safepoint: 111708 ns, Total: 4164083 ns
[2023-07-18T06:11:39.182+0000][1][safepoint    ] Safepoint "Cleanup", Time since last: 1002588168 ns, Reaching safepoint: 3123916 ns, At safepoint: 110959 ns, Total: 3234875 ns
[2023-07-18T06:11:40.186+0000][1][safepoint    ] Safepoint "Cleanup", Time since last: 1002234167 ns, Reaching safepoint: 1103208 ns, At safepoint: 25458 ns, Total: 1128666 ns
[2023-07-18T06:11:41.188+0000][1][safepoint    ] Safepoint "Cleanup", Time since last: 1000563209 ns, Reaching safepoint: 1959625 ns, At safepoint: 51792 ns, Total: 2011417 ns
[2023-07-18T06:11:42.190+0000][1][safepoint    ] Safepoint "Cleanup", Time since last: 1000784125 ns, Reaching safepoint: 970167 ns, At safepoint: 27833 ns, Total: 998000 ns
[2023-07-18T06:11:42.466+0000][1][safepoint    ] Safepoint "RevokeBias", Time since last: 274998375 ns, Reaching safepoint: 649167 ns, At safepoint: 94958 ns, Total: 744125 ns
[2023-07-18T06:11:43.479+0000][1][safepoint    ] Safepoint "Cleanup", Time since last: 1001463834 ns, Reaching safepoint: 10572375 ns, At safepoint: 660792 ns, Total: 11233167 ns
[2023-07-18T06:11:44.489+0000][1][safepoint    ] Safepoint "Cleanup", Time since last: 1010116584 ns, Reaching safepoint: 767291 ns, At safepoint: 28375 ns, Total: 795666 ns
[2023-07-18T06:11:45.491+0000][1][safepoint    ] Safepoint "Cleanup", Time since last: 1001177168 ns, Reaching safepoint: 661583 ns, At safepoint: 16792 ns, Total: 678375 ns
[2023-07-18T06:11:46.493+0000][1][safepoint    ] Safepoint "Cleanup", Time since last: 1000367250 ns, Reaching safepoint: 1357542 ns, At safepoint: 23125 ns, Total: 1380667 ns
[2023-07-18T06:11:47.497+0000][1][safepoint    ] Safepoint "Cleanup", Time since last: 1000529250 ns, Reaching safepoint: 3945917 ns, At safepoint: 113416 ns, Total: 4059333 ns
[2023-07-18T06:11:48.501+0000][1][safepoint    ] Safepoint "Cleanup", Time since last: 1001342168 ns, Reaching safepoint: 2603125 ns, At safepoint: 74875 ns, Total: 2678000 ns
[2023-07-18T06:11:49.510+0000][1][safepoint    ] Safepoint "Cleanup", Time since last: 1001424208 ns, Reaching safepoint: 7085292 ns, At safepoint: 112542 ns, Total: 7197834 ns
[2023-07-18T06:11:50.516+0000][1][safepoint    ] Safepoint "Cleanup", Time since last: 1002334375 ns, Reaching safepoint: 3048209 ns, At safepoint: 74416 ns, Total: 3122625 ns
[2023-07-18T06:11:51.518+0000][1][safepoint    ] Safepoint "Cleanup", Time since last: 1001444209 ns, Reaching safepoint: 545417 ns, At safepoint: 14750 ns, Total: 560167 ns
[2023-07-18T06:11:52.522+0000][1][safepoint    ] Safepoint "Cleanup", Time since last: 1000521667 ns, Reaching safepoint: 3988875 ns, At safepoint: 115792 ns, Total: 4104667 ns
[2023-07-18T06:11:53.528+0000][1][safepoint    ] Safepoint "Cleanup", Time since last: 1001480375 ns, Reaching safepoint: 4041625 ns, At safepoint: 134208 ns, Total: 4175833 ns
[2023-07-18T06:11:54.532+0000][1][safepoint    ] Safepoint "Cleanup", Time since last: 1001486043 ns, Reaching safepoint: 2191500 ns, At safepoint: 47875 ns, Total: 2239375 ns
[2023-07-18T06:11:55.537+0000][1][safepoint    ] Safepoint "Cleanup", Time since last: 1001935625 ns, Reaching safepoint: 3810000 ns, At safepoint: 93208 ns, Total: 3903208 ns
[2023-07-18T06:11:56.543+0000][1][safepoint    ] Safepoint "Cleanup", Time since last: 1001754459 ns, Reaching safepoint: 3387708 ns, At safepoint: 56167 ns, Total: 3443875 ns
[2023-07-18T06:11:57.548+0000][1][safepoint    ] Safepoint "Cleanup", Time since last: 1000904792 ns, Reaching safepoint: 4218625 ns, At safepoint: 123000 ns, Total: 4341625 ns
[2023-07-18T06:11:58.553+0000][1][safepoint    ] Safepoint "Cleanup", Time since last: 1001489792 ns, Reaching safepoint: 3693959 ns, At safepoint: 100833 ns, Total: 3794792 ns
[2023-07-18T06:11:59.556+0000][1][safepoint    ] Safepoint "Cleanup", Time since last: 1001312459 ns, Reaching safepoint: 1818833 ns, At safepoint: 47792 ns, Total: 1866625 ns
[2023-07-18T06:12:00.562+0000][1][safepoint    ] Safepoint "Cleanup", Time since last: 1001363709 ns, Reaching safepoint: 3938166 ns, At safepoint: 99375 ns, Total: 4037541 ns
[2023-07-18T06:12:01.566+0000][1][safepoint    ] Safepoint "Cleanup", Time since last: 1001485793 ns, Reaching safepoint: 3107833 ns, At safepoint: 96542 ns, Total: 3204375 ns
[2023-07-18T06:12:02.573+0000][1][safepoint    ] Safepoint "Cleanup", Time since last: 1002699167 ns, Reaching safepoint: 4132583 ns, At safepoint: 104333 ns, Total: 4236916 ns
[2023-07-18T06:12:03.580+0000][1][safepoint    ] Safepoint "Cleanup", Time since last: 1002627084 ns, Reaching safepoint: 3850208 ns, At safepoint: 98084 ns, Total: 3948292 ns
[2023-07-18T06:12:04.587+0000][1][safepoint    ] Safepoint "Cleanup", Time since last: 1002485374 ns, Reaching safepoint: 4627667 ns, At safepoint: 125750 ns, Total: 4753417 ns
[2023-07-18T06:12:05.594+0000][1][safepoint    ] Safepoint "Cleanup", Time since last: 1002015792 ns, Reaching safepoint: 4577792 ns, At safepoint: 134291 ns, Total: 4712083 ns
[2023-07-18T06:12:06.598+0000][1][safepoint    ] Safepoint "Cleanup", Time since last: 1001646793 ns, Reaching safepoint: 2223250 ns, At safepoint: 98041 ns, Total: 2321291 ns
[2023-07-18T06:12:07.607+0000][1][safepoint    ] Safepoint "Cleanup", Time since last: 1004881501 ns, Reaching safepoint: 3870541 ns, At safepoint: 104542 ns, Total: 3975083 ns
[2023-07-18T06:12:08.612+0000][1][safepoint    ] Safepoint "Cleanup", Time since last: 1002531459 ns, Reaching safepoint: 2753000 ns, At safepoint: 72583 ns, Total: 2825583 ns
[2023-07-18T06:12:09.619+0000][1][safepoint    ] Safepoint "Cleanup", Time since last: 1003563709 ns, Reaching safepoint: 3253500 ns, At safepoint: 76708 ns, Total: 3330208 ns
[2023-07-18T06:12:10.625+0000][1][safepoint    ] Safepoint "Cleanup", Time since last: 1001977334 ns, Reaching safepoint: 3897834 ns, At safepoint: 94458 ns, Total: 3992292 ns
[2023-07-18T06:12:11.631+0000][1][safepoint    ] Safepoint "Cleanup", Time since last: 1001538292 ns, Reaching safepoint: 4056583 ns, At safepoint: 87959 ns, Total: 4144542 ns
[2023-07-18T06:12:12.637+0000][1][safepoint    ] Safepoint "Cleanup", Time since last: 1002297000 ns, Reaching safepoint: 3909750 ns, At safepoint: 93250 ns, Total: 4003000 ns
[2023-07-18T06:12:13.642+0000][1][safepoint    ] Safepoint "Cleanup", Time since last: 1001528751 ns, Reaching safepoint: 3227666 ns, At safepoint: 79792 ns, Total: 3307458 ns
[2023-07-18T06:12:14.649+0000][1][safepoint    ] Safepoint "Cleanup", Time since last: 1001903167 ns, Reaching safepoint: 4613083 ns, At safepoint: 95084 ns, Total: 4708167 ns
[2023-07-18T06:12:15.654+0000][1][safepoint    ] Safepoint "Cleanup", Time since last: 1001649250 ns, Reaching safepoint: 3605875 ns, At safepoint: 96250 ns, Total: 3702125 ns
[2023-07-18T06:12:16.662+0000][1][safepoint    ] Safepoint "Cleanup", Time since last: 1003362542 ns, Reaching safepoint: 4796625 ns, At safepoint: 87834 ns, Total: 4884459 ns
[2023-07-18T06:12:17.668+0000][1][safepoint    ] Safepoint "Cleanup", Time since last: 1001952000 ns, Reaching safepoint: 4258667 ns, At safepoint: 118750 ns, Total: 4377417 ns
[2023-07-18T06:12:18.675+0000][1][safepoint    ] Safepoint "Cleanup", Time since last: 1002240167 ns, Reaching safepoint: 4002500 ns, At safepoint: 101792 ns, Total: 4104292 ns
[2023-07-18T06:12:19.681+0000][1][safepoint    ] Safepoint "Cleanup", Time since last: 1002427667 ns, Reaching safepoint: 4034875 ns, At safepoint: 94083 ns, Total: 4128958 ns
[2023-07-18T06:12:20.687+0000][1][safepoint    ] Safepoint "Cleanup", Time since last: 1001522501 ns, Reaching safepoint: 3612250 ns, At safepoint: 100916 ns, Total: 3713166 ns
[2023-07-18T06:12:21.692+0000][1][safepoint    ] Safepoint "Cleanup", Time since last: 1001128501 ns, Reaching safepoint: 3793083 ns, At safepoint: 110417 ns, Total: 3903500 ns
[2023-07-18T06:12:22.704+0000][1][safepoint    ] Safepoint "Cleanup", Time since last: 1008217792 ns, Reaching safepoint: 3823542 ns, At safepoint: 112625 ns, Total: 3936167 ns
[2023-07-18T06:12:23.711+0000][1][safepoint    ] Safepoint "Cleanup", Time since last: 1001545875 ns, Reaching safepoint: 5472208 ns, At safepoint: 80292 ns, Total: 5552500 ns
[2023-07-18T06:12:23.987+0000][1][gc,start     ] GC(60) Pause Young (Allocation Failure)
[2023-07-18T06:12:23.989+0000][1][gc,task      ] GC(60) Using 4 workers of 4 for evacuation
[2023-07-18T06:12:24.015+0000][1][gc,age       ] GC(60) Desired survivor size 8945664 bytes, new threshold 6 (max threshold 6)
[2023-07-18T06:12:24.015+0000][1][gc,age       ] GC(60) Age table with threshold 6 (max threshold 6)
[2023-07-18T06:12:24.016+0000][1][gc,age       ] GC(60) - age   1:     160336 bytes,     160336 total
[2023-07-18T06:12:24.016+0000][1][gc,age       ] GC(60) - age   2:      11496 bytes,     171832 total
[2023-07-18T06:12:24.016+0000][1][gc,age       ] GC(60) - age   3:        344 bytes,     172176 total
[2023-07-18T06:12:24.016+0000][1][gc,age       ] GC(60) - age   4:        936 bytes,     173112 total
[2023-07-18T06:12:24.016+0000][1][gc,age       ] GC(60) - age   5:        648 bytes,     173760 total
[2023-07-18T06:12:24.016+0000][1][gc,age       ] GC(60) - age   6:        136 bytes,     173896 total
[2023-07-18T06:12:24.017+0000][1][gc,heap      ] GC(60) ParNew: 139930K->219K(157248K)
[2023-07-18T06:12:24.018+0000][1][gc,heap      ] GC(60) CMS: 71965K->71965K(349568K)
[2023-07-18T06:12:24.018+0000][1][gc,metaspace ] GC(60) Metaspace: 92971K->92971K(1134592K)
[2023-07-18T06:12:24.019+0000][1][gc           ] GC(60) Pause Young (Allocation Failure) 206M->70M(494M) 31.871ms
[2023-07-18T06:12:24.019+0000][1][gc,cpu       ] GC(60) User=0.05s Sys=0.00s Real=0.04s
[2023-07-18T06:12:24.019+0000][1][safepoint    ] Safepoint "GenCollectForAllocation", Time since last: 274783334 ns, Reaching safepoint: 700375 ns, At safepoint: 33090541 ns, Total: 33790916 ns
[2023-07-18T06:12:25.024+0000][1][safepoint    ] Safepoint "Cleanup", Time since last: 1000558001 ns, Reaching safepoint: 4129791 ns, At safepoint: 102625 ns, Total: 4232416 ns
[2023-07-18T06:12:26.028+0000][1][safepoint    ] Safepoint "Cleanup", Time since last: 1001367293 ns, Reaching safepoint: 2635500 ns, At safepoint: 67833 ns, Total: 2703333 ns
[2023-07-18T06:12:27.033+0000][1][safepoint    ] Safepoint "Cleanup", Time since last: 1001547084 ns, Reaching safepoint: 3211250 ns, At safepoint: 63041 ns, Total: 3274291 ns
[2023-07-18T06:12:28.036+0000][1][safepoint    ] Safepoint "Cleanup", Time since last: 1000923626 ns, Reaching safepoint: 1878792 ns, At safepoint: 74208 ns, Total: 1953000 ns
[2023-07-18T06:12:29.040+0000][1][safepoint    ] Safepoint "Cleanup", Time since last: 1001233167 ns, Reaching safepoint: 3111667 ns, At safepoint: 108458 ns, Total: 3220125 ns
[2023-07-18T06:12:30.044+0000][1][safepoint    ] Safepoint "Cleanup", Time since last: 1001157209 ns, Reaching safepoint: 2160833 ns, At safepoint: 43417 ns, Total: 2204250 ns
[2023-07-18T06:12:30.361+0000][1][safepoint    ] Safepoint "RevokeBias", Time since last: 314751083 ns, Reaching safepoint: 1530459 ns, At safepoint: 603125 ns, Total: 2133584 ns
[2023-07-18T06:12:30.391+0000][1][safepoint    ] Safepoint "RevokeBias", Time since last: 28166708 ns, Reaching safepoint: 1806750 ns, At safepoint: 440167 ns, Total: 2246917 ns
[2023-07-18T06:12:30.392+0000][1][safepoint    ] Safepoint "RevokeBias", Time since last: 666208 ns, Reaching safepoint: 526375 ns, At safepoint: 56458 ns, Total: 582833 ns
[2023-07-18T06:12:30.624+0000][1][safepoint    ] Safepoint "RevokeBias", Time since last: 230751209 ns, Reaching safepoint: 450875 ns, At safepoint: 87333 ns, Total: 538208 ns
[2023-07-18T06:12:31.633+0000][1][safepoint    ] Safepoint "Cleanup", Time since last: 1005098667 ns, Reaching safepoint: 4125125 ns, At safepoint: 132125 ns, Total: 4257250 ns
[2023-07-18T06:12:32.636+0000][1][safepoint    ] Safepoint "Cleanup", Time since last: 1002494626 ns, Reaching safepoint: 735958 ns, At safepoint: 14333 ns, Total: 750291 ns
[2023-07-18T06:12:33.640+0000][1][safepoint    ] Safepoint "Cleanup", Time since last: 1000465376 ns, Reaching safepoint: 3488958 ns, At safepoint: 92042 ns, Total: 3581000 ns
[2023-07-18T06:12:34.647+0000][1][safepoint    ] Safepoint "Cleanup", Time since last: 1002751333 ns, Reaching safepoint: 4301375 ns, At safepoint: 101250 ns, Total: 4402625 ns
[2023-07-18T06:12:35.650+0000][1][safepoint    ] Safepoint "Cleanup", Time since last: 1001530126 ns, Reaching safepoint: 719833 ns, At safepoint: 19375 ns, Total: 739208 ns
[2023-07-18T06:12:36.654+0000][1][safepoint    ] Safepoint "Cleanup", Time since last: 1000727500 ns, Reaching safepoint: 3463250 ns, At safepoint: 122042 ns, Total: 3585292 ns
[2023-07-18T06:12:37.660+0000][1][safepoint    ] Safepoint "Cleanup", Time since last: 1002117209 ns, Reaching safepoint: 3527083 ns, At safepoint: 91458 ns, Total: 3618541 ns
[2023-07-18T06:12:38.664+0000][1][safepoint    ] Safepoint "Cleanup", Time since last: 1001852376 ns, Reaching safepoint: 2009125 ns, At safepoint: 49833 ns, Total: 2058958 ns
[2023-07-18T06:12:39.668+0000][1][safepoint    ] Safepoint "Cleanup", Time since last: 1001026209 ns, Reaching safepoint: 3283708 ns, At safepoint: 93750 ns, Total: 3377458 ns
[2023-07-18T06:12:40.673+0000][1][safepoint    ] Safepoint "Cleanup", Time since last: 1002668168 ns, Reaching safepoint: 1839208 ns, At safepoint: 52167 ns, Total: 1891375 ns
[2023-07-18T06:12:40.909+0000][1][safepoint    ] Safepoint "RevokeBias", Time since last: 235270791 ns, Reaching safepoint: 1167125 ns, At safepoint: 148834 ns, Total: 1315959 ns
[2023-07-18T06:12:40.925+0000][1][safepoint    ] Safepoint "RevokeBias", Time since last: 14848083 ns, Reaching safepoint: 1010292 ns, At safepoint: 106416 ns, Total: 1116708 ns
[2023-07-18T06:12:40.971+0000][1][safepoint    ] Safepoint "RevokeBias", Time since last: 44815375 ns, Reaching safepoint: 737084 ns, At safepoint: 161625 ns, Total: 898709 ns
[2023-07-18T06:12:40.974+0000][1][safepoint    ] Safepoint "RevokeBias", Time since last: 2231333 ns, Reaching safepoint: 830917 ns, At safepoint: 97291 ns, Total: 928208 ns
[2023-07-18T06:12:40.977+0000][1][safepoint    ] Safepoint "RevokeBias", Time since last: 1606042 ns, Reaching safepoint: 1215625 ns, At safepoint: 87375 ns, Total: 1303000 ns
[2023-07-18T06:12:42.973+0000][1][safepoint    ] Safepoint "Cleanup", Time since last: 1993050376 ns, Reaching safepoint: 2677000 ns, At safepoint: 71042 ns, Total: 2748042 ns
[2023-07-18T06:12:43.975+0000][1][safepoint    ] Safepoint "Cleanup", Time since last: 1001650083 ns, Reaching safepoint: 982292 ns, At safepoint: 27417 ns, Total: 1009709 ns
[2023-07-18T06:12:44.980+0000][1][safepoint    ] Safepoint "Cleanup", Time since last: 1001255042 ns, Reaching safepoint: 2826000 ns, At safepoint: 82833 ns, Total: 2908833 ns
[2023-07-18T06:12:45.984+0000][1][safepoint    ] Safepoint "Cleanup", Time since last: 1001087917 ns, Reaching safepoint: 3610500 ns, At safepoint: 95000 ns, Total: 3705500 ns
[2023-07-18T06:12:46.987+0000][1][safepoint    ] Safepoint "Cleanup", Time since last: 1001217126 ns, Reaching safepoint: 1416583 ns, At safepoint: 31709 ns, Total: 1448292 ns
[2023-07-18T06:12:47.990+0000][1][safepoint    ] Safepoint "Cleanup", Time since last: 1000770458 ns, Reaching safepoint: 1829250 ns, At safepoint: 44750 ns, Total: 1874000 ns
[2023-07-18T06:12:48.994+0000][1][safepoint    ] Safepoint "Cleanup", Time since last: 1000910709 ns, Reaching safepoint: 3727042 ns, At safepoint: 97458 ns, Total: 3824500 ns
[2023-07-18T06:12:50.000+0000][1][safepoint    ] Safepoint "Cleanup", Time since last: 1001564167 ns, Reaching safepoint: 3923375 ns, At safepoint: 154750 ns, Total: 4078125 ns
[2023-07-18T06:12:51.006+0000][1][safepoint    ] Safepoint "Cleanup", Time since last: 1002525917 ns, Reaching safepoint: 2979167 ns, At safepoint: 74208 ns, Total: 3053375 ns
[2023-07-18T06:12:52.012+0000][1][safepoint    ] Safepoint "Cleanup", Time since last: 1003208584 ns, Reaching safepoint: 2882500 ns, At safepoint: 68334 ns, Total: 2950834 ns
[2023-07-18T06:12:53.015+0000][1][safepoint    ] Safepoint "Cleanup", Time since last: 1001334750 ns, Reaching safepoint: 2222750 ns, At safepoint: 49333 ns, Total: 2272083 ns
[2023-07-18T06:12:54.017+0000][1][safepoint    ] Safepoint "Cleanup", Time since last: 1000766709 ns, Reaching safepoint: 710750 ns, At safepoint: 16459 ns, Total: 727209 ns
[2023-07-18T06:12:55.020+0000][1][safepoint    ] Safepoint "Cleanup", Time since last: 1000536125 ns, Reaching safepoint: 2200750 ns, At safepoint: 54958 ns, Total: 2255708 ns
[2023-07-18T06:12:56.023+0000][1][safepoint    ] Safepoint "Cleanup", Time since last: 1000961418 ns, Reaching safepoint: 2017791 ns, At safepoint: 60000 ns, Total: 2077791 ns
[2023-07-18T06:12:57.029+0000][1][safepoint    ] Safepoint "Cleanup", Time since last: 1001904834 ns, Reaching safepoint: 4076083 ns, At safepoint: 91459 ns, Total: 4167542 ns
[2023-07-18T06:12:58.032+0000][1][safepoint    ] Safepoint "Cleanup", Time since last: 1002501375 ns, Reaching safepoint: 1005209 ns, At safepoint: 24250 ns, Total: 1029459 ns
[2023-07-18T06:12:59.036+0000][1][safepoint    ] Safepoint "Cleanup", Time since last: 1000753000 ns, Reaching safepoint: 2450167 ns, At safepoint: 64875 ns, Total: 2515042 ns
[2023-07-18T06:13:00.039+0000][1][safepoint    ] Safepoint "Cleanup", Time since last: 1001333042 ns, Reaching safepoint: 1892958 ns, At safepoint: 47417 ns, Total: 1940375 ns
[2023-07-18T06:13:01.041+0000][1][safepoint    ] Safepoint "Cleanup", Time since last: 1000813709 ns, Reaching safepoint: 960750 ns, At safepoint: 23208 ns, Total: 983958 ns
[2023-07-18T06:13:02.046+0000][1][safepoint    ] Safepoint "Cleanup", Time since last: 1001024584 ns, Reaching safepoint: 3927958 ns, At safepoint: 81083 ns, Total: 4009041 ns
[2023-07-18T06:13:03.051+0000][1][safepoint    ] Safepoint "Cleanup", Time since last: 1001274959 ns, Reaching safepoint: 4046750 ns, At safepoint: 101792 ns, Total: 4148542 ns
[2023-07-18T06:13:04.053+0000][1][safepoint    ] Safepoint "Cleanup", Time since last: 1001425417 ns, Reaching safepoint: 732875 ns, At safepoint: 16167 ns, Total: 749042 ns
[2023-07-18T06:13:05.057+0000][1][safepoint    ] Safepoint "Cleanup", Time since last: 1001036833 ns, Reaching safepoint: 2792250 ns, At safepoint: 92958 ns, Total: 2885208 ns
[2023-07-18T06:13:06.061+0000][1][safepoint    ] Safepoint "Cleanup", Time since last: 1001132667 ns, Reaching safepoint: 2912917 ns, At safepoint: 101125 ns, Total: 3014042 ns
[2023-07-18T06:13:07.066+0000][1][safepoint    ] Safepoint "Cleanup", Time since last: 1001340126 ns, Reaching safepoint: 3230666 ns, At safepoint: 80542 ns, Total: 3311208 ns
[2023-07-18T06:13:08.072+0000][1][safepoint    ] Safepoint "Cleanup", Time since last: 1002484834 ns, Reaching safepoint: 3847583 ns, At safepoint: 104250 ns, Total: 3951833 ns
[2023-07-18T06:13:09.076+0000][1][safepoint    ] Safepoint "Cleanup", Time since last: 1003349209 ns, Reaching safepoint: 723541 ns, At safepoint: 20042 ns, Total: 743583 ns
[2023-07-18T06:13:10.078+0000][1][safepoint    ] Safepoint "Cleanup", Time since last: 1000940501 ns, Reaching safepoint: 1006666 ns, At safepoint: 24584 ns, Total: 1031250 ns
[2023-07-18T06:13:10.799+0000][1][safepoint    ] Safepoint "RevokeBias", Time since last: 718536708 ns, Reaching safepoint: 1405459 ns, At safepoint: 196125 ns, Total: 1601584 ns
[2023-07-18T06:13:10.813+0000][1][safepoint    ] Safepoint "BulkRevokeBias", Time since last: 9772791 ns, Reaching safepoint: 1103917 ns, At safepoint: 3386875 ns, Total: 4490792 ns
[2023-07-18T06:13:10.819+0000][1][safepoint    ] Safepoint "RevokeBias", Time since last: 4736333 ns, Reaching safepoint: 1480334 ns, At safepoint: 106458 ns, Total: 1586792 ns
[2023-07-18T06:13:10.860+0000][1][safepoint    ] Safepoint "RevokeBias", Time since last: 40297208 ns, Reaching safepoint: 845334 ns, At safepoint: 107375 ns, Total: 952709 ns
[2023-07-18T06:13:10.862+0000][1][safepoint    ] Safepoint "RevokeBias", Time since last: 1207208 ns, Reaching safepoint: 609875 ns, At safepoint: 66333 ns, Total: 676208 ns
[2023-07-18T06:13:10.866+0000][1][safepoint    ] Safepoint "RevokeBias", Time since last: 2976459 ns, Reaching safepoint: 402041 ns, At safepoint: 62834 ns, Total: 464875 ns
[2023-07-18T06:13:11.871+0000][1][safepoint    ] Safepoint "Cleanup", Time since last: 1001769333 ns, Reaching safepoint: 2972792 ns, At safepoint: 86667 ns, Total: 3059459 ns
[2023-07-18T06:13:13.036+0000][1][safepoint    ] Safepoint "Cleanup", Time since last: 1164671042 ns, Reaching safepoint: 1194042 ns, At safepoint: 30416 ns, Total: 1224458 ns
[2023-07-18T06:13:14.038+0000][1][safepoint    ] Safepoint "Cleanup", Time since last: 1000848918 ns, Reaching safepoint: 889291 ns, At safepoint: 18792 ns, Total: 908083 ns
[2023-07-18T06:13:15.068+0000][1][safepoint    ] Safepoint "Cleanup", Time since last: 1002552000 ns, Reaching safepoint: 16941167 ns, At safepoint: 1185500 ns, Total: 18126667 ns
[2023-07-18T06:13:16.095+0000][1][safepoint    ] Safepoint "Cleanup", Time since last: 1032171667 ns, Reaching safepoint: 3407042 ns, At safepoint: 87083 ns, Total: 3494125 ns
[2023-07-18T06:13:16.244+0000][1][safepoint    ] Safepoint "RevokeBias", Time since last: 146878250 ns, Reaching safepoint: 865834 ns, At safepoint: 1417000 ns, Total: 2282834 ns
[2023-07-18T06:13:16.270+0000][1][safepoint    ] Safepoint "RevokeBias", Time since last: 24938875 ns, Reaching safepoint: 1514666 ns, At safepoint: 73750 ns, Total: 1588416 ns
[2023-07-18T06:13:16.324+0000][1][safepoint    ] Safepoint "RevokeBias", Time since last: 52592584 ns, Reaching safepoint: 901333 ns, At safepoint: 322458 ns, Total: 1223791 ns
[2023-07-18T06:13:17.328+0000][1][safepoint    ] Safepoint "Cleanup", Time since last: 1001833834 ns, Reaching safepoint: 2462667 ns, At safepoint: 62458 ns, Total: 2525125 ns
[2023-07-18T06:13:18.331+0000][1][safepoint    ] Safepoint "Cleanup", Time since last: 1000882459 ns, Reaching safepoint: 1847292 ns, At safepoint: 48166 ns, Total: 1895458 ns
[2023-07-18T06:13:19.338+0000][1][safepoint    ] Safepoint "Cleanup", Time since last: 1002861459 ns, Reaching safepoint: 3322542 ns, At safepoint: 101125 ns, Total: 3423667 ns
[2023-07-18T06:13:20.340+0000][1][safepoint    ] Safepoint "Cleanup", Time since last: 1001445917 ns, Reaching safepoint: 1278042 ns, At safepoint: 25333 ns, Total: 1303375 ns
[2023-07-18T06:13:21.343+0000][1][safepoint    ] Safepoint "Cleanup", Time since last: 1000667917 ns, Reaching safepoint: 2247625 ns, At safepoint: 64083 ns, Total: 2311708 ns
[2023-07-18T06:13:22.347+0000][1][safepoint    ] Safepoint "Cleanup", Time since last: 1000833084 ns, Reaching safepoint: 2365458 ns, At safepoint: 76334 ns, Total: 2441792 ns
[2023-07-18T06:13:23.351+0000][1][safepoint    ] Safepoint "Cleanup", Time since last: 1001428959 ns, Reaching safepoint: 2999458 ns, At safepoint: 79375 ns, Total: 3078833 ns
[2023-07-18T06:13:24.355+0000][1][safepoint    ] Safepoint "Cleanup", Time since last: 1002153250 ns, Reaching safepoint: 1746459 ns, At safepoint: 42125 ns, Total: 1788584 ns
[2023-07-18T06:13:25.359+0000][1][safepoint    ] Safepoint "Cleanup", Time since last: 1000997125 ns, Reaching safepoint: 3030959 ns, At safepoint: 70416 ns, Total: 3101375 ns
[2023-07-18T06:13:26.363+0000][1][safepoint    ] Safepoint "Cleanup", Time since last: 1001134126 ns, Reaching safepoint: 2440916 ns, At safepoint: 69625 ns, Total: 2510541 ns
[2023-07-18T06:13:27.368+0000][1][safepoint    ] Safepoint "Cleanup", Time since last: 1001653501 ns, Reaching safepoint: 3407000 ns, At safepoint: 295083 ns, Total: 3702083 ns
[2023-07-18T06:13:28.372+0000][1][safepoint    ] Safepoint "Cleanup", Time since last: 1001096251 ns, Reaching safepoint: 2761583 ns, At safepoint: 97292 ns, Total: 2858875 ns
[2023-07-18T06:13:29.377+0000][1][safepoint    ] Safepoint "Cleanup", Time since last: 1002482875 ns, Reaching safepoint: 2090875 ns, At safepoint: 56375 ns, Total: 2147250 ns
[2023-07-18T06:13:30.382+0000][1][safepoint    ] Safepoint "Cleanup", Time since last: 1001153042 ns, Reaching safepoint: 3752084 ns, At safepoint: 99041 ns, Total: 3851125 ns
[2023-07-18T06:13:31.385+0000][1][safepoint    ] Safepoint "Cleanup", Time since last: 1002490417 ns, Reaching safepoint: 1347959 ns, At safepoint: 34708 ns, Total: 1382667 ns
[2023-07-18T06:13:32.391+0000][1][safepoint    ] Safepoint "Cleanup", Time since last: 1001057667 ns, Reaching safepoint: 3873625 ns, At safepoint: 97042 ns, Total: 3970667 ns
[2023-07-18T06:13:33.396+0000][1][safepoint    ] Safepoint "Cleanup", Time since last: 1001512542 ns, Reaching safepoint: 4111208 ns, At safepoint: 101875 ns, Total: 4213083 ns
[2023-07-18T06:13:35.181+0000][1][safepoint    ] Safepoint "Cleanup", Time since last: 1781156667 ns, Reaching safepoint: 3248209 ns, At safepoint: 95458 ns, Total: 3343667 ns
[2023-07-18T06:13:36.186+0000][1][safepoint    ] Safepoint "Cleanup", Time since last: 1001298834 ns, Reaching safepoint: 3424125 ns, At safepoint: 124166 ns, Total: 3548291 ns
[2023-07-18T06:13:37.188+0000][1][safepoint    ] Safepoint "Cleanup", Time since last: 1001403543 ns, Reaching safepoint: 1379708 ns, At safepoint: 34542 ns, Total: 1414250 ns
[2023-07-18T06:13:38.194+0000][1][safepoint    ] Safepoint "Cleanup", Time since last: 1001275417 ns, Reaching safepoint: 4291291 ns, At safepoint: 85417 ns, Total: 4376708 ns
[2023-07-18T06:13:39.199+0000][1][safepoint    ] Safepoint "Cleanup", Time since last: 1001347417 ns, Reaching safepoint: 3052750 ns, At safepoint: 99667 ns, Total: 3152417 ns
[2023-07-18T06:13:40.203+0000][1][safepoint    ] Safepoint "Cleanup", Time since last: 1001491417 ns, Reaching safepoint: 2934708 ns, At safepoint: 395875 ns, Total: 3330583 ns
[2023-07-18T06:13:41.207+0000][1][safepoint    ] Safepoint "Cleanup", Time since last: 1001265626 ns, Reaching safepoint: 2535916 ns, At safepoint: 73375 ns, Total: 2609291 ns
[2023-07-18T06:13:42.211+0000][1][safepoint    ] Safepoint "Cleanup", Time since last: 1001207668 ns, Reaching safepoint: 2477666 ns, At safepoint: 53709 ns, Total: 2531375 ns
[2023-07-18T06:13:43.215+0000][1][safepoint    ] Safepoint "Cleanup", Time since last: 1001089042 ns, Reaching safepoint: 2492833 ns, At safepoint: 77542 ns, Total: 2570375 ns
[2023-07-18T06:13:44.218+0000][1][safepoint    ] Safepoint "Cleanup", Time since last: 1002520334 ns, Reaching safepoint: 930250 ns, At safepoint: 27500 ns, Total: 957750 ns
[2023-07-18T06:13:45.223+0000][1][safepoint    ] Safepoint "Cleanup", Time since last: 1001753333 ns, Reaching safepoint: 2833792 ns, At safepoint: 71500 ns, Total: 2905292 ns
[2023-07-18T06:13:46.229+0000][1][safepoint    ] Safepoint "Cleanup", Time since last: 1002813084 ns, Reaching safepoint: 3769250 ns, At safepoint: 107167 ns, Total: 3876417 ns
[2023-07-18T06:13:47.234+0000][1][safepoint    ] Safepoint "Cleanup", Time since last: 1002142208 ns, Reaching safepoint: 2054084 ns, At safepoint: 50375 ns, Total: 2104459 ns
[2023-07-18T06:13:48.236+0000][1][safepoint    ] Safepoint "Cleanup", Time since last: 1000837125 ns, Reaching safepoint: 1612334 ns, At safepoint: 40875 ns, Total: 1653209 ns
[2023-07-18T06:13:49.324+0000][1][safepoint    ] Safepoint "Cleanup", Time since last: 1085012625 ns, Reaching safepoint: 2953833 ns, At safepoint: 95959 ns, Total: 3049792 ns
[2023-07-18T06:13:50.329+0000][1][safepoint    ] Safepoint "Cleanup", Time since last: 1001574792 ns, Reaching safepoint: 2986792 ns, At safepoint: 79166 ns, Total: 3065958 ns
[2023-07-18T06:13:51.334+0000][1][safepoint    ] Safepoint "Cleanup", Time since last: 1001286376 ns, Reaching safepoint: 3722250 ns, At safepoint: 94958 ns, Total: 3817208 ns
[2023-07-18T06:13:52.337+0000][1][safepoint    ] Safepoint "Cleanup", Time since last: 1001245542 ns, Reaching safepoint: 1588542 ns, At safepoint: 35333 ns, Total: 1623875 ns
[2023-07-18T06:13:53.336+0000][1][safepoint    ] Safepoint "RevokeBias", Time since last: 998414167 ns, Reaching safepoint: 763292 ns, At safepoint: 84250 ns, Total: 847542 ns
[2023-07-18T06:13:54.338+0000][1][safepoint    ] Safepoint "Cleanup", Time since last: 1000580042 ns, Reaching safepoint: 1420333 ns, At safepoint: 27667 ns, Total: 1448000 ns
[2023-07-18T06:13:55.343+0000][1][safepoint    ] Safepoint "Cleanup", Time since last: 1000873501 ns, Reaching safepoint: 3906958 ns, At safepoint: 106792 ns, Total: 4013750 ns
[2023-07-18T06:13:56.348+0000][1][safepoint    ] Safepoint "Cleanup", Time since last: 1001935250 ns, Reaching safepoint: 3029375 ns, At safepoint: 75875 ns, Total: 3105250 ns
[2023-07-18T06:13:57.352+0000][1][safepoint    ] Safepoint "Cleanup", Time since last: 1001369209 ns, Reaching safepoint: 2538458 ns, At safepoint: 70500 ns, Total: 2608958 ns
[2023-07-18T06:13:58.357+0000][1][safepoint    ] Safepoint "Cleanup", Time since last: 1001010667 ns, Reaching safepoint: 3624667 ns, At safepoint: 160542 ns, Total: 3785209 ns
[2023-07-18T06:13:59.362+0000][1][safepoint    ] Safepoint "Cleanup", Time since last: 1002043375 ns, Reaching safepoint: 3076917 ns, At safepoint: 123416 ns, Total: 3200333 ns
[2023-07-18T06:13:59.450+0000][1][safepoint    ] Safepoint "RevokeBias", Time since last: 86635084 ns, Reaching safepoint: 1075417 ns, At safepoint: 132666 ns, Total: 1208083 ns
[2023-07-18T06:14:00.454+0000][1][safepoint    ] Safepoint "Cleanup", Time since last: 1000901417 ns, Reaching safepoint: 3523709 ns, At safepoint: 103416 ns, Total: 3627125 ns
[2023-07-18T06:14:01.458+0000][1][safepoint    ] Safepoint "Cleanup", Time since last: 1001864167 ns, Reaching safepoint: 1241625 ns, At safepoint: 22875 ns, Total: 1264500 ns
[2023-07-18T06:14:02.462+0000][1][safepoint    ] Safepoint "Cleanup", Time since last: 1000629584 ns, Reaching safepoint: 3681625 ns, At safepoint: 150000 ns, Total: 3831625 ns
[2023-07-18T06:14:03.466+0000][1][safepoint    ] Safepoint "Cleanup", Time since last: 1002074084 ns, Reaching safepoint: 1997875 ns, At safepoint: 49667 ns, Total: 2047542 ns
[2023-07-18T06:14:04.471+0000][1][safepoint    ] Safepoint "Cleanup", Time since last: 1000963541 ns, Reaching safepoint: 4221292 ns, At safepoint: 113083 ns, Total: 4334375 ns
[2023-07-18T06:14:05.478+0000][1][safepoint    ] Safepoint "Cleanup", Time since last: 1002554792 ns, Reaching safepoint: 3545667 ns, At safepoint: 134458 ns, Total: 3680125 ns
[2023-07-18T06:14:06.483+0000][1][safepoint    ] Safepoint "Cleanup", Time since last: 1001785001 ns, Reaching safepoint: 3480833 ns, At safepoint: 98042 ns, Total: 3578875 ns
[2023-07-18T06:14:07.488+0000][1][safepoint    ] Safepoint "Cleanup", Time since last: 1001814333 ns, Reaching safepoint: 3244625 ns, At safepoint: 79334 ns, Total: 3323959 ns
[2023-07-18T06:14:08.493+0000][1][safepoint    ] Safepoint "Cleanup", Time since last: 1001277125 ns, Reaching safepoint: 3016792 ns, At safepoint: 79917 ns, Total: 3096709 ns
[2023-07-18T06:14:09.498+0000][1][safepoint    ] Safepoint "Cleanup", Time since last: 1001497167 ns, Reaching safepoint: 3592500 ns, At safepoint: 122333 ns, Total: 3714833 ns
[2023-07-18T06:14:09.811+0000][1][safepoint    ] Safepoint "RevokeBias", Time since last: 311817042 ns, Reaching safepoint: 1287958 ns, At safepoint: 184208 ns, Total: 1472166 ns
[2023-07-18T06:14:09.819+0000][1][safepoint    ] Safepoint "RevokeBias", Time since last: 6632875 ns, Reaching safepoint: 1167125 ns, At safepoint: 126250 ns, Total: 1293375 ns
[2023-07-18T06:14:09.884+0000][1][safepoint    ] Safepoint "RevokeBias", Time since last: 64067792 ns, Reaching safepoint: 816667 ns, At safepoint: 100667 ns, Total: 917334 ns
[2023-07-18T06:14:09.887+0000][1][safepoint    ] Safepoint "BulkRevokeBias", Time since last: 785666 ns, Reaching safepoint: 440709 ns, At safepoint: 1720708 ns, Total: 2161417 ns
[2023-07-18T06:14:10.892+0000][1][safepoint    ] Safepoint "Cleanup", Time since last: 1000958417 ns, Reaching safepoint: 3669500 ns, At safepoint: 119292 ns, Total: 3788792 ns
[2023-07-18T06:14:11.896+0000][1][safepoint    ] Safepoint "Cleanup", Time since last: 1001488250 ns, Reaching safepoint: 2412417 ns, At safepoint: 72458 ns, Total: 2484875 ns
[2023-07-18T06:14:12.901+0000][1][safepoint    ] Safepoint "Cleanup", Time since last: 1001373792 ns, Reaching safepoint: 4266625 ns, At safepoint: 101375 ns, Total: 4368000 ns
[2023-07-18T06:14:13.907+0000][1][safepoint    ] Safepoint "Cleanup", Time since last: 1002523001 ns, Reaching safepoint: 3155541 ns, At safepoint: 107875 ns, Total: 3263416 ns
[2023-07-18T06:14:14.016+0000][1][gc,start     ] GC(61) Pause Young (Allocation Failure)
[2023-07-18T06:14:14.017+0000][1][gc,task      ] GC(61) Using 4 workers of 4 for evacuation
[2023-07-18T06:14:14.041+0000][1][gc,age       ] GC(61) Desired survivor size 8945664 bytes, new threshold 6 (max threshold 6)
[2023-07-18T06:14:14.041+0000][1][gc,age       ] GC(61) Age table with threshold 6 (max threshold 6)
[2023-07-18T06:14:14.041+0000][1][gc,age       ] GC(61) - age   1:     268776 bytes,     268776 total
[2023-07-18T06:14:14.041+0000][1][gc,age       ] GC(61) - age   2:      65888 bytes,     334664 total
[2023-07-18T06:14:14.041+0000][1][gc,age       ] GC(61) - age   3:       4632 bytes,     339296 total
[2023-07-18T06:14:14.041+0000][1][gc,age       ] GC(61) - age   4:        288 bytes,     339584 total
[2023-07-18T06:14:14.042+0000][1][gc,age       ] GC(61) - age   5:        816 bytes,     340400 total
[2023-07-18T06:14:14.042+0000][1][gc,age       ] GC(61) - age   6:        512 bytes,     340912 total
[2023-07-18T06:14:14.043+0000][1][gc,heap      ] GC(61) ParNew: 139995K->389K(157248K)
[2023-07-18T06:14:14.043+0000][1][gc,heap      ] GC(61) CMS: 71965K->71965K(349568K)
[2023-07-18T06:14:14.043+0000][1][gc,metaspace ] GC(61) Metaspace: 93044K->93044K(1134592K)
[2023-07-18T06:14:14.044+0000][1][gc           ] GC(61) Pause Young (Allocation Failure) 206M->70M(494M) 28.489ms
[2023-07-18T06:14:14.044+0000][1][gc,cpu       ] GC(61) User=0.05s Sys=0.01s Real=0.03s
[2023-07-18T06:14:14.044+0000][1][safepoint    ] Safepoint "GenCollectForAllocation", Time since last: 106471292 ns, Reaching safepoint: 1406000 ns, At safepoint: 29370375 ns, Total: 30776375 ns
[2023-07-18T06:14:15.131+0000][1][safepoint    ] Safepoint "Cleanup", Time since last: 1083932667 ns, Reaching safepoint: 2684667 ns, At safepoint: 89917 ns, Total: 2774584 ns
[2023-07-18T06:14:16.133+0000][1][safepoint    ] Safepoint "Cleanup", Time since last: 1000908417 ns, Reaching safepoint: 983625 ns, At safepoint: 22833 ns, Total: 1006458 ns
[2023-07-18T06:14:17.135+0000][1][safepoint    ] Safepoint "Cleanup", Time since last: 1000736751 ns, Reaching safepoint: 1576041 ns, At safepoint: 39042 ns, Total: 1615083 ns
[2023-07-18T06:14:18.139+0000][1][safepoint    ] Safepoint "Cleanup", Time since last: 1000977917 ns, Reaching safepoint: 2176375 ns, At safepoint: 67292 ns, Total: 2243667 ns
[2023-07-18T06:14:19.152+0000][1][safepoint    ] Safepoint "Cleanup", Time since last: 1009747584 ns, Reaching safepoint: 3916333 ns, At safepoint: 189375 ns, Total: 4105708 ns
[2023-07-18T06:14:20.160+0000][1][safepoint    ] Safepoint "Cleanup", Time since last: 1003600084 ns, Reaching safepoint: 3937208 ns, At safepoint: 122292 ns, Total: 4059500 ns
[2023-07-18T06:14:21.163+0000][1][safepoint    ] Safepoint "Cleanup", Time since last: 1002113042 ns, Reaching safepoint: 793042 ns, At safepoint: 22000 ns, Total: 815042 ns
[2023-07-18T06:14:22.167+0000][1][safepoint    ] Safepoint "Cleanup", Time since last: 1000574750 ns, Reaching safepoint: 3070000 ns, At safepoint: 115417 ns, Total: 3185417 ns
[2023-07-18T06:14:23.171+0000][1][safepoint    ] Safepoint "Cleanup", Time since last: 1002206125 ns, Reaching safepoint: 1540250 ns, At safepoint: 41042 ns, Total: 1581292 ns
[2023-07-18T06:14:24.172+0000][1][safepoint    ] Safepoint "Cleanup", Time since last: 1000770375 ns, Reaching safepoint: 950625 ns, At safepoint: 17667 ns, Total: 968292 ns
[2023-07-18T06:14:25.176+0000][1][safepoint    ] Safepoint "Cleanup", Time since last: 1000796375 ns, Reaching safepoint: 2745750 ns, At safepoint: 82667 ns, Total: 2828417 ns
[2023-07-18T06:14:26.179+0000][1][safepoint    ] Safepoint "Cleanup", Time since last: 1001494751 ns, Reaching safepoint: 1778291 ns, At safepoint: 78667 ns, Total: 1856958 ns
[2023-07-18T06:14:27.185+0000][1][safepoint    ] Safepoint "Cleanup", Time since last: 1001865834 ns, Reaching safepoint: 3287708 ns, At safepoint: 116125 ns, Total: 3403833 ns
[2023-07-18T06:14:28.189+0000][1][safepoint    ] Safepoint "Cleanup", Time since last: 1001429584 ns, Reaching safepoint: 2659542 ns, At safepoint: 94500 ns, Total: 2754042 ns
[2023-07-18T06:14:29.193+0000][1][safepoint    ] Safepoint "Cleanup", Time since last: 1001687083 ns, Reaching safepoint: 2210084 ns, At safepoint: 135958 ns, Total: 2346042 ns
[2023-07-18T06:14:30.197+0000][1][safepoint    ] Safepoint "Cleanup", Time since last: 1000972584 ns, Reaching safepoint: 2658333 ns, At safepoint: 80667 ns, Total: 2739000 ns
[2023-07-18T06:14:31.201+0000][1][safepoint    ] Safepoint "Cleanup", Time since last: 1001323292 ns, Reaching safepoint: 2623000 ns, At safepoint: 61500 ns, Total: 2684500 ns
[2023-07-18T06:14:32.204+0000][1][safepoint    ] Safepoint "Cleanup", Time since last: 1001199209 ns, Reaching safepoint: 1975708 ns, At safepoint: 73125 ns, Total: 2048833 ns
[2023-07-18T06:14:33.208+0000][1][safepoint    ] Safepoint "Cleanup", Time since last: 1000881334 ns, Reaching safepoint: 2828667 ns, At safepoint: 86833 ns, Total: 2915500 ns
[2023-07-18T06:14:34.211+0000][1][safepoint    ] Safepoint "Cleanup", Time since last: 1002064959 ns, Reaching safepoint: 1264666 ns, At safepoint: 25167 ns, Total: 1289833 ns
[2023-07-18T06:14:35.215+0000][1][safepoint    ] Safepoint "Cleanup", Time since last: 1000727916 ns, Reaching safepoint: 3153084 ns, At safepoint: 75291 ns, Total: 3228375 ns
[2023-07-18T06:14:36.219+0000][1][safepoint    ] Safepoint "Cleanup", Time since last: 1001471959 ns, Reaching safepoint: 3012958 ns, At safepoint: 83750 ns, Total: 3096708 ns
[2023-07-18T06:14:37.224+0000][1][safepoint    ] Safepoint "Cleanup", Time since last: 1002819209 ns, Reaching safepoint: 1627875 ns, At safepoint: 37417 ns, Total: 1665292 ns
[2023-07-18T06:14:38.227+0000][1][safepoint    ] Safepoint "Cleanup", Time since last: 1000781250 ns, Reaching safepoint: 2770000 ns, At safepoint: 72042 ns, Total: 2842042 ns
[2023-07-18T06:14:39.233+0000][1][safepoint    ] Safepoint "Cleanup", Time since last: 1001509001 ns, Reaching safepoint: 4340375 ns, At safepoint: 107333 ns, Total: 4447708 ns
[2023-07-18T06:14:40.239+0000][1][safepoint    ] Safepoint "Cleanup", Time since last: 1001532542 ns, Reaching safepoint: 3959042 ns, At safepoint: 99916 ns, Total: 4058958 ns
[2023-07-18T06:14:41.244+0000][1][safepoint    ] Safepoint "Cleanup", Time since last: 1001579334 ns, Reaching safepoint: 3728084 ns, At safepoint: 98625 ns, Total: 3826709 ns
[2023-07-18T06:14:42.250+0000][1][safepoint    ] Safepoint "Cleanup", Time since last: 1001736708 ns, Reaching safepoint: 3856000 ns, At safepoint: 106042 ns, Total: 3962042 ns
[2023-07-18T06:14:43.257+0000][1][safepoint    ] Safepoint "Cleanup", Time since last: 1002490334 ns, Reaching safepoint: 4402041 ns, At safepoint: 107709 ns, Total: 4509750 ns
[2023-07-18T06:14:44.262+0000][1][safepoint    ] Safepoint "Cleanup", Time since last: 1003056209 ns, Reaching safepoint: 1806791 ns, At safepoint: 41667 ns, Total: 1848458 ns
[2023-07-18T06:14:45.266+0000][1][safepoint    ] Safepoint "Cleanup", Time since last: 1001479792 ns, Reaching safepoint: 2494750 ns, At safepoint: 72542 ns, Total: 2567292 ns
[2023-07-18T06:14:46.272+0000][1][safepoint    ] Safepoint "Cleanup", Time since last: 1001531084 ns, Reaching safepoint: 4384500 ns, At safepoint: 94041 ns, Total: 4478541 ns
[2023-07-18T06:14:47.011+0000][1][safepoint    ] Safepoint "RevokeBias", Time since last: 733884459 ns, Reaching safepoint: 3163833 ns, At safepoint: 1097542 ns, Total: 4261375 ns
[2023-07-18T06:14:47.026+0000][1][safepoint    ] Safepoint "RevokeBias", Time since last: 14884250 ns, Reaching safepoint: 600000 ns, At safepoint: 72708 ns, Total: 672708 ns
[2023-07-18T06:14:48.030+0000][1][safepoint    ] Safepoint "Cleanup", Time since last: 1000931417 ns, Reaching safepoint: 2995417 ns, At safepoint: 139250 ns, Total: 3134667 ns
[2023-07-18T06:14:49.032+0000][1][safepoint    ] Safepoint "Cleanup", Time since last: 1001151667 ns, Reaching safepoint: 641459 ns, At safepoint: 21666 ns, Total: 663125 ns
[2023-07-18T06:14:50.034+0000][1][safepoint    ] Safepoint "Cleanup", Time since last: 1001277751 ns, Reaching safepoint: 1364666 ns, At safepoint: 31667 ns, Total: 1396333 ns
[2023-07-18T06:14:51.039+0000][1][safepoint    ] Safepoint "Cleanup", Time since last: 1001025167 ns, Reaching safepoint: 3562167 ns, At safepoint: 93917 ns, Total: 3656084 ns
[2023-07-18T06:14:52.044+0000][1][safepoint    ] Safepoint "Cleanup", Time since last: 1002247958 ns, Reaching safepoint: 2444375 ns, At safepoint: 71125 ns, Total: 2515500 ns
[2023-07-18T06:14:53.048+0000][1][safepoint    ] Safepoint "Cleanup", Time since last: 1001317709 ns, Reaching safepoint: 3204500 ns, At safepoint: 103917 ns, Total: 3308417 ns
[2023-07-18T06:14:54.050+0000][1][safepoint    ] Safepoint "Cleanup", Time since last: 1001069292 ns, Reaching safepoint: 647167 ns, At safepoint: 18375 ns, Total: 665542 ns
[2023-07-18T06:14:55.052+0000][1][safepoint    ] Safepoint "Cleanup", Time since last: 1000662875 ns, Reaching safepoint: 1337333 ns, At safepoint: 29167 ns, Total: 1366500 ns
[2023-07-18T06:14:56.057+0000][1][safepoint    ] Safepoint "Cleanup", Time since last: 1000862876 ns, Reaching safepoint: 3787583 ns, At safepoint: 90292 ns, Total: 3877875 ns
[2023-07-18T06:14:57.062+0000][1][safepoint    ] Safepoint "Cleanup", Time since last: 1001671208 ns, Reaching safepoint: 3508375 ns, At safepoint: 107625 ns, Total: 3616000 ns
[2023-07-18T06:14:58.069+0000][1][safepoint    ] Safepoint "Cleanup", Time since last: 1002880668 ns, Reaching safepoint: 3402416 ns, At safepoint: 130459 ns, Total: 3532875 ns
[2023-07-18T06:14:59.075+0000][1][safepoint    ] Safepoint "Cleanup", Time since last: 1002655792 ns, Reaching safepoint: 3673166 ns, At safepoint: 285084 ns, Total: 3958250 ns
[2023-07-18T06:15:00.084+0000][1][safepoint    ] Safepoint "Cleanup", Time since last: 1007724000 ns, Reaching safepoint: 1604125 ns, At safepoint: 42167 ns, Total: 1646292 ns
[2023-07-18T06:15:01.089+0000][1][safepoint    ] Safepoint "Cleanup", Time since last: 1000971917 ns, Reaching safepoint: 3628333 ns, At safepoint: 95834 ns, Total: 3724167 ns
[2023-07-18T06:15:03.070+0000][1][safepoint    ] Safepoint "Cleanup", Time since last: 1976786542 ns, Reaching safepoint: 3502417 ns, At safepoint: 90500 ns, Total: 3592917 ns
[2023-07-18T06:15:04.071+0000][1][safepoint    ] Safepoint "Cleanup", Time since last: 1000976459 ns, Reaching safepoint: 697791 ns, At safepoint: 16959 ns, Total: 714750 ns
[2023-07-18T06:15:05.074+0000][1][safepoint    ] Safepoint "Cleanup", Time since last: 1000432750 ns, Reaching safepoint: 1778833 ns, At safepoint: 124334 ns, Total: 1903167 ns
[2023-07-18T06:15:06.078+0000][1][safepoint    ] Safepoint "Cleanup", Time since last: 1001425625 ns, Reaching safepoint: 3113417 ns, At safepoint: 82958 ns, Total: 3196375 ns
[2023-07-18T06:15:07.082+0000][1][safepoint    ] Safepoint "Cleanup", Time since last: 1001271501 ns, Reaching safepoint: 2290958 ns, At safepoint: 150833 ns, Total: 2441791 ns
[2023-07-18T06:15:08.086+0000][1][safepoint    ] Safepoint "Cleanup", Time since last: 1001093251 ns, Reaching safepoint: 3183750 ns, At safepoint: 109625 ns, Total: 3293375 ns
[2023-07-18T06:15:09.091+0000][1][safepoint    ] Safepoint "Cleanup", Time since last: 1001183708 ns, Reaching safepoint: 3359542 ns, At safepoint: 121500 ns, Total: 3481042 ns
[2023-07-18T06:15:10.094+0000][1][safepoint    ] Safepoint "Cleanup", Time since last: 1001649542 ns, Reaching safepoint: 1294709 ns, At safepoint: 50291 ns, Total: 1345000 ns
[2023-07-18T06:15:11.099+0000][1][safepoint    ] Safepoint "Cleanup", Time since last: 1000909084 ns, Reaching safepoint: 4111917 ns, At safepoint: 97291 ns, Total: 4209208 ns
[2023-07-18T06:15:12.105+0000][1][safepoint    ] Safepoint "Cleanup", Time since last: 1002140334 ns, Reaching safepoint: 3866667 ns, At safepoint: 111625 ns, Total: 3978292 ns
[2023-07-18T06:15:13.112+0000][1][safepoint    ] Safepoint "Cleanup", Time since last: 1002453542 ns, Reaching safepoint: 3824833 ns, At safepoint: 131209 ns, Total: 3956042 ns
[2023-07-18T06:15:13.972+0000][1][safepoint    ] Safepoint "RevokeBias", Time since last: 858405375 ns, Reaching safepoint: 1378458 ns, At safepoint: 458042 ns, Total: 1836500 ns
[2023-07-18T06:15:14.974+0000][1][safepoint    ] Safepoint "Cleanup", Time since last: 1000594126 ns, Reaching safepoint: 1909500 ns, At safepoint: 44625 ns, Total: 1954125 ns
[2023-07-18T06:15:15.980+0000][1][safepoint    ] Safepoint "Cleanup", Time since last: 1001495083 ns, Reaching safepoint: 3493459 ns, At safepoint: 94750 ns, Total: 3588209 ns
[2023-07-18T06:15:16.984+0000][1][safepoint    ] Safepoint "Cleanup", Time since last: 1001428959 ns, Reaching safepoint: 3235583 ns, At safepoint: 81125 ns, Total: 3316708 ns
[2023-07-18T06:15:17.989+0000][1][safepoint    ] Safepoint "Cleanup", Time since last: 1001578334 ns, Reaching safepoint: 3121916 ns, At safepoint: 111084 ns, Total: 3233000 ns
[2023-07-18T06:15:18.993+0000][1][safepoint    ] Safepoint "Cleanup", Time since last: 1001581167 ns, Reaching safepoint: 2658208 ns, At safepoint: 64917 ns, Total: 2723125 ns
[2023-07-18T06:15:19.996+0000][1][safepoint    ] Safepoint "Cleanup", Time since last: 1001089959 ns, Reaching safepoint: 1829583 ns, At safepoint: 44708 ns, Total: 1874291 ns
[2023-07-18T06:15:21.002+0000][1][safepoint    ] Safepoint "Cleanup", Time since last: 1001445959 ns, Reaching safepoint: 4020167 ns, At safepoint: 97958 ns, Total: 4118125 ns
[2023-07-18T06:15:22.006+0000][1][safepoint    ] Safepoint "Cleanup", Time since last: 1001736876 ns, Reaching safepoint: 2548666 ns, At safepoint: 66292 ns, Total: 2614958 ns
[2023-07-18T06:15:23.015+0000][1][safepoint    ] Safepoint "Cleanup", Time since last: 1004392834 ns, Reaching safepoint: 4047375 ns, At safepoint: 104208 ns, Total: 4151583 ns
[2023-07-18T06:15:24.017+0000][1][safepoint    ] Safepoint "Cleanup", Time since last: 1001346292 ns, Reaching safepoint: 993459 ns, At safepoint: 20833 ns, Total: 1014292 ns
[2023-07-18T06:15:25.020+0000][1][safepoint    ] Safepoint "Cleanup", Time since last: 1001119250 ns, Reaching safepoint: 1388417 ns, At safepoint: 30833 ns, Total: 1419250 ns
[2023-07-18T06:15:26.024+0000][1][safepoint    ] Safepoint "Cleanup", Time since last: 1000679751 ns, Reaching safepoint: 3148750 ns, At safepoint: 97167 ns, Total: 3245917 ns
[2023-07-18T06:15:27.029+0000][1][safepoint    ] Safepoint "Cleanup", Time since last: 1001166250 ns, Reaching safepoint: 3515750 ns, At safepoint: 109292 ns, Total: 3625042 ns
[2023-07-18T06:15:28.034+0000][1][safepoint    ] Safepoint "Cleanup", Time since last: 1002414084 ns, Reaching safepoint: 3217791 ns, At safepoint: 75709 ns, Total: 3293500 ns
[2023-07-18T06:15:29.039+0000][1][safepoint    ] Safepoint "Cleanup", Time since last: 1001521167 ns, Reaching safepoint: 3364583 ns, At safepoint: 79708 ns, Total: 3444291 ns
[2023-07-18T06:15:30.043+0000][1][safepoint    ] Safepoint "Cleanup", Time since last: 1001787209 ns, Reaching safepoint: 1963583 ns, At safepoint: 47292 ns, Total: 2010875 ns
[2023-07-18T06:15:31.048+0000][1][safepoint    ] Safepoint "Cleanup", Time since last: 1000929959 ns, Reaching safepoint: 3788042 ns, At safepoint: 101500 ns, Total: 3889542 ns
[2023-07-18T06:15:32.053+0000][1][safepoint    ] Safepoint "Cleanup", Time since last: 1002124625 ns, Reaching safepoint: 3282042 ns, At safepoint: 120458 ns, Total: 3402500 ns
[2023-07-18T06:15:33.058+0000][1][safepoint    ] Safepoint "Cleanup", Time since last: 1001796042 ns, Reaching safepoint: 2907917 ns, At safepoint: 113792 ns, Total: 3021709 ns
[2023-07-18T06:15:34.060+0000][1][safepoint    ] Safepoint "Cleanup", Time since last: 1001127292 ns, Reaching safepoint: 1229125 ns, At safepoint: 20583 ns, Total: 1249708 ns
[2023-07-18T06:15:35.063+0000][1][safepoint    ] Safepoint "Cleanup", Time since last: 1000453833 ns, Reaching safepoint: 1914625 ns, At safepoint: 48000 ns, Total: 1962625 ns
[2023-07-18T06:15:36.068+0000][1][safepoint    ] Safepoint "Cleanup", Time since last: 1001635709 ns, Reaching safepoint: 3797417 ns, At safepoint: 105666 ns, Total: 3903083 ns
[2023-07-18T06:15:37.073+0000][1][safepoint    ] Safepoint "Cleanup", Time since last: 1001454293 ns, Reaching safepoint: 3186541 ns, At safepoint: 86084 ns, Total: 3272625 ns
[2023-07-18T06:15:37.956+0000][1][safepoint    ] Safepoint "RevokeBias", Time since last: 882489917 ns, Reaching safepoint: 810791 ns, At safepoint: 90459 ns, Total: 901250 ns
[2023-07-18T06:15:37.961+0000][1][safepoint    ] Safepoint "RevokeBias", Time since last: 3801125 ns, Reaching safepoint: 474583 ns, At safepoint: 43625 ns, Total: 518208 ns
[2023-07-18T06:15:37.972+0000][1][safepoint    ] Safepoint "RevokeBias", Time since last: 10305875 ns, Reaching safepoint: 426958 ns, At safepoint: 69750 ns, Total: 496708 ns
[2023-07-18T06:15:37.973+0000][1][safepoint    ] Safepoint "RevokeBias", Time since last: 938334 ns, Reaching safepoint: 495041 ns, At safepoint: 44375 ns, Total: 539416 ns
[2023-07-18T06:15:37.982+0000][1][safepoint    ] Safepoint "RevokeBias", Time since last: 8330709 ns, Reaching safepoint: 390875 ns, At safepoint: 55083 ns, Total: 445958 ns
[2023-07-18T06:15:38.987+0000][1][safepoint    ] Safepoint "Cleanup", Time since last: 1001916500 ns, Reaching safepoint: 2712584 ns, At safepoint: 91958 ns, Total: 2804542 ns
[2023-07-18T06:15:39.991+0000][1][safepoint    ] Safepoint "Cleanup", Time since last: 1001395626 ns, Reaching safepoint: 2911166 ns, At safepoint: 78959 ns, Total: 2990125 ns
[2023-07-18T06:15:40.996+0000][1][safepoint    ] Safepoint "Cleanup", Time since last: 1001069583 ns, Reaching safepoint: 4030084 ns, At safepoint: 260375 ns, Total: 4290459 ns
[2023-07-18T06:15:41.999+0000][1][safepoint    ] Safepoint "Cleanup", Time since last: 1002110750 ns, Reaching safepoint: 768042 ns, At safepoint: 19750 ns, Total: 787792 ns
[2023-07-18T06:15:43.002+0000][1][safepoint    ] Safepoint "Cleanup", Time since last: 1001246084 ns, Reaching safepoint: 1701250 ns, At safepoint: 40375 ns, Total: 1741625 ns
[2023-07-18T06:15:44.004+0000][1][safepoint    ] Safepoint "Cleanup", Time since last: 1000727875 ns, Reaching safepoint: 1433667 ns, At safepoint: 31916 ns, Total: 1465583 ns
[2023-07-18T06:15:45.009+0000][1][safepoint    ] Safepoint "Cleanup", Time since last: 1002727293 ns, Reaching safepoint: 2217750 ns, At safepoint: 49500 ns, Total: 2267250 ns
[2023-07-18T06:15:46.014+0000][1][safepoint    ] Safepoint "Cleanup", Time since last: 1001053625 ns, Reaching safepoint: 3133083 ns, At safepoint: 81917 ns, Total: 3215000 ns
[2023-07-18T06:15:47.018+0000][1][safepoint    ] Safepoint "Cleanup", Time since last: 1001162084 ns, Reaching safepoint: 2794042 ns, At safepoint: 56375 ns, Total: 2850417 ns
[2023-07-18T06:15:47.237+0000][1][safepoint    ] Safepoint "RevokeBias", Time since last: 218044000 ns, Reaching safepoint: 678333 ns, At safepoint: 187500 ns, Total: 865833 ns
[2023-07-18T06:15:47.239+0000][1][safepoint    ] Safepoint "RevokeBias", Time since last: 1806792 ns, Reaching safepoint: 687375 ns, At safepoint: 69083 ns, Total: 756458 ns
[2023-07-18T06:15:47.243+0000][1][safepoint    ] Safepoint "RevokeBias", Time since last: 2920875 ns, Reaching safepoint: 750583 ns, At safepoint: 72667 ns, Total: 823250 ns
[2023-07-18T06:15:47.278+0000][1][safepoint    ] Safepoint "RevokeBias", Time since last: 33902625 ns, Reaching safepoint: 661250 ns, At safepoint: 103708 ns, Total: 764958 ns
[2023-07-18T06:15:47.280+0000][1][safepoint    ] Safepoint "RevokeBias", Time since last: 1734625 ns, Reaching safepoint: 678750 ns, At safepoint: 108917 ns, Total: 787667 ns
[2023-07-18T06:15:47.286+0000][1][safepoint    ] Safepoint "RevokeBias", Time since last: 4681667 ns, Reaching safepoint: 935250 ns, At safepoint: 53958 ns, Total: 989208 ns
[2023-07-18T06:15:48.293+0000][1][safepoint    ] Safepoint "Cleanup", Time since last: 1002918292 ns, Reaching safepoint: 4196875 ns, At safepoint: 110542 ns, Total: 4307417 ns
[2023-07-18T06:15:49.298+0000][1][safepoint    ] Safepoint "Cleanup", Time since last: 1001879834 ns, Reaching safepoint: 3256666 ns, At safepoint: 80375 ns, Total: 3337041 ns
[2023-07-18T06:15:50.302+0000][1][safepoint    ] Safepoint "Cleanup", Time since last: 1002299626 ns, Reaching safepoint: 1805333 ns, At safepoint: 40875 ns, Total: 1846208 ns
[2023-07-18T06:15:51.308+0000][1][safepoint    ] Safepoint "Cleanup", Time since last: 1001311376 ns, Reaching safepoint: 3707083 ns, At safepoint: 91833 ns, Total: 3798916 ns
[2023-07-18T06:15:52.312+0000][1][safepoint    ] Safepoint "Cleanup", Time since last: 1002341251 ns, Reaching safepoint: 2496583 ns, At safepoint: 66875 ns, Total: 2563458 ns
[2023-07-18T06:15:53.320+0000][1][safepoint    ] Safepoint "Cleanup", Time since last: 1003395667 ns, Reaching safepoint: 4064875 ns, At safepoint: 129334 ns, Total: 4194209 ns
[2023-07-18T06:15:54.323+0000][1][safepoint    ] Safepoint "Cleanup", Time since last: 1001478833 ns, Reaching safepoint: 1542750 ns, At safepoint: 36584 ns, Total: 1579334 ns
[2023-07-18T06:15:54.328+0000][1][safepoint    ] Safepoint "RevokeBias", Time since last: 4149833 ns, Reaching safepoint: 830958 ns, At safepoint: 103250 ns, Total: 934208 ns
[2023-07-18T06:15:54.329+0000][1][safepoint    ] Safepoint "RevokeBias", Time since last: 472084 ns, Reaching safepoint: 455625 ns, At safepoint: 64291 ns, Total: 519916 ns
[2023-07-18T06:15:54.332+0000][1][safepoint    ] Safepoint "BulkRevokeBias", Time since last: 353834 ns, Reaching safepoint: 364666 ns, At safepoint: 2302917 ns, Total: 2667583 ns
[2023-07-18T06:15:54.336+0000][1][safepoint    ] Safepoint "RevokeBias", Time since last: 3336875 ns, Reaching safepoint: 707417 ns, At safepoint: 73791 ns, Total: 781208 ns
[2023-07-18T06:15:54.381+0000][1][safepoint    ] Safepoint "RevokeBias", Time since last: 43877125 ns, Reaching safepoint: 750000 ns, At safepoint: 104375 ns, Total: 854375 ns
[2023-07-18T06:15:54.382+0000][1][safepoint    ] Safepoint "RevokeBias", Time since last: 879792 ns, Reaching safepoint: 566292 ns, At safepoint: 73000 ns, Total: 639292 ns
[2023-07-18T06:15:54.387+0000][1][safepoint    ] Safepoint "RevokeBias", Time since last: 3412833 ns, Reaching safepoint: 1477125 ns, At safepoint: 80750 ns, Total: 1557875 ns
[2023-07-18T06:15:55.391+0000][1][safepoint    ] Safepoint "Cleanup", Time since last: 1000886709 ns, Reaching safepoint: 2635500 ns, At safepoint: 68000 ns, Total: 2703500 ns
[2023-07-18T06:15:56.396+0000][1][safepoint    ] Safepoint "Cleanup", Time since last: 1001320375 ns, Reaching safepoint: 3101292 ns, At safepoint: 135958 ns, Total: 3237250 ns
[2023-07-18T06:15:57.399+0000][1][safepoint    ] Safepoint "Cleanup", Time since last: 1001758834 ns, Reaching safepoint: 1919792 ns, At safepoint: 58083 ns, Total: 1977875 ns
[2023-07-18T06:15:58.407+0000][1][safepoint    ] Safepoint "Cleanup", Time since last: 1002721917 ns, Reaching safepoint: 4986167 ns, At safepoint: 126375 ns, Total: 5112542 ns
[2023-07-18T06:15:59.417+0000][1][safepoint    ] Safepoint "Cleanup", Time since last: 1002328959 ns, Reaching safepoint: 6973833 ns, At safepoint: 214417 ns, Total: 7188250 ns
[2023-07-18T06:16:00.424+0000][1][safepoint    ] Safepoint "Cleanup", Time since last: 1002025959 ns, Reaching safepoint: 4634833 ns, At safepoint: 105958 ns, Total: 4740791 ns
[2023-07-18T06:16:01.429+0000][1][safepoint    ] Safepoint "Cleanup", Time since last: 1001461959 ns, Reaching safepoint: 3989542 ns, At safepoint: 96625 ns, Total: 4086167 ns
[2023-07-18T06:16:02.440+0000][1][safepoint    ] Safepoint "Cleanup", Time since last: 1002028459 ns, Reaching safepoint: 8591291 ns, At safepoint: 161834 ns, Total: 8753125 ns
[2023-07-18T06:16:03.445+0000][1][safepoint    ] Safepoint "Cleanup", Time since last: 1000851333 ns, Reaching safepoint: 3647000 ns, At safepoint: 187959 ns, Total: 3834959 ns
[2023-07-18T06:16:03.941+0000][1][gc,start     ] GC(62) Pause Young (Allocation Failure)
[2023-07-18T06:16:03.946+0000][1][gc,task      ] GC(62) Using 4 workers of 4 for evacuation
[2023-07-18T06:16:03.982+0000][1][gc,age       ] GC(62) Desired survivor size 8945664 bytes, new threshold 6 (max threshold 6)
[2023-07-18T06:16:03.983+0000][1][gc,age       ] GC(62) Age table with threshold 6 (max threshold 6)
[2023-07-18T06:16:03.983+0000][1][gc,age       ] GC(62) - age   1:     227184 bytes,     227184 total
[2023-07-18T06:16:03.983+0000][1][gc,age       ] GC(62) - age   2:     102856 bytes,     330040 total
[2023-07-18T06:16:03.983+0000][1][gc,age       ] GC(62) - age   3:      60008 bytes,     390048 total
[2023-07-18T06:16:03.983+0000][1][gc,age       ] GC(62) - age   4:       1080 bytes,     391128 total
[2023-07-18T06:16:03.983+0000][1][gc,age       ] GC(62) - age   5:        288 bytes,     391416 total
[2023-07-18T06:16:03.984+0000][1][gc,age       ] GC(62) - age   6:        816 bytes,     392232 total
[2023-07-18T06:16:03.985+0000][1][gc,heap      ] GC(62) ParNew: 140165K->419K(157248K)
[2023-07-18T06:16:03.985+0000][1][gc,heap      ] GC(62) CMS: 71965K->71966K(349568K)
[2023-07-18T06:16:03.985+0000][1][gc,metaspace ] GC(62) Metaspace: 93072K->93072K(1134592K)
[2023-07-18T06:16:03.986+0000][1][gc           ] GC(62) Pause Young (Allocation Failure) 207M->70M(494M) 44.937ms
[2023-07-18T06:16:03.986+0000][1][gc,cpu       ] GC(62) User=0.07s Sys=0.02s Real=0.04s
[2023-07-18T06:16:03.987+0000][1][safepoint    ] Safepoint "GenCollectForAllocation", Time since last: 494140917 ns, Reaching safepoint: 1688125 ns, At safepoint: 46316833 ns, Total: 48004958 ns
[2023-07-18T06:16:04.991+0000][1][safepoint    ] Safepoint "Cleanup", Time since last: 1000396625 ns, Reaching safepoint: 3997958 ns, At safepoint: 122250 ns, Total: 4120208 ns
[2023-07-18T06:16:05.997+0000][1][safepoint    ] Safepoint "Cleanup", Time since last: 1002408667 ns, Reaching safepoint: 3316333 ns, At safepoint: 83000 ns, Total: 3399333 ns
[2023-07-18T06:16:06.999+0000][1][safepoint    ] Safepoint "Cleanup", Time since last: 1001733959 ns, Reaching safepoint: 701250 ns, At safepoint: 19625 ns, Total: 720875 ns
[2023-07-18T06:16:08.002+0000][1][safepoint    ] Safepoint "Cleanup", Time since last: 1000563084 ns, Reaching safepoint: 1731792 ns, At safepoint: 32541 ns, Total: 1764333 ns
[2023-07-18T06:16:09.004+0000][1][safepoint    ] Safepoint "Cleanup", Time since last: 1000931126 ns, Reaching safepoint: 1746791 ns, At safepoint: 54709 ns, Total: 1801500 ns
[2023-07-18T06:16:10.008+0000][1][safepoint    ] Safepoint "Cleanup", Time since last: 1001418459 ns, Reaching safepoint: 2497875 ns, At safepoint: 73291 ns, Total: 2571166 ns
[2023-07-18T06:16:11.012+0000][1][safepoint    ] Safepoint "Cleanup", Time since last: 1001413334 ns, Reaching safepoint: 2160417 ns, At safepoint: 63625 ns, Total: 2224042 ns
[2023-07-18T06:16:12.020+0000][1][safepoint    ] Safepoint "Cleanup", Time since last: 1000691584 ns, Reaching safepoint: 7593625 ns, At safepoint: 93708 ns, Total: 7687333 ns
[2023-07-18T06:16:13.026+0000][1][safepoint    ] Safepoint "Cleanup", Time since last: 1002277792 ns, Reaching safepoint: 3532167 ns, At safepoint: 103833 ns, Total: 3636000 ns
[2023-07-18T06:16:14.028+0000][1][safepoint    ] Safepoint "Cleanup", Time since last: 1001116542 ns, Reaching safepoint: 725458 ns, At safepoint: 17167 ns, Total: 742625 ns
[2023-07-18T06:16:15.032+0000][1][safepoint    ] Safepoint "Cleanup", Time since last: 1000512334 ns, Reaching safepoint: 2955083 ns, At safepoint: 106334 ns, Total: 3061417 ns
[2023-07-18T06:16:16.036+0000][1][safepoint    ] Safepoint "Cleanup", Time since last: 1001146542 ns, Reaching safepoint: 2937791 ns, At safepoint: 78542 ns, Total: 3016333 ns
[2023-07-18T06:16:17.039+0000][1][safepoint    ] Safepoint "Cleanup", Time since last: 1001729501 ns, Reaching safepoint: 1740291 ns, At safepoint: 52625 ns, Total: 1792916 ns
[2023-07-18T06:16:18.041+0000][1][safepoint    ] Safepoint "Cleanup", Time since last: 1001102542 ns, Reaching safepoint: 800500 ns, At safepoint: 40917 ns, Total: 841417 ns
[2023-07-18T06:16:19.047+0000][1][safepoint    ] Safepoint "Cleanup", Time since last: 1001592459 ns, Reaching safepoint: 3899583 ns, At safepoint: 256500 ns, Total: 4156083 ns
[2023-07-18T06:16:20.051+0000][1][safepoint    ] Safepoint "Cleanup", Time since last: 1001850792 ns, Reaching safepoint: 1774250 ns, At safepoint: 40292 ns, Total: 1814542 ns
[2023-07-18T06:16:21.056+0000][1][safepoint    ] Safepoint "Cleanup", Time since last: 1002007084 ns, Reaching safepoint: 2769792 ns, At safepoint: 95833 ns, Total: 2865625 ns
[2023-07-18T06:16:22.062+0000][1][safepoint    ] Safepoint "Cleanup", Time since last: 1001191084 ns, Reaching safepoint: 4923166 ns, At safepoint: 111375 ns, Total: 5034541 ns
[2023-07-18T06:16:23.067+0000][1][safepoint    ] Safepoint "Cleanup", Time since last: 1001461709 ns, Reaching safepoint: 3466542 ns, At safepoint: 52166 ns, Total: 3518708 ns
[2023-07-18T06:16:24.070+0000][1][safepoint    ] Safepoint "Cleanup", Time since last: 1001385543 ns, Reaching safepoint: 1975458 ns, At safepoint: 28250 ns, Total: 2003708 ns
[2023-07-18T06:16:25.074+0000][1][safepoint    ] Safepoint "Cleanup", Time since last: 1000828792 ns, Reaching safepoint: 2771417 ns, At safepoint: 73416 ns, Total: 2844833 ns
[2023-07-18T06:16:26.077+0000][1][safepoint    ] Safepoint "Cleanup", Time since last: 1001090584 ns, Reaching safepoint: 2080209 ns, At safepoint: 48208 ns, Total: 2128417 ns
[2023-07-18T06:16:27.081+0000][1][safepoint    ] Safepoint "Cleanup", Time since last: 1000883125 ns, Reaching safepoint: 2645042 ns, At safepoint: 87708 ns, Total: 2732750 ns
[2023-07-18T06:16:28.087+0000][1][safepoint    ] Safepoint "Cleanup", Time since last: 1002009126 ns, Reaching safepoint: 4275000 ns, At safepoint: 171625 ns, Total: 4446625 ns
[2023-07-18T06:16:29.091+0000][1][safepoint    ] Safepoint "Cleanup", Time since last: 1001170459 ns, Reaching safepoint: 2035041 ns, At safepoint: 51084 ns, Total: 2086125 ns
[2023-07-18T06:16:30.095+0000][1][safepoint    ] Safepoint "Cleanup", Time since last: 1002552667 ns, Reaching safepoint: 2083125 ns, At safepoint: 61916 ns, Total: 2145041 ns
[2023-07-18T06:16:31.099+0000][1][safepoint    ] Safepoint "Cleanup", Time since last: 1000903376 ns, Reaching safepoint: 2318792 ns, At safepoint: 72375 ns, Total: 2391167 ns
[2023-07-18T06:16:32.103+0000][1][safepoint    ] Safepoint "Cleanup", Time since last: 1001095333 ns, Reaching safepoint: 2815875 ns, At safepoint: 73584 ns, Total: 2889459 ns
[2023-07-18T06:16:33.105+0000][1][safepoint    ] Safepoint "Cleanup", Time since last: 1001174750 ns, Reaching safepoint: 891417 ns, At safepoint: 21500 ns, Total: 912917 ns
[2023-07-18T06:16:34.106+0000][1][safepoint    ] Safepoint "Cleanup", Time since last: 1000642250 ns, Reaching safepoint: 784000 ns, At safepoint: 14959 ns, Total: 798959 ns
[2023-07-18T06:16:35.112+0000][1][safepoint    ] Safepoint "Cleanup", Time since last: 1000847666 ns, Reaching safepoint: 1583250 ns, At safepoint: 42792 ns, Total: 1626042 ns
[2023-07-18T06:16:36.117+0000][1][safepoint    ] Safepoint "Cleanup", Time since last: 1000753875 ns, Reaching safepoint: 3271667 ns, At safepoint: 167708 ns, Total: 3439375 ns
[2023-07-18T06:16:37.126+0000][1][safepoint    ] Safepoint "Cleanup", Time since last: 1005216793 ns, Reaching safepoint: 3691750 ns, At safepoint: 96166 ns, Total: 3787916 ns
[2023-07-18T06:16:38.130+0000][1][safepoint    ] Safepoint "Cleanup", Time since last: 1001597209 ns, Reaching safepoint: 2522625 ns, At safepoint: 76292 ns, Total: 2598917 ns
[2023-07-18T06:16:39.135+0000][1][safepoint    ] Safepoint "Cleanup", Time since last: 1002005042 ns, Reaching safepoint: 2675666 ns, At safepoint: 105542 ns, Total: 2781208 ns
[2023-07-18T06:16:40.141+0000][1][safepoint    ] Safepoint "Cleanup", Time since last: 1003195042 ns, Reaching safepoint: 2743000 ns, At safepoint: 93209 ns, Total: 2836209 ns
[2023-07-18T06:16:41.147+0000][1][safepoint    ] Safepoint "Cleanup", Time since last: 1001789333 ns, Reaching safepoint: 4254584 ns, At safepoint: 128375 ns, Total: 4382959 ns
[2023-07-18T06:16:42.151+0000][1][safepoint    ] Safepoint "Cleanup", Time since last: 1002427792 ns, Reaching safepoint: 1896625 ns, At safepoint: 76667 ns, Total: 1973292 ns
[2023-07-18T06:16:43.157+0000][1][safepoint    ] Safepoint "Cleanup", Time since last: 1001071250 ns, Reaching safepoint: 4907042 ns, At safepoint: 131958 ns, Total: 5039000 ns
[2023-07-18T06:16:45.065+0000][1][safepoint    ] Safepoint "Cleanup", Time since last: 1905411334 ns, Reaching safepoint: 2493834 ns, At safepoint: 109750 ns, Total: 2603584 ns
[2023-07-18T06:16:46.073+0000][1][safepoint    ] Safepoint "Cleanup", Time since last: 1001331042 ns, Reaching safepoint: 6262291 ns, At safepoint: 205917 ns, Total: 6468208 ns
[2023-07-18T06:16:47.075+0000][1][safepoint    ] Safepoint "Cleanup", Time since last: 1001463501 ns, Reaching safepoint: 942916 ns, At safepoint: 23709 ns, Total: 966625 ns
[2023-07-18T06:16:48.079+0000][1][safepoint    ] Safepoint "Cleanup", Time since last: 1001218042 ns, Reaching safepoint: 2352958 ns, At safepoint: 83708 ns, Total: 2436666 ns
[2023-07-18T06:16:49.082+0000][1][safepoint    ] Safepoint "Cleanup", Time since last: 1001131334 ns, Reaching safepoint: 1730375 ns, At safepoint: 47417 ns, Total: 1777792 ns
[2023-07-18T06:16:50.085+0000][1][safepoint    ] Safepoint "Cleanup", Time since last: 1001237167 ns, Reaching safepoint: 1640000 ns, At safepoint: 36875 ns, Total: 1676875 ns
[2023-07-18T06:16:51.089+0000][1][safepoint    ] Safepoint "Cleanup", Time since last: 1001956334 ns, Reaching safepoint: 2195708 ns, At safepoint: 58875 ns, Total: 2254583 ns
[2023-07-18T06:16:52.093+0000][1][safepoint    ] Safepoint "Cleanup", Time since last: 1001448334 ns, Reaching safepoint: 2750250 ns, At safepoint: 104708 ns, Total: 2854958 ns
[2023-07-18T06:16:53.098+0000][1][safepoint    ] Safepoint "Cleanup", Time since last: 1001109459 ns, Reaching safepoint: 3503000 ns, At safepoint: 105542 ns, Total: 3608542 ns
[2023-07-18T06:16:54.101+0000][1][safepoint    ] Safepoint "Cleanup", Time since last: 1001753084 ns, Reaching safepoint: 657125 ns, At safepoint: 15416 ns, Total: 672541 ns
[2023-07-18T06:16:54.473+0000][1][safepoint    ] Safepoint "RevokeBias", Time since last: 371421125 ns, Reaching safepoint: 784959 ns, At safepoint: 119958 ns, Total: 904917 ns
[2023-07-18T06:16:54.475+0000][1][safepoint    ] Safepoint "RevokeBias", Time since last: 1444417 ns, Reaching safepoint: 811458 ns, At safepoint: 163583 ns, Total: 975041 ns
[2023-07-18T06:16:54.505+0000][1][safepoint    ] Safepoint "RevokeBias", Time since last: 28267209 ns, Reaching safepoint: 880750 ns, At safepoint: 153208 ns, Total: 1033958 ns
[2023-07-18T06:16:54.540+0000][1][safepoint    ] Safepoint "RevokeBias", Time since last: 34677292 ns, Reaching safepoint: 590083 ns, At safepoint: 69625 ns, Total: 659708 ns
[2023-07-18T06:16:55.543+0000][1][safepoint    ] Safepoint "Cleanup", Time since last: 1001717251 ns, Reaching safepoint: 1563208 ns, At safepoint: 44208 ns, Total: 1607416 ns
[2023-07-18T06:16:56.547+0000][1][safepoint    ] Safepoint "Cleanup", Time since last: 1000923709 ns, Reaching safepoint: 3090250 ns, At safepoint: 116667 ns, Total: 3206917 ns
[2023-07-18T06:16:57.554+0000][1][safepoint    ] Safepoint "Cleanup", Time since last: 1001166417 ns, Reaching safepoint: 5180958 ns, At safepoint: 121209 ns, Total: 5302167 ns
[2023-07-18T06:16:58.558+0000][1][safepoint    ] Safepoint "Cleanup", Time since last: 1002518500 ns, Reaching safepoint: 1632375 ns, At safepoint: 40875 ns, Total: 1673250 ns
[2023-07-18T06:16:59.563+0000][1][safepoint    ] Safepoint "Cleanup", Time since last: 1000837001 ns, Reaching safepoint: 3908166 ns, At safepoint: 126084 ns, Total: 4034250 ns
[2023-07-18T06:17:00.568+0000][1][safepoint    ] Safepoint "Cleanup", Time since last: 1001611292 ns, Reaching safepoint: 3603500 ns, At safepoint: 101291 ns, Total: 3704791 ns
[2023-07-18T06:17:01.573+0000][1][safepoint    ] Safepoint "Cleanup", Time since last: 1001372168 ns, Reaching safepoint: 3620791 ns, At safepoint: 128709 ns, Total: 3749500 ns
[2023-07-18T06:17:02.576+0000][1][safepoint    ] Safepoint "Cleanup", Time since last: 1001582750 ns, Reaching safepoint: 750750 ns, At safepoint: 20583 ns, Total: 771333 ns
[2023-07-18T06:17:03.580+0000][1][safepoint    ] Safepoint "Cleanup", Time since last: 1000369792 ns, Reaching safepoint: 3562417 ns, At safepoint: 58292 ns, Total: 3620709 ns
[2023-07-18T06:17:04.581+0000][1][safepoint    ] Safepoint "Cleanup", Time since last: 1001169208 ns, Reaching safepoint: 4234917 ns, At safepoint: 134500 ns, Total: 4369417 ns
[2023-07-18T06:17:05.588+0000][1][safepoint    ] Safepoint "Cleanup", Time since last: 1001948042 ns, Reaching safepoint: 4338000 ns, At safepoint: 130333 ns, Total: 4468333 ns
[2023-07-18T06:17:06.594+0000][1][safepoint    ] Safepoint "Cleanup", Time since last: 1002535293 ns, Reaching safepoint: 3948875 ns, At safepoint: 114916 ns, Total: 4063791 ns
[2023-07-18T06:17:07.599+0000][1][safepoint    ] Safepoint "Cleanup", Time since last: 1001471542 ns, Reaching safepoint: 2709250 ns, At safepoint: 70209 ns, Total: 2779459 ns
[2023-07-18T06:17:08.253+0000][1][safepoint    ] Safepoint "RevokeBias", Time since last: 652841292 ns, Reaching safepoint: 1170958 ns, At safepoint: 146708 ns, Total: 1317666 ns
[2023-07-18T06:17:08.477+0000][1][safepoint    ] Safepoint "RevokeBias", Time since last: 220524792 ns, Reaching safepoint: 3071000 ns, At safepoint: 499292 ns, Total: 3570292 ns
[2023-07-18T06:17:08.794+0000][1][safepoint    ] Safepoint "RevokeBias", Time since last: 308390917 ns, Reaching safepoint: 6388875 ns, At safepoint: 2273625 ns, Total: 8662500 ns
[2023-07-18T06:17:08.796+0000][1][safepoint    ] Safepoint "RevokeBias", Time since last: 457333 ns, Reaching safepoint: 1496667 ns, At safepoint: 84208 ns, Total: 1580875 ns
[2023-07-18T06:17:08.961+0000][1][safepoint    ] Safepoint "RevokeBias", Time since last: 163139417 ns, Reaching safepoint: 1677125 ns, At safepoint: 560500 ns, Total: 2237625 ns
[2023-07-18T06:17:09.135+0000][1][safepoint    ] Safepoint "RevokeBias", Time since last: 172494083 ns, Reaching safepoint: 841333 ns, At safepoint: 97709 ns, Total: 939042 ns
[2023-07-18T06:17:09.138+0000][1][safepoint    ] Safepoint "RevokeBias", Time since last: 2263708 ns, Reaching safepoint: 674500 ns, At safepoint: 83458 ns, Total: 757958 ns
[2023-07-18T06:17:09.145+0000][1][safepoint    ] Safepoint "BulkRevokeBias", Time since last: 3503959 ns, Reaching safepoint: 680916 ns, At safepoint: 2804667 ns, Total: 3485583 ns
[2023-07-18T06:17:10.150+0000][1][safepoint    ] Safepoint "Cleanup", Time since last: 1001887042 ns, Reaching safepoint: 2905000 ns, At safepoint: 105750 ns, Total: 3010750 ns
[2023-07-18T06:17:11.156+0000][1][safepoint    ] Safepoint "Cleanup", Time since last: 1001881417 ns, Reaching safepoint: 3815959 ns, At safepoint: 155875 ns, Total: 3971834 ns
[2023-07-18T06:17:12.159+0000][1][safepoint    ] Safepoint "Cleanup", Time since last: 1002222042 ns, Reaching safepoint: 998250 ns, At safepoint: 31000 ns, Total: 1029250 ns
[2023-07-18T06:17:13.163+0000][1][safepoint    ] Safepoint "Cleanup", Time since last: 1000858500 ns, Reaching safepoint: 3108042 ns, At safepoint: 116375 ns, Total: 3224417 ns
[2023-07-18T06:17:14.165+0000][1][safepoint    ] Safepoint "Cleanup", Time since last: 1000812167 ns, Reaching safepoint: 1685000 ns, At safepoint: 23500 ns, Total: 1708500 ns
[2023-07-18T06:17:15.170+0000][1][safepoint    ] Safepoint "Cleanup", Time since last: 1002452459 ns, Reaching safepoint: 1688542 ns, At safepoint: 42291 ns, Total: 1730833 ns
[2023-07-18T06:17:16.175+0000][1][safepoint    ] Safepoint "Cleanup", Time since last: 1002272876 ns, Reaching safepoint: 3037833 ns, At safepoint: 107875 ns, Total: 3145708 ns
[2023-07-18T06:17:16.641+0000][1][safepoint    ] Safepoint "RevokeBias", Time since last: 464490042 ns, Reaching safepoint: 1204458 ns, At safepoint: 134167 ns, Total: 1338625 ns
[2023-07-18T06:17:16.651+0000][1][safepoint    ] Safepoint "RevokeBias", Time since last: 8511958 ns, Reaching safepoint: 1106959 ns, At safepoint: 123083 ns, Total: 1230042 ns
[2023-07-18T06:17:16.722+0000][1][safepoint    ] Safepoint "RevokeBias", Time since last: 70579292 ns, Reaching safepoint: 909000 ns, At safepoint: 155125 ns, Total: 1064125 ns
[2023-07-18T06:17:16.740+0000][1][safepoint    ] Safepoint "RevokeBias", Time since last: 13894000 ns, Reaching safepoint: 3905416 ns, At safepoint: 104042 ns, Total: 4009458 ns
[2023-07-18T06:17:17.745+0000][1][safepoint    ] Safepoint "Cleanup", Time since last: 1000685001 ns, Reaching safepoint: 3686458 ns, At safepoint: 98542 ns, Total: 3785000 ns
[2023-07-18T06:17:18.751+0000][1][safepoint    ] Safepoint "Cleanup", Time since last: 1001564958 ns, Reaching safepoint: 4153750 ns, At safepoint: 107375 ns, Total: 4261125 ns
[2023-07-18T06:17:19.755+0000][1][safepoint    ] Safepoint "Cleanup", Time since last: 1001600876 ns, Reaching safepoint: 2811292 ns, At safepoint: 96375 ns, Total: 2907667 ns
[2023-07-18T06:17:20.762+0000][1][safepoint    ] Safepoint "Cleanup", Time since last: 1001664667 ns, Reaching safepoint: 4557125 ns, At safepoint: 357208 ns, Total: 4914333 ns
[2023-07-18T06:17:21.769+0000][1][safepoint    ] Safepoint "Cleanup", Time since last: 1003168501 ns, Reaching safepoint: 4551375 ns, At safepoint: 133625 ns, Total: 4685000 ns
[2023-07-18T06:17:22.776+0000][1][safepoint    ] Safepoint "Cleanup", Time since last: 1002635708 ns, Reaching safepoint: 3718084 ns, At safepoint: 92000 ns, Total: 3810084 ns
[2023-07-18T06:17:23.781+0000][1][safepoint    ] Safepoint "Cleanup", Time since last: 1003114958 ns, Reaching safepoint: 1561834 ns, At safepoint: 27166 ns, Total: 1589000 ns
[2023-07-18T06:17:24.782+0000][1][safepoint    ] Safepoint "Cleanup", Time since last: 1000452709 ns, Reaching safepoint: 1157000 ns, At safepoint: 25584 ns, Total: 1182584 ns
[2023-07-18T06:17:25.785+0000][1][safepoint    ] Safepoint "Cleanup", Time since last: 1000593792 ns, Reaching safepoint: 1961416 ns, At safepoint: 88875 ns, Total: 2050291 ns
[2023-07-18T06:17:26.789+0000][1][safepoint    ] Safepoint "Cleanup", Time since last: 1001149084 ns, Reaching safepoint: 3064250 ns, At safepoint: 80000 ns, Total: 3144250 ns
[2023-07-18T06:17:27.803+0000][1][safepoint    ] Safepoint "Cleanup", Time since last: 1009479167 ns, Reaching safepoint: 3969375 ns, At safepoint: 102084 ns, Total: 4071459 ns
[2023-07-18T06:17:28.809+0000][1][safepoint    ] Safepoint "Cleanup", Time since last: 1001880209 ns, Reaching safepoint: 3992666 ns, At safepoint: 96959 ns, Total: 4089625 ns
[2023-07-18T06:17:29.814+0000][1][safepoint    ] Safepoint "Cleanup", Time since last: 1001627875 ns, Reaching safepoint: 3911125 ns, At safepoint: 137542 ns, Total: 4048667 ns
[2023-07-18T06:17:30.819+0000][1][safepoint    ] Safepoint "Cleanup", Time since last: 1001626958 ns, Reaching safepoint: 3381417 ns, At safepoint: 90833 ns, Total: 3472250 ns
[2023-07-18T06:17:31.826+0000][1][safepoint    ] Safepoint "Cleanup", Time since last: 1002167376 ns, Reaching safepoint: 3786750 ns, At safepoint: 134750 ns, Total: 3921500 ns
[2023-07-18T06:17:32.837+0000][1][safepoint    ] Safepoint "Cleanup", Time since last: 1008118584 ns, Reaching safepoint: 3320000 ns, At safepoint: 88125 ns, Total: 3408125 ns
[2023-07-18T06:17:33.840+0000][1][safepoint    ] Safepoint "Cleanup", Time since last: 1001417042 ns, Reaching safepoint: 1798000 ns, At safepoint: 43917 ns, Total: 1841917 ns
[2023-07-18T06:17:34.846+0000][1][safepoint    ] Safepoint "Cleanup", Time since last: 1001348458 ns, Reaching safepoint: 4079875 ns, At safepoint: 98000 ns, Total: 4177875 ns
[2023-07-18T06:17:35.847+0000][1][safepoint    ] Safepoint "Cleanup", Time since last: 1000934875 ns, Reaching safepoint: 697084 ns, At safepoint: 35416 ns, Total: 732500 ns
[2023-07-18T06:17:36.853+0000][1][safepoint    ] Safepoint "Cleanup", Time since last: 1003214834 ns, Reaching safepoint: 2731417 ns, At safepoint: 55041 ns, Total: 2786458 ns
[2023-07-18T06:17:37.859+0000][1][safepoint    ] Safepoint "Cleanup", Time since last: 1001738626 ns, Reaching safepoint: 3292167 ns, At safepoint: 78500 ns, Total: 3370667 ns
[2023-07-18T06:17:38.866+0000][1][safepoint    ] Safepoint "Cleanup", Time since last: 1004611792 ns, Reaching safepoint: 2637750 ns, At safepoint: 81583 ns, Total: 2719333 ns
[2023-07-18T06:17:39.871+0000][1][safepoint    ] Safepoint "Cleanup", Time since last: 1001513334 ns, Reaching safepoint: 3895417 ns, At safepoint: 122041 ns, Total: 4017458 ns
[2023-07-18T06:17:40.877+0000][1][safepoint    ] Safepoint "Cleanup", Time since last: 1003472126 ns, Reaching safepoint: 1698875 ns, At safepoint: 56875 ns, Total: 1755750 ns
[2023-07-18T06:17:41.882+0000][1][safepoint    ] Safepoint "Cleanup", Time since last: 1001990042 ns, Reaching safepoint: 2913458 ns, At safepoint: 116583 ns, Total: 3030041 ns
[2023-07-18T06:17:42.888+0000][1][safepoint    ] Safepoint "Cleanup", Time since last: 1002219043 ns, Reaching safepoint: 3981375 ns, At safepoint: 118708 ns, Total: 4100083 ns
[2023-07-18T06:17:43.432+0000][1][safepoint    ] Safepoint "RevokeBias", Time since last: 543230084 ns, Reaching safepoint: 1123750 ns, At safepoint: 168250 ns, Total: 1292000 ns
[2023-07-18T06:17:43.449+0000][1][safepoint    ] Safepoint "RevokeBias", Time since last: 15079375 ns, Reaching safepoint: 1068666 ns, At safepoint: 116084 ns, Total: 1184750 ns
[2023-07-18T06:17:43.491+0000][1][safepoint    ] Safepoint "RevokeBias", Time since last: 41509083 ns, Reaching safepoint: 839625 ns, At safepoint: 108333 ns, Total: 947958 ns
[2023-07-18T06:17:43.493+0000][1][safepoint    ] Safepoint "RevokeBias", Time since last: 877417 ns, Reaching safepoint: 570292 ns, At safepoint: 69666 ns, Total: 639958 ns
[2023-07-18T06:17:43.496+0000][1][safepoint    ] Safepoint "RevokeBias", Time since last: 2285292 ns, Reaching safepoint: 1223458 ns, At safepoint: 102750 ns, Total: 1326208 ns
[2023-07-18T06:17:44.028+0000][1][safepoint    ] Safepoint "RevokeBias", Time since last: 529965042 ns, Reaching safepoint: 1590292 ns, At safepoint: 91083 ns, Total: 1681375 ns
[2023-07-18T06:17:45.032+0000][1][safepoint    ] Safepoint "Cleanup", Time since last: 1000552792 ns, Reaching safepoint: 3591625 ns, At safepoint: 103334 ns, Total: 3694959 ns
[2023-07-18T06:17:46.035+0000][1][safepoint    ] Safepoint "Cleanup", Time since last: 1000968042 ns, Reaching safepoint: 1833416 ns, At safepoint: 44167 ns, Total: 1877583 ns
[2023-07-18T06:17:47.036+0000][1][safepoint    ] Safepoint "Cleanup", Time since last: 1000698959 ns, Reaching safepoint: 699208 ns, At safepoint: 19125 ns, Total: 718333 ns
[2023-07-18T06:17:48.040+0000][1][safepoint    ] Safepoint "Cleanup", Time since last: 1000495084 ns, Reaching safepoint: 2879833 ns, At safepoint: 75417 ns, Total: 2955250 ns
[2023-07-18T06:17:49.045+0000][1][safepoint    ] Safepoint "Cleanup", Time since last: 1001536459 ns, Reaching safepoint: 3396833 ns, At safepoint: 91584 ns, Total: 3488417 ns
[2023-07-18T06:17:50.049+0000][1][safepoint    ] Safepoint "Cleanup", Time since last: 1001943333 ns, Reaching safepoint: 1937459 ns, At safepoint: 52416 ns, Total: 1989875 ns
[2023-07-18T06:17:50.617+0000][1][safepoint    ] Safepoint "RevokeBias", Time since last: 566073626 ns, Reaching safepoint: 1579000 ns, At safepoint: 179291 ns, Total: 1758291 ns
[2023-07-18T06:17:50.625+0000][1][safepoint    ] Safepoint "RevokeBias", Time since last: 7028750 ns, Reaching safepoint: 1301375 ns, At safepoint: 145542 ns, Total: 1446917 ns
[2023-07-18T06:17:50.674+0000][1][safepoint    ] Safepoint "RevokeBias", Time since last: 47149417 ns, Reaching safepoint: 1016708 ns, At safepoint: 197875 ns, Total: 1214583 ns
[2023-07-18T06:17:50.694+0000][1][safepoint    ] Safepoint "RevokeBias", Time since last: 19399542 ns, Reaching safepoint: 1130250 ns, At safepoint: 75791 ns, Total: 1206041 ns
[2023-07-18T06:17:51.702+0000][1][safepoint    ] Safepoint "Cleanup", Time since last: 1002785626 ns, Reaching safepoint: 4417708 ns, At safepoint: 134083 ns, Total: 4551791 ns
[2023-07-18T06:17:52.710+0000][1][safepoint    ] Safepoint "Cleanup", Time since last: 1004171709 ns, Reaching safepoint: 4153084 ns, At safepoint: 112791 ns, Total: 4265875 ns
[2023-07-18T06:17:53.715+0000][1][safepoint    ] Safepoint "Cleanup", Time since last: 1001523209 ns, Reaching safepoint: 3488375 ns, At safepoint: 207625 ns, Total: 3696000 ns
[2023-07-18T06:17:54.063+0000][1][gc,start     ] GC(63) Pause Young (Allocation Failure)
[2023-07-18T06:17:54.065+0000][1][gc,task      ] GC(63) Using 4 workers of 4 for evacuation
[2023-07-18T06:17:54.090+0000][1][gc,age       ] GC(63) Desired survivor size 8945664 bytes, new threshold 6 (max threshold 6)
[2023-07-18T06:17:54.090+0000][1][gc,age       ] GC(63) Age table with threshold 6 (max threshold 6)
[2023-07-18T06:17:54.091+0000][1][gc,age       ] GC(63) - age   1:     194992 bytes,     194992 total
[2023-07-18T06:17:54.091+0000][1][gc,age       ] GC(63) - age   2:      53088 bytes,     248080 total
[2023-07-18T06:17:54.091+0000][1][gc,age       ] GC(63) - age   3:     102736 bytes,     350816 total
[2023-07-18T06:17:54.091+0000][1][gc,age       ] GC(63) - age   4:      60008 bytes,     410824 total
[2023-07-18T06:17:54.091+0000][1][gc,age       ] GC(63) - age   5:       1080 bytes,     411904 total
[2023-07-18T06:17:54.091+0000][1][gc,age       ] GC(63) - age   6:        256 bytes,     412160 total
[2023-07-18T06:17:54.092+0000][1][gc,heap      ] GC(63) ParNew: 140195K->520K(157248K)
[2023-07-18T06:17:54.092+0000][1][gc,heap      ] GC(63) CMS: 71966K->71966K(349568K)
[2023-07-18T06:17:54.092+0000][1][gc,metaspace ] GC(63) Metaspace: 93104K->93104K(1134592K)
[2023-07-18T06:17:54.093+0000][1][gc           ] GC(63) Pause Young (Allocation Failure) 207M->70M(494M) 30.691ms
[2023-07-18T06:17:54.094+0000][1][gc,cpu       ] GC(63) User=0.06s Sys=0.01s Real=0.03s
[2023-07-18T06:17:54.094+0000][1][safepoint    ] Safepoint "GenCollectForAllocation", Time since last: 345658334 ns, Reaching safepoint: 1436000 ns, At safepoint: 31536583 ns, Total: 32972583 ns
[2023-07-18T06:17:55.098+0000][1][safepoint    ] Safepoint "Cleanup", Time since last: 1000351542 ns, Reaching safepoint: 3642625 ns, At safepoint: 105292 ns, Total: 3747917 ns
[2023-07-18T06:17:56.102+0000][1][safepoint    ] Safepoint "Cleanup", Time since last: 1001580709 ns, Reaching safepoint: 2082916 ns, At safepoint: 50209 ns, Total: 2133125 ns
[2023-07-18T06:17:57.105+0000][1][safepoint    ] Safepoint "Cleanup", Time since last: 1000704333 ns, Reaching safepoint: 2385334 ns, At safepoint: 68166 ns, Total: 2453500 ns
[2023-07-18T06:17:58.108+0000][1][safepoint    ] Safepoint "Cleanup", Time since last: 1000939668 ns, Reaching safepoint: 2085875 ns, At safepoint: 55083 ns, Total: 2140958 ns
[2023-07-18T06:17:59.114+0000][1][safepoint    ] Safepoint "Cleanup", Time since last: 1002230750 ns, Reaching safepoint: 3151542 ns, At safepoint: 342042 ns, Total: 3493584 ns
[2023-07-18T06:17:59.658+0000][1][safepoint    ] Safepoint "RevokeBias", Time since last: 542423708 ns, Reaching safepoint: 1317625 ns, At safepoint: 224500 ns, Total: 1542125 ns
[2023-07-18T06:17:59.665+0000][1][safepoint    ] Safepoint "RevokeBias", Time since last: 5446500 ns, Reaching safepoint: 1515334 ns, At safepoint: 142583 ns, Total: 1657917 ns
[2023-07-18T06:17:59.667+0000][1][safepoint    ] Safepoint "RevokeBias", Time since last: 1284667 ns, Reaching safepoint: 632125 ns, At safepoint: 94625 ns, Total: 726750 ns
[2023-07-18T06:17:59.668+0000][1][safepoint    ] Safepoint "RevokeBias", Time since last: 975208 ns, Reaching safepoint: 469500 ns, At safepoint: 67792 ns, Total: 537292 ns
[2023-07-18T06:17:59.670+0000][1][safepoint    ] Safepoint "RevokeBias", Time since last: 866208 ns, Reaching safepoint: 525833 ns, At safepoint: 77959 ns, Total: 603792 ns
[2023-07-18T06:17:59.675+0000][1][safepoint    ] Safepoint "RevokeBias", Time since last: 4561333 ns, Reaching safepoint: 989292 ns, At safepoint: 145916 ns, Total: 1135208 ns
[2023-07-18T06:17:59.718+0000][1][safepoint    ] Safepoint "RevokeBias", Time since last: 41389625 ns, Reaching safepoint: 842084 ns, At safepoint: 231583 ns, Total: 1073667 ns
[2023-07-18T06:17:59.720+0000][1][safepoint    ] Safepoint "RevokeBias", Time since last: 2030625 ns, Reaching safepoint: 609292 ns, At safepoint: 57458 ns, Total: 666750 ns
[2023-07-18T06:18:00.726+0000][1][safepoint    ] Safepoint "Cleanup", Time since last: 1001610292 ns, Reaching safepoint: 3928667 ns, At safepoint: 140750 ns, Total: 4069417 ns
[2023-07-18T06:18:01.732+0000][1][safepoint    ] Safepoint "Cleanup", Time since last: 1002109875 ns, Reaching safepoint: 3258334 ns, At safepoint: 82500 ns, Total: 3340834 ns
[2023-07-18T06:18:02.735+0000][1][safepoint    ] Safepoint "Cleanup", Time since last: 1001067125 ns, Reaching safepoint: 2369667 ns, At safepoint: 76166 ns, Total: 2445833 ns
[2023-07-18T06:18:03.739+0000][1][safepoint    ] Safepoint "Cleanup", Time since last: 1002396334 ns, Reaching safepoint: 1191917 ns, At safepoint: 20208 ns, Total: 1212125 ns
[2023-07-18T06:18:04.743+0000][1][safepoint    ] Safepoint "Cleanup", Time since last: 1000810417 ns, Reaching safepoint: 3466500 ns, At safepoint: 76666 ns, Total: 3543166 ns
[2023-07-18T06:18:05.747+0000][1][safepoint    ] Safepoint "Cleanup", Time since last: 1001129001 ns, Reaching safepoint: 3061833 ns, At safepoint: 130125 ns, Total: 3191958 ns
[2023-07-18T06:18:06.752+0000][1][safepoint    ] Safepoint "Cleanup", Time since last: 1002177292 ns, Reaching safepoint: 2647167 ns, At safepoint: 145333 ns, Total: 2792500 ns
[2023-07-18T06:18:07.756+0000][1][safepoint    ] Safepoint "Cleanup", Time since last: 1000954417 ns, Reaching safepoint: 2854209 ns, At safepoint: 83458 ns, Total: 2937667 ns
[2023-07-18T06:18:08.761+0000][1][safepoint    ] Safepoint "Cleanup", Time since last: 1001907209 ns, Reaching safepoint: 2399958 ns, At safepoint: 68250 ns, Total: 2468208 ns
[2023-07-18T06:18:09.766+0000][1][safepoint    ] Safepoint "Cleanup", Time since last: 1001881667 ns, Reaching safepoint: 3423459 ns, At safepoint: 75125 ns, Total: 3498584 ns
[2023-07-18T06:18:10.768+0000][1][safepoint    ] Safepoint "Cleanup", Time since last: 1000729750 ns, Reaching safepoint: 1449125 ns, At safepoint: 65875 ns, Total: 1515000 ns
[2023-07-18T06:18:11.774+0000][1][safepoint    ] Safepoint "Cleanup", Time since last: 1001298709 ns, Reaching safepoint: 3718750 ns, At safepoint: 139417 ns, Total: 3858167 ns
[2023-07-18T06:18:12.779+0000][1][safepoint    ] Safepoint "Cleanup", Time since last: 1001872667 ns, Reaching safepoint: 3691875 ns, At safepoint: 118500 ns, Total: 3810375 ns
[2023-07-18T06:18:13.785+0000][1][safepoint    ] Safepoint "Cleanup", Time since last: 1002338875 ns, Reaching safepoint: 3144625 ns, At safepoint: 86500 ns, Total: 3231125 ns
[2023-07-18T06:18:14.791+0000][1][safepoint    ] Safepoint "Cleanup", Time since last: 1002234001 ns, Reaching safepoint: 3861958 ns, At safepoint: 107834 ns, Total: 3969792 ns
[2023-07-18T06:18:15.794+0000][1][safepoint    ] Safepoint "Cleanup", Time since last: 1001565875 ns, Reaching safepoint: 1808500 ns, At safepoint: 43500 ns, Total: 1852000 ns
[2023-07-18T06:18:16.800+0000][1][safepoint    ] Safepoint "Cleanup", Time since last: 1002564709 ns, Reaching safepoint: 3176208 ns, At safepoint: 78542 ns, Total: 3254750 ns
[2023-07-18T06:18:17.806+0000][1][safepoint    ] Safepoint "Cleanup", Time since last: 1002203917 ns, Reaching safepoint: 3871625 ns, At safepoint: 127958 ns, Total: 3999583 ns
[2023-07-18T06:18:18.810+0000][1][safepoint    ] Safepoint "Cleanup", Time since last: 1001807292 ns, Reaching safepoint: 2177792 ns, At safepoint: 58458 ns, Total: 2236250 ns
[2023-07-18T06:18:19.816+0000][1][safepoint    ] Safepoint "Cleanup", Time since last: 1002110251 ns, Reaching safepoint: 3744667 ns, At safepoint: 102583 ns, Total: 3847250 ns
[2023-07-18T06:18:20.822+0000][1][safepoint    ] Safepoint "Cleanup", Time since last: 1003302667 ns, Reaching safepoint: 2655708 ns, At safepoint: 66334 ns, Total: 2722042 ns
[2023-07-18T06:18:21.828+0000][1][safepoint    ] Safepoint "Cleanup", Time since last: 1004326750 ns, Reaching safepoint: 1580000 ns, At safepoint: 36709 ns, Total: 1616709 ns
[2023-07-18T06:18:22.834+0000][1][safepoint    ] Safepoint "Cleanup", Time since last: 1003840250 ns, Reaching safepoint: 1702750 ns, At safepoint: 42917 ns, Total: 1745667 ns
[2023-07-18T06:18:23.836+0000][1][safepoint    ] Safepoint "Cleanup", Time since last: 1000897500 ns, Reaching safepoint: 1301083 ns, At safepoint: 24375 ns, Total: 1325458 ns
[2023-07-18T06:18:24.019+0000][1][safepoint    ] Safepoint "RevokeBias", Time since last: 181143792 ns, Reaching safepoint: 1188959 ns, At safepoint: 154916 ns, Total: 1343875 ns
[2023-07-18T06:18:25.023+0000][1][safepoint    ] Safepoint "Cleanup", Time since last: 1000976709 ns, Reaching safepoint: 3085542 ns, At safepoint: 72000 ns, Total: 3157542 ns
[2023-07-18T06:18:26.027+0000][1][safepoint    ] Safepoint "Cleanup", Time since last: 1001393459 ns, Reaching safepoint: 3116458 ns, At safepoint: 93583 ns, Total: 3210041 ns
[2023-07-18T06:18:27.034+0000][1][safepoint    ] Safepoint "Cleanup", Time since last: 1002122501 ns, Reaching safepoint: 3840208 ns, At safepoint: 122583 ns, Total: 3962791 ns
[2023-07-18T06:18:28.038+0000][1][safepoint    ] Safepoint "Cleanup", Time since last: 1001458959 ns, Reaching safepoint: 2819125 ns, At safepoint: 91750 ns, Total: 2910875 ns
[2023-07-18T06:18:28.660+0000][1][safepoint    ] Safepoint "RevokeBias", Time since last: 621343584 ns, Reaching safepoint: 1121083 ns, At safepoint: 120583 ns, Total: 1241666 ns
[2023-07-18T06:18:28.667+0000][1][safepoint    ] Safepoint "RevokeBias", Time since last: 5185084 ns, Reaching safepoint: 1022916 ns, At safepoint: 117750 ns, Total: 1140666 ns
[2023-07-18T06:18:28.711+0000][1][safepoint    ] Safepoint "RevokeBias", Time since last: 42912459 ns, Reaching safepoint: 799375 ns, At safepoint: 109916 ns, Total: 909291 ns
[2023-07-18T06:18:28.720+0000][1][safepoint    ] Safepoint "RevokeBias", Time since last: 8383000 ns, Reaching safepoint: 1426167 ns, At safepoint: 117375 ns, Total: 1543542 ns
[2023-07-18T06:18:29.726+0000][1][safepoint    ] Safepoint "Cleanup", Time since last: 1001533042 ns, Reaching safepoint: 3858750 ns, At safepoint: 108500 ns, Total: 3967250 ns
[2023-07-18T06:18:30.731+0000][1][safepoint    ] Safepoint "Cleanup", Time since last: 1001690584 ns, Reaching safepoint: 3495417 ns, At safepoint: 124250 ns, Total: 3619667 ns
[2023-07-18T06:18:31.735+0000][1][safepoint    ] Safepoint "Cleanup", Time since last: 1002702084 ns, Reaching safepoint: 1188916 ns, At safepoint: 39084 ns, Total: 1228000 ns
[2023-07-18T06:18:32.738+0000][1][safepoint    ] Safepoint "Cleanup", Time since last: 1000624917 ns, Reaching safepoint: 2476333 ns, At safepoint: 89583 ns, Total: 2565916 ns
[2023-07-18T06:18:33.743+0000][1][safepoint    ] Safepoint "Cleanup", Time since last: 1001952793 ns, Reaching safepoint: 2406041 ns, At safepoint: 79875 ns, Total: 2485916 ns
[2023-07-18T06:18:34.749+0000][1][safepoint    ] Safepoint "Cleanup", Time since last: 1000872000 ns, Reaching safepoint: 4271083 ns, At safepoint: 108917 ns, Total: 4380000 ns
[2023-07-18T06:18:35.754+0000][1][safepoint    ] Safepoint "Cleanup", Time since last: 1001773459 ns, Reaching safepoint: 2620292 ns, At safepoint: 103916 ns, Total: 2724208 ns
[2023-07-18T06:18:36.757+0000][1][safepoint    ] Safepoint "Cleanup", Time since last: 1001418959 ns, Reaching safepoint: 2203375 ns, At safepoint: 56958 ns, Total: 2260333 ns
[2023-07-18T06:18:37.761+0000][1][safepoint    ] Safepoint "Cleanup", Time since last: 1001332917 ns, Reaching safepoint: 2666667 ns, At safepoint: 78292 ns, Total: 2744959 ns
[2023-07-18T06:18:38.765+0000][1][safepoint    ] Safepoint "Cleanup", Time since last: 1000988250 ns, Reaching safepoint: 2370625 ns, At safepoint: 89750 ns, Total: 2460375 ns
[2023-07-18T06:18:39.767+0000][1][safepoint    ] Safepoint "Cleanup", Time since last: 1000731459 ns, Reaching safepoint: 1554708 ns, At safepoint: 60584 ns, Total: 1615292 ns
[2023-07-18T06:18:40.772+0000][1][safepoint    ] Safepoint "Cleanup", Time since last: 1000819959 ns, Reaching safepoint: 3357041 ns, At safepoint: 219209 ns, Total: 3576250 ns
[2023-07-18T06:18:41.778+0000][1][safepoint    ] Safepoint "Cleanup", Time since last: 1002102708 ns, Reaching safepoint: 3767667 ns, At safepoint: 315167 ns, Total: 4082834 ns
[2023-07-18T06:18:42.781+0000][1][safepoint    ] Safepoint "Cleanup", Time since last: 1002800459 ns, Reaching safepoint: 650208 ns, At safepoint: 17292 ns, Total: 667500 ns
[2023-07-18T06:18:43.784+0000][1][safepoint    ] Safepoint "Cleanup", Time since last: 1001030667 ns, Reaching safepoint: 2119916 ns, At safepoint: 59125 ns, Total: 2179041 ns
[2023-07-18T06:18:44.794+0000][1][safepoint    ] Safepoint "Cleanup", Time since last: 1004433751 ns, Reaching safepoint: 4676583 ns, At safepoint: 132792 ns, Total: 4809375 ns
[2023-07-18T06:18:45.799+0000][1][safepoint    ] Safepoint "Cleanup", Time since last: 1002316209 ns, Reaching safepoint: 2862583 ns, At safepoint: 153125 ns, Total: 3015708 ns
[2023-07-18T06:18:46.806+0000][1][safepoint    ] Safepoint "Cleanup", Time since last: 1002810709 ns, Reaching safepoint: 4086333 ns, At safepoint: 106792 ns, Total: 4193125 ns
[2023-07-18T06:18:47.811+0000][1][safepoint    ] Safepoint "Cleanup", Time since last: 1001592750 ns, Reaching safepoint: 3360542 ns, At safepoint: 118917 ns, Total: 3479459 ns
[2023-07-18T06:18:48.815+0000][1][safepoint    ] Safepoint "Cleanup", Time since last: 1001141375 ns, Reaching safepoint: 2906417 ns, At safepoint: 77166 ns, Total: 2983583 ns
[2023-07-18T06:18:49.823+0000][1][safepoint    ] Safepoint "Cleanup", Time since last: 1003512543 ns, Reaching safepoint: 4169875 ns, At safepoint: 123250 ns, Total: 4293125 ns
[2023-07-18T06:18:50.828+0000][1][safepoint    ] Safepoint "Cleanup", Time since last: 1001570333 ns, Reaching safepoint: 3302917 ns, At safepoint: 105417 ns, Total: 3408334 ns
[2023-07-18T06:18:51.832+0000][1][safepoint    ] Safepoint "Cleanup", Time since last: 1001205250 ns, Reaching safepoint: 2901375 ns, At safepoint: 93667 ns, Total: 2995042 ns
[2023-07-18T06:18:52.837+0000][1][safepoint    ] Safepoint "Cleanup", Time since last: 1001028917 ns, Reaching safepoint: 3938708 ns, At safepoint: 104084 ns, Total: 4042792 ns
[2023-07-18T06:18:53.841+0000][1][safepoint    ] Safepoint "Cleanup", Time since last: 1002155958 ns, Reaching safepoint: 1548834 ns, At safepoint: 30291 ns, Total: 1579125 ns
[2023-07-18T06:18:54.844+0000][1][safepoint    ] Safepoint "Cleanup", Time since last: 1000494793 ns, Reaching safepoint: 3014333 ns, At safepoint: 56417 ns, Total: 3070750 ns
[2023-07-18T06:18:55.848+0000][1][safepoint    ] Safepoint "Cleanup", Time since last: 1001861583 ns, Reaching safepoint: 1840792 ns, At safepoint: 40542 ns, Total: 1881334 ns
[2023-07-18T06:18:56.851+0000][1][safepoint    ] Safepoint "Cleanup", Time since last: 1000815292 ns, Reaching safepoint: 2048167 ns, At safepoint: 55166 ns, Total: 2103333 ns
[2023-07-18T06:18:57.854+0000][1][safepoint    ] Safepoint "Cleanup", Time since last: 1001676126 ns, Reaching safepoint: 1266166 ns, At safepoint: 37084 ns, Total: 1303250 ns
[2023-07-18T06:18:58.859+0000][1][safepoint    ] Safepoint "Cleanup", Time since last: 1000900000 ns, Reaching safepoint: 3708459 ns, At safepoint: 91500 ns, Total: 3799959 ns
[2023-07-18T06:18:59.861+0000][1][safepoint    ] Safepoint "Cleanup", Time since last: 1001040125 ns, Reaching safepoint: 1373083 ns, At safepoint: 49375 ns, Total: 1422458 ns
[2023-07-18T06:19:00.866+0000][1][safepoint    ] Safepoint "Cleanup", Time since last: 1000766501 ns, Reaching safepoint: 3383500 ns, At safepoint: 86917 ns, Total: 3470417 ns
[2023-07-18T06:19:01.872+0000][1][safepoint    ] Safepoint "Cleanup", Time since last: 1002004583 ns, Reaching safepoint: 4117709 ns, At safepoint: 92083 ns, Total: 4209792 ns
[2023-07-18T06:19:02.878+0000][1][safepoint    ] Safepoint "Cleanup", Time since last: 1001945542 ns, Reaching safepoint: 3755292 ns, At safepoint: 119666 ns, Total: 3874958 ns
[2023-07-18T06:19:03.881+0000][1][safepoint    ] Safepoint "Cleanup", Time since last: 1001796043 ns, Reaching safepoint: 1567250 ns, At safepoint: 48708 ns, Total: 1615958 ns
[2023-07-18T06:19:04.885+0000][1][safepoint    ] Safepoint "Cleanup", Time since last: 1001020583 ns, Reaching safepoint: 3815958 ns, At safepoint: 80417 ns, Total: 3896375 ns
[2023-07-18T06:19:05.887+0000][1][safepoint    ] Safepoint "Cleanup", Time since last: 1000985625 ns, Reaching safepoint: 1177459 ns, At safepoint: 30000 ns, Total: 1207459 ns
[2023-07-18T06:19:06.891+0000][1][safepoint    ] Safepoint "Cleanup", Time since last: 1000860000 ns, Reaching safepoint: 2975125 ns, At safepoint: 84458 ns, Total: 3059583 ns
[2023-07-18T06:19:07.896+0000][1][safepoint    ] Safepoint "Cleanup", Time since last: 1000982876 ns, Reaching safepoint: 4012583 ns, At safepoint: 109625 ns, Total: 4122208 ns
[2023-07-18T06:19:08.898+0000][1][safepoint    ] Safepoint "Cleanup", Time since last: 1001315959 ns, Reaching safepoint: 1070625 ns, At safepoint: 19417 ns, Total: 1090042 ns
[2023-07-18T06:19:09.902+0000][1][safepoint    ] Safepoint "Cleanup", Time since last: 1000551834 ns, Reaching safepoint: 2829750 ns, At safepoint: 86291 ns, Total: 2916041 ns
[2023-07-18T06:19:10.907+0000][1][safepoint    ] Safepoint "Cleanup", Time since last: 1001491001 ns, Reaching safepoint: 3534958 ns, At safepoint: 147083 ns, Total: 3682041 ns
[2023-07-18T06:19:11.912+0000][1][safepoint    ] Safepoint "Cleanup", Time since last: 1001180251 ns, Reaching safepoint: 3967708 ns, At safepoint: 110083 ns, Total: 4077791 ns
[2023-07-18T06:19:12.920+0000][1][safepoint    ] Safepoint "Cleanup", Time since last: 1002568334 ns, Reaching safepoint: 4644000 ns, At safepoint: 287375 ns, Total: 4931375 ns
[2023-07-18T06:19:13.924+0000][1][safepoint    ] Safepoint "Cleanup", Time since last: 1001736501 ns, Reaching safepoint: 2155750 ns, At safepoint: 79666 ns, Total: 2235416 ns
[2023-07-18T06:19:14.929+0000][1][safepoint    ] Safepoint "Cleanup", Time since last: 1004157626 ns, Reaching safepoint: 860083 ns, At safepoint: 22000 ns, Total: 882083 ns
[2023-07-18T06:19:15.933+0000][1][safepoint    ] Safepoint "Cleanup", Time since last: 1000579376 ns, Reaching safepoint: 3202166 ns, At safepoint: 149417 ns, Total: 3351583 ns
[2023-07-18T06:19:16.938+0000][1][safepoint    ] Safepoint "Cleanup", Time since last: 1001080042 ns, Reaching safepoint: 4350834 ns, At safepoint: 110125 ns, Total: 4460959 ns
[2023-07-18T06:19:17.944+0000][1][safepoint    ] Safepoint "Cleanup", Time since last: 1001672583 ns, Reaching safepoint: 3916709 ns, At safepoint: 74458 ns, Total: 3991167 ns
[2023-07-18T06:19:18.948+0000][1][safepoint    ] Safepoint "Cleanup", Time since last: 1001282000 ns, Reaching safepoint: 2142000 ns, At safepoint: 49167 ns, Total: 2191167 ns
[2023-07-18T06:19:19.952+0000][1][safepoint    ] Safepoint "Cleanup", Time since last: 1001292751 ns, Reaching safepoint: 2911375 ns, At safepoint: 87208 ns, Total: 2998583 ns
[2023-07-18T06:19:20.957+0000][1][safepoint    ] Safepoint "Cleanup", Time since last: 1001284125 ns, Reaching safepoint: 3820084 ns, At safepoint: 75541 ns, Total: 3895625 ns
[2023-07-18T06:19:21.963+0000][1][safepoint    ] Safepoint "Cleanup", Time since last: 1002061001 ns, Reaching safepoint: 3637292 ns, At safepoint: 98208 ns, Total: 3735500 ns
[2023-07-18T06:19:22.968+0000][1][safepoint    ] Safepoint "Cleanup", Time since last: 1001010959 ns, Reaching safepoint: 3969166 ns, At safepoint: 81709 ns, Total: 4050875 ns
[2023-07-18T06:19:23.973+0000][1][safepoint    ] Safepoint "Cleanup", Time since last: 1001343084 ns, Reaching safepoint: 3403375 ns, At safepoint: 50500 ns, Total: 3453875 ns
[2023-07-18T06:19:24.981+0000][1][safepoint    ] Safepoint "Cleanup", Time since last: 1000912833 ns, Reaching safepoint: 7301042 ns, At safepoint: 103667 ns, Total: 7404709 ns
[2023-07-18T06:19:25.986+0000][1][safepoint    ] Safepoint "Cleanup", Time since last: 1002481709 ns, Reaching safepoint: 2722500 ns, At safepoint: 84958 ns, Total: 2807458 ns
[2023-07-18T06:19:26.990+0000][1][safepoint    ] Safepoint "Cleanup", Time since last: 1001643584 ns, Reaching safepoint: 2353500 ns, At safepoint: 67666 ns, Total: 2421166 ns
[2023-07-18T06:19:27.995+0000][1][safepoint    ] Safepoint "Cleanup", Time since last: 1001206876 ns, Reaching safepoint: 3468208 ns, At safepoint: 93542 ns, Total: 3561750 ns
[2023-07-18T06:19:29.001+0000][1][safepoint    ] Safepoint "Cleanup", Time since last: 1001622209 ns, Reaching safepoint: 3979208 ns, At safepoint: 183333 ns, Total: 4162541 ns
[2023-07-18T06:19:30.009+0000][1][safepoint    ] Safepoint "Cleanup", Time since last: 1004132417 ns, Reaching safepoint: 4061750 ns, At safepoint: 136625 ns, Total: 4198375 ns
[2023-07-18T06:19:31.012+0000][1][safepoint    ] Safepoint "Cleanup", Time since last: 1002061626 ns, Reaching safepoint: 1123750 ns, At safepoint: 32458 ns, Total: 1156208 ns
[2023-07-18T06:19:32.016+0000][1][safepoint    ] Safepoint "Cleanup", Time since last: 1001570501 ns, Reaching safepoint: 1505083 ns, At safepoint: 30167 ns, Total: 1535250 ns
[2023-07-18T06:19:33.020+0000][1][safepoint    ] Safepoint "Cleanup", Time since last: 1000670459 ns, Reaching safepoint: 3783250 ns, At safepoint: 88750 ns, Total: 3872000 ns
[2023-07-18T06:19:34.022+0000][1][safepoint    ] Safepoint "Cleanup", Time since last: 1001370458 ns, Reaching safepoint: 882709 ns, At safepoint: 27333 ns, Total: 910042 ns
[2023-07-18T06:19:35.025+0000][1][safepoint    ] Safepoint "Cleanup", Time since last: 1000632375 ns, Reaching safepoint: 2365000 ns, At safepoint: 88125 ns, Total: 2453125 ns
[2023-07-18T06:19:36.028+0000][1][safepoint    ] Safepoint "Cleanup", Time since last: 1001029209 ns, Reaching safepoint: 1720125 ns, At safepoint: 41958 ns, Total: 1762083 ns
[2023-07-18T06:19:37.032+0000][1][safepoint    ] Safepoint "Cleanup", Time since last: 1002199917 ns, Reaching safepoint: 1159875 ns, At safepoint: 29417 ns, Total: 1189292 ns
[2023-07-18T06:19:38.034+0000][1][safepoint    ] Safepoint "Cleanup", Time since last: 1000680250 ns, Reaching safepoint: 1778250 ns, At safepoint: 40334 ns, Total: 1818584 ns
[2023-07-18T06:19:39.039+0000][1][safepoint    ] Safepoint "Cleanup", Time since last: 1000863542 ns, Reaching safepoint: 3604750 ns, At safepoint: 80000 ns, Total: 3684750 ns
[2023-07-18T06:19:40.042+0000][1][safepoint    ] Safepoint "Cleanup", Time since last: 1001295917 ns, Reaching safepoint: 1589167 ns, At safepoint: 35583 ns, Total: 1624750 ns
[2023-07-18T06:19:41.047+0000][1][safepoint    ] Safepoint "Cleanup", Time since last: 1001563667 ns, Reaching safepoint: 3570875 ns, At safepoint: 73417 ns, Total: 3644292 ns
[2023-07-18T06:19:42.051+0000][1][safepoint    ] Safepoint "Cleanup", Time since last: 1002862667 ns, Reaching safepoint: 1693542 ns, At safepoint: 74208 ns, Total: 1767750 ns
[2023-07-18T06:19:43.056+0000][1][safepoint    ] Safepoint "Cleanup", Time since last: 1001676250 ns, Reaching safepoint: 3008250 ns, At safepoint: 67584 ns, Total: 3075834 ns
[2023-07-18T06:19:44.058+0000][1][safepoint    ] Safepoint "Cleanup", Time since last: 1000990708 ns, Reaching safepoint: 769334 ns, At safepoint: 18833 ns, Total: 788167 ns
[2023-07-18T06:19:45.060+0000][1][safepoint    ] Safepoint "Cleanup", Time since last: 1000616376 ns, Reaching safepoint: 1579333 ns, At safepoint: 35542 ns, Total: 1614875 ns
[2023-07-18T06:19:46.063+0000][1][safepoint    ] Safepoint "Cleanup", Time since last: 1000792042 ns, Reaching safepoint: 2441083 ns, At safepoint: 58500 ns, Total: 2499583 ns
[2023-07-18T06:19:47.068+0000][1][safepoint    ] Safepoint "Cleanup", Time since last: 1001077626 ns, Reaching safepoint: 3414708 ns, At safepoint: 218625 ns, Total: 3633333 ns
[2023-07-18T06:19:48.071+0000][1][safepoint    ] Safepoint "Cleanup", Time since last: 1001419375 ns, Reaching safepoint: 1830917 ns, At safepoint: 39417 ns, Total: 1870334 ns
[2023-07-18T06:19:49.075+0000][1][safepoint    ] Safepoint "Cleanup", Time since last: 1001594584 ns, Reaching safepoint: 2144250 ns, At safepoint: 82125 ns, Total: 2226375 ns
[2023-07-18T06:19:50.085+0000][1][safepoint    ] Safepoint "Cleanup", Time since last: 1009323792 ns, Reaching safepoint: 810541 ns, At safepoint: 19625 ns, Total: 830166 ns
[2023-07-18T06:19:51.091+0000][1][safepoint    ] Safepoint "Cleanup", Time since last: 1000835584 ns, Reaching safepoint: 4335375 ns, At safepoint: 94667 ns, Total: 4430042 ns
[2023-07-18T06:19:52.096+0000][1][safepoint    ] Safepoint "Cleanup", Time since last: 1001463750 ns, Reaching safepoint: 3898250 ns, At safepoint: 97709 ns, Total: 3995959 ns
[2023-07-18T06:19:53.101+0000][1][safepoint    ] Safepoint "Cleanup", Time since last: 1001564375 ns, Reaching safepoint: 3174292 ns, At safepoint: 66083 ns, Total: 3240375 ns
[2023-07-18T06:19:54.045+0000][1][gc,start     ] GC(64) Pause Young (Allocation Failure)
[2023-07-18T06:19:54.045+0000][1][gc,task      ] GC(64) Using 4 workers of 4 for evacuation
[2023-07-18T06:19:54.059+0000][1][gc,age       ] GC(64) Desired survivor size 8945664 bytes, new threshold 6 (max threshold 6)
[2023-07-18T06:19:54.060+0000][1][gc,age       ] GC(64) Age table with threshold 6 (max threshold 6)
[2023-07-18T06:19:54.060+0000][1][gc,age       ] GC(64) - age   1:     115560 bytes,     115560 total
[2023-07-18T06:19:54.060+0000][1][gc,age       ] GC(64) - age   2:      26840 bytes,     142400 total
[2023-07-18T06:19:54.060+0000][1][gc,age       ] GC(64) - age   3:      53088 bytes,     195488 total
[2023-07-18T06:19:54.060+0000][1][gc,age       ] GC(64) - age   4:     102736 bytes,     298224 total
[2023-07-18T06:19:54.060+0000][1][gc,age       ] GC(64) - age   5:      34472 bytes,     332696 total
[2023-07-18T06:19:54.060+0000][1][gc,age       ] GC(64) - age   6:        536 bytes,     333232 total
[2023-07-18T06:19:54.060+0000][1][gc,heap      ] GC(64) ParNew: 140296K->390K(157248K)
[2023-07-18T06:19:54.060+0000][1][gc,heap      ] GC(64) CMS: 71966K->71967K(349568K)
[2023-07-18T06:19:54.061+0000][1][gc,metaspace ] GC(64) Metaspace: 93112K->93112K(1134592K)
[2023-07-18T06:19:54.061+0000][1][gc           ] GC(64) Pause Young (Allocation Failure) 207M->70M(494M) 15.788ms
[2023-07-18T06:19:54.061+0000][1][gc,cpu       ] GC(64) User=0.03s Sys=0.01s Real=0.02s
[2023-07-18T06:19:54.061+0000][1][safepoint    ] Safepoint "GenCollectForAllocation", Time since last: 943120959 ns, Reaching safepoint: 916833 ns, At safepoint: 16178750 ns, Total: 17095583 ns
[2023-07-18T06:19:55.114+0000][1][safepoint    ] Safepoint "Cleanup", Time since last: 1050384292 ns, Reaching safepoint: 1968792 ns, At safepoint: 32708 ns, Total: 2001500 ns
[2023-07-18T06:19:56.118+0000][1][safepoint    ] Safepoint "Cleanup", Time since last: 1000896376 ns, Reaching safepoint: 2947000 ns, At safepoint: 71000 ns, Total: 3018000 ns
[2023-07-18T06:19:57.124+0000][1][safepoint    ] Safepoint "Cleanup", Time since last: 1003038500 ns, Reaching safepoint: 3211834 ns, At safepoint: 67916 ns, Total: 3279750 ns
[2023-07-18T06:19:58.130+0000][1][safepoint    ] Safepoint "Cleanup", Time since last: 1003061293 ns, Reaching safepoint: 3209583 ns, At safepoint: 82167 ns, Total: 3291750 ns
[2023-07-18T06:19:59.136+0000][1][safepoint    ] Safepoint "Cleanup", Time since last: 1003269625 ns, Reaching safepoint: 2651958 ns, At safepoint: 54625 ns, Total: 2706583 ns
[2023-07-18T06:20:00.141+0000][1][safepoint    ] Safepoint "Cleanup", Time since last: 1001734417 ns, Reaching safepoint: 2781500 ns, At safepoint: 70084 ns, Total: 2851584 ns
[2023-07-18T06:20:01.147+0000][1][safepoint    ] Safepoint "Cleanup", Time since last: 1002195375 ns, Reaching safepoint: 3777625 ns, At safepoint: 80750 ns, Total: 3858375 ns
[2023-07-18T06:20:02.152+0000][1][safepoint    ] Safepoint "Cleanup", Time since last: 1001294792 ns, Reaching safepoint: 3750584 ns, At safepoint: 75333 ns, Total: 3825917 ns
[2023-07-18T06:20:03.158+0000][1][safepoint    ] Safepoint "Cleanup", Time since last: 1002144376 ns, Reaching safepoint: 3817458 ns, At safepoint: 81083 ns, Total: 3898541 ns
[2023-07-18T06:20:04.160+0000][1][safepoint    ] Safepoint "Cleanup", Time since last: 1001244626 ns, Reaching safepoint: 718916 ns, At safepoint: 19834 ns, Total: 738750 ns
[2023-07-18T06:20:05.163+0000][1][safepoint    ] Safepoint "Cleanup", Time since last: 1000850041 ns, Reaching safepoint: 1832625 ns, At safepoint: 41084 ns, Total: 1873709 ns
[2023-07-18T06:20:06.167+0000][1][safepoint    ] Safepoint "Cleanup", Time since last: 1001301875 ns, Reaching safepoint: 2682292 ns, At safepoint: 60500 ns, Total: 2742792 ns
[2023-07-18T06:20:07.172+0000][1][safepoint    ] Safepoint "Cleanup", Time since last: 1001481459 ns, Reaching safepoint: 3566000 ns, At safepoint: 85375 ns, Total: 3651375 ns
[2023-07-18T06:20:08.177+0000][1][safepoint    ] Safepoint "Cleanup", Time since last: 1001467667 ns, Reaching safepoint: 3430083 ns, At safepoint: 114292 ns, Total: 3544375 ns
[2023-07-18T06:20:09.181+0000][1][safepoint    ] Safepoint "Cleanup", Time since last: 1001473917 ns, Reaching safepoint: 2316583 ns, At safepoint: 48459 ns, Total: 2365042 ns
[2023-07-18T06:20:10.187+0000][1][safepoint    ] Safepoint "Cleanup", Time since last: 1000852208 ns, Reaching safepoint: 2950042 ns, At safepoint: 2295042 ns, Total: 5245084 ns
[2023-07-18T06:20:11.193+0000][1][safepoint    ] Safepoint "Cleanup", Time since last: 1002001833 ns, Reaching safepoint: 3913542 ns, At safepoint: 89292 ns, Total: 4002834 ns
[2023-07-18T06:20:12.198+0000][1][safepoint    ] Safepoint "Cleanup", Time since last: 1002898792 ns, Reaching safepoint: 2630250 ns, At safepoint: 134333 ns, Total: 2764583 ns
[2023-07-18T06:20:13.202+0000][1][safepoint    ] Safepoint "Cleanup", Time since last: 1001082709 ns, Reaching safepoint: 2177417 ns, At safepoint: 85166 ns, Total: 2262583 ns
[2023-07-18T06:20:14.204+0000][1][safepoint    ] Safepoint "Cleanup", Time since last: 1000752001 ns, Reaching safepoint: 1163625 ns, At safepoint: 25917 ns, Total: 1189542 ns
[2023-07-18T06:20:15.206+0000][1][safepoint    ] Safepoint "Cleanup", Time since last: 1000539792 ns, Reaching safepoint: 1644791 ns, At safepoint: 38792 ns, Total: 1683583 ns
[2023-07-18T06:20:16.209+0000][1][safepoint    ] Safepoint "Cleanup", Time since last: 1000749834 ns, Reaching safepoint: 2217292 ns, At safepoint: 67083 ns, Total: 2284375 ns
[2023-07-18T06:20:17.213+0000][1][safepoint    ] Safepoint "Cleanup", Time since last: 1003420792 ns, Reaching safepoint: 1171458 ns, At safepoint: 32000 ns, Total: 1203458 ns
[2023-07-18T06:20:34.212+0000][1][safepoint    ] Safepoint "BulkRevokeBias", Time since last: 16987317425 ns, Reaching safepoint: 4799250 ns, At safepoint: 5589958 ns, Total: 10389208 ns
[2023-07-18T06:20:35.227+0000][1][safepoint    ] Safepoint "Cleanup", Time since last: 1014280417 ns, Reaching safepoint: 1853000 ns, At safepoint: 23000 ns, Total: 1876000 ns
[2023-07-18T06:20:45.496+0000][1][safepoint    ] Safepoint "Cleanup", Time since last: 10266770380 ns, Reaching safepoint: 1635333 ns, At safepoint: 35250 ns, Total: 1670583 ns
[2023-07-18T06:20:50.501+0000][1][safepoint    ] Safepoint "Cleanup", Time since last: 5002699461 ns, Reaching safepoint: 2769666 ns, At safepoint: 63250 ns, Total: 2832916 ns
[2023-07-18T06:21:02.519+0000][1][safepoint    ] Safepoint "Cleanup", Time since last: 12013303006 ns, Reaching safepoint: 4302917 ns, At safepoint: 88750 ns, Total: 4391667 ns
[2023-07-18T06:21:05.523+0000][1][safepoint    ] Safepoint "Cleanup", Time since last: 3002964584 ns, Reaching safepoint: 933708 ns, At safepoint: 19333 ns, Total: 953041 ns
[2023-07-18T06:21:44.553+0000][1][safepoint    ] Safepoint "Cleanup", Time since last: 39026353310 ns, Reaching safepoint: 3469750 ns, At safepoint: 90083 ns, Total: 3559833 ns
[2023-07-18T06:21:45.557+0000][1][safepoint    ] Safepoint "Cleanup", Time since last: 1002718501 ns, Reaching safepoint: 1557875 ns, At safepoint: 36666 ns, Total: 1594541 ns
[2023-07-18T06:21:54.043+0000][1][gc,start     ] GC(65) Pause Young (Allocation Failure)
[2023-07-18T06:21:54.046+0000][1][gc,task      ] GC(65) Using 4 workers of 4 for evacuation
[2023-07-18T06:21:54.071+0000][1][gc,age       ] GC(65) Desired survivor size 8945664 bytes, new threshold 6 (max threshold 6)
[2023-07-18T06:21:54.071+0000][1][gc,age       ] GC(65) Age table with threshold 6 (max threshold 6)
[2023-07-18T06:21:54.072+0000][1][gc,age       ] GC(65) - age   1:     156192 bytes,     156192 total
[2023-07-18T06:21:54.072+0000][1][gc,age       ] GC(65) - age   2:       3592 bytes,     159784 total
[2023-07-18T06:21:54.072+0000][1][gc,age       ] GC(65) - age   3:      26840 bytes,     186624 total
[2023-07-18T06:21:54.072+0000][1][gc,age       ] GC(65) - age   4:      52168 bytes,     238792 total
[2023-07-18T06:21:54.072+0000][1][gc,age       ] GC(65) - age   5:     102736 bytes,     341528 total
[2023-07-18T06:21:54.072+0000][1][gc,age       ] GC(65) - age   6:      34224 bytes,     375752 total
[2023-07-18T06:21:54.073+0000][1][gc,heap      ] GC(65) ParNew: 140166K->469K(157248K)
[2023-07-18T06:21:54.073+0000][1][gc,heap      ] GC(65) CMS: 71967K->71967K(349568K)
[2023-07-18T06:21:54.074+0000][1][gc,metaspace ] GC(65) Metaspace: 93115K->93115K(1134592K)
[2023-07-18T06:21:54.074+0000][1][gc           ] GC(65) Pause Young (Allocation Failure) 207M->70M(494M) 31.226ms
[2023-07-18T06:21:54.075+0000][1][gc,cpu       ] GC(65) User=0.05s Sys=0.02s Real=0.03s
[2023-07-18T06:21:54.075+0000][1][safepoint    ] Safepoint "GenCollectForAllocation", Time since last: 8484265129 ns, Reaching safepoint: 1458459 ns, At safepoint: 32183166 ns, Total: 33641625 ns
[2023-07-18T06:22:14.033+0000][1][safepoint    ] Safepoint "RevokeBias", Time since last: 19956664467 ns, Reaching safepoint: 1474375 ns, At safepoint: 306625 ns, Total: 1781000 ns
[2023-07-18T06:22:54.052+0000][1][safepoint    ] Safepoint "Cleanup", Time since last: 40017203144 ns, Reaching safepoint: 1452625 ns, At safepoint: 28208 ns, Total: 1480833 ns
[2023-07-18T06:23:54.148+0000][1][gc,start     ] GC(66) Pause Young (Allocation Failure)
[2023-07-18T06:23:54.149+0000][1][gc,task      ] GC(66) Using 4 workers of 4 for evacuation
[2023-07-18T06:23:54.162+0000][1][gc,age       ] GC(66) Desired survivor size 8945664 bytes, new threshold 6 (max threshold 6)
[2023-07-18T06:23:54.162+0000][1][gc,age       ] GC(66) Age table with threshold 6 (max threshold 6)
[2023-07-18T06:23:54.163+0000][1][gc,age       ] GC(66) - age   1:      96808 bytes,      96808 total
[2023-07-18T06:23:54.163+0000][1][gc,age       ] GC(66) - age   2:        352 bytes,      97160 total
[2023-07-18T06:23:54.163+0000][1][gc,age       ] GC(66) - age   3:       3592 bytes,     100752 total
[2023-07-18T06:23:54.163+0000][1][gc,age       ] GC(66) - age   4:      26840 bytes,     127592 total
[2023-07-18T06:23:54.163+0000][1][gc,age       ] GC(66) - age   5:      51880 bytes,     179472 total
[2023-07-18T06:23:54.163+0000][1][gc,age       ] GC(66) - age   6:     102480 bytes,     281952 total
[2023-07-18T06:23:54.163+0000][1][gc,heap      ] GC(66) ParNew: 140245K->347K(157248K)
[2023-07-18T06:23:54.164+0000][1][gc,heap      ] GC(66) CMS: 71967K->72001K(349568K)
[2023-07-18T06:23:54.164+0000][1][gc,metaspace ] GC(66) Metaspace: 93117K->93117K(1134592K)
[2023-07-18T06:23:54.164+0000][1][gc           ] GC(66) Pause Young (Allocation Failure) 207M->70M(494M) 15.934ms
[2023-07-18T06:23:54.164+0000][1][gc,cpu       ] GC(66) User=0.03s Sys=0.00s Real=0.01s
[2023-07-18T06:23:54.165+0000][1][safepoint    ] Safepoint "GenCollectForAllocation", Time since last: 60095004277 ns, Reaching safepoint: 1190542 ns, At safepoint: 16554416 ns, Total: 17744958 ns
[2023-07-18T06:24:04.173+0000][1][safepoint    ] Safepoint "Cleanup", Time since last: 10007874172 ns, Reaching safepoint: 765875 ns, At safepoint: 15541 ns, Total: 781416 ns
[2023-07-18T06:24:05.178+0000][1][safepoint    ] Safepoint "Cleanup", Time since last: 1000930292 ns, Reaching safepoint: 3475209 ns, At safepoint: 97000 ns, Total: 3572209 ns
[2023-07-18T06:24:06.183+0000][1][safepoint    ] Safepoint "Cleanup", Time since last: 1001577917 ns, Reaching safepoint: 3843125 ns, At safepoint: 101250 ns, Total: 3944375 ns
[2023-07-18T06:24:07.186+0000][1][safepoint    ] Safepoint "Cleanup", Time since last: 1001513000 ns, Reaching safepoint: 719042 ns, At safepoint: 17167 ns, Total: 736209 ns
[2023-07-18T06:24:08.190+0000][1][safepoint    ] Safepoint "Cleanup", Time since last: 1000600667 ns, Reaching safepoint: 3552500 ns, At safepoint: 72500 ns, Total: 3625000 ns
[2023-07-18T06:24:09.196+0000][1][safepoint    ] Safepoint "Cleanup", Time since last: 1001528625 ns, Reaching safepoint: 3926834 ns, At safepoint: 100833 ns, Total: 4027667 ns
[2023-07-18T06:24:10.201+0000][1][safepoint    ] Safepoint "Cleanup", Time since last: 1003829084 ns, Reaching safepoint: 1811125 ns, At safepoint: 35791 ns, Total: 1846916 ns
[2023-07-18T06:24:11.205+0000][1][safepoint    ] Safepoint "Cleanup", Time since last: 1001230876 ns, Reaching safepoint: 2502541 ns, At safepoint: 82709 ns, Total: 2585250 ns
[2023-07-18T06:24:12.210+0000][1][safepoint    ] Safepoint "Cleanup", Time since last: 1001239084 ns, Reaching safepoint: 3216166 ns, At safepoint: 86834 ns, Total: 3303000 ns
[2023-07-18T06:24:13.214+0000][1][safepoint    ] Safepoint "Cleanup", Time since last: 1001232292 ns, Reaching safepoint: 2995333 ns, At safepoint: 72917 ns, Total: 3068250 ns
[2023-07-18T06:24:14.217+0000][1][safepoint    ] Safepoint "Cleanup", Time since last: 1002010459 ns, Reaching safepoint: 983833 ns, At safepoint: 19958 ns, Total: 1003791 ns
[2023-07-18T06:24:15.221+0000][1][safepoint    ] Safepoint "Cleanup", Time since last: 1001929042 ns, Reaching safepoint: 2058792 ns, At safepoint: 52875 ns, Total: 2111667 ns
[2023-07-18T06:24:16.226+0000][1][safepoint    ] Safepoint "Cleanup", Time since last: 1002599584 ns, Reaching safepoint: 2804250 ns, At safepoint: 106583 ns, Total: 2910833 ns
[2023-07-18T06:24:17.230+0000][1][safepoint    ] Safepoint "Cleanup", Time since last: 1002528459 ns, Reaching safepoint: 1037708 ns, At safepoint: 25459 ns, Total: 1063167 ns
[2023-07-18T06:24:18.394+0000][1][safepoint    ] Safepoint "Cleanup", Time since last: 1160162667 ns, Reaching safepoint: 3716750 ns, At safepoint: 123542 ns, Total: 3840292 ns
[2023-07-18T06:24:19.399+0000][1][safepoint    ] Safepoint "Cleanup", Time since last: 1001514917 ns, Reaching safepoint: 3488583 ns, At safepoint: 138833 ns, Total: 3627416 ns
[2023-07-18T06:24:20.406+0000][1][safepoint    ] Safepoint "Cleanup", Time since last: 1002915168 ns, Reaching safepoint: 3648625 ns, At safepoint: 101166 ns, Total: 3749791 ns
[2023-07-18T06:24:21.411+0000][1][safepoint    ] Safepoint "Cleanup", Time since last: 1001583792 ns, Reaching safepoint: 3839500 ns, At safepoint: 104334 ns, Total: 3943834 ns
[2023-07-18T06:24:22.418+0000][1][safepoint    ] Safepoint "Cleanup", Time since last: 1002803667 ns, Reaching safepoint: 3758875 ns, At safepoint: 102250 ns, Total: 3861125 ns
[2023-07-18T06:24:23.425+0000][1][safepoint    ] Safepoint "Cleanup", Time since last: 1002773459 ns, Reaching safepoint: 3677375 ns, At safepoint: 106125 ns, Total: 3783500 ns
[2023-07-18T06:24:24.428+0000][1][safepoint    ] Safepoint "Cleanup", Time since last: 1001884958 ns, Reaching safepoint: 1843959 ns, At safepoint: 55583 ns, Total: 1899542 ns
[2023-07-18T06:24:25.434+0000][1][safepoint    ] Safepoint "Cleanup", Time since last: 1002033042 ns, Reaching safepoint: 3735500 ns, At safepoint: 93167 ns, Total: 3828667 ns
[2023-07-18T06:24:26.436+0000][1][safepoint    ] Safepoint "Cleanup", Time since last: 1001043625 ns, Reaching safepoint: 1147084 ns, At safepoint: 29250 ns, Total: 1176334 ns
[2023-07-18T06:24:27.440+0000][1][safepoint    ] Safepoint "Cleanup", Time since last: 1000726334 ns, Reaching safepoint: 3090708 ns, At safepoint: 78458 ns, Total: 3169166 ns
[2023-07-18T06:24:28.448+0000][1][safepoint    ] Safepoint "Cleanup", Time since last: 1003166876 ns, Reaching safepoint: 4055750 ns, At safepoint: 97250 ns, Total: 4153000 ns
[2023-07-18T06:24:29.454+0000][1][safepoint    ] Safepoint "Cleanup", Time since last: 1001664917 ns, Reaching safepoint: 4259416 ns, At safepoint: 114792 ns, Total: 4374208 ns
[2023-07-18T06:24:30.460+0000][1][safepoint    ] Safepoint "Cleanup", Time since last: 1002289834 ns, Reaching safepoint: 3556458 ns, At safepoint: 98834 ns, Total: 3655292 ns
[2023-07-18T06:24:31.465+0000][1][safepoint    ] Safepoint "Cleanup", Time since last: 1002770375 ns, Reaching safepoint: 2643750 ns, At safepoint: 82250 ns, Total: 2726000 ns
[2023-07-18T06:24:32.469+0000][1][safepoint    ] Safepoint "Cleanup", Time since last: 1001268167 ns, Reaching safepoint: 2347084 ns, At safepoint: 57750 ns, Total: 2404834 ns
[2023-07-18T06:24:33.472+0000][1][safepoint    ] Safepoint "Cleanup", Time since last: 1001322833 ns, Reaching safepoint: 2037459 ns, At safepoint: 51041 ns, Total: 2088500 ns
[2023-07-18T06:24:34.479+0000][1][safepoint    ] Safepoint "Cleanup", Time since last: 1001102626 ns, Reaching safepoint: 3281666 ns, At safepoint: 75125 ns, Total: 3356791 ns
[2023-07-18T06:24:35.485+0000][1][safepoint    ] Safepoint "Cleanup", Time since last: 1002017626 ns, Reaching safepoint: 4026916 ns, At safepoint: 110375 ns, Total: 4137291 ns
[2023-07-18T06:24:36.488+0000][1][safepoint    ] Safepoint "Cleanup", Time since last: 1001542959 ns, Reaching safepoint: 966125 ns, At safepoint: 23375 ns, Total: 989500 ns
[2023-07-18T06:24:37.489+0000][1][safepoint    ] Safepoint "Cleanup", Time since last: 1000615001 ns, Reaching safepoint: 679500 ns, At safepoint: 16333 ns, Total: 695833 ns
[2023-07-18T06:24:38.493+0000][1][safepoint    ] Safepoint "Cleanup", Time since last: 1001477000 ns, Reaching safepoint: 2565834 ns, At safepoint: 65041 ns, Total: 2630875 ns
[2023-07-18T06:24:39.499+0000][1][safepoint    ] Safepoint "Cleanup", Time since last: 1001173584 ns, Reaching safepoint: 3871209 ns, At safepoint: 107875 ns, Total: 3979084 ns
[2023-07-18T06:24:40.504+0000][1][safepoint    ] Safepoint "Cleanup", Time since last: 1001579958 ns, Reaching safepoint: 3433542 ns, At safepoint: 92833 ns, Total: 3526375 ns
[2023-07-18T06:24:41.508+0000][1][safepoint    ] Safepoint "Cleanup", Time since last: 1001690959 ns, Reaching safepoint: 2995750 ns, At safepoint: 93084 ns, Total: 3088834 ns
[2023-07-18T06:24:42.514+0000][1][safepoint    ] Safepoint "Cleanup", Time since last: 1001336500 ns, Reaching safepoint: 3745375 ns, At safepoint: 159333 ns, Total: 3904708 ns
[2023-07-18T06:24:43.519+0000][1][safepoint    ] Safepoint "Cleanup", Time since last: 1001912376 ns, Reaching safepoint: 3016208 ns, At safepoint: 80667 ns, Total: 3096875 ns
[2023-07-18T06:24:44.525+0000][1][safepoint    ] Safepoint "Cleanup", Time since last: 1001557500 ns, Reaching safepoint: 4835167 ns, At safepoint: 113875 ns, Total: 4949042 ns
[2023-07-18T06:24:45.531+0000][1][safepoint    ] Safepoint "Cleanup", Time since last: 1001866417 ns, Reaching safepoint: 4000917 ns, At safepoint: 155833 ns, Total: 4156750 ns
[2023-07-18T06:24:46.534+0000][1][safepoint    ] Safepoint "Cleanup", Time since last: 1001289584 ns, Reaching safepoint: 1450417 ns, At safepoint: 34541 ns, Total: 1484958 ns
[2023-07-18T06:24:47.536+0000][1][safepoint    ] Safepoint "Cleanup", Time since last: 1000835626 ns, Reaching safepoint: 1077916 ns, At safepoint: 26084 ns, Total: 1104000 ns
[2023-07-18T06:24:48.538+0000][1][safepoint    ] Safepoint "Cleanup", Time since last: 1000579459 ns, Reaching safepoint: 1646791 ns, At safepoint: 38792 ns, Total: 1685583 ns
[2023-07-18T06:24:49.543+0000][1][safepoint    ] Safepoint "Cleanup", Time since last: 1000835459 ns, Reaching safepoint: 4093333 ns, At safepoint: 97375 ns, Total: 4190708 ns
[2023-07-18T06:24:50.549+0000][1][safepoint    ] Safepoint "Cleanup", Time since last: 1002123251 ns, Reaching safepoint: 3792708 ns, At safepoint: 92667 ns, Total: 3885375 ns
[2023-07-18T06:24:51.554+0000][1][safepoint    ] Safepoint "Cleanup", Time since last: 1001633000 ns, Reaching safepoint: 2915375 ns, At safepoint: 79083 ns, Total: 2994458 ns
[2023-07-18T06:24:52.559+0000][1][safepoint    ] Safepoint "Cleanup", Time since last: 1002219709 ns, Reaching safepoint: 3306667 ns, At safepoint: 78292 ns, Total: 3384959 ns
[2023-07-18T06:24:53.562+0000][1][safepoint    ] Safepoint "Cleanup", Time since last: 1001328500 ns, Reaching safepoint: 1627958 ns, At safepoint: 35750 ns, Total: 1663708 ns
[2023-07-18T06:24:54.568+0000][1][safepoint    ] Safepoint "Cleanup", Time since last: 1000983334 ns, Reaching safepoint: 4643625 ns, At safepoint: 104000 ns, Total: 4747625 ns
[2023-07-18T06:24:55.572+0000][1][safepoint    ] Safepoint "Cleanup", Time since last: 1001634959 ns, Reaching safepoint: 2665500 ns, At safepoint: 59708 ns, Total: 2725208 ns
[2023-07-18T06:24:56.574+0000][1][safepoint    ] Safepoint "Cleanup", Time since last: 1000835501 ns, Reaching safepoint: 744083 ns, At safepoint: 23208 ns, Total: 767291 ns
[2023-07-18T06:24:57.579+0000][1][safepoint    ] Safepoint "Cleanup", Time since last: 1000860751 ns, Reaching safepoint: 3948250 ns, At safepoint: 100083 ns, Total: 4048333 ns
[2023-07-18T06:24:58.585+0000][1][safepoint    ] Safepoint "Cleanup", Time since last: 1002698501 ns, Reaching safepoint: 3057041 ns, At safepoint: 72959 ns, Total: 3130000 ns
[2023-07-18T06:24:59.589+0000][1][safepoint    ] Safepoint "Cleanup", Time since last: 1001310042 ns, Reaching safepoint: 3121167 ns, At safepoint: 251000 ns, Total: 3372167 ns
[2023-07-18T06:25:00.593+0000][1][safepoint    ] Safepoint "Cleanup", Time since last: 1001189917 ns, Reaching safepoint: 2294125 ns, At safepoint: 79875 ns, Total: 2374000 ns
[2023-07-18T06:25:01.596+0000][1][safepoint    ] Safepoint "Cleanup", Time since last: 1000844084 ns, Reaching safepoint: 2386750 ns, At safepoint: 150208 ns, Total: 2536958 ns
[2023-07-18T06:25:02.601+0000][1][safepoint    ] Safepoint "Cleanup", Time since last: 1001458500 ns, Reaching safepoint: 2448042 ns, At safepoint: 201167 ns, Total: 2649209 ns
[2023-07-18T06:25:03.603+0000][1][safepoint    ] Safepoint "Cleanup", Time since last: 1000845125 ns, Reaching safepoint: 1698542 ns, At safepoint: 39166 ns, Total: 1737708 ns
[2023-07-18T06:25:04.604+0000][1][safepoint    ] Safepoint "Cleanup", Time since last: 1001394709 ns, Reaching safepoint: 2131625 ns, At safepoint: 53833 ns, Total: 2185458 ns
[2023-07-18T06:25:05.608+0000][1][safepoint    ] Safepoint "Cleanup", Time since last: 1000870167 ns, Reaching safepoint: 3408042 ns, At safepoint: 98833 ns, Total: 3506875 ns
[2023-07-18T06:25:06.610+0000][1][safepoint    ] Safepoint "Cleanup", Time since last: 1001279918 ns, Reaching safepoint: 695250 ns, At safepoint: 17291 ns, Total: 712541 ns
[2023-07-18T06:25:07.614+0000][1][safepoint    ] Safepoint "Cleanup", Time since last: 1002423876 ns, Reaching safepoint: 1528333 ns, At safepoint: 21917 ns, Total: 1550250 ns
[2023-07-18T06:25:08.617+0000][1][safepoint    ] Safepoint "Cleanup", Time since last: 1000528667 ns, Reaching safepoint: 1880625 ns, At safepoint: 70583 ns, Total: 1951208 ns
[2023-07-18T06:25:09.622+0000][1][safepoint    ] Safepoint "Cleanup", Time since last: 1001244667 ns, Reaching safepoint: 3467459 ns, At safepoint: 102541 ns, Total: 3570000 ns
[2023-07-18T06:25:10.628+0000][1][safepoint    ] Safepoint "Cleanup", Time since last: 1002878043 ns, Reaching safepoint: 3809708 ns, At safepoint: 82250 ns, Total: 3891958 ns
[2023-07-18T06:25:11.633+0000][1][safepoint    ] Safepoint "Cleanup", Time since last: 1002749542 ns, Reaching safepoint: 1794792 ns, At safepoint: 52000 ns, Total: 1846792 ns
[2023-07-18T06:25:12.636+0000][1][safepoint    ] Safepoint "Cleanup", Time since last: 1000965042 ns, Reaching safepoint: 1707041 ns, At safepoint: 52709 ns, Total: 1759750 ns
[2023-07-18T06:25:13.639+0000][1][safepoint    ] Safepoint "Cleanup", Time since last: 1001106917 ns, Reaching safepoint: 2396708 ns, At safepoint: 102167 ns, Total: 2498875 ns
[2023-07-18T06:25:14.646+0000][1][safepoint    ] Safepoint "Cleanup", Time since last: 1001698084 ns, Reaching safepoint: 4601708 ns, At safepoint: 106292 ns, Total: 4708000 ns
[2023-07-18T06:25:15.650+0000][1][safepoint    ] Safepoint "Cleanup", Time since last: 1001575459 ns, Reaching safepoint: 2290333 ns, At safepoint: 86167 ns, Total: 2376500 ns
[2023-07-18T06:25:16.651+0000][1][safepoint    ] Safepoint "Cleanup", Time since last: 1000791708 ns, Reaching safepoint: 807375 ns, At safepoint: 25250 ns, Total: 832625 ns
[2023-07-18T06:25:17.654+0000][1][safepoint    ] Safepoint "Cleanup", Time since last: 1000682293 ns, Reaching safepoint: 1832833 ns, At safepoint: 46083 ns, Total: 1878916 ns
[2023-07-18T06:25:18.658+0000][1][safepoint    ] Safepoint "Cleanup", Time since last: 1000763876 ns, Reaching safepoint: 3489250 ns, At safepoint: 115333 ns, Total: 3604583 ns
[2023-07-18T06:25:19.665+0000][1][safepoint    ] Safepoint "Cleanup", Time since last: 1002273792 ns, Reaching safepoint: 4055750 ns, At safepoint: 116250 ns, Total: 4172000 ns
[2023-07-18T06:25:20.671+0000][1][safepoint    ] Safepoint "Cleanup", Time since last: 1002636042 ns, Reaching safepoint: 3966917 ns, At safepoint: 101042 ns, Total: 4067959 ns
[2023-07-18T06:25:21.675+0000][1][safepoint    ] Safepoint "Cleanup", Time since last: 1001929250 ns, Reaching safepoint: 1719542 ns, At safepoint: 46416 ns, Total: 1765958 ns
[2023-07-18T06:25:22.680+0000][1][safepoint    ] Safepoint "Cleanup", Time since last: 1001140251 ns, Reaching safepoint: 3914125 ns, At safepoint: 118125 ns, Total: 4032250 ns
[2023-07-18T06:25:23.684+0000][1][safepoint    ] Safepoint "Cleanup", Time since last: 1001432625 ns, Reaching safepoint: 1972459 ns, At safepoint: 72958 ns, Total: 2045417 ns
[2023-07-18T06:25:24.690+0000][1][safepoint    ] Safepoint "Cleanup", Time since last: 1001261751 ns, Reaching safepoint: 4800000 ns, At safepoint: 142208 ns, Total: 4942208 ns
[2023-07-18T06:25:25.696+0000][1][safepoint    ] Safepoint "Cleanup", Time since last: 1001582292 ns, Reaching safepoint: 3872208 ns, At safepoint: 96750 ns, Total: 3968958 ns
[2023-07-18T06:25:26.698+0000][1][safepoint    ] Safepoint "Cleanup", Time since last: 1001377251 ns, Reaching safepoint: 1444958 ns, At safepoint: 35459 ns, Total: 1480417 ns
[2023-07-18T06:25:27.703+0000][1][safepoint    ] Safepoint "Cleanup", Time since last: 1000872958 ns, Reaching safepoint: 3965875 ns, At safepoint: 100250 ns, Total: 4066125 ns
[2023-07-18T06:25:28.710+0000][1][safepoint    ] Safepoint "Cleanup", Time since last: 1002732876 ns, Reaching safepoint: 3916250 ns, At safepoint: 78041 ns, Total: 3994291 ns
[2023-07-18T06:25:29.715+0000][1][safepoint    ] Safepoint "Cleanup", Time since last: 1002811709 ns, Reaching safepoint: 2397084 ns, At safepoint: 73333 ns, Total: 2470417 ns
[2023-07-18T06:25:30.719+0000][1][safepoint    ] Safepoint "Cleanup", Time since last: 1001213292 ns, Reaching safepoint: 2434542 ns, At safepoint: 133208 ns, Total: 2567750 ns
[2023-07-18T06:25:31.724+0000][1][safepoint    ] Safepoint "Cleanup", Time since last: 1001133667 ns, Reaching safepoint: 3321584 ns, At safepoint: 89291 ns, Total: 3410875 ns
[2023-07-18T06:25:32.730+0000][1][safepoint    ] Safepoint "Cleanup", Time since last: 1002225709 ns, Reaching safepoint: 4259083 ns, At safepoint: 106417 ns, Total: 4365500 ns
[2023-07-18T06:25:33.735+0000][1][safepoint    ] Safepoint "Cleanup", Time since last: 1002685501 ns, Reaching safepoint: 2373791 ns, At safepoint: 63334 ns, Total: 2437125 ns
[2023-07-18T06:25:34.744+0000][1][safepoint    ] Safepoint "Cleanup", Time since last: 1001282541 ns, Reaching safepoint: 3710333 ns, At safepoint: 85125 ns, Total: 3795458 ns
[2023-07-18T06:25:35.749+0000][1][safepoint    ] Safepoint "Cleanup", Time since last: 1001615584 ns, Reaching safepoint: 3327750 ns, At safepoint: 91834 ns, Total: 3419584 ns
[2023-07-18T06:25:36.752+0000][1][safepoint    ] Safepoint "Cleanup", Time since last: 1001012417 ns, Reaching safepoint: 1392416 ns, At safepoint: 39000 ns, Total: 1431416 ns
[2023-07-18T06:25:37.755+0000][1][safepoint    ] Safepoint "Cleanup", Time since last: 1000921876 ns, Reaching safepoint: 1926500 ns, At safepoint: 54250 ns, Total: 1980750 ns
[2023-07-18T06:25:39.057+0000][1][safepoint    ] Safepoint "Cleanup", Time since last: 1301348250 ns, Reaching safepoint: 1403167 ns, At safepoint: 23458 ns, Total: 1426625 ns
[2023-07-18T06:25:40.060+0000][1][safepoint    ] Safepoint "Cleanup", Time since last: 1001138126 ns, Reaching safepoint: 1750458 ns, At safepoint: 39750 ns, Total: 1790208 ns
[2023-07-18T06:25:41.063+0000][1][safepoint    ] Safepoint "Cleanup", Time since last: 1000879584 ns, Reaching safepoint: 1602542 ns, At safepoint: 30333 ns, Total: 1632875 ns
[2023-07-18T06:25:42.069+0000][1][safepoint    ] Safepoint "Cleanup", Time since last: 1000701709 ns, Reaching safepoint: 4793083 ns, At safepoint: 150042 ns, Total: 4943125 ns
[2023-07-18T06:25:43.075+0000][1][safepoint    ] Safepoint "Cleanup", Time since last: 1003718125 ns, Reaching safepoint: 2286792 ns, At safepoint: 78500 ns, Total: 2365292 ns
[2023-07-18T06:25:44.127+0000][1][safepoint    ] Safepoint "Cleanup", Time since last: 1029815917 ns, Reaching safepoint: 11183417 ns, At safepoint: 1594875 ns, Total: 12778292 ns
[2023-07-18T06:25:45.151+0000][1][safepoint    ] Safepoint "Cleanup", Time since last: 1031982250 ns, Reaching safepoint: 2114667 ns, At safepoint: 45208 ns, Total: 2159875 ns
[2023-07-18T06:25:46.153+0000][1][safepoint    ] Safepoint "Cleanup", Time since last: 1000865417 ns, Reaching safepoint: 1247959 ns, At safepoint: 37166 ns, Total: 1285125 ns
[2023-07-18T06:25:47.158+0000][1][safepoint    ] Safepoint "Cleanup", Time since last: 1001567959 ns, Reaching safepoint: 3127292 ns, At safepoint: 83792 ns, Total: 3211084 ns
[2023-07-18T06:25:48.163+0000][1][safepoint    ] Safepoint "Cleanup", Time since last: 1001962000 ns, Reaching safepoint: 2590708 ns, At safepoint: 46000 ns, Total: 2636708 ns
[2023-07-18T06:25:49.165+0000][1][safepoint    ] Safepoint "Cleanup", Time since last: 1000857876 ns, Reaching safepoint: 1016292 ns, At safepoint: 40791 ns, Total: 1057083 ns
[2023-07-18T06:25:50.168+0000][1][safepoint    ] Safepoint "Cleanup", Time since last: 1001433626 ns, Reaching safepoint: 1826291 ns, At safepoint: 42959 ns, Total: 1869250 ns
[2023-07-18T06:25:51.171+0000][1][safepoint    ] Safepoint "Cleanup", Time since last: 1001534000 ns, Reaching safepoint: 1666209 ns, At safepoint: 38125 ns, Total: 1704334 ns
[2023-07-18T06:25:52.176+0000][1][safepoint    ] Safepoint "Cleanup", Time since last: 1001252375 ns, Reaching safepoint: 2979125 ns, At safepoint: 66625 ns, Total: 3045750 ns
[2023-07-18T06:25:53.181+0000][1][safepoint    ] Safepoint "Cleanup", Time since last: 1001341584 ns, Reaching safepoint: 4182042 ns, At safepoint: 93583 ns, Total: 4275625 ns
[2023-07-18T06:25:54.183+0000][1][safepoint    ] Safepoint "Cleanup", Time since last: 1001550709 ns, Reaching safepoint: 700458 ns, At safepoint: 16875 ns, Total: 717333 ns
[2023-07-18T06:25:55.187+0000][1][safepoint    ] Safepoint "Cleanup", Time since last: 1000714459 ns, Reaching safepoint: 2967208 ns, At safepoint: 71917 ns, Total: 3039125 ns
[2023-07-18T06:25:56.129+0000][1][gc,start     ] GC(67) Pause Young (Allocation Failure)
[2023-07-18T06:25:56.135+0000][1][gc,task      ] GC(67) Using 4 workers of 4 for evacuation
[2023-07-18T06:25:56.182+0000][1][gc,age       ] GC(67) Desired survivor size 8945664 bytes, new threshold 6 (max threshold 6)
[2023-07-18T06:25:56.182+0000][1][gc,age       ] GC(67) Age table with threshold 6 (max threshold 6)
[2023-07-18T06:25:56.182+0000][1][gc,age       ] GC(67) - age   1:      98176 bytes,      98176 total
[2023-07-18T06:25:56.183+0000][1][gc,age       ] GC(67) - age   2:       1032 bytes,      99208 total
[2023-07-18T06:25:56.183+0000][1][gc,age       ] GC(67) - age   3:        296 bytes,      99504 total
[2023-07-18T06:25:56.183+0000][1][gc,age       ] GC(67) - age   4:       3472 bytes,     102976 total
[2023-07-18T06:25:56.183+0000][1][gc,age       ] GC(67) - age   5:      25944 bytes,     128920 total
[2023-07-18T06:25:56.183+0000][1][gc,age       ] GC(67) - age   6:      51880 bytes,     180800 total
[2023-07-18T06:25:56.184+0000][1][gc,heap      ] GC(67) ParNew: 140123K->255K(157248K)
[2023-07-18T06:25:56.185+0000][1][gc,heap      ] GC(67) CMS: 72001K->72101K(349568K)
[2023-07-18T06:25:56.185+0000][1][gc,metaspace ] GC(67) Metaspace: 93150K->93150K(1134592K)
[2023-07-18T06:25:56.186+0000][1][gc           ] GC(67) Pause Young (Allocation Failure) 207M->70M(494M) 57.650ms
[2023-07-18T06:25:56.186+0000][1][gc,cpu       ] GC(67) User=0.11s Sys=0.01s Real=0.06s
[2023-07-18T06:25:56.186+0000][1][safepoint    ] Safepoint "GenCollectForAllocation", Time since last: 935975584 ns, Reaching safepoint: 3325000 ns, At safepoint: 59747375 ns, Total: 63072375 ns
[2023-07-18T06:25:57.191+0000][1][safepoint    ] Safepoint "Cleanup", Time since last: 1001673833 ns, Reaching safepoint: 2965709 ns, At safepoint: 199541 ns, Total: 3165250 ns
[2023-07-18T06:25:58.196+0000][1][safepoint    ] Safepoint "Cleanup", Time since last: 1001932626 ns, Reaching safepoint: 2502375 ns, At safepoint: 216083 ns, Total: 2718458 ns
[2023-07-18T06:25:59.198+0000][1][safepoint    ] Safepoint "Cleanup", Time since last: 1001650167 ns, Reaching safepoint: 733042 ns, At safepoint: 20417 ns, Total: 753459 ns
[2023-07-18T06:26:00.200+0000][1][safepoint    ] Safepoint "Cleanup", Time since last: 1000606000 ns, Reaching safepoint: 1547625 ns, At safepoint: 50917 ns, Total: 1598542 ns
[2023-07-18T06:26:01.205+0000][1][safepoint    ] Safepoint "Cleanup", Time since last: 1001629917 ns, Reaching safepoint: 2446583 ns, At safepoint: 89792 ns, Total: 2536375 ns
[2023-07-18T06:26:02.206+0000][1][safepoint    ] Safepoint "Cleanup", Time since last: 1000997459 ns, Reaching safepoint: 834208 ns, At safepoint: 23917 ns, Total: 858125 ns
[2023-07-18T06:26:03.207+0000][1][safepoint    ] Safepoint "Cleanup", Time since last: 1000361125 ns, Reaching safepoint: 667917 ns, At safepoint: 17750 ns, Total: 685667 ns
[2023-07-18T06:26:04.210+0000][1][safepoint    ] Safepoint "Cleanup", Time since last: 1001386334 ns, Reaching safepoint: 790291 ns, At safepoint: 15875 ns, Total: 806166 ns
[2023-07-18T06:26:05.212+0000][1][safepoint    ] Safepoint "Cleanup", Time since last: 1000622376 ns, Reaching safepoint: 743541 ns, At safepoint: 18375 ns, Total: 761916 ns
[2023-07-18T06:26:06.213+0000][1][safepoint    ] Safepoint "Cleanup", Time since last: 1000759751 ns, Reaching safepoint: 651916 ns, At safepoint: 25084 ns, Total: 677000 ns
[2023-07-18T06:26:07.214+0000][1][safepoint    ] Safepoint "Cleanup", Time since last: 1000382292 ns, Reaching safepoint: 799958 ns, At safepoint: 22875 ns, Total: 822833 ns
[2023-07-18T06:26:08.216+0000][1][safepoint    ] Safepoint "Cleanup", Time since last: 1000486959 ns, Reaching safepoint: 1415083 ns, At safepoint: 25042 ns, Total: 1440125 ns
[2023-07-18T06:26:09.218+0000][1][safepoint    ] Safepoint "Cleanup", Time since last: 1000412876 ns, Reaching safepoint: 1055583 ns, At safepoint: 23000 ns, Total: 1078583 ns
[2023-07-18T06:26:10.220+0000][1][safepoint    ] Safepoint "Cleanup", Time since last: 1001094542 ns, Reaching safepoint: 722000 ns, At safepoint: 22208 ns, Total: 744208 ns
[2023-07-18T06:26:11.224+0000][1][safepoint    ] Safepoint "Cleanup", Time since last: 1000765709 ns, Reaching safepoint: 3331500 ns, At safepoint: 105708 ns, Total: 3437208 ns
[2023-07-18T06:26:12.230+0000][1][safepoint    ] Safepoint "Cleanup", Time since last: 1002408043 ns, Reaching safepoint: 3194166 ns, At safepoint: 107292 ns, Total: 3301458 ns
[2023-07-18T06:26:13.235+0000][1][safepoint    ] Safepoint "Cleanup", Time since last: 1002151500 ns, Reaching safepoint: 2995500 ns, At safepoint: 91625 ns, Total: 3087125 ns
[2023-07-18T06:26:14.237+0000][1][safepoint    ] Safepoint "Cleanup", Time since last: 1000988793 ns, Reaching safepoint: 974125 ns, At safepoint: 20750 ns, Total: 994875 ns
[2023-07-18T06:26:15.239+0000][1][safepoint    ] Safepoint "Cleanup", Time since last: 1000662708 ns, Reaching safepoint: 1773084 ns, At safepoint: 54375 ns, Total: 1827459 ns
[2023-07-18T06:26:16.244+0000][1][safepoint    ] Safepoint "Cleanup", Time since last: 1001375417 ns, Reaching safepoint: 3230625 ns, At safepoint: 97375 ns, Total: 3328000 ns
[2023-07-18T06:26:17.247+0000][1][safepoint    ] Safepoint "Cleanup", Time since last: 1002052750 ns, Reaching safepoint: 972125 ns, At safepoint: 32417 ns, Total: 1004542 ns
[2023-07-18T06:26:18.249+0000][1][safepoint    ] Safepoint "Cleanup", Time since last: 1000667542 ns, Reaching safepoint: 1245625 ns, At safepoint: 35500 ns, Total: 1281125 ns
[2023-07-18T06:26:19.251+0000][1][safepoint    ] Safepoint "Cleanup", Time since last: 1000589459 ns, Reaching safepoint: 1140333 ns, At safepoint: 28209 ns, Total: 1168542 ns
[2023-07-18T06:26:20.253+0000][1][safepoint    ] Safepoint "Cleanup", Time since last: 1000767083 ns, Reaching safepoint: 1276959 ns, At safepoint: 35666 ns, Total: 1312625 ns
[2023-07-18T06:26:21.256+0000][1][safepoint    ] Safepoint "Cleanup", Time since last: 1001940126 ns, Reaching safepoint: 844292 ns, At safepoint: 34500 ns, Total: 878792 ns
[2023-07-18T06:26:22.260+0000][1][safepoint    ] Safepoint "Cleanup", Time since last: 1001419250 ns, Reaching safepoint: 2821458 ns, At safepoint: 82500 ns, Total: 2903958 ns
[2023-07-18T06:26:23.268+0000][1][safepoint    ] Safepoint "Cleanup", Time since last: 1004392876 ns, Reaching safepoint: 3868208 ns, At safepoint: 90292 ns, Total: 3958500 ns
[2023-07-18T06:26:25.143+0000][1][safepoint    ] Safepoint "Cleanup", Time since last: 1873224751 ns, Reaching safepoint: 1196875 ns, At safepoint: 27333 ns, Total: 1224208 ns
[2023-07-18T06:26:26.146+0000][1][safepoint    ] Safepoint "Cleanup", Time since last: 1000746084 ns, Reaching safepoint: 2086792 ns, At safepoint: 51208 ns, Total: 2138000 ns
[2023-07-18T06:26:27.150+0000][1][safepoint    ] Safepoint "Cleanup", Time since last: 1002582625 ns, Reaching safepoint: 1526125 ns, At safepoint: 39709 ns, Total: 1565834 ns
[2023-07-18T06:26:28.154+0000][1][safepoint    ] Safepoint "Cleanup", Time since last: 1000857959 ns, Reaching safepoint: 2998458 ns, At safepoint: 97000 ns, Total: 3095458 ns
[2023-07-18T06:26:29.157+0000][1][safepoint    ] Safepoint "Cleanup", Time since last: 1001413750 ns, Reaching safepoint: 1590334 ns, At safepoint: 44958 ns, Total: 1635292 ns
[2023-07-18T06:26:30.159+0000][1][safepoint    ] Safepoint "Cleanup", Time since last: 1001109625 ns, Reaching safepoint: 1336625 ns, At safepoint: 39125 ns, Total: 1375750 ns
[2023-07-18T06:26:31.163+0000][1][safepoint    ] Safepoint "Cleanup", Time since last: 1000764084 ns, Reaching safepoint: 2977334 ns, At safepoint: 85500 ns, Total: 3062834 ns
[2023-07-18T06:26:32.167+0000][1][safepoint    ] Safepoint "Cleanup", Time since last: 1001274792 ns, Reaching safepoint: 2939666 ns, At safepoint: 88667 ns, Total: 3028333 ns
[2023-07-18T06:26:33.171+0000][1][safepoint    ] Safepoint "Cleanup", Time since last: 1001384584 ns, Reaching safepoint: 2504917 ns, At safepoint: 85333 ns, Total: 2590250 ns
[2023-07-18T06:26:34.174+0000][1][safepoint    ] Safepoint "Cleanup", Time since last: 1001374292 ns, Reaching safepoint: 1361167 ns, At safepoint: 22541 ns, Total: 1383708 ns
[2023-07-18T06:26:35.178+0000][1][safepoint    ] Safepoint "Cleanup", Time since last: 1000917292 ns, Reaching safepoint: 2517834 ns, At safepoint: 68000 ns, Total: 2585834 ns
[2023-07-18T06:26:36.183+0000][1][safepoint    ] Safepoint "Cleanup", Time since last: 1001265667 ns, Reaching safepoint: 4059666 ns, At safepoint: 97667 ns, Total: 4157333 ns
[2023-07-18T06:26:37.188+0000][1][safepoint    ] Safepoint "Cleanup", Time since last: 1003530792 ns, Reaching safepoint: 1325875 ns, At safepoint: 32667 ns, Total: 1358542 ns
[2023-07-18T06:26:38.197+0000][1][safepoint    ] Safepoint "Cleanup", Time since last: 1004795209 ns, Reaching safepoint: 4188625 ns, At safepoint: 87750 ns, Total: 4276375 ns
[2023-07-18T06:26:39.203+0000][1][safepoint    ] Safepoint "Cleanup", Time since last: 1002678500 ns, Reaching safepoint: 3581459 ns, At safepoint: 91166 ns, Total: 3672625 ns
[2023-07-18T06:26:40.206+0000][1][safepoint    ] Safepoint "Cleanup", Time since last: 1001968084 ns, Reaching safepoint: 875667 ns, At safepoint: 28041 ns, Total: 903708 ns
[2023-07-18T06:26:41.210+0000][1][safepoint    ] Safepoint "Cleanup", Time since last: 1000965417 ns, Reaching safepoint: 2933625 ns, At safepoint: 48709 ns, Total: 2982334 ns
[2023-07-18T06:26:42.214+0000][1][safepoint    ] Safepoint "Cleanup", Time since last: 1002055459 ns, Reaching safepoint: 1301250 ns, At safepoint: 36166 ns, Total: 1337416 ns
[2023-07-18T06:26:43.216+0000][1][safepoint    ] Safepoint "Cleanup", Time since last: 1000918084 ns, Reaching safepoint: 1651917 ns, At safepoint: 41875 ns, Total: 1693792 ns
[2023-07-18T06:26:44.218+0000][1][safepoint    ] Safepoint "Cleanup", Time since last: 1001118750 ns, Reaching safepoint: 826542 ns, At safepoint: 20667 ns, Total: 847209 ns
[2023-07-18T06:26:45.221+0000][1][safepoint    ] Safepoint "Cleanup", Time since last: 1001196500 ns, Reaching safepoint: 1422417 ns, At safepoint: 36541 ns, Total: 1458958 ns
[2023-07-18T06:26:46.225+0000][1][safepoint    ] Safepoint "Cleanup", Time since last: 1001263293 ns, Reaching safepoint: 3090250 ns, At safepoint: 97916 ns, Total: 3188166 ns
[2023-07-18T06:26:47.231+0000][1][safepoint    ] Safepoint "Cleanup", Time since last: 1004969876 ns, Reaching safepoint: 1052416 ns, At safepoint: 25959 ns, Total: 1078375 ns
[2023-07-18T06:26:48.236+0000][1][safepoint    ] Safepoint "Cleanup", Time since last: 1002693542 ns, Reaching safepoint: 1992666 ns, At safepoint: 43834 ns, Total: 2036500 ns
[2023-07-18T06:26:49.238+0000][1][safepoint    ] Safepoint "Cleanup", Time since last: 1000896584 ns, Reaching safepoint: 1108416 ns, At safepoint: 45167 ns, Total: 1153583 ns
[2023-07-18T06:26:50.241+0000][1][safepoint    ] Safepoint "Cleanup", Time since last: 1000613834 ns, Reaching safepoint: 1952000 ns, At safepoint: 39541 ns, Total: 1991541 ns
[2023-07-18T06:26:51.244+0000][1][safepoint    ] Safepoint "Cleanup", Time since last: 1000786959 ns, Reaching safepoint: 2765084 ns, At safepoint: 81375 ns, Total: 2846459 ns
[2023-07-18T06:26:52.247+0000][1][safepoint    ] Safepoint "Cleanup", Time since last: 1001661542 ns, Reaching safepoint: 1023166 ns, At safepoint: 23709 ns, Total: 1046875 ns
[2023-07-18T06:26:53.250+0000][1][safepoint    ] Safepoint "Cleanup", Time since last: 1001118084 ns, Reaching safepoint: 1473916 ns, At safepoint: 34084 ns, Total: 1508000 ns
[2023-07-18T06:26:54.251+0000][1][safepoint    ] Safepoint "Cleanup", Time since last: 1000768333 ns, Reaching safepoint: 909084 ns, At safepoint: 21583 ns, Total: 930667 ns
[2023-07-18T06:26:55.254+0000][1][safepoint    ] Safepoint "Cleanup", Time since last: 1001601417 ns, Reaching safepoint: 991458 ns, At safepoint: 27292 ns, Total: 1018750 ns
[2023-07-18T06:26:56.263+0000][1][safepoint    ] Safepoint "Cleanup", Time since last: 1003064376 ns, Reaching safepoint: 5488125 ns, At safepoint: 136791 ns, Total: 5624916 ns
[2023-07-18T06:26:57.265+0000][1][safepoint    ] Safepoint "Cleanup", Time since last: 1001628126 ns, Reaching safepoint: 885291 ns, At safepoint: 20917 ns, Total: 906208 ns
[2023-07-18T06:26:58.270+0000][1][safepoint    ] Safepoint "Cleanup", Time since last: 1000917542 ns, Reaching safepoint: 3415625 ns, At safepoint: 84792 ns, Total: 3500417 ns
[2023-07-18T06:26:59.275+0000][1][safepoint    ] Safepoint "Cleanup", Time since last: 1001352542 ns, Reaching safepoint: 4029083 ns, At safepoint: 103334 ns, Total: 4132417 ns
[2023-07-18T06:26:59.429+0000][1][safepoint    ] Safepoint "RevokeBias", Time since last: 151627500 ns, Reaching safepoint: 876541 ns, At safepoint: 1242042 ns, Total: 2118583 ns
[2023-07-18T06:26:59.450+0000][1][safepoint    ] Safepoint "RevokeBias", Time since last: 20779333 ns, Reaching safepoint: 826084 ns, At safepoint: 73458 ns, Total: 899542 ns
[2023-07-18T06:27:00.452+0000][1][safepoint    ] Safepoint "Cleanup", Time since last: 1000424834 ns, Reaching safepoint: 1262792 ns, At safepoint: 31666 ns, Total: 1294458 ns
[2023-07-18T06:27:01.454+0000][1][safepoint    ] Safepoint "Cleanup", Time since last: 1000595501 ns, Reaching safepoint: 1043416 ns, At safepoint: 31375 ns, Total: 1074791 ns
[2023-07-18T06:27:01.475+0000][1][safepoint    ] Safepoint "RevokeBias", Time since last: 20291375 ns, Reaching safepoint: 674959 ns, At safepoint: 106291 ns, Total: 781250 ns
[2023-07-18T06:27:01.497+0000][1][safepoint    ] Safepoint "RevokeBias", Time since last: 20560917 ns, Reaching safepoint: 1880250 ns, At safepoint: 119292 ns, Total: 1999542 ns
[2023-07-18T06:27:01.528+0000][1][safepoint    ] Safepoint "RevokeBias", Time since last: 29152750 ns, Reaching safepoint: 1209333 ns, At safepoint: 116375 ns, Total: 1325708 ns
[2023-07-18T06:27:02.531+0000][1][safepoint    ] Safepoint "Cleanup", Time since last: 1000754167 ns, Reaching safepoint: 1806292 ns, At safepoint: 40917 ns, Total: 1847209 ns
[2023-07-18T06:27:03.015+0000][1][safepoint    ] Safepoint "RevokeBias", Time since last: 483118917 ns, Reaching safepoint: 769208 ns, At safepoint: 103250 ns, Total: 872458 ns
[2023-07-18T06:27:03.016+0000][1][safepoint    ] Safepoint "RevokeBias", Time since last: 360500 ns, Reaching safepoint: 596417 ns, At safepoint: 147041 ns, Total: 743458 ns
[2023-07-18T06:27:03.023+0000][1][safepoint    ] Safepoint "BulkRevokeBias", Time since last: 2584709 ns, Reaching safepoint: 1525916 ns, At safepoint: 3497584 ns, Total: 5023500 ns
[2023-07-18T06:27:04.049+0000][1][safepoint    ] Safepoint "Cleanup", Time since last: 1023184667 ns, Reaching safepoint: 2518666 ns, At safepoint: 47959 ns, Total: 2566625 ns
[2023-07-18T06:27:05.056+0000][1][safepoint    ] Safepoint "Cleanup", Time since last: 1001305208 ns, Reaching safepoint: 5288334 ns, At safepoint: 115666 ns, Total: 5404000 ns
[2023-07-18T06:27:06.060+0000][1][safepoint    ] Safepoint "Cleanup", Time since last: 1001902001 ns, Reaching safepoint: 2229000 ns, At safepoint: 53208 ns, Total: 2282208 ns
[2023-07-18T06:27:07.066+0000][1][safepoint    ] Safepoint "Cleanup", Time since last: 1001765959 ns, Reaching safepoint: 3857416 ns, At safepoint: 137959 ns, Total: 3995375 ns
[2023-07-18T06:27:07.679+0000][1][safepoint    ] Safepoint "RevokeBias", Time since last: 611726583 ns, Reaching safepoint: 750709 ns, At safepoint: 75875 ns, Total: 826584 ns
[2023-07-18T06:27:07.718+0000][1][safepoint    ] Safepoint "RevokeBias", Time since last: 38532208 ns, Reaching safepoint: 875458 ns, At safepoint: 124000 ns, Total: 999458 ns
[2023-07-18T06:27:07.721+0000][1][safepoint    ] Safepoint "RevokeBias", Time since last: 2303959 ns, Reaching safepoint: 888250 ns, At safepoint: 116833 ns, Total: 1005083 ns
[2023-07-18T06:27:07.725+0000][1][safepoint    ] Safepoint "RevokeBias", Time since last: 2913042 ns, Reaching safepoint: 946625 ns, At safepoint: 68291 ns, Total: 1014916 ns
[2023-07-18T06:27:08.728+0000][1][safepoint    ] Safepoint "Cleanup", Time since last: 1000691376 ns, Reaching safepoint: 1957167 ns, At safepoint: 31416 ns, Total: 1988583 ns
[2023-07-18T06:27:09.733+0000][1][safepoint    ] Safepoint "Cleanup", Time since last: 1001071876 ns, Reaching safepoint: 3908791 ns, At safepoint: 108667 ns, Total: 4017458 ns
[2023-07-18T06:27:10.739+0000][1][safepoint    ] Safepoint "Cleanup", Time since last: 1002329459 ns, Reaching safepoint: 3801958 ns, At safepoint: 85292 ns, Total: 3887250 ns
[2023-07-18T06:27:11.192+0000][1][safepoint    ] Safepoint "RevokeBias", Time since last: 450598792 ns, Reaching safepoint: 1628708 ns, At safepoint: 137667 ns, Total: 1766375 ns
[2023-07-18T06:27:11.202+0000][1][safepoint    ] Safepoint "RevokeBias", Time since last: 9526375 ns, Reaching safepoint: 995875 ns, At safepoint: 106958 ns, Total: 1102833 ns
[2023-07-18T06:27:11.255+0000][1][safepoint    ] Safepoint "RevokeBias", Time since last: 51184833 ns, Reaching safepoint: 1375334 ns, At safepoint: 112875 ns, Total: 1488209 ns
[2023-07-18T06:27:11.257+0000][1][safepoint    ] Safepoint "RevokeBias", Time since last: 700166 ns, Reaching safepoint: 590792 ns, At safepoint: 301333 ns, Total: 892125 ns
[2023-07-18T06:27:11.259+0000][1][safepoint    ] Safepoint "RevokeBias", Time since last: 1039209 ns, Reaching safepoint: 1137291 ns, At safepoint: 281209 ns, Total: 1418500 ns
[2023-07-18T06:27:12.263+0000][1][safepoint    ] Safepoint "Cleanup", Time since last: 1002727084 ns, Reaching safepoint: 811916 ns, At safepoint: 19500 ns, Total: 831416 ns
[2023-07-18T06:27:13.267+0000][1][safepoint    ] Safepoint "Cleanup", Time since last: 1000656709 ns, Reaching safepoint: 3383417 ns, At safepoint: 135500 ns, Total: 3518917 ns
[2023-07-18T06:27:14.269+0000][1][safepoint    ] Safepoint "Cleanup", Time since last: 1001151167 ns, Reaching safepoint: 773583 ns, At safepoint: 32959 ns, Total: 806542 ns
[2023-07-18T06:27:15.272+0000][1][safepoint    ] Safepoint "Cleanup", Time since last: 1000548458 ns, Reaching safepoint: 2597167 ns, At safepoint: 80458 ns, Total: 2677625 ns
[2023-07-18T06:27:16.279+0000][1][safepoint    ] Safepoint "Cleanup", Time since last: 1003340168 ns, Reaching safepoint: 3272166 ns, At safepoint: 87709 ns, Total: 3359875 ns
[2023-07-18T06:27:17.284+0000][1][safepoint    ] Safepoint "Cleanup", Time since last: 1003951042 ns, Reaching safepoint: 1750666 ns, At safepoint: 40625 ns, Total: 1791291 ns
[2023-07-18T06:27:18.289+0000][1][safepoint    ] Safepoint "Cleanup", Time since last: 1001401084 ns, Reaching safepoint: 3330333 ns, At safepoint: 85792 ns, Total: 3416125 ns
[2023-07-18T06:27:19.295+0000][1][safepoint    ] Safepoint "Cleanup", Time since last: 1001787209 ns, Reaching safepoint: 3885625 ns, At safepoint: 105417 ns, Total: 3991042 ns
[2023-07-18T06:27:20.300+0000][1][safepoint    ] Safepoint "Cleanup", Time since last: 1003110333 ns, Reaching safepoint: 1508875 ns, At safepoint: 37750 ns, Total: 1546625 ns
[2023-07-18T06:27:21.306+0000][1][safepoint    ] Safepoint "Cleanup", Time since last: 1002363918 ns, Reaching safepoint: 3816625 ns, At safepoint: 124208 ns, Total: 3940833 ns
[2023-07-18T06:27:22.311+0000][1][safepoint    ] Safepoint "Cleanup", Time since last: 1002009084 ns, Reaching safepoint: 2616208 ns, At safepoint: 74000 ns, Total: 2690208 ns
[2023-07-18T06:27:23.314+0000][1][safepoint    ] Safepoint "Cleanup", Time since last: 1001716459 ns, Reaching safepoint: 1508833 ns, At safepoint: 34875 ns, Total: 1543708 ns
[2023-07-18T06:27:24.317+0000][1][safepoint    ] Safepoint "Cleanup", Time since last: 1001475417 ns, Reaching safepoint: 1195459 ns, At safepoint: 38375 ns, Total: 1233834 ns
[2023-07-18T06:27:25.321+0000][1][safepoint    ] Safepoint "Cleanup", Time since last: 1000894292 ns, Reaching safepoint: 3734792 ns, At safepoint: 99875 ns, Total: 3834667 ns
[2023-07-18T06:27:26.329+0000][1][safepoint    ] Safepoint "Cleanup", Time since last: 1002814375 ns, Reaching safepoint: 4450167 ns, At safepoint: 120958 ns, Total: 4571125 ns
[2023-07-18T06:27:27.333+0000][1][safepoint    ] Safepoint "Cleanup", Time since last: 1001612875 ns, Reaching safepoint: 2692834 ns, At safepoint: 82541 ns, Total: 2775375 ns
[2023-07-18T06:27:28.340+0000][1][safepoint    ] Safepoint "Cleanup", Time since last: 1003713793 ns, Reaching safepoint: 3380500 ns, At safepoint: 94500 ns, Total: 3475000 ns
[2023-07-18T06:27:29.345+0000][1][safepoint    ] Safepoint "Cleanup", Time since last: 1001561500 ns, Reaching safepoint: 3219167 ns, At safepoint: 81791 ns, Total: 3300958 ns
[2023-07-18T06:27:30.351+0000][1][safepoint    ] Safepoint "Cleanup", Time since last: 1001431001 ns, Reaching safepoint: 3938875 ns, At safepoint: 118458 ns, Total: 4057333 ns
[2023-07-18T06:27:31.354+0000][1][safepoint    ] Safepoint "Cleanup", Time since last: 1001527834 ns, Reaching safepoint: 1804792 ns, At safepoint: 316250 ns, Total: 2121042 ns
[2023-07-18T06:27:31.359+0000][1][safepoint    ] Safepoint "RevokeBias", Time since last: 3758083 ns, Reaching safepoint: 1151125 ns, At safepoint: 212542 ns, Total: 1363667 ns
[2023-07-18T06:27:31.370+0000][1][safepoint    ] Safepoint "RevokeBias", Time since last: 9010958 ns, Reaching safepoint: 1205750 ns, At safepoint: 144792 ns, Total: 1350542 ns
[2023-07-18T06:27:31.453+0000][1][safepoint    ] Safepoint "RevokeBias", Time since last: 82224000 ns, Reaching safepoint: 792083 ns, At safepoint: 110792 ns, Total: 902875 ns
[2023-07-18T06:27:31.458+0000][1][safepoint    ] Safepoint "RevokeBias", Time since last: 3962791 ns, Reaching safepoint: 771917 ns, At safepoint: 112292 ns, Total: 884209 ns
[2023-07-18T06:27:31.460+0000][1][safepoint    ] Safepoint "RevokeBias", Time since last: 1664583 ns, Reaching safepoint: 730375 ns, At safepoint: 76083 ns, Total: 806458 ns
[2023-07-18T06:27:32.467+0000][1][safepoint    ] Safepoint "Cleanup", Time since last: 1001000543 ns, Reaching safepoint: 4953083 ns, At safepoint: 486917 ns, Total: 5440000 ns
[2023-07-18T06:27:33.476+0000][1][safepoint    ] Safepoint "Cleanup", Time since last: 1008544042 ns, Reaching safepoint: 1083708 ns, At safepoint: 24750 ns, Total: 1108458 ns
[2023-07-18T06:27:34.479+0000][1][safepoint    ] Safepoint "Cleanup", Time since last: 1000891459 ns, Reaching safepoint: 1753833 ns, At safepoint: 35250 ns, Total: 1789083 ns
[2023-07-18T06:27:35.485+0000][1][safepoint    ] Safepoint "Cleanup", Time since last: 1002566125 ns, Reaching safepoint: 3851375 ns, At safepoint: 210542 ns, Total: 4061917 ns
[2023-07-18T06:27:36.491+0000][1][safepoint    ] Safepoint "Cleanup", Time since last: 1001617292 ns, Reaching safepoint: 3540667 ns, At safepoint: 79042 ns, Total: 3619709 ns
[2023-07-18T06:27:37.495+0000][1][safepoint    ] Safepoint "Cleanup", Time since last: 1001543042 ns, Reaching safepoint: 3023083 ns, At safepoint: 80167 ns, Total: 3103250 ns
[2023-07-18T06:27:38.501+0000][1][safepoint    ] Safepoint "Cleanup", Time since last: 1001594833 ns, Reaching safepoint: 3819584 ns, At safepoint: 87291 ns, Total: 3906875 ns
[2023-07-18T06:27:39.506+0000][1][safepoint    ] Safepoint "Cleanup", Time since last: 1002088793 ns, Reaching safepoint: 3381250 ns, At safepoint: 74000 ns, Total: 3455250 ns
[2023-07-18T06:27:40.512+0000][1][safepoint    ] Safepoint "Cleanup", Time since last: 1001498292 ns, Reaching safepoint: 4156708 ns, At safepoint: 108042 ns, Total: 4264750 ns
[2023-07-18T06:27:41.519+0000][1][safepoint    ] Safepoint "Cleanup", Time since last: 1002600959 ns, Reaching safepoint: 3929666 ns, At safepoint: 101500 ns, Total: 4031166 ns
[2023-07-18T06:27:42.525+0000][1][safepoint    ] Safepoint "Cleanup", Time since last: 1002014626 ns, Reaching safepoint: 4194000 ns, At safepoint: 92208 ns, Total: 4286208 ns
[2023-07-18T06:27:43.530+0000][1][safepoint    ] Safepoint "Cleanup", Time since last: 1002227751 ns, Reaching safepoint: 3069416 ns, At safepoint: 104167 ns, Total: 3173583 ns
[2023-07-18T06:27:44.536+0000][1][safepoint    ] Safepoint "Cleanup", Time since last: 1001556084 ns, Reaching safepoint: 4122750 ns, At safepoint: 71958 ns, Total: 4194708 ns
[2023-07-18T06:27:45.542+0000][1][safepoint    ] Safepoint "Cleanup", Time since last: 1001669292 ns, Reaching safepoint: 3659709 ns, At safepoint: 105000 ns, Total: 3764709 ns
[2023-07-18T06:27:46.546+0000][1][safepoint    ] Safepoint "Cleanup", Time since last: 1001187500 ns, Reaching safepoint: 2716292 ns, At safepoint: 71666 ns, Total: 2787958 ns
[2023-07-18T06:27:47.550+0000][1][safepoint    ] Safepoint "Cleanup", Time since last: 1001003167 ns, Reaching safepoint: 3404917 ns, At safepoint: 85708 ns, Total: 3490625 ns
[2023-07-18T06:27:48.794+0000][1][safepoint    ] Safepoint "Cleanup", Time since last: 1241337584 ns, Reaching safepoint: 2158709 ns, At safepoint: 36166 ns, Total: 2194875 ns
[2023-07-18T06:27:49.797+0000][1][safepoint    ] Safepoint "Cleanup", Time since last: 1001816251 ns, Reaching safepoint: 1748333 ns, At safepoint: 41417 ns, Total: 1789750 ns
[2023-07-18T06:27:50.800+0000][1][safepoint    ] Safepoint "Cleanup", Time since last: 1001343917 ns, Reaching safepoint: 1012875 ns, At safepoint: 19792 ns, Total: 1032667 ns
[2023-07-18T06:27:51.803+0000][1][safepoint    ] Safepoint "Cleanup", Time since last: 1001073584 ns, Reaching safepoint: 2099666 ns, At safepoint: 41459 ns, Total: 2141125 ns
[2023-07-18T06:27:51.867+0000][1][gc,start     ] GC(68) Pause Young (Allocation Failure)
[2023-07-18T06:27:51.869+0000][1][gc,task      ] GC(68) Using 4 workers of 4 for evacuation
[2023-07-18T06:27:51.899+0000][1][gc,age       ] GC(68) Desired survivor size 8945664 bytes, new threshold 6 (max threshold 6)
[2023-07-18T06:27:51.899+0000][1][gc,age       ] GC(68) Age table with threshold 6 (max threshold 6)
[2023-07-18T06:27:51.899+0000][1][gc,age       ] GC(68) - age   1:     111792 bytes,     111792 total
[2023-07-18T06:27:51.899+0000][1][gc,age       ] GC(68) - age   2:       9240 bytes,     121032 total
[2023-07-18T06:27:51.899+0000][1][gc,age       ] GC(68) - age   3:       1032 bytes,     122064 total
[2023-07-18T06:27:51.900+0000][1][gc,age       ] GC(68) - age   4:        296 bytes,     122360 total
[2023-07-18T06:27:51.900+0000][1][gc,age       ] GC(68) - age   5:       3152 bytes,     125512 total
[2023-07-18T06:27:51.900+0000][1][gc,age       ] GC(68) - age   6:      25944 bytes,     151456 total
[2023-07-18T06:27:51.901+0000][1][gc,heap      ] GC(68) ParNew: 140031K->243K(157248K)
[2023-07-18T06:27:51.901+0000][1][gc,heap      ] GC(68) CMS: 72101K->72152K(349568K)
[2023-07-18T06:27:51.902+0000][1][gc,metaspace ] GC(68) Metaspace: 93162K->93162K(1134592K)
[2023-07-18T06:27:51.903+0000][1][gc           ] GC(68) Pause Young (Allocation Failure) 207M->70M(494M) 35.974ms
[2023-07-18T06:27:51.903+0000][1][gc,cpu       ] GC(68) User=0.06s Sys=0.01s Real=0.04s
[2023-07-18T06:27:51.903+0000][1][safepoint    ] Safepoint "GenCollectForAllocation", Time since last: 62587791 ns, Reaching safepoint: 746334 ns, At safepoint: 37170541 ns, Total: 37916875 ns
[2023-07-18T06:27:52.908+0000][1][safepoint    ] Safepoint "Cleanup", Time since last: 1000787542 ns, Reaching safepoint: 3713334 ns, At safepoint: 98750 ns, Total: 3812084 ns
[2023-07-18T06:27:53.910+0000][1][safepoint    ] Safepoint "Cleanup", Time since last: 1000911375 ns, Reaching safepoint: 1297709 ns, At safepoint: 23541 ns, Total: 1321250 ns
[2023-07-18T06:27:54.911+0000][1][safepoint    ] Safepoint "Cleanup", Time since last: 1000387376 ns, Reaching safepoint: 833250 ns, At safepoint: 19500 ns, Total: 852750 ns
[2023-07-18T06:27:55.913+0000][1][safepoint    ] Safepoint "Cleanup", Time since last: 1000635083 ns, Reaching safepoint: 685625 ns, At safepoint: 21750 ns, Total: 707375 ns
[2023-07-18T06:27:56.915+0000][1][safepoint    ] Safepoint "Cleanup", Time since last: 1000849209 ns, Reaching safepoint: 1606417 ns, At safepoint: 32375 ns, Total: 1638792 ns
[2023-07-18T06:27:57.917+0000][1][safepoint    ] Safepoint "Cleanup", Time since last: 1001132042 ns, Reaching safepoint: 679917 ns, At safepoint: 36791 ns, Total: 716708 ns
[2023-07-18T06:27:58.919+0000][1][safepoint    ] Safepoint "Cleanup", Time since last: 1001168168 ns, Reaching safepoint: 780708 ns, At safepoint: 39833 ns, Total: 820541 ns
[2023-07-18T06:27:59.920+0000][1][safepoint    ] Safepoint "Cleanup", Time since last: 1000430834 ns, Reaching safepoint: 689167 ns, At safepoint: 17750 ns, Total: 706917 ns
[2023-07-18T06:28:00.921+0000][1][safepoint    ] Safepoint "Cleanup", Time since last: 1000457625 ns, Reaching safepoint: 732750 ns, At safepoint: 22709 ns, Total: 755459 ns
[2023-07-18T06:28:01.922+0000][1][safepoint    ] Safepoint "Cleanup", Time since last: 1000395333 ns, Reaching safepoint: 640500 ns, At safepoint: 31542 ns, Total: 672042 ns
[2023-07-18T06:28:02.923+0000][1][safepoint    ] Safepoint "Cleanup", Time since last: 1000357250 ns, Reaching safepoint: 695417 ns, At safepoint: 16833 ns, Total: 712250 ns
[2023-07-18T06:28:03.925+0000][1][safepoint    ] Safepoint "Cleanup", Time since last: 1000398376 ns, Reaching safepoint: 729833 ns, At safepoint: 19750 ns, Total: 749583 ns
[2023-07-18T06:28:04.926+0000][1][safepoint    ] Safepoint "Cleanup", Time since last: 1000411375 ns, Reaching safepoint: 816125 ns, At safepoint: 19208 ns, Total: 835333 ns
[2023-07-18T06:28:05.927+0000][1][safepoint    ] Safepoint "Cleanup", Time since last: 1000348209 ns, Reaching safepoint: 730417 ns, At safepoint: 34500 ns, Total: 764917 ns
[2023-07-18T06:28:06.928+0000][1][safepoint    ] Safepoint "Cleanup", Time since last: 1000407375 ns, Reaching safepoint: 718792 ns, At safepoint: 13750 ns, Total: 732542 ns
[2023-07-18T06:28:07.929+0000][1][safepoint    ] Safepoint "Cleanup", Time since last: 1000466709 ns, Reaching safepoint: 660333 ns, At safepoint: 14084 ns, Total: 674417 ns
[2023-07-18T06:28:08.930+0000][1][safepoint    ] Safepoint "Cleanup", Time since last: 1000433708 ns, Reaching safepoint: 721042 ns, At safepoint: 17542 ns, Total: 738584 ns
[2023-07-18T06:28:09.932+0000][1][safepoint    ] Safepoint "Cleanup", Time since last: 1000600500 ns, Reaching safepoint: 730500 ns, At safepoint: 16000 ns, Total: 746500 ns
[2023-07-18T06:28:10.933+0000][1][safepoint    ] Safepoint "Cleanup", Time since last: 1000457334 ns, Reaching safepoint: 654458 ns, At safepoint: 16042 ns, Total: 670500 ns
[2023-07-18T06:28:11.934+0000][1][safepoint    ] Safepoint "Cleanup", Time since last: 1000447334 ns, Reaching safepoint: 716166 ns, At safepoint: 14000 ns, Total: 730166 ns
[2023-07-18T06:28:12.935+0000][1][safepoint    ] Safepoint "Cleanup", Time since last: 1000447501 ns, Reaching safepoint: 652875 ns, At safepoint: 13125 ns, Total: 666000 ns
[2023-07-18T06:28:13.937+0000][1][safepoint    ] Safepoint "Cleanup", Time since last: 1001060500 ns, Reaching safepoint: 704375 ns, At safepoint: 16250 ns, Total: 720625 ns
[2023-07-18T06:28:15.104+0000][1][safepoint    ] Safepoint "Cleanup", Time since last: 1166578251 ns, Reaching safepoint: 720583 ns, At safepoint: 21792 ns, Total: 742375 ns
[2023-07-18T06:28:16.105+0000][1][safepoint    ] Safepoint "Cleanup", Time since last: 1000451834 ns, Reaching safepoint: 682625 ns, At safepoint: 18583 ns, Total: 701208 ns
[2023-07-18T06:28:17.107+0000][1][safepoint    ] Safepoint "Cleanup", Time since last: 1000429709 ns, Reaching safepoint: 738708 ns, At safepoint: 20834 ns, Total: 759542 ns
[2023-07-18T06:28:18.108+0000][1][safepoint    ] Safepoint "Cleanup", Time since last: 1000683167 ns, Reaching safepoint: 1043041 ns, At safepoint: 40417 ns, Total: 1083458 ns
[2023-07-18T06:28:19.112+0000][1][safepoint    ] Safepoint "Cleanup", Time since last: 1002728001 ns, Reaching safepoint: 763500 ns, At safepoint: 21041 ns, Total: 784541 ns
[2023-07-18T06:28:20.113+0000][1][safepoint    ] Safepoint "Cleanup", Time since last: 1000361792 ns, Reaching safepoint: 736084 ns, At safepoint: 19500 ns, Total: 755584 ns
[2023-07-18T06:28:21.114+0000][1][safepoint    ] Safepoint "Cleanup", Time since last: 1000425500 ns, Reaching safepoint: 695250 ns, At safepoint: 18292 ns, Total: 713542 ns
[2023-07-18T06:28:21.511+0000][1][safepoint    ] Safepoint "RevokeBias", Time since last: 395355250 ns, Reaching safepoint: 631000 ns, At safepoint: 989667 ns, Total: 1620667 ns
[2023-07-18T06:28:21.954+0000][1][safepoint    ] Safepoint "RevokeBias", Time since last: 441698833 ns, Reaching safepoint: 1092542 ns, At safepoint: 48333 ns, Total: 1140875 ns
[2023-07-18T06:28:21.955+0000][1][safepoint    ] Safepoint "RevokeBias", Time since last: 604375 ns, Reaching safepoint: 353084 ns, At safepoint: 24333 ns, Total: 377417 ns
[2023-07-18T06:28:21.963+0000][1][safepoint    ] Safepoint "RevokeBias", Time since last: 7942708 ns, Reaching safepoint: 524250 ns, At safepoint: 21417 ns, Total: 545667 ns
[2023-07-18T06:28:22.965+0000][1][safepoint    ] Safepoint "Cleanup", Time since last: 1000532000 ns, Reaching safepoint: 1053625 ns, At safepoint: 25250 ns, Total: 1078875 ns
[2023-07-18T06:28:23.967+0000][1][safepoint    ] Safepoint "Cleanup", Time since last: 1000567084 ns, Reaching safepoint: 1275834 ns, At safepoint: 23250 ns, Total: 1299084 ns
[2023-07-18T06:28:24.970+0000][1][safepoint    ] Safepoint "Cleanup", Time since last: 1000577333 ns, Reaching safepoint: 2382209 ns, At safepoint: 52666 ns, Total: 2434875 ns
[2023-07-18T06:28:25.974+0000][1][safepoint    ] Safepoint "Cleanup", Time since last: 1000791251 ns, Reaching safepoint: 3480541 ns, At safepoint: 82875 ns, Total: 3563416 ns
[2023-07-18T06:28:26.978+0000][1][safepoint    ] Safepoint "Cleanup", Time since last: 1001344668 ns, Reaching safepoint: 1884625 ns, At safepoint: 46083 ns, Total: 1930708 ns
[2023-07-18T06:28:27.981+0000][1][safepoint    ] Safepoint "Cleanup", Time since last: 1001531834 ns, Reaching safepoint: 2061500 ns, At safepoint: 50166 ns, Total: 2111666 ns
[2023-07-18T06:28:28.988+0000][1][safepoint    ] Safepoint "Cleanup", Time since last: 1001329418 ns, Reaching safepoint: 5012458 ns, At safepoint: 80833 ns, Total: 5093291 ns
[2023-07-18T06:28:29.992+0000][1][safepoint    ] Safepoint "Cleanup", Time since last: 1001277917 ns, Reaching safepoint: 3065750 ns, At safepoint: 74209 ns, Total: 3139959 ns
[2023-07-18T06:28:30.989+0000][1][safepoint    ] Safepoint "RevokeBias", Time since last: 996318875 ns, Reaching safepoint: 840875 ns, At safepoint: 98625 ns, Total: 939500 ns
[2023-07-18T06:28:31.862+0000][1][safepoint    ] Safepoint "RevokeBias", Time since last: 870975167 ns, Reaching safepoint: 1339084 ns, At safepoint: 275875 ns, Total: 1614959 ns
[2023-07-18T06:28:31.868+0000][1][safepoint    ] Safepoint "RevokeBias", Time since last: 4171750 ns, Reaching safepoint: 1356750 ns, At safepoint: 704708 ns, Total: 2061458 ns
[2023-07-18T06:28:31.887+0000][1][safepoint    ] Safepoint "RevokeBias", Time since last: 16857958 ns, Reaching safepoint: 1960959 ns, At safepoint: 132875 ns, Total: 2093834 ns
[2023-07-18T06:28:31.952+0000][1][safepoint    ] Safepoint "RevokeBias", Time since last: 64010875 ns, Reaching safepoint: 1076500 ns, At safepoint: 79041 ns, Total: 1155541 ns
[2023-07-18T06:28:32.057+0000][1][safepoint    ] Safepoint "RevokeBias", Time since last: 104383542 ns, Reaching safepoint: 641125 ns, At safepoint: 72542 ns, Total: 713667 ns
[2023-07-18T06:28:32.063+0000][1][safepoint    ] Safepoint "BulkRevokeBias", Time since last: 3670333 ns, Reaching safepoint: 339208 ns, At safepoint: 2101042 ns, Total: 2440250 ns
[2023-07-18T06:28:32.068+0000][1][safepoint    ] Safepoint "RevokeBias", Time since last: 3410792 ns, Reaching safepoint: 558291 ns, At safepoint: 68417 ns, Total: 626708 ns
[2023-07-18T06:28:32.069+0000][1][safepoint    ] Safepoint "RevokeBias", Time since last: 1404875 ns, Reaching safepoint: 382000 ns, At safepoint: 56792 ns, Total: 438792 ns
[2023-07-18T06:28:32.130+0000][1][safepoint    ] Safepoint "RevokeBias", Time since last: 60363625 ns, Reaching safepoint: 377458 ns, At safepoint: 71417 ns, Total: 448875 ns
[2023-07-18T06:28:32.163+0000][1][safepoint    ] Safepoint "RevokeBias", Time since last: 32087250 ns, Reaching safepoint: 462791 ns, At safepoint: 68000 ns, Total: 530791 ns
[2023-07-18T06:28:32.185+0000][1][safepoint    ] Safepoint "RevokeBias", Time since last: 21627792 ns, Reaching safepoint: 451750 ns, At safepoint: 70833 ns, Total: 522583 ns
[2023-07-18T06:28:32.186+0000][1][safepoint    ] Safepoint "RevokeBias", Time since last: 539959 ns, Reaching safepoint: 260666 ns, At safepoint: 42459 ns, Total: 303125 ns
[2023-07-18T06:28:32.186+0000][1][safepoint    ] Safepoint "RevokeBias", Time since last: 239625 ns, Reaching safepoint: 247708 ns, At safepoint: 44250 ns, Total: 291958 ns
[2023-07-18T06:28:32.187+0000][1][safepoint    ] Safepoint "RevokeBias", Time since last: 211917 ns, Reaching safepoint: 359291 ns, At safepoint: 47667 ns, Total: 406958 ns
[2023-07-18T06:28:32.188+0000][1][safepoint    ] Safepoint "RevokeBias", Time since last: 201500 ns, Reaching safepoint: 345792 ns, At safepoint: 41708 ns, Total: 387500 ns
[2023-07-18T06:28:32.205+0000][1][safepoint    ] Safepoint "RevokeBias", Time since last: 16636167 ns, Reaching safepoint: 577875 ns, At safepoint: 66291 ns, Total: 644166 ns
[2023-07-18T06:28:32.217+0000][1][safepoint    ] Safepoint "RevokeBias", Time since last: 11228750 ns, Reaching safepoint: 419750 ns, At safepoint: 62167 ns, Total: 481917 ns
[2023-07-18T06:28:32.288+0000][1][safepoint    ] Safepoint "RevokeBias", Time since last: 71149250 ns, Reaching safepoint: 630750 ns, At safepoint: 99459 ns, Total: 730209 ns
[2023-07-18T06:28:32.291+0000][1][safepoint    ] Safepoint "RevokeBias", Time since last: 2089916 ns, Reaching safepoint: 674292 ns, At safepoint: 56375 ns, Total: 730667 ns
[2023-07-18T06:28:32.295+0000][1][safepoint    ] Safepoint "RevokeBias", Time since last: 3123625 ns, Reaching safepoint: 637500 ns, At safepoint: 65000 ns, Total: 702500 ns
[2023-07-18T06:28:33.183+0000][1][safepoint    ] Safepoint "RevokeBias", Time since last: 886415792 ns, Reaching safepoint: 1569792 ns, At safepoint: 134208 ns, Total: 1704000 ns
[2023-07-18T06:28:34.195+0000][1][safepoint    ] Safepoint "Cleanup", Time since last: 1000733459 ns, Reaching safepoint: 4386541 ns, At safepoint: 225959 ns, Total: 4612500 ns
[2023-07-18T06:28:35.206+0000][1][safepoint    ] Safepoint "Cleanup", Time since last: 1017622291 ns, Reaching safepoint: 2040792 ns, At safepoint: 82666 ns, Total: 2123458 ns
[2023-07-18T06:28:36.211+0000][1][safepoint    ] Safepoint "Cleanup", Time since last: 1003071209 ns, Reaching safepoint: 1171500 ns, At safepoint: 29583 ns, Total: 1201083 ns
[2023-07-18T06:28:37.215+0000][1][safepoint    ] Safepoint "Cleanup", Time since last: 1001828793 ns, Reaching safepoint: 2501291 ns, At safepoint: 65917 ns, Total: 2567208 ns
[2023-07-18T06:28:38.219+0000][1][safepoint    ] Safepoint "Cleanup", Time since last: 1001547792 ns, Reaching safepoint: 2705042 ns, At safepoint: 86708 ns, Total: 2791750 ns
[2023-07-18T06:28:39.222+0000][1][safepoint    ] Safepoint "Cleanup", Time since last: 1001424876 ns, Reaching safepoint: 1596250 ns, At safepoint: 46500 ns, Total: 1642750 ns
[2023-07-18T06:28:40.226+0000][1][safepoint    ] Safepoint "Cleanup", Time since last: 1001238125 ns, Reaching safepoint: 2613792 ns, At safepoint: 65666 ns, Total: 2679458 ns
[2023-07-18T06:28:41.230+0000][1][safepoint    ] Safepoint "Cleanup", Time since last: 1001119126 ns, Reaching safepoint: 2132541 ns, At safepoint: 67667 ns, Total: 2200208 ns
[2023-07-18T06:28:42.233+0000][1][safepoint    ] Safepoint "Cleanup", Time since last: 1001429292 ns, Reaching safepoint: 2340000 ns, At safepoint: 28834 ns, Total: 2368834 ns
[2023-07-18T06:28:43.237+0000][1][safepoint    ] Safepoint "Cleanup", Time since last: 1001534708 ns, Reaching safepoint: 1558459 ns, At safepoint: 35500 ns, Total: 1593959 ns
[2023-07-18T06:28:44.238+0000][1][safepoint    ] Safepoint "Cleanup", Time since last: 1000766917 ns, Reaching safepoint: 698542 ns, At safepoint: 18583 ns, Total: 717125 ns
[2023-07-18T06:28:45.240+0000][1][safepoint    ] Safepoint "Cleanup", Time since last: 1000628542 ns, Reaching safepoint: 1328917 ns, At safepoint: 33041 ns, Total: 1361958 ns
[2023-07-18T06:28:46.244+0000][1][safepoint    ] Safepoint "Cleanup", Time since last: 1000682668 ns, Reaching safepoint: 2839291 ns, At safepoint: 82500 ns, Total: 2921791 ns
[2023-07-18T06:28:47.249+0000][1][safepoint    ] Safepoint "Cleanup", Time since last: 1001961959 ns, Reaching safepoint: 3564250 ns, At safepoint: 116292 ns, Total: 3680542 ns
[2023-07-18T06:28:48.253+0000][1][safepoint    ] Safepoint "Cleanup", Time since last: 1001827750 ns, Reaching safepoint: 2004667 ns, At safepoint: 53750 ns, Total: 2058417 ns
[2023-07-18T06:28:49.259+0000][1][safepoint    ] Safepoint "Cleanup", Time since last: 1003032625 ns, Reaching safepoint: 2909959 ns, At safepoint: 61416 ns, Total: 2971375 ns
[2023-07-18T06:28:50.265+0000][1][safepoint    ] Safepoint "Cleanup", Time since last: 1003376834 ns, Reaching safepoint: 1961208 ns, At safepoint: 47084 ns, Total: 2008292 ns
[2023-07-18T06:28:51.269+0000][1][safepoint    ] Safepoint "Cleanup", Time since last: 1001390209 ns, Reaching safepoint: 2783208 ns, At safepoint: 403042 ns, Total: 3186250 ns
[2023-07-18T06:28:52.276+0000][1][safepoint    ] Safepoint "Cleanup", Time since last: 1002646958 ns, Reaching safepoint: 4380125 ns, At safepoint: 115709 ns, Total: 4495834 ns
[2023-07-18T06:28:53.281+0000][1][safepoint    ] Safepoint "Cleanup", Time since last: 1002760584 ns, Reaching safepoint: 1632625 ns, At safepoint: 54875 ns, Total: 1687500 ns
[2023-07-18T06:28:54.361+0000][1][safepoint    ] Safepoint "Cleanup", Time since last: 1000957750 ns, Reaching safepoint: 70442833 ns, At safepoint: 8833875 ns, Total: 79276708 ns
[2023-07-18T06:28:55.373+0000][1][safepoint    ] Safepoint "Cleanup", Time since last: 1009742751 ns, Reaching safepoint: 1846208 ns, At safepoint: 49084 ns, Total: 1895292 ns
[2023-07-18T06:28:56.378+0000][1][safepoint    ] Safepoint "Cleanup", Time since last: 1001921792 ns, Reaching safepoint: 3446416 ns, At safepoint: 97334 ns, Total: 3543750 ns
[2023-07-18T06:28:57.384+0000][1][safepoint    ] Safepoint "Cleanup", Time since last: 1002006875 ns, Reaching safepoint: 3953292 ns, At safepoint: 113208 ns, Total: 4066500 ns
[2023-07-18T06:28:58.389+0000][1][safepoint    ] Safepoint "Cleanup", Time since last: 1002528501 ns, Reaching safepoint: 2552125 ns, At safepoint: 80916 ns, Total: 2633041 ns
[2023-07-18T06:28:59.393+0000][1][safepoint    ] Safepoint "Cleanup", Time since last: 1000905292 ns, Reaching safepoint: 2223500 ns, At safepoint: 87875 ns, Total: 2311375 ns
[2023-07-18T06:29:00.398+0000][1][safepoint    ] Safepoint "Cleanup", Time since last: 1001120584 ns, Reaching safepoint: 4252917 ns, At safepoint: 88208 ns, Total: 4341125 ns
[2023-07-18T06:29:01.403+0000][1][safepoint    ] Safepoint "Cleanup", Time since last: 1002989917 ns, Reaching safepoint: 1871917 ns, At safepoint: 56958 ns, Total: 1928875 ns
[2023-07-18T06:29:02.406+0000][1][safepoint    ] Safepoint "Cleanup", Time since last: 1000965626 ns, Reaching safepoint: 1886417 ns, At safepoint: 55250 ns, Total: 1941667 ns
[2023-07-18T06:29:03.409+0000][1][safepoint    ] Safepoint "Cleanup", Time since last: 1000832042 ns, Reaching safepoint: 2632750 ns, At safepoint: 73375 ns, Total: 2706125 ns
[2023-07-18T06:29:05.134+0000][1][safepoint    ] Safepoint "Cleanup", Time since last: 1718927583 ns, Reaching safepoint: 3487292 ns, At safepoint: 109000 ns, Total: 3596292 ns
[2023-07-18T06:29:06.139+0000][1][safepoint    ] Safepoint "Cleanup", Time since last: 1001384417 ns, Reaching safepoint: 3401167 ns, At safepoint: 114833 ns, Total: 3516000 ns
[2023-07-18T06:29:07.142+0000][1][safepoint    ] Safepoint "Cleanup", Time since last: 1000925376 ns, Reaching safepoint: 2703541 ns, At safepoint: 56375 ns, Total: 2759916 ns
[2023-07-18T06:29:08.147+0000][1][safepoint    ] Safepoint "Cleanup", Time since last: 1001838667 ns, Reaching safepoint: 2744584 ns, At safepoint: 59916 ns, Total: 2804500 ns
[2023-07-18T06:29:09.152+0000][1][safepoint    ] Safepoint "Cleanup", Time since last: 1002337042 ns, Reaching safepoint: 2513750 ns, At safepoint: 62667 ns, Total: 2576417 ns
[2023-07-18T06:29:10.155+0000][1][safepoint    ] Safepoint "Cleanup", Time since last: 1001337042 ns, Reaching safepoint: 1375584 ns, At safepoint: 20375 ns, Total: 1395959 ns
[2023-07-18T06:29:11.163+0000][1][safepoint    ] Safepoint "Cleanup", Time since last: 1004281875 ns, Reaching safepoint: 3718208 ns, At safepoint: 90834 ns, Total: 3809042 ns
[2023-07-18T06:29:12.169+0000][1][safepoint    ] Safepoint "Cleanup", Time since last: 1001632584 ns, Reaching safepoint: 4093875 ns, At safepoint: 142166 ns, Total: 4236041 ns
[2023-07-18T06:29:13.176+0000][1][safepoint    ] Safepoint "Cleanup", Time since last: 1004479834 ns, Reaching safepoint: 2607292 ns, At safepoint: 61458 ns, Total: 2668750 ns
[2023-07-18T06:29:14.178+0000][1][safepoint    ] Safepoint "Cleanup", Time since last: 1001261042 ns, Reaching safepoint: 1110250 ns, At safepoint: 23042 ns, Total: 1133292 ns
[2023-07-18T06:29:15.184+0000][1][safepoint    ] Safepoint "Cleanup", Time since last: 1000632209 ns, Reaching safepoint: 4798250 ns, At safepoint: 104958 ns, Total: 4903208 ns
[2023-07-18T06:29:16.190+0000][1][safepoint    ] Safepoint "Cleanup", Time since last: 1001425792 ns, Reaching safepoint: 4143417 ns, At safepoint: 109958 ns, Total: 4253375 ns
[2023-07-18T06:29:17.193+0000][1][safepoint    ] Safepoint "Cleanup", Time since last: 1001814709 ns, Reaching safepoint: 1792000 ns, At safepoint: 38375 ns, Total: 1830375 ns
[2023-07-18T06:29:18.195+0000][1][safepoint    ] Safepoint "Cleanup", Time since last: 1000851834 ns, Reaching safepoint: 1396541 ns, At safepoint: 33792 ns, Total: 1430333 ns
[2023-07-18T06:29:19.197+0000][1][safepoint    ] Safepoint "Cleanup", Time since last: 1000672834 ns, Reaching safepoint: 1293167 ns, At safepoint: 32833 ns, Total: 1326000 ns
[2023-07-18T06:29:20.201+0000][1][safepoint    ] Safepoint "Cleanup", Time since last: 1000713459 ns, Reaching safepoint: 2478833 ns, At safepoint: 54667 ns, Total: 2533500 ns
[2023-07-18T06:29:21.204+0000][1][safepoint    ] Safepoint "Cleanup", Time since last: 1000676209 ns, Reaching safepoint: 2533791 ns, At safepoint: 65667 ns, Total: 2599458 ns
[2023-07-18T06:29:22.207+0000][1][safepoint    ] Safepoint "Cleanup", Time since last: 1001255334 ns, Reaching safepoint: 1608625 ns, At safepoint: 48458 ns, Total: 1657083 ns
[2023-07-18T06:29:23.210+0000][1][safepoint    ] Safepoint "Cleanup", Time since last: 1000771292 ns, Reaching safepoint: 2415709 ns, At safepoint: 59666 ns, Total: 2475375 ns
[2023-07-18T06:29:24.213+0000][1][safepoint    ] Safepoint "Cleanup", Time since last: 1002249292 ns, Reaching safepoint: 747292 ns, At safepoint: 17667 ns, Total: 764959 ns
[2023-07-18T06:29:25.218+0000][1][safepoint    ] Safepoint "Cleanup", Time since last: 1003210042 ns, Reaching safepoint: 1832625 ns, At safepoint: 39833 ns, Total: 1872458 ns
[2023-07-18T06:29:25.533+0000][1][safepoint    ] Safepoint "RevokeBias", Time since last: 312608834 ns, Reaching safepoint: 735791 ns, At safepoint: 1251125 ns, Total: 1986916 ns
[2023-07-18T06:29:25.613+0000][1][safepoint    ] Safepoint "RevokeBias", Time since last: 79312917 ns, Reaching safepoint: 700500 ns, At safepoint: 110458 ns, Total: 810958 ns
[2023-07-18T06:29:25.619+0000][1][safepoint    ] Safepoint "RevokeBias", Time since last: 5582250 ns, Reaching safepoint: 508375 ns, At safepoint: 62834 ns, Total: 571209 ns
[2023-07-18T06:29:25.665+0000][1][safepoint    ] Safepoint "RevokeBias", Time since last: 44773333 ns, Reaching safepoint: 990167 ns, At safepoint: 193000 ns, Total: 1183167 ns
[2023-07-18T06:29:25.668+0000][1][safepoint    ] Safepoint "RevokeBias", Time since last: 1815916 ns, Reaching safepoint: 826250 ns, At safepoint: 101792 ns, Total: 928042 ns
[2023-07-18T06:29:26.724+0000][1][safepoint    ] Safepoint "Cleanup", Time since last: 1054060251 ns, Reaching safepoint: 2036250 ns, At safepoint: 94000 ns, Total: 2130250 ns
[2023-07-18T06:29:27.728+0000][1][safepoint    ] Safepoint "Cleanup", Time since last: 1001323250 ns, Reaching safepoint: 2563042 ns, At safepoint: 68291 ns, Total: 2631333 ns
[2023-07-18T06:29:28.732+0000][1][safepoint    ] Safepoint "Cleanup", Time since last: 1001153084 ns, Reaching safepoint: 2737958 ns, At safepoint: 70375 ns, Total: 2808333 ns
[2023-07-18T06:29:29.735+0000][1][safepoint    ] Safepoint "Cleanup", Time since last: 1001281793 ns, Reaching safepoint: 2247916 ns, At safepoint: 77917 ns, Total: 2325833 ns
[2023-07-18T06:29:30.739+0000][1][safepoint    ] Safepoint "Cleanup", Time since last: 1001166917 ns, Reaching safepoint: 1953875 ns, At safepoint: 59667 ns, Total: 2013542 ns
[2023-07-18T06:29:31.742+0000][1][safepoint    ] Safepoint "Cleanup", Time since last: 1000750667 ns, Reaching safepoint: 2697125 ns, At safepoint: 125625 ns, Total: 2822750 ns
[2023-07-18T06:29:32.752+0000][1][safepoint    ] Safepoint "Cleanup", Time since last: 1006678000 ns, Reaching safepoint: 2691875 ns, At safepoint: 70084 ns, Total: 2761959 ns
[2023-07-18T06:29:33.757+0000][1][safepoint    ] Safepoint "Cleanup", Time since last: 1001575584 ns, Reaching safepoint: 3498000 ns, At safepoint: 103166 ns, Total: 3601166 ns
[2023-07-18T06:29:34.761+0000][1][safepoint    ] Safepoint "Cleanup", Time since last: 1001991416 ns, Reaching safepoint: 1969042 ns, At safepoint: 40417 ns, Total: 2009459 ns
[2023-07-18T06:29:35.765+0000][1][safepoint    ] Safepoint "Cleanup", Time since last: 1000935125 ns, Reaching safepoint: 2949625 ns, At safepoint: 88375 ns, Total: 3038000 ns
[2023-07-18T06:29:36.769+0000][1][safepoint    ] Safepoint "Cleanup", Time since last: 1001118126 ns, Reaching safepoint: 3151916 ns, At safepoint: 77459 ns, Total: 3229375 ns
[2023-07-18T06:29:37.772+0000][1][safepoint    ] Safepoint "Cleanup", Time since last: 1001234750 ns, Reaching safepoint: 1899208 ns, At safepoint: 40084 ns, Total: 1939292 ns
[2023-07-18T06:29:38.777+0000][1][safepoint    ] Safepoint "Cleanup", Time since last: 1001465334 ns, Reaching safepoint: 3354958 ns, At safepoint: 94542 ns, Total: 3449500 ns
[2023-07-18T06:29:39.779+0000][1][safepoint    ] Safepoint "Cleanup", Time since last: 1001222500 ns, Reaching safepoint: 676333 ns, At safepoint: 28250 ns, Total: 704583 ns
[2023-07-18T06:29:40.780+0000][1][safepoint    ] Safepoint "Cleanup", Time since last: 1000475209 ns, Reaching safepoint: 851500 ns, At safepoint: 22750 ns, Total: 874250 ns
[2023-07-18T06:29:41.783+0000][1][safepoint    ] Safepoint "Cleanup", Time since last: 1001160042 ns, Reaching safepoint: 1167334 ns, At safepoint: 22541 ns, Total: 1189875 ns
[2023-07-18T06:29:42.329+0000][1][gc,start     ] GC(69) Pause Young (Allocation Failure)
[2023-07-18T06:29:42.333+0000][1][gc,task      ] GC(69) Using 4 workers of 4 for evacuation
[2023-07-18T06:29:42.369+0000][1][gc,age       ] GC(69) Desired survivor size 8945664 bytes, new threshold 6 (max threshold 6)
[2023-07-18T06:29:42.369+0000][1][gc,age       ] GC(69) Age table with threshold 6 (max threshold 6)
[2023-07-18T06:29:42.369+0000][1][gc,age       ] GC(69) - age   1:     242640 bytes,     242640 total
[2023-07-18T06:29:42.370+0000][1][gc,age       ] GC(69) - age   2:      15424 bytes,     258064 total
[2023-07-18T06:29:42.370+0000][1][gc,age       ] GC(69) - age   3:       1104 bytes,     259168 total
[2023-07-18T06:29:42.370+0000][1][gc,age       ] GC(69) - age   4:        912 bytes,     260080 total
[2023-07-18T06:29:42.370+0000][1][gc,age       ] GC(69) - age   5:        176 bytes,     260256 total
[2023-07-18T06:29:42.370+0000][1][gc,age       ] GC(69) - age   6:       2608 bytes,     262864 total
[2023-07-18T06:29:42.372+0000][1][gc,heap      ] GC(69) ParNew: 140019K->292K(157248K)
[2023-07-18T06:29:42.372+0000][1][gc,heap      ] GC(69) CMS: 72152K->72178K(349568K)
[2023-07-18T06:29:42.372+0000][1][gc,metaspace ] GC(69) Metaspace: 93179K->93179K(1134592K)
[2023-07-18T06:29:42.373+0000][1][gc           ] GC(69) Pause Young (Allocation Failure) 207M->70M(494M) 44.218ms
[2023-07-18T06:29:42.373+0000][1][gc,cpu       ] GC(69) User=0.08s Sys=0.01s Real=0.05s
[2023-07-18T06:29:42.374+0000][1][safepoint    ] Safepoint "GenCollectForAllocation", Time since last: 544426376 ns, Reaching safepoint: 1131833 ns, At safepoint: 45510208 ns, Total: 46642041 ns
[2023-07-18T06:29:43.375+0000][1][safepoint    ] Safepoint "Cleanup", Time since last: 1000393417 ns, Reaching safepoint: 928459 ns, At safepoint: 23708 ns, Total: 952167 ns
[2023-07-18T06:29:44.377+0000][1][safepoint    ] Safepoint "Cleanup", Time since last: 1000702667 ns, Reaching safepoint: 909750 ns, At safepoint: 14042 ns, Total: 923792 ns
[2023-07-18T06:29:45.429+0000][1][safepoint    ] Safepoint "Cleanup", Time since last: 1051053084 ns, Reaching safepoint: 665833 ns, At safepoint: 15792 ns, Total: 681625 ns
[2023-07-18T06:29:46.430+0000][1][safepoint    ] Safepoint "Cleanup", Time since last: 1000377250 ns, Reaching safepoint: 802834 ns, At safepoint: 21333 ns, Total: 824167 ns
[2023-07-18T06:29:47.432+0000][1][safepoint    ] Safepoint "Cleanup", Time since last: 1001310959 ns, Reaching safepoint: 924833 ns, At safepoint: 25375 ns, Total: 950208 ns
[2023-07-18T06:29:48.433+0000][1][safepoint    ] Safepoint "Cleanup", Time since last: 1000554376 ns, Reaching safepoint: 734083 ns, At safepoint: 21583 ns, Total: 755666 ns
[2023-07-18T06:29:49.362+0000][1][safepoint    ] Safepoint "RevokeBias", Time since last: 928556876 ns, Reaching safepoint: 599000 ns, At safepoint: 51750 ns, Total: 650750 ns
[2023-07-18T06:29:49.365+0000][1][safepoint    ] Safepoint "RevokeBias", Time since last: 1766625 ns, Reaching safepoint: 341791 ns, At safepoint: 24209 ns, Total: 366000 ns
[2023-07-18T06:29:49.372+0000][1][safepoint    ] Safepoint "RevokeBias", Time since last: 4636500 ns, Reaching safepoint: 2707458 ns, At safepoint: 89125 ns, Total: 2796583 ns
[2023-07-18T06:29:49.379+0000][1][safepoint    ] Safepoint "RevokeBias", Time since last: 6034000 ns, Reaching safepoint: 920292 ns, At safepoint: 32208 ns, Total: 952500 ns
[2023-07-18T06:29:49.381+0000][1][safepoint    ] Safepoint "RevokeBias", Time since last: 1623500 ns, Reaching safepoint: 444375 ns, At safepoint: 25875 ns, Total: 470250 ns
[2023-07-18T06:29:49.392+0000][1][safepoint    ] Safepoint "RevokeBias", Time since last: 10428458 ns, Reaching safepoint: 404542 ns, At safepoint: 42042 ns, Total: 446584 ns
[2023-07-18T06:29:49.393+0000][1][safepoint    ] Safepoint "RevokeBias", Time since last: 901041 ns, Reaching safepoint: 277792 ns, At safepoint: 18000 ns, Total: 295792 ns
[2023-07-18T06:29:49.408+0000][1][safepoint    ] Safepoint "RevokeBias", Time since last: 14216042 ns, Reaching safepoint: 782458 ns, At safepoint: 33042 ns, Total: 815500 ns
[2023-07-18T06:29:49.433+0000][1][safepoint    ] Safepoint "RevokeBias", Time since last: 23627375 ns, Reaching safepoint: 1026000 ns, At safepoint: 119708 ns, Total: 1145708 ns
[2023-07-18T06:29:49.435+0000][1][safepoint    ] Safepoint "RevokeBias", Time since last: 649417 ns, Reaching safepoint: 1136000 ns, At safepoint: 44125 ns, Total: 1180125 ns
[2023-07-18T06:29:49.478+0000][1][safepoint    ] Safepoint "RevokeBias", Time since last: 42827458 ns, Reaching safepoint: 693167 ns, At safepoint: 29166 ns, Total: 722333 ns
[2023-07-18T06:29:49.479+0000][1][safepoint    ] Safepoint "RevokeBias", Time since last: 409959 ns, Reaching safepoint: 326458 ns, At safepoint: 23375 ns, Total: 349833 ns
[2023-07-18T06:29:49.480+0000][1][safepoint    ] Safepoint "RevokeBias", Time since last: 439583 ns, Reaching safepoint: 303917 ns, At safepoint: 21000 ns, Total: 324917 ns
[2023-07-18T06:29:49.480+0000][1][safepoint    ] Safepoint "RevokeBias", Time since last: 157875 ns, Reaching safepoint: 322042 ns, At safepoint: 41000 ns, Total: 363042 ns
[2023-07-18T06:29:49.481+0000][1][safepoint    ] Safepoint "RevokeBias", Time since last: 422958 ns, Reaching safepoint: 228208 ns, At safepoint: 21709 ns, Total: 249917 ns
[2023-07-18T06:29:49.482+0000][1][safepoint    ] Safepoint "RevokeBias", Time since last: 270750 ns, Reaching safepoint: 369416 ns, At safepoint: 22542 ns, Total: 391958 ns
[2023-07-18T06:29:49.484+0000][1][safepoint    ] Safepoint "RevokeBias", Time since last: 1567667 ns, Reaching safepoint: 315666 ns, At safepoint: 21459 ns, Total: 337125 ns
[2023-07-18T06:29:49.499+0000][1][safepoint    ] Safepoint "RevokeBias", Time since last: 14818583 ns, Reaching safepoint: 632042 ns, At safepoint: 36541 ns, Total: 668583 ns
[2023-07-18T06:29:49.551+0000][1][safepoint    ] Safepoint "RevokeBias", Time since last: 51545000 ns, Reaching safepoint: 530000 ns, At safepoint: 29375 ns, Total: 559375 ns
[2023-07-18T06:29:49.561+0000][1][safepoint    ] Safepoint "RevokeBias", Time since last: 8219625 ns, Reaching safepoint: 1359709 ns, At safepoint: 87000 ns, Total: 1446709 ns
[2023-07-18T06:29:49.562+0000][1][safepoint    ] Safepoint "RevokeBias", Time since last: 730583 ns, Reaching safepoint: 371542 ns, At safepoint: 24541 ns, Total: 396083 ns
[2023-07-18T06:29:49.563+0000][1][safepoint    ] Safepoint "RevokeBias", Time since last: 914042 ns, Reaching safepoint: 323375 ns, At safepoint: 21750 ns, Total: 345125 ns
[2023-07-18T06:29:49.565+0000][1][safepoint    ] Safepoint "RevokeBias", Time since last: 989125 ns, Reaching safepoint: 437167 ns, At safepoint: 18500 ns, Total: 455667 ns
[2023-07-18T06:29:49.578+0000][1][safepoint    ] Safepoint "RevokeBias", Time since last: 11547416 ns, Reaching safepoint: 1272875 ns, At safepoint: 33750 ns, Total: 1306625 ns
[2023-07-18T06:29:49.579+0000][1][safepoint    ] Safepoint "RevokeBias", Time since last: 416292 ns, Reaching safepoint: 519958 ns, At safepoint: 21042 ns, Total: 541000 ns
[2023-07-18T06:29:49.757+0000][1][safepoint    ] Safepoint "RevokeBias", Time since last: 165244959 ns, Reaching safepoint: 6970916 ns, At safepoint: 3855584 ns, Total: 10826500 ns
[2023-07-18T06:29:49.775+0000][1][safepoint    ] Safepoint "RevokeBias", Time since last: 19576333 ns, Reaching safepoint: 338292 ns, At safepoint: 31958 ns, Total: 370250 ns
[2023-07-18T06:29:49.776+0000][1][safepoint    ] Safepoint "RevokeBias", Time since last: 709458 ns, Reaching safepoint: 238250 ns, At safepoint: 37917 ns, Total: 276167 ns
[2023-07-18T06:29:49.777+0000][1][safepoint    ] Safepoint "RevokeBias", Time since last: 820792 ns, Reaching safepoint: 225291 ns, At safepoint: 22042 ns, Total: 247333 ns
[2023-07-18T06:29:49.778+0000][1][safepoint    ] Safepoint "RevokeBias", Time since last: 929583 ns, Reaching safepoint: 219875 ns, At safepoint: 17459 ns, Total: 237334 ns
[2023-07-18T06:29:49.779+0000][1][safepoint    ] Safepoint "RevokeBias", Time since last: 788666 ns, Reaching safepoint: 213459 ns, At safepoint: 10666 ns, Total: 224125 ns
[2023-07-18T06:29:49.993+0000][1][safepoint    ] Safepoint "RevokeBias", Time since last: 210389709 ns, Reaching safepoint: 3254125 ns, At safepoint: 38125 ns, Total: 3292250 ns
[2023-07-18T06:29:50.030+0000][1][safepoint    ] Safepoint "RevokeBias", Time since last: 36268833 ns, Reaching safepoint: 1172167 ns, At safepoint: 29375 ns, Total: 1201542 ns
[2023-07-18T06:29:50.112+0000][1][safepoint    ] Safepoint "RevokeBias", Time since last: 81960583 ns, Reaching safepoint: 491125 ns, At safepoint: 23833 ns, Total: 514958 ns
[2023-07-18T06:29:50.125+0000][1][safepoint    ] Safepoint "RevokeBias", Time since last: 11095459 ns, Reaching safepoint: 532875 ns, At safepoint: 727666 ns, Total: 1260541 ns
[2023-07-18T06:29:50.136+0000][1][safepoint    ] Safepoint "RevokeBias", Time since last: 10174292 ns, Reaching safepoint: 819417 ns, At safepoint: 57541 ns, Total: 876958 ns
[2023-07-18T06:29:50.152+0000][1][safepoint    ] Safepoint "RevokeBias", Time since last: 14371875 ns, Reaching safepoint: 1186042 ns, At safepoint: 101708 ns, Total: 1287750 ns
[2023-07-18T06:29:50.153+0000][1][safepoint    ] Safepoint "RevokeBias", Time since last: 659000 ns, Reaching safepoint: 765625 ns, At safepoint: 68250 ns, Total: 833875 ns
[2023-07-18T06:29:50.154+0000][1][safepoint    ] Safepoint "RevokeBias", Time since last: 413125 ns, Reaching safepoint: 816000 ns, At safepoint: 163792 ns, Total: 979792 ns
[2023-07-18T06:29:50.156+0000][1][safepoint    ] Safepoint "RevokeBias", Time since last: 211125 ns, Reaching safepoint: 828083 ns, At safepoint: 75000 ns, Total: 903083 ns
[2023-07-18T06:29:50.162+0000][1][safepoint    ] Safepoint "RevokeBias", Time since last: 6449167 ns, Reaching safepoint: 293583 ns, At safepoint: 69167 ns, Total: 362750 ns
[2023-07-18T06:29:50.163+0000][1][safepoint    ] Safepoint "RevokeBias", Time since last: 336958 ns, Reaching safepoint: 303750 ns, At safepoint: 101750 ns, Total: 405500 ns
[2023-07-18T06:29:50.165+0000][1][safepoint    ] Safepoint "BulkRevokeBias", Time since last: 211625 ns, Reaching safepoint: 290792 ns, At safepoint: 1392083 ns, Total: 1682875 ns
[2023-07-18T06:29:50.173+0000][1][safepoint    ] Safepoint "BulkRevokeBias", Time since last: 6834584 ns, Reaching safepoint: 380291 ns, At safepoint: 1072042 ns, Total: 1452333 ns
[2023-07-18T06:29:50.205+0000][1][safepoint    ] Safepoint "RevokeBias", Time since last: 30591625 ns, Reaching safepoint: 643208 ns, At safepoint: 57500 ns, Total: 700708 ns
[2023-07-18T06:29:50.206+0000][1][safepoint    ] Safepoint "RevokeBias", Time since last: 407792 ns, Reaching safepoint: 554417 ns, At safepoint: 31791 ns, Total: 586208 ns
[2023-07-18T06:29:50.209+0000][1][safepoint    ] Safepoint "RevokeBias", Time since last: 1823375 ns, Reaching safepoint: 1152917 ns, At safepoint: 78792 ns, Total: 1231709 ns
[2023-07-18T06:29:50.210+0000][1][safepoint    ] Safepoint "RevokeBias", Time since last: 1082958 ns, Reaching safepoint: 403583 ns, At safepoint: 55125 ns, Total: 458708 ns
[2023-07-18T06:29:50.211+0000][1][safepoint    ] Safepoint "RevokeBias", Time since last: 244792 ns, Reaching safepoint: 304208 ns, At safepoint: 75292 ns, Total: 379500 ns
[2023-07-18T06:29:50.214+0000][1][safepoint    ] Safepoint "RevokeBias", Time since last: 2676083 ns, Reaching safepoint: 512125 ns, At safepoint: 142250 ns, Total: 654375 ns
[2023-07-18T06:29:50.215+0000][1][safepoint    ] Safepoint "RevokeBias", Time since last: 609917 ns, Reaching safepoint: 583917 ns, At safepoint: 68791 ns, Total: 652708 ns
[2023-07-18T06:29:50.216+0000][1][safepoint    ] Safepoint "RevokeBias", Time since last: 356750 ns, Reaching safepoint: 486750 ns, At safepoint: 54125 ns, Total: 540875 ns
[2023-07-18T06:29:50.233+0000][1][safepoint    ] Safepoint "RevokeBias", Time since last: 16072625 ns, Reaching safepoint: 608959 ns, At safepoint: 119291 ns, Total: 728250 ns
[2023-07-18T06:29:50.239+0000][1][safepoint    ] Safepoint "RevokeBias", Time since last: 4285167 ns, Reaching safepoint: 1051958 ns, At safepoint: 127334 ns, Total: 1179292 ns
[2023-07-18T06:29:50.241+0000][1][safepoint    ] Safepoint "RevokeBias", Time since last: 1776375 ns, Reaching safepoint: 603541 ns, At safepoint: 96084 ns, Total: 699625 ns
[2023-07-18T06:29:50.242+0000][1][safepoint    ] Safepoint "RevokeBias", Time since last: 618458 ns, Reaching safepoint: 613583 ns, At safepoint: 51000 ns, Total: 664583 ns
[2023-07-18T06:29:50.243+0000][1][safepoint    ] Safepoint "RevokeBias", Time since last: 212084 ns, Reaching safepoint: 783625 ns, At safepoint: 48833 ns, Total: 832458 ns
[2023-07-18T06:29:50.246+0000][1][safepoint    ] Safepoint "RevokeBias", Time since last: 1657250 ns, Reaching safepoint: 609042 ns, At safepoint: 71416 ns, Total: 680458 ns
[2023-07-18T06:29:50.250+0000][1][safepoint    ] Safepoint "BulkRevokeBias", Time since last: 1248792 ns, Reaching safepoint: 1792250 ns, At safepoint: 1733583 ns, Total: 3525833 ns
[2023-07-18T06:29:50.256+0000][1][safepoint    ] Safepoint "RevokeBias", Time since last: 3042209 ns, Reaching safepoint: 2638083 ns, At safepoint: 78542 ns, Total: 2716625 ns
[2023-07-18T06:29:50.258+0000][1][safepoint    ] Safepoint "RevokeBias", Time since last: 319833 ns, Reaching safepoint: 927333 ns, At safepoint: 68667 ns, Total: 996000 ns
[2023-07-18T06:29:50.261+0000][1][safepoint    ] Safepoint "RevokeBias", Time since last: 318958 ns, Reaching safepoint: 2688417 ns, At safepoint: 87583 ns, Total: 2776000 ns
[2023-07-18T06:29:50.262+0000][1][safepoint    ] Safepoint "RevokeBias", Time since last: 190959 ns, Reaching safepoint: 699083 ns, At safepoint: 79042 ns, Total: 778125 ns
[2023-07-18T06:29:50.299+0000][1][safepoint    ] Safepoint "RevokeBias", Time since last: 36688125 ns, Reaching safepoint: 1123291 ns, At safepoint: 70750 ns, Total: 1194041 ns
[2023-07-18T06:29:50.302+0000][1][safepoint    ] Safepoint "RevokeBias", Time since last: 1773209 ns, Reaching safepoint: 1155291 ns, At safepoint: 91834 ns, Total: 1247125 ns
[2023-07-18T06:29:50.304+0000][1][safepoint    ] Safepoint "RevokeBias", Time since last: 491833 ns, Reaching safepoint: 601833 ns, At safepoint: 68500 ns, Total: 670333 ns
[2023-07-18T06:29:50.307+0000][1][safepoint    ] Safepoint "RevokeBias", Time since last: 2540084 ns, Reaching safepoint: 946541 ns, At safepoint: 62667 ns, Total: 1009208 ns
[2023-07-18T06:29:50.312+0000][1][safepoint    ] Safepoint "RevokeBias", Time since last: 3776750 ns, Reaching safepoint: 600208 ns, At safepoint: 57917 ns, Total: 658125 ns
[2023-07-18T06:29:50.312+0000][1][safepoint    ] Safepoint "RevokeBias", Time since last: 149917 ns, Reaching safepoint: 386833 ns, At safepoint: 53833 ns, Total: 440666 ns
[2023-07-18T06:29:50.314+0000][1][safepoint    ] Safepoint "RevokeBias", Time since last: 1487459 ns, Reaching safepoint: 470291 ns, At safepoint: 47625 ns, Total: 517916 ns
[2023-07-18T06:29:50.316+0000][1][safepoint    ] Safepoint "RevokeBias", Time since last: 758167 ns, Reaching safepoint: 946208 ns, At safepoint: 48334 ns, Total: 994542 ns
[2023-07-18T06:29:50.317+0000][1][safepoint    ] Safepoint "RevokeBias", Time since last: 501708 ns, Reaching safepoint: 733583 ns, At safepoint: 47667 ns, Total: 781250 ns
[2023-07-18T06:29:50.320+0000][1][safepoint    ] Safepoint "RevokeBias", Time since last: 1515833 ns, Reaching safepoint: 827542 ns, At safepoint: 84500 ns, Total: 912042 ns
[2023-07-18T06:29:50.327+0000][1][safepoint    ] Safepoint "RevokeBias", Time since last: 6023125 ns, Reaching safepoint: 750542 ns, At safepoint: 88333 ns, Total: 838875 ns
[2023-07-18T06:29:50.327+0000][1][safepoint    ] Safepoint "RevokeBias", Time since last: 269542 ns, Reaching safepoint: 297333 ns, At safepoint: 43500 ns, Total: 340833 ns
[2023-07-18T06:29:50.335+0000][1][safepoint    ] Safepoint "RevokeBias", Time since last: 5511458 ns, Reaching safepoint: 2757875 ns, At safepoint: 46084 ns, Total: 2803959 ns
[2023-07-18T06:29:50.348+0000][1][safepoint    ] Safepoint "RevokeBias", Time since last: 11453583 ns, Reaching safepoint: 904333 ns, At safepoint: 31875 ns, Total: 936208 ns
[2023-07-18T06:29:50.361+0000][1][safepoint    ] Safepoint "RevokeBias", Time since last: 11971459 ns, Reaching safepoint: 837583 ns, At safepoint: 70292 ns, Total: 907875 ns
[2023-07-18T06:29:50.362+0000][1][safepoint    ] Safepoint "RevokeBias", Time since last: 344583 ns, Reaching safepoint: 517417 ns, At safepoint: 48125 ns, Total: 565542 ns
[2023-07-18T06:29:50.363+0000][1][safepoint    ] Safepoint "RevokeBias", Time since last: 236125 ns, Reaching safepoint: 747125 ns, At safepoint: 50208 ns, Total: 797333 ns
[2023-07-18T06:29:50.415+0000][1][safepoint    ] Safepoint "RevokeBias", Time since last: 51573292 ns, Reaching safepoint: 676125 ns, At safepoint: 68958 ns, Total: 745083 ns
[2023-07-18T06:29:50.421+0000][1][safepoint    ] Safepoint "RevokeBias", Time since last: 4901667 ns, Reaching safepoint: 761583 ns, At safepoint: 86375 ns, Total: 847958 ns
[2023-07-18T06:29:50.426+0000][1][safepoint    ] Safepoint "RevokeBias", Time since last: 4145375 ns, Reaching safepoint: 875959 ns, At safepoint: 63000 ns, Total: 938959 ns
[2023-07-18T06:29:50.434+0000][1][safepoint    ] Safepoint "RevokeBias", Time since last: 6654625 ns, Reaching safepoint: 1379000 ns, At safepoint: 66750 ns, Total: 1445750 ns
[2023-07-18T06:29:50.439+0000][1][safepoint    ] Safepoint "RevokeBias", Time since last: 3923208 ns, Reaching safepoint: 1311542 ns, At safepoint: 70791 ns, Total: 1382333 ns
[2023-07-18T06:29:50.447+0000][1][safepoint    ] Safepoint "RevokeBias", Time since last: 6836042 ns, Reaching safepoint: 825792 ns, At safepoint: 65666 ns, Total: 891458 ns
[2023-07-18T06:29:50.450+0000][1][safepoint    ] Safepoint "RevokeBias", Time since last: 2330917 ns, Reaching safepoint: 626958 ns, At safepoint: 58750 ns, Total: 685708 ns
[2023-07-18T06:29:50.454+0000][1][safepoint    ] Safepoint "RevokeBias", Time since last: 3658792 ns, Reaching safepoint: 746083 ns, At safepoint: 80667 ns, Total: 826750 ns
[2023-07-18T06:29:50.458+0000][1][safepoint    ] Safepoint "RevokeBias", Time since last: 2629875 ns, Reaching safepoint: 427292 ns, At safepoint: 53958 ns, Total: 481250 ns
[2023-07-18T06:29:50.460+0000][1][safepoint    ] Safepoint "RevokeBias", Time since last: 1445333 ns, Reaching safepoint: 625584 ns, At safepoint: 51166 ns, Total: 676750 ns
[2023-07-18T06:29:50.462+0000][1][safepoint    ] Safepoint "RevokeBias", Time since last: 469125 ns, Reaching safepoint: 1480417 ns, At safepoint: 50458 ns, Total: 1530875 ns
[2023-07-18T06:29:50.463+0000][1][safepoint    ] Safepoint "RevokeBias", Time since last: 1038000 ns, Reaching safepoint: 654042 ns, At safepoint: 48500 ns, Total: 702542 ns
[2023-07-18T06:29:50.489+0000][1][safepoint    ] Safepoint "RevokeBias", Time since last: 24585958 ns, Reaching safepoint: 1261959 ns, At safepoint: 33291 ns, Total: 1295250 ns
[2023-07-18T06:29:50.616+0000][1][safepoint    ] Safepoint "RevokeBias", Time since last: 125881667 ns, Reaching safepoint: 589292 ns, At safepoint: 75833 ns, Total: 665125 ns
[2023-07-18T06:29:50.624+0000][1][safepoint    ] Safepoint "RevokeBias", Time since last: 7114208 ns, Reaching safepoint: 637584 ns, At safepoint: 25458 ns, Total: 663042 ns
[2023-07-18T06:29:50.649+0000][1][safepoint    ] Safepoint "RevokeBias", Time since last: 24957083 ns, Reaching safepoint: 518209 ns, At safepoint: 72041 ns, Total: 590250 ns
[2023-07-18T06:29:50.650+0000][1][safepoint    ] Safepoint "RevokeBias", Time since last: 847750 ns, Reaching safepoint: 233125 ns, At safepoint: 46959 ns, Total: 280084 ns
[2023-07-18T06:29:50.652+0000][1][safepoint    ] Safepoint "RevokeBias", Time since last: 895500 ns, Reaching safepoint: 252083 ns, At safepoint: 42458 ns, Total: 294541 ns
[2023-07-18T06:29:50.652+0000][1][safepoint    ] Safepoint "RevokeBias", Time since last: 589584 ns, Reaching safepoint: 274416 ns, At safepoint: 56792 ns, Total: 331208 ns
[2023-07-18T06:29:50.654+0000][1][safepoint    ] Safepoint "RevokeBias", Time since last: 1050875 ns, Reaching safepoint: 555667 ns, At safepoint: 69666 ns, Total: 625333 ns
[2023-07-18T06:29:50.656+0000][1][safepoint    ] Safepoint "RevokeBias", Time since last: 1168875 ns, Reaching safepoint: 500834 ns, At safepoint: 64875 ns, Total: 565709 ns
[2023-07-18T06:29:50.656+0000][1][safepoint    ] Safepoint "RevokeBias", Time since last: 332958 ns, Reaching safepoint: 262042 ns, At safepoint: 48666 ns, Total: 310708 ns
[2023-07-18T06:29:50.658+0000][1][safepoint    ] Safepoint "RevokeBias", Time since last: 659959 ns, Reaching safepoint: 369041 ns, At safepoint: 48625 ns, Total: 417666 ns
[2023-07-18T06:29:50.658+0000][1][safepoint    ] Safepoint "RevokeBias", Time since last: 252500 ns, Reaching safepoint: 235084 ns, At safepoint: 42875 ns, Total: 277959 ns
[2023-07-18T06:29:50.659+0000][1][safepoint    ] Safepoint "RevokeBias", Time since last: 780041 ns, Reaching safepoint: 325917 ns, At safepoint: 53375 ns, Total: 379292 ns
[2023-07-18T06:29:50.660+0000][1][safepoint    ] Safepoint "RevokeBias", Time since last: 274125 ns, Reaching safepoint: 227125 ns, At safepoint: 41250 ns, Total: 268375 ns
[2023-07-18T06:29:50.661+0000][1][safepoint    ] Safepoint "RevokeBias", Time since last: 657083 ns, Reaching safepoint: 379334 ns, At safepoint: 49416 ns, Total: 428750 ns
[2023-07-18T06:29:50.665+0000][1][safepoint    ] Safepoint "RevokeBias", Time since last: 3270334 ns, Reaching safepoint: 324541 ns, At safepoint: 51292 ns, Total: 375833 ns
[2023-07-18T06:29:50.681+0000][1][safepoint    ] Safepoint "RevokeBias", Time since last: 15619250 ns, Reaching safepoint: 699000 ns, At safepoint: 421458 ns, Total: 1120458 ns
[2023-07-18T06:29:50.682+0000][1][safepoint    ] Safepoint "RevokeBias", Time since last: 292000 ns, Reaching safepoint: 302709 ns, At safepoint: 506208 ns, Total: 808917 ns
[2023-07-18T06:29:50.733+0000][1][safepoint    ] Safepoint "RevokeBias", Time since last: 50062417 ns, Reaching safepoint: 464291 ns, At safepoint: 32459 ns, Total: 496750 ns
[2023-07-18T06:29:50.741+0000][1][safepoint    ] Safepoint "RevokeBias", Time since last: 7500708 ns, Reaching safepoint: 417500 ns, At safepoint: 31500 ns, Total: 449000 ns
[2023-07-18T06:29:50.766+0000][1][safepoint    ] Safepoint "RevokeBias", Time since last: 25002875 ns, Reaching safepoint: 573208 ns, At safepoint: 33584 ns, Total: 606792 ns
[2023-07-18T06:29:50.779+0000][1][safepoint    ] Safepoint "RevokeBias", Time since last: 12132416 ns, Reaching safepoint: 745709 ns, At safepoint: 35166 ns, Total: 780875 ns
[2023-07-18T06:29:50.790+0000][1][safepoint    ] Safepoint "RevokeBias", Time since last: 9968459 ns, Reaching safepoint: 182916 ns, At safepoint: 56125 ns, Total: 239041 ns
[2023-07-18T06:29:50.824+0000][1][safepoint    ] Safepoint "RevokeBias", Time since last: 33792792 ns, Reaching safepoint: 637917 ns, At safepoint: 141666 ns, Total: 779583 ns
[2023-07-18T06:29:50.833+0000][1][gc,heap,exit ] Heap
[2023-07-18T06:29:50.834+0000][1][gc,heap,exit ]  par new generation   total 157248K, used 26045K [0x00000000e0000000, 0x00000000eaaa0000, 0x00000000eaaa0000)
[2023-07-18T06:29:50.835+0000][1][gc,heap,exit ]   eden space 139776K,  18% used [0x00000000e0000000, 0x00000000e19266d0, 0x00000000e8880000)
[2023-07-18T06:29:50.836+0000][1][gc,heap,exit ]   from space 17472K,   1% used [0x00000000e9990000, 0x00000000e99d9040, 0x00000000eaaa0000)
[2023-07-18T06:29:50.836+0000][1][gc,heap,exit ]   to   space 17472K,   0% used [0x00000000e8880000, 0x00000000e8880000, 0x00000000e9990000)
[2023-07-18T06:29:50.837+0000][1][gc,heap,exit ]  concurrent mark-sweep generation total 349568K, used 72178K [0x00000000eaaa0000, 0x0000000100000000, 0x0000000100000000)
[2023-07-18T06:29:50.840+0000][1][gc,heap,exit ]  Metaspace       used 93380K, capacity 100440K, committed 100512K, reserved 1134592K
[2023-07-18T06:29:50.842+0000][1][gc,heap,exit ]   class space    used 12062K, capacity 15030K, committed 15096K, reserved 1048576K
