[2023-07-18T02:42:06.129+0000][108][gc] Using Concurrent Mark Sweep
[2023-07-18T02:42:06.131+0000][108][gc,heap,coops] Heap address: 0x00000000e0000000, size: 512 MB, Compressed Oops mode: 32-bit
[2023-07-18T02:42:07.034+0000][108][safepoint    ] Safepoint "EnableBiasedLocking", Time since last: 677169001 ns, Reaching safepoint: 3045500 ns, At safepoint: 502375 ns, Total: 3547875 ns
[2023-07-18T02:42:07.045+0000][108][gc,heap,exit ] Heap
[2023-07-18T02:42:07.046+0000][108][gc,heap,exit ]  par new generation   total 157248K, used 8386K [0x00000000e0000000, 0x00000000eaaa0000, 0x00000000eaaa0000)
[2023-07-18T02:42:07.047+0000][108][gc,heap,exit ]   eden space 139776K,   6% used [0x00000000e0000000, 0x00000000e0830bc8, 0x00000000e8880000)
[2023-07-18T02:42:07.047+0000][108][gc,heap,exit ]   from space 17472K,   0% used [0x00000000e8880000, 0x00000000e8880000, 0x00000000e9990000)
[2023-07-18T02:42:07.047+0000][108][gc,heap,exit ]   to   space 17472K,   0% used [0x00000000e9990000, 0x00000000e9990000, 0x00000000eaaa0000)
[2023-07-18T02:42:07.047+0000][108][gc,heap,exit ]  concurrent mark-sweep generation total 349568K, used 0K [0x00000000eaaa0000, 0x0000000100000000, 0x0000000100000000)
[2023-07-18T02:42:07.047+0000][108][gc,heap,exit ]  Metaspace       used 163K, capacity 4480K, committed 4480K, reserved 1056768K
[2023-07-18T02:42:07.048+0000][108][gc,heap,exit ]   class space    used 7K, capacity 384K, committed 384K, reserved 1048576K
