[2023-07-18T08:20:28.553+0000][107][gc] Using Concurrent Mark Sweep
[2023-07-18T08:20:28.555+0000][107][gc,heap,coops] Heap address: 0x00000000e0000000, size: 512 MB, Compressed Oops mode: 32-bit
[2023-07-18T08:20:29.288+0000][107][safepoint    ] Safepoint "EnableBiasedLocking", Time since last: 546018209 ns, Reaching safepoint: 5015416 ns, At safepoint: 639334 ns, Total: 5654750 ns
[2023-07-18T08:20:29.352+0000][107][gc,heap,exit ] Heap
[2023-07-18T08:20:29.352+0000][107][gc,heap,exit ]  par new generation   total 157248K, used 5591K [0x00000000e0000000, 0x00000000eaaa0000, 0x00000000eaaa0000)
[2023-07-18T08:20:29.353+0000][107][gc,heap,exit ]   eden space 139776K,   4% used [0x00000000e0000000, 0x00000000e0575da0, 0x00000000e8880000)
[2023-07-18T08:20:29.353+0000][107][gc,heap,exit ]   from space 17472K,   0% used [0x00000000e8880000, 0x00000000e8880000, 0x00000000e9990000)
[2023-07-18T08:20:29.353+0000][107][gc,heap,exit ]   to   space 17472K,   0% used [0x00000000e9990000, 0x00000000e9990000, 0x00000000eaaa0000)
[2023-07-18T08:20:29.353+0000][107][gc,heap,exit ]  concurrent mark-sweep generation total 349568K, used 0K [0x00000000eaaa0000, 0x0000000100000000, 0x0000000100000000)
[2023-07-18T08:20:29.353+0000][107][gc,heap,exit ]  Metaspace       used 160K, capacity 4480K, committed 4480K, reserved 1056768K
[2023-07-18T08:20:29.353+0000][107][gc,heap,exit ]   class space    used 7K, capacity 384K, committed 384K, reserved 1048576K
