[2023-07-17T14:49:49.204+0000][1][gc] Using Concurrent Mark Sweep
[2023-07-17T14:49:49.206+0000][1][gc,heap,coops] Heap address: 0x00000000e0000000, size: 512 MB, Compressed Oops mode: 32-bit
[2023-07-17T14:49:49.838+0000][1][safepoint    ] Safepoint "EnableBiasedLocking", Time since last: 507022000 ns, Reaching safepoint: 2084625 ns, At safepoint: 518291 ns, Total: 2602916 ns
[2023-07-17T14:49:49.930+0000][1][safepoint    ] Safepoint "RevokeBias", Time since last: 73366417 ns, Reaching safepoint: 13068500 ns, At safepoint: 5172708 ns, Total: 18241208 ns
[2023-07-17T14:49:50.046+0000][1][safepoint    ] Safepoint "Deoptimize", Time since last: 115313751 ns, Reaching safepoint: 76458 ns, At safepoint: 409958 ns, Total: 486416 ns
[2023-07-17T14:49:50.921+0000][1][safepoint    ] Safepoint "RevokeBias", Time since last: 874242834 ns, Reaching safepoint: 446875 ns, At safepoint: 339458 ns, Total: 786333 ns
[2023-07-17T14:49:50.956+0000][1][safepoint    ] Safepoint "Deoptimize", Time since last: 34805209 ns, Reaching safepoint: 68791 ns, At safepoint: 110250 ns, Total: 179041 ns
[2023-07-17T14:49:50.960+0000][1][safepoint    ] Safepoint "Deoptimize", Time since last: 4437584 ns, Reaching safepoint: 129916 ns, At safepoint: 110917 ns, Total: 240833 ns
[2023-07-17T14:49:51.298+0000][1][safepoint    ] Safepoint "Deoptimize", Time since last: 337841667 ns, Reaching safepoint: 114208 ns, At safepoint: 157250 ns, Total: 271458 ns
[2023-07-17T14:49:52.304+0000][1][safepoint    ] Safepoint "Cleanup", Time since last: 1000545917 ns, Reaching safepoint: 4656875 ns, At safepoint: 26459 ns, Total: 4683334 ns
[2023-07-17T14:49:53.308+0000][1][safepoint    ] Safepoint "Cleanup", Time since last: 1000394458 ns, Reaching safepoint: 3525917 ns, At safepoint: 11500 ns, Total: 3537417 ns
[2023-07-17T14:49:54.313+0000][1][safepoint    ] Safepoint "Cleanup", Time since last: 1003494084 ns, Reaching safepoint: 1454792 ns, At safepoint: 12500 ns, Total: 1467292 ns
[2023-07-17T14:49:55.024+0000][1][safepoint    ] Safepoint "Deoptimize", Time since last: 710521667 ns, Reaching safepoint: 372958 ns, At safepoint: 260000 ns, Total: 632958 ns
[2023-07-17T14:49:55.524+0000][1][safepoint    ] Safepoint "Deoptimize", Time since last: 499309833 ns, Reaching safepoint: 465125 ns, At safepoint: 281792 ns, Total: 746917 ns
[2023-07-17T14:49:56.525+0000][1][safepoint    ] Safepoint "Cleanup", Time since last: 1000458584 ns, Reaching safepoint: 344583 ns, At safepoint: 11417 ns, Total: 356000 ns
[2023-07-17T14:49:56.554+0000][1][safepoint    ] Safepoint "Deoptimize", Time since last: 28968000 ns, Reaching safepoint: 132208 ns, At safepoint: 295834 ns, Total: 428042 ns
[2023-07-17T14:49:57.556+0000][1][safepoint    ] Safepoint "Cleanup", Time since last: 1000343083 ns, Reaching safepoint: 1256625 ns, At safepoint: 34417 ns, Total: 1291042 ns
[2023-07-17T14:49:57.785+0000][1][safepoint    ] Safepoint "Deoptimize", Time since last: 228228709 ns, Reaching safepoint: 146583 ns, At safepoint: 546292 ns, Total: 692875 ns
[2023-07-17T14:49:58.786+0000][1][safepoint    ] Safepoint "Cleanup", Time since last: 1000517417 ns, Reaching safepoint: 507000 ns, At safepoint: 16083 ns, Total: 523083 ns
[2023-07-17T14:49:58.912+0000][1][safepoint    ] Safepoint "Deoptimize", Time since last: 125570958 ns, Reaching safepoint: 396125 ns, At safepoint: 401709 ns, Total: 797834 ns
[2023-07-17T14:49:59.766+0000][1][safepoint    ] Safepoint "RevokeBias", Time since last: 853205417 ns, Reaching safepoint: 377083 ns, At safepoint: 212542 ns, Total: 589625 ns
[2023-07-17T14:50:00.776+0000][1][safepoint    ] Safepoint "Cleanup", Time since last: 1009393750 ns, Reaching safepoint: 1037584 ns, At safepoint: 9083 ns, Total: 1046667 ns
[2023-07-17T14:50:00.833+0000][1][safepoint    ] Safepoint "Deoptimize", Time since last: 56702292 ns, Reaching safepoint: 105625 ns, At safepoint: 416583 ns, Total: 522208 ns
[2023-07-17T14:50:01.835+0000][1][safepoint    ] Safepoint "Cleanup", Time since last: 1000427792 ns, Reaching safepoint: 1223709 ns, At safepoint: 9875 ns, Total: 1233584 ns
[2023-07-17T14:50:01.891+0000][1][safepoint    ] Safepoint "Deoptimize", Time since last: 55606875 ns, Reaching safepoint: 274875 ns, At safepoint: 482541 ns, Total: 757416 ns
[2023-07-17T14:50:01.897+0000][1][safepoint    ] Safepoint "Deoptimize", Time since last: 5071959 ns, Reaching safepoint: 58208 ns, At safepoint: 432250 ns, Total: 490458 ns
[2023-07-17T14:50:02.175+0000][1][safepoint    ] Safepoint "Deoptimize", Time since last: 270533875 ns, Reaching safepoint: 606125 ns, At safepoint: 6535667 ns, Total: 7141792 ns
[2023-07-17T14:50:02.198+0000][1][safepoint    ] Safepoint "Deoptimize", Time since last: 23021625 ns, Reaching safepoint: 185000 ns, At safepoint: 486625 ns, Total: 671625 ns
[2023-07-17T14:50:02.356+0000][1][safepoint    ] Safepoint "RevokeBias", Time since last: 149995958 ns, Reaching safepoint: 7112125 ns, At safepoint: 230625 ns, Total: 7342750 ns
[2023-07-17T14:50:02.357+0000][1][safepoint    ] Safepoint "RevokeBias", Time since last: 661875 ns, Reaching safepoint: 283417 ns, At safepoint: 86250 ns, Total: 369667 ns
[2023-07-17T14:50:02.358+0000][1][safepoint    ] Safepoint "RevokeBias", Time since last: 1063500 ns, Reaching safepoint: 411166 ns, At safepoint: 97750 ns, Total: 508916 ns
[2023-07-17T14:50:02.360+0000][1][safepoint    ] Safepoint "RevokeBias", Time since last: 1025334 ns, Reaching safepoint: 513583 ns, At safepoint: 89250 ns, Total: 602833 ns
[2023-07-17T14:50:02.365+0000][1][safepoint    ] Safepoint "RevokeBias", Time since last: 4765542 ns, Reaching safepoint: 70875 ns, At safepoint: 68208 ns, Total: 139083 ns
[2023-07-17T14:50:02.425+0000][1][safepoint    ] Safepoint "Deoptimize", Time since last: 58828208 ns, Reaching safepoint: 504834 ns, At safepoint: 491500 ns, Total: 996334 ns
[2023-07-17T14:50:02.531+0000][1][safepoint    ] Safepoint "Deoptimize", Time since last: 105069208 ns, Reaching safepoint: 274209 ns, At safepoint: 550291 ns, Total: 824500 ns
[2023-07-17T14:50:03.536+0000][1][safepoint    ] Safepoint "Cleanup", Time since last: 1002932501 ns, Reaching safepoint: 2080916 ns, At safepoint: 24709 ns, Total: 2105625 ns
[2023-07-17T14:50:04.541+0000][1][safepoint    ] Safepoint "Cleanup", Time since last: 1000454917 ns, Reaching safepoint: 4893416 ns, At safepoint: 20459 ns, Total: 4913875 ns
[2023-07-17T14:50:05.314+0000][1][safepoint    ] Safepoint "Deoptimize", Time since last: 771129333 ns, Reaching safepoint: 482667 ns, At safepoint: 1248583 ns, Total: 1731250 ns
[2023-07-17T14:50:06.340+0000][1][safepoint    ] Safepoint "Cleanup", Time since last: 1005584084 ns, Reaching safepoint: 16765125 ns, At safepoint: 3225292 ns, Total: 19990417 ns
[2023-07-17T14:50:07.018+0000][1][safepoint    ] Safepoint "RevokeBias", Time since last: 677215417 ns, Reaching safepoint: 616458 ns, At safepoint: 970542 ns, Total: 1587000 ns
[2023-07-17T14:50:08.028+0000][1][safepoint    ] Safepoint "Cleanup", Time since last: 1000986750 ns, Reaching safepoint: 8706834 ns, At safepoint: 20166 ns, Total: 8727000 ns
[2023-07-17T14:50:08.319+0000][1][gc,start     ] GC(0) Pause Young (Allocation Failure)
[2023-07-17T14:50:08.333+0000][1][gc,task      ] GC(0) Using 4 workers of 4 for evacuation
[2023-07-17T14:50:08.458+0000][1][gc,age       ] GC(0) Desired survivor size 8945664 bytes, new threshold 6 (max threshold 6)
[2023-07-17T14:50:08.459+0000][1][gc,age       ] GC(0) Age table with threshold 6 (max threshold 6)
[2023-07-17T14:50:08.461+0000][1][gc,age       ] GC(0) - age   1:    8803856 bytes,    8803856 total
[2023-07-17T14:50:08.463+0000][1][gc,heap      ] GC(0) ParNew: 139776K->8698K(157248K)
[2023-07-17T14:50:08.467+0000][1][gc,heap      ] GC(0) CMS: 0K->0K(349568K)
[2023-07-17T14:50:08.467+0000][1][gc,metaspace ] GC(0) Metaspace: 15885K->15885K(1064960K)
[2023-07-17T14:50:08.468+0000][1][gc           ] GC(0) Pause Young (Allocation Failure) 136M->8M(494M) 148.735ms
[2023-07-17T14:50:08.469+0000][1][gc,cpu       ] GC(0) User=0.12s Sys=0.02s Real=0.15s
[2023-07-17T14:50:08.469+0000][1][safepoint    ] Safepoint "GenCollectForAllocation", Time since last: 288230167 ns, Reaching safepoint: 2671542 ns, At safepoint: 150036667 ns, Total: 152708209 ns
[2023-07-17T14:50:08.493+0000][1][safepoint    ] Safepoint "RevokeBias", Time since last: 18415375 ns, Reaching safepoint: 4149958 ns, At safepoint: 1231083 ns, Total: 5381041 ns
[2023-07-17T14:50:08.504+0000][1][safepoint    ] Safepoint "RevokeBias", Time since last: 9897125 ns, Reaching safepoint: 779542 ns, At safepoint: 764583 ns, Total: 1544125 ns
[2023-07-17T14:50:08.506+0000][1][safepoint    ] Safepoint "RevokeBias", Time since last: 1027667 ns, Reaching safepoint: 812833 ns, At safepoint: 117167 ns, Total: 930000 ns
[2023-07-17T14:50:08.510+0000][1][safepoint    ] Safepoint "RevokeBias", Time since last: 1189167 ns, Reaching safepoint: 2774041 ns, At safepoint: 134792 ns, Total: 2908833 ns
[2023-07-17T14:50:08.517+0000][1][safepoint    ] Safepoint "RevokeBias", Time since last: 6203208 ns, Reaching safepoint: 284584 ns, At safepoint: 153416 ns, Total: 438000 ns
[2023-07-17T14:50:08.518+0000][1][safepoint    ] Safepoint "RevokeBias", Time since last: 437250 ns, Reaching safepoint: 177167 ns, At safepoint: 90292 ns, Total: 267459 ns
[2023-07-17T14:50:08.518+0000][1][safepoint    ] Safepoint "RevokeBias", Time since last: 256666 ns, Reaching safepoint: 140959 ns, At safepoint: 69000 ns, Total: 209959 ns
[2023-07-17T14:50:08.519+0000][1][safepoint    ] Safepoint "RevokeBias", Time since last: 502041 ns, Reaching safepoint: 150250 ns, At safepoint: 105542 ns, Total: 255792 ns
[2023-07-17T14:50:08.519+0000][1][safepoint    ] Safepoint "RevokeBias", Time since last: 217250 ns, Reaching safepoint: 138458 ns, At safepoint: 60084 ns, Total: 198542 ns
[2023-07-17T14:50:08.520+0000][1][safepoint    ] Safepoint "RevokeBias", Time since last: 380125 ns, Reaching safepoint: 206041 ns, At safepoint: 67000 ns, Total: 273041 ns
[2023-07-17T14:50:08.520+0000][1][safepoint    ] Safepoint "RevokeBias", Time since last: 257834 ns, Reaching safepoint: 134416 ns, At safepoint: 62917 ns, Total: 197333 ns
[2023-07-17T14:50:08.521+0000][1][safepoint    ] Safepoint "RevokeBias", Time since last: 380167 ns, Reaching safepoint: 298375 ns, At safepoint: 87458 ns, Total: 385833 ns
[2023-07-17T14:50:08.522+0000][1][safepoint    ] Safepoint "RevokeBias", Time since last: 220708 ns, Reaching safepoint: 199125 ns, At safepoint: 69584 ns, Total: 268709 ns
[2023-07-17T14:50:08.523+0000][1][safepoint    ] Safepoint "RevokeBias", Time since last: 948625 ns, Reaching safepoint: 161625 ns, At safepoint: 109250 ns, Total: 270875 ns
[2023-07-17T14:50:08.523+0000][1][safepoint    ] Safepoint "RevokeBias", Time since last: 228416 ns, Reaching safepoint: 122542 ns, At safepoint: 97958 ns, Total: 220500 ns
[2023-07-17T14:50:08.524+0000][1][safepoint    ] Safepoint "RevokeBias", Time since last: 393834 ns, Reaching safepoint: 167916 ns, At safepoint: 85000 ns, Total: 252916 ns
[2023-07-17T14:50:08.524+0000][1][safepoint    ] Safepoint "RevokeBias", Time since last: 219667 ns, Reaching safepoint: 108875 ns, At safepoint: 62125 ns, Total: 171000 ns
[2023-07-17T14:50:08.525+0000][1][safepoint    ] Safepoint "RevokeBias", Time since last: 404250 ns, Reaching safepoint: 156042 ns, At safepoint: 91291 ns, Total: 247333 ns
[2023-07-17T14:50:08.526+0000][1][safepoint    ] Safepoint "RevokeBias", Time since last: 467959 ns, Reaching safepoint: 166000 ns, At safepoint: 123833 ns, Total: 289833 ns
[2023-07-17T14:50:08.526+0000][1][safepoint    ] Safepoint "RevokeBias", Time since last: 424750 ns, Reaching safepoint: 267958 ns, At safepoint: 128667 ns, Total: 396625 ns
[2023-07-17T14:50:08.527+0000][1][safepoint    ] Safepoint "RevokeBias", Time since last: 243667 ns, Reaching safepoint: 606291 ns, At safepoint: 138542 ns, Total: 744833 ns
[2023-07-17T14:50:08.528+0000][1][safepoint    ] Safepoint "RevokeBias", Time since last: 445042 ns, Reaching safepoint: 159500 ns, At safepoint: 122833 ns, Total: 282333 ns
[2023-07-17T14:50:08.529+0000][1][safepoint    ] Safepoint "RevokeBias", Time since last: 196500 ns, Reaching safepoint: 175000 ns, At safepoint: 131875 ns, Total: 306875 ns
[2023-07-17T14:50:08.529+0000][1][safepoint    ] Safepoint "RevokeBias", Time since last: 381125 ns, Reaching safepoint: 165875 ns, At safepoint: 130083 ns, Total: 295958 ns
[2023-07-17T14:50:08.530+0000][1][safepoint    ] Safepoint "RevokeBias", Time since last: 298167 ns, Reaching safepoint: 157208 ns, At safepoint: 101917 ns, Total: 259125 ns
[2023-07-17T14:50:08.531+0000][1][safepoint    ] Safepoint "RevokeBias", Time since last: 440208 ns, Reaching safepoint: 109209 ns, At safepoint: 99500 ns, Total: 208709 ns
[2023-07-17T14:50:08.531+0000][1][safepoint    ] Safepoint "RevokeBias", Time since last: 222500 ns, Reaching safepoint: 169250 ns, At safepoint: 102708 ns, Total: 271958 ns
[2023-07-17T14:50:08.532+0000][1][safepoint    ] Safepoint "RevokeBias", Time since last: 541083 ns, Reaching safepoint: 388459 ns, At safepoint: 136375 ns, Total: 524834 ns
[2023-07-17T14:50:08.535+0000][1][safepoint    ] Safepoint "RevokeBias", Time since last: 2280583 ns, Reaching safepoint: 381000 ns, At safepoint: 183667 ns, Total: 564667 ns
[2023-07-17T14:50:08.538+0000][1][safepoint    ] Safepoint "RevokeBias", Time since last: 2469708 ns, Reaching safepoint: 231542 ns, At safepoint: 141125 ns, Total: 372667 ns
[2023-07-17T14:50:08.556+0000][1][safepoint    ] Safepoint "RevokeBias", Time since last: 10626208 ns, Reaching safepoint: 7086875 ns, At safepoint: 126167 ns, Total: 7213042 ns
[2023-07-17T14:50:08.559+0000][1][safepoint    ] Safepoint "RevokeBias", Time since last: 1458875 ns, Reaching safepoint: 1247166 ns, At safepoint: 136542 ns, Total: 1383708 ns
[2023-07-17T14:50:08.566+0000][1][safepoint    ] Safepoint "RevokeBias", Time since last: 2249625 ns, Reaching safepoint: 3604958 ns, At safepoint: 734250 ns, Total: 4339208 ns
[2023-07-17T14:50:08.570+0000][1][safepoint    ] Safepoint "RevokeBias", Time since last: 1402834 ns, Reaching safepoint: 3522541 ns, At safepoint: 193167 ns, Total: 3715708 ns
[2023-07-17T14:50:08.573+0000][1][safepoint    ] Safepoint "RevokeBias", Time since last: 2124333 ns, Reaching safepoint: 199500 ns, At safepoint: 192917 ns, Total: 392417 ns
[2023-07-17T14:50:08.575+0000][1][safepoint    ] Safepoint "RevokeBias", Time since last: 1020125 ns, Reaching safepoint: 615292 ns, At safepoint: 165458 ns, Total: 780750 ns
[2023-07-17T14:50:08.578+0000][1][safepoint    ] Safepoint "RevokeBias", Time since last: 1345083 ns, Reaching safepoint: 2360584 ns, At safepoint: 182958 ns, Total: 2543542 ns
[2023-07-17T14:50:08.600+0000][1][safepoint    ] Safepoint "BulkRevokeBias", Time since last: 15486000 ns, Reaching safepoint: 196583 ns, At safepoint: 6224459 ns, Total: 6421042 ns
[2023-07-17T14:50:08.601+0000][1][safepoint    ] Safepoint "RevokeBias", Time since last: 407000 ns, Reaching safepoint: 232333 ns, At safepoint: 472833 ns, Total: 705166 ns
[2023-07-17T14:50:08.607+0000][1][safepoint    ] Safepoint "BulkRevokeBias", Time since last: 1031875 ns, Reaching safepoint: 3875917 ns, At safepoint: 273833 ns, Total: 4149750 ns
[2023-07-17T14:50:08.637+0000][1][safepoint    ] Safepoint "RevokeBias", Time since last: 27466542 ns, Reaching safepoint: 3258833 ns, At safepoint: 115042 ns, Total: 3373875 ns
[2023-07-17T14:50:08.671+0000][1][safepoint    ] Safepoint "RevokeBias", Time since last: 29356583 ns, Reaching safepoint: 3584834 ns, At safepoint: 163333 ns, Total: 3748167 ns
[2023-07-17T14:50:08.751+0000][1][safepoint    ] Safepoint "RevokeBias", Time since last: 78382375 ns, Reaching safepoint: 2115125 ns, At safepoint: 130875 ns, Total: 2246000 ns
[2023-07-17T14:50:09.475+0000][1][safepoint    ] Safepoint "RevokeBias", Time since last: 722951250 ns, Reaching safepoint: 1218834 ns, At safepoint: 58250 ns, Total: 1277084 ns
[2023-07-17T14:50:09.485+0000][1][safepoint    ] Safepoint "RevokeBias", Time since last: 9739750 ns, Reaching safepoint: 121666 ns, At safepoint: 51792 ns, Total: 173458 ns
[2023-07-17T14:50:10.249+0000][1][safepoint    ] Safepoint "Deoptimize", Time since last: 761999626 ns, Reaching safepoint: 790833 ns, At safepoint: 940750 ns, Total: 1731583 ns
[2023-07-17T14:50:10.330+0000][1][safepoint    ] Safepoint "Deoptimize", Time since last: 80121750 ns, Reaching safepoint: 351250 ns, At safepoint: 689167 ns, Total: 1040417 ns
[2023-07-17T14:50:10.333+0000][1][safepoint    ] Safepoint "Deoptimize", Time since last: 2044125 ns, Reaching safepoint: 143625 ns, At safepoint: 628125 ns, Total: 771750 ns
[2023-07-17T14:50:11.033+0000][1][safepoint    ] Safepoint "Deoptimize", Time since last: 697178208 ns, Reaching safepoint: 441084 ns, At safepoint: 1925833 ns, Total: 2366917 ns
[2023-07-17T14:50:12.041+0000][1][safepoint    ] Safepoint "Cleanup", Time since last: 1002159958 ns, Reaching safepoint: 6050125 ns, At safepoint: 23667 ns, Total: 6073792 ns
[2023-07-17T14:50:12.147+0000][1][gc,start     ] GC(1) Pause Young (Allocation Failure)
[2023-07-17T14:50:12.148+0000][1][gc,task      ] GC(1) Using 4 workers of 4 for evacuation
[2023-07-17T14:50:12.247+0000][1][gc,age       ] GC(1) Desired survivor size 8945664 bytes, new threshold 2 (max threshold 6)
[2023-07-17T14:50:12.247+0000][1][gc,age       ] GC(1) Age table with threshold 2 (max threshold 6)
[2023-07-17T14:50:12.247+0000][1][gc,age       ] GC(1) - age   1:    3320952 bytes,    3320952 total
[2023-07-17T14:50:12.247+0000][1][gc,age       ] GC(1) - age   2:    8703672 bytes,   12024624 total
[2023-07-17T14:50:12.248+0000][1][gc,heap      ] GC(1) ParNew: 148474K->13432K(157248K)
[2023-07-17T14:50:12.248+0000][1][gc,heap      ] GC(1) CMS: 0K->0K(349568K)
[2023-07-17T14:50:12.248+0000][1][gc,metaspace ] GC(1) Metaspace: 19378K->19378K(1067008K)
[2023-07-17T14:50:12.248+0000][1][gc           ] GC(1) Pause Young (Allocation Failure) 144M->13M(494M) 101.294ms
[2023-07-17T14:50:12.248+0000][1][gc,cpu       ] GC(1) User=0.11s Sys=0.01s Real=0.10s
[2023-07-17T14:50:12.257+0000][1][safepoint    ] Safepoint "GenCollectForAllocation", Time since last: 105765542 ns, Reaching safepoint: 550250 ns, At safepoint: 110059625 ns, Total: 110609875 ns
[2023-07-17T14:50:12.277+0000][1][safepoint    ] Safepoint "RevokeBias", Time since last: 16744375 ns, Reaching safepoint: 2835583 ns, At safepoint: 150250 ns, Total: 2985833 ns
[2023-07-17T14:50:12.284+0000][1][safepoint    ] Safepoint "RevokeBias", Time since last: 4398834 ns, Reaching safepoint: 2381333 ns, At safepoint: 152833 ns, Total: 2534166 ns
[2023-07-17T14:50:12.291+0000][1][safepoint    ] Safepoint "RevokeBias", Time since last: 1213667 ns, Reaching safepoint: 5604875 ns, At safepoint: 120625 ns, Total: 5725500 ns
[2023-07-17T14:50:12.294+0000][1][safepoint    ] Safepoint "RevokeBias", Time since last: 2387583 ns, Reaching safepoint: 737334 ns, At safepoint: 109208 ns, Total: 846542 ns
[2023-07-17T14:50:12.295+0000][1][safepoint    ] Safepoint "RevokeBias", Time since last: 586958 ns, Reaching safepoint: 294042 ns, At safepoint: 98667 ns, Total: 392709 ns
[2023-07-17T14:50:12.304+0000][1][safepoint    ] Safepoint "RevokeBias", Time since last: 2208583 ns, Reaching safepoint: 7003417 ns, At safepoint: 293375 ns, Total: 7296792 ns
[2023-07-17T14:50:12.313+0000][1][safepoint    ] Safepoint "RevokeBias", Time since last: 7300375 ns, Reaching safepoint: 987708 ns, At safepoint: 123125 ns, Total: 1110833 ns
[2023-07-17T14:50:12.314+0000][1][safepoint    ] Safepoint "RevokeBias", Time since last: 636833 ns, Reaching safepoint: 444292 ns, At safepoint: 104083 ns, Total: 548375 ns
[2023-07-17T14:50:12.315+0000][1][safepoint    ] Safepoint "RevokeBias", Time since last: 363875 ns, Reaching safepoint: 287417 ns, At safepoint: 124208 ns, Total: 411625 ns
[2023-07-17T14:50:12.316+0000][1][safepoint    ] Safepoint "RevokeBias", Time since last: 457875 ns, Reaching safepoint: 424709 ns, At safepoint: 88208 ns, Total: 512917 ns
[2023-07-17T14:50:12.316+0000][1][safepoint    ] Safepoint "RevokeBias", Time since last: 353500 ns, Reaching safepoint: 163000 ns, At safepoint: 79708 ns, Total: 242708 ns
[2023-07-17T14:50:12.320+0000][1][safepoint    ] Safepoint "RevokeBias", Time since last: 3179750 ns, Reaching safepoint: 287042 ns, At safepoint: 84250 ns, Total: 371292 ns
[2023-07-17T14:50:12.324+0000][1][safepoint    ] Safepoint "RevokeBias", Time since last: 3495625 ns, Reaching safepoint: 377500 ns, At safepoint: 89250 ns, Total: 466750 ns
[2023-07-17T14:50:12.325+0000][1][safepoint    ] Safepoint "RevokeBias", Time since last: 653292 ns, Reaching safepoint: 272291 ns, At safepoint: 85834 ns, Total: 358125 ns
[2023-07-17T14:50:12.325+0000][1][safepoint    ] Safepoint "RevokeBias", Time since last: 287583 ns, Reaching safepoint: 240333 ns, At safepoint: 65667 ns, Total: 306000 ns
[2023-07-17T14:50:12.327+0000][1][safepoint    ] Safepoint "RevokeBias", Time since last: 400917 ns, Reaching safepoint: 611750 ns, At safepoint: 80750 ns, Total: 692500 ns
[2023-07-17T14:50:12.327+0000][1][safepoint    ] Safepoint "RevokeBias", Time since last: 261125 ns, Reaching safepoint: 380625 ns, At safepoint: 111666 ns, Total: 492291 ns
[2023-07-17T14:50:12.328+0000][1][safepoint    ] Safepoint "RevokeBias", Time since last: 493542 ns, Reaching safepoint: 258625 ns, At safepoint: 73708 ns, Total: 332333 ns
[2023-07-17T14:50:12.329+0000][1][safepoint    ] Safepoint "RevokeBias", Time since last: 810625 ns, Reaching safepoint: 283417 ns, At safepoint: 75708 ns, Total: 359125 ns
[2023-07-17T14:50:12.330+0000][1][safepoint    ] Safepoint "RevokeBias", Time since last: 336834 ns, Reaching safepoint: 288208 ns, At safepoint: 91208 ns, Total: 379416 ns
[2023-07-17T14:50:12.331+0000][1][safepoint    ] Safepoint "RevokeBias", Time since last: 470375 ns, Reaching safepoint: 408792 ns, At safepoint: 99917 ns, Total: 508709 ns
[2023-07-17T14:50:12.332+0000][1][safepoint    ] Safepoint "RevokeBias", Time since last: 260416 ns, Reaching safepoint: 231042 ns, At safepoint: 156708 ns, Total: 387750 ns
[2023-07-17T14:50:12.333+0000][1][safepoint    ] Safepoint "RevokeBias", Time since last: 471500 ns, Reaching safepoint: 268834 ns, At safepoint: 198250 ns, Total: 467084 ns
[2023-07-17T14:50:12.333+0000][1][safepoint    ] Safepoint "RevokeBias", Time since last: 291916 ns, Reaching safepoint: 341417 ns, At safepoint: 106542 ns, Total: 447959 ns
[2023-07-17T14:50:12.340+0000][1][safepoint    ] Safepoint "RevokeBias", Time since last: 6352958 ns, Reaching safepoint: 368250 ns, At safepoint: 141000 ns, Total: 509250 ns
[2023-07-17T14:50:12.343+0000][1][safepoint    ] Safepoint "RevokeBias", Time since last: 2861958 ns, Reaching safepoint: 281250 ns, At safepoint: 104792 ns, Total: 386042 ns
[2023-07-17T14:50:12.344+0000][1][safepoint    ] Safepoint "RevokeBias", Time since last: 528583 ns, Reaching safepoint: 231584 ns, At safepoint: 95916 ns, Total: 327500 ns
[2023-07-17T14:50:12.346+0000][1][safepoint    ] Safepoint "RevokeBias", Time since last: 238375 ns, Reaching safepoint: 1085459 ns, At safepoint: 127083 ns, Total: 1212542 ns
[2023-07-17T14:50:13.518+0000][1][safepoint    ] Safepoint "Cleanup", Time since last: 1168314625 ns, Reaching safepoint: 4164250 ns, At safepoint: 16292 ns, Total: 4180542 ns
[2023-07-17T14:50:13.827+0000][1][safepoint    ] Safepoint "RevokeBias", Time since last: 307827834 ns, Reaching safepoint: 396625 ns, At safepoint: 171333 ns, Total: 567958 ns
[2023-07-17T14:50:14.835+0000][1][safepoint    ] Safepoint "Cleanup", Time since last: 1005442792 ns, Reaching safepoint: 2554750 ns, At safepoint: 17708 ns, Total: 2572458 ns
[2023-07-17T14:50:15.096+0000][1][safepoint    ] Safepoint "Deoptimize", Time since last: 257570292 ns, Reaching safepoint: 2451459 ns, At safepoint: 1076958 ns, Total: 3528417 ns
[2023-07-17T14:50:15.577+0000][1][safepoint    ] Safepoint "Deoptimize", Time since last: 480059458 ns, Reaching safepoint: 352250 ns, At safepoint: 911125 ns, Total: 1263375 ns
[2023-07-17T14:50:15.676+0000][1][safepoint    ] Safepoint "RevokeBias", Time since last: 88016959 ns, Reaching safepoint: 11218375 ns, At safepoint: 147166 ns, Total: 11365541 ns
[2023-07-17T14:50:15.745+0000][1][safepoint    ] Safepoint "CollectForMetadataAllocation", Time since last: 67783751 ns, Reaching safepoint: 316458 ns, At safepoint: 328958 ns, Total: 645416 ns
[2023-07-17T14:50:16.122+0000][1][gc,start     ] GC(2) Pause Young (Allocation Failure)
[2023-07-17T14:50:16.123+0000][1][gc,task      ] GC(2) Using 4 workers of 4 for evacuation
[2023-07-17T14:50:16.560+0000][1][gc,age       ] GC(2) Desired survivor size 8945664 bytes, new threshold 6 (max threshold 6)
[2023-07-17T14:50:16.560+0000][1][gc,age       ] GC(2) Age table with threshold 6 (max threshold 6)
[2023-07-17T14:50:16.561+0000][1][gc,age       ] GC(2) - age   1:    4270184 bytes,    4270184 total
[2023-07-17T14:50:16.561+0000][1][gc,age       ] GC(2) - age   2:    2767448 bytes,    7037632 total
[2023-07-17T14:50:16.561+0000][1][gc,heap      ] GC(2) ParNew: 153208K->11955K(157248K)
[2023-07-17T14:50:16.561+0000][1][gc,heap      ] GC(2) CMS: 0K->9287K(349568K)
[2023-07-17T14:50:16.562+0000][1][gc,metaspace ] GC(2) Metaspace: 20358K->20358K(1069056K)
[2023-07-17T14:50:16.562+0000][1][gc           ] GC(2) Pause Young (Allocation Failure) 149M->20M(494M) 440.247ms
[2023-07-17T14:50:16.562+0000][1][gc,cpu       ] GC(2) User=0.78s Sys=0.01s Real=0.44s
[2023-07-17T14:50:16.562+0000][1][safepoint    ] Safepoint "GenCollectForAllocation", Time since last: 376205334 ns, Reaching safepoint: 434000 ns, At safepoint: 440951167 ns, Total: 441385167 ns
[2023-07-17T14:50:16.577+0000][1][gc,start     ] GC(3) Pause Initial Mark
[2023-07-17T14:50:16.606+0000][1][gc           ] GC(3) Pause Initial Mark 23M->23M(494M) 29.673ms
[2023-07-17T14:50:16.607+0000][1][gc,cpu       ] GC(3) User=0.03s Sys=0.00s Real=0.03s
[2023-07-17T14:50:16.611+0000][1][safepoint    ] Safepoint "CMS_Initial_Mark", Time since last: 10102291 ns, Reaching safepoint: 3750500 ns, At safepoint: 34736959 ns, Total: 38487459 ns
[2023-07-17T14:50:16.624+0000][1][gc           ] GC(3) Concurrent Mark
[2023-07-17T14:50:16.630+0000][1][safepoint    ] Safepoint "BulkRevokeBias", Time since last: 13919166 ns, Reaching safepoint: 4635417 ns, At safepoint: 473375 ns, Total: 5108792 ns
[2023-07-17T14:50:16.631+0000][1][safepoint    ] Safepoint "RevokeBias", Time since last: 501375 ns, Reaching safepoint: 154125 ns, At safepoint: 85875 ns, Total: 240000 ns
[2023-07-17T14:50:16.637+0000][1][safepoint    ] Safepoint "RevokeBias", Time since last: 745708 ns, Reaching safepoint: 5756542 ns, At safepoint: 156250 ns, Total: 5912792 ns
[2023-07-17T14:50:16.656+0000][1][safepoint    ] Safepoint "RevokeBias", Time since last: 12047208 ns, Reaching safepoint: 6055625 ns, At safepoint: 136959 ns, Total: 6192584 ns
[2023-07-17T14:50:16.659+0000][1][safepoint    ] Safepoint "RevokeBias", Time since last: 658833 ns, Reaching safepoint: 2897583 ns, At safepoint: 129209 ns, Total: 3026792 ns
[2023-07-17T14:50:16.683+0000][1][safepoint    ] Safepoint "RevokeBias", Time since last: 15668250 ns, Reaching safepoint: 7345375 ns, At safepoint: 280500 ns, Total: 7625875 ns
[2023-07-17T14:50:16.688+0000][1][safepoint    ] Safepoint "RevokeBias", Time since last: 1092875 ns, Reaching safepoint: 4415458 ns, At safepoint: 139083 ns, Total: 4554541 ns
[2023-07-17T14:50:16.697+0000][1][safepoint    ] Safepoint "RevokeBias", Time since last: 5138000 ns, Reaching safepoint: 2996209 ns, At safepoint: 197000 ns, Total: 3193209 ns
[2023-07-17T14:50:16.701+0000][1][safepoint    ] Safepoint "RevokeBias", Time since last: 1355375 ns, Reaching safepoint: 3303750 ns, At safepoint: 184416 ns, Total: 3488166 ns
[2023-07-17T14:50:16.705+0000][1][safepoint    ] Safepoint "RevokeBias", Time since last: 412542 ns, Reaching safepoint: 3137083 ns, At safepoint: 226375 ns, Total: 3363458 ns
[2023-07-17T14:50:16.709+0000][1][safepoint    ] Safepoint "RevokeBias", Time since last: 3011084 ns, Reaching safepoint: 657125 ns, At safepoint: 197541 ns, Total: 854666 ns
[2023-07-17T14:50:16.711+0000][1][safepoint    ] Safepoint "RevokeBias", Time since last: 1018792 ns, Reaching safepoint: 447333 ns, At safepoint: 181125 ns, Total: 628458 ns
[2023-07-17T14:50:16.716+0000][1][safepoint    ] Safepoint "RevokeBias", Time since last: 4653584 ns, Reaching safepoint: 368000 ns, At safepoint: 130750 ns, Total: 498750 ns
[2023-07-17T14:50:16.717+0000][1][safepoint    ] Safepoint "RevokeBias", Time since last: 684250 ns, Reaching safepoint: 177666 ns, At safepoint: 96834 ns, Total: 274500 ns
[2023-07-17T14:50:16.721+0000][1][safepoint    ] Safepoint "RevokeBias", Time since last: 3514000 ns, Reaching safepoint: 925083 ns, At safepoint: 136417 ns, Total: 1061500 ns
[2023-07-17T14:50:16.728+0000][1][safepoint    ] Safepoint "RevokeBias", Time since last: 1211583 ns, Reaching safepoint: 5247792 ns, At safepoint: 174416 ns, Total: 5422208 ns
[2023-07-17T14:50:16.792+0000][1][gc           ] GC(3) Concurrent Mark 167.660ms
[2023-07-17T14:50:16.793+0000][1][gc,cpu       ] GC(3) User=0.28s Sys=0.01s Real=0.17s
[2023-07-17T14:50:16.794+0000][1][gc           ] GC(3) Concurrent Preclean
[2023-07-17T14:50:16.806+0000][1][gc           ] GC(3) Concurrent Preclean 12.744ms
[2023-07-17T14:50:16.807+0000][1][gc,cpu       ] GC(3) User=0.02s Sys=0.00s Real=0.02s
[2023-07-17T14:50:16.807+0000][1][gc           ] GC(3) Concurrent Abortable Preclean
[2023-07-17T14:50:17.862+0000][1][safepoint    ] Safepoint "Cleanup", Time since last: 1132982001 ns, Reaching safepoint: 550542 ns, At safepoint: 11208 ns, Total: 561750 ns
[2023-07-17T14:50:18.332+0000][1][safepoint    ] Safepoint "CollectForMetadataAllocation", Time since last: 468552250 ns, Reaching safepoint: 1959667 ns, At safepoint: 154875 ns, Total: 2114542 ns
[2023-07-17T14:50:18.436+0000][1][gc           ] GC(3) Concurrent Abortable Preclean 1628.818ms
[2023-07-17T14:50:18.444+0000][1][gc,cpu       ] GC(3) User=2.92s Sys=0.03s Real=1.63s
[2023-07-17T14:50:18.455+0000][1][gc,start     ] GC(3) Pause Remark
[2023-07-17T14:50:18.717+0000][1][gc           ] GC(3) Pause Remark 107M->107M(494M) 262.262ms
[2023-07-17T14:50:18.718+0000][1][gc,cpu       ] GC(3) User=0.43s Sys=0.01s Real=0.27s
[2023-07-17T14:50:18.719+0000][1][safepoint    ] Safepoint "CMS_Final_Remark", Time since last: 119241208 ns, Reaching safepoint: 3125792 ns, At safepoint: 263954042 ns, Total: 267079834 ns
[2023-07-17T14:50:18.790+0000][1][gc           ] GC(3) Concurrent Sweep
[2023-07-17T14:50:18.842+0000][1][gc           ] GC(3) Concurrent Sweep 56.777ms
[2023-07-17T14:50:18.845+0000][1][gc,cpu       ] GC(3) User=0.08s Sys=0.02s Real=0.06s
[2023-07-17T14:50:18.852+0000][1][gc           ] GC(3) Concurrent Reset
[2023-07-17T14:50:18.865+0000][1][gc           ] GC(3) Concurrent Reset 12.887ms
[2023-07-17T14:50:18.872+0000][1][gc,cpu       ] GC(3) User=0.02s Sys=0.01s Real=0.02s
[2023-07-17T14:50:18.880+0000][1][gc,heap      ] GC(3) Old: 9287K->9287K(349568K)
[2023-07-17T14:50:19.650+0000][1][safepoint    ] Safepoint "RevokeBias", Time since last: 920094958 ns, Reaching safepoint: 9762750 ns, At safepoint: 1234459 ns, Total: 10997209 ns
[2023-07-17T14:50:20.293+0000][1][gc,start     ] GC(4) Pause Young (Allocation Failure)
[2023-07-17T14:50:20.301+0000][1][gc,task      ] GC(4) Using 4 workers of 4 for evacuation
[2023-07-17T14:50:20.359+0000][1][gc,age       ] GC(4) Desired survivor size 8945664 bytes, new threshold 6 (max threshold 6)
[2023-07-17T14:50:20.361+0000][1][gc,age       ] GC(4) Age table with threshold 6 (max threshold 6)
[2023-07-17T14:50:20.364+0000][1][gc,age       ] GC(4) - age   1:    1300184 bytes,    1300184 total
[2023-07-17T14:50:20.366+0000][1][gc,age       ] GC(4) - age   2:    2766024 bytes,    4066208 total
[2023-07-17T14:50:20.370+0000][1][gc,age       ] GC(4) - age   3:    2763304 bytes,    6829512 total
[2023-07-17T14:50:20.377+0000][1][gc,heap      ] GC(4) ParNew: 151731K->9936K(157248K)
[2023-07-17T14:50:20.383+0000][1][gc,heap      ] GC(4) CMS: 9287K->9287K(349568K)
[2023-07-17T14:50:20.386+0000][1][gc,metaspace ] GC(4) Metaspace: 20647K->20647K(1069056K)
[2023-07-17T14:50:20.391+0000][1][gc           ] GC(4) Pause Young (Allocation Failure) 157M->18M(494M) 97.929ms
[2023-07-17T14:50:20.394+0000][1][gc,cpu       ] GC(4) User=0.05s Sys=0.00s Real=0.10s
[2023-07-17T14:50:20.395+0000][1][safepoint    ] Safepoint "GenCollectForAllocation", Time since last: 642309917 ns, Reaching safepoint: 481541 ns, At safepoint: 102917834 ns, Total: 103399375 ns
[2023-07-17T14:50:20.404+0000][1][safepoint    ] Safepoint "BulkRevokeBias", Time since last: 5581666 ns, Reaching safepoint: 2514792 ns, At safepoint: 539625 ns, Total: 3054417 ns
[2023-07-17T14:50:20.405+0000][1][safepoint    ] Safepoint "BulkRevokeBias", Time since last: 766667 ns, Reaching safepoint: 253708 ns, At safepoint: 200500 ns, Total: 454208 ns
[2023-07-17T14:50:21.407+0000][1][safepoint    ] Safepoint "Cleanup", Time since last: 1000367376 ns, Reaching safepoint: 1178250 ns, At safepoint: 19958 ns, Total: 1198208 ns
[2023-07-17T14:50:21.714+0000][1][gc,start     ] GC(5) Pause Young (Allocation Failure)
[2023-07-17T14:50:21.714+0000][1][gc,task      ] GC(5) Using 4 workers of 4 for evacuation
[2023-07-17T14:50:21.765+0000][1][gc,age       ] GC(5) Desired survivor size 8945664 bytes, new threshold 6 (max threshold 6)
[2023-07-17T14:50:21.776+0000][1][gc,age       ] GC(5) Age table with threshold 6 (max threshold 6)
[2023-07-17T14:50:21.779+0000][1][gc,age       ] GC(5) - age   1:    2040840 bytes,    2040840 total
[2023-07-17T14:50:21.782+0000][1][gc,age       ] GC(5) - age   2:    1279584 bytes,    3320424 total
[2023-07-17T14:50:21.787+0000][1][gc,age       ] GC(5) - age   3:    2765976 bytes,    6086400 total
[2023-07-17T14:50:21.790+0000][1][gc,age       ] GC(5) - age   4:    2762944 bytes,    8849344 total
[2023-07-17T14:50:21.790+0000][1][gc,heap      ] GC(5) ParNew: 149712K->11099K(157248K)
[2023-07-17T14:50:21.790+0000][1][gc,heap      ] GC(5) CMS: 9287K->9287K(349568K)
[2023-07-17T14:50:21.790+0000][1][gc,metaspace ] GC(5) Metaspace: 20890K->20890K(1069056K)
[2023-07-17T14:50:21.791+0000][1][gc           ] GC(5) Pause Young (Allocation Failure) 155M->19M(494M) 76.909ms
[2023-07-17T14:50:21.791+0000][1][gc,cpu       ] GC(5) User=0.13s Sys=0.00s Real=0.08s
[2023-07-17T14:50:21.791+0000][1][safepoint    ] Safepoint "GenCollectForAllocation", Time since last: 306498000 ns, Reaching safepoint: 298333 ns, At safepoint: 77218542 ns, Total: 77516875 ns
[2023-07-17T14:50:22.800+0000][1][safepoint    ] Safepoint "Cleanup", Time since last: 1008161084 ns, Reaching safepoint: 1153125 ns, At safepoint: 23667 ns, Total: 1176792 ns
[2023-07-17T14:50:23.287+0000][1][gc,start     ] GC(6) Pause Young (Allocation Failure)
[2023-07-17T14:50:23.287+0000][1][gc,task      ] GC(6) Using 4 workers of 4 for evacuation
[2023-07-17T14:50:23.309+0000][1][gc,age       ] GC(6) Desired survivor size 8945664 bytes, new threshold 6 (max threshold 6)
[2023-07-17T14:50:23.310+0000][1][gc,age       ] GC(6) Age table with threshold 6 (max threshold 6)
[2023-07-17T14:50:23.310+0000][1][gc,age       ] GC(6) - age   1:     784864 bytes,     784864 total
[2023-07-17T14:50:23.310+0000][1][gc,age       ] GC(6) - age   2:     547528 bytes,    1332392 total
[2023-07-17T14:50:23.310+0000][1][gc,age       ] GC(6) - age   3:    1279296 bytes,    2611688 total
[2023-07-17T14:50:23.310+0000][1][gc,age       ] GC(6) - age   4:    2764872 bytes,    5376560 total
[2023-07-17T14:50:23.310+0000][1][gc,age       ] GC(6) - age   5:    2762816 bytes,    8139376 total
[2023-07-17T14:50:23.311+0000][1][gc,heap      ] GC(6) ParNew: 150875K->11869K(157248K)
[2023-07-17T14:50:23.311+0000][1][gc,heap      ] GC(6) CMS: 9287K->9287K(349568K)
[2023-07-17T14:50:23.311+0000][1][gc,metaspace ] GC(6) Metaspace: 21817K->21817K(1069056K)
[2023-07-17T14:50:23.311+0000][1][gc           ] GC(6) Pause Young (Allocation Failure) 156M->20M(494M) 24.304ms
[2023-07-17T14:50:23.311+0000][1][gc,cpu       ] GC(6) User=0.05s Sys=0.00s Real=0.02s
[2023-07-17T14:50:23.311+0000][1][safepoint    ] Safepoint "GenCollectForAllocation", Time since last: 486077791 ns, Reaching safepoint: 354292 ns, At safepoint: 24627708 ns, Total: 24982000 ns
[2023-07-17T14:50:23.629+0000][1][safepoint    ] Safepoint "RevokeBias", Time since last: 316817751 ns, Reaching safepoint: 855791 ns, At safepoint: 273917 ns, Total: 1129708 ns
[2023-07-17T14:50:24.154+0000][1][gc,start     ] GC(7) Pause Young (Allocation Failure)
[2023-07-17T14:50:24.156+0000][1][gc,task      ] GC(7) Using 4 workers of 4 for evacuation
[2023-07-17T14:50:24.207+0000][1][gc,age       ] GC(7) Desired survivor size 8945664 bytes, new threshold 6 (max threshold 6)
[2023-07-17T14:50:24.207+0000][1][gc,age       ] GC(7) Age table with threshold 6 (max threshold 6)
[2023-07-17T14:50:24.207+0000][1][gc,age       ] GC(7) - age   1:    2156336 bytes,    2156336 total
[2023-07-17T14:50:24.207+0000][1][gc,age       ] GC(7) - age   2:     762608 bytes,    2918944 total
[2023-07-17T14:50:24.207+0000][1][gc,age       ] GC(7) - age   3:     547528 bytes,    3466472 total
[2023-07-17T14:50:24.207+0000][1][gc,age       ] GC(7) - age   4:    1278696 bytes,    4745168 total
[2023-07-17T14:50:24.208+0000][1][gc,age       ] GC(7) - age   5:    2764872 bytes,    7510040 total
[2023-07-17T14:50:24.208+0000][1][gc,age       ] GC(7) - age   6:    2762800 bytes,   10272840 total
[2023-07-17T14:50:24.208+0000][1][gc,heap      ] GC(7) ParNew: 151645K->14096K(157248K)
[2023-07-17T14:50:24.208+0000][1][gc,heap      ] GC(7) CMS: 9287K->9287K(349568K)
[2023-07-17T14:50:24.208+0000][1][gc,metaspace ] GC(7) Metaspace: 22000K->22000K(1069056K)
[2023-07-17T14:50:24.208+0000][1][gc           ] GC(7) Pause Young (Allocation Failure) 157M->22M(494M) 54.317ms
[2023-07-17T14:50:24.208+0000][1][gc,cpu       ] GC(7) User=0.06s Sys=0.00s Real=0.06s
[2023-07-17T14:50:24.209+0000][1][safepoint    ] Safepoint "GenCollectForAllocation", Time since last: 524059834 ns, Reaching safepoint: 626625 ns, At safepoint: 54630958 ns, Total: 55257583 ns
[2023-07-17T14:50:25.211+0000][1][safepoint    ] Safepoint "Cleanup", Time since last: 1000526500 ns, Reaching safepoint: 1965709 ns, At safepoint: 16000 ns, Total: 1981709 ns
[2023-07-17T14:50:26.156+0000][1][gc,start     ] GC(8) Pause Young (Allocation Failure)
[2023-07-17T14:50:26.157+0000][1][gc,task      ] GC(8) Using 4 workers of 4 for evacuation
[2023-07-17T14:50:26.216+0000][1][gc,age       ] GC(8) Desired survivor size 8945664 bytes, new threshold 6 (max threshold 6)
[2023-07-17T14:50:26.216+0000][1][gc,age       ] GC(8) Age table with threshold 6 (max threshold 6)
[2023-07-17T14:50:26.217+0000][1][gc,age       ] GC(8) - age   1:     873624 bytes,     873624 total
[2023-07-17T14:50:26.217+0000][1][gc,age       ] GC(8) - age   2:     407944 bytes,    1281568 total
[2023-07-17T14:50:26.217+0000][1][gc,age       ] GC(8) - age   3:     762456 bytes,    2044024 total
[2023-07-17T14:50:26.217+0000][1][gc,age       ] GC(8) - age   4:     547464 bytes,    2591488 total
[2023-07-17T14:50:26.217+0000][1][gc,age       ] GC(8) - age   5:    1278024 bytes,    3869512 total
[2023-07-17T14:50:26.217+0000][1][gc,age       ] GC(8) - age   6:    2764264 bytes,    6633776 total
[2023-07-17T14:50:26.217+0000][1][gc,heap      ] GC(8) ParNew: 153872K->14035K(157248K)
[2023-07-17T14:50:26.218+0000][1][gc,heap      ] GC(8) CMS: 9287K->12012K(349568K)
[2023-07-17T14:50:26.218+0000][1][gc,metaspace ] GC(8) Metaspace: 23651K->23651K(1071104K)
[2023-07-17T14:50:26.218+0000][1][gc           ] GC(8) Pause Young (Allocation Failure) 159M->25M(494M) 61.599ms
[2023-07-17T14:50:26.218+0000][1][gc,cpu       ] GC(8) User=0.09s Sys=0.00s Real=0.06s
[2023-07-17T14:50:26.218+0000][1][safepoint    ] Safepoint "GenCollectForAllocation", Time since last: 944544500 ns, Reaching safepoint: 679542 ns, At safepoint: 61910125 ns, Total: 62589667 ns
[2023-07-17T14:50:27.001+0000][1][safepoint    ] Safepoint "RevokeBias", Time since last: 781158167 ns, Reaching safepoint: 1313250 ns, At safepoint: 76625 ns, Total: 1389875 ns
[2023-07-17T14:50:27.654+0000][1][safepoint    ] Safepoint "Deoptimize", Time since last: 652200875 ns, Reaching safepoint: 423625 ns, At safepoint: 1135500 ns, Total: 1559125 ns
[2023-07-17T14:50:27.719+0000][1][safepoint    ] Safepoint "Deoptimize", Time since last: 61166917 ns, Reaching safepoint: 2434750 ns, At safepoint: 1016250 ns, Total: 3451000 ns
[2023-07-17T14:50:28.723+0000][1][safepoint    ] Safepoint "Cleanup", Time since last: 1002914375 ns, Reaching safepoint: 1268250 ns, At safepoint: 16000 ns, Total: 1284250 ns
[2023-07-17T14:50:29.726+0000][1][safepoint    ] Safepoint "Cleanup", Time since last: 1002053043 ns, Reaching safepoint: 411291 ns, At safepoint: 15375 ns, Total: 426666 ns
[2023-07-17T14:50:30.727+0000][1][safepoint    ] Safepoint "Cleanup", Time since last: 1000733209 ns, Reaching safepoint: 945875 ns, At safepoint: 13583 ns, Total: 959458 ns
[2023-07-17T14:50:30.874+0000][1][safepoint    ] Safepoint "Deoptimize", Time since last: 145361375 ns, Reaching safepoint: 151709 ns, At safepoint: 1031166 ns, Total: 1182875 ns
[2023-07-17T14:50:31.875+0000][1][safepoint    ] Safepoint "Cleanup", Time since last: 1000539418 ns, Reaching safepoint: 770291 ns, At safepoint: 11209 ns, Total: 781500 ns
[2023-07-17T14:50:32.880+0000][1][safepoint    ] Safepoint "Cleanup", Time since last: 1000497250 ns, Reaching safepoint: 3703333 ns, At safepoint: 20792 ns, Total: 3724125 ns
[2023-07-17T14:50:33.237+0000][1][gc,start     ] GC(9) Pause Young (Allocation Failure)
[2023-07-17T14:50:33.237+0000][1][gc,task      ] GC(9) Using 4 workers of 4 for evacuation
[2023-07-17T14:50:33.364+0000][1][gc,age       ] GC(9) Desired survivor size 8945664 bytes, new threshold 1 (max threshold 6)
[2023-07-17T14:50:33.364+0000][1][gc,age       ] GC(9) Age table with threshold 1 (max threshold 6)
[2023-07-17T14:50:33.364+0000][1][gc,age       ] GC(9) - age   1:   14079112 bytes,   14079112 total
[2023-07-17T14:50:33.364+0000][1][gc,age       ] GC(9) - age   2:     817064 bytes,   14896176 total
[2023-07-17T14:50:33.364+0000][1][gc,age       ] GC(9) - age   3:     405304 bytes,   15301480 total
[2023-07-17T14:50:33.364+0000][1][gc,age       ] GC(9) - age   4:     761112 bytes,   16062592 total
[2023-07-17T14:50:33.364+0000][1][gc,age       ] GC(9) - age   5:     544784 bytes,   16607376 total
[2023-07-17T14:50:33.364+0000][1][gc,age       ] GC(9) - age   6:    1266552 bytes,   17873928 total
[2023-07-17T14:50:33.365+0000][1][gc,heap      ] GC(9) ParNew: 153811K->17472K(157248K)
[2023-07-17T14:50:33.365+0000][1][gc,heap      ] GC(9) CMS: 12012K->17557K(349568K)
[2023-07-17T14:50:33.365+0000][1][gc,metaspace ] GC(9) Metaspace: 29078K->29078K(1077248K)
[2023-07-17T14:50:33.365+0000][1][gc           ] GC(9) Pause Young (Allocation Failure) 161M->34M(494M) 128.371ms
[2023-07-17T14:50:33.365+0000][1][gc,cpu       ] GC(9) User=0.37s Sys=0.01s Real=0.12s
[2023-07-17T14:50:33.365+0000][1][safepoint    ] Safepoint "GenCollectForAllocation", Time since last: 356830167 ns, Reaching safepoint: 262000 ns, At safepoint: 128775042 ns, Total: 129037042 ns
[2023-07-17T14:50:33.769+0000][1][safepoint    ] Safepoint "RevokeBias", Time since last: 402983000 ns, Reaching safepoint: 327791 ns, At safepoint: 200209 ns, Total: 528000 ns
[2023-07-17T14:50:34.770+0000][1][safepoint    ] Safepoint "Cleanup", Time since last: 1000402167 ns, Reaching safepoint: 751708 ns, At safepoint: 9792 ns, Total: 761500 ns
[2023-07-17T14:50:35.772+0000][1][safepoint    ] Safepoint "Cleanup", Time since last: 1000311875 ns, Reaching safepoint: 1096917 ns, At safepoint: 22208 ns, Total: 1119125 ns
[2023-07-17T14:50:36.785+0000][1][safepoint    ] Safepoint "Cleanup", Time since last: 1001244543 ns, Reaching safepoint: 10347250 ns, At safepoint: 859833 ns, Total: 11207083 ns
[2023-07-17T14:50:37.189+0000][1][safepoint    ] Safepoint "CollectForMetadataAllocation", Time since last: 404109333 ns, Reaching safepoint: 257459 ns, At safepoint: 441541 ns, Total: 699000 ns
[2023-07-17T14:50:37.283+0000][1][safepoint    ] Safepoint "CollectForMetadataAllocation", Time since last: 94229792 ns, Reaching safepoint: 289250 ns, At safepoint: 130958 ns, Total: 420208 ns
[2023-07-17T14:50:37.348+0000][1][safepoint    ] Safepoint "CollectForMetadataAllocation", Time since last: 64507834 ns, Reaching safepoint: 358291 ns, At safepoint: 116834 ns, Total: 475125 ns
[2023-07-17T14:50:37.371+0000][1][gc,start     ] GC(10) Pause Initial Mark
[2023-07-17T14:50:37.623+0000][1][gc           ] GC(10) Pause Initial Mark 148M->148M(494M) 252.351ms
[2023-07-17T14:50:37.624+0000][1][gc,cpu       ] GC(10) User=0.73s Sys=0.00s Real=0.25s
[2023-07-17T14:50:37.624+0000][1][safepoint    ] Safepoint "CMS_Initial_Mark", Time since last: 21261333 ns, Reaching safepoint: 995292 ns, At safepoint: 253616708 ns, Total: 254612000 ns
[2023-07-17T14:50:37.625+0000][1][gc           ] GC(10) Concurrent Mark
[2023-07-17T14:50:37.695+0000][1][gc           ] GC(10) Concurrent Mark 70.212ms
[2023-07-17T14:50:37.696+0000][1][gc,cpu       ] GC(10) User=0.21s Sys=0.01s Real=0.07s
[2023-07-17T14:50:37.697+0000][1][gc           ] GC(10) Concurrent Preclean
[2023-07-17T14:50:37.709+0000][1][gc           ] GC(10) Concurrent Preclean 12.156ms
[2023-07-17T14:50:37.710+0000][1][gc,cpu       ] GC(10) User=0.03s Sys=0.00s Real=0.01s
[2023-07-17T14:50:37.710+0000][1][gc           ] GC(10) Concurrent Abortable Preclean
[2023-07-17T14:50:37.785+0000][1][safepoint    ] Safepoint "CollectForMetadataAllocation", Time since last: 160282042 ns, Reaching safepoint: 617792 ns, At safepoint: 119708 ns, Total: 737500 ns
[2023-07-17T14:50:38.081+0000][1][gc,start     ] GC(11) Pause Young (Allocation Failure)
[2023-07-17T14:50:38.082+0000][1][gc,task      ] GC(11) Using 4 workers of 4 for evacuation
[2023-07-17T14:50:38.140+0000][1][gc           ] GC(10) Concurrent Abortable Preclean 430.187ms
[2023-07-17T14:50:38.140+0000][1][gc,cpu       ] GC(10) User=1.23s Sys=0.02s Real=0.43s
[2023-07-17T14:50:38.264+0000][1][gc,age       ] GC(11) Desired survivor size 8945664 bytes, new threshold 1 (max threshold 6)
[2023-07-17T14:50:38.265+0000][1][gc,age       ] GC(11) Age table with threshold 1 (max threshold 6)
[2023-07-17T14:50:38.265+0000][1][gc,age       ] GC(11) - age   1:   11766848 bytes,   11766848 total
[2023-07-17T14:50:38.266+0000][1][gc,heap      ] GC(11) ParNew: 157248K->17472K(157248K)
[2023-07-17T14:50:38.267+0000][1][gc,heap      ] GC(11) CMS: 17557K->36857K(349568K)
[2023-07-17T14:50:38.267+0000][1][gc,metaspace ] GC(11) Metaspace: 34784K->34784K(1081344K)
[2023-07-17T14:50:38.268+0000][1][gc           ] GC(11) Pause Young (Allocation Failure) 170M->53M(494M) 187.138ms
[2023-07-17T14:50:38.268+0000][1][gc,cpu       ] GC(11) User=0.51s Sys=0.02s Real=0.19s
[2023-07-17T14:50:38.274+0000][1][safepoint    ] Safepoint "GenCollectForAllocation", Time since last: 294595042 ns, Reaching safepoint: 431125 ns, At safepoint: 193625625 ns, Total: 194056750 ns
[2023-07-17T14:50:38.278+0000][1][gc,start     ] GC(10) Pause Remark
[2023-07-17T14:50:38.381+0000][1][gc           ] GC(10) Pause Remark 53M->53M(494M) 102.407ms
[2023-07-17T14:50:38.381+0000][1][gc,cpu       ] GC(10) User=0.24s Sys=0.01s Real=0.10s
[2023-07-17T14:50:38.382+0000][1][safepoint    ] Safepoint "CMS_Final_Remark", Time since last: 526125 ns, Reaching safepoint: 3871542 ns, At safepoint: 103190916 ns, Total: 107062458 ns
[2023-07-17T14:50:38.382+0000][1][gc           ] GC(10) Concurrent Sweep
[2023-07-17T14:50:38.460+0000][1][gc           ] GC(10) Concurrent Sweep 78.492ms
[2023-07-17T14:50:38.461+0000][1][gc,cpu       ] GC(10) User=0.20s Sys=0.00s Real=0.08s
[2023-07-17T14:50:38.461+0000][1][gc           ] GC(10) Concurrent Reset
[2023-07-17T14:50:38.462+0000][1][gc           ] GC(10) Concurrent Reset 0.897ms
[2023-07-17T14:50:38.462+0000][1][gc,cpu       ] GC(10) User=0.00s Sys=0.00s Real=0.00s
[2023-07-17T14:50:38.463+0000][1][gc,heap      ] GC(10) Old: 17557K->36757K(349568K)
[2023-07-17T14:50:39.387+0000][1][safepoint    ] Safepoint "Cleanup", Time since last: 1000233626 ns, Reaching safepoint: 5524666 ns, At safepoint: 29250 ns, Total: 5553916 ns
[2023-07-17T14:50:40.389+0000][1][safepoint    ] Safepoint "Cleanup", Time since last: 1000461793 ns, Reaching safepoint: 1365041 ns, At safepoint: 26792 ns, Total: 1391833 ns
[2023-07-17T14:50:40.856+0000][1][safepoint    ] Safepoint "RevokeBias", Time since last: 464988708 ns, Reaching safepoint: 366542 ns, At safepoint: 1067542 ns, Total: 1434084 ns
[2023-07-17T14:50:40.864+0000][1][safepoint    ] Safepoint "Deoptimize", Time since last: 7076958 ns, Reaching safepoint: 175875 ns, At safepoint: 1446917 ns, Total: 1622792 ns
[2023-07-17T14:50:41.865+0000][1][safepoint    ] Safepoint "Cleanup", Time since last: 1000463000 ns, Reaching safepoint: 729875 ns, At safepoint: 19083 ns, Total: 748958 ns
[2023-07-17T14:50:42.309+0000][1][gc,start     ] GC(12) Pause Young (Allocation Failure)
[2023-07-17T14:50:42.309+0000][1][gc,task      ] GC(12) Using 4 workers of 4 for evacuation
[2023-07-17T14:50:42.370+0000][1][gc,age       ] GC(12) Desired survivor size 8945664 bytes, new threshold 6 (max threshold 6)
[2023-07-17T14:50:42.370+0000][1][gc,age       ] GC(12) Age table with threshold 6 (max threshold 6)
[2023-07-17T14:50:42.370+0000][1][gc,age       ] GC(12) - age   1:    3197256 bytes,    3197256 total
[2023-07-17T14:50:42.371+0000][1][gc,heap      ] GC(12) ParNew: 157248K->12109K(157248K)
[2023-07-17T14:50:42.371+0000][1][gc,heap      ] GC(12) CMS: 36757K->48456K(349568K)
[2023-07-17T14:50:42.371+0000][1][gc,metaspace ] GC(12) Metaspace: 43311K->43311K(1089536K)
[2023-07-17T14:50:42.371+0000][1][gc           ] GC(12) Pause Young (Allocation Failure) 189M->59M(494M) 62.396ms
[2023-07-17T14:50:42.371+0000][1][gc,cpu       ] GC(12) User=0.23s Sys=0.00s Real=0.06s
[2023-07-17T14:50:42.371+0000][1][safepoint    ] Safepoint "GenCollectForAllocation", Time since last: 443169542 ns, Reaching safepoint: 408625 ns, At safepoint: 62692208 ns, Total: 63100833 ns
[2023-07-17T14:50:42.705+0000][1][safepoint    ] Safepoint "RevokeBias", Time since last: 331887959 ns, Reaching safepoint: 1893250 ns, At safepoint: 379458 ns, Total: 2272708 ns
[2023-07-17T14:50:42.707+0000][1][safepoint    ] Safepoint "RevokeBias", Time since last: 998417 ns, Reaching safepoint: 452041 ns, At safepoint: 117417 ns, Total: 569458 ns
[2023-07-17T14:50:43.708+0000][1][safepoint    ] Safepoint "Cleanup", Time since last: 1000471084 ns, Reaching safepoint: 516208 ns, At safepoint: 18292 ns, Total: 534500 ns
[2023-07-17T14:50:45.709+0000][1][safepoint    ] Safepoint "Cleanup", Time since last: 2000684542 ns, Reaching safepoint: 360959 ns, At safepoint: 16916 ns, Total: 377875 ns
[2023-07-17T14:50:46.710+0000][1][safepoint    ] Safepoint "Cleanup", Time since last: 1000351084 ns, Reaching safepoint: 780834 ns, At safepoint: 21250 ns, Total: 802084 ns
[2023-07-17T14:50:47.437+0000][1][safepoint    ] Safepoint "ICBufferFull", Time since last: 725911833 ns, Reaching safepoint: 676709 ns, At safepoint: 30375 ns, Total: 707084 ns
[2023-07-17T14:50:47.707+0000][1][safepoint    ] Safepoint "RevokeBias", Time since last: 268810041 ns, Reaching safepoint: 794792 ns, At safepoint: 207500 ns, Total: 1002292 ns
[2023-07-17T14:50:47.709+0000][1][safepoint    ] Safepoint "RevokeBias", Time since last: 1975792 ns, Reaching safepoint: 223083 ns, At safepoint: 112750 ns, Total: 335833 ns
[2023-07-17T14:50:47.711+0000][1][safepoint    ] Safepoint "RevokeBias", Time since last: 1611208 ns, Reaching safepoint: 257625 ns, At safepoint: 119167 ns, Total: 376792 ns
[2023-07-17T14:50:47.713+0000][1][safepoint    ] Safepoint "BulkRevokeBias", Time since last: 1771792 ns, Reaching safepoint: 118875 ns, At safepoint: 543791 ns, Total: 662666 ns
[2023-07-17T14:50:47.717+0000][1][safepoint    ] Safepoint "RevokeBias", Time since last: 2698459 ns, Reaching safepoint: 304833 ns, At safepoint: 134333 ns, Total: 439166 ns
[2023-07-17T14:50:47.717+0000][1][safepoint    ] Safepoint "RevokeBias", Time since last: 519417 ns, Reaching safepoint: 278792 ns, At safepoint: 127916 ns, Total: 406708 ns
[2023-07-17T14:50:47.719+0000][1][safepoint    ] Safepoint "RevokeBias", Time since last: 787709 ns, Reaching safepoint: 237166 ns, At safepoint: 125375 ns, Total: 362541 ns
[2023-07-17T14:50:47.719+0000][1][safepoint    ] Safepoint "RevokeBias", Time since last: 377459 ns, Reaching safepoint: 197083 ns, At safepoint: 143625 ns, Total: 340708 ns
[2023-07-17T14:50:47.720+0000][1][safepoint    ] Safepoint "RevokeBias", Time since last: 392125 ns, Reaching safepoint: 194917 ns, At safepoint: 125333 ns, Total: 320250 ns
[2023-07-17T14:50:47.721+0000][1][safepoint    ] Safepoint "RevokeBias", Time since last: 623500 ns, Reaching safepoint: 265458 ns, At safepoint: 168042 ns, Total: 433500 ns
[2023-07-17T14:50:47.722+0000][1][safepoint    ] Safepoint "RevokeBias", Time since last: 739792 ns, Reaching safepoint: 223708 ns, At safepoint: 128875 ns, Total: 352583 ns
[2023-07-17T14:50:47.723+0000][1][safepoint    ] Safepoint "RevokeBias", Time since last: 653250 ns, Reaching safepoint: 282458 ns, At safepoint: 118209 ns, Total: 400667 ns
[2023-07-17T14:50:47.724+0000][1][safepoint    ] Safepoint "RevokeBias", Time since last: 543250 ns, Reaching safepoint: 206041 ns, At safepoint: 116292 ns, Total: 322333 ns
[2023-07-17T14:50:47.725+0000][1][safepoint    ] Safepoint "RevokeBias", Time since last: 558958 ns, Reaching safepoint: 235584 ns, At safepoint: 136083 ns, Total: 371667 ns
[2023-07-17T14:50:47.727+0000][1][safepoint    ] Safepoint "RevokeBias", Time since last: 1397208 ns, Reaching safepoint: 242459 ns, At safepoint: 125875 ns, Total: 368334 ns
[2023-07-17T14:50:47.728+0000][1][safepoint    ] Safepoint "RevokeBias", Time since last: 625083 ns, Reaching safepoint: 201750 ns, At safepoint: 124000 ns, Total: 325750 ns
[2023-07-17T14:50:47.729+0000][1][safepoint    ] Safepoint "RevokeBias", Time since last: 579042 ns, Reaching safepoint: 213000 ns, At safepoint: 128166 ns, Total: 341166 ns
[2023-07-17T14:50:47.729+0000][1][safepoint    ] Safepoint "RevokeBias", Time since last: 394625 ns, Reaching safepoint: 191209 ns, At safepoint: 125125 ns, Total: 316334 ns
[2023-07-17T14:50:47.730+0000][1][safepoint    ] Safepoint "RevokeBias", Time since last: 401375 ns, Reaching safepoint: 492833 ns, At safepoint: 149750 ns, Total: 642583 ns
[2023-07-17T14:50:47.731+0000][1][safepoint    ] Safepoint "RevokeBias", Time since last: 635875 ns, Reaching safepoint: 187000 ns, At safepoint: 131083 ns, Total: 318083 ns
[2023-07-17T14:50:47.732+0000][1][safepoint    ] Safepoint "RevokeBias", Time since last: 434209 ns, Reaching safepoint: 311791 ns, At safepoint: 147959 ns, Total: 459750 ns
[2023-07-17T14:50:47.734+0000][1][safepoint    ] Safepoint "RevokeBias", Time since last: 1109958 ns, Reaching safepoint: 240958 ns, At safepoint: 134125 ns, Total: 375083 ns
[2023-07-17T14:50:47.735+0000][1][safepoint    ] Safepoint "RevokeBias", Time since last: 712000 ns, Reaching safepoint: 381042 ns, At safepoint: 114792 ns, Total: 495834 ns
[2023-07-17T14:50:47.736+0000][1][safepoint    ] Safepoint "RevokeBias", Time since last: 398166 ns, Reaching safepoint: 194500 ns, At safepoint: 92125 ns, Total: 286625 ns
[2023-07-17T14:50:47.737+0000][1][safepoint    ] Safepoint "BulkRevokeBias", Time since last: 454709 ns, Reaching safepoint: 237208 ns, At safepoint: 296583 ns, Total: 533791 ns
[2023-07-17T14:50:47.739+0000][1][safepoint    ] Safepoint "RevokeBias", Time since last: 1683709 ns, Reaching safepoint: 333583 ns, At safepoint: 132625 ns, Total: 466208 ns
[2023-07-17T14:50:47.739+0000][1][safepoint    ] Safepoint "RevokeBias", Time since last: 363542 ns, Reaching safepoint: 198000 ns, At safepoint: 133500 ns, Total: 331500 ns
[2023-07-17T14:50:47.766+0000][1][safepoint    ] Safepoint "RevokeBias", Time since last: 26237125 ns, Reaching safepoint: 332583 ns, At safepoint: 81375 ns, Total: 413958 ns
[2023-07-17T14:50:47.767+0000][1][safepoint    ] Safepoint "RevokeBias", Time since last: 644792 ns, Reaching safepoint: 98333 ns, At safepoint: 36125 ns, Total: 134458 ns
[2023-07-17T14:50:47.768+0000][1][safepoint    ] Safepoint "RevokeBias", Time since last: 461875 ns, Reaching safepoint: 103875 ns, At safepoint: 33958 ns, Total: 137833 ns
[2023-07-17T14:50:47.768+0000][1][safepoint    ] Safepoint "RevokeBias", Time since last: 454792 ns, Reaching safepoint: 93333 ns, At safepoint: 33250 ns, Total: 126583 ns
[2023-07-17T14:50:47.769+0000][1][safepoint    ] Safepoint "RevokeBias", Time since last: 431625 ns, Reaching safepoint: 91209 ns, At safepoint: 34916 ns, Total: 126125 ns
[2023-07-17T14:50:47.769+0000][1][safepoint    ] Safepoint "RevokeBias", Time since last: 433375 ns, Reaching safepoint: 100875 ns, At safepoint: 32042 ns, Total: 132917 ns
[2023-07-17T14:50:47.770+0000][1][safepoint    ] Safepoint "RevokeBias", Time since last: 443917 ns, Reaching safepoint: 89458 ns, At safepoint: 34292 ns, Total: 123750 ns
[2023-07-17T14:50:47.770+0000][1][safepoint    ] Safepoint "RevokeBias", Time since last: 543375 ns, Reaching safepoint: 102333 ns, At safepoint: 46125 ns, Total: 148458 ns
[2023-07-17T14:50:47.771+0000][1][safepoint    ] Safepoint "RevokeBias", Time since last: 761875 ns, Reaching safepoint: 104833 ns, At safepoint: 34750 ns, Total: 139583 ns
[2023-07-17T14:50:47.772+0000][1][safepoint    ] Safepoint "RevokeBias", Time since last: 442584 ns, Reaching safepoint: 90458 ns, At safepoint: 35500 ns, Total: 125958 ns
[2023-07-17T14:50:47.773+0000][1][safepoint    ] Safepoint "RevokeBias", Time since last: 528667 ns, Reaching safepoint: 89708 ns, At safepoint: 35708 ns, Total: 125416 ns
[2023-07-17T14:50:47.773+0000][1][safepoint    ] Safepoint "RevokeBias", Time since last: 497750 ns, Reaching safepoint: 91000 ns, At safepoint: 33834 ns, Total: 124834 ns
[2023-07-17T14:50:47.774+0000][1][safepoint    ] Safepoint "RevokeBias", Time since last: 498083 ns, Reaching safepoint: 90875 ns, At safepoint: 33125 ns, Total: 124000 ns
[2023-07-17T14:50:47.774+0000][1][safepoint    ] Safepoint "RevokeBias", Time since last: 449333 ns, Reaching safepoint: 90417 ns, At safepoint: 36000 ns, Total: 126417 ns
[2023-07-17T14:50:47.775+0000][1][safepoint    ] Safepoint "RevokeBias", Time since last: 726792 ns, Reaching safepoint: 117416 ns, At safepoint: 39959 ns, Total: 157375 ns
[2023-07-17T14:50:47.776+0000][1][safepoint    ] Safepoint "RevokeBias", Time since last: 469250 ns, Reaching safepoint: 94000 ns, At safepoint: 34125 ns, Total: 128125 ns
[2023-07-17T14:50:47.777+0000][1][safepoint    ] Safepoint "RevokeBias", Time since last: 663833 ns, Reaching safepoint: 101917 ns, At safepoint: 34208 ns, Total: 136125 ns
[2023-07-17T14:50:47.777+0000][1][safepoint    ] Safepoint "RevokeBias", Time since last: 434333 ns, Reaching safepoint: 90917 ns, At safepoint: 32958 ns, Total: 123875 ns
[2023-07-17T14:50:47.778+0000][1][safepoint    ] Safepoint "RevokeBias", Time since last: 443375 ns, Reaching safepoint: 97375 ns, At safepoint: 36667 ns, Total: 134042 ns
[2023-07-17T14:50:47.779+0000][1][safepoint    ] Safepoint "BulkRevokeBias", Time since last: 439042 ns, Reaching safepoint: 92666 ns, At safepoint: 372709 ns, Total: 465375 ns
[2023-07-17T14:50:47.801+0000][1][safepoint    ] Safepoint "RevokeBias", Time since last: 22359166 ns, Reaching safepoint: 161167 ns, At safepoint: 140458 ns, Total: 301625 ns
[2023-07-17T14:50:47.818+0000][1][safepoint    ] Safepoint "RevokeBias", Time since last: 16288834 ns, Reaching safepoint: 239458 ns, At safepoint: 134583 ns, Total: 374041 ns
[2023-07-17T14:50:48.548+0000][1][safepoint    ] Safepoint "RevokeBias", Time since last: 728447626 ns, Reaching safepoint: 1470625 ns, At safepoint: 149125 ns, Total: 1619750 ns
[2023-07-17T14:50:48.550+0000][1][safepoint    ] Safepoint "RevokeBias", Time since last: 1316750 ns, Reaching safepoint: 716333 ns, At safepoint: 125125 ns, Total: 841458 ns
[2023-07-17T14:50:48.552+0000][1][safepoint    ] Safepoint "RevokeBias", Time since last: 730875 ns, Reaching safepoint: 430250 ns, At safepoint: 84542 ns, Total: 514792 ns
[2023-07-17T14:50:48.710+0000][1][safepoint    ] Safepoint "RevokeBias", Time since last: 158291125 ns, Reaching safepoint: 419875 ns, At safepoint: 138167 ns, Total: 558042 ns
[2023-07-17T14:50:48.712+0000][1][safepoint    ] Safepoint "RevokeBias", Time since last: 1063791 ns, Reaching safepoint: 519584 ns, At safepoint: 108958 ns, Total: 628542 ns
[2023-07-17T14:50:48.714+0000][1][safepoint    ] Safepoint "RevokeBias", Time since last: 1117250 ns, Reaching safepoint: 308167 ns, At safepoint: 72583 ns, Total: 380750 ns
[2023-07-17T14:50:48.716+0000][1][safepoint    ] Safepoint "RevokeBias", Time since last: 2123333 ns, Reaching safepoint: 327375 ns, At safepoint: 132500 ns, Total: 459875 ns
[2023-07-17T14:50:48.719+0000][1][safepoint    ] Safepoint "RevokeBias", Time since last: 2577375 ns, Reaching safepoint: 293417 ns, At safepoint: 96833 ns, Total: 390250 ns
[2023-07-17T14:50:48.725+0000][1][safepoint    ] Safepoint "RevokeBias", Time since last: 5636292 ns, Reaching safepoint: 410667 ns, At safepoint: 142500 ns, Total: 553167 ns
[2023-07-17T14:50:48.727+0000][1][safepoint    ] Safepoint "RevokeBias", Time since last: 1309166 ns, Reaching safepoint: 244209 ns, At safepoint: 96916 ns, Total: 341125 ns
[2023-07-17T14:50:48.729+0000][1][safepoint    ] Safepoint "RevokeBias", Time since last: 1639334 ns, Reaching safepoint: 369083 ns, At safepoint: 188500 ns, Total: 557583 ns
[2023-07-17T14:50:48.730+0000][1][safepoint    ] Safepoint "RevokeBias", Time since last: 336333 ns, Reaching safepoint: 310000 ns, At safepoint: 150917 ns, Total: 460917 ns
[2023-07-17T14:50:48.744+0000][1][safepoint    ] Safepoint "RevokeBias", Time since last: 12996958 ns, Reaching safepoint: 442250 ns, At safepoint: 153084 ns, Total: 595334 ns
[2023-07-17T14:50:48.746+0000][1][safepoint    ] Safepoint "RevokeBias", Time since last: 1836000 ns, Reaching safepoint: 233125 ns, At safepoint: 112750 ns, Total: 345875 ns
[2023-07-17T14:50:48.748+0000][1][safepoint    ] Safepoint "RevokeBias", Time since last: 1524458 ns, Reaching safepoint: 159958 ns, At safepoint: 104125 ns, Total: 264083 ns
[2023-07-17T14:50:48.749+0000][1][safepoint    ] Safepoint "RevokeBias", Time since last: 671459 ns, Reaching safepoint: 240375 ns, At safepoint: 174666 ns, Total: 415041 ns
[2023-07-17T14:50:48.750+0000][1][safepoint    ] Safepoint "RevokeBias", Time since last: 800917 ns, Reaching safepoint: 308083 ns, At safepoint: 122084 ns, Total: 430167 ns
[2023-07-17T14:50:48.751+0000][1][safepoint    ] Safepoint "RevokeBias", Time since last: 640458 ns, Reaching safepoint: 466750 ns, At safepoint: 149958 ns, Total: 616708 ns
[2023-07-17T14:50:48.753+0000][1][safepoint    ] Safepoint "RevokeBias", Time since last: 1879417 ns, Reaching safepoint: 279958 ns, At safepoint: 167417 ns, Total: 447375 ns
[2023-07-17T14:50:48.756+0000][1][safepoint    ] Safepoint "RevokeBias", Time since last: 2085083 ns, Reaching safepoint: 331500 ns, At safepoint: 151709 ns, Total: 483209 ns
[2023-07-17T14:50:48.758+0000][1][safepoint    ] Safepoint "RevokeBias", Time since last: 1295083 ns, Reaching safepoint: 275333 ns, At safepoint: 92917 ns, Total: 368250 ns
[2023-07-17T14:50:48.759+0000][1][safepoint    ] Safepoint "RevokeBias", Time since last: 876167 ns, Reaching safepoint: 247541 ns, At safepoint: 103417 ns, Total: 350958 ns
[2023-07-17T14:50:48.760+0000][1][safepoint    ] Safepoint "RevokeBias", Time since last: 718042 ns, Reaching safepoint: 321541 ns, At safepoint: 102542 ns, Total: 424083 ns
[2023-07-17T14:50:48.761+0000][1][safepoint    ] Safepoint "RevokeBias", Time since last: 334042 ns, Reaching safepoint: 291250 ns, At safepoint: 164250 ns, Total: 455500 ns
[2023-07-17T14:50:48.762+0000][1][safepoint    ] Safepoint "RevokeBias", Time since last: 595458 ns, Reaching safepoint: 391625 ns, At safepoint: 148042 ns, Total: 539667 ns
[2023-07-17T14:50:48.767+0000][1][safepoint    ] Safepoint "RevokeBias", Time since last: 3935250 ns, Reaching safepoint: 436541 ns, At safepoint: 197084 ns, Total: 633625 ns
[2023-07-17T14:50:48.768+0000][1][safepoint    ] Safepoint "RevokeBias", Time since last: 1628291 ns, Reaching safepoint: 208209 ns, At safepoint: 130958 ns, Total: 339167 ns
[2023-07-17T14:50:48.771+0000][1][safepoint    ] Safepoint "RevokeBias", Time since last: 1253042 ns, Reaching safepoint: 1047791 ns, At safepoint: 114209 ns, Total: 1162000 ns
[2023-07-17T14:50:48.775+0000][1][safepoint    ] Safepoint "RevokeBias", Time since last: 3670583 ns, Reaching safepoint: 342083 ns, At safepoint: 121375 ns, Total: 463458 ns
[2023-07-17T14:50:48.778+0000][1][safepoint    ] Safepoint "RevokeBias", Time since last: 2879875 ns, Reaching safepoint: 144959 ns, At safepoint: 98625 ns, Total: 243584 ns
[2023-07-17T14:50:48.780+0000][1][safepoint    ] Safepoint "RevokeBias", Time since last: 1198041 ns, Reaching safepoint: 403750 ns, At safepoint: 76084 ns, Total: 479834 ns
[2023-07-17T14:50:48.782+0000][1][safepoint    ] Safepoint "BulkRevokeBias", Time since last: 1274791 ns, Reaching safepoint: 219167 ns, At safepoint: 262500 ns, Total: 481667 ns
[2023-07-17T14:50:48.784+0000][1][safepoint    ] Safepoint "RevokeBias", Time since last: 1895958 ns, Reaching safepoint: 720250 ns, At safepoint: 88125 ns, Total: 808375 ns
[2023-07-17T14:50:48.815+0000][1][safepoint    ] Safepoint "RevokeBias", Time since last: 29945792 ns, Reaching safepoint: 773167 ns, At safepoint: 89958 ns, Total: 863125 ns
[2023-07-17T14:50:48.817+0000][1][safepoint    ] Safepoint "RevokeBias", Time since last: 1774458 ns, Reaching safepoint: 453167 ns, At safepoint: 153833 ns, Total: 607000 ns
[2023-07-17T14:50:48.827+0000][1][safepoint    ] Safepoint "RevokeBias", Time since last: 9123167 ns, Reaching safepoint: 550958 ns, At safepoint: 143292 ns, Total: 694250 ns
[2023-07-17T14:50:49.266+0000][1][safepoint    ] Safepoint "RevokeBias", Time since last: 435727917 ns, Reaching safepoint: 2066375 ns, At safepoint: 822125 ns, Total: 2888500 ns
[2023-07-17T14:50:49.693+0000][1][safepoint    ] Safepoint "RevokeBias", Time since last: 426635208 ns, Reaching safepoint: 628542 ns, At safepoint: 51167 ns, Total: 679709 ns
[2023-07-17T14:50:49.699+0000][1][safepoint    ] Safepoint "RevokeBias", Time since last: 5110000 ns, Reaching safepoint: 170166 ns, At safepoint: 43834 ns, Total: 214000 ns
[2023-07-17T14:50:49.700+0000][1][safepoint    ] Safepoint "RevokeBias", Time since last: 1226333 ns, Reaching safepoint: 109417 ns, At safepoint: 39291 ns, Total: 148708 ns
[2023-07-17T14:50:50.455+0000][1][gc,start     ] GC(13) Pause Young (Allocation Failure)
[2023-07-17T14:50:50.457+0000][1][gc,task      ] GC(13) Using 4 workers of 4 for evacuation
[2023-07-17T14:50:50.501+0000][1][gc,age       ] GC(13) Desired survivor size 8945664 bytes, new threshold 6 (max threshold 6)
[2023-07-17T14:50:50.501+0000][1][gc,age       ] GC(13) Age table with threshold 6 (max threshold 6)
[2023-07-17T14:50:50.501+0000][1][gc,age       ] GC(13) - age   1:    4682680 bytes,    4682680 total
[2023-07-17T14:50:50.501+0000][1][gc,age       ] GC(13) - age   2:    3069968 bytes,    7752648 total
[2023-07-17T14:50:50.502+0000][1][gc,heap      ] GC(13) ParNew: 151885K->8567K(157248K)
[2023-07-17T14:50:50.503+0000][1][gc,heap      ] GC(13) CMS: 48456K->48456K(349568K)
[2023-07-17T14:50:50.503+0000][1][gc,metaspace ] GC(13) Metaspace: 52964K->52964K(1097728K)
[2023-07-17T14:50:50.504+0000][1][gc           ] GC(13) Pause Young (Allocation Failure) 195M->55M(494M) 48.221ms
[2023-07-17T14:50:50.504+0000][1][gc,cpu       ] GC(13) User=0.13s Sys=0.01s Real=0.05s
[2023-07-17T14:50:50.504+0000][1][safepoint    ] Safepoint "GenCollectForAllocation", Time since last: 753869292 ns, Reaching safepoint: 1170875 ns, At safepoint: 49180917 ns, Total: 50351792 ns
[2023-07-17T14:50:50.510+0000][1][safepoint    ] Safepoint "RevokeBias", Time since last: 5329000 ns, Reaching safepoint: 264625 ns, At safepoint: 86250 ns, Total: 350875 ns
[2023-07-17T14:50:50.511+0000][1][safepoint    ] Safepoint "RevokeBias", Time since last: 1120458 ns, Reaching safepoint: 387459 ns, At safepoint: 37750 ns, Total: 425209 ns
[2023-07-17T14:50:50.512+0000][1][safepoint    ] Safepoint "RevokeBias", Time since last: 564125 ns, Reaching safepoint: 101500 ns, At safepoint: 46375 ns, Total: 147875 ns
[2023-07-17T14:50:50.513+0000][1][safepoint    ] Safepoint "RevokeBias", Time since last: 666708 ns, Reaching safepoint: 96208 ns, At safepoint: 43042 ns, Total: 139250 ns
[2023-07-17T14:50:50.514+0000][1][safepoint    ] Safepoint "RevokeBias", Time since last: 506583 ns, Reaching safepoint: 107667 ns, At safepoint: 32542 ns, Total: 140209 ns
[2023-07-17T14:50:50.514+0000][1][safepoint    ] Safepoint "RevokeBias", Time since last: 511791 ns, Reaching safepoint: 99625 ns, At safepoint: 35209 ns, Total: 134834 ns
[2023-07-17T14:50:50.651+0000][1][safepoint    ] Safepoint "RevokeBias", Time since last: 136411875 ns, Reaching safepoint: 234583 ns, At safepoint: 529792 ns, Total: 764375 ns
[2023-07-17T14:50:51.653+0000][1][safepoint    ] Safepoint "Cleanup", Time since last: 1000595417 ns, Reaching safepoint: 1047500 ns, At safepoint: 23792 ns, Total: 1071292 ns
[2023-07-17T14:50:51.880+0000][1][safepoint    ] Safepoint "CollectForMetadataAllocation", Time since last: 226791208 ns, Reaching safepoint: 281083 ns, At safepoint: 243209 ns, Total: 524292 ns
[2023-07-17T14:50:51.949+0000][1][safepoint    ] Safepoint "CollectForMetadataAllocation", Time since last: 67686833 ns, Reaching safepoint: 929000 ns, At safepoint: 142875 ns, Total: 1071875 ns
[2023-07-17T14:50:52.001+0000][1][safepoint    ] Safepoint "CollectForMetadataAllocation", Time since last: 52066125 ns, Reaching safepoint: 122833 ns, At safepoint: 111167 ns, Total: 234000 ns
[2023-07-17T14:50:52.095+0000][1][safepoint    ] Safepoint "CollectForMetadataAllocation", Time since last: 93753084 ns, Reaching safepoint: 216541 ns, At safepoint: 123250 ns, Total: 339791 ns
[2023-07-17T14:50:52.173+0000][1][safepoint    ] Safepoint "CollectForMetadataAllocation", Time since last: 76768875 ns, Reaching safepoint: 269709 ns, At safepoint: 109333 ns, Total: 379042 ns
[2023-07-17T14:50:52.260+0000][1][safepoint    ] Safepoint "CollectForMetadataAllocation", Time since last: 86428667 ns, Reaching safepoint: 530333 ns, At safepoint: 119250 ns, Total: 649583 ns
[2023-07-17T14:50:52.329+0000][1][safepoint    ] Safepoint "CollectForMetadataAllocation", Time since last: 68955417 ns, Reaching safepoint: 283583 ns, At safepoint: 132958 ns, Total: 416541 ns
[2023-07-17T14:50:52.412+0000][1][safepoint    ] Safepoint "CollectForMetadataAllocation", Time since last: 81168750 ns, Reaching safepoint: 1779667 ns, At safepoint: 129083 ns, Total: 1908750 ns
[2023-07-17T14:50:52.479+0000][1][safepoint    ] Safepoint "CollectForMetadataAllocation", Time since last: 66384625 ns, Reaching safepoint: 465375 ns, At safepoint: 81834 ns, Total: 547209 ns
[2023-07-17T14:50:52.505+0000][1][gc,start     ] GC(14) Pause Initial Mark
[2023-07-17T14:50:52.540+0000][1][gc           ] GC(14) Pause Initial Mark 126M->126M(494M) 34.781ms
[2023-07-17T14:50:52.540+0000][1][gc,cpu       ] GC(14) User=0.13s Sys=0.00s Real=0.04s
[2023-07-17T14:50:52.540+0000][1][safepoint    ] Safepoint "CMS_Initial_Mark", Time since last: 25088666 ns, Reaching safepoint: 341875 ns, At safepoint: 35648042 ns, Total: 35989917 ns
[2023-07-17T14:50:52.541+0000][1][gc           ] GC(14) Concurrent Mark
[2023-07-17T14:50:52.653+0000][1][safepoint    ] Safepoint "RevokeBias", Time since last: 112059750 ns, Reaching safepoint: 589625 ns, At safepoint: 179333 ns, Total: 768958 ns
[2023-07-17T14:50:52.654+0000][1][safepoint    ] Safepoint "RevokeBias", Time since last: 830959 ns, Reaching safepoint: 245666 ns, At safepoint: 98250 ns, Total: 343916 ns
[2023-07-17T14:50:52.655+0000][1][safepoint    ] Safepoint "RevokeBias", Time since last: 535792 ns, Reaching safepoint: 76208 ns, At safepoint: 95209 ns, Total: 171417 ns
[2023-07-17T14:50:52.669+0000][1][safepoint    ] Safepoint "RevokeBias", Time since last: 13417958 ns, Reaching safepoint: 170625 ns, At safepoint: 112125 ns, Total: 282750 ns
[2023-07-17T14:50:52.709+0000][1][safepoint    ] Safepoint "CollectForMetadataAllocation", Time since last: 40191333 ns, Reaching safepoint: 347917 ns, At safepoint: 114500 ns, Total: 462417 ns
[2023-07-17T14:50:52.754+0000][1][gc           ] GC(14) Concurrent Mark 213.303ms
[2023-07-17T14:50:52.754+0000][1][gc,cpu       ] GC(14) User=0.74s Sys=0.01s Real=0.21s
[2023-07-17T14:50:52.755+0000][1][gc           ] GC(14) Concurrent Preclean
[2023-07-17T14:50:52.764+0000][1][gc           ] GC(14) Concurrent Preclean 9.583ms
[2023-07-17T14:50:52.764+0000][1][gc,cpu       ] GC(14) User=0.03s Sys=0.00s Real=0.01s
[2023-07-17T14:50:52.765+0000][1][gc           ] GC(14) Concurrent Abortable Preclean
[2023-07-17T14:50:52.831+0000][1][safepoint    ] Safepoint "CollectForMetadataAllocation", Time since last: 121506292 ns, Reaching safepoint: 353583 ns, At safepoint: 114500 ns, Total: 468083 ns
[2023-07-17T14:50:52.975+0000][1][safepoint    ] Safepoint "CollectForMetadataAllocation", Time since last: 143600334 ns, Reaching safepoint: 324416 ns, At safepoint: 113959 ns, Total: 438375 ns
[2023-07-17T14:50:53.126+0000][1][safepoint    ] Safepoint "CollectForMetadataAllocation", Time since last: 149701500 ns, Reaching safepoint: 463541 ns, At safepoint: 117209 ns, Total: 580750 ns
[2023-07-17T14:50:53.262+0000][1][safepoint    ] Safepoint "RevokeBias", Time since last: 135928750 ns, Reaching safepoint: 421208 ns, At safepoint: 51083 ns, Total: 472291 ns
[2023-07-17T14:50:53.309+0000][1][safepoint    ] Safepoint "CollectForMetadataAllocation", Time since last: 46053084 ns, Reaching safepoint: 354583 ns, At safepoint: 166125 ns, Total: 520708 ns
[2023-07-17T14:50:53.393+0000][1][safepoint    ] Safepoint "CollectForMetadataAllocation", Time since last: 83904417 ns, Reaching safepoint: 301250 ns, At safepoint: 121333 ns, Total: 422583 ns
[2023-07-17T14:50:53.479+0000][1][safepoint    ] Safepoint "Deoptimize", Time since last: 84761709 ns, Reaching safepoint: 387583 ns, At safepoint: 1306792 ns, Total: 1694375 ns
[2023-07-17T14:50:53.597+0000][1][safepoint    ] Safepoint "CollectForMetadataAllocation", Time since last: 117019250 ns, Reaching safepoint: 512750 ns, At safepoint: 106875 ns, Total: 619625 ns
[2023-07-17T14:50:54.038+0000][1][safepoint    ] Safepoint "CollectForMetadataAllocation", Time since last: 440347833 ns, Reaching safepoint: 592750 ns, At safepoint: 85833 ns, Total: 678583 ns
[2023-07-17T14:50:54.187+0000][1][safepoint    ] Safepoint "RevokeBias", Time since last: 148638667 ns, Reaching safepoint: 535042 ns, At safepoint: 44958 ns, Total: 580000 ns
[2023-07-17T14:50:54.192+0000][1][safepoint    ] Safepoint "RevokeBias", Time since last: 4334959 ns, Reaching safepoint: 108041 ns, At safepoint: 33417 ns, Total: 141458 ns
[2023-07-17T14:50:54.194+0000][1][safepoint    ] Safepoint "RevokeBias", Time since last: 2308667 ns, Reaching safepoint: 203250 ns, At safepoint: 37541 ns, Total: 240791 ns
[2023-07-17T14:50:54.205+0000][1][safepoint    ] Safepoint "BulkRevokeBias", Time since last: 9621834 ns, Reaching safepoint: 146666 ns, At safepoint: 1027917 ns, Total: 1174583 ns
[2023-07-17T14:50:54.364+0000][1][safepoint    ] Safepoint "CollectForMetadataAllocation", Time since last: 157981250 ns, Reaching safepoint: 531292 ns, At safepoint: 104333 ns, Total: 635625 ns
[2023-07-17T14:50:54.747+0000][1][safepoint    ] Safepoint "CollectForMetadataAllocation", Time since last: 382924500 ns, Reaching safepoint: 522292 ns, At safepoint: 78625 ns, Total: 600917 ns
[2023-07-17T14:50:55.128+0000][1][safepoint    ] Safepoint "CollectForMetadataAllocation", Time since last: 380529625 ns, Reaching safepoint: 166958 ns, At safepoint: 126000 ns, Total: 292958 ns
[2023-07-17T14:50:55.313+0000][1][safepoint    ] Safepoint "CollectForMetadataAllocation", Time since last: 184302667 ns, Reaching safepoint: 307958 ns, At safepoint: 124709 ns, Total: 432667 ns
[2023-07-17T14:50:55.428+0000][1][safepoint    ] Safepoint "CollectForMetadataAllocation", Time since last: 115151166 ns, Reaching safepoint: 318625 ns, At safepoint: 117792 ns, Total: 436417 ns
[2023-07-17T14:50:55.598+0000][1][safepoint    ] Safepoint "CollectForMetadataAllocation", Time since last: 168816459 ns, Reaching safepoint: 296041 ns, At safepoint: 92625 ns, Total: 388666 ns
[2023-07-17T14:50:55.601+0000][1][safepoint    ] Safepoint "RevokeBias", Time since last: 3427209 ns, Reaching safepoint: 209208 ns, At safepoint: 45583 ns, Total: 254791 ns
[2023-07-17T14:50:55.725+0000][1][safepoint    ] Safepoint "CollectForMetadataAllocation", Time since last: 123651042 ns, Reaching safepoint: 319083 ns, At safepoint: 158042 ns, Total: 477125 ns
[2023-07-17T14:50:55.855+0000][1][safepoint    ] Safepoint "CollectForMetadataAllocation", Time since last: 129365833 ns, Reaching safepoint: 333125 ns, At safepoint: 114875 ns, Total: 448000 ns
[2023-07-17T14:50:55.999+0000][1][safepoint    ] Safepoint "CollectForMetadataAllocation", Time since last: 143031042 ns, Reaching safepoint: 368750 ns, At safepoint: 117583 ns, Total: 486333 ns
[2023-07-17T14:50:56.091+0000][1][safepoint    ] Safepoint "CollectForMetadataAllocation", Time since last: 91847459 ns, Reaching safepoint: 246916 ns, At safepoint: 100917 ns, Total: 347833 ns
[2023-07-17T14:50:56.098+0000][1][gc,start     ] GC(15) Pause Young (Allocation Failure)
[2023-07-17T14:50:56.098+0000][1][gc,task      ] GC(15) Using 4 workers of 4 for evacuation
[2023-07-17T14:50:56.171+0000][1][gc,age       ] GC(15) Desired survivor size 8945664 bytes, new threshold 2 (max threshold 6)
[2023-07-17T14:50:56.171+0000][1][gc,age       ] GC(15) Age table with threshold 2 (max threshold 6)
[2023-07-17T14:50:56.171+0000][1][gc,age       ] GC(15) - age   1:    4999192 bytes,    4999192 total
[2023-07-17T14:50:56.171+0000][1][gc,age       ] GC(15) - age   2:    4535536 bytes,    9534728 total
[2023-07-17T14:50:56.172+0000][1][gc,age       ] GC(15) - age   3:    3038352 bytes,   12573080 total
[2023-07-17T14:50:56.172+0000][1][gc,heap      ] GC(15) ParNew: 148343K->16575K(157248K)
[2023-07-17T14:50:56.172+0000][1][gc,heap      ] GC(15) CMS: 48456K->48456K(349568K)
[2023-07-17T14:50:56.172+0000][1][gc,metaspace ] GC(15) Metaspace: 65738K->65738K(1110016K)
[2023-07-17T14:50:56.173+0000][1][gc           ] GC(15) Pause Young (Allocation Failure) 192M->63M(494M) 74.748ms
[2023-07-17T14:50:56.173+0000][1][gc,cpu       ] GC(15) User=0.15s Sys=0.00s Real=0.07s
[2023-07-17T14:50:56.173+0000][1][safepoint    ] Safepoint "GenCollectForAllocation", Time since last: 3640833 ns, Reaching safepoint: 3279709 ns, At safepoint: 75170291 ns, Total: 78450000 ns
[2023-07-17T14:50:56.300+0000][1][safepoint    ] Safepoint "CollectForMetadataAllocation", Time since last: 125857376 ns, Reaching safepoint: 1556666 ns, At safepoint: 120167 ns, Total: 1676833 ns
[2023-07-17T14:50:56.420+0000][1][safepoint    ] Safepoint "CollectForMetadataAllocation", Time since last: 119342958 ns, Reaching safepoint: 263834 ns, At safepoint: 115000 ns, Total: 378834 ns
[2023-07-17T14:50:56.474+0000][1][safepoint    ] Safepoint "CollectForMetadataAllocation", Time since last: 53756250 ns, Reaching safepoint: 163375 ns, At safepoint: 111916 ns, Total: 275291 ns
[2023-07-17T14:50:56.559+0000][1][safepoint    ] Safepoint "CollectForMetadataAllocation", Time since last: 84664584 ns, Reaching safepoint: 305875 ns, At safepoint: 153000 ns, Total: 458875 ns
[2023-07-17T14:50:56.578+0000][1][safepoint    ] Safepoint "CollectForMetadataAllocation", Time since last: 18276125 ns, Reaching safepoint: 404125 ns, At safepoint: 110250 ns, Total: 514375 ns
[2023-07-17T14:50:56.617+0000][1][safepoint    ] Safepoint "Deoptimize", Time since last: 37403291 ns, Reaching safepoint: 244834 ns, At safepoint: 1173500 ns, Total: 1418334 ns
[2023-07-17T14:50:56.644+0000][1][safepoint    ] Safepoint "CollectForMetadataAllocation", Time since last: 26528750 ns, Reaching safepoint: 390791 ns, At safepoint: 107584 ns, Total: 498375 ns
[2023-07-17T14:50:56.774+0000][1][safepoint    ] Safepoint "CollectForMetadataAllocation", Time since last: 129998708 ns, Reaching safepoint: 247750 ns, At safepoint: 109542 ns, Total: 357292 ns
[2023-07-17T14:50:56.845+0000][1][safepoint    ] Safepoint "CollectForMetadataAllocation", Time since last: 70034250 ns, Reaching safepoint: 339875 ns, At safepoint: 115333 ns, Total: 455208 ns
[2023-07-17T14:50:56.921+0000][1][safepoint    ] Safepoint "RevokeBias", Time since last: 75546417 ns, Reaching safepoint: 388208 ns, At safepoint: 134417 ns, Total: 522625 ns
[2023-07-17T14:50:56.927+0000][1][safepoint    ] Safepoint "RevokeBias", Time since last: 6356500 ns, Reaching safepoint: 116833 ns, At safepoint: 102084 ns, Total: 218917 ns
[2023-07-17T14:50:56.936+0000][1][safepoint    ] Safepoint "RevokeBias", Time since last: 8783666 ns, Reaching safepoint: 121500 ns, At safepoint: 117375 ns, Total: 238875 ns
[2023-07-17T14:50:56.940+0000][1][safepoint    ] Safepoint "RevokeBias", Time since last: 2593750 ns, Reaching safepoint: 332125 ns, At safepoint: 112500 ns, Total: 444625 ns
[2023-07-17T14:50:56.940+0000][1][safepoint    ] Safepoint "RevokeBias", Time since last: 522000 ns, Reaching safepoint: 217625 ns, At safepoint: 82459 ns, Total: 300084 ns
[2023-07-17T14:50:56.947+0000][1][safepoint    ] Safepoint "RevokeBias", Time since last: 6327083 ns, Reaching safepoint: 255708 ns, At safepoint: 102375 ns, Total: 358083 ns
[2023-07-17T14:50:56.949+0000][1][safepoint    ] Safepoint "RevokeBias", Time since last: 1799209 ns, Reaching safepoint: 79208 ns, At safepoint: 87625 ns, Total: 166833 ns
[2023-07-17T14:50:56.951+0000][1][safepoint    ] Safepoint "RevokeBias", Time since last: 1501250 ns, Reaching safepoint: 156625 ns, At safepoint: 81042 ns, Total: 237667 ns
[2023-07-17T14:50:56.955+0000][1][safepoint    ] Safepoint "RevokeBias", Time since last: 4297666 ns, Reaching safepoint: 138709 ns, At safepoint: 87541 ns, Total: 226250 ns
[2023-07-17T14:50:56.959+0000][1][safepoint    ] Safepoint "RevokeBias", Time since last: 3462042 ns, Reaching safepoint: 120625 ns, At safepoint: 91375 ns, Total: 212000 ns
[2023-07-17T14:50:56.964+0000][1][safepoint    ] Safepoint "RevokeBias", Time since last: 4577500 ns, Reaching safepoint: 283792 ns, At safepoint: 98250 ns, Total: 382042 ns
[2023-07-17T14:50:56.967+0000][1][safepoint    ] Safepoint "RevokeBias", Time since last: 2583791 ns, Reaching safepoint: 165000 ns, At safepoint: 89375 ns, Total: 254375 ns
[2023-07-17T14:50:56.987+0000][1][safepoint    ] Safepoint "Deoptimize", Time since last: 16152084 ns, Reaching safepoint: 2889583 ns, At safepoint: 1181833 ns, Total: 4071416 ns
[2023-07-17T14:50:57.211+0000][1][safepoint    ] Safepoint "CollectForMetadataAllocation", Time since last: 223053917 ns, Reaching safepoint: 1168333 ns, At safepoint: 115125 ns, Total: 1283458 ns
[2023-07-17T14:50:57.375+0000][1][safepoint    ] Safepoint "RevokeBias", Time since last: 162730375 ns, Reaching safepoint: 501000 ns, At safepoint: 76084 ns, Total: 577084 ns
[2023-07-17T14:50:57.376+0000][1][safepoint    ] Safepoint "RevokeBias", Time since last: 790291 ns, Reaching safepoint: 377542 ns, At safepoint: 97167 ns, Total: 474709 ns
[2023-07-17T14:50:57.376+0000][1][safepoint    ] Safepoint "RevokeBias", Time since last: 238166 ns, Reaching safepoint: 269209 ns, At safepoint: 104375 ns, Total: 373584 ns
[2023-07-17T14:50:57.377+0000][1][safepoint    ] Safepoint "RevokeBias", Time since last: 221916 ns, Reaching safepoint: 264667 ns, At safepoint: 88958 ns, Total: 353625 ns
[2023-07-17T14:50:57.378+0000][1][safepoint    ] Safepoint "RevokeBias", Time since last: 253625 ns, Reaching safepoint: 220125 ns, At safepoint: 84625 ns, Total: 304750 ns
[2023-07-17T14:50:57.378+0000][1][safepoint    ] Safepoint "RevokeBias", Time since last: 198000 ns, Reaching safepoint: 170250 ns, At safepoint: 75625 ns, Total: 245875 ns
[2023-07-17T14:50:57.379+0000][1][safepoint    ] Safepoint "RevokeBias", Time since last: 207667 ns, Reaching safepoint: 154500 ns, At safepoint: 88958 ns, Total: 243458 ns
[2023-07-17T14:50:57.379+0000][1][safepoint    ] Safepoint "RevokeBias", Time since last: 201250 ns, Reaching safepoint: 173375 ns, At safepoint: 75917 ns, Total: 249292 ns
[2023-07-17T14:50:57.456+0000][1][safepoint    ] Safepoint "CollectForMetadataAllocation", Time since last: 74051417 ns, Reaching safepoint: 2555375 ns, At safepoint: 105791 ns, Total: 2661166 ns
[2023-07-17T14:50:57.626+0000][1][safepoint    ] Safepoint "CollectForMetadataAllocation", Time since last: 169395250 ns, Reaching safepoint: 370167 ns, At safepoint: 170708 ns, Total: 540875 ns
[2023-07-17T14:50:57.769+0000][1][safepoint    ] Safepoint "CollectForMetadataAllocation", Time since last: 143366626 ns, Reaching safepoint: 300458 ns, At safepoint: 68292 ns, Total: 368750 ns
[2023-07-17T14:50:57.922+0000][1][safepoint    ] Safepoint "CollectForMetadataAllocation", Time since last: 152297166 ns, Reaching safepoint: 485167 ns, At safepoint: 101792 ns, Total: 586959 ns
[2023-07-17T14:50:57.923+0000][1][safepoint    ] Safepoint "CollectForMetadataAllocation", Time since last: 956250 ns, Reaching safepoint: 147625 ns, At safepoint: 19375 ns, Total: 167000 ns
[2023-07-17T14:50:57.928+0000][1][safepoint    ] Safepoint "Deoptimize", Time since last: 3709750 ns, Reaching safepoint: 136333 ns, At safepoint: 1168708 ns, Total: 1305041 ns
[2023-07-17T14:50:57.935+0000][1][gc           ] GC(14) Concurrent Abortable Preclean 5170.123ms
[2023-07-17T14:50:57.935+0000][1][gc,cpu       ] GC(14) User=12.15s Sys=0.09s Real=5.17s
[2023-07-17T14:50:57.936+0000][1][gc,start     ] GC(14) Pause Remark
[2023-07-17T14:50:58.035+0000][1][gc           ] GC(14) Pause Remark 94M->94M(494M) 98.909ms
[2023-07-17T14:50:58.035+0000][1][gc,cpu       ] GC(14) User=0.16s Sys=0.01s Real=0.09s
[2023-07-17T14:50:58.035+0000][1][safepoint    ] Safepoint "CMS_Final_Remark", Time since last: 7019875 ns, Reaching safepoint: 239917 ns, At safepoint: 99724292 ns, Total: 99964209 ns
[2023-07-17T14:50:58.036+0000][1][gc           ] GC(14) Concurrent Sweep
[2023-07-17T14:50:58.136+0000][1][safepoint    ] Safepoint "RevokeBias", Time since last: 95748416 ns, Reaching safepoint: 5162209 ns, At safepoint: 127083 ns, Total: 5289292 ns
[2023-07-17T14:50:58.141+0000][1][safepoint    ] Safepoint "RevokeBias", Time since last: 1439917 ns, Reaching safepoint: 3027375 ns, At safepoint: 118416 ns, Total: 3145791 ns
[2023-07-17T14:50:58.158+0000][1][gc           ] GC(14) Concurrent Sweep 121.498ms
[2023-07-17T14:50:58.158+0000][1][gc,cpu       ] GC(14) User=0.21s Sys=0.00s Real=0.12s
[2023-07-17T14:50:58.159+0000][1][gc           ] GC(14) Concurrent Reset
[2023-07-17T14:50:58.161+0000][1][gc           ] GC(14) Concurrent Reset 1.150ms
[2023-07-17T14:50:58.161+0000][1][gc,cpu       ] GC(14) User=0.00s Sys=0.00s Real=0.00s
[2023-07-17T14:50:58.161+0000][1][gc,heap      ] GC(14) Old: 48456K->48192K(349568K)
[2023-07-17T14:50:58.774+0000][1][safepoint    ] Safepoint "RevokeBias", Time since last: 632006251 ns, Reaching safepoint: 851083 ns, At safepoint: 70083 ns, Total: 921166 ns
[2023-07-17T14:50:58.779+0000][1][safepoint    ] Safepoint "RevokeBias", Time since last: 4177125 ns, Reaching safepoint: 509334 ns, At safepoint: 54916 ns, Total: 564250 ns
[2023-07-17T14:50:58.782+0000][1][safepoint    ] Safepoint "RevokeBias", Time since last: 2878625 ns, Reaching safepoint: 278625 ns, At safepoint: 107959 ns, Total: 386584 ns
[2023-07-17T14:50:58.783+0000][1][safepoint    ] Safepoint "RevokeBias", Time since last: 988750 ns, Reaching safepoint: 282625 ns, At safepoint: 148125 ns, Total: 430750 ns
[2023-07-17T14:50:58.796+0000][1][safepoint    ] Safepoint "RevokeBias", Time since last: 10442875 ns, Reaching safepoint: 2351208 ns, At safepoint: 57625 ns, Total: 2408833 ns
[2023-07-17T14:50:58.800+0000][1][safepoint    ] Safepoint "RevokeBias", Time since last: 663667 ns, Reaching safepoint: 2953750 ns, At safepoint: 221625 ns, Total: 3175375 ns
[2023-07-17T14:50:58.809+0000][1][safepoint    ] Safepoint "RevokeBias", Time since last: 7519458 ns, Reaching safepoint: 1117750 ns, At safepoint: 112500 ns, Total: 1230250 ns
[2023-07-17T14:50:58.813+0000][1][safepoint    ] Safepoint "RevokeBias", Time since last: 2998792 ns, Reaching safepoint: 141625 ns, At safepoint: 1241708 ns, Total: 1383333 ns
[2023-07-17T14:50:58.814+0000][1][safepoint    ] Safepoint "RevokeBias", Time since last: 522750 ns, Reaching safepoint: 466750 ns, At safepoint: 64333 ns, Total: 531083 ns
[2023-07-17T14:50:58.817+0000][1][safepoint    ] Safepoint "RevokeBias", Time since last: 2157500 ns, Reaching safepoint: 323042 ns, At safepoint: 76333 ns, Total: 399375 ns
[2023-07-17T14:50:58.818+0000][1][safepoint    ] Safepoint "RevokeBias", Time since last: 667834 ns, Reaching safepoint: 328875 ns, At safepoint: 59041 ns, Total: 387916 ns
[2023-07-17T14:50:58.821+0000][1][safepoint    ] Safepoint "RevokeBias", Time since last: 2519292 ns, Reaching safepoint: 424792 ns, At safepoint: 65375 ns, Total: 490167 ns
[2023-07-17T14:50:58.825+0000][1][safepoint    ] Safepoint "RevokeBias", Time since last: 3681750 ns, Reaching safepoint: 319250 ns, At safepoint: 66208 ns, Total: 385458 ns
[2023-07-17T14:50:58.826+0000][1][safepoint    ] Safepoint "RevokeBias", Time since last: 497083 ns, Reaching safepoint: 268459 ns, At safepoint: 57875 ns, Total: 326334 ns
[2023-07-17T14:50:58.830+0000][1][safepoint    ] Safepoint "RevokeBias", Time since last: 4270458 ns, Reaching safepoint: 261750 ns, At safepoint: 69375 ns, Total: 331125 ns
[2023-07-17T14:50:58.912+0000][1][safepoint    ] Safepoint "RevokeBias", Time since last: 81639083 ns, Reaching safepoint: 362292 ns, At safepoint: 74792 ns, Total: 437084 ns
[2023-07-17T14:50:58.921+0000][1][safepoint    ] Safepoint "RevokeBias", Time since last: 3155000 ns, Reaching safepoint: 5074500 ns, At safepoint: 77833 ns, Total: 5152333 ns
[2023-07-17T14:50:59.041+0000][1][safepoint    ] Safepoint "RevokeBias", Time since last: 119505584 ns, Reaching safepoint: 583500 ns, At safepoint: 66250 ns, Total: 649750 ns
[2023-07-17T14:50:59.043+0000][1][safepoint    ] Safepoint "RevokeBias", Time since last: 1854541 ns, Reaching safepoint: 253750 ns, At safepoint: 44459 ns, Total: 298209 ns
[2023-07-17T14:50:59.065+0000][1][safepoint    ] Safepoint "RevokeBias", Time since last: 21293708 ns, Reaching safepoint: 321458 ns, At safepoint: 66167 ns, Total: 387625 ns
[2023-07-17T14:50:59.066+0000][1][safepoint    ] Safepoint "RevokeBias", Time since last: 1104250 ns, Reaching safepoint: 188292 ns, At safepoint: 52500 ns, Total: 240792 ns
[2023-07-17T14:50:59.105+0000][1][safepoint    ] Safepoint "RevokeBias", Time since last: 38860041 ns, Reaching safepoint: 284584 ns, At safepoint: 51291 ns, Total: 335875 ns
[2023-07-17T14:50:59.121+0000][1][safepoint    ] Safepoint "RevokeBias", Time since last: 15839834 ns, Reaching safepoint: 205083 ns, At safepoint: 51458 ns, Total: 256541 ns
[2023-07-17T14:50:59.138+0000][1][safepoint    ] Safepoint "RevokeBias", Time since last: 16781959 ns, Reaching safepoint: 216291 ns, At safepoint: 51459 ns, Total: 267750 ns
[2023-07-17T14:50:59.141+0000][1][safepoint    ] Safepoint "RevokeBias", Time since last: 2440041 ns, Reaching safepoint: 94209 ns, At safepoint: 56541 ns, Total: 150750 ns
[2023-07-17T14:50:59.142+0000][1][safepoint    ] Safepoint "RevokeBias", Time since last: 1088542 ns, Reaching safepoint: 92000 ns, At safepoint: 49917 ns, Total: 141917 ns
[2023-07-17T14:50:59.150+0000][1][safepoint    ] Safepoint "RevokeBias", Time since last: 7291833 ns, Reaching safepoint: 244417 ns, At safepoint: 67416 ns, Total: 311833 ns
[2023-07-17T14:50:59.233+0000][1][safepoint    ] Safepoint "RevokeBias", Time since last: 82689125 ns, Reaching safepoint: 412792 ns, At safepoint: 71000 ns, Total: 483792 ns
[2023-07-17T14:50:59.246+0000][1][safepoint    ] Safepoint "RevokeBias", Time since last: 12412292 ns, Reaching safepoint: 248166 ns, At safepoint: 48084 ns, Total: 296250 ns
[2023-07-17T14:50:59.247+0000][1][safepoint    ] Safepoint "RevokeBias", Time since last: 883833 ns, Reaching safepoint: 158583 ns, At safepoint: 38000 ns, Total: 196583 ns
[2023-07-17T14:50:59.312+0000][1][safepoint    ] Safepoint "RevokeBias", Time since last: 64705334 ns, Reaching safepoint: 331333 ns, At safepoint: 65500 ns, Total: 396833 ns
[2023-07-17T14:50:59.335+0000][1][safepoint    ] Safepoint "RevokeBias", Time since last: 23024208 ns, Reaching safepoint: 345875 ns, At safepoint: 109542 ns, Total: 455417 ns
[2023-07-17T14:50:59.369+0000][1][safepoint    ] Safepoint "RevokeBias", Time since last: 33764083 ns, Reaching safepoint: 261000 ns, At safepoint: 64292 ns, Total: 325292 ns
[2023-07-17T14:50:59.382+0000][1][safepoint    ] Safepoint "RevokeBias", Time since last: 12284250 ns, Reaching safepoint: 193167 ns, At safepoint: 64583 ns, Total: 257750 ns
[2023-07-17T14:50:59.387+0000][1][safepoint    ] Safepoint "RevokeBias", Time since last: 4374833 ns, Reaching safepoint: 235542 ns, At safepoint: 63083 ns, Total: 298625 ns
[2023-07-17T14:50:59.422+0000][1][safepoint    ] Safepoint "RevokeBias", Time since last: 34388459 ns, Reaching safepoint: 396541 ns, At safepoint: 85167 ns, Total: 481708 ns
[2023-07-17T14:50:59.422+0000][1][safepoint    ] Safepoint "RevokeBias", Time since last: 555875 ns, Reaching safepoint: 269792 ns, At safepoint: 52041 ns, Total: 321833 ns
[2023-07-17T14:50:59.460+0000][1][safepoint    ] Safepoint "RevokeBias", Time since last: 37147459 ns, Reaching safepoint: 393166 ns, At safepoint: 65000 ns, Total: 458166 ns
[2023-07-17T14:50:59.461+0000][1][safepoint    ] Safepoint "RevokeBias", Time since last: 580750 ns, Reaching safepoint: 229375 ns, At safepoint: 49334 ns, Total: 278709 ns
[2023-07-17T14:50:59.488+0000][1][safepoint    ] Safepoint "RevokeBias", Time since last: 26876833 ns, Reaching safepoint: 263750 ns, At safepoint: 64042 ns, Total: 327792 ns
[2023-07-17T14:50:59.562+0000][1][safepoint    ] Safepoint "BulkRevokeBias", Time since last: 73428416 ns, Reaching safepoint: 417667 ns, At safepoint: 495208 ns, Total: 912875 ns
[2023-07-17T14:51:00.346+0000][1][safepoint    ] Safepoint "RevokeBias", Time since last: 780240417 ns, Reaching safepoint: 2421500 ns, At safepoint: 890084 ns, Total: 3311584 ns
[2023-07-17T14:51:00.374+0000][1][safepoint    ] Safepoint "RevokeBias", Time since last: 27549625 ns, Reaching safepoint: 304375 ns, At safepoint: 75666 ns, Total: 380041 ns
[2023-07-17T14:51:00.386+0000][1][safepoint    ] Safepoint "RevokeBias", Time since last: 11886375 ns, Reaching safepoint: 273042 ns, At safepoint: 74667 ns, Total: 347709 ns
[2023-07-17T14:51:01.084+0000][1][safepoint    ] Safepoint "RevokeBias", Time since last: 697428792 ns, Reaching safepoint: 647875 ns, At safepoint: 74541 ns, Total: 722416 ns
[2023-07-17T14:51:01.086+0000][1][safepoint    ] Safepoint "RevokeBias", Time since last: 1108542 ns, Reaching safepoint: 291917 ns, At safepoint: 57833 ns, Total: 349750 ns
[2023-07-17T14:51:01.087+0000][1][safepoint    ] Safepoint "RevokeBias", Time since last: 825458 ns, Reaching safepoint: 242500 ns, At safepoint: 54500 ns, Total: 297000 ns
[2023-07-17T14:51:01.114+0000][1][safepoint    ] Safepoint "RevokeBias", Time since last: 26524959 ns, Reaching safepoint: 276833 ns, At safepoint: 67083 ns, Total: 343916 ns
[2023-07-17T14:51:01.116+0000][1][safepoint    ] Safepoint "RevokeBias", Time since last: 2349792 ns, Reaching safepoint: 318792 ns, At safepoint: 91416 ns, Total: 410208 ns
[2023-07-17T14:51:01.117+0000][1][safepoint    ] Safepoint "RevokeBias", Time since last: 418209 ns, Reaching safepoint: 186166 ns, At safepoint: 50000 ns, Total: 236166 ns
[2023-07-17T14:51:01.222+0000][1][safepoint    ] Safepoint "RevokeBias", Time since last: 100846542 ns, Reaching safepoint: 3382584 ns, At safepoint: 306875 ns, Total: 3689459 ns
[2023-07-17T14:51:01.230+0000][1][safepoint    ] Safepoint "RevokeBias", Time since last: 1493958 ns, Reaching safepoint: 6467667 ns, At safepoint: 88208 ns, Total: 6555875 ns
[2023-07-17T14:51:01.253+0000][1][safepoint    ] Safepoint "RevokeBias", Time since last: 4265125 ns, Reaching safepoint: 19206833 ns, At safepoint: 101250 ns, Total: 19308083 ns
[2023-07-17T14:51:01.257+0000][1][safepoint    ] Safepoint "RevokeBias", Time since last: 3169875 ns, Reaching safepoint: 274834 ns, At safepoint: 410333 ns, Total: 685167 ns
[2023-07-17T14:51:01.263+0000][1][safepoint    ] Safepoint "RevokeBias", Time since last: 4401708 ns, Reaching safepoint: 1036334 ns, At safepoint: 77791 ns, Total: 1114125 ns
[2023-07-17T14:51:01.264+0000][1][safepoint    ] Safepoint "RevokeBias", Time since last: 631209 ns, Reaching safepoint: 651916 ns, At safepoint: 231292 ns, Total: 883208 ns
[2023-07-17T14:51:01.265+0000][1][safepoint    ] Safepoint "RevokeBias", Time since last: 553458 ns, Reaching safepoint: 433875 ns, At safepoint: 58042 ns, Total: 491917 ns
[2023-07-17T14:51:01.267+0000][1][safepoint    ] Safepoint "RevokeBias", Time since last: 1138750 ns, Reaching safepoint: 724458 ns, At safepoint: 69125 ns, Total: 793583 ns
[2023-07-17T14:51:01.271+0000][1][safepoint    ] Safepoint "RevokeBias", Time since last: 2697334 ns, Reaching safepoint: 1064708 ns, At safepoint: 193167 ns, Total: 1257875 ns
[2023-07-17T14:51:01.386+0000][1][safepoint    ] Safepoint "RevokeBias", Time since last: 114402208 ns, Reaching safepoint: 681208 ns, At safepoint: 57084 ns, Total: 738292 ns
[2023-07-17T14:51:01.472+0000][1][safepoint    ] Safepoint "RevokeBias", Time since last: 83858333 ns, Reaching safepoint: 1790292 ns, At safepoint: 104916 ns, Total: 1895208 ns
[2023-07-17T14:51:01.500+0000][1][safepoint    ] Safepoint "RevokeBias", Time since last: 24479625 ns, Reaching safepoint: 3335625 ns, At safepoint: 108084 ns, Total: 3443709 ns
[2023-07-17T14:51:01.671+0000][1][safepoint    ] Safepoint "RevokeBias", Time since last: 170594875 ns, Reaching safepoint: 774458 ns, At safepoint: 84458 ns, Total: 858916 ns
[2023-07-17T14:51:01.696+0000][1][safepoint    ] Safepoint "RevokeBias", Time since last: 24163000 ns, Reaching safepoint: 505000 ns, At safepoint: 221750 ns, Total: 726750 ns
[2023-07-17T14:51:01.714+0000][1][safepoint    ] Safepoint "RevokeBias", Time since last: 16962959 ns, Reaching safepoint: 536375 ns, At safepoint: 128208 ns, Total: 664583 ns
[2023-07-17T14:51:01.736+0000][1][safepoint    ] Safepoint "RevokeBias", Time since last: 20561625 ns, Reaching safepoint: 915042 ns, At safepoint: 114166 ns, Total: 1029208 ns
[2023-07-17T14:51:01.820+0000][1][safepoint    ] Safepoint "RevokeBias", Time since last: 83596334 ns, Reaching safepoint: 986500 ns, At safepoint: 69083 ns, Total: 1055583 ns
[2023-07-17T14:51:01.829+0000][1][safepoint    ] Safepoint "RevokeBias", Time since last: 700459 ns, Reaching safepoint: 8243625 ns, At safepoint: 36708 ns, Total: 8280333 ns
[2023-07-17T14:51:01.900+0000][1][safepoint    ] Safepoint "RevokeBias", Time since last: 62400250 ns, Reaching safepoint: 7694625 ns, At safepoint: 525917 ns, Total: 8220542 ns
[2023-07-17T14:51:01.996+0000][1][safepoint    ] Safepoint "RevokeBias", Time since last: 91663125 ns, Reaching safepoint: 4438625 ns, At safepoint: 33791 ns, Total: 4472416 ns
[2023-07-17T14:51:02.198+0000][1][safepoint    ] Safepoint "RevokeBias", Time since last: 199606292 ns, Reaching safepoint: 2559917 ns, At safepoint: 167583 ns, Total: 2727500 ns
[2023-07-17T14:51:02.209+0000][1][safepoint    ] Safepoint "RevokeBias", Time since last: 7220958 ns, Reaching safepoint: 3435875 ns, At safepoint: 102292 ns, Total: 3538167 ns
[2023-07-17T14:51:02.219+0000][1][safepoint    ] Safepoint "RevokeBias", Time since last: 5772167 ns, Reaching safepoint: 4016416 ns, At safepoint: 101167 ns, Total: 4117583 ns
[2023-07-17T14:51:02.306+0000][1][safepoint    ] Safepoint "RevokeBias", Time since last: 85999042 ns, Reaching safepoint: 1549166 ns, At safepoint: 57292 ns, Total: 1606458 ns
[2023-07-17T14:51:02.318+0000][1][safepoint    ] Safepoint "RevokeBias", Time since last: 11219625 ns, Reaching safepoint: 358458 ns, At safepoint: 39709 ns, Total: 398167 ns
[2023-07-17T14:51:02.324+0000][1][safepoint    ] Safepoint "RevokeBias", Time since last: 5379458 ns, Reaching safepoint: 295917 ns, At safepoint: 41250 ns, Total: 337167 ns
[2023-07-17T14:51:02.325+0000][1][safepoint    ] Safepoint "RevokeBias", Time since last: 1304250 ns, Reaching safepoint: 322958 ns, At safepoint: 56208 ns, Total: 379166 ns
[2023-07-17T14:51:02.334+0000][1][safepoint    ] Safepoint "RevokeBias", Time since last: 8445959 ns, Reaching safepoint: 300000 ns, At safepoint: 35291 ns, Total: 335291 ns
[2023-07-17T14:51:02.339+0000][1][safepoint    ] Safepoint "RevokeBias", Time since last: 4347792 ns, Reaching safepoint: 219917 ns, At safepoint: 36333 ns, Total: 256250 ns
[2023-07-17T14:51:02.368+0000][1][safepoint    ] Safepoint "RevokeBias", Time since last: 26822125 ns, Reaching safepoint: 2427250 ns, At safepoint: 28958 ns, Total: 2456208 ns
[2023-07-17T14:51:02.383+0000][1][safepoint    ] Safepoint "RevokeBias", Time since last: 11357584 ns, Reaching safepoint: 3402625 ns, At safepoint: 32416 ns, Total: 3435041 ns
[2023-07-17T14:51:02.384+0000][1][safepoint    ] Safepoint "RevokeBias", Time since last: 574084 ns, Reaching safepoint: 445875 ns, At safepoint: 18500 ns, Total: 464375 ns
[2023-07-17T14:51:02.664+0000][1][safepoint    ] Safepoint "Deoptimize", Time since last: 278496792 ns, Reaching safepoint: 391083 ns, At safepoint: 1569375 ns, Total: 1960458 ns
[2023-07-17T14:51:03.110+0000][1][safepoint    ] Safepoint "RevokeBias", Time since last: 442092292 ns, Reaching safepoint: 3820041 ns, At safepoint: 35750 ns, Total: 3855791 ns
[2023-07-17T14:51:03.174+0000][1][safepoint    ] Safepoint "RevokeBias", Time since last: 57418834 ns, Reaching safepoint: 6315041 ns, At safepoint: 42750 ns, Total: 6357791 ns
[2023-07-17T14:51:03.175+0000][1][safepoint    ] Safepoint "RevokeBias", Time since last: 559834 ns, Reaching safepoint: 491166 ns, At safepoint: 28084 ns, Total: 519250 ns
[2023-07-17T14:51:03.224+0000][1][safepoint    ] Safepoint "RevokeBias", Time since last: 36905000 ns, Reaching safepoint: 12012417 ns, At safepoint: 103666 ns, Total: 12116083 ns
[2023-07-17T14:51:03.230+0000][1][safepoint    ] Safepoint "RevokeBias", Time since last: 4877417 ns, Reaching safepoint: 573417 ns, At safepoint: 26125 ns, Total: 599542 ns
[2023-07-17T14:51:03.231+0000][1][safepoint    ] Safepoint "RevokeBias", Time since last: 596125 ns, Reaching safepoint: 386333 ns, At safepoint: 16167 ns, Total: 402500 ns
[2023-07-17T14:51:03.232+0000][1][safepoint    ] Safepoint "RevokeBias", Time since last: 544541 ns, Reaching safepoint: 308250 ns, At safepoint: 59084 ns, Total: 367334 ns
[2023-07-17T14:51:03.233+0000][1][safepoint    ] Safepoint "RevokeBias", Time since last: 619250 ns, Reaching safepoint: 576750 ns, At safepoint: 72625 ns, Total: 649375 ns
[2023-07-17T14:51:03.268+0000][1][safepoint    ] Safepoint "RevokeBias", Time since last: 33929666 ns, Reaching safepoint: 1342875 ns, At safepoint: 220375 ns, Total: 1563250 ns
[2023-07-17T14:51:03.278+0000][1][safepoint    ] Safepoint "RevokeBias", Time since last: 3872834 ns, Reaching safepoint: 498125 ns, At safepoint: 5569291 ns, Total: 6067416 ns
[2023-07-17T14:51:03.280+0000][1][safepoint    ] Safepoint "RevokeBias", Time since last: 1311084 ns, Reaching safepoint: 452750 ns, At safepoint: 25583 ns, Total: 478333 ns
[2023-07-17T14:51:03.282+0000][1][safepoint    ] Safepoint "RevokeBias", Time since last: 1726667 ns, Reaching safepoint: 402333 ns, At safepoint: 20417 ns, Total: 422750 ns
[2023-07-17T14:51:03.288+0000][1][safepoint    ] Safepoint "RevokeBias", Time since last: 4507958 ns, Reaching safepoint: 773667 ns, At safepoint: 29291 ns, Total: 802958 ns
[2023-07-17T14:51:03.289+0000][1][safepoint    ] Safepoint "RevokeBias", Time since last: 773584 ns, Reaching safepoint: 333875 ns, At safepoint: 19833 ns, Total: 353708 ns
[2023-07-17T14:51:03.354+0000][1][safepoint    ] Safepoint "RevokeBias", Time since last: 64181750 ns, Reaching safepoint: 598208 ns, At safepoint: 22375 ns, Total: 620583 ns
[2023-07-17T14:51:03.356+0000][1][safepoint    ] Safepoint "BulkRevokeBias", Time since last: 1020875 ns, Reaching safepoint: 385792 ns, At safepoint: 1258292 ns, Total: 1644084 ns
[2023-07-17T14:51:03.358+0000][1][safepoint    ] Safepoint "RevokeBias", Time since last: 965000 ns, Reaching safepoint: 354416 ns, At safepoint: 15959 ns, Total: 370375 ns
[2023-07-17T14:51:03.364+0000][1][safepoint    ] Safepoint "RevokeBias", Time since last: 5832166 ns, Reaching safepoint: 557500 ns, At safepoint: 21209 ns, Total: 578709 ns
[2023-07-17T14:51:03.374+0000][1][safepoint    ] Safepoint "BulkRevokeBias", Time since last: 7895916 ns, Reaching safepoint: 930500 ns, At safepoint: 880125 ns, Total: 1810625 ns
[2023-07-17T14:51:03.503+0000][1][safepoint    ] Safepoint "RevokeBias", Time since last: 121675667 ns, Reaching safepoint: 8090458 ns, At safepoint: 53750 ns, Total: 8144208 ns
[2023-07-17T14:51:03.506+0000][1][safepoint    ] Safepoint "RevokeBias", Time since last: 2182750 ns, Reaching safepoint: 465750 ns, At safepoint: 21459 ns, Total: 487209 ns
[2023-07-17T14:51:03.625+0000][1][safepoint    ] Safepoint "RevokeBias", Time since last: 103471208 ns, Reaching safepoint: 15623167 ns, At safepoint: 38333 ns, Total: 15661500 ns
[2023-07-17T14:51:03.673+0000][1][safepoint    ] Safepoint "Deoptimize", Time since last: 45097625 ns, Reaching safepoint: 638958 ns, At safepoint: 1889209 ns, Total: 2528167 ns
[2023-07-17T14:51:03.728+0000][1][safepoint    ] Safepoint "RevokeBias", Time since last: 54694958 ns, Reaching safepoint: 470417 ns, At safepoint: 56458 ns, Total: 526875 ns
[2023-07-17T14:51:03.729+0000][1][safepoint    ] Safepoint "RevokeBias", Time since last: 552958 ns, Reaching safepoint: 234667 ns, At safepoint: 60917 ns, Total: 295584 ns
[2023-07-17T14:51:03.744+0000][1][safepoint    ] Safepoint "RevokeBias", Time since last: 9795500 ns, Reaching safepoint: 5079875 ns, At safepoint: 32666 ns, Total: 5112541 ns
[2023-07-17T14:51:03.746+0000][1][safepoint    ] Safepoint "RevokeBias", Time since last: 1560959 ns, Reaching safepoint: 414000 ns, At safepoint: 17250 ns, Total: 431250 ns
[2023-07-17T14:51:03.753+0000][1][safepoint    ] Safepoint "RevokeBias", Time since last: 6998250 ns, Reaching safepoint: 345708 ns, At safepoint: 20083 ns, Total: 365791 ns
[2023-07-17T14:51:03.754+0000][1][safepoint    ] Safepoint "RevokeBias", Time since last: 706959 ns, Reaching safepoint: 441375 ns, At safepoint: 16125 ns, Total: 457500 ns
[2023-07-17T14:51:03.759+0000][1][safepoint    ] Safepoint "RevokeBias", Time since last: 3866666 ns, Reaching safepoint: 483834 ns, At safepoint: 21166 ns, Total: 505000 ns
[2023-07-17T14:51:03.760+0000][1][safepoint    ] Safepoint "RevokeBias", Time since last: 952917 ns, Reaching safepoint: 277875 ns, At safepoint: 17500 ns, Total: 295375 ns
[2023-07-17T14:51:03.761+0000][1][safepoint    ] Safepoint "RevokeBias", Time since last: 253000 ns, Reaching safepoint: 295000 ns, At safepoint: 15125 ns, Total: 310125 ns
[2023-07-17T14:51:03.767+0000][1][safepoint    ] Safepoint "RevokeBias", Time since last: 1076833 ns, Reaching safepoint: 5166750 ns, At safepoint: 39709 ns, Total: 5206459 ns
[2023-07-17T14:51:03.822+0000][1][safepoint    ] Safepoint "RevokeBias", Time since last: 54102083 ns, Reaching safepoint: 1104792 ns, At safepoint: 160416 ns, Total: 1265208 ns
[2023-07-17T14:51:03.827+0000][1][safepoint    ] Safepoint "RevokeBias", Time since last: 3546709 ns, Reaching safepoint: 970708 ns, At safepoint: 159958 ns, Total: 1130666 ns
[2023-07-17T14:51:03.878+0000][1][safepoint    ] Safepoint "RevokeBias", Time since last: 49813792 ns, Reaching safepoint: 767417 ns, At safepoint: 25250 ns, Total: 792667 ns
[2023-07-17T14:51:03.892+0000][1][safepoint    ] Safepoint "RevokeBias", Time since last: 14034000 ns, Reaching safepoint: 428375 ns, At safepoint: 57250 ns, Total: 485625 ns
[2023-07-17T14:51:03.900+0000][1][safepoint    ] Safepoint "RevokeBias", Time since last: 1002791 ns, Reaching safepoint: 6552125 ns, At safepoint: 73417 ns, Total: 6625542 ns
[2023-07-17T14:51:04.047+0000][1][safepoint    ] Safepoint "RevokeBias", Time since last: 143808709 ns, Reaching safepoint: 3199166 ns, At safepoint: 34875 ns, Total: 3234041 ns
[2023-07-17T14:51:04.111+0000][1][safepoint    ] Safepoint "RevokeBias", Time since last: 60332792 ns, Reaching safepoint: 3580042 ns, At safepoint: 68250 ns, Total: 3648292 ns
[2023-07-17T14:51:04.119+0000][1][safepoint    ] Safepoint "RevokeBias", Time since last: 8016208 ns, Reaching safepoint: 441250 ns, At safepoint: 325042 ns, Total: 766292 ns
[2023-07-17T14:51:04.138+0000][1][safepoint    ] Safepoint "RevokeBias", Time since last: 17808583 ns, Reaching safepoint: 558208 ns, At safepoint: 58209 ns, Total: 616417 ns
[2023-07-17T14:51:04.185+0000][1][safepoint    ] Safepoint "RevokeBias", Time since last: 42914708 ns, Reaching safepoint: 4603708 ns, At safepoint: 39875 ns, Total: 4643583 ns
[2023-07-17T14:51:04.213+0000][1][safepoint    ] Safepoint "Deoptimize", Time since last: 19444625 ns, Reaching safepoint: 444334 ns, At safepoint: 7647041 ns, Total: 8091375 ns
[2023-07-17T14:51:04.375+0000][1][safepoint    ] Safepoint "RevokeBias", Time since last: 152101209 ns, Reaching safepoint: 9824583 ns, At safepoint: 37083 ns, Total: 9861666 ns
[2023-07-17T14:51:04.410+0000][1][safepoint    ] Safepoint "RevokeBias", Time since last: 34328959 ns, Reaching safepoint: 714708 ns, At safepoint: 25458 ns, Total: 740166 ns
[2023-07-17T14:51:04.496+0000][1][safepoint    ] Safepoint "RevokeBias", Time since last: 84562750 ns, Reaching safepoint: 1221875 ns, At safepoint: 278334 ns, Total: 1500209 ns
[2023-07-17T14:51:04.502+0000][1][safepoint    ] Safepoint "RevokeBias", Time since last: 4550666 ns, Reaching safepoint: 842542 ns, At safepoint: 30958 ns, Total: 873500 ns
[2023-07-17T14:51:04.503+0000][1][safepoint    ] Safepoint "RevokeBias", Time since last: 1406542 ns, Reaching safepoint: 332417 ns, At safepoint: 27083 ns, Total: 359500 ns
[2023-07-17T14:51:04.509+0000][1][safepoint    ] Safepoint "RevokeBias", Time since last: 3262125 ns, Reaching safepoint: 2159250 ns, At safepoint: 215000 ns, Total: 2374250 ns
[2023-07-17T14:51:04.648+0000][1][safepoint    ] Safepoint "RevokeBias", Time since last: 132073834 ns, Reaching safepoint: 6900250 ns, At safepoint: 47583 ns, Total: 6947833 ns
[2023-07-17T14:51:04.664+0000][1][safepoint    ] Safepoint "RevokeBias", Time since last: 15130750 ns, Reaching safepoint: 715167 ns, At safepoint: 27583 ns, Total: 742750 ns
[2023-07-17T14:51:04.679+0000][1][safepoint    ] Safepoint "RevokeBias", Time since last: 9451000 ns, Reaching safepoint: 5873583 ns, At safepoint: 33792 ns, Total: 5907375 ns
[2023-07-17T14:51:04.687+0000][1][safepoint    ] Safepoint "RevokeBias", Time since last: 4389375 ns, Reaching safepoint: 2943000 ns, At safepoint: 35875 ns, Total: 2978875 ns
[2023-07-17T14:51:04.713+0000][1][safepoint    ] Safepoint "RevokeBias", Time since last: 23594833 ns, Reaching safepoint: 2392792 ns, At safepoint: 31417 ns, Total: 2424209 ns
[2023-07-17T14:51:04.740+0000][1][safepoint    ] Safepoint "RevokeBias", Time since last: 25686708 ns, Reaching safepoint: 1146083 ns, At safepoint: 354209 ns, Total: 1500292 ns
[2023-07-17T14:51:04.759+0000][1][safepoint    ] Safepoint "BulkRevokeBias", Time since last: 17112500 ns, Reaching safepoint: 1198458 ns, At safepoint: 819917 ns, Total: 2018375 ns
[2023-07-17T14:51:04.861+0000][1][safepoint    ] Safepoint "RevokeBias", Time since last: 101261083 ns, Reaching safepoint: 698333 ns, At safepoint: 29459 ns, Total: 727792 ns
[2023-07-17T14:51:04.878+0000][1][safepoint    ] Safepoint "RevokeBias", Time since last: 16646000 ns, Reaching safepoint: 742375 ns, At safepoint: 29708 ns, Total: 772083 ns
[2023-07-17T14:51:04.892+0000][1][safepoint    ] Safepoint "RevokeBias", Time since last: 12882333 ns, Reaching safepoint: 428167 ns, At safepoint: 27708 ns, Total: 455875 ns
[2023-07-17T14:51:04.893+0000][1][safepoint    ] Safepoint "RevokeBias", Time since last: 1132750 ns, Reaching safepoint: 328417 ns, At safepoint: 26042 ns, Total: 354459 ns
[2023-07-17T14:51:04.895+0000][1][safepoint    ] Safepoint "RevokeBias", Time since last: 769291 ns, Reaching safepoint: 984709 ns, At safepoint: 22250 ns, Total: 1006959 ns
[2023-07-17T14:51:04.897+0000][1][safepoint    ] Safepoint "RevokeBias", Time since last: 1165750 ns, Reaching safepoint: 570583 ns, At safepoint: 55500 ns, Total: 626083 ns
[2023-07-17T14:51:04.897+0000][1][safepoint    ] Safepoint "RevokeBias", Time since last: 253125 ns, Reaching safepoint: 363167 ns, At safepoint: 46125 ns, Total: 409292 ns
[2023-07-17T14:51:05.414+0000][1][safepoint    ] Safepoint "RevokeBias", Time since last: 516240500 ns, Reaching safepoint: 413042 ns, At safepoint: 24875 ns, Total: 437917 ns
[2023-07-17T14:51:05.427+0000][1][safepoint    ] Safepoint "RevokeBias", Time since last: 12539875 ns, Reaching safepoint: 422708 ns, At safepoint: 27167 ns, Total: 449875 ns
[2023-07-17T14:51:05.549+0000][1][safepoint    ] Safepoint "RevokeBias", Time since last: 119740708 ns, Reaching safepoint: 1732167 ns, At safepoint: 32291 ns, Total: 1764458 ns
[2023-07-17T14:51:05.554+0000][1][safepoint    ] Safepoint "RevokeBias", Time since last: 4813250 ns, Reaching safepoint: 436500 ns, At safepoint: 35209 ns, Total: 471709 ns
[2023-07-17T14:51:05.844+0000][1][gc,start     ] GC(16) Pause Young (Allocation Failure)
[2023-07-17T14:51:05.850+0000][1][gc,task      ] GC(16) Using 4 workers of 4 for evacuation
[2023-07-17T14:51:06.045+0000][1][gc,age       ] GC(16) Desired survivor size 8945664 bytes, new threshold 2 (max threshold 6)
[2023-07-17T14:51:06.050+0000][1][gc,age       ] GC(16) Age table with threshold 2 (max threshold 6)
[2023-07-17T14:51:06.050+0000][1][gc,age       ] GC(16) - age   1:    4407496 bytes,    4407496 total
[2023-07-17T14:51:06.050+0000][1][gc,age       ] GC(16) - age   2:    4837224 bytes,    9244720 total
[2023-07-17T14:51:06.053+0000][1][gc,heap      ] GC(16) ParNew: 156351K->13582K(157248K)
[2023-07-17T14:51:06.053+0000][1][gc,heap      ] GC(16) CMS: 48192K->55709K(349568K)
[2023-07-17T14:51:06.054+0000][1][gc,metaspace ] GC(16) Metaspace: 77277K->77277K(1120256K)
[2023-07-17T14:51:06.055+0000][1][gc           ] GC(16) Pause Young (Allocation Failure) 199M->67M(494M) 210.467ms
[2023-07-17T14:51:06.055+0000][1][gc,cpu       ] GC(16) User=0.44s Sys=0.00s Real=0.21s
[2023-07-17T14:51:06.069+0000][1][safepoint    ] Safepoint "GenCollectForAllocation", Time since last: 288869791 ns, Reaching safepoint: 1088042 ns, At safepoint: 225149500 ns, Total: 226237542 ns
[2023-07-17T14:51:06.120+0000][1][safepoint    ] Safepoint "RevokeBias", Time since last: 50849875 ns, Reaching safepoint: 407459 ns, At safepoint: 64041 ns, Total: 471500 ns
[2023-07-17T14:51:06.201+0000][1][safepoint    ] Safepoint "RevokeBias", Time since last: 80504542 ns, Reaching safepoint: 547083 ns, At safepoint: 114792 ns, Total: 661875 ns
[2023-07-17T14:51:06.207+0000][1][safepoint    ] Safepoint "RevokeBias", Time since last: 4731083 ns, Reaching safepoint: 815459 ns, At safepoint: 91375 ns, Total: 906834 ns
[2023-07-17T14:51:06.328+0000][1][safepoint    ] Safepoint "RevokeBias", Time since last: 117672666 ns, Reaching safepoint: 3092584 ns, At safepoint: 66916 ns, Total: 3159500 ns
[2023-07-17T14:51:06.334+0000][1][safepoint    ] Safepoint "RevokeBias", Time since last: 4534500 ns, Reaching safepoint: 1781417 ns, At safepoint: 138250 ns, Total: 1919667 ns
[2023-07-17T14:51:06.385+0000][1][safepoint    ] Safepoint "RevokeBias", Time since last: 48979417 ns, Reaching safepoint: 1687583 ns, At safepoint: 71583 ns, Total: 1759166 ns
[2023-07-17T14:51:06.407+0000][1][safepoint    ] Safepoint "RevokeBias", Time since last: 20989750 ns, Reaching safepoint: 1260084 ns, At safepoint: 155916 ns, Total: 1416000 ns
[2023-07-17T14:51:06.514+0000][1][safepoint    ] Safepoint "RevokeBias", Time since last: 105360167 ns, Reaching safepoint: 947417 ns, At safepoint: 53500 ns, Total: 1000917 ns
[2023-07-17T14:51:06.755+0000][1][safepoint    ] Safepoint "RevokeBias", Time since last: 240340458 ns, Reaching safepoint: 648292 ns, At safepoint: 56417 ns, Total: 704709 ns
[2023-07-17T14:51:06.781+0000][1][safepoint    ] Safepoint "RevokeBias", Time since last: 25796625 ns, Reaching safepoint: 616416 ns, At safepoint: 63542 ns, Total: 679958 ns
[2023-07-17T14:51:06.900+0000][1][safepoint    ] Safepoint "RevokeBias", Time since last: 117848208 ns, Reaching safepoint: 615917 ns, At safepoint: 35917 ns, Total: 651834 ns
[2023-07-17T14:51:07.065+0000][1][safepoint    ] Safepoint "Deoptimize", Time since last: 163308458 ns, Reaching safepoint: 713792 ns, At safepoint: 1478791 ns, Total: 2192583 ns
[2023-07-17T14:51:07.128+0000][1][safepoint    ] Safepoint "RevokeBias", Time since last: 57845750 ns, Reaching safepoint: 4874084 ns, At safepoint: 36333 ns, Total: 4910417 ns
[2023-07-17T14:51:07.187+0000][1][safepoint    ] Safepoint "RevokeBias", Time since last: 53148167 ns, Reaching safepoint: 5639708 ns, At safepoint: 77583 ns, Total: 5717291 ns
[2023-07-17T14:51:07.300+0000][1][safepoint    ] Safepoint "RevokeBias", Time since last: 111772292 ns, Reaching safepoint: 1101000 ns, At safepoint: 190750 ns, Total: 1291750 ns
[2023-07-17T14:51:07.346+0000][1][safepoint    ] Safepoint "RevokeBias", Time since last: 45158000 ns, Reaching safepoint: 545417 ns, At safepoint: 57791 ns, Total: 603208 ns
[2023-07-17T14:51:07.364+0000][1][safepoint    ] Safepoint "RevokeBias", Time since last: 16557334 ns, Reaching safepoint: 1225666 ns, At safepoint: 294542 ns, Total: 1520208 ns
[2023-07-17T14:51:07.368+0000][1][safepoint    ] Safepoint "RevokeBias", Time since last: 3820542 ns, Reaching safepoint: 593416 ns, At safepoint: 110500 ns, Total: 703916 ns
[2023-07-17T14:51:07.419+0000][1][safepoint    ] Safepoint "RevokeBias", Time since last: 44689334 ns, Reaching safepoint: 5340375 ns, At safepoint: 154500 ns, Total: 5494875 ns
[2023-07-17T14:51:07.446+0000][1][safepoint    ] Safepoint "RevokeBias", Time since last: 26279958 ns, Reaching safepoint: 925042 ns, At safepoint: 123625 ns, Total: 1048667 ns
[2023-07-17T14:51:07.462+0000][1][safepoint    ] Safepoint "RevokeBias", Time since last: 15478125 ns, Reaching safepoint: 886125 ns, At safepoint: 114292 ns, Total: 1000417 ns
[2023-07-17T14:51:07.478+0000][1][safepoint    ] Safepoint "RevokeBias", Time since last: 14556583 ns, Reaching safepoint: 911542 ns, At safepoint: 115416 ns, Total: 1026958 ns
[2023-07-17T14:51:07.484+0000][1][safepoint    ] Safepoint "RevokeBias", Time since last: 4300334 ns, Reaching safepoint: 1358083 ns, At safepoint: 191958 ns, Total: 1550041 ns
[2023-07-17T14:51:07.514+0000][1][safepoint    ] Safepoint "RevokeBias", Time since last: 27319459 ns, Reaching safepoint: 2942666 ns, At safepoint: 192834 ns, Total: 3135500 ns
[2023-07-17T14:51:07.517+0000][1][safepoint    ] Safepoint "RevokeBias", Time since last: 1330541 ns, Reaching safepoint: 1751417 ns, At safepoint: 77000 ns, Total: 1828417 ns
[2023-07-17T14:51:07.521+0000][1][safepoint    ] Safepoint "RevokeBias", Time since last: 3260750 ns, Reaching safepoint: 574792 ns, At safepoint: 113833 ns, Total: 688625 ns
[2023-07-17T14:51:07.525+0000][1][safepoint    ] Safepoint "RevokeBias", Time since last: 238208 ns, Reaching safepoint: 2950167 ns, At safepoint: 67167 ns, Total: 3017334 ns
[2023-07-17T14:51:07.528+0000][1][safepoint    ] Safepoint "RevokeBias", Time since last: 1396083 ns, Reaching safepoint: 1510375 ns, At safepoint: 61792 ns, Total: 1572167 ns
[2023-07-17T14:51:07.528+0000][1][safepoint    ] Safepoint "RevokeBias", Time since last: 291541 ns, Reaching safepoint: 403417 ns, At safepoint: 44958 ns, Total: 448375 ns
[2023-07-17T14:51:07.542+0000][1][safepoint    ] Safepoint "RevokeBias", Time since last: 11447750 ns, Reaching safepoint: 1649250 ns, At safepoint: 76584 ns, Total: 1725834 ns
[2023-07-17T14:51:07.544+0000][1][safepoint    ] Safepoint "RevokeBias", Time since last: 394375 ns, Reaching safepoint: 2115250 ns, At safepoint: 163916 ns, Total: 2279166 ns
[2023-07-17T14:51:07.545+0000][1][safepoint    ] Safepoint "RevokeBias", Time since last: 317292 ns, Reaching safepoint: 569167 ns, At safepoint: 44875 ns, Total: 614042 ns
[2023-07-17T14:51:07.549+0000][1][safepoint    ] Safepoint "RevokeBias", Time since last: 235958 ns, Reaching safepoint: 3476583 ns, At safepoint: 86542 ns, Total: 3563125 ns
[2023-07-17T14:51:07.551+0000][1][safepoint    ] Safepoint "RevokeBias", Time since last: 833333 ns, Reaching safepoint: 1186959 ns, At safepoint: 121333 ns, Total: 1308292 ns
[2023-07-17T14:51:07.552+0000][1][safepoint    ] Safepoint "RevokeBias", Time since last: 476250 ns, Reaching safepoint: 734333 ns, At safepoint: 62084 ns, Total: 796417 ns
[2023-07-17T14:51:07.554+0000][1][safepoint    ] Safepoint "RevokeBias", Time since last: 869625 ns, Reaching safepoint: 616375 ns, At safepoint: 52250 ns, Total: 668625 ns
[2023-07-17T14:51:07.692+0000][1][safepoint    ] Safepoint "RevokeBias", Time since last: 137598333 ns, Reaching safepoint: 861875 ns, At safepoint: 39750 ns, Total: 901625 ns
[2023-07-17T14:51:07.760+0000][1][safepoint    ] Safepoint "RevokeBias", Time since last: 62186333 ns, Reaching safepoint: 5556917 ns, At safepoint: 76167 ns, Total: 5633084 ns
[2023-07-17T14:51:07.763+0000][1][safepoint    ] Safepoint "RevokeBias", Time since last: 478541 ns, Reaching safepoint: 2482500 ns, At safepoint: 77167 ns, Total: 2559667 ns
[2023-07-17T14:51:07.766+0000][1][safepoint    ] Safepoint "RevokeBias", Time since last: 414917 ns, Reaching safepoint: 2437250 ns, At safepoint: 70333 ns, Total: 2507583 ns
[2023-07-17T14:51:07.769+0000][1][safepoint    ] Safepoint "RevokeBias", Time since last: 626292 ns, Reaching safepoint: 2488166 ns, At safepoint: 62584 ns, Total: 2550750 ns
[2023-07-17T14:51:07.772+0000][1][safepoint    ] Safepoint "RevokeBias", Time since last: 999375 ns, Reaching safepoint: 1159333 ns, At safepoint: 58625 ns, Total: 1217958 ns
[2023-07-17T14:51:07.776+0000][1][safepoint    ] Safepoint "RevokeBias", Time since last: 1846125 ns, Reaching safepoint: 2808708 ns, At safepoint: 68667 ns, Total: 2877375 ns
[2023-07-17T14:51:07.781+0000][1][safepoint    ] Safepoint "RevokeBias", Time since last: 316417 ns, Reaching safepoint: 4188958 ns, At safepoint: 74500 ns, Total: 4263458 ns
[2023-07-17T14:51:07.790+0000][1][safepoint    ] Safepoint "RevokeBias", Time since last: 2906750 ns, Reaching safepoint: 6554958 ns, At safepoint: 72792 ns, Total: 6627750 ns
[2023-07-17T14:51:07.798+0000][1][safepoint    ] Safepoint "RevokeBias", Time since last: 6010708 ns, Reaching safepoint: 1634209 ns, At safepoint: 58208 ns, Total: 1692417 ns
[2023-07-17T14:51:07.804+0000][1][safepoint    ] Safepoint "RevokeBias", Time since last: 4776750 ns, Reaching safepoint: 728667 ns, At safepoint: 53791 ns, Total: 782458 ns
[2023-07-17T14:51:07.807+0000][1][safepoint    ] Safepoint "RevokeBias", Time since last: 2931917 ns, Reaching safepoint: 546375 ns, At safepoint: 52375 ns, Total: 598750 ns
[2023-07-17T14:51:07.859+0000][1][safepoint    ] Safepoint "RevokeBias", Time since last: 47979208 ns, Reaching safepoint: 3787375 ns, At safepoint: 158292 ns, Total: 3945667 ns
[2023-07-17T14:51:08.037+0000][1][safepoint    ] Safepoint "RevokeBias", Time since last: 177388250 ns, Reaching safepoint: 525708 ns, At safepoint: 94834 ns, Total: 620542 ns
[2023-07-17T14:51:08.046+0000][1][safepoint    ] Safepoint "RevokeBias", Time since last: 8369000 ns, Reaching safepoint: 746583 ns, At safepoint: 140750 ns, Total: 887333 ns
[2023-07-17T14:51:08.051+0000][1][safepoint    ] Safepoint "BulkRevokeBias", Time since last: 2715750 ns, Reaching safepoint: 1083542 ns, At safepoint: 1078083 ns, Total: 2161625 ns
[2023-07-17T14:51:08.073+0000][1][safepoint    ] Safepoint "RevokeBias", Time since last: 11463667 ns, Reaching safepoint: 10367208 ns, At safepoint: 58458 ns, Total: 10425666 ns
[2023-07-17T14:51:08.079+0000][1][safepoint    ] Safepoint "RevokeBias", Time since last: 4663042 ns, Reaching safepoint: 1519000 ns, At safepoint: 119417 ns, Total: 1638417 ns
[2023-07-17T14:51:08.115+0000][1][safepoint    ] Safepoint "RevokeBias", Time since last: 31249791 ns, Reaching safepoint: 4298334 ns, At safepoint: 160000 ns, Total: 4458334 ns
[2023-07-17T14:51:08.131+0000][1][safepoint    ] Safepoint "RevokeBias", Time since last: 13386125 ns, Reaching safepoint: 2200792 ns, At safepoint: 126333 ns, Total: 2327125 ns
[2023-07-17T14:51:08.155+0000][1][safepoint    ] Safepoint "RevokeBias", Time since last: 23820375 ns, Reaching safepoint: 425250 ns, At safepoint: 57792 ns, Total: 483042 ns
[2023-07-17T14:51:08.340+0000][1][safepoint    ] Safepoint "RevokeBias", Time since last: 184329458 ns, Reaching safepoint: 303583 ns, At safepoint: 55625 ns, Total: 359208 ns
[2023-07-17T14:51:08.343+0000][1][safepoint    ] Safepoint "RevokeBias", Time since last: 2404959 ns, Reaching safepoint: 277041 ns, At safepoint: 47375 ns, Total: 324416 ns
[2023-07-17T14:51:08.344+0000][1][safepoint    ] Safepoint "RevokeBias", Time since last: 754209 ns, Reaching safepoint: 182291 ns, At safepoint: 37834 ns, Total: 220125 ns
[2023-07-17T14:51:08.345+0000][1][safepoint    ] Safepoint "RevokeBias", Time since last: 1249708 ns, Reaching safepoint: 192458 ns, At safepoint: 42375 ns, Total: 234833 ns
[2023-07-17T14:51:09.346+0000][1][safepoint    ] Safepoint "Cleanup", Time since last: 1000658876 ns, Reaching safepoint: 300208 ns, At safepoint: 17375 ns, Total: 317583 ns
[2023-07-17T14:51:10.347+0000][1][safepoint    ] Safepoint "Cleanup", Time since last: 1000774709 ns, Reaching safepoint: 425500 ns, At safepoint: 15625 ns, Total: 441125 ns
[2023-07-17T14:51:11.354+0000][1][safepoint    ] Safepoint "Cleanup", Time since last: 1006278792 ns, Reaching safepoint: 363167 ns, At safepoint: 11541 ns, Total: 374708 ns
[2023-07-17T14:51:12.355+0000][1][safepoint    ] Safepoint "Cleanup", Time since last: 1000394001 ns, Reaching safepoint: 500875 ns, At safepoint: 16875 ns, Total: 517750 ns
[2023-07-17T14:51:13.318+0000][1][safepoint    ] Safepoint "RevokeBias", Time since last: 962581583 ns, Reaching safepoint: 371625 ns, At safepoint: 58834 ns, Total: 430459 ns
[2023-07-17T14:51:13.322+0000][1][safepoint    ] Safepoint "RevokeBias", Time since last: 3612416 ns, Reaching safepoint: 295250 ns, At safepoint: 74000 ns, Total: 369250 ns
[2023-07-17T14:51:13.348+0000][1][safepoint    ] Safepoint "RevokeBias", Time since last: 25794792 ns, Reaching safepoint: 387667 ns, At safepoint: 65458 ns, Total: 453125 ns
[2023-07-17T14:51:13.400+0000][1][safepoint    ] Safepoint "RevokeBias", Time since last: 43843500 ns, Reaching safepoint: 7872917 ns, At safepoint: 80000 ns, Total: 7952917 ns
[2023-07-17T14:51:13.406+0000][1][safepoint    ] Safepoint "RevokeBias", Time since last: 6054416 ns, Reaching safepoint: 340084 ns, At safepoint: 56458 ns, Total: 396542 ns
[2023-07-17T14:51:13.425+0000][1][safepoint    ] Safepoint "RevokeBias", Time since last: 18515958 ns, Reaching safepoint: 350959 ns, At safepoint: 55375 ns, Total: 406334 ns
[2023-07-17T14:51:14.426+0000][1][safepoint    ] Safepoint "Cleanup", Time since last: 1000493167 ns, Reaching safepoint: 415833 ns, At safepoint: 17334 ns, Total: 433167 ns
[2023-07-17T14:51:15.427+0000][1][safepoint    ] Safepoint "Cleanup", Time since last: 1000347625 ns, Reaching safepoint: 362208 ns, At safepoint: 16250 ns, Total: 378458 ns
[2023-07-17T14:51:16.428+0000][1][safepoint    ] Safepoint "Cleanup", Time since last: 1000480709 ns, Reaching safepoint: 416375 ns, At safepoint: 16167 ns, Total: 432542 ns
[2023-07-17T14:51:17.429+0000][1][safepoint    ] Safepoint "Cleanup", Time since last: 1000346792 ns, Reaching safepoint: 495917 ns, At safepoint: 18875 ns, Total: 514792 ns
[2023-07-17T14:51:18.430+0000][1][safepoint    ] Safepoint "Cleanup", Time since last: 1000938958 ns, Reaching safepoint: 424292 ns, At safepoint: 15500 ns, Total: 439792 ns
[2023-07-17T14:51:19.431+0000][1][safepoint    ] Safepoint "Cleanup", Time since last: 1000538959 ns, Reaching safepoint: 446125 ns, At safepoint: 13625 ns, Total: 459750 ns
[2023-07-17T14:51:20.433+0000][1][safepoint    ] Safepoint "Cleanup", Time since last: 1000518250 ns, Reaching safepoint: 1223250 ns, At safepoint: 54000 ns, Total: 1277250 ns
[2023-07-17T14:51:21.434+0000][1][safepoint    ] Safepoint "Cleanup", Time since last: 1000793709 ns, Reaching safepoint: 472250 ns, At safepoint: 14584 ns, Total: 486834 ns
[2023-07-17T14:51:22.435+0000][1][safepoint    ] Safepoint "Cleanup", Time since last: 1000659458 ns, Reaching safepoint: 438792 ns, At safepoint: 11250 ns, Total: 450042 ns
[2023-07-17T14:51:22.588+0000][1][safepoint    ] Safepoint "RevokeBias", Time since last: 151398500 ns, Reaching safepoint: 903167 ns, At safepoint: 117708 ns, Total: 1020875 ns
[2023-07-17T14:51:22.590+0000][1][safepoint    ] Safepoint "RevokeBias", Time since last: 1619125 ns, Reaching safepoint: 486542 ns, At safepoint: 54208 ns, Total: 540750 ns
[2023-07-17T14:51:22.594+0000][1][safepoint    ] Safepoint "RevokeBias", Time since last: 3344000 ns, Reaching safepoint: 451000 ns, At safepoint: 95375 ns, Total: 546375 ns
[2023-07-17T14:51:22.603+0000][1][safepoint    ] Safepoint "RevokeBias", Time since last: 7624833 ns, Reaching safepoint: 1341292 ns, At safepoint: 58208 ns, Total: 1399500 ns
[2023-07-17T14:51:22.611+0000][1][safepoint    ] Safepoint "RevokeBias", Time since last: 800417 ns, Reaching safepoint: 7265250 ns, At safepoint: 65042 ns, Total: 7330292 ns
[2023-07-17T14:51:22.617+0000][1][safepoint    ] Safepoint "RevokeBias", Time since last: 5657375 ns, Reaching safepoint: 316250 ns, At safepoint: 50708 ns, Total: 366958 ns
[2023-07-17T14:51:22.618+0000][1][safepoint    ] Safepoint "RevokeBias", Time since last: 436125 ns, Reaching safepoint: 382042 ns, At safepoint: 39500 ns, Total: 421542 ns
[2023-07-17T14:51:22.619+0000][1][safepoint    ] Safepoint "RevokeBias", Time since last: 1242000 ns, Reaching safepoint: 357333 ns, At safepoint: 43917 ns, Total: 401250 ns
[2023-07-17T14:51:22.620+0000][1][safepoint    ] Safepoint "RevokeBias", Time since last: 244500 ns, Reaching safepoint: 180041 ns, At safepoint: 33250 ns, Total: 213291 ns
[2023-07-17T14:51:22.620+0000][1][safepoint    ] Safepoint "RevokeBias", Time since last: 256167 ns, Reaching safepoint: 269417 ns, At safepoint: 34500 ns, Total: 303917 ns
[2023-07-17T14:51:22.621+0000][1][safepoint    ] Safepoint "RevokeBias", Time since last: 200500 ns, Reaching safepoint: 176541 ns, At safepoint: 40625 ns, Total: 217166 ns
[2023-07-17T14:51:22.622+0000][1][safepoint    ] Safepoint "RevokeBias", Time since last: 853167 ns, Reaching safepoint: 303625 ns, At safepoint: 39875 ns, Total: 343500 ns
[2023-07-17T14:51:22.623+0000][1][safepoint    ] Safepoint "RevokeBias", Time since last: 235875 ns, Reaching safepoint: 286083 ns, At safepoint: 34750 ns, Total: 320833 ns
[2023-07-17T14:51:22.623+0000][1][safepoint    ] Safepoint "RevokeBias", Time since last: 213667 ns, Reaching safepoint: 296292 ns, At safepoint: 53291 ns, Total: 349583 ns
[2023-07-17T14:51:22.624+0000][1][safepoint    ] Safepoint "RevokeBias", Time since last: 243709 ns, Reaching safepoint: 291500 ns, At safepoint: 53875 ns, Total: 345375 ns
[2023-07-17T14:51:22.624+0000][1][safepoint    ] Safepoint "RevokeBias", Time since last: 252000 ns, Reaching safepoint: 275166 ns, At safepoint: 43500 ns, Total: 318666 ns
[2023-07-17T14:51:22.625+0000][1][safepoint    ] Safepoint "RevokeBias", Time since last: 729750 ns, Reaching safepoint: 195709 ns, At safepoint: 44916 ns, Total: 240625 ns
[2023-07-17T14:51:22.626+0000][1][safepoint    ] Safepoint "RevokeBias", Time since last: 225792 ns, Reaching safepoint: 187125 ns, At safepoint: 36958 ns, Total: 224083 ns
[2023-07-17T14:51:22.626+0000][1][safepoint    ] Safepoint "RevokeBias", Time since last: 175625 ns, Reaching safepoint: 263167 ns, At safepoint: 38625 ns, Total: 301792 ns
[2023-07-17T14:51:22.627+0000][1][safepoint    ] Safepoint "RevokeBias", Time since last: 182167 ns, Reaching safepoint: 195208 ns, At safepoint: 38750 ns, Total: 233958 ns
[2023-07-17T14:51:22.628+0000][1][safepoint    ] Safepoint "RevokeBias", Time since last: 1157792 ns, Reaching safepoint: 340333 ns, At safepoint: 40458 ns, Total: 380791 ns
[2023-07-17T14:51:22.629+0000][1][safepoint    ] Safepoint "RevokeBias", Time since last: 258125 ns, Reaching safepoint: 273459 ns, At safepoint: 42416 ns, Total: 315875 ns
[2023-07-17T14:51:22.629+0000][1][safepoint    ] Safepoint "RevokeBias", Time since last: 185334 ns, Reaching safepoint: 263541 ns, At safepoint: 42625 ns, Total: 306166 ns
[2023-07-17T14:51:22.630+0000][1][safepoint    ] Safepoint "RevokeBias", Time since last: 208042 ns, Reaching safepoint: 199833 ns, At safepoint: 40042 ns, Total: 239875 ns
[2023-07-17T14:51:22.630+0000][1][safepoint    ] Safepoint "RevokeBias", Time since last: 201708 ns, Reaching safepoint: 175084 ns, At safepoint: 36208 ns, Total: 211292 ns
[2023-07-17T14:51:22.633+0000][1][safepoint    ] Safepoint "RevokeBias", Time since last: 914333 ns, Reaching safepoint: 2365459 ns, At safepoint: 73666 ns, Total: 2439125 ns
[2023-07-17T14:51:22.636+0000][1][safepoint    ] Safepoint "RevokeBias", Time since last: 1118667 ns, Reaching safepoint: 680583 ns, At safepoint: 322250 ns, Total: 1002833 ns
[2023-07-17T14:51:22.642+0000][1][safepoint    ] Safepoint "RevokeBias", Time since last: 6289084 ns, Reaching safepoint: 362458 ns, At safepoint: 73250 ns, Total: 435708 ns
[2023-07-17T14:51:22.643+0000][1][safepoint    ] Safepoint "RevokeBias", Time since last: 692417 ns, Reaching safepoint: 412750 ns, At safepoint: 61250 ns, Total: 474000 ns
[2023-07-17T14:51:22.651+0000][1][safepoint    ] Safepoint "RevokeBias", Time since last: 7037541 ns, Reaching safepoint: 307250 ns, At safepoint: 71709 ns, Total: 378959 ns
[2023-07-17T14:51:22.657+0000][1][safepoint    ] Safepoint "RevokeBias", Time since last: 4407041 ns, Reaching safepoint: 390875 ns, At safepoint: 881584 ns, Total: 1272459 ns
[2023-07-17T14:51:22.658+0000][1][safepoint    ] Safepoint "RevokeBias", Time since last: 1267750 ns, Reaching safepoint: 368375 ns, At safepoint: 63166 ns, Total: 431541 ns
[2023-07-17T14:51:22.661+0000][1][safepoint    ] Safepoint "RevokeBias", Time since last: 2621000 ns, Reaching safepoint: 358167 ns, At safepoint: 58292 ns, Total: 416459 ns
[2023-07-17T14:51:22.663+0000][1][safepoint    ] Safepoint "RevokeBias", Time since last: 1615875 ns, Reaching safepoint: 343375 ns, At safepoint: 53416 ns, Total: 396791 ns
[2023-07-17T14:51:22.664+0000][1][safepoint    ] Safepoint "RevokeBias", Time since last: 339709 ns, Reaching safepoint: 330083 ns, At safepoint: 43542 ns, Total: 373625 ns
[2023-07-17T14:51:22.665+0000][1][safepoint    ] Safepoint "RevokeBias", Time since last: 348250 ns, Reaching safepoint: 333375 ns, At safepoint: 51083 ns, Total: 384458 ns
[2023-07-17T14:51:22.669+0000][1][safepoint    ] Safepoint "RevokeBias", Time since last: 3599583 ns, Reaching safepoint: 403042 ns, At safepoint: 63875 ns, Total: 466917 ns
[2023-07-17T14:51:22.671+0000][1][safepoint    ] Safepoint "RevokeBias", Time since last: 2149417 ns, Reaching safepoint: 375416 ns, At safepoint: 65417 ns, Total: 440833 ns
[2023-07-17T14:51:22.672+0000][1][safepoint    ] Safepoint "RevokeBias", Time since last: 418417 ns, Reaching safepoint: 291875 ns, At safepoint: 42291 ns, Total: 334166 ns
[2023-07-17T14:51:22.674+0000][1][safepoint    ] Safepoint "BulkRevokeBias", Time since last: 299209 ns, Reaching safepoint: 286750 ns, At safepoint: 1352833 ns, Total: 1639583 ns
[2023-07-17T14:51:22.882+0000][1][safepoint    ] Safepoint "RevokeBias", Time since last: 206661417 ns, Reaching safepoint: 824292 ns, At safepoint: 74166 ns, Total: 898458 ns
[2023-07-17T14:51:23.884+0000][1][safepoint    ] Safepoint "Cleanup", Time since last: 1000500167 ns, Reaching safepoint: 2099459 ns, At safepoint: 63333 ns, Total: 2162792 ns
[2023-07-17T14:51:24.887+0000][1][safepoint    ] Safepoint "Cleanup", Time since last: 1001942042 ns, Reaching safepoint: 491792 ns, At safepoint: 122500 ns, Total: 614292 ns
[2023-07-17T14:51:25.891+0000][1][safepoint    ] Safepoint "Cleanup", Time since last: 1000721000 ns, Reaching safepoint: 3018167 ns, At safepoint: 61458 ns, Total: 3079625 ns
[2023-07-17T14:51:26.893+0000][1][safepoint    ] Safepoint "Cleanup", Time since last: 1000659542 ns, Reaching safepoint: 1353625 ns, At safepoint: 22250 ns, Total: 1375875 ns
[2023-07-17T14:51:26.962+0000][1][safepoint    ] Safepoint "RevokeBias", Time since last: 67707417 ns, Reaching safepoint: 1701625 ns, At safepoint: 302292 ns, Total: 2003917 ns
[2023-07-17T14:51:27.340+0000][1][safepoint    ] Safepoint "RevokeBias", Time since last: 365192083 ns, Reaching safepoint: 12269000 ns, At safepoint: 191584 ns, Total: 12460584 ns
[2023-07-17T14:51:27.537+0000][1][safepoint    ] Safepoint "RevokeBias", Time since last: 173556333 ns, Reaching safepoint: 11835542 ns, At safepoint: 11316541 ns, Total: 23152083 ns
[2023-07-17T14:51:27.573+0000][1][safepoint    ] Safepoint "RevokeBias", Time since last: 17694875 ns, Reaching safepoint: 14538084 ns, At safepoint: 4407958 ns, Total: 18946042 ns
[2023-07-17T14:51:28.245+0000][1][safepoint    ] Safepoint "RevokeBias", Time since last: 667579584 ns, Reaching safepoint: 3922666 ns, At safepoint: 464167 ns, Total: 4386833 ns
[2023-07-17T14:51:28.294+0000][1][safepoint    ] Safepoint "RevokeBias", Time since last: 42040542 ns, Reaching safepoint: 5736166 ns, At safepoint: 834709 ns, Total: 6570875 ns
[2023-07-17T14:51:28.489+0000][1][safepoint    ] Safepoint "RevokeBias", Time since last: 188106375 ns, Reaching safepoint: 6571042 ns, At safepoint: 310458 ns, Total: 6881500 ns
[2023-07-17T14:51:29.384+0000][1][safepoint    ] Safepoint "RevokeBias", Time since last: 889425375 ns, Reaching safepoint: 5308750 ns, At safepoint: 268209 ns, Total: 5576959 ns
[2023-07-17T14:51:29.425+0000][1][safepoint    ] Safepoint "RevokeBias", Time since last: 39583000 ns, Reaching safepoint: 1042833 ns, At safepoint: 80833 ns, Total: 1123666 ns
[2023-07-17T14:51:29.451+0000][1][safepoint    ] Safepoint "RevokeBias", Time since last: 19895500 ns, Reaching safepoint: 6452625 ns, At safepoint: 223375 ns, Total: 6676000 ns
[2023-07-17T14:51:30.342+0000][1][safepoint    ] Safepoint "RevokeBias", Time since last: 877026917 ns, Reaching safepoint: 12107917 ns, At safepoint: 1033292 ns, Total: 13141209 ns
[2023-07-17T14:51:30.457+0000][1][safepoint    ] Safepoint "RevokeBias", Time since last: 72996416 ns, Reaching safepoint: 21376917 ns, At safepoint: 20355000 ns, Total: 41731917 ns
[2023-07-17T14:51:30.822+0000][1][safepoint    ] Safepoint "RevokeBias", Time since last: 353822500 ns, Reaching safepoint: 10971334 ns, At safepoint: 339041 ns, Total: 11310375 ns
[2023-07-17T14:51:31.829+0000][1][safepoint    ] Safepoint "Cleanup", Time since last: 1005804876 ns, Reaching safepoint: 2035250 ns, At safepoint: 138083 ns, Total: 2173333 ns
[2023-07-17T14:51:32.463+0000][1][safepoint    ] Safepoint "RevokeBias", Time since last: 630941625 ns, Reaching safepoint: 2837292 ns, At safepoint: 228667 ns, Total: 3065959 ns
[2023-07-17T14:51:33.474+0000][1][safepoint    ] Safepoint "Cleanup", Time since last: 1009174792 ns, Reaching safepoint: 1813458 ns, At safepoint: 72959 ns, Total: 1886417 ns
[2023-07-17T14:51:34.477+0000][1][safepoint    ] Safepoint "Cleanup", Time since last: 1001637708 ns, Reaching safepoint: 598584 ns, At safepoint: 21875 ns, Total: 620459 ns
[2023-07-17T14:51:35.320+0000][1][safepoint    ] Safepoint "RevokeBias", Time since last: 842143625 ns, Reaching safepoint: 1029750 ns, At safepoint: 377209 ns, Total: 1406959 ns
[2023-07-17T14:51:35.344+0000][1][safepoint    ] Safepoint "RevokeBias", Time since last: 21393583 ns, Reaching safepoint: 1824875 ns, At safepoint: 264917 ns, Total: 2089792 ns
[2023-07-17T14:51:35.378+0000][1][safepoint    ] Safepoint "RevokeBias", Time since last: 33000625 ns, Reaching safepoint: 1051166 ns, At safepoint: 269584 ns, Total: 1320750 ns
[2023-07-17T14:51:35.385+0000][1][safepoint    ] Safepoint "RevokeBias", Time since last: 3279500 ns, Reaching safepoint: 3316541 ns, At safepoint: 221500 ns, Total: 3538041 ns
[2023-07-17T14:51:35.538+0000][1][safepoint    ] Safepoint "RevokeBias", Time since last: 144494292 ns, Reaching safepoint: 9002833 ns, At safepoint: 167917 ns, Total: 9170750 ns
[2023-07-17T14:51:35.576+0000][1][safepoint    ] Safepoint "RevokeBias", Time since last: 14391042 ns, Reaching safepoint: 22457541 ns, At safepoint: 328375 ns, Total: 22785916 ns
[2023-07-17T14:51:35.604+0000][1][safepoint    ] Safepoint "RevokeBias", Time since last: 26807875 ns, Reaching safepoint: 1018000 ns, At safepoint: 130000 ns, Total: 1148000 ns
[2023-07-17T14:51:35.622+0000][1][safepoint    ] Safepoint "RevokeBias", Time since last: 7256417 ns, Reaching safepoint: 11405958 ns, At safepoint: 247417 ns, Total: 11653375 ns
[2023-07-17T14:51:35.636+0000][1][safepoint    ] Safepoint "RevokeBias", Time since last: 4921125 ns, Reaching safepoint: 7919250 ns, At safepoint: 449000 ns, Total: 8368250 ns
[2023-07-17T14:51:35.687+0000][1][safepoint    ] Safepoint "RevokeBias", Time since last: 43252958 ns, Reaching safepoint: 7851209 ns, At safepoint: 251666 ns, Total: 8102875 ns
[2023-07-17T14:51:35.788+0000][1][safepoint    ] Safepoint "RevokeBias", Time since last: 72355542 ns, Reaching safepoint: 28538375 ns, At safepoint: 101042 ns, Total: 28639417 ns
[2023-07-17T14:51:35.794+0000][1][safepoint    ] Safepoint "RevokeBias", Time since last: 1460750 ns, Reaching safepoint: 4196708 ns, At safepoint: 349250 ns, Total: 4545958 ns
[2023-07-17T14:51:35.805+0000][1][safepoint    ] Safepoint "RevokeBias", Time since last: 8870292 ns, Reaching safepoint: 1460125 ns, At safepoint: 104375 ns, Total: 1564500 ns
[2023-07-17T14:51:35.811+0000][1][safepoint    ] Safepoint "RevokeBias", Time since last: 5920875 ns, Reaching safepoint: 769291 ns, At safepoint: 99792 ns, Total: 869083 ns
[2023-07-17T14:51:35.818+0000][1][safepoint    ] Safepoint "RevokeBias", Time since last: 3098875 ns, Reaching safepoint: 1802833 ns, At safepoint: 1763375 ns, Total: 3566208 ns
[2023-07-17T14:51:35.849+0000][1][safepoint    ] Safepoint "RevokeBias", Time since last: 1188334 ns, Reaching safepoint: 12279708 ns, At safepoint: 17332375 ns, Total: 29612083 ns
[2023-07-17T14:51:36.899+0000][1][safepoint    ] Safepoint "Cleanup", Time since last: 1003454459 ns, Reaching safepoint: 35188250 ns, At safepoint: 11715958 ns, Total: 46904208 ns
[2023-07-17T14:51:37.731+0000][1][safepoint    ] Safepoint "RevokeBias", Time since last: 806720209 ns, Reaching safepoint: 24369625 ns, At safepoint: 582000 ns, Total: 24951625 ns
[2023-07-17T14:51:37.755+0000][1][safepoint    ] Safepoint "RevokeBias", Time since last: 7467625 ns, Reaching safepoint: 1678000 ns, At safepoint: 15017500 ns, Total: 16695500 ns
[2023-07-17T14:51:37.768+0000][1][safepoint    ] Safepoint "BulkRevokeBias", Time since last: 2960583 ns, Reaching safepoint: 944667 ns, At safepoint: 8740625 ns, Total: 9685292 ns
[2023-07-17T14:51:37.827+0000][1][safepoint    ] Safepoint "RevokeBias", Time since last: 55346292 ns, Reaching safepoint: 4256875 ns, At safepoint: 196000 ns, Total: 4452875 ns
[2023-07-17T14:51:37.852+0000][1][safepoint    ] Safepoint "RevokeBias", Time since last: 21006250 ns, Reaching safepoint: 3290541 ns, At safepoint: 212709 ns, Total: 3503250 ns
[2023-07-17T14:51:37.913+0000][1][safepoint    ] Safepoint "RevokeBias", Time since last: 56913625 ns, Reaching safepoint: 3874875 ns, At safepoint: 110125 ns, Total: 3985000 ns
[2023-07-17T14:51:37.924+0000][1][safepoint    ] Safepoint "RevokeBias", Time since last: 5052291 ns, Reaching safepoint: 6045917 ns, At safepoint: 88625 ns, Total: 6134542 ns
[2023-07-17T14:51:37.935+0000][1][safepoint    ] Safepoint "RevokeBias", Time since last: 3465125 ns, Reaching safepoint: 7179167 ns, At safepoint: 162333 ns, Total: 7341500 ns
[2023-07-17T14:51:37.953+0000][1][safepoint    ] Safepoint "RevokeBias", Time since last: 7396583 ns, Reaching safepoint: 10421917 ns, At safepoint: 109625 ns, Total: 10531542 ns
[2023-07-17T14:51:37.969+0000][1][safepoint    ] Safepoint "RevokeBias", Time since last: 12603083 ns, Reaching safepoint: 3444375 ns, At safepoint: 52917 ns, Total: 3497292 ns
[2023-07-17T14:51:38.094+0000][1][safepoint    ] Safepoint "RevokeBias", Time since last: 85334917 ns, Reaching safepoint: 39280541 ns, At safepoint: 376084 ns, Total: 39656625 ns
[2023-07-17T14:51:38.186+0000][1][safepoint    ] Safepoint "RevokeBias", Time since last: 90814750 ns, Reaching safepoint: 1178458 ns, At safepoint: 273834 ns, Total: 1452292 ns
[2023-07-17T14:51:38.360+0000][1][safepoint    ] Safepoint "RevokeBias", Time since last: 165792958 ns, Reaching safepoint: 7945042 ns, At safepoint: 287208 ns, Total: 8232250 ns
[2023-07-17T14:51:38.371+0000][1][safepoint    ] Safepoint "RevokeBias", Time since last: 3011750 ns, Reaching safepoint: 7697167 ns, At safepoint: 92500 ns, Total: 7789667 ns
[2023-07-17T14:51:38.384+0000][1][safepoint    ] Safepoint "RevokeBias", Time since last: 5977791 ns, Reaching safepoint: 6779459 ns, At safepoint: 137916 ns, Total: 6917375 ns
[2023-07-17T14:51:38.397+0000][1][safepoint    ] Safepoint "RevokeBias", Time since last: 11371209 ns, Reaching safepoint: 1292625 ns, At safepoint: 85875 ns, Total: 1378500 ns
[2023-07-17T14:51:38.495+0000][1][safepoint    ] Safepoint "RevokeBias", Time since last: 96325958 ns, Reaching safepoint: 1843167 ns, At safepoint: 178625 ns, Total: 2021792 ns
[2023-07-17T14:51:38.524+0000][1][safepoint    ] Safepoint "RevokeBias", Time since last: 27993125 ns, Reaching safepoint: 1136208 ns, At safepoint: 77208 ns, Total: 1213416 ns
[2023-07-17T14:51:38.551+0000][1][safepoint    ] Safepoint "RevokeBias", Time since last: 17829417 ns, Reaching safepoint: 9411833 ns, At safepoint: 107584 ns, Total: 9519417 ns
[2023-07-17T14:51:38.560+0000][1][safepoint    ] Safepoint "RevokeBias", Time since last: 1091000 ns, Reaching safepoint: 7453625 ns, At safepoint: 85875 ns, Total: 7539500 ns
[2023-07-17T14:51:38.568+0000][1][safepoint    ] Safepoint "RevokeBias", Time since last: 6607291 ns, Reaching safepoint: 1290542 ns, At safepoint: 75750 ns, Total: 1366292 ns
[2023-07-17T14:51:38.672+0000][1][safepoint    ] Safepoint "RevokeBias", Time since last: 91176000 ns, Reaching safepoint: 12459917 ns, At safepoint: 206833 ns, Total: 12666750 ns
[2023-07-17T14:51:38.748+0000][1][safepoint    ] Safepoint "RevokeBias", Time since last: 71294750 ns, Reaching safepoint: 4758417 ns, At safepoint: 67625 ns, Total: 4826042 ns
[2023-07-17T14:51:38.755+0000][1][safepoint    ] Safepoint "RevokeBias", Time since last: 4277750 ns, Reaching safepoint: 2867291 ns, At safepoint: 41042 ns, Total: 2908333 ns
[2023-07-17T14:51:38.920+0000][1][safepoint    ] Safepoint "RevokeBias", Time since last: 160310417 ns, Reaching safepoint: 4133208 ns, At safepoint: 95917 ns, Total: 4229125 ns
[2023-07-17T14:51:38.921+0000][1][safepoint    ] Safepoint "RevokeBias", Time since last: 797500 ns, Reaching safepoint: 591917 ns, At safepoint: 125708 ns, Total: 717625 ns
[2023-07-17T14:51:38.928+0000][1][safepoint    ] Safepoint "RevokeBias", Time since last: 6260542 ns, Reaching safepoint: 840833 ns, At safepoint: 33792 ns, Total: 874625 ns
[2023-07-17T14:51:38.932+0000][1][safepoint    ] Safepoint "RevokeBias", Time since last: 2377250 ns, Reaching safepoint: 1457208 ns, At safepoint: 52417 ns, Total: 1509625 ns
[2023-07-17T14:51:38.942+0000][1][safepoint    ] Safepoint "RevokeBias", Time since last: 2952250 ns, Reaching safepoint: 6146708 ns, At safepoint: 247458 ns, Total: 6394166 ns
[2023-07-17T14:51:39.592+0000][1][safepoint    ] Safepoint "RevokeBias", Time since last: 649362084 ns, Reaching safepoint: 1068208 ns, At safepoint: 73084 ns, Total: 1141292 ns
[2023-07-17T14:51:39.593+0000][1][safepoint    ] Safepoint "RevokeBias", Time since last: 531000 ns, Reaching safepoint: 331416 ns, At safepoint: 43625 ns, Total: 375041 ns
[2023-07-17T14:51:39.615+0000][1][safepoint    ] Safepoint "RevokeBias", Time since last: 18958292 ns, Reaching safepoint: 2374875 ns, At safepoint: 207917 ns, Total: 2582792 ns
[2023-07-17T14:51:39.689+0000][1][safepoint    ] Safepoint "RevokeBias", Time since last: 73583666 ns, Reaching safepoint: 500667 ns, At safepoint: 80458 ns, Total: 581125 ns
[2023-07-17T14:51:40.691+0000][1][safepoint    ] Safepoint "Cleanup", Time since last: 1000444459 ns, Reaching safepoint: 1552500 ns, At safepoint: 41792 ns, Total: 1594292 ns
[2023-07-17T14:51:41.211+0000][1][safepoint    ] Safepoint "RevokeBias", Time since last: 518164167 ns, Reaching safepoint: 1677833 ns, At safepoint: 137417 ns, Total: 1815250 ns
[2023-07-17T14:51:42.214+0000][1][safepoint    ] Safepoint "Cleanup", Time since last: 1000966208 ns, Reaching safepoint: 2189166 ns, At safepoint: 89334 ns, Total: 2278500 ns
[2023-07-17T14:51:42.766+0000][1][safepoint    ] Safepoint "RevokeBias", Time since last: 550264750 ns, Reaching safepoint: 1101708 ns, At safepoint: 100292 ns, Total: 1202000 ns
[2023-07-17T14:51:43.753+0000][1][safepoint    ] Safepoint "RevokeBias", Time since last: 984454917 ns, Reaching safepoint: 2652042 ns, At safepoint: 199500 ns, Total: 2851542 ns
[2023-07-17T14:51:44.758+0000][1][safepoint    ] Safepoint "Cleanup", Time since last: 1001397042 ns, Reaching safepoint: 3280750 ns, At safepoint: 80833 ns, Total: 3361583 ns
[2023-07-17T14:51:45.764+0000][1][safepoint    ] Safepoint "Cleanup", Time since last: 1001715209 ns, Reaching safepoint: 3781167 ns, At safepoint: 118708 ns, Total: 3899875 ns
[2023-07-17T14:51:45.833+0000][1][safepoint    ] Safepoint "RevokeBias", Time since last: 68427750 ns, Reaching safepoint: 911625 ns, At safepoint: 108167 ns, Total: 1019792 ns
[2023-07-17T14:51:46.288+0000][1][safepoint    ] Safepoint "RevokeBias", Time since last: 453320833 ns, Reaching safepoint: 1091917 ns, At safepoint: 179917 ns, Total: 1271834 ns
[2023-07-17T14:51:47.292+0000][1][safepoint    ] Safepoint "Cleanup", Time since last: 1001584125 ns, Reaching safepoint: 2983709 ns, At safepoint: 93333 ns, Total: 3077042 ns
[2023-07-17T14:51:48.299+0000][1][safepoint    ] Safepoint "Cleanup", Time since last: 1002716625 ns, Reaching safepoint: 4281042 ns, At safepoint: 111542 ns, Total: 4392584 ns
[2023-07-17T14:51:48.812+0000][1][safepoint    ] Safepoint "RevokeBias", Time since last: 512018250 ns, Reaching safepoint: 954167 ns, At safepoint: 112333 ns, Total: 1066500 ns
[2023-07-17T14:51:48.918+0000][1][safepoint    ] Safepoint "RevokeBias", Time since last: 102969542 ns, Reaching safepoint: 2766708 ns, At safepoint: 118833 ns, Total: 2885541 ns
[2023-07-17T14:51:48.921+0000][1][safepoint    ] Safepoint "RevokeBias", Time since last: 1723959 ns, Reaching safepoint: 868083 ns, At safepoint: 85542 ns, Total: 953625 ns
[2023-07-17T14:51:48.948+0000][1][safepoint    ] Safepoint "RevokeBias", Time since last: 18167875 ns, Reaching safepoint: 4095208 ns, At safepoint: 4336500 ns, Total: 8431708 ns
[2023-07-17T14:51:48.964+0000][1][safepoint    ] Safepoint "RevokeBias", Time since last: 15890667 ns, Reaching safepoint: 781208 ns, At safepoint: 107375 ns, Total: 888583 ns
[2023-07-17T14:51:48.972+0000][1][safepoint    ] Safepoint "RevokeBias", Time since last: 7307917 ns, Reaching safepoint: 607208 ns, At safepoint: 95542 ns, Total: 702750 ns
[2023-07-17T14:51:48.989+0000][1][safepoint    ] Safepoint "BulkRevokeBias", Time since last: 14097083 ns, Reaching safepoint: 710000 ns, At safepoint: 1788250 ns, Total: 2498250 ns
[2023-07-17T14:51:49.114+0000][1][safepoint    ] Safepoint "RevokeBias", Time since last: 124449292 ns, Reaching safepoint: 720291 ns, At safepoint: 79459 ns, Total: 799750 ns
[2023-07-17T14:51:49.152+0000][1][safepoint    ] Safepoint "RevokeBias", Time since last: 36494375 ns, Reaching safepoint: 1457958 ns, At safepoint: 77042 ns, Total: 1535000 ns
[2023-07-17T14:51:49.179+0000][1][safepoint    ] Safepoint "RevokeBias", Time since last: 26513916 ns, Reaching safepoint: 706500 ns, At safepoint: 71250 ns, Total: 777750 ns
[2023-07-17T14:51:49.202+0000][1][safepoint    ] Safepoint "RevokeBias", Time since last: 22205834 ns, Reaching safepoint: 535250 ns, At safepoint: 69750 ns, Total: 605000 ns
[2023-07-17T14:51:49.274+0000][1][safepoint    ] Safepoint "RevokeBias", Time since last: 70676667 ns, Reaching safepoint: 1054458 ns, At safepoint: 85750 ns, Total: 1140208 ns
[2023-07-17T14:51:49.497+0000][1][safepoint    ] Safepoint "RevokeBias", Time since last: 222198167 ns, Reaching safepoint: 1020375 ns, At safepoint: 84833 ns, Total: 1105208 ns
[2023-07-17T14:51:49.648+0000][1][safepoint    ] Safepoint "RevokeBias", Time since last: 149291458 ns, Reaching safepoint: 878250 ns, At safepoint: 71042 ns, Total: 949292 ns
[2023-07-17T14:51:49.685+0000][1][safepoint    ] Safepoint "RevokeBias", Time since last: 36063000 ns, Reaching safepoint: 743292 ns, At safepoint: 61791 ns, Total: 805083 ns
[2023-07-17T14:51:49.685+0000][1][safepoint    ] Safepoint "RevokeBias", Time since last: 557875 ns, Reaching safepoint: 350417 ns, At safepoint: 43625 ns, Total: 394042 ns
[2023-07-17T14:51:50.690+0000][1][safepoint    ] Safepoint "Cleanup", Time since last: 1000859542 ns, Reaching safepoint: 3946584 ns, At safepoint: 95000 ns, Total: 4041584 ns
[2023-07-17T14:51:51.696+0000][1][safepoint    ] Safepoint "Cleanup", Time since last: 1001689125 ns, Reaching safepoint: 4057375 ns, At safepoint: 88417 ns, Total: 4145792 ns
[2023-07-17T14:51:52.699+0000][1][safepoint    ] Safepoint "Cleanup", Time since last: 1001105708 ns, Reaching safepoint: 1677084 ns, At safepoint: 36291 ns, Total: 1713375 ns
[2023-07-17T14:51:53.702+0000][1][safepoint    ] Safepoint "Cleanup", Time since last: 1001623126 ns, Reaching safepoint: 911000 ns, At safepoint: 17542 ns, Total: 928542 ns
[2023-07-17T14:51:54.704+0000][1][safepoint    ] Safepoint "Cleanup", Time since last: 1000542042 ns, Reaching safepoint: 1480333 ns, At safepoint: 28292 ns, Total: 1508625 ns
[2023-07-17T14:51:54.984+0000][1][gc,start     ] GC(17) Pause Young (Allocation Failure)
[2023-07-17T14:51:54.986+0000][1][gc,task      ] GC(17) Using 4 workers of 4 for evacuation
[2023-07-17T14:51:55.118+0000][1][gc,age       ] GC(17) Desired survivor size 8945664 bytes, new threshold 6 (max threshold 6)
[2023-07-17T14:51:55.118+0000][1][gc,age       ] GC(17) Age table with threshold 6 (max threshold 6)
[2023-07-17T14:51:55.118+0000][1][gc,age       ] GC(17) - age   1:    3692520 bytes,    3692520 total
[2023-07-17T14:51:55.119+0000][1][gc,age       ] GC(17) - age   2:    4091784 bytes,    7784304 total
[2023-07-17T14:51:55.120+0000][1][gc,heap      ] GC(17) ParNew: 153358K->14231K(157248K)
[2023-07-17T14:51:55.120+0000][1][gc,heap      ] GC(17) CMS: 55709K->60609K(349568K)
[2023-07-17T14:51:55.120+0000][1][gc,metaspace ] GC(17) Metaspace: 85316K->85316K(1128448K)
[2023-07-17T14:51:55.121+0000][1][gc           ] GC(17) Pause Young (Allocation Failure) 204M->73M(494M) 137.790ms
[2023-07-17T14:51:55.122+0000][1][gc,cpu       ] GC(17) User=0.23s Sys=0.01s Real=0.14s
[2023-07-17T14:51:55.126+0000][1][safepoint    ] Safepoint "GenCollectForAllocation", Time since last: 278702042 ns, Reaching safepoint: 916000 ns, At safepoint: 142842250 ns, Total: 143758250 ns
[2023-07-17T14:51:56.128+0000][1][safepoint    ] Safepoint "Cleanup", Time since last: 1000910250 ns, Reaching safepoint: 829333 ns, At safepoint: 17709 ns, Total: 847042 ns
[2023-07-17T14:51:57.129+0000][1][safepoint    ] Safepoint "Cleanup", Time since last: 1000551792 ns, Reaching safepoint: 819417 ns, At safepoint: 16083 ns, Total: 835500 ns
[2023-07-17T14:51:58.131+0000][1][safepoint    ] Safepoint "Cleanup", Time since last: 1000348500 ns, Reaching safepoint: 1083875 ns, At safepoint: 16709 ns, Total: 1100584 ns
[2023-07-17T14:51:58.337+0000][1][safepoint    ] Safepoint "RevokeBias", Time since last: 204741917 ns, Reaching safepoint: 1116166 ns, At safepoint: 90500 ns, Total: 1206666 ns
[2023-07-17T14:51:59.005+0000][1][safepoint    ] Safepoint "RevokeBias", Time since last: 665757500 ns, Reaching safepoint: 2792167 ns, At safepoint: 101250 ns, Total: 2893417 ns
[2023-07-17T14:52:00.007+0000][1][safepoint    ] Safepoint "Cleanup", Time since last: 1000422792 ns, Reaching safepoint: 1121250 ns, At safepoint: 17209 ns, Total: 1138459 ns
[2023-07-17T14:52:01.010+0000][1][safepoint    ] Safepoint "Cleanup", Time since last: 1000414667 ns, Reaching safepoint: 3076208 ns, At safepoint: 25250 ns, Total: 3101458 ns
[2023-07-17T14:52:01.757+0000][1][safepoint    ] Safepoint "RevokeBias", Time since last: 731295209 ns, Reaching safepoint: 15368208 ns, At safepoint: 109750 ns, Total: 15477958 ns
[2023-07-17T14:52:01.772+0000][1][safepoint    ] Safepoint "RevokeBias", Time since last: 5875000 ns, Reaching safepoint: 9393417 ns, At safepoint: 106416 ns, Total: 9499833 ns
[2023-07-17T14:52:01.774+0000][1][safepoint    ] Safepoint "RevokeBias", Time since last: 935375 ns, Reaching safepoint: 721334 ns, At safepoint: 80750 ns, Total: 802084 ns
[2023-07-17T14:52:01.781+0000][1][safepoint    ] Safepoint "RevokeBias", Time since last: 4519541 ns, Reaching safepoint: 1946709 ns, At safepoint: 448083 ns, Total: 2394792 ns
[2023-07-17T14:52:02.784+0000][1][safepoint    ] Safepoint "Cleanup", Time since last: 1001342542 ns, Reaching safepoint: 1218209 ns, At safepoint: 28208 ns, Total: 1246417 ns
[2023-07-17T14:52:03.785+0000][1][safepoint    ] Safepoint "Cleanup", Time since last: 1000419459 ns, Reaching safepoint: 880166 ns, At safepoint: 49292 ns, Total: 929458 ns
[2023-07-17T14:52:04.787+0000][1][safepoint    ] Safepoint "Cleanup", Time since last: 1000710126 ns, Reaching safepoint: 1196291 ns, At safepoint: 23500 ns, Total: 1219791 ns
[2023-07-17T14:52:05.789+0000][1][safepoint    ] Safepoint "Cleanup", Time since last: 1000834126 ns, Reaching safepoint: 1075666 ns, At safepoint: 15709 ns, Total: 1091375 ns
[2023-07-17T14:52:06.791+0000][1][safepoint    ] Safepoint "Cleanup", Time since last: 1001200625 ns, Reaching safepoint: 1060292 ns, At safepoint: 25167 ns, Total: 1085459 ns
[2023-07-17T14:52:07.793+0000][1][safepoint    ] Safepoint "Cleanup", Time since last: 1000438417 ns, Reaching safepoint: 1127583 ns, At safepoint: 19667 ns, Total: 1147250 ns
[2023-07-17T14:52:08.794+0000][1][safepoint    ] Safepoint "Cleanup", Time since last: 1000439125 ns, Reaching safepoint: 816000 ns, At safepoint: 17000 ns, Total: 833000 ns
[2023-07-17T14:52:09.796+0000][1][safepoint    ] Safepoint "Cleanup", Time since last: 1000384126 ns, Reaching safepoint: 1615875 ns, At safepoint: 24000 ns, Total: 1639875 ns
[2023-07-17T14:52:10.798+0000][1][safepoint    ] Safepoint "Cleanup", Time since last: 1000860417 ns, Reaching safepoint: 1208875 ns, At safepoint: 78791 ns, Total: 1287666 ns
[2023-07-17T14:52:11.799+0000][1][safepoint    ] Safepoint "Cleanup", Time since last: 1001034208 ns, Reaching safepoint: 801625 ns, At safepoint: 18750 ns, Total: 820375 ns
[2023-07-17T14:52:12.801+0000][1][safepoint    ] Safepoint "Cleanup", Time since last: 1000471917 ns, Reaching safepoint: 893292 ns, At safepoint: 12667 ns, Total: 905959 ns
[2023-07-17T14:52:13.802+0000][1][safepoint    ] Safepoint "Cleanup", Time since last: 1000400959 ns, Reaching safepoint: 919666 ns, At safepoint: 15084 ns, Total: 934750 ns
[2023-07-17T14:52:14.803+0000][1][safepoint    ] Safepoint "Cleanup", Time since last: 1000517000 ns, Reaching safepoint: 854208 ns, At safepoint: 18792 ns, Total: 873000 ns
[2023-07-17T14:52:15.805+0000][1][safepoint    ] Safepoint "Cleanup", Time since last: 1000363084 ns, Reaching safepoint: 842708 ns, At safepoint: 21250 ns, Total: 863958 ns
[2023-07-17T14:52:16.806+0000][1][safepoint    ] Safepoint "Cleanup", Time since last: 1000453334 ns, Reaching safepoint: 1095917 ns, At safepoint: 15708 ns, Total: 1111625 ns
[2023-07-17T14:52:17.807+0000][1][safepoint    ] Safepoint "Cleanup", Time since last: 1000417000 ns, Reaching safepoint: 783084 ns, At safepoint: 18541 ns, Total: 801625 ns
[2023-07-17T14:52:18.809+0000][1][safepoint    ] Safepoint "Cleanup", Time since last: 1000515084 ns, Reaching safepoint: 811167 ns, At safepoint: 15292 ns, Total: 826459 ns
[2023-07-17T14:52:19.811+0000][1][safepoint    ] Safepoint "Cleanup", Time since last: 1000644000 ns, Reaching safepoint: 1338125 ns, At safepoint: 14875 ns, Total: 1353000 ns
[2023-07-17T14:52:20.812+0000][1][safepoint    ] Safepoint "Cleanup", Time since last: 1000530417 ns, Reaching safepoint: 721750 ns, At safepoint: 29542 ns, Total: 751292 ns
[2023-07-17T14:52:21.813+0000][1][safepoint    ] Safepoint "Cleanup", Time since last: 1000390959 ns, Reaching safepoint: 929166 ns, At safepoint: 37000 ns, Total: 966166 ns
[2023-07-17T14:52:22.822+0000][1][safepoint    ] Safepoint "Cleanup", Time since last: 1000955668 ns, Reaching safepoint: 6375291 ns, At safepoint: 596125 ns, Total: 6971416 ns
[2023-07-17T14:52:23.839+0000][1][safepoint    ] Safepoint "Cleanup", Time since last: 1016750292 ns, Reaching safepoint: 698959 ns, At safepoint: 18000 ns, Total: 716959 ns
[2023-07-17T14:52:24.840+0000][1][safepoint    ] Safepoint "Cleanup", Time since last: 1000374709 ns, Reaching safepoint: 1261791 ns, At safepoint: 23542 ns, Total: 1285333 ns
[2023-07-17T14:52:25.842+0000][1][safepoint    ] Safepoint "Cleanup", Time since last: 1000697209 ns, Reaching safepoint: 872458 ns, At safepoint: 23167 ns, Total: 895625 ns
[2023-07-17T14:52:26.844+0000][1][safepoint    ] Safepoint "Cleanup", Time since last: 1000528125 ns, Reaching safepoint: 909417 ns, At safepoint: 20416 ns, Total: 929833 ns
[2023-07-17T14:52:27.845+0000][1][safepoint    ] Safepoint "Cleanup", Time since last: 1000446043 ns, Reaching safepoint: 876375 ns, At safepoint: 22250 ns, Total: 898625 ns
[2023-07-17T14:52:28.846+0000][1][safepoint    ] Safepoint "Cleanup", Time since last: 1000404208 ns, Reaching safepoint: 992917 ns, At safepoint: 20667 ns, Total: 1013584 ns
[2023-07-17T14:52:29.849+0000][1][safepoint    ] Safepoint "Cleanup", Time since last: 1000712042 ns, Reaching safepoint: 1705375 ns, At safepoint: 38000 ns, Total: 1743375 ns
[2023-07-17T14:52:30.850+0000][1][safepoint    ] Safepoint "Cleanup", Time since last: 1000543500 ns, Reaching safepoint: 916292 ns, At safepoint: 19750 ns, Total: 936042 ns
[2023-07-17T14:52:31.852+0000][1][safepoint    ] Safepoint "Cleanup", Time since last: 1000958334 ns, Reaching safepoint: 1158250 ns, At safepoint: 18292 ns, Total: 1176542 ns
[2023-07-17T14:52:32.855+0000][1][safepoint    ] Safepoint "Cleanup", Time since last: 1000510708 ns, Reaching safepoint: 1920250 ns, At safepoint: 36209 ns, Total: 1956459 ns
[2023-07-17T14:52:33.857+0000][1][safepoint    ] Safepoint "Cleanup", Time since last: 1001488958 ns, Reaching safepoint: 825500 ns, At safepoint: 19584 ns, Total: 845084 ns
[2023-07-17T14:52:34.859+0000][1][safepoint    ] Safepoint "Cleanup", Time since last: 1000464459 ns, Reaching safepoint: 1279916 ns, At safepoint: 29917 ns, Total: 1309833 ns
[2023-07-17T14:52:35.861+0000][1][safepoint    ] Safepoint "Cleanup", Time since last: 1000912625 ns, Reaching safepoint: 1450667 ns, At safepoint: 26708 ns, Total: 1477375 ns
[2023-07-17T14:52:36.864+0000][1][safepoint    ] Safepoint "Cleanup", Time since last: 1001780668 ns, Reaching safepoint: 882541 ns, At safepoint: 19792 ns, Total: 902333 ns
[2023-07-17T14:52:37.866+0000][1][safepoint    ] Safepoint "Cleanup", Time since last: 1001310750 ns, Reaching safepoint: 797334 ns, At safepoint: 15708 ns, Total: 813042 ns
[2023-07-17T14:52:38.867+0000][1][safepoint    ] Safepoint "Cleanup", Time since last: 1000451792 ns, Reaching safepoint: 759709 ns, At safepoint: 17291 ns, Total: 777000 ns
[2023-07-17T14:52:39.869+0000][1][safepoint    ] Safepoint "Cleanup", Time since last: 1000429584 ns, Reaching safepoint: 1689125 ns, At safepoint: 21000 ns, Total: 1710125 ns
[2023-07-17T14:52:40.872+0000][1][safepoint    ] Safepoint "Cleanup", Time since last: 1000618834 ns, Reaching safepoint: 1548000 ns, At safepoint: 63666 ns, Total: 1611666 ns
[2023-07-17T14:52:41.873+0000][1][safepoint    ] Safepoint "Cleanup", Time since last: 1000561167 ns, Reaching safepoint: 1271459 ns, At safepoint: 19458 ns, Total: 1290917 ns
[2023-07-17T14:52:42.876+0000][1][safepoint    ] Safepoint "Cleanup", Time since last: 1001885750 ns, Reaching safepoint: 889667 ns, At safepoint: 24208 ns, Total: 913875 ns
[2023-07-17T14:52:43.878+0000][1][safepoint    ] Safepoint "Cleanup", Time since last: 1000379834 ns, Reaching safepoint: 903125 ns, At safepoint: 19334 ns, Total: 922459 ns
[2023-07-17T14:52:44.879+0000][1][safepoint    ] Safepoint "Cleanup", Time since last: 1000468333 ns, Reaching safepoint: 948875 ns, At safepoint: 23167 ns, Total: 972042 ns
[2023-07-17T14:52:45.881+0000][1][safepoint    ] Safepoint "Cleanup", Time since last: 1000642084 ns, Reaching safepoint: 856208 ns, At safepoint: 18209 ns, Total: 874417 ns
[2023-07-17T14:52:46.882+0000][1][safepoint    ] Safepoint "Cleanup", Time since last: 1000430000 ns, Reaching safepoint: 1055500 ns, At safepoint: 25708 ns, Total: 1081208 ns
[2023-07-17T14:52:47.883+0000][1][safepoint    ] Safepoint "Cleanup", Time since last: 1000421293 ns, Reaching safepoint: 964458 ns, At safepoint: 18958 ns, Total: 983416 ns
[2023-07-17T14:52:48.885+0000][1][safepoint    ] Safepoint "Cleanup", Time since last: 1000404626 ns, Reaching safepoint: 915583 ns, At safepoint: 23458 ns, Total: 939041 ns
[2023-07-17T14:52:49.887+0000][1][safepoint    ] Safepoint "Cleanup", Time since last: 1000917626 ns, Reaching safepoint: 1417208 ns, At safepoint: 13583 ns, Total: 1430791 ns
[2023-07-17T14:52:50.889+0000][1][safepoint    ] Safepoint "Cleanup", Time since last: 1001138709 ns, Reaching safepoint: 915584 ns, At safepoint: 23083 ns, Total: 938667 ns
[2023-07-17T14:52:51.892+0000][1][safepoint    ] Safepoint "Cleanup", Time since last: 1000335334 ns, Reaching safepoint: 2063333 ns, At safepoint: 23042 ns, Total: 2086375 ns
[2023-07-17T14:52:52.893+0000][1][safepoint    ] Safepoint "Cleanup", Time since last: 1000415375 ns, Reaching safepoint: 828542 ns, At safepoint: 16208 ns, Total: 844750 ns
[2023-07-17T14:52:53.894+0000][1][safepoint    ] Safepoint "Cleanup", Time since last: 1000440001 ns, Reaching safepoint: 843125 ns, At safepoint: 16375 ns, Total: 859500 ns
[2023-07-17T14:52:54.899+0000][1][safepoint    ] Safepoint "Cleanup", Time since last: 1000904584 ns, Reaching safepoint: 3678500 ns, At safepoint: 102750 ns, Total: 3781250 ns
[2023-07-17T14:52:55.901+0000][1][safepoint    ] Safepoint "Cleanup", Time since last: 1001191083 ns, Reaching safepoint: 1250834 ns, At safepoint: 27916 ns, Total: 1278750 ns
[2023-07-17T14:52:56.903+0000][1][safepoint    ] Safepoint "Cleanup", Time since last: 1000558626 ns, Reaching safepoint: 1330958 ns, At safepoint: 26667 ns, Total: 1357625 ns
[2023-07-17T14:52:57.908+0000][1][safepoint    ] Safepoint "Cleanup", Time since last: 1001041250 ns, Reaching safepoint: 3182125 ns, At safepoint: 67459 ns, Total: 3249584 ns
[2023-07-17T14:52:58.910+0000][1][safepoint    ] Safepoint "Cleanup", Time since last: 1000911833 ns, Reaching safepoint: 1106750 ns, At safepoint: 22792 ns, Total: 1129542 ns
[2023-07-17T14:52:59.915+0000][1][safepoint    ] Safepoint "Cleanup", Time since last: 1000674917 ns, Reaching safepoint: 4163625 ns, At safepoint: 100334 ns, Total: 4263959 ns
[2023-07-17T14:53:00.918+0000][1][safepoint    ] Safepoint "Cleanup", Time since last: 1001537375 ns, Reaching safepoint: 1416042 ns, At safepoint: 34250 ns, Total: 1450292 ns
[2023-07-17T14:53:01.919+0000][1][safepoint    ] Safepoint "Cleanup", Time since last: 1000601334 ns, Reaching safepoint: 1030791 ns, At safepoint: 21250 ns, Total: 1052041 ns
[2023-07-17T14:53:02.925+0000][1][safepoint    ] Safepoint "Cleanup", Time since last: 1001924334 ns, Reaching safepoint: 4223750 ns, At safepoint: 86667 ns, Total: 4310417 ns
[2023-07-17T14:53:03.931+0000][1][safepoint    ] Safepoint "Cleanup", Time since last: 1001371750 ns, Reaching safepoint: 4355167 ns, At safepoint: 103292 ns, Total: 4458459 ns
[2023-07-17T14:53:04.938+0000][1][safepoint    ] Safepoint "Cleanup", Time since last: 1002506708 ns, Reaching safepoint: 4092209 ns, At safepoint: 117625 ns, Total: 4209834 ns
[2023-07-17T14:53:05.940+0000][1][safepoint    ] Safepoint "Cleanup", Time since last: 1001011250 ns, Reaching safepoint: 965500 ns, At safepoint: 23833 ns, Total: 989333 ns
[2023-07-17T14:53:06.943+0000][1][safepoint    ] Safepoint "Cleanup", Time since last: 1001892126 ns, Reaching safepoint: 1550417 ns, At safepoint: 35666 ns, Total: 1586083 ns
[2023-07-17T14:53:07.950+0000][1][safepoint    ] Safepoint "Cleanup", Time since last: 1002527917 ns, Reaching safepoint: 3924167 ns, At safepoint: 62125 ns, Total: 3986292 ns
[2023-07-17T14:53:08.953+0000][1][safepoint    ] Safepoint "Cleanup", Time since last: 1001411751 ns, Reaching safepoint: 1187291 ns, At safepoint: 22084 ns, Total: 1209375 ns
[2023-07-17T14:53:09.959+0000][1][safepoint    ] Safepoint "Cleanup", Time since last: 1001010458 ns, Reaching safepoint: 5671167 ns, At safepoint: 51583 ns, Total: 5722750 ns
[2023-07-17T14:53:10.964+0000][1][safepoint    ] Safepoint "Cleanup", Time since last: 1001222626 ns, Reaching safepoint: 3493333 ns, At safepoint: 103084 ns, Total: 3596417 ns
[2023-07-17T14:53:11.968+0000][1][safepoint    ] Safepoint "Cleanup", Time since last: 1001231082 ns, Reaching safepoint: 2626209 ns, At safepoint: 68208 ns, Total: 2694417 ns
[2023-07-17T14:53:12.973+0000][1][safepoint    ] Safepoint "Cleanup", Time since last: 1001352751 ns, Reaching safepoint: 3868250 ns, At safepoint: 54875 ns, Total: 3923125 ns
[2023-07-17T14:53:13.975+0000][1][safepoint    ] Safepoint "Cleanup", Time since last: 1000704667 ns, Reaching safepoint: 1265916 ns, At safepoint: 30334 ns, Total: 1296250 ns
[2023-07-17T14:53:14.977+0000][1][safepoint    ] Safepoint "Cleanup", Time since last: 1000681875 ns, Reaching safepoint: 1876792 ns, At safepoint: 26625 ns, Total: 1903417 ns
[2023-07-17T14:53:15.980+0000][1][safepoint    ] Safepoint "Cleanup", Time since last: 1000928500 ns, Reaching safepoint: 1270459 ns, At safepoint: 24666 ns, Total: 1295125 ns
[2023-07-17T14:53:16.982+0000][1][safepoint    ] Safepoint "Cleanup", Time since last: 1000653084 ns, Reaching safepoint: 1942958 ns, At safepoint: 36709 ns, Total: 1979667 ns
[2023-07-17T14:53:17.987+0000][1][safepoint    ] Safepoint "Cleanup", Time since last: 1000642625 ns, Reaching safepoint: 3665750 ns, At safepoint: 54959 ns, Total: 3720709 ns
[2023-07-17T14:53:18.989+0000][1][safepoint    ] Safepoint "Cleanup", Time since last: 1001450958 ns, Reaching safepoint: 1253917 ns, At safepoint: 34958 ns, Total: 1288875 ns
[2023-07-17T14:53:19.997+0000][1][safepoint    ] Safepoint "Cleanup", Time since last: 1001118626 ns, Reaching safepoint: 5848875 ns, At safepoint: 131333 ns, Total: 5980208 ns
[2023-07-17T14:53:21.004+0000][1][safepoint    ] Safepoint "Cleanup", Time since last: 1003600626 ns, Reaching safepoint: 3743791 ns, At safepoint: 49792 ns, Total: 3793583 ns
[2023-07-17T14:53:22.008+0000][1][safepoint    ] Safepoint "Cleanup", Time since last: 1000862875 ns, Reaching safepoint: 3227750 ns, At safepoint: 71250 ns, Total: 3299000 ns
[2023-07-17T14:53:23.013+0000][1][safepoint    ] Safepoint "Cleanup", Time since last: 1001457584 ns, Reaching safepoint: 2999375 ns, At safepoint: 93000 ns, Total: 3092375 ns
[2023-07-17T14:53:24.017+0000][1][safepoint    ] Safepoint "Cleanup", Time since last: 1001100542 ns, Reaching safepoint: 3316250 ns, At safepoint: 42250 ns, Total: 3358500 ns
[2023-07-17T14:53:25.023+0000][1][safepoint    ] Safepoint "Cleanup", Time since last: 1001006959 ns, Reaching safepoint: 5163542 ns, At safepoint: 79667 ns, Total: 5243209 ns
[2023-07-17T14:53:26.030+0000][1][safepoint    ] Safepoint "Cleanup", Time since last: 1001994917 ns, Reaching safepoint: 4666375 ns, At safepoint: 114166 ns, Total: 4780541 ns
[2023-07-17T14:53:27.032+0000][1][safepoint    ] Safepoint "Cleanup", Time since last: 1001133959 ns, Reaching safepoint: 889875 ns, At safepoint: 19792 ns, Total: 909667 ns
[2023-07-17T14:53:28.035+0000][1][safepoint    ] Safepoint "Cleanup", Time since last: 1001082084 ns, Reaching safepoint: 2100166 ns, At safepoint: 94500 ns, Total: 2194666 ns
[2023-07-17T14:53:28.999+0000][1][safepoint    ] Safepoint "RevokeBias", Time since last: 961128501 ns, Reaching safepoint: 1694125 ns, At safepoint: 884500 ns, Total: 2578625 ns
[2023-07-17T14:53:30.003+0000][1][safepoint    ] Safepoint "Cleanup", Time since last: 1002621584 ns, Reaching safepoint: 1620375 ns, At safepoint: 26958 ns, Total: 1647333 ns
[2023-07-17T14:53:31.009+0000][1][safepoint    ] Safepoint "Cleanup", Time since last: 1000887209 ns, Reaching safepoint: 4456458 ns, At safepoint: 86167 ns, Total: 4542625 ns
[2023-07-17T14:53:32.013+0000][1][safepoint    ] Safepoint "Cleanup", Time since last: 1001183375 ns, Reaching safepoint: 3101709 ns, At safepoint: 57625 ns, Total: 3159334 ns
[2023-07-17T14:53:33.016+0000][1][safepoint    ] Safepoint "Cleanup", Time since last: 1001878083 ns, Reaching safepoint: 1382417 ns, At safepoint: 21458 ns, Total: 1403875 ns
[2023-07-17T14:53:34.019+0000][1][safepoint    ] Safepoint "Cleanup", Time since last: 1000590543 ns, Reaching safepoint: 2172291 ns, At safepoint: 47042 ns, Total: 2219333 ns
[2023-07-17T14:53:35.021+0000][1][safepoint    ] Safepoint "Cleanup", Time since last: 1000947042 ns, Reaching safepoint: 888625 ns, At safepoint: 16708 ns, Total: 905333 ns
[2023-07-17T14:53:36.023+0000][1][safepoint    ] Safepoint "Cleanup", Time since last: 1000471334 ns, Reaching safepoint: 935625 ns, At safepoint: 20750 ns, Total: 956375 ns
[2023-07-17T14:53:37.028+0000][1][safepoint    ] Safepoint "Cleanup", Time since last: 1000577376 ns, Reaching safepoint: 4706166 ns, At safepoint: 121084 ns, Total: 4827250 ns
[2023-07-17T14:53:38.450+0000][1][safepoint    ] Safepoint "Cleanup", Time since last: 1416446917 ns, Reaching safepoint: 4921542 ns, At safepoint: 149916 ns, Total: 5071458 ns
[2023-07-17T14:53:39.936+0000][1][safepoint    ] Safepoint "Cleanup", Time since last: 1484205376 ns, Reaching safepoint: 2366125 ns, At safepoint: 39833 ns, Total: 2405958 ns
[2023-07-17T14:53:40.942+0000][1][safepoint    ] Safepoint "Cleanup", Time since last: 1000804418 ns, Reaching safepoint: 4583666 ns, At safepoint: 85709 ns, Total: 4669375 ns
[2023-07-17T14:53:41.948+0000][1][safepoint    ] Safepoint "Cleanup", Time since last: 1002773666 ns, Reaching safepoint: 4035042 ns, At safepoint: 136750 ns, Total: 4171792 ns
[2023-07-17T14:53:42.954+0000][1][safepoint    ] Safepoint "Cleanup", Time since last: 1001400917 ns, Reaching safepoint: 4146166 ns, At safepoint: 128084 ns, Total: 4274250 ns
[2023-07-17T14:53:43.423+0000][1][gc,start     ] GC(18) Pause Young (Allocation Failure)
[2023-07-17T14:53:43.424+0000][1][gc,task      ] GC(18) Using 4 workers of 4 for evacuation
[2023-07-17T14:53:43.476+0000][1][gc,age       ] GC(18) Desired survivor size 8945664 bytes, new threshold 6 (max threshold 6)
[2023-07-17T14:53:43.476+0000][1][gc,age       ] GC(18) Age table with threshold 6 (max threshold 6)
[2023-07-17T14:53:43.477+0000][1][gc,age       ] GC(18) - age   1:     291472 bytes,     291472 total
[2023-07-17T14:53:43.477+0000][1][gc,age       ] GC(18) - age   2:    3556792 bytes,    3848264 total
[2023-07-17T14:53:43.477+0000][1][gc,age       ] GC(18) - age   3:    4091032 bytes,    7939296 total
[2023-07-17T14:53:43.478+0000][1][gc,heap      ] GC(18) ParNew: 154007K->10444K(157248K)
[2023-07-17T14:53:43.478+0000][1][gc,heap      ] GC(18) CMS: 60609K->60609K(349568K)
[2023-07-17T14:53:43.479+0000][1][gc,metaspace ] GC(18) Metaspace: 86642K->86642K(1128448K)
[2023-07-17T14:53:43.479+0000][1][gc           ] GC(18) Pause Young (Allocation Failure) 209M->69M(494M) 57.004ms
[2023-07-17T14:53:43.480+0000][1][gc,cpu       ] GC(18) User=0.15s Sys=0.01s Real=0.06s
[2023-07-17T14:53:43.480+0000][1][safepoint    ] Safepoint "GenCollectForAllocation", Time since last: 466913125 ns, Reaching safepoint: 1026250 ns, At safepoint: 58156542 ns, Total: 59182792 ns
[2023-07-17T14:53:44.482+0000][1][safepoint    ] Safepoint "Cleanup", Time since last: 1000548084 ns, Reaching safepoint: 1384833 ns, At safepoint: 29333 ns, Total: 1414166 ns
[2023-07-17T14:53:45.487+0000][1][safepoint    ] Safepoint "Cleanup", Time since last: 1001116001 ns, Reaching safepoint: 3416875 ns, At safepoint: 238083 ns, Total: 3654958 ns
[2023-07-17T14:53:46.499+0000][1][safepoint    ] Safepoint "Cleanup", Time since last: 1008867626 ns, Reaching safepoint: 3146041 ns, At safepoint: 69792 ns, Total: 3215833 ns
[2023-07-17T14:53:47.502+0000][1][safepoint    ] Safepoint "Cleanup", Time since last: 1001800334 ns, Reaching safepoint: 961708 ns, At safepoint: 21708 ns, Total: 983416 ns
[2023-07-17T14:53:48.504+0000][1][safepoint    ] Safepoint "Cleanup", Time since last: 1000468126 ns, Reaching safepoint: 2137750 ns, At safepoint: 26208 ns, Total: 2163958 ns
[2023-07-17T14:53:48.892+0000][1][safepoint    ] Safepoint "RevokeBias", Time since last: 384700084 ns, Reaching safepoint: 1184208 ns, At safepoint: 1456125 ns, Total: 2640333 ns
[2023-07-17T14:53:48.893+0000][1][safepoint    ] Safepoint "RevokeBias", Time since last: 1069750 ns, Reaching safepoint: 416375 ns, At safepoint: 56000 ns, Total: 472375 ns
[2023-07-17T14:53:48.894+0000][1][safepoint    ] Safepoint "RevokeBias", Time since last: 715667 ns, Reaching safepoint: 405000 ns, At safepoint: 52458 ns, Total: 457458 ns
[2023-07-17T14:53:49.897+0000][1][safepoint    ] Safepoint "Cleanup", Time since last: 1000336750 ns, Reaching safepoint: 2347625 ns, At safepoint: 44875 ns, Total: 2392500 ns
[2023-07-17T14:53:50.899+0000][1][safepoint    ] Safepoint "Cleanup", Time since last: 1000575084 ns, Reaching safepoint: 980542 ns, At safepoint: 21417 ns, Total: 1001959 ns
[2023-07-17T14:53:51.900+0000][1][safepoint    ] Safepoint "Cleanup", Time since last: 1000324958 ns, Reaching safepoint: 950000 ns, At safepoint: 25042 ns, Total: 975042 ns
[2023-07-17T14:53:52.902+0000][1][safepoint    ] Safepoint "Cleanup", Time since last: 1000426084 ns, Reaching safepoint: 995333 ns, At safepoint: 27917 ns, Total: 1023250 ns
[2023-07-17T14:53:53.904+0000][1][safepoint    ] Safepoint "Cleanup", Time since last: 1000602500 ns, Reaching safepoint: 1406667 ns, At safepoint: 25417 ns, Total: 1432084 ns
[2023-07-17T14:53:54.906+0000][1][safepoint    ] Safepoint "Cleanup", Time since last: 1001219417 ns, Reaching safepoint: 1658667 ns, At safepoint: 30041 ns, Total: 1688708 ns
[2023-07-17T14:53:55.910+0000][1][safepoint    ] Safepoint "Cleanup", Time since last: 1002235167 ns, Reaching safepoint: 1515875 ns, At safepoint: 26750 ns, Total: 1542625 ns
[2023-07-17T14:53:56.912+0000][1][safepoint    ] Safepoint "Cleanup", Time since last: 1000847501 ns, Reaching safepoint: 1262166 ns, At safepoint: 28084 ns, Total: 1290250 ns
[2023-07-17T14:53:57.915+0000][1][safepoint    ] Safepoint "Cleanup", Time since last: 1000896750 ns, Reaching safepoint: 1316167 ns, At safepoint: 21750 ns, Total: 1337917 ns
[2023-07-17T14:53:58.916+0000][1][safepoint    ] Safepoint "Cleanup", Time since last: 1000491375 ns, Reaching safepoint: 1138667 ns, At safepoint: 17208 ns, Total: 1155875 ns
[2023-07-17T14:53:59.920+0000][1][safepoint    ] Safepoint "Cleanup", Time since last: 1001007293 ns, Reaching safepoint: 2468833 ns, At safepoint: 31417 ns, Total: 2500250 ns
[2023-07-17T14:54:00.924+0000][1][safepoint    ] Safepoint "Cleanup", Time since last: 1002380667 ns, Reaching safepoint: 1841000 ns, At safepoint: 28625 ns, Total: 1869625 ns
[2023-07-17T14:54:01.926+0000][1][safepoint    ] Safepoint "Cleanup", Time since last: 1000801875 ns, Reaching safepoint: 885792 ns, At safepoint: 29500 ns, Total: 915292 ns
[2023-07-17T14:54:02.928+0000][1][safepoint    ] Safepoint "Cleanup", Time since last: 1000968334 ns, Reaching safepoint: 1314250 ns, At safepoint: 21041 ns, Total: 1335291 ns
[2023-07-17T14:54:03.930+0000][1][safepoint    ] Safepoint "Cleanup", Time since last: 1000426501 ns, Reaching safepoint: 1268250 ns, At safepoint: 26583 ns, Total: 1294833 ns
[2023-07-17T14:54:04.935+0000][1][safepoint    ] Safepoint "Cleanup", Time since last: 1000725792 ns, Reaching safepoint: 4103792 ns, At safepoint: 106125 ns, Total: 4209917 ns
[2023-07-17T14:54:05.938+0000][1][safepoint    ] Safepoint "Cleanup", Time since last: 1001742792 ns, Reaching safepoint: 1491083 ns, At safepoint: 26417 ns, Total: 1517500 ns
[2023-07-17T14:54:06.940+0000][1][safepoint    ] Safepoint "Cleanup", Time since last: 1001116876 ns, Reaching safepoint: 908708 ns, At safepoint: 20083 ns, Total: 928791 ns
[2023-07-17T14:54:07.944+0000][1][safepoint    ] Safepoint "Cleanup", Time since last: 1002604709 ns, Reaching safepoint: 1246167 ns, At safepoint: 24416 ns, Total: 1270583 ns
[2023-07-17T14:54:08.945+0000][1][safepoint    ] Safepoint "Cleanup", Time since last: 1000491668 ns, Reaching safepoint: 1090291 ns, At safepoint: 14625 ns, Total: 1104916 ns
[2023-07-17T14:54:09.951+0000][1][safepoint    ] Safepoint "Cleanup", Time since last: 1000661792 ns, Reaching safepoint: 4527042 ns, At safepoint: 80250 ns, Total: 4607292 ns
[2023-07-17T14:54:10.953+0000][1][safepoint    ] Safepoint "Cleanup", Time since last: 1001061751 ns, Reaching safepoint: 1202666 ns, At safepoint: 27334 ns, Total: 1230000 ns
[2023-07-17T14:54:11.955+0000][1][safepoint    ] Safepoint "Cleanup", Time since last: 1000775666 ns, Reaching safepoint: 1254250 ns, At safepoint: 33417 ns, Total: 1287667 ns
[2023-07-17T14:54:12.958+0000][1][safepoint    ] Safepoint "Cleanup", Time since last: 1001895459 ns, Reaching safepoint: 1062458 ns, At safepoint: 20333 ns, Total: 1082791 ns
[2023-07-17T14:54:13.960+0000][1][safepoint    ] Safepoint "Cleanup", Time since last: 1001192543 ns, Reaching safepoint: 867416 ns, At safepoint: 20667 ns, Total: 888083 ns
[2023-07-17T14:54:14.966+0000][1][safepoint    ] Safepoint "Cleanup", Time since last: 1000894834 ns, Reaching safepoint: 5250708 ns, At safepoint: 70667 ns, Total: 5321375 ns
[2023-07-17T14:54:15.970+0000][1][safepoint    ] Safepoint "Cleanup", Time since last: 1002364792 ns, Reaching safepoint: 1466208 ns, At safepoint: 26167 ns, Total: 1492375 ns
[2023-07-17T14:54:16.972+0000][1][safepoint    ] Safepoint "Cleanup", Time since last: 1000562375 ns, Reaching safepoint: 1019584 ns, At safepoint: 23625 ns, Total: 1043209 ns
[2023-07-17T14:54:17.974+0000][1][safepoint    ] Safepoint "Cleanup", Time since last: 1000905417 ns, Reaching safepoint: 1776875 ns, At safepoint: 32000 ns, Total: 1808875 ns
[2023-07-17T14:54:18.976+0000][1][safepoint    ] Safepoint "Cleanup", Time since last: 1000539959 ns, Reaching safepoint: 986958 ns, At safepoint: 17042 ns, Total: 1004000 ns
[2023-07-17T14:54:19.977+0000][1][safepoint    ] Safepoint "Cleanup", Time since last: 1000593875 ns, Reaching safepoint: 1024042 ns, At safepoint: 16625 ns, Total: 1040667 ns
[2023-07-17T14:54:20.982+0000][1][safepoint    ] Safepoint "Cleanup", Time since last: 1001727709 ns, Reaching safepoint: 2536416 ns, At safepoint: 35709 ns, Total: 2572125 ns
[2023-07-17T14:54:21.984+0000][1][safepoint    ] Safepoint "Cleanup", Time since last: 1000554542 ns, Reaching safepoint: 1820500 ns, At safepoint: 26250 ns, Total: 1846750 ns
[2023-07-17T14:54:22.990+0000][1][safepoint    ] Safepoint "Cleanup", Time since last: 1001030667 ns, Reaching safepoint: 4242250 ns, At safepoint: 98542 ns, Total: 4340792 ns
[2023-07-17T14:54:23.993+0000][1][safepoint    ] Safepoint "Cleanup", Time since last: 1002559083 ns, Reaching safepoint: 1188167 ns, At safepoint: 28458 ns, Total: 1216625 ns
[2023-07-17T14:54:24.999+0000][1][safepoint    ] Safepoint "Cleanup", Time since last: 1001320168 ns, Reaching safepoint: 4126958 ns, At safepoint: 97750 ns, Total: 4224708 ns
[2023-07-17T14:54:26.005+0000][1][safepoint    ] Safepoint "Cleanup", Time since last: 1002011209 ns, Reaching safepoint: 4337625 ns, At safepoint: 84208 ns, Total: 4421833 ns
[2023-07-17T14:54:27.011+0000][1][safepoint    ] Safepoint "Cleanup", Time since last: 1001935876 ns, Reaching safepoint: 4012500 ns, At safepoint: 106833 ns, Total: 4119333 ns
[2023-07-17T14:54:28.015+0000][1][safepoint    ] Safepoint "Cleanup", Time since last: 1002010625 ns, Reaching safepoint: 1580334 ns, At safepoint: 27916 ns, Total: 1608250 ns
[2023-07-17T14:54:29.018+0000][1][safepoint    ] Safepoint "Cleanup", Time since last: 1000563959 ns, Reaching safepoint: 2308917 ns, At safepoint: 21625 ns, Total: 2330542 ns
[2023-07-17T14:54:30.023+0000][1][safepoint    ] Safepoint "Cleanup", Time since last: 1000647500 ns, Reaching safepoint: 4859709 ns, At safepoint: 90083 ns, Total: 4949792 ns
[2023-07-17T14:54:31.027+0000][1][safepoint    ] Safepoint "Cleanup", Time since last: 1002012834 ns, Reaching safepoint: 1827541 ns, At safepoint: 42375 ns, Total: 1869916 ns
[2023-07-17T14:54:32.030+0000][1][safepoint    ] Safepoint "Cleanup", Time since last: 1001039959 ns, Reaching safepoint: 1349792 ns, At safepoint: 24625 ns, Total: 1374417 ns
[2023-07-17T14:54:33.034+0000][1][safepoint    ] Safepoint "Cleanup", Time since last: 1000794125 ns, Reaching safepoint: 3387750 ns, At safepoint: 85917 ns, Total: 3473667 ns
[2023-07-17T14:54:34.037+0000][1][safepoint    ] Safepoint "Cleanup", Time since last: 1001252917 ns, Reaching safepoint: 1551084 ns, At safepoint: 26958 ns, Total: 1578042 ns
[2023-07-17T14:54:35.043+0000][1][safepoint    ] Safepoint "Cleanup", Time since last: 1002800875 ns, Reaching safepoint: 3008667 ns, At safepoint: 59500 ns, Total: 3068167 ns
[2023-07-17T14:54:36.046+0000][1][safepoint    ] Safepoint "Cleanup", Time since last: 1001468042 ns, Reaching safepoint: 1940292 ns, At safepoint: 37000 ns, Total: 1977292 ns
[2023-07-17T14:54:37.048+0000][1][safepoint    ] Safepoint "Cleanup", Time since last: 1000761417 ns, Reaching safepoint: 1407042 ns, At safepoint: 26958 ns, Total: 1434000 ns
[2023-07-17T14:54:38.050+0000][1][safepoint    ] Safepoint "Cleanup", Time since last: 1000524209 ns, Reaching safepoint: 1341666 ns, At safepoint: 25209 ns, Total: 1366875 ns
[2023-07-17T14:54:38.992+0000][1][safepoint    ] Safepoint "RevokeBias", Time since last: 939984167 ns, Reaching safepoint: 1734250 ns, At safepoint: 447792 ns, Total: 2182042 ns
[2023-07-17T14:54:39.997+0000][1][safepoint    ] Safepoint "Cleanup", Time since last: 1002099250 ns, Reaching safepoint: 2378417 ns, At safepoint: 54250 ns, Total: 2432667 ns
[2023-07-17T14:54:41.001+0000][1][safepoint    ] Safepoint "Cleanup", Time since last: 1001215250 ns, Reaching safepoint: 2834750 ns, At safepoint: 85042 ns, Total: 2919792 ns
[2023-07-17T14:54:42.003+0000][1][safepoint    ] Safepoint "Cleanup", Time since last: 1001104416 ns, Reaching safepoint: 826792 ns, At safepoint: 19583 ns, Total: 846375 ns
[2023-07-17T14:54:43.005+0000][1][safepoint    ] Safepoint "Cleanup", Time since last: 1000770084 ns, Reaching safepoint: 1618125 ns, At safepoint: 30125 ns, Total: 1648250 ns
[2023-07-17T14:54:44.012+0000][1][safepoint    ] Safepoint "Cleanup", Time since last: 1001364001 ns, Reaching safepoint: 4988458 ns, At safepoint: 146625 ns, Total: 5135083 ns
[2023-07-17T14:54:45.014+0000][1][safepoint    ] Safepoint "Cleanup", Time since last: 1001632417 ns, Reaching safepoint: 788750 ns, At safepoint: 17125 ns, Total: 805875 ns
[2023-07-17T14:54:46.020+0000][1][safepoint    ] Safepoint "Cleanup", Time since last: 1001282501 ns, Reaching safepoint: 3946625 ns, At safepoint: 103041 ns, Total: 4049666 ns
[2023-07-17T14:54:47.024+0000][1][safepoint    ] Safepoint "Cleanup", Time since last: 1001061709 ns, Reaching safepoint: 3610042 ns, At safepoint: 36375 ns, Total: 3646417 ns
[2023-07-17T14:54:48.026+0000][1][safepoint    ] Safepoint "Cleanup", Time since last: 1000479375 ns, Reaching safepoint: 1362834 ns, At safepoint: 27875 ns, Total: 1390709 ns
[2023-07-17T14:54:49.028+0000][1][safepoint    ] Safepoint "Cleanup", Time since last: 1000701542 ns, Reaching safepoint: 1444916 ns, At safepoint: 32709 ns, Total: 1477625 ns
[2023-07-17T14:54:50.033+0000][1][safepoint    ] Safepoint "Cleanup", Time since last: 1000629667 ns, Reaching safepoint: 3603750 ns, At safepoint: 74708 ns, Total: 3678458 ns
[2023-07-17T14:54:51.039+0000][1][safepoint    ] Safepoint "Cleanup", Time since last: 1002069334 ns, Reaching safepoint: 4335167 ns, At safepoint: 85125 ns, Total: 4420292 ns
[2023-07-17T14:54:52.044+0000][1][safepoint    ] Safepoint "Cleanup", Time since last: 1001286375 ns, Reaching safepoint: 3619833 ns, At safepoint: 69709 ns, Total: 3689542 ns
[2023-07-17T14:54:53.050+0000][1][safepoint    ] Safepoint "Cleanup", Time since last: 1001138167 ns, Reaching safepoint: 4341583 ns, At safepoint: 66000 ns, Total: 4407583 ns
[2023-07-17T14:54:54.053+0000][1][safepoint    ] Safepoint "Cleanup", Time since last: 1001301584 ns, Reaching safepoint: 1845542 ns, At safepoint: 66166 ns, Total: 1911708 ns
[2023-07-17T14:54:55.055+0000][1][safepoint    ] Safepoint "Cleanup", Time since last: 1000526459 ns, Reaching safepoint: 1484584 ns, At safepoint: 39375 ns, Total: 1523959 ns
[2023-07-17T14:54:56.056+0000][1][safepoint    ] Safepoint "Cleanup", Time since last: 1000463292 ns, Reaching safepoint: 935000 ns, At safepoint: 18125 ns, Total: 953125 ns
[2023-07-17T14:54:57.058+0000][1][safepoint    ] Safepoint "Cleanup", Time since last: 1000365084 ns, Reaching safepoint: 1086916 ns, At safepoint: 20375 ns, Total: 1107291 ns
[2023-07-17T14:54:58.060+0000][1][safepoint    ] Safepoint "Cleanup", Time since last: 1000631709 ns, Reaching safepoint: 1092958 ns, At safepoint: 23292 ns, Total: 1116250 ns
[2023-07-17T14:54:59.062+0000][1][safepoint    ] Safepoint "Cleanup", Time since last: 1000396042 ns, Reaching safepoint: 2255709 ns, At safepoint: 22541 ns, Total: 2278250 ns
[2023-07-17T14:55:00.064+0000][1][safepoint    ] Safepoint "Cleanup", Time since last: 1000379584 ns, Reaching safepoint: 1050875 ns, At safepoint: 18250 ns, Total: 1069125 ns
[2023-07-17T14:55:01.065+0000][1][safepoint    ] Safepoint "Cleanup", Time since last: 1000414375 ns, Reaching safepoint: 839417 ns, At safepoint: 18000 ns, Total: 857417 ns
[2023-07-17T14:55:02.066+0000][1][safepoint    ] Safepoint "Cleanup", Time since last: 1000354709 ns, Reaching safepoint: 1087333 ns, At safepoint: 26542 ns, Total: 1113875 ns
[2023-07-17T14:55:03.068+0000][1][safepoint    ] Safepoint "Cleanup", Time since last: 1000989667 ns, Reaching safepoint: 761625 ns, At safepoint: 22833 ns, Total: 784458 ns
[2023-07-17T14:55:04.070+0000][1][safepoint    ] Safepoint "Cleanup", Time since last: 1000395876 ns, Reaching safepoint: 1039292 ns, At safepoint: 46083 ns, Total: 1085375 ns
[2023-07-17T14:55:05.071+0000][1][safepoint    ] Safepoint "Cleanup", Time since last: 1000418917 ns, Reaching safepoint: 972875 ns, At safepoint: 27042 ns, Total: 999917 ns
[2023-07-17T14:55:06.073+0000][1][safepoint    ] Safepoint "Cleanup", Time since last: 1000733167 ns, Reaching safepoint: 868958 ns, At safepoint: 21209 ns, Total: 890167 ns
[2023-07-17T14:55:07.074+0000][1][safepoint    ] Safepoint "Cleanup", Time since last: 1000366292 ns, Reaching safepoint: 803416 ns, At safepoint: 52542 ns, Total: 855958 ns
[2023-07-17T14:55:08.075+0000][1][safepoint    ] Safepoint "Cleanup", Time since last: 1000465959 ns, Reaching safepoint: 918208 ns, At safepoint: 13583 ns, Total: 931791 ns
[2023-07-17T14:55:09.078+0000][1][safepoint    ] Safepoint "Cleanup", Time since last: 1000333793 ns, Reaching safepoint: 2100583 ns, At safepoint: 29167 ns, Total: 2129750 ns
[2023-07-17T14:55:10.079+0000][1][safepoint    ] Safepoint "Cleanup", Time since last: 1000431333 ns, Reaching safepoint: 1018709 ns, At safepoint: 26000 ns, Total: 1044709 ns
[2023-07-17T14:55:11.081+0000][1][safepoint    ] Safepoint "Cleanup", Time since last: 1000798042 ns, Reaching safepoint: 1053708 ns, At safepoint: 16292 ns, Total: 1070000 ns
[2023-07-17T14:55:12.082+0000][1][safepoint    ] Safepoint "Cleanup", Time since last: 1000546667 ns, Reaching safepoint: 780250 ns, At safepoint: 18291 ns, Total: 798541 ns
[2023-07-17T14:55:13.083+0000][1][safepoint    ] Safepoint "Cleanup", Time since last: 1000392626 ns, Reaching safepoint: 969875 ns, At safepoint: 20833 ns, Total: 990708 ns
[2023-07-17T14:55:14.086+0000][1][safepoint    ] Safepoint "Cleanup", Time since last: 1001194751 ns, Reaching safepoint: 910500 ns, At safepoint: 16541 ns, Total: 927041 ns
[2023-07-17T14:55:15.087+0000][1][safepoint    ] Safepoint "Cleanup", Time since last: 1000420626 ns, Reaching safepoint: 990875 ns, At safepoint: 20458 ns, Total: 1011333 ns
[2023-07-17T14:55:16.089+0000][1][safepoint    ] Safepoint "Cleanup", Time since last: 1001019917 ns, Reaching safepoint: 872334 ns, At safepoint: 18500 ns, Total: 890834 ns
[2023-07-17T14:55:17.096+0000][1][safepoint    ] Safepoint "Cleanup", Time since last: 1000751333 ns, Reaching safepoint: 6145417 ns, At safepoint: 79500 ns, Total: 6224917 ns
[2023-07-17T14:55:18.100+0000][1][safepoint    ] Safepoint "Cleanup", Time since last: 1001074626 ns, Reaching safepoint: 3262208 ns, At safepoint: 73000 ns, Total: 3335208 ns
[2023-07-17T14:55:19.103+0000][1][safepoint    ] Safepoint "Cleanup", Time since last: 1001065917 ns, Reaching safepoint: 1409417 ns, At safepoint: 21541 ns, Total: 1430958 ns
[2023-07-17T14:55:20.110+0000][1][safepoint    ] Safepoint "Cleanup", Time since last: 1000765043 ns, Reaching safepoint: 5815833 ns, At safepoint: 289417 ns, Total: 6105250 ns
[2023-07-17T14:55:21.116+0000][1][safepoint    ] Safepoint "Cleanup", Time since last: 1002939125 ns, Reaching safepoint: 3574958 ns, At safepoint: 80584 ns, Total: 3655542 ns
[2023-07-17T14:55:22.124+0000][1][safepoint    ] Safepoint "Cleanup", Time since last: 1003436667 ns, Reaching safepoint: 4367750 ns, At safepoint: 110208 ns, Total: 4477958 ns
[2023-07-17T14:55:23.132+0000][1][safepoint    ] Safepoint "Cleanup", Time since last: 1003878876 ns, Reaching safepoint: 3604125 ns, At safepoint: 75291 ns, Total: 3679416 ns
[2023-07-17T14:55:24.136+0000][1][safepoint    ] Safepoint "Cleanup", Time since last: 1001568917 ns, Reaching safepoint: 2513500 ns, At safepoint: 66334 ns, Total: 2579834 ns
[2023-07-17T14:55:25.146+0000][1][safepoint    ] Safepoint "Cleanup", Time since last: 1004174542 ns, Reaching safepoint: 5334625 ns, At safepoint: 108500 ns, Total: 5443125 ns
[2023-07-17T14:55:26.153+0000][1][safepoint    ] Safepoint "Cleanup", Time since last: 1001333417 ns, Reaching safepoint: 6046292 ns, At safepoint: 142916 ns, Total: 6189208 ns
[2023-07-17T14:55:27.156+0000][1][safepoint    ] Safepoint "Cleanup", Time since last: 1001652209 ns, Reaching safepoint: 1336625 ns, At safepoint: 24167 ns, Total: 1360792 ns
[2023-07-17T14:55:28.164+0000][1][safepoint    ] Safepoint "Cleanup", Time since last: 1002547500 ns, Reaching safepoint: 5063084 ns, At safepoint: 71500 ns, Total: 5134584 ns
[2023-07-17T14:55:29.166+0000][1][safepoint    ] Safepoint "Cleanup", Time since last: 1000931459 ns, Reaching safepoint: 1064708 ns, At safepoint: 21417 ns, Total: 1086125 ns
[2023-07-17T14:55:30.169+0000][1][safepoint    ] Safepoint "Cleanup", Time since last: 1000845750 ns, Reaching safepoint: 2536042 ns, At safepoint: 62916 ns, Total: 2598958 ns
[2023-07-17T14:55:31.174+0000][1][safepoint    ] Safepoint "Cleanup", Time since last: 1001455293 ns, Reaching safepoint: 2698500 ns, At safepoint: 67541 ns, Total: 2766041 ns
[2023-07-17T14:55:32.176+0000][1][safepoint    ] Safepoint "Cleanup", Time since last: 1001542376 ns, Reaching safepoint: 880041 ns, At safepoint: 19584 ns, Total: 899625 ns
[2023-07-17T14:55:33.178+0000][1][safepoint    ] Safepoint "Cleanup", Time since last: 1001074083 ns, Reaching safepoint: 1337917 ns, At safepoint: 28542 ns, Total: 1366459 ns
[2023-07-17T14:55:34.180+0000][1][safepoint    ] Safepoint "Cleanup", Time since last: 1000510542 ns, Reaching safepoint: 1059833 ns, At safepoint: 20250 ns, Total: 1080083 ns
[2023-07-17T14:55:35.182+0000][1][safepoint    ] Safepoint "Cleanup", Time since last: 1000499542 ns, Reaching safepoint: 1439917 ns, At safepoint: 25375 ns, Total: 1465292 ns
[2023-07-17T14:55:36.183+0000][1][safepoint    ] Safepoint "Cleanup", Time since last: 1000496126 ns, Reaching safepoint: 809375 ns, At safepoint: 14750 ns, Total: 824125 ns
[2023-07-17T14:55:37.185+0000][1][safepoint    ] Safepoint "Cleanup", Time since last: 1000773708 ns, Reaching safepoint: 829292 ns, At safepoint: 35708 ns, Total: 865000 ns
[2023-07-17T14:55:38.186+0000][1][safepoint    ] Safepoint "Cleanup", Time since last: 1000437793 ns, Reaching safepoint: 907708 ns, At safepoint: 17792 ns, Total: 925500 ns
[2023-07-17T14:55:38.963+0000][1][gc,start     ] GC(19) Pause Young (Allocation Failure)
[2023-07-17T14:55:38.965+0000][1][gc,task      ] GC(19) Using 4 workers of 4 for evacuation
[2023-07-17T14:55:39.077+0000][1][gc,age       ] GC(19) Desired survivor size 8945664 bytes, new threshold 6 (max threshold 6)
[2023-07-17T14:55:39.080+0000][1][gc,age       ] GC(19) Age table with threshold 6 (max threshold 6)
[2023-07-17T14:55:39.080+0000][1][gc,age       ] GC(19) - age   1:     123576 bytes,     123576 total
[2023-07-17T14:55:39.080+0000][1][gc,age       ] GC(19) - age   2:     199544 bytes,     323120 total
[2023-07-17T14:55:39.080+0000][1][gc,age       ] GC(19) - age   3:    3556632 bytes,    3879752 total
[2023-07-17T14:55:39.081+0000][1][gc,age       ] GC(19) - age   4:    4091032 bytes,    7970784 total
[2023-07-17T14:55:39.082+0000][1][gc,heap      ] GC(19) ParNew: 150220K->12460K(157248K)
[2023-07-17T14:55:39.082+0000][1][gc,heap      ] GC(19) CMS: 60609K->60609K(349568K)
[2023-07-17T14:55:39.082+0000][1][gc,metaspace ] GC(19) Metaspace: 87458K->87458K(1130496K)
[2023-07-17T14:55:39.083+0000][1][gc           ] GC(19) Pause Young (Allocation Failure) 205M->71M(494M) 120.386ms
[2023-07-17T14:55:39.084+0000][1][gc,cpu       ] GC(19) User=0.14s Sys=0.00s Real=0.12s
[2023-07-17T14:55:39.084+0000][1][safepoint    ] Safepoint "GenCollectForAllocation", Time since last: 774829208 ns, Reaching safepoint: 1358709 ns, At safepoint: 121641083 ns, Total: 122999792 ns
[2023-07-17T14:55:40.085+0000][1][safepoint    ] Safepoint "Cleanup", Time since last: 1000353250 ns, Reaching safepoint: 1099334 ns, At safepoint: 24166 ns, Total: 1123500 ns
[2023-07-17T14:55:41.092+0000][1][safepoint    ] Safepoint "Cleanup", Time since last: 1000887876 ns, Reaching safepoint: 5873167 ns, At safepoint: 111291 ns, Total: 5984458 ns
[2023-07-17T14:55:42.095+0000][1][safepoint    ] Safepoint "Cleanup", Time since last: 1001865500 ns, Reaching safepoint: 1235750 ns, At safepoint: 25209 ns, Total: 1260959 ns
[2023-07-17T14:55:43.100+0000][1][safepoint    ] Safepoint "Cleanup", Time since last: 1002784542 ns, Reaching safepoint: 2143083 ns, At safepoint: 34459 ns, Total: 2177542 ns
[2023-07-17T14:55:44.102+0000][1][safepoint    ] Safepoint "Cleanup", Time since last: 1000755625 ns, Reaching safepoint: 1006542 ns, At safepoint: 19375 ns, Total: 1025917 ns
[2023-07-17T14:55:45.104+0000][1][safepoint    ] Safepoint "Cleanup", Time since last: 1001085750 ns, Reaching safepoint: 767084 ns, At safepoint: 18458 ns, Total: 785542 ns
[2023-07-17T14:55:46.108+0000][1][safepoint    ] Safepoint "Cleanup", Time since last: 1000665209 ns, Reaching safepoint: 3649166 ns, At safepoint: 138209 ns, Total: 3787375 ns
[2023-07-17T14:55:47.115+0000][1][safepoint    ] Safepoint "Cleanup", Time since last: 1001706875 ns, Reaching safepoint: 4057083 ns, At safepoint: 291417 ns, Total: 4348500 ns
[2023-07-17T14:55:48.131+0000][1][safepoint    ] Safepoint "Cleanup", Time since last: 1014296417 ns, Reaching safepoint: 2186250 ns, At safepoint: 63792 ns, Total: 2250042 ns
[2023-07-17T14:55:49.135+0000][1][safepoint    ] Safepoint "Cleanup", Time since last: 1000733000 ns, Reaching safepoint: 3833084 ns, At safepoint: 24958 ns, Total: 3858042 ns
[2023-07-17T14:55:50.137+0000][1][safepoint    ] Safepoint "Cleanup", Time since last: 1000810084 ns, Reaching safepoint: 1061917 ns, At safepoint: 19541 ns, Total: 1081458 ns
[2023-07-17T14:55:51.141+0000][1][safepoint    ] Safepoint "Cleanup", Time since last: 1000824209 ns, Reaching safepoint: 3078125 ns, At safepoint: 67792 ns, Total: 3145917 ns
[2023-07-17T14:55:52.144+0000][1][safepoint    ] Safepoint "Cleanup", Time since last: 1001474459 ns, Reaching safepoint: 1208666 ns, At safepoint: 25542 ns, Total: 1234208 ns
[2023-07-17T14:55:53.146+0000][1][safepoint    ] Safepoint "Cleanup", Time since last: 1000595125 ns, Reaching safepoint: 1122459 ns, At safepoint: 21958 ns, Total: 1144417 ns
[2023-07-17T14:55:54.150+0000][1][safepoint    ] Safepoint "Cleanup", Time since last: 1001039375 ns, Reaching safepoint: 3317334 ns, At safepoint: 74541 ns, Total: 3391875 ns
[2023-07-17T14:55:55.154+0000][1][safepoint    ] Safepoint "Cleanup", Time since last: 1001216376 ns, Reaching safepoint: 2920208 ns, At safepoint: 62292 ns, Total: 2982500 ns
[2023-07-17T14:55:56.159+0000][1][safepoint    ] Safepoint "Cleanup", Time since last: 1002796000 ns, Reaching safepoint: 2268750 ns, At safepoint: 27542 ns, Total: 2296292 ns
[2023-07-17T14:55:57.162+0000][1][safepoint    ] Safepoint "Cleanup", Time since last: 1000995792 ns, Reaching safepoint: 1586459 ns, At safepoint: 23541 ns, Total: 1610000 ns
[2023-07-17T14:55:58.167+0000][1][safepoint    ] Safepoint "Cleanup", Time since last: 1001594417 ns, Reaching safepoint: 2792375 ns, At safepoint: 75209 ns, Total: 2867584 ns
[2023-07-17T14:55:58.999+0000][1][safepoint    ] Safepoint "RevokeBias", Time since last: 829052708 ns, Reaching safepoint: 2158542 ns, At safepoint: 1175625 ns, Total: 3334167 ns
[2023-07-17T14:56:00.003+0000][1][safepoint    ] Safepoint "Cleanup", Time since last: 1000910001 ns, Reaching safepoint: 2809083 ns, At safepoint: 45042 ns, Total: 2854125 ns
[2023-07-17T14:56:01.005+0000][1][safepoint    ] Safepoint "Cleanup", Time since last: 1000983917 ns, Reaching safepoint: 1287041 ns, At safepoint: 26250 ns, Total: 1313291 ns
[2023-07-17T14:56:02.007+0000][1][safepoint    ] Safepoint "Cleanup", Time since last: 1000651001 ns, Reaching safepoint: 1095250 ns, At safepoint: 21750 ns, Total: 1117000 ns
[2023-07-17T14:56:03.009+0000][1][safepoint    ] Safepoint "Cleanup", Time since last: 1001878042 ns, Reaching safepoint: 828542 ns, At safepoint: 14250 ns, Total: 842792 ns
[2023-07-17T14:56:06.016+0000][1][safepoint    ] Safepoint "Cleanup", Time since last: 3001493918 ns, Reaching safepoint: 4579166 ns, At safepoint: 83125 ns, Total: 4662291 ns
[2023-07-17T14:56:07.018+0000][1][safepoint    ] Safepoint "Cleanup", Time since last: 1001593334 ns, Reaching safepoint: 990792 ns, At safepoint: 19292 ns, Total: 1010084 ns
[2023-07-17T14:56:08.005+0000][1][safepoint    ] Safepoint "RevokeBias", Time since last: 985476208 ns, Reaching safepoint: 1081375 ns, At safepoint: 227084 ns, Total: 1308459 ns
[2023-07-17T14:56:08.068+0000][1][safepoint    ] Safepoint "RevokeBias", Time since last: 61984250 ns, Reaching safepoint: 762916 ns, At safepoint: 83042 ns, Total: 845958 ns
[2023-07-17T14:56:08.070+0000][1][safepoint    ] Safepoint "RevokeBias", Time since last: 982792 ns, Reaching safepoint: 897666 ns, At safepoint: 75167 ns, Total: 972833 ns
[2023-07-17T14:56:08.075+0000][1][safepoint    ] Safepoint "RevokeBias", Time since last: 3844250 ns, Reaching safepoint: 1254250 ns, At safepoint: 365958 ns, Total: 1620208 ns
[2023-07-17T14:56:08.080+0000][1][safepoint    ] Safepoint "RevokeBias", Time since last: 3369500 ns, Reaching safepoint: 713250 ns, At safepoint: 158334 ns, Total: 871584 ns
[2023-07-17T14:56:08.085+0000][1][safepoint    ] Safepoint "RevokeBias", Time since last: 5053375 ns, Reaching safepoint: 595208 ns, At safepoint: 74958 ns, Total: 670166 ns
[2023-07-17T14:56:09.087+0000][1][safepoint    ] Safepoint "Cleanup", Time since last: 1000446334 ns, Reaching safepoint: 1735000 ns, At safepoint: 20084 ns, Total: 1755084 ns
[2023-07-17T14:56:10.092+0000][1][safepoint    ] Safepoint "Cleanup", Time since last: 1000920292 ns, Reaching safepoint: 3236000 ns, At safepoint: 84500 ns, Total: 3320500 ns
[2023-07-17T14:56:13.095+0000][1][safepoint    ] Safepoint "Cleanup", Time since last: 3002824251 ns, Reaching safepoint: 1178625 ns, At safepoint: 23958 ns, Total: 1202583 ns
[2023-07-17T14:56:15.100+0000][1][safepoint    ] Safepoint "Cleanup", Time since last: 2002910293 ns, Reaching safepoint: 1611833 ns, At safepoint: 28250 ns, Total: 1640083 ns
[2023-07-17T14:56:17.109+0000][1][safepoint    ] Safepoint "Cleanup", Time since last: 2004167126 ns, Reaching safepoint: 4294208 ns, At safepoint: 83917 ns, Total: 4378125 ns
[2023-07-17T14:56:19.009+0000][1][safepoint    ] Safepoint "RevokeBias", Time since last: 1898000626 ns, Reaching safepoint: 1815291 ns, At safepoint: 411250 ns, Total: 2226541 ns
[2023-07-17T14:56:20.014+0000][1][safepoint    ] Safepoint "Cleanup", Time since last: 1001040626 ns, Reaching safepoint: 3700000 ns, At safepoint: 87042 ns, Total: 3787042 ns
[2023-07-17T14:56:21.016+0000][1][safepoint    ] Safepoint "Cleanup", Time since last: 1000964292 ns, Reaching safepoint: 1501000 ns, At safepoint: 26208 ns, Total: 1527208 ns
[2023-07-17T14:56:24.020+0000][1][safepoint    ] Safepoint "Cleanup", Time since last: 3001481751 ns, Reaching safepoint: 2454209 ns, At safepoint: 51708 ns, Total: 2505917 ns
[2023-07-17T14:56:27.023+0000][1][safepoint    ] Safepoint "Cleanup", Time since last: 3001682710 ns, Reaching safepoint: 1603542 ns, At safepoint: 26041 ns, Total: 1629583 ns
[2023-07-17T14:56:29.025+0000][1][safepoint    ] Safepoint "Cleanup", Time since last: 2000644001 ns, Reaching safepoint: 1161625 ns, At safepoint: 30708 ns, Total: 1192333 ns
[2023-07-17T14:56:30.031+0000][1][safepoint    ] Safepoint "Cleanup", Time since last: 1000635001 ns, Reaching safepoint: 4730958 ns, At safepoint: 79667 ns, Total: 4810625 ns
[2023-07-17T14:56:31.033+0000][1][safepoint    ] Safepoint "Cleanup", Time since last: 1001817042 ns, Reaching safepoint: 912750 ns, At safepoint: 21708 ns, Total: 934458 ns
[2023-07-17T14:56:32.035+0000][1][safepoint    ] Safepoint "Cleanup", Time since last: 1000664668 ns, Reaching safepoint: 1091666 ns, At safepoint: 26750 ns, Total: 1118416 ns
[2023-07-17T14:56:33.040+0000][1][safepoint    ] Safepoint "Cleanup", Time since last: 1003186626 ns, Reaching safepoint: 1208500 ns, At safepoint: 21875 ns, Total: 1230375 ns
[2023-07-17T14:56:34.041+0000][1][safepoint    ] Safepoint "Cleanup", Time since last: 1000564209 ns, Reaching safepoint: 965208 ns, At safepoint: 17792 ns, Total: 983000 ns
[2023-07-17T14:56:35.045+0000][1][safepoint    ] Safepoint "Cleanup", Time since last: 1000564917 ns, Reaching safepoint: 2867125 ns, At safepoint: 39625 ns, Total: 2906750 ns
[2023-07-17T14:56:36.049+0000][1][safepoint    ] Safepoint "Cleanup", Time since last: 1000649417 ns, Reaching safepoint: 3698208 ns, At safepoint: 66334 ns, Total: 3764542 ns
[2023-07-17T14:56:37.051+0000][1][safepoint    ] Safepoint "Cleanup", Time since last: 1001313208 ns, Reaching safepoint: 848917 ns, At safepoint: 19333 ns, Total: 868250 ns
[2023-07-17T14:56:38.053+0000][1][safepoint    ] Safepoint "Cleanup", Time since last: 1000825126 ns, Reaching safepoint: 1277083 ns, At safepoint: 25583 ns, Total: 1302666 ns
[2023-07-17T14:56:38.085+0000][1][safepoint    ] Safepoint "RevokeBias", Time since last: 30933542 ns, Reaching safepoint: 1081500 ns, At safepoint: 116792 ns, Total: 1198292 ns
[2023-07-17T14:56:38.088+0000][1][safepoint    ] Safepoint "RevokeBias", Time since last: 1869875 ns, Reaching safepoint: 873458 ns, At safepoint: 80125 ns, Total: 953583 ns
[2023-07-17T14:56:39.000+0000][1][safepoint    ] Safepoint "RevokeBias", Time since last: 909523167 ns, Reaching safepoint: 2063334 ns, At safepoint: 510291 ns, Total: 2573625 ns
[2023-07-17T14:56:40.005+0000][1][safepoint    ] Safepoint "Cleanup", Time since last: 1000458792 ns, Reaching safepoint: 4208292 ns, At safepoint: 52708 ns, Total: 4261000 ns
[2023-07-17T14:56:41.011+0000][1][safepoint    ] Safepoint "Cleanup", Time since last: 1001591418 ns, Reaching safepoint: 4553125 ns, At safepoint: 104375 ns, Total: 4657500 ns
[2023-07-17T14:56:42.017+0000][1][safepoint    ] Safepoint "Cleanup", Time since last: 1003393207 ns, Reaching safepoint: 2537292 ns, At safepoint: 45667 ns, Total: 2582959 ns
[2023-07-17T14:56:43.018+0000][1][safepoint    ] Safepoint "Cleanup", Time since last: 1000553959 ns, Reaching safepoint: 655333 ns, At safepoint: 16000 ns, Total: 671333 ns
[2023-07-17T14:56:44.020+0000][1][safepoint    ] Safepoint "Cleanup", Time since last: 1000461792 ns, Reaching safepoint: 1386083 ns, At safepoint: 27334 ns, Total: 1413417 ns
[2023-07-17T14:56:45.026+0000][1][safepoint    ] Safepoint "Cleanup", Time since last: 1001708208 ns, Reaching safepoint: 4194334 ns, At safepoint: 88083 ns, Total: 4282417 ns
[2023-07-17T14:56:46.029+0000][1][safepoint    ] Safepoint "Cleanup", Time since last: 1001455334 ns, Reaching safepoint: 1071583 ns, At safepoint: 25834 ns, Total: 1097417 ns
[2023-07-17T14:56:47.034+0000][1][safepoint    ] Safepoint "Cleanup", Time since last: 1001199250 ns, Reaching safepoint: 4161167 ns, At safepoint: 71625 ns, Total: 4232792 ns
[2023-07-17T14:56:48.037+0000][1][safepoint    ] Safepoint "Cleanup", Time since last: 1001379709 ns, Reaching safepoint: 1478416 ns, At safepoint: 24667 ns, Total: 1503083 ns
[2023-07-17T14:56:49.039+0000][1][safepoint    ] Safepoint "Cleanup", Time since last: 1000621250 ns, Reaching safepoint: 1165209 ns, At safepoint: 15708 ns, Total: 1180917 ns
[2023-07-17T14:56:50.044+0000][1][safepoint    ] Safepoint "Cleanup", Time since last: 1000599917 ns, Reaching safepoint: 4720667 ns, At safepoint: 80125 ns, Total: 4800792 ns
[2023-07-17T14:56:51.049+0000][1][safepoint    ] Safepoint "Cleanup", Time since last: 1001219542 ns, Reaching safepoint: 3024750 ns, At safepoint: 57208 ns, Total: 3081958 ns
[2023-07-17T14:56:52.051+0000][1][safepoint    ] Safepoint "Cleanup", Time since last: 1000888501 ns, Reaching safepoint: 1070666 ns, At safepoint: 27250 ns, Total: 1097916 ns
[2023-07-17T14:56:53.052+0000][1][safepoint    ] Safepoint "Cleanup", Time since last: 1000938584 ns, Reaching safepoint: 558834 ns, At safepoint: 12708 ns, Total: 571542 ns
[2023-07-17T14:56:54.056+0000][1][safepoint    ] Safepoint "Cleanup", Time since last: 1000682875 ns, Reaching safepoint: 3031334 ns, At safepoint: 66083 ns, Total: 3097417 ns
[2023-07-17T14:56:55.060+0000][1][safepoint    ] Safepoint "Cleanup", Time since last: 1001971376 ns, Reaching safepoint: 2195625 ns, At safepoint: 48333 ns, Total: 2243958 ns
[2023-07-17T14:56:56.064+0000][1][safepoint    ] Safepoint "Cleanup", Time since last: 1002212084 ns, Reaching safepoint: 1569833 ns, At safepoint: 55917 ns, Total: 1625750 ns
[2023-07-17T14:56:57.068+0000][1][safepoint    ] Safepoint "Cleanup", Time since last: 1002543375 ns, Reaching safepoint: 1742209 ns, At safepoint: 45250 ns, Total: 1787459 ns
[2023-07-17T14:56:58.081+0000][1][safepoint    ] Safepoint "Cleanup", Time since last: 1002587958 ns, Reaching safepoint: 10545042 ns, At safepoint: 50958 ns, Total: 10596000 ns
[2023-07-17T14:56:59.084+0000][1][safepoint    ] Safepoint "Cleanup", Time since last: 1000553918 ns, Reaching safepoint: 1579166 ns, At safepoint: 22875 ns, Total: 1602041 ns
[2023-07-17T14:57:00.087+0000][1][safepoint    ] Safepoint "Cleanup", Time since last: 1000630334 ns, Reaching safepoint: 2911375 ns, At safepoint: 74958 ns, Total: 2986333 ns
[2023-07-17T14:57:01.091+0000][1][safepoint    ] Safepoint "Cleanup", Time since last: 1002183626 ns, Reaching safepoint: 1643583 ns, At safepoint: 50208 ns, Total: 1693791 ns
[2023-07-17T14:57:02.097+0000][1][safepoint    ] Safepoint "Cleanup", Time since last: 1002480543 ns, Reaching safepoint: 3577958 ns, At safepoint: 93250 ns, Total: 3671208 ns
[2023-07-17T14:57:03.104+0000][1][safepoint    ] Safepoint "Cleanup", Time since last: 1001597667 ns, Reaching safepoint: 4665792 ns, At safepoint: 112041 ns, Total: 4777833 ns
[2023-07-17T14:57:04.108+0000][1][safepoint    ] Safepoint "Cleanup", Time since last: 1002742668 ns, Reaching safepoint: 1880000 ns, At safepoint: 55625 ns, Total: 1935625 ns
[2023-07-17T14:57:05.113+0000][1][safepoint    ] Safepoint "Cleanup", Time since last: 1001652875 ns, Reaching safepoint: 3378042 ns, At safepoint: 96916 ns, Total: 3474958 ns
[2023-07-17T14:57:06.121+0000][1][safepoint    ] Safepoint "Cleanup", Time since last: 1003422959 ns, Reaching safepoint: 3796667 ns, At safepoint: 163125 ns, Total: 3959792 ns
[2023-07-17T14:57:07.129+0000][1][safepoint    ] Safepoint "Cleanup", Time since last: 1004327334 ns, Reaching safepoint: 3843166 ns, At safepoint: 89084 ns, Total: 3932250 ns
[2023-07-17T14:57:08.132+0000][1][safepoint    ] Safepoint "Cleanup", Time since last: 1001177667 ns, Reaching safepoint: 1607083 ns, At safepoint: 47792 ns, Total: 1654875 ns
[2023-07-17T14:57:09.028+0000][1][safepoint    ] Safepoint "RevokeBias", Time since last: 893662375 ns, Reaching safepoint: 1892667 ns, At safepoint: 418542 ns, Total: 2311209 ns
[2023-07-17T14:57:10.033+0000][1][safepoint    ] Safepoint "Cleanup", Time since last: 1000656750 ns, Reaching safepoint: 4580792 ns, At safepoint: 81000 ns, Total: 4661792 ns
[2023-07-17T14:57:11.039+0000][1][safepoint    ] Safepoint "Cleanup", Time since last: 1002618334 ns, Reaching safepoint: 2766916 ns, At safepoint: 87250 ns, Total: 2854166 ns
[2023-07-17T14:57:12.045+0000][1][safepoint    ] Safepoint "Cleanup", Time since last: 1001675917 ns, Reaching safepoint: 4262333 ns, At safepoint: 131042 ns, Total: 4393375 ns
[2023-07-17T14:57:13.048+0000][1][safepoint    ] Safepoint "Cleanup", Time since last: 1001602834 ns, Reaching safepoint: 1793250 ns, At safepoint: 49708 ns, Total: 1842958 ns
[2023-07-17T14:57:14.051+0000][1][safepoint    ] Safepoint "Cleanup", Time since last: 1001026417 ns, Reaching safepoint: 2249625 ns, At safepoint: 70333 ns, Total: 2319958 ns
[2023-07-17T14:57:15.057+0000][1][safepoint    ] Safepoint "Cleanup", Time since last: 1001911501 ns, Reaching safepoint: 3251166 ns, At safepoint: 102750 ns, Total: 3353916 ns
[2023-07-17T14:57:16.062+0000][1][safepoint    ] Safepoint "Cleanup", Time since last: 1003604834 ns, Reaching safepoint: 2012959 ns, At safepoint: 78333 ns, Total: 2091292 ns
[2023-07-17T14:57:17.065+0000][1][safepoint    ] Safepoint "Cleanup", Time since last: 1002280709 ns, Reaching safepoint: 666791 ns, At safepoint: 24334 ns, Total: 691125 ns
[2023-07-17T14:57:18.071+0000][1][safepoint    ] Safepoint "Cleanup", Time since last: 1002508917 ns, Reaching safepoint: 2715917 ns, At safepoint: 70375 ns, Total: 2786292 ns
[2023-07-17T14:57:19.073+0000][1][safepoint    ] Safepoint "Cleanup", Time since last: 1000992042 ns, Reaching safepoint: 1461000 ns, At safepoint: 21666 ns, Total: 1482666 ns
[2023-07-17T14:57:20.079+0000][1][safepoint    ] Safepoint "Cleanup", Time since last: 1002861876 ns, Reaching safepoint: 3175833 ns, At safepoint: 103459 ns, Total: 3279292 ns
[2023-07-17T14:57:21.083+0000][1][safepoint    ] Safepoint "Cleanup", Time since last: 1001600542 ns, Reaching safepoint: 2392375 ns, At safepoint: 71041 ns, Total: 2463416 ns
[2023-07-17T14:57:22.086+0000][1][safepoint    ] Safepoint "Cleanup", Time since last: 1001789334 ns, Reaching safepoint: 608000 ns, At safepoint: 19584 ns, Total: 627584 ns
[2023-07-17T14:57:23.088+0000][1][safepoint    ] Safepoint "Cleanup", Time since last: 1001386625 ns, Reaching safepoint: 1091167 ns, At safepoint: 32916 ns, Total: 1124083 ns
[2023-07-17T14:57:24.090+0000][1][safepoint    ] Safepoint "Cleanup", Time since last: 1000972001 ns, Reaching safepoint: 1198458 ns, At safepoint: 25208 ns, Total: 1223666 ns
[2023-07-17T14:57:25.092+0000][1][safepoint    ] Safepoint "Cleanup", Time since last: 1000763959 ns, Reaching safepoint: 1191292 ns, At safepoint: 31542 ns, Total: 1222834 ns
[2023-07-17T14:57:26.096+0000][1][safepoint    ] Safepoint "Cleanup", Time since last: 1001213333 ns, Reaching safepoint: 1974417 ns, At safepoint: 55667 ns, Total: 2030084 ns
[2023-07-17T14:57:27.100+0000][1][safepoint    ] Safepoint "Cleanup", Time since last: 1003494959 ns, Reaching safepoint: 787791 ns, At safepoint: 24500 ns, Total: 812291 ns
[2023-07-17T14:57:28.102+0000][1][safepoint    ] Safepoint "Cleanup", Time since last: 1001036459 ns, Reaching safepoint: 937167 ns, At safepoint: 35666 ns, Total: 972833 ns
[2023-07-17T14:57:29.104+0000][1][safepoint    ] Safepoint "Cleanup", Time since last: 1001254376 ns, Reaching safepoint: 1235542 ns, At safepoint: 21291 ns, Total: 1256833 ns
[2023-07-17T14:57:29.147+0000][1][gc,start     ] GC(20) Pause Young (Allocation Failure)
[2023-07-17T14:57:29.149+0000][1][gc,task      ] GC(20) Using 4 workers of 4 for evacuation
[2023-07-17T14:57:29.237+0000][1][gc,age       ] GC(20) Desired survivor size 8945664 bytes, new threshold 6 (max threshold 6)
[2023-07-17T14:57:29.238+0000][1][gc,age       ] GC(20) Age table with threshold 6 (max threshold 6)
[2023-07-17T14:57:29.238+0000][1][gc,age       ] GC(20) - age   1:     138592 bytes,     138592 total
[2023-07-17T14:57:29.238+0000][1][gc,age       ] GC(20) - age   2:      32936 bytes,     171528 total
[2023-07-17T14:57:29.238+0000][1][gc,age       ] GC(20) - age   3:     198856 bytes,     370384 total
[2023-07-17T14:57:29.238+0000][1][gc,age       ] GC(20) - age   4:    3555608 bytes,    3925992 total
[2023-07-17T14:57:29.238+0000][1][gc,age       ] GC(20) - age   5:    3972088 bytes,    7898080 total
[2023-07-17T14:57:29.239+0000][1][gc,heap      ] GC(20) ParNew: 152236K->13331K(157248K)
[2023-07-17T14:57:29.240+0000][1][gc,heap      ] GC(20) CMS: 60609K->60609K(349568K)
[2023-07-17T14:57:29.240+0000][1][gc,metaspace ] GC(20) Metaspace: 88054K->88054K(1130496K)
[2023-07-17T14:57:29.241+0000][1][gc           ] GC(20) Pause Young (Allocation Failure) 207M->72M(494M) 93.912ms
[2023-07-17T14:57:29.241+0000][1][gc,cpu       ] GC(20) User=0.21s Sys=0.02s Real=0.09s
[2023-07-17T14:57:29.241+0000][1][safepoint    ] Safepoint "GenCollectForAllocation", Time since last: 40807875 ns, Reaching safepoint: 997959 ns, At safepoint: 94934250 ns, Total: 95932209 ns
[2023-07-17T14:57:30.004+0000][1][safepoint    ] Safepoint "RevokeBias", Time since last: 761186167 ns, Reaching safepoint: 1512875 ns, At safepoint: 143625 ns, Total: 1656500 ns
[2023-07-17T14:57:30.006+0000][1][safepoint    ] Safepoint "RevokeBias", Time since last: 1321250 ns, Reaching safepoint: 563875 ns, At safepoint: 77625 ns, Total: 641500 ns
[2023-07-17T14:57:31.008+0000][1][safepoint    ] Safepoint "Cleanup", Time since last: 1001140250 ns, Reaching safepoint: 1186208 ns, At safepoint: 28167 ns, Total: 1214375 ns
[2023-07-17T14:57:32.010+0000][1][safepoint    ] Safepoint "Cleanup", Time since last: 1000712834 ns, Reaching safepoint: 1384958 ns, At safepoint: 29292 ns, Total: 1414250 ns
[2023-07-17T14:57:33.014+0000][1][safepoint    ] Safepoint "Cleanup", Time since last: 1002404875 ns, Reaching safepoint: 961625 ns, At safepoint: 19625 ns, Total: 981250 ns
[2023-07-17T14:57:34.016+0000][1][safepoint    ] Safepoint "Cleanup", Time since last: 1000492876 ns, Reaching safepoint: 1354333 ns, At safepoint: 26750 ns, Total: 1381083 ns
[2023-07-17T14:57:35.018+0000][1][safepoint    ] Safepoint "Cleanup", Time since last: 1001206001 ns, Reaching safepoint: 1315833 ns, At safepoint: 18750 ns, Total: 1334583 ns
[2023-07-17T14:57:36.022+0000][1][safepoint    ] Safepoint "Cleanup", Time since last: 1001071042 ns, Reaching safepoint: 2958458 ns, At safepoint: 78625 ns, Total: 3037083 ns
[2023-07-17T14:57:37.025+0000][1][safepoint    ] Safepoint "Cleanup", Time since last: 1001188168 ns, Reaching safepoint: 1174000 ns, At safepoint: 26958 ns, Total: 1200958 ns
[2023-07-17T14:57:38.027+0000][1][safepoint    ] Safepoint "Cleanup", Time since last: 1000732417 ns, Reaching safepoint: 1015375 ns, At safepoint: 43000 ns, Total: 1058375 ns
[2023-07-17T14:57:39.011+0000][1][safepoint    ] Safepoint "RevokeBias", Time since last: 982185751 ns, Reaching safepoint: 1776083 ns, At safepoint: 520708 ns, Total: 2296791 ns
[2023-07-17T14:57:40.015+0000][1][safepoint    ] Safepoint "Cleanup", Time since last: 1002061126 ns, Reaching safepoint: 1651375 ns, At safepoint: 22833 ns, Total: 1674208 ns
[2023-07-17T14:57:41.019+0000][1][safepoint    ] Safepoint "Cleanup", Time since last: 1000995709 ns, Reaching safepoint: 3218250 ns, At safepoint: 62375 ns, Total: 3280625 ns
[2023-07-17T14:57:42.024+0000][1][safepoint    ] Safepoint "Cleanup", Time since last: 1002264500 ns, Reaching safepoint: 3188833 ns, At safepoint: 127209 ns, Total: 3316042 ns
[2023-07-17T14:57:43.028+0000][1][safepoint    ] Safepoint "Cleanup", Time since last: 1001969417 ns, Reaching safepoint: 1477250 ns, At safepoint: 26750 ns, Total: 1504000 ns
[2023-07-17T14:57:44.029+0000][1][safepoint    ] Safepoint "Cleanup", Time since last: 1000471084 ns, Reaching safepoint: 770875 ns, At safepoint: 20541 ns, Total: 791416 ns
[2023-07-17T14:57:45.030+0000][1][safepoint    ] Safepoint "Cleanup", Time since last: 1000379167 ns, Reaching safepoint: 758334 ns, At safepoint: 18041 ns, Total: 776375 ns
[2023-07-17T14:57:46.031+0000][1][safepoint    ] Safepoint "Cleanup", Time since last: 1000385793 ns, Reaching safepoint: 658333 ns, At safepoint: 14708 ns, Total: 673041 ns
[2023-07-17T14:57:47.032+0000][1][safepoint    ] Safepoint "Cleanup", Time since last: 1000473292 ns, Reaching safepoint: 668334 ns, At safepoint: 14625 ns, Total: 682959 ns
[2023-07-17T14:57:48.034+0000][1][safepoint    ] Safepoint "Cleanup", Time since last: 1000512459 ns, Reaching safepoint: 670083 ns, At safepoint: 15875 ns, Total: 685958 ns
[2023-07-17T14:57:49.036+0000][1][safepoint    ] Safepoint "Cleanup", Time since last: 1001046459 ns, Reaching safepoint: 845583 ns, At safepoint: 17208 ns, Total: 862791 ns
[2023-07-17T14:57:50.037+0000][1][safepoint    ] Safepoint "Cleanup", Time since last: 1000423209 ns, Reaching safepoint: 813459 ns, At safepoint: 21791 ns, Total: 835250 ns
[2023-07-17T14:57:51.038+0000][1][safepoint    ] Safepoint "Cleanup", Time since last: 1000409084 ns, Reaching safepoint: 626583 ns, At safepoint: 11500 ns, Total: 638083 ns
[2023-07-17T14:57:52.040+0000][1][safepoint    ] Safepoint "Cleanup", Time since last: 1000561376 ns, Reaching safepoint: 1921416 ns, At safepoint: 40292 ns, Total: 1961708 ns
[2023-07-17T14:57:53.042+0000][1][safepoint    ] Safepoint "Cleanup", Time since last: 1000623042 ns, Reaching safepoint: 615667 ns, At safepoint: 14542 ns, Total: 630209 ns
[2023-07-17T14:57:54.043+0000][1][safepoint    ] Safepoint "Cleanup", Time since last: 1000802417 ns, Reaching safepoint: 712416 ns, At safepoint: 17500 ns, Total: 729916 ns
[2023-07-17T14:57:55.044+0000][1][safepoint    ] Safepoint "Cleanup", Time since last: 1000388501 ns, Reaching safepoint: 722208 ns, At safepoint: 17542 ns, Total: 739750 ns
[2023-07-17T14:57:56.046+0000][1][safepoint    ] Safepoint "Cleanup", Time since last: 1000439542 ns, Reaching safepoint: 863292 ns, At safepoint: 17250 ns, Total: 880542 ns
[2023-07-17T14:57:57.047+0000][1][safepoint    ] Safepoint "Cleanup", Time since last: 1000707250 ns, Reaching safepoint: 578334 ns, At safepoint: 22125 ns, Total: 600459 ns
[2023-07-17T14:57:58.048+0000][1][safepoint    ] Safepoint "Cleanup", Time since last: 1000372500 ns, Reaching safepoint: 670917 ns, At safepoint: 12833 ns, Total: 683750 ns
[2023-07-17T14:57:59.050+0000][1][safepoint    ] Safepoint "Cleanup", Time since last: 1001581792 ns, Reaching safepoint: 759917 ns, At safepoint: 17875 ns, Total: 777792 ns
[2023-07-17T14:58:00.065+0000][1][safepoint    ] Safepoint "Cleanup", Time since last: 1013929334 ns, Reaching safepoint: 901708 ns, At safepoint: 13292 ns, Total: 915000 ns
[2023-07-17T14:58:01.066+0000][1][safepoint    ] Safepoint "Cleanup", Time since last: 1000413875 ns, Reaching safepoint: 837542 ns, At safepoint: 19250 ns, Total: 856792 ns
[2023-07-17T14:58:02.084+0000][1][safepoint    ] Safepoint "Cleanup", Time since last: 1001798459 ns, Reaching safepoint: 13702416 ns, At safepoint: 737625 ns, Total: 14440041 ns
[2023-07-17T14:58:03.099+0000][1][safepoint    ] Safepoint "Cleanup", Time since last: 1014898417 ns, Reaching safepoint: 1092375 ns, At safepoint: 25750 ns, Total: 1118125 ns
[2023-07-17T14:58:04.100+0000][1][safepoint    ] Safepoint "Cleanup", Time since last: 1000439376 ns, Reaching safepoint: 792917 ns, At safepoint: 17583 ns, Total: 810500 ns
[2023-07-17T14:58:05.103+0000][1][safepoint    ] Safepoint "Cleanup", Time since last: 1001010375 ns, Reaching safepoint: 2086792 ns, At safepoint: 28500 ns, Total: 2115292 ns
[2023-07-17T14:58:06.105+0000][1][safepoint    ] Safepoint "Cleanup", Time since last: 1000599542 ns, Reaching safepoint: 1036209 ns, At safepoint: 18250 ns, Total: 1054459 ns
[2023-07-17T14:58:07.109+0000][1][safepoint    ] Safepoint "Cleanup", Time since last: 1000976000 ns, Reaching safepoint: 3438792 ns, At safepoint: 101250 ns, Total: 3540042 ns
[2023-07-17T14:58:08.112+0000][1][safepoint    ] Safepoint "Cleanup", Time since last: 1001482750 ns, Reaching safepoint: 1206750 ns, At safepoint: 29833 ns, Total: 1236583 ns
[2023-07-17T14:58:09.114+0000][1][safepoint    ] Safepoint "Cleanup", Time since last: 1000729168 ns, Reaching safepoint: 837250 ns, At safepoint: 18000 ns, Total: 855250 ns
[2023-07-17T14:58:10.119+0000][1][safepoint    ] Safepoint "Cleanup", Time since last: 1001264667 ns, Reaching safepoint: 3725458 ns, At safepoint: 80958 ns, Total: 3806416 ns
[2023-07-17T14:58:11.127+0000][1][safepoint    ] Safepoint "Cleanup", Time since last: 1004009668 ns, Reaching safepoint: 4144000 ns, At safepoint: 76041 ns, Total: 4220041 ns
[2023-07-17T14:58:12.132+0000][1][safepoint    ] Safepoint "Cleanup", Time since last: 1001715083 ns, Reaching safepoint: 3648500 ns, At safepoint: 132125 ns, Total: 3780625 ns
[2023-07-17T14:58:13.138+0000][1][safepoint    ] Safepoint "Cleanup", Time since last: 1004469626 ns, Reaching safepoint: 1396042 ns, At safepoint: 44041 ns, Total: 1440083 ns
[2023-07-17T14:58:14.144+0000][1][safepoint    ] Safepoint "Cleanup", Time since last: 1002263292 ns, Reaching safepoint: 4097709 ns, At safepoint: 110708 ns, Total: 4208417 ns
[2023-07-17T14:58:15.150+0000][1][safepoint    ] Safepoint "Cleanup", Time since last: 1001431334 ns, Reaching safepoint: 4227792 ns, At safepoint: 114208 ns, Total: 4342000 ns
[2023-07-17T14:58:16.154+0000][1][safepoint    ] Safepoint "Cleanup", Time since last: 1002875500 ns, Reaching safepoint: 1296250 ns, At safepoint: 29125 ns, Total: 1325375 ns
[2023-07-17T14:58:17.156+0000][1][safepoint    ] Safepoint "Cleanup", Time since last: 1000509834 ns, Reaching safepoint: 1077167 ns, At safepoint: 24750 ns, Total: 1101917 ns
[2023-07-17T14:58:18.162+0000][1][safepoint    ] Safepoint "Cleanup", Time since last: 1001050084 ns, Reaching safepoint: 4502500 ns, At safepoint: 139791 ns, Total: 4642291 ns
[2023-07-17T14:58:19.165+0000][1][safepoint    ] Safepoint "Cleanup", Time since last: 1001995917 ns, Reaching safepoint: 1180625 ns, At safepoint: 17084 ns, Total: 1197709 ns
[2023-07-17T14:58:20.167+0000][1][safepoint    ] Safepoint "Cleanup", Time since last: 1000777292 ns, Reaching safepoint: 1107125 ns, At safepoint: 27208 ns, Total: 1134333 ns
[2023-07-17T14:58:21.168+0000][1][safepoint    ] Safepoint "Cleanup", Time since last: 1000561292 ns, Reaching safepoint: 1089750 ns, At safepoint: 28709 ns, Total: 1118459 ns
[2023-07-17T14:58:22.171+0000][1][safepoint    ] Safepoint "Cleanup", Time since last: 1001274584 ns, Reaching safepoint: 1080125 ns, At safepoint: 26250 ns, Total: 1106375 ns
[2023-07-17T14:58:23.172+0000][1][safepoint    ] Safepoint "Cleanup", Time since last: 1000520292 ns, Reaching safepoint: 714083 ns, At safepoint: 15000 ns, Total: 729083 ns
[2023-07-17T14:58:24.178+0000][1][safepoint    ] Safepoint "Cleanup", Time since last: 1002065751 ns, Reaching safepoint: 3365041 ns, At safepoint: 42417 ns, Total: 3407458 ns
[2023-07-17T14:58:25.182+0000][1][safepoint    ] Safepoint "Cleanup", Time since last: 1002384167 ns, Reaching safepoint: 1565625 ns, At safepoint: 34458 ns, Total: 1600083 ns
[2023-07-17T14:58:26.185+0000][1][safepoint    ] Safepoint "Cleanup", Time since last: 1002770084 ns, Reaching safepoint: 735125 ns, At safepoint: 17667 ns, Total: 752792 ns
[2023-07-17T14:58:27.190+0000][1][safepoint    ] Safepoint "Cleanup", Time since last: 1001649500 ns, Reaching safepoint: 3233917 ns, At safepoint: 90583 ns, Total: 3324500 ns
[2023-07-17T14:58:28.192+0000][1][safepoint    ] Safepoint "Cleanup", Time since last: 1001075584 ns, Reaching safepoint: 924875 ns, At safepoint: 27792 ns, Total: 952667 ns
[2023-07-17T14:58:29.003+0000][1][safepoint    ] Safepoint "RevokeBias", Time since last: 807604292 ns, Reaching safepoint: 2063708 ns, At safepoint: 1259000 ns, Total: 3322708 ns
[2023-07-17T14:58:30.006+0000][1][safepoint    ] Safepoint "Cleanup", Time since last: 1001885292 ns, Reaching safepoint: 1168125 ns, At safepoint: 22209 ns, Total: 1190334 ns
[2023-07-17T14:58:31.010+0000][1][safepoint    ] Safepoint "Cleanup", Time since last: 1000618250 ns, Reaching safepoint: 3135250 ns, At safepoint: 99292 ns, Total: 3234542 ns
[2023-07-17T14:58:32.012+0000][1][safepoint    ] Safepoint "Cleanup", Time since last: 1001118292 ns, Reaching safepoint: 904042 ns, At safepoint: 16250 ns, Total: 920292 ns
[2023-07-17T14:58:33.017+0000][1][safepoint    ] Safepoint "Cleanup", Time since last: 1001227583 ns, Reaching safepoint: 3900375 ns, At safepoint: 98292 ns, Total: 3998667 ns
[2023-07-17T14:58:34.022+0000][1][safepoint    ] Safepoint "Cleanup", Time since last: 1001128292 ns, Reaching safepoint: 3052667 ns, At safepoint: 80708 ns, Total: 3133375 ns
[2023-07-17T14:58:35.023+0000][1][safepoint    ] Safepoint "Cleanup", Time since last: 1001047126 ns, Reaching safepoint: 739916 ns, At safepoint: 18500 ns, Total: 758416 ns
[2023-07-17T14:58:36.024+0000][1][safepoint    ] Safepoint "Cleanup", Time since last: 1000414376 ns, Reaching safepoint: 730125 ns, At safepoint: 14541 ns, Total: 744666 ns
[2023-07-17T14:58:37.026+0000][1][safepoint    ] Safepoint "Cleanup", Time since last: 1000749251 ns, Reaching safepoint: 904000 ns, At safepoint: 36250 ns, Total: 940250 ns
[2023-07-17T14:58:38.027+0000][1][safepoint    ] Safepoint "Cleanup", Time since last: 1000472875 ns, Reaching safepoint: 766334 ns, At safepoint: 23541 ns, Total: 789875 ns
[2023-07-17T14:58:39.033+0000][1][safepoint    ] Safepoint "Cleanup", Time since last: 1000406126 ns, Reaching safepoint: 5136750 ns, At safepoint: 30042 ns, Total: 5166792 ns
[2023-07-17T14:58:40.035+0000][1][safepoint    ] Safepoint "Cleanup", Time since last: 1001080125 ns, Reaching safepoint: 793083 ns, At safepoint: 19625 ns, Total: 812708 ns
[2023-07-17T14:58:41.036+0000][1][safepoint    ] Safepoint "Cleanup", Time since last: 1000405584 ns, Reaching safepoint: 690167 ns, At safepoint: 12833 ns, Total: 703000 ns
[2023-07-17T14:58:42.037+0000][1][safepoint    ] Safepoint "Cleanup", Time since last: 1000438125 ns, Reaching safepoint: 675459 ns, At safepoint: 15125 ns, Total: 690584 ns
[2023-07-17T14:58:43.038+0000][1][safepoint    ] Safepoint "Cleanup", Time since last: 1000375292 ns, Reaching safepoint: 800500 ns, At safepoint: 17083 ns, Total: 817583 ns
[2023-07-17T14:58:44.039+0000][1][safepoint    ] Safepoint "Cleanup", Time since last: 1000472376 ns, Reaching safepoint: 783750 ns, At safepoint: 18625 ns, Total: 802375 ns
[2023-07-17T14:58:45.041+0000][1][safepoint    ] Safepoint "Cleanup", Time since last: 1000833750 ns, Reaching safepoint: 1068958 ns, At safepoint: 72834 ns, Total: 1141792 ns
[2023-07-17T14:58:46.043+0000][1][safepoint    ] Safepoint "Cleanup", Time since last: 1000689709 ns, Reaching safepoint: 918250 ns, At safepoint: 22500 ns, Total: 940750 ns
[2023-07-17T14:58:47.045+0000][1][safepoint    ] Safepoint "Cleanup", Time since last: 1000502417 ns, Reaching safepoint: 1070291 ns, At safepoint: 28500 ns, Total: 1098791 ns
[2023-07-17T14:58:48.046+0000][1][safepoint    ] Safepoint "Cleanup", Time since last: 1000473459 ns, Reaching safepoint: 874292 ns, At safepoint: 21792 ns, Total: 896084 ns
[2023-07-17T14:58:49.047+0000][1][safepoint    ] Safepoint "Cleanup", Time since last: 1000379750 ns, Reaching safepoint: 895583 ns, At safepoint: 15709 ns, Total: 911292 ns
[2023-07-17T14:58:50.049+0000][1][safepoint    ] Safepoint "Cleanup", Time since last: 1000442875 ns, Reaching safepoint: 1015709 ns, At safepoint: 14458 ns, Total: 1030167 ns
[2023-07-17T14:58:51.050+0000][1][safepoint    ] Safepoint "Cleanup", Time since last: 1000469917 ns, Reaching safepoint: 693458 ns, At safepoint: 17750 ns, Total: 711208 ns
[2023-07-17T14:58:52.051+0000][1][safepoint    ] Safepoint "Cleanup", Time since last: 1000410167 ns, Reaching safepoint: 865875 ns, At safepoint: 24250 ns, Total: 890125 ns
[2023-07-17T14:58:53.053+0000][1][safepoint    ] Safepoint "Cleanup", Time since last: 1000742959 ns, Reaching safepoint: 722084 ns, At safepoint: 36375 ns, Total: 758459 ns
[2023-07-17T14:58:54.055+0000][1][safepoint    ] Safepoint "Cleanup", Time since last: 1000940875 ns, Reaching safepoint: 1006042 ns, At safepoint: 28791 ns, Total: 1034833 ns
[2023-07-17T14:58:55.056+0000][1][safepoint    ] Safepoint "Cleanup", Time since last: 1000639126 ns, Reaching safepoint: 697708 ns, At safepoint: 15250 ns, Total: 712958 ns
[2023-07-17T14:58:56.061+0000][1][safepoint    ] Safepoint "Cleanup", Time since last: 1000606001 ns, Reaching safepoint: 3899875 ns, At safepoint: 97750 ns, Total: 3997625 ns
[2023-07-17T14:58:57.065+0000][1][safepoint    ] Safepoint "Cleanup", Time since last: 1000893917 ns, Reaching safepoint: 3848583 ns, At safepoint: 101000 ns, Total: 3949583 ns
[2023-07-17T14:58:58.067+0000][1][safepoint    ] Safepoint "Cleanup", Time since last: 1001293042 ns, Reaching safepoint: 659959 ns, At safepoint: 17125 ns, Total: 677084 ns
[2023-07-17T14:58:59.071+0000][1][safepoint    ] Safepoint "Cleanup", Time since last: 1001945500 ns, Reaching safepoint: 1928084 ns, At safepoint: 26708 ns, Total: 1954792 ns
[2023-07-17T14:59:00.079+0000][1][safepoint    ] Safepoint "Cleanup", Time since last: 1001994084 ns, Reaching safepoint: 6069041 ns, At safepoint: 139709 ns, Total: 6208750 ns
[2023-07-17T14:59:01.084+0000][1][safepoint    ] Safepoint "Cleanup", Time since last: 1003258333 ns, Reaching safepoint: 1631084 ns, At safepoint: 39833 ns, Total: 1670917 ns
[2023-07-17T14:59:02.087+0000][1][safepoint    ] Safepoint "Cleanup", Time since last: 1001677084 ns, Reaching safepoint: 729875 ns, At safepoint: 20750 ns, Total: 750625 ns
[2023-07-17T14:59:03.092+0000][1][safepoint    ] Safepoint "Cleanup", Time since last: 1001345375 ns, Reaching safepoint: 3523542 ns, At safepoint: 274167 ns, Total: 3797709 ns
[2023-07-17T14:59:04.095+0000][1][safepoint    ] Safepoint "Cleanup", Time since last: 1001830167 ns, Reaching safepoint: 774125 ns, At safepoint: 19958 ns, Total: 794083 ns
[2023-07-17T14:59:05.097+0000][1][safepoint    ] Safepoint "Cleanup", Time since last: 1000549792 ns, Reaching safepoint: 2006000 ns, At safepoint: 56375 ns, Total: 2062375 ns
[2023-07-17T14:59:06.099+0000][1][safepoint    ] Safepoint "Cleanup", Time since last: 1000830543 ns, Reaching safepoint: 872416 ns, At safepoint: 19792 ns, Total: 892208 ns
[2023-07-17T14:59:07.101+0000][1][safepoint    ] Safepoint "Cleanup", Time since last: 1000868750 ns, Reaching safepoint: 1082334 ns, At safepoint: 26541 ns, Total: 1108875 ns
[2023-07-17T14:59:08.105+0000][1][safepoint    ] Safepoint "Cleanup", Time since last: 1001101792 ns, Reaching safepoint: 2964625 ns, At safepoint: 86375 ns, Total: 3051000 ns
[2023-07-17T14:59:09.108+0000][1][safepoint    ] Safepoint "Cleanup", Time since last: 1001010418 ns, Reaching safepoint: 1789125 ns, At safepoint: 31250 ns, Total: 1820375 ns
[2023-07-17T14:59:10.111+0000][1][safepoint    ] Safepoint "Cleanup", Time since last: 1001424917 ns, Reaching safepoint: 1472041 ns, At safepoint: 32834 ns, Total: 1504875 ns
[2023-07-17T14:59:11.116+0000][1][safepoint    ] Safepoint "Cleanup", Time since last: 1002079042 ns, Reaching safepoint: 2875125 ns, At safepoint: 81708 ns, Total: 2956833 ns
[2023-07-17T14:59:12.121+0000][1][safepoint    ] Safepoint "Cleanup", Time since last: 1001361583 ns, Reaching safepoint: 3198792 ns, At safepoint: 90625 ns, Total: 3289417 ns
[2023-07-17T14:59:13.123+0000][1][safepoint    ] Safepoint "Cleanup", Time since last: 1001333625 ns, Reaching safepoint: 1610500 ns, At safepoint: 35000 ns, Total: 1645500 ns
[2023-07-17T14:59:14.128+0000][1][safepoint    ] Safepoint "Cleanup", Time since last: 1001496376 ns, Reaching safepoint: 2812833 ns, At safepoint: 82042 ns, Total: 2894875 ns
[2023-07-17T14:59:15.133+0000][1][safepoint    ] Safepoint "Cleanup", Time since last: 1001732667 ns, Reaching safepoint: 3064833 ns, At safepoint: 76417 ns, Total: 3141250 ns
[2023-07-17T14:59:16.138+0000][1][safepoint    ] Safepoint "Cleanup", Time since last: 1003727167 ns, Reaching safepoint: 1721667 ns, At safepoint: 32166 ns, Total: 1753833 ns
[2023-07-17T14:59:17.144+0000][1][safepoint    ] Safepoint "Cleanup", Time since last: 1002140459 ns, Reaching safepoint: 3864417 ns, At safepoint: 116083 ns, Total: 3980500 ns
[2023-07-17T14:59:18.149+0000][1][safepoint    ] Safepoint "Cleanup", Time since last: 1001548751 ns, Reaching safepoint: 2576666 ns, At safepoint: 69834 ns, Total: 2646500 ns
[2023-07-17T14:59:19.150+0000][1][safepoint    ] Safepoint "Cleanup", Time since last: 1000945458 ns, Reaching safepoint: 705167 ns, At safepoint: 20125 ns, Total: 725292 ns
[2023-07-17T14:59:20.152+0000][1][safepoint    ] Safepoint "Cleanup", Time since last: 1000717126 ns, Reaching safepoint: 1507041 ns, At safepoint: 26834 ns, Total: 1533875 ns
[2023-07-17T14:59:21.155+0000][1][safepoint    ] Safepoint "Cleanup", Time since last: 1001150583 ns, Reaching safepoint: 1368750 ns, At safepoint: 26000 ns, Total: 1394750 ns
[2023-07-17T14:59:22.159+0000][1][safepoint    ] Safepoint "Cleanup", Time since last: 1001739126 ns, Reaching safepoint: 2634625 ns, At safepoint: 81792 ns, Total: 2716417 ns
[2023-07-17T14:59:23.163+0000][1][safepoint    ] Safepoint "Cleanup", Time since last: 1001833083 ns, Reaching safepoint: 1242500 ns, At safepoint: 25459 ns, Total: 1267959 ns
[2023-07-17T14:59:24.166+0000][1][safepoint    ] Safepoint "Cleanup", Time since last: 1001895375 ns, Reaching safepoint: 1089375 ns, At safepoint: 30167 ns, Total: 1119542 ns
[2023-07-17T14:59:25.169+0000][1][safepoint    ] Safepoint "Cleanup", Time since last: 1000957250 ns, Reaching safepoint: 2658959 ns, At safepoint: 51375 ns, Total: 2710334 ns
[2023-07-17T14:59:26.175+0000][1][safepoint    ] Safepoint "Cleanup", Time since last: 1003287792 ns, Reaching safepoint: 2795166 ns, At safepoint: 41792 ns, Total: 2836958 ns
[2023-07-17T14:59:27.180+0000][1][safepoint    ] Safepoint "Cleanup", Time since last: 1001586459 ns, Reaching safepoint: 2560458 ns, At safepoint: 68250 ns, Total: 2628708 ns
[2023-07-17T14:59:28.189+0000][1][safepoint    ] Safepoint "Cleanup", Time since last: 1005298584 ns, Reaching safepoint: 3841000 ns, At safepoint: 63542 ns, Total: 3904542 ns
[2023-07-17T14:59:28.991+0000][1][gc,start     ] GC(21) Pause Young (Allocation Failure)
[2023-07-17T14:59:28.995+0000][1][gc,task      ] GC(21) Using 4 workers of 4 for evacuation
[2023-07-17T14:59:29.073+0000][1][gc,age       ] GC(21) Desired survivor size 8945664 bytes, new threshold 6 (max threshold 6)
[2023-07-17T14:59:29.073+0000][1][gc,age       ] GC(21) Age table with threshold 6 (max threshold 6)
[2023-07-17T14:59:29.073+0000][1][gc,age       ] GC(21) - age   1:     115840 bytes,     115840 total
[2023-07-17T14:59:29.073+0000][1][gc,age       ] GC(21) - age   2:      42104 bytes,     157944 total
[2023-07-17T14:59:29.074+0000][1][gc,age       ] GC(21) - age   3:      32816 bytes,     190760 total
[2023-07-17T14:59:29.074+0000][1][gc,age       ] GC(21) - age   4:     198736 bytes,     389496 total
[2023-07-17T14:59:29.074+0000][1][gc,age       ] GC(21) - age   5:    3555664 bytes,    3945160 total
[2023-07-17T14:59:29.074+0000][1][gc,age       ] GC(21) - age   6:    3972088 bytes,    7917248 total
[2023-07-17T14:59:29.075+0000][1][gc,heap      ] GC(21) ParNew: 153107K->10792K(157248K)
[2023-07-17T14:59:29.075+0000][1][gc,heap      ] GC(21) CMS: 60609K->60609K(349568K)
[2023-07-17T14:59:29.075+0000][1][gc,metaspace ] GC(21) Metaspace: 88246K->88246K(1130496K)
[2023-07-17T14:59:29.076+0000][1][gc           ] GC(21) Pause Young (Allocation Failure) 208M->69M(494M) 85.114ms
[2023-07-17T14:59:29.076+0000][1][gc,cpu       ] GC(21) User=0.20s Sys=0.02s Real=0.09s
[2023-07-17T14:59:29.077+0000][1][safepoint    ] Safepoint "GenCollectForAllocation", Time since last: 800480833 ns, Reaching safepoint: 1219417 ns, At safepoint: 86305375 ns, Total: 87524792 ns
[2023-07-17T14:59:30.079+0000][1][safepoint    ] Safepoint "Cleanup", Time since last: 1000710626 ns, Reaching safepoint: 1473416 ns, At safepoint: 29917 ns, Total: 1503333 ns
[2023-07-17T14:59:31.085+0000][1][safepoint    ] Safepoint "Cleanup", Time since last: 1001796875 ns, Reaching safepoint: 3753875 ns, At safepoint: 79709 ns, Total: 3833584 ns
[2023-07-17T14:59:32.090+0000][1][safepoint    ] Safepoint "Cleanup", Time since last: 1001337084 ns, Reaching safepoint: 4170666 ns, At safepoint: 107375 ns, Total: 4278041 ns
[2023-07-17T14:59:33.093+0000][1][safepoint    ] Safepoint "Cleanup", Time since last: 1001372792 ns, Reaching safepoint: 1422709 ns, At safepoint: 50958 ns, Total: 1473667 ns
[2023-07-17T14:59:34.098+0000][1][safepoint    ] Safepoint "Cleanup", Time since last: 1002041709 ns, Reaching safepoint: 3092625 ns, At safepoint: 109000 ns, Total: 3201625 ns
[2023-07-17T14:59:35.101+0000][1][safepoint    ] Safepoint "Cleanup", Time since last: 1001471084 ns, Reaching safepoint: 1490125 ns, At safepoint: 36125 ns, Total: 1526250 ns
[2023-07-17T14:59:36.105+0000][1][safepoint    ] Safepoint "Cleanup", Time since last: 1001796209 ns, Reaching safepoint: 1491291 ns, At safepoint: 55084 ns, Total: 1546375 ns
[2023-07-17T14:59:37.111+0000][1][safepoint    ] Safepoint "Cleanup", Time since last: 1001186292 ns, Reaching safepoint: 4553750 ns, At safepoint: 120333 ns, Total: 4674083 ns
[2023-07-17T14:59:38.113+0000][1][safepoint    ] Safepoint "Cleanup", Time since last: 1001722542 ns, Reaching safepoint: 923333 ns, At safepoint: 22084 ns, Total: 945417 ns
[2023-07-17T14:59:39.115+0000][1][safepoint    ] Safepoint "Cleanup", Time since last: 1000285209 ns, Reaching safepoint: 1173333 ns, At safepoint: 22833 ns, Total: 1196166 ns
[2023-07-17T14:59:40.116+0000][1][safepoint    ] Safepoint "Cleanup", Time since last: 1000327459 ns, Reaching safepoint: 1305083 ns, At safepoint: 61000 ns, Total: 1366083 ns
[2023-07-17T14:59:41.119+0000][1][safepoint    ] Safepoint "Cleanup", Time since last: 1000382668 ns, Reaching safepoint: 1312208 ns, At safepoint: 434417 ns, Total: 1746625 ns
[2023-07-17T14:59:42.125+0000][1][safepoint    ] Safepoint "Cleanup", Time since last: 1005675374 ns, Reaching safepoint: 1409667 ns, At safepoint: 56000 ns, Total: 1465667 ns
[2023-07-17T14:59:43.128+0000][1][safepoint    ] Safepoint "Cleanup", Time since last: 1001077959 ns, Reaching safepoint: 1499833 ns, At safepoint: 35583 ns, Total: 1535416 ns
[2023-07-17T14:59:44.130+0000][1][safepoint    ] Safepoint "Cleanup", Time since last: 1000571876 ns, Reaching safepoint: 1199583 ns, At safepoint: 29167 ns, Total: 1228750 ns
[2023-07-17T14:59:45.131+0000][1][safepoint    ] Safepoint "Cleanup", Time since last: 1000754084 ns, Reaching safepoint: 1065666 ns, At safepoint: 29125 ns, Total: 1094791 ns
[2023-07-17T14:59:46.134+0000][1][safepoint    ] Safepoint "Cleanup", Time since last: 1001719042 ns, Reaching safepoint: 959042 ns, At safepoint: 23042 ns, Total: 982084 ns
[2023-07-17T14:59:47.138+0000][1][safepoint    ] Safepoint "Cleanup", Time since last: 1002327875 ns, Reaching safepoint: 1585125 ns, At safepoint: 50208 ns, Total: 1635333 ns
[2023-07-17T14:59:48.142+0000][1][safepoint    ] Safepoint "Cleanup", Time since last: 1002958209 ns, Reaching safepoint: 1231709 ns, At safepoint: 52375 ns, Total: 1284084 ns
[2023-07-17T14:59:49.144+0000][1][safepoint    ] Safepoint "Cleanup", Time since last: 1000741958 ns, Reaching safepoint: 712667 ns, At safepoint: 20583 ns, Total: 733250 ns
[2023-07-17T14:59:50.149+0000][1][safepoint    ] Safepoint "Cleanup", Time since last: 1003970001 ns, Reaching safepoint: 1303625 ns, At safepoint: 32333 ns, Total: 1335958 ns
[2023-07-17T14:59:51.153+0000][1][safepoint    ] Safepoint "Cleanup", Time since last: 1001576042 ns, Reaching safepoint: 2174959 ns, At safepoint: 68833 ns, Total: 2243792 ns
[2023-07-17T14:59:52.158+0000][1][safepoint    ] Safepoint "Cleanup", Time since last: 1001800542 ns, Reaching safepoint: 3118917 ns, At safepoint: 57167 ns, Total: 3176084 ns
[2023-07-17T14:59:53.160+0000][1][safepoint    ] Safepoint "Cleanup", Time since last: 1000508875 ns, Reaching safepoint: 1094500 ns, At safepoint: 23125 ns, Total: 1117625 ns
[2023-07-17T14:59:54.162+0000][1][safepoint    ] Safepoint "Cleanup", Time since last: 1000951500 ns, Reaching safepoint: 1227667 ns, At safepoint: 31958 ns, Total: 1259625 ns
[2023-07-17T14:59:55.164+0000][1][safepoint    ] Safepoint "Cleanup", Time since last: 1001466543 ns, Reaching safepoint: 767166 ns, At safepoint: 21459 ns, Total: 788625 ns
[2023-07-17T14:59:56.166+0000][1][safepoint    ] Safepoint "Cleanup", Time since last: 1000508917 ns, Reaching safepoint: 1312708 ns, At safepoint: 28542 ns, Total: 1341250 ns
[2023-07-17T14:59:57.168+0000][1][safepoint    ] Safepoint "Cleanup", Time since last: 1001239000 ns, Reaching safepoint: 761417 ns, At safepoint: 18458 ns, Total: 779875 ns
[2023-07-17T14:59:58.170+0000][1][safepoint    ] Safepoint "Cleanup", Time since last: 1000677417 ns, Reaching safepoint: 955292 ns, At safepoint: 29417 ns, Total: 984709 ns
[2023-07-17T14:59:59.171+0000][1][safepoint    ] Safepoint "Cleanup", Time since last: 1000632042 ns, Reaching safepoint: 977958 ns, At safepoint: 28084 ns, Total: 1006042 ns
[2023-07-17T15:00:00.174+0000][1][safepoint    ] Safepoint "Cleanup", Time since last: 1001635833 ns, Reaching safepoint: 893917 ns, At safepoint: 22667 ns, Total: 916584 ns
[2023-07-17T15:00:01.177+0000][1][safepoint    ] Safepoint "Cleanup", Time since last: 1002133917 ns, Reaching safepoint: 1090750 ns, At safepoint: 26917 ns, Total: 1117667 ns
[2023-07-17T15:00:02.180+0000][1][safepoint    ] Safepoint "Cleanup", Time since last: 1001916167 ns, Reaching safepoint: 1242375 ns, At safepoint: 46333 ns, Total: 1288708 ns
[2023-07-17T15:00:03.182+0000][1][safepoint    ] Safepoint "Cleanup", Time since last: 1000560375 ns, Reaching safepoint: 1181792 ns, At safepoint: 28750 ns, Total: 1210542 ns
[2023-07-17T15:00:04.184+0000][1][safepoint    ] Safepoint "Cleanup", Time since last: 1000523209 ns, Reaching safepoint: 1183000 ns, At safepoint: 23958 ns, Total: 1206958 ns
[2023-07-17T15:00:05.186+0000][1][safepoint    ] Safepoint "Cleanup", Time since last: 1001119167 ns, Reaching safepoint: 961625 ns, At safepoint: 21834 ns, Total: 983459 ns
[2023-07-17T15:00:06.189+0000][1][safepoint    ] Safepoint "Cleanup", Time since last: 1000621917 ns, Reaching safepoint: 2368333 ns, At safepoint: 101334 ns, Total: 2469667 ns
[2023-07-17T15:00:07.192+0000][1][safepoint    ] Safepoint "Cleanup", Time since last: 1001616292 ns, Reaching safepoint: 931500 ns, At safepoint: 30208 ns, Total: 961708 ns
[2023-07-17T15:00:08.193+0000][1][safepoint    ] Safepoint "Cleanup", Time since last: 1000570751 ns, Reaching safepoint: 1066375 ns, At safepoint: 21791 ns, Total: 1088166 ns
[2023-07-17T15:00:09.048+0000][1][safepoint    ] Safepoint "RevokeBias", Time since last: 851442126 ns, Reaching safepoint: 1807041 ns, At safepoint: 1724042 ns, Total: 3531083 ns
[2023-07-17T15:00:10.054+0000][1][safepoint    ] Safepoint "Cleanup", Time since last: 1000819792 ns, Reaching safepoint: 5065792 ns, At safepoint: 73541 ns, Total: 5139333 ns
[2023-07-17T15:00:11.059+0000][1][safepoint    ] Safepoint "Cleanup", Time since last: 1001594876 ns, Reaching safepoint: 3414500 ns, At safepoint: 118750 ns, Total: 3533250 ns
[2023-07-17T15:00:12.063+0000][1][safepoint    ] Safepoint "Cleanup", Time since last: 1001140541 ns, Reaching safepoint: 2649000 ns, At safepoint: 68208 ns, Total: 2717208 ns
[2023-07-17T15:00:13.068+0000][1][safepoint    ] Safepoint "Cleanup", Time since last: 1001281626 ns, Reaching safepoint: 3472542 ns, At safepoint: 92958 ns, Total: 3565500 ns
[2023-07-17T15:00:13.342+0000][1][safepoint    ] Safepoint "RevokeBias", Time since last: 273297917 ns, Reaching safepoint: 1173666 ns, At safepoint: 57542 ns, Total: 1231208 ns
[2023-07-17T15:00:13.345+0000][1][safepoint    ] Safepoint "RevokeBias", Time since last: 2165333 ns, Reaching safepoint: 390250 ns, At safepoint: 20875 ns, Total: 411125 ns
[2023-07-17T15:00:13.348+0000][1][safepoint    ] Safepoint "RevokeBias", Time since last: 1616667 ns, Reaching safepoint: 1875792 ns, At safepoint: 28625 ns, Total: 1904417 ns
[2023-07-17T15:00:13.353+0000][1][safepoint    ] Safepoint "RevokeBias", Time since last: 4548625 ns, Reaching safepoint: 434875 ns, At safepoint: 23625 ns, Total: 458500 ns
[2023-07-17T15:00:13.355+0000][1][safepoint    ] Safepoint "RevokeBias", Time since last: 1072291 ns, Reaching safepoint: 421834 ns, At safepoint: 24375 ns, Total: 446209 ns
[2023-07-17T15:00:13.364+0000][1][safepoint    ] Safepoint "RevokeBias", Time since last: 8920000 ns, Reaching safepoint: 542666 ns, At safepoint: 34667 ns, Total: 577333 ns
[2023-07-17T15:00:13.366+0000][1][safepoint    ] Safepoint "RevokeBias", Time since last: 904375 ns, Reaching safepoint: 476292 ns, At safepoint: 26875 ns, Total: 503167 ns
[2023-07-17T15:00:13.391+0000][1][safepoint    ] Safepoint "RevokeBias", Time since last: 24221041 ns, Reaching safepoint: 651750 ns, At safepoint: 33459 ns, Total: 685209 ns
[2023-07-17T15:00:13.415+0000][1][safepoint    ] Safepoint "RevokeBias", Time since last: 23407958 ns, Reaching safepoint: 668333 ns, At safepoint: 635625 ns, Total: 1303958 ns
[2023-07-17T15:00:13.551+0000][1][safepoint    ] Safepoint "RevokeBias", Time since last: 135024709 ns, Reaching safepoint: 757958 ns, At safepoint: 81167 ns, Total: 839125 ns
[2023-07-17T15:00:13.560+0000][1][safepoint    ] Safepoint "RevokeBias", Time since last: 8402875 ns, Reaching safepoint: 618541 ns, At safepoint: 42625 ns, Total: 661166 ns
[2023-07-17T15:00:13.589+0000][1][safepoint    ] Safepoint "RevokeBias", Time since last: 27537125 ns, Reaching safepoint: 711959 ns, At safepoint: 28958 ns, Total: 740917 ns
[2023-07-17T15:00:13.589+0000][1][safepoint    ] Safepoint "RevokeBias", Time since last: 461292 ns, Reaching safepoint: 208458 ns, At safepoint: 17667 ns, Total: 226125 ns
[2023-07-17T15:00:13.590+0000][1][safepoint    ] Safepoint "RevokeBias", Time since last: 245125 ns, Reaching safepoint: 340083 ns, At safepoint: 31125 ns, Total: 371208 ns
[2023-07-17T15:00:13.590+0000][1][safepoint    ] Safepoint "RevokeBias", Time since last: 316250 ns, Reaching safepoint: 297875 ns, At safepoint: 38375 ns, Total: 336250 ns
[2023-07-17T15:00:13.591+0000][1][safepoint    ] Safepoint "RevokeBias", Time since last: 135583 ns, Reaching safepoint: 287750 ns, At safepoint: 36000 ns, Total: 323750 ns
[2023-07-17T15:00:13.591+0000][1][safepoint    ] Safepoint "RevokeBias", Time since last: 120167 ns, Reaching safepoint: 248542 ns, At safepoint: 26166 ns, Total: 274708 ns
[2023-07-17T15:00:13.592+0000][1][safepoint    ] Safepoint "RevokeBias", Time since last: 539334 ns, Reaching safepoint: 220083 ns, At safepoint: 14292 ns, Total: 234375 ns
[2023-07-17T15:00:13.615+0000][1][safepoint    ] Safepoint "RevokeBias", Time since last: 22402875 ns, Reaching safepoint: 497458 ns, At safepoint: 33750 ns, Total: 531208 ns
[2023-07-17T15:00:13.711+0000][1][safepoint    ] Safepoint "RevokeBias", Time since last: 95782375 ns, Reaching safepoint: 566417 ns, At safepoint: 33875 ns, Total: 600292 ns
[2023-07-17T15:00:13.713+0000][1][safepoint    ] Safepoint "RevokeBias", Time since last: 1518417 ns, Reaching safepoint: 354500 ns, At safepoint: 22083 ns, Total: 376583 ns
[2023-07-17T15:00:13.725+0000][1][safepoint    ] Safepoint "RevokeBias", Time since last: 10171000 ns, Reaching safepoint: 1280375 ns, At safepoint: 53250 ns, Total: 1333625 ns
[2023-07-17T15:00:13.726+0000][1][safepoint    ] Safepoint "RevokeBias", Time since last: 936167 ns, Reaching safepoint: 419875 ns, At safepoint: 83875 ns, Total: 503750 ns
[2023-07-17T15:00:13.728+0000][1][safepoint    ] Safepoint "RevokeBias", Time since last: 1333500 ns, Reaching safepoint: 568791 ns, At safepoint: 37542 ns, Total: 606333 ns
[2023-07-17T15:00:13.729+0000][1][safepoint    ] Safepoint "RevokeBias", Time since last: 347042 ns, Reaching safepoint: 310458 ns, At safepoint: 45333 ns, Total: 355791 ns
[2023-07-17T15:00:13.730+0000][1][safepoint    ] Safepoint "RevokeBias", Time since last: 536209 ns, Reaching safepoint: 245333 ns, At safepoint: 39458 ns, Total: 284791 ns
[2023-07-17T15:00:13.730+0000][1][safepoint    ] Safepoint "RevokeBias", Time since last: 214792 ns, Reaching safepoint: 245583 ns, At safepoint: 28542 ns, Total: 274125 ns
[2023-07-17T15:00:13.735+0000][1][safepoint    ] Safepoint "RevokeBias", Time since last: 4229750 ns, Reaching safepoint: 320042 ns, At safepoint: 22583 ns, Total: 342625 ns
[2023-07-17T15:00:13.735+0000][1][safepoint    ] Safepoint "RevokeBias", Time since last: 299167 ns, Reaching safepoint: 305625 ns, At safepoint: 18791 ns, Total: 324416 ns
[2023-07-17T15:00:13.749+0000][1][safepoint    ] Safepoint "RevokeBias", Time since last: 13646500 ns, Reaching safepoint: 402292 ns, At safepoint: 28292 ns, Total: 430584 ns
[2023-07-17T15:00:13.750+0000][1][safepoint    ] Safepoint "RevokeBias", Time since last: 292500 ns, Reaching safepoint: 223458 ns, At safepoint: 17542 ns, Total: 241000 ns
[2023-07-17T15:00:13.750+0000][1][safepoint    ] Safepoint "RevokeBias", Time since last: 174333 ns, Reaching safepoint: 194875 ns, At safepoint: 19250 ns, Total: 214125 ns
[2023-07-17T15:00:13.751+0000][1][safepoint    ] Safepoint "RevokeBias", Time since last: 245792 ns, Reaching safepoint: 198458 ns, At safepoint: 13583 ns, Total: 212041 ns
[2023-07-17T15:00:13.751+0000][1][safepoint    ] Safepoint "RevokeBias", Time since last: 220709 ns, Reaching safepoint: 241000 ns, At safepoint: 18916 ns, Total: 259916 ns
[2023-07-17T15:00:13.752+0000][1][safepoint    ] Safepoint "RevokeBias", Time since last: 252542 ns, Reaching safepoint: 197917 ns, At safepoint: 12833 ns, Total: 210750 ns
[2023-07-17T15:00:13.755+0000][1][safepoint    ] Safepoint "RevokeBias", Time since last: 3277083 ns, Reaching safepoint: 304209 ns, At safepoint: 22041 ns, Total: 326250 ns
[2023-07-17T15:00:13.759+0000][1][safepoint    ] Safepoint "RevokeBias", Time since last: 2607459 ns, Reaching safepoint: 507041 ns, At safepoint: 30959 ns, Total: 538000 ns
[2023-07-17T15:00:13.764+0000][1][safepoint    ] Safepoint "RevokeBias", Time since last: 5036000 ns, Reaching safepoint: 377583 ns, At safepoint: 23542 ns, Total: 401125 ns
[2023-07-17T15:00:13.769+0000][1][safepoint    ] Safepoint "RevokeBias", Time since last: 4226708 ns, Reaching safepoint: 1077125 ns, At safepoint: 32958 ns, Total: 1110083 ns
[2023-07-17T15:00:13.776+0000][1][safepoint    ] Safepoint "RevokeBias", Time since last: 6180792 ns, Reaching safepoint: 891958 ns, At safepoint: 42792 ns, Total: 934750 ns
[2023-07-17T15:00:13.779+0000][1][safepoint    ] Safepoint "RevokeBias", Time since last: 2218333 ns, Reaching safepoint: 547084 ns, At safepoint: 83458 ns, Total: 630542 ns
[2023-07-17T15:00:13.780+0000][1][safepoint    ] Safepoint "RevokeBias", Time since last: 209625 ns, Reaching safepoint: 375833 ns, At safepoint: 123417 ns, Total: 499250 ns
[2023-07-17T15:00:13.781+0000][1][safepoint    ] Safepoint "RevokeBias", Time since last: 287958 ns, Reaching safepoint: 370292 ns, At safepoint: 103542 ns, Total: 473834 ns
[2023-07-17T15:00:13.782+0000][1][safepoint    ] Safepoint "RevokeBias", Time since last: 1093750 ns, Reaching safepoint: 523541 ns, At safepoint: 85667 ns, Total: 609208 ns
[2023-07-17T15:00:13.784+0000][1][safepoint    ] Safepoint "RevokeBias", Time since last: 1002708 ns, Reaching safepoint: 344209 ns, At safepoint: 67125 ns, Total: 411334 ns
[2023-07-17T15:00:13.793+0000][1][safepoint    ] Safepoint "BulkRevokeBias", Time since last: 6124541 ns, Reaching safepoint: 460292 ns, At safepoint: 2093375 ns, Total: 2553667 ns
[2023-07-17T15:00:13.835+0000][1][safepoint    ] Safepoint "RevokeBias", Time since last: 41531917 ns, Reaching safepoint: 527666 ns, At safepoint: 44709 ns, Total: 572375 ns
[2023-07-17T15:00:13.835+0000][1][safepoint    ] Safepoint "RevokeBias", Time since last: 278416 ns, Reaching safepoint: 206667 ns, At safepoint: 27458 ns, Total: 234125 ns
[2023-07-17T15:00:13.838+0000][1][safepoint    ] Safepoint "RevokeBias", Time since last: 2139917 ns, Reaching safepoint: 521625 ns, At safepoint: 24833 ns, Total: 546458 ns
[2023-07-17T15:00:13.839+0000][1][safepoint    ] Safepoint "RevokeBias", Time since last: 451000 ns, Reaching safepoint: 364375 ns, At safepoint: 60167 ns, Total: 424542 ns
[2023-07-17T15:00:13.839+0000][1][safepoint    ] Safepoint "RevokeBias", Time since last: 258042 ns, Reaching safepoint: 416000 ns, At safepoint: 19666 ns, Total: 435666 ns
[2023-07-17T15:00:13.841+0000][1][safepoint    ] Safepoint "RevokeBias", Time since last: 930709 ns, Reaching safepoint: 343375 ns, At safepoint: 49208 ns, Total: 392583 ns
[2023-07-17T15:00:13.841+0000][1][safepoint    ] Safepoint "RevokeBias", Time since last: 299167 ns, Reaching safepoint: 298791 ns, At safepoint: 50084 ns, Total: 348875 ns
[2023-07-17T15:00:13.842+0000][1][safepoint    ] Safepoint "RevokeBias", Time since last: 202416 ns, Reaching safepoint: 292625 ns, At safepoint: 61334 ns, Total: 353959 ns
[2023-07-17T15:00:13.843+0000][1][safepoint    ] Safepoint "RevokeBias", Time since last: 176375 ns, Reaching safepoint: 318458 ns, At safepoint: 73125 ns, Total: 391583 ns
[2023-07-17T15:00:13.843+0000][1][safepoint    ] Safepoint "RevokeBias", Time since last: 174167 ns, Reaching safepoint: 293000 ns, At safepoint: 53291 ns, Total: 346291 ns
[2023-07-17T15:00:13.844+0000][1][safepoint    ] Safepoint "RevokeBias", Time since last: 218625 ns, Reaching safepoint: 375834 ns, At safepoint: 69041 ns, Total: 444875 ns
[2023-07-17T15:00:13.882+0000][1][safepoint    ] Safepoint "RevokeBias", Time since last: 37776750 ns, Reaching safepoint: 866542 ns, At safepoint: 66167 ns, Total: 932709 ns
[2023-07-17T15:00:13.883+0000][1][safepoint    ] Safepoint "RevokeBias", Time since last: 368041 ns, Reaching safepoint: 443667 ns, At safepoint: 49458 ns, Total: 493125 ns
[2023-07-17T15:00:13.886+0000][1][safepoint    ] Safepoint "RevokeBias", Time since last: 2047292 ns, Reaching safepoint: 903375 ns, At safepoint: 58417 ns, Total: 961792 ns
[2023-07-17T15:00:13.888+0000][1][safepoint    ] Safepoint "RevokeBias", Time since last: 1146791 ns, Reaching safepoint: 567417 ns, At safepoint: 59750 ns, Total: 627167 ns
[2023-07-17T15:00:13.890+0000][1][safepoint    ] Safepoint "RevokeBias", Time since last: 1025875 ns, Reaching safepoint: 685625 ns, At safepoint: 58792 ns, Total: 744417 ns
[2023-07-17T15:00:13.891+0000][1][safepoint    ] Safepoint "RevokeBias", Time since last: 916000 ns, Reaching safepoint: 556583 ns, At safepoint: 51958 ns, Total: 608541 ns
[2023-07-17T15:00:13.893+0000][1][safepoint    ] Safepoint "RevokeBias", Time since last: 928625 ns, Reaching safepoint: 525000 ns, At safepoint: 49709 ns, Total: 574709 ns
[2023-07-17T15:00:13.894+0000][1][safepoint    ] Safepoint "RevokeBias", Time since last: 697125 ns, Reaching safepoint: 524625 ns, At safepoint: 73458 ns, Total: 598083 ns
[2023-07-17T15:00:13.896+0000][1][safepoint    ] Safepoint "RevokeBias", Time since last: 567667 ns, Reaching safepoint: 762833 ns, At safepoint: 52667 ns, Total: 815500 ns
[2023-07-17T15:00:13.897+0000][1][safepoint    ] Safepoint "RevokeBias", Time since last: 701833 ns, Reaching safepoint: 530833 ns, At safepoint: 83709 ns, Total: 614542 ns
[2023-07-17T15:00:13.899+0000][1][safepoint    ] Safepoint "RevokeBias", Time since last: 1149500 ns, Reaching safepoint: 584666 ns, At safepoint: 65417 ns, Total: 650083 ns
[2023-07-17T15:00:13.900+0000][1][safepoint    ] Safepoint "RevokeBias", Time since last: 385833 ns, Reaching safepoint: 651542 ns, At safepoint: 57250 ns, Total: 708792 ns
[2023-07-17T15:00:13.901+0000][1][safepoint    ] Safepoint "RevokeBias", Time since last: 316417 ns, Reaching safepoint: 432083 ns, At safepoint: 61875 ns, Total: 493958 ns
[2023-07-17T15:00:13.902+0000][1][safepoint    ] Safepoint "RevokeBias", Time since last: 626208 ns, Reaching safepoint: 633584 ns, At safepoint: 48333 ns, Total: 681917 ns
[2023-07-17T15:00:13.903+0000][1][safepoint    ] Safepoint "RevokeBias", Time since last: 224875 ns, Reaching safepoint: 465250 ns, At safepoint: 47583 ns, Total: 512833 ns
[2023-07-17T15:00:13.904+0000][1][safepoint    ] Safepoint "RevokeBias", Time since last: 532959 ns, Reaching safepoint: 666375 ns, At safepoint: 49875 ns, Total: 716250 ns
[2023-07-17T15:00:13.905+0000][1][safepoint    ] Safepoint "RevokeBias", Time since last: 433625 ns, Reaching safepoint: 1078375 ns, At safepoint: 85875 ns, Total: 1164250 ns
[2023-07-17T15:00:13.909+0000][1][safepoint    ] Safepoint "RevokeBias", Time since last: 2423708 ns, Reaching safepoint: 782208 ns, At safepoint: 61625 ns, Total: 843833 ns
[2023-07-17T15:00:13.911+0000][1][safepoint    ] Safepoint "RevokeBias", Time since last: 1788167 ns, Reaching safepoint: 576750 ns, At safepoint: 59958 ns, Total: 636708 ns
[2023-07-17T15:00:13.914+0000][1][safepoint    ] Safepoint "RevokeBias", Time since last: 2268459 ns, Reaching safepoint: 764583 ns, At safepoint: 54625 ns, Total: 819208 ns
[2023-07-17T15:00:13.915+0000][1][safepoint    ] Safepoint "RevokeBias", Time since last: 622583 ns, Reaching safepoint: 502750 ns, At safepoint: 57292 ns, Total: 560042 ns
[2023-07-17T15:00:13.916+0000][1][safepoint    ] Safepoint "RevokeBias", Time since last: 229917 ns, Reaching safepoint: 514500 ns, At safepoint: 54000 ns, Total: 568500 ns
[2023-07-17T15:00:13.935+0000][1][safepoint    ] Safepoint "RevokeBias", Time since last: 17860083 ns, Reaching safepoint: 714708 ns, At safepoint: 65625 ns, Total: 780333 ns
[2023-07-17T15:00:13.943+0000][1][safepoint    ] Safepoint "RevokeBias", Time since last: 7710459 ns, Reaching safepoint: 538958 ns, At safepoint: 92458 ns, Total: 631416 ns
[2023-07-17T15:00:13.945+0000][1][safepoint    ] Safepoint "RevokeBias", Time since last: 1134084 ns, Reaching safepoint: 865416 ns, At safepoint: 53250 ns, Total: 918666 ns
[2023-07-17T15:00:13.947+0000][1][safepoint    ] Safepoint "RevokeBias", Time since last: 1488500 ns, Reaching safepoint: 659750 ns, At safepoint: 49459 ns, Total: 709209 ns
[2023-07-17T15:00:13.950+0000][1][safepoint    ] Safepoint "RevokeBias", Time since last: 2324125 ns, Reaching safepoint: 458750 ns, At safepoint: 51458 ns, Total: 510208 ns
[2023-07-17T15:00:13.952+0000][1][safepoint    ] Safepoint "RevokeBias", Time since last: 770250 ns, Reaching safepoint: 499208 ns, At safepoint: 52459 ns, Total: 551667 ns
[2023-07-17T15:00:13.955+0000][1][safepoint    ] Safepoint "RevokeBias", Time since last: 2615625 ns, Reaching safepoint: 672541 ns, At safepoint: 66375 ns, Total: 738916 ns
[2023-07-17T15:00:13.957+0000][1][safepoint    ] Safepoint "RevokeBias", Time since last: 1247125 ns, Reaching safepoint: 806000 ns, At safepoint: 50917 ns, Total: 856917 ns
[2023-07-17T15:00:13.960+0000][1][safepoint    ] Safepoint "RevokeBias", Time since last: 2361958 ns, Reaching safepoint: 594334 ns, At safepoint: 51833 ns, Total: 646167 ns
[2023-07-17T15:00:13.964+0000][1][safepoint    ] Safepoint "BulkRevokeBias", Time since last: 1633208 ns, Reaching safepoint: 488417 ns, At safepoint: 1608833 ns, Total: 2097250 ns
[2023-07-17T15:00:13.966+0000][1][safepoint    ] Safepoint "RevokeBias", Time since last: 1958625 ns, Reaching safepoint: 576584 ns, At safepoint: 57166 ns, Total: 633750 ns
[2023-07-17T15:00:13.968+0000][1][safepoint    ] Safepoint "RevokeBias", Time since last: 768167 ns, Reaching safepoint: 724750 ns, At safepoint: 57083 ns, Total: 781833 ns
[2023-07-17T15:00:13.969+0000][1][safepoint    ] Safepoint "RevokeBias", Time since last: 368542 ns, Reaching safepoint: 957750 ns, At safepoint: 47750 ns, Total: 1005500 ns
[2023-07-17T15:00:13.970+0000][1][safepoint    ] Safepoint "RevokeBias", Time since last: 263167 ns, Reaching safepoint: 486875 ns, At safepoint: 48791 ns, Total: 535666 ns
[2023-07-17T15:00:13.983+0000][1][safepoint    ] Safepoint "RevokeBias", Time since last: 11804917 ns, Reaching safepoint: 641667 ns, At safepoint: 67375 ns, Total: 709042 ns
[2023-07-17T15:00:13.991+0000][1][safepoint    ] Safepoint "RevokeBias", Time since last: 7942083 ns, Reaching safepoint: 652667 ns, At safepoint: 81958 ns, Total: 734625 ns
[2023-07-17T15:00:13.993+0000][1][safepoint    ] Safepoint "RevokeBias", Time since last: 1251250 ns, Reaching safepoint: 785667 ns, At safepoint: 60708 ns, Total: 846375 ns
[2023-07-17T15:00:13.995+0000][1][safepoint    ] Safepoint "RevokeBias", Time since last: 969833 ns, Reaching safepoint: 479959 ns, At safepoint: 71041 ns, Total: 551000 ns
[2023-07-17T15:00:13.997+0000][1][safepoint    ] Safepoint "RevokeBias", Time since last: 1868084 ns, Reaching safepoint: 533750 ns, At safepoint: 57375 ns, Total: 591125 ns
[2023-07-17T15:00:13.998+0000][1][safepoint    ] Safepoint "RevokeBias", Time since last: 299458 ns, Reaching safepoint: 374667 ns, At safepoint: 44791 ns, Total: 419458 ns
[2023-07-17T15:00:14.000+0000][1][safepoint    ] Safepoint "RevokeBias", Time since last: 1035834 ns, Reaching safepoint: 531458 ns, At safepoint: 50583 ns, Total: 582041 ns
[2023-07-17T15:00:14.003+0000][1][safepoint    ] Safepoint "RevokeBias", Time since last: 2399875 ns, Reaching safepoint: 507584 ns, At safepoint: 52416 ns, Total: 560000 ns
[2023-07-17T15:00:14.005+0000][1][safepoint    ] Safepoint "RevokeBias", Time since last: 1994875 ns, Reaching safepoint: 496792 ns, At safepoint: 54750 ns, Total: 551542 ns
[2023-07-17T15:00:14.006+0000][1][safepoint    ] Safepoint "RevokeBias", Time since last: 274083 ns, Reaching safepoint: 442584 ns, At safepoint: 60791 ns, Total: 503375 ns
[2023-07-17T15:00:14.007+0000][1][safepoint    ] Safepoint "RevokeBias", Time since last: 297584 ns, Reaching safepoint: 490166 ns, At safepoint: 52000 ns, Total: 542166 ns
[2023-07-17T15:00:14.015+0000][1][safepoint    ] Safepoint "RevokeBias", Time since last: 6788500 ns, Reaching safepoint: 861417 ns, At safepoint: 74292 ns, Total: 935709 ns
[2023-07-17T15:00:14.024+0000][1][safepoint    ] Safepoint "RevokeBias", Time since last: 9113000 ns, Reaching safepoint: 609291 ns, At safepoint: 65875 ns, Total: 675166 ns
[2023-07-17T15:00:14.031+0000][1][safepoint    ] Safepoint "RevokeBias", Time since last: 5783250 ns, Reaching safepoint: 551667 ns, At safepoint: 58333 ns, Total: 610000 ns
[2023-07-17T15:00:14.035+0000][1][safepoint    ] Safepoint "RevokeBias", Time since last: 3296334 ns, Reaching safepoint: 712791 ns, At safepoint: 25834 ns, Total: 738625 ns
[2023-07-17T15:00:14.037+0000][1][safepoint    ] Safepoint "RevokeBias", Time since last: 1158583 ns, Reaching safepoint: 597708 ns, At safepoint: 59625 ns, Total: 657333 ns
[2023-07-17T15:00:14.039+0000][1][safepoint    ] Safepoint "RevokeBias", Time since last: 1994459 ns, Reaching safepoint: 430708 ns, At safepoint: 48708 ns, Total: 479416 ns
[2023-07-17T15:00:14.044+0000][1][safepoint    ] Safepoint "RevokeBias", Time since last: 4492250 ns, Reaching safepoint: 774000 ns, At safepoint: 61959 ns, Total: 835959 ns
[2023-07-17T15:00:14.048+0000][1][safepoint    ] Safepoint "RevokeBias", Time since last: 2771208 ns, Reaching safepoint: 611250 ns, At safepoint: 52542 ns, Total: 663792 ns
[2023-07-17T15:00:14.051+0000][1][safepoint    ] Safepoint "RevokeBias", Time since last: 2387666 ns, Reaching safepoint: 510750 ns, At safepoint: 50125 ns, Total: 560875 ns
[2023-07-17T15:00:14.052+0000][1][safepoint    ] Safepoint "RevokeBias", Time since last: 281250 ns, Reaching safepoint: 616959 ns, At safepoint: 48666 ns, Total: 665625 ns
[2023-07-17T15:00:14.053+0000][1][safepoint    ] Safepoint "RevokeBias", Time since last: 506542 ns, Reaching safepoint: 406042 ns, At safepoint: 47500 ns, Total: 453542 ns
[2023-07-17T15:00:14.054+0000][1][safepoint    ] Safepoint "RevokeBias", Time since last: 713250 ns, Reaching safepoint: 442791 ns, At safepoint: 22084 ns, Total: 464875 ns
[2023-07-17T15:00:14.054+0000][1][safepoint    ] Safepoint "RevokeBias", Time since last: 166125 ns, Reaching safepoint: 334583 ns, At safepoint: 46250 ns, Total: 380833 ns
[2023-07-17T15:00:14.058+0000][1][safepoint    ] Safepoint "RevokeBias", Time since last: 2744667 ns, Reaching safepoint: 883375 ns, At safepoint: 70791 ns, Total: 954166 ns
[2023-07-17T15:00:14.059+0000][1][safepoint    ] Safepoint "RevokeBias", Time since last: 498625 ns, Reaching safepoint: 488542 ns, At safepoint: 47833 ns, Total: 536375 ns
[2023-07-17T15:00:14.062+0000][1][safepoint    ] Safepoint "RevokeBias", Time since last: 2162500 ns, Reaching safepoint: 728709 ns, At safepoint: 57666 ns, Total: 786375 ns
[2023-07-17T15:00:14.067+0000][1][safepoint    ] Safepoint "RevokeBias", Time since last: 4885209 ns, Reaching safepoint: 473666 ns, At safepoint: 29292 ns, Total: 502958 ns
[2023-07-17T15:00:14.074+0000][1][safepoint    ] Safepoint "RevokeBias", Time since last: 5974333 ns, Reaching safepoint: 591584 ns, At safepoint: 62583 ns, Total: 654167 ns
[2023-07-17T15:00:14.077+0000][1][safepoint    ] Safepoint "BulkRevokeBias", Time since last: 1391417 ns, Reaching safepoint: 347166 ns, At safepoint: 1158084 ns, Total: 1505250 ns
[2023-07-17T15:00:14.081+0000][1][safepoint    ] Safepoint "RevokeBias", Time since last: 3049208 ns, Reaching safepoint: 1046625 ns, At safepoint: 146000 ns, Total: 1192625 ns
[2023-07-17T15:00:14.085+0000][1][safepoint    ] Safepoint "RevokeBias", Time since last: 2930333 ns, Reaching safepoint: 370250 ns, At safepoint: 50292 ns, Total: 420542 ns
[2023-07-17T15:00:14.088+0000][1][safepoint    ] Safepoint "BulkRevokeBias", Time since last: 1329333 ns, Reaching safepoint: 446792 ns, At safepoint: 1214958 ns, Total: 1661750 ns
[2023-07-17T15:00:14.089+0000][1][safepoint    ] Safepoint "RevokeBias", Time since last: 926000 ns, Reaching safepoint: 466334 ns, At safepoint: 69416 ns, Total: 535750 ns
[2023-07-17T15:00:14.091+0000][1][safepoint    ] Safepoint "RevokeBias", Time since last: 1782959 ns, Reaching safepoint: 395583 ns, At safepoint: 63167 ns, Total: 458750 ns
[2023-07-17T15:00:14.092+0000][1][safepoint    ] Safepoint "RevokeBias", Time since last: 237416 ns, Reaching safepoint: 309667 ns, At safepoint: 62708 ns, Total: 372375 ns
[2023-07-17T15:00:14.093+0000][1][safepoint    ] Safepoint "RevokeBias", Time since last: 286417 ns, Reaching safepoint: 359583 ns, At safepoint: 50042 ns, Total: 409625 ns
[2023-07-17T15:00:14.094+0000][1][safepoint    ] Safepoint "RevokeBias", Time since last: 829208 ns, Reaching safepoint: 354125 ns, At safepoint: 44250 ns, Total: 398375 ns
[2023-07-17T15:00:14.098+0000][1][safepoint    ] Safepoint "RevokeBias", Time since last: 3518542 ns, Reaching safepoint: 649625 ns, At safepoint: 82583 ns, Total: 732208 ns
[2023-07-17T15:00:14.101+0000][1][safepoint    ] Safepoint "RevokeBias", Time since last: 1558334 ns, Reaching safepoint: 860125 ns, At safepoint: 59708 ns, Total: 919833 ns
[2023-07-17T15:00:14.102+0000][1][safepoint    ] Safepoint "RevokeBias", Time since last: 697583 ns, Reaching safepoint: 448625 ns, At safepoint: 47417 ns, Total: 496042 ns
[2023-07-17T15:00:14.103+0000][1][safepoint    ] Safepoint "RevokeBias", Time since last: 841042 ns, Reaching safepoint: 458541 ns, At safepoint: 49875 ns, Total: 508416 ns
[2023-07-17T15:00:14.108+0000][1][safepoint    ] Safepoint "RevokeBias", Time since last: 4427292 ns, Reaching safepoint: 454167 ns, At safepoint: 29000 ns, Total: 483167 ns
[2023-07-17T15:00:14.109+0000][1][safepoint    ] Safepoint "RevokeBias", Time since last: 966750 ns, Reaching safepoint: 341958 ns, At safepoint: 23625 ns, Total: 365583 ns
[2023-07-17T15:00:14.116+0000][1][safepoint    ] Safepoint "RevokeBias", Time since last: 5608708 ns, Reaching safepoint: 649209 ns, At safepoint: 117708 ns, Total: 766917 ns
[2023-07-17T15:00:14.118+0000][1][safepoint    ] Safepoint "BulkRevokeBias", Time since last: 281167 ns, Reaching safepoint: 526791 ns, At safepoint: 1035459 ns, Total: 1562250 ns
[2023-07-17T15:00:14.159+0000][1][safepoint    ] Safepoint "RevokeBias", Time since last: 41025458 ns, Reaching safepoint: 566333 ns, At safepoint: 66167 ns, Total: 632500 ns
[2023-07-17T15:00:14.163+0000][1][safepoint    ] Safepoint "RevokeBias", Time since last: 3700792 ns, Reaching safepoint: 320416 ns, At safepoint: 16750 ns, Total: 337166 ns
[2023-07-17T15:00:14.279+0000][1][safepoint    ] Safepoint "RevokeBias", Time since last: 106537709 ns, Reaching safepoint: 6391583 ns, At safepoint: 1643792 ns, Total: 8035375 ns
[2023-07-17T15:00:14.344+0000][1][safepoint    ] Safepoint "RevokeBias", Time since last: 65239250 ns, Reaching safepoint: 895458 ns, At safepoint: 33250 ns, Total: 928708 ns
[2023-07-17T15:00:14.591+0000][1][safepoint    ] Safepoint "RevokeBias", Time since last: 245479750 ns, Reaching safepoint: 995834 ns, At safepoint: 364291 ns, Total: 1360125 ns
[2023-07-17T15:00:14.594+0000][1][safepoint    ] Safepoint "RevokeBias", Time since last: 2706959 ns, Reaching safepoint: 340083 ns, At safepoint: 55333 ns, Total: 395416 ns
[2023-07-17T15:00:14.637+0000][1][safepoint    ] Safepoint "RevokeBias", Time since last: 42163834 ns, Reaching safepoint: 517375 ns, At safepoint: 263333 ns, Total: 780708 ns
[2023-07-17T15:00:14.649+0000][1][gc,heap,exit ] Heap
[2023-07-17T15:00:14.651+0000][1][gc,heap,exit ]  par new generation   total 157248K, used 81586K [0x00000000e0000000, 0x00000000eaaa0000, 0x00000000eaaa0000)
[2023-07-17T15:00:14.651+0000][1][gc,heap,exit ]   eden space 139776K,  50% used [0x00000000e0000000, 0x00000000e4522438, 0x00000000e8880000)
[2023-07-17T15:00:14.651+0000][1][gc,heap,exit ]   from space 17472K,  61% used [0x00000000e9990000, 0x00000000ea41a3e0, 0x00000000eaaa0000)
[2023-07-17T15:00:14.651+0000][1][gc,heap,exit ]   to   space 17472K,   0% used [0x00000000e8880000, 0x00000000e8880000, 0x00000000e9990000)
[2023-07-17T15:00:14.652+0000][1][gc,heap,exit ]  concurrent mark-sweep generation total 349568K, used 60609K [0x00000000eaaa0000, 0x0000000100000000, 0x0000000100000000)
[2023-07-17T15:00:14.652+0000][1][gc,heap,exit ]  Metaspace       used 88547K, capacity 95294K, committed 95532K, reserved 1130496K
[2023-07-17T15:00:14.652+0000][1][gc,heap,exit ]   class space    used 11690K, capacity 14521K, committed 14556K, reserved 1048576K
