[2023-07-17T03:35:02.225+0000][107][gc] Using Concurrent Mark Sweep
[2023-07-17T03:35:02.228+0000][107][gc,heap,coops] Heap address: 0x00000000e0000000, size: 512 MB, Compressed Oops mode: 32-bit
[2023-07-17T03:35:02.777+0000][107][safepoint    ] Safepoint "EnableBiasedLocking", Time since last: 371069959 ns, Reaching safepoint: 3283208 ns, At safepoint: 509125 ns, Total: 3792333 ns
[2023-07-17T03:35:02.792+0000][107][gc,heap,exit ] Heap
[2023-07-17T03:35:02.793+0000][107][gc,heap,exit ]  par new generation   total 157248K, used 5591K [0x00000000e0000000, 0x00000000eaaa0000, 0x00000000eaaa0000)
[2023-07-17T03:35:02.793+0000][107][gc,heap,exit ]   eden space 139776K,   4% used [0x00000000e0000000, 0x00000000e0575da0, 0x00000000e8880000)
[2023-07-17T03:35:02.794+0000][107][gc,heap,exit ]   from space 17472K,   0% used [0x00000000e8880000, 0x00000000e8880000, 0x00000000e9990000)
[2023-07-17T03:35:02.794+0000][107][gc,heap,exit ]   to   space 17472K,   0% used [0x00000000e9990000, 0x00000000e9990000, 0x00000000eaaa0000)
[2023-07-17T03:35:02.794+0000][107][gc,heap,exit ]  concurrent mark-sweep generation total 349568K, used 0K [0x00000000eaaa0000, 0x0000000100000000, 0x0000000100000000)
[2023-07-17T03:35:02.794+0000][107][gc,heap,exit ]  Metaspace       used 160K, capacity 4480K, committed 4480K, reserved 1056768K
[2023-07-17T03:35:02.794+0000][107][gc,heap,exit ]   class space    used 7K, capacity 384K, committed 384K, reserved 1048576K
