[2023-07-17T05:44:02.826+0000][116][gc] Using Concurrent Mark Sweep
[2023-07-17T05:44:02.828+0000][116][gc,heap,coops] Heap address: 0x00000000e0000000, size: 512 MB, Compressed Oops mode: 32-bit
[2023-07-17T05:44:03.236+0000][116][safepoint    ] Safepoint "EnableBiasedLocking", Time since last: 263802875 ns, Reaching safepoint: 6566666 ns, At safepoint: 542167 ns, Total: 7108833 ns
[2023-07-17T05:44:03.252+0000][116][gc,heap,exit ] Heap
[2023-07-17T05:44:03.253+0000][116][gc,heap,exit ]  par new generation   total 157248K, used 5591K [0x00000000e0000000, 0x00000000eaaa0000, 0x00000000eaaa0000)
[2023-07-17T05:44:03.253+0000][116][gc,heap,exit ]   eden space 139776K,   4% used [0x00000000e0000000, 0x00000000e0575da0, 0x00000000e8880000)
[2023-07-17T05:44:03.253+0000][116][gc,heap,exit ]   from space 17472K,   0% used [0x00000000e8880000, 0x00000000e8880000, 0x00000000e9990000)
[2023-07-17T05:44:03.253+0000][116][gc,heap,exit ]   to   space 17472K,   0% used [0x00000000e9990000, 0x00000000e9990000, 0x00000000eaaa0000)
[2023-07-17T05:44:03.253+0000][116][gc,heap,exit ]  concurrent mark-sweep generation total 349568K, used 0K [0x00000000eaaa0000, 0x0000000100000000, 0x0000000100000000)
[2023-07-17T05:44:03.253+0000][116][gc,heap,exit ]  Metaspace       used 158K, capacity 4480K, committed 4480K, reserved 1056768K
[2023-07-17T05:44:03.254+0000][116][gc,heap,exit ]   class space    used 7K, capacity 384K, committed 384K, reserved 1048576K
