[2023-07-18T08:20:30.060+0000][1][gc] Using Concurrent Mark Sweep
[2023-07-18T08:20:30.062+0000][1][gc,heap,coops] Heap address: 0x00000000e0000000, size: 512 MB, Compressed Oops mode: 32-bit
[2023-07-18T08:20:30.671+0000][1][safepoint    ] Safepoint "EnableBiasedLocking", Time since last: 480224833 ns, Reaching safepoint: 7992625 ns, At safepoint: 518584 ns, Total: 8511209 ns
[2023-07-18T08:20:30.729+0000][1][safepoint    ] Safepoint "RevokeBias", Time since last: 57464583 ns, Reaching safepoint: 291292 ns, At safepoint: 1282583 ns, Total: 1573875 ns
[2023-07-18T08:20:30.860+0000][1][safepoint    ] Safepoint "Deoptimize", Time since last: 128352208 ns, Reaching safepoint: 2022125 ns, At safepoint: 403584 ns, Total: 2425709 ns
[2023-07-18T08:20:31.729+0000][1][safepoint    ] Safepoint "RevokeBias", Time since last: 868235750 ns, Reaching safepoint: 383750 ns, At safepoint: 286250 ns, Total: 670000 ns
[2023-07-18T08:20:31.763+0000][1][safepoint    ] Safepoint "Deoptimize", Time since last: 33389042 ns, Reaching safepoint: 143208 ns, At safepoint: 113208 ns, Total: 256416 ns
[2023-07-18T08:20:31.769+0000][1][safepoint    ] Safepoint "Deoptimize", Time since last: 5472084 ns, Reaching safepoint: 157000 ns, At safepoint: 168125 ns, Total: 325125 ns
[2023-07-18T08:20:32.004+0000][1][safepoint    ] Safepoint "Deoptimize", Time since last: 235117458 ns, Reaching safepoint: 197500 ns, At safepoint: 144125 ns, Total: 341625 ns
[2023-07-18T08:20:33.007+0000][1][safepoint    ] Safepoint "Cleanup", Time since last: 1002239209 ns, Reaching safepoint: 654500 ns, At safepoint: 13042 ns, Total: 667542 ns
[2023-07-18T08:20:34.022+0000][1][safepoint    ] Safepoint "Cleanup", Time since last: 1005510167 ns, Reaching safepoint: 9728125 ns, At safepoint: 12291 ns, Total: 9740416 ns
[2023-07-18T08:20:35.030+0000][1][safepoint    ] Safepoint "Cleanup", Time since last: 1005551043 ns, Reaching safepoint: 2466791 ns, At safepoint: 10042 ns, Total: 2476833 ns
[2023-07-18T08:20:35.843+0000][1][safepoint    ] Safepoint "Deoptimize", Time since last: 812163584 ns, Reaching safepoint: 481708 ns, At safepoint: 231667 ns, Total: 713375 ns
[2023-07-18T08:20:36.253+0000][1][safepoint    ] Safepoint "Deoptimize", Time since last: 408942583 ns, Reaching safepoint: 357417 ns, At safepoint: 293833 ns, Total: 651250 ns
[2023-07-18T08:20:37.142+0000][1][safepoint    ] Safepoint "Deoptimize", Time since last: 888535584 ns, Reaching safepoint: 236875 ns, At safepoint: 289417 ns, Total: 526292 ns
[2023-07-18T08:20:38.143+0000][1][safepoint    ] Safepoint "Cleanup", Time since last: 1000474458 ns, Reaching safepoint: 908334 ns, At safepoint: 10125 ns, Total: 918459 ns
[2023-07-18T08:20:38.215+0000][1][safepoint    ] Safepoint "Deoptimize", Time since last: 71267541 ns, Reaching safepoint: 97667 ns, At safepoint: 309792 ns, Total: 407459 ns
[2023-07-18T08:20:39.190+0000][1][safepoint    ] Safepoint "Deoptimize", Time since last: 974414084 ns, Reaching safepoint: 558500 ns, At safepoint: 338875 ns, Total: 897375 ns
[2023-07-18T08:20:40.026+0000][1][safepoint    ] Safepoint "RevokeBias", Time since last: 834406042 ns, Reaching safepoint: 1061500 ns, At safepoint: 339250 ns, Total: 1400750 ns
[2023-07-18T08:20:40.648+0000][1][safepoint    ] Safepoint "Deoptimize", Time since last: 621197542 ns, Reaching safepoint: 593583 ns, At safepoint: 386333 ns, Total: 979916 ns
[2023-07-18T08:20:41.456+0000][1][safepoint    ] Safepoint "Deoptimize", Time since last: 806134834 ns, Reaching safepoint: 805542 ns, At safepoint: 445291 ns, Total: 1250833 ns
[2023-07-18T08:20:41.469+0000][1][safepoint    ] Safepoint "Deoptimize", Time since last: 12955334 ns, Reaching safepoint: 94125 ns, At safepoint: 442083 ns, Total: 536208 ns
[2023-07-18T08:20:41.755+0000][1][safepoint    ] Safepoint "Deoptimize", Time since last: 285066209 ns, Reaching safepoint: 539916 ns, At safepoint: 445917 ns, Total: 985833 ns
[2023-07-18T08:20:41.781+0000][1][safepoint    ] Safepoint "Deoptimize", Time since last: 24557375 ns, Reaching safepoint: 651125 ns, At safepoint: 956792 ns, Total: 1607917 ns
[2023-07-18T08:20:41.903+0000][1][safepoint    ] Safepoint "RevokeBias", Time since last: 121389333 ns, Reaching safepoint: 409708 ns, At safepoint: 102584 ns, Total: 512292 ns
[2023-07-18T08:20:41.912+0000][1][safepoint    ] Safepoint "RevokeBias", Time since last: 7196750 ns, Reaching safepoint: 1334500 ns, At safepoint: 153791 ns, Total: 1488291 ns
[2023-07-18T08:20:41.918+0000][1][safepoint    ] Safepoint "RevokeBias", Time since last: 1633334 ns, Reaching safepoint: 4100708 ns, At safepoint: 165542 ns, Total: 4266250 ns
[2023-07-18T08:20:41.924+0000][1][safepoint    ] Safepoint "RevokeBias", Time since last: 2803083 ns, Reaching safepoint: 3019792 ns, At safepoint: 112625 ns, Total: 3132417 ns
[2023-07-18T08:20:41.930+0000][1][safepoint    ] Safepoint "RevokeBias", Time since last: 2826166 ns, Reaching safepoint: 3255084 ns, At safepoint: 146416 ns, Total: 3401500 ns
[2023-07-18T08:20:41.956+0000][1][safepoint    ] Safepoint "Deoptimize", Time since last: 25154334 ns, Reaching safepoint: 184375 ns, At safepoint: 444500 ns, Total: 628875 ns
[2023-07-18T08:20:42.019+0000][1][safepoint    ] Safepoint "Deoptimize", Time since last: 62168500 ns, Reaching safepoint: 362500 ns, At safepoint: 464708 ns, Total: 827208 ns
[2023-07-18T08:20:43.020+0000][1][safepoint    ] Safepoint "Cleanup", Time since last: 1000425584 ns, Reaching safepoint: 664375 ns, At safepoint: 9791 ns, Total: 674166 ns
[2023-07-18T08:20:44.022+0000][1][safepoint    ] Safepoint "Cleanup", Time since last: 1000705376 ns, Reaching safepoint: 1018042 ns, At safepoint: 15958 ns, Total: 1034000 ns
[2023-07-18T08:20:44.593+0000][1][safepoint    ] Safepoint "Deoptimize", Time since last: 569636334 ns, Reaching safepoint: 414958 ns, At safepoint: 1042958 ns, Total: 1457916 ns
[2023-07-18T08:20:45.635+0000][1][safepoint    ] Safepoint "Cleanup", Time since last: 1001983251 ns, Reaching safepoint: 32953666 ns, At safepoint: 2962584 ns, Total: 35916250 ns
[2023-07-18T08:20:46.431+0000][1][safepoint    ] Safepoint "RevokeBias", Time since last: 799323667 ns, Reaching safepoint: 250625 ns, At safepoint: 929250 ns, Total: 1179875 ns
[2023-07-18T08:20:47.432+0000][1][safepoint    ] Safepoint "Cleanup", Time since last: 1001255166 ns, Reaching safepoint: 561167 ns, At safepoint: 9167 ns, Total: 570334 ns
[2023-07-18T08:20:47.645+0000][1][gc,start     ] GC(0) Pause Young (Allocation Failure)
[2023-07-18T08:20:47.661+0000][1][gc,task      ] GC(0) Using 4 workers of 4 for evacuation
[2023-07-18T08:20:47.756+0000][1][gc,age       ] GC(0) Desired survivor size 8945664 bytes, new threshold 1 (max threshold 6)
[2023-07-18T08:20:47.757+0000][1][gc,age       ] GC(0) Age table with threshold 1 (max threshold 6)
[2023-07-18T08:20:47.757+0000][1][gc,age       ] GC(0) - age   1:   10731360 bytes,   10731360 total
[2023-07-18T08:20:47.758+0000][1][gc,heap      ] GC(0) ParNew: 139776K->10615K(157248K)
[2023-07-18T08:20:47.758+0000][1][gc,heap      ] GC(0) CMS: 0K->0K(349568K)
[2023-07-18T08:20:47.758+0000][1][gc,metaspace ] GC(0) Metaspace: 15773K->15773K(1062912K)
[2023-07-18T08:20:47.759+0000][1][gc           ] GC(0) Pause Young (Allocation Failure) 136M->10M(494M) 117.227ms
[2023-07-18T08:20:47.759+0000][1][gc,cpu       ] GC(0) User=0.11s Sys=0.01s Real=0.11s
[2023-07-18T08:20:47.773+0000][1][safepoint    ] Safepoint "GenCollectForAllocation", Time since last: 208660708 ns, Reaching safepoint: 401792 ns, At safepoint: 131739666 ns, Total: 132141458 ns
[2023-07-18T08:20:47.791+0000][1][safepoint    ] Safepoint "RevokeBias", Time since last: 11096584 ns, Reaching safepoint: 3010750 ns, At safepoint: 3561250 ns, Total: 6572000 ns
[2023-07-18T08:20:47.803+0000][1][safepoint    ] Safepoint "BulkRevokeBias", Time since last: 8202333 ns, Reaching safepoint: 3255333 ns, At safepoint: 614959 ns, Total: 3870292 ns
[2023-07-18T08:20:47.811+0000][1][safepoint    ] Safepoint "RevokeBias", Time since last: 6798416 ns, Reaching safepoint: 1330125 ns, At safepoint: 127292 ns, Total: 1457417 ns
[2023-07-18T08:20:47.815+0000][1][safepoint    ] Safepoint "RevokeBias", Time since last: 3032083 ns, Reaching safepoint: 270250 ns, At safepoint: 128334 ns, Total: 398584 ns
[2023-07-18T08:20:47.819+0000][1][safepoint    ] Safepoint "RevokeBias", Time since last: 4425458 ns, Reaching safepoint: 202458 ns, At safepoint: 91917 ns, Total: 294375 ns
[2023-07-18T08:20:47.823+0000][1][safepoint    ] Safepoint "RevokeBias", Time since last: 3207583 ns, Reaching safepoint: 670667 ns, At safepoint: 133500 ns, Total: 804167 ns
[2023-07-18T08:20:47.829+0000][1][safepoint    ] Safepoint "RevokeBias", Time since last: 1687667 ns, Reaching safepoint: 4205833 ns, At safepoint: 168292 ns, Total: 4374125 ns
[2023-07-18T08:20:47.834+0000][1][safepoint    ] Safepoint "RevokeBias", Time since last: 3865541 ns, Reaching safepoint: 213500 ns, At safepoint: 109167 ns, Total: 322667 ns
[2023-07-18T08:20:47.838+0000][1][safepoint    ] Safepoint "RevokeBias", Time since last: 3441000 ns, Reaching safepoint: 360583 ns, At safepoint: 140125 ns, Total: 500708 ns
[2023-07-18T08:20:47.840+0000][1][safepoint    ] Safepoint "RevokeBias", Time since last: 2496959 ns, Reaching safepoint: 243041 ns, At safepoint: 120834 ns, Total: 363875 ns
[2023-07-18T08:20:47.842+0000][1][safepoint    ] Safepoint "RevokeBias", Time since last: 1157000 ns, Reaching safepoint: 219833 ns, At safepoint: 91417 ns, Total: 311250 ns
[2023-07-18T08:20:47.843+0000][1][safepoint    ] Safepoint "RevokeBias", Time since last: 486333 ns, Reaching safepoint: 174375 ns, At safepoint: 72417 ns, Total: 246792 ns
[2023-07-18T08:20:47.843+0000][1][safepoint    ] Safepoint "RevokeBias", Time since last: 424375 ns, Reaching safepoint: 208750 ns, At safepoint: 110750 ns, Total: 319500 ns
[2023-07-18T08:20:47.854+0000][1][safepoint    ] Safepoint "RevokeBias", Time since last: 4079125 ns, Reaching safepoint: 4873166 ns, At safepoint: 1306334 ns, Total: 6179500 ns
[2023-07-18T08:20:47.855+0000][1][safepoint    ] Safepoint "RevokeBias", Time since last: 708291 ns, Reaching safepoint: 304625 ns, At safepoint: 185667 ns, Total: 490292 ns
[2023-07-18T08:20:47.859+0000][1][safepoint    ] Safepoint "RevokeBias", Time since last: 525208 ns, Reaching safepoint: 539125 ns, At safepoint: 3179084 ns, Total: 3718209 ns
[2023-07-18T08:20:47.873+0000][1][safepoint    ] Safepoint "RevokeBias", Time since last: 11052541 ns, Reaching safepoint: 2410167 ns, At safepoint: 431917 ns, Total: 2842084 ns
[2023-07-18T08:20:47.886+0000][1][safepoint    ] Safepoint "RevokeBias", Time since last: 5224791 ns, Reaching safepoint: 7222709 ns, At safepoint: 219250 ns, Total: 7441959 ns
[2023-07-18T08:20:47.890+0000][1][safepoint    ] Safepoint "RevokeBias", Time since last: 3023708 ns, Reaching safepoint: 807083 ns, At safepoint: 144250 ns, Total: 951333 ns
[2023-07-18T08:20:47.893+0000][1][safepoint    ] Safepoint "RevokeBias", Time since last: 2454209 ns, Reaching safepoint: 337000 ns, At safepoint: 159833 ns, Total: 496833 ns
[2023-07-18T08:20:47.905+0000][1][safepoint    ] Safepoint "RevokeBias", Time since last: 3508958 ns, Reaching safepoint: 9219125 ns, At safepoint: 110459 ns, Total: 9329584 ns
[2023-07-18T08:20:47.915+0000][1][safepoint    ] Safepoint "RevokeBias", Time since last: 8673375 ns, Reaching safepoint: 328125 ns, At safepoint: 178750 ns, Total: 506875 ns
[2023-07-18T08:20:47.916+0000][1][safepoint    ] Safepoint "RevokeBias", Time since last: 344500 ns, Reaching safepoint: 370791 ns, At safepoint: 169292 ns, Total: 540083 ns
[2023-07-18T08:20:47.922+0000][1][safepoint    ] Safepoint "RevokeBias", Time since last: 5513042 ns, Reaching safepoint: 682166 ns, At safepoint: 122334 ns, Total: 804500 ns
[2023-07-18T08:20:47.930+0000][1][safepoint    ] Safepoint "RevokeBias", Time since last: 3287250 ns, Reaching safepoint: 5143833 ns, At safepoint: 119375 ns, Total: 5263208 ns
[2023-07-18T08:20:47.936+0000][1][safepoint    ] Safepoint "RevokeBias", Time since last: 3850167 ns, Reaching safepoint: 2101583 ns, At safepoint: 148667 ns, Total: 2250250 ns
[2023-07-18T08:20:47.945+0000][1][safepoint    ] Safepoint "RevokeBias", Time since last: 7642416 ns, Reaching safepoint: 411334 ns, At safepoint: 121750 ns, Total: 533084 ns
[2023-07-18T08:20:47.953+0000][1][safepoint    ] Safepoint "RevokeBias", Time since last: 4550791 ns, Reaching safepoint: 3134375 ns, At safepoint: 217792 ns, Total: 3352167 ns
[2023-07-18T08:20:47.953+0000][1][safepoint    ] Safepoint "RevokeBias", Time since last: 633667 ns, Reaching safepoint: 145041 ns, At safepoint: 105167 ns, Total: 250208 ns
[2023-07-18T08:20:47.956+0000][1][safepoint    ] Safepoint "RevokeBias", Time since last: 1856292 ns, Reaching safepoint: 979208 ns, At safepoint: 139208 ns, Total: 1118416 ns
[2023-07-18T08:20:47.961+0000][1][safepoint    ] Safepoint "RevokeBias", Time since last: 4790709 ns, Reaching safepoint: 179333 ns, At safepoint: 95125 ns, Total: 274458 ns
[2023-07-18T08:20:47.971+0000][1][safepoint    ] Safepoint "RevokeBias", Time since last: 5713917 ns, Reaching safepoint: 3330833 ns, At safepoint: 152125 ns, Total: 3482958 ns
[2023-07-18T08:20:47.975+0000][1][safepoint    ] Safepoint "RevokeBias", Time since last: 1512792 ns, Reaching safepoint: 2765666 ns, At safepoint: 139875 ns, Total: 2905541 ns
[2023-07-18T08:20:47.979+0000][1][safepoint    ] Safepoint "RevokeBias", Time since last: 3199792 ns, Reaching safepoint: 160375 ns, At safepoint: 96750 ns, Total: 257125 ns
[2023-07-18T08:20:47.990+0000][1][safepoint    ] Safepoint "RevokeBias", Time since last: 9320834 ns, Reaching safepoint: 1709541 ns, At safepoint: 120959 ns, Total: 1830500 ns
[2023-07-18T08:20:47.991+0000][1][safepoint    ] Safepoint "RevokeBias", Time since last: 318416 ns, Reaching safepoint: 526625 ns, At safepoint: 85500 ns, Total: 612125 ns
[2023-07-18T08:20:47.991+0000][1][safepoint    ] Safepoint "RevokeBias", Time since last: 399959 ns, Reaching safepoint: 171583 ns, At safepoint: 100000 ns, Total: 271583 ns
[2023-07-18T08:20:47.993+0000][1][safepoint    ] Safepoint "RevokeBias", Time since last: 194708 ns, Reaching safepoint: 1346084 ns, At safepoint: 120708 ns, Total: 1466792 ns
[2023-07-18T08:20:48.005+0000][1][safepoint    ] Safepoint "BulkRevokeBias", Time since last: 8797083 ns, Reaching safepoint: 2421584 ns, At safepoint: 328375 ns, Total: 2749959 ns
[2023-07-18T08:20:48.005+0000][1][safepoint    ] Safepoint "RevokeBias", Time since last: 368250 ns, Reaching safepoint: 229041 ns, At safepoint: 98709 ns, Total: 327750 ns
[2023-07-18T08:20:48.006+0000][1][safepoint    ] Safepoint "BulkRevokeBias", Time since last: 544333 ns, Reaching safepoint: 155958 ns, At safepoint: 195417 ns, Total: 351375 ns
[2023-07-18T08:20:48.035+0000][1][safepoint    ] Safepoint "RevokeBias", Time since last: 28446667 ns, Reaching safepoint: 191041 ns, At safepoint: 112042 ns, Total: 303083 ns
[2023-07-18T08:20:48.078+0000][1][safepoint    ] Safepoint "RevokeBias", Time since last: 42721458 ns, Reaching safepoint: 549459 ns, At safepoint: 65708 ns, Total: 615167 ns
[2023-07-18T08:20:49.175+0000][1][safepoint    ] Safepoint "Cleanup", Time since last: 1096050084 ns, Reaching safepoint: 972083 ns, At safepoint: 20958 ns, Total: 993041 ns
[2023-07-18T08:20:49.490+0000][1][safepoint    ] Safepoint "Deoptimize", Time since last: 313562292 ns, Reaching safepoint: 417167 ns, At safepoint: 928042 ns, Total: 1345209 ns
[2023-07-18T08:20:49.558+0000][1][safepoint    ] Safepoint "Deoptimize", Time since last: 66966708 ns, Reaching safepoint: 233333 ns, At safepoint: 639792 ns, Total: 873125 ns
[2023-07-18T08:20:49.571+0000][1][safepoint    ] Safepoint "Deoptimize", Time since last: 11833583 ns, Reaching safepoint: 83875 ns, At safepoint: 687584 ns, Total: 771459 ns
[2023-07-18T08:20:50.327+0000][1][safepoint    ] Safepoint "Deoptimize", Time since last: 755231167 ns, Reaching safepoint: 620458 ns, At safepoint: 812625 ns, Total: 1433083 ns
[2023-07-18T08:20:51.331+0000][1][safepoint    ] Safepoint "Cleanup", Time since last: 1002946959 ns, Reaching safepoint: 767750 ns, At safepoint: 19416 ns, Total: 787166 ns
[2023-07-18T08:20:51.479+0000][1][gc,start     ] GC(1) Pause Young (Allocation Failure)
[2023-07-18T08:20:51.480+0000][1][gc,task      ] GC(1) Using 4 workers of 4 for evacuation
[2023-07-18T08:20:51.702+0000][1][gc,age       ] GC(1) Desired survivor size 8945664 bytes, new threshold 6 (max threshold 6)
[2023-07-18T08:20:51.702+0000][1][gc,age       ] GC(1) Age table with threshold 6 (max threshold 6)
[2023-07-18T08:20:51.702+0000][1][gc,age       ] GC(1) - age   1:    3188072 bytes,    3188072 total
[2023-07-18T08:20:51.702+0000][1][gc,heap      ] GC(1) ParNew: 150391K->6844K(157248K)
[2023-07-18T08:20:51.702+0000][1][gc,heap      ] GC(1) CMS: 0K->9267K(349568K)
[2023-07-18T08:20:51.702+0000][1][gc,metaspace ] GC(1) Metaspace: 19325K->19325K(1067008K)
[2023-07-18T08:20:51.703+0000][1][gc           ] GC(1) Pause Young (Allocation Failure) 146M->15M(494M) 223.315ms
[2023-07-18T08:20:51.703+0000][1][gc,cpu       ] GC(1) User=0.30s Sys=0.01s Real=0.23s
[2023-07-18T08:20:51.703+0000][1][safepoint    ] Safepoint "GenCollectForAllocation", Time since last: 148134042 ns, Reaching safepoint: 256500 ns, At safepoint: 223661209 ns, Total: 223917709 ns
[2023-07-18T08:20:51.713+0000][1][safepoint    ] Safepoint "RevokeBias", Time since last: 6089166 ns, Reaching safepoint: 3511459 ns, At safepoint: 170416 ns, Total: 3681875 ns
[2023-07-18T08:20:51.723+0000][1][safepoint    ] Safepoint "RevokeBias", Time since last: 1858375 ns, Reaching safepoint: 8607042 ns, At safepoint: 131708 ns, Total: 8738750 ns
[2023-07-18T08:20:51.727+0000][1][safepoint    ] Safepoint "RevokeBias", Time since last: 963250 ns, Reaching safepoint: 2855584 ns, At safepoint: 124833 ns, Total: 2980417 ns
[2023-07-18T08:20:51.743+0000][1][safepoint    ] Safepoint "RevokeBias", Time since last: 341125 ns, Reaching safepoint: 2486167 ns, At safepoint: 13169625 ns, Total: 15655792 ns
[2023-07-18T08:20:51.754+0000][1][safepoint    ] Safepoint "RevokeBias", Time since last: 582000 ns, Reaching safepoint: 9589500 ns, At safepoint: 188208 ns, Total: 9777708 ns
[2023-07-18T08:20:51.759+0000][1][safepoint    ] Safepoint "RevokeBias", Time since last: 1205458 ns, Reaching safepoint: 3396167 ns, At safepoint: 287083 ns, Total: 3683250 ns
[2023-07-18T08:20:51.763+0000][1][safepoint    ] Safepoint "RevokeBias", Time since last: 392167 ns, Reaching safepoint: 3294458 ns, At safepoint: 276250 ns, Total: 3570708 ns
[2023-07-18T08:20:51.769+0000][1][safepoint    ] Safepoint "RevokeBias", Time since last: 956459 ns, Reaching safepoint: 5535875 ns, At safepoint: 198666 ns, Total: 5734541 ns
[2023-07-18T08:20:51.773+0000][1][safepoint    ] Safepoint "RevokeBias", Time since last: 3345917 ns, Reaching safepoint: 418958 ns, At safepoint: 131792 ns, Total: 550750 ns
[2023-07-18T08:20:51.774+0000][1][safepoint    ] Safepoint "RevokeBias", Time since last: 443583 ns, Reaching safepoint: 538959 ns, At safepoint: 100041 ns, Total: 639000 ns
[2023-07-18T08:20:51.777+0000][1][safepoint    ] Safepoint "RevokeBias", Time since last: 233500 ns, Reaching safepoint: 2845084 ns, At safepoint: 170583 ns, Total: 3015667 ns
[2023-07-18T08:20:51.778+0000][1][safepoint    ] Safepoint "RevokeBias", Time since last: 457292 ns, Reaching safepoint: 253583 ns, At safepoint: 102667 ns, Total: 356250 ns
[2023-07-18T08:20:51.779+0000][1][safepoint    ] Safepoint "RevokeBias", Time since last: 264541 ns, Reaching safepoint: 334500 ns, At safepoint: 107375 ns, Total: 441875 ns
[2023-07-18T08:20:51.793+0000][1][safepoint    ] Safepoint "RevokeBias", Time since last: 8418584 ns, Reaching safepoint: 5521500 ns, At safepoint: 176416 ns, Total: 5697916 ns
[2023-07-18T08:20:51.794+0000][1][safepoint    ] Safepoint "RevokeBias", Time since last: 398834 ns, Reaching safepoint: 176666 ns, At safepoint: 98834 ns, Total: 275500 ns
[2023-07-18T08:20:51.795+0000][1][safepoint    ] Safepoint "RevokeBias", Time since last: 414666 ns, Reaching safepoint: 250084 ns, At safepoint: 146833 ns, Total: 396917 ns
[2023-07-18T08:20:51.795+0000][1][safepoint    ] Safepoint "RevokeBias", Time since last: 215542 ns, Reaching safepoint: 492833 ns, At safepoint: 125208 ns, Total: 618041 ns
[2023-07-18T08:20:51.799+0000][1][safepoint    ] Safepoint "RevokeBias", Time since last: 434542 ns, Reaching safepoint: 3427625 ns, At safepoint: 166208 ns, Total: 3593833 ns
[2023-07-18T08:20:51.800+0000][1][safepoint    ] Safepoint "RevokeBias", Time since last: 325125 ns, Reaching safepoint: 444959 ns, At safepoint: 160458 ns, Total: 605417 ns
[2023-07-18T08:20:51.804+0000][1][safepoint    ] Safepoint "RevokeBias", Time since last: 530917 ns, Reaching safepoint: 2406625 ns, At safepoint: 184500 ns, Total: 2591125 ns
[2023-07-18T08:20:51.810+0000][1][safepoint    ] Safepoint "RevokeBias", Time since last: 5175875 ns, Reaching safepoint: 1036541 ns, At safepoint: 131125 ns, Total: 1167666 ns
[2023-07-18T08:20:51.820+0000][1][safepoint    ] Safepoint "RevokeBias", Time since last: 354292 ns, Reaching safepoint: 10126292 ns, At safepoint: 156083 ns, Total: 10282375 ns
[2023-07-18T08:20:51.824+0000][1][safepoint    ] Safepoint "RevokeBias", Time since last: 2006167 ns, Reaching safepoint: 1151375 ns, At safepoint: 130750 ns, Total: 1282125 ns
[2023-07-18T08:20:51.828+0000][1][safepoint    ] Safepoint "RevokeBias", Time since last: 349416 ns, Reaching safepoint: 3305042 ns, At safepoint: 130750 ns, Total: 3435792 ns
[2023-07-18T08:20:51.835+0000][1][safepoint    ] Safepoint "RevokeBias", Time since last: 6852875 ns, Reaching safepoint: 412583 ns, At safepoint: 99334 ns, Total: 511917 ns
[2023-07-18T08:20:51.838+0000][1][safepoint    ] Safepoint "RevokeBias", Time since last: 1318291 ns, Reaching safepoint: 1756042 ns, At safepoint: 134625 ns, Total: 1890667 ns
[2023-07-18T08:20:51.840+0000][1][safepoint    ] Safepoint "RevokeBias", Time since last: 1552083 ns, Reaching safepoint: 321334 ns, At safepoint: 117083 ns, Total: 438417 ns
[2023-07-18T08:20:51.844+0000][1][safepoint    ] Safepoint "RevokeBias", Time since last: 3325792 ns, Reaching safepoint: 220291 ns, At safepoint: 105250 ns, Total: 325541 ns
[2023-07-18T08:20:52.845+0000][1][safepoint    ] Safepoint "Cleanup", Time since last: 1000372042 ns, Reaching safepoint: 540042 ns, At safepoint: 12792 ns, Total: 552834 ns
[2023-07-18T08:20:53.651+0000][1][safepoint    ] Safepoint "Deoptimize", Time since last: 804932125 ns, Reaching safepoint: 851459 ns, At safepoint: 908416 ns, Total: 1759875 ns
[2023-07-18T08:20:54.010+0000][1][safepoint    ] Safepoint "Deoptimize", Time since last: 357283209 ns, Reaching safepoint: 541041 ns, At safepoint: 802625 ns, Total: 1343666 ns
[2023-07-18T08:20:54.118+0000][1][safepoint    ] Safepoint "RevokeBias", Time since last: 107848167 ns, Reaching safepoint: 294542 ns, At safepoint: 125333 ns, Total: 419875 ns
[2023-07-18T08:20:54.304+0000][1][gc,start     ] GC(2) Pause Young (Allocation Failure)
[2023-07-18T08:20:54.305+0000][1][gc,task      ] GC(2) Using 4 workers of 4 for evacuation
[2023-07-18T08:20:54.351+0000][1][gc,age       ] GC(2) Desired survivor size 8945664 bytes, new threshold 6 (max threshold 6)
[2023-07-18T08:20:54.351+0000][1][gc,age       ] GC(2) Age table with threshold 6 (max threshold 6)
[2023-07-18T08:20:54.351+0000][1][gc,age       ] GC(2) - age   1:    4116312 bytes,    4116312 total
[2023-07-18T08:20:54.352+0000][1][gc,age       ] GC(2) - age   2:    2793360 bytes,    6909672 total
[2023-07-18T08:20:54.352+0000][1][gc,heap      ] GC(2) ParNew: 146620K->8750K(157248K)
[2023-07-18T08:20:54.352+0000][1][gc,heap      ] GC(2) CMS: 9267K->9267K(349568K)
[2023-07-18T08:20:54.352+0000][1][gc,metaspace ] GC(2) Metaspace: 20331K->20331K(1067008K)
[2023-07-18T08:20:54.353+0000][1][gc           ] GC(2) Pause Young (Allocation Failure) 152M->17M(494M) 48.499ms
[2023-07-18T08:20:54.353+0000][1][gc,cpu       ] GC(2) User=0.08s Sys=0.00s Real=0.05s
[2023-07-18T08:20:54.362+0000][1][safepoint    ] Safepoint "GenCollectForAllocation", Time since last: 185467959 ns, Reaching safepoint: 204458 ns, At safepoint: 58153333 ns, Total: 58357791 ns
[2023-07-18T08:20:54.367+0000][1][safepoint    ] Safepoint "BulkRevokeBias", Time since last: 4397584 ns, Reaching safepoint: 323416 ns, At safepoint: 375417 ns, Total: 698833 ns
[2023-07-18T08:20:54.369+0000][1][safepoint    ] Safepoint "RevokeBias", Time since last: 980417 ns, Reaching safepoint: 203833 ns, At safepoint: 108292 ns, Total: 312125 ns
[2023-07-18T08:20:54.369+0000][1][safepoint    ] Safepoint "RevokeBias", Time since last: 362708 ns, Reaching safepoint: 237583 ns, At safepoint: 107459 ns, Total: 345042 ns
[2023-07-18T08:20:54.371+0000][1][safepoint    ] Safepoint "RevokeBias", Time since last: 1163083 ns, Reaching safepoint: 328667 ns, At safepoint: 93416 ns, Total: 422083 ns
[2023-07-18T08:20:54.374+0000][1][safepoint    ] Safepoint "RevokeBias", Time since last: 2424000 ns, Reaching safepoint: 277209 ns, At safepoint: 103416 ns, Total: 380625 ns
[2023-07-18T08:20:54.381+0000][1][safepoint    ] Safepoint "RevokeBias", Time since last: 4690792 ns, Reaching safepoint: 2426000 ns, At safepoint: 114458 ns, Total: 2540458 ns
[2023-07-18T08:20:54.385+0000][1][safepoint    ] Safepoint "RevokeBias", Time since last: 3547167 ns, Reaching safepoint: 334542 ns, At safepoint: 119083 ns, Total: 453625 ns
[2023-07-18T08:20:54.386+0000][1][safepoint    ] Safepoint "RevokeBias", Time since last: 911208 ns, Reaching safepoint: 232000 ns, At safepoint: 119750 ns, Total: 351750 ns
[2023-07-18T08:20:54.387+0000][1][safepoint    ] Safepoint "RevokeBias", Time since last: 224292 ns, Reaching safepoint: 161208 ns, At safepoint: 96667 ns, Total: 257875 ns
[2023-07-18T08:20:54.387+0000][1][safepoint    ] Safepoint "RevokeBias", Time since last: 199792 ns, Reaching safepoint: 133375 ns, At safepoint: 91125 ns, Total: 224500 ns
[2023-07-18T08:20:54.412+0000][1][safepoint    ] Safepoint "RevokeBias", Time since last: 24685708 ns, Reaching safepoint: 341667 ns, At safepoint: 122833 ns, Total: 464500 ns
[2023-07-18T08:20:54.418+0000][1][safepoint    ] Safepoint "RevokeBias", Time since last: 750542 ns, Reaching safepoint: 4474291 ns, At safepoint: 126417 ns, Total: 4600708 ns
[2023-07-18T08:20:54.426+0000][1][safepoint    ] Safepoint "RevokeBias", Time since last: 2179208 ns, Reaching safepoint: 6213167 ns, At safepoint: 138792 ns, Total: 6351959 ns
[2023-07-18T08:20:54.427+0000][1][safepoint    ] Safepoint "RevokeBias", Time since last: 377833 ns, Reaching safepoint: 185917 ns, At safepoint: 102333 ns, Total: 288250 ns
[2023-07-18T08:20:54.435+0000][1][safepoint    ] Safepoint "RevokeBias", Time since last: 7490250 ns, Reaching safepoint: 302125 ns, At safepoint: 107292 ns, Total: 409417 ns
[2023-07-18T08:20:54.436+0000][1][safepoint    ] Safepoint "RevokeBias", Time since last: 242416 ns, Reaching safepoint: 632167 ns, At safepoint: 75750 ns, Total: 707917 ns
[2023-07-18T08:20:54.469+0000][1][safepoint    ] Safepoint "RevokeBias", Time since last: 32934417 ns, Reaching safepoint: 321750 ns, At safepoint: 102250 ns, Total: 424000 ns
[2023-07-18T08:20:54.479+0000][1][safepoint    ] Safepoint "RevokeBias", Time since last: 9925125 ns, Reaching safepoint: 175750 ns, At safepoint: 110750 ns, Total: 286500 ns
[2023-07-18T08:20:54.547+0000][1][safepoint    ] Safepoint "RevokeBias", Time since last: 67717166 ns, Reaching safepoint: 179625 ns, At safepoint: 103834 ns, Total: 283459 ns
[2023-07-18T08:20:54.577+0000][1][safepoint    ] Safepoint "RevokeBias", Time since last: 29442125 ns, Reaching safepoint: 246916 ns, At safepoint: 103917 ns, Total: 350833 ns
[2023-07-18T08:20:55.080+0000][1][safepoint    ] Safepoint "RevokeBias", Time since last: 502230834 ns, Reaching safepoint: 238875 ns, At safepoint: 113041 ns, Total: 351916 ns
[2023-07-18T08:20:55.097+0000][1][safepoint    ] Safepoint "RevokeBias", Time since last: 16939959 ns, Reaching safepoint: 288750 ns, At safepoint: 108958 ns, Total: 397708 ns
[2023-07-18T08:20:55.127+0000][1][safepoint    ] Safepoint "CollectForMetadataAllocation", Time since last: 29779292 ns, Reaching safepoint: 313583 ns, At safepoint: 335375 ns, Total: 648958 ns
[2023-07-18T08:20:55.296+0000][1][safepoint    ] Safepoint "RevokeBias", Time since last: 168240750 ns, Reaching safepoint: 499083 ns, At safepoint: 129375 ns, Total: 628458 ns
[2023-07-18T08:20:55.308+0000][1][safepoint    ] Safepoint "RevokeBias", Time since last: 11502750 ns, Reaching safepoint: 251292 ns, At safepoint: 98333 ns, Total: 349625 ns
[2023-07-18T08:20:55.354+0000][1][safepoint    ] Safepoint "CollectForMetadataAllocation", Time since last: 31723084 ns, Reaching safepoint: 13703458 ns, At safepoint: 119750 ns, Total: 13823208 ns
[2023-07-18T08:20:56.232+0000][1][gc,start     ] GC(3) Pause Young (Allocation Failure)
[2023-07-18T08:20:56.233+0000][1][gc,task      ] GC(3) Using 4 workers of 4 for evacuation
[2023-07-18T08:20:56.272+0000][1][gc,age       ] GC(3) Desired survivor size 8945664 bytes, new threshold 6 (max threshold 6)
[2023-07-18T08:20:56.274+0000][1][gc,age       ] GC(3) Age table with threshold 6 (max threshold 6)
[2023-07-18T08:20:56.275+0000][1][gc,age       ] GC(3) - age   1:    1344392 bytes,    1344392 total
[2023-07-18T08:20:56.277+0000][1][gc,age       ] GC(3) - age   2:    2766744 bytes,    4111136 total
[2023-07-18T08:20:56.279+0000][1][gc,age       ] GC(3) - age   3:    2789344 bytes,    6900480 total
[2023-07-18T08:20:56.279+0000][1][gc,heap      ] GC(3) ParNew: 148526K->8525K(157248K)
[2023-07-18T08:20:56.281+0000][1][gc,heap      ] GC(3) CMS: 9267K->9267K(349568K)
[2023-07-18T08:20:56.285+0000][1][gc,metaspace ] GC(3) Metaspace: 20659K->20659K(1069056K)
[2023-07-18T08:20:56.286+0000][1][gc           ] GC(3) Pause Young (Allocation Failure) 154M->17M(494M) 53.622ms
[2023-07-18T08:20:56.286+0000][1][gc,cpu       ] GC(3) User=0.04s Sys=0.00s Real=0.05s
[2023-07-18T08:20:56.286+0000][1][safepoint    ] Safepoint "GenCollectForAllocation", Time since last: 876347959 ns, Reaching safepoint: 2407291 ns, At safepoint: 53950584 ns, Total: 56357875 ns
[2023-07-18T08:20:56.293+0000][1][safepoint    ] Safepoint "BulkRevokeBias", Time since last: 6577416 ns, Reaching safepoint: 377792 ns, At safepoint: 202292 ns, Total: 580084 ns
[2023-07-18T08:20:56.299+0000][1][gc,start     ] GC(4) Pause Initial Mark
[2023-07-18T08:20:56.318+0000][1][gc           ] GC(4) Pause Initial Mark 20M->20M(494M) 18.835ms
[2023-07-18T08:20:56.318+0000][1][gc,cpu       ] GC(4) User=0.02s Sys=0.00s Real=0.02s
[2023-07-18T08:20:56.319+0000][1][safepoint    ] Safepoint "BulkRevokeBias", Time since last: 1087125 ns, Reaching safepoint: 4407708 ns, At safepoint: 19795375 ns, Total: 24203083 ns
[2023-07-18T08:20:56.322+0000][1][gc           ] GC(4) Concurrent Mark
[2023-07-18T08:20:56.463+0000][1][gc           ] GC(4) Concurrent Mark 141.685ms
[2023-07-18T08:20:56.464+0000][1][gc,cpu       ] GC(4) User=0.27s Sys=0.00s Real=0.14s
[2023-07-18T08:20:56.464+0000][1][gc           ] GC(4) Concurrent Preclean
[2023-07-18T08:20:56.479+0000][1][gc           ] GC(4) Concurrent Preclean 15.009ms
[2023-07-18T08:20:56.483+0000][1][gc,cpu       ] GC(4) User=0.03s Sys=0.00s Real=0.02s
[2023-07-18T08:20:56.496+0000][1][gc           ] GC(4) Concurrent Abortable Preclean
[2023-07-18T08:20:57.202+0000][1][safepoint    ] Safepoint "CollectForMetadataAllocation", Time since last: 882379292 ns, Reaching safepoint: 857334 ns, At safepoint: 352500 ns, Total: 1209834 ns
[2023-07-18T08:20:57.204+0000][1][gc           ] GC(4) Concurrent Abortable Preclean 707.964ms
[2023-07-18T08:20:57.205+0000][1][gc,cpu       ] GC(4) User=1.30s Sys=0.02s Real=0.71s
[2023-07-18T08:20:57.212+0000][1][gc,start     ] GC(4) Pause Remark
[2023-07-18T08:20:57.450+0000][1][gc           ] GC(4) Pause Remark 95M->95M(494M) 238.076ms
[2023-07-18T08:20:57.450+0000][1][gc,cpu       ] GC(4) User=0.36s Sys=0.01s Real=0.24s
[2023-07-18T08:20:57.461+0000][1][safepoint    ] Safepoint "CMS_Final_Remark", Time since last: 3246083 ns, Reaching safepoint: 6180917 ns, At safepoint: 248990375 ns, Total: 255171292 ns
[2023-07-18T08:20:57.468+0000][1][gc           ] GC(4) Concurrent Sweep
[2023-07-18T08:20:57.499+0000][1][gc           ] GC(4) Concurrent Sweep 31.021ms
[2023-07-18T08:20:57.500+0000][1][gc,cpu       ] GC(4) User=0.06s Sys=0.00s Real=0.03s
[2023-07-18T08:20:57.500+0000][1][gc           ] GC(4) Concurrent Reset
[2023-07-18T08:20:57.502+0000][1][gc           ] GC(4) Concurrent Reset 1.872ms
[2023-07-18T08:20:57.502+0000][1][gc,cpu       ] GC(4) User=0.00s Sys=0.00s Real=0.00s
[2023-07-18T08:20:57.503+0000][1][gc,heap      ] GC(4) Old: 9267K->9265K(349568K)
[2023-07-18T08:20:58.028+0000][1][gc,start     ] GC(5) Pause Young (Allocation Failure)
[2023-07-18T08:20:58.029+0000][1][gc,task      ] GC(5) Using 4 workers of 4 for evacuation
[2023-07-18T08:20:58.070+0000][1][gc,age       ] GC(5) Desired survivor size 8945664 bytes, new threshold 4 (max threshold 6)
[2023-07-18T08:20:58.070+0000][1][gc,age       ] GC(5) Age table with threshold 4 (max threshold 6)
[2023-07-18T08:20:58.070+0000][1][gc,age       ] GC(5) - age   1:    2208784 bytes,    2208784 total
[2023-07-18T08:20:58.070+0000][1][gc,age       ] GC(5) - age   2:    1322928 bytes,    3531712 total
[2023-07-18T08:20:58.071+0000][1][gc,age       ] GC(5) - age   3:    2766592 bytes,    6298304 total
[2023-07-18T08:20:58.071+0000][1][gc,age       ] GC(5) - age   4:    2788856 bytes,    9087160 total
[2023-07-18T08:20:58.071+0000][1][gc,heap      ] GC(5) ParNew: 148301K->11331K(157248K)
[2023-07-18T08:20:58.071+0000][1][gc,heap      ] GC(5) CMS: 9265K->9265K(349568K)
[2023-07-18T08:20:58.071+0000][1][gc,metaspace ] GC(5) Metaspace: 20891K->20891K(1069056K)
[2023-07-18T08:20:58.071+0000][1][gc           ] GC(5) Pause Young (Allocation Failure) 153M->20M(494M) 42.924ms
[2023-07-18T08:20:58.071+0000][1][gc,cpu       ] GC(5) User=0.08s Sys=0.00s Real=0.05s
[2023-07-18T08:20:58.072+0000][1][safepoint    ] Safepoint "GenCollectForAllocation", Time since last: 565701667 ns, Reaching safepoint: 1987375 ns, At safepoint: 43243291 ns, Total: 45230666 ns
[2023-07-18T08:20:59.074+0000][1][safepoint    ] Safepoint "Cleanup", Time since last: 1001704001 ns, Reaching safepoint: 732583 ns, At safepoint: 34042 ns, Total: 766625 ns
[2023-07-18T08:20:59.690+0000][1][gc,start     ] GC(6) Pause Young (Allocation Failure)
[2023-07-18T08:20:59.691+0000][1][gc,task      ] GC(6) Using 4 workers of 4 for evacuation
[2023-07-18T08:20:59.787+0000][1][gc,age       ] GC(6) Desired survivor size 8945664 bytes, new threshold 6 (max threshold 6)
[2023-07-18T08:20:59.791+0000][1][gc,age       ] GC(6) Age table with threshold 6 (max threshold 6)
[2023-07-18T08:20:59.792+0000][1][gc,age       ] GC(6) - age   1:    1194160 bytes,    1194160 total
[2023-07-18T08:20:59.792+0000][1][gc,age       ] GC(6) - age   2:     503880 bytes,    1698040 total
[2023-07-18T08:20:59.792+0000][1][gc,age       ] GC(6) - age   3:    1322640 bytes,    3020680 total
[2023-07-18T08:20:59.792+0000][1][gc,age       ] GC(6) - age   4:    2765488 bytes,    5786168 total
[2023-07-18T08:20:59.793+0000][1][gc,heap      ] GC(6) ParNew: 151107K->10342K(157248K)
[2023-07-18T08:20:59.793+0000][1][gc,heap      ] GC(6) CMS: 9265K->12017K(349568K)
[2023-07-18T08:20:59.793+0000][1][gc,metaspace ] GC(6) Metaspace: 21804K->21804K(1069056K)
[2023-07-18T08:20:59.793+0000][1][gc           ] GC(6) Pause Young (Allocation Failure) 156M->21M(494M) 103.182ms
[2023-07-18T08:20:59.794+0000][1][gc,cpu       ] GC(6) User=0.09s Sys=0.00s Real=0.10s
[2023-07-18T08:20:59.798+0000][1][safepoint    ] Safepoint "GenCollectForAllocation", Time since last: 615638833 ns, Reaching safepoint: 323959 ns, At safepoint: 108245166 ns, Total: 108569125 ns
[2023-07-18T08:21:00.530+0000][1][safepoint    ] Safepoint "RevokeBias", Time since last: 730895917 ns, Reaching safepoint: 314250 ns, At safepoint: 89500 ns, Total: 403750 ns
[2023-07-18T08:21:01.533+0000][1][safepoint    ] Safepoint "Cleanup", Time since last: 1000480126 ns, Reaching safepoint: 2548542 ns, At safepoint: 127333 ns, Total: 2675875 ns
[2023-07-18T08:21:02.044+0000][1][gc,start     ] GC(7) Pause Young (Allocation Failure)
[2023-07-18T08:21:02.048+0000][1][gc,task      ] GC(7) Using 4 workers of 4 for evacuation
[2023-07-18T08:21:02.114+0000][1][gc,age       ] GC(7) Desired survivor size 8945664 bytes, new threshold 6 (max threshold 6)
[2023-07-18T08:21:02.114+0000][1][gc,age       ] GC(7) Age table with threshold 6 (max threshold 6)
[2023-07-18T08:21:02.114+0000][1][gc,age       ] GC(7) - age   1:    2353536 bytes,    2353536 total
[2023-07-18T08:21:02.115+0000][1][gc,age       ] GC(7) - age   2:     784288 bytes,    3137824 total
[2023-07-18T08:21:02.115+0000][1][gc,age       ] GC(7) - age   3:     503880 bytes,    3641704 total
[2023-07-18T08:21:02.115+0000][1][gc,age       ] GC(7) - age   4:    1322040 bytes,    4963744 total
[2023-07-18T08:21:02.115+0000][1][gc,age       ] GC(7) - age   5:    2765488 bytes,    7729232 total
[2023-07-18T08:21:02.117+0000][1][gc,heap      ] GC(7) ParNew: 150118K->9849K(157248K)
[2023-07-18T08:21:02.117+0000][1][gc,heap      ] GC(7) CMS: 12017K->12017K(349568K)
[2023-07-18T08:21:02.117+0000][1][gc,metaspace ] GC(7) Metaspace: 21965K->21965K(1069056K)
[2023-07-18T08:21:02.118+0000][1][gc           ] GC(7) Pause Young (Allocation Failure) 158M->21M(494M) 73.820ms
[2023-07-18T08:21:02.118+0000][1][gc,cpu       ] GC(7) User=0.06s Sys=0.00s Real=0.07s
[2023-07-18T08:21:02.119+0000][1][safepoint    ] Safepoint "GenCollectForAllocation", Time since last: 510348042 ns, Reaching safepoint: 365083 ns, At safepoint: 75252167 ns, Total: 75617250 ns
[2023-07-18T08:21:03.121+0000][1][safepoint    ] Safepoint "Cleanup", Time since last: 1000381625 ns, Reaching safepoint: 1363292 ns, At safepoint: 20167 ns, Total: 1383459 ns
[2023-07-18T08:21:04.139+0000][1][safepoint    ] Safepoint "Cleanup", Time since last: 1014395292 ns, Reaching safepoint: 3902958 ns, At safepoint: 28459 ns, Total: 3931417 ns
[2023-07-18T08:21:05.145+0000][1][safepoint    ] Safepoint "Cleanup", Time since last: 1001176583 ns, Reaching safepoint: 4732375 ns, At safepoint: 16500 ns, Total: 4748875 ns
[2023-07-18T08:21:06.146+0000][1][safepoint    ] Safepoint "Cleanup", Time since last: 1000357501 ns, Reaching safepoint: 1311708 ns, At safepoint: 16875 ns, Total: 1328583 ns
[2023-07-18T08:21:06.277+0000][1][gc,start     ] GC(8) Pause Young (Allocation Failure)
[2023-07-18T08:21:06.277+0000][1][gc,task      ] GC(8) Using 4 workers of 4 for evacuation
[2023-07-18T08:21:06.338+0000][1][gc,age       ] GC(8) Desired survivor size 8945664 bytes, new threshold 6 (max threshold 6)
[2023-07-18T08:21:06.339+0000][1][gc,age       ] GC(8) Age table with threshold 6 (max threshold 6)
[2023-07-18T08:21:06.339+0000][1][gc,age       ] GC(8) - age   1:    1143232 bytes,    1143232 total
[2023-07-18T08:21:06.339+0000][1][gc,age       ] GC(8) - age   2:     380936 bytes,    1524168 total
[2023-07-18T08:21:06.339+0000][1][gc,age       ] GC(8) - age   3:     784024 bytes,    2308192 total
[2023-07-18T08:21:06.339+0000][1][gc,age       ] GC(8) - age   4:     503816 bytes,    2812008 total
[2023-07-18T08:21:06.339+0000][1][gc,age       ] GC(8) - age   5:    1321432 bytes,    4133440 total
[2023-07-18T08:21:06.339+0000][1][gc,age       ] GC(8) - age   6:    2764904 bytes,    6898344 total
[2023-07-18T08:21:06.340+0000][1][gc,heap      ] GC(8) ParNew: 149625K->10008K(157248K)
[2023-07-18T08:21:06.340+0000][1][gc,heap      ] GC(8) CMS: 12017K->12017K(349568K)
[2023-07-18T08:21:06.340+0000][1][gc,metaspace ] GC(8) Metaspace: 23956K->23956K(1071104K)
[2023-07-18T08:21:06.340+0000][1][gc           ] GC(8) Pause Young (Allocation Failure) 157M->21M(494M) 63.297ms
[2023-07-18T08:21:06.340+0000][1][gc,cpu       ] GC(8) User=0.12s Sys=0.00s Real=0.07s
[2023-07-18T08:21:06.340+0000][1][safepoint    ] Safepoint "GenCollectForAllocation", Time since last: 129998542 ns, Reaching safepoint: 352250 ns, At safepoint: 63708750 ns, Total: 64061000 ns
[2023-07-18T08:21:07.342+0000][1][safepoint    ] Safepoint "Cleanup", Time since last: 1000227084 ns, Reaching safepoint: 887416 ns, At safepoint: 10417 ns, Total: 897833 ns
[2023-07-18T08:21:07.887+0000][1][safepoint    ] Safepoint "Deoptimize", Time since last: 543311959 ns, Reaching safepoint: 479291 ns, At safepoint: 1541584 ns, Total: 2020875 ns
[2023-07-18T08:21:08.888+0000][1][safepoint    ] Safepoint "Cleanup", Time since last: 1000410167 ns, Reaching safepoint: 912375 ns, At safepoint: 10916 ns, Total: 923291 ns
[2023-07-18T08:21:09.897+0000][1][safepoint    ] Safepoint "Cleanup", Time since last: 1000351418 ns, Reaching safepoint: 8486458 ns, At safepoint: 44500 ns, Total: 8530958 ns
[2023-07-18T08:21:10.899+0000][1][safepoint    ] Safepoint "Cleanup", Time since last: 1001791917 ns, Reaching safepoint: 482333 ns, At safepoint: 10667 ns, Total: 493000 ns
[2023-07-18T08:21:11.901+0000][1][safepoint    ] Safepoint "Cleanup", Time since last: 1000435501 ns, Reaching safepoint: 597583 ns, At safepoint: 22833 ns, Total: 620416 ns
[2023-07-18T08:21:12.901+0000][1][safepoint    ] Safepoint "Cleanup", Time since last: 1000349584 ns, Reaching safepoint: 389958 ns, At safepoint: 10750 ns, Total: 400708 ns
[2023-07-18T08:21:13.906+0000][1][safepoint    ] Safepoint "Cleanup", Time since last: 1002282084 ns, Reaching safepoint: 2714500 ns, At safepoint: 13042 ns, Total: 2727542 ns
[2023-07-18T08:21:14.466+0000][1][safepoint    ] Safepoint "RevokeBias", Time since last: 558840667 ns, Reaching safepoint: 129583 ns, At safepoint: 380833 ns, Total: 510416 ns
[2023-07-18T08:21:15.904+0000][1][safepoint    ] Safepoint "Cleanup", Time since last: 1436804918 ns, Reaching safepoint: 1500416 ns, At safepoint: 11834 ns, Total: 1512250 ns
[2023-07-18T08:21:16.742+0000][1][safepoint    ] Safepoint "Deoptimize", Time since last: 837178084 ns, Reaching safepoint: 182666 ns, At safepoint: 964292 ns, Total: 1146958 ns
[2023-07-18T08:21:16.949+0000][1][gc,start     ] GC(9) Pause Young (Allocation Failure)
[2023-07-18T08:21:16.951+0000][1][gc,task      ] GC(9) Using 4 workers of 4 for evacuation
[2023-07-18T08:21:17.203+0000][1][gc,age       ] GC(9) Desired survivor size 8945664 bytes, new threshold 1 (max threshold 6)
[2023-07-18T08:21:17.203+0000][1][gc,age       ] GC(9) Age table with threshold 1 (max threshold 6)
[2023-07-18T08:21:17.203+0000][1][gc,age       ] GC(9) - age   1:   13694912 bytes,   13694912 total
[2023-07-18T08:21:17.203+0000][1][gc,age       ] GC(9) - age   2:    1112672 bytes,   14807584 total
[2023-07-18T08:21:17.204+0000][1][gc,age       ] GC(9) - age   3:     378296 bytes,   15185880 total
[2023-07-18T08:21:17.204+0000][1][gc,age       ] GC(9) - age   4:     782680 bytes,   15968560 total
[2023-07-18T08:21:17.204+0000][1][gc,age       ] GC(9) - age   5:     501288 bytes,   16469848 total
[2023-07-18T08:21:17.204+0000][1][gc,age       ] GC(9) - age   6:    1309912 bytes,   17779760 total
[2023-07-18T08:21:17.204+0000][1][gc,heap      ] GC(9) ParNew: 149784K->17472K(157248K)
[2023-07-18T08:21:17.204+0000][1][gc,heap      ] GC(9) CMS: 12017K->18951K(349568K)
[2023-07-18T08:21:17.204+0000][1][gc,metaspace ] GC(9) Metaspace: 29097K->29097K(1077248K)
[2023-07-18T08:21:17.204+0000][1][gc           ] GC(9) Pause Young (Allocation Failure) 158M->35M(494M) 255.788ms
[2023-07-18T08:21:17.205+0000][1][gc,cpu       ] GC(9) User=0.31s Sys=0.01s Real=0.26s
[2023-07-18T08:21:17.205+0000][1][safepoint    ] Safepoint "GenCollectForAllocation", Time since last: 205774958 ns, Reaching safepoint: 609125 ns, At safepoint: 256101792 ns, Total: 256710917 ns
[2023-07-18T08:21:18.206+0000][1][safepoint    ] Safepoint "Cleanup", Time since last: 1000352250 ns, Reaching safepoint: 480375 ns, At safepoint: 12375 ns, Total: 492750 ns
[2023-07-18T08:21:19.211+0000][1][safepoint    ] Safepoint "Cleanup", Time since last: 1001454501 ns, Reaching safepoint: 3499291 ns, At safepoint: 13125 ns, Total: 3512416 ns
[2023-07-18T08:21:20.015+0000][1][safepoint    ] Safepoint "RevokeBias", Time since last: 804141042 ns, Reaching safepoint: 389042 ns, At safepoint: 134500 ns, Total: 523542 ns
[2023-07-18T08:21:21.024+0000][1][safepoint    ] Safepoint "Cleanup", Time since last: 1001102917 ns, Reaching safepoint: 7500000 ns, At safepoint: 14042 ns, Total: 7514042 ns
[2023-07-18T08:21:22.027+0000][1][safepoint    ] Safepoint "Cleanup", Time since last: 1000442334 ns, Reaching safepoint: 2581041 ns, At safepoint: 12667 ns, Total: 2593708 ns
[2023-07-18T08:21:22.371+0000][1][safepoint    ] Safepoint "CollectForMetadataAllocation", Time since last: 343630834 ns, Reaching safepoint: 254208 ns, At safepoint: 353917 ns, Total: 608125 ns
[2023-07-18T08:21:22.459+0000][1][safepoint    ] Safepoint "CollectForMetadataAllocation", Time since last: 87686833 ns, Reaching safepoint: 169417 ns, At safepoint: 152166 ns, Total: 321583 ns
[2023-07-18T08:21:22.893+0000][1][gc,start     ] GC(10) Pause Young (Allocation Failure)
[2023-07-18T08:21:22.893+0000][1][gc,task      ] GC(10) Using 4 workers of 4 for evacuation
[2023-07-18T08:21:23.148+0000][1][gc,age       ] GC(10) Desired survivor size 8945664 bytes, new threshold 1 (max threshold 6)
[2023-07-18T08:21:23.148+0000][1][gc,age       ] GC(10) Age table with threshold 1 (max threshold 6)
[2023-07-18T08:21:23.149+0000][1][gc,age       ] GC(10) - age   1:   10951512 bytes,   10951512 total
[2023-07-18T08:21:23.149+0000][1][gc,heap      ] GC(10) ParNew: 157248K->17472K(157248K)
[2023-07-18T08:21:23.149+0000][1][gc,heap      ] GC(10) CMS: 18951K->37667K(349568K)
[2023-07-18T08:21:23.149+0000][1][gc,metaspace ] GC(10) Metaspace: 34744K->34744K(1081344K)
[2023-07-18T08:21:23.150+0000][1][gc           ] GC(10) Pause Young (Allocation Failure) 172M->53M(494M) 256.664ms
[2023-07-18T08:21:23.150+0000][1][gc,cpu       ] GC(10) User=0.45s Sys=0.00s Real=0.25s
[2023-07-18T08:21:23.152+0000][1][safepoint    ] Safepoint "GenCollectForAllocation", Time since last: 433459126 ns, Reaching safepoint: 341791 ns, At safepoint: 259215709 ns, Total: 259557500 ns
[2023-07-18T08:21:23.155+0000][1][gc,start     ] GC(11) Pause Initial Mark
[2023-07-18T08:21:23.180+0000][1][gc           ] GC(11) Pause Initial Mark 56M->56M(494M) 25.105ms
[2023-07-18T08:21:23.180+0000][1][gc,cpu       ] GC(11) User=0.06s Sys=0.00s Real=0.03s
[2023-07-18T08:21:23.181+0000][1][safepoint    ] Safepoint "CMS_Initial_Mark", Time since last: 2263750 ns, Reaching safepoint: 327875 ns, At safepoint: 25878333 ns, Total: 26206208 ns
[2023-07-18T08:21:23.181+0000][1][gc           ] GC(11) Concurrent Mark
[2023-07-18T08:21:23.343+0000][1][gc           ] GC(11) Concurrent Mark 161.964ms
[2023-07-18T08:21:23.343+0000][1][gc,cpu       ] GC(11) User=0.35s Sys=0.00s Real=0.16s
[2023-07-18T08:21:23.343+0000][1][gc           ] GC(11) Concurrent Preclean
[2023-07-18T08:21:23.347+0000][1][gc           ] GC(11) Concurrent Preclean 3.470ms
[2023-07-18T08:21:23.348+0000][1][gc,cpu       ] GC(11) User=0.01s Sys=0.00s Real=0.00s
[2023-07-18T08:21:23.348+0000][1][gc           ] GC(11) Concurrent Abortable Preclean
[2023-07-18T08:21:24.146+0000][1][safepoint    ] Safepoint "CollectForMetadataAllocation", Time since last: 919956625 ns, Reaching safepoint: 31284875 ns, At safepoint: 13444459 ns, Total: 44729334 ns
[2023-07-18T08:21:25.168+0000][1][safepoint    ] Safepoint "Cleanup", Time since last: 1014517292 ns, Reaching safepoint: 8629417 ns, At safepoint: 20291 ns, Total: 8649708 ns
[2023-07-18T08:21:25.418+0000][1][safepoint    ] Safepoint "CollectForMetadataAllocation", Time since last: 248361917 ns, Reaching safepoint: 397000 ns, At safepoint: 385083 ns, Total: 782083 ns
[2023-07-18T08:21:25.732+0000][1][safepoint    ] Safepoint "CollectForMetadataAllocation", Time since last: 313267626 ns, Reaching safepoint: 241166 ns, At safepoint: 696667 ns, Total: 937833 ns
[2023-07-18T08:21:25.953+0000][1][safepoint    ] Safepoint "CollectForMetadataAllocation", Time since last: 221159583 ns, Reaching safepoint: 387167 ns, At safepoint: 138375 ns, Total: 525542 ns
[2023-07-18T08:21:26.188+0000][1][safepoint    ] Safepoint "CollectForMetadataAllocation", Time since last: 234462375 ns, Reaching safepoint: 265000 ns, At safepoint: 129917 ns, Total: 394917 ns
[2023-07-18T08:21:26.249+0000][1][safepoint    ] Safepoint "CollectForMetadataAllocation", Time since last: 59998708 ns, Reaching safepoint: 289917 ns, At safepoint: 112583 ns, Total: 402500 ns
[2023-07-18T08:21:26.353+0000][1][safepoint    ] Safepoint "CollectForMetadataAllocation", Time since last: 103598958 ns, Reaching safepoint: 320584 ns, At safepoint: 112500 ns, Total: 433084 ns
[2023-07-18T08:21:26.423+0000][1][safepoint    ] Safepoint "CollectForMetadataAllocation", Time since last: 69440792 ns, Reaching safepoint: 277708 ns, At safepoint: 112458 ns, Total: 390166 ns
[2023-07-18T08:21:26.521+0000][1][safepoint    ] Safepoint "CollectForMetadataAllocation", Time since last: 98346417 ns, Reaching safepoint: 278167 ns, At safepoint: 114291 ns, Total: 392458 ns
[2023-07-18T08:21:26.585+0000][1][safepoint    ] Safepoint "CollectForMetadataAllocation", Time since last: 63007167 ns, Reaching safepoint: 263208 ns, At safepoint: 128000 ns, Total: 391208 ns
[2023-07-18T08:21:26.705+0000][1][safepoint    ] Safepoint "CollectForMetadataAllocation", Time since last: 119342250 ns, Reaching safepoint: 618750 ns, At safepoint: 159167 ns, Total: 777917 ns
[2023-07-18T08:21:26.826+0000][1][safepoint    ] Safepoint "CollectForMetadataAllocation", Time since last: 120333750 ns, Reaching safepoint: 249750 ns, At safepoint: 85417 ns, Total: 335167 ns
[2023-07-18T08:21:26.959+0000][1][safepoint    ] Safepoint "RevokeBias", Time since last: 132349875 ns, Reaching safepoint: 447333 ns, At safepoint: 981833 ns, Total: 1429166 ns
[2023-07-18T08:21:26.964+0000][1][safepoint    ] Safepoint "CollectForMetadataAllocation", Time since last: 4692584 ns, Reaching safepoint: 256750 ns, At safepoint: 121708 ns, Total: 378458 ns
[2023-07-18T08:21:26.970+0000][1][safepoint    ] Safepoint "Deoptimize", Time since last: 3473792 ns, Reaching safepoint: 152500 ns, At safepoint: 1756333 ns, Total: 1908833 ns
[2023-07-18T08:21:27.007+0000][1][safepoint    ] Safepoint "RevokeBias", Time since last: 37128292 ns, Reaching safepoint: 241416 ns, At safepoint: 204667 ns, Total: 446083 ns
[2023-07-18T08:21:27.064+0000][1][safepoint    ] Safepoint "RevokeBias", Time since last: 55560042 ns, Reaching safepoint: 366250 ns, At safepoint: 307083 ns, Total: 673333 ns
[2023-07-18T08:21:27.210+0000][1][safepoint    ] Safepoint "CollectForMetadataAllocation", Time since last: 145423375 ns, Reaching safepoint: 502792 ns, At safepoint: 114000 ns, Total: 616792 ns
[2023-07-18T08:21:27.266+0000][1][safepoint    ] Safepoint "CollectForMetadataAllocation", Time since last: 51881042 ns, Reaching safepoint: 3951875 ns, At safepoint: 122750 ns, Total: 4074625 ns
[2023-07-18T08:21:27.371+0000][1][safepoint    ] Safepoint "CollectForMetadataAllocation", Time since last: 104960000 ns, Reaching safepoint: 281750 ns, At safepoint: 102083 ns, Total: 383833 ns
[2023-07-18T08:21:27.493+0000][1][safepoint    ] Safepoint "CollectForMetadataAllocation", Time since last: 120294458 ns, Reaching safepoint: 1888375 ns, At safepoint: 114209 ns, Total: 2002584 ns
[2023-07-18T08:21:27.608+0000][1][safepoint    ] Safepoint "CollectForMetadataAllocation", Time since last: 113979666 ns, Reaching safepoint: 403750 ns, At safepoint: 141667 ns, Total: 545417 ns
[2023-07-18T08:21:27.714+0000][1][safepoint    ] Safepoint "CollectForMetadataAllocation", Time since last: 104076125 ns, Reaching safepoint: 1593042 ns, At safepoint: 120416 ns, Total: 1713458 ns
[2023-07-18T08:21:27.899+0000][1][safepoint    ] Safepoint "CollectForMetadataAllocation", Time since last: 185293792 ns, Reaching safepoint: 306459 ns, At safepoint: 88208 ns, Total: 394667 ns
[2023-07-18T08:21:28.022+0000][1][safepoint    ] Safepoint "CollectForMetadataAllocation", Time since last: 122877583 ns, Reaching safepoint: 274459 ns, At safepoint: 95041 ns, Total: 369500 ns
[2023-07-18T08:21:28.092+0000][1][safepoint    ] Safepoint "CollectForMetadataAllocation", Time since last: 69270792 ns, Reaching safepoint: 252583 ns, At safepoint: 105625 ns, Total: 358208 ns
[2023-07-18T08:21:28.228+0000][1][safepoint    ] Safepoint "CollectForMetadataAllocation", Time since last: 135369250 ns, Reaching safepoint: 287417 ns, At safepoint: 115958 ns, Total: 403375 ns
[2023-07-18T08:21:28.296+0000][1][safepoint    ] Safepoint "CollectForMetadataAllocation", Time since last: 67568917 ns, Reaching safepoint: 262042 ns, At safepoint: 131791 ns, Total: 393833 ns
[2023-07-18T08:21:28.423+0000][1][safepoint    ] Safepoint "CollectForMetadataAllocation", Time since last: 119723709 ns, Reaching safepoint: 6850000 ns, At safepoint: 107708 ns, Total: 6957708 ns
[2023-07-18T08:21:28.550+0000][1][gc           ] GC(11) Concurrent Abortable Preclean 5201.522ms
[2023-07-18T08:21:28.551+0000][1][gc,cpu       ] GC(11) User=10.97s Sys=0.21s Real=5.21s
[2023-07-18T08:21:28.555+0000][1][gc,start     ] GC(11) Pause Remark
[2023-07-18T08:21:28.789+0000][1][gc           ] GC(11) Pause Remark 181M->181M(494M) 233.611ms
[2023-07-18T08:21:28.791+0000][1][gc,cpu       ] GC(11) User=0.43s Sys=0.01s Real=0.24s
[2023-07-18T08:21:28.792+0000][1][safepoint    ] Safepoint "CMS_Final_Remark", Time since last: 128589000 ns, Reaching safepoint: 3838417 ns, At safepoint: 236818917 ns, Total: 240657334 ns
[2023-07-18T08:21:28.793+0000][1][gc           ] GC(11) Concurrent Sweep
[2023-07-18T08:21:28.875+0000][1][safepoint    ] Safepoint "CollectForMetadataAllocation", Time since last: 77131708 ns, Reaching safepoint: 6449667 ns, At safepoint: 49791 ns, Total: 6499458 ns
[2023-07-18T08:21:28.888+0000][1][gc           ] GC(11) Concurrent Sweep 94.875ms
[2023-07-18T08:21:28.888+0000][1][gc,cpu       ] GC(11) User=0.19s Sys=0.00s Real=0.09s
[2023-07-18T08:21:28.889+0000][1][gc           ] GC(11) Concurrent Reset
[2023-07-18T08:21:28.891+0000][1][gc           ] GC(11) Concurrent Reset 1.187ms
[2023-07-18T08:21:28.891+0000][1][gc,cpu       ] GC(11) User=0.00s Sys=0.00s Real=0.01s
[2023-07-18T08:21:28.892+0000][1][gc,heap      ] GC(11) Old: 37667K->37502K(349568K)
[2023-07-18T08:21:29.663+0000][1][gc,start     ] GC(12) Pause Young (Allocation Failure)
[2023-07-18T08:21:29.665+0000][1][gc,task      ] GC(12) Using 4 workers of 4 for evacuation
[2023-07-18T08:21:29.802+0000][1][gc,age       ] GC(12) Desired survivor size 8945664 bytes, new threshold 6 (max threshold 6)
[2023-07-18T08:21:29.803+0000][1][gc,age       ] GC(12) Age table with threshold 6 (max threshold 6)
[2023-07-18T08:21:29.803+0000][1][gc,age       ] GC(12) - age   1:    3288344 bytes,    3288344 total
[2023-07-18T08:21:29.804+0000][1][gc,heap      ] GC(12) ParNew: 157248K->11672K(157248K)
[2023-07-18T08:21:29.804+0000][1][gc,heap      ] GC(12) CMS: 37502K->48310K(349568K)
[2023-07-18T08:21:29.804+0000][1][gc,metaspace ] GC(12) Metaspace: 43547K->43547K(1089536K)
[2023-07-18T08:21:29.805+0000][1][gc           ] GC(12) Pause Young (Allocation Failure) 190M->58M(494M) 141.643ms
[2023-07-18T08:21:29.805+0000][1][gc,cpu       ] GC(12) User=0.30s Sys=0.01s Real=0.14s
[2023-07-18T08:21:29.805+0000][1][safepoint    ] Safepoint "GenCollectForAllocation", Time since last: 787119792 ns, Reaching safepoint: 489959 ns, At safepoint: 142509416 ns, Total: 142999375 ns
[2023-07-18T08:21:30.113+0000][1][safepoint    ] Safepoint "RevokeBias", Time since last: 307154501 ns, Reaching safepoint: 427208 ns, At safepoint: 210042 ns, Total: 637250 ns
[2023-07-18T08:21:30.116+0000][1][safepoint    ] Safepoint "RevokeBias", Time since last: 2188833 ns, Reaching safepoint: 426708 ns, At safepoint: 173792 ns, Total: 600500 ns
[2023-07-18T08:21:31.118+0000][1][safepoint    ] Safepoint "Cleanup", Time since last: 1001013542 ns, Reaching safepoint: 624042 ns, At safepoint: 12500 ns, Total: 636542 ns
[2023-07-18T08:21:34.120+0000][1][safepoint    ] Safepoint "Cleanup", Time since last: 3001433751 ns, Reaching safepoint: 435709 ns, At safepoint: 11916 ns, Total: 447625 ns
[2023-07-18T08:21:35.118+0000][1][safepoint    ] Safepoint "RevokeBias", Time since last: 996870542 ns, Reaching safepoint: 547000 ns, At safepoint: 716834 ns, Total: 1263834 ns
[2023-07-18T08:21:35.127+0000][1][safepoint    ] Safepoint "RevokeBias", Time since last: 7269916 ns, Reaching safepoint: 1540000 ns, At safepoint: 252750 ns, Total: 1792750 ns
[2023-07-18T08:21:35.129+0000][1][safepoint    ] Safepoint "RevokeBias", Time since last: 1811125 ns, Reaching safepoint: 391750 ns, At safepoint: 227834 ns, Total: 619584 ns
[2023-07-18T08:21:35.135+0000][1][safepoint    ] Safepoint "RevokeBias", Time since last: 376000 ns, Reaching safepoint: 165916 ns, At safepoint: 5570042 ns, Total: 5735958 ns
[2023-07-18T08:21:35.137+0000][1][safepoint    ] Safepoint "RevokeBias", Time since last: 1086708 ns, Reaching safepoint: 219542 ns, At safepoint: 230708 ns, Total: 450250 ns
[2023-07-18T08:21:35.138+0000][1][safepoint    ] Safepoint "RevokeBias", Time since last: 645417 ns, Reaching safepoint: 187458 ns, At safepoint: 243667 ns, Total: 431125 ns
[2023-07-18T08:21:35.142+0000][1][safepoint    ] Safepoint "BulkRevokeBias", Time since last: 836792 ns, Reaching safepoint: 2031750 ns, At safepoint: 737416 ns, Total: 2769166 ns
[2023-07-18T08:21:35.143+0000][1][safepoint    ] Safepoint "RevokeBias", Time since last: 1082042 ns, Reaching safepoint: 240917 ns, At safepoint: 222583 ns, Total: 463500 ns
[2023-07-18T08:21:35.144+0000][1][safepoint    ] Safepoint "RevokeBias", Time since last: 398792 ns, Reaching safepoint: 271250 ns, At safepoint: 192166 ns, Total: 463416 ns
[2023-07-18T08:21:35.145+0000][1][safepoint    ] Safepoint "RevokeBias", Time since last: 540459 ns, Reaching safepoint: 199958 ns, At safepoint: 208000 ns, Total: 407958 ns
[2023-07-18T08:21:35.146+0000][1][safepoint    ] Safepoint "RevokeBias", Time since last: 350000 ns, Reaching safepoint: 181250 ns, At safepoint: 185625 ns, Total: 366875 ns
[2023-07-18T08:21:35.146+0000][1][safepoint    ] Safepoint "RevokeBias", Time since last: 321292 ns, Reaching safepoint: 228625 ns, At safepoint: 224750 ns, Total: 453375 ns
[2023-07-18T08:21:35.154+0000][1][safepoint    ] Safepoint "RevokeBias", Time since last: 5078833 ns, Reaching safepoint: 1242000 ns, At safepoint: 1148750 ns, Total: 2390750 ns
[2023-07-18T08:21:35.157+0000][1][safepoint    ] Safepoint "RevokeBias", Time since last: 2409042 ns, Reaching safepoint: 954750 ns, At safepoint: 193083 ns, Total: 1147833 ns
[2023-07-18T08:21:35.161+0000][1][safepoint    ] Safepoint "RevokeBias", Time since last: 1726708 ns, Reaching safepoint: 1354459 ns, At safepoint: 290916 ns, Total: 1645375 ns
[2023-07-18T08:21:35.164+0000][1][safepoint    ] Safepoint "RevokeBias", Time since last: 2305959 ns, Reaching safepoint: 614375 ns, At safepoint: 509958 ns, Total: 1124333 ns
[2023-07-18T08:21:35.165+0000][1][safepoint    ] Safepoint "RevokeBias", Time since last: 462958 ns, Reaching safepoint: 189709 ns, At safepoint: 240958 ns, Total: 430667 ns
[2023-07-18T08:21:35.166+0000][1][safepoint    ] Safepoint "RevokeBias", Time since last: 423292 ns, Reaching safepoint: 177791 ns, At safepoint: 200459 ns, Total: 378250 ns
[2023-07-18T08:21:35.167+0000][1][safepoint    ] Safepoint "RevokeBias", Time since last: 371500 ns, Reaching safepoint: 185916 ns, At safepoint: 200375 ns, Total: 386291 ns
[2023-07-18T08:21:35.179+0000][1][safepoint    ] Safepoint "RevokeBias", Time since last: 340792 ns, Reaching safepoint: 2508292 ns, At safepoint: 9542916 ns, Total: 12051208 ns
[2023-07-18T08:21:35.182+0000][1][safepoint    ] Safepoint "RevokeBias", Time since last: 343250 ns, Reaching safepoint: 2876209 ns, At safepoint: 179833 ns, Total: 3056042 ns
[2023-07-18T08:21:35.185+0000][1][safepoint    ] Safepoint "RevokeBias", Time since last: 1785708 ns, Reaching safepoint: 365459 ns, At safepoint: 149708 ns, Total: 515167 ns
[2023-07-18T08:21:35.189+0000][1][safepoint    ] Safepoint "RevokeBias", Time since last: 3993875 ns, Reaching safepoint: 450417 ns, At safepoint: 198416 ns, Total: 648833 ns
[2023-07-18T08:21:35.191+0000][1][safepoint    ] Safepoint "RevokeBias", Time since last: 610542 ns, Reaching safepoint: 753250 ns, At safepoint: 110042 ns, Total: 863292 ns
[2023-07-18T08:21:35.192+0000][1][safepoint    ] Safepoint "RevokeBias", Time since last: 621291 ns, Reaching safepoint: 302167 ns, At safepoint: 104208 ns, Total: 406375 ns
[2023-07-18T08:21:35.193+0000][1][safepoint    ] Safepoint "RevokeBias", Time since last: 383792 ns, Reaching safepoint: 378875 ns, At safepoint: 118000 ns, Total: 496875 ns
[2023-07-18T08:21:35.194+0000][1][safepoint    ] Safepoint "RevokeBias", Time since last: 394708 ns, Reaching safepoint: 265375 ns, At safepoint: 114375 ns, Total: 379750 ns
[2023-07-18T08:21:35.195+0000][1][safepoint    ] Safepoint "BulkRevokeBias", Time since last: 356417 ns, Reaching safepoint: 392583 ns, At safepoint: 489584 ns, Total: 882167 ns
[2023-07-18T08:21:35.197+0000][1][safepoint    ] Safepoint "RevokeBias", Time since last: 1201250 ns, Reaching safepoint: 500750 ns, At safepoint: 166416 ns, Total: 667166 ns
[2023-07-18T08:21:35.198+0000][1][safepoint    ] Safepoint "RevokeBias", Time since last: 524625 ns, Reaching safepoint: 558792 ns, At safepoint: 245375 ns, Total: 804167 ns
[2023-07-18T08:21:35.214+0000][1][safepoint    ] Safepoint "RevokeBias", Time since last: 15517292 ns, Reaching safepoint: 606875 ns, At safepoint: 93125 ns, Total: 700000 ns
[2023-07-18T08:21:35.215+0000][1][safepoint    ] Safepoint "RevokeBias", Time since last: 873125 ns, Reaching safepoint: 225875 ns, At safepoint: 49375 ns, Total: 275250 ns
[2023-07-18T08:21:35.216+0000][1][safepoint    ] Safepoint "RevokeBias", Time since last: 461916 ns, Reaching safepoint: 346750 ns, At safepoint: 70625 ns, Total: 417375 ns
[2023-07-18T08:21:35.217+0000][1][safepoint    ] Safepoint "RevokeBias", Time since last: 584250 ns, Reaching safepoint: 253792 ns, At safepoint: 44292 ns, Total: 298084 ns
[2023-07-18T08:21:35.218+0000][1][safepoint    ] Safepoint "RevokeBias", Time since last: 405583 ns, Reaching safepoint: 211167 ns, At safepoint: 35333 ns, Total: 246500 ns
[2023-07-18T08:21:35.219+0000][1][safepoint    ] Safepoint "RevokeBias", Time since last: 494000 ns, Reaching safepoint: 218958 ns, At safepoint: 39500 ns, Total: 258458 ns
[2023-07-18T08:21:35.220+0000][1][safepoint    ] Safepoint "RevokeBias", Time since last: 972542 ns, Reaching safepoint: 202542 ns, At safepoint: 38500 ns, Total: 241042 ns
[2023-07-18T08:21:35.222+0000][1][safepoint    ] Safepoint "RevokeBias", Time since last: 1856250 ns, Reaching safepoint: 246625 ns, At safepoint: 70083 ns, Total: 316708 ns
[2023-07-18T08:21:35.223+0000][1][safepoint    ] Safepoint "RevokeBias", Time since last: 707125 ns, Reaching safepoint: 343708 ns, At safepoint: 54917 ns, Total: 398625 ns
[2023-07-18T08:21:35.224+0000][1][safepoint    ] Safepoint "RevokeBias", Time since last: 532500 ns, Reaching safepoint: 242500 ns, At safepoint: 48458 ns, Total: 290958 ns
[2023-07-18T08:21:35.225+0000][1][safepoint    ] Safepoint "RevokeBias", Time since last: 447792 ns, Reaching safepoint: 301750 ns, At safepoint: 37875 ns, Total: 339625 ns
[2023-07-18T08:21:35.225+0000][1][safepoint    ] Safepoint "RevokeBias", Time since last: 478583 ns, Reaching safepoint: 264125 ns, At safepoint: 56334 ns, Total: 320459 ns
[2023-07-18T08:21:35.228+0000][1][safepoint    ] Safepoint "RevokeBias", Time since last: 585416 ns, Reaching safepoint: 2111334 ns, At safepoint: 145833 ns, Total: 2257167 ns
[2023-07-18T08:21:35.229+0000][1][safepoint    ] Safepoint "RevokeBias", Time since last: 595958 ns, Reaching safepoint: 111542 ns, At safepoint: 35958 ns, Total: 147500 ns
[2023-07-18T08:21:35.231+0000][1][safepoint    ] Safepoint "RevokeBias", Time since last: 1561917 ns, Reaching safepoint: 414458 ns, At safepoint: 70834 ns, Total: 485292 ns
[2023-07-18T08:21:35.232+0000][1][safepoint    ] Safepoint "RevokeBias", Time since last: 765458 ns, Reaching safepoint: 95833 ns, At safepoint: 41292 ns, Total: 137125 ns
[2023-07-18T08:21:35.233+0000][1][safepoint    ] Safepoint "RevokeBias", Time since last: 613083 ns, Reaching safepoint: 85084 ns, At safepoint: 38333 ns, Total: 123417 ns
[2023-07-18T08:21:35.234+0000][1][safepoint    ] Safepoint "RevokeBias", Time since last: 758875 ns, Reaching safepoint: 404167 ns, At safepoint: 52041 ns, Total: 456208 ns
[2023-07-18T08:21:35.235+0000][1][safepoint    ] Safepoint "RevokeBias", Time since last: 566167 ns, Reaching safepoint: 85292 ns, At safepoint: 35708 ns, Total: 121000 ns
[2023-07-18T08:21:35.236+0000][1][safepoint    ] Safepoint "BulkRevokeBias", Time since last: 665125 ns, Reaching safepoint: 107708 ns, At safepoint: 442084 ns, Total: 549792 ns
[2023-07-18T08:21:36.513+0000][1][safepoint    ] Safepoint "Cleanup", Time since last: 1275352667 ns, Reaching safepoint: 1698125 ns, At safepoint: 37083 ns, Total: 1735208 ns
[2023-07-18T08:21:37.479+0000][1][safepoint    ] Safepoint "ICBufferFull", Time since last: 965165376 ns, Reaching safepoint: 1274625 ns, At safepoint: 34250 ns, Total: 1308875 ns
[2023-07-18T08:21:37.757+0000][1][safepoint    ] Safepoint "RevokeBias", Time since last: 277408750 ns, Reaching safepoint: 433958 ns, At safepoint: 146375 ns, Total: 580333 ns
[2023-07-18T08:21:37.794+0000][1][safepoint    ] Safepoint "RevokeBias", Time since last: 36388084 ns, Reaching safepoint: 213750 ns, At safepoint: 132333 ns, Total: 346083 ns
[2023-07-18T08:21:38.795+0000][1][safepoint    ] Safepoint "Cleanup", Time since last: 1000412875 ns, Reaching safepoint: 593542 ns, At safepoint: 10708 ns, Total: 604250 ns
[2023-07-18T08:21:38.937+0000][1][safepoint    ] Safepoint "RevokeBias", Time since last: 140521209 ns, Reaching safepoint: 1214291 ns, At safepoint: 94834 ns, Total: 1309125 ns
[2023-07-18T08:21:38.939+0000][1][safepoint    ] Safepoint "RevokeBias", Time since last: 1808083 ns, Reaching safepoint: 216833 ns, At safepoint: 113917 ns, Total: 330750 ns
[2023-07-18T08:21:38.948+0000][1][safepoint    ] Safepoint "RevokeBias", Time since last: 8406042 ns, Reaching safepoint: 440458 ns, At safepoint: 87750 ns, Total: 528208 ns
[2023-07-18T08:21:39.176+0000][1][safepoint    ] Safepoint "RevokeBias", Time since last: 224333834 ns, Reaching safepoint: 3481875 ns, At safepoint: 156708 ns, Total: 3638583 ns
[2023-07-18T08:21:39.181+0000][1][safepoint    ] Safepoint "RevokeBias", Time since last: 4716083 ns, Reaching safepoint: 549292 ns, At safepoint: 92458 ns, Total: 641750 ns
[2023-07-18T08:21:39.188+0000][1][safepoint    ] Safepoint "RevokeBias", Time since last: 1409125 ns, Reaching safepoint: 4663417 ns, At safepoint: 125458 ns, Total: 4788875 ns
[2023-07-18T08:21:39.201+0000][1][safepoint    ] Safepoint "RevokeBias", Time since last: 11281709 ns, Reaching safepoint: 941791 ns, At safepoint: 878792 ns, Total: 1820583 ns
[2023-07-18T08:21:39.208+0000][1][safepoint    ] Safepoint "RevokeBias", Time since last: 3836458 ns, Reaching safepoint: 3660834 ns, At safepoint: 150458 ns, Total: 3811292 ns
[2023-07-18T08:21:39.232+0000][1][safepoint    ] Safepoint "RevokeBias", Time since last: 22604625 ns, Reaching safepoint: 480542 ns, At safepoint: 158541 ns, Total: 639083 ns
[2023-07-18T08:21:39.234+0000][1][safepoint    ] Safepoint "RevokeBias", Time since last: 1215084 ns, Reaching safepoint: 590125 ns, At safepoint: 135875 ns, Total: 726000 ns
[2023-07-18T08:21:39.243+0000][1][safepoint    ] Safepoint "RevokeBias", Time since last: 3756166 ns, Reaching safepoint: 5161750 ns, At safepoint: 178875 ns, Total: 5340625 ns
[2023-07-18T08:21:39.246+0000][1][safepoint    ] Safepoint "RevokeBias", Time since last: 562042 ns, Reaching safepoint: 3067917 ns, At safepoint: 166958 ns, Total: 3234875 ns
[2023-07-18T08:21:39.270+0000][1][safepoint    ] Safepoint "RevokeBias", Time since last: 21191625 ns, Reaching safepoint: 2062917 ns, At safepoint: 105083 ns, Total: 2168000 ns
[2023-07-18T08:21:39.275+0000][1][safepoint    ] Safepoint "RevokeBias", Time since last: 4370333 ns, Reaching safepoint: 563209 ns, At safepoint: 138958 ns, Total: 702167 ns
[2023-07-18T08:21:39.286+0000][1][safepoint    ] Safepoint "RevokeBias", Time since last: 1952917 ns, Reaching safepoint: 8652166 ns, At safepoint: 125042 ns, Total: 8777208 ns
[2023-07-18T08:21:39.293+0000][1][safepoint    ] Safepoint "RevokeBias", Time since last: 5924167 ns, Reaching safepoint: 1104833 ns, At safepoint: 141417 ns, Total: 1246250 ns
[2023-07-18T08:21:39.294+0000][1][safepoint    ] Safepoint "RevokeBias", Time since last: 704541 ns, Reaching safepoint: 260834 ns, At safepoint: 187666 ns, Total: 448500 ns
[2023-07-18T08:21:39.295+0000][1][safepoint    ] Safepoint "RevokeBias", Time since last: 359667 ns, Reaching safepoint: 319917 ns, At safepoint: 123458 ns, Total: 443375 ns
[2023-07-18T08:21:39.296+0000][1][safepoint    ] Safepoint "RevokeBias", Time since last: 686208 ns, Reaching safepoint: 261084 ns, At safepoint: 72166 ns, Total: 333250 ns
[2023-07-18T08:21:39.303+0000][1][safepoint    ] Safepoint "RevokeBias", Time since last: 6375750 ns, Reaching safepoint: 355417 ns, At safepoint: 127375 ns, Total: 482792 ns
[2023-07-18T08:21:39.305+0000][1][safepoint    ] Safepoint "RevokeBias", Time since last: 1321625 ns, Reaching safepoint: 1221292 ns, At safepoint: 141416 ns, Total: 1362708 ns
[2023-07-18T08:21:39.308+0000][1][safepoint    ] Safepoint "RevokeBias", Time since last: 2525292 ns, Reaching safepoint: 318417 ns, At safepoint: 106875 ns, Total: 425292 ns
[2023-07-18T08:21:39.311+0000][1][safepoint    ] Safepoint "RevokeBias", Time since last: 2546208 ns, Reaching safepoint: 180833 ns, At safepoint: 136000 ns, Total: 316833 ns
[2023-07-18T08:21:39.314+0000][1][safepoint    ] Safepoint "RevokeBias", Time since last: 2575250 ns, Reaching safepoint: 199084 ns, At safepoint: 89375 ns, Total: 288459 ns
[2023-07-18T08:21:39.315+0000][1][safepoint    ] Safepoint "RevokeBias", Time since last: 268166 ns, Reaching safepoint: 222375 ns, At safepoint: 108084 ns, Total: 330459 ns
[2023-07-18T08:21:39.318+0000][1][safepoint    ] Safepoint "RevokeBias", Time since last: 1174291 ns, Reaching safepoint: 2595500 ns, At safepoint: 107625 ns, Total: 2703125 ns
[2023-07-18T08:21:39.321+0000][1][safepoint    ] Safepoint "RevokeBias", Time since last: 1789792 ns, Reaching safepoint: 820958 ns, At safepoint: 165959 ns, Total: 986917 ns
[2023-07-18T08:21:39.326+0000][1][safepoint    ] Safepoint "RevokeBias", Time since last: 4046958 ns, Reaching safepoint: 468500 ns, At safepoint: 163625 ns, Total: 632125 ns
[2023-07-18T08:21:39.332+0000][1][safepoint    ] Safepoint "RevokeBias", Time since last: 5844583 ns, Reaching safepoint: 466542 ns, At safepoint: 159083 ns, Total: 625625 ns
[2023-07-18T08:21:39.357+0000][1][safepoint    ] Safepoint "RevokeBias", Time since last: 23830542 ns, Reaching safepoint: 271250 ns, At safepoint: 138458 ns, Total: 409708 ns
[2023-07-18T08:21:39.358+0000][1][safepoint    ] Safepoint "RevokeBias", Time since last: 1399334 ns, Reaching safepoint: 283041 ns, At safepoint: 110459 ns, Total: 393500 ns
[2023-07-18T08:21:39.361+0000][1][safepoint    ] Safepoint "BulkRevokeBias", Time since last: 2327666 ns, Reaching safepoint: 290584 ns, At safepoint: 305125 ns, Total: 595709 ns
[2023-07-18T08:21:39.413+0000][1][safepoint    ] Safepoint "RevokeBias", Time since last: 50655583 ns, Reaching safepoint: 1405750 ns, At safepoint: 138333 ns, Total: 1544083 ns
[2023-07-18T08:21:39.414+0000][1][safepoint    ] Safepoint "RevokeBias", Time since last: 312625 ns, Reaching safepoint: 264584 ns, At safepoint: 110583 ns, Total: 375167 ns
[2023-07-18T08:21:39.431+0000][1][safepoint    ] Safepoint "RevokeBias", Time since last: 15913167 ns, Reaching safepoint: 612458 ns, At safepoint: 91500 ns, Total: 703958 ns
[2023-07-18T08:21:39.569+0000][1][safepoint    ] Safepoint "RevokeBias", Time since last: 137354250 ns, Reaching safepoint: 442083 ns, At safepoint: 55542 ns, Total: 497625 ns
[2023-07-18T08:21:40.104+0000][1][safepoint    ] Safepoint "RevokeBias", Time since last: 534641750 ns, Reaching safepoint: 352584 ns, At safepoint: 153625 ns, Total: 506209 ns
[2023-07-18T08:21:40.166+0000][1][safepoint    ] Safepoint "RevokeBias", Time since last: 62299166 ns, Reaching safepoint: 264917 ns, At safepoint: 55125 ns, Total: 320042 ns
[2023-07-18T08:21:40.173+0000][1][safepoint    ] Safepoint "RevokeBias", Time since last: 6674625 ns, Reaching safepoint: 114875 ns, At safepoint: 50000 ns, Total: 164875 ns
[2023-07-18T08:21:40.178+0000][1][safepoint    ] Safepoint "RevokeBias", Time since last: 4940167 ns, Reaching safepoint: 254125 ns, At safepoint: 45291 ns, Total: 299416 ns
[2023-07-18T08:21:41.199+0000][1][safepoint    ] Safepoint "Cleanup", Time since last: 1000474209 ns, Reaching safepoint: 12256459 ns, At safepoint: 730333 ns, Total: 12986792 ns
[2023-07-18T08:21:41.545+0000][1][gc,start     ] GC(13) Pause Young (Allocation Failure)
[2023-07-18T08:21:41.547+0000][1][gc,task      ] GC(13) Using 4 workers of 4 for evacuation
[2023-07-18T08:21:41.606+0000][1][gc,age       ] GC(13) Desired survivor size 8945664 bytes, new threshold 6 (max threshold 6)
[2023-07-18T08:21:41.607+0000][1][gc,age       ] GC(13) Age table with threshold 6 (max threshold 6)
[2023-07-18T08:21:41.607+0000][1][gc,age       ] GC(13) - age   1:    4725960 bytes,    4725960 total
[2023-07-18T08:21:41.607+0000][1][gc,age       ] GC(13) - age   2:    3143912 bytes,    7869872 total
[2023-07-18T08:21:41.608+0000][1][gc,heap      ] GC(13) ParNew: 151448K->10232K(157248K)
[2023-07-18T08:21:41.608+0000][1][gc,heap      ] GC(13) CMS: 48310K->48310K(349568K)
[2023-07-18T08:21:41.608+0000][1][gc,metaspace ] GC(13) Metaspace: 53594K->53594K(1097728K)
[2023-07-18T08:21:41.609+0000][1][gc           ] GC(13) Pause Young (Allocation Failure) 195M->57M(494M) 63.891ms
[2023-07-18T08:21:41.610+0000][1][gc,cpu       ] GC(13) User=0.13s Sys=0.00s Real=0.06s
[2023-07-18T08:21:41.610+0000][1][safepoint    ] Safepoint "GenCollectForAllocation", Time since last: 352066375 ns, Reaching safepoint: 472625 ns, At safepoint: 65452667 ns, Total: 65925292 ns
[2023-07-18T08:21:41.630+0000][1][safepoint    ] Safepoint "RevokeBias", Time since last: 18291166 ns, Reaching safepoint: 261625 ns, At safepoint: 1097459 ns, Total: 1359084 ns
[2023-07-18T08:21:41.631+0000][1][safepoint    ] Safepoint "RevokeBias", Time since last: 741750 ns, Reaching safepoint: 110583 ns, At safepoint: 90792 ns, Total: 201375 ns
[2023-07-18T08:21:41.938+0000][1][safepoint    ] Safepoint "RevokeBias", Time since last: 305990292 ns, Reaching safepoint: 867583 ns, At safepoint: 917375 ns, Total: 1784958 ns
[2023-07-18T08:21:42.945+0000][1][safepoint    ] Safepoint "Cleanup", Time since last: 1001763375 ns, Reaching safepoint: 5173334 ns, At safepoint: 21791 ns, Total: 5195125 ns
[2023-07-18T08:21:42.981+0000][1][safepoint    ] Safepoint "RevokeBias", Time since last: 35560375 ns, Reaching safepoint: 172292 ns, At safepoint: 66750 ns, Total: 239042 ns
[2023-07-18T08:21:43.983+0000][1][safepoint    ] Safepoint "Cleanup", Time since last: 1000592834 ns, Reaching safepoint: 1281458 ns, At safepoint: 20250 ns, Total: 1301708 ns
[2023-07-18T08:21:44.364+0000][1][safepoint    ] Safepoint "RevokeBias", Time since last: 378710917 ns, Reaching safepoint: 2135375 ns, At safepoint: 503083 ns, Total: 2638458 ns
[2023-07-18T08:21:44.374+0000][1][safepoint    ] Safepoint "RevokeBias", Time since last: 9043792 ns, Reaching safepoint: 195542 ns, At safepoint: 123583 ns, Total: 319125 ns
[2023-07-18T08:21:44.384+0000][1][safepoint    ] Safepoint "RevokeBias", Time since last: 10126417 ns, Reaching safepoint: 223166 ns, At safepoint: 139250 ns, Total: 362416 ns
[2023-07-18T08:21:44.405+0000][1][safepoint    ] Safepoint "RevokeBias", Time since last: 20701917 ns, Reaching safepoint: 239542 ns, At safepoint: 128208 ns, Total: 367750 ns
[2023-07-18T08:21:45.210+0000][1][safepoint    ] Safepoint "RevokeBias", Time since last: 803928959 ns, Reaching safepoint: 584583 ns, At safepoint: 47708 ns, Total: 632291 ns
[2023-07-18T08:21:45.537+0000][1][safepoint    ] Safepoint "Deoptimize", Time since last: 321966501 ns, Reaching safepoint: 2631125 ns, At safepoint: 2550291 ns, Total: 5181416 ns
[2023-07-18T08:21:46.132+0000][1][safepoint    ] Safepoint "RevokeBias", Time since last: 594193459 ns, Reaching safepoint: 805750 ns, At safepoint: 61333 ns, Total: 867083 ns
[2023-07-18T08:21:46.133+0000][1][safepoint    ] Safepoint "RevokeBias", Time since last: 816042 ns, Reaching safepoint: 188792 ns, At safepoint: 30375 ns, Total: 219167 ns
[2023-07-18T08:21:46.134+0000][1][safepoint    ] Safepoint "RevokeBias", Time since last: 506875 ns, Reaching safepoint: 177625 ns, At safepoint: 33375 ns, Total: 211000 ns
[2023-07-18T08:21:46.135+0000][1][safepoint    ] Safepoint "RevokeBias", Time since last: 571416 ns, Reaching safepoint: 174750 ns, At safepoint: 26709 ns, Total: 201459 ns
[2023-07-18T08:21:47.135+0000][1][safepoint    ] Safepoint "Cleanup", Time since last: 1000250667 ns, Reaching safepoint: 602916 ns, At safepoint: 19792 ns, Total: 622708 ns
[2023-07-18T08:21:47.155+0000][1][safepoint    ] Safepoint "RevokeBias", Time since last: 19442250 ns, Reaching safepoint: 311542 ns, At safepoint: 47500 ns, Total: 359042 ns
[2023-07-18T08:21:47.620+0000][1][safepoint    ] Safepoint "RevokeBias", Time since last: 464701874 ns, Reaching safepoint: 417583 ns, At safepoint: 44667 ns, Total: 462250 ns
[2023-07-18T08:21:47.621+0000][1][safepoint    ] Safepoint "RevokeBias", Time since last: 531917 ns, Reaching safepoint: 158250 ns, At safepoint: 26875 ns, Total: 185125 ns
[2023-07-18T08:21:48.072+0000][1][gc,start     ] GC(14) Pause Young (Allocation Failure)
[2023-07-18T08:21:48.075+0000][1][gc,task      ] GC(14) Using 4 workers of 4 for evacuation
[2023-07-18T08:21:48.156+0000][1][gc,age       ] GC(14) Desired survivor size 8945664 bytes, new threshold 2 (max threshold 6)
[2023-07-18T08:21:48.156+0000][1][gc,age       ] GC(14) Age table with threshold 2 (max threshold 6)
[2023-07-18T08:21:48.156+0000][1][gc,age       ] GC(14) - age   1:    5062912 bytes,    5062912 total
[2023-07-18T08:21:48.156+0000][1][gc,age       ] GC(14) - age   2:    4623616 bytes,    9686528 total
[2023-07-18T08:21:48.156+0000][1][gc,age       ] GC(14) - age   3:    3103328 bytes,   12789856 total
[2023-07-18T08:21:48.157+0000][1][gc,heap      ] GC(14) ParNew: 150008K->15062K(157248K)
[2023-07-18T08:21:48.157+0000][1][gc,heap      ] GC(14) CMS: 48310K->48310K(349568K)
[2023-07-18T08:21:48.157+0000][1][gc,metaspace ] GC(14) Metaspace: 66516K->66516K(1110016K)
[2023-07-18T08:21:48.157+0000][1][gc           ] GC(14) Pause Young (Allocation Failure) 193M->61M(494M) 85.209ms
[2023-07-18T08:21:48.158+0000][1][gc,cpu       ] GC(14) User=0.17s Sys=0.00s Real=0.08s
[2023-07-18T08:21:48.158+0000][1][safepoint    ] Safepoint "GenCollectForAllocation", Time since last: 450789167 ns, Reaching safepoint: 702208 ns, At safepoint: 85593625 ns, Total: 86295833 ns
[2023-07-18T08:21:48.197+0000][1][safepoint    ] Safepoint "RevokeBias", Time since last: 39103250 ns, Reaching safepoint: 327667 ns, At safepoint: 174333 ns, Total: 502000 ns
[2023-07-18T08:21:48.255+0000][1][safepoint    ] Safepoint "Deoptimize", Time since last: 56025583 ns, Reaching safepoint: 252292 ns, At safepoint: 1402667 ns, Total: 1654959 ns
[2023-07-18T08:21:48.313+0000][1][safepoint    ] Safepoint "BulkRevokeBias", Time since last: 56650375 ns, Reaching safepoint: 304250 ns, At safepoint: 546916 ns, Total: 851166 ns
[2023-07-18T08:21:48.314+0000][1][safepoint    ] Safepoint "RevokeBias", Time since last: 1104334 ns, Reaching safepoint: 408250 ns, At safepoint: 186041 ns, Total: 594291 ns
[2023-07-18T08:21:48.318+0000][1][safepoint    ] Safepoint "RevokeBias", Time since last: 3455209 ns, Reaching safepoint: 512583 ns, At safepoint: 185667 ns, Total: 698250 ns
[2023-07-18T08:21:48.320+0000][1][safepoint    ] Safepoint "RevokeBias", Time since last: 1339166 ns, Reaching safepoint: 364792 ns, At safepoint: 140667 ns, Total: 505459 ns
[2023-07-18T08:21:48.557+0000][1][safepoint    ] Safepoint "RevokeBias", Time since last: 235857583 ns, Reaching safepoint: 512208 ns, At safepoint: 273542 ns, Total: 785750 ns
[2023-07-18T08:21:48.563+0000][1][safepoint    ] Safepoint "RevokeBias", Time since last: 5579125 ns, Reaching safepoint: 215792 ns, At safepoint: 89875 ns, Total: 305667 ns
[2023-07-18T08:21:48.568+0000][1][safepoint    ] Safepoint "RevokeBias", Time since last: 4973291 ns, Reaching safepoint: 188042 ns, At safepoint: 90583 ns, Total: 278625 ns
[2023-07-18T08:21:48.571+0000][1][safepoint    ] Safepoint "RevokeBias", Time since last: 2540500 ns, Reaching safepoint: 242125 ns, At safepoint: 86084 ns, Total: 328209 ns
[2023-07-18T08:21:48.571+0000][1][safepoint    ] Safepoint "RevokeBias", Time since last: 346041 ns, Reaching safepoint: 158625 ns, At safepoint: 77292 ns, Total: 235917 ns
[2023-07-18T08:21:48.574+0000][1][safepoint    ] Safepoint "RevokeBias", Time since last: 1819625 ns, Reaching safepoint: 148208 ns, At safepoint: 82250 ns, Total: 230458 ns
[2023-07-18T08:21:48.575+0000][1][safepoint    ] Safepoint "RevokeBias", Time since last: 1128167 ns, Reaching safepoint: 226833 ns, At safepoint: 85167 ns, Total: 312000 ns
[2023-07-18T08:21:48.576+0000][1][safepoint    ] Safepoint "RevokeBias", Time since last: 483833 ns, Reaching safepoint: 217209 ns, At safepoint: 79125 ns, Total: 296334 ns
[2023-07-18T08:21:48.579+0000][1][safepoint    ] Safepoint "RevokeBias", Time since last: 2780750 ns, Reaching safepoint: 199708 ns, At safepoint: 103958 ns, Total: 303666 ns
[2023-07-18T08:21:48.585+0000][1][safepoint    ] Safepoint "RevokeBias", Time since last: 5351209 ns, Reaching safepoint: 286416 ns, At safepoint: 97834 ns, Total: 384250 ns
[2023-07-18T08:21:48.586+0000][1][safepoint    ] Safepoint "RevokeBias", Time since last: 666000 ns, Reaching safepoint: 187541 ns, At safepoint: 79750 ns, Total: 267291 ns
[2023-07-18T08:21:48.610+0000][1][safepoint    ] Safepoint "Deoptimize", Time since last: 22753750 ns, Reaching safepoint: 302292 ns, At safepoint: 1191625 ns, Total: 1493917 ns
[2023-07-18T08:21:48.916+0000][1][safepoint    ] Safepoint "RevokeBias", Time since last: 298446500 ns, Reaching safepoint: 8030959 ns, At safepoint: 161333 ns, Total: 8192292 ns
[2023-07-18T08:21:48.921+0000][1][safepoint    ] Safepoint "RevokeBias", Time since last: 499167 ns, Reaching safepoint: 4069666 ns, At safepoint: 171292 ns, Total: 4240958 ns
[2023-07-18T08:21:48.922+0000][1][safepoint    ] Safepoint "RevokeBias", Time since last: 446708 ns, Reaching safepoint: 414667 ns, At safepoint: 110292 ns, Total: 524959 ns
[2023-07-18T08:21:48.925+0000][1][safepoint    ] Safepoint "RevokeBias", Time since last: 234041 ns, Reaching safepoint: 2220375 ns, At safepoint: 130334 ns, Total: 2350709 ns
[2023-07-18T08:21:48.927+0000][1][safepoint    ] Safepoint "RevokeBias", Time since last: 333166 ns, Reaching safepoint: 2320750 ns, At safepoint: 131917 ns, Total: 2452667 ns
[2023-07-18T08:21:48.928+0000][1][safepoint    ] Safepoint "RevokeBias", Time since last: 274500 ns, Reaching safepoint: 152167 ns, At safepoint: 100166 ns, Total: 252333 ns
[2023-07-18T08:21:48.929+0000][1][safepoint    ] Safepoint "RevokeBias", Time since last: 201709 ns, Reaching safepoint: 242250 ns, At safepoint: 102625 ns, Total: 344875 ns
[2023-07-18T08:21:48.929+0000][1][safepoint    ] Safepoint "RevokeBias", Time since last: 212208 ns, Reaching safepoint: 177167 ns, At safepoint: 112083 ns, Total: 289250 ns
[2023-07-18T08:21:49.433+0000][1][safepoint    ] Safepoint "Deoptimize", Time since last: 502553584 ns, Reaching safepoint: 527458 ns, At safepoint: 1147917 ns, Total: 1675375 ns
[2023-07-18T08:21:50.002+0000][1][safepoint    ] Safepoint "RevokeBias", Time since last: 567560208 ns, Reaching safepoint: 772125 ns, At safepoint: 107292 ns, Total: 879417 ns
[2023-07-18T08:21:50.007+0000][1][safepoint    ] Safepoint "RevokeBias", Time since last: 4576500 ns, Reaching safepoint: 774000 ns, At safepoint: 55791 ns, Total: 829791 ns
[2023-07-18T08:21:50.010+0000][1][safepoint    ] Safepoint "RevokeBias", Time since last: 2479125 ns, Reaching safepoint: 362209 ns, At safepoint: 207416 ns, Total: 569625 ns
[2023-07-18T08:21:50.011+0000][1][safepoint    ] Safepoint "RevokeBias", Time since last: 668459 ns, Reaching safepoint: 290166 ns, At safepoint: 171750 ns, Total: 461916 ns
[2023-07-18T08:21:50.020+0000][1][safepoint    ] Safepoint "RevokeBias", Time since last: 7908792 ns, Reaching safepoint: 371292 ns, At safepoint: 150333 ns, Total: 521625 ns
[2023-07-18T08:21:50.021+0000][1][safepoint    ] Safepoint "RevokeBias", Time since last: 963167 ns, Reaching safepoint: 383875 ns, At safepoint: 95416 ns, Total: 479291 ns
[2023-07-18T08:21:50.023+0000][1][safepoint    ] Safepoint "RevokeBias", Time since last: 1404459 ns, Reaching safepoint: 742333 ns, At safepoint: 99833 ns, Total: 842166 ns
[2023-07-18T08:21:50.025+0000][1][safepoint    ] Safepoint "RevokeBias", Time since last: 1245500 ns, Reaching safepoint: 416917 ns, At safepoint: 72292 ns, Total: 489209 ns
[2023-07-18T08:21:50.029+0000][1][safepoint    ] Safepoint "RevokeBias", Time since last: 2784708 ns, Reaching safepoint: 533125 ns, At safepoint: 80000 ns, Total: 613125 ns
[2023-07-18T08:21:50.029+0000][1][safepoint    ] Safepoint "RevokeBias", Time since last: 314500 ns, Reaching safepoint: 199583 ns, At safepoint: 125625 ns, Total: 325208 ns
[2023-07-18T08:21:50.030+0000][1][safepoint    ] Safepoint "RevokeBias", Time since last: 324417 ns, Reaching safepoint: 188500 ns, At safepoint: 54083 ns, Total: 242583 ns
[2023-07-18T08:21:50.031+0000][1][safepoint    ] Safepoint "RevokeBias", Time since last: 838875 ns, Reaching safepoint: 238625 ns, At safepoint: 52875 ns, Total: 291500 ns
[2023-07-18T08:21:50.034+0000][1][safepoint    ] Safepoint "RevokeBias", Time since last: 2671292 ns, Reaching safepoint: 387917 ns, At safepoint: 65541 ns, Total: 453458 ns
[2023-07-18T08:21:50.035+0000][1][safepoint    ] Safepoint "RevokeBias", Time since last: 682000 ns, Reaching safepoint: 358417 ns, At safepoint: 56500 ns, Total: 414917 ns
[2023-07-18T08:21:50.044+0000][1][safepoint    ] Safepoint "RevokeBias", Time since last: 9046708 ns, Reaching safepoint: 144000 ns, At safepoint: 63375 ns, Total: 207375 ns
[2023-07-18T08:21:50.066+0000][1][safepoint    ] Safepoint "RevokeBias", Time since last: 21182042 ns, Reaching safepoint: 319292 ns, At safepoint: 68750 ns, Total: 388042 ns
[2023-07-18T08:21:50.068+0000][1][safepoint    ] Safepoint "RevokeBias", Time since last: 1345375 ns, Reaching safepoint: 212458 ns, At safepoint: 74292 ns, Total: 286750 ns
[2023-07-18T08:21:50.198+0000][1][safepoint    ] Safepoint "RevokeBias", Time since last: 129648875 ns, Reaching safepoint: 628625 ns, At safepoint: 85000 ns, Total: 713625 ns
[2023-07-18T08:21:50.200+0000][1][safepoint    ] Safepoint "RevokeBias", Time since last: 2034000 ns, Reaching safepoint: 173333 ns, At safepoint: 54000 ns, Total: 227333 ns
[2023-07-18T08:21:50.229+0000][1][safepoint    ] Safepoint "RevokeBias", Time since last: 28283167 ns, Reaching safepoint: 212208 ns, At safepoint: 75250 ns, Total: 287458 ns
[2023-07-18T08:21:50.231+0000][1][safepoint    ] Safepoint "RevokeBias", Time since last: 2320584 ns, Reaching safepoint: 192416 ns, At safepoint: 91459 ns, Total: 283875 ns
[2023-07-18T08:21:50.253+0000][1][safepoint    ] Safepoint "RevokeBias", Time since last: 20903000 ns, Reaching safepoint: 234833 ns, At safepoint: 52542 ns, Total: 287375 ns
[2023-07-18T08:21:50.267+0000][1][safepoint    ] Safepoint "RevokeBias", Time since last: 13344583 ns, Reaching safepoint: 1205042 ns, At safepoint: 70791 ns, Total: 1275833 ns
[2023-07-18T08:21:50.285+0000][1][safepoint    ] Safepoint "RevokeBias", Time since last: 17881584 ns, Reaching safepoint: 177458 ns, At safepoint: 54750 ns, Total: 232208 ns
[2023-07-18T08:21:50.288+0000][1][safepoint    ] Safepoint "RevokeBias", Time since last: 2177083 ns, Reaching safepoint: 555584 ns, At safepoint: 80000 ns, Total: 635584 ns
[2023-07-18T08:21:50.291+0000][1][safepoint    ] Safepoint "RevokeBias", Time since last: 1687041 ns, Reaching safepoint: 877667 ns, At safepoint: 67667 ns, Total: 945334 ns
[2023-07-18T08:21:50.293+0000][1][safepoint    ] Safepoint "RevokeBias", Time since last: 2040583 ns, Reaching safepoint: 161667 ns, At safepoint: 66458 ns, Total: 228125 ns
[2023-07-18T08:21:50.351+0000][1][safepoint    ] Safepoint "RevokeBias", Time since last: 58048125 ns, Reaching safepoint: 312167 ns, At safepoint: 75250 ns, Total: 387417 ns
[2023-07-18T08:21:50.360+0000][1][safepoint    ] Safepoint "RevokeBias", Time since last: 8378625 ns, Reaching safepoint: 359333 ns, At safepoint: 139375 ns, Total: 498708 ns
[2023-07-18T08:21:50.362+0000][1][safepoint    ] Safepoint "RevokeBias", Time since last: 695958 ns, Reaching safepoint: 512500 ns, At safepoint: 133000 ns, Total: 645500 ns
[2023-07-18T08:21:50.397+0000][1][safepoint    ] Safepoint "RevokeBias", Time since last: 35203167 ns, Reaching safepoint: 295833 ns, At safepoint: 75459 ns, Total: 371292 ns
[2023-07-18T08:21:50.408+0000][1][safepoint    ] Safepoint "RevokeBias", Time since last: 10506625 ns, Reaching safepoint: 230166 ns, At safepoint: 70125 ns, Total: 300291 ns
[2023-07-18T08:21:50.443+0000][1][safepoint    ] Safepoint "RevokeBias", Time since last: 34614292 ns, Reaching safepoint: 263125 ns, At safepoint: 70625 ns, Total: 333750 ns
[2023-07-18T08:21:50.447+0000][1][safepoint    ] Safepoint "RevokeBias", Time since last: 3525375 ns, Reaching safepoint: 116208 ns, At safepoint: 75500 ns, Total: 191708 ns
[2023-07-18T08:21:50.448+0000][1][safepoint    ] Safepoint "RevokeBias", Time since last: 1237250 ns, Reaching safepoint: 86125 ns, At safepoint: 59959 ns, Total: 146084 ns
[2023-07-18T08:21:50.470+0000][1][safepoint    ] Safepoint "RevokeBias", Time since last: 21926375 ns, Reaching safepoint: 260375 ns, At safepoint: 66833 ns, Total: 327208 ns
[2023-07-18T08:21:50.471+0000][1][safepoint    ] Safepoint "RevokeBias", Time since last: 554000 ns, Reaching safepoint: 152375 ns, At safepoint: 59417 ns, Total: 211792 ns
[2023-07-18T08:21:50.492+0000][1][safepoint    ] Safepoint "RevokeBias", Time since last: 20385291 ns, Reaching safepoint: 718125 ns, At safepoint: 71959 ns, Total: 790084 ns
[2023-07-18T08:21:50.494+0000][1][safepoint    ] Safepoint "RevokeBias", Time since last: 1023833 ns, Reaching safepoint: 179625 ns, At safepoint: 66542 ns, Total: 246167 ns
[2023-07-18T08:21:50.505+0000][1][safepoint    ] Safepoint "CollectForMetadataAllocation", Time since last: 11052625 ns, Reaching safepoint: 255333 ns, At safepoint: 328083 ns, Total: 583416 ns
[2023-07-18T08:21:50.521+0000][1][safepoint    ] Safepoint "RevokeBias", Time since last: 15682750 ns, Reaching safepoint: 119084 ns, At safepoint: 82166 ns, Total: 201250 ns
[2023-07-18T08:21:50.559+0000][1][safepoint    ] Safepoint "BulkRevokeBias", Time since last: 36977792 ns, Reaching safepoint: 500500 ns, At safepoint: 608375 ns, Total: 1108875 ns
[2023-07-18T08:21:50.788+0000][1][safepoint    ] Safepoint "RevokeBias", Time since last: 227797375 ns, Reaching safepoint: 700709 ns, At safepoint: 74541 ns, Total: 775250 ns
[2023-07-18T08:21:50.791+0000][1][safepoint    ] Safepoint "RevokeBias", Time since last: 3157125 ns, Reaching safepoint: 245042 ns, At safepoint: 67375 ns, Total: 312417 ns
[2023-07-18T08:21:50.794+0000][1][safepoint    ] Safepoint "RevokeBias", Time since last: 2175333 ns, Reaching safepoint: 188917 ns, At safepoint: 63125 ns, Total: 252042 ns
[2023-07-18T08:21:50.904+0000][1][safepoint    ] Safepoint "CollectForMetadataAllocation", Time since last: 109611625 ns, Reaching safepoint: 346875 ns, At safepoint: 169500 ns, Total: 516375 ns
[2023-07-18T08:21:51.109+0000][1][safepoint    ] Safepoint "RevokeBias", Time since last: 204756083 ns, Reaching safepoint: 630250 ns, At safepoint: 83000 ns, Total: 713250 ns
[2023-07-18T08:21:51.117+0000][1][safepoint    ] Safepoint "RevokeBias", Time since last: 6184000 ns, Reaching safepoint: 1364667 ns, At safepoint: 211542 ns, Total: 1576209 ns
[2023-07-18T08:21:51.121+0000][1][safepoint    ] Safepoint "RevokeBias", Time since last: 2087833 ns, Reaching safepoint: 1817042 ns, At safepoint: 201666 ns, Total: 2018708 ns
[2023-07-18T08:21:51.142+0000][1][safepoint    ] Safepoint "RevokeBias", Time since last: 19828334 ns, Reaching safepoint: 846625 ns, At safepoint: 79541 ns, Total: 926166 ns
[2023-07-18T08:21:51.147+0000][1][safepoint    ] Safepoint "RevokeBias", Time since last: 4005292 ns, Reaching safepoint: 588000 ns, At safepoint: 249583 ns, Total: 837583 ns
[2023-07-18T08:21:51.152+0000][1][safepoint    ] Safepoint "RevokeBias", Time since last: 1213750 ns, Reaching safepoint: 3409042 ns, At safepoint: 228000 ns, Total: 3637042 ns
[2023-07-18T08:21:51.271+0000][1][safepoint    ] Safepoint "RevokeBias", Time since last: 102534750 ns, Reaching safepoint: 17226292 ns, At safepoint: 111000 ns, Total: 17337292 ns
[2023-07-18T08:21:51.276+0000][1][safepoint    ] Safepoint "RevokeBias", Time since last: 1215875 ns, Reaching safepoint: 3198666 ns, At safepoint: 107167 ns, Total: 3305833 ns
[2023-07-18T08:21:51.295+0000][1][safepoint    ] Safepoint "RevokeBias", Time since last: 3986750 ns, Reaching safepoint: 14429708 ns, At safepoint: 228959 ns, Total: 14658667 ns
[2023-07-18T08:21:51.317+0000][1][safepoint    ] Safepoint "RevokeBias", Time since last: 7372125 ns, Reaching safepoint: 14600416 ns, At safepoint: 161375 ns, Total: 14761791 ns
[2023-07-18T08:21:51.323+0000][1][safepoint    ] Safepoint "RevokeBias", Time since last: 6189250 ns, Reaching safepoint: 433959 ns, At safepoint: 87750 ns, Total: 521709 ns
[2023-07-18T08:21:51.331+0000][1][safepoint    ] Safepoint "RevokeBias", Time since last: 6155125 ns, Reaching safepoint: 1402458 ns, At safepoint: 170625 ns, Total: 1573083 ns
[2023-07-18T08:21:51.339+0000][1][safepoint    ] Safepoint "RevokeBias", Time since last: 6909583 ns, Reaching safepoint: 852750 ns, At safepoint: 165167 ns, Total: 1017917 ns
[2023-07-18T08:21:51.347+0000][1][safepoint    ] Safepoint "RevokeBias", Time since last: 3592792 ns, Reaching safepoint: 1500000 ns, At safepoint: 2666250 ns, Total: 4166250 ns
[2023-07-18T08:21:51.529+0000][1][safepoint    ] Safepoint "RevokeBias", Time since last: 181831542 ns, Reaching safepoint: 581625 ns, At safepoint: 68000 ns, Total: 649625 ns
[2023-07-18T08:21:51.563+0000][1][safepoint    ] Safepoint "RevokeBias", Time since last: 33312958 ns, Reaching safepoint: 387958 ns, At safepoint: 100625 ns, Total: 488583 ns
[2023-07-18T08:21:51.570+0000][1][safepoint    ] Safepoint "RevokeBias", Time since last: 6456500 ns, Reaching safepoint: 316834 ns, At safepoint: 104333 ns, Total: 421167 ns
[2023-07-18T08:21:51.590+0000][1][safepoint    ] Safepoint "CollectForMetadataAllocation", Time since last: 18739958 ns, Reaching safepoint: 304375 ns, At safepoint: 535084 ns, Total: 839459 ns
[2023-07-18T08:21:51.715+0000][1][safepoint    ] Safepoint "CollectForMetadataAllocation", Time since last: 125320000 ns, Reaching safepoint: 345833 ns, At safepoint: 124958 ns, Total: 470791 ns
[2023-07-18T08:21:51.723+0000][1][safepoint    ] Safepoint "RevokeBias", Time since last: 6566542 ns, Reaching safepoint: 539542 ns, At safepoint: 138958 ns, Total: 678500 ns
[2023-07-18T08:21:51.731+0000][1][safepoint    ] Safepoint "RevokeBias", Time since last: 7581333 ns, Reaching safepoint: 378750 ns, At safepoint: 130292 ns, Total: 509042 ns
[2023-07-18T08:21:51.747+0000][1][safepoint    ] Safepoint "RevokeBias", Time since last: 16144750 ns, Reaching safepoint: 447250 ns, At safepoint: 150292 ns, Total: 597542 ns
[2023-07-18T08:21:51.752+0000][1][safepoint    ] Safepoint "RevokeBias", Time since last: 4319416 ns, Reaching safepoint: 442709 ns, At safepoint: 115250 ns, Total: 557959 ns
[2023-07-18T08:21:51.760+0000][1][safepoint    ] Safepoint "RevokeBias", Time since last: 6393625 ns, Reaching safepoint: 846458 ns, At safepoint: 132125 ns, Total: 978583 ns
[2023-07-18T08:21:51.781+0000][1][safepoint    ] Safepoint "RevokeBias", Time since last: 19755375 ns, Reaching safepoint: 1364792 ns, At safepoint: 72166 ns, Total: 1436958 ns
[2023-07-18T08:21:52.034+0000][1][safepoint    ] Safepoint "RevokeBias", Time since last: 241989459 ns, Reaching safepoint: 8206583 ns, At safepoint: 1580500 ns, Total: 9787083 ns
[2023-07-18T08:21:52.056+0000][1][safepoint    ] Safepoint "RevokeBias", Time since last: 18730292 ns, Reaching safepoint: 4276125 ns, At safepoint: 92208 ns, Total: 4368333 ns
[2023-07-18T08:21:52.163+0000][1][gc,start     ] GC(15) Pause Initial Mark
[2023-07-18T08:21:52.252+0000][1][gc           ] GC(15) Pause Initial Mark 133M->133M(494M) 89.073ms
[2023-07-18T08:21:52.252+0000][1][gc,cpu       ] GC(15) User=0.32s Sys=0.01s Real=0.09s
[2023-07-18T08:21:52.253+0000][1][safepoint    ] Safepoint "CMS_Initial_Mark", Time since last: 104896750 ns, Reaching safepoint: 1123750 ns, At safepoint: 90718000 ns, Total: 91841750 ns
[2023-07-18T08:21:52.253+0000][1][gc           ] GC(15) Concurrent Mark
[2023-07-18T08:21:52.377+0000][1][safepoint    ] Safepoint "RevokeBias", Time since last: 121530334 ns, Reaching safepoint: 1440458 ns, At safepoint: 1968875 ns, Total: 3409333 ns
[2023-07-18T08:21:52.499+0000][1][gc           ] GC(15) Concurrent Mark 245.639ms
[2023-07-18T08:21:52.500+0000][1][gc,cpu       ] GC(15) User=0.73s Sys=0.11s Real=0.25s
[2023-07-18T08:21:52.500+0000][1][gc           ] GC(15) Concurrent Preclean
[2023-07-18T08:21:52.523+0000][1][gc           ] GC(15) Concurrent Preclean 22.634ms
[2023-07-18T08:21:52.524+0000][1][gc,cpu       ] GC(15) User=0.06s Sys=0.01s Real=0.02s
[2023-07-18T08:21:52.525+0000][1][gc           ] GC(15) Concurrent Abortable Preclean
[2023-07-18T08:21:52.532+0000][1][safepoint    ] Safepoint "CollectForMetadataAllocation", Time since last: 152007625 ns, Reaching safepoint: 1275667 ns, At safepoint: 753291 ns, Total: 2028958 ns
[2023-07-18T08:21:52.533+0000][1][safepoint    ] Safepoint "CollectForMetadataAllocation", Time since last: 549792 ns, Reaching safepoint: 1151417 ns, At safepoint: 21208 ns, Total: 1172625 ns
[2023-07-18T08:21:52.621+0000][1][safepoint    ] Safepoint "RevokeBias", Time since last: 86525625 ns, Reaching safepoint: 1261625 ns, At safepoint: 452375 ns, Total: 1714000 ns
[2023-07-18T08:21:52.655+0000][1][safepoint    ] Safepoint "RevokeBias", Time since last: 32755167 ns, Reaching safepoint: 493000 ns, At safepoint: 28625 ns, Total: 521625 ns
[2023-07-18T08:21:52.673+0000][1][safepoint    ] Safepoint "CollectForMetadataAllocation", Time since last: 16662250 ns, Reaching safepoint: 673916 ns, At safepoint: 847250 ns, Total: 1521166 ns
[2023-07-18T08:21:52.796+0000][1][safepoint    ] Safepoint "RevokeBias", Time since last: 122676917 ns, Reaching safepoint: 637958 ns, At safepoint: 30834 ns, Total: 668792 ns
[2023-07-18T08:21:52.802+0000][1][safepoint    ] Safepoint "RevokeBias", Time since last: 5142666 ns, Reaching safepoint: 331917 ns, At safepoint: 23375 ns, Total: 355292 ns
[2023-07-18T08:21:52.803+0000][1][safepoint    ] Safepoint "RevokeBias", Time since last: 509458 ns, Reaching safepoint: 229292 ns, At safepoint: 16667 ns, Total: 245959 ns
[2023-07-18T08:21:52.804+0000][1][safepoint    ] Safepoint "RevokeBias", Time since last: 1009833 ns, Reaching safepoint: 358708 ns, At safepoint: 20500 ns, Total: 379208 ns
[2023-07-18T08:21:52.813+0000][1][safepoint    ] Safepoint "RevokeBias", Time since last: 7399709 ns, Reaching safepoint: 1500541 ns, At safepoint: 25750 ns, Total: 1526291 ns
[2023-07-18T08:21:52.829+0000][1][safepoint    ] Safepoint "RevokeBias", Time since last: 13854584 ns, Reaching safepoint: 2530708 ns, At safepoint: 25875 ns, Total: 2556583 ns
[2023-07-18T08:21:52.857+0000][1][safepoint    ] Safepoint "CollectForMetadataAllocation", Time since last: 27452750 ns, Reaching safepoint: 393042 ns, At safepoint: 140625 ns, Total: 533667 ns
[2023-07-18T08:21:52.864+0000][1][safepoint    ] Safepoint "RevokeBias", Time since last: 5889791 ns, Reaching safepoint: 373667 ns, At safepoint: 25917 ns, Total: 399584 ns
[2023-07-18T08:21:52.865+0000][1][safepoint    ] Safepoint "RevokeBias", Time since last: 692625 ns, Reaching safepoint: 280541 ns, At safepoint: 17917 ns, Total: 298458 ns
[2023-07-18T08:21:52.922+0000][1][safepoint    ] Safepoint "CollectForMetadataAllocation", Time since last: 52813709 ns, Reaching safepoint: 4189666 ns, At safepoint: 138542 ns, Total: 4328208 ns
[2023-07-18T08:21:52.979+0000][1][safepoint    ] Safepoint "CollectForMetadataAllocation", Time since last: 56984750 ns, Reaching safepoint: 345375 ns, At safepoint: 135167 ns, Total: 480542 ns
[2023-07-18T08:21:53.055+0000][1][safepoint    ] Safepoint "Deoptimize", Time since last: 73573416 ns, Reaching safepoint: 408500 ns, At safepoint: 1885625 ns, Total: 2294125 ns
[2023-07-18T08:21:53.081+0000][1][safepoint    ] Safepoint "CollectForMetadataAllocation", Time since last: 25817000 ns, Reaching safepoint: 449375 ns, At safepoint: 138917 ns, Total: 588292 ns
[2023-07-18T08:21:53.162+0000][1][safepoint    ] Safepoint "CollectForMetadataAllocation", Time since last: 80450958 ns, Reaching safepoint: 385542 ns, At safepoint: 140625 ns, Total: 526167 ns
[2023-07-18T08:21:53.329+0000][1][safepoint    ] Safepoint "RevokeBias", Time since last: 165774792 ns, Reaching safepoint: 879708 ns, At safepoint: 32708 ns, Total: 912416 ns
[2023-07-18T08:21:53.331+0000][1][safepoint    ] Safepoint "RevokeBias", Time since last: 1280792 ns, Reaching safepoint: 448417 ns, At safepoint: 43708 ns, Total: 492125 ns
[2023-07-18T08:21:53.406+0000][1][safepoint    ] Safepoint "RevokeBias", Time since last: 75153125 ns, Reaching safepoint: 433917 ns, At safepoint: 34500 ns, Total: 468417 ns
[2023-07-18T08:21:53.408+0000][1][safepoint    ] Safepoint "RevokeBias", Time since last: 1683375 ns, Reaching safepoint: 267250 ns, At safepoint: 19291 ns, Total: 286541 ns
[2023-07-18T08:21:53.409+0000][1][safepoint    ] Safepoint "RevokeBias", Time since last: 374000 ns, Reaching safepoint: 217084 ns, At safepoint: 13833 ns, Total: 230917 ns
[2023-07-18T08:21:53.411+0000][1][safepoint    ] Safepoint "RevokeBias", Time since last: 1745125 ns, Reaching safepoint: 253708 ns, At safepoint: 15167 ns, Total: 268875 ns
[2023-07-18T08:21:53.494+0000][1][safepoint    ] Safepoint "RevokeBias", Time since last: 82949167 ns, Reaching safepoint: 359958 ns, At safepoint: 27375 ns, Total: 387333 ns
[2023-07-18T08:21:53.501+0000][1][safepoint    ] Safepoint "RevokeBias", Time since last: 5755583 ns, Reaching safepoint: 381375 ns, At safepoint: 26042 ns, Total: 407417 ns
[2023-07-18T08:21:53.502+0000][1][safepoint    ] Safepoint "RevokeBias", Time since last: 1438625 ns, Reaching safepoint: 249375 ns, At safepoint: 15083 ns, Total: 264458 ns
[2023-07-18T08:21:53.504+0000][1][safepoint    ] Safepoint "RevokeBias", Time since last: 1237209 ns, Reaching safepoint: 334166 ns, At safepoint: 15417 ns, Total: 349583 ns
[2023-07-18T08:21:53.557+0000][1][safepoint    ] Safepoint "RevokeBias", Time since last: 53081875 ns, Reaching safepoint: 423292 ns, At safepoint: 25708 ns, Total: 449000 ns
[2023-07-18T08:21:53.600+0000][1][safepoint    ] Safepoint "RevokeBias", Time since last: 41948209 ns, Reaching safepoint: 877416 ns, At safepoint: 23709 ns, Total: 901125 ns
[2023-07-18T08:21:53.606+0000][1][safepoint    ] Safepoint "RevokeBias", Time since last: 5298208 ns, Reaching safepoint: 278583 ns, At safepoint: 15000 ns, Total: 293583 ns
[2023-07-18T08:21:53.607+0000][1][safepoint    ] Safepoint "RevokeBias", Time since last: 512375 ns, Reaching safepoint: 354417 ns, At safepoint: 15042 ns, Total: 369459 ns
[2023-07-18T08:21:53.607+0000][1][safepoint    ] Safepoint "RevokeBias", Time since last: 447958 ns, Reaching safepoint: 169583 ns, At safepoint: 17042 ns, Total: 186625 ns
[2023-07-18T08:21:53.608+0000][1][safepoint    ] Safepoint "RevokeBias", Time since last: 265167 ns, Reaching safepoint: 159291 ns, At safepoint: 13584 ns, Total: 172875 ns
[2023-07-18T08:21:53.608+0000][1][safepoint    ] Safepoint "RevokeBias", Time since last: 348458 ns, Reaching safepoint: 260208 ns, At safepoint: 13042 ns, Total: 273250 ns
[2023-07-18T08:21:53.609+0000][1][safepoint    ] Safepoint "RevokeBias", Time since last: 306625 ns, Reaching safepoint: 222917 ns, At safepoint: 12875 ns, Total: 235792 ns
[2023-07-18T08:21:53.609+0000][1][safepoint    ] Safepoint "RevokeBias", Time since last: 314208 ns, Reaching safepoint: 178708 ns, At safepoint: 10959 ns, Total: 189667 ns
[2023-07-18T08:21:53.831+0000][1][safepoint    ] Safepoint "RevokeBias", Time since last: 221656750 ns, Reaching safepoint: 256000 ns, At safepoint: 33750 ns, Total: 289750 ns
[2023-07-18T08:21:53.845+0000][1][safepoint    ] Safepoint "RevokeBias", Time since last: 13644750 ns, Reaching safepoint: 295208 ns, At safepoint: 22333 ns, Total: 317541 ns
[2023-07-18T08:21:53.855+0000][1][safepoint    ] Safepoint "CollectForMetadataAllocation", Time since last: 9045459 ns, Reaching safepoint: 424500 ns, At safepoint: 81208 ns, Total: 505708 ns
[2023-07-18T08:21:53.985+0000][1][safepoint    ] Safepoint "RevokeBias", Time since last: 127405833 ns, Reaching safepoint: 2803917 ns, At safepoint: 42167 ns, Total: 2846084 ns
[2023-07-18T08:21:53.992+0000][1][safepoint    ] Safepoint "RevokeBias", Time since last: 4658208 ns, Reaching safepoint: 2538875 ns, At safepoint: 33833 ns, Total: 2572708 ns
[2023-07-18T08:21:53.996+0000][1][safepoint    ] Safepoint "RevokeBias", Time since last: 375292 ns, Reaching safepoint: 3057167 ns, At safepoint: 31916 ns, Total: 3089083 ns
[2023-07-18T08:21:54.002+0000][1][safepoint    ] Safepoint "RevokeBias", Time since last: 5586584 ns, Reaching safepoint: 350416 ns, At safepoint: 30917 ns, Total: 381333 ns
[2023-07-18T08:21:54.012+0000][1][safepoint    ] Safepoint "RevokeBias", Time since last: 9663167 ns, Reaching safepoint: 696875 ns, At safepoint: 27041 ns, Total: 723916 ns
[2023-07-18T08:21:54.038+0000][1][safepoint    ] Safepoint "RevokeBias", Time since last: 17358500 ns, Reaching safepoint: 8082625 ns, At safepoint: 36625 ns, Total: 8119250 ns
[2023-07-18T08:21:54.055+0000][1][safepoint    ] Safepoint "RevokeBias", Time since last: 4048459 ns, Reaching safepoint: 12879125 ns, At safepoint: 24208 ns, Total: 12903333 ns
[2023-07-18T08:21:54.058+0000][1][safepoint    ] Safepoint "RevokeBias", Time since last: 2677667 ns, Reaching safepoint: 471750 ns, At safepoint: 19458 ns, Total: 491208 ns
[2023-07-18T08:21:54.080+0000][1][safepoint    ] Safepoint "RevokeBias", Time since last: 18986958 ns, Reaching safepoint: 2750584 ns, At safepoint: 29708 ns, Total: 2780292 ns
[2023-07-18T08:21:54.081+0000][1][safepoint    ] Safepoint "RevokeBias", Time since last: 931917 ns, Reaching safepoint: 310583 ns, At safepoint: 96500 ns, Total: 407083 ns
[2023-07-18T08:21:54.103+0000][1][safepoint    ] Safepoint "RevokeBias", Time since last: 15183458 ns, Reaching safepoint: 5845375 ns, At safepoint: 1338625 ns, Total: 7184000 ns
[2023-07-18T08:21:54.104+0000][1][safepoint    ] Safepoint "RevokeBias", Time since last: 769209 ns, Reaching safepoint: 325666 ns, At safepoint: 13375 ns, Total: 339041 ns
[2023-07-18T08:21:54.108+0000][1][safepoint    ] Safepoint "RevokeBias", Time since last: 3522792 ns, Reaching safepoint: 403833 ns, At safepoint: 12167 ns, Total: 416000 ns
[2023-07-18T08:21:54.150+0000][1][safepoint    ] Safepoint "RevokeBias", Time since last: 41403458 ns, Reaching safepoint: 542917 ns, At safepoint: 73500 ns, Total: 616417 ns
[2023-07-18T08:21:54.203+0000][1][safepoint    ] Safepoint "RevokeBias", Time since last: 45651667 ns, Reaching safepoint: 6523166 ns, At safepoint: 231000 ns, Total: 6754166 ns
[2023-07-18T08:21:54.263+0000][1][safepoint    ] Safepoint "RevokeBias", Time since last: 47287084 ns, Reaching safepoint: 12433458 ns, At safepoint: 319542 ns, Total: 12753000 ns
[2023-07-18T08:21:54.265+0000][1][safepoint    ] Safepoint "RevokeBias", Time since last: 1862041 ns, Reaching safepoint: 640167 ns, At safepoint: 179583 ns, Total: 819750 ns
[2023-07-18T08:21:54.283+0000][1][safepoint    ] Safepoint "BulkRevokeBias", Time since last: 12039751 ns, Reaching safepoint: 5103333 ns, At safepoint: 864292 ns, Total: 5967625 ns
[2023-07-18T08:21:54.304+0000][1][safepoint    ] Safepoint "RevokeBias", Time since last: 15239583 ns, Reaching safepoint: 5062708 ns, At safepoint: 30542 ns, Total: 5093250 ns
[2023-07-18T08:21:54.329+0000][1][safepoint    ] Safepoint "RevokeBias", Time since last: 24566875 ns, Reaching safepoint: 888167 ns, At safepoint: 22041 ns, Total: 910208 ns
[2023-07-18T08:21:54.340+0000][1][safepoint    ] Safepoint "RevokeBias", Time since last: 7529209 ns, Reaching safepoint: 2979166 ns, At safepoint: 87584 ns, Total: 3066750 ns
[2023-07-18T08:21:54.342+0000][1][safepoint    ] Safepoint "RevokeBias", Time since last: 537541 ns, Reaching safepoint: 1267292 ns, At safepoint: 65625 ns, Total: 1332917 ns
[2023-07-18T08:21:54.367+0000][1][safepoint    ] Safepoint "RevokeBias", Time since last: 24110542 ns, Reaching safepoint: 956666 ns, At safepoint: 125917 ns, Total: 1082583 ns
[2023-07-18T08:21:54.368+0000][1][safepoint    ] Safepoint "RevokeBias", Time since last: 401875 ns, Reaching safepoint: 735000 ns, At safepoint: 95417 ns, Total: 830417 ns
[2023-07-18T08:21:54.386+0000][1][safepoint    ] Safepoint "RevokeBias", Time since last: 13641916 ns, Reaching safepoint: 3825209 ns, At safepoint: 20625 ns, Total: 3845834 ns
[2023-07-18T08:21:54.391+0000][1][safepoint    ] Safepoint "RevokeBias", Time since last: 5193625 ns, Reaching safepoint: 534875 ns, At safepoint: 23708 ns, Total: 558583 ns
[2023-07-18T08:21:54.393+0000][1][safepoint    ] Safepoint "RevokeBias", Time since last: 1034333 ns, Reaching safepoint: 298500 ns, At safepoint: 22167 ns, Total: 320667 ns
[2023-07-18T08:21:54.395+0000][1][safepoint    ] Safepoint "RevokeBias", Time since last: 1565542 ns, Reaching safepoint: 316291 ns, At safepoint: 38250 ns, Total: 354541 ns
[2023-07-18T08:21:54.399+0000][1][safepoint    ] Safepoint "RevokeBias", Time since last: 3825292 ns, Reaching safepoint: 554417 ns, At safepoint: 124416 ns, Total: 678833 ns
[2023-07-18T08:21:54.460+0000][1][safepoint    ] Safepoint "CollectForMetadataAllocation", Time since last: 60281792 ns, Reaching safepoint: 678667 ns, At safepoint: 151208 ns, Total: 829875 ns
[2023-07-18T08:21:54.578+0000][1][safepoint    ] Safepoint "RevokeBias", Time since last: 114431083 ns, Reaching safepoint: 2437959 ns, At safepoint: 338750 ns, Total: 2776709 ns
[2023-07-18T08:21:54.635+0000][1][safepoint    ] Safepoint "CollectForMetadataAllocation", Time since last: 56536208 ns, Reaching safepoint: 604625 ns, At safepoint: 153333 ns, Total: 757958 ns
[2023-07-18T08:21:54.695+0000][1][safepoint    ] Safepoint "Deoptimize", Time since last: 56735417 ns, Reaching safepoint: 1685083 ns, At safepoint: 1385084 ns, Total: 3070167 ns
[2023-07-18T08:21:54.729+0000][1][safepoint    ] Safepoint "CollectForMetadataAllocation", Time since last: 33357791 ns, Reaching safepoint: 738584 ns, At safepoint: 140166 ns, Total: 878750 ns
[2023-07-18T08:21:54.747+0000][1][safepoint    ] Safepoint "RevokeBias", Time since last: 17392875 ns, Reaching safepoint: 228667 ns, At safepoint: 62417 ns, Total: 291084 ns
[2023-07-18T08:21:54.748+0000][1][safepoint    ] Safepoint "RevokeBias", Time since last: 327958 ns, Reaching safepoint: 768917 ns, At safepoint: 83208 ns, Total: 852125 ns
[2023-07-18T08:21:54.777+0000][1][safepoint    ] Safepoint "RevokeBias", Time since last: 28576083 ns, Reaching safepoint: 656459 ns, At safepoint: 111500 ns, Total: 767959 ns
[2023-07-18T08:21:54.778+0000][1][safepoint    ] Safepoint "RevokeBias", Time since last: 332083 ns, Reaching safepoint: 371708 ns, At safepoint: 93375 ns, Total: 465083 ns
[2023-07-18T08:21:54.809+0000][1][safepoint    ] Safepoint "CollectForMetadataAllocation", Time since last: 25944875 ns, Reaching safepoint: 5324459 ns, At safepoint: 138333 ns, Total: 5462792 ns
[2023-07-18T08:21:54.811+0000][1][safepoint    ] Safepoint "CollectForMetadataAllocation", Time since last: 669375 ns, Reaching safepoint: 925958 ns, At safepoint: 24459 ns, Total: 950417 ns
[2023-07-18T08:21:54.827+0000][1][safepoint    ] Safepoint "RevokeBias", Time since last: 15615791 ns, Reaching safepoint: 502875 ns, At safepoint: 25042 ns, Total: 527917 ns
[2023-07-18T08:21:54.841+0000][1][safepoint    ] Safepoint "RevokeBias", Time since last: 13579417 ns, Reaching safepoint: 633833 ns, At safepoint: 60292 ns, Total: 694125 ns
[2023-07-18T08:21:54.848+0000][1][safepoint    ] Safepoint "BulkRevokeBias", Time since last: 4450375 ns, Reaching safepoint: 808250 ns, At safepoint: 1020333 ns, Total: 1828583 ns
[2023-07-18T08:21:54.951+0000][1][safepoint    ] Safepoint "RevokeBias", Time since last: 88063542 ns, Reaching safepoint: 15759083 ns, At safepoint: 26875 ns, Total: 15785958 ns
[2023-07-18T08:21:54.998+0000][1][safepoint    ] Safepoint "CollectForMetadataAllocation", Time since last: 45697625 ns, Reaching safepoint: 859917 ns, At safepoint: 110042 ns, Total: 969959 ns
[2023-07-18T08:21:55.006+0000][1][safepoint    ] Safepoint "RevokeBias", Time since last: 7662125 ns, Reaching safepoint: 554791 ns, At safepoint: 74709 ns, Total: 629500 ns
[2023-07-18T08:21:55.011+0000][1][safepoint    ] Safepoint "RevokeBias", Time since last: 3476416 ns, Reaching safepoint: 1266542 ns, At safepoint: 57792 ns, Total: 1324334 ns
[2023-07-18T08:21:55.018+0000][1][safepoint    ] Safepoint "RevokeBias", Time since last: 3072041 ns, Reaching safepoint: 3826917 ns, At safepoint: 61375 ns, Total: 3888292 ns
[2023-07-18T08:21:55.043+0000][1][safepoint    ] Safepoint "Deoptimize", Time since last: 22853375 ns, Reaching safepoint: 477250 ns, At safepoint: 1377500 ns, Total: 1854750 ns
[2023-07-18T08:21:55.183+0000][1][safepoint    ] Safepoint "CollectForMetadataAllocation", Time since last: 134026417 ns, Reaching safepoint: 5825958 ns, At safepoint: 188792 ns, Total: 6014750 ns
[2023-07-18T08:21:55.243+0000][1][safepoint    ] Safepoint "RevokeBias", Time since last: 49767833 ns, Reaching safepoint: 10699875 ns, At safepoint: 32667 ns, Total: 10732542 ns
[2023-07-18T08:21:55.244+0000][1][safepoint    ] Safepoint "RevokeBias", Time since last: 402958 ns, Reaching safepoint: 371167 ns, At safepoint: 18666 ns, Total: 389833 ns
[2023-07-18T08:21:55.251+0000][1][safepoint    ] Safepoint "RevokeBias", Time since last: 3519375 ns, Reaching safepoint: 2811000 ns, At safepoint: 202834 ns, Total: 3013834 ns
[2023-07-18T08:21:55.267+0000][1][safepoint    ] Safepoint "CollectForMetadataAllocation", Time since last: 15811666 ns, Reaching safepoint: 512417 ns, At safepoint: 133167 ns, Total: 645584 ns
[2023-07-18T08:21:55.270+0000][1][safepoint    ] Safepoint "CollectForMetadataAllocation", Time since last: 2092458 ns, Reaching safepoint: 759125 ns, At safepoint: 21292 ns, Total: 780417 ns
[2023-07-18T08:21:55.277+0000][1][safepoint    ] Safepoint "CollectForMetadataAllocation", Time since last: 6678166 ns, Reaching safepoint: 545042 ns, At safepoint: 30625 ns, Total: 575667 ns
[2023-07-18T08:21:55.337+0000][1][safepoint    ] Safepoint "RevokeBias", Time since last: 57568375 ns, Reaching safepoint: 1332292 ns, At safepoint: 315958 ns, Total: 1648250 ns
[2023-07-18T08:21:55.344+0000][1][safepoint    ] Safepoint "RevokeBias", Time since last: 6295917 ns, Reaching safepoint: 678500 ns, At safepoint: 366041 ns, Total: 1044541 ns
[2023-07-18T08:21:55.357+0000][1][safepoint    ] Safepoint "CollectForMetadataAllocation", Time since last: 10789417 ns, Reaching safepoint: 2539542 ns, At safepoint: 161750 ns, Total: 2701292 ns
[2023-07-18T08:21:55.379+0000][1][safepoint    ] Safepoint "RevokeBias", Time since last: 12380625 ns, Reaching safepoint: 8738000 ns, At safepoint: 63208 ns, Total: 8801208 ns
[2023-07-18T08:21:55.384+0000][1][safepoint    ] Safepoint "RevokeBias", Time since last: 4864667 ns, Reaching safepoint: 562500 ns, At safepoint: 81875 ns, Total: 644375 ns
[2023-07-18T08:21:55.385+0000][1][safepoint    ] Safepoint "RevokeBias", Time since last: 271208 ns, Reaching safepoint: 961333 ns, At safepoint: 105625 ns, Total: 1066958 ns
[2023-07-18T08:21:55.398+0000][1][safepoint    ] Safepoint "RevokeBias", Time since last: 10483875 ns, Reaching safepoint: 1620417 ns, At safepoint: 37833 ns, Total: 1658250 ns
[2023-07-18T08:21:55.410+0000][1][safepoint    ] Safepoint "RevokeBias", Time since last: 5864667 ns, Reaching safepoint: 6309542 ns, At safepoint: 24125 ns, Total: 6333667 ns
[2023-07-18T08:21:55.423+0000][1][safepoint    ] Safepoint "RevokeBias", Time since last: 4253000 ns, Reaching safepoint: 8503208 ns, At safepoint: 208917 ns, Total: 8712125 ns
[2023-07-18T08:21:55.465+0000][1][safepoint    ] Safepoint "RevokeBias", Time since last: 39066125 ns, Reaching safepoint: 3640541 ns, At safepoint: 69459 ns, Total: 3710000 ns
[2023-07-18T08:21:55.466+0000][1][safepoint    ] Safepoint "RevokeBias", Time since last: 483375 ns, Reaching safepoint: 310583 ns, At safepoint: 45167 ns, Total: 355750 ns
[2023-07-18T08:21:55.687+0000][1][safepoint    ] Safepoint "CollectForMetadataAllocation", Time since last: 213885458 ns, Reaching safepoint: 6255834 ns, At safepoint: 135916 ns, Total: 6391750 ns
[2023-07-18T08:21:55.849+0000][1][safepoint    ] Safepoint "CollectForMetadataAllocation", Time since last: 162129375 ns, Reaching safepoint: 488792 ns, At safepoint: 104042 ns, Total: 592834 ns
[2023-07-18T08:21:55.944+0000][1][safepoint    ] Safepoint "RevokeBias", Time since last: 94070250 ns, Reaching safepoint: 560208 ns, At safepoint: 144292 ns, Total: 704500 ns
[2023-07-18T08:21:55.945+0000][1][safepoint    ] Safepoint "RevokeBias", Time since last: 353875 ns, Reaching safepoint: 452625 ns, At safepoint: 128791 ns, Total: 581416 ns
[2023-07-18T08:21:56.126+0000][1][gc,start     ] GC(16) Pause Young (Allocation Failure)
[2023-07-18T08:21:56.127+0000][1][gc,task      ] GC(16) Using 4 workers of 4 for evacuation
[2023-07-18T08:21:56.251+0000][1][gc,age       ] GC(16) Desired survivor size 8945664 bytes, new threshold 2 (max threshold 6)
[2023-07-18T08:21:56.252+0000][1][gc,age       ] GC(16) Age table with threshold 2 (max threshold 6)
[2023-07-18T08:21:56.252+0000][1][gc,age       ] GC(16) - age   1:    4160328 bytes,    4160328 total
[2023-07-18T08:21:56.252+0000][1][gc,age       ] GC(16) - age   2:    4909120 bytes,    9069448 total
[2023-07-18T08:21:56.253+0000][1][gc,heap      ] GC(16) ParNew: 154838K->13801K(157248K)
[2023-07-18T08:21:56.254+0000][1][gc,heap      ] GC(16) CMS: 48310K->56026K(349568K)
[2023-07-18T08:21:56.254+0000][1][gc,metaspace ] GC(16) Metaspace: 77564K->77564K(1120256K)
[2023-07-18T08:21:56.255+0000][1][gc           ] GC(16) Pause Young (Allocation Failure) 198M->68M(494M) 128.931ms
[2023-07-18T08:21:56.255+0000][1][gc,cpu       ] GC(16) User=0.35s Sys=0.00s Real=0.13s
[2023-07-18T08:21:56.255+0000][1][safepoint    ] Safepoint "GenCollectForAllocation", Time since last: 178936667 ns, Reaching safepoint: 1489542 ns, At safepoint: 129906291 ns, Total: 131395833 ns
[2023-07-18T08:21:56.276+0000][1][safepoint    ] Safepoint "RevokeBias", Time since last: 16786959 ns, Reaching safepoint: 1250416 ns, At safepoint: 119209 ns, Total: 1369625 ns
[2023-07-18T08:21:56.288+0000][1][safepoint    ] Safepoint "RevokeBias", Time since last: 8392291 ns, Reaching safepoint: 6376917 ns, At safepoint: 122625 ns, Total: 6499542 ns
[2023-07-18T08:21:56.293+0000][1][safepoint    ] Safepoint "RevokeBias", Time since last: 3763208 ns, Reaching safepoint: 497167 ns, At safepoint: 71083 ns, Total: 568250 ns
[2023-07-18T08:21:56.412+0000][1][safepoint    ] Safepoint "RevokeBias", Time since last: 118301376 ns, Reaching safepoint: 843500 ns, At safepoint: 124291 ns, Total: 967791 ns
[2023-07-18T08:21:56.425+0000][1][safepoint    ] Safepoint "CollectForMetadataAllocation", Time since last: 12286000 ns, Reaching safepoint: 466084 ns, At safepoint: 131583 ns, Total: 597667 ns
[2023-07-18T08:21:56.610+0000][1][safepoint    ] Safepoint "RevokeBias", Time since last: 185129958 ns, Reaching safepoint: 401500 ns, At safepoint: 50334 ns, Total: 451834 ns
[2023-07-18T08:21:56.654+0000][1][safepoint    ] Safepoint "CollectForMetadataAllocation", Time since last: 43238541 ns, Reaching safepoint: 529625 ns, At safepoint: 124000 ns, Total: 653625 ns
[2023-07-18T08:21:56.667+0000][1][safepoint    ] Safepoint "RevokeBias", Time since last: 10952292 ns, Reaching safepoint: 1822417 ns, At safepoint: 69916 ns, Total: 1892333 ns
[2023-07-18T08:21:56.760+0000][1][safepoint    ] Safepoint "RevokeBias", Time since last: 91957084 ns, Reaching safepoint: 394083 ns, At safepoint: 58000 ns, Total: 452083 ns
[2023-07-18T08:21:56.840+0000][1][safepoint    ] Safepoint "RevokeBias", Time since last: 77505208 ns, Reaching safepoint: 3153792 ns, At safepoint: 32542 ns, Total: 3186334 ns
[2023-07-18T08:21:56.841+0000][1][safepoint    ] Safepoint "RevokeBias", Time since last: 570875 ns, Reaching safepoint: 419333 ns, At safepoint: 135375 ns, Total: 554708 ns
[2023-07-18T08:21:56.868+0000][1][safepoint    ] Safepoint "CollectForMetadataAllocation", Time since last: 24275250 ns, Reaching safepoint: 2457333 ns, At safepoint: 176834 ns, Total: 2634167 ns
[2023-07-18T08:21:56.988+0000][1][safepoint    ] Safepoint "CollectForMetadataAllocation", Time since last: 118245875 ns, Reaching safepoint: 1443083 ns, At safepoint: 141417 ns, Total: 1584500 ns
[2023-07-18T08:21:56.998+0000][1][safepoint    ] Safepoint "CollectForMetadataAllocation", Time since last: 5785625 ns, Reaching safepoint: 1347958 ns, At safepoint: 2504375 ns, Total: 3852333 ns
[2023-07-18T08:21:57.109+0000][1][safepoint    ] Safepoint "RevokeBias", Time since last: 104917792 ns, Reaching safepoint: 6584458 ns, At safepoint: 36459 ns, Total: 6620917 ns
[2023-07-18T08:21:57.154+0000][1][safepoint    ] Safepoint "CollectForMetadataAllocation", Time since last: 42194291 ns, Reaching safepoint: 2606417 ns, At safepoint: 128583 ns, Total: 2735000 ns
[2023-07-18T08:21:57.173+0000][1][safepoint    ] Safepoint "RevokeBias", Time since last: 18265167 ns, Reaching safepoint: 882125 ns, At safepoint: 52583 ns, Total: 934708 ns
[2023-07-18T08:21:57.273+0000][1][safepoint    ] Safepoint "RevokeBias", Time since last: 97441750 ns, Reaching safepoint: 1903125 ns, At safepoint: 64000 ns, Total: 1967125 ns
[2023-07-18T08:21:57.284+0000][1][safepoint    ] Safepoint "RevokeBias", Time since last: 10260625 ns, Reaching safepoint: 1101459 ns, At safepoint: 61625 ns, Total: 1163084 ns
[2023-07-18T08:21:57.298+0000][1][safepoint    ] Safepoint "RevokeBias", Time since last: 12225083 ns, Reaching safepoint: 1252208 ns, At safepoint: 77584 ns, Total: 1329792 ns
[2023-07-18T08:21:57.301+0000][1][safepoint    ] Safepoint "RevokeBias", Time since last: 1005875 ns, Reaching safepoint: 2535666 ns, At safepoint: 77334 ns, Total: 2613000 ns
[2023-07-18T08:21:57.307+0000][1][safepoint    ] Safepoint "RevokeBias", Time since last: 4744625 ns, Reaching safepoint: 473333 ns, At safepoint: 63625 ns, Total: 536958 ns
[2023-07-18T08:21:57.313+0000][1][safepoint    ] Safepoint "RevokeBias", Time since last: 4065917 ns, Reaching safepoint: 2558291 ns, At safepoint: 70209 ns, Total: 2628500 ns
[2023-07-18T08:21:57.352+0000][1][safepoint    ] Safepoint "RevokeBias", Time since last: 38037916 ns, Reaching safepoint: 675375 ns, At safepoint: 60875 ns, Total: 736250 ns
[2023-07-18T08:21:57.361+0000][1][safepoint    ] Safepoint "CollectForMetadataAllocation", Time since last: 7812375 ns, Reaching safepoint: 588334 ns, At safepoint: 113625 ns, Total: 701959 ns
[2023-07-18T08:21:57.368+0000][1][safepoint    ] Safepoint "RevokeBias", Time since last: 6109916 ns, Reaching safepoint: 987084 ns, At safepoint: 134666 ns, Total: 1121750 ns
[2023-07-18T08:21:57.394+0000][1][safepoint    ] Safepoint "RevokeBias", Time since last: 22370500 ns, Reaching safepoint: 3320875 ns, At safepoint: 77625 ns, Total: 3398500 ns
[2023-07-18T08:21:57.407+0000][1][safepoint    ] Safepoint "RevokeBias", Time since last: 12765209 ns, Reaching safepoint: 240708 ns, At safepoint: 50458 ns, Total: 291166 ns
[2023-07-18T08:21:57.413+0000][1][safepoint    ] Safepoint "RevokeBias", Time since last: 5215542 ns, Reaching safepoint: 519542 ns, At safepoint: 51250 ns, Total: 570792 ns
[2023-07-18T08:21:57.613+0000][1][safepoint    ] Safepoint "RevokeBias", Time since last: 200036208 ns, Reaching safepoint: 536750 ns, At safepoint: 58167 ns, Total: 594917 ns
[2023-07-18T08:21:57.617+0000][1][safepoint    ] Safepoint "RevokeBias", Time since last: 1575875 ns, Reaching safepoint: 2526125 ns, At safepoint: 60541 ns, Total: 2586666 ns
[2023-07-18T08:21:57.618+0000][1][safepoint    ] Safepoint "RevokeBias", Time since last: 369750 ns, Reaching safepoint: 254792 ns, At safepoint: 61833 ns, Total: 316625 ns
[2023-07-18T08:21:57.670+0000][1][safepoint    ] Safepoint "RevokeBias", Time since last: 50761000 ns, Reaching safepoint: 1128209 ns, At safepoint: 160250 ns, Total: 1288459 ns
[2023-07-18T08:21:57.671+0000][1][safepoint    ] Safepoint "RevokeBias", Time since last: 378875 ns, Reaching safepoint: 324958 ns, At safepoint: 119458 ns, Total: 444416 ns
[2023-07-18T08:21:57.764+0000][1][safepoint    ] Safepoint "RevokeBias", Time since last: 91695084 ns, Reaching safepoint: 1741708 ns, At safepoint: 62125 ns, Total: 1803833 ns
[2023-07-18T08:21:57.765+0000][1][safepoint    ] Safepoint "RevokeBias", Time since last: 467792 ns, Reaching safepoint: 289958 ns, At safepoint: 42667 ns, Total: 332625 ns
[2023-07-18T08:21:57.766+0000][1][safepoint    ] Safepoint "RevokeBias", Time since last: 239833 ns, Reaching safepoint: 277083 ns, At safepoint: 36834 ns, Total: 313917 ns
[2023-07-18T08:21:57.766+0000][1][safepoint    ] Safepoint "RevokeBias", Time since last: 184250 ns, Reaching safepoint: 351291 ns, At safepoint: 43500 ns, Total: 394791 ns
[2023-07-18T08:21:57.772+0000][1][safepoint    ] Safepoint "RevokeBias", Time since last: 227292 ns, Reaching safepoint: 5563917 ns, At safepoint: 63708 ns, Total: 5627625 ns
[2023-07-18T08:21:57.773+0000][1][safepoint    ] Safepoint "RevokeBias", Time since last: 310792 ns, Reaching safepoint: 385792 ns, At safepoint: 41500 ns, Total: 427292 ns
[2023-07-18T08:21:57.773+0000][1][safepoint    ] Safepoint "RevokeBias", Time since last: 189541 ns, Reaching safepoint: 243542 ns, At safepoint: 37500 ns, Total: 281042 ns
[2023-07-18T08:21:57.806+0000][1][safepoint    ] Safepoint "RevokeBias", Time since last: 31956708 ns, Reaching safepoint: 301417 ns, At safepoint: 23792 ns, Total: 325209 ns
[2023-07-18T08:21:57.811+0000][1][safepoint    ] Safepoint "RevokeBias", Time since last: 4790625 ns, Reaching safepoint: 343875 ns, At safepoint: 21583 ns, Total: 365458 ns
[2023-07-18T08:21:57.869+0000][1][gc           ] GC(15) Concurrent Abortable Preclean 5343.656ms
[2023-07-18T08:21:57.871+0000][1][gc,cpu       ] GC(15) User=13.83s Sys=0.39s Real=5.35s
[2023-07-18T08:21:57.877+0000][1][gc,start     ] GC(15) Pause Remark
[2023-07-18T08:21:58.022+0000][1][gc           ] GC(15) Pause Remark 121M->121M(494M) 145.043ms
[2023-07-18T08:21:58.023+0000][1][gc,cpu       ] GC(15) User=0.28s Sys=0.00s Real=0.15s
[2023-07-18T08:21:58.025+0000][1][safepoint    ] Safepoint "CMS_Final_Remark", Time since last: 63561792 ns, Reaching safepoint: 2730208 ns, At safepoint: 147764292 ns, Total: 150494500 ns
[2023-07-18T08:21:58.027+0000][1][gc           ] GC(15) Concurrent Sweep
[2023-07-18T08:21:58.125+0000][1][safepoint    ] Safepoint "RevokeBias", Time since last: 95339541 ns, Reaching safepoint: 4446209 ns, At safepoint: 90166 ns, Total: 4536375 ns
[2023-07-18T08:21:58.138+0000][1][safepoint    ] Safepoint "RevokeBias", Time since last: 12237709 ns, Reaching safepoint: 746625 ns, At safepoint: 59750 ns, Total: 806375 ns
[2023-07-18T08:21:58.191+0000][1][safepoint    ] Safepoint "RevokeBias", Time since last: 49918125 ns, Reaching safepoint: 3527041 ns, At safepoint: 118209 ns, Total: 3645250 ns
[2023-07-18T08:21:58.200+0000][1][safepoint    ] Safepoint "RevokeBias", Time since last: 3746416 ns, Reaching safepoint: 4828667 ns, At safepoint: 77625 ns, Total: 4906292 ns
[2023-07-18T08:21:58.277+0000][1][gc           ] GC(15) Concurrent Sweep 249.971ms
[2023-07-18T08:21:58.282+0000][1][gc,cpu       ] GC(15) User=0.53s Sys=0.02s Real=0.26s
[2023-07-18T08:21:58.288+0000][1][gc           ] GC(15) Concurrent Reset
[2023-07-18T08:21:58.289+0000][1][gc           ] GC(15) Concurrent Reset 0.895ms
[2023-07-18T08:21:58.289+0000][1][gc,cpu       ] GC(15) User=0.00s Sys=0.00s Real=0.00s
[2023-07-18T08:21:58.289+0000][1][gc,heap      ] GC(15) Old: 48310K->55601K(349568K)
[2023-07-18T08:21:58.644+0000][1][safepoint    ] Safepoint "RevokeBias", Time since last: 442995542 ns, Reaching safepoint: 1236708 ns, At safepoint: 118084 ns, Total: 1354792 ns
[2023-07-18T08:21:58.653+0000][1][safepoint    ] Safepoint "RevokeBias", Time since last: 8038833 ns, Reaching safepoint: 392292 ns, At safepoint: 112208 ns, Total: 504500 ns
[2023-07-18T08:21:58.687+0000][1][safepoint    ] Safepoint "RevokeBias", Time since last: 28029083 ns, Reaching safepoint: 6417459 ns, At safepoint: 70166 ns, Total: 6487625 ns
[2023-07-18T08:21:58.755+0000][1][safepoint    ] Safepoint "RevokeBias", Time since last: 66591709 ns, Reaching safepoint: 544333 ns, At safepoint: 75292 ns, Total: 619625 ns
[2023-07-18T08:21:58.756+0000][1][safepoint    ] Safepoint "RevokeBias", Time since last: 647208 ns, Reaching safepoint: 278583 ns, At safepoint: 124209 ns, Total: 402792 ns
[2023-07-18T08:21:58.770+0000][1][safepoint    ] Safepoint "RevokeBias", Time since last: 13565583 ns, Reaching safepoint: 519292 ns, At safepoint: 106166 ns, Total: 625458 ns
[2023-07-18T08:21:58.783+0000][1][safepoint    ] Safepoint "RevokeBias", Time since last: 12272875 ns, Reaching safepoint: 985375 ns, At safepoint: 66917 ns, Total: 1052292 ns
[2023-07-18T08:21:58.802+0000][1][safepoint    ] Safepoint "RevokeBias", Time since last: 18287125 ns, Reaching safepoint: 440250 ns, At safepoint: 109958 ns, Total: 550208 ns
[2023-07-18T08:21:58.820+0000][1][safepoint    ] Safepoint "RevokeBias", Time since last: 17188417 ns, Reaching safepoint: 304542 ns, At safepoint: 116458 ns, Total: 421000 ns
[2023-07-18T08:21:58.821+0000][1][safepoint    ] Safepoint "RevokeBias", Time since last: 486667 ns, Reaching safepoint: 281208 ns, At safepoint: 87250 ns, Total: 368458 ns
[2023-07-18T08:21:58.822+0000][1][safepoint    ] Safepoint "RevokeBias", Time since last: 1340625 ns, Reaching safepoint: 260375 ns, At safepoint: 92583 ns, Total: 352958 ns
[2023-07-18T08:21:58.824+0000][1][safepoint    ] Safepoint "RevokeBias", Time since last: 1118000 ns, Reaching safepoint: 357959 ns, At safepoint: 43041 ns, Total: 401000 ns
[2023-07-18T08:21:59.340+0000][1][safepoint    ] Safepoint "RevokeBias", Time since last: 515559084 ns, Reaching safepoint: 304250 ns, At safepoint: 64792 ns, Total: 369042 ns
[2023-07-18T08:21:59.340+0000][1][safepoint    ] Safepoint "RevokeBias", Time since last: 607750 ns, Reaching safepoint: 162000 ns, At safepoint: 41958 ns, Total: 203958 ns
[2023-07-18T08:21:59.341+0000][1][safepoint    ] Safepoint "RevokeBias", Time since last: 246167 ns, Reaching safepoint: 157166 ns, At safepoint: 39834 ns, Total: 197000 ns
[2023-07-18T08:21:59.341+0000][1][safepoint    ] Safepoint "RevokeBias", Time since last: 213208 ns, Reaching safepoint: 149500 ns, At safepoint: 35208 ns, Total: 184708 ns
[2023-07-18T08:21:59.775+0000][1][safepoint    ] Safepoint "RevokeBias", Time since last: 433682334 ns, Reaching safepoint: 252583 ns, At safepoint: 54583 ns, Total: 307166 ns
[2023-07-18T08:21:59.776+0000][1][safepoint    ] Safepoint "RevokeBias", Time since last: 437250 ns, Reaching safepoint: 163959 ns, At safepoint: 36000 ns, Total: 199959 ns
[2023-07-18T08:21:59.776+0000][1][safepoint    ] Safepoint "RevokeBias", Time since last: 211625 ns, Reaching safepoint: 160125 ns, At safepoint: 32291 ns, Total: 192416 ns
[2023-07-18T08:21:59.777+0000][1][safepoint    ] Safepoint "RevokeBias", Time since last: 233167 ns, Reaching safepoint: 168083 ns, At safepoint: 31334 ns, Total: 199417 ns
[2023-07-18T08:21:59.777+0000][1][safepoint    ] Safepoint "RevokeBias", Time since last: 195791 ns, Reaching safepoint: 157792 ns, At safepoint: 32250 ns, Total: 190042 ns
[2023-07-18T08:22:00.222+0000][1][safepoint    ] Safepoint "RevokeBias", Time since last: 444583792 ns, Reaching safepoint: 284625 ns, At safepoint: 58625 ns, Total: 343250 ns
[2023-07-18T08:22:00.223+0000][1][safepoint    ] Safepoint "RevokeBias", Time since last: 457042 ns, Reaching safepoint: 266208 ns, At safepoint: 40958 ns, Total: 307166 ns
[2023-07-18T08:22:00.223+0000][1][safepoint    ] Safepoint "RevokeBias", Time since last: 273875 ns, Reaching safepoint: 159167 ns, At safepoint: 36833 ns, Total: 196000 ns
[2023-07-18T08:22:00.224+0000][1][safepoint    ] Safepoint "RevokeBias", Time since last: 254500 ns, Reaching safepoint: 258292 ns, At safepoint: 38000 ns, Total: 296292 ns
[2023-07-18T08:22:00.224+0000][1][safepoint    ] Safepoint "RevokeBias", Time since last: 256708 ns, Reaching safepoint: 160959 ns, At safepoint: 37666 ns, Total: 198625 ns
[2023-07-18T08:22:00.225+0000][1][safepoint    ] Safepoint "RevokeBias", Time since last: 281334 ns, Reaching safepoint: 168458 ns, At safepoint: 36125 ns, Total: 204583 ns
[2023-07-18T08:22:00.745+0000][1][safepoint    ] Safepoint "RevokeBias", Time since last: 519417709 ns, Reaching safepoint: 569291 ns, At safepoint: 246292 ns, Total: 815583 ns
[2023-07-18T08:22:00.797+0000][1][safepoint    ] Safepoint "RevokeBias", Time since last: 45495292 ns, Reaching safepoint: 6070000 ns, At safepoint: 72375 ns, Total: 6142375 ns
[2023-07-18T08:22:00.798+0000][1][safepoint    ] Safepoint "RevokeBias", Time since last: 873125 ns, Reaching safepoint: 256208 ns, At safepoint: 156167 ns, Total: 412375 ns
[2023-07-18T08:22:00.802+0000][1][safepoint    ] Safepoint "RevokeBias", Time since last: 3454916 ns, Reaching safepoint: 206167 ns, At safepoint: 85167 ns, Total: 291334 ns
[2023-07-18T08:22:00.803+0000][1][safepoint    ] Safepoint "RevokeBias", Time since last: 492083 ns, Reaching safepoint: 271250 ns, At safepoint: 45417 ns, Total: 316667 ns
[2023-07-18T08:22:00.803+0000][1][safepoint    ] Safepoint "RevokeBias", Time since last: 267583 ns, Reaching safepoint: 442750 ns, At safepoint: 37917 ns, Total: 480667 ns
[2023-07-18T08:22:00.879+0000][1][safepoint    ] Safepoint "RevokeBias", Time since last: 74527250 ns, Reaching safepoint: 1278583 ns, At safepoint: 30208 ns, Total: 1308791 ns
[2023-07-18T08:22:00.947+0000][1][safepoint    ] Safepoint "RevokeBias", Time since last: 67468459 ns, Reaching safepoint: 436166 ns, At safepoint: 149792 ns, Total: 585958 ns
[2023-07-18T08:22:01.042+0000][1][safepoint    ] Safepoint "BulkRevokeBias", Time since last: 92728917 ns, Reaching safepoint: 670916 ns, At safepoint: 1049084 ns, Total: 1720000 ns
[2023-07-18T08:22:01.048+0000][1][safepoint    ] Safepoint "RevokeBias", Time since last: 5943375 ns, Reaching safepoint: 293750 ns, At safepoint: 83958 ns, Total: 377708 ns
[2023-07-18T08:22:01.051+0000][1][safepoint    ] Safepoint "RevokeBias", Time since last: 1884583 ns, Reaching safepoint: 582792 ns, At safepoint: 125292 ns, Total: 708084 ns
[2023-07-18T08:22:01.053+0000][1][safepoint    ] Safepoint "RevokeBias", Time since last: 2173166 ns, Reaching safepoint: 368000 ns, At safepoint: 113834 ns, Total: 481834 ns
[2023-07-18T08:22:01.054+0000][1][safepoint    ] Safepoint "RevokeBias", Time since last: 383583 ns, Reaching safepoint: 400167 ns, At safepoint: 101666 ns, Total: 501833 ns
[2023-07-18T08:22:01.059+0000][1][safepoint    ] Safepoint "RevokeBias", Time since last: 4433000 ns, Reaching safepoint: 599959 ns, At safepoint: 143625 ns, Total: 743584 ns
[2023-07-18T08:22:01.078+0000][1][safepoint    ] Safepoint "RevokeBias", Time since last: 18570208 ns, Reaching safepoint: 417958 ns, At safepoint: 73292 ns, Total: 491250 ns
[2023-07-18T08:22:01.082+0000][1][safepoint    ] Safepoint "RevokeBias", Time since last: 2732375 ns, Reaching safepoint: 552250 ns, At safepoint: 105792 ns, Total: 658042 ns
[2023-07-18T08:22:01.085+0000][1][safepoint    ] Safepoint "RevokeBias", Time since last: 2278791 ns, Reaching safepoint: 498709 ns, At safepoint: 88958 ns, Total: 587667 ns
[2023-07-18T08:22:01.085+0000][1][safepoint    ] Safepoint "RevokeBias", Time since last: 414208 ns, Reaching safepoint: 273084 ns, At safepoint: 76958 ns, Total: 350042 ns
[2023-07-18T08:22:01.100+0000][1][safepoint    ] Safepoint "RevokeBias", Time since last: 14623417 ns, Reaching safepoint: 355750 ns, At safepoint: 84333 ns, Total: 440083 ns
[2023-07-18T08:22:02.104+0000][1][safepoint    ] Safepoint "Cleanup", Time since last: 1000576167 ns, Reaching safepoint: 2133042 ns, At safepoint: 857542 ns, Total: 2990584 ns
[2023-07-18T08:22:03.107+0000][1][safepoint    ] Safepoint "Cleanup", Time since last: 1002901458 ns, Reaching safepoint: 458292 ns, At safepoint: 18750 ns, Total: 477042 ns
[2023-07-18T08:22:05.108+0000][1][safepoint    ] Safepoint "Cleanup", Time since last: 2000585626 ns, Reaching safepoint: 451833 ns, At safepoint: 13584 ns, Total: 465417 ns
[2023-07-18T08:22:06.109+0000][1][safepoint    ] Safepoint "Cleanup", Time since last: 1000316917 ns, Reaching safepoint: 642000 ns, At safepoint: 22791 ns, Total: 664791 ns
[2023-07-18T08:22:10.937+0000][1][safepoint    ] Safepoint "RevokeBias", Time since last: 4824650169 ns, Reaching safepoint: 1578584 ns, At safepoint: 1022416 ns, Total: 2601000 ns
[2023-07-18T08:22:10.952+0000][1][safepoint    ] Safepoint "RevokeBias", Time since last: 14070250 ns, Reaching safepoint: 716667 ns, At safepoint: 83167 ns, Total: 799834 ns
[2023-07-18T08:22:11.022+0000][1][safepoint    ] Safepoint "RevokeBias", Time since last: 69642666 ns, Reaching safepoint: 916750 ns, At safepoint: 53959 ns, Total: 970709 ns
[2023-07-18T08:22:11.023+0000][1][safepoint    ] Safepoint "RevokeBias", Time since last: 676750 ns, Reaching safepoint: 349041 ns, At safepoint: 41584 ns, Total: 390625 ns
[2023-07-18T08:22:11.039+0000][1][safepoint    ] Safepoint "RevokeBias", Time since last: 9498375 ns, Reaching safepoint: 6282333 ns, At safepoint: 58625 ns, Total: 6340958 ns
[2023-07-18T08:22:11.041+0000][1][safepoint    ] Safepoint "RevokeBias", Time since last: 916042 ns, Reaching safepoint: 776625 ns, At safepoint: 46250 ns, Total: 822875 ns
[2023-07-18T08:22:11.045+0000][1][safepoint    ] Safepoint "RevokeBias", Time since last: 3587916 ns, Reaching safepoint: 666709 ns, At safepoint: 53916 ns, Total: 720625 ns
[2023-07-18T08:22:11.046+0000][1][safepoint    ] Safepoint "RevokeBias", Time since last: 416125 ns, Reaching safepoint: 736375 ns, At safepoint: 158584 ns, Total: 894959 ns
[2023-07-18T08:22:11.048+0000][1][safepoint    ] Safepoint "RevokeBias", Time since last: 608666 ns, Reaching safepoint: 848209 ns, At safepoint: 36583 ns, Total: 884792 ns
[2023-07-18T08:22:11.049+0000][1][safepoint    ] Safepoint "RevokeBias", Time since last: 429292 ns, Reaching safepoint: 327500 ns, At safepoint: 46583 ns, Total: 374083 ns
[2023-07-18T08:22:11.052+0000][1][safepoint    ] Safepoint "RevokeBias", Time since last: 2231667 ns, Reaching safepoint: 714083 ns, At safepoint: 95500 ns, Total: 809583 ns
[2023-07-18T08:22:11.056+0000][1][safepoint    ] Safepoint "RevokeBias", Time since last: 695667 ns, Reaching safepoint: 3759583 ns, At safepoint: 60834 ns, Total: 3820417 ns
[2023-07-18T08:22:11.059+0000][1][safepoint    ] Safepoint "RevokeBias", Time since last: 640750 ns, Reaching safepoint: 2519041 ns, At safepoint: 49084 ns, Total: 2568125 ns
[2023-07-18T08:22:11.064+0000][1][safepoint    ] Safepoint "RevokeBias", Time since last: 684750 ns, Reaching safepoint: 3827833 ns, At safepoint: 74458 ns, Total: 3902291 ns
[2023-07-18T08:22:11.082+0000][1][safepoint    ] Safepoint "RevokeBias", Time since last: 16821500 ns, Reaching safepoint: 919917 ns, At safepoint: 69083 ns, Total: 989000 ns
[2023-07-18T08:22:11.085+0000][1][safepoint    ] Safepoint "RevokeBias", Time since last: 2524292 ns, Reaching safepoint: 512750 ns, At safepoint: 80792 ns, Total: 593542 ns
[2023-07-18T08:22:11.087+0000][1][safepoint    ] Safepoint "RevokeBias", Time since last: 607541 ns, Reaching safepoint: 556709 ns, At safepoint: 1107375 ns, Total: 1664084 ns
[2023-07-18T08:22:11.101+0000][1][safepoint    ] Safepoint "RevokeBias", Time since last: 11692208 ns, Reaching safepoint: 2179417 ns, At safepoint: 57833 ns, Total: 2237250 ns
[2023-07-18T08:22:11.107+0000][1][safepoint    ] Safepoint "RevokeBias", Time since last: 757417 ns, Reaching safepoint: 4770750 ns, At safepoint: 55500 ns, Total: 4826250 ns
[2023-07-18T08:22:11.122+0000][1][safepoint    ] Safepoint "RevokeBias", Time since last: 14944208 ns, Reaching safepoint: 421583 ns, At safepoint: 60084 ns, Total: 481667 ns
[2023-07-18T08:22:11.124+0000][1][safepoint    ] Safepoint "RevokeBias", Time since last: 1359458 ns, Reaching safepoint: 348833 ns, At safepoint: 40250 ns, Total: 389083 ns
[2023-07-18T08:22:11.125+0000][1][safepoint    ] Safepoint "RevokeBias", Time since last: 702792 ns, Reaching safepoint: 303208 ns, At safepoint: 37959 ns, Total: 341167 ns
[2023-07-18T08:22:11.126+0000][1][safepoint    ] Safepoint "RevokeBias", Time since last: 401041 ns, Reaching safepoint: 303667 ns, At safepoint: 34708 ns, Total: 338375 ns
[2023-07-18T08:22:11.128+0000][1][safepoint    ] Safepoint "RevokeBias", Time since last: 1768667 ns, Reaching safepoint: 345167 ns, At safepoint: 40750 ns, Total: 385917 ns
[2023-07-18T08:22:11.131+0000][1][safepoint    ] Safepoint "RevokeBias", Time since last: 3028750 ns, Reaching safepoint: 332208 ns, At safepoint: 43708 ns, Total: 375916 ns
[2023-07-18T08:22:11.140+0000][1][safepoint    ] Safepoint "RevokeBias", Time since last: 7915334 ns, Reaching safepoint: 455500 ns, At safepoint: 63166 ns, Total: 518666 ns
[2023-07-18T08:22:11.141+0000][1][safepoint    ] Safepoint "RevokeBias", Time since last: 815500 ns, Reaching safepoint: 306250 ns, At safepoint: 37209 ns, Total: 343459 ns
[2023-07-18T08:22:11.142+0000][1][safepoint    ] Safepoint "RevokeBias", Time since last: 440416 ns, Reaching safepoint: 382834 ns, At safepoint: 49375 ns, Total: 432209 ns
[2023-07-18T08:22:11.142+0000][1][safepoint    ] Safepoint "RevokeBias", Time since last: 265458 ns, Reaching safepoint: 370625 ns, At safepoint: 34000 ns, Total: 404625 ns
[2023-07-18T08:22:11.143+0000][1][safepoint    ] Safepoint "RevokeBias", Time since last: 430792 ns, Reaching safepoint: 275125 ns, At safepoint: 36708 ns, Total: 311833 ns
[2023-07-18T08:22:11.144+0000][1][safepoint    ] Safepoint "RevokeBias", Time since last: 319875 ns, Reaching safepoint: 393542 ns, At safepoint: 45083 ns, Total: 438625 ns
[2023-07-18T08:22:11.145+0000][1][safepoint    ] Safepoint "RevokeBias", Time since last: 389167 ns, Reaching safepoint: 433916 ns, At safepoint: 57834 ns, Total: 491750 ns
[2023-07-18T08:22:11.145+0000][1][safepoint    ] Safepoint "RevokeBias", Time since last: 291541 ns, Reaching safepoint: 300375 ns, At safepoint: 40834 ns, Total: 341209 ns
[2023-07-18T08:22:11.147+0000][1][safepoint    ] Safepoint "RevokeBias", Time since last: 550916 ns, Reaching safepoint: 517959 ns, At safepoint: 37833 ns, Total: 555792 ns
[2023-07-18T08:22:11.148+0000][1][safepoint    ] Safepoint "RevokeBias", Time since last: 918667 ns, Reaching safepoint: 376375 ns, At safepoint: 33500 ns, Total: 409875 ns
[2023-07-18T08:22:11.151+0000][1][safepoint    ] Safepoint "RevokeBias", Time since last: 2631708 ns, Reaching safepoint: 348333 ns, At safepoint: 53209 ns, Total: 401542 ns
[2023-07-18T08:22:11.156+0000][1][safepoint    ] Safepoint "RevokeBias", Time since last: 5021166 ns, Reaching safepoint: 414792 ns, At safepoint: 48208 ns, Total: 463000 ns
[2023-07-18T08:22:11.163+0000][1][safepoint    ] Safepoint "RevokeBias", Time since last: 6309500 ns, Reaching safepoint: 454209 ns, At safepoint: 74458 ns, Total: 528667 ns
[2023-07-18T08:22:11.166+0000][1][safepoint    ] Safepoint "BulkRevokeBias", Time since last: 620250 ns, Reaching safepoint: 312083 ns, At safepoint: 1876209 ns, Total: 2188292 ns
[2023-07-18T08:22:11.200+0000][1][safepoint    ] Safepoint "RevokeBias", Time since last: 33015000 ns, Reaching safepoint: 746041 ns, At safepoint: 72875 ns, Total: 818916 ns
[2023-07-18T08:22:11.339+0000][1][safepoint    ] Safepoint "RevokeBias", Time since last: 138562167 ns, Reaching safepoint: 582583 ns, At safepoint: 70375 ns, Total: 652958 ns
[2023-07-18T08:22:12.815+0000][1][safepoint    ] Safepoint "RevokeBias", Time since last: 1474840626 ns, Reaching safepoint: 588083 ns, At safepoint: 53167 ns, Total: 641250 ns
[2023-07-18T08:22:12.929+0000][1][safepoint    ] Safepoint "RevokeBias", Time since last: 112691375 ns, Reaching safepoint: 1881875 ns, At safepoint: 116833 ns, Total: 1998708 ns
[2023-07-18T08:22:12.943+0000][1][safepoint    ] Safepoint "RevokeBias", Time since last: 12385750 ns, Reaching safepoint: 941709 ns, At safepoint: 69333 ns, Total: 1011042 ns
[2023-07-18T08:22:12.959+0000][1][safepoint    ] Safepoint "RevokeBias", Time since last: 13591250 ns, Reaching safepoint: 2203292 ns, At safepoint: 76416 ns, Total: 2279708 ns
[2023-07-18T08:22:13.005+0000][1][safepoint    ] Safepoint "RevokeBias", Time since last: 45455792 ns, Reaching safepoint: 1453083 ns, At safepoint: 70959 ns, Total: 1524042 ns
[2023-07-18T08:22:13.006+0000][1][safepoint    ] Safepoint "RevokeBias", Time since last: 477666 ns, Reaching safepoint: 336709 ns, At safepoint: 45125 ns, Total: 381834 ns
[2023-07-18T08:22:13.009+0000][1][safepoint    ] Safepoint "RevokeBias", Time since last: 1186833 ns, Reaching safepoint: 1830500 ns, At safepoint: 75250 ns, Total: 1905750 ns
[2023-07-18T08:22:13.038+0000][1][safepoint    ] Safepoint "RevokeBias", Time since last: 26260833 ns, Reaching safepoint: 1777000 ns, At safepoint: 68042 ns, Total: 1845042 ns
[2023-07-18T08:22:13.054+0000][1][safepoint    ] Safepoint "RevokeBias", Time since last: 8852583 ns, Reaching safepoint: 7289542 ns, At safepoint: 112042 ns, Total: 7401584 ns
[2023-07-18T08:22:13.315+0000][1][safepoint    ] Safepoint "RevokeBias", Time since last: 259649333 ns, Reaching safepoint: 1183709 ns, At safepoint: 87958 ns, Total: 1271667 ns
[2023-07-18T08:22:13.319+0000][1][safepoint    ] Safepoint "RevokeBias", Time since last: 3905250 ns, Reaching safepoint: 631042 ns, At safepoint: 63083 ns, Total: 694125 ns
[2023-07-18T08:22:13.371+0000][1][safepoint    ] Safepoint "RevokeBias", Time since last: 48405500 ns, Reaching safepoint: 3579667 ns, At safepoint: 76208 ns, Total: 3655875 ns
[2023-07-18T08:22:13.666+0000][1][safepoint    ] Safepoint "RevokeBias", Time since last: 277618292 ns, Reaching safepoint: 17393000 ns, At safepoint: 78125 ns, Total: 17471125 ns
[2023-07-18T08:22:13.678+0000][1][safepoint    ] Safepoint "RevokeBias", Time since last: 7738375 ns, Reaching safepoint: 3990333 ns, At safepoint: 74042 ns, Total: 4064375 ns
[2023-07-18T08:22:13.725+0000][1][safepoint    ] Safepoint "RevokeBias", Time since last: 35411541 ns, Reaching safepoint: 11484167 ns, At safepoint: 127875 ns, Total: 11612042 ns
[2023-07-18T08:22:13.735+0000][1][safepoint    ] Safepoint "RevokeBias", Time since last: 8805208 ns, Reaching safepoint: 882417 ns, At safepoint: 68125 ns, Total: 950542 ns
[2023-07-18T08:22:13.762+0000][1][safepoint    ] Safepoint "RevokeBias", Time since last: 22704333 ns, Reaching safepoint: 4319750 ns, At safepoint: 113334 ns, Total: 4433084 ns
[2023-07-18T08:22:13.775+0000][1][safepoint    ] Safepoint "RevokeBias", Time since last: 8492833 ns, Reaching safepoint: 4496958 ns, At safepoint: 75334 ns, Total: 4572292 ns
[2023-07-18T08:22:14.780+0000][1][safepoint    ] Safepoint "Cleanup", Time since last: 1004387334 ns, Reaching safepoint: 537833 ns, At safepoint: 10917 ns, Total: 548750 ns
[2023-07-18T08:22:14.945+0000][1][safepoint    ] Safepoint "RevokeBias", Time since last: 161167666 ns, Reaching safepoint: 3516042 ns, At safepoint: 61917 ns, Total: 3577959 ns
[2023-07-18T08:22:14.950+0000][1][safepoint    ] Safepoint "RevokeBias", Time since last: 2633708 ns, Reaching safepoint: 2742833 ns, At safepoint: 45917 ns, Total: 2788750 ns
[2023-07-18T08:22:15.084+0000][1][safepoint    ] Safepoint "RevokeBias", Time since last: 125068125 ns, Reaching safepoint: 8454958 ns, At safepoint: 110084 ns, Total: 8565042 ns
[2023-07-18T08:22:15.093+0000][1][safepoint    ] Safepoint "BulkRevokeBias", Time since last: 6966375 ns, Reaching safepoint: 809291 ns, At safepoint: 1665875 ns, Total: 2475166 ns
[2023-07-18T08:22:15.110+0000][1][safepoint    ] Safepoint "RevokeBias", Time since last: 13138042 ns, Reaching safepoint: 2916875 ns, At safepoint: 227417 ns, Total: 3144292 ns
[2023-07-18T08:22:15.114+0000][1][safepoint    ] Safepoint "RevokeBias", Time since last: 3007958 ns, Reaching safepoint: 1439000 ns, At safepoint: 233125 ns, Total: 1672125 ns
[2023-07-18T08:22:15.131+0000][1][safepoint    ] Safepoint "RevokeBias", Time since last: 13709208 ns, Reaching safepoint: 3084709 ns, At safepoint: 231333 ns, Total: 3316042 ns
[2023-07-18T08:22:15.159+0000][1][safepoint    ] Safepoint "RevokeBias", Time since last: 16921250 ns, Reaching safepoint: 10010667 ns, At safepoint: 325791 ns, Total: 10336458 ns
[2023-07-18T08:22:15.269+0000][1][safepoint    ] Safepoint "BulkRevokeBias", Time since last: 105044209 ns, Reaching safepoint: 3671042 ns, At safepoint: 2091500 ns, Total: 5762542 ns
[2023-07-18T08:22:15.283+0000][1][safepoint    ] Safepoint "RevokeBias", Time since last: 10054625 ns, Reaching safepoint: 3005916 ns, At safepoint: 36125 ns, Total: 3042041 ns
[2023-07-18T08:22:15.295+0000][1][safepoint    ] Safepoint "RevokeBias", Time since last: 10848542 ns, Reaching safepoint: 1058250 ns, At safepoint: 29917 ns, Total: 1088167 ns
[2023-07-18T08:22:15.318+0000][1][safepoint    ] Safepoint "RevokeBias", Time since last: 11839625 ns, Reaching safepoint: 11183750 ns, At safepoint: 137041 ns, Total: 11320791 ns
[2023-07-18T08:22:15.385+0000][1][safepoint    ] Safepoint "RevokeBias", Time since last: 65011917 ns, Reaching safepoint: 1792833 ns, At safepoint: 80667 ns, Total: 1873500 ns
[2023-07-18T08:22:15.482+0000][1][safepoint    ] Safepoint "RevokeBias", Time since last: 96501625 ns, Reaching safepoint: 900375 ns, At safepoint: 110417 ns, Total: 1010792 ns
[2023-07-18T08:22:15.491+0000][1][safepoint    ] Safepoint "RevokeBias", Time since last: 6005083 ns, Reaching safepoint: 2724458 ns, At safepoint: 67084 ns, Total: 2791542 ns
[2023-07-18T08:22:15.497+0000][1][safepoint    ] Safepoint "RevokeBias", Time since last: 5337500 ns, Reaching safepoint: 827458 ns, At safepoint: 75875 ns, Total: 903333 ns
[2023-07-18T08:22:15.504+0000][1][safepoint    ] Safepoint "RevokeBias", Time since last: 5888292 ns, Reaching safepoint: 1020083 ns, At safepoint: 175333 ns, Total: 1195416 ns
[2023-07-18T08:22:15.513+0000][1][safepoint    ] Safepoint "RevokeBias", Time since last: 7718500 ns, Reaching safepoint: 680000 ns, At safepoint: 88042 ns, Total: 768042 ns
[2023-07-18T08:22:15.537+0000][1][safepoint    ] Safepoint "RevokeBias", Time since last: 20867542 ns, Reaching safepoint: 3020500 ns, At safepoint: 30666 ns, Total: 3051166 ns
[2023-07-18T08:22:15.540+0000][1][safepoint    ] Safepoint "RevokeBias", Time since last: 2397584 ns, Reaching safepoint: 732958 ns, At safepoint: 25833 ns, Total: 758791 ns
[2023-07-18T08:22:15.544+0000][1][safepoint    ] Safepoint "RevokeBias", Time since last: 1588000 ns, Reaching safepoint: 2635750 ns, At safepoint: 38292 ns, Total: 2674042 ns
[2023-07-18T08:22:15.582+0000][1][safepoint    ] Safepoint "RevokeBias", Time since last: 36607917 ns, Reaching safepoint: 1408041 ns, At safepoint: 182292 ns, Total: 1590333 ns
[2023-07-18T08:22:15.584+0000][1][safepoint    ] Safepoint "RevokeBias", Time since last: 832083 ns, Reaching safepoint: 582125 ns, At safepoint: 180584 ns, Total: 762709 ns
[2023-07-18T08:22:15.628+0000][1][safepoint    ] Safepoint "RevokeBias", Time since last: 41732666 ns, Reaching safepoint: 2726917 ns, At safepoint: 60167 ns, Total: 2787084 ns
[2023-07-18T08:22:15.646+0000][1][safepoint    ] Safepoint "RevokeBias", Time since last: 12075250 ns, Reaching safepoint: 5167916 ns, At safepoint: 105667 ns, Total: 5273583 ns
[2023-07-18T08:22:15.649+0000][1][safepoint    ] Safepoint "RevokeBias", Time since last: 365625 ns, Reaching safepoint: 2602042 ns, At safepoint: 79583 ns, Total: 2681625 ns
[2023-07-18T08:22:15.683+0000][1][safepoint    ] Safepoint "RevokeBias", Time since last: 33569125 ns, Reaching safepoint: 732125 ns, At safepoint: 217000 ns, Total: 949125 ns
[2023-07-18T08:22:15.687+0000][1][safepoint    ] Safepoint "RevokeBias", Time since last: 1128542 ns, Reaching safepoint: 2610708 ns, At safepoint: 61292 ns, Total: 2672000 ns
[2023-07-18T08:22:16.060+0000][1][safepoint    ] Safepoint "RevokeBias", Time since last: 372090625 ns, Reaching safepoint: 693917 ns, At safepoint: 56000 ns, Total: 749917 ns
[2023-07-18T08:22:16.061+0000][1][safepoint    ] Safepoint "RevokeBias", Time since last: 391291 ns, Reaching safepoint: 322834 ns, At safepoint: 41291 ns, Total: 364125 ns
[2023-07-18T08:22:16.101+0000][1][safepoint    ] Safepoint "RevokeBias", Time since last: 40285834 ns, Reaching safepoint: 462666 ns, At safepoint: 67709 ns, Total: 530375 ns
[2023-07-18T08:22:17.103+0000][1][safepoint    ] Safepoint "Cleanup", Time since last: 1000677292 ns, Reaching safepoint: 544458 ns, At safepoint: 13000 ns, Total: 557458 ns
[2023-07-18T08:22:17.920+0000][1][safepoint    ] Safepoint "RevokeBias", Time since last: 817208833 ns, Reaching safepoint: 604917 ns, At safepoint: 69833 ns, Total: 674750 ns
[2023-07-18T08:22:18.922+0000][1][safepoint    ] Safepoint "Cleanup", Time since last: 1000802168 ns, Reaching safepoint: 555000 ns, At safepoint: 12541 ns, Total: 567541 ns
[2023-07-18T08:22:19.123+0000][1][safepoint    ] Safepoint "RevokeBias", Time since last: 200311667 ns, Reaching safepoint: 607583 ns, At safepoint: 62667 ns, Total: 670250 ns
[2023-07-18T08:22:20.124+0000][1][safepoint    ] Safepoint "Cleanup", Time since last: 1000588459 ns, Reaching safepoint: 556333 ns, At safepoint: 16125 ns, Total: 572458 ns
[2023-07-18T08:22:20.441+0000][1][safepoint    ] Safepoint "RevokeBias", Time since last: 316610125 ns, Reaching safepoint: 698667 ns, At safepoint: 117333 ns, Total: 816000 ns
[2023-07-18T08:22:21.443+0000][1][safepoint    ] Safepoint "Cleanup", Time since last: 1000391876 ns, Reaching safepoint: 924041 ns, At safepoint: 16417 ns, Total: 940458 ns
[2023-07-18T08:22:22.151+0000][1][safepoint    ] Safepoint "RevokeBias", Time since last: 707953334 ns, Reaching safepoint: 735458 ns, At safepoint: 70000 ns, Total: 805458 ns
[2023-07-18T08:22:22.962+0000][1][safepoint    ] Safepoint "RevokeBias", Time since last: 810181584 ns, Reaching safepoint: 772375 ns, At safepoint: 73083 ns, Total: 845458 ns
[2023-07-18T08:22:23.165+0000][1][gc,start     ] GC(17) Pause Young (Allocation Failure)
[2023-07-18T08:22:23.167+0000][1][gc,task      ] GC(17) Using 4 workers of 4 for evacuation
[2023-07-18T08:22:23.275+0000][1][gc,age       ] GC(17) Desired survivor size 8945664 bytes, new threshold 6 (max threshold 6)
[2023-07-18T08:22:23.275+0000][1][gc,age       ] GC(17) Age table with threshold 6 (max threshold 6)
[2023-07-18T08:22:23.276+0000][1][gc,age       ] GC(17) - age   1:    3886648 bytes,    3886648 total
[2023-07-18T08:22:23.276+0000][1][gc,age       ] GC(17) - age   2:    3805512 bytes,    7692160 total
[2023-07-18T08:22:23.277+0000][1][gc,heap      ] GC(17) ParNew: 153577K->11753K(157248K)
[2023-07-18T08:22:23.277+0000][1][gc,heap      ] GC(17) CMS: 55601K->60569K(349568K)
[2023-07-18T08:22:23.277+0000][1][gc,metaspace ] GC(17) Metaspace: 84456K->84456K(1126400K)
[2023-07-18T08:22:23.278+0000][1][gc           ] GC(17) Pause Young (Allocation Failure) 204M->70M(494M) 113.523ms
[2023-07-18T08:22:23.279+0000][1][gc,cpu       ] GC(17) User=0.19s Sys=0.00s Real=0.11s
[2023-07-18T08:22:23.279+0000][1][safepoint    ] Safepoint "GenCollectForAllocation", Time since last: 201137750 ns, Reaching safepoint: 748792 ns, At safepoint: 114612167 ns, Total: 115360959 ns
[2023-07-18T08:22:23.572+0000][1][safepoint    ] Safepoint "RevokeBias", Time since last: 291183708 ns, Reaching safepoint: 1600625 ns, At safepoint: 259333 ns, Total: 1859958 ns
[2023-07-18T08:22:23.602+0000][1][safepoint    ] Safepoint "RevokeBias", Time since last: 29527334 ns, Reaching safepoint: 841083 ns, At safepoint: 79917 ns, Total: 921000 ns
[2023-07-18T08:22:23.609+0000][1][safepoint    ] Safepoint "RevokeBias", Time since last: 5485042 ns, Reaching safepoint: 1170625 ns, At safepoint: 106041 ns, Total: 1276666 ns
[2023-07-18T08:22:23.621+0000][1][safepoint    ] Safepoint "RevokeBias", Time since last: 10372459 ns, Reaching safepoint: 1442458 ns, At safepoint: 78667 ns, Total: 1521125 ns
[2023-07-18T08:22:23.644+0000][1][safepoint    ] Safepoint "RevokeBias", Time since last: 14338458 ns, Reaching safepoint: 8632833 ns, At safepoint: 119459 ns, Total: 8752292 ns
[2023-07-18T08:22:23.870+0000][1][safepoint    ] Safepoint "RevokeBias", Time since last: 224427708 ns, Reaching safepoint: 1211167 ns, At safepoint: 76166 ns, Total: 1287333 ns
[2023-07-18T08:22:23.891+0000][1][safepoint    ] Safepoint "RevokeBias", Time since last: 20576292 ns, Reaching safepoint: 772958 ns, At safepoint: 69042 ns, Total: 842000 ns
[2023-07-18T08:22:23.917+0000][1][safepoint    ] Safepoint "RevokeBias", Time since last: 24892750 ns, Reaching safepoint: 534167 ns, At safepoint: 67958 ns, Total: 602125 ns
[2023-07-18T08:22:23.945+0000][1][safepoint    ] Safepoint "RevokeBias", Time since last: 27798750 ns, Reaching safepoint: 620208 ns, At safepoint: 72334 ns, Total: 692542 ns
[2023-07-18T08:22:23.958+0000][1][safepoint    ] Safepoint "RevokeBias", Time since last: 11778500 ns, Reaching safepoint: 985041 ns, At safepoint: 65250 ns, Total: 1050291 ns
[2023-07-18T08:22:23.965+0000][1][safepoint    ] Safepoint "RevokeBias", Time since last: 6542084 ns, Reaching safepoint: 543833 ns, At safepoint: 76375 ns, Total: 620208 ns
[2023-07-18T08:22:23.972+0000][1][safepoint    ] Safepoint "BulkRevokeBias", Time since last: 4749833 ns, Reaching safepoint: 493250 ns, At safepoint: 1405875 ns, Total: 1899125 ns
[2023-07-18T08:22:24.016+0000][1][safepoint    ] Safepoint "RevokeBias", Time since last: 43691542 ns, Reaching safepoint: 806333 ns, At safepoint: 96875 ns, Total: 903208 ns
[2023-07-18T08:22:24.033+0000][1][safepoint    ] Safepoint "RevokeBias", Time since last: 15965167 ns, Reaching safepoint: 621292 ns, At safepoint: 70708 ns, Total: 692000 ns
[2023-07-18T08:22:24.234+0000][1][safepoint    ] Safepoint "RevokeBias", Time since last: 199764792 ns, Reaching safepoint: 782166 ns, At safepoint: 61584 ns, Total: 843750 ns
[2023-07-18T08:22:24.291+0000][1][safepoint    ] Safepoint "RevokeBias", Time since last: 56219708 ns, Reaching safepoint: 705875 ns, At safepoint: 69000 ns, Total: 774875 ns
[2023-07-18T08:22:24.395+0000][1][safepoint    ] Safepoint "RevokeBias", Time since last: 103388417 ns, Reaching safepoint: 742042 ns, At safepoint: 78000 ns, Total: 820042 ns
[2023-07-18T08:22:25.182+0000][1][safepoint    ] Safepoint "RevokeBias", Time since last: 776641125 ns, Reaching safepoint: 10615333 ns, At safepoint: 69375 ns, Total: 10684708 ns
[2023-07-18T08:22:25.189+0000][1][safepoint    ] Safepoint "RevokeBias", Time since last: 5547209 ns, Reaching safepoint: 733500 ns, At safepoint: 65125 ns, Total: 798625 ns
[2023-07-18T08:22:25.190+0000][1][safepoint    ] Safepoint "RevokeBias", Time since last: 440416 ns, Reaching safepoint: 542542 ns, At safepoint: 43417 ns, Total: 585959 ns
[2023-07-18T08:22:25.192+0000][1][safepoint    ] Safepoint "RevokeBias", Time since last: 1149666 ns, Reaching safepoint: 712750 ns, At safepoint: 141750 ns, Total: 854500 ns
[2023-07-18T08:22:25.609+0000][1][safepoint    ] Safepoint "RevokeBias", Time since last: 416851792 ns, Reaching safepoint: 756583 ns, At safepoint: 67750 ns, Total: 824333 ns
[2023-07-18T08:22:25.610+0000][1][safepoint    ] Safepoint "RevokeBias", Time since last: 350584 ns, Reaching safepoint: 385833 ns, At safepoint: 41167 ns, Total: 427000 ns
[2023-07-18T08:22:25.611+0000][1][safepoint    ] Safepoint "RevokeBias", Time since last: 274458 ns, Reaching safepoint: 356500 ns, At safepoint: 71250 ns, Total: 427750 ns
[2023-07-18T08:22:25.611+0000][1][safepoint    ] Safepoint "RevokeBias", Time since last: 191333 ns, Reaching safepoint: 351375 ns, At safepoint: 67750 ns, Total: 419125 ns
[2023-07-18T08:22:25.666+0000][1][safepoint    ] Safepoint "RevokeBias", Time since last: 54379917 ns, Reaching safepoint: 603333 ns, At safepoint: 73500 ns, Total: 676833 ns
[2023-07-18T08:22:25.668+0000][1][safepoint    ] Safepoint "RevokeBias", Time since last: 1393667 ns, Reaching safepoint: 567208 ns, At safepoint: 55292 ns, Total: 622500 ns
[2023-07-18T08:22:25.669+0000][1][safepoint    ] Safepoint "RevokeBias", Time since last: 240833 ns, Reaching safepoint: 293875 ns, At safepoint: 41667 ns, Total: 335542 ns
[2023-07-18T08:22:25.671+0000][1][safepoint    ] Safepoint "RevokeBias", Time since last: 1304208 ns, Reaching safepoint: 481209 ns, At safepoint: 35083 ns, Total: 516292 ns
[2023-07-18T08:22:25.764+0000][1][safepoint    ] Safepoint "RevokeBias", Time since last: 92040834 ns, Reaching safepoint: 579375 ns, At safepoint: 86208 ns, Total: 665583 ns
[2023-07-18T08:22:25.764+0000][1][safepoint    ] Safepoint "RevokeBias", Time since last: 374583 ns, Reaching safepoint: 355084 ns, At safepoint: 65916 ns, Total: 421000 ns
[2023-07-18T08:22:25.765+0000][1][safepoint    ] Safepoint "RevokeBias", Time since last: 172709 ns, Reaching safepoint: 369666 ns, At safepoint: 48875 ns, Total: 418541 ns
[2023-07-18T08:22:26.766+0000][1][safepoint    ] Safepoint "Cleanup", Time since last: 1000227542 ns, Reaching safepoint: 639375 ns, At safepoint: 14584 ns, Total: 653959 ns
[2023-07-18T08:22:27.768+0000][1][safepoint    ] Safepoint "Cleanup", Time since last: 1001272542 ns, Reaching safepoint: 667666 ns, At safepoint: 18292 ns, Total: 685958 ns
[2023-07-18T08:22:27.771+0000][1][safepoint    ] Safepoint "RevokeBias", Time since last: 2326458 ns, Reaching safepoint: 384542 ns, At safepoint: 84917 ns, Total: 469459 ns
[2023-07-18T08:22:27.771+0000][1][safepoint    ] Safepoint "RevokeBias", Time since last: 315416 ns, Reaching safepoint: 251209 ns, At safepoint: 68875 ns, Total: 320084 ns
[2023-07-18T08:22:27.772+0000][1][safepoint    ] Safepoint "RevokeBias", Time since last: 147833 ns, Reaching safepoint: 286583 ns, At safepoint: 581792 ns, Total: 868375 ns
[2023-07-18T08:22:28.340+0000][1][safepoint    ] Safepoint "RevokeBias", Time since last: 567235917 ns, Reaching safepoint: 715417 ns, At safepoint: 66083 ns, Total: 781500 ns
[2023-07-18T08:22:28.342+0000][1][safepoint    ] Safepoint "RevokeBias", Time since last: 715208 ns, Reaching safepoint: 513750 ns, At safepoint: 44625 ns, Total: 558375 ns
[2023-07-18T08:22:29.344+0000][1][safepoint    ] Safepoint "Cleanup", Time since last: 1001237668 ns, Reaching safepoint: 729958 ns, At safepoint: 13667 ns, Total: 743625 ns
[2023-07-18T08:22:30.345+0000][1][safepoint    ] Safepoint "Cleanup", Time since last: 1000358083 ns, Reaching safepoint: 679667 ns, At safepoint: 14000 ns, Total: 693667 ns
[2023-07-18T08:22:31.346+0000][1][safepoint    ] Safepoint "Cleanup", Time since last: 1000687126 ns, Reaching safepoint: 872458 ns, At safepoint: 15333 ns, Total: 887791 ns
[2023-07-18T08:22:32.348+0000][1][safepoint    ] Safepoint "Cleanup", Time since last: 1000933792 ns, Reaching safepoint: 797542 ns, At safepoint: 17583 ns, Total: 815125 ns
[2023-07-18T08:22:33.350+0000][1][safepoint    ] Safepoint "Cleanup", Time since last: 1001002626 ns, Reaching safepoint: 772458 ns, At safepoint: 11250 ns, Total: 783708 ns
[2023-07-18T08:22:34.352+0000][1][safepoint    ] Safepoint "Cleanup", Time since last: 1000403626 ns, Reaching safepoint: 1598875 ns, At safepoint: 19083 ns, Total: 1617958 ns
[2023-07-18T08:22:35.364+0000][1][safepoint    ] Safepoint "Cleanup", Time since last: 1000459709 ns, Reaching safepoint: 6782625 ns, At safepoint: 5054958 ns, Total: 11837583 ns
[2023-07-18T08:22:36.365+0000][1][safepoint    ] Safepoint "Cleanup", Time since last: 1000738167 ns, Reaching safepoint: 717167 ns, At safepoint: 31125 ns, Total: 748292 ns
[2023-07-18T08:22:37.367+0000][1][safepoint    ] Safepoint "Cleanup", Time since last: 1000465000 ns, Reaching safepoint: 734459 ns, At safepoint: 29500 ns, Total: 763959 ns
[2023-07-18T08:22:38.368+0000][1][safepoint    ] Safepoint "Cleanup", Time since last: 1000443750 ns, Reaching safepoint: 769250 ns, At safepoint: 12334 ns, Total: 781584 ns
[2023-07-18T08:22:39.369+0000][1][safepoint    ] Safepoint "Cleanup", Time since last: 1000405708 ns, Reaching safepoint: 718417 ns, At safepoint: 11208 ns, Total: 729625 ns
[2023-07-18T08:22:40.370+0000][1][safepoint    ] Safepoint "Cleanup", Time since last: 1000461334 ns, Reaching safepoint: 804542 ns, At safepoint: 27917 ns, Total: 832459 ns
[2023-07-18T08:22:41.372+0000][1][safepoint    ] Safepoint "Cleanup", Time since last: 1000391958 ns, Reaching safepoint: 749959 ns, At safepoint: 14416 ns, Total: 764375 ns
[2023-07-18T08:22:42.373+0000][1][safepoint    ] Safepoint "Cleanup", Time since last: 1000341376 ns, Reaching safepoint: 739875 ns, At safepoint: 29291 ns, Total: 769166 ns
[2023-07-18T08:22:43.374+0000][1][safepoint    ] Safepoint "Cleanup", Time since last: 1000410293 ns, Reaching safepoint: 880291 ns, At safepoint: 15417 ns, Total: 895708 ns
[2023-07-18T08:22:44.377+0000][1][safepoint    ] Safepoint "Cleanup", Time since last: 1001849625 ns, Reaching safepoint: 936459 ns, At safepoint: 27833 ns, Total: 964292 ns
[2023-07-18T08:22:45.379+0000][1][safepoint    ] Safepoint "Cleanup", Time since last: 1001673834 ns, Reaching safepoint: 725625 ns, At safepoint: 15458 ns, Total: 741083 ns
[2023-07-18T08:22:46.382+0000][1][safepoint    ] Safepoint "Cleanup", Time since last: 1001522459 ns, Reaching safepoint: 883417 ns, At safepoint: 16125 ns, Total: 899542 ns
[2023-07-18T08:22:47.387+0000][1][safepoint    ] Safepoint "Cleanup", Time since last: 1004640458 ns, Reaching safepoint: 720709 ns, At safepoint: 16125 ns, Total: 736834 ns
[2023-07-18T08:22:48.389+0000][1][safepoint    ] Safepoint "Cleanup", Time since last: 1001059625 ns, Reaching safepoint: 862208 ns, At safepoint: 16375 ns, Total: 878583 ns
[2023-07-18T08:22:49.392+0000][1][safepoint    ] Safepoint "Cleanup", Time since last: 1000647251 ns, Reaching safepoint: 2541292 ns, At safepoint: 52625 ns, Total: 2593917 ns
[2023-07-18T08:22:50.393+0000][1][safepoint    ] Safepoint "Cleanup", Time since last: 1000622208 ns, Reaching safepoint: 793042 ns, At safepoint: 17458 ns, Total: 810500 ns
[2023-07-18T08:22:51.395+0000][1][safepoint    ] Safepoint "Cleanup", Time since last: 1000380417 ns, Reaching safepoint: 1415500 ns, At safepoint: 47500 ns, Total: 1463000 ns
[2023-07-18T08:22:52.399+0000][1][safepoint    ] Safepoint "Cleanup", Time since last: 1001068959 ns, Reaching safepoint: 2941584 ns, At safepoint: 120750 ns, Total: 3062334 ns
[2023-07-18T08:22:53.403+0000][1][safepoint    ] Safepoint "Cleanup", Time since last: 1002807708 ns, Reaching safepoint: 880542 ns, At safepoint: 22375 ns, Total: 902917 ns
[2023-07-18T08:22:54.406+0000][1][safepoint    ] Safepoint "Cleanup", Time since last: 1001092626 ns, Reaching safepoint: 1965708 ns, At safepoint: 36083 ns, Total: 2001791 ns
[2023-07-18T08:22:55.408+0000][1][safepoint    ] Safepoint "Cleanup", Time since last: 1000464126 ns, Reaching safepoint: 1378083 ns, At safepoint: 23917 ns, Total: 1402000 ns
[2023-07-18T08:22:56.410+0000][1][safepoint    ] Safepoint "Cleanup", Time since last: 1000960750 ns, Reaching safepoint: 1154250 ns, At safepoint: 22834 ns, Total: 1177084 ns
[2023-07-18T08:22:57.414+0000][1][safepoint    ] Safepoint "Cleanup", Time since last: 1001060750 ns, Reaching safepoint: 2435083 ns, At safepoint: 173584 ns, Total: 2608667 ns
[2023-07-18T08:22:58.421+0000][1][safepoint    ] Safepoint "Cleanup", Time since last: 1006315917 ns, Reaching safepoint: 1310541 ns, At safepoint: 19000 ns, Total: 1329541 ns
[2023-07-18T08:22:59.423+0000][1][safepoint    ] Safepoint "Cleanup", Time since last: 1000577626 ns, Reaching safepoint: 960000 ns, At safepoint: 17833 ns, Total: 977833 ns
[2023-07-18T08:23:00.424+0000][1][safepoint    ] Safepoint "Cleanup", Time since last: 1000378167 ns, Reaching safepoint: 738500 ns, At safepoint: 16292 ns, Total: 754792 ns
[2023-07-18T08:23:01.425+0000][1][safepoint    ] Safepoint "Cleanup", Time since last: 1000331292 ns, Reaching safepoint: 785125 ns, At safepoint: 15459 ns, Total: 800584 ns
[2023-07-18T08:23:02.430+0000][1][safepoint    ] Safepoint "Cleanup", Time since last: 1000955458 ns, Reaching safepoint: 3598792 ns, At safepoint: 69833 ns, Total: 3668625 ns
[2023-07-18T08:23:03.431+0000][1][safepoint    ] Safepoint "Cleanup", Time since last: 1000760709 ns, Reaching safepoint: 777792 ns, At safepoint: 14750 ns, Total: 792542 ns
[2023-07-18T08:23:04.433+0000][1][safepoint    ] Safepoint "Cleanup", Time since last: 1000312417 ns, Reaching safepoint: 1579000 ns, At safepoint: 16375 ns, Total: 1595375 ns
[2023-07-18T08:23:05.435+0000][1][safepoint    ] Safepoint "Cleanup", Time since last: 1000378292 ns, Reaching safepoint: 1018708 ns, At safepoint: 17375 ns, Total: 1036083 ns
[2023-07-18T08:23:06.436+0000][1][safepoint    ] Safepoint "Cleanup", Time since last: 1000569209 ns, Reaching safepoint: 1085167 ns, At safepoint: 17917 ns, Total: 1103084 ns
[2023-07-18T08:23:07.438+0000][1][safepoint    ] Safepoint "Cleanup", Time since last: 1000411667 ns, Reaching safepoint: 844375 ns, At safepoint: 20500 ns, Total: 864875 ns
[2023-07-18T08:23:08.439+0000][1][safepoint    ] Safepoint "Cleanup", Time since last: 1000368709 ns, Reaching safepoint: 894166 ns, At safepoint: 16917 ns, Total: 911083 ns
[2023-07-18T08:23:09.440+0000][1][safepoint    ] Safepoint "Cleanup", Time since last: 1000345292 ns, Reaching safepoint: 800583 ns, At safepoint: 47042 ns, Total: 847625 ns
[2023-07-18T08:23:10.441+0000][1][safepoint    ] Safepoint "Cleanup", Time since last: 1000405834 ns, Reaching safepoint: 786917 ns, At safepoint: 31083 ns, Total: 818000 ns
[2023-07-18T08:23:11.443+0000][1][safepoint    ] Safepoint "Cleanup", Time since last: 1000438000 ns, Reaching safepoint: 895084 ns, At safepoint: 36458 ns, Total: 931542 ns
[2023-07-18T08:23:12.444+0000][1][safepoint    ] Safepoint "Cleanup", Time since last: 1000749000 ns, Reaching safepoint: 712250 ns, At safepoint: 12834 ns, Total: 725084 ns
[2023-07-18T08:23:13.446+0000][1][safepoint    ] Safepoint "Cleanup", Time since last: 1000357459 ns, Reaching safepoint: 984958 ns, At safepoint: 16542 ns, Total: 1001500 ns
[2023-07-18T08:23:14.447+0000][1][safepoint    ] Safepoint "Cleanup", Time since last: 1000518667 ns, Reaching safepoint: 1170125 ns, At safepoint: 15125 ns, Total: 1185250 ns
[2023-07-18T08:23:15.448+0000][1][safepoint    ] Safepoint "Cleanup", Time since last: 1000326917 ns, Reaching safepoint: 762958 ns, At safepoint: 14042 ns, Total: 777000 ns
[2023-07-18T08:23:16.450+0000][1][safepoint    ] Safepoint "Cleanup", Time since last: 1000389959 ns, Reaching safepoint: 930416 ns, At safepoint: 17667 ns, Total: 948083 ns
[2023-07-18T08:23:17.451+0000][1][safepoint    ] Safepoint "Cleanup", Time since last: 1000773541 ns, Reaching safepoint: 897292 ns, At safepoint: 17167 ns, Total: 914459 ns
[2023-07-18T08:23:18.452+0000][1][safepoint    ] Safepoint "Cleanup", Time since last: 1000357792 ns, Reaching safepoint: 786125 ns, At safepoint: 18958 ns, Total: 805083 ns
[2023-07-18T08:23:19.454+0000][1][safepoint    ] Safepoint "Cleanup", Time since last: 1000520167 ns, Reaching safepoint: 768084 ns, At safepoint: 13833 ns, Total: 781917 ns
[2023-07-18T08:23:20.455+0000][1][safepoint    ] Safepoint "Cleanup", Time since last: 1000862250 ns, Reaching safepoint: 999084 ns, At safepoint: 19083 ns, Total: 1018167 ns
[2023-07-18T08:23:21.458+0000][1][safepoint    ] Safepoint "Cleanup", Time since last: 1000375167 ns, Reaching safepoint: 1886917 ns, At safepoint: 18250 ns, Total: 1905167 ns
[2023-07-18T08:23:22.459+0000][1][safepoint    ] Safepoint "Cleanup", Time since last: 1000417917 ns, Reaching safepoint: 1056000 ns, At safepoint: 18208 ns, Total: 1074208 ns
[2023-07-18T08:23:23.461+0000][1][safepoint    ] Safepoint "Cleanup", Time since last: 1000533459 ns, Reaching safepoint: 860958 ns, At safepoint: 21959 ns, Total: 882917 ns
[2023-07-18T08:23:24.464+0000][1][safepoint    ] Safepoint "Cleanup", Time since last: 1002207459 ns, Reaching safepoint: 1378625 ns, At safepoint: 22208 ns, Total: 1400833 ns
[2023-07-18T08:23:25.466+0000][1][safepoint    ] Safepoint "Cleanup", Time since last: 1001412000 ns, Reaching safepoint: 767375 ns, At safepoint: 15084 ns, Total: 782459 ns
[2023-07-18T08:23:26.468+0000][1][safepoint    ] Safepoint "Cleanup", Time since last: 1000418334 ns, Reaching safepoint: 904416 ns, At safepoint: 16084 ns, Total: 920500 ns
[2023-07-18T08:23:27.470+0000][1][safepoint    ] Safepoint "Cleanup", Time since last: 1001120208 ns, Reaching safepoint: 877709 ns, At safepoint: 15666 ns, Total: 893375 ns
[2023-07-18T08:23:28.471+0000][1][safepoint    ] Safepoint "Cleanup", Time since last: 1000432459 ns, Reaching safepoint: 782000 ns, At safepoint: 14458 ns, Total: 796458 ns
[2023-07-18T08:23:29.472+0000][1][safepoint    ] Safepoint "Cleanup", Time since last: 1000572876 ns, Reaching safepoint: 834750 ns, At safepoint: 15333 ns, Total: 850083 ns
[2023-07-18T08:23:30.474+0000][1][safepoint    ] Safepoint "Cleanup", Time since last: 1000355001 ns, Reaching safepoint: 843000 ns, At safepoint: 12875 ns, Total: 855875 ns
[2023-07-18T08:23:31.475+0000][1][safepoint    ] Safepoint "Cleanup", Time since last: 1000686042 ns, Reaching safepoint: 802667 ns, At safepoint: 17666 ns, Total: 820333 ns
[2023-07-18T08:23:32.477+0000][1][safepoint    ] Safepoint "Cleanup", Time since last: 1000920584 ns, Reaching safepoint: 878625 ns, At safepoint: 16958 ns, Total: 895583 ns
[2023-07-18T08:23:33.478+0000][1][safepoint    ] Safepoint "Cleanup", Time since last: 1000527709 ns, Reaching safepoint: 908334 ns, At safepoint: 15291 ns, Total: 923625 ns
[2023-07-18T08:23:34.481+0000][1][safepoint    ] Safepoint "Cleanup", Time since last: 1000873917 ns, Reaching safepoint: 1489375 ns, At safepoint: 22667 ns, Total: 1512042 ns
[2023-07-18T08:23:35.482+0000][1][safepoint    ] Safepoint "Cleanup", Time since last: 1000535417 ns, Reaching safepoint: 892292 ns, At safepoint: 19625 ns, Total: 911917 ns
[2023-07-18T08:23:36.484+0000][1][safepoint    ] Safepoint "Cleanup", Time since last: 1000888750 ns, Reaching safepoint: 776709 ns, At safepoint: 17708 ns, Total: 794417 ns
[2023-07-18T08:23:37.486+0000][1][safepoint    ] Safepoint "Cleanup", Time since last: 1000686834 ns, Reaching safepoint: 818625 ns, At safepoint: 16875 ns, Total: 835500 ns
[2023-07-18T08:23:38.487+0000][1][safepoint    ] Safepoint "Cleanup", Time since last: 1000350042 ns, Reaching safepoint: 838042 ns, At safepoint: 14083 ns, Total: 852125 ns
[2023-07-18T08:23:39.488+0000][1][safepoint    ] Safepoint "Cleanup", Time since last: 1000428584 ns, Reaching safepoint: 849083 ns, At safepoint: 24542 ns, Total: 873625 ns
[2023-07-18T08:23:40.489+0000][1][safepoint    ] Safepoint "Cleanup", Time since last: 1000433584 ns, Reaching safepoint: 853500 ns, At safepoint: 16166 ns, Total: 869666 ns
[2023-07-18T08:23:41.495+0000][1][safepoint    ] Safepoint "Cleanup", Time since last: 1002890167 ns, Reaching safepoint: 2332292 ns, At safepoint: 38167 ns, Total: 2370459 ns
[2023-07-18T08:23:42.499+0000][1][safepoint    ] Safepoint "Cleanup", Time since last: 1000852459 ns, Reaching safepoint: 3359958 ns, At safepoint: 97958 ns, Total: 3457916 ns
[2023-07-18T08:23:43.502+0000][1][safepoint    ] Safepoint "Cleanup", Time since last: 1001390417 ns, Reaching safepoint: 1249750 ns, At safepoint: 25000 ns, Total: 1274750 ns
[2023-07-18T08:23:44.506+0000][1][safepoint    ] Safepoint "Cleanup", Time since last: 1002115751 ns, Reaching safepoint: 1944000 ns, At safepoint: 20041 ns, Total: 1964041 ns
[2023-07-18T08:23:45.508+0000][1][safepoint    ] Safepoint "Cleanup", Time since last: 1001186834 ns, Reaching safepoint: 1073167 ns, At safepoint: 31542 ns, Total: 1104709 ns
[2023-07-18T08:23:46.510+0000][1][safepoint    ] Safepoint "Cleanup", Time since last: 1001183167 ns, Reaching safepoint: 1327583 ns, At safepoint: 24042 ns, Total: 1351625 ns
[2023-07-18T08:23:47.513+0000][1][safepoint    ] Safepoint "Cleanup", Time since last: 1001240875 ns, Reaching safepoint: 1937833 ns, At safepoint: 39709 ns, Total: 1977542 ns
[2023-07-18T08:23:48.522+0000][1][safepoint    ] Safepoint "Cleanup", Time since last: 1005734583 ns, Reaching safepoint: 2406417 ns, At safepoint: 70750 ns, Total: 2477167 ns
[2023-07-18T08:23:49.526+0000][1][safepoint    ] Safepoint "Cleanup", Time since last: 1002301042 ns, Reaching safepoint: 1998459 ns, At safepoint: 41666 ns, Total: 2040125 ns
[2023-07-18T08:23:50.530+0000][1][safepoint    ] Safepoint "Cleanup", Time since last: 1002018001 ns, Reaching safepoint: 1634708 ns, At safepoint: 39792 ns, Total: 1674500 ns
[2023-07-18T08:23:51.532+0000][1][safepoint    ] Safepoint "Cleanup", Time since last: 1001272000 ns, Reaching safepoint: 904084 ns, At safepoint: 17250 ns, Total: 921334 ns
[2023-07-18T08:23:52.534+0000][1][safepoint    ] Safepoint "Cleanup", Time since last: 1000508333 ns, Reaching safepoint: 1248625 ns, At safepoint: 23209 ns, Total: 1271834 ns
[2023-07-18T08:23:53.537+0000][1][safepoint    ] Safepoint "Cleanup", Time since last: 1001452750 ns, Reaching safepoint: 1376625 ns, At safepoint: 24125 ns, Total: 1400750 ns
[2023-07-18T08:23:54.541+0000][1][safepoint    ] Safepoint "Cleanup", Time since last: 1000978709 ns, Reaching safepoint: 3108917 ns, At safepoint: 63958 ns, Total: 3172875 ns
[2023-07-18T08:23:55.544+0000][1][safepoint    ] Safepoint "Cleanup", Time since last: 1001730042 ns, Reaching safepoint: 1880042 ns, At safepoint: 36375 ns, Total: 1916417 ns
[2023-07-18T08:23:56.546+0000][1][safepoint    ] Safepoint "Cleanup", Time since last: 1000708584 ns, Reaching safepoint: 1057000 ns, At safepoint: 17333 ns, Total: 1074333 ns
[2023-07-18T08:23:57.548+0000][1][safepoint    ] Safepoint "Cleanup", Time since last: 1000408750 ns, Reaching safepoint: 1569250 ns, At safepoint: 32917 ns, Total: 1602167 ns
[2023-07-18T08:23:58.551+0000][1][safepoint    ] Safepoint "Cleanup", Time since last: 1000776167 ns, Reaching safepoint: 2031125 ns, At safepoint: 41167 ns, Total: 2072292 ns
[2023-07-18T08:23:59.554+0000][1][safepoint    ] Safepoint "Cleanup", Time since last: 1001485750 ns, Reaching safepoint: 1891459 ns, At safepoint: 36333 ns, Total: 1927792 ns
[2023-07-18T08:24:00.559+0000][1][safepoint    ] Safepoint "Cleanup", Time since last: 1001605292 ns, Reaching safepoint: 3017625 ns, At safepoint: 71542 ns, Total: 3089167 ns
[2023-07-18T08:24:01.562+0000][1][safepoint    ] Safepoint "Cleanup", Time since last: 1001010084 ns, Reaching safepoint: 1997083 ns, At safepoint: 41167 ns, Total: 2038250 ns
[2023-07-18T08:24:02.564+0000][1][safepoint    ] Safepoint "Cleanup", Time since last: 1000731250 ns, Reaching safepoint: 1462500 ns, At safepoint: 21625 ns, Total: 1484125 ns
[2023-07-18T08:24:03.568+0000][1][safepoint    ] Safepoint "Cleanup", Time since last: 1002268792 ns, Reaching safepoint: 1592584 ns, At safepoint: 21125 ns, Total: 1613709 ns
[2023-07-18T08:24:04.577+0000][1][safepoint    ] Safepoint "Cleanup", Time since last: 1003110708 ns, Reaching safepoint: 5487417 ns, At safepoint: 114125 ns, Total: 5601542 ns
[2023-07-18T08:24:05.583+0000][1][safepoint    ] Safepoint "Cleanup", Time since last: 1003804917 ns, Reaching safepoint: 2015709 ns, At safepoint: 32500 ns, Total: 2048209 ns
[2023-07-18T08:24:06.589+0000][1][safepoint    ] Safepoint "Cleanup", Time since last: 1001563875 ns, Reaching safepoint: 4582667 ns, At safepoint: 97416 ns, Total: 4680083 ns
[2023-07-18T08:24:07.595+0000][1][safepoint    ] Safepoint "Cleanup", Time since last: 1002512084 ns, Reaching safepoint: 3222334 ns, At safepoint: 84583 ns, Total: 3306917 ns
[2023-07-18T08:24:08.601+0000][1][safepoint    ] Safepoint "Cleanup", Time since last: 1002909417 ns, Reaching safepoint: 2933250 ns, At safepoint: 50792 ns, Total: 2984042 ns
[2023-07-18T08:24:09.603+0000][1][safepoint    ] Safepoint "Cleanup", Time since last: 1001036250 ns, Reaching safepoint: 1378792 ns, At safepoint: 25458 ns, Total: 1404250 ns
[2023-07-18T08:24:10.608+0000][1][safepoint    ] Safepoint "Cleanup", Time since last: 1001316667 ns, Reaching safepoint: 3362209 ns, At safepoint: 80208 ns, Total: 3442417 ns
[2023-07-18T08:24:11.612+0000][1][safepoint    ] Safepoint "Cleanup", Time since last: 1001131500 ns, Reaching safepoint: 3011125 ns, At safepoint: 68667 ns, Total: 3079792 ns
[2023-07-18T08:24:12.617+0000][1][safepoint    ] Safepoint "Cleanup", Time since last: 1002022126 ns, Reaching safepoint: 3195916 ns, At safepoint: 79500 ns, Total: 3275416 ns
[2023-07-18T08:24:13.571+0000][1][gc,start     ] GC(18) Pause Young (Allocation Failure)
[2023-07-18T08:24:13.575+0000][1][gc,task      ] GC(18) Using 4 workers of 4 for evacuation
[2023-07-18T08:24:13.634+0000][1][gc,age       ] GC(18) Desired survivor size 8945664 bytes, new threshold 6 (max threshold 6)
[2023-07-18T08:24:13.634+0000][1][gc,age       ] GC(18) Age table with threshold 6 (max threshold 6)
[2023-07-18T08:24:13.635+0000][1][gc,age       ] GC(18) - age   1:     661216 bytes,     661216 total
[2023-07-18T08:24:13.635+0000][1][gc,age       ] GC(18) - age   2:    3698400 bytes,    4359616 total
[2023-07-18T08:24:13.635+0000][1][gc,age       ] GC(18) - age   3:    3786952 bytes,    8146568 total
[2023-07-18T08:24:13.636+0000][1][gc,heap      ] GC(18) ParNew: 151529K->11976K(157248K)
[2023-07-18T08:24:13.636+0000][1][gc,heap      ] GC(18) CMS: 60569K->60569K(349568K)
[2023-07-18T08:24:13.637+0000][1][gc,metaspace ] GC(18) Metaspace: 86417K->86417K(1128448K)
[2023-07-18T08:24:13.638+0000][1][gc           ] GC(18) Pause Young (Allocation Failure) 207M->70M(494M) 66.660ms
[2023-07-18T08:24:13.638+0000][1][gc,cpu       ] GC(18) User=0.17s Sys=0.01s Real=0.06s
[2023-07-18T08:24:13.638+0000][1][safepoint    ] Safepoint "GenCollectForAllocation", Time since last: 949166834 ns, Reaching safepoint: 3203750 ns, At safepoint: 68659083 ns, Total: 71862833 ns
[2023-07-18T08:24:13.728+0000][1][safepoint    ] Safepoint "RevokeBias", Time since last: 87055542 ns, Reaching safepoint: 1406333 ns, At safepoint: 767250 ns, Total: 2173583 ns
[2023-07-18T08:24:13.730+0000][1][safepoint    ] Safepoint "RevokeBias", Time since last: 1565000 ns, Reaching safepoint: 664334 ns, At safepoint: 66291 ns, Total: 730625 ns
[2023-07-18T08:24:13.732+0000][1][safepoint    ] Safepoint "RevokeBias", Time since last: 957292 ns, Reaching safepoint: 726167 ns, At safepoint: 55958 ns, Total: 782125 ns
[2023-07-18T08:24:13.834+0000][1][safepoint    ] Safepoint "RevokeBias", Time since last: 101119125 ns, Reaching safepoint: 1122833 ns, At safepoint: 96292 ns, Total: 1219125 ns
[2023-07-18T08:24:14.836+0000][1][safepoint    ] Safepoint "Cleanup", Time since last: 1000443709 ns, Reaching safepoint: 1507458 ns, At safepoint: 24292 ns, Total: 1531750 ns
[2023-07-18T08:24:15.838+0000][1][safepoint    ] Safepoint "Cleanup", Time since last: 1001172667 ns, Reaching safepoint: 872375 ns, At safepoint: 20708 ns, Total: 893083 ns
[2023-07-18T08:24:16.844+0000][1][safepoint    ] Safepoint "Cleanup", Time since last: 1000587251 ns, Reaching safepoint: 5149792 ns, At safepoint: 90666 ns, Total: 5240458 ns
[2023-07-18T08:24:17.851+0000][1][safepoint    ] Safepoint "Cleanup", Time since last: 1004084584 ns, Reaching safepoint: 3310458 ns, At safepoint: 77500 ns, Total: 3387958 ns
[2023-07-18T08:24:18.855+0000][1][safepoint    ] Safepoint "Cleanup", Time since last: 1001455459 ns, Reaching safepoint: 2163958 ns, At safepoint: 57750 ns, Total: 2221708 ns
[2023-07-18T08:24:19.861+0000][1][safepoint    ] Safepoint "Cleanup", Time since last: 1001732292 ns, Reaching safepoint: 3715500 ns, At safepoint: 144584 ns, Total: 3860084 ns
[2023-07-18T08:24:20.867+0000][1][safepoint    ] Safepoint "Cleanup", Time since last: 1001555959 ns, Reaching safepoint: 4953083 ns, At safepoint: 129333 ns, Total: 5082416 ns
[2023-07-18T08:24:21.463+0000][1][safepoint    ] Safepoint "RevokeBias", Time since last: 593983500 ns, Reaching safepoint: 1334375 ns, At safepoint: 222500 ns, Total: 1556875 ns
[2023-07-18T08:24:21.466+0000][1][safepoint    ] Safepoint "RevokeBias", Time since last: 1613000 ns, Reaching safepoint: 950667 ns, At safepoint: 196875 ns, Total: 1147542 ns
[2023-07-18T08:24:21.467+0000][1][safepoint    ] Safepoint "RevokeBias", Time since last: 616083 ns, Reaching safepoint: 646750 ns, At safepoint: 126792 ns, Total: 773542 ns
[2023-07-18T08:24:21.469+0000][1][safepoint    ] Safepoint "RevokeBias", Time since last: 1087667 ns, Reaching safepoint: 728750 ns, At safepoint: 146875 ns, Total: 875625 ns
[2023-07-18T08:24:21.470+0000][1][safepoint    ] Safepoint "RevokeBias", Time since last: 832500 ns, Reaching safepoint: 462958 ns, At safepoint: 111917 ns, Total: 574875 ns
[2023-07-18T08:24:21.472+0000][1][safepoint    ] Safepoint "RevokeBias", Time since last: 441333 ns, Reaching safepoint: 636833 ns, At safepoint: 113375 ns, Total: 750208 ns
[2023-07-18T08:24:22.474+0000][1][safepoint    ] Safepoint "Cleanup", Time since last: 1000435501 ns, Reaching safepoint: 1739208 ns, At safepoint: 28792 ns, Total: 1768000 ns
[2023-07-18T08:24:23.477+0000][1][safepoint    ] Safepoint "Cleanup", Time since last: 1000687417 ns, Reaching safepoint: 2005625 ns, At safepoint: 39292 ns, Total: 2044917 ns
[2023-07-18T08:24:24.482+0000][1][safepoint    ] Safepoint "Cleanup", Time since last: 1001514667 ns, Reaching safepoint: 3619875 ns, At safepoint: 42000 ns, Total: 3661875 ns
[2023-07-18T08:24:25.488+0000][1][safepoint    ] Safepoint "Cleanup", Time since last: 1001551834 ns, Reaching safepoint: 4506375 ns, At safepoint: 99041 ns, Total: 4605416 ns
[2023-07-18T08:24:26.494+0000][1][safepoint    ] Safepoint "Cleanup", Time since last: 1001362668 ns, Reaching safepoint: 4450541 ns, At safepoint: 120625 ns, Total: 4571166 ns
[2023-07-18T08:24:27.499+0000][1][safepoint    ] Safepoint "Cleanup", Time since last: 1001918751 ns, Reaching safepoint: 2822583 ns, At safepoint: 90208 ns, Total: 2912791 ns
[2023-07-18T08:24:28.500+0000][1][safepoint    ] Safepoint "Cleanup", Time since last: 1000756334 ns, Reaching safepoint: 889209 ns, At safepoint: 16708 ns, Total: 905917 ns
[2023-07-18T08:24:29.507+0000][1][safepoint    ] Safepoint "Cleanup", Time since last: 1000994417 ns, Reaching safepoint: 5024750 ns, At safepoint: 174208 ns, Total: 5198958 ns
[2023-07-18T08:24:30.510+0000][1][safepoint    ] Safepoint "Cleanup", Time since last: 1001894042 ns, Reaching safepoint: 1439000 ns, At safepoint: 38417 ns, Total: 1477417 ns
[2023-07-18T08:24:31.512+0000][1][safepoint    ] Safepoint "Cleanup", Time since last: 1000960584 ns, Reaching safepoint: 900958 ns, At safepoint: 22542 ns, Total: 923500 ns
[2023-07-18T08:24:32.516+0000][1][safepoint    ] Safepoint "Cleanup", Time since last: 1000601292 ns, Reaching safepoint: 3653292 ns, At safepoint: 82625 ns, Total: 3735917 ns
[2023-07-18T08:24:33.523+0000][1][safepoint    ] Safepoint "Cleanup", Time since last: 1002426875 ns, Reaching safepoint: 3954334 ns, At safepoint: 91208 ns, Total: 4045542 ns
[2023-07-18T08:24:34.528+0000][1][safepoint    ] Safepoint "Cleanup", Time since last: 1004046084 ns, Reaching safepoint: 1809833 ns, At safepoint: 52625 ns, Total: 1862458 ns
[2023-07-18T08:24:35.533+0000][1][safepoint    ] Safepoint "Cleanup", Time since last: 1001451376 ns, Reaching safepoint: 2702958 ns, At safepoint: 176292 ns, Total: 2879250 ns
[2023-07-18T08:24:36.535+0000][1][safepoint    ] Safepoint "Cleanup", Time since last: 1000986875 ns, Reaching safepoint: 1648625 ns, At safepoint: 36542 ns, Total: 1685167 ns
[2023-07-18T08:24:37.538+0000][1][safepoint    ] Safepoint "Cleanup", Time since last: 1001310542 ns, Reaching safepoint: 764666 ns, At safepoint: 16292 ns, Total: 780958 ns
[2023-07-18T08:24:38.539+0000][1][safepoint    ] Safepoint "Cleanup", Time since last: 1000433709 ns, Reaching safepoint: 817083 ns, At safepoint: 21750 ns, Total: 838833 ns
[2023-07-18T08:24:39.544+0000][1][safepoint    ] Safepoint "Cleanup", Time since last: 1002106876 ns, Reaching safepoint: 2587416 ns, At safepoint: 44542 ns, Total: 2631958 ns
[2023-07-18T08:24:40.546+0000][1][safepoint    ] Safepoint "Cleanup", Time since last: 1001219584 ns, Reaching safepoint: 792625 ns, At safepoint: 16125 ns, Total: 808750 ns
[2023-07-18T08:24:41.547+0000][1][safepoint    ] Safepoint "Cleanup", Time since last: 1000411042 ns, Reaching safepoint: 821000 ns, At safepoint: 15708 ns, Total: 836708 ns
[2023-07-18T08:24:42.548+0000][1][safepoint    ] Safepoint "Cleanup", Time since last: 1000399584 ns, Reaching safepoint: 997709 ns, At safepoint: 16541 ns, Total: 1014250 ns
[2023-07-18T08:24:43.550+0000][1][safepoint    ] Safepoint "Cleanup", Time since last: 1000436501 ns, Reaching safepoint: 850125 ns, At safepoint: 21541 ns, Total: 871666 ns
[2023-07-18T08:24:43.653+0000][1][safepoint    ] Safepoint "RevokeBias", Time since last: 101013459 ns, Reaching safepoint: 1685833 ns, At safepoint: 692875 ns, Total: 2378708 ns
[2023-07-18T08:24:44.655+0000][1][safepoint    ] Safepoint "Cleanup", Time since last: 1000649876 ns, Reaching safepoint: 928583 ns, At safepoint: 19042 ns, Total: 947625 ns
[2023-07-18T08:24:45.656+0000][1][safepoint    ] Safepoint "Cleanup", Time since last: 1000569250 ns, Reaching safepoint: 871958 ns, At safepoint: 17959 ns, Total: 889917 ns
[2023-07-18T08:24:46.657+0000][1][safepoint    ] Safepoint "Cleanup", Time since last: 1000477875 ns, Reaching safepoint: 788042 ns, At safepoint: 16042 ns, Total: 804084 ns
[2023-07-18T08:24:47.658+0000][1][safepoint    ] Safepoint "Cleanup", Time since last: 1000727958 ns, Reaching safepoint: 780083 ns, At safepoint: 16209 ns, Total: 796292 ns
[2023-07-18T08:24:48.660+0000][1][safepoint    ] Safepoint "Cleanup", Time since last: 1000519167 ns, Reaching safepoint: 880666 ns, At safepoint: 31917 ns, Total: 912583 ns
[2023-07-18T08:24:49.661+0000][1][safepoint    ] Safepoint "Cleanup", Time since last: 1000417959 ns, Reaching safepoint: 770333 ns, At safepoint: 16375 ns, Total: 786708 ns
[2023-07-18T08:24:50.662+0000][1][safepoint    ] Safepoint "Cleanup", Time since last: 1000525167 ns, Reaching safepoint: 740334 ns, At safepoint: 14541 ns, Total: 754875 ns
[2023-07-18T08:24:51.664+0000][1][safepoint    ] Safepoint "Cleanup", Time since last: 1000750626 ns, Reaching safepoint: 893667 ns, At safepoint: 21791 ns, Total: 915458 ns
[2023-07-18T08:24:52.665+0000][1][safepoint    ] Safepoint "Cleanup", Time since last: 1000461834 ns, Reaching safepoint: 799458 ns, At safepoint: 16250 ns, Total: 815708 ns
[2023-07-18T08:24:53.667+0000][1][safepoint    ] Safepoint "Cleanup", Time since last: 1000391543 ns, Reaching safepoint: 1128250 ns, At safepoint: 26458 ns, Total: 1154708 ns
[2023-07-18T08:24:54.670+0000][1][safepoint    ] Safepoint "Cleanup", Time since last: 1000495459 ns, Reaching safepoint: 2479541 ns, At safepoint: 145500 ns, Total: 2625041 ns
[2023-07-18T08:24:55.675+0000][1][safepoint    ] Safepoint "Cleanup", Time since last: 1004048251 ns, Reaching safepoint: 764875 ns, At safepoint: 18583 ns, Total: 783458 ns
[2023-07-18T08:24:56.676+0000][1][safepoint    ] Safepoint "Cleanup", Time since last: 1000412042 ns, Reaching safepoint: 784625 ns, At safepoint: 35917 ns, Total: 820542 ns
[2023-07-18T08:24:57.677+0000][1][safepoint    ] Safepoint "Cleanup", Time since last: 1000442875 ns, Reaching safepoint: 934500 ns, At safepoint: 21625 ns, Total: 956125 ns
[2023-07-18T08:24:58.679+0000][1][safepoint    ] Safepoint "Cleanup", Time since last: 1000425043 ns, Reaching safepoint: 745791 ns, At safepoint: 31917 ns, Total: 777708 ns
[2023-07-18T08:24:59.680+0000][1][safepoint    ] Safepoint "Cleanup", Time since last: 1000493500 ns, Reaching safepoint: 729875 ns, At safepoint: 15875 ns, Total: 745750 ns
[2023-07-18T08:25:00.681+0000][1][safepoint    ] Safepoint "Cleanup", Time since last: 1000457876 ns, Reaching safepoint: 975875 ns, At safepoint: 33000 ns, Total: 1008875 ns
[2023-07-18T08:25:01.683+0000][1][safepoint    ] Safepoint "Cleanup", Time since last: 1000517125 ns, Reaching safepoint: 760959 ns, At safepoint: 27333 ns, Total: 788292 ns
[2023-07-18T08:25:02.684+0000][1][safepoint    ] Safepoint "Cleanup", Time since last: 1000419501 ns, Reaching safepoint: 768291 ns, At safepoint: 35125 ns, Total: 803416 ns
[2023-07-18T08:25:03.689+0000][1][safepoint    ] Safepoint "Cleanup", Time since last: 1000415709 ns, Reaching safepoint: 4798500 ns, At safepoint: 32000 ns, Total: 4830500 ns
[2023-07-18T08:25:04.691+0000][1][safepoint    ] Safepoint "Cleanup", Time since last: 1000443334 ns, Reaching safepoint: 1047291 ns, At safepoint: 37292 ns, Total: 1084583 ns
[2023-07-18T08:25:05.692+0000][1][safepoint    ] Safepoint "Cleanup", Time since last: 1000457417 ns, Reaching safepoint: 804500 ns, At safepoint: 18667 ns, Total: 823167 ns
[2023-07-18T08:25:06.698+0000][1][safepoint    ] Safepoint "Cleanup", Time since last: 1001199834 ns, Reaching safepoint: 4282041 ns, At safepoint: 73042 ns, Total: 4355083 ns
[2023-07-18T08:25:07.704+0000][1][safepoint    ] Safepoint "Cleanup", Time since last: 1001881834 ns, Reaching safepoint: 4760500 ns, At safepoint: 97042 ns, Total: 4857542 ns
[2023-07-18T08:25:08.713+0000][1][safepoint    ] Safepoint "Cleanup", Time since last: 1003821042 ns, Reaching safepoint: 4404625 ns, At safepoint: 64541 ns, Total: 4469166 ns
[2023-07-18T08:25:09.719+0000][1][safepoint    ] Safepoint "Cleanup", Time since last: 1002243584 ns, Reaching safepoint: 4592792 ns, At safepoint: 88292 ns, Total: 4681084 ns
[2023-07-18T08:25:10.726+0000][1][safepoint    ] Safepoint "Cleanup", Time since last: 1001670792 ns, Reaching safepoint: 4699208 ns, At safepoint: 94667 ns, Total: 4793875 ns
[2023-07-18T08:25:11.729+0000][1][safepoint    ] Safepoint "Cleanup", Time since last: 1001729125 ns, Reaching safepoint: 1816125 ns, At safepoint: 38917 ns, Total: 1855042 ns
[2023-07-18T08:25:12.735+0000][1][safepoint    ] Safepoint "Cleanup", Time since last: 1001007917 ns, Reaching safepoint: 3987917 ns, At safepoint: 69750 ns, Total: 4057667 ns
[2023-07-18T08:25:13.737+0000][1][safepoint    ] Safepoint "Cleanup", Time since last: 1001191250 ns, Reaching safepoint: 1008250 ns, At safepoint: 20292 ns, Total: 1028542 ns
[2023-07-18T08:25:14.744+0000][1][safepoint    ] Safepoint "Cleanup", Time since last: 1002182500 ns, Reaching safepoint: 4625000 ns, At safepoint: 55875 ns, Total: 4680875 ns
[2023-07-18T08:25:15.749+0000][1][safepoint    ] Safepoint "Cleanup", Time since last: 1001925584 ns, Reaching safepoint: 3628333 ns, At safepoint: 85917 ns, Total: 3714250 ns
[2023-07-18T08:25:16.755+0000][1][safepoint    ] Safepoint "Cleanup", Time since last: 1001275001 ns, Reaching safepoint: 4419583 ns, At safepoint: 84208 ns, Total: 4503791 ns
[2023-07-18T08:25:17.759+0000][1][safepoint    ] Safepoint "Cleanup", Time since last: 1002079375 ns, Reaching safepoint: 1853125 ns, At safepoint: 40583 ns, Total: 1893708 ns
[2023-07-18T08:25:18.766+0000][1][safepoint    ] Safepoint "Cleanup", Time since last: 1002404501 ns, Reaching safepoint: 4540167 ns, At safepoint: 90958 ns, Total: 4631125 ns
[2023-07-18T08:25:19.771+0000][1][safepoint    ] Safepoint "Cleanup", Time since last: 1001307709 ns, Reaching safepoint: 3504791 ns, At safepoint: 103084 ns, Total: 3607875 ns
[2023-07-18T08:25:20.777+0000][1][safepoint    ] Safepoint "Cleanup", Time since last: 1001765125 ns, Reaching safepoint: 4060792 ns, At safepoint: 78916 ns, Total: 4139708 ns
[2023-07-18T08:25:21.782+0000][1][safepoint    ] Safepoint "Cleanup", Time since last: 1002936209 ns, Reaching safepoint: 2029875 ns, At safepoint: 35584 ns, Total: 2065459 ns
[2023-07-18T08:25:22.788+0000][1][safepoint    ] Safepoint "Cleanup", Time since last: 1002496625 ns, Reaching safepoint: 3722333 ns, At safepoint: 72750 ns, Total: 3795083 ns
[2023-07-18T08:25:23.689+0000][1][safepoint    ] Safepoint "RevokeBias", Time since last: 898933209 ns, Reaching safepoint: 1585584 ns, At safepoint: 819416 ns, Total: 2405000 ns
[2023-07-18T08:25:24.694+0000][1][safepoint    ] Safepoint "Cleanup", Time since last: 1002780667 ns, Reaching safepoint: 1468750 ns, At safepoint: 29375 ns, Total: 1498125 ns
[2023-07-18T08:25:25.698+0000][1][safepoint    ] Safepoint "Cleanup", Time since last: 1000529293 ns, Reaching safepoint: 3690166 ns, At safepoint: 67792 ns, Total: 3757958 ns
[2023-07-18T08:25:26.702+0000][1][safepoint    ] Safepoint "Cleanup", Time since last: 1001120917 ns, Reaching safepoint: 2780792 ns, At safepoint: 55791 ns, Total: 2836583 ns
[2023-07-18T08:25:27.705+0000][1][safepoint    ] Safepoint "Cleanup", Time since last: 1001957042 ns, Reaching safepoint: 1403334 ns, At safepoint: 24083 ns, Total: 1427417 ns
[2023-07-18T08:25:28.712+0000][1][safepoint    ] Safepoint "Cleanup", Time since last: 1002364959 ns, Reaching safepoint: 4296958 ns, At safepoint: 75667 ns, Total: 4372625 ns
[2023-07-18T08:25:29.720+0000][1][safepoint    ] Safepoint "Cleanup", Time since last: 1003054542 ns, Reaching safepoint: 5157875 ns, At safepoint: 66375 ns, Total: 5224250 ns
[2023-07-18T08:25:30.723+0000][1][safepoint    ] Safepoint "Cleanup", Time since last: 1001356251 ns, Reaching safepoint: 1597541 ns, At safepoint: 31000 ns, Total: 1628541 ns
[2023-07-18T08:25:31.728+0000][1][safepoint    ] Safepoint "Cleanup", Time since last: 1000734126 ns, Reaching safepoint: 3914166 ns, At safepoint: 102875 ns, Total: 4017041 ns
[2023-07-18T08:25:32.734+0000][1][safepoint    ] Safepoint "Cleanup", Time since last: 1001222209 ns, Reaching safepoint: 4422667 ns, At safepoint: 93667 ns, Total: 4516334 ns
[2023-07-18T08:25:33.666+0000][1][safepoint    ] Safepoint "RevokeBias", Time since last: 930378292 ns, Reaching safepoint: 1529041 ns, At safepoint: 341959 ns, Total: 1871000 ns
[2023-07-18T08:25:34.670+0000][1][safepoint    ] Safepoint "Cleanup", Time since last: 1001683625 ns, Reaching safepoint: 2702708 ns, At safepoint: 44584 ns, Total: 2747292 ns
[2023-07-18T08:25:35.676+0000][1][safepoint    ] Safepoint "Cleanup", Time since last: 1001080417 ns, Reaching safepoint: 4312750 ns, At safepoint: 72208 ns, Total: 4384958 ns
[2023-07-18T08:25:36.681+0000][1][safepoint    ] Safepoint "Cleanup", Time since last: 1001451792 ns, Reaching safepoint: 3714459 ns, At safepoint: 81416 ns, Total: 3795875 ns
[2023-07-18T08:25:37.689+0000][1][safepoint    ] Safepoint "Cleanup", Time since last: 1002738084 ns, Reaching safepoint: 4679792 ns, At safepoint: 70750 ns, Total: 4750542 ns
[2023-07-18T08:25:38.693+0000][1][safepoint    ] Safepoint "Cleanup", Time since last: 1001400917 ns, Reaching safepoint: 3379250 ns, At safepoint: 77208 ns, Total: 3456458 ns
[2023-07-18T08:25:39.697+0000][1][safepoint    ] Safepoint "Cleanup", Time since last: 1002246084 ns, Reaching safepoint: 821834 ns, At safepoint: 21458 ns, Total: 843292 ns
[2023-07-18T08:25:40.700+0000][1][safepoint    ] Safepoint "Cleanup", Time since last: 1001632500 ns, Reaching safepoint: 1666834 ns, At safepoint: 35208 ns, Total: 1702042 ns
[2023-07-18T08:25:41.702+0000][1][safepoint    ] Safepoint "Cleanup", Time since last: 1001635667 ns, Reaching safepoint: 692750 ns, At safepoint: 17125 ns, Total: 709875 ns
[2023-07-18T08:25:42.704+0000][1][safepoint    ] Safepoint "Cleanup", Time since last: 1000994001 ns, Reaching safepoint: 697875 ns, At safepoint: 16291 ns, Total: 714166 ns
[2023-07-18T08:25:43.706+0000][1][safepoint    ] Safepoint "Cleanup", Time since last: 1000341292 ns, Reaching safepoint: 1786375 ns, At safepoint: 34375 ns, Total: 1820750 ns
[2023-07-18T08:25:44.707+0000][1][safepoint    ] Safepoint "Cleanup", Time since last: 1000445834 ns, Reaching safepoint: 937500 ns, At safepoint: 13750 ns, Total: 951250 ns
[2023-07-18T08:25:45.709+0000][1][safepoint    ] Safepoint "Cleanup", Time since last: 1000450917 ns, Reaching safepoint: 754750 ns, At safepoint: 22167 ns, Total: 776917 ns
[2023-07-18T08:25:46.710+0000][1][safepoint    ] Safepoint "Cleanup", Time since last: 1000443417 ns, Reaching safepoint: 852250 ns, At safepoint: 13084 ns, Total: 865334 ns
[2023-07-18T08:25:47.711+0000][1][safepoint    ] Safepoint "Cleanup", Time since last: 1000450291 ns, Reaching safepoint: 792166 ns, At safepoint: 14959 ns, Total: 807125 ns
[2023-07-18T08:25:48.713+0000][1][safepoint    ] Safepoint "Cleanup", Time since last: 1001349250 ns, Reaching safepoint: 759084 ns, At safepoint: 18041 ns, Total: 777125 ns
[2023-07-18T08:25:49.715+0000][1][safepoint    ] Safepoint "Cleanup", Time since last: 1000360334 ns, Reaching safepoint: 1138542 ns, At safepoint: 15791 ns, Total: 1154333 ns
[2023-07-18T08:25:50.716+0000][1][safepoint    ] Safepoint "Cleanup", Time since last: 1000375751 ns, Reaching safepoint: 987208 ns, At safepoint: 32083 ns, Total: 1019291 ns
[2023-07-18T08:25:51.721+0000][1][safepoint    ] Safepoint "Cleanup", Time since last: 1001151543 ns, Reaching safepoint: 3473791 ns, At safepoint: 70292 ns, Total: 3544083 ns
[2023-07-18T08:25:52.727+0000][1][safepoint    ] Safepoint "Cleanup", Time since last: 1001603709 ns, Reaching safepoint: 4816458 ns, At safepoint: 66542 ns, Total: 4883000 ns
[2023-07-18T08:25:53.725+0000][1][safepoint    ] Safepoint "RevokeBias", Time since last: 995855417 ns, Reaching safepoint: 1788417 ns, At safepoint: 369083 ns, Total: 2157500 ns
[2023-07-18T08:25:54.727+0000][1][safepoint    ] Safepoint "Cleanup", Time since last: 1000708667 ns, Reaching safepoint: 895042 ns, At safepoint: 16416 ns, Total: 911458 ns
[2023-07-18T08:25:55.731+0000][1][safepoint    ] Safepoint "Cleanup", Time since last: 1000656459 ns, Reaching safepoint: 3609667 ns, At safepoint: 66000 ns, Total: 3675667 ns
[2023-07-18T08:25:56.116+0000][1][safepoint    ] Safepoint "RevokeBias", Time since last: 383133000 ns, Reaching safepoint: 1267333 ns, At safepoint: 135750 ns, Total: 1403083 ns
[2023-07-18T08:25:56.181+0000][1][safepoint    ] Safepoint "RevokeBias", Time since last: 63944959 ns, Reaching safepoint: 903250 ns, At safepoint: 401708 ns, Total: 1304958 ns
[2023-07-18T08:25:57.182+0000][1][safepoint    ] Safepoint "Cleanup", Time since last: 1000412334 ns, Reaching safepoint: 896250 ns, At safepoint: 18542 ns, Total: 914792 ns
[2023-07-18T08:25:58.184+0000][1][safepoint    ] Safepoint "Cleanup", Time since last: 1000381208 ns, Reaching safepoint: 1208084 ns, At safepoint: 15500 ns, Total: 1223584 ns
[2023-07-18T08:25:59.185+0000][1][safepoint    ] Safepoint "Cleanup", Time since last: 1000653334 ns, Reaching safepoint: 697125 ns, At safepoint: 13875 ns, Total: 711000 ns
[2023-07-18T08:26:00.187+0000][1][safepoint    ] Safepoint "Cleanup", Time since last: 1000780083 ns, Reaching safepoint: 815584 ns, At safepoint: 15750 ns, Total: 831334 ns
[2023-07-18T08:26:01.188+0000][1][safepoint    ] Safepoint "Cleanup", Time since last: 1000512292 ns, Reaching safepoint: 828291 ns, At safepoint: 21209 ns, Total: 849500 ns
[2023-07-18T08:26:01.485+0000][1][safepoint    ] Safepoint "RevokeBias", Time since last: 294039042 ns, Reaching safepoint: 2120833 ns, At safepoint: 148458 ns, Total: 2269291 ns
[2023-07-18T08:26:01.538+0000][1][safepoint    ] Safepoint "RevokeBias", Time since last: 52556125 ns, Reaching safepoint: 1019084 ns, At safepoint: 407958 ns, Total: 1427042 ns
[2023-07-18T08:26:02.541+0000][1][safepoint    ] Safepoint "Cleanup", Time since last: 1001375750 ns, Reaching safepoint: 1440250 ns, At safepoint: 31500 ns, Total: 1471750 ns
[2023-07-18T08:26:03.543+0000][1][safepoint    ] Safepoint "Cleanup", Time since last: 1000887793 ns, Reaching safepoint: 923208 ns, At safepoint: 21250 ns, Total: 944458 ns
[2023-07-18T08:26:04.546+0000][1][safepoint    ] Safepoint "Cleanup", Time since last: 1001076542 ns, Reaching safepoint: 2122375 ns, At safepoint: 41875 ns, Total: 2164250 ns
[2023-07-18T08:26:05.548+0000][1][safepoint    ] Safepoint "Cleanup", Time since last: 1000934251 ns, Reaching safepoint: 798916 ns, At safepoint: 18375 ns, Total: 817291 ns
[2023-07-18T08:26:06.555+0000][1][safepoint    ] Safepoint "Cleanup", Time since last: 1001765251 ns, Reaching safepoint: 4510208 ns, At safepoint: 101500 ns, Total: 4611708 ns
[2023-07-18T08:26:07.559+0000][1][safepoint    ] Safepoint "Cleanup", Time since last: 1002268209 ns, Reaching safepoint: 1991166 ns, At safepoint: 39375 ns, Total: 2030541 ns
[2023-07-18T08:26:08.564+0000][1][safepoint    ] Safepoint "Cleanup", Time since last: 1004011501 ns, Reaching safepoint: 1443750 ns, At safepoint: 28375 ns, Total: 1472125 ns
[2023-07-18T08:26:09.028+0000][1][gc,start     ] GC(19) Pause Young (Allocation Failure)
[2023-07-18T08:26:09.033+0000][1][gc,task      ] GC(19) Using 4 workers of 4 for evacuation
[2023-07-18T08:26:09.108+0000][1][gc,age       ] GC(19) Desired survivor size 8945664 bytes, new threshold 6 (max threshold 6)
[2023-07-18T08:26:09.109+0000][1][gc,age       ] GC(19) Age table with threshold 6 (max threshold 6)
[2023-07-18T08:26:09.109+0000][1][gc,age       ] GC(19) - age   1:     255832 bytes,     255832 total
[2023-07-18T08:26:09.109+0000][1][gc,age       ] GC(19) - age   2:     466296 bytes,     722128 total
[2023-07-18T08:26:09.109+0000][1][gc,age       ] GC(19) - age   3:    3697904 bytes,    4420032 total
[2023-07-18T08:26:09.109+0000][1][gc,age       ] GC(19) - age   4:    3786856 bytes,    8206888 total
[2023-07-18T08:26:09.110+0000][1][gc,heap      ] GC(19) ParNew: 151752K->11944K(157248K)
[2023-07-18T08:26:09.110+0000][1][gc,heap      ] GC(19) CMS: 60569K->60569K(349568K)
[2023-07-18T08:26:09.110+0000][1][gc,metaspace ] GC(19) Metaspace: 87271K->87271K(1128448K)
[2023-07-18T08:26:09.111+0000][1][gc           ] GC(19) Pause Young (Allocation Failure) 207M->70M(494M) 83.975ms
[2023-07-18T08:26:09.112+0000][1][gc,cpu       ] GC(19) User=0.21s Sys=0.02s Real=0.09s
[2023-07-18T08:26:09.112+0000][1][safepoint    ] Safepoint "GenCollectForAllocation", Time since last: 459792209 ns, Reaching safepoint: 2113375 ns, At safepoint: 85599125 ns, Total: 87712500 ns
[2023-07-18T08:26:10.116+0000][1][safepoint    ] Safepoint "Cleanup", Time since last: 1001411458 ns, Reaching safepoint: 2429875 ns, At safepoint: 107084 ns, Total: 2536959 ns
[2023-07-18T08:26:11.120+0000][1][safepoint    ] Safepoint "Cleanup", Time since last: 1001017625 ns, Reaching safepoint: 3111625 ns, At safepoint: 76417 ns, Total: 3188042 ns
[2023-07-18T08:26:12.124+0000][1][safepoint    ] Safepoint "Cleanup", Time since last: 1001125542 ns, Reaching safepoint: 2668625 ns, At safepoint: 61833 ns, Total: 2730458 ns
[2023-07-18T08:26:13.134+0000][1][safepoint    ] Safepoint "Cleanup", Time since last: 1005666417 ns, Reaching safepoint: 4174375 ns, At safepoint: 132209 ns, Total: 4306584 ns
[2023-07-18T08:26:13.661+0000][1][safepoint    ] Safepoint "RevokeBias", Time since last: 524526917 ns, Reaching safepoint: 1716333 ns, At safepoint: 482625 ns, Total: 2198958 ns
[2023-07-18T08:26:14.670+0000][1][safepoint    ] Safepoint "Cleanup", Time since last: 1004513584 ns, Reaching safepoint: 5178958 ns, At safepoint: 105167 ns, Total: 5284125 ns
[2023-07-18T08:26:15.673+0000][1][safepoint    ] Safepoint "Cleanup", Time since last: 1001777417 ns, Reaching safepoint: 961792 ns, At safepoint: 18041 ns, Total: 979833 ns
[2023-07-18T08:26:16.676+0000][1][safepoint    ] Safepoint "Cleanup", Time since last: 1000699918 ns, Reaching safepoint: 2248083 ns, At safepoint: 45667 ns, Total: 2293750 ns
[2023-07-18T08:26:17.679+0000][1][safepoint    ] Safepoint "Cleanup", Time since last: 1000794541 ns, Reaching safepoint: 2007208 ns, At safepoint: 44792 ns, Total: 2052000 ns
[2023-07-18T08:26:18.683+0000][1][safepoint    ] Safepoint "Cleanup", Time since last: 1001270958 ns, Reaching safepoint: 2593667 ns, At safepoint: 53917 ns, Total: 2647584 ns
[2023-07-18T08:26:19.689+0000][1][safepoint    ] Safepoint "Cleanup", Time since last: 1002615875 ns, Reaching safepoint: 2815292 ns, At safepoint: 66292 ns, Total: 2881584 ns
[2023-07-18T08:26:20.694+0000][1][safepoint    ] Safepoint "Cleanup", Time since last: 1000902208 ns, Reaching safepoint: 4838417 ns, At safepoint: 167500 ns, Total: 5005917 ns
[2023-07-18T08:26:21.698+0000][1][safepoint    ] Safepoint "Cleanup", Time since last: 1001905459 ns, Reaching safepoint: 1370667 ns, At safepoint: 28333 ns, Total: 1399000 ns
[2023-07-18T08:26:22.701+0000][1][safepoint    ] Safepoint "Cleanup", Time since last: 1000842500 ns, Reaching safepoint: 2640125 ns, At safepoint: 64292 ns, Total: 2704417 ns
[2023-07-18T08:26:23.703+0000][1][safepoint    ] Safepoint "Cleanup", Time since last: 1000910459 ns, Reaching safepoint: 1218917 ns, At safepoint: 22125 ns, Total: 1241042 ns
[2023-07-18T08:26:24.709+0000][1][safepoint    ] Safepoint "Cleanup", Time since last: 1000792500 ns, Reaching safepoint: 4619458 ns, At safepoint: 101917 ns, Total: 4721375 ns
[2023-07-18T08:26:25.714+0000][1][safepoint    ] Safepoint "Cleanup", Time since last: 1003324917 ns, Reaching safepoint: 1776834 ns, At safepoint: 37958 ns, Total: 1814792 ns
[2023-07-18T08:26:26.717+0000][1][safepoint    ] Safepoint "Cleanup", Time since last: 1001115500 ns, Reaching safepoint: 2170084 ns, At safepoint: 60875 ns, Total: 2230959 ns
[2023-07-18T08:26:27.722+0000][1][safepoint    ] Safepoint "Cleanup", Time since last: 1001581833 ns, Reaching safepoint: 3149042 ns, At safepoint: 72333 ns, Total: 3221375 ns
[2023-07-18T08:26:28.726+0000][1][safepoint    ] Safepoint "Cleanup", Time since last: 1001266209 ns, Reaching safepoint: 2794417 ns, At safepoint: 80583 ns, Total: 2875000 ns
[2023-07-18T08:26:29.728+0000][1][safepoint    ] Safepoint "Cleanup", Time since last: 1000979667 ns, Reaching safepoint: 799459 ns, At safepoint: 18583 ns, Total: 818042 ns
[2023-07-18T08:26:30.731+0000][1][safepoint    ] Safepoint "Cleanup", Time since last: 1000549751 ns, Reaching safepoint: 1989458 ns, At safepoint: 47833 ns, Total: 2037291 ns
[2023-07-18T08:26:31.734+0000][1][safepoint    ] Safepoint "Cleanup", Time since last: 1001443792 ns, Reaching safepoint: 1926709 ns, At safepoint: 63416 ns, Total: 1990125 ns
[2023-07-18T08:26:32.736+0000][1][safepoint    ] Safepoint "Cleanup", Time since last: 1000769168 ns, Reaching safepoint: 749541 ns, At safepoint: 15125 ns, Total: 764666 ns
[2023-07-18T08:26:33.680+0000][1][safepoint    ] Safepoint "RevokeBias", Time since last: 942743084 ns, Reaching safepoint: 1576833 ns, At safepoint: 347000 ns, Total: 1923833 ns
[2023-07-18T08:26:34.682+0000][1][safepoint    ] Safepoint "Cleanup", Time since last: 1000422459 ns, Reaching safepoint: 965000 ns, At safepoint: 22750 ns, Total: 987750 ns
[2023-07-18T08:26:35.688+0000][1][safepoint    ] Safepoint "Cleanup", Time since last: 1001517834 ns, Reaching safepoint: 4402333 ns, At safepoint: 118917 ns, Total: 4521250 ns
[2023-07-18T08:26:36.694+0000][1][safepoint    ] Safepoint "Cleanup", Time since last: 1002986292 ns, Reaching safepoint: 2914417 ns, At safepoint: 85916 ns, Total: 3000333 ns
[2023-07-18T08:26:37.700+0000][1][safepoint    ] Safepoint "Cleanup", Time since last: 1002040751 ns, Reaching safepoint: 3861042 ns, At safepoint: 86833 ns, Total: 3947875 ns
[2023-07-18T08:26:38.708+0000][1][safepoint    ] Safepoint "Cleanup", Time since last: 1002931625 ns, Reaching safepoint: 4876375 ns, At safepoint: 106667 ns, Total: 4983042 ns
[2023-07-18T08:26:39.712+0000][1][safepoint    ] Safepoint "Cleanup", Time since last: 1001830292 ns, Reaching safepoint: 2478125 ns, At safepoint: 86834 ns, Total: 2564959 ns
[2023-07-18T08:26:40.720+0000][1][safepoint    ] Safepoint "Cleanup", Time since last: 1004106958 ns, Reaching safepoint: 3193000 ns, At safepoint: 71542 ns, Total: 3264542 ns
[2023-07-18T08:26:41.725+0000][1][safepoint    ] Safepoint "Cleanup", Time since last: 1001492209 ns, Reaching safepoint: 3204250 ns, At safepoint: 300375 ns, Total: 3504625 ns
[2023-07-18T08:26:42.731+0000][1][safepoint    ] Safepoint "Cleanup", Time since last: 1005912834 ns, Reaching safepoint: 718583 ns, At safepoint: 29375 ns, Total: 747958 ns
[2023-07-18T08:26:43.662+0000][1][safepoint    ] Safepoint "RevokeBias", Time since last: 928577667 ns, Reaching safepoint: 1763708 ns, At safepoint: 353459 ns, Total: 2117167 ns
[2023-07-18T08:26:44.666+0000][1][safepoint    ] Safepoint "Cleanup", Time since last: 1000614375 ns, Reaching safepoint: 3311209 ns, At safepoint: 88708 ns, Total: 3399917 ns
[2023-07-18T08:26:45.669+0000][1][safepoint    ] Safepoint "Cleanup", Time since last: 1001362125 ns, Reaching safepoint: 1639084 ns, At safepoint: 25333 ns, Total: 1664417 ns
[2023-07-18T08:26:46.673+0000][1][safepoint    ] Safepoint "Cleanup", Time since last: 1001971417 ns, Reaching safepoint: 2285875 ns, At safepoint: 61792 ns, Total: 2347667 ns
[2023-07-18T08:26:47.681+0000][1][safepoint    ] Safepoint "Cleanup", Time since last: 1001929583 ns, Reaching safepoint: 6121166 ns, At safepoint: 101000 ns, Total: 6222166 ns
[2023-07-18T08:26:48.683+0000][1][safepoint    ] Safepoint "Cleanup", Time since last: 1001326001 ns, Reaching safepoint: 624625 ns, At safepoint: 13875 ns, Total: 638500 ns
[2023-07-18T08:26:49.688+0000][1][safepoint    ] Safepoint "Cleanup", Time since last: 1001882500 ns, Reaching safepoint: 3421417 ns, At safepoint: 83417 ns, Total: 3504834 ns
[2023-07-18T08:26:50.695+0000][1][safepoint    ] Safepoint "Cleanup", Time since last: 1002351167 ns, Reaching safepoint: 4259125 ns, At safepoint: 109875 ns, Total: 4369000 ns
[2023-07-18T08:26:51.698+0000][1][safepoint    ] Safepoint "Cleanup", Time since last: 1001494584 ns, Reaching safepoint: 1384125 ns, At safepoint: 30750 ns, Total: 1414875 ns
[2023-07-18T08:26:53.701+0000][1][safepoint    ] Safepoint "Cleanup", Time since last: 2001835167 ns, Reaching safepoint: 1082959 ns, At safepoint: 20916 ns, Total: 1103875 ns
[2023-07-18T08:26:54.702+0000][1][safepoint    ] Safepoint "Cleanup", Time since last: 1000388626 ns, Reaching safepoint: 742375 ns, At safepoint: 13375 ns, Total: 755750 ns
[2023-07-18T08:26:56.704+0000][1][safepoint    ] Safepoint "Cleanup", Time since last: 2001919334 ns, Reaching safepoint: 759833 ns, At safepoint: 20000 ns, Total: 779833 ns
[2023-07-18T08:27:00.715+0000][1][safepoint    ] Safepoint "Cleanup", Time since last: 4001942711 ns, Reaching safepoint: 8633875 ns, At safepoint: 176333 ns, Total: 8810208 ns
[2023-07-18T08:27:00.798+0000][1][safepoint    ] Safepoint "RevokeBias", Time since last: 75464417 ns, Reaching safepoint: 5703166 ns, At safepoint: 1435000 ns, Total: 7138166 ns
[2023-07-18T08:27:00.803+0000][1][safepoint    ] Safepoint "RevokeBias", Time since last: 3607625 ns, Reaching safepoint: 1259459 ns, At safepoint: 135166 ns, Total: 1394625 ns
[2023-07-18T08:27:00.862+0000][1][safepoint    ] Safepoint "RevokeBias", Time since last: 57726667 ns, Reaching safepoint: 1809708 ns, At safepoint: 82209 ns, Total: 1891917 ns
[2023-07-18T08:27:00.872+0000][1][safepoint    ] Safepoint "RevokeBias", Time since last: 7434541 ns, Reaching safepoint: 1069750 ns, At safepoint: 590584 ns, Total: 1660334 ns
[2023-07-18T08:27:00.880+0000][1][safepoint    ] Safepoint "RevokeBias", Time since last: 5606125 ns, Reaching safepoint: 2037541 ns, At safepoint: 352000 ns, Total: 2389541 ns
[2023-07-18T08:27:00.885+0000][1][safepoint    ] Safepoint "RevokeBias", Time since last: 4126667 ns, Reaching safepoint: 1281292 ns, At safepoint: 170833 ns, Total: 1452125 ns
[2023-07-18T08:27:00.938+0000][1][safepoint    ] Safepoint "RevokeBias", Time since last: 50537167 ns, Reaching safepoint: 2004291 ns, At safepoint: 200709 ns, Total: 2205000 ns
[2023-07-18T08:27:00.945+0000][1][safepoint    ] Safepoint "RevokeBias", Time since last: 6110083 ns, Reaching safepoint: 535958 ns, At safepoint: 73625 ns, Total: 609583 ns
[2023-07-18T08:27:00.946+0000][1][safepoint    ] Safepoint "RevokeBias", Time since last: 984250 ns, Reaching safepoint: 400875 ns, At safepoint: 47875 ns, Total: 448750 ns
[2023-07-18T08:27:00.950+0000][1][safepoint    ] Safepoint "RevokeBias", Time since last: 3463417 ns, Reaching safepoint: 442708 ns, At safepoint: 71209 ns, Total: 513917 ns
[2023-07-18T08:27:00.951+0000][1][safepoint    ] Safepoint "RevokeBias", Time since last: 397000 ns, Reaching safepoint: 261500 ns, At safepoint: 42125 ns, Total: 303625 ns
[2023-07-18T08:27:00.957+0000][1][safepoint    ] Safepoint "RevokeBias", Time since last: 5417250 ns, Reaching safepoint: 461416 ns, At safepoint: 70625 ns, Total: 532041 ns
[2023-07-18T08:27:00.991+0000][1][safepoint    ] Safepoint "RevokeBias", Time since last: 31496959 ns, Reaching safepoint: 2652750 ns, At safepoint: 87125 ns, Total: 2739875 ns
[2023-07-18T08:27:01.192+0000][1][safepoint    ] Safepoint "RevokeBias", Time since last: 199415208 ns, Reaching safepoint: 1240083 ns, At safepoint: 91834 ns, Total: 1331917 ns
[2023-07-18T08:27:01.203+0000][1][safepoint    ] Safepoint "RevokeBias", Time since last: 11042458 ns, Reaching safepoint: 641000 ns, At safepoint: 70042 ns, Total: 711042 ns
[2023-07-18T08:27:01.616+0000][1][safepoint    ] Safepoint "RevokeBias", Time since last: 410979625 ns, Reaching safepoint: 1680708 ns, At safepoint: 408250 ns, Total: 2088958 ns
[2023-07-18T08:27:01.620+0000][1][safepoint    ] Safepoint "RevokeBias", Time since last: 2071667 ns, Reaching safepoint: 1083625 ns, At safepoint: 66542 ns, Total: 1150167 ns
[2023-07-18T08:27:01.915+0000][1][safepoint    ] Safepoint "RevokeBias", Time since last: 293620125 ns, Reaching safepoint: 2114958 ns, At safepoint: 71500 ns, Total: 2186458 ns
[2023-07-18T08:27:01.922+0000][1][safepoint    ] Safepoint "RevokeBias", Time since last: 5412958 ns, Reaching safepoint: 935125 ns, At safepoint: 70584 ns, Total: 1005709 ns
[2023-07-18T08:27:01.928+0000][1][safepoint    ] Safepoint "RevokeBias", Time since last: 4993250 ns, Reaching safepoint: 1206458 ns, At safepoint: 77542 ns, Total: 1284000 ns
[2023-07-18T08:27:01.930+0000][1][safepoint    ] Safepoint "RevokeBias", Time since last: 1023375 ns, Reaching safepoint: 571333 ns, At safepoint: 72667 ns, Total: 644000 ns
[2023-07-18T08:27:01.931+0000][1][safepoint    ] Safepoint "RevokeBias", Time since last: 511625 ns, Reaching safepoint: 741125 ns, At safepoint: 48166 ns, Total: 789291 ns
[2023-07-18T08:27:01.932+0000][1][safepoint    ] Safepoint "RevokeBias", Time since last: 312250 ns, Reaching safepoint: 559750 ns, At safepoint: 52250 ns, Total: 612000 ns
[2023-07-18T08:27:01.933+0000][1][safepoint    ] Safepoint "RevokeBias", Time since last: 448667 ns, Reaching safepoint: 410125 ns, At safepoint: 42333 ns, Total: 452458 ns
[2023-07-18T08:27:01.960+0000][1][safepoint    ] Safepoint "RevokeBias", Time since last: 26238250 ns, Reaching safepoint: 563250 ns, At safepoint: 66292 ns, Total: 629542 ns
[2023-07-18T08:27:02.962+0000][1][safepoint    ] Safepoint "Cleanup", Time since last: 1000848917 ns, Reaching safepoint: 875250 ns, At safepoint: 14417 ns, Total: 889667 ns
[2023-07-18T08:27:03.965+0000][1][safepoint    ] Safepoint "Cleanup", Time since last: 1002346625 ns, Reaching safepoint: 1237500 ns, At safepoint: 15500 ns, Total: 1253000 ns
[2023-07-18T08:27:04.971+0000][1][safepoint    ] Safepoint "Cleanup", Time since last: 1005028293 ns, Reaching safepoint: 665208 ns, At safepoint: 15208 ns, Total: 680416 ns
[2023-07-18T08:27:08.975+0000][1][safepoint    ] Safepoint "Cleanup", Time since last: 4002666794 ns, Reaching safepoint: 1177583 ns, At safepoint: 23250 ns, Total: 1200833 ns
[2023-07-18T08:27:11.977+0000][1][safepoint    ] Safepoint "Cleanup", Time since last: 3001002502 ns, Reaching safepoint: 865416 ns, At safepoint: 14167 ns, Total: 879583 ns
[2023-07-18T08:27:13.978+0000][1][safepoint    ] Safepoint "Cleanup", Time since last: 2000537584 ns, Reaching safepoint: 1042500 ns, At safepoint: 22834 ns, Total: 1065334 ns
[2023-07-18T08:27:14.982+0000][1][safepoint    ] Safepoint "Cleanup", Time since last: 1000709042 ns, Reaching safepoint: 3205791 ns, At safepoint: 78250 ns, Total: 3284041 ns
[2023-07-18T08:27:15.866+0000][1][safepoint    ] Safepoint "RevokeBias", Time since last: 882405626 ns, Reaching safepoint: 1649875 ns, At safepoint: 97333 ns, Total: 1747208 ns
[2023-07-18T08:27:15.868+0000][1][safepoint    ] Safepoint "RevokeBias", Time since last: 1222375 ns, Reaching safepoint: 713542 ns, At safepoint: 74625 ns, Total: 788167 ns
[2023-07-18T08:27:16.871+0000][1][safepoint    ] Safepoint "Cleanup", Time since last: 1001616334 ns, Reaching safepoint: 1091625 ns, At safepoint: 22666 ns, Total: 1114291 ns
[2023-07-18T08:27:17.877+0000][1][safepoint    ] Safepoint "Cleanup", Time since last: 1003185041 ns, Reaching safepoint: 2450625 ns, At safepoint: 45084 ns, Total: 2495709 ns
[2023-07-18T08:27:21.882+0000][1][safepoint    ] Safepoint "Cleanup", Time since last: 4004480793 ns, Reaching safepoint: 796167 ns, At safepoint: 25875 ns, Total: 822042 ns
[2023-07-18T08:27:22.888+0000][1][safepoint    ] Safepoint "Cleanup", Time since last: 1002604959 ns, Reaching safepoint: 3345500 ns, At safepoint: 72750 ns, Total: 3418250 ns
[2023-07-18T08:27:23.890+0000][1][safepoint    ] Safepoint "Cleanup", Time since last: 1001455584 ns, Reaching safepoint: 910916 ns, At safepoint: 15250 ns, Total: 926166 ns
[2023-07-18T08:27:26.897+0000][1][safepoint    ] Safepoint "Cleanup", Time since last: 3002539127 ns, Reaching safepoint: 4028166 ns, At safepoint: 95667 ns, Total: 4123833 ns
[2023-07-18T08:27:31.905+0000][1][safepoint    ] Safepoint "Cleanup", Time since last: 5003823877 ns, Reaching safepoint: 4255417 ns, At safepoint: 141417 ns, Total: 4396834 ns
[2023-07-18T08:27:32.912+0000][1][safepoint    ] Safepoint "Cleanup", Time since last: 1002645792 ns, Reaching safepoint: 4073167 ns, At safepoint: 90833 ns, Total: 4164000 ns
[2023-07-18T08:27:33.915+0000][1][safepoint    ] Safepoint "Cleanup", Time since last: 1001720084 ns, Reaching safepoint: 999791 ns, At safepoint: 15834 ns, Total: 1015625 ns
[2023-07-18T08:27:34.919+0000][1][safepoint    ] Safepoint "Cleanup", Time since last: 1001433417 ns, Reaching safepoint: 2689667 ns, At safepoint: 72833 ns, Total: 2762500 ns
[2023-07-18T08:27:36.924+0000][1][safepoint    ] Safepoint "Cleanup", Time since last: 2001558626 ns, Reaching safepoint: 3128500 ns, At safepoint: 109000 ns, Total: 3237500 ns
[2023-07-18T08:27:37.313+0000][1][safepoint    ] Safepoint "RevokeBias", Time since last: 388422625 ns, Reaching safepoint: 990458 ns, At safepoint: 102209 ns, Total: 1092667 ns
[2023-07-18T08:27:37.317+0000][1][safepoint    ] Safepoint "RevokeBias", Time since last: 3283000 ns, Reaching safepoint: 508583 ns, At safepoint: 162500 ns, Total: 671083 ns
[2023-07-18T08:27:37.525+0000][1][safepoint    ] Safepoint "RevokeBias", Time since last: 207260750 ns, Reaching safepoint: 898625 ns, At safepoint: 140667 ns, Total: 1039292 ns
[2023-07-18T08:27:37.528+0000][1][safepoint    ] Safepoint "RevokeBias", Time since last: 1620500 ns, Reaching safepoint: 588791 ns, At safepoint: 63625 ns, Total: 652416 ns
[2023-07-18T08:27:37.600+0000][1][safepoint    ] Safepoint "RevokeBias", Time since last: 71671334 ns, Reaching safepoint: 883667 ns, At safepoint: 68416 ns, Total: 952083 ns
[2023-07-18T08:27:37.691+0000][1][safepoint    ] Safepoint "Deoptimize", Time since last: 84307167 ns, Reaching safepoint: 1834708 ns, At safepoint: 4273834 ns, Total: 6108542 ns
[2023-07-18T08:27:37.714+0000][1][safepoint    ] Safepoint "Deoptimize", Time since last: 18775083 ns, Reaching safepoint: 914000 ns, At safepoint: 3738833 ns, Total: 4652833 ns
[2023-07-18T08:27:39.647+0000][1][safepoint    ] Safepoint "Cleanup", Time since last: 1926505376 ns, Reaching safepoint: 5887500 ns, At safepoint: 93208 ns, Total: 5980708 ns
[2023-07-18T08:27:41.649+0000][1][safepoint    ] Safepoint "Cleanup", Time since last: 2001390001 ns, Reaching safepoint: 962292 ns, At safepoint: 21792 ns, Total: 984084 ns
[2023-07-18T08:27:43.654+0000][1][safepoint    ] Safepoint "Cleanup", Time since last: 2003094334 ns, Reaching safepoint: 1312958 ns, At safepoint: 27667 ns, Total: 1340625 ns
[2023-07-18T08:27:44.655+0000][1][safepoint    ] Safepoint "Cleanup", Time since last: 1000718834 ns, Reaching safepoint: 1051500 ns, At safepoint: 17500 ns, Total: 1069000 ns
[2023-07-18T08:27:45.660+0000][1][safepoint    ] Safepoint "Cleanup", Time since last: 1000610625 ns, Reaching safepoint: 3847875 ns, At safepoint: 95667 ns, Total: 3943542 ns
[2023-07-18T08:27:47.664+0000][1][safepoint    ] Safepoint "Cleanup", Time since last: 2002726709 ns, Reaching safepoint: 1538708 ns, At safepoint: 51042 ns, Total: 1589750 ns
[2023-07-18T08:27:51.671+0000][1][safepoint    ] Safepoint "Cleanup", Time since last: 4006083085 ns, Reaching safepoint: 1186833 ns, At safepoint: 23084 ns, Total: 1209917 ns
[2023-07-18T08:27:52.676+0000][1][safepoint    ] Safepoint "Cleanup", Time since last: 1003951250 ns, Reaching safepoint: 680958 ns, At safepoint: 13375 ns, Total: 694333 ns
[2023-07-18T08:27:53.678+0000][1][safepoint    ] Safepoint "Cleanup", Time since last: 1000392543 ns, Reaching safepoint: 1375875 ns, At safepoint: 30208 ns, Total: 1406083 ns
[2023-07-18T08:27:54.684+0000][1][safepoint    ] Safepoint "Cleanup", Time since last: 1002200750 ns, Reaching safepoint: 3626084 ns, At safepoint: 69458 ns, Total: 3695542 ns
[2023-07-18T08:27:55.690+0000][1][safepoint    ] Safepoint "Cleanup", Time since last: 1003350292 ns, Reaching safepoint: 3265208 ns, At safepoint: 98000 ns, Total: 3363208 ns
[2023-07-18T08:27:56.697+0000][1][safepoint    ] Safepoint "Cleanup", Time since last: 1002460376 ns, Reaching safepoint: 3661542 ns, At safepoint: 97166 ns, Total: 3758708 ns
[2023-07-18T08:27:58.706+0000][1][safepoint    ] Safepoint "Cleanup", Time since last: 2004921126 ns, Reaching safepoint: 4309000 ns, At safepoint: 159542 ns, Total: 4468542 ns
[2023-07-18T08:28:00.349+0000][1][safepoint    ] Safepoint "BulkRevokeBias", Time since last: 1638867876 ns, Reaching safepoint: 925666 ns, At safepoint: 2906042 ns, Total: 3831708 ns
[2023-07-18T08:28:00.364+0000][1][gc,start     ] GC(20) Pause Young (Allocation Failure)
[2023-07-18T08:28:00.366+0000][1][gc,task      ] GC(20) Using 4 workers of 4 for evacuation
[2023-07-18T08:28:00.420+0000][1][gc,age       ] GC(20) Desired survivor size 8945664 bytes, new threshold 6 (max threshold 6)
[2023-07-18T08:28:00.420+0000][1][gc,age       ] GC(20) Age table with threshold 6 (max threshold 6)
[2023-07-18T08:28:00.420+0000][1][gc,age       ] GC(20) - age   1:     341112 bytes,     341112 total
[2023-07-18T08:28:00.421+0000][1][gc,age       ] GC(20) - age   2:     154616 bytes,     495728 total
[2023-07-18T08:28:00.421+0000][1][gc,age       ] GC(20) - age   3:     463352 bytes,     959080 total
[2023-07-18T08:28:00.421+0000][1][gc,age       ] GC(20) - age   4:    3672432 bytes,    4631512 total
[2023-07-18T08:28:00.421+0000][1][gc,age       ] GC(20) - age   5:    3588984 bytes,    8220496 total
[2023-07-18T08:28:00.422+0000][1][gc,heap      ] GC(20) ParNew: 151720K->12002K(157248K)
[2023-07-18T08:28:00.422+0000][1][gc,heap      ] GC(20) CMS: 60569K->60569K(349568K)
[2023-07-18T08:28:00.423+0000][1][gc,metaspace ] GC(20) Metaspace: 88063K->88063K(1130496K)
[2023-07-18T08:28:00.423+0000][1][gc           ] GC(20) Pause Young (Allocation Failure) 207M->70M(494M) 59.456ms
[2023-07-18T08:28:00.424+0000][1][gc,cpu       ] GC(20) User=0.16s Sys=0.01s Real=0.06s
[2023-07-18T08:28:00.424+0000][1][safepoint    ] Safepoint "GenCollectForAllocation", Time since last: 13679042 ns, Reaching safepoint: 1041291 ns, At safepoint: 60529917 ns, Total: 61571208 ns
[2023-07-18T08:28:00.525+0000][1][safepoint    ] Safepoint "RevokeBias", Time since last: 97128000 ns, Reaching safepoint: 2179667 ns, At safepoint: 1283875 ns, Total: 3463542 ns
[2023-07-18T08:28:00.528+0000][1][safepoint    ] Safepoint "RevokeBias", Time since last: 3300291 ns, Reaching safepoint: 255209 ns, At safepoint: 40750 ns, Total: 295959 ns
[2023-07-18T08:28:00.529+0000][1][safepoint    ] Safepoint "RevokeBias", Time since last: 294250 ns, Reaching safepoint: 273875 ns, At safepoint: 38083 ns, Total: 311958 ns
[2023-07-18T08:28:00.529+0000][1][safepoint    ] Safepoint "RevokeBias", Time since last: 340708 ns, Reaching safepoint: 241375 ns, At safepoint: 36667 ns, Total: 278042 ns
[2023-07-18T08:28:00.532+0000][1][safepoint    ] Safepoint "BulkRevokeBias", Time since last: 326542 ns, Reaching safepoint: 250541 ns, At safepoint: 2201042 ns, Total: 2451583 ns
[2023-07-18T08:28:00.578+0000][1][safepoint    ] Safepoint "RevokeBias", Time since last: 45593750 ns, Reaching safepoint: 478958 ns, At safepoint: 55667 ns, Total: 534625 ns
[2023-07-18T08:28:00.581+0000][1][safepoint    ] Safepoint "RevokeBias", Time since last: 2488208 ns, Reaching safepoint: 308500 ns, At safepoint: 40917 ns, Total: 349417 ns
[2023-07-18T08:28:00.591+0000][1][safepoint    ] Safepoint "RevokeBias", Time since last: 9817000 ns, Reaching safepoint: 384833 ns, At safepoint: 76334 ns, Total: 461167 ns
[2023-07-18T08:28:00.711+0000][1][safepoint    ] Safepoint "RevokeBias", Time since last: 117793208 ns, Reaching safepoint: 2094209 ns, At safepoint: 133083 ns, Total: 2227292 ns
[2023-07-18T08:28:00.723+0000][1][safepoint    ] Safepoint "RevokeBias", Time since last: 8289417 ns, Reaching safepoint: 2733375 ns, At safepoint: 57125 ns, Total: 2790500 ns
[2023-07-18T08:28:00.727+0000][1][safepoint    ] Safepoint "RevokeBias", Time since last: 1228083 ns, Reaching safepoint: 2752292 ns, At safepoint: 53333 ns, Total: 2805625 ns
[2023-07-18T08:28:01.732+0000][1][safepoint    ] Safepoint "Cleanup", Time since last: 1001249250 ns, Reaching safepoint: 3745292 ns, At safepoint: 102958 ns, Total: 3848250 ns
[2023-07-18T08:28:02.734+0000][1][safepoint    ] Safepoint "Cleanup", Time since last: 1001230584 ns, Reaching safepoint: 696084 ns, At safepoint: 21208 ns, Total: 717292 ns
[2023-07-18T08:28:03.735+0000][1][safepoint    ] Safepoint "Cleanup", Time since last: 1000488667 ns, Reaching safepoint: 1368958 ns, At safepoint: 22542 ns, Total: 1391500 ns
[2023-07-18T08:28:04.738+0000][1][safepoint    ] Safepoint "Cleanup", Time since last: 1001445417 ns, Reaching safepoint: 1268792 ns, At safepoint: 24250 ns, Total: 1293042 ns
[2023-07-18T08:28:05.742+0000][1][safepoint    ] Safepoint "Cleanup", Time since last: 1002211625 ns, Reaching safepoint: 1954584 ns, At safepoint: 63708 ns, Total: 2018292 ns
[2023-07-18T08:28:06.750+0000][1][safepoint    ] Safepoint "Cleanup", Time since last: 1003571500 ns, Reaching safepoint: 3427625 ns, At safepoint: 83542 ns, Total: 3511167 ns
[2023-07-18T08:28:09.752+0000][1][safepoint    ] Safepoint "Cleanup", Time since last: 3001746377 ns, Reaching safepoint: 652625 ns, At safepoint: 23958 ns, Total: 676583 ns
[2023-07-18T08:28:12.757+0000][1][safepoint    ] Safepoint "Cleanup", Time since last: 3001809293 ns, Reaching safepoint: 3296750 ns, At safepoint: 60833 ns, Total: 3357583 ns
[2023-07-18T08:28:13.680+0000][1][safepoint    ] Safepoint "RevokeBias", Time since last: 921019001 ns, Reaching safepoint: 1885291 ns, At safepoint: 422000 ns, Total: 2307291 ns
[2023-07-18T08:28:14.686+0000][1][safepoint    ] Safepoint "Cleanup", Time since last: 1000643418 ns, Reaching safepoint: 4928250 ns, At safepoint: 86375 ns, Total: 5014625 ns
[2023-07-18T08:28:16.690+0000][1][safepoint    ] Safepoint "Cleanup", Time since last: 2002430542 ns, Reaching safepoint: 1799417 ns, At safepoint: 39250 ns, Total: 1838667 ns
[2023-07-18T08:28:21.696+0000][1][safepoint    ] Safepoint "Cleanup", Time since last: 5005071835 ns, Reaching safepoint: 1085666 ns, At safepoint: 23334 ns, Total: 1109000 ns
[2023-07-18T08:28:23.689+0000][1][safepoint    ] Safepoint "RevokeBias", Time since last: 1989920709 ns, Reaching safepoint: 1993500 ns, At safepoint: 365375 ns, Total: 2358875 ns
[2023-07-18T08:28:24.691+0000][1][safepoint    ] Safepoint "Cleanup", Time since last: 1002055459 ns, Reaching safepoint: 798583 ns, At safepoint: 18583 ns, Total: 817166 ns
[2023-07-18T08:28:33.696+0000][1][safepoint    ] Safepoint "Cleanup", Time since last: 9003813005 ns, Reaching safepoint: 1037041 ns, At safepoint: 24209 ns, Total: 1061250 ns
[2023-07-18T08:28:34.699+0000][1][safepoint    ] Safepoint "Cleanup", Time since last: 1000874917 ns, Reaching safepoint: 1977875 ns, At safepoint: 108000 ns, Total: 2085875 ns
[2023-07-18T08:28:39.705+0000][1][safepoint    ] Safepoint "Cleanup", Time since last: 5003211794 ns, Reaching safepoint: 2464375 ns, At safepoint: 105375 ns, Total: 2569750 ns
[2023-07-18T08:28:41.710+0000][1][safepoint    ] Safepoint "Cleanup", Time since last: 2004176792 ns, Reaching safepoint: 849709 ns, At safepoint: 21041 ns, Total: 870750 ns
[2023-07-18T08:28:43.712+0000][1][safepoint    ] Safepoint "Cleanup", Time since last: 2000708335 ns, Reaching safepoint: 1679416 ns, At safepoint: 30042 ns, Total: 1709458 ns
[2023-07-18T08:28:44.714+0000][1][safepoint    ] Safepoint "Cleanup", Time since last: 1000647792 ns, Reaching safepoint: 1343834 ns, At safepoint: 21500 ns, Total: 1365334 ns
[2023-07-18T08:28:45.720+0000][1][safepoint    ] Safepoint "Cleanup", Time since last: 1002565750 ns, Reaching safepoint: 3235042 ns, At safepoint: 72750 ns, Total: 3307792 ns
[2023-07-18T08:28:46.723+0000][1][safepoint    ] Safepoint "Cleanup", Time since last: 1001104584 ns, Reaching safepoint: 1042416 ns, At safepoint: 26709 ns, Total: 1069125 ns
[2023-07-18T08:28:47.725+0000][1][safepoint    ] Safepoint "Cleanup", Time since last: 1000993208 ns, Reaching safepoint: 1954166 ns, At safepoint: 53042 ns, Total: 2007208 ns
[2023-07-18T08:28:48.727+0000][1][safepoint    ] Safepoint "Cleanup", Time since last: 1001062751 ns, Reaching safepoint: 841083 ns, At safepoint: 18708 ns, Total: 859791 ns
[2023-07-18T08:28:49.731+0000][1][safepoint    ] Safepoint "Cleanup", Time since last: 1001626501 ns, Reaching safepoint: 1795000 ns, At safepoint: 61791 ns, Total: 1856791 ns
[2023-07-18T08:28:50.735+0000][1][safepoint    ] Safepoint "Cleanup", Time since last: 1001639876 ns, Reaching safepoint: 2533666 ns, At safepoint: 65334 ns, Total: 2599000 ns
[2023-07-18T08:28:51.740+0000][1][safepoint    ] Safepoint "Cleanup", Time since last: 1002783375 ns, Reaching safepoint: 1566917 ns, At safepoint: 29542 ns, Total: 1596459 ns
[2023-07-18T08:28:52.742+0000][1][safepoint    ] Safepoint "Cleanup", Time since last: 1000794292 ns, Reaching safepoint: 1905333 ns, At safepoint: 43875 ns, Total: 1949208 ns
[2023-07-18T08:28:53.745+0000][1][safepoint    ] Safepoint "Cleanup", Time since last: 1001655459 ns, Reaching safepoint: 745958 ns, At safepoint: 13042 ns, Total: 759000 ns
[2023-07-18T08:28:54.748+0000][1][safepoint    ] Safepoint "Cleanup", Time since last: 1000561500 ns, Reaching safepoint: 2707792 ns, At safepoint: 44833 ns, Total: 2752625 ns
[2023-07-18T08:28:55.751+0000][1][safepoint    ] Safepoint "Cleanup", Time since last: 1000985126 ns, Reaching safepoint: 1654917 ns, At safepoint: 41666 ns, Total: 1696583 ns
[2023-07-18T08:28:56.754+0000][1][safepoint    ] Safepoint "Cleanup", Time since last: 1001082501 ns, Reaching safepoint: 1935041 ns, At safepoint: 57959 ns, Total: 1993000 ns
[2023-07-18T08:28:57.755+0000][1][safepoint    ] Safepoint "Cleanup", Time since last: 1001066708 ns, Reaching safepoint: 642250 ns, At safepoint: 14584 ns, Total: 656834 ns
[2023-07-18T08:28:58.760+0000][1][safepoint    ] Safepoint "Cleanup", Time since last: 1000807834 ns, Reaching safepoint: 3642208 ns, At safepoint: 80625 ns, Total: 3722833 ns
[2023-07-18T08:28:59.765+0000][1][safepoint    ] Safepoint "Cleanup", Time since last: 1003029917 ns, Reaching safepoint: 1928750 ns, At safepoint: 49417 ns, Total: 1978167 ns
[2023-07-18T08:29:00.770+0000][1][safepoint    ] Safepoint "Cleanup", Time since last: 1002621084 ns, Reaching safepoint: 2006250 ns, At safepoint: 41208 ns, Total: 2047458 ns
[2023-07-18T08:29:01.002+0000][1][safepoint    ] Safepoint "RevokeBias", Time since last: 231645667 ns, Reaching safepoint: 884000 ns, At safepoint: 102666 ns, Total: 986666 ns
[2023-07-18T08:29:01.005+0000][1][safepoint    ] Safepoint "RevokeBias", Time since last: 2119500 ns, Reaching safepoint: 637917 ns, At safepoint: 89625 ns, Total: 727542 ns
[2023-07-18T08:29:01.010+0000][1][safepoint    ] Safepoint "RevokeBias", Time since last: 4081333 ns, Reaching safepoint: 911459 ns, At safepoint: 89666 ns, Total: 1001125 ns
[2023-07-18T08:29:01.026+0000][1][safepoint    ] Safepoint "RevokeBias", Time since last: 14622250 ns, Reaching safepoint: 1290292 ns, At safepoint: 130125 ns, Total: 1420417 ns
[2023-07-18T08:29:01.044+0000][1][safepoint    ] Safepoint "RevokeBias", Time since last: 2657708 ns, Reaching safepoint: 15276500 ns, At safepoint: 77084 ns, Total: 15353584 ns
[2023-07-18T08:29:02.045+0000][1][safepoint    ] Safepoint "Cleanup", Time since last: 1000419667 ns, Reaching safepoint: 774708 ns, At safepoint: 13625 ns, Total: 788333 ns
[2023-07-18T08:29:03.048+0000][1][safepoint    ] Safepoint "Cleanup", Time since last: 1000502917 ns, Reaching safepoint: 1809250 ns, At safepoint: 38292 ns, Total: 1847542 ns
[2023-07-18T08:29:03.713+0000][1][safepoint    ] Safepoint "RevokeBias", Time since last: 662756500 ns, Reaching safepoint: 1793042 ns, At safepoint: 398542 ns, Total: 2191584 ns
[2023-07-18T08:29:04.716+0000][1][safepoint    ] Safepoint "Cleanup", Time since last: 1000906500 ns, Reaching safepoint: 1764625 ns, At safepoint: 44042 ns, Total: 1808667 ns
[2023-07-18T08:29:05.721+0000][1][safepoint    ] Safepoint "Cleanup", Time since last: 1001846625 ns, Reaching safepoint: 3664625 ns, At safepoint: 75459 ns, Total: 3740084 ns
[2023-07-18T08:29:06.723+0000][1][safepoint    ] Safepoint "Cleanup", Time since last: 1001209708 ns, Reaching safepoint: 579375 ns, At safepoint: 14500 ns, Total: 593875 ns
[2023-07-18T08:29:07.725+0000][1][safepoint    ] Safepoint "Cleanup", Time since last: 1000518418 ns, Reaching safepoint: 1804083 ns, At safepoint: 50500 ns, Total: 1854583 ns
[2023-07-18T08:29:08.732+0000][1][safepoint    ] Safepoint "Cleanup", Time since last: 1002057750 ns, Reaching safepoint: 4073125 ns, At safepoint: 76125 ns, Total: 4149250 ns
[2023-07-18T08:29:09.736+0000][1][safepoint    ] Safepoint "Cleanup", Time since last: 1002393418 ns, Reaching safepoint: 2566625 ns, At safepoint: 37083 ns, Total: 2603708 ns
[2023-07-18T08:29:10.742+0000][1][safepoint    ] Safepoint "Cleanup", Time since last: 1001391417 ns, Reaching safepoint: 3619708 ns, At safepoint: 125292 ns, Total: 3745000 ns
[2023-07-18T08:29:11.748+0000][1][safepoint    ] Safepoint "Cleanup", Time since last: 1004351834 ns, Reaching safepoint: 1902583 ns, At safepoint: 46000 ns, Total: 1948583 ns
[2023-07-18T08:29:12.753+0000][1][safepoint    ] Safepoint "Cleanup", Time since last: 1001936042 ns, Reaching safepoint: 2758667 ns, At safepoint: 73500 ns, Total: 2832167 ns
[2023-07-18T08:29:13.755+0000][1][safepoint    ] Safepoint "Cleanup", Time since last: 1001203917 ns, Reaching safepoint: 1504375 ns, At safepoint: 20750 ns, Total: 1525125 ns
[2023-07-18T08:29:14.761+0000][1][safepoint    ] Safepoint "Cleanup", Time since last: 1000969959 ns, Reaching safepoint: 4099458 ns, At safepoint: 134792 ns, Total: 4234250 ns
[2023-07-18T08:29:15.766+0000][1][safepoint    ] Safepoint "Cleanup", Time since last: 1001572084 ns, Reaching safepoint: 4080750 ns, At safepoint: 120625 ns, Total: 4201375 ns
[2023-07-18T08:29:16.770+0000][1][safepoint    ] Safepoint "Cleanup", Time since last: 1002689959 ns, Reaching safepoint: 1196375 ns, At safepoint: 20833 ns, Total: 1217208 ns
[2023-07-18T08:29:17.774+0000][1][safepoint    ] Safepoint "Cleanup", Time since last: 1001472000 ns, Reaching safepoint: 2573375 ns, At safepoint: 112958 ns, Total: 2686333 ns
[2023-07-18T08:29:18.779+0000][1][safepoint    ] Safepoint "Cleanup", Time since last: 1002259959 ns, Reaching safepoint: 2243542 ns, At safepoint: 69542 ns, Total: 2313084 ns
[2023-07-18T08:29:19.781+0000][1][safepoint    ] Safepoint "Cleanup", Time since last: 1001422125 ns, Reaching safepoint: 1013583 ns, At safepoint: 27125 ns, Total: 1040708 ns
[2023-07-18T08:29:20.785+0000][1][safepoint    ] Safepoint "Cleanup", Time since last: 1001040334 ns, Reaching safepoint: 2982708 ns, At safepoint: 88042 ns, Total: 3070750 ns
[2023-07-18T08:29:21.788+0000][1][safepoint    ] Safepoint "Cleanup", Time since last: 1002103626 ns, Reaching safepoint: 1055583 ns, At safepoint: 22208 ns, Total: 1077791 ns
[2023-07-18T08:29:22.793+0000][1][safepoint    ] Safepoint "Cleanup", Time since last: 1000854917 ns, Reaching safepoint: 3557834 ns, At safepoint: 114416 ns, Total: 3672250 ns
[2023-07-18T08:29:23.723+0000][1][safepoint    ] Safepoint "RevokeBias", Time since last: 928194043 ns, Reaching safepoint: 1885541 ns, At safepoint: 364584 ns, Total: 2250125 ns
[2023-07-18T08:29:24.727+0000][1][safepoint    ] Safepoint "Cleanup", Time since last: 1000814792 ns, Reaching safepoint: 3084166 ns, At safepoint: 61250 ns, Total: 3145416 ns
[2023-07-18T08:29:25.730+0000][1][safepoint    ] Safepoint "Cleanup", Time since last: 1000850668 ns, Reaching safepoint: 2131333 ns, At safepoint: 46667 ns, Total: 2178000 ns
[2023-07-18T08:29:26.732+0000][1][safepoint    ] Safepoint "Cleanup", Time since last: 1000819167 ns, Reaching safepoint: 1206916 ns, At safepoint: 34417 ns, Total: 1241333 ns
[2023-07-18T08:29:27.735+0000][1][safepoint    ] Safepoint "Cleanup", Time since last: 1001092584 ns, Reaching safepoint: 1792833 ns, At safepoint: 47000 ns, Total: 1839833 ns
[2023-07-18T08:29:28.740+0000][1][safepoint    ] Safepoint "Cleanup", Time since last: 1001683876 ns, Reaching safepoint: 2589416 ns, At safepoint: 60625 ns, Total: 2650041 ns
[2023-07-18T08:29:29.743+0000][1][safepoint    ] Safepoint "Cleanup", Time since last: 1001229334 ns, Reaching safepoint: 2420292 ns, At safepoint: 71541 ns, Total: 2491833 ns
[2023-07-18T08:29:30.747+0000][1][safepoint    ] Safepoint "Cleanup", Time since last: 1002275709 ns, Reaching safepoint: 1490750 ns, At safepoint: 64500 ns, Total: 1555250 ns
[2023-07-18T08:29:31.749+0000][1][safepoint    ] Safepoint "Cleanup", Time since last: 1000774542 ns, Reaching safepoint: 630500 ns, At safepoint: 13917 ns, Total: 644417 ns
[2023-07-18T08:29:32.751+0000][1][safepoint    ] Safepoint "Cleanup", Time since last: 1000526709 ns, Reaching safepoint: 1499625 ns, At safepoint: 38625 ns, Total: 1538250 ns
[2023-07-18T08:29:33.752+0000][1][safepoint    ] Safepoint "Cleanup", Time since last: 1000657750 ns, Reaching safepoint: 599792 ns, At safepoint: 18792 ns, Total: 618584 ns
[2023-07-18T08:29:34.756+0000][1][safepoint    ] Safepoint "Cleanup", Time since last: 1000968083 ns, Reaching safepoint: 3162750 ns, At safepoint: 96125 ns, Total: 3258875 ns
[2023-07-18T08:29:35.760+0000][1][safepoint    ] Safepoint "Cleanup", Time since last: 1001359501 ns, Reaching safepoint: 2423958 ns, At safepoint: 66334 ns, Total: 2490292 ns
[2023-07-18T08:29:36.763+0000][1][safepoint    ] Safepoint "Cleanup", Time since last: 1001011250 ns, Reaching safepoint: 2163750 ns, At safepoint: 64375 ns, Total: 2228125 ns
[2023-07-18T08:29:37.775+0000][1][safepoint    ] Safepoint "Cleanup", Time since last: 1008760001 ns, Reaching safepoint: 2932625 ns, At safepoint: 94583 ns, Total: 3027208 ns
[2023-07-18T08:29:38.783+0000][1][safepoint    ] Safepoint "Cleanup", Time since last: 1003989167 ns, Reaching safepoint: 3634542 ns, At safepoint: 85541 ns, Total: 3720083 ns
[2023-07-18T08:29:39.788+0000][1][safepoint    ] Safepoint "Cleanup", Time since last: 1002406834 ns, Reaching safepoint: 3044959 ns, At safepoint: 95958 ns, Total: 3140917 ns
[2023-07-18T08:29:40.796+0000][1][safepoint    ] Safepoint "Cleanup", Time since last: 1004057834 ns, Reaching safepoint: 3758333 ns, At safepoint: 123542 ns, Total: 3881875 ns
[2023-07-18T08:29:41.799+0000][1][safepoint    ] Safepoint "Cleanup", Time since last: 1001469625 ns, Reaching safepoint: 1205667 ns, At safepoint: 26375 ns, Total: 1232042 ns
[2023-07-18T08:29:42.577+0000][1][safepoint    ] Safepoint "RevokeBias", Time since last: 776934375 ns, Reaching safepoint: 1370667 ns, At safepoint: 130292 ns, Total: 1500959 ns
[2023-07-18T08:29:42.591+0000][1][safepoint    ] Safepoint "RevokeBias", Time since last: 12229958 ns, Reaching safepoint: 1065833 ns, At safepoint: 101209 ns, Total: 1167042 ns
[2023-07-18T08:29:42.594+0000][1][safepoint    ] Safepoint "RevokeBias", Time since last: 2106833 ns, Reaching safepoint: 654167 ns, At safepoint: 73250 ns, Total: 727417 ns
[2023-07-18T08:29:42.601+0000][1][safepoint    ] Safepoint "RevokeBias", Time since last: 6377958 ns, Reaching safepoint: 717542 ns, At safepoint: 80666 ns, Total: 798208 ns
[2023-07-18T08:29:42.670+0000][1][safepoint    ] Safepoint "RevokeBias", Time since last: 68087375 ns, Reaching safepoint: 660959 ns, At safepoint: 81625 ns, Total: 742584 ns
[2023-07-18T08:29:42.704+0000][1][safepoint    ] Safepoint "RevokeBias", Time since last: 33586375 ns, Reaching safepoint: 608958 ns, At safepoint: 81667 ns, Total: 690625 ns
[2023-07-18T08:29:43.472+0000][1][safepoint    ] Safepoint "RevokeBias", Time since last: 767416500 ns, Reaching safepoint: 1002792 ns, At safepoint: 86666 ns, Total: 1089458 ns
[2023-07-18T08:29:43.484+0000][1][safepoint    ] Safepoint "RevokeBias", Time since last: 10489084 ns, Reaching safepoint: 700833 ns, At safepoint: 73708 ns, Total: 774541 ns
[2023-07-18T08:29:43.575+0000][1][safepoint    ] Safepoint "RevokeBias", Time since last: 89929125 ns, Reaching safepoint: 872084 ns, At safepoint: 133833 ns, Total: 1005917 ns
[2023-07-18T08:29:43.578+0000][1][safepoint    ] Safepoint "RevokeBias", Time since last: 3133833 ns, Reaching safepoint: 504750 ns, At safepoint: 84625 ns, Total: 589375 ns
[2023-07-18T08:29:43.580+0000][1][safepoint    ] Safepoint "RevokeBias", Time since last: 797542 ns, Reaching safepoint: 747750 ns, At safepoint: 50250 ns, Total: 798000 ns
[2023-07-18T08:29:43.629+0000][1][safepoint    ] Safepoint "RevokeBias", Time since last: 47257958 ns, Reaching safepoint: 1569750 ns, At safepoint: 94667 ns, Total: 1664417 ns
[2023-07-18T08:29:43.659+0000][1][safepoint    ] Safepoint "RevokeBias", Time since last: 29339417 ns, Reaching safepoint: 690625 ns, At safepoint: 73583 ns, Total: 764208 ns
[2023-07-18T08:29:43.741+0000][1][safepoint    ] Safepoint "RevokeBias", Time since last: 81226167 ns, Reaching safepoint: 1036083 ns, At safepoint: 92375 ns, Total: 1128458 ns
[2023-07-18T08:29:43.749+0000][1][safepoint    ] Safepoint "RevokeBias", Time since last: 6981125 ns, Reaching safepoint: 825417 ns, At safepoint: 122583 ns, Total: 948000 ns
[2023-07-18T08:29:44.755+0000][1][safepoint    ] Safepoint "Cleanup", Time since last: 1001380334 ns, Reaching safepoint: 3901167 ns, At safepoint: 94625 ns, Total: 3995792 ns
[2023-07-18T08:29:45.760+0000][1][safepoint    ] Safepoint "Cleanup", Time since last: 1002334708 ns, Reaching safepoint: 2677750 ns, At safepoint: 78959 ns, Total: 2756709 ns
[2023-07-18T08:29:46.765+0000][1][safepoint    ] Safepoint "Cleanup", Time since last: 1001519584 ns, Reaching safepoint: 3833583 ns, At safepoint: 121375 ns, Total: 3954958 ns
[2023-07-18T08:29:47.771+0000][1][safepoint    ] Safepoint "Cleanup", Time since last: 1002357500 ns, Reaching safepoint: 3497917 ns, At safepoint: 80708 ns, Total: 3578625 ns
[2023-07-18T08:29:48.778+0000][1][safepoint    ] Safepoint "Cleanup", Time since last: 1004204709 ns, Reaching safepoint: 3173042 ns, At safepoint: 90583 ns, Total: 3263625 ns
[2023-07-18T08:29:49.780+0000][1][safepoint    ] Safepoint "Cleanup", Time since last: 1001085000 ns, Reaching safepoint: 840042 ns, At safepoint: 21333 ns, Total: 861375 ns
[2023-07-18T08:29:50.337+0000][1][safepoint    ] Safepoint "RevokeBias", Time since last: 556019126 ns, Reaching safepoint: 1065500 ns, At safepoint: 100708 ns, Total: 1166208 ns
[2023-07-18T08:29:50.348+0000][1][safepoint    ] Safepoint "RevokeBias", Time since last: 9369375 ns, Reaching safepoint: 863083 ns, At safepoint: 128292 ns, Total: 991375 ns
[2023-07-18T08:29:50.397+0000][1][safepoint    ] Safepoint "RevokeBias", Time since last: 48802375 ns, Reaching safepoint: 818125 ns, At safepoint: 166458 ns, Total: 984583 ns
[2023-07-18T08:29:50.400+0000][1][safepoint    ] Safepoint "RevokeBias", Time since last: 1943875 ns, Reaching safepoint: 708042 ns, At safepoint: 99417 ns, Total: 807459 ns
[2023-07-18T08:29:50.404+0000][1][safepoint    ] Safepoint "RevokeBias", Time since last: 3274416 ns, Reaching safepoint: 872375 ns, At safepoint: 71917 ns, Total: 944292 ns
[2023-07-18T08:29:50.420+0000][1][gc,start     ] GC(21) Pause Young (Allocation Failure)
[2023-07-18T08:29:50.424+0000][1][gc,task      ] GC(21) Using 4 workers of 4 for evacuation
[2023-07-18T08:29:50.508+0000][1][gc,age       ] GC(21) Desired survivor size 8945664 bytes, new threshold 6 (max threshold 6)
[2023-07-18T08:29:50.508+0000][1][gc,age       ] GC(21) Age table with threshold 6 (max threshold 6)
[2023-07-18T08:29:50.508+0000][1][gc,age       ] GC(21) - age   1:     508152 bytes,     508152 total
[2023-07-18T08:29:50.508+0000][1][gc,age       ] GC(21) - age   2:     234400 bytes,     742552 total
[2023-07-18T08:29:50.509+0000][1][gc,age       ] GC(21) - age   3:      57264 bytes,     799816 total
[2023-07-18T08:29:50.509+0000][1][gc,age       ] GC(21) - age   4:     463336 bytes,    1263152 total
[2023-07-18T08:29:50.509+0000][1][gc,age       ] GC(21) - age   5:    3672152 bytes,    4935304 total
[2023-07-18T08:29:50.509+0000][1][gc,age       ] GC(21) - age   6:    3589080 bytes,    8524384 total
[2023-07-18T08:29:50.510+0000][1][gc,heap      ] GC(21) ParNew: 151778K->12031K(157248K)
[2023-07-18T08:29:50.510+0000][1][gc,heap      ] GC(21) CMS: 60569K->60569K(349568K)
[2023-07-18T08:29:50.511+0000][1][gc,metaspace ] GC(21) Metaspace: 88350K->88350K(1130496K)
[2023-07-18T08:29:50.512+0000][1][gc           ] GC(21) Pause Young (Allocation Failure) 207M->70M(494M) 91.651ms
[2023-07-18T08:29:50.512+0000][1][gc,cpu       ] GC(21) User=0.21s Sys=0.02s Real=0.09s
[2023-07-18T08:29:50.512+0000][1][safepoint    ] Safepoint "GenCollectForAllocation", Time since last: 12189208 ns, Reaching safepoint: 2334709 ns, At safepoint: 93447083 ns, Total: 95781792 ns
[2023-07-18T08:29:51.509+0000][1][safepoint    ] Safepoint "BulkRevokeBias", Time since last: 991147125 ns, Reaching safepoint: 3674000 ns, At safepoint: 2205250 ns, Total: 5879250 ns
[2023-07-18T08:29:51.544+0000][1][safepoint    ] Safepoint "RevokeBias", Time since last: 33682667 ns, Reaching safepoint: 1188750 ns, At safepoint: 69542 ns, Total: 1258292 ns
[2023-07-18T08:29:51.595+0000][1][safepoint    ] Safepoint "RevokeBias", Time since last: 49810250 ns, Reaching safepoint: 615250 ns, At safepoint: 74625 ns, Total: 689875 ns
[2023-07-18T08:29:51.599+0000][1][safepoint    ] Safepoint "RevokeBias", Time since last: 2599250 ns, Reaching safepoint: 1018250 ns, At safepoint: 159125 ns, Total: 1177375 ns
[2023-07-18T08:29:52.605+0000][1][safepoint    ] Safepoint "Cleanup", Time since last: 1002038459 ns, Reaching safepoint: 3995041 ns, At safepoint: 128834 ns, Total: 4123875 ns
[2023-07-18T08:29:53.610+0000][1][safepoint    ] Safepoint "Cleanup", Time since last: 1002088042 ns, Reaching safepoint: 3518791 ns, At safepoint: 132500 ns, Total: 3651291 ns
[2023-07-18T08:29:53.748+0000][1][safepoint    ] Safepoint "RevokeBias", Time since last: 135528959 ns, Reaching safepoint: 1791542 ns, At safepoint: 354125 ns, Total: 2145667 ns
[2023-07-18T08:29:54.751+0000][1][safepoint    ] Safepoint "Cleanup", Time since last: 1000627708 ns, Reaching safepoint: 2575500 ns, At safepoint: 71875 ns, Total: 2647375 ns
[2023-07-18T08:29:55.755+0000][1][safepoint    ] Safepoint "Cleanup", Time since last: 1001355251 ns, Reaching safepoint: 2585458 ns, At safepoint: 68000 ns, Total: 2653458 ns
[2023-07-18T08:29:56.757+0000][1][safepoint    ] Safepoint "Cleanup", Time since last: 1001092542 ns, Reaching safepoint: 656667 ns, At safepoint: 17333 ns, Total: 674000 ns
[2023-07-18T08:29:57.760+0000][1][safepoint    ] Safepoint "Cleanup", Time since last: 1001290001 ns, Reaching safepoint: 1508125 ns, At safepoint: 36375 ns, Total: 1544500 ns
[2023-07-18T08:29:58.764+0000][1][safepoint    ] Safepoint "Cleanup", Time since last: 1002767792 ns, Reaching safepoint: 1385333 ns, At safepoint: 29875 ns, Total: 1415208 ns
[2023-07-18T08:29:59.771+0000][1][safepoint    ] Safepoint "Cleanup", Time since last: 1003350042 ns, Reaching safepoint: 3342334 ns, At safepoint: 77666 ns, Total: 3420000 ns
[2023-07-18T08:30:00.776+0000][1][safepoint    ] Safepoint "Cleanup", Time since last: 1003808293 ns, Reaching safepoint: 1210750 ns, At safepoint: 29708 ns, Total: 1240458 ns
[2023-07-18T08:30:01.779+0000][1][safepoint    ] Safepoint "Cleanup", Time since last: 1000966709 ns, Reaching safepoint: 2104416 ns, At safepoint: 68750 ns, Total: 2173166 ns
[2023-07-18T08:30:02.782+0000][1][safepoint    ] Safepoint "Cleanup", Time since last: 1001237918 ns, Reaching safepoint: 1476125 ns, At safepoint: 33666 ns, Total: 1509791 ns
[2023-07-18T08:30:03.785+0000][1][safepoint    ] Safepoint "Cleanup", Time since last: 1001975667 ns, Reaching safepoint: 837250 ns, At safepoint: 28584 ns, Total: 865834 ns
[2023-07-18T08:30:04.790+0000][1][safepoint    ] Safepoint "Cleanup", Time since last: 1001088542 ns, Reaching safepoint: 3612833 ns, At safepoint: 79958 ns, Total: 3692791 ns
[2023-07-18T08:30:05.794+0000][1][safepoint    ] Safepoint "Cleanup", Time since last: 1001624918 ns, Reaching safepoint: 2940208 ns, At safepoint: 62167 ns, Total: 3002375 ns
[2023-07-18T08:30:06.796+0000][1][safepoint    ] Safepoint "Cleanup", Time since last: 1001032542 ns, Reaching safepoint: 587625 ns, At safepoint: 17625 ns, Total: 605250 ns
[2023-07-18T08:30:07.802+0000][1][safepoint    ] Safepoint "Cleanup", Time since last: 1004332000 ns, Reaching safepoint: 1959375 ns, At safepoint: 43459 ns, Total: 2002834 ns
[2023-07-18T08:30:08.804+0000][1][safepoint    ] Safepoint "Cleanup", Time since last: 1001192917 ns, Reaching safepoint: 957500 ns, At safepoint: 23666 ns, Total: 981166 ns
[2023-07-18T08:30:09.807+0000][1][safepoint    ] Safepoint "Cleanup", Time since last: 1001208501 ns, Reaching safepoint: 1478708 ns, At safepoint: 38167 ns, Total: 1516875 ns
[2023-07-18T08:30:10.809+0000][1][safepoint    ] Safepoint "Cleanup", Time since last: 1000924042 ns, Reaching safepoint: 763625 ns, At safepoint: 15625 ns, Total: 779250 ns
[2023-07-18T08:30:11.810+0000][1][safepoint    ] Safepoint "Cleanup", Time since last: 1001001042 ns, Reaching safepoint: 596292 ns, At safepoint: 14917 ns, Total: 611209 ns
[2023-07-18T08:30:12.812+0000][1][safepoint    ] Safepoint "Cleanup", Time since last: 1000513417 ns, Reaching safepoint: 673666 ns, At safepoint: 21834 ns, Total: 695500 ns
[2023-07-18T08:30:13.814+0000][1][safepoint    ] Safepoint "Cleanup", Time since last: 1001085375 ns, Reaching safepoint: 1792917 ns, At safepoint: 17791 ns, Total: 1810708 ns
[2023-07-18T08:30:14.816+0000][1][safepoint    ] Safepoint "Cleanup", Time since last: 1000401459 ns, Reaching safepoint: 685334 ns, At safepoint: 18500 ns, Total: 703834 ns
[2023-07-18T08:30:15.817+0000][1][safepoint    ] Safepoint "Cleanup", Time since last: 1000393792 ns, Reaching safepoint: 617958 ns, At safepoint: 19583 ns, Total: 637541 ns
[2023-07-18T08:30:16.818+0000][1][safepoint    ] Safepoint "Cleanup", Time since last: 1000365501 ns, Reaching safepoint: 653667 ns, At safepoint: 21333 ns, Total: 675000 ns
[2023-07-18T08:30:17.819+0000][1][safepoint    ] Safepoint "Cleanup", Time since last: 1000354125 ns, Reaching safepoint: 694458 ns, At safepoint: 16625 ns, Total: 711083 ns
[2023-07-18T08:30:18.820+0000][1][safepoint    ] Safepoint "Cleanup", Time since last: 1000394209 ns, Reaching safepoint: 736917 ns, At safepoint: 17750 ns, Total: 754667 ns
[2023-07-18T08:30:19.824+0000][1][safepoint    ] Safepoint "Cleanup", Time since last: 1000502084 ns, Reaching safepoint: 2452833 ns, At safepoint: 157917 ns, Total: 2610750 ns
[2023-07-18T08:30:20.827+0000][1][safepoint    ] Safepoint "Cleanup", Time since last: 1003758500 ns, Reaching safepoint: 584250 ns, At safepoint: 14375 ns, Total: 598625 ns
[2023-07-18T08:30:21.828+0000][1][safepoint    ] Safepoint "Cleanup", Time since last: 1000399417 ns, Reaching safepoint: 704459 ns, At safepoint: 14833 ns, Total: 719292 ns
[2023-07-18T08:30:22.832+0000][1][safepoint    ] Safepoint "Cleanup", Time since last: 1000533459 ns, Reaching safepoint: 2945041 ns, At safepoint: 20584 ns, Total: 2965625 ns
[2023-07-18T08:30:23.834+0000][1][safepoint    ] Safepoint "Cleanup", Time since last: 1000350209 ns, Reaching safepoint: 1725125 ns, At safepoint: 13166 ns, Total: 1738291 ns
[2023-07-18T08:30:24.835+0000][1][safepoint    ] Safepoint "Cleanup", Time since last: 1000396626 ns, Reaching safepoint: 707750 ns, At safepoint: 18041 ns, Total: 725791 ns
[2023-07-18T08:30:25.836+0000][1][safepoint    ] Safepoint "Cleanup", Time since last: 1000577126 ns, Reaching safepoint: 606167 ns, At safepoint: 14208 ns, Total: 620375 ns
[2023-07-18T08:30:26.837+0000][1][safepoint    ] Safepoint "Cleanup", Time since last: 1000419250 ns, Reaching safepoint: 575334 ns, At safepoint: 14750 ns, Total: 590084 ns
[2023-07-18T08:30:27.838+0000][1][safepoint    ] Safepoint "Cleanup", Time since last: 1000355000 ns, Reaching safepoint: 641750 ns, At safepoint: 18709 ns, Total: 660459 ns
[2023-07-18T08:30:28.840+0000][1][safepoint    ] Safepoint "Cleanup", Time since last: 1000743792 ns, Reaching safepoint: 644083 ns, At safepoint: 31250 ns, Total: 675333 ns
[2023-07-18T08:30:29.841+0000][1][safepoint    ] Safepoint "Cleanup", Time since last: 1000767667 ns, Reaching safepoint: 578833 ns, At safepoint: 15250 ns, Total: 594083 ns
[2023-07-18T08:30:30.842+0000][1][safepoint    ] Safepoint "Cleanup", Time since last: 1000363543 ns, Reaching safepoint: 703250 ns, At safepoint: 18750 ns, Total: 722000 ns
[2023-07-18T08:30:31.843+0000][1][safepoint    ] Safepoint "Cleanup", Time since last: 1000617000 ns, Reaching safepoint: 583417 ns, At safepoint: 17125 ns, Total: 600542 ns
[2023-07-18T08:30:32.844+0000][1][safepoint    ] Safepoint "Cleanup", Time since last: 1000414125 ns, Reaching safepoint: 589709 ns, At safepoint: 15500 ns, Total: 605209 ns
[2023-07-18T08:30:33.845+0000][1][safepoint    ] Safepoint "Cleanup", Time since last: 1000347958 ns, Reaching safepoint: 669959 ns, At safepoint: 19666 ns, Total: 689625 ns
[2023-07-18T08:30:34.846+0000][1][safepoint    ] Safepoint "Cleanup", Time since last: 1000384709 ns, Reaching safepoint: 655709 ns, At safepoint: 16833 ns, Total: 672542 ns
[2023-07-18T08:30:35.655+0000][1][safepoint    ] Safepoint "RevokeBias", Time since last: 806864042 ns, Reaching safepoint: 1119667 ns, At safepoint: 826000 ns, Total: 1945667 ns
[2023-07-18T08:30:36.123+0000][1][safepoint    ] Safepoint "RevokeBias", Time since last: 467071333 ns, Reaching safepoint: 751500 ns, At safepoint: 27500 ns, Total: 779000 ns
[2023-07-18T08:30:36.173+0000][1][safepoint    ] Safepoint "RevokeBias", Time since last: 49318042 ns, Reaching safepoint: 352500 ns, At safepoint: 118916 ns, Total: 471416 ns
[2023-07-18T08:30:36.288+0000][1][safepoint    ] Safepoint "RevokeBias", Time since last: 114840417 ns, Reaching safepoint: 446000 ns, At safepoint: 61417 ns, Total: 507417 ns
[2023-07-18T08:30:36.308+0000][1][safepoint    ] Safepoint "RevokeBias", Time since last: 19610292 ns, Reaching safepoint: 468333 ns, At safepoint: 65417 ns, Total: 533750 ns
[2023-07-18T08:30:36.319+0000][1][safepoint    ] Safepoint "RevokeBias", Time since last: 10321000 ns, Reaching safepoint: 446750 ns, At safepoint: 65541 ns, Total: 512291 ns
[2023-07-18T08:30:36.324+0000][1][safepoint    ] Safepoint "RevokeBias", Time since last: 3396792 ns, Reaching safepoint: 678583 ns, At safepoint: 416917 ns, Total: 1095500 ns
[2023-07-18T08:30:37.325+0000][1][safepoint    ] Safepoint "Cleanup", Time since last: 1000878542 ns, Reaching safepoint: 807250 ns, At safepoint: 24083 ns, Total: 831333 ns
[2023-07-18T08:30:38.330+0000][1][safepoint    ] Safepoint "Cleanup", Time since last: 1001058376 ns, Reaching safepoint: 3120083 ns, At safepoint: 65125 ns, Total: 3185208 ns
[2023-07-18T08:30:39.334+0000][1][safepoint    ] Safepoint "Cleanup", Time since last: 1001382459 ns, Reaching safepoint: 3068792 ns, At safepoint: 87458 ns, Total: 3156250 ns
[2023-07-18T08:30:40.339+0000][1][safepoint    ] Safepoint "Cleanup", Time since last: 1002869750 ns, Reaching safepoint: 2008000 ns, At safepoint: 42417 ns, Total: 2050417 ns
[2023-07-18T08:30:41.343+0000][1][safepoint    ] Safepoint "Cleanup", Time since last: 1001606084 ns, Reaching safepoint: 2454542 ns, At safepoint: 104750 ns, Total: 2559292 ns
[2023-07-18T08:30:42.348+0000][1][safepoint    ] Safepoint "Cleanup", Time since last: 1001626583 ns, Reaching safepoint: 2483167 ns, At safepoint: 70833 ns, Total: 2554000 ns
[2023-07-18T08:30:43.083+0000][1][safepoint    ] Safepoint "RevokeBias", Time since last: 734658834 ns, Reaching safepoint: 632250 ns, At safepoint: 286542 ns, Total: 918792 ns
[2023-07-18T08:30:43.793+0000][1][safepoint    ] Safepoint "RevokeBias", Time since last: 708120708 ns, Reaching safepoint: 1298875 ns, At safepoint: 81625 ns, Total: 1380500 ns
[2023-07-18T08:30:43.815+0000][1][safepoint    ] Safepoint "Deoptimize", Time since last: 17647209 ns, Reaching safepoint: 984500 ns, At safepoint: 4180000 ns, Total: 5164500 ns
[2023-07-18T08:30:43.866+0000][1][safepoint    ] Safepoint "RevokeBias", Time since last: 49526708 ns, Reaching safepoint: 611250 ns, At safepoint: 83583 ns, Total: 694833 ns
[2023-07-18T08:30:43.867+0000][1][safepoint    ] Safepoint "RevokeBias", Time since last: 1090125 ns, Reaching safepoint: 302084 ns, At safepoint: 49375 ns, Total: 351459 ns
[2023-07-18T08:30:43.869+0000][1][safepoint    ] Safepoint "RevokeBias", Time since last: 1538125 ns, Reaching safepoint: 412416 ns, At safepoint: 55125 ns, Total: 467541 ns
[2023-07-18T08:30:43.870+0000][1][safepoint    ] Safepoint "RevokeBias", Time since last: 907459 ns, Reaching safepoint: 322833 ns, At safepoint: 50417 ns, Total: 373250 ns
[2023-07-18T08:30:43.886+0000][1][safepoint    ] Safepoint "Deoptimize", Time since last: 12008583 ns, Reaching safepoint: 550792 ns, At safepoint: 2704750 ns, Total: 3255542 ns
[2023-07-18T08:30:43.956+0000][1][safepoint    ] Safepoint "RevokeBias", Time since last: 69307292 ns, Reaching safepoint: 751500 ns, At safepoint: 70791 ns, Total: 822291 ns
[2023-07-18T08:30:43.999+0000][1][safepoint    ] Safepoint "RevokeBias", Time since last: 42505584 ns, Reaching safepoint: 666625 ns, At safepoint: 63083 ns, Total: 729708 ns
[2023-07-18T08:30:44.000+0000][1][safepoint    ] Safepoint "RevokeBias", Time since last: 366583 ns, Reaching safepoint: 257709 ns, At safepoint: 37541 ns, Total: 295250 ns
[2023-07-18T08:30:44.000+0000][1][safepoint    ] Safepoint "RevokeBias", Time since last: 277375 ns, Reaching safepoint: 258250 ns, At safepoint: 46459 ns, Total: 304709 ns
[2023-07-18T08:30:44.001+0000][1][safepoint    ] Safepoint "RevokeBias", Time since last: 464375 ns, Reaching safepoint: 300416 ns, At safepoint: 42209 ns, Total: 342625 ns
[2023-07-18T08:30:44.002+0000][1][safepoint    ] Safepoint "RevokeBias", Time since last: 300500 ns, Reaching safepoint: 265375 ns, At safepoint: 37333 ns, Total: 302708 ns
[2023-07-18T08:30:44.002+0000][1][safepoint    ] Safepoint "RevokeBias", Time since last: 270875 ns, Reaching safepoint: 245750 ns, At safepoint: 37792 ns, Total: 283542 ns
[2023-07-18T08:30:44.006+0000][1][safepoint    ] Safepoint "RevokeBias", Time since last: 2904458 ns, Reaching safepoint: 471792 ns, At safepoint: 65000 ns, Total: 536792 ns
[2023-07-18T08:30:44.008+0000][1][safepoint    ] Safepoint "RevokeBias", Time since last: 1881583 ns, Reaching safepoint: 416750 ns, At safepoint: 52042 ns, Total: 468792 ns
[2023-07-18T08:30:44.011+0000][1][safepoint    ] Safepoint "RevokeBias", Time since last: 2458083 ns, Reaching safepoint: 435500 ns, At safepoint: 59458 ns, Total: 494958 ns
[2023-07-18T08:30:44.080+0000][1][safepoint    ] Safepoint "RevokeBias", Time since last: 68524000 ns, Reaching safepoint: 757625 ns, At safepoint: 108334 ns, Total: 865959 ns
[2023-07-18T08:30:44.082+0000][1][safepoint    ] Safepoint "RevokeBias", Time since last: 898958 ns, Reaching safepoint: 736333 ns, At safepoint: 127834 ns, Total: 864167 ns
[2023-07-18T08:30:45.002+0000][1][safepoint    ] Safepoint "RevokeBias", Time since last: 916288500 ns, Reaching safepoint: 3570375 ns, At safepoint: 334375 ns, Total: 3904750 ns
[2023-07-18T08:30:46.005+0000][1][safepoint    ] Safepoint "Cleanup", Time since last: 1001628417 ns, Reaching safepoint: 930792 ns, At safepoint: 18125 ns, Total: 948917 ns
[2023-07-18T08:30:47.007+0000][1][safepoint    ] Safepoint "Cleanup", Time since last: 1000483209 ns, Reaching safepoint: 1265666 ns, At safepoint: 38084 ns, Total: 1303750 ns
[2023-07-18T08:30:48.009+0000][1][safepoint    ] Safepoint "Cleanup", Time since last: 1000712750 ns, Reaching safepoint: 1458875 ns, At safepoint: 45166 ns, Total: 1504041 ns
[2023-07-18T08:30:49.012+0000][1][safepoint    ] Safepoint "Cleanup", Time since last: 1001643251 ns, Reaching safepoint: 1873375 ns, At safepoint: 56208 ns, Total: 1929583 ns
[2023-07-18T08:30:50.015+0000][1][safepoint    ] Safepoint "Cleanup", Time since last: 1001197584 ns, Reaching safepoint: 1336667 ns, At safepoint: 35291 ns, Total: 1371958 ns
[2023-07-18T08:30:51.019+0000][1][safepoint    ] Safepoint "Cleanup", Time since last: 1001352334 ns, Reaching safepoint: 2302542 ns, At safepoint: 64167 ns, Total: 2366709 ns
[2023-07-18T08:30:52.022+0000][1][safepoint    ] Safepoint "Cleanup", Time since last: 1001166917 ns, Reaching safepoint: 1850125 ns, At safepoint: 45916 ns, Total: 1896041 ns
[2023-07-18T08:30:53.026+0000][1][safepoint    ] Safepoint "Cleanup", Time since last: 1002375376 ns, Reaching safepoint: 1877458 ns, At safepoint: 41834 ns, Total: 1919292 ns
[2023-07-18T08:30:54.028+0000][1][safepoint    ] Safepoint "Cleanup", Time since last: 1001009375 ns, Reaching safepoint: 1123417 ns, At safepoint: 20291 ns, Total: 1143708 ns
[2023-07-18T08:30:54.864+0000][1][safepoint    ] Safepoint "RevokeBias", Time since last: 834735834 ns, Reaching safepoint: 951000 ns, At safepoint: 93625 ns, Total: 1044625 ns
[2023-07-18T08:30:54.875+0000][1][safepoint    ] Safepoint "RevokeBias", Time since last: 10015625 ns, Reaching safepoint: 745792 ns, At safepoint: 81166 ns, Total: 826958 ns
[2023-07-18T08:30:54.919+0000][1][safepoint    ] Safepoint "RevokeBias", Time since last: 43961375 ns, Reaching safepoint: 781125 ns, At safepoint: 82667 ns, Total: 863792 ns
[2023-07-18T08:30:54.926+0000][1][safepoint    ] Safepoint "RevokeBias", Time since last: 5157792 ns, Reaching safepoint: 1220375 ns, At safepoint: 85541 ns, Total: 1305916 ns
[2023-07-18T08:30:55.927+0000][1][safepoint    ] Safepoint "Cleanup", Time since last: 1000559668 ns, Reaching safepoint: 952625 ns, At safepoint: 18875 ns, Total: 971500 ns
[2023-07-18T08:30:56.930+0000][1][safepoint    ] Safepoint "Cleanup", Time since last: 1000525917 ns, Reaching safepoint: 2096791 ns, At safepoint: 40917 ns, Total: 2137708 ns
[2023-07-18T08:30:57.934+0000][1][safepoint    ] Safepoint "Cleanup", Time since last: 1000796209 ns, Reaching safepoint: 2791417 ns, At safepoint: 65791 ns, Total: 2857208 ns
[2023-07-18T08:30:58.939+0000][1][safepoint    ] Safepoint "Cleanup", Time since last: 1001096917 ns, Reaching safepoint: 4157375 ns, At safepoint: 131334 ns, Total: 4288709 ns
[2023-07-18T08:30:59.945+0000][1][safepoint    ] Safepoint "Cleanup", Time since last: 1002024917 ns, Reaching safepoint: 4085583 ns, At safepoint: 139334 ns, Total: 4224917 ns
[2023-07-18T08:31:00.949+0000][1][safepoint    ] Safepoint "Cleanup", Time since last: 1002375792 ns, Reaching safepoint: 845750 ns, At safepoint: 16791 ns, Total: 862541 ns
[2023-07-18T08:31:01.954+0000][1][safepoint    ] Safepoint "Cleanup", Time since last: 1001103751 ns, Reaching safepoint: 3747916 ns, At safepoint: 92542 ns, Total: 3840458 ns
[2023-07-18T08:31:02.957+0000][1][safepoint    ] Safepoint "Cleanup", Time since last: 1001353959 ns, Reaching safepoint: 1641625 ns, At safepoint: 35125 ns, Total: 1676750 ns
[2023-07-18T08:31:03.707+0000][1][safepoint    ] Safepoint "RevokeBias", Time since last: 748558250 ns, Reaching safepoint: 1632042 ns, At safepoint: 321333 ns, Total: 1953375 ns
[2023-07-18T08:31:04.712+0000][1][safepoint    ] Safepoint "Cleanup", Time since last: 1000848584 ns, Reaching safepoint: 3829000 ns, At safepoint: 85125 ns, Total: 3914125 ns
[2023-07-18T08:31:05.717+0000][1][safepoint    ] Safepoint "Cleanup", Time since last: 1001929209 ns, Reaching safepoint: 3113875 ns, At safepoint: 61583 ns, Total: 3175458 ns
[2023-07-18T08:31:06.720+0000][1][safepoint    ] Safepoint "Cleanup", Time since last: 1001384751 ns, Reaching safepoint: 1362166 ns, At safepoint: 27792 ns, Total: 1389958 ns
[2023-07-18T08:31:07.722+0000][1][safepoint    ] Safepoint "Cleanup", Time since last: 1000826709 ns, Reaching safepoint: 915250 ns, At safepoint: 22333 ns, Total: 937583 ns
[2023-07-18T08:31:08.725+0000][1][safepoint    ] Safepoint "Cleanup", Time since last: 1000524209 ns, Reaching safepoint: 3016667 ns, At safepoint: 63666 ns, Total: 3080333 ns
[2023-07-18T08:31:09.727+0000][1][safepoint    ] Safepoint "Cleanup", Time since last: 1001130834 ns, Reaching safepoint: 668375 ns, At safepoint: 15292 ns, Total: 683667 ns
[2023-07-18T08:31:10.728+0000][1][safepoint    ] Safepoint "Cleanup", Time since last: 1000438959 ns, Reaching safepoint: 1065250 ns, At safepoint: 23083 ns, Total: 1088333 ns
[2023-07-18T08:31:11.733+0000][1][safepoint    ] Safepoint "Cleanup", Time since last: 1002570917 ns, Reaching safepoint: 1952208 ns, At safepoint: 41542 ns, Total: 1993750 ns
[2023-07-18T08:31:12.735+0000][1][safepoint    ] Safepoint "Cleanup", Time since last: 1001281709 ns, Reaching safepoint: 751333 ns, At safepoint: 16417 ns, Total: 767750 ns
[2023-07-18T08:31:13.678+0000][1][safepoint    ] Safepoint "RevokeBias", Time since last: 940570125 ns, Reaching safepoint: 1769625 ns, At safepoint: 369584 ns, Total: 2139209 ns
[2023-07-18T08:31:14.682+0000][1][safepoint    ] Safepoint "Cleanup", Time since last: 1000495250 ns, Reaching safepoint: 3832834 ns, At safepoint: 99250 ns, Total: 3932084 ns
[2023-07-18T08:31:15.686+0000][1][safepoint    ] Safepoint "Cleanup", Time since last: 1002796333 ns, Reaching safepoint: 756500 ns, At safepoint: 19042 ns, Total: 775542 ns
[2023-07-18T08:31:16.691+0000][1][safepoint    ] Safepoint "Cleanup", Time since last: 1001826417 ns, Reaching safepoint: 3401625 ns, At safepoint: 90917 ns, Total: 3492542 ns
[2023-07-18T08:31:17.693+0000][1][safepoint    ] Safepoint "Cleanup", Time since last: 1001311041 ns, Reaching safepoint: 911500 ns, At safepoint: 43875 ns, Total: 955375 ns
[2023-07-18T08:31:18.703+0000][1][safepoint    ] Safepoint "Cleanup", Time since last: 1007669709 ns, Reaching safepoint: 2131750 ns, At safepoint: 90458 ns, Total: 2222208 ns
[2023-07-18T08:31:19.709+0000][1][safepoint    ] Safepoint "Cleanup", Time since last: 1004762626 ns, Reaching safepoint: 1594625 ns, At safepoint: 50625 ns, Total: 1645250 ns
[2023-07-18T08:31:20.548+0000][1][safepoint    ] Safepoint "RevokeBias", Time since last: 833929333 ns, Reaching safepoint: 2959334 ns, At safepoint: 1168541 ns, Total: 4127875 ns
[2023-07-18T08:31:21.549+0000][1][safepoint    ] Safepoint "Cleanup", Time since last: 1001060584 ns, Reaching safepoint: 747375 ns, At safepoint: 19917 ns, Total: 767292 ns
[2023-07-18T08:31:22.554+0000][1][safepoint    ] Safepoint "Cleanup", Time since last: 1000846125 ns, Reaching safepoint: 3605459 ns, At safepoint: 107833 ns, Total: 3713292 ns
[2023-07-18T08:31:23.557+0000][1][safepoint    ] Safepoint "Cleanup", Time since last: 1001482875 ns, Reaching safepoint: 1601334 ns, At safepoint: 33083 ns, Total: 1634417 ns
[2023-07-18T08:31:23.714+0000][1][safepoint    ] Safepoint "RevokeBias", Time since last: 155066667 ns, Reaching safepoint: 1735875 ns, At safepoint: 395042 ns, Total: 2130917 ns
[2023-07-18T08:31:24.721+0000][1][safepoint    ] Safepoint "Cleanup", Time since last: 1001896000 ns, Reaching safepoint: 4798208 ns, At safepoint: 113084 ns, Total: 4911292 ns
[2023-07-18T08:31:25.726+0000][1][safepoint    ] Safepoint "Cleanup", Time since last: 1001410750 ns, Reaching safepoint: 3388542 ns, At safepoint: 94125 ns, Total: 3482667 ns
[2023-07-18T08:31:26.732+0000][1][safepoint    ] Safepoint "Cleanup", Time since last: 1001378500 ns, Reaching safepoint: 4517250 ns, At safepoint: 99709 ns, Total: 4616959 ns
[2023-07-18T08:31:27.734+0000][1][safepoint    ] Safepoint "Cleanup", Time since last: 1001417333 ns, Reaching safepoint: 1123834 ns, At safepoint: 28666 ns, Total: 1152500 ns
[2023-07-18T08:31:28.738+0000][1][safepoint    ] Safepoint "Cleanup", Time since last: 1000844168 ns, Reaching safepoint: 2202291 ns, At safepoint: 85417 ns, Total: 2287708 ns
[2023-07-18T08:31:29.741+0000][1][safepoint    ] Safepoint "Cleanup", Time since last: 1001290584 ns, Reaching safepoint: 2062625 ns, At safepoint: 86458 ns, Total: 2149083 ns
[2023-07-18T08:31:30.745+0000][1][safepoint    ] Safepoint "Cleanup", Time since last: 1001168459 ns, Reaching safepoint: 2633542 ns, At safepoint: 79708 ns, Total: 2713250 ns
[2023-07-18T08:31:31.748+0000][1][safepoint    ] Safepoint "Cleanup", Time since last: 1001069042 ns, Reaching safepoint: 1750875 ns, At safepoint: 43417 ns, Total: 1794292 ns
[2023-07-18T08:31:32.752+0000][1][safepoint    ] Safepoint "Cleanup", Time since last: 1000653834 ns, Reaching safepoint: 1714375 ns, At safepoint: 1576416 ns, Total: 3290791 ns
[2023-07-18T08:31:32.757+0000][1][safepoint    ] Safepoint "RevokeBias", Time since last: 3259875 ns, Reaching safepoint: 1929042 ns, At safepoint: 186000 ns, Total: 2115042 ns
[2023-07-18T08:31:32.764+0000][1][safepoint    ] Safepoint "RevokeBias", Time since last: 5004375 ns, Reaching safepoint: 1770292 ns, At safepoint: 84583 ns, Total: 1854875 ns
[2023-07-18T08:31:32.777+0000][1][safepoint    ] Safepoint "RevokeBias", Time since last: 12422125 ns, Reaching safepoint: 722042 ns, At safepoint: 86916 ns, Total: 808958 ns
[2023-07-18T08:31:32.782+0000][1][safepoint    ] Safepoint "RevokeBias", Time since last: 3770584 ns, Reaching safepoint: 1139875 ns, At safepoint: 91375 ns, Total: 1231250 ns
[2023-07-18T08:31:32.787+0000][1][safepoint    ] Safepoint "RevokeBias", Time since last: 4018333 ns, Reaching safepoint: 948125 ns, At safepoint: 68500 ns, Total: 1016625 ns
[2023-07-18T08:31:32.809+0000][1][gc,start     ] GC(22) Pause Young (Allocation Failure)
[2023-07-18T08:31:32.811+0000][1][gc,task      ] GC(22) Using 4 workers of 4 for evacuation
[2023-07-18T08:31:32.927+0000][1][gc,age       ] GC(22) Desired survivor size 8945664 bytes, new threshold 6 (max threshold 6)
[2023-07-18T08:31:32.927+0000][1][gc,age       ] GC(22) Age table with threshold 6 (max threshold 6)
[2023-07-18T08:31:32.927+0000][1][gc,age       ] GC(22) - age   1:    2741072 bytes,    2741072 total
[2023-07-18T08:31:32.928+0000][1][gc,age       ] GC(22) - age   2:     285840 bytes,    3026912 total
[2023-07-18T08:31:32.928+0000][1][gc,age       ] GC(22) - age   3:     227664 bytes,    3254576 total
[2023-07-18T08:31:32.928+0000][1][gc,age       ] GC(22) - age   4:      57264 bytes,    3311840 total
[2023-07-18T08:31:32.928+0000][1][gc,age       ] GC(22) - age   5:     453352 bytes,    3765192 total
[2023-07-18T08:31:32.928+0000][1][gc,age       ] GC(22) - age   6:    3511816 bytes,    7277008 total
[2023-07-18T08:31:32.930+0000][1][gc,heap      ] GC(22) ParNew: 151807K->10424K(157248K)
[2023-07-18T08:31:32.930+0000][1][gc,heap      ] GC(22) CMS: 60569K->64171K(349568K)
[2023-07-18T08:31:32.930+0000][1][gc,metaspace ] GC(22) Metaspace: 89182K->89182K(1130496K)
[2023-07-18T08:31:32.931+0000][1][gc           ] GC(22) Pause Young (Allocation Failure) 207M->72M(494M) 122.020ms
[2023-07-18T08:31:32.931+0000][1][gc,cpu       ] GC(22) User=0.31s Sys=0.02s Real=0.12s
[2023-07-18T08:31:32.932+0000][1][safepoint    ] Safepoint "GenCollectForAllocation", Time since last: 20054958 ns, Reaching safepoint: 1278625 ns, At safepoint: 123112792 ns, Total: 124391417 ns
[2023-07-18T08:31:33.934+0000][1][safepoint    ] Safepoint "Cleanup", Time since last: 1000275000 ns, Reaching safepoint: 1605459 ns, At safepoint: 19750 ns, Total: 1625209 ns
[2023-07-18T08:31:34.938+0000][1][safepoint    ] Safepoint "Cleanup", Time since last: 1000625959 ns, Reaching safepoint: 4021791 ns, At safepoint: 83167 ns, Total: 4104958 ns
[2023-07-18T08:31:35.942+0000][1][safepoint    ] Safepoint "Cleanup", Time since last: 1003067834 ns, Reaching safepoint: 881375 ns, At safepoint: 19541 ns, Total: 900916 ns
[2023-07-18T08:31:36.946+0000][1][safepoint    ] Safepoint "Cleanup", Time since last: 1000675834 ns, Reaching safepoint: 2864917 ns, At safepoint: 68792 ns, Total: 2933709 ns
[2023-07-18T08:31:37.948+0000][1][safepoint    ] Safepoint "Cleanup", Time since last: 1001112542 ns, Reaching safepoint: 676166 ns, At safepoint: 18417 ns, Total: 694583 ns
[2023-07-18T08:31:38.952+0000][1][safepoint    ] Safepoint "Cleanup", Time since last: 1000553209 ns, Reaching safepoint: 3543750 ns, At safepoint: 104125 ns, Total: 3647875 ns
[2023-07-18T08:31:39.956+0000][1][safepoint    ] Safepoint "Cleanup", Time since last: 1001443667 ns, Reaching safepoint: 2832458 ns, At safepoint: 59917 ns, Total: 2892375 ns
[2023-07-18T08:31:40.959+0000][1][safepoint    ] Safepoint "Cleanup", Time since last: 1001348459 ns, Reaching safepoint: 919166 ns, At safepoint: 21792 ns, Total: 940958 ns
[2023-07-18T08:31:41.960+0000][1][safepoint    ] Safepoint "Cleanup", Time since last: 1000490334 ns, Reaching safepoint: 931292 ns, At safepoint: 21000 ns, Total: 952292 ns
[2023-07-18T08:31:42.965+0000][1][safepoint    ] Safepoint "Cleanup", Time since last: 1001428333 ns, Reaching safepoint: 2941917 ns, At safepoint: 180083 ns, Total: 3122000 ns
[2023-07-18T08:31:43.736+0000][1][safepoint    ] Safepoint "RevokeBias", Time since last: 768809751 ns, Reaching safepoint: 1840000 ns, At safepoint: 421375 ns, Total: 2261375 ns
[2023-07-18T08:31:44.743+0000][1][safepoint    ] Safepoint "Cleanup", Time since last: 1002503209 ns, Reaching safepoint: 4450875 ns, At safepoint: 110041 ns, Total: 4560916 ns
[2023-07-18T08:31:45.752+0000][1][safepoint    ] Safepoint "Cleanup", Time since last: 1006780209 ns, Reaching safepoint: 2100792 ns, At safepoint: 53708 ns, Total: 2154500 ns
[2023-07-18T08:31:46.757+0000][1][safepoint    ] Safepoint "Cleanup", Time since last: 1002217876 ns, Reaching safepoint: 2686083 ns, At safepoint: 95042 ns, Total: 2781125 ns
[2023-07-18T08:31:47.761+0000][1][safepoint    ] Safepoint "Cleanup", Time since last: 1002361083 ns, Reaching safepoint: 1453667 ns, At safepoint: 18125 ns, Total: 1471792 ns
[2023-07-18T08:31:48.763+0000][1][safepoint    ] Safepoint "Cleanup", Time since last: 1001172584 ns, Reaching safepoint: 1395875 ns, At safepoint: 40666 ns, Total: 1436541 ns
[2023-07-18T08:31:49.766+0000][1][safepoint    ] Safepoint "Cleanup", Time since last: 1001376417 ns, Reaching safepoint: 1514459 ns, At safepoint: 41416 ns, Total: 1555875 ns
[2023-07-18T08:31:50.774+0000][1][safepoint    ] Safepoint "Cleanup", Time since last: 1004865042 ns, Reaching safepoint: 2731042 ns, At safepoint: 72208 ns, Total: 2803250 ns
[2023-07-18T08:31:51.776+0000][1][safepoint    ] Safepoint "Cleanup", Time since last: 1001645251 ns, Reaching safepoint: 951083 ns, At safepoint: 20792 ns, Total: 971875 ns
[2023-07-18T08:31:52.780+0000][1][safepoint    ] Safepoint "Cleanup", Time since last: 1001051834 ns, Reaching safepoint: 2073833 ns, At safepoint: 107250 ns, Total: 2181083 ns
[2023-07-18T08:31:53.696+0000][1][safepoint    ] Safepoint "RevokeBias", Time since last: 914314584 ns, Reaching safepoint: 1676667 ns, At safepoint: 336583 ns, Total: 2013250 ns
[2023-07-18T08:31:54.701+0000][1][safepoint    ] Safepoint "Cleanup", Time since last: 1000857125 ns, Reaching safepoint: 4128959 ns, At safepoint: 93125 ns, Total: 4222084 ns
[2023-07-18T08:31:55.175+0000][1][safepoint    ] Safepoint "RevokeBias", Time since last: 469671125 ns, Reaching safepoint: 3859083 ns, At safepoint: 417500 ns, Total: 4276583 ns
[2023-07-18T08:31:55.180+0000][1][safepoint    ] Safepoint "RevokeBias", Time since last: 3957375 ns, Reaching safepoint: 1243792 ns, At safepoint: 215667 ns, Total: 1459459 ns
[2023-07-18T08:31:55.612+0000][1][safepoint    ] Safepoint "RevokeBias", Time since last: 427327250 ns, Reaching safepoint: 3867583 ns, At safepoint: 416000 ns, Total: 4283583 ns
[2023-07-18T08:31:55.616+0000][1][safepoint    ] Safepoint "RevokeBias", Time since last: 2533042 ns, Reaching safepoint: 1169500 ns, At safepoint: 188708 ns, Total: 1358208 ns
[2023-07-18T08:31:55.669+0000][1][safepoint    ] Safepoint "RevokeBias", Time since last: 50011500 ns, Reaching safepoint: 3016917 ns, At safepoint: 452583 ns, Total: 3469500 ns
[2023-07-18T08:31:55.674+0000][1][safepoint    ] Safepoint "RevokeBias", Time since last: 2355750 ns, Reaching safepoint: 2079792 ns, At safepoint: 359083 ns, Total: 2438875 ns
[2023-07-18T08:31:55.757+0000][1][safepoint    ] Safepoint "RevokeBias", Time since last: 80986792 ns, Reaching safepoint: 1317375 ns, At safepoint: 128625 ns, Total: 1446000 ns
[2023-07-18T08:31:55.759+0000][1][safepoint    ] Safepoint "RevokeBias", Time since last: 1585458 ns, Reaching safepoint: 844334 ns, At safepoint: 104000 ns, Total: 948334 ns
[2023-07-18T08:31:55.761+0000][1][safepoint    ] Safepoint "RevokeBias", Time since last: 710875 ns, Reaching safepoint: 714791 ns, At safepoint: 91042 ns, Total: 805833 ns
[2023-07-18T08:31:56.762+0000][1][safepoint    ] Safepoint "Cleanup", Time since last: 1000493209 ns, Reaching safepoint: 1135375 ns, At safepoint: 25500 ns, Total: 1160875 ns
[2023-07-18T08:31:57.766+0000][1][safepoint    ] Safepoint "Cleanup", Time since last: 1000784083 ns, Reaching safepoint: 3076875 ns, At safepoint: 178667 ns, Total: 3255542 ns
[2023-07-18T08:31:57.774+0000][1][safepoint    ] Safepoint "RevokeBias", Time since last: 4362708 ns, Reaching safepoint: 2871625 ns, At safepoint: 345834 ns, Total: 3217459 ns
[2023-07-18T08:31:57.778+0000][1][safepoint    ] Safepoint "RevokeBias", Time since last: 2020791 ns, Reaching safepoint: 1407417 ns, At safepoint: 214333 ns, Total: 1621750 ns
[2023-07-18T08:31:58.337+0000][1][safepoint    ] Safepoint "RevokeBias", Time since last: 558466209 ns, Reaching safepoint: 1336458 ns, At safepoint: 109375 ns, Total: 1445833 ns
[2023-07-18T08:31:58.339+0000][1][safepoint    ] Safepoint "RevokeBias", Time since last: 939584 ns, Reaching safepoint: 449916 ns, At safepoint: 75375 ns, Total: 525291 ns
[2023-07-18T08:31:59.344+0000][1][safepoint    ] Safepoint "Cleanup", Time since last: 1001971293 ns, Reaching safepoint: 2831375 ns, At safepoint: 83416 ns, Total: 2914791 ns
[2023-07-18T08:32:00.350+0000][1][safepoint    ] Safepoint "Cleanup", Time since last: 1002051084 ns, Reaching safepoint: 3643250 ns, At safepoint: 84167 ns, Total: 3727417 ns
[2023-07-18T08:32:01.356+0000][1][safepoint    ] Safepoint "Cleanup", Time since last: 1005192500 ns, Reaching safepoint: 1270292 ns, At safepoint: 26208 ns, Total: 1296500 ns
[2023-07-18T08:32:02.369+0000][1][safepoint    ] Safepoint "Cleanup", Time since last: 1002273876 ns, Reaching safepoint: 3530916 ns, At safepoint: 6929667 ns, Total: 10460583 ns
[2023-07-18T08:32:03.377+0000][1][safepoint    ] Safepoint "Cleanup", Time since last: 1007064375 ns, Reaching safepoint: 819125 ns, At safepoint: 17084 ns, Total: 836209 ns
[2023-07-18T08:32:03.744+0000][1][safepoint    ] Safepoint "BulkRevokeBias", Time since last: 363050083 ns, Reaching safepoint: 1608750 ns, At safepoint: 2453167 ns, Total: 4061917 ns
[2023-07-18T08:32:04.749+0000][1][safepoint    ] Safepoint "Cleanup", Time since last: 1000678584 ns, Reaching safepoint: 4348166 ns, At safepoint: 101625 ns, Total: 4449791 ns
[2023-07-18T08:32:05.753+0000][1][safepoint    ] Safepoint "Cleanup", Time since last: 1001480376 ns, Reaching safepoint: 2243375 ns, At safepoint: 92875 ns, Total: 2336250 ns
[2023-07-18T08:32:06.755+0000][1][safepoint    ] Safepoint "Cleanup", Time since last: 1000701959 ns, Reaching safepoint: 1152000 ns, At safepoint: 24291 ns, Total: 1176291 ns
[2023-07-18T08:32:07.758+0000][1][safepoint    ] Safepoint "Cleanup", Time since last: 1001013168 ns, Reaching safepoint: 2613500 ns, At safepoint: 56541 ns, Total: 2670041 ns
[2023-07-18T08:32:08.765+0000][1][safepoint    ] Safepoint "Cleanup", Time since last: 1002788834 ns, Reaching safepoint: 3622875 ns, At safepoint: 103833 ns, Total: 3726708 ns
[2023-07-18T08:32:09.771+0000][1][safepoint    ] Safepoint "Cleanup", Time since last: 1004459793 ns, Reaching safepoint: 1978500 ns, At safepoint: 91000 ns, Total: 2069500 ns
[2023-07-18T08:32:10.777+0000][1][safepoint    ] Safepoint "Cleanup", Time since last: 1001828125 ns, Reaching safepoint: 3794458 ns, At safepoint: 94625 ns, Total: 3889083 ns
[2023-07-18T08:32:11.784+0000][1][safepoint    ] Safepoint "Cleanup", Time since last: 1001797292 ns, Reaching safepoint: 4249209 ns, At safepoint: 382666 ns, Total: 4631875 ns
[2023-07-18T08:32:12.790+0000][1][safepoint    ] Safepoint "Cleanup", Time since last: 1002030918 ns, Reaching safepoint: 4268041 ns, At safepoint: 106459 ns, Total: 4374500 ns
[2023-07-18T08:32:13.793+0000][1][safepoint    ] Safepoint "Cleanup", Time since last: 1002046667 ns, Reaching safepoint: 1389541 ns, At safepoint: 18500 ns, Total: 1408041 ns
[2023-07-18T08:32:14.797+0000][1][safepoint    ] Safepoint "Cleanup", Time since last: 1001025668 ns, Reaching safepoint: 2490500 ns, At safepoint: 79791 ns, Total: 2570291 ns
[2023-07-18T08:32:15.801+0000][1][safepoint    ] Safepoint "Cleanup", Time since last: 1002191417 ns, Reaching safepoint: 2000667 ns, At safepoint: 42208 ns, Total: 2042875 ns
[2023-07-18T08:32:16.803+0000][1][safepoint    ] Safepoint "Cleanup", Time since last: 1000925918 ns, Reaching safepoint: 731958 ns, At safepoint: 15792 ns, Total: 747750 ns
[2023-07-18T08:32:17.808+0000][1][safepoint    ] Safepoint "Cleanup", Time since last: 1001207333 ns, Reaching safepoint: 4433833 ns, At safepoint: 88125 ns, Total: 4521958 ns
[2023-07-18T08:32:18.833+0000][1][safepoint    ] Safepoint "Cleanup", Time since last: 1002895584 ns, Reaching safepoint: 17435292 ns, At safepoint: 717125 ns, Total: 18152417 ns
[2023-07-18T08:32:19.843+0000][1][safepoint    ] Safepoint "Cleanup", Time since last: 1011785500 ns, Reaching safepoint: 2274084 ns, At safepoint: 30625 ns, Total: 2304709 ns
[2023-07-18T08:32:20.848+0000][1][safepoint    ] Safepoint "Cleanup", Time since last: 1002690917 ns, Reaching safepoint: 2518583 ns, At safepoint: 51000 ns, Total: 2569583 ns
[2023-07-18T08:32:21.853+0000][1][safepoint    ] Safepoint "Cleanup", Time since last: 1003440792 ns, Reaching safepoint: 1281167 ns, At safepoint: 13833 ns, Total: 1295000 ns
[2023-07-18T08:32:22.862+0000][1][safepoint    ] Safepoint "Cleanup", Time since last: 1004144584 ns, Reaching safepoint: 4061125 ns, At safepoint: 94917 ns, Total: 4156042 ns
[2023-07-18T08:32:23.868+0000][1][safepoint    ] Safepoint "Cleanup", Time since last: 1001485584 ns, Reaching safepoint: 4877375 ns, At safepoint: 52708 ns, Total: 4930083 ns
[2023-07-18T08:32:24.878+0000][1][safepoint    ] Safepoint "Cleanup", Time since last: 1004221542 ns, Reaching safepoint: 5366167 ns, At safepoint: 117208 ns, Total: 5483375 ns
[2023-07-18T08:32:25.888+0000][1][safepoint    ] Safepoint "Cleanup", Time since last: 1005962501 ns, Reaching safepoint: 3821625 ns, At safepoint: 90833 ns, Total: 3912458 ns
[2023-07-18T08:32:26.891+0000][1][safepoint    ] Safepoint "Cleanup", Time since last: 1001641875 ns, Reaching safepoint: 1713667 ns, At safepoint: 48250 ns, Total: 1761917 ns
[2023-07-18T08:32:27.894+0000][1][safepoint    ] Safepoint "Cleanup", Time since last: 1002045959 ns, Reaching safepoint: 1310958 ns, At safepoint: 40250 ns, Total: 1351208 ns
[2023-07-18T08:32:28.900+0000][1][safepoint    ] Safepoint "Cleanup", Time since last: 1001209876 ns, Reaching safepoint: 4128458 ns, At safepoint: 158542 ns, Total: 4287000 ns
[2023-07-18T08:32:29.903+0000][1][safepoint    ] Safepoint "Cleanup", Time since last: 1001581750 ns, Reaching safepoint: 2063917 ns, At safepoint: 66375 ns, Total: 2130292 ns
[2023-07-18T08:32:30.909+0000][1][safepoint    ] Safepoint "Cleanup", Time since last: 1002367209 ns, Reaching safepoint: 2985166 ns, At safepoint: 74667 ns, Total: 3059833 ns
[2023-07-18T08:32:31.912+0000][1][safepoint    ] Safepoint "Cleanup", Time since last: 1001145042 ns, Reaching safepoint: 1461542 ns, At safepoint: 25333 ns, Total: 1486875 ns
[2023-07-18T08:32:32.917+0000][1][safepoint    ] Safepoint "Cleanup", Time since last: 1001831001 ns, Reaching safepoint: 3057000 ns, At safepoint: 71250 ns, Total: 3128250 ns
[2023-07-18T08:32:33.071+0000][1][safepoint    ] Safepoint "RevokeBias", Time since last: 152128666 ns, Reaching safepoint: 1284542 ns, At safepoint: 1014333 ns, Total: 2298875 ns
[2023-07-18T08:32:33.094+0000][1][safepoint    ] Safepoint "RevokeBias", Time since last: 21099959 ns, Reaching safepoint: 915458 ns, At safepoint: 1067625 ns, Total: 1983083 ns
[2023-07-18T08:32:33.101+0000][1][safepoint    ] Safepoint "RevokeBias", Time since last: 5814167 ns, Reaching safepoint: 1002500 ns, At safepoint: 506416 ns, Total: 1508916 ns
[2023-07-18T08:32:33.103+0000][1][safepoint    ] Safepoint "RevokeBias", Time since last: 797125 ns, Reaching safepoint: 753042 ns, At safepoint: 77333 ns, Total: 830375 ns
[2023-07-18T08:32:33.128+0000][1][safepoint    ] Safepoint "RevokeBias", Time since last: 23759542 ns, Reaching safepoint: 1333458 ns, At safepoint: 69667 ns, Total: 1403125 ns
[2023-07-18T08:32:34.131+0000][1][safepoint    ] Safepoint "Cleanup", Time since last: 1001121751 ns, Reaching safepoint: 1410166 ns, At safepoint: 35875 ns, Total: 1446041 ns
[2023-07-18T08:32:35.133+0000][1][safepoint    ] Safepoint "Cleanup", Time since last: 1000589251 ns, Reaching safepoint: 1837083 ns, At safepoint: 36000 ns, Total: 1873083 ns
[2023-07-18T08:32:36.138+0000][1][safepoint    ] Safepoint "Cleanup", Time since last: 1000777459 ns, Reaching safepoint: 4076708 ns, At safepoint: 98042 ns, Total: 4174750 ns
[2023-07-18T08:32:37.143+0000][1][safepoint    ] Safepoint "Cleanup", Time since last: 1002217459 ns, Reaching safepoint: 3071208 ns, At safepoint: 80000 ns, Total: 3151208 ns
[2023-07-18T08:32:38.148+0000][1][safepoint    ] Safepoint "Cleanup", Time since last: 1001051167 ns, Reaching safepoint: 3061958 ns, At safepoint: 127334 ns, Total: 3189292 ns
[2023-07-18T08:32:39.154+0000][1][safepoint    ] Safepoint "Cleanup", Time since last: 1001995917 ns, Reaching safepoint: 3788875 ns, At safepoint: 88000 ns, Total: 3876875 ns
[2023-07-18T08:32:40.159+0000][1][safepoint    ] Safepoint "Cleanup", Time since last: 1001775042 ns, Reaching safepoint: 3337833 ns, At safepoint: 88167 ns, Total: 3426000 ns
[2023-07-18T08:32:41.164+0000][1][safepoint    ] Safepoint "Cleanup", Time since last: 1001117209 ns, Reaching safepoint: 4201625 ns, At safepoint: 97125 ns, Total: 4298750 ns
[2023-07-18T08:32:42.175+0000][1][safepoint    ] Safepoint "Cleanup", Time since last: 1006809542 ns, Reaching safepoint: 4253625 ns, At safepoint: 107292 ns, Total: 4360917 ns
[2023-07-18T08:32:43.187+0000][1][safepoint    ] Safepoint "Cleanup", Time since last: 1006082250 ns, Reaching safepoint: 5475458 ns, At safepoint: 121917 ns, Total: 5597375 ns
[2023-07-18T08:32:43.743+0000][1][safepoint    ] Safepoint "RevokeBias", Time since last: 553482167 ns, Reaching safepoint: 1772583 ns, At safepoint: 399917 ns, Total: 2172500 ns
[2023-07-18T08:32:44.749+0000][1][safepoint    ] Safepoint "Cleanup", Time since last: 1001197167 ns, Reaching safepoint: 4875542 ns, At safepoint: 100958 ns, Total: 4976500 ns
[2023-07-18T08:32:45.755+0000][1][safepoint    ] Safepoint "Cleanup", Time since last: 1001877459 ns, Reaching safepoint: 4283833 ns, At safepoint: 93667 ns, Total: 4377500 ns
[2023-07-18T08:32:46.766+0000][1][safepoint    ] Safepoint "Cleanup", Time since last: 1006999251 ns, Reaching safepoint: 4002666 ns, At safepoint: 85584 ns, Total: 4088250 ns
[2023-07-18T08:32:47.771+0000][1][safepoint    ] Safepoint "Cleanup", Time since last: 1001726416 ns, Reaching safepoint: 2871042 ns, At safepoint: 69208 ns, Total: 2940250 ns
[2023-07-18T08:32:48.774+0000][1][safepoint    ] Safepoint "Cleanup", Time since last: 1001637168 ns, Reaching safepoint: 1347708 ns, At safepoint: 26833 ns, Total: 1374541 ns
[2023-07-18T08:32:49.778+0000][1][safepoint    ] Safepoint "Cleanup", Time since last: 1001735792 ns, Reaching safepoint: 2981417 ns, At safepoint: 119042 ns, Total: 3100459 ns
[2023-07-18T08:32:50.783+0000][1][safepoint    ] Safepoint "Cleanup", Time since last: 1001443750 ns, Reaching safepoint: 2831792 ns, At safepoint: 66541 ns, Total: 2898333 ns
[2023-07-18T08:32:51.790+0000][1][safepoint    ] Safepoint "Cleanup", Time since last: 1002254876 ns, Reaching safepoint: 4841792 ns, At safepoint: 105791 ns, Total: 4947583 ns
[2023-07-18T08:32:52.794+0000][1][safepoint    ] Safepoint "Cleanup", Time since last: 1001362459 ns, Reaching safepoint: 2849875 ns, At safepoint: 70583 ns, Total: 2920458 ns
[2023-07-18T08:32:53.796+0000][1][safepoint    ] Safepoint "Cleanup", Time since last: 1001062459 ns, Reaching safepoint: 845792 ns, At safepoint: 20750 ns, Total: 866542 ns
[2023-07-18T08:32:54.799+0000][1][safepoint    ] Safepoint "Cleanup", Time since last: 1001579917 ns, Reaching safepoint: 762292 ns, At safepoint: 12916 ns, Total: 775208 ns
[2023-07-18T08:32:55.802+0000][1][safepoint    ] Safepoint "Cleanup", Time since last: 1001357376 ns, Reaching safepoint: 1724250 ns, At safepoint: 36708 ns, Total: 1760958 ns
[2023-07-18T08:32:56.807+0000][1][safepoint    ] Safepoint "Cleanup", Time since last: 1000950292 ns, Reaching safepoint: 3822459 ns, At safepoint: 238375 ns, Total: 4060834 ns
[2023-07-18T08:32:57.809+0000][1][safepoint    ] Safepoint "Cleanup", Time since last: 1001411250 ns, Reaching safepoint: 892417 ns, At safepoint: 18250 ns, Total: 910667 ns
[2023-07-18T08:32:58.815+0000][1][safepoint    ] Safepoint "Cleanup", Time since last: 1001188584 ns, Reaching safepoint: 4110041 ns, At safepoint: 122542 ns, Total: 4232583 ns
[2023-07-18T08:32:59.827+0000][1][safepoint    ] Safepoint "Cleanup", Time since last: 1010843042 ns, Reaching safepoint: 2043000 ns, At safepoint: 68292 ns, Total: 2111292 ns
[2023-07-18T08:33:00.834+0000][1][safepoint    ] Safepoint "Cleanup", Time since last: 1002377167 ns, Reaching safepoint: 4526750 ns, At safepoint: 119458 ns, Total: 4646208 ns
[2023-07-18T08:33:01.842+0000][1][safepoint    ] Safepoint "Cleanup", Time since last: 1002259084 ns, Reaching safepoint: 4916792 ns, At safepoint: 111208 ns, Total: 5028000 ns
[2023-07-18T08:33:02.846+0000][1][safepoint    ] Safepoint "Cleanup", Time since last: 1003265459 ns, Reaching safepoint: 1301958 ns, At safepoint: 28375 ns, Total: 1330333 ns
[2023-07-18T08:33:03.751+0000][1][safepoint    ] Safepoint "RevokeBias", Time since last: 902237126 ns, Reaching safepoint: 2024000 ns, At safepoint: 385750 ns, Total: 2409750 ns
[2023-07-18T08:33:04.755+0000][1][safepoint    ] Safepoint "Cleanup", Time since last: 1001392833 ns, Reaching safepoint: 2309084 ns, At safepoint: 45291 ns, Total: 2354375 ns
[2023-07-18T08:33:05.759+0000][1][safepoint    ] Safepoint "Cleanup", Time since last: 1001074709 ns, Reaching safepoint: 2818375 ns, At safepoint: 68542 ns, Total: 2886917 ns
[2023-07-18T08:33:06.762+0000][1][safepoint    ] Safepoint "Cleanup", Time since last: 1001669209 ns, Reaching safepoint: 1466958 ns, At safepoint: 30750 ns, Total: 1497708 ns
[2023-07-18T08:33:07.763+0000][1][safepoint    ] Safepoint "Cleanup", Time since last: 1000590626 ns, Reaching safepoint: 925041 ns, At safepoint: 56375 ns, Total: 981416 ns
[2023-07-18T08:33:08.768+0000][1][safepoint    ] Safepoint "Cleanup", Time since last: 1001097251 ns, Reaching safepoint: 3617916 ns, At safepoint: 182750 ns, Total: 3800666 ns
[2023-07-18T08:33:09.771+0000][1][safepoint    ] Safepoint "Cleanup", Time since last: 1001473584 ns, Reaching safepoint: 1332834 ns, At safepoint: 28958 ns, Total: 1361792 ns
[2023-07-18T08:33:10.776+0000][1][safepoint    ] Safepoint "Cleanup", Time since last: 1002029334 ns, Reaching safepoint: 2791958 ns, At safepoint: 67500 ns, Total: 2859458 ns
[2023-07-18T08:33:11.780+0000][1][safepoint    ] Safepoint "Cleanup", Time since last: 1001032792 ns, Reaching safepoint: 2609917 ns, At safepoint: 78416 ns, Total: 2688333 ns
[2023-07-18T08:33:12.784+0000][1][safepoint    ] Safepoint "Cleanup", Time since last: 1002319418 ns, Reaching safepoint: 1574625 ns, At safepoint: 37666 ns, Total: 1612291 ns
[2023-07-18T08:33:13.711+0000][1][safepoint    ] Safepoint "RevokeBias", Time since last: 924798876 ns, Reaching safepoint: 1786708 ns, At safepoint: 366125 ns, Total: 2152833 ns
[2023-07-18T08:33:14.716+0000][1][safepoint    ] Safepoint "Cleanup", Time since last: 1000953542 ns, Reaching safepoint: 4148750 ns, At safepoint: 166417 ns, Total: 4315167 ns
[2023-07-18T08:33:15.721+0000][1][safepoint    ] Safepoint "Cleanup", Time since last: 1001906292 ns, Reaching safepoint: 2835208 ns, At safepoint: 78667 ns, Total: 2913875 ns
[2023-07-18T08:33:16.723+0000][1][safepoint    ] Safepoint "Cleanup", Time since last: 1001164584 ns, Reaching safepoint: 1446542 ns, At safepoint: 36791 ns, Total: 1483333 ns
[2023-07-18T08:33:17.726+0000][1][safepoint    ] Safepoint "Cleanup", Time since last: 1000937250 ns, Reaching safepoint: 2522667 ns, At safepoint: 72000 ns, Total: 2594667 ns
[2023-07-18T08:33:18.732+0000][1][safepoint    ] Safepoint "Cleanup", Time since last: 1002080417 ns, Reaching safepoint: 2803291 ns, At safepoint: 203209 ns, Total: 3006500 ns
[2023-07-18T08:33:19.738+0000][1][safepoint    ] Safepoint "Cleanup", Time since last: 1001728959 ns, Reaching safepoint: 4253250 ns, At safepoint: 129208 ns, Total: 4382458 ns
[2023-07-18T08:33:20.744+0000][1][safepoint    ] Safepoint "Cleanup", Time since last: 1002640292 ns, Reaching safepoint: 3885083 ns, At safepoint: 101084 ns, Total: 3986167 ns
[2023-07-18T08:33:21.747+0000][1][safepoint    ] Safepoint "Cleanup", Time since last: 1001577542 ns, Reaching safepoint: 1551125 ns, At safepoint: 37625 ns, Total: 1588750 ns
[2023-07-18T08:33:22.752+0000][1][safepoint    ] Safepoint "Cleanup", Time since last: 1000772917 ns, Reaching safepoint: 3476000 ns, At safepoint: 102708 ns, Total: 3578708 ns
[2023-07-18T08:33:23.757+0000][1][safepoint    ] Safepoint "Cleanup", Time since last: 1002591709 ns, Reaching safepoint: 2116417 ns, At safepoint: 36125 ns, Total: 2152542 ns
[2023-07-18T08:33:24.762+0000][1][safepoint    ] Safepoint "Cleanup", Time since last: 1002753959 ns, Reaching safepoint: 2682666 ns, At safepoint: 63709 ns, Total: 2746375 ns
[2023-07-18T08:33:25.768+0000][1][safepoint    ] Safepoint "Cleanup", Time since last: 1001999000 ns, Reaching safepoint: 3761542 ns, At safepoint: 205875 ns, Total: 3967417 ns
[2023-07-18T08:33:26.168+0000][1][gc,start     ] GC(23) Pause Young (Allocation Failure)
[2023-07-18T08:33:26.172+0000][1][gc,task      ] GC(23) Using 4 workers of 4 for evacuation
[2023-07-18T08:33:26.239+0000][1][gc,age       ] GC(23) Desired survivor size 8945664 bytes, new threshold 6 (max threshold 6)
[2023-07-18T08:33:26.240+0000][1][gc,age       ] GC(23) Age table with threshold 6 (max threshold 6)
[2023-07-18T08:33:26.240+0000][1][gc,age       ] GC(23) - age   1:     146480 bytes,     146480 total
[2023-07-18T08:33:26.240+0000][1][gc,age       ] GC(23) - age   2:    2628920 bytes,    2775400 total
[2023-07-18T08:33:26.240+0000][1][gc,age       ] GC(23) - age   3:     275544 bytes,    3050944 total
[2023-07-18T08:33:26.240+0000][1][gc,age       ] GC(23) - age   4:     220104 bytes,    3271048 total
[2023-07-18T08:33:26.240+0000][1][gc,age       ] GC(23) - age   5:      57088 bytes,    3328136 total
[2023-07-18T08:33:26.241+0000][1][gc,age       ] GC(23) - age   6:     453352 bytes,    3781488 total
[2023-07-18T08:33:26.242+0000][1][gc,heap      ] GC(23) ParNew: 150200K->6087K(157248K)
[2023-07-18T08:33:26.242+0000][1][gc,heap      ] GC(23) CMS: 64171K->67687K(349568K)
[2023-07-18T08:33:26.242+0000][1][gc,metaspace ] GC(23) Metaspace: 89432K->89432K(1130496K)
[2023-07-18T08:33:26.243+0000][1][gc           ] GC(23) Pause Young (Allocation Failure) 209M->72M(494M) 74.709ms
[2023-07-18T08:33:26.243+0000][1][gc,cpu       ] GC(23) User=0.17s Sys=0.04s Real=0.07s
[2023-07-18T08:33:26.243+0000][1][safepoint    ] Safepoint "GenCollectForAllocation", Time since last: 397686875 ns, Reaching safepoint: 1700083 ns, At safepoint: 75934709 ns, Total: 77634792 ns
[2023-07-18T08:33:27.249+0000][1][safepoint    ] Safepoint "Cleanup", Time since last: 1001103959 ns, Reaching safepoint: 4085875 ns, At safepoint: 91291 ns, Total: 4177166 ns
[2023-07-18T08:33:28.252+0000][1][safepoint    ] Safepoint "Cleanup", Time since last: 1001503751 ns, Reaching safepoint: 1754875 ns, At safepoint: 37083 ns, Total: 1791958 ns
[2023-07-18T08:33:29.258+0000][1][safepoint    ] Safepoint "Cleanup", Time since last: 1001014126 ns, Reaching safepoint: 4854208 ns, At safepoint: 235375 ns, Total: 5089583 ns
[2023-07-18T08:33:30.264+0000][1][safepoint    ] Safepoint "Cleanup", Time since last: 1001550542 ns, Reaching safepoint: 4056417 ns, At safepoint: 100666 ns, Total: 4157083 ns
[2023-07-18T08:33:31.268+0000][1][safepoint    ] Safepoint "Cleanup", Time since last: 1001331751 ns, Reaching safepoint: 3016791 ns, At safepoint: 69500 ns, Total: 3086291 ns
[2023-07-18T08:33:32.271+0000][1][safepoint    ] Safepoint "Cleanup", Time since last: 1000886334 ns, Reaching safepoint: 1864625 ns, At safepoint: 77750 ns, Total: 1942375 ns
[2023-07-18T08:33:33.273+0000][1][safepoint    ] Safepoint "Cleanup", Time since last: 1001529209 ns, Reaching safepoint: 762958 ns, At safepoint: 17750 ns, Total: 780708 ns
[2023-07-18T08:33:33.386+0000][1][safepoint    ] Safepoint "RevokeBias", Time since last: 112394334 ns, Reaching safepoint: 559000 ns, At safepoint: 82333 ns, Total: 641333 ns
[2023-07-18T08:33:33.388+0000][1][safepoint    ] Safepoint "RevokeBias", Time since last: 1123583 ns, Reaching safepoint: 846750 ns, At safepoint: 106917 ns, Total: 953667 ns
[2023-07-18T08:33:33.398+0000][1][safepoint    ] Safepoint "BulkRevokeBias", Time since last: 4799042 ns, Reaching safepoint: 1082958 ns, At safepoint: 3364750 ns, Total: 4447708 ns
[2023-07-18T08:33:33.456+0000][1][safepoint    ] Safepoint "RevokeBias", Time since last: 57746834 ns, Reaching safepoint: 773375 ns, At safepoint: 174583 ns, Total: 947958 ns
[2023-07-18T08:33:33.459+0000][1][safepoint    ] Safepoint "RevokeBias", Time since last: 1591125 ns, Reaching safepoint: 1055708 ns, At safepoint: 55959 ns, Total: 1111667 ns
[2023-07-18T08:33:34.463+0000][1][safepoint    ] Safepoint "Cleanup", Time since last: 1000438208 ns, Reaching safepoint: 3015209 ns, At safepoint: 66833 ns, Total: 3082042 ns
[2023-07-18T08:33:35.468+0000][1][safepoint    ] Safepoint "Cleanup", Time since last: 1001328959 ns, Reaching safepoint: 4104708 ns, At safepoint: 88833 ns, Total: 4193541 ns
[2023-07-18T08:33:36.474+0000][1][safepoint    ] Safepoint "Cleanup", Time since last: 1001487418 ns, Reaching safepoint: 4058125 ns, At safepoint: 95208 ns, Total: 4153333 ns
[2023-07-18T08:33:37.480+0000][1][safepoint    ] Safepoint "Cleanup", Time since last: 1001714584 ns, Reaching safepoint: 4411916 ns, At safepoint: 93250 ns, Total: 4505166 ns
[2023-07-18T08:33:38.486+0000][1][safepoint    ] Safepoint "Cleanup", Time since last: 1002188001 ns, Reaching safepoint: 3297083 ns, At safepoint: 78167 ns, Total: 3375250 ns
[2023-07-18T08:33:39.489+0000][1][safepoint    ] Safepoint "Cleanup", Time since last: 1001846625 ns, Reaching safepoint: 2062500 ns, At safepoint: 67750 ns, Total: 2130250 ns
[2023-07-18T08:33:40.494+0000][1][safepoint    ] Safepoint "Cleanup", Time since last: 1001565876 ns, Reaching safepoint: 3073125 ns, At safepoint: 90583 ns, Total: 3163708 ns
[2023-07-18T08:33:41.500+0000][1][safepoint    ] Safepoint "Cleanup", Time since last: 1002660292 ns, Reaching safepoint: 3179042 ns, At safepoint: 71833 ns, Total: 3250875 ns
[2023-07-18T08:33:42.508+0000][1][safepoint    ] Safepoint "Cleanup", Time since last: 1004140751 ns, Reaching safepoint: 3620500 ns, At safepoint: 104917 ns, Total: 3725417 ns
[2023-07-18T08:33:43.513+0000][1][safepoint    ] Safepoint "Cleanup", Time since last: 1001496667 ns, Reaching safepoint: 3817791 ns, At safepoint: 78709 ns, Total: 3896500 ns
[2023-07-18T08:33:43.786+0000][1][safepoint    ] Safepoint "RevokeBias", Time since last: 270124833 ns, Reaching safepoint: 2087167 ns, At safepoint: 87000 ns, Total: 2174167 ns
[2023-07-18T08:33:44.793+0000][1][safepoint    ] Safepoint "Cleanup", Time since last: 1002117834 ns, Reaching safepoint: 5337041 ns, At safepoint: 114834 ns, Total: 5451875 ns
[2023-07-18T08:33:45.799+0000][1][safepoint    ] Safepoint "Cleanup", Time since last: 1001313250 ns, Reaching safepoint: 4431167 ns, At safepoint: 95666 ns, Total: 4526833 ns
[2023-07-18T08:33:46.803+0000][1][safepoint    ] Safepoint "Cleanup", Time since last: 1001840209 ns, Reaching safepoint: 1622042 ns, At safepoint: 30458 ns, Total: 1652500 ns
[2023-07-18T08:33:47.813+0000][1][safepoint    ] Safepoint "Cleanup", Time since last: 1001525708 ns, Reaching safepoint: 4541042 ns, At safepoint: 196208 ns, Total: 4737250 ns
[2023-07-18T08:33:48.815+0000][1][safepoint    ] Safepoint "Cleanup", Time since last: 1001125292 ns, Reaching safepoint: 747709 ns, At safepoint: 15291 ns, Total: 763000 ns
[2023-07-18T08:33:49.817+0000][1][safepoint    ] Safepoint "Cleanup", Time since last: 1000457084 ns, Reaching safepoint: 1528208 ns, At safepoint: 25000 ns, Total: 1553208 ns
[2023-07-18T08:33:50.825+0000][1][safepoint    ] Safepoint "Cleanup", Time since last: 1004300626 ns, Reaching safepoint: 3375958 ns, At safepoint: 101333 ns, Total: 3477291 ns
[2023-07-18T08:33:51.829+0000][1][safepoint    ] Safepoint "Cleanup", Time since last: 1002190501 ns, Reaching safepoint: 2364958 ns, At safepoint: 53084 ns, Total: 2418042 ns
[2023-07-18T08:33:52.834+0000][1][safepoint    ] Safepoint "Cleanup", Time since last: 1000659875 ns, Reaching safepoint: 4327833 ns, At safepoint: 96209 ns, Total: 4424042 ns
[2023-07-18T08:33:53.738+0000][1][safepoint    ] Safepoint "RevokeBias", Time since last: 901220209 ns, Reaching safepoint: 1723833 ns, At safepoint: 353875 ns, Total: 2077708 ns
[2023-07-18T08:33:54.740+0000][1][safepoint    ] Safepoint "Cleanup", Time since last: 1000469292 ns, Reaching safepoint: 2159458 ns, At safepoint: 44500 ns, Total: 2203958 ns
[2023-07-18T08:33:55.743+0000][1][safepoint    ] Safepoint "Cleanup", Time since last: 1000652793 ns, Reaching safepoint: 2084458 ns, At safepoint: 90667 ns, Total: 2175125 ns
[2023-07-18T08:33:56.748+0000][1][safepoint    ] Safepoint "Cleanup", Time since last: 1001347875 ns, Reaching safepoint: 3485875 ns, At safepoint: 76958 ns, Total: 3562833 ns
[2023-07-18T08:33:57.752+0000][1][safepoint    ] Safepoint "Cleanup", Time since last: 1001187751 ns, Reaching safepoint: 2549041 ns, At safepoint: 94625 ns, Total: 2643666 ns
[2023-07-18T08:33:58.755+0000][1][safepoint    ] Safepoint "Cleanup", Time since last: 1001534001 ns, Reaching safepoint: 1930292 ns, At safepoint: 39208 ns, Total: 1969500 ns
[2023-07-18T08:33:59.761+0000][1][safepoint    ] Safepoint "Cleanup", Time since last: 1001820792 ns, Reaching safepoint: 3779583 ns, At safepoint: 125625 ns, Total: 3905208 ns
[2023-07-18T08:34:00.765+0000][1][safepoint    ] Safepoint "Cleanup", Time since last: 1002317043 ns, Reaching safepoint: 1549875 ns, At safepoint: 35125 ns, Total: 1585000 ns
[2023-07-18T08:34:01.771+0000][1][safepoint    ] Safepoint "Cleanup", Time since last: 1001311125 ns, Reaching safepoint: 4384792 ns, At safepoint: 95041 ns, Total: 4479833 ns
[2023-07-18T08:34:02.777+0000][1][safepoint    ] Safepoint "Cleanup", Time since last: 1003408418 ns, Reaching safepoint: 2776416 ns, At safepoint: 58834 ns, Total: 2835250 ns
[2023-07-18T08:34:03.739+0000][1][safepoint    ] Safepoint "RevokeBias", Time since last: 960396208 ns, Reaching safepoint: 1674417 ns, At safepoint: 363792 ns, Total: 2038209 ns
[2023-07-18T08:34:04.743+0000][1][safepoint    ] Safepoint "Cleanup", Time since last: 1000871625 ns, Reaching safepoint: 2625708 ns, At safepoint: 47000 ns, Total: 2672708 ns
[2023-07-18T08:34:05.747+0000][1][safepoint    ] Safepoint "Cleanup", Time since last: 1001124668 ns, Reaching safepoint: 2560833 ns, At safepoint: 62792 ns, Total: 2623625 ns
[2023-07-18T08:34:06.752+0000][1][safepoint    ] Safepoint "Cleanup", Time since last: 1001570250 ns, Reaching safepoint: 3645125 ns, At safepoint: 130167 ns, Total: 3775292 ns
[2023-07-18T08:34:07.758+0000][1][safepoint    ] Safepoint "Cleanup", Time since last: 1001434625 ns, Reaching safepoint: 4381459 ns, At safepoint: 94875 ns, Total: 4476334 ns
[2023-07-18T08:34:08.765+0000][1][safepoint    ] Safepoint "Cleanup", Time since last: 1002827417 ns, Reaching safepoint: 3735750 ns, At safepoint: 104416 ns, Total: 3840166 ns
[2023-07-18T08:34:09.769+0000][1][safepoint    ] Safepoint "Cleanup", Time since last: 1002638376 ns, Reaching safepoint: 1357167 ns, At safepoint: 26833 ns, Total: 1384000 ns
[2023-07-18T08:34:10.773+0000][1][safepoint    ] Safepoint "Cleanup", Time since last: 1001191542 ns, Reaching safepoint: 3365167 ns, At safepoint: 63125 ns, Total: 3428292 ns
[2023-07-18T08:34:11.781+0000][1][safepoint    ] Safepoint "Cleanup", Time since last: 1003207542 ns, Reaching safepoint: 4399250 ns, At safepoint: 118041 ns, Total: 4517291 ns
[2023-07-18T08:34:12.787+0000][1][safepoint    ] Safepoint "Cleanup", Time since last: 1002601209 ns, Reaching safepoint: 2882167 ns, At safepoint: 70000 ns, Total: 2952167 ns
[2023-07-18T08:34:13.728+0000][1][safepoint    ] Safepoint "RevokeBias", Time since last: 939940625 ns, Reaching safepoint: 1473042 ns, At safepoint: 359292 ns, Total: 1832334 ns
[2023-07-18T08:34:14.733+0000][1][safepoint    ] Safepoint "Cleanup", Time since last: 1000422542 ns, Reaching safepoint: 4430375 ns, At safepoint: 98542 ns, Total: 4528917 ns
[2023-07-18T08:34:15.740+0000][1][safepoint    ] Safepoint "Cleanup", Time since last: 1005637375 ns, Reaching safepoint: 1400208 ns, At safepoint: 27584 ns, Total: 1427792 ns
[2023-07-18T08:34:16.746+0000][1][safepoint    ] Safepoint "Cleanup", Time since last: 1001339167 ns, Reaching safepoint: 4270000 ns, At safepoint: 127250 ns, Total: 4397250 ns
[2023-07-18T08:34:17.757+0000][1][safepoint    ] Safepoint "Cleanup", Time since last: 1004074083 ns, Reaching safepoint: 4219791 ns, At safepoint: 89750 ns, Total: 4309541 ns
[2023-07-18T08:34:18.761+0000][1][safepoint    ] Safepoint "Cleanup", Time since last: 1002393001 ns, Reaching safepoint: 983000 ns, At safepoint: 20792 ns, Total: 1003792 ns
[2023-07-18T08:34:19.766+0000][1][safepoint    ] Safepoint "Cleanup", Time since last: 1001314583 ns, Reaching safepoint: 4396250 ns, At safepoint: 91959 ns, Total: 4488209 ns
[2023-07-18T08:34:20.773+0000][1][safepoint    ] Safepoint "Cleanup", Time since last: 1003084833 ns, Reaching safepoint: 3848959 ns, At safepoint: 77333 ns, Total: 3926292 ns
[2023-07-18T08:34:21.780+0000][1][safepoint    ] Safepoint "Cleanup", Time since last: 1004503459 ns, Reaching safepoint: 2132583 ns, At safepoint: 41834 ns, Total: 2174417 ns
[2023-07-18T08:34:22.785+0000][1][safepoint    ] Safepoint "Cleanup", Time since last: 1000914750 ns, Reaching safepoint: 4026417 ns, At safepoint: 111208 ns, Total: 4137625 ns
[2023-07-18T08:34:23.787+0000][1][safepoint    ] Safepoint "Cleanup", Time since last: 1001424542 ns, Reaching safepoint: 790500 ns, At safepoint: 17709 ns, Total: 808209 ns
[2023-07-18T08:34:24.793+0000][1][safepoint    ] Safepoint "Cleanup", Time since last: 1000789542 ns, Reaching safepoint: 4939875 ns, At safepoint: 107625 ns, Total: 5047500 ns
[2023-07-18T08:34:25.804+0000][1][safepoint    ] Safepoint "Cleanup", Time since last: 1001378167 ns, Reaching safepoint: 8921583 ns, At safepoint: 67042 ns, Total: 8988625 ns
[2023-07-18T08:34:26.810+0000][1][safepoint    ] Safepoint "Cleanup", Time since last: 1001549625 ns, Reaching safepoint: 4414334 ns, At safepoint: 95416 ns, Total: 4509750 ns
[2023-07-18T08:34:27.816+0000][1][safepoint    ] Safepoint "Cleanup", Time since last: 1002905876 ns, Reaching safepoint: 3507333 ns, At safepoint: 92458 ns, Total: 3599791 ns
[2023-07-18T08:34:28.821+0000][1][safepoint    ] Safepoint "Cleanup", Time since last: 1001157834 ns, Reaching safepoint: 3533625 ns, At safepoint: 81084 ns, Total: 3614709 ns
[2023-07-18T08:34:29.826+0000][1][safepoint    ] Safepoint "Cleanup", Time since last: 1001122542 ns, Reaching safepoint: 4174833 ns, At safepoint: 96875 ns, Total: 4271708 ns
[2023-07-18T08:34:30.831+0000][1][safepoint    ] Safepoint "Cleanup", Time since last: 1002426792 ns, Reaching safepoint: 2318167 ns, At safepoint: 66708 ns, Total: 2384875 ns
[2023-07-18T08:34:31.838+0000][1][safepoint    ] Safepoint "Cleanup", Time since last: 1001251542 ns, Reaching safepoint: 5061917 ns, At safepoint: 104042 ns, Total: 5165959 ns
[2023-07-18T08:34:32.845+0000][1][safepoint    ] Safepoint "Cleanup", Time since last: 1004453042 ns, Reaching safepoint: 2896625 ns, At safepoint: 68833 ns, Total: 2965458 ns
[2023-07-18T08:34:33.762+0000][1][safepoint    ] Safepoint "RevokeBias", Time since last: 914616417 ns, Reaching safepoint: 1910375 ns, At safepoint: 402167 ns, Total: 2312542 ns
[2023-07-18T08:34:34.432+0000][1][safepoint    ] Safepoint "RevokeBias", Time since last: 668712917 ns, Reaching safepoint: 1466417 ns, At safepoint: 124125 ns, Total: 1590542 ns
[2023-07-18T08:34:34.437+0000][1][safepoint    ] Safepoint "RevokeBias", Time since last: 3067416 ns, Reaching safepoint: 1299667 ns, At safepoint: 67542 ns, Total: 1367209 ns
[2023-07-18T08:34:34.443+0000][1][safepoint    ] Safepoint "RevokeBias", Time since last: 5561833 ns, Reaching safepoint: 1000750 ns, At safepoint: 75708 ns, Total: 1076458 ns
[2023-07-18T08:34:34.490+0000][1][safepoint    ] Safepoint "RevokeBias", Time since last: 45961500 ns, Reaching safepoint: 903959 ns, At safepoint: 101708 ns, Total: 1005667 ns
[2023-07-18T08:34:34.492+0000][1][safepoint    ] Safepoint "RevokeBias", Time since last: 1000375 ns, Reaching safepoint: 617708 ns, At safepoint: 55584 ns, Total: 673292 ns
[2023-07-18T08:34:35.498+0000][1][safepoint    ] Safepoint "Cleanup", Time since last: 1003050250 ns, Reaching safepoint: 2958625 ns, At safepoint: 67250 ns, Total: 3025875 ns
[2023-07-18T08:34:36.502+0000][1][safepoint    ] Safepoint "Cleanup", Time since last: 1002008126 ns, Reaching safepoint: 2098458 ns, At safepoint: 43125 ns, Total: 2141583 ns
[2023-07-18T08:34:37.508+0000][1][safepoint    ] Safepoint "Cleanup", Time since last: 1001196750 ns, Reaching safepoint: 4648584 ns, At safepoint: 95875 ns, Total: 4744459 ns
[2023-07-18T08:34:38.513+0000][1][safepoint    ] Safepoint "Cleanup", Time since last: 1001718917 ns, Reaching safepoint: 2813542 ns, At safepoint: 77500 ns, Total: 2891042 ns
[2023-07-18T08:34:39.517+0000][1][safepoint    ] Safepoint "Cleanup", Time since last: 1000851792 ns, Reaching safepoint: 3063333 ns, At safepoint: 91000 ns, Total: 3154333 ns
[2023-07-18T08:34:40.523+0000][1][safepoint    ] Safepoint "Cleanup", Time since last: 1001908667 ns, Reaching safepoint: 4040959 ns, At safepoint: 102041 ns, Total: 4143000 ns
[2023-07-18T08:34:41.527+0000][1][safepoint    ] Safepoint "Cleanup", Time since last: 1001233792 ns, Reaching safepoint: 2861709 ns, At safepoint: 83125 ns, Total: 2944834 ns
[2023-07-18T08:34:42.534+0000][1][safepoint    ] Safepoint "Cleanup", Time since last: 1002371917 ns, Reaching safepoint: 4965792 ns, At safepoint: 93166 ns, Total: 5058958 ns
[2023-07-18T08:34:43.537+0000][1][safepoint    ] Safepoint "Cleanup", Time since last: 1001068376 ns, Reaching safepoint: 1515666 ns, At safepoint: 26542 ns, Total: 1542208 ns
[2023-07-18T08:34:43.755+0000][1][safepoint    ] Safepoint "RevokeBias", Time since last: 216094625 ns, Reaching safepoint: 1726833 ns, At safepoint: 351667 ns, Total: 2078500 ns
[2023-07-18T08:34:44.757+0000][1][safepoint    ] Safepoint "Cleanup", Time since last: 1000491792 ns, Reaching safepoint: 1660084 ns, At safepoint: 30041 ns, Total: 1690125 ns
[2023-07-18T08:34:45.761+0000][1][safepoint    ] Safepoint "Cleanup", Time since last: 1001031626 ns, Reaching safepoint: 2737000 ns, At safepoint: 63625 ns, Total: 2800625 ns
[2023-07-18T08:34:46.765+0000][1][safepoint    ] Safepoint "Cleanup", Time since last: 1001192625 ns, Reaching safepoint: 3026542 ns, At safepoint: 64667 ns, Total: 3091209 ns
[2023-07-18T08:34:47.771+0000][1][safepoint    ] Safepoint "Cleanup", Time since last: 1001414582 ns, Reaching safepoint: 4143125 ns, At safepoint: 90542 ns, Total: 4233667 ns
[2023-07-18T08:34:48.774+0000][1][safepoint    ] Safepoint "Cleanup", Time since last: 1001411626 ns, Reaching safepoint: 1567708 ns, At safepoint: 34500 ns, Total: 1602208 ns
[2023-07-18T08:34:49.781+0000][1][safepoint    ] Safepoint "Cleanup", Time since last: 1002149667 ns, Reaching safepoint: 4491042 ns, At safepoint: 100666 ns, Total: 4591708 ns
[2023-07-18T08:34:50.787+0000][1][safepoint    ] Safepoint "Cleanup", Time since last: 1002411417 ns, Reaching safepoint: 4058334 ns, At safepoint: 90875 ns, Total: 4149209 ns
[2023-07-18T08:34:51.792+0000][1][safepoint    ] Safepoint "Cleanup", Time since last: 1002622000 ns, Reaching safepoint: 1772250 ns, At safepoint: 36917 ns, Total: 1809167 ns
[2023-07-18T08:34:52.799+0000][1][safepoint    ] Safepoint "Cleanup", Time since last: 1002515917 ns, Reaching safepoint: 4168417 ns, At safepoint: 113166 ns, Total: 4281583 ns
[2023-07-18T08:34:53.738+0000][1][safepoint    ] Safepoint "RevokeBias", Time since last: 936353751 ns, Reaching safepoint: 2121917 ns, At safepoint: 741916 ns, Total: 2863833 ns
[2023-07-18T08:34:54.739+0000][1][safepoint    ] Safepoint "Cleanup", Time since last: 1000407542 ns, Reaching safepoint: 1030125 ns, At safepoint: 22625 ns, Total: 1052750 ns
[2023-07-18T08:34:55.743+0000][1][safepoint    ] Safepoint "Cleanup", Time since last: 1001408251 ns, Reaching safepoint: 2353458 ns, At safepoint: 51000 ns, Total: 2404458 ns
[2023-07-18T08:34:56.746+0000][1][safepoint    ] Safepoint "Cleanup", Time since last: 1001079417 ns, Reaching safepoint: 1661750 ns, At safepoint: 34417 ns, Total: 1696167 ns
[2023-07-18T08:34:57.749+0000][1][safepoint    ] Safepoint "Cleanup", Time since last: 1001085792 ns, Reaching safepoint: 1999708 ns, At safepoint: 38917 ns, Total: 2038625 ns
[2023-07-18T08:34:58.758+0000][1][safepoint    ] Safepoint "Cleanup", Time since last: 1005380001 ns, Reaching safepoint: 3330333 ns, At safepoint: 79708 ns, Total: 3410041 ns
[2023-07-18T08:34:59.762+0000][1][safepoint    ] Safepoint "Cleanup", Time since last: 1001667251 ns, Reaching safepoint: 2480666 ns, At safepoint: 103542 ns, Total: 2584208 ns
[2023-07-18T08:35:00.765+0000][1][safepoint    ] Safepoint "Cleanup", Time since last: 1001029834 ns, Reaching safepoint: 1975917 ns, At safepoint: 67875 ns, Total: 2043792 ns
[2023-07-18T08:35:01.772+0000][1][safepoint    ] Safepoint "Cleanup", Time since last: 1003769042 ns, Reaching safepoint: 2943333 ns, At safepoint: 65333 ns, Total: 3008666 ns
[2023-07-18T08:35:02.779+0000][1][safepoint    ] Safepoint "Cleanup", Time since last: 1002729168 ns, Reaching safepoint: 4308916 ns, At safepoint: 97042 ns, Total: 4405958 ns
[2023-07-18T08:35:03.788+0000][1][safepoint    ] Safepoint "Cleanup", Time since last: 1007481167 ns, Reaching safepoint: 948167 ns, At safepoint: 294833 ns, Total: 1243000 ns
[2023-07-18T08:35:04.794+0000][1][safepoint    ] Safepoint "Cleanup", Time since last: 1001218084 ns, Reaching safepoint: 4823500 ns, At safepoint: 87958 ns, Total: 4911458 ns
[2023-07-18T08:35:05.801+0000][1][safepoint    ] Safepoint "Cleanup", Time since last: 1002999167 ns, Reaching safepoint: 3473042 ns, At safepoint: 108833 ns, Total: 3581875 ns
[2023-07-18T08:35:06.808+0000][1][safepoint    ] Safepoint "Cleanup", Time since last: 1004634959 ns, Reaching safepoint: 2815375 ns, At safepoint: 77042 ns, Total: 2892417 ns
[2023-07-18T08:35:07.811+0000][1][safepoint    ] Safepoint "Cleanup", Time since last: 1001039500 ns, Reaching safepoint: 1614625 ns, At safepoint: 39667 ns, Total: 1654292 ns
[2023-07-18T08:35:08.819+0000][1][safepoint    ] Safepoint "Cleanup", Time since last: 1003330334 ns, Reaching safepoint: 4455583 ns, At safepoint: 87417 ns, Total: 4543000 ns
[2023-07-18T08:35:09.823+0000][1][safepoint    ] Safepoint "Cleanup", Time since last: 1002112625 ns, Reaching safepoint: 2564750 ns, At safepoint: 55209 ns, Total: 2619959 ns
[2023-07-18T08:35:10.829+0000][1][safepoint    ] Safepoint "Cleanup", Time since last: 1001423792 ns, Reaching safepoint: 4005208 ns, At safepoint: 116833 ns, Total: 4122041 ns
[2023-07-18T08:35:11.832+0000][1][safepoint    ] Safepoint "Cleanup", Time since last: 1001872959 ns, Reaching safepoint: 1630292 ns, At safepoint: 29125 ns, Total: 1659417 ns
[2023-07-18T08:35:12.837+0000][1][safepoint    ] Safepoint "Cleanup", Time since last: 1000751500 ns, Reaching safepoint: 4046625 ns, At safepoint: 90292 ns, Total: 4136917 ns
[2023-07-18T08:35:13.772+0000][1][safepoint    ] Safepoint "RevokeBias", Time since last: 932373834 ns, Reaching safepoint: 1732166 ns, At safepoint: 342834 ns, Total: 2075000 ns
[2023-07-18T08:35:14.776+0000][1][safepoint    ] Safepoint "Cleanup", Time since last: 1000553834 ns, Reaching safepoint: 3877375 ns, At safepoint: 94916 ns, Total: 3972291 ns
[2023-07-18T08:35:15.783+0000][1][safepoint    ] Safepoint "Cleanup", Time since last: 1002613542 ns, Reaching safepoint: 3968167 ns, At safepoint: 87667 ns, Total: 4055834 ns
[2023-07-18T08:35:16.788+0000][1][safepoint    ] Safepoint "Cleanup", Time since last: 1001124750 ns, Reaching safepoint: 3756292 ns, At safepoint: 89917 ns, Total: 3846209 ns
[2023-07-18T08:35:17.795+0000][1][safepoint    ] Safepoint "Cleanup", Time since last: 1002056625 ns, Reaching safepoint: 4747583 ns, At safepoint: 130250 ns, Total: 4877833 ns
[2023-07-18T08:35:18.797+0000][1][safepoint    ] Safepoint "Cleanup", Time since last: 1001508751 ns, Reaching safepoint: 746625 ns, At safepoint: 16000 ns, Total: 762625 ns
[2023-07-18T08:35:19.799+0000][1][safepoint    ] Safepoint "Cleanup", Time since last: 1000428208 ns, Reaching safepoint: 1671209 ns, At safepoint: 57041 ns, Total: 1728250 ns
[2023-07-18T08:35:20.807+0000][1][safepoint    ] Safepoint "Cleanup", Time since last: 1001202501 ns, Reaching safepoint: 5847291 ns, At safepoint: 435167 ns, Total: 6282458 ns
[2023-07-18T08:35:21.817+0000][1][safepoint    ] Safepoint "Cleanup", Time since last: 1007654709 ns, Reaching safepoint: 2515375 ns, At safepoint: 43125 ns, Total: 2558500 ns
[2023-07-18T08:35:22.822+0000][1][safepoint    ] Safepoint "Cleanup", Time since last: 1001860375 ns, Reaching safepoint: 2623084 ns, At safepoint: 91625 ns, Total: 2714709 ns
[2023-07-18T08:35:23.824+0000][1][safepoint    ] Safepoint "Cleanup", Time since last: 1001072500 ns, Reaching safepoint: 974917 ns, At safepoint: 26375 ns, Total: 1001292 ns
[2023-07-18T08:35:23.964+0000][1][gc,start     ] GC(24) Pause Young (Allocation Failure)
[2023-07-18T08:35:23.967+0000][1][gc,task      ] GC(24) Using 4 workers of 4 for evacuation
[2023-07-18T08:35:24.032+0000][1][gc,age       ] GC(24) Desired survivor size 8945664 bytes, new threshold 6 (max threshold 6)
[2023-07-18T08:35:24.032+0000][1][gc,age       ] GC(24) Age table with threshold 6 (max threshold 6)
[2023-07-18T08:35:24.032+0000][1][gc,age       ] GC(24) - age   1:     107768 bytes,     107768 total
[2023-07-18T08:35:24.033+0000][1][gc,age       ] GC(24) - age   2:      48456 bytes,     156224 total
[2023-07-18T08:35:24.033+0000][1][gc,age       ] GC(24) - age   3:    2628800 bytes,    2785024 total
[2023-07-18T08:35:24.033+0000][1][gc,age       ] GC(24) - age   4:     275520 bytes,    3060544 total
[2023-07-18T08:35:24.033+0000][1][gc,age       ] GC(24) - age   5:     218760 bytes,    3279304 total
[2023-07-18T08:35:24.033+0000][1][gc,age       ] GC(24) - age   6:      57024 bytes,    3336328 total
[2023-07-18T08:35:24.035+0000][1][gc,heap      ] GC(24) ParNew: 145863K->3872K(157248K)
[2023-07-18T08:35:24.035+0000][1][gc,heap      ] GC(24) CMS: 67687K->68133K(349568K)
[2023-07-18T08:35:24.036+0000][1][gc,metaspace ] GC(24) Metaspace: 89575K->89575K(1132544K)
[2023-07-18T08:35:24.038+0000][1][gc           ] GC(24) Pause Young (Allocation Failure) 208M->70M(494M) 73.470ms
[2023-07-18T08:35:24.038+0000][1][gc,cpu       ] GC(24) User=0.18s Sys=0.02s Real=0.07s
[2023-07-18T08:35:24.039+0000][1][safepoint    ] Safepoint "GenCollectForAllocation", Time since last: 139127958 ns, Reaching safepoint: 807459 ns, At safepoint: 75200166 ns, Total: 76007625 ns
[2023-07-18T08:35:25.044+0000][1][safepoint    ] Safepoint "Cleanup", Time since last: 1002248126 ns, Reaching safepoint: 3230125 ns, At safepoint: 128416 ns, Total: 3358541 ns
[2023-07-18T08:35:26.046+0000][1][safepoint    ] Safepoint "Cleanup", Time since last: 1001106959 ns, Reaching safepoint: 856417 ns, At safepoint: 17583 ns, Total: 874000 ns
[2023-07-18T08:35:27.050+0000][1][safepoint    ] Safepoint "Cleanup", Time since last: 1001365001 ns, Reaching safepoint: 2550375 ns, At safepoint: 79000 ns, Total: 2629375 ns
[2023-07-18T08:35:28.076+0000][1][safepoint    ] Safepoint "Cleanup", Time since last: 1021291500 ns, Reaching safepoint: 4283084 ns, At safepoint: 113666 ns, Total: 4396750 ns
[2023-07-18T08:35:29.082+0000][1][safepoint    ] Safepoint "Cleanup", Time since last: 1001932084 ns, Reaching safepoint: 3562292 ns, At safepoint: 102708 ns, Total: 3665000 ns
[2023-07-18T08:35:30.085+0000][1][safepoint    ] Safepoint "Cleanup", Time since last: 1001132084 ns, Reaching safepoint: 1746292 ns, At safepoint: 34333 ns, Total: 1780625 ns
[2023-07-18T08:35:31.091+0000][1][safepoint    ] Safepoint "Cleanup", Time since last: 1001545542 ns, Reaching safepoint: 4290417 ns, At safepoint: 104250 ns, Total: 4394667 ns
[2023-07-18T08:35:32.097+0000][1][safepoint    ] Safepoint "Cleanup", Time since last: 1002469084 ns, Reaching safepoint: 4263291 ns, At safepoint: 95792 ns, Total: 4359083 ns
[2023-07-18T08:35:33.104+0000][1][safepoint    ] Safepoint "Cleanup", Time since last: 1002001584 ns, Reaching safepoint: 4166166 ns, At safepoint: 79417 ns, Total: 4245583 ns
[2023-07-18T08:35:33.748+0000][1][safepoint    ] Safepoint "RevokeBias", Time since last: 640843625 ns, Reaching safepoint: 2660917 ns, At safepoint: 894750 ns, Total: 3555667 ns
[2023-07-18T08:35:34.752+0000][1][safepoint    ] Safepoint "Cleanup", Time since last: 1002954709 ns, Reaching safepoint: 1084416 ns, At safepoint: 22459 ns, Total: 1106875 ns
[2023-07-18T08:35:35.448+0000][1][safepoint    ] Safepoint "RevokeBias", Time since last: 694191625 ns, Reaching safepoint: 1605667 ns, At safepoint: 208750 ns, Total: 1814417 ns
[2023-07-18T08:35:35.454+0000][1][safepoint    ] Safepoint "RevokeBias", Time since last: 2714916 ns, Reaching safepoint: 2857500 ns, At safepoint: 172292 ns, Total: 3029792 ns
[2023-07-18T08:35:35.470+0000][1][safepoint    ] Safepoint "RevokeBias", Time since last: 11702292 ns, Reaching safepoint: 4616291 ns, At safepoint: 95292 ns, Total: 4711583 ns
[2023-07-18T08:35:35.513+0000][1][safepoint    ] Safepoint "RevokeBias", Time since last: 41548625 ns, Reaching safepoint: 993208 ns, At safepoint: 149250 ns, Total: 1142458 ns
[2023-07-18T08:35:35.516+0000][1][safepoint    ] Safepoint "RevokeBias", Time since last: 1839000 ns, Reaching safepoint: 1546375 ns, At safepoint: 72459 ns, Total: 1618834 ns
[2023-07-18T08:35:35.524+0000][1][safepoint    ] Safepoint "RevokeBias", Time since last: 6745791 ns, Reaching safepoint: 1063584 ns, At safepoint: 73458 ns, Total: 1137042 ns
[2023-07-18T08:35:36.532+0000][1][safepoint    ] Safepoint "Cleanup", Time since last: 1003673542 ns, Reaching safepoint: 3521125 ns, At safepoint: 123250 ns, Total: 3644375 ns
[2023-07-18T08:35:37.075+0000][1][safepoint    ] Safepoint "RevokeBias", Time since last: 542000542 ns, Reaching safepoint: 1039209 ns, At safepoint: 100916 ns, Total: 1140125 ns
[2023-07-18T08:35:37.076+0000][1][safepoint    ] Safepoint "RevokeBias", Time since last: 833750 ns, Reaching safepoint: 365834 ns, At safepoint: 58291 ns, Total: 424125 ns
[2023-07-18T08:35:37.077+0000][1][safepoint    ] Safepoint "RevokeBias", Time since last: 679167 ns, Reaching safepoint: 359417 ns, At safepoint: 64000 ns, Total: 423417 ns
[2023-07-18T08:35:37.078+0000][1][safepoint    ] Safepoint "RevokeBias", Time since last: 862958 ns, Reaching safepoint: 363333 ns, At safepoint: 51042 ns, Total: 414375 ns
[2023-07-18T08:35:37.079+0000][1][safepoint    ] Safepoint "RevokeBias", Time since last: 622583 ns, Reaching safepoint: 324167 ns, At safepoint: 50375 ns, Total: 374542 ns
[2023-07-18T08:35:37.080+0000][1][safepoint    ] Safepoint "RevokeBias", Time since last: 568917 ns, Reaching safepoint: 280541 ns, At safepoint: 47500 ns, Total: 328041 ns
[2023-07-18T08:35:37.082+0000][1][safepoint    ] Safepoint "RevokeBias", Time since last: 1331875 ns, Reaching safepoint: 292209 ns, At safepoint: 58541 ns, Total: 350750 ns
[2023-07-18T08:35:37.083+0000][1][safepoint    ] Safepoint "RevokeBias", Time since last: 863875 ns, Reaching safepoint: 450709 ns, At safepoint: 69291 ns, Total: 520000 ns
[2023-07-18T08:35:37.104+0000][1][safepoint    ] Safepoint "RevokeBias", Time since last: 20368625 ns, Reaching safepoint: 523209 ns, At safepoint: 98833 ns, Total: 622042 ns
[2023-07-18T08:35:37.106+0000][1][safepoint    ] Safepoint "RevokeBias", Time since last: 1104917 ns, Reaching safepoint: 523458 ns, At safepoint: 50583 ns, Total: 574041 ns
[2023-07-18T08:35:38.110+0000][1][safepoint    ] Safepoint "Cleanup", Time since last: 1000549042 ns, Reaching safepoint: 2951375 ns, At safepoint: 83667 ns, Total: 3035042 ns
[2023-07-18T08:35:39.121+0000][1][safepoint    ] Safepoint "Cleanup", Time since last: 1006083334 ns, Reaching safepoint: 4880333 ns, At safepoint: 137625 ns, Total: 5017958 ns
[2023-07-18T08:35:40.127+0000][1][safepoint    ] Safepoint "Cleanup", Time since last: 1005180292 ns, Reaching safepoint: 1045709 ns, At safepoint: 40291 ns, Total: 1086000 ns
[2023-07-18T08:35:41.130+0000][1][safepoint    ] Safepoint "Cleanup", Time since last: 1001532334 ns, Reaching safepoint: 1131000 ns, At safepoint: 42209 ns, Total: 1173209 ns
[2023-07-18T08:35:42.134+0000][1][safepoint    ] Safepoint "Cleanup", Time since last: 1002473958 ns, Reaching safepoint: 2223167 ns, At safepoint: 48833 ns, Total: 2272000 ns
[2023-07-18T08:35:43.139+0000][1][safepoint    ] Safepoint "Cleanup", Time since last: 1000765376 ns, Reaching safepoint: 3282750 ns, At safepoint: 104166 ns, Total: 3386916 ns
[2023-07-18T08:35:44.142+0000][1][safepoint    ] Safepoint "Cleanup", Time since last: 1001497418 ns, Reaching safepoint: 1656833 ns, At safepoint: 31000 ns, Total: 1687833 ns
[2023-07-18T08:35:45.147+0000][1][safepoint    ] Safepoint "Cleanup", Time since last: 1000678125 ns, Reaching safepoint: 4389584 ns, At safepoint: 116125 ns, Total: 4505709 ns
[2023-07-18T08:35:46.149+0000][1][safepoint    ] Safepoint "Cleanup", Time since last: 1001419334 ns, Reaching safepoint: 1010416 ns, At safepoint: 22917 ns, Total: 1033333 ns
[2023-07-18T08:35:47.156+0000][1][safepoint    ] Safepoint "Cleanup", Time since last: 1002660625 ns, Reaching safepoint: 4285292 ns, At safepoint: 105375 ns, Total: 4390667 ns
[2023-07-18T08:35:48.159+0000][1][safepoint    ] Safepoint "Cleanup", Time since last: 1001412125 ns, Reaching safepoint: 875458 ns, At safepoint: 24333 ns, Total: 899791 ns
[2023-07-18T08:35:49.164+0000][1][safepoint    ] Safepoint "Cleanup", Time since last: 1003617876 ns, Reaching safepoint: 1606583 ns, At safepoint: 37458 ns, Total: 1644041 ns
[2023-07-18T08:35:50.169+0000][1][safepoint    ] Safepoint "Cleanup", Time since last: 1002522543 ns, Reaching safepoint: 2379708 ns, At safepoint: 59792 ns, Total: 2439500 ns
[2023-07-18T08:35:51.175+0000][1][safepoint    ] Safepoint "Cleanup", Time since last: 1001019458 ns, Reaching safepoint: 4672125 ns, At safepoint: 108542 ns, Total: 4780667 ns
[2023-07-18T08:35:52.178+0000][1][safepoint    ] Safepoint "Cleanup", Time since last: 1002433125 ns, Reaching safepoint: 833917 ns, At safepoint: 22542 ns, Total: 856459 ns
[2023-07-18T08:35:53.180+0000][1][safepoint    ] Safepoint "Cleanup", Time since last: 1000806209 ns, Reaching safepoint: 1578583 ns, At safepoint: 41583 ns, Total: 1620166 ns
[2023-07-18T08:35:53.732+0000][1][safepoint    ] Safepoint "RevokeBias", Time since last: 549386667 ns, Reaching safepoint: 1921834 ns, At safepoint: 424083 ns, Total: 2345917 ns
[2023-07-18T08:35:54.735+0000][1][safepoint    ] Safepoint "Cleanup", Time since last: 1000502000 ns, Reaching safepoint: 2785125 ns, At safepoint: 41000 ns, Total: 2826125 ns
[2023-07-18T08:35:55.738+0000][1][safepoint    ] Safepoint "Cleanup", Time since last: 1001751334 ns, Reaching safepoint: 917458 ns, At safepoint: 20084 ns, Total: 937542 ns
[2023-07-18T08:35:56.740+0000][1][safepoint    ] Safepoint "Cleanup", Time since last: 1000601042 ns, Reaching safepoint: 1804875 ns, At safepoint: 37875 ns, Total: 1842750 ns
[2023-07-18T08:35:57.746+0000][1][safepoint    ] Safepoint "Cleanup", Time since last: 1001399667 ns, Reaching safepoint: 4183417 ns, At safepoint: 93208 ns, Total: 4276625 ns
[2023-07-18T08:35:58.753+0000][1][safepoint    ] Safepoint "Cleanup", Time since last: 1002213584 ns, Reaching safepoint: 4226958 ns, At safepoint: 122709 ns, Total: 4349667 ns
[2023-07-18T08:35:59.757+0000][1][safepoint    ] Safepoint "Cleanup", Time since last: 1001458792 ns, Reaching safepoint: 3225125 ns, At safepoint: 54708 ns, Total: 3279833 ns
[2023-07-18T08:36:00.761+0000][1][safepoint    ] Safepoint "Cleanup", Time since last: 1000761876 ns, Reaching safepoint: 2329041 ns, At safepoint: 56834 ns, Total: 2385875 ns
[2023-07-18T08:36:01.765+0000][1][safepoint    ] Safepoint "Cleanup", Time since last: 1001642833 ns, Reaching safepoint: 2418834 ns, At safepoint: 63041 ns, Total: 2481875 ns
[2023-07-18T08:36:02.770+0000][1][safepoint    ] Safepoint "Cleanup", Time since last: 1001324376 ns, Reaching safepoint: 4242292 ns, At safepoint: 99833 ns, Total: 4342125 ns
[2023-07-18T08:36:03.772+0000][1][safepoint    ] Safepoint "RevokeBias", Time since last: 999830500 ns, Reaching safepoint: 1838209 ns, At safepoint: 369833 ns, Total: 2208042 ns
[2023-07-18T08:36:04.781+0000][1][safepoint    ] Safepoint "Cleanup", Time since last: 1003281375 ns, Reaching safepoint: 5369459 ns, At safepoint: 94708 ns, Total: 5464167 ns
[2023-07-18T08:36:05.786+0000][1][safepoint    ] Safepoint "Cleanup", Time since last: 1001685417 ns, Reaching safepoint: 3114917 ns, At safepoint: 69917 ns, Total: 3184834 ns
[2023-07-18T08:36:06.792+0000][1][safepoint    ] Safepoint "Cleanup", Time since last: 1002133292 ns, Reaching safepoint: 3601333 ns, At safepoint: 78000 ns, Total: 3679333 ns
[2023-07-18T08:36:07.798+0000][1][safepoint    ] Safepoint "Cleanup", Time since last: 1001979001 ns, Reaching safepoint: 3935083 ns, At safepoint: 108208 ns, Total: 4043291 ns
[2023-07-18T08:36:08.804+0000][1][safepoint    ] Safepoint "Cleanup", Time since last: 1001439751 ns, Reaching safepoint: 4226958 ns, At safepoint: 114542 ns, Total: 4341500 ns
[2023-07-18T08:36:09.807+0000][1][safepoint    ] Safepoint "Cleanup", Time since last: 1001721542 ns, Reaching safepoint: 1755208 ns, At safepoint: 77084 ns, Total: 1832292 ns
[2023-07-18T08:36:10.811+0000][1][safepoint    ] Safepoint "Cleanup", Time since last: 1001021542 ns, Reaching safepoint: 2823458 ns, At safepoint: 72958 ns, Total: 2896416 ns
[2023-07-18T08:36:11.816+0000][1][safepoint    ] Safepoint "Cleanup", Time since last: 1002947084 ns, Reaching safepoint: 2148500 ns, At safepoint: 44958 ns, Total: 2193458 ns
[2023-07-18T08:36:12.825+0000][1][safepoint    ] Safepoint "Cleanup", Time since last: 1003572084 ns, Reaching safepoint: 4555000 ns, At safepoint: 96084 ns, Total: 4651084 ns
[2023-07-18T08:36:13.767+0000][1][safepoint    ] Safepoint "RevokeBias", Time since last: 940651458 ns, Reaching safepoint: 1777792 ns, At safepoint: 371417 ns, Total: 2149209 ns
[2023-07-18T08:36:14.772+0000][1][safepoint    ] Safepoint "Cleanup", Time since last: 1000577209 ns, Reaching safepoint: 3650291 ns, At safepoint: 84459 ns, Total: 3734750 ns
[2023-07-18T08:36:15.775+0000][1][safepoint    ] Safepoint "Cleanup", Time since last: 1001072583 ns, Reaching safepoint: 2525625 ns, At safepoint: 82334 ns, Total: 2607959 ns
[2023-07-18T08:36:16.778+0000][1][safepoint    ] Safepoint "Cleanup", Time since last: 1001541167 ns, Reaching safepoint: 1282792 ns, At safepoint: 29500 ns, Total: 1312292 ns
[2023-07-18T08:36:17.783+0000][1][safepoint    ] Safepoint "Cleanup", Time since last: 1001760707 ns, Reaching safepoint: 3000917 ns, At safepoint: 57083 ns, Total: 3058000 ns
[2023-07-18T08:36:18.787+0000][1][safepoint    ] Safepoint "Cleanup", Time since last: 1001558293 ns, Reaching safepoint: 2815666 ns, At safepoint: 64042 ns, Total: 2879708 ns
[2023-07-18T08:36:19.790+0000][1][safepoint    ] Safepoint "Cleanup", Time since last: 1001348167 ns, Reaching safepoint: 1217917 ns, At safepoint: 22250 ns, Total: 1240167 ns
[2023-07-18T08:36:20.795+0000][1][safepoint    ] Safepoint "Cleanup", Time since last: 1001428750 ns, Reaching safepoint: 3970125 ns, At safepoint: 103542 ns, Total: 4073667 ns
[2023-07-18T08:36:21.798+0000][1][safepoint    ] Safepoint "Cleanup", Time since last: 1001794750 ns, Reaching safepoint: 1534750 ns, At safepoint: 27459 ns, Total: 1562209 ns
[2023-07-18T08:36:22.802+0000][1][safepoint    ] Safepoint "Cleanup", Time since last: 1001033250 ns, Reaching safepoint: 2631750 ns, At safepoint: 65792 ns, Total: 2697542 ns
[2023-07-18T08:36:23.805+0000][1][safepoint    ] Safepoint "Cleanup", Time since last: 1001069792 ns, Reaching safepoint: 1571792 ns, At safepoint: 24250 ns, Total: 1596042 ns
[2023-07-18T08:36:24.811+0000][1][safepoint    ] Safepoint "Cleanup", Time since last: 1000746500 ns, Reaching safepoint: 4932292 ns, At safepoint: 80791 ns, Total: 5013083 ns
[2023-07-18T08:36:25.817+0000][1][safepoint    ] Safepoint "Cleanup", Time since last: 1001681334 ns, Reaching safepoint: 4402000 ns, At safepoint: 96417 ns, Total: 4498417 ns
[2023-07-18T08:36:26.824+0000][1][safepoint    ] Safepoint "Cleanup", Time since last: 1002901375 ns, Reaching safepoint: 3871959 ns, At safepoint: 119416 ns, Total: 3991375 ns
[2023-07-18T08:36:27.831+0000][1][safepoint    ] Safepoint "Cleanup", Time since last: 1001978042 ns, Reaching safepoint: 4693084 ns, At safepoint: 97208 ns, Total: 4790292 ns
[2023-07-18T08:36:28.835+0000][1][safepoint    ] Safepoint "Cleanup", Time since last: 1001703667 ns, Reaching safepoint: 2974917 ns, At safepoint: 86375 ns, Total: 3061292 ns
[2023-07-18T08:36:29.842+0000][1][safepoint    ] Safepoint "Cleanup", Time since last: 1002226084 ns, Reaching safepoint: 4100208 ns, At safepoint: 135083 ns, Total: 4235291 ns
[2023-07-18T08:36:30.849+0000][1][safepoint    ] Safepoint "Cleanup", Time since last: 1002258876 ns, Reaching safepoint: 4562375 ns, At safepoint: 97833 ns, Total: 4660208 ns
[2023-07-18T08:36:31.857+0000][1][safepoint    ] Safepoint "Cleanup", Time since last: 1005090792 ns, Reaching safepoint: 3151667 ns, At safepoint: 86375 ns, Total: 3238042 ns
[2023-07-18T08:36:32.865+0000][1][safepoint    ] Safepoint "Cleanup", Time since last: 1003107001 ns, Reaching safepoint: 4347833 ns, At safepoint: 110000 ns, Total: 4457833 ns
[2023-07-18T08:36:33.774+0000][1][safepoint    ] Safepoint "RevokeBias", Time since last: 906958667 ns, Reaching safepoint: 1810208 ns, At safepoint: 397042 ns, Total: 2207250 ns
[2023-07-18T08:36:34.780+0000][1][safepoint    ] Safepoint "Cleanup", Time since last: 1002181375 ns, Reaching safepoint: 4173917 ns, At safepoint: 79375 ns, Total: 4253292 ns
[2023-07-18T08:36:35.784+0000][1][safepoint    ] Safepoint "Cleanup", Time since last: 1001917584 ns, Reaching safepoint: 1783583 ns, At safepoint: 36167 ns, Total: 1819750 ns
[2023-07-18T08:36:36.390+0000][1][safepoint    ] Safepoint "RevokeBias", Time since last: 604948250 ns, Reaching safepoint: 1075625 ns, At safepoint: 98750 ns, Total: 1174375 ns
[2023-07-18T08:36:36.397+0000][1][safepoint    ] Safepoint "RevokeBias", Time since last: 5429334 ns, Reaching safepoint: 1211583 ns, At safepoint: 230750 ns, Total: 1442333 ns
[2023-07-18T08:36:36.414+0000][1][safepoint    ] Safepoint "RevokeBias", Time since last: 16547542 ns, Reaching safepoint: 649958 ns, At safepoint: 84167 ns, Total: 734125 ns
[2023-07-18T08:36:36.420+0000][1][safepoint    ] Safepoint "RevokeBias", Time since last: 4475916 ns, Reaching safepoint: 1079584 ns, At safepoint: 122250 ns, Total: 1201834 ns
[2023-07-18T08:36:36.423+0000][1][safepoint    ] Safepoint "RevokeBias", Time since last: 2214666 ns, Reaching safepoint: 949542 ns, At safepoint: 79042 ns, Total: 1028584 ns
[2023-07-18T08:36:37.429+0000][1][safepoint    ] Safepoint "Cleanup", Time since last: 1001092083 ns, Reaching safepoint: 4318875 ns, At safepoint: 91209 ns, Total: 4410084 ns
[2023-07-18T08:36:38.435+0000][1][safepoint    ] Safepoint "Cleanup", Time since last: 1001959792 ns, Reaching safepoint: 3951500 ns, At safepoint: 92875 ns, Total: 4044375 ns
[2023-07-18T08:36:39.441+0000][1][safepoint    ] Safepoint "Cleanup", Time since last: 1001644459 ns, Reaching safepoint: 4426333 ns, At safepoint: 97250 ns, Total: 4523583 ns
[2023-07-18T08:36:40.445+0000][1][safepoint    ] Safepoint "Cleanup", Time since last: 1001339042 ns, Reaching safepoint: 2677209 ns, At safepoint: 63541 ns, Total: 2740750 ns
[2023-07-18T08:36:41.449+0000][1][safepoint    ] Safepoint "Cleanup", Time since last: 1001123959 ns, Reaching safepoint: 3217458 ns, At safepoint: 95917 ns, Total: 3313375 ns
[2023-07-18T08:36:42.456+0000][1][safepoint    ] Safepoint "Cleanup", Time since last: 1001525584 ns, Reaching safepoint: 4822333 ns, At safepoint: 120750 ns, Total: 4943083 ns
[2023-07-18T08:36:43.458+0000][1][safepoint    ] Safepoint "Cleanup", Time since last: 1001867334 ns, Reaching safepoint: 876417 ns, At safepoint: 16708 ns, Total: 893125 ns
[2023-07-18T08:36:43.796+0000][1][safepoint    ] Safepoint "RevokeBias", Time since last: 335772167 ns, Reaching safepoint: 1641250 ns, At safepoint: 377958 ns, Total: 2019208 ns
[2023-07-18T08:36:44.805+0000][1][safepoint    ] Safepoint "Cleanup", Time since last: 1003768584 ns, Reaching safepoint: 5054375 ns, At safepoint: 105667 ns, Total: 5160042 ns
[2023-07-18T08:36:45.808+0000][1][safepoint    ] Safepoint "Cleanup", Time since last: 1001619208 ns, Reaching safepoint: 1316500 ns, At safepoint: 26292 ns, Total: 1342792 ns
[2023-07-18T08:36:46.814+0000][1][safepoint    ] Safepoint "Cleanup", Time since last: 1001993251 ns, Reaching safepoint: 3763416 ns, At safepoint: 89875 ns, Total: 3853291 ns
[2023-07-18T08:36:47.820+0000][1][safepoint    ] Safepoint "Cleanup", Time since last: 1004319667 ns, Reaching safepoint: 1549583 ns, At safepoint: 35250 ns, Total: 1584833 ns
[2023-07-18T08:36:48.825+0000][1][safepoint    ] Safepoint "Cleanup", Time since last: 1000710834 ns, Reaching safepoint: 4485542 ns, At safepoint: 97833 ns, Total: 4583375 ns
[2023-07-18T08:36:49.832+0000][1][safepoint    ] Safepoint "Cleanup", Time since last: 1002418459 ns, Reaching safepoint: 4126000 ns, At safepoint: 82542 ns, Total: 4208542 ns
[2023-07-18T08:36:50.834+0000][1][safepoint    ] Safepoint "Cleanup", Time since last: 1001407958 ns, Reaching safepoint: 763125 ns, At safepoint: 18459 ns, Total: 781584 ns
[2023-07-18T08:36:51.361+0000][1][safepoint    ] Safepoint "RevokeBias", Time since last: 526858750 ns, Reaching safepoint: 803667 ns, At safepoint: 32958 ns, Total: 836625 ns
[2023-07-18T08:36:51.385+0000][1][safepoint    ] Safepoint "RevokeBias", Time since last: 22907208 ns, Reaching safepoint: 703334 ns, At safepoint: 28208 ns, Total: 731542 ns
[2023-07-18T08:36:52.389+0000][1][safepoint    ] Safepoint "Cleanup", Time since last: 1001038376 ns, Reaching safepoint: 3225375 ns, At safepoint: 70708 ns, Total: 3296083 ns
[2023-07-18T08:36:53.391+0000][1][safepoint    ] Safepoint "Cleanup", Time since last: 1000986584 ns, Reaching safepoint: 826958 ns, At safepoint: 19667 ns, Total: 846625 ns
[2023-07-18T08:36:53.783+0000][1][safepoint    ] Safepoint "RevokeBias", Time since last: 389578875 ns, Reaching safepoint: 1947375 ns, At safepoint: 423083 ns, Total: 2370458 ns
[2023-07-18T08:36:54.787+0000][1][safepoint    ] Safepoint "Cleanup", Time since last: 1001509126 ns, Reaching safepoint: 2043083 ns, At safepoint: 40208 ns, Total: 2083291 ns
[2023-07-18T08:36:55.792+0000][1][safepoint    ] Safepoint "Cleanup", Time since last: 1000938209 ns, Reaching safepoint: 3991459 ns, At safepoint: 141916 ns, Total: 4133375 ns
[2023-07-18T08:36:56.796+0000][1][safepoint    ] Safepoint "Cleanup", Time since last: 1001975334 ns, Reaching safepoint: 1769792 ns, At safepoint: 62583 ns, Total: 1832375 ns
[2023-07-18T08:36:57.798+0000][1][safepoint    ] Safepoint "Cleanup", Time since last: 1000693667 ns, Reaching safepoint: 1872667 ns, At safepoint: 43666 ns, Total: 1916333 ns
[2023-07-18T08:36:58.800+0000][1][safepoint    ] Safepoint "Cleanup", Time since last: 1000935251 ns, Reaching safepoint: 629042 ns, At safepoint: 14541 ns, Total: 643583 ns
[2023-07-18T08:36:59.803+0000][1][safepoint    ] Safepoint "Cleanup", Time since last: 1000670501 ns, Reaching safepoint: 2785375 ns, At safepoint: 67458 ns, Total: 2852833 ns
[2023-07-18T08:37:00.809+0000][1][safepoint    ] Safepoint "Cleanup", Time since last: 1001391459 ns, Reaching safepoint: 4445708 ns, At safepoint: 101584 ns, Total: 4547292 ns
[2023-07-18T08:37:01.815+0000][1][safepoint    ] Safepoint "Cleanup", Time since last: 1002576583 ns, Reaching safepoint: 2792000 ns, At safepoint: 71959 ns, Total: 2863959 ns
[2023-07-18T08:37:02.820+0000][1][safepoint    ] Safepoint "Cleanup", Time since last: 1001292625 ns, Reaching safepoint: 3872625 ns, At safepoint: 111792 ns, Total: 3984417 ns
[2023-07-18T08:37:03.794+0000][1][safepoint    ] Safepoint "RevokeBias", Time since last: 971970000 ns, Reaching safepoint: 1646500 ns, At safepoint: 348417 ns, Total: 1994917 ns
[2023-07-18T08:37:04.800+0000][1][safepoint    ] Safepoint "Cleanup", Time since last: 1001585084 ns, Reaching safepoint: 4200375 ns, At safepoint: 98250 ns, Total: 4298625 ns
[2023-07-18T08:37:05.806+0000][1][safepoint    ] Safepoint "Cleanup", Time since last: 1001653250 ns, Reaching safepoint: 4154292 ns, At safepoint: 89542 ns, Total: 4243834 ns
[2023-07-18T08:37:06.812+0000][1][safepoint    ] Safepoint "Cleanup", Time since last: 1001938417 ns, Reaching safepoint: 4402458 ns, At safepoint: 91208 ns, Total: 4493666 ns
[2023-07-18T08:37:07.817+0000][1][safepoint    ] Safepoint "Cleanup", Time since last: 1001433209 ns, Reaching safepoint: 3452000 ns, At safepoint: 59167 ns, Total: 3511167 ns
[2023-07-18T08:37:08.824+0000][1][safepoint    ] Safepoint "Cleanup", Time since last: 1003100250 ns, Reaching safepoint: 3944250 ns, At safepoint: 101542 ns, Total: 4045792 ns
[2023-07-18T08:37:09.835+0000][1][safepoint    ] Safepoint "Cleanup", Time since last: 1005805292 ns, Reaching safepoint: 4513250 ns, At safepoint: 105709 ns, Total: 4618959 ns
[2023-07-18T08:37:10.841+0000][1][safepoint    ] Safepoint "Cleanup", Time since last: 1002381375 ns, Reaching safepoint: 3852375 ns, At safepoint: 122792 ns, Total: 3975167 ns
[2023-07-18T08:37:11.848+0000][1][safepoint    ] Safepoint "Cleanup", Time since last: 1002769042 ns, Reaching safepoint: 3810333 ns, At safepoint: 106292 ns, Total: 3916625 ns
[2023-07-18T08:37:12.852+0000][1][safepoint    ] Safepoint "Cleanup", Time since last: 1001728042 ns, Reaching safepoint: 2326125 ns, At safepoint: 77167 ns, Total: 2403292 ns
[2023-07-18T08:37:13.769+0000][1][safepoint    ] Safepoint "BulkRevokeBias", Time since last: 912738167 ns, Reaching safepoint: 1647041 ns, At safepoint: 2443875 ns, Total: 4090916 ns
[2023-07-18T08:37:14.772+0000][1][safepoint    ] Safepoint "Cleanup", Time since last: 1001032709 ns, Reaching safepoint: 1755417 ns, At safepoint: 32917 ns, Total: 1788334 ns
[2023-07-18T08:37:15.779+0000][1][safepoint    ] Safepoint "Cleanup", Time since last: 1002868875 ns, Reaching safepoint: 4447417 ns, At safepoint: 115291 ns, Total: 4562708 ns
[2023-07-18T08:37:16.785+0000][1][safepoint    ] Safepoint "Cleanup", Time since last: 1002150626 ns, Reaching safepoint: 3926917 ns, At safepoint: 85791 ns, Total: 4012708 ns
[2023-07-18T08:37:17.788+0000][1][safepoint    ] Safepoint "Cleanup", Time since last: 1001944708 ns, Reaching safepoint: 1481459 ns, At safepoint: 40208 ns, Total: 1521667 ns
[2023-07-18T08:37:18.557+0000][1][gc,start     ] GC(25) Pause Young (Allocation Failure)
[2023-07-18T08:37:18.559+0000][1][gc,task      ] GC(25) Using 4 workers of 4 for evacuation
[2023-07-18T08:37:18.587+0000][1][gc,age       ] GC(25) Desired survivor size 8945664 bytes, new threshold 6 (max threshold 6)
[2023-07-18T08:37:18.588+0000][1][gc,age       ] GC(25) Age table with threshold 6 (max threshold 6)
[2023-07-18T08:37:18.588+0000][1][gc,age       ] GC(25) - age   1:     167456 bytes,     167456 total
[2023-07-18T08:37:18.588+0000][1][gc,age       ] GC(25) - age   2:       9752 bytes,     177208 total
[2023-07-18T08:37:18.588+0000][1][gc,age       ] GC(25) - age   3:      48336 bytes,     225544 total
[2023-07-18T08:37:18.588+0000][1][gc,age       ] GC(25) - age   4:    2620312 bytes,    2845856 total
[2023-07-18T08:37:18.589+0000][1][gc,age       ] GC(25) - age   5:     274784 bytes,    3120640 total
[2023-07-18T08:37:18.589+0000][1][gc,age       ] GC(25) - age   6:     200336 bytes,    3320976 total
[2023-07-18T08:37:18.589+0000][1][gc,heap      ] GC(25) ParNew: 143648K->3902K(157248K)
[2023-07-18T08:37:18.589+0000][1][gc,heap      ] GC(25) CMS: 68133K->68189K(349568K)
[2023-07-18T08:37:18.589+0000][1][gc,metaspace ] GC(25) Metaspace: 89743K->89743K(1132544K)
[2023-07-18T08:37:18.590+0000][1][gc           ] GC(25) Pause Young (Allocation Failure) 206M->70M(494M) 32.344ms
[2023-07-18T08:37:18.590+0000][1][gc,cpu       ] GC(25) User=0.06s Sys=0.01s Real=0.03s
[2023-07-18T08:37:18.590+0000][1][safepoint    ] Safepoint "GenCollectForAllocation", Time since last: 764850292 ns, Reaching safepoint: 3888042 ns, At safepoint: 32856041 ns, Total: 36744083 ns
[2023-07-18T08:37:19.593+0000][1][safepoint    ] Safepoint "Cleanup", Time since last: 1000497459 ns, Reaching safepoint: 2411209 ns, At safepoint: 45541 ns, Total: 2456750 ns
[2023-07-18T08:37:20.598+0000][1][safepoint    ] Safepoint "Cleanup", Time since last: 1001073417 ns, Reaching safepoint: 3331000 ns, At safepoint: 71167 ns, Total: 3402167 ns
[2023-07-18T08:37:21.601+0000][1][safepoint    ] Safepoint "Cleanup", Time since last: 1003040584 ns, Reaching safepoint: 706250 ns, At safepoint: 21875 ns, Total: 728125 ns
[2023-07-18T08:37:22.607+0000][1][safepoint    ] Safepoint "Cleanup", Time since last: 1003112750 ns, Reaching safepoint: 2495459 ns, At safepoint: 53208 ns, Total: 2548667 ns
[2023-07-18T08:37:23.612+0000][1][safepoint    ] Safepoint "Cleanup", Time since last: 1002513417 ns, Reaching safepoint: 2869625 ns, At safepoint: 54292 ns, Total: 2923917 ns
[2023-07-18T08:37:23.761+0000][1][safepoint    ] Safepoint "RevokeBias", Time since last: 146727417 ns, Reaching safepoint: 1648833 ns, At safepoint: 356625 ns, Total: 2005458 ns
[2023-07-18T08:37:24.764+0000][1][safepoint    ] Safepoint "Cleanup", Time since last: 1000400709 ns, Reaching safepoint: 2004083 ns, At safepoint: 42583 ns, Total: 2046666 ns
[2023-07-18T08:37:25.769+0000][1][safepoint    ] Safepoint "Cleanup", Time since last: 1001818293 ns, Reaching safepoint: 3920083 ns, At safepoint: 97708 ns, Total: 4017791 ns
[2023-07-18T08:37:26.776+0000][1][safepoint    ] Safepoint "Cleanup", Time since last: 1002358167 ns, Reaching safepoint: 4462917 ns, At safepoint: 100625 ns, Total: 4563542 ns
[2023-07-18T08:37:27.779+0000][1][safepoint    ] Safepoint "Cleanup", Time since last: 1001768042 ns, Reaching safepoint: 1130708 ns, At safepoint: 13792 ns, Total: 1144500 ns
[2023-07-18T08:37:28.784+0000][1][safepoint    ] Safepoint "Cleanup", Time since last: 1001451584 ns, Reaching safepoint: 3520375 ns, At safepoint: 92875 ns, Total: 3613250 ns
[2023-07-18T08:37:29.790+0000][1][safepoint    ] Safepoint "Cleanup", Time since last: 1001393292 ns, Reaching safepoint: 4072292 ns, At safepoint: 99083 ns, Total: 4171375 ns
[2023-07-18T08:37:30.796+0000][1][safepoint    ] Safepoint "Cleanup", Time since last: 1001399584 ns, Reaching safepoint: 4349292 ns, At safepoint: 110041 ns, Total: 4459333 ns
[2023-07-18T08:37:31.803+0000][1][safepoint    ] Safepoint "Cleanup", Time since last: 1002988792 ns, Reaching safepoint: 4496292 ns, At safepoint: 81333 ns, Total: 4577625 ns
[2023-07-18T08:37:32.808+0000][1][safepoint    ] Safepoint "Cleanup", Time since last: 1001321334 ns, Reaching safepoint: 3444500 ns, At safepoint: 70917 ns, Total: 3515417 ns
[2023-07-18T08:37:33.810+0000][1][safepoint    ] Safepoint "Cleanup", Time since last: 1001126959 ns, Reaching safepoint: 1132375 ns, At safepoint: 14250 ns, Total: 1146625 ns
[2023-07-18T08:37:34.818+0000][1][safepoint    ] Safepoint "Cleanup", Time since last: 1001646542 ns, Reaching safepoint: 5566875 ns, At safepoint: 106291 ns, Total: 5673166 ns
[2023-07-18T08:37:35.822+0000][1][safepoint    ] Safepoint "Cleanup", Time since last: 1002601876 ns, Reaching safepoint: 1258542 ns, At safepoint: 23458 ns, Total: 1282000 ns
[2023-07-18T08:37:36.826+0000][1][safepoint    ] Safepoint "Cleanup", Time since last: 1000629709 ns, Reaching safepoint: 3508541 ns, At safepoint: 74125 ns, Total: 3582666 ns
[2023-07-18T08:37:37.433+0000][1][safepoint    ] Safepoint "RevokeBias", Time since last: 606090417 ns, Reaching safepoint: 1195000 ns, At safepoint: 125500 ns, Total: 1320500 ns
[2023-07-18T08:37:37.436+0000][1][safepoint    ] Safepoint "RevokeBias", Time since last: 1862959 ns, Reaching safepoint: 956500 ns, At safepoint: 97416 ns, Total: 1053916 ns
[2023-07-18T08:37:37.440+0000][1][safepoint    ] Safepoint "RevokeBias", Time since last: 2696667 ns, Reaching safepoint: 942333 ns, At safepoint: 75375 ns, Total: 1017708 ns
[2023-07-18T08:37:37.476+0000][1][safepoint    ] Safepoint "BulkRevokeBias", Time since last: 33874334 ns, Reaching safepoint: 695625 ns, At safepoint: 1474750 ns, Total: 2170375 ns
[2023-07-18T08:37:37.479+0000][1][safepoint    ] Safepoint "RevokeBias", Time since last: 2286041 ns, Reaching safepoint: 1131292 ns, At safepoint: 146875 ns, Total: 1278167 ns
[2023-07-18T08:37:38.484+0000][1][safepoint    ] Safepoint "Cleanup", Time since last: 1000857001 ns, Reaching safepoint: 3788833 ns, At safepoint: 83750 ns, Total: 3872583 ns
[2023-07-18T08:37:39.490+0000][1][safepoint    ] Safepoint "Cleanup", Time since last: 1001661167 ns, Reaching safepoint: 3916250 ns, At safepoint: 139583 ns, Total: 4055833 ns
[2023-07-18T08:37:40.495+0000][1][safepoint    ] Safepoint "Cleanup", Time since last: 1002249084 ns, Reaching safepoint: 2974792 ns, At safepoint: 63083 ns, Total: 3037875 ns
[2023-07-18T08:37:41.498+0000][1][safepoint    ] Safepoint "Cleanup", Time since last: 1001929292 ns, Reaching safepoint: 803917 ns, At safepoint: 19750 ns, Total: 823667 ns
[2023-07-18T08:37:42.503+0000][1][safepoint    ] Safepoint "Cleanup", Time since last: 1000578959 ns, Reaching safepoint: 4287708 ns, At safepoint: 143333 ns, Total: 4431041 ns
[2023-07-18T08:37:43.507+0000][1][safepoint    ] Safepoint "Cleanup", Time since last: 1002573751 ns, Reaching safepoint: 1277375 ns, At safepoint: 26750 ns, Total: 1304125 ns
[2023-07-18T08:37:43.778+0000][1][safepoint    ] Safepoint "RevokeBias", Time since last: 269029417 ns, Reaching safepoint: 1814041 ns, At safepoint: 371292 ns, Total: 2185333 ns
[2023-07-18T08:37:44.787+0000][1][safepoint    ] Safepoint "Cleanup", Time since last: 1001030459 ns, Reaching safepoint: 6697333 ns, At safepoint: 464959 ns, Total: 7162292 ns
[2023-07-18T08:37:45.795+0000][1][safepoint    ] Safepoint "Cleanup", Time since last: 1006817000 ns, Reaching safepoint: 1447917 ns, At safepoint: 32333 ns, Total: 1480250 ns
[2023-07-18T08:37:46.801+0000][1][safepoint    ] Safepoint "Cleanup", Time since last: 1002157042 ns, Reaching safepoint: 4273750 ns, At safepoint: 95500 ns, Total: 4369250 ns
[2023-07-18T08:37:47.807+0000][1][safepoint    ] Safepoint "Cleanup", Time since last: 1003979042 ns, Reaching safepoint: 1797875 ns, At safepoint: 57208 ns, Total: 1855083 ns
[2023-07-18T08:37:54.818+0000][1][safepoint    ] Safepoint "Cleanup", Time since last: 7005815170 ns, Reaching safepoint: 5275542 ns, At safepoint: 101791 ns, Total: 5377333 ns
[2023-07-18T08:38:01.829+0000][1][safepoint    ] Safepoint "Cleanup", Time since last: 7006386712 ns, Reaching safepoint: 4135917 ns, At safepoint: 135500 ns, Total: 4271417 ns
[2023-07-18T08:38:03.790+0000][1][safepoint    ] Safepoint "RevokeBias", Time since last: 1957496709 ns, Reaching safepoint: 2751333 ns, At safepoint: 1080209 ns, Total: 3831542 ns
[2023-07-18T08:38:04.795+0000][1][safepoint    ] Safepoint "Cleanup", Time since last: 1000989417 ns, Reaching safepoint: 3546625 ns, At safepoint: 414333 ns, Total: 3960958 ns
[2023-07-18T08:38:13.806+0000][1][safepoint    ] Safepoint "Cleanup", Time since last: 9009551338 ns, Reaching safepoint: 1167041 ns, At safepoint: 18542 ns, Total: 1185583 ns
[2023-07-18T08:38:14.811+0000][1][safepoint    ] Safepoint "Cleanup", Time since last: 1001073542 ns, Reaching safepoint: 4264750 ns, At safepoint: 92750 ns, Total: 4357500 ns
[2023-07-18T08:38:23.805+0000][1][safepoint    ] Safepoint "RevokeBias", Time since last: 8991096212 ns, Reaching safepoint: 2689750 ns, At safepoint: 447584 ns, Total: 3137334 ns
[2023-07-18T08:38:24.811+0000][1][safepoint    ] Safepoint "Cleanup", Time since last: 1001000125 ns, Reaching safepoint: 4925042 ns, At safepoint: 103958 ns, Total: 5029000 ns
[2023-07-18T08:38:25.817+0000][1][safepoint    ] Safepoint "Cleanup", Time since last: 1002280042 ns, Reaching safepoint: 3486959 ns, At safepoint: 80750 ns, Total: 3567709 ns
[2023-07-18T08:38:28.821+0000][1][safepoint    ] Safepoint "Cleanup", Time since last: 3001791918 ns, Reaching safepoint: 2226708 ns, At safepoint: 65917 ns, Total: 2292625 ns
[2023-07-18T08:38:31.827+0000][1][safepoint    ] Safepoint "Cleanup", Time since last: 3001333543 ns, Reaching safepoint: 4514333 ns, At safepoint: 99500 ns, Total: 4613833 ns
[2023-07-18T08:38:33.806+0000][1][safepoint    ] Safepoint "RevokeBias", Time since last: 1976719043 ns, Reaching safepoint: 2010166 ns, At safepoint: 777125 ns, Total: 2787291 ns
[2023-07-18T08:38:34.813+0000][1][safepoint    ] Safepoint "Cleanup", Time since last: 1002117126 ns, Reaching safepoint: 4478125 ns, At safepoint: 114583 ns, Total: 4592708 ns
[2023-07-18T08:38:36.821+0000][1][safepoint    ] Safepoint "Cleanup", Time since last: 2003634709 ns, Reaching safepoint: 4453625 ns, At safepoint: 90959 ns, Total: 4544584 ns
[2023-07-18T08:38:38.435+0000][1][safepoint    ] Safepoint "RevokeBias", Time since last: 1612705584 ns, Reaching safepoint: 998375 ns, At safepoint: 162458 ns, Total: 1160833 ns
[2023-07-18T08:38:38.437+0000][1][safepoint    ] Safepoint "RevokeBias", Time since last: 1387250 ns, Reaching safepoint: 706750 ns, At safepoint: 86292 ns, Total: 793042 ns
[2023-07-18T08:38:38.441+0000][1][safepoint    ] Safepoint "RevokeBias", Time since last: 2940667 ns, Reaching safepoint: 992083 ns, At safepoint: 69542 ns, Total: 1061625 ns
[2023-07-18T08:38:38.481+0000][1][safepoint    ] Safepoint "RevokeBias", Time since last: 38231083 ns, Reaching safepoint: 797292 ns, At safepoint: 131875 ns, Total: 929167 ns
[2023-07-18T08:38:38.493+0000][1][safepoint    ] Safepoint "RevokeBias", Time since last: 1605458 ns, Reaching safepoint: 2595083 ns, At safepoint: 7753125 ns, Total: 10348208 ns
[2023-07-18T08:38:39.496+0000][1][safepoint    ] Safepoint "Cleanup", Time since last: 1000703042 ns, Reaching safepoint: 2853500 ns, At safepoint: 71459 ns, Total: 2924959 ns
[2023-07-18T08:38:43.783+0000][1][safepoint    ] Safepoint "RevokeBias", Time since last: 4283957502 ns, Reaching safepoint: 2108541 ns, At safepoint: 642250 ns, Total: 2750791 ns
[2023-07-18T08:38:53.811+0000][1][safepoint    ] Safepoint "RevokeBias", Time since last: 10026070921 ns, Reaching safepoint: 1839167 ns, At safepoint: 380208 ns, Total: 2219375 ns
[2023-07-18T08:38:55.820+0000][1][safepoint    ] Safepoint "Cleanup", Time since last: 2003516543 ns, Reaching safepoint: 5178000 ns, At safepoint: 101250 ns, Total: 5279250 ns
[2023-07-18T08:39:03.797+0000][1][safepoint    ] Safepoint "RevokeBias", Time since last: 7974509712 ns, Reaching safepoint: 2173208 ns, At safepoint: 410208 ns, Total: 2583416 ns
[2023-07-18T08:39:04.802+0000][1][safepoint    ] Safepoint "Cleanup", Time since last: 1000763251 ns, Reaching safepoint: 4474375 ns, At safepoint: 121375 ns, Total: 4595750 ns
[2023-07-18T08:39:13.782+0000][1][safepoint    ] Safepoint "RevokeBias", Time since last: 8977298962 ns, Reaching safepoint: 1912334 ns, At safepoint: 380958 ns, Total: 2293292 ns
[2023-07-18T08:39:14.788+0000][1][safepoint    ] Safepoint "Cleanup", Time since last: 1002072667 ns, Reaching safepoint: 3575750 ns, At safepoint: 90500 ns, Total: 3666250 ns
[2023-07-18T08:39:16.175+0000][1][gc,start     ] GC(26) Pause Young (Allocation Failure)
[2023-07-18T08:39:16.180+0000][1][gc,task      ] GC(26) Using 4 workers of 4 for evacuation
[2023-07-18T08:39:16.231+0000][1][gc,age       ] GC(26) Desired survivor size 8945664 bytes, new threshold 6 (max threshold 6)
[2023-07-18T08:39:16.231+0000][1][gc,age       ] GC(26) Age table with threshold 6 (max threshold 6)
[2023-07-18T08:39:16.232+0000][1][gc,age       ] GC(26) - age   1:     116712 bytes,     116712 total
[2023-07-18T08:39:16.232+0000][1][gc,age       ] GC(26) - age   2:      70912 bytes,     187624 total
[2023-07-18T08:39:16.232+0000][1][gc,age       ] GC(26) - age   3:       9664 bytes,     197288 total
[2023-07-18T08:39:16.232+0000][1][gc,age       ] GC(26) - age   4:      48336 bytes,     245624 total
[2023-07-18T08:39:16.232+0000][1][gc,age       ] GC(26) - age   5:    2592008 bytes,    2837632 total
[2023-07-18T08:39:16.232+0000][1][gc,age       ] GC(26) - age   6:     274784 bytes,    3112416 total
[2023-07-18T08:39:16.233+0000][1][gc,heap      ] GC(26) ParNew: 143678K->3536K(157248K)
[2023-07-18T08:39:16.233+0000][1][gc,heap      ] GC(26) CMS: 68189K->68385K(349568K)
[2023-07-18T08:39:16.233+0000][1][gc,metaspace ] GC(26) Metaspace: 89837K->89837K(1132544K)
[2023-07-18T08:39:16.234+0000][1][gc           ] GC(26) Pause Young (Allocation Failure) 206M->70M(494M) 59.616ms
[2023-07-18T08:39:16.234+0000][1][gc,cpu       ] GC(26) User=0.11s Sys=0.02s Real=0.06s
[2023-07-18T08:39:16.235+0000][1][safepoint    ] Safepoint "GenCollectForAllocation", Time since last: 1383606376 ns, Reaching safepoint: 2676458 ns, At safepoint: 61006584 ns, Total: 63683042 ns
[2023-07-18T08:39:29.246+0000][1][safepoint    ] Safepoint "Cleanup", Time since last: 13005211588 ns, Reaching safepoint: 6255334 ns, At safepoint: 171166 ns, Total: 6426500 ns
[2023-07-18T08:39:33.809+0000][1][safepoint    ] Safepoint "RevokeBias", Time since last: 4560477919 ns, Reaching safepoint: 2140625 ns, At safepoint: 405125 ns, Total: 2545750 ns
[2023-07-18T08:39:35.816+0000][1][safepoint    ] Safepoint "Cleanup", Time since last: 2002399210 ns, Reaching safepoint: 4616666 ns, At safepoint: 100917 ns, Total: 4717583 ns
[2023-07-18T08:39:39.432+0000][1][safepoint    ] Safepoint "RevokeBias", Time since last: 3614068377 ns, Reaching safepoint: 1274500 ns, At safepoint: 155750 ns, Total: 1430250 ns
[2023-07-18T08:39:39.435+0000][1][safepoint    ] Safepoint "RevokeBias", Time since last: 1957708 ns, Reaching safepoint: 788625 ns, At safepoint: 89958 ns, Total: 878583 ns
[2023-07-18T08:39:39.441+0000][1][safepoint    ] Safepoint "RevokeBias", Time since last: 4880000 ns, Reaching safepoint: 1120500 ns, At safepoint: 83084 ns, Total: 1203584 ns
[2023-07-18T08:39:39.465+0000][1][safepoint    ] Safepoint "RevokeBias", Time since last: 23028666 ns, Reaching safepoint: 710875 ns, At safepoint: 100542 ns, Total: 811417 ns
[2023-07-18T08:39:39.466+0000][1][safepoint    ] Safepoint "RevokeBias", Time since last: 1127292 ns, Reaching safepoint: 551166 ns, At safepoint: 53750 ns, Total: 604916 ns
[2023-07-18T08:39:39.469+0000][1][safepoint    ] Safepoint "RevokeBias", Time since last: 2247667 ns, Reaching safepoint: 596625 ns, At safepoint: 42583 ns, Total: 639208 ns
[2023-07-18T08:39:43.832+0000][1][safepoint    ] Safepoint "RevokeBias", Time since last: 4360754836 ns, Reaching safepoint: 1761375 ns, At safepoint: 453583 ns, Total: 2214958 ns
[2023-07-18T08:39:44.836+0000][1][safepoint    ] Safepoint "Cleanup", Time since last: 1001700126 ns, Reaching safepoint: 2471541 ns, At safepoint: 48500 ns, Total: 2520041 ns
[2023-07-18T08:39:53.844+0000][1][safepoint    ] Safepoint "RevokeBias", Time since last: 9006017004 ns, Reaching safepoint: 1881000 ns, At safepoint: 365208 ns, Total: 2246208 ns
[2023-07-18T08:39:54.853+0000][1][safepoint    ] Safepoint "Cleanup", Time since last: 1004775417 ns, Reaching safepoint: 3279083 ns, At safepoint: 87834 ns, Total: 3366917 ns
[2023-07-18T08:39:55.855+0000][1][safepoint    ] Safepoint "Cleanup", Time since last: 1001423250 ns, Reaching safepoint: 1034167 ns, At safepoint: 25125 ns, Total: 1059292 ns
[2023-07-18T08:40:03.861+0000][1][safepoint    ] Safepoint "Cleanup", Time since last: 8005292795 ns, Reaching safepoint: 799959 ns, At safepoint: 19625 ns, Total: 819584 ns
[2023-07-18T08:40:06.868+0000][1][safepoint    ] Safepoint "Cleanup", Time since last: 3004098709 ns, Reaching safepoint: 2269709 ns, At safepoint: 42166 ns, Total: 2311875 ns
[2023-07-18T08:40:11.881+0000][1][safepoint    ] Safepoint "Cleanup", Time since last: 5008819961 ns, Reaching safepoint: 4335542 ns, At safepoint: 162000 ns, Total: 4497542 ns
[2023-07-18T08:40:13.810+0000][1][safepoint    ] Safepoint "RevokeBias", Time since last: 1926931626 ns, Reaching safepoint: 1822583 ns, At safepoint: 391125 ns, Total: 2213708 ns
[2023-07-18T08:40:14.812+0000][1][safepoint    ] Safepoint "Cleanup", Time since last: 1000414459 ns, Reaching safepoint: 1523875 ns, At safepoint: 25833 ns, Total: 1549708 ns
[2023-07-18T08:40:16.817+0000][1][safepoint    ] Safepoint "Cleanup", Time since last: 2002058376 ns, Reaching safepoint: 2888667 ns, At safepoint: 71375 ns, Total: 2960042 ns
[2023-07-18T08:40:17.822+0000][1][safepoint    ] Safepoint "Cleanup", Time since last: 1003712250 ns, Reaching safepoint: 1256042 ns, At safepoint: 37916 ns, Total: 1293958 ns
[2023-07-18T08:40:21.827+0000][1][safepoint    ] Safepoint "Cleanup", Time since last: 4003969002 ns, Reaching safepoint: 1503042 ns, At safepoint: 30708 ns, Total: 1533750 ns
[2023-07-18T08:40:23.793+0000][1][safepoint    ] Safepoint "RevokeBias", Time since last: 1964111751 ns, Reaching safepoint: 1630250 ns, At safepoint: 320250 ns, Total: 1950500 ns
[2023-07-18T08:40:33.799+0000][1][safepoint    ] Safepoint "RevokeBias", Time since last: 10003694255 ns, Reaching safepoint: 1764708 ns, At safepoint: 378667 ns, Total: 2143375 ns
[2023-07-18T08:40:34.806+0000][1][safepoint    ] Safepoint "Cleanup", Time since last: 1003241000 ns, Reaching safepoint: 3660542 ns, At safepoint: 88042 ns, Total: 3748584 ns
[2023-07-18T08:40:39.820+0000][1][safepoint    ] Safepoint "Cleanup", Time since last: 5009172794 ns, Reaching safepoint: 4765375 ns, At safepoint: 103292 ns, Total: 4868667 ns
[2023-07-18T08:40:40.419+0000][1][safepoint    ] Safepoint "RevokeBias", Time since last: 597936083 ns, Reaching safepoint: 455667 ns, At safepoint: 68833 ns, Total: 524500 ns
[2023-07-18T08:40:40.422+0000][1][safepoint    ] Safepoint "RevokeBias", Time since last: 2182792 ns, Reaching safepoint: 925666 ns, At safepoint: 175292 ns, Total: 1100958 ns
[2023-07-18T08:40:40.447+0000][1][safepoint    ] Safepoint "RevokeBias", Time since last: 24481625 ns, Reaching safepoint: 695417 ns, At safepoint: 97500 ns, Total: 792917 ns
[2023-07-18T08:40:40.449+0000][1][safepoint    ] Safepoint "RevokeBias", Time since last: 889000 ns, Reaching safepoint: 593125 ns, At safepoint: 51750 ns, Total: 644875 ns
[2023-07-18T08:40:40.452+0000][1][safepoint    ] Safepoint "RevokeBias", Time since last: 2478583 ns, Reaching safepoint: 886708 ns, At safepoint: 81917 ns, Total: 968625 ns
[2023-07-18T08:40:41.456+0000][1][safepoint    ] Safepoint "Cleanup", Time since last: 1000477751 ns, Reaching safepoint: 3347041 ns, At safepoint: 83042 ns, Total: 3430083 ns
[2023-07-18T08:40:43.815+0000][1][safepoint    ] Safepoint "RevokeBias", Time since last: 2356635459 ns, Reaching safepoint: 1780167 ns, At safepoint: 367917 ns, Total: 2148084 ns
[2023-07-18T08:40:52.831+0000][1][safepoint    ] Safepoint "Cleanup", Time since last: 9013164462 ns, Reaching safepoint: 2970708 ns, At safepoint: 67292 ns, Total: 3038000 ns
[2023-07-18T08:40:53.799+0000][1][safepoint    ] Safepoint "RevokeBias", Time since last: 965944959 ns, Reaching safepoint: 1891375 ns, At safepoint: 402625 ns, Total: 2294000 ns
[2023-07-18T08:41:03.802+0000][1][safepoint    ] Safepoint "RevokeBias", Time since last: 10000403171 ns, Reaching safepoint: 1988708 ns, At safepoint: 402000 ns, Total: 2390708 ns
[2023-07-18T08:41:13.812+0000][1][safepoint    ] Safepoint "Cleanup", Time since last: 10009587338 ns, Reaching safepoint: 800625 ns, At safepoint: 26250 ns, Total: 826875 ns
[2023-07-18T08:41:13.845+0000][1][gc,start     ] GC(27) Pause Young (Allocation Failure)
[2023-07-18T08:41:13.846+0000][1][gc,task      ] GC(27) Using 4 workers of 4 for evacuation
[2023-07-18T08:41:13.860+0000][1][gc,age       ] GC(27) Desired survivor size 8945664 bytes, new threshold 6 (max threshold 6)
[2023-07-18T08:41:13.860+0000][1][gc,age       ] GC(27) Age table with threshold 6 (max threshold 6)
[2023-07-18T08:41:13.860+0000][1][gc,age       ] GC(27) - age   1:     179536 bytes,     179536 total
[2023-07-18T08:41:13.860+0000][1][gc,age       ] GC(27) - age   2:       5792 bytes,     185328 total
[2023-07-18T08:41:13.860+0000][1][gc,age       ] GC(27) - age   3:      69992 bytes,     255320 total
[2023-07-18T08:41:13.860+0000][1][gc,age       ] GC(27) - age   4:       9664 bytes,     264984 total
[2023-07-18T08:41:13.860+0000][1][gc,age       ] GC(27) - age   5:      48304 bytes,     313288 total
[2023-07-18T08:41:13.860+0000][1][gc,age       ] GC(27) - age   6:    2592008 bytes,    2905296 total
[2023-07-18T08:41:13.861+0000][1][gc,heap      ] GC(27) ParNew: 143312K->3325K(157248K)
[2023-07-18T08:41:13.861+0000][1][gc,heap      ] GC(27) CMS: 68385K->68654K(349568K)
[2023-07-18T08:41:13.861+0000][1][gc,metaspace ] GC(27) Metaspace: 89875K->89875K(1132544K)
[2023-07-18T08:41:13.861+0000][1][gc           ] GC(27) Pause Young (Allocation Failure) 206M->70M(494M) 15.762ms
[2023-07-18T08:41:13.861+0000][1][gc,cpu       ] GC(27) User=0.03s Sys=0.00s Real=0.02s
[2023-07-18T08:41:13.861+0000][1][safepoint    ] Safepoint "GenCollectForAllocation", Time since last: 31475375 ns, Reaching safepoint: 1218500 ns, At safepoint: 16088792 ns, Total: 17307292 ns
[2023-07-18T08:41:14.868+0000][1][safepoint    ] Safepoint "Cleanup", Time since last: 1002301001 ns, Reaching safepoint: 4193041 ns, At safepoint: 102542 ns, Total: 4295583 ns
[2023-07-18T08:41:23.812+0000][1][safepoint    ] Safepoint "RevokeBias", Time since last: 8942188546 ns, Reaching safepoint: 1924708 ns, At safepoint: 366000 ns, Total: 2290708 ns
[2023-07-18T08:41:24.816+0000][1][safepoint    ] Safepoint "Cleanup", Time since last: 1000927417 ns, Reaching safepoint: 2906292 ns, At safepoint: 82416 ns, Total: 2988708 ns
[2023-07-18T08:41:33.802+0000][1][safepoint    ] Safepoint "RevokeBias", Time since last: 8984421963 ns, Reaching safepoint: 1656708 ns, At safepoint: 367125 ns, Total: 2023833 ns
[2023-07-18T08:41:34.806+0000][1][safepoint    ] Safepoint "Cleanup", Time since last: 1001833001 ns, Reaching safepoint: 1935250 ns, At safepoint: 67541 ns, Total: 2002791 ns
[2023-07-18T08:41:38.814+0000][1][safepoint    ] Safepoint "Cleanup", Time since last: 4003330211 ns, Reaching safepoint: 3959250 ns, At safepoint: 113708 ns, Total: 4072958 ns
[2023-07-18T08:41:41.437+0000][1][safepoint    ] Safepoint "RevokeBias", Time since last: 2621988585 ns, Reaching safepoint: 1181791 ns, At safepoint: 181167 ns, Total: 1362958 ns
[2023-07-18T08:41:41.441+0000][1][safepoint    ] Safepoint "RevokeBias", Time since last: 2788708 ns, Reaching safepoint: 732625 ns, At safepoint: 110750 ns, Total: 843375 ns
[2023-07-18T08:41:41.445+0000][1][safepoint    ] Safepoint "RevokeBias", Time since last: 3131625 ns, Reaching safepoint: 1194042 ns, At safepoint: 116792 ns, Total: 1310834 ns
[2023-07-18T08:41:41.471+0000][1][safepoint    ] Safepoint "BulkRevokeBias", Time since last: 23301875 ns, Reaching safepoint: 660833 ns, At safepoint: 2193750 ns, Total: 2854583 ns
[2023-07-18T08:41:41.474+0000][1][safepoint    ] Safepoint "RevokeBias", Time since last: 2093333 ns, Reaching safepoint: 490625 ns, At safepoint: 59167 ns, Total: 549792 ns
[2023-07-18T08:41:42.478+0000][1][safepoint    ] Safepoint "Cleanup", Time since last: 1001038125 ns, Reaching safepoint: 2515542 ns, At safepoint: 65375 ns, Total: 2580917 ns
[2023-07-18T08:41:43.798+0000][1][safepoint    ] Safepoint "BulkRevokeBias", Time since last: 1316969084 ns, Reaching safepoint: 1612083 ns, At safepoint: 2029292 ns, Total: 3641375 ns
[2023-07-18T08:41:52.812+0000][1][safepoint    ] Safepoint "Cleanup", Time since last: 9008982921 ns, Reaching safepoint: 4450708 ns, At safepoint: 118208 ns, Total: 4568916 ns
[2023-07-18T08:41:53.793+0000][1][safepoint    ] Safepoint "RevokeBias", Time since last: 979473001 ns, Reaching safepoint: 1789042 ns, At safepoint: 544041 ns, Total: 2333083 ns
[2023-07-18T08:41:54.801+0000][1][safepoint    ] Safepoint "Cleanup", Time since last: 1003823667 ns, Reaching safepoint: 3522750 ns, At safepoint: 79875 ns, Total: 3602625 ns
[2023-07-18T08:42:02.810+0000][1][safepoint    ] Safepoint "Cleanup", Time since last: 8006777463 ns, Reaching safepoint: 1856166 ns, At safepoint: 42000 ns, Total: 1898166 ns
[2023-07-18T08:42:03.819+0000][1][safepoint    ] Safepoint "RevokeBias", Time since last: 1007162959 ns, Reaching safepoint: 1687417 ns, At safepoint: 363083 ns, Total: 2050500 ns
[2023-07-18T08:42:04.823+0000][1][safepoint    ] Safepoint "Cleanup", Time since last: 1001323209 ns, Reaching safepoint: 3210458 ns, At safepoint: 83292 ns, Total: 3293750 ns
[2023-07-18T08:42:06.827+0000][1][safepoint    ] Safepoint "Cleanup", Time since last: 2001458167 ns, Reaching safepoint: 1771542 ns, At safepoint: 37958 ns, Total: 1809500 ns
[2023-07-18T08:42:09.670+0000][1][safepoint    ] Safepoint "RevokeBias", Time since last: 2840902002 ns, Reaching safepoint: 2261708 ns, At safepoint: 164208 ns, Total: 2425916 ns
[2023-07-18T08:42:13.793+0000][1][safepoint    ] Safepoint "RevokeBias", Time since last: 4121461294 ns, Reaching safepoint: 1579667 ns, At safepoint: 345625 ns, Total: 1925292 ns
[2023-07-18T08:42:14.795+0000][1][safepoint    ] Safepoint "Cleanup", Time since last: 1000453209 ns, Reaching safepoint: 1202166 ns, At safepoint: 26625 ns, Total: 1228791 ns
[2023-07-18T08:42:23.824+0000][1][safepoint    ] Safepoint "RevokeBias", Time since last: 9027167212 ns, Reaching safepoint: 1781000 ns, At safepoint: 396875 ns, Total: 2177875 ns
[2023-07-18T08:42:24.826+0000][1][safepoint    ] Safepoint "Cleanup", Time since last: 1000513500 ns, Reaching safepoint: 1712459 ns, At safepoint: 32125 ns, Total: 1744584 ns
[2023-07-18T08:42:25.830+0000][1][safepoint    ] Safepoint "Cleanup", Time since last: 1001120625 ns, Reaching safepoint: 2763584 ns, At safepoint: 71916 ns, Total: 2835500 ns
[2023-07-18T08:42:28.838+0000][1][safepoint    ] Safepoint "Cleanup", Time since last: 3002504710 ns, Reaching safepoint: 4794167 ns, At safepoint: 95791 ns, Total: 4889958 ns
[2023-07-18T08:42:33.834+0000][1][safepoint    ] Safepoint "RevokeBias", Time since last: 4992990336 ns, Reaching safepoint: 2485667 ns, At safepoint: 435166 ns, Total: 2920833 ns
[2023-07-18T08:42:34.838+0000][1][safepoint    ] Safepoint "Cleanup", Time since last: 1000839417 ns, Reaching safepoint: 3901209 ns, At safepoint: 119041 ns, Total: 4020250 ns
[2023-07-18T08:42:40.854+0000][1][safepoint    ] Safepoint "Cleanup", Time since last: 6011460045 ns, Reaching safepoint: 4473708 ns, At safepoint: 97084 ns, Total: 4570792 ns
[2023-07-18T08:42:41.860+0000][1][safepoint    ] Safepoint "Cleanup", Time since last: 1002523917 ns, Reaching safepoint: 2926500 ns, At safepoint: 101916 ns, Total: 3028416 ns
[2023-07-18T08:42:42.397+0000][1][safepoint    ] Safepoint "RevokeBias", Time since last: 535503376 ns, Reaching safepoint: 1046458 ns, At safepoint: 132000 ns, Total: 1178458 ns
[2023-07-18T08:42:42.401+0000][1][safepoint    ] Safepoint "RevokeBias", Time since last: 2997167 ns, Reaching safepoint: 820500 ns, At safepoint: 136958 ns, Total: 957458 ns
[2023-07-18T08:42:42.404+0000][1][safepoint    ] Safepoint "RevokeBias", Time since last: 2015292 ns, Reaching safepoint: 862125 ns, At safepoint: 62833 ns, Total: 924958 ns
[2023-07-18T08:42:42.426+0000][1][safepoint    ] Safepoint "RevokeBias", Time since last: 21357458 ns, Reaching safepoint: 773209 ns, At safepoint: 149166 ns, Total: 922375 ns
[2023-07-18T08:42:42.428+0000][1][safepoint    ] Safepoint "RevokeBias", Time since last: 1328334 ns, Reaching safepoint: 742125 ns, At safepoint: 135041 ns, Total: 877166 ns
[2023-07-18T08:42:43.834+0000][1][safepoint    ] Safepoint "RevokeBias", Time since last: 1403230793 ns, Reaching safepoint: 2136833 ns, At safepoint: 418875 ns, Total: 2555708 ns
[2023-07-18T08:42:44.841+0000][1][safepoint    ] Safepoint "Cleanup", Time since last: 1001246417 ns, Reaching safepoint: 5665834 ns, At safepoint: 202083 ns, Total: 5867917 ns
[2023-07-18T08:42:46.849+0000][1][safepoint    ] Safepoint "Cleanup", Time since last: 2002933376 ns, Reaching safepoint: 4969500 ns, At safepoint: 86667 ns, Total: 5056167 ns
[2023-07-18T08:42:48.856+0000][1][safepoint    ] Safepoint "Cleanup", Time since last: 2003740334 ns, Reaching safepoint: 3288416 ns, At safepoint: 89917 ns, Total: 3378333 ns
[2023-07-18T08:42:49.864+0000][1][safepoint    ] Safepoint "Cleanup", Time since last: 1002166459 ns, Reaching safepoint: 5503625 ns, At safepoint: 143500 ns, Total: 5647125 ns
[2023-07-18T08:42:50.869+0000][1][safepoint    ] Safepoint "Cleanup", Time since last: 1002023333 ns, Reaching safepoint: 2848292 ns, At safepoint: 117083 ns, Total: 2965375 ns
[2023-07-18T08:42:51.877+0000][1][safepoint    ] Safepoint "Cleanup", Time since last: 1006044918 ns, Reaching safepoint: 2712791 ns, At safepoint: 108959 ns, Total: 2821750 ns
[2023-07-18T08:42:52.883+0000][1][safepoint    ] Safepoint "Cleanup", Time since last: 1002146583 ns, Reaching safepoint: 2979250 ns, At safepoint: 87959 ns, Total: 3067209 ns
[2023-07-18T08:42:53.816+0000][1][safepoint    ] Safepoint "RevokeBias", Time since last: 930656292 ns, Reaching safepoint: 1860208 ns, At safepoint: 407084 ns, Total: 2267292 ns
[2023-07-18T08:42:59.833+0000][1][safepoint    ] Safepoint "Cleanup", Time since last: 6004795377 ns, Reaching safepoint: 11745334 ns, At safepoint: 651666 ns, Total: 12397000 ns
[2023-07-18T08:43:03.844+0000][1][safepoint    ] Safepoint "Cleanup", Time since last: 4010088127 ns, Reaching safepoint: 1617042 ns, At safepoint: 20542 ns, Total: 1637584 ns
[2023-07-18T08:43:13.837+0000][1][gc,start     ] GC(28) Pause Young (Allocation Failure)
[2023-07-18T08:43:13.839+0000][1][gc,task      ] GC(28) Using 4 workers of 4 for evacuation
[2023-07-18T08:43:13.869+0000][1][gc,age       ] GC(28) Desired survivor size 8945664 bytes, new threshold 6 (max threshold 6)
[2023-07-18T08:43:13.869+0000][1][gc,age       ] GC(28) Age table with threshold 6 (max threshold 6)
[2023-07-18T08:43:13.869+0000][1][gc,age       ] GC(28) - age   1:     104744 bytes,     104744 total
[2023-07-18T08:43:13.869+0000][1][gc,age       ] GC(28) - age   2:       4808 bytes,     109552 total
[2023-07-18T08:43:13.869+0000][1][gc,age       ] GC(28) - age   3:       5728 bytes,     115280 total
[2023-07-18T08:43:13.869+0000][1][gc,age       ] GC(28) - age   4:      69872 bytes,     185152 total
[2023-07-18T08:43:13.870+0000][1][gc,age       ] GC(28) - age   5:       9664 bytes,     194816 total
[2023-07-18T08:43:13.870+0000][1][gc,age       ] GC(28) - age   6:      47392 bytes,     242208 total
[2023-07-18T08:43:13.871+0000][1][gc,heap      ] GC(28) ParNew: 143101K->477K(157248K)
[2023-07-18T08:43:13.871+0000][1][gc,heap      ] GC(28) CMS: 68654K->71187K(349568K)
[2023-07-18T08:43:13.871+0000][1][gc,metaspace ] GC(28) Metaspace: 90012K->90012K(1132544K)
[2023-07-18T08:43:13.872+0000][1][gc           ] GC(28) Pause Young (Allocation Failure) 206M->69M(494M) 34.766ms
[2023-07-18T08:43:13.872+0000][1][gc,cpu       ] GC(28) User=0.07s Sys=0.01s Real=0.04s
[2023-07-18T08:43:13.872+0000][1][safepoint    ] Safepoint "GenCollectForAllocation", Time since last: 9991154046 ns, Reaching safepoint: 877167 ns, At safepoint: 35700291 ns, Total: 36577458 ns
[2023-07-18T08:43:14.878+0000][1][safepoint    ] Safepoint "Cleanup", Time since last: 1001271501 ns, Reaching safepoint: 4371208 ns, At safepoint: 104167 ns, Total: 4475375 ns
[2023-07-18T08:43:23.892+0000][1][safepoint    ] Safepoint "Cleanup", Time since last: 9012809129 ns, Reaching safepoint: 1362583 ns, At safepoint: 22375 ns, Total: 1384958 ns
[2023-07-18T08:43:24.898+0000][1][safepoint    ] Safepoint "Cleanup", Time since last: 1000778875 ns, Reaching safepoint: 4737084 ns, At safepoint: 109458 ns, Total: 4846542 ns
[2023-07-18T08:43:25.903+0000][1][safepoint    ] Safepoint "Cleanup", Time since last: 1002875167 ns, Reaching safepoint: 2574375 ns, At safepoint: 57917 ns, Total: 2632292 ns
[2023-07-18T08:43:28.917+0000][1][safepoint    ] Safepoint "Cleanup", Time since last: 3011280043 ns, Reaching safepoint: 2349625 ns, At safepoint: 82792 ns, Total: 2432417 ns
[2023-07-18T08:43:33.841+0000][1][safepoint    ] Safepoint "RevokeBias", Time since last: 4919772127 ns, Reaching safepoint: 2543417 ns, At safepoint: 1528375 ns, Total: 4071792 ns
[2023-07-18T08:43:43.458+0000][1][safepoint    ] Safepoint "RevokeBias", Time since last: 9616087004 ns, Reaching safepoint: 692709 ns, At safepoint: 464916 ns, Total: 1157625 ns
[2023-07-18T08:43:43.495+0000][1][safepoint    ] Safepoint "RevokeBias", Time since last: 36193709 ns, Reaching safepoint: 817333 ns, At safepoint: 107250 ns, Total: 924583 ns
[2023-07-18T08:43:43.498+0000][1][safepoint    ] Safepoint "RevokeBias", Time since last: 1795250 ns, Reaching safepoint: 714292 ns, At safepoint: 96875 ns, Total: 811167 ns
[2023-07-18T08:43:43.501+0000][1][safepoint    ] Safepoint "RevokeBias", Time since last: 2534791 ns, Reaching safepoint: 590792 ns, At safepoint: 76500 ns, Total: 667292 ns
[2023-07-18T08:43:44.504+0000][1][safepoint    ] Safepoint "Cleanup", Time since last: 1000428167 ns, Reaching safepoint: 2835875 ns, At safepoint: 49250 ns, Total: 2885125 ns
[2023-07-18T08:43:52.523+0000][1][safepoint    ] Safepoint "Cleanup", Time since last: 8015090878 ns, Reaching safepoint: 4261750 ns, At safepoint: 105084 ns, Total: 4366834 ns
[2023-07-18T08:43:53.820+0000][1][safepoint    ] Safepoint "RevokeBias", Time since last: 1294459125 ns, Reaching safepoint: 1784334 ns, At safepoint: 396125 ns, Total: 2180459 ns
[2023-07-18T08:44:03.825+0000][1][safepoint    ] Safepoint "RevokeBias", Time since last: 10002485088 ns, Reaching safepoint: 1933083 ns, At safepoint: 352250 ns, Total: 2285333 ns
[2023-07-18T08:44:12.835+0000][1][safepoint    ] Safepoint "Cleanup", Time since last: 9005967504 ns, Reaching safepoint: 4429959 ns, At safepoint: 90083 ns, Total: 4520042 ns
[2023-07-18T08:44:13.836+0000][1][safepoint    ] Safepoint "RevokeBias", Time since last: 998791375 ns, Reaching safepoint: 1644250 ns, At safepoint: 389375 ns, Total: 2033625 ns
[2023-07-18T08:44:23.828+0000][1][safepoint    ] Safepoint "RevokeBias", Time since last: 9990133838 ns, Reaching safepoint: 1854792 ns, At safepoint: 380375 ns, Total: 2235167 ns
[2023-07-18T08:44:25.837+0000][1][safepoint    ] Safepoint "Cleanup", Time since last: 2001702876 ns, Reaching safepoint: 6696041 ns, At safepoint: 132250 ns, Total: 6828291 ns
[2023-07-18T08:44:29.845+0000][1][safepoint    ] Safepoint "Cleanup", Time since last: 4005648544 ns, Reaching safepoint: 2742541 ns, At safepoint: 84084 ns, Total: 2826625 ns
[2023-07-18T08:44:30.849+0000][1][safepoint    ] Safepoint "Cleanup", Time since last: 1001170459 ns, Reaching safepoint: 2079291 ns, At safepoint: 63417 ns, Total: 2142708 ns
[2023-07-18T08:44:31.853+0000][1][safepoint    ] Safepoint "Cleanup", Time since last: 1001470584 ns, Reaching safepoint: 3101833 ns, At safepoint: 87083 ns, Total: 3188916 ns
[2023-07-18T08:44:32.860+0000][1][safepoint    ] Safepoint "Cleanup", Time since last: 1003004126 ns, Reaching safepoint: 3862042 ns, At safepoint: 121291 ns, Total: 3983333 ns
[2023-07-18T08:44:33.838+0000][1][safepoint    ] Safepoint "RevokeBias", Time since last: 974204209 ns, Reaching safepoint: 2590125 ns, At safepoint: 675250 ns, Total: 3265375 ns
[2023-07-18T08:44:34.841+0000][1][safepoint    ] Safepoint "Cleanup", Time since last: 1001095917 ns, Reaching safepoint: 2488792 ns, At safepoint: 56833 ns, Total: 2545625 ns
[2023-07-18T08:44:35.845+0000][1][safepoint    ] Safepoint "Cleanup", Time since last: 1000751001 ns, Reaching safepoint: 2778541 ns, At safepoint: 84792 ns, Total: 2863333 ns
[2023-07-18T08:44:36.848+0000][1][safepoint    ] Safepoint "Cleanup", Time since last: 1001027792 ns, Reaching safepoint: 2166250 ns, At safepoint: 71333 ns, Total: 2237583 ns
[2023-07-18T08:44:37.852+0000][1][safepoint    ] Safepoint "Cleanup", Time since last: 1000952418 ns, Reaching safepoint: 2883833 ns, At safepoint: 79417 ns, Total: 2963250 ns
[2023-07-18T08:44:38.858+0000][1][safepoint    ] Safepoint "Cleanup", Time since last: 1002528542 ns, Reaching safepoint: 2765416 ns, At safepoint: 63042 ns, Total: 2828458 ns
[2023-07-18T08:44:39.862+0000][1][safepoint    ] Safepoint "Cleanup", Time since last: 1002732959 ns, Reaching safepoint: 1628417 ns, At safepoint: 53500 ns, Total: 1681917 ns
[2023-07-18T08:44:40.866+0000][1][safepoint    ] Safepoint "Cleanup", Time since last: 1001732333 ns, Reaching safepoint: 2682542 ns, At safepoint: 75250 ns, Total: 2757792 ns
[2023-07-18T08:44:41.869+0000][1][safepoint    ] Safepoint "Cleanup", Time since last: 1000995167 ns, Reaching safepoint: 1575292 ns, At safepoint: 33541 ns, Total: 1608833 ns
[2023-07-18T08:44:42.875+0000][1][safepoint    ] Safepoint "Cleanup", Time since last: 1001863668 ns, Reaching safepoint: 3612708 ns, At safepoint: 100250 ns, Total: 3712958 ns
[2023-07-18T08:44:43.838+0000][1][safepoint    ] Safepoint "RevokeBias", Time since last: 960891709 ns, Reaching safepoint: 1732916 ns, At safepoint: 392167 ns, Total: 2125083 ns
[2023-07-18T08:44:44.417+0000][1][safepoint    ] Safepoint "RevokeBias", Time since last: 578487542 ns, Reaching safepoint: 1192625 ns, At safepoint: 157792 ns, Total: 1350417 ns
[2023-07-18T08:44:44.423+0000][1][safepoint    ] Safepoint "RevokeBias", Time since last: 3719875 ns, Reaching safepoint: 1328625 ns, At safepoint: 255958 ns, Total: 1584583 ns
[2023-07-18T08:44:44.445+0000][1][safepoint    ] Safepoint "RevokeBias", Time since last: 21747417 ns, Reaching safepoint: 896708 ns, At safepoint: 110500 ns, Total: 1007208 ns
[2023-07-18T08:44:44.447+0000][1][safepoint    ] Safepoint "RevokeBias", Time since last: 749208 ns, Reaching safepoint: 451625 ns, At safepoint: 83084 ns, Total: 534709 ns
[2023-07-18T08:44:44.454+0000][1][safepoint    ] Safepoint "RevokeBias", Time since last: 2675708 ns, Reaching safepoint: 849542 ns, At safepoint: 3687416 ns, Total: 4536958 ns
[2023-07-18T08:44:45.460+0000][1][safepoint    ] Safepoint "Cleanup", Time since last: 1001568459 ns, Reaching safepoint: 4189834 ns, At safepoint: 115333 ns, Total: 4305167 ns
[2023-07-18T08:44:46.464+0000][1][safepoint    ] Safepoint "Cleanup", Time since last: 1002513042 ns, Reaching safepoint: 1326125 ns, At safepoint: 35375 ns, Total: 1361500 ns
[2023-07-18T08:44:47.469+0000][1][safepoint    ] Safepoint "Cleanup", Time since last: 1002243208 ns, Reaching safepoint: 2738584 ns, At safepoint: 97333 ns, Total: 2835917 ns
[2023-07-18T08:44:48.474+0000][1][safepoint    ] Safepoint "Cleanup", Time since last: 1001404875 ns, Reaching safepoint: 3785792 ns, At safepoint: 89083 ns, Total: 3874875 ns
[2023-07-18T08:44:49.479+0000][1][safepoint    ] Safepoint "Cleanup", Time since last: 1001613876 ns, Reaching safepoint: 3772666 ns, At safepoint: 96084 ns, Total: 3868750 ns
[2023-07-18T08:44:50.484+0000][1][safepoint    ] Safepoint "Cleanup", Time since last: 1001482375 ns, Reaching safepoint: 2707334 ns, At safepoint: 86958 ns, Total: 2794292 ns
[2023-07-18T08:44:51.488+0000][1][safepoint    ] Safepoint "Cleanup", Time since last: 1001574084 ns, Reaching safepoint: 2319041 ns, At safepoint: 41459 ns, Total: 2360500 ns
[2023-07-18T08:44:52.493+0000][1][safepoint    ] Safepoint "Cleanup", Time since last: 1001543959 ns, Reaching safepoint: 3748791 ns, At safepoint: 105625 ns, Total: 3854416 ns
[2023-07-18T08:44:53.495+0000][1][safepoint    ] Safepoint "Cleanup", Time since last: 1001345709 ns, Reaching safepoint: 708625 ns, At safepoint: 17458 ns, Total: 726083 ns
[2023-07-18T08:44:53.824+0000][1][safepoint    ] Safepoint "RevokeBias", Time since last: 326903959 ns, Reaching safepoint: 1931167 ns, At safepoint: 396125 ns, Total: 2327292 ns
[2023-07-18T08:44:54.830+0000][1][safepoint    ] Safepoint "Cleanup", Time since last: 1001284458 ns, Reaching safepoint: 4603542 ns, At safepoint: 109917 ns, Total: 4713459 ns
[2023-07-18T08:44:55.839+0000][1][safepoint    ] Safepoint "Cleanup", Time since last: 1006852542 ns, Reaching safepoint: 2007208 ns, At safepoint: 68084 ns, Total: 2075292 ns
[2023-07-18T08:44:56.844+0000][1][safepoint    ] Safepoint "Cleanup", Time since last: 1000879125 ns, Reaching safepoint: 4091000 ns, At safepoint: 122167 ns, Total: 4213167 ns
[2023-07-18T08:44:57.851+0000][1][safepoint    ] Safepoint "Cleanup", Time since last: 1002631583 ns, Reaching safepoint: 3783042 ns, At safepoint: 91500 ns, Total: 3874542 ns
[2023-07-18T08:44:58.856+0000][1][safepoint    ] Safepoint "Cleanup", Time since last: 1002272417 ns, Reaching safepoint: 3025000 ns, At safepoint: 78834 ns, Total: 3103834 ns
[2023-07-18T08:44:59.862+0000][1][safepoint    ] Safepoint "Cleanup", Time since last: 1001776083 ns, Reaching safepoint: 4068875 ns, At safepoint: 105167 ns, Total: 4174042 ns
[2023-07-18T08:45:00.868+0000][1][safepoint    ] Safepoint "Cleanup", Time since last: 1001879667 ns, Reaching safepoint: 3887959 ns, At safepoint: 96958 ns, Total: 3984917 ns
[2023-07-18T08:45:01.873+0000][1][safepoint    ] Safepoint "Cleanup", Time since last: 1001413125 ns, Reaching safepoint: 3868959 ns, At safepoint: 94458 ns, Total: 3963417 ns
[2023-07-18T08:45:02.880+0000][1][safepoint    ] Safepoint "Cleanup", Time since last: 1002178709 ns, Reaching safepoint: 4109500 ns, At safepoint: 165542 ns, Total: 4275042 ns
[2023-07-18T08:45:03.836+0000][1][safepoint    ] Safepoint "RevokeBias", Time since last: 954102000 ns, Reaching safepoint: 1882167 ns, At safepoint: 360916 ns, Total: 2243083 ns
[2023-07-18T08:45:04.840+0000][1][safepoint    ] Safepoint "Cleanup", Time since last: 1002101459 ns, Reaching safepoint: 1376458 ns, At safepoint: 42834 ns, Total: 1419292 ns
[2023-07-18T08:45:05.844+0000][1][safepoint    ] Safepoint "Cleanup", Time since last: 1001284125 ns, Reaching safepoint: 2680875 ns, At safepoint: 90667 ns, Total: 2771542 ns
[2023-07-18T08:45:06.847+0000][1][safepoint    ] Safepoint "Cleanup", Time since last: 1001687084 ns, Reaching safepoint: 1908208 ns, At safepoint: 49000 ns, Total: 1957208 ns
[2023-07-18T08:45:07.853+0000][1][safepoint    ] Safepoint "Cleanup", Time since last: 1001219834 ns, Reaching safepoint: 3860958 ns, At safepoint: 94209 ns, Total: 3955167 ns
[2023-07-18T08:45:08.858+0000][1][safepoint    ] Safepoint "Cleanup", Time since last: 1002054250 ns, Reaching safepoint: 3473792 ns, At safepoint: 89041 ns, Total: 3562833 ns
[2023-07-18T08:45:09.864+0000][1][safepoint    ] Safepoint "Cleanup", Time since last: 1001979876 ns, Reaching safepoint: 3828042 ns, At safepoint: 85500 ns, Total: 3913542 ns
[2023-07-18T08:45:10.872+0000][1][safepoint    ] Safepoint "Cleanup", Time since last: 1002845792 ns, Reaching safepoint: 4750208 ns, At safepoint: 121917 ns, Total: 4872125 ns
[2023-07-18T08:45:11.607+0000][1][gc,start     ] GC(29) Pause Young (Allocation Failure)
[2023-07-18T08:45:11.608+0000][1][gc,task      ] GC(29) Using 4 workers of 4 for evacuation
[2023-07-18T08:45:11.635+0000][1][gc,age       ] GC(29) Desired survivor size 8945664 bytes, new threshold 6 (max threshold 6)
[2023-07-18T08:45:11.635+0000][1][gc,age       ] GC(29) Age table with threshold 6 (max threshold 6)
[2023-07-18T08:45:11.636+0000][1][gc,age       ] GC(29) - age   1:     129384 bytes,     129384 total
[2023-07-18T08:45:11.636+0000][1][gc,age       ] GC(29) - age   2:       3304 bytes,     132688 total
[2023-07-18T08:45:11.636+0000][1][gc,age       ] GC(29) - age   3:       4688 bytes,     137376 total
[2023-07-18T08:45:11.636+0000][1][gc,age       ] GC(29) - age   4:       5728 bytes,     143104 total
[2023-07-18T08:45:11.636+0000][1][gc,age       ] GC(29) - age   5:      69456 bytes,     212560 total
[2023-07-18T08:45:11.636+0000][1][gc,age       ] GC(29) - age   6:       9664 bytes,     222224 total
[2023-07-18T08:45:11.637+0000][1][gc,heap      ] GC(29) ParNew: 140253K->312K(157248K)
[2023-07-18T08:45:11.637+0000][1][gc,heap      ] GC(29) CMS: 71187K->71234K(349568K)
[2023-07-18T08:45:11.637+0000][1][gc,metaspace ] GC(29) Metaspace: 90144K->90144K(1132544K)
[2023-07-18T08:45:11.637+0000][1][gc           ] GC(29) Pause Young (Allocation Failure) 206M->69M(494M) 30.293ms
[2023-07-18T08:45:11.637+0000][1][gc,cpu       ] GC(29) User=0.06s Sys=0.00s Real=0.03s
[2023-07-18T08:45:11.638+0000][1][safepoint    ] Safepoint "GenCollectForAllocation", Time since last: 732441333 ns, Reaching safepoint: 2520375 ns, At safepoint: 30851625 ns, Total: 33372000 ns
[2023-07-18T08:45:12.643+0000][1][safepoint    ] Safepoint "Cleanup", Time since last: 1000436834 ns, Reaching safepoint: 4789000 ns, At safepoint: 96959 ns, Total: 4885959 ns
[2023-07-18T08:45:13.646+0000][1][safepoint    ] Safepoint "Cleanup", Time since last: 1002759875 ns, Reaching safepoint: 848833 ns, At safepoint: 19042 ns, Total: 867875 ns
[2023-07-18T08:45:14.652+0000][1][safepoint    ] Safepoint "Cleanup", Time since last: 1003157875 ns, Reaching safepoint: 2439959 ns, At safepoint: 55500 ns, Total: 2495459 ns
[2023-07-18T08:45:15.656+0000][1][safepoint    ] Safepoint "Cleanup", Time since last: 1000758042 ns, Reaching safepoint: 2883792 ns, At safepoint: 78708 ns, Total: 2962500 ns
[2023-07-18T08:45:16.659+0000][1][safepoint    ] Safepoint "Cleanup", Time since last: 1001016334 ns, Reaching safepoint: 2232875 ns, At safepoint: 189125 ns, Total: 2422000 ns
[2023-07-18T08:45:17.666+0000][1][safepoint    ] Safepoint "Cleanup", Time since last: 1003697917 ns, Reaching safepoint: 2994875 ns, At safepoint: 75458 ns, Total: 3070333 ns
[2023-07-18T08:45:18.670+0000][1][safepoint    ] Safepoint "Cleanup", Time since last: 1001936125 ns, Reaching safepoint: 1984250 ns, At safepoint: 79667 ns, Total: 2063917 ns
[2023-07-18T08:45:19.674+0000][1][safepoint    ] Safepoint "Cleanup", Time since last: 1000958584 ns, Reaching safepoint: 3047083 ns, At safepoint: 84250 ns, Total: 3131333 ns
[2023-07-18T08:45:20.678+0000][1][safepoint    ] Safepoint "Cleanup", Time since last: 1001014667 ns, Reaching safepoint: 2869625 ns, At safepoint: 80334 ns, Total: 2949959 ns
[2023-07-18T08:45:21.682+0000][1][safepoint    ] Safepoint "Cleanup", Time since last: 1002957084 ns, Reaching safepoint: 754708 ns, At safepoint: 21167 ns, Total: 775875 ns
[2023-07-18T08:45:22.687+0000][1][safepoint    ] Safepoint "Cleanup", Time since last: 1001174292 ns, Reaching safepoint: 3995125 ns, At safepoint: 153125 ns, Total: 4148250 ns
[2023-07-18T08:45:23.690+0000][1][safepoint    ] Safepoint "Cleanup", Time since last: 1001415042 ns, Reaching safepoint: 1353666 ns, At safepoint: 23375 ns, Total: 1377041 ns
[2023-07-18T08:45:23.833+0000][1][safepoint    ] Safepoint "RevokeBias", Time since last: 141488167 ns, Reaching safepoint: 1645792 ns, At safepoint: 380208 ns, Total: 2026000 ns
[2023-07-18T08:45:24.839+0000][1][safepoint    ] Safepoint "Cleanup", Time since last: 1001114501 ns, Reaching safepoint: 4073333 ns, At safepoint: 116458 ns, Total: 4189791 ns
[2023-07-18T08:45:25.844+0000][1][safepoint    ] Safepoint "Cleanup", Time since last: 1001510709 ns, Reaching safepoint: 3683584 ns, At safepoint: 270500 ns, Total: 3954084 ns
[2023-07-18T08:45:26.846+0000][1][safepoint    ] Safepoint "Cleanup", Time since last: 1001431708 ns, Reaching safepoint: 746250 ns, At safepoint: 20209 ns, Total: 766459 ns
[2023-07-18T08:45:27.850+0000][1][safepoint    ] Safepoint "Cleanup", Time since last: 1001883042 ns, Reaching safepoint: 1612791 ns, At safepoint: 35834 ns, Total: 1648625 ns
[2023-07-18T08:45:28.855+0000][1][safepoint    ] Safepoint "Cleanup", Time since last: 1002769417 ns, Reaching safepoint: 2348750 ns, At safepoint: 74583 ns, Total: 2423333 ns
[2023-07-18T08:45:29.862+0000][1][safepoint    ] Safepoint "Cleanup", Time since last: 1003560917 ns, Reaching safepoint: 2922334 ns, At safepoint: 97916 ns, Total: 3020250 ns
[2023-07-18T08:45:30.867+0000][1][safepoint    ] Safepoint "Cleanup", Time since last: 1001254459 ns, Reaching safepoint: 3488209 ns, At safepoint: 143583 ns, Total: 3631792 ns
[2023-07-18T08:45:31.871+0000][1][safepoint    ] Safepoint "Cleanup", Time since last: 1001505542 ns, Reaching safepoint: 2646792 ns, At safepoint: 95541 ns, Total: 2742333 ns
[2023-07-18T08:45:32.880+0000][1][safepoint    ] Safepoint "Cleanup", Time since last: 1006127459 ns, Reaching safepoint: 3291917 ns, At safepoint: 97625 ns, Total: 3389542 ns
[2023-07-18T08:45:33.844+0000][1][safepoint    ] Safepoint "RevokeBias", Time since last: 959895125 ns, Reaching safepoint: 4002667 ns, At safepoint: 97542 ns, Total: 4100209 ns
[2023-07-18T08:45:34.850+0000][1][safepoint    ] Safepoint "Cleanup", Time since last: 1001094167 ns, Reaching safepoint: 3972708 ns, At safepoint: 126917 ns, Total: 4099625 ns
[2023-07-18T08:45:35.857+0000][1][safepoint    ] Safepoint "Cleanup", Time since last: 1002517042 ns, Reaching safepoint: 5136500 ns, At safepoint: 114375 ns, Total: 5250875 ns
[2023-07-18T08:45:36.867+0000][1][safepoint    ] Safepoint "Cleanup", Time since last: 1006086167 ns, Reaching safepoint: 3584375 ns, At safepoint: 103875 ns, Total: 3688250 ns
[2023-07-18T08:45:37.869+0000][1][safepoint    ] Safepoint "Cleanup", Time since last: 1001196501 ns, Reaching safepoint: 783416 ns, At safepoint: 19334 ns, Total: 802750 ns
[2023-07-18T08:45:38.874+0000][1][safepoint    ] Safepoint "Cleanup", Time since last: 1001547333 ns, Reaching safepoint: 3000750 ns, At safepoint: 86834 ns, Total: 3087584 ns
[2023-07-18T08:45:39.878+0000][1][safepoint    ] Safepoint "Cleanup", Time since last: 1001733417 ns, Reaching safepoint: 2620750 ns, At safepoint: 123083 ns, Total: 2743833 ns
[2023-07-18T08:45:40.882+0000][1][safepoint    ] Safepoint "Cleanup", Time since last: 1001430042 ns, Reaching safepoint: 2482542 ns, At safepoint: 77917 ns, Total: 2560459 ns
[2023-07-18T08:45:41.886+0000][1][safepoint    ] Safepoint "Cleanup", Time since last: 1001240583 ns, Reaching safepoint: 2971917 ns, At safepoint: 98750 ns, Total: 3070667 ns
[2023-07-18T08:45:42.892+0000][1][safepoint    ] Safepoint "Cleanup", Time since last: 1002881834 ns, Reaching safepoint: 2897000 ns, At safepoint: 72667 ns, Total: 2969667 ns
[2023-07-18T08:45:43.831+0000][1][safepoint    ] Safepoint "RevokeBias", Time since last: 937044125 ns, Reaching safepoint: 1543083 ns, At safepoint: 330792 ns, Total: 1873875 ns
[2023-07-18T08:45:44.839+0000][1][safepoint    ] Safepoint "Cleanup", Time since last: 1003845167 ns, Reaching safepoint: 4249834 ns, At safepoint: 111250 ns, Total: 4361084 ns
[2023-07-18T08:45:45.383+0000][1][safepoint    ] Safepoint "RevokeBias", Time since last: 543037208 ns, Reaching safepoint: 934458 ns, At safepoint: 94584 ns, Total: 1029042 ns
[2023-07-18T08:45:45.386+0000][1][safepoint    ] Safepoint "RevokeBias", Time since last: 1494333 ns, Reaching safepoint: 555209 ns, At safepoint: 74000 ns, Total: 629209 ns
[2023-07-18T08:45:45.391+0000][1][safepoint    ] Safepoint "RevokeBias", Time since last: 3856041 ns, Reaching safepoint: 1256584 ns, At safepoint: 105791 ns, Total: 1362375 ns
[2023-07-18T08:45:45.421+0000][1][safepoint    ] Safepoint "BulkRevokeBias", Time since last: 26567584 ns, Reaching safepoint: 578291 ns, At safepoint: 2681834 ns, Total: 3260125 ns
[2023-07-18T08:45:45.427+0000][1][safepoint    ] Safepoint "RevokeBias", Time since last: 5380166 ns, Reaching safepoint: 1165709 ns, At safepoint: 85833 ns, Total: 1251542 ns
[2023-07-18T08:45:46.430+0000][1][safepoint    ] Safepoint "Cleanup", Time since last: 1001347084 ns, Reaching safepoint: 1413250 ns, At safepoint: 56666 ns, Total: 1469916 ns
[2023-07-18T08:45:47.434+0000][1][safepoint    ] Safepoint "Cleanup", Time since last: 1000709959 ns, Reaching safepoint: 3050333 ns, At safepoint: 86542 ns, Total: 3136875 ns
[2023-07-18T08:45:48.439+0000][1][safepoint    ] Safepoint "Cleanup", Time since last: 1001246292 ns, Reaching safepoint: 3971666 ns, At safepoint: 237917 ns, Total: 4209583 ns
[2023-07-18T08:45:49.448+0000][1][safepoint    ] Safepoint "Cleanup", Time since last: 1005582167 ns, Reaching safepoint: 3473083 ns, At safepoint: 147959 ns, Total: 3621042 ns
[2023-07-18T08:45:50.454+0000][1][safepoint    ] Safepoint "Cleanup", Time since last: 1002405250 ns, Reaching safepoint: 2734209 ns, At safepoint: 69666 ns, Total: 2803875 ns
[2023-07-18T08:45:51.457+0000][1][safepoint    ] Safepoint "Cleanup", Time since last: 1001113959 ns, Reaching safepoint: 2225125 ns, At safepoint: 58333 ns, Total: 2283458 ns
[2023-07-18T08:45:52.463+0000][1][safepoint    ] Safepoint "Cleanup", Time since last: 1002601376 ns, Reaching safepoint: 3352583 ns, At safepoint: 80625 ns, Total: 3433208 ns
[2023-07-18T08:45:53.470+0000][1][safepoint    ] Safepoint "Cleanup", Time since last: 1002951459 ns, Reaching safepoint: 3933708 ns, At safepoint: 103459 ns, Total: 4037167 ns
[2023-07-18T08:45:53.812+0000][1][safepoint    ] Safepoint "RevokeBias", Time since last: 340220083 ns, Reaching safepoint: 1785709 ns, At safepoint: 372541 ns, Total: 2158250 ns
[2023-07-18T08:45:54.818+0000][1][safepoint    ] Safepoint "Cleanup", Time since last: 1001386001 ns, Reaching safepoint: 4262916 ns, At safepoint: 110292 ns, Total: 4373208 ns
[2023-07-18T08:45:55.824+0000][1][safepoint    ] Safepoint "Cleanup", Time since last: 1001536376 ns, Reaching safepoint: 3934708 ns, At safepoint: 108542 ns, Total: 4043250 ns
[2023-07-18T08:45:56.828+0000][1][safepoint    ] Safepoint "Cleanup", Time since last: 1001876500 ns, Reaching safepoint: 2145417 ns, At safepoint: 55000 ns, Total: 2200417 ns
[2023-07-18T08:45:57.832+0000][1][safepoint    ] Safepoint "Cleanup", Time since last: 1000933333 ns, Reaching safepoint: 2908167 ns, At safepoint: 94750 ns, Total: 3002917 ns
[2023-07-18T08:45:58.837+0000][1][safepoint    ] Safepoint "Cleanup", Time since last: 1001608709 ns, Reaching safepoint: 3402917 ns, At safepoint: 113208 ns, Total: 3516125 ns
[2023-07-18T08:45:59.843+0000][1][safepoint    ] Safepoint "Cleanup", Time since last: 1002394125 ns, Reaching safepoint: 3547584 ns, At safepoint: 122208 ns, Total: 3669792 ns
[2023-07-18T08:46:00.850+0000][1][safepoint    ] Safepoint "Cleanup", Time since last: 1002467334 ns, Reaching safepoint: 4094208 ns, At safepoint: 110500 ns, Total: 4204708 ns
[2023-07-18T08:46:01.856+0000][1][safepoint    ] Safepoint "Cleanup", Time since last: 1002810876 ns, Reaching safepoint: 3776541 ns, At safepoint: 182834 ns, Total: 3959375 ns
[2023-07-18T08:46:02.862+0000][1][safepoint    ] Safepoint "Cleanup", Time since last: 1002347750 ns, Reaching safepoint: 3038125 ns, At safepoint: 103417 ns, Total: 3141542 ns
[2023-07-18T08:46:03.856+0000][1][safepoint    ] Safepoint "RevokeBias", Time since last: 991891292 ns, Reaching safepoint: 1701083 ns, At safepoint: 342250 ns, Total: 2043333 ns
[2023-07-18T08:46:04.861+0000][1][safepoint    ] Safepoint "Cleanup", Time since last: 1000762042 ns, Reaching safepoint: 4271500 ns, At safepoint: 136500 ns, Total: 4408000 ns
[2023-07-18T08:46:05.867+0000][1][safepoint    ] Safepoint "Cleanup", Time since last: 1002407126 ns, Reaching safepoint: 3777750 ns, At safepoint: 101375 ns, Total: 3879125 ns
[2023-07-18T08:46:06.870+0000][1][safepoint    ] Safepoint "Cleanup", Time since last: 1001420334 ns, Reaching safepoint: 1401625 ns, At safepoint: 30375 ns, Total: 1432000 ns
[2023-07-18T08:46:07.873+0000][1][safepoint    ] Safepoint "Cleanup", Time since last: 1001151042 ns, Reaching safepoint: 1797292 ns, At safepoint: 57625 ns, Total: 1854917 ns
[2023-07-18T08:46:08.877+0000][1][safepoint    ] Safepoint "Cleanup", Time since last: 1000872375 ns, Reaching safepoint: 3077708 ns, At safepoint: 66292 ns, Total: 3144000 ns
[2023-07-18T08:46:09.883+0000][1][safepoint    ] Safepoint "Cleanup", Time since last: 1003039334 ns, Reaching safepoint: 2843833 ns, At safepoint: 73959 ns, Total: 2917792 ns
[2023-07-18T08:46:10.888+0000][1][safepoint    ] Safepoint "Cleanup", Time since last: 1001364542 ns, Reaching safepoint: 3537166 ns, At safepoint: 102542 ns, Total: 3639708 ns
[2023-07-18T08:46:11.896+0000][1][safepoint    ] Safepoint "Cleanup", Time since last: 1007307376 ns, Reaching safepoint: 930833 ns, At safepoint: 21958 ns, Total: 952791 ns
[2023-07-18T08:46:12.901+0000][1][safepoint    ] Safepoint "Cleanup", Time since last: 1000598501 ns, Reaching safepoint: 4113750 ns, At safepoint: 101833 ns, Total: 4215583 ns
[2023-07-18T08:46:13.829+0000][1][safepoint    ] Safepoint "BulkRevokeBias", Time since last: 924013125 ns, Reaching safepoint: 2005292 ns, At safepoint: 2153792 ns, Total: 4159084 ns
[2023-07-18T08:46:14.831+0000][1][safepoint    ] Safepoint "Cleanup", Time since last: 1000783750 ns, Reaching safepoint: 1297000 ns, At safepoint: 26750 ns, Total: 1323750 ns
[2023-07-18T08:46:15.837+0000][1][safepoint    ] Safepoint "Cleanup", Time since last: 1001732084 ns, Reaching safepoint: 3432625 ns, At safepoint: 84750 ns, Total: 3517375 ns
[2023-07-18T08:46:16.839+0000][1][safepoint    ] Safepoint "Cleanup", Time since last: 1001147626 ns, Reaching safepoint: 1329083 ns, At safepoint: 31875 ns, Total: 1360958 ns
[2023-07-18T08:46:17.843+0000][1][safepoint    ] Safepoint "Cleanup", Time since last: 1000716083 ns, Reaching safepoint: 3546000 ns, At safepoint: 121208 ns, Total: 3667208 ns
[2023-07-18T08:46:18.852+0000][1][safepoint    ] Safepoint "Cleanup", Time since last: 1005341917 ns, Reaching safepoint: 3089209 ns, At safepoint: 94416 ns, Total: 3183625 ns
[2023-07-18T08:46:19.858+0000][1][safepoint    ] Safepoint "Cleanup", Time since last: 1001548292 ns, Reaching safepoint: 4460459 ns, At safepoint: 76625 ns, Total: 4537084 ns
[2023-07-18T08:46:20.863+0000][1][safepoint    ] Safepoint "Cleanup", Time since last: 1002796000 ns, Reaching safepoint: 2574042 ns, At safepoint: 80291 ns, Total: 2654333 ns
[2023-07-18T08:46:21.868+0000][1][safepoint    ] Safepoint "Cleanup", Time since last: 1001767751 ns, Reaching safepoint: 2951750 ns, At safepoint: 81958 ns, Total: 3033708 ns
[2023-07-18T08:46:22.874+0000][1][safepoint    ] Safepoint "Cleanup", Time since last: 1004156084 ns, Reaching safepoint: 1301208 ns, At safepoint: 33292 ns, Total: 1334500 ns
[2023-07-18T08:46:23.876+0000][1][safepoint    ] Safepoint "Cleanup", Time since last: 1000680626 ns, Reaching safepoint: 1460083 ns, At safepoint: 20833 ns, Total: 1480916 ns
[2023-07-18T08:46:24.881+0000][1][safepoint    ] Safepoint "Cleanup", Time since last: 1001651751 ns, Reaching safepoint: 3270791 ns, At safepoint: 115792 ns, Total: 3386583 ns
[2023-07-18T08:46:25.885+0000][1][safepoint    ] Safepoint "Cleanup", Time since last: 1001621084 ns, Reaching safepoint: 2487833 ns, At safepoint: 94125 ns, Total: 2581958 ns
[2023-07-18T08:46:26.888+0000][1][safepoint    ] Safepoint "Cleanup", Time since last: 1001261792 ns, Reaching safepoint: 2065917 ns, At safepoint: 56708 ns, Total: 2122625 ns
[2023-07-18T08:46:27.894+0000][1][safepoint    ] Safepoint "Cleanup", Time since last: 1000842542 ns, Reaching safepoint: 4153834 ns, At safepoint: 110750 ns, Total: 4264584 ns
[2023-07-18T08:46:28.899+0000][1][safepoint    ] Safepoint "Cleanup", Time since last: 1002428584 ns, Reaching safepoint: 3402250 ns, At safepoint: 105000 ns, Total: 3507250 ns
[2023-07-18T08:46:29.905+0000][1][safepoint    ] Safepoint "Cleanup", Time since last: 1001811833 ns, Reaching safepoint: 3730250 ns, At safepoint: 63250 ns, Total: 3793500 ns
[2023-07-18T08:46:30.913+0000][1][safepoint    ] Safepoint "Cleanup", Time since last: 1003688376 ns, Reaching safepoint: 4145875 ns, At safepoint: 196667 ns, Total: 4342542 ns
[2023-07-18T08:46:31.918+0000][1][safepoint    ] Safepoint "Cleanup", Time since last: 1001605875 ns, Reaching safepoint: 2744750 ns, At safepoint: 62208 ns, Total: 2806958 ns
[2023-07-18T08:46:32.922+0000][1][safepoint    ] Safepoint "Cleanup", Time since last: 1001167543 ns, Reaching safepoint: 3522500 ns, At safepoint: 89250 ns, Total: 3611750 ns
[2023-07-18T08:46:33.925+0000][1][safepoint    ] Safepoint "Cleanup", Time since last: 1001557083 ns, Reaching safepoint: 737125 ns, At safepoint: 16542 ns, Total: 753667 ns
[2023-07-18T08:46:34.929+0000][1][safepoint    ] Safepoint "Cleanup", Time since last: 1000637292 ns, Reaching safepoint: 3368167 ns, At safepoint: 97750 ns, Total: 3465917 ns
[2023-07-18T08:46:35.932+0000][1][safepoint    ] Safepoint "Cleanup", Time since last: 1001251542 ns, Reaching safepoint: 2413000 ns, At safepoint: 73958 ns, Total: 2486958 ns
[2023-07-18T08:46:36.938+0000][1][safepoint    ] Safepoint "Cleanup", Time since last: 1001124959 ns, Reaching safepoint: 3813625 ns, At safepoint: 113750 ns, Total: 3927375 ns
[2023-07-18T08:46:37.943+0000][1][safepoint    ] Safepoint "Cleanup", Time since last: 1002309042 ns, Reaching safepoint: 2652084 ns, At safepoint: 205625 ns, Total: 2857709 ns
[2023-07-18T08:46:38.947+0000][1][safepoint    ] Safepoint "Cleanup", Time since last: 1001281833 ns, Reaching safepoint: 2497459 ns, At safepoint: 88041 ns, Total: 2585500 ns
[2023-07-18T08:46:39.951+0000][1][safepoint    ] Safepoint "Cleanup", Time since last: 1001194334 ns, Reaching safepoint: 2827084 ns, At safepoint: 222125 ns, Total: 3049209 ns
[2023-07-18T08:46:40.955+0000][1][safepoint    ] Safepoint "Cleanup", Time since last: 1001475583 ns, Reaching safepoint: 3066584 ns, At safepoint: 89083 ns, Total: 3155667 ns
[2023-07-18T08:46:41.959+0000][1][safepoint    ] Safepoint "Cleanup", Time since last: 1001308917 ns, Reaching safepoint: 2239417 ns, At safepoint: 85458 ns, Total: 2324875 ns
[2023-07-18T08:46:42.963+0000][1][safepoint    ] Safepoint "Cleanup", Time since last: 1001790626 ns, Reaching safepoint: 1774083 ns, At safepoint: 53500 ns, Total: 1827583 ns
[2023-07-18T08:46:43.851+0000][1][safepoint    ] Safepoint "RevokeBias", Time since last: 886272459 ns, Reaching safepoint: 1723333 ns, At safepoint: 405000 ns, Total: 2128333 ns
[2023-07-18T08:46:44.854+0000][1][safepoint    ] Safepoint "Cleanup", Time since last: 1001510917 ns, Reaching safepoint: 1872042 ns, At safepoint: 45667 ns, Total: 1917709 ns
[2023-07-18T08:46:45.857+0000][1][safepoint    ] Safepoint "Cleanup", Time since last: 1000687417 ns, Reaching safepoint: 2137541 ns, At safepoint: 41709 ns, Total: 2179250 ns
[2023-07-18T08:46:46.399+0000][1][safepoint    ] Safepoint "RevokeBias", Time since last: 540763000 ns, Reaching safepoint: 715417 ns, At safepoint: 103291 ns, Total: 818708 ns
[2023-07-18T08:46:46.401+0000][1][safepoint    ] Safepoint "RevokeBias", Time since last: 1597500 ns, Reaching safepoint: 528500 ns, At safepoint: 74042 ns, Total: 602542 ns
[2023-07-18T08:46:46.404+0000][1][safepoint    ] Safepoint "RevokeBias", Time since last: 2155542 ns, Reaching safepoint: 585041 ns, At safepoint: 46209 ns, Total: 631250 ns
[2023-07-18T08:46:46.424+0000][1][safepoint    ] Safepoint "RevokeBias", Time since last: 19662791 ns, Reaching safepoint: 692875 ns, At safepoint: 100500 ns, Total: 793375 ns
[2023-07-18T08:46:46.426+0000][1][safepoint    ] Safepoint "RevokeBias", Time since last: 815875 ns, Reaching safepoint: 614625 ns, At safepoint: 64375 ns, Total: 679000 ns
[2023-07-18T08:46:47.431+0000][1][safepoint    ] Safepoint "Cleanup", Time since last: 1000687376 ns, Reaching safepoint: 4515541 ns, At safepoint: 243292 ns, Total: 4758833 ns
[2023-07-18T08:46:48.435+0000][1][safepoint    ] Safepoint "Cleanup", Time since last: 1002264375 ns, Reaching safepoint: 1843292 ns, At safepoint: 43916 ns, Total: 1887208 ns
[2023-07-18T08:46:49.442+0000][1][safepoint    ] Safepoint "Cleanup", Time since last: 1001219584 ns, Reaching safepoint: 5209458 ns, At safepoint: 147709 ns, Total: 5357167 ns
[2023-07-18T08:46:50.449+0000][1][safepoint    ] Safepoint "Cleanup", Time since last: 1002501959 ns, Reaching safepoint: 3163083 ns, At safepoint: 112000 ns, Total: 3275083 ns
[2023-07-18T08:46:51.459+0000][1][safepoint    ] Safepoint "Cleanup", Time since last: 1004256375 ns, Reaching safepoint: 5122875 ns, At safepoint: 1683000 ns, Total: 6805875 ns
[2023-07-18T08:46:52.465+0000][1][safepoint    ] Safepoint "Cleanup", Time since last: 1002308209 ns, Reaching safepoint: 2870834 ns, At safepoint: 654083 ns, Total: 3524917 ns
[2023-07-18T08:46:53.469+0000][1][safepoint    ] Safepoint "Cleanup", Time since last: 1001052167 ns, Reaching safepoint: 2692917 ns, At safepoint: 91375 ns, Total: 2784292 ns
[2023-07-18T08:46:53.846+0000][1][safepoint    ] Safepoint "RevokeBias", Time since last: 374217542 ns, Reaching safepoint: 2388125 ns, At safepoint: 422791 ns, Total: 2810916 ns
[2023-07-18T08:46:54.852+0000][1][safepoint    ] Safepoint "Cleanup", Time since last: 1004318084 ns, Reaching safepoint: 2328208 ns, At safepoint: 55667 ns, Total: 2383875 ns
[2023-07-18T08:46:55.856+0000][1][safepoint    ] Safepoint "Cleanup", Time since last: 1002733167 ns, Reaching safepoint: 664959 ns, At safepoint: 18083 ns, Total: 683042 ns
[2023-07-18T08:46:56.862+0000][1][safepoint    ] Safepoint "Cleanup", Time since last: 1001727875 ns, Reaching safepoint: 4329500 ns, At safepoint: 153959 ns, Total: 4483459 ns
[2023-07-18T08:46:57.864+0000][1][safepoint    ] Safepoint "Cleanup", Time since last: 1001205792 ns, Reaching safepoint: 1236208 ns, At safepoint: 35667 ns, Total: 1271875 ns
[2023-07-18T08:46:58.868+0000][1][safepoint    ] Safepoint "Cleanup", Time since last: 1001023542 ns, Reaching safepoint: 2864958 ns, At safepoint: 67334 ns, Total: 2932292 ns
[2023-07-18T08:46:59.873+0000][1][safepoint    ] Safepoint "Cleanup", Time since last: 1001217292 ns, Reaching safepoint: 3547416 ns, At safepoint: 94084 ns, Total: 3641500 ns
[2023-07-18T08:47:00.878+0000][1][safepoint    ] Safepoint "Cleanup", Time since last: 1002836500 ns, Reaching safepoint: 1598625 ns, At safepoint: 36375 ns, Total: 1635000 ns
[2023-07-18T08:47:01.883+0000][1][safepoint    ] Safepoint "Cleanup", Time since last: 1001383667 ns, Reaching safepoint: 4207542 ns, At safepoint: 118625 ns, Total: 4326167 ns
[2023-07-18T08:47:02.888+0000][1][safepoint    ] Safepoint "Cleanup", Time since last: 1001659292 ns, Reaching safepoint: 3119375 ns, At safepoint: 70792 ns, Total: 3190167 ns
[2023-07-18T08:47:03.891+0000][1][safepoint    ] Safepoint "Cleanup", Time since last: 1000992875 ns, Reaching safepoint: 1724667 ns, At safepoint: 36625 ns, Total: 1761292 ns
[2023-07-18T08:47:04.895+0000][1][safepoint    ] Safepoint "Cleanup", Time since last: 1000495417 ns, Reaching safepoint: 3037750 ns, At safepoint: 99292 ns, Total: 3137042 ns
[2023-07-18T08:47:05.901+0000][1][safepoint    ] Safepoint "Cleanup", Time since last: 1002086334 ns, Reaching safepoint: 3802583 ns, At safepoint: 96458 ns, Total: 3899041 ns
[2023-07-18T08:47:06.903+0000][1][safepoint    ] Safepoint "Cleanup", Time since last: 1001577751 ns, Reaching safepoint: 904666 ns, At safepoint: 19084 ns, Total: 923750 ns
[2023-07-18T08:47:07.689+0000][1][gc,start     ] GC(30) Pause Young (Allocation Failure)
[2023-07-18T08:47:07.691+0000][1][gc,task      ] GC(30) Using 4 workers of 4 for evacuation
[2023-07-18T08:47:07.724+0000][1][gc,age       ] GC(30) Desired survivor size 8945664 bytes, new threshold 6 (max threshold 6)
[2023-07-18T08:47:07.724+0000][1][gc,age       ] GC(30) Age table with threshold 6 (max threshold 6)
[2023-07-18T08:47:07.725+0000][1][gc,age       ] GC(30) - age   1:     101104 bytes,     101104 total
[2023-07-18T08:47:07.725+0000][1][gc,age       ] GC(30) - age   2:       2608 bytes,     103712 total
[2023-07-18T08:47:07.725+0000][1][gc,age       ] GC(30) - age   3:       3240 bytes,     106952 total
[2023-07-18T08:47:07.725+0000][1][gc,age       ] GC(30) - age   4:       4688 bytes,     111640 total
[2023-07-18T08:47:07.726+0000][1][gc,age       ] GC(30) - age   5:       5728 bytes,     117368 total
[2023-07-18T08:47:07.726+0000][1][gc,age       ] GC(30) - age   6:      69456 bytes,     186824 total
[2023-07-18T08:47:07.726+0000][1][gc,heap      ] GC(30) ParNew: 140088K->330K(157248K)
[2023-07-18T08:47:07.726+0000][1][gc,heap      ] GC(30) CMS: 71234K->71243K(349568K)
[2023-07-18T08:47:07.727+0000][1][gc,metaspace ] GC(30) Metaspace: 90160K->90160K(1132544K)
[2023-07-18T08:47:07.727+0000][1][gc           ] GC(30) Pause Young (Allocation Failure) 206M->69M(494M) 37.849ms
[2023-07-18T08:47:07.727+0000][1][gc,cpu       ] GC(30) User=0.08s Sys=0.00s Real=0.04s
[2023-07-18T08:47:07.728+0000][1][safepoint    ] Safepoint "GenCollectForAllocation", Time since last: 782754167 ns, Reaching safepoint: 3242708 ns, At safepoint: 38621209 ns, Total: 41863917 ns
[2023-07-18T08:47:08.732+0000][1][safepoint    ] Safepoint "Cleanup", Time since last: 1000673250 ns, Reaching safepoint: 3099792 ns, At safepoint: 82125 ns, Total: 3181917 ns
[2023-07-18T08:47:09.738+0000][1][safepoint    ] Safepoint "Cleanup", Time since last: 1002345000 ns, Reaching safepoint: 3565583 ns, At safepoint: 191750 ns, Total: 3757333 ns
[2023-07-18T08:47:10.741+0000][1][safepoint    ] Safepoint "Cleanup", Time since last: 1001610668 ns, Reaching safepoint: 1355375 ns, At safepoint: 29708 ns, Total: 1385083 ns
[2023-07-18T08:47:11.745+0000][1][safepoint    ] Safepoint "Cleanup", Time since last: 1000862459 ns, Reaching safepoint: 3461916 ns, At safepoint: 105250 ns, Total: 3567166 ns
[2023-07-18T08:47:12.751+0000][1][safepoint    ] Safepoint "Cleanup", Time since last: 1001600668 ns, Reaching safepoint: 3895500 ns, At safepoint: 101791 ns, Total: 3997291 ns
[2023-07-18T08:47:13.756+0000][1][safepoint    ] Safepoint "Cleanup", Time since last: 1001973542 ns, Reaching safepoint: 2876875 ns, At safepoint: 67792 ns, Total: 2944667 ns
[2023-07-18T08:47:13.861+0000][1][safepoint    ] Safepoint "RevokeBias", Time since last: 103046625 ns, Reaching safepoint: 1907167 ns, At safepoint: 364333 ns, Total: 2271500 ns
[2023-07-18T08:47:14.862+0000][1][safepoint    ] Safepoint "Cleanup", Time since last: 1000416542 ns, Reaching safepoint: 888292 ns, At safepoint: 16625 ns, Total: 904917 ns
[2023-07-18T08:47:15.864+0000][1][safepoint    ] Safepoint "Cleanup", Time since last: 1000582459 ns, Reaching safepoint: 1163291 ns, At safepoint: 29959 ns, Total: 1193250 ns
[2023-07-18T08:47:16.868+0000][1][safepoint    ] Safepoint "Cleanup", Time since last: 1000813709 ns, Reaching safepoint: 2832375 ns, At safepoint: 71291 ns, Total: 2903666 ns
[2023-07-18T08:47:17.871+0000][1][safepoint    ] Safepoint "Cleanup", Time since last: 1001161584 ns, Reaching safepoint: 2221500 ns, At safepoint: 71458 ns, Total: 2292958 ns
[2023-07-18T08:47:18.876+0000][1][safepoint    ] Safepoint "Cleanup", Time since last: 1001581584 ns, Reaching safepoint: 3270167 ns, At safepoint: 131333 ns, Total: 3401500 ns
[2023-07-18T08:47:19.882+0000][1][safepoint    ] Safepoint "Cleanup", Time since last: 1002362584 ns, Reaching safepoint: 3260666 ns, At safepoint: 90709 ns, Total: 3351375 ns
[2023-07-18T08:47:20.884+0000][1][safepoint    ] Safepoint "Cleanup", Time since last: 1001135208 ns, Reaching safepoint: 954292 ns, At safepoint: 26042 ns, Total: 980334 ns
[2023-07-18T08:47:21.889+0000][1][safepoint    ] Safepoint "Cleanup", Time since last: 1001190084 ns, Reaching safepoint: 3790416 ns, At safepoint: 106167 ns, Total: 3896583 ns
[2023-07-18T08:47:22.895+0000][1][safepoint    ] Safepoint "Cleanup", Time since last: 1001408834 ns, Reaching safepoint: 4272625 ns, At safepoint: 87416 ns, Total: 4360041 ns
[2023-07-18T08:47:23.846+0000][1][safepoint    ] Safepoint "RevokeBias", Time since last: 949125709 ns, Reaching safepoint: 1590792 ns, At safepoint: 347042 ns, Total: 1937834 ns
[2023-07-18T08:47:24.853+0000][1][safepoint    ] Safepoint "Cleanup", Time since last: 1002247542 ns, Reaching safepoint: 4464875 ns, At safepoint: 99666 ns, Total: 4564541 ns
[2023-07-18T08:47:25.859+0000][1][safepoint    ] Safepoint "Cleanup", Time since last: 1001868209 ns, Reaching safepoint: 4538875 ns, At safepoint: 98167 ns, Total: 4637042 ns
[2023-07-18T08:47:26.865+0000][1][safepoint    ] Safepoint "Cleanup", Time since last: 1002003792 ns, Reaching safepoint: 3767625 ns, At safepoint: 105792 ns, Total: 3873417 ns
[2023-07-18T08:47:27.869+0000][1][safepoint    ] Safepoint "Cleanup", Time since last: 1001599750 ns, Reaching safepoint: 2639417 ns, At safepoint: 81750 ns, Total: 2721167 ns
[2023-07-18T08:47:28.877+0000][1][safepoint    ] Safepoint "Cleanup", Time since last: 1003111125 ns, Reaching safepoint: 4463459 ns, At safepoint: 116750 ns, Total: 4580209 ns
[2023-07-18T08:47:29.882+0000][1][safepoint    ] Safepoint "Cleanup", Time since last: 1001486292 ns, Reaching safepoint: 3415208 ns, At safepoint: 118958 ns, Total: 3534166 ns
[2023-07-18T08:47:30.886+0000][1][safepoint    ] Safepoint "Cleanup", Time since last: 1003731668 ns, Reaching safepoint: 566708 ns, At safepoint: 19708 ns, Total: 586416 ns
[2023-07-18T08:47:31.888+0000][1][safepoint    ] Safepoint "Cleanup", Time since last: 1000601376 ns, Reaching safepoint: 1643083 ns, At safepoint: 39917 ns, Total: 1683000 ns
[2023-07-18T08:47:32.893+0000][1][safepoint    ] Safepoint "Cleanup", Time since last: 1000978625 ns, Reaching safepoint: 3449834 ns, At safepoint: 103875 ns, Total: 3553709 ns
[2023-07-18T08:47:33.895+0000][1][safepoint    ] Safepoint "Cleanup", Time since last: 1001516167 ns, Reaching safepoint: 699333 ns, At safepoint: 17083 ns, Total: 716416 ns
[2023-07-18T08:47:34.898+0000][1][safepoint    ] Safepoint "Cleanup", Time since last: 1000410042 ns, Reaching safepoint: 2561084 ns, At safepoint: 81291 ns, Total: 2642375 ns
[2023-07-18T08:47:35.902+0000][1][safepoint    ] Safepoint "Cleanup", Time since last: 1000911418 ns, Reaching safepoint: 2639333 ns, At safepoint: 65375 ns, Total: 2704708 ns
[2023-07-18T08:47:36.906+0000][1][safepoint    ] Safepoint "Cleanup", Time since last: 1001162500 ns, Reaching safepoint: 3099459 ns, At safepoint: 79083 ns, Total: 3178542 ns
[2023-07-18T08:47:37.911+0000][1][safepoint    ] Safepoint "Cleanup", Time since last: 1002173667 ns, Reaching safepoint: 2338667 ns, At safepoint: 60917 ns, Total: 2399584 ns
[2023-07-18T08:47:38.914+0000][1][safepoint    ] Safepoint "Cleanup", Time since last: 1001016417 ns, Reaching safepoint: 2390708 ns, At safepoint: 83542 ns, Total: 2474250 ns
[2023-07-18T08:47:39.918+0000][1][safepoint    ] Safepoint "Cleanup", Time since last: 1001427917 ns, Reaching safepoint: 2169208 ns, At safepoint: 58584 ns, Total: 2227792 ns
[2023-07-18T08:47:40.923+0000][1][safepoint    ] Safepoint "Cleanup", Time since last: 1002101000 ns, Reaching safepoint: 3111042 ns, At safepoint: 63458 ns, Total: 3174500 ns
[2023-07-18T08:47:41.927+0000][1][safepoint    ] Safepoint "Cleanup", Time since last: 1001394126 ns, Reaching safepoint: 2119541 ns, At safepoint: 55959 ns, Total: 2175500 ns
[2023-07-18T08:47:42.929+0000][1][safepoint    ] Safepoint "Cleanup", Time since last: 1000783083 ns, Reaching safepoint: 1205375 ns, At safepoint: 27875 ns, Total: 1233250 ns
[2023-07-18T08:47:43.931+0000][1][safepoint    ] Safepoint "Cleanup", Time since last: 1000850126 ns, Reaching safepoint: 1471500 ns, At safepoint: 19250 ns, Total: 1490750 ns
[2023-07-18T08:47:44.946+0000][1][safepoint    ] Safepoint "Cleanup", Time since last: 1001549334 ns, Reaching safepoint: 10685125 ns, At safepoint: 788208 ns, Total: 11473333 ns
[2023-07-18T08:47:45.955+0000][1][safepoint    ] Safepoint "Cleanup", Time since last: 1010169667 ns, Reaching safepoint: 776042 ns, At safepoint: 19458 ns, Total: 795500 ns
[2023-07-18T08:47:46.960+0000][1][safepoint    ] Safepoint "Cleanup", Time since last: 1000565376 ns, Reaching safepoint: 3985583 ns, At safepoint: 178250 ns, Total: 4163833 ns
[2023-07-18T08:47:47.438+0000][1][safepoint    ] Safepoint "RevokeBias", Time since last: 476289833 ns, Reaching safepoint: 902541 ns, At safepoint: 1134625 ns, Total: 2037166 ns
[2023-07-18T08:47:47.443+0000][1][safepoint    ] Safepoint "RevokeBias", Time since last: 4567500 ns, Reaching safepoint: 788625 ns, At safepoint: 178042 ns, Total: 966667 ns
[2023-07-18T08:47:47.448+0000][1][safepoint    ] Safepoint "RevokeBias", Time since last: 3241250 ns, Reaching safepoint: 975917 ns, At safepoint: 380458 ns, Total: 1356375 ns
[2023-07-18T08:47:47.525+0000][1][safepoint    ] Safepoint "RevokeBias", Time since last: 75666250 ns, Reaching safepoint: 786083 ns, At safepoint: 155292 ns, Total: 941375 ns
[2023-07-18T08:47:47.527+0000][1][safepoint    ] Safepoint "RevokeBias", Time since last: 1490333 ns, Reaching safepoint: 498584 ns, At safepoint: 59083 ns, Total: 557667 ns
[2023-07-18T08:47:47.530+0000][1][safepoint    ] Safepoint "RevokeBias", Time since last: 1815958 ns, Reaching safepoint: 1000084 ns, At safepoint: 67333 ns, Total: 1067417 ns
[2023-07-18T08:47:48.531+0000][1][safepoint    ] Safepoint "Cleanup", Time since last: 1000412542 ns, Reaching safepoint: 1244083 ns, At safepoint: 29709 ns, Total: 1273792 ns
[2023-07-18T08:47:49.538+0000][1][safepoint    ] Safepoint "Cleanup", Time since last: 1001052792 ns, Reaching safepoint: 5253208 ns, At safepoint: 115917 ns, Total: 5369125 ns
[2023-07-18T08:47:50.541+0000][1][safepoint    ] Safepoint "Cleanup", Time since last: 1001187250 ns, Reaching safepoint: 2250792 ns, At safepoint: 70333 ns, Total: 2321125 ns
[2023-07-18T08:47:51.544+0000][1][safepoint    ] Safepoint "Cleanup", Time since last: 1001072167 ns, Reaching safepoint: 1258584 ns, At safepoint: 23500 ns, Total: 1282084 ns
[2023-07-18T08:47:52.548+0000][1][safepoint    ] Safepoint "Cleanup", Time since last: 1000540709 ns, Reaching safepoint: 3493208 ns, At safepoint: 44125 ns, Total: 3537333 ns
[2023-07-18T08:47:53.552+0000][1][safepoint    ] Safepoint "Cleanup", Time since last: 1001637875 ns, Reaching safepoint: 2736000 ns, At safepoint: 100875 ns, Total: 2836875 ns
[2023-07-18T08:47:54.555+0000][1][safepoint    ] Safepoint "Cleanup", Time since last: 1001592709 ns, Reaching safepoint: 1332375 ns, At safepoint: 23709 ns, Total: 1356084 ns
[2023-07-18T08:47:55.561+0000][1][safepoint    ] Safepoint "Cleanup", Time since last: 1000887375 ns, Reaching safepoint: 5309208 ns, At safepoint: 134125 ns, Total: 5443333 ns
[2023-07-18T08:47:56.567+0000][1][safepoint    ] Safepoint "Cleanup", Time since last: 1002093626 ns, Reaching safepoint: 3208083 ns, At safepoint: 80709 ns, Total: 3288792 ns
[2023-07-18T08:47:57.573+0000][1][safepoint    ] Safepoint "Cleanup", Time since last: 1004142875 ns, Reaching safepoint: 1714125 ns, At safepoint: 39375 ns, Total: 1753500 ns
[2023-07-18T08:47:58.579+0000][1][safepoint    ] Safepoint "Cleanup", Time since last: 1003748250 ns, Reaching safepoint: 2442667 ns, At safepoint: 68875 ns, Total: 2511542 ns
[2023-07-18T08:47:59.582+0000][1][safepoint    ] Safepoint "Cleanup", Time since last: 1001386834 ns, Reaching safepoint: 1768375 ns, At safepoint: 51125 ns, Total: 1819500 ns
[2023-07-18T08:48:00.588+0000][1][safepoint    ] Safepoint "Cleanup", Time since last: 1003346542 ns, Reaching safepoint: 2267542 ns, At safepoint: 64958 ns, Total: 2332500 ns
[2023-07-18T08:48:01.593+0000][1][safepoint    ] Safepoint "Cleanup", Time since last: 1003869209 ns, Reaching safepoint: 1741208 ns, At safepoint: 44042 ns, Total: 1785250 ns
[2023-07-18T08:48:02.599+0000][1][safepoint    ] Safepoint "Cleanup", Time since last: 1003849084 ns, Reaching safepoint: 1357166 ns, At safepoint: 31125 ns, Total: 1388291 ns
[2023-07-18T08:48:03.600+0000][1][safepoint    ] Safepoint "Cleanup", Time since last: 1000635293 ns, Reaching safepoint: 650125 ns, At safepoint: 15958 ns, Total: 666083 ns
[2023-07-18T08:48:03.832+0000][1][safepoint    ] Safepoint "RevokeBias", Time since last: 230892042 ns, Reaching safepoint: 1445208 ns, At safepoint: 119583 ns, Total: 1564791 ns
[2023-07-18T08:48:04.837+0000][1][safepoint    ] Safepoint "Cleanup", Time since last: 1001004251 ns, Reaching safepoint: 3413791 ns, At safepoint: 96834 ns, Total: 3510625 ns
[2023-07-18T08:48:05.842+0000][1][safepoint    ] Safepoint "Cleanup", Time since last: 1002633875 ns, Reaching safepoint: 2631125 ns, At safepoint: 101625 ns, Total: 2732750 ns
[2023-07-18T08:48:06.846+0000][1][safepoint    ] Safepoint "Cleanup", Time since last: 1001468376 ns, Reaching safepoint: 2170583 ns, At safepoint: 87667 ns, Total: 2258250 ns
[2023-07-18T08:48:07.854+0000][1][safepoint    ] Safepoint "Cleanup", Time since last: 1001491250 ns, Reaching safepoint: 6083542 ns, At safepoint: 91875 ns, Total: 6175417 ns
[2023-07-18T08:48:08.856+0000][1][safepoint    ] Safepoint "Cleanup", Time since last: 1000764500 ns, Reaching safepoint: 1401042 ns, At safepoint: 30125 ns, Total: 1431167 ns
[2023-07-18T08:48:09.863+0000][1][safepoint    ] Safepoint "Cleanup", Time since last: 1002611542 ns, Reaching safepoint: 4028792 ns, At safepoint: 85792 ns, Total: 4114584 ns
[2023-07-18T08:48:10.867+0000][1][safepoint    ] Safepoint "Cleanup", Time since last: 1000984500 ns, Reaching safepoint: 3043917 ns, At safepoint: 75416 ns, Total: 3119333 ns
[2023-07-18T08:48:11.873+0000][1][safepoint    ] Safepoint "Cleanup", Time since last: 1001705001 ns, Reaching safepoint: 3945083 ns, At safepoint: 323750 ns, Total: 4268833 ns
[2023-07-18T08:48:12.880+0000][1][safepoint    ] Safepoint "Cleanup", Time since last: 1001752542 ns, Reaching safepoint: 5350625 ns, At safepoint: 139792 ns, Total: 5490417 ns
[2023-07-18T08:48:13.882+0000][1][safepoint    ] Safepoint "Cleanup", Time since last: 1001076542 ns, Reaching safepoint: 1283542 ns, At safepoint: 32333 ns, Total: 1315875 ns
[2023-07-18T08:48:15.743+0000][1][safepoint    ] Safepoint "Cleanup", Time since last: 1853965876 ns, Reaching safepoint: 6397250 ns, At safepoint: 124208 ns, Total: 6521458 ns
[2023-07-18T08:48:17.514+0000][1][safepoint    ] Safepoint "Cleanup", Time since last: 1767308876 ns, Reaching safepoint: 4113791 ns, At safepoint: 140625 ns, Total: 4254416 ns
[2023-07-18T08:48:18.519+0000][1][safepoint    ] Safepoint "Cleanup", Time since last: 1001706959 ns, Reaching safepoint: 3003583 ns, At safepoint: 102375 ns, Total: 3105958 ns
[2023-07-18T08:48:19.910+0000][1][safepoint    ] Safepoint "Cleanup", Time since last: 1389693918 ns, Reaching safepoint: 1595916 ns, At safepoint: 36750 ns, Total: 1632666 ns
[2023-07-18T08:48:20.913+0000][1][safepoint    ] Safepoint "Cleanup", Time since last: 1000721709 ns, Reaching safepoint: 2000083 ns, At safepoint: 63459 ns, Total: 2063542 ns
[2023-07-18T08:48:21.917+0000][1][safepoint    ] Safepoint "Cleanup", Time since last: 1000844792 ns, Reaching safepoint: 2777708 ns, At safepoint: 69875 ns, Total: 2847583 ns
[2023-07-18T08:48:22.921+0000][1][safepoint    ] Safepoint "Cleanup", Time since last: 1000931167 ns, Reaching safepoint: 3583459 ns, At safepoint: 88375 ns, Total: 3671834 ns
[2023-07-18T08:48:23.924+0000][1][safepoint    ] Safepoint "Cleanup", Time since last: 1001348709 ns, Reaching safepoint: 1550208 ns, At safepoint: 22292 ns, Total: 1572500 ns
[2023-07-18T08:48:24.927+0000][1][safepoint    ] Safepoint "Cleanup", Time since last: 1001009667 ns, Reaching safepoint: 1272625 ns, At safepoint: 23291 ns, Total: 1295916 ns
[2023-07-18T08:48:25.930+0000][1][safepoint    ] Safepoint "Cleanup", Time since last: 1001524834 ns, Reaching safepoint: 1406542 ns, At safepoint: 29625 ns, Total: 1436167 ns
[2023-07-18T08:48:26.933+0000][1][safepoint    ] Safepoint "Cleanup", Time since last: 1000751084 ns, Reaching safepoint: 2712291 ns, At safepoint: 89084 ns, Total: 2801375 ns
[2023-07-18T08:48:27.937+0000][1][safepoint    ] Safepoint "Cleanup", Time since last: 1001115959 ns, Reaching safepoint: 2972333 ns, At safepoint: 80583 ns, Total: 3052916 ns
[2023-07-18T08:48:28.941+0000][1][safepoint    ] Safepoint "Cleanup", Time since last: 1001116667 ns, Reaching safepoint: 2670459 ns, At safepoint: 104375 ns, Total: 2774834 ns
[2023-07-18T08:48:29.946+0000][1][safepoint    ] Safepoint "Cleanup", Time since last: 1001242542 ns, Reaching safepoint: 3520500 ns, At safepoint: 96500 ns, Total: 3617000 ns
[2023-07-18T08:48:30.951+0000][1][safepoint    ] Safepoint "Cleanup", Time since last: 1001661750 ns, Reaching safepoint: 3271209 ns, At safepoint: 64291 ns, Total: 3335500 ns
[2023-07-18T08:48:31.954+0000][1][safepoint    ] Safepoint "Cleanup", Time since last: 1001712709 ns, Reaching safepoint: 1382583 ns, At safepoint: 24000 ns, Total: 1406583 ns
[2023-07-18T08:48:32.958+0000][1][safepoint    ] Safepoint "Cleanup", Time since last: 1000655959 ns, Reaching safepoint: 2766834 ns, At safepoint: 71250 ns, Total: 2838084 ns
[2023-07-18T08:48:33.854+0000][1][safepoint    ] Safepoint "RevokeBias", Time since last: 893773542 ns, Reaching safepoint: 1511083 ns, At safepoint: 556417 ns, Total: 2067500 ns
[2023-07-18T08:48:34.858+0000][1][safepoint    ] Safepoint "Cleanup", Time since last: 1000921167 ns, Reaching safepoint: 3079541 ns, At safepoint: 86750 ns, Total: 3166291 ns
[2023-07-18T08:48:35.860+0000][1][safepoint    ] Safepoint "Cleanup", Time since last: 1001838626 ns, Reaching safepoint: 786000 ns, At safepoint: 18667 ns, Total: 804667 ns
[2023-07-18T08:48:36.864+0000][1][safepoint    ] Safepoint "Cleanup", Time since last: 1000734167 ns, Reaching safepoint: 2976541 ns, At safepoint: 80459 ns, Total: 3057000 ns
[2023-07-18T08:48:37.870+0000][1][safepoint    ] Safepoint "Cleanup", Time since last: 1003576667 ns, Reaching safepoint: 1991750 ns, At safepoint: 45542 ns, Total: 2037292 ns
[2023-07-18T08:48:38.875+0000][1][safepoint    ] Safepoint "Cleanup", Time since last: 1003537458 ns, Reaching safepoint: 1928542 ns, At safepoint: 78000 ns, Total: 2006542 ns
[2023-07-18T08:48:39.879+0000][1][safepoint    ] Safepoint "Cleanup", Time since last: 1002391501 ns, Reaching safepoint: 1819666 ns, At safepoint: 64084 ns, Total: 1883750 ns
[2023-07-18T08:48:40.884+0000][1][safepoint    ] Safepoint "Cleanup", Time since last: 1001321500 ns, Reaching safepoint: 2700500 ns, At safepoint: 65917 ns, Total: 2766417 ns
[2023-07-18T08:48:41.889+0000][1][safepoint    ] Safepoint "Cleanup", Time since last: 1001879292 ns, Reaching safepoint: 3402958 ns, At safepoint: 93917 ns, Total: 3496875 ns
[2023-07-18T08:48:42.893+0000][1][safepoint    ] Safepoint "Cleanup", Time since last: 1001536209 ns, Reaching safepoint: 2826333 ns, At safepoint: 96292 ns, Total: 2922625 ns
[2023-07-18T08:48:43.846+0000][1][safepoint    ] Safepoint "RevokeBias", Time since last: 950576625 ns, Reaching safepoint: 1628250 ns, At safepoint: 354500 ns, Total: 1982750 ns
[2023-07-18T08:48:44.853+0000][1][safepoint    ] Safepoint "Cleanup", Time since last: 1002305876 ns, Reaching safepoint: 4301000 ns, At safepoint: 135666 ns, Total: 4436666 ns
[2023-07-18T08:48:45.856+0000][1][safepoint    ] Safepoint "Cleanup", Time since last: 1001272084 ns, Reaching safepoint: 2000500 ns, At safepoint: 125625 ns, Total: 2126125 ns
[2023-07-18T08:48:46.866+0000][1][safepoint    ] Safepoint "Cleanup", Time since last: 1008803501 ns, Reaching safepoint: 723875 ns, At safepoint: 22166 ns, Total: 746041 ns
[2023-07-18T08:48:47.869+0000][1][safepoint    ] Safepoint "Cleanup", Time since last: 1001747500 ns, Reaching safepoint: 1430416 ns, At safepoint: 29084 ns, Total: 1459500 ns
[2023-07-18T08:48:48.401+0000][1][safepoint    ] Safepoint "RevokeBias", Time since last: 531500167 ns, Reaching safepoint: 827125 ns, At safepoint: 175958 ns, Total: 1003083 ns
[2023-07-18T08:48:48.410+0000][1][safepoint    ] Safepoint "RevokeBias", Time since last: 8339625 ns, Reaching safepoint: 942000 ns, At safepoint: 86125 ns, Total: 1028125 ns
[2023-07-18T08:48:48.428+0000][1][safepoint    ] Safepoint "RevokeBias", Time since last: 16424167 ns, Reaching safepoint: 686208 ns, At safepoint: 94042 ns, Total: 780250 ns
[2023-07-18T08:48:48.429+0000][1][safepoint    ] Safepoint "RevokeBias", Time since last: 793000 ns, Reaching safepoint: 528458 ns, At safepoint: 65583 ns, Total: 594041 ns
[2023-07-18T08:48:48.432+0000][1][safepoint    ] Safepoint "RevokeBias", Time since last: 2017625 ns, Reaching safepoint: 696375 ns, At safepoint: 67375 ns, Total: 763750 ns
[2023-07-18T08:48:49.433+0000][1][safepoint    ] Safepoint "Cleanup", Time since last: 1000569876 ns, Reaching safepoint: 675666 ns, At safepoint: 14334 ns, Total: 690000 ns
[2023-07-18T08:48:50.435+0000][1][safepoint    ] Safepoint "Cleanup", Time since last: 1000502584 ns, Reaching safepoint: 1644583 ns, At safepoint: 42750 ns, Total: 1687333 ns
[2023-07-18T08:48:51.437+0000][1][safepoint    ] Safepoint "Cleanup", Time since last: 1000779625 ns, Reaching safepoint: 1319792 ns, At safepoint: 31333 ns, Total: 1351125 ns
[2023-07-18T08:48:52.442+0000][1][safepoint    ] Safepoint "Cleanup", Time since last: 1000969043 ns, Reaching safepoint: 3124875 ns, At safepoint: 71708 ns, Total: 3196583 ns
[2023-07-18T08:48:53.448+0000][1][safepoint    ] Safepoint "Cleanup", Time since last: 1002081000 ns, Reaching safepoint: 4102417 ns, At safepoint: 175417 ns, Total: 4277834 ns
[2023-07-18T08:48:53.865+0000][1][safepoint    ] Safepoint "RevokeBias", Time since last: 414966125 ns, Reaching safepoint: 1673000 ns, At safepoint: 366667 ns, Total: 2039667 ns
[2023-07-18T08:48:54.869+0000][1][safepoint    ] Safepoint "Cleanup", Time since last: 1000879667 ns, Reaching safepoint: 3455625 ns, At safepoint: 57625 ns, Total: 3513250 ns
[2023-07-18T08:48:55.875+0000][1][safepoint    ] Safepoint "Cleanup", Time since last: 1001517417 ns, Reaching safepoint: 4073042 ns, At safepoint: 128291 ns, Total: 4201333 ns
[2023-07-18T08:48:56.880+0000][1][safepoint    ] Safepoint "Cleanup", Time since last: 1001965126 ns, Reaching safepoint: 2694333 ns, At safepoint: 95333 ns, Total: 2789666 ns
[2023-07-18T08:48:57.882+0000][1][safepoint    ] Safepoint "Cleanup", Time since last: 1000751584 ns, Reaching safepoint: 1314250 ns, At safepoint: 59583 ns, Total: 1373833 ns
[2023-07-18T08:48:58.887+0000][1][safepoint    ] Safepoint "Cleanup", Time since last: 1002781834 ns, Reaching safepoint: 2609042 ns, At safepoint: 72125 ns, Total: 2681167 ns
[2023-07-18T08:48:59.893+0000][1][safepoint    ] Safepoint "Cleanup", Time since last: 1001055459 ns, Reaching safepoint: 4219541 ns, At safepoint: 162334 ns, Total: 4381875 ns
[2023-07-18T08:49:00.898+0000][1][safepoint    ] Safepoint "Cleanup", Time since last: 1002663584 ns, Reaching safepoint: 2008041 ns, At safepoint: 63625 ns, Total: 2071666 ns
[2023-07-18T08:49:01.901+0000][1][safepoint    ] Safepoint "Cleanup", Time since last: 1000914084 ns, Reaching safepoint: 2202083 ns, At safepoint: 68667 ns, Total: 2270750 ns
[2023-07-18T08:49:02.907+0000][1][safepoint    ] Safepoint "Cleanup", Time since last: 1001898542 ns, Reaching safepoint: 3771792 ns, At safepoint: 78792 ns, Total: 3850584 ns
[2023-07-18T08:49:03.909+0000][1][safepoint    ] Safepoint "Cleanup", Time since last: 1000979833 ns, Reaching safepoint: 1245417 ns, At safepoint: 25958 ns, Total: 1271375 ns
[2023-07-18T08:49:04.044+0000][1][gc,start     ] GC(31) Pause Young (Allocation Failure)
[2023-07-18T08:49:04.047+0000][1][gc,task      ] GC(31) Using 4 workers of 4 for evacuation
[2023-07-18T08:49:04.089+0000][1][gc,age       ] GC(31) Desired survivor size 8945664 bytes, new threshold 6 (max threshold 6)
[2023-07-18T08:49:04.089+0000][1][gc,age       ] GC(31) Age table with threshold 6 (max threshold 6)
[2023-07-18T08:49:04.089+0000][1][gc,age       ] GC(31) - age   1:     157120 bytes,     157120 total
[2023-07-18T08:49:04.090+0000][1][gc,age       ] GC(31) - age   2:       2776 bytes,     159896 total
[2023-07-18T08:49:04.090+0000][1][gc,age       ] GC(31) - age   3:       2608 bytes,     162504 total
[2023-07-18T08:49:04.090+0000][1][gc,age       ] GC(31) - age   4:       3240 bytes,     165744 total
[2023-07-18T08:49:04.090+0000][1][gc,age       ] GC(31) - age   5:       4688 bytes,     170432 total
[2023-07-18T08:49:04.090+0000][1][gc,age       ] GC(31) - age   6:       5728 bytes,     176160 total
[2023-07-18T08:49:04.091+0000][1][gc,heap      ] GC(31) ParNew: 140106K->226K(157248K)
[2023-07-18T08:49:04.091+0000][1][gc,heap      ] GC(31) CMS: 71243K->71312K(349568K)
[2023-07-18T08:49:04.091+0000][1][gc,metaspace ] GC(31) Metaspace: 90346K->90346K(1132544K)
[2023-07-18T08:49:04.092+0000][1][gc           ] GC(31) Pause Young (Allocation Failure) 206M->69M(494M) 47.993ms
[2023-07-18T08:49:04.092+0000][1][gc,cpu       ] GC(31) User=0.08s Sys=0.01s Real=0.05s
[2023-07-18T08:49:04.093+0000][1][safepoint    ] Safepoint "GenCollectForAllocation", Time since last: 133673084 ns, Reaching safepoint: 1092916 ns, At safepoint: 48981375 ns, Total: 50074291 ns
[2023-07-18T08:49:05.096+0000][1][safepoint    ] Safepoint "Cleanup", Time since last: 1001155001 ns, Reaching safepoint: 2597542 ns, At safepoint: 86541 ns, Total: 2684083 ns
[2023-07-18T08:49:06.100+0000][1][safepoint    ] Safepoint "Cleanup", Time since last: 1001505667 ns, Reaching safepoint: 2346459 ns, At safepoint: 79250 ns, Total: 2425709 ns
[2023-07-18T08:49:07.105+0000][1][safepoint    ] Safepoint "Cleanup", Time since last: 1001700667 ns, Reaching safepoint: 2614792 ns, At safepoint: 90500 ns, Total: 2705292 ns
[2023-07-18T08:49:08.109+0000][1][safepoint    ] Safepoint "Cleanup", Time since last: 1003016875 ns, Reaching safepoint: 1328792 ns, At safepoint: 29916 ns, Total: 1358708 ns
[2023-07-18T08:49:09.111+0000][1][safepoint    ] Safepoint "Cleanup", Time since last: 1000977834 ns, Reaching safepoint: 780125 ns, At safepoint: 25917 ns, Total: 806042 ns
[2023-07-18T08:49:10.113+0000][1][safepoint    ] Safepoint "Cleanup", Time since last: 1000458750 ns, Reaching safepoint: 1203125 ns, At safepoint: 31125 ns, Total: 1234250 ns
[2023-07-18T08:49:11.119+0000][1][safepoint    ] Safepoint "Cleanup", Time since last: 1004746334 ns, Reaching safepoint: 1697458 ns, At safepoint: 46542 ns, Total: 1744000 ns
[2023-07-18T08:49:12.124+0000][1][safepoint    ] Safepoint "Cleanup", Time since last: 1002503834 ns, Reaching safepoint: 2380333 ns, At safepoint: 86084 ns, Total: 2466417 ns
[2023-07-18T08:49:13.129+0000][1][safepoint    ] Safepoint "Cleanup", Time since last: 1001543500 ns, Reaching safepoint: 2828292 ns, At safepoint: 86083 ns, Total: 2914375 ns
[2023-07-18T08:49:13.853+0000][1][safepoint    ] Safepoint "RevokeBias", Time since last: 722393167 ns, Reaching safepoint: 1632750 ns, At safepoint: 416500 ns, Total: 2049250 ns
[2023-07-18T08:49:14.855+0000][1][safepoint    ] Safepoint "Cleanup", Time since last: 1000808251 ns, Reaching safepoint: 1312291 ns, At safepoint: 26292 ns, Total: 1338583 ns
[2023-07-18T08:49:15.858+0000][1][safepoint    ] Safepoint "Cleanup", Time since last: 1000760709 ns, Reaching safepoint: 2385375 ns, At safepoint: 83291 ns, Total: 2468666 ns
[2023-07-18T08:49:16.864+0000][1][safepoint    ] Safepoint "Cleanup", Time since last: 1001863751 ns, Reaching safepoint: 3264083 ns, At safepoint: 81292 ns, Total: 3345375 ns
[2023-07-18T08:49:17.871+0000][1][safepoint    ] Safepoint "Cleanup", Time since last: 1003157875 ns, Reaching safepoint: 4082041 ns, At safepoint: 94334 ns, Total: 4176375 ns
[2023-07-18T08:49:18.876+0000][1][safepoint    ] Safepoint "Cleanup", Time since last: 1001540500 ns, Reaching safepoint: 3878709 ns, At safepoint: 126791 ns, Total: 4005500 ns
[2023-07-18T08:49:19.881+0000][1][safepoint    ] Safepoint "Cleanup", Time since last: 1001419501 ns, Reaching safepoint: 3206625 ns, At safepoint: 103708 ns, Total: 3310333 ns
[2023-07-18T08:49:20.890+0000][1][safepoint    ] Safepoint "Cleanup", Time since last: 1004915792 ns, Reaching safepoint: 4182917 ns, At safepoint: 103958 ns, Total: 4286875 ns
[2023-07-18T08:49:21.900+0000][1][safepoint    ] Safepoint "Cleanup", Time since last: 1006451584 ns, Reaching safepoint: 3288083 ns, At safepoint: 110209 ns, Total: 3398292 ns
[2023-07-18T08:49:22.905+0000][1][safepoint    ] Safepoint "Cleanup", Time since last: 1001527125 ns, Reaching safepoint: 3865792 ns, At safepoint: 108333 ns, Total: 3974125 ns
[2023-07-18T08:49:23.847+0000][1][safepoint    ] Safepoint "RevokeBias", Time since last: 939515667 ns, Reaching safepoint: 1559500 ns, At safepoint: 328084 ns, Total: 1887584 ns
[2023-07-18T08:49:24.865+0000][1][safepoint    ] Safepoint "Cleanup", Time since last: 1002259625 ns, Reaching safepoint: 13255542 ns, At safepoint: 1027833 ns, Total: 14283375 ns
[2023-07-18T08:49:25.877+0000][1][safepoint    ] Safepoint "Cleanup", Time since last: 1012713751 ns, Reaching safepoint: 899208 ns, At safepoint: 22583 ns, Total: 921791 ns
[2023-07-18T08:49:26.879+0000][1][safepoint    ] Safepoint "Cleanup", Time since last: 1000571959 ns, Reaching safepoint: 1514458 ns, At safepoint: 39834 ns, Total: 1554292 ns
[2023-07-18T08:49:27.885+0000][1][safepoint    ] Safepoint "Cleanup", Time since last: 1002996000 ns, Reaching safepoint: 2615833 ns, At safepoint: 64417 ns, Total: 2680250 ns
[2023-07-18T08:49:28.890+0000][1][safepoint    ] Safepoint "Cleanup", Time since last: 1001973959 ns, Reaching safepoint: 2702833 ns, At safepoint: 86875 ns, Total: 2789708 ns
[2023-07-18T08:49:29.896+0000][1][safepoint    ] Safepoint "Cleanup", Time since last: 1002214834 ns, Reaching safepoint: 4463375 ns, At safepoint: 116375 ns, Total: 4579750 ns
[2023-07-18T08:49:30.899+0000][1][safepoint    ] Safepoint "Cleanup", Time since last: 1000999209 ns, Reaching safepoint: 1527042 ns, At safepoint: 48166 ns, Total: 1575208 ns
[2023-07-18T08:49:31.904+0000][1][safepoint    ] Safepoint "Cleanup", Time since last: 1000770542 ns, Reaching safepoint: 4299292 ns, At safepoint: 91917 ns, Total: 4391209 ns
[2023-07-18T08:49:32.910+0000][1][safepoint    ] Safepoint "Cleanup", Time since last: 1002979834 ns, Reaching safepoint: 3151916 ns, At safepoint: 88709 ns, Total: 3240625 ns
[2023-07-18T08:49:33.912+0000][1][safepoint    ] Safepoint "Cleanup", Time since last: 1000709958 ns, Reaching safepoint: 1362959 ns, At safepoint: 21416 ns, Total: 1384375 ns
[2023-07-18T08:49:34.918+0000][1][safepoint    ] Safepoint "Cleanup", Time since last: 1001397167 ns, Reaching safepoint: 4594251 ns, At safepoint: 111333 ns, Total: 4705584 ns
[2023-07-18T08:49:35.923+0000][1][safepoint    ] Safepoint "Cleanup", Time since last: 1001494750 ns, Reaching safepoint: 2902375 ns, At safepoint: 67792 ns, Total: 2970167 ns
[2023-07-18T08:49:36.927+0000][1][safepoint    ] Safepoint "Cleanup", Time since last: 1001307917 ns, Reaching safepoint: 2301417 ns, At safepoint: 153458 ns, Total: 2454875 ns
[2023-07-18T08:49:37.929+0000][1][safepoint    ] Safepoint "Cleanup", Time since last: 1000864751 ns, Reaching safepoint: 1510208 ns, At safepoint: 68917 ns, Total: 1579125 ns
[2023-07-18T08:49:38.934+0000][1][safepoint    ] Safepoint "Cleanup", Time since last: 1000910667 ns, Reaching safepoint: 3944541 ns, At safepoint: 97875 ns, Total: 4042416 ns
[2023-07-18T08:49:39.939+0000][1][safepoint    ] Safepoint "Cleanup", Time since last: 1001602334 ns, Reaching safepoint: 2997000 ns, At safepoint: 82834 ns, Total: 3079834 ns
[2023-07-18T08:49:40.944+0000][1][safepoint    ] Safepoint "Cleanup", Time since last: 1001198000 ns, Reaching safepoint: 4128292 ns, At safepoint: 129000 ns, Total: 4257292 ns
[2023-07-18T08:49:41.948+0000][1][safepoint    ] Safepoint "Cleanup", Time since last: 1001299167 ns, Reaching safepoint: 2316750 ns, At safepoint: 50833 ns, Total: 2367583 ns
[2023-07-18T08:49:42.950+0000][1][safepoint    ] Safepoint "Cleanup", Time since last: 1000961667 ns, Reaching safepoint: 1492959 ns, At safepoint: 45541 ns, Total: 1538500 ns
[2023-07-18T08:49:43.952+0000][1][safepoint    ] Safepoint "Cleanup", Time since last: 1000690542 ns, Reaching safepoint: 1197667 ns, At safepoint: 26083 ns, Total: 1223750 ns
[2023-07-18T08:49:44.957+0000][1][safepoint    ] Safepoint "Cleanup", Time since last: 1001013834 ns, Reaching safepoint: 3354292 ns, At safepoint: 95833 ns, Total: 3450125 ns
[2023-07-18T08:49:45.962+0000][1][safepoint    ] Safepoint "Cleanup", Time since last: 1002575792 ns, Reaching safepoint: 2417000 ns, At safepoint: 78834 ns, Total: 2495834 ns
[2023-07-18T08:49:46.967+0000][1][safepoint    ] Safepoint "Cleanup", Time since last: 1001860000 ns, Reaching safepoint: 3017209 ns, At safepoint: 82750 ns, Total: 3099959 ns
[2023-07-18T08:49:47.972+0000][1][safepoint    ] Safepoint "Cleanup", Time since last: 1001928999 ns, Reaching safepoint: 2894667 ns, At safepoint: 49958 ns, Total: 2944625 ns
[2023-07-18T08:49:48.976+0000][1][safepoint    ] Safepoint "Cleanup", Time since last: 1001124042 ns, Reaching safepoint: 3181084 ns, At safepoint: 140083 ns, Total: 3321167 ns
[2023-07-18T08:49:49.431+0000][1][safepoint    ] Safepoint "RevokeBias", Time since last: 452850417 ns, Reaching safepoint: 840666 ns, At safepoint: 1241500 ns, Total: 2082166 ns
[2023-07-18T08:49:49.434+0000][1][safepoint    ] Safepoint "RevokeBias", Time since last: 1722917 ns, Reaching safepoint: 951875 ns, At safepoint: 466625 ns, Total: 1418500 ns
[2023-07-18T08:49:49.469+0000][1][safepoint    ] Safepoint "BulkRevokeBias", Time since last: 32496542 ns, Reaching safepoint: 972708 ns, At safepoint: 1696833 ns, Total: 2669541 ns
[2023-07-18T08:49:49.511+0000][1][safepoint    ] Safepoint "RevokeBias", Time since last: 40780500 ns, Reaching safepoint: 739917 ns, At safepoint: 90583 ns, Total: 830500 ns
[2023-07-18T08:49:50.518+0000][1][safepoint    ] Safepoint "Cleanup", Time since last: 1003359876 ns, Reaching safepoint: 3332708 ns, At safepoint: 119459 ns, Total: 3452167 ns
[2023-07-18T08:49:51.522+0000][1][safepoint    ] Safepoint "Cleanup", Time since last: 1001705333 ns, Reaching safepoint: 2562459 ns, At safepoint: 70208 ns, Total: 2632667 ns
[2023-07-18T08:49:52.529+0000][1][safepoint    ] Safepoint "Cleanup", Time since last: 1003040834 ns, Reaching safepoint: 3793292 ns, At safepoint: 84625 ns, Total: 3877917 ns
[2023-07-18T08:49:53.533+0000][1][safepoint    ] Safepoint "Cleanup", Time since last: 1001195042 ns, Reaching safepoint: 2756916 ns, At safepoint: 80292 ns, Total: 2837208 ns
[2023-07-18T08:49:53.866+0000][1][safepoint    ] Safepoint "RevokeBias", Time since last: 330978334 ns, Reaching safepoint: 1872916 ns, At safepoint: 137125 ns, Total: 2010041 ns
[2023-07-18T08:49:54.869+0000][1][safepoint    ] Safepoint "Cleanup", Time since last: 1002393751 ns, Reaching safepoint: 928791 ns, At safepoint: 21250 ns, Total: 950041 ns
[2023-07-18T08:49:55.873+0000][1][safepoint    ] Safepoint "Cleanup", Time since last: 1000663876 ns, Reaching safepoint: 2886583 ns, At safepoint: 101834 ns, Total: 2988417 ns
[2023-07-18T08:49:56.878+0000][1][safepoint    ] Safepoint "Cleanup", Time since last: 1002942333 ns, Reaching safepoint: 1626084 ns, At safepoint: 33208 ns, Total: 1659292 ns
[2023-07-18T08:49:57.884+0000][1][safepoint    ] Safepoint "Cleanup", Time since last: 1004217834 ns, Reaching safepoint: 1856625 ns, At safepoint: 56541 ns, Total: 1913166 ns
[2023-07-18T08:49:58.890+0000][1][safepoint    ] Safepoint "Cleanup", Time since last: 1003035668 ns, Reaching safepoint: 2668125 ns, At safepoint: 78875 ns, Total: 2747000 ns
[2023-07-18T08:49:59.892+0000][1][safepoint    ] Safepoint "Cleanup", Time since last: 1001261833 ns, Reaching safepoint: 1449292 ns, At safepoint: 38625 ns, Total: 1487917 ns
[2023-07-18T08:50:00.899+0000][1][safepoint    ] Safepoint "Cleanup", Time since last: 1002699834 ns, Reaching safepoint: 3805500 ns, At safepoint: 95625 ns, Total: 3901125 ns
[2023-07-18T08:50:01.902+0000][1][safepoint    ] Safepoint "Cleanup", Time since last: 1001443584 ns, Reaching safepoint: 1317375 ns, At safepoint: 33291 ns, Total: 1350666 ns
[2023-07-18T08:50:02.908+0000][1][safepoint    ] Safepoint "Cleanup", Time since last: 1001991668 ns, Reaching safepoint: 4270500 ns, At safepoint: 112958 ns, Total: 4383458 ns
[2023-07-18T08:50:03.860+0000][1][safepoint    ] Safepoint "RevokeBias", Time since last: 948995625 ns, Reaching safepoint: 1980625 ns, At safepoint: 500542 ns, Total: 2481167 ns
[2023-07-18T08:50:04.862+0000][1][safepoint    ] Safepoint "Cleanup", Time since last: 1001143042 ns, Reaching safepoint: 1175583 ns, At safepoint: 31500 ns, Total: 1207083 ns
[2023-07-18T08:50:05.867+0000][1][safepoint    ] Safepoint "Cleanup", Time since last: 1001075209 ns, Reaching safepoint: 3759417 ns, At safepoint: 80500 ns, Total: 3839917 ns
[2023-07-18T08:50:06.871+0000][1][safepoint    ] Safepoint "Cleanup", Time since last: 1002127709 ns, Reaching safepoint: 2331833 ns, At safepoint: 86542 ns, Total: 2418375 ns
[2023-07-18T08:50:07.878+0000][1][safepoint    ] Safepoint "Cleanup", Time since last: 1003638834 ns, Reaching safepoint: 2433708 ns, At safepoint: 113792 ns, Total: 2547500 ns
[2023-07-18T08:50:08.881+0000][1][safepoint    ] Safepoint "Cleanup", Time since last: 1001608250 ns, Reaching safepoint: 1977083 ns, At safepoint: 73167 ns, Total: 2050250 ns
[2023-07-18T08:50:09.888+0000][1][safepoint    ] Safepoint "Cleanup", Time since last: 1002796417 ns, Reaching safepoint: 3752584 ns, At safepoint: 99291 ns, Total: 3851875 ns
[2023-07-18T08:50:10.896+0000][1][safepoint    ] Safepoint "Cleanup", Time since last: 1004860084 ns, Reaching safepoint: 3496583 ns, At safepoint: 113375 ns, Total: 3609958 ns
[2023-07-18T08:50:11.918+0000][1][safepoint    ] Safepoint "Cleanup", Time since last: 1003077834 ns, Reaching safepoint: 19035625 ns, At safepoint: 77792 ns, Total: 19113417 ns
[2023-07-18T08:50:12.925+0000][1][safepoint    ] Safepoint "Cleanup", Time since last: 1001883917 ns, Reaching safepoint: 4200417 ns, At safepoint: 131625 ns, Total: 4332042 ns
[2023-07-18T08:50:13.856+0000][1][safepoint    ] Safepoint "RevokeBias", Time since last: 929492125 ns, Reaching safepoint: 1672542 ns, At safepoint: 320583 ns, Total: 1993125 ns
[2023-07-18T08:50:14.859+0000][1][safepoint    ] Safepoint "Cleanup", Time since last: 1000394459 ns, Reaching safepoint: 2285500 ns, At safepoint: 54667 ns, Total: 2340167 ns
[2023-07-18T08:50:15.860+0000][1][safepoint    ] Safepoint "Cleanup", Time since last: 1000580833 ns, Reaching safepoint: 682209 ns, At safepoint: 16208 ns, Total: 698417 ns
[2023-07-18T08:50:16.863+0000][1][safepoint    ] Safepoint "Cleanup", Time since last: 1001368501 ns, Reaching safepoint: 1453500 ns, At safepoint: 41750 ns, Total: 1495250 ns
[2023-07-18T08:50:17.866+0000][1][safepoint    ] Safepoint "Cleanup", Time since last: 1000744541 ns, Reaching safepoint: 2210500 ns, At safepoint: 55542 ns, Total: 2266042 ns
[2023-07-18T08:50:18.871+0000][1][safepoint    ] Safepoint "Cleanup", Time since last: 1001195001 ns, Reaching safepoint: 4179583 ns, At safepoint: 166042 ns, Total: 4345625 ns
[2023-07-18T08:50:19.877+0000][1][safepoint    ] Safepoint "Cleanup", Time since last: 1001419000 ns, Reaching safepoint: 3688625 ns, At safepoint: 132708 ns, Total: 3821333 ns
[2023-07-18T08:50:20.879+0000][1][safepoint    ] Safepoint "Cleanup", Time since last: 1001898751 ns, Reaching safepoint: 606583 ns, At safepoint: 14792 ns, Total: 621375 ns
[2023-07-18T08:50:21.884+0000][1][safepoint    ] Safepoint "Cleanup", Time since last: 1003268792 ns, Reaching safepoint: 1957125 ns, At safepoint: 70917 ns, Total: 2028042 ns
[2023-07-18T08:50:22.889+0000][1][safepoint    ] Safepoint "Cleanup", Time since last: 1000798583 ns, Reaching safepoint: 3169042 ns, At safepoint: 142875 ns, Total: 3311917 ns
[2023-07-18T08:50:23.860+0000][1][safepoint    ] Safepoint "RevokeBias", Time since last: 969241834 ns, Reaching safepoint: 1604833 ns, At safepoint: 354875 ns, Total: 1959708 ns
[2023-07-18T08:50:24.863+0000][1][safepoint    ] Safepoint "Cleanup", Time since last: 1000955834 ns, Reaching safepoint: 2345167 ns, At safepoint: 64166 ns, Total: 2409333 ns
[2023-07-18T08:50:25.869+0000][1][safepoint    ] Safepoint "Cleanup", Time since last: 1004553793 ns, Reaching safepoint: 960500 ns, At safepoint: 25791 ns, Total: 986291 ns
[2023-07-18T08:50:26.870+0000][1][safepoint    ] Safepoint "Cleanup", Time since last: 1000429042 ns, Reaching safepoint: 631667 ns, At safepoint: 15083 ns, Total: 646750 ns
[2023-07-18T08:50:27.873+0000][1][safepoint    ] Safepoint "Cleanup", Time since last: 1000531251 ns, Reaching safepoint: 2945916 ns, At safepoint: 77125 ns, Total: 3023041 ns
[2023-07-18T08:50:28.880+0000][1][safepoint    ] Safepoint "Cleanup", Time since last: 1003274459 ns, Reaching safepoint: 3373417 ns, At safepoint: 121875 ns, Total: 3495292 ns
[2023-07-18T08:50:29.883+0000][1][safepoint    ] Safepoint "Cleanup", Time since last: 1001495375 ns, Reaching safepoint: 1838959 ns, At safepoint: 44625 ns, Total: 1883584 ns
[2023-07-18T08:50:30.888+0000][1][safepoint    ] Safepoint "Cleanup", Time since last: 1000783542 ns, Reaching safepoint: 3813375 ns, At safepoint: 118958 ns, Total: 3932333 ns
[2023-07-18T08:50:31.894+0000][1][safepoint    ] Safepoint "Cleanup", Time since last: 1001664376 ns, Reaching safepoint: 3866208 ns, At safepoint: 109708 ns, Total: 3975916 ns
[2023-07-18T08:50:32.899+0000][1][safepoint    ] Safepoint "Cleanup", Time since last: 1002464043 ns, Reaching safepoint: 2604000 ns, At safepoint: 78083 ns, Total: 2682083 ns
[2023-07-18T08:50:33.858+0000][1][safepoint    ] Safepoint "RevokeBias", Time since last: 957113042 ns, Reaching safepoint: 1604708 ns, At safepoint: 415292 ns, Total: 2020000 ns
[2023-07-18T08:50:34.862+0000][1][safepoint    ] Safepoint "Cleanup", Time since last: 1001279875 ns, Reaching safepoint: 2549417 ns, At safepoint: 74417 ns, Total: 2623834 ns
[2023-07-18T08:50:35.867+0000][1][safepoint    ] Safepoint "Cleanup", Time since last: 1001629917 ns, Reaching safepoint: 2862167 ns, At safepoint: 79875 ns, Total: 2942042 ns
[2023-07-18T08:50:36.876+0000][1][safepoint    ] Safepoint "Cleanup", Time since last: 1005012000 ns, Reaching safepoint: 4199292 ns, At safepoint: 109750 ns, Total: 4309042 ns
[2023-07-18T08:50:37.883+0000][1][safepoint    ] Safepoint "Cleanup", Time since last: 1003564667 ns, Reaching safepoint: 3696250 ns, At safepoint: 118750 ns, Total: 3815000 ns
[2023-07-18T08:50:38.888+0000][1][safepoint    ] Safepoint "Cleanup", Time since last: 1001587834 ns, Reaching safepoint: 3187291 ns, At safepoint: 87292 ns, Total: 3274583 ns
[2023-07-18T08:50:39.894+0000][1][safepoint    ] Safepoint "Cleanup", Time since last: 1001561792 ns, Reaching safepoint: 3973167 ns, At safepoint: 98792 ns, Total: 4071959 ns
[2023-07-18T08:50:40.903+0000][1][safepoint    ] Safepoint "Cleanup", Time since last: 1005042458 ns, Reaching safepoint: 4110459 ns, At safepoint: 112541 ns, Total: 4223000 ns
[2023-07-18T08:50:41.907+0000][1][safepoint    ] Safepoint "Cleanup", Time since last: 1001373667 ns, Reaching safepoint: 2550834 ns, At safepoint: 78916 ns, Total: 2629750 ns
[2023-07-18T08:50:42.915+0000][1][safepoint    ] Safepoint "Cleanup", Time since last: 1003814709 ns, Reaching safepoint: 4200459 ns, At safepoint: 99458 ns, Total: 4299917 ns
[2023-07-18T08:50:43.917+0000][1][safepoint    ] Safepoint "Cleanup", Time since last: 1001241667 ns, Reaching safepoint: 660458 ns, At safepoint: 15917 ns, Total: 676375 ns
[2023-07-18T08:50:44.922+0000][1][safepoint    ] Safepoint "Cleanup", Time since last: 1000560167 ns, Reaching safepoint: 4172625 ns, At safepoint: 109292 ns, Total: 4281917 ns
[2023-07-18T08:50:45.925+0000][1][safepoint    ] Safepoint "Cleanup", Time since last: 1001626042 ns, Reaching safepoint: 840417 ns, At safepoint: 199625 ns, Total: 1040042 ns
[2023-07-18T08:50:46.928+0000][1][safepoint    ] Safepoint "Cleanup", Time since last: 1001045834 ns, Reaching safepoint: 2032583 ns, At safepoint: 82083 ns, Total: 2114666 ns
[2023-07-18T08:50:47.932+0000][1][safepoint    ] Safepoint "Cleanup", Time since last: 1001051375 ns, Reaching safepoint: 3259833 ns, At safepoint: 87625 ns, Total: 3347458 ns
[2023-07-18T08:50:48.937+0000][1][safepoint    ] Safepoint "Cleanup", Time since last: 1001386293 ns, Reaching safepoint: 4051666 ns, At safepoint: 96000 ns, Total: 4147666 ns
[2023-07-18T08:50:49.943+0000][1][safepoint    ] Safepoint "Cleanup", Time since last: 1002878084 ns, Reaching safepoint: 3028167 ns, At safepoint: 85583 ns, Total: 3113750 ns
[2023-07-18T08:50:50.430+0000][1][safepoint    ] Safepoint "RevokeBias", Time since last: 485390125 ns, Reaching safepoint: 1032875 ns, At safepoint: 128084 ns, Total: 1160959 ns
[2023-07-18T08:50:50.432+0000][1][safepoint    ] Safepoint "RevokeBias", Time since last: 1740500 ns, Reaching safepoint: 524250 ns, At safepoint: 95416 ns, Total: 619666 ns
[2023-07-18T08:50:50.436+0000][1][safepoint    ] Safepoint "RevokeBias", Time since last: 2874292 ns, Reaching safepoint: 1047333 ns, At safepoint: 83042 ns, Total: 1130375 ns
[2023-07-18T08:50:50.469+0000][1][safepoint    ] Safepoint "RevokeBias", Time since last: 32228583 ns, Reaching safepoint: 611250 ns, At safepoint: 123125 ns, Total: 734375 ns
[2023-07-18T08:50:51.489+0000][1][safepoint    ] Safepoint "Cleanup", Time since last: 1017069709 ns, Reaching safepoint: 2636042 ns, At safepoint: 46125 ns, Total: 2682167 ns
[2023-07-18T08:50:52.494+0000][1][safepoint    ] Safepoint "Cleanup", Time since last: 1001262000 ns, Reaching safepoint: 3924125 ns, At safepoint: 117917 ns, Total: 4042042 ns
[2023-07-18T08:50:53.499+0000][1][safepoint    ] Safepoint "Cleanup", Time since last: 1001549750 ns, Reaching safepoint: 2722417 ns, At safepoint: 66958 ns, Total: 2789375 ns
[2023-07-18T08:50:53.875+0000][1][safepoint    ] Safepoint "RevokeBias", Time since last: 374030626 ns, Reaching safepoint: 1705958 ns, At safepoint: 372250 ns, Total: 2078208 ns
[2023-07-18T08:50:54.879+0000][1][safepoint    ] Safepoint "Cleanup", Time since last: 1001950542 ns, Reaching safepoint: 2626917 ns, At safepoint: 103333 ns, Total: 2730250 ns
[2023-07-18T08:50:55.882+0000][1][safepoint    ] Safepoint "Cleanup", Time since last: 1001081126 ns, Reaching safepoint: 1370833 ns, At safepoint: 21625 ns, Total: 1392458 ns
[2023-07-18T08:50:56.886+0000][1][safepoint    ] Safepoint "Cleanup", Time since last: 1000912500 ns, Reaching safepoint: 2872667 ns, At safepoint: 90583 ns, Total: 2963250 ns
[2023-07-18T08:50:57.889+0000][1][safepoint    ] Safepoint "Cleanup", Time since last: 1002073209 ns, Reaching safepoint: 1208917 ns, At safepoint: 25041 ns, Total: 1233958 ns
[2023-07-18T08:50:58.894+0000][1][safepoint    ] Safepoint "Cleanup", Time since last: 1001364918 ns, Reaching safepoint: 3819666 ns, At safepoint: 119209 ns, Total: 3938875 ns
[2023-07-18T08:50:59.900+0000][1][safepoint    ] Safepoint "Cleanup", Time since last: 1002724125 ns, Reaching safepoint: 3055792 ns, At safepoint: 98708 ns, Total: 3154500 ns
[2023-07-18T08:51:00.910+0000][1][safepoint    ] Safepoint "Cleanup", Time since last: 1004899459 ns, Reaching safepoint: 4736333 ns, At safepoint: 120584 ns, Total: 4856917 ns
[2023-07-18T08:51:01.914+0000][1][safepoint    ] Safepoint "Cleanup", Time since last: 1001213458 ns, Reaching safepoint: 2652042 ns, At safepoint: 80708 ns, Total: 2732750 ns
[2023-07-18T08:51:02.921+0000][1][safepoint    ] Safepoint "Cleanup", Time since last: 1002744293 ns, Reaching safepoint: 3766333 ns, At safepoint: 112417 ns, Total: 3878750 ns
[2023-07-18T08:51:03.868+0000][1][safepoint    ] Safepoint "RevokeBias", Time since last: 945945750 ns, Reaching safepoint: 1609042 ns, At safepoint: 297833 ns, Total: 1906875 ns
[2023-07-18T08:51:03.904+0000][1][gc,start     ] GC(32) Pause Young (Allocation Failure)
[2023-07-18T08:51:03.906+0000][1][gc,task      ] GC(32) Using 4 workers of 4 for evacuation
[2023-07-18T08:51:03.932+0000][1][gc,age       ] GC(32) Desired survivor size 8945664 bytes, new threshold 6 (max threshold 6)
[2023-07-18T08:51:03.932+0000][1][gc,age       ] GC(32) Age table with threshold 6 (max threshold 6)
[2023-07-18T08:51:03.932+0000][1][gc,age       ] GC(32) - age   1:     165056 bytes,     165056 total
[2023-07-18T08:51:03.932+0000][1][gc,age       ] GC(32) - age   2:      53448 bytes,     218504 total
[2023-07-18T08:51:03.932+0000][1][gc,age       ] GC(32) - age   3:       2712 bytes,     221216 total
[2023-07-18T08:51:03.932+0000][1][gc,age       ] GC(32) - age   4:       2608 bytes,     223824 total
[2023-07-18T08:51:03.932+0000][1][gc,age       ] GC(32) - age   5:       3240 bytes,     227064 total
[2023-07-18T08:51:03.933+0000][1][gc,age       ] GC(32) - age   6:       4688 bytes,     231752 total
[2023-07-18T08:51:03.934+0000][1][gc,heap      ] GC(32) ParNew: 140002K->324K(157248K)
[2023-07-18T08:51:03.934+0000][1][gc,heap      ] GC(32) CMS: 71312K->71318K(349568K)
[2023-07-18T08:51:03.934+0000][1][gc,metaspace ] GC(32) Metaspace: 90386K->90386K(1132544K)
[2023-07-18T08:51:03.935+0000][1][gc           ] GC(32) Pause Young (Allocation Failure) 206M->69M(494M) 31.144ms
[2023-07-18T08:51:03.935+0000][1][gc,cpu       ] GC(32) User=0.06s Sys=0.01s Real=0.04s
[2023-07-18T08:51:03.935+0000][1][safepoint    ] Safepoint "GenCollectForAllocation", Time since last: 33545667 ns, Reaching safepoint: 1230125 ns, At safepoint: 31986500 ns, Total: 33216625 ns
[2023-07-18T08:51:04.940+0000][1][safepoint    ] Safepoint "Cleanup", Time since last: 1000538750 ns, Reaching safepoint: 3790625 ns, At safepoint: 85375 ns, Total: 3876000 ns
[2023-07-18T08:51:05.948+0000][1][safepoint    ] Safepoint "Cleanup", Time since last: 1005051459 ns, Reaching safepoint: 2873500 ns, At safepoint: 82125 ns, Total: 2955625 ns
[2023-07-18T08:51:06.950+0000][1][safepoint    ] Safepoint "Cleanup", Time since last: 1000798084 ns, Reaching safepoint: 1516000 ns, At safepoint: 35000 ns, Total: 1551000 ns
[2023-07-18T08:51:07.953+0000][1][safepoint    ] Safepoint "Cleanup", Time since last: 1000823167 ns, Reaching safepoint: 1953583 ns, At safepoint: 68709 ns, Total: 2022292 ns
[2023-07-18T08:51:08.958+0000][1][safepoint    ] Safepoint "Cleanup", Time since last: 1001698250 ns, Reaching safepoint: 2869667 ns, At safepoint: 97875 ns, Total: 2967542 ns
[2023-07-18T08:51:09.961+0000][1][safepoint    ] Safepoint "Cleanup", Time since last: 1002425334 ns, Reaching safepoint: 1176041 ns, At safepoint: 28334 ns, Total: 1204375 ns
[2023-07-18T08:51:10.964+0000][1][safepoint    ] Safepoint "Cleanup", Time since last: 1001146292 ns, Reaching safepoint: 1699166 ns, At safepoint: 44125 ns, Total: 1743291 ns
[2023-07-18T08:51:11.969+0000][1][safepoint    ] Safepoint "Cleanup", Time since last: 1001531751 ns, Reaching safepoint: 3327167 ns, At safepoint: 75708 ns, Total: 3402875 ns
[2023-07-18T08:51:12.978+0000][1][safepoint    ] Safepoint "Cleanup", Time since last: 1002377834 ns, Reaching safepoint: 6307166 ns, At safepoint: 150209 ns, Total: 6457375 ns
[2023-07-18T08:51:13.876+0000][1][safepoint    ] Safepoint "RevokeBias", Time since last: 895935083 ns, Reaching safepoint: 1758000 ns, At safepoint: 411750 ns, Total: 2169750 ns
[2023-07-18T08:51:14.884+0000][1][safepoint    ] Safepoint "Cleanup", Time since last: 1004301168 ns, Reaching safepoint: 3632041 ns, At safepoint: 94500 ns, Total: 3726541 ns
[2023-07-18T08:51:15.886+0000][1][safepoint    ] Safepoint "Cleanup", Time since last: 1001570501 ns, Reaching safepoint: 737833 ns, At safepoint: 14208 ns, Total: 752041 ns
[2023-07-18T08:51:16.889+0000][1][safepoint    ] Safepoint "Cleanup", Time since last: 1000458293 ns, Reaching safepoint: 2204333 ns, At safepoint: 66958 ns, Total: 2271291 ns
[2023-07-18T08:51:17.894+0000][1][safepoint    ] Safepoint "Cleanup", Time since last: 1001252083 ns, Reaching safepoint: 3511500 ns, At safepoint: 108750 ns, Total: 3620250 ns
[2023-07-18T08:51:18.899+0000][1][safepoint    ] Safepoint "Cleanup", Time since last: 1003284584 ns, Reaching safepoint: 1533834 ns, At safepoint: 33375 ns, Total: 1567209 ns
[2023-07-18T08:51:19.903+0000][1][safepoint    ] Safepoint "Cleanup", Time since last: 1000715875 ns, Reaching safepoint: 2885667 ns, At safepoint: 144708 ns, Total: 3030375 ns
[2023-07-18T08:51:20.907+0000][1][safepoint    ] Safepoint "Cleanup", Time since last: 1002621292 ns, Reaching safepoint: 1138500 ns, At safepoint: 22208 ns, Total: 1160708 ns
[2023-07-18T08:51:21.909+0000][1][safepoint    ] Safepoint "Cleanup", Time since last: 1000556959 ns, Reaching safepoint: 1699292 ns, At safepoint: 29708 ns, Total: 1729000 ns
[2023-07-18T08:51:22.914+0000][1][safepoint    ] Safepoint "Cleanup", Time since last: 1001024876 ns, Reaching safepoint: 4050833 ns, At safepoint: 94625 ns, Total: 4145458 ns
[2023-07-18T08:51:23.868+0000][1][safepoint    ] Safepoint "RevokeBias", Time since last: 952061292 ns, Reaching safepoint: 1762584 ns, At safepoint: 317958 ns, Total: 2080542 ns
[2023-07-18T08:51:24.874+0000][1][safepoint    ] Safepoint "Cleanup", Time since last: 1001265042 ns, Reaching safepoint: 3857500 ns, At safepoint: 157958 ns, Total: 4015458 ns
[2023-07-18T08:51:25.881+0000][1][safepoint    ] Safepoint "Cleanup", Time since last: 1003174834 ns, Reaching safepoint: 3630792 ns, At safepoint: 158958 ns, Total: 3789750 ns
[2023-07-18T08:51:26.886+0000][1][safepoint    ] Safepoint "Cleanup", Time since last: 1001601792 ns, Reaching safepoint: 3632334 ns, At safepoint: 141875 ns, Total: 3774209 ns
[2023-07-18T08:51:27.892+0000][1][safepoint    ] Safepoint "Cleanup", Time since last: 1001820125 ns, Reaching safepoint: 3751583 ns, At safepoint: 138459 ns, Total: 3890042 ns
[2023-07-18T08:51:28.895+0000][1][safepoint    ] Safepoint "Cleanup", Time since last: 1001918209 ns, Reaching safepoint: 1093416 ns, At safepoint: 21792 ns, Total: 1115208 ns
[2023-07-18T08:51:29.899+0000][1][safepoint    ] Safepoint "Cleanup", Time since last: 1001542000 ns, Reaching safepoint: 2906334 ns, At safepoint: 76958 ns, Total: 2983292 ns
[2023-07-18T08:51:30.905+0000][1][safepoint    ] Safepoint "Cleanup", Time since last: 1001619834 ns, Reaching safepoint: 4408250 ns, At safepoint: 110708 ns, Total: 4518958 ns
[2023-07-18T08:51:31.910+0000][1][safepoint    ] Safepoint "Cleanup", Time since last: 1001696667 ns, Reaching safepoint: 2936542 ns, At safepoint: 89750 ns, Total: 3026292 ns
[2023-07-18T08:51:32.915+0000][1][safepoint    ] Safepoint "Cleanup", Time since last: 1001414626 ns, Reaching safepoint: 3824250 ns, At safepoint: 118541 ns, Total: 3942791 ns
[2023-07-18T08:51:33.873+0000][1][safepoint    ] Safepoint "BulkRevokeBias", Time since last: 953576167 ns, Reaching safepoint: 1475792 ns, At safepoint: 2881625 ns, Total: 4357417 ns
[2023-07-18T08:51:34.878+0000][1][safepoint    ] Safepoint "Cleanup", Time since last: 1000498125 ns, Reaching safepoint: 3995542 ns, At safepoint: 129458 ns, Total: 4125000 ns
[2023-07-18T08:51:35.883+0000][1][safepoint    ] Safepoint "Cleanup", Time since last: 1001778834 ns, Reaching safepoint: 2994542 ns, At safepoint: 83000 ns, Total: 3077542 ns
[2023-07-18T08:51:36.889+0000][1][safepoint    ] Safepoint "Cleanup", Time since last: 1001378584 ns, Reaching safepoint: 4181625 ns, At safepoint: 94416 ns, Total: 4276041 ns
[2023-07-18T08:51:37.894+0000][1][safepoint    ] Safepoint "Cleanup", Time since last: 1002149709 ns, Reaching safepoint: 3001792 ns, At safepoint: 80708 ns, Total: 3082500 ns
[2023-07-18T08:51:38.898+0000][1][safepoint    ] Safepoint "Cleanup", Time since last: 1001264001 ns, Reaching safepoint: 2636250 ns, At safepoint: 70333 ns, Total: 2706583 ns
[2023-07-18T08:51:39.901+0000][1][safepoint    ] Safepoint "Cleanup", Time since last: 1001105626 ns, Reaching safepoint: 2305000 ns, At safepoint: 79000 ns, Total: 2384000 ns
[2023-07-18T08:51:40.910+0000][1][safepoint    ] Safepoint "Cleanup", Time since last: 1005217792 ns, Reaching safepoint: 3277875 ns, At safepoint: 115541 ns, Total: 3393416 ns
[2023-07-18T08:51:41.913+0000][1][safepoint    ] Safepoint "Cleanup", Time since last: 1001325751 ns, Reaching safepoint: 2069083 ns, At safepoint: 59083 ns, Total: 2128166 ns
[2023-07-18T08:51:42.921+0000][1][safepoint    ] Safepoint "Cleanup", Time since last: 1003374168 ns, Reaching safepoint: 4349666 ns, At safepoint: 103292 ns, Total: 4452958 ns
[2023-07-18T08:51:43.866+0000][1][safepoint    ] Safepoint "RevokeBias", Time since last: 942957042 ns, Reaching safepoint: 1456375 ns, At safepoint: 342208 ns, Total: 1798583 ns
[2023-07-18T08:51:44.870+0000][1][safepoint    ] Safepoint "Cleanup", Time since last: 1002470043 ns, Reaching safepoint: 1209125 ns, At safepoint: 38333 ns, Total: 1247458 ns
[2023-07-18T08:51:45.873+0000][1][safepoint    ] Safepoint "Cleanup", Time since last: 1002045459 ns, Reaching safepoint: 1491916 ns, At safepoint: 35667 ns, Total: 1527583 ns
[2023-07-18T08:51:46.878+0000][1][safepoint    ] Safepoint "Cleanup", Time since last: 1001620709 ns, Reaching safepoint: 3359042 ns, At safepoint: 143041 ns, Total: 3502083 ns
[2023-07-18T08:51:47.885+0000][1][safepoint    ] Safepoint "Cleanup", Time since last: 1001947125 ns, Reaching safepoint: 2701584 ns, At safepoint: 84750 ns, Total: 2786334 ns
[2023-07-18T08:51:48.890+0000][1][safepoint    ] Safepoint "Cleanup", Time since last: 1001452209 ns, Reaching safepoint: 3419916 ns, At safepoint: 88584 ns, Total: 3508500 ns
[2023-07-18T08:51:49.895+0000][1][safepoint    ] Safepoint "Cleanup", Time since last: 1001157250 ns, Reaching safepoint: 4016833 ns, At safepoint: 134417 ns, Total: 4151250 ns
[2023-07-18T08:51:50.902+0000][1][safepoint    ] Safepoint "Cleanup", Time since last: 1002536834 ns, Reaching safepoint: 3562458 ns, At safepoint: 98667 ns, Total: 3661125 ns
[2023-07-18T08:51:51.387+0000][1][safepoint    ] Safepoint "RevokeBias", Time since last: 484554583 ns, Reaching safepoint: 692209 ns, At safepoint: 82333 ns, Total: 774542 ns
[2023-07-18T08:51:51.390+0000][1][safepoint    ] Safepoint "RevokeBias", Time since last: 2129042 ns, Reaching safepoint: 1083000 ns, At safepoint: 70208 ns, Total: 1153208 ns
[2023-07-18T08:51:51.391+0000][1][safepoint    ] Safepoint "RevokeBias", Time since last: 293625 ns, Reaching safepoint: 685250 ns, At safepoint: 67250 ns, Total: 752500 ns
[2023-07-18T08:51:51.412+0000][1][safepoint    ] Safepoint "RevokeBias", Time since last: 19910417 ns, Reaching safepoint: 783166 ns, At safepoint: 134084 ns, Total: 917250 ns
[2023-07-18T08:51:51.414+0000][1][safepoint    ] Safepoint "RevokeBias", Time since last: 1204625 ns, Reaching safepoint: 522250 ns, At safepoint: 62291 ns, Total: 584541 ns
[2023-07-18T08:51:51.421+0000][1][safepoint    ] Safepoint "RevokeBias", Time since last: 5948167 ns, Reaching safepoint: 1360875 ns, At safepoint: 77417 ns, Total: 1438292 ns
[2023-07-18T08:51:52.427+0000][1][safepoint    ] Safepoint "Cleanup", Time since last: 1000812167 ns, Reaching safepoint: 5078375 ns, At safepoint: 119125 ns, Total: 5197500 ns
[2023-07-18T08:51:53.434+0000][1][safepoint    ] Safepoint "Cleanup", Time since last: 1003038167 ns, Reaching safepoint: 3633042 ns, At safepoint: 127000 ns, Total: 3760042 ns
[2023-07-18T08:51:53.877+0000][1][safepoint    ] Safepoint "RevokeBias", Time since last: 440941167 ns, Reaching safepoint: 1567333 ns, At safepoint: 356333 ns, Total: 1923666 ns
[2023-07-18T08:51:54.881+0000][1][safepoint    ] Safepoint "Cleanup", Time since last: 1001888292 ns, Reaching safepoint: 1790084 ns, At safepoint: 35750 ns, Total: 1825834 ns
[2023-07-18T08:51:55.882+0000][1][safepoint    ] Safepoint "Cleanup", Time since last: 1000871542 ns, Reaching safepoint: 636542 ns, At safepoint: 15916 ns, Total: 652458 ns
[2023-07-18T08:51:56.886+0000][1][safepoint    ] Safepoint "Cleanup", Time since last: 1002300959 ns, Reaching safepoint: 1697208 ns, At safepoint: 35459 ns, Total: 1732667 ns
[2023-07-18T08:51:57.893+0000][1][safepoint    ] Safepoint "Cleanup", Time since last: 1001796667 ns, Reaching safepoint: 4478125 ns, At safepoint: 110166 ns, Total: 4588291 ns
[2023-07-18T08:51:58.898+0000][1][safepoint    ] Safepoint "Cleanup", Time since last: 1001661876 ns, Reaching safepoint: 3680833 ns, At safepoint: 117125 ns, Total: 3797958 ns
[2023-07-18T08:51:59.904+0000][1][safepoint    ] Safepoint "Cleanup", Time since last: 1002417667 ns, Reaching safepoint: 3538334 ns, At safepoint: 110791 ns, Total: 3649125 ns
[2023-07-18T08:52:00.908+0000][1][safepoint    ] Safepoint "Cleanup", Time since last: 1001352543 ns, Reaching safepoint: 2098708 ns, At safepoint: 66042 ns, Total: 2164750 ns
[2023-07-18T08:52:01.912+0000][1][safepoint    ] Safepoint "Cleanup", Time since last: 1001029625 ns, Reaching safepoint: 3233708 ns, At safepoint: 180500 ns, Total: 3414208 ns
[2023-07-18T08:52:02.914+0000][1][safepoint    ] Safepoint "Cleanup", Time since last: 1001645876 ns, Reaching safepoint: 609708 ns, At safepoint: 19042 ns, Total: 628750 ns
[2023-07-18T08:52:03.878+0000][1][safepoint    ] Safepoint "RevokeBias", Time since last: 962148667 ns, Reaching safepoint: 1609458 ns, At safepoint: 321500 ns, Total: 1930958 ns
[2023-07-18T08:52:04.885+0000][1][safepoint    ] Safepoint "Cleanup", Time since last: 1002659626 ns, Reaching safepoint: 4030583 ns, At safepoint: 95958 ns, Total: 4126541 ns
[2023-07-18T08:52:05.888+0000][1][safepoint    ] Safepoint "Cleanup", Time since last: 1001235334 ns, Reaching safepoint: 1856709 ns, At safepoint: 57708 ns, Total: 1914417 ns
[2023-07-18T08:52:06.890+0000][1][safepoint    ] Safepoint "Cleanup", Time since last: 1000833292 ns, Reaching safepoint: 1329333 ns, At safepoint: 36292 ns, Total: 1365625 ns
[2023-07-18T08:52:07.895+0000][1][safepoint    ] Safepoint "Cleanup", Time since last: 1001047209 ns, Reaching safepoint: 3692125 ns, At safepoint: 95208 ns, Total: 3787333 ns
[2023-07-18T08:52:08.899+0000][1][safepoint    ] Safepoint "Cleanup", Time since last: 1002243709 ns, Reaching safepoint: 1764500 ns, At safepoint: 66250 ns, Total: 1830750 ns
[2023-07-18T08:52:09.912+0000][1][safepoint    ] Safepoint "Cleanup", Time since last: 1000686542 ns, Reaching safepoint: 11615250 ns, At safepoint: 108709 ns, Total: 11723959 ns
[2023-07-18T08:52:10.919+0000][1][safepoint    ] Safepoint "Cleanup", Time since last: 1003982167 ns, Reaching safepoint: 3148125 ns, At safepoint: 96875 ns, Total: 3245000 ns
[2023-07-18T08:52:11.922+0000][1][safepoint    ] Safepoint "Cleanup", Time since last: 1001355500 ns, Reaching safepoint: 2024250 ns, At safepoint: 61000 ns, Total: 2085250 ns
[2023-07-18T08:52:12.926+0000][1][safepoint    ] Safepoint "Cleanup", Time since last: 1000941584 ns, Reaching safepoint: 2965750 ns, At safepoint: 77375 ns, Total: 3043125 ns
[2023-07-18T08:52:13.886+0000][1][safepoint    ] Safepoint "RevokeBias", Time since last: 957593292 ns, Reaching safepoint: 1666708 ns, At safepoint: 417417 ns, Total: 2084125 ns
[2023-07-18T08:52:14.887+0000][1][safepoint    ] Safepoint "Cleanup", Time since last: 1000430376 ns, Reaching safepoint: 723375 ns, At safepoint: 18333 ns, Total: 741708 ns
[2023-07-18T08:52:15.890+0000][1][safepoint    ] Safepoint "Cleanup", Time since last: 1000722125 ns, Reaching safepoint: 2246959 ns, At safepoint: 71125 ns, Total: 2318084 ns
[2023-07-18T08:52:16.897+0000][1][safepoint    ] Safepoint "Cleanup", Time since last: 1001572209 ns, Reaching safepoint: 5153125 ns, At safepoint: 69250 ns, Total: 5222375 ns
[2023-07-18T08:52:17.902+0000][1][safepoint    ] Safepoint "Cleanup", Time since last: 1002519083 ns, Reaching safepoint: 1829542 ns, At safepoint: 50000 ns, Total: 1879542 ns
[2023-07-18T08:52:18.907+0000][1][safepoint    ] Safepoint "Cleanup", Time since last: 1001402667 ns, Reaching safepoint: 3600667 ns, At safepoint: 124541 ns, Total: 3725208 ns
[2023-07-18T08:52:19.912+0000][1][safepoint    ] Safepoint "Cleanup", Time since last: 1001360126 ns, Reaching safepoint: 3361458 ns, At safepoint: 118083 ns, Total: 3479541 ns
[2023-07-18T08:52:20.916+0000][1][safepoint    ] Safepoint "Cleanup", Time since last: 1002639459 ns, Reaching safepoint: 1786667 ns, At safepoint: 69583 ns, Total: 1856250 ns
[2023-07-18T08:52:21.919+0000][1][safepoint    ] Safepoint "Cleanup", Time since last: 1000882167 ns, Reaching safepoint: 1940792 ns, At safepoint: 59417 ns, Total: 2000209 ns
[2023-07-18T08:52:22.921+0000][1][safepoint    ] Safepoint "Cleanup", Time since last: 1001054750 ns, Reaching safepoint: 1257542 ns, At safepoint: 30458 ns, Total: 1288000 ns
[2023-07-18T08:52:23.888+0000][1][safepoint    ] Safepoint "RevokeBias", Time since last: 964264376 ns, Reaching safepoint: 1526458 ns, At safepoint: 316833 ns, Total: 1843291 ns
[2023-07-18T08:52:24.893+0000][1][safepoint    ] Safepoint "Cleanup", Time since last: 1000709209 ns, Reaching safepoint: 4359125 ns, At safepoint: 105167 ns, Total: 4464292 ns
[2023-07-18T08:52:25.898+0000][1][safepoint    ] Safepoint "Cleanup", Time since last: 1001418375 ns, Reaching safepoint: 3943959 ns, At safepoint: 103875 ns, Total: 4047834 ns
[2023-07-18T08:52:26.906+0000][1][safepoint    ] Safepoint "Cleanup", Time since last: 1003620125 ns, Reaching safepoint: 3643125 ns, At safepoint: 99833 ns, Total: 3742958 ns
[2023-07-18T08:52:27.908+0000][1][safepoint    ] Safepoint "Cleanup", Time since last: 1001612959 ns, Reaching safepoint: 999625 ns, At safepoint: 25125 ns, Total: 1024750 ns
[2023-07-18T08:52:28.913+0000][1][safepoint    ] Safepoint "Cleanup", Time since last: 1000555959 ns, Reaching safepoint: 4266958 ns, At safepoint: 90000 ns, Total: 4356958 ns
[2023-07-18T08:52:29.881+0000][1][safepoint    ] Safepoint "RevokeBias", Time since last: 965816792 ns, Reaching safepoint: 1731917 ns, At safepoint: 41000 ns, Total: 1772917 ns
[2023-07-18T08:52:30.885+0000][1][safepoint    ] Safepoint "Cleanup", Time since last: 1000592876 ns, Reaching safepoint: 3130583 ns, At safepoint: 83833 ns, Total: 3214416 ns
[2023-07-18T08:52:31.886+0000][1][safepoint    ] Safepoint "Cleanup", Time since last: 1001084167 ns, Reaching safepoint: 719500 ns, At safepoint: 14834 ns, Total: 734334 ns
[2023-07-18T08:52:32.891+0000][1][safepoint    ] Safepoint "Cleanup", Time since last: 1000702084 ns, Reaching safepoint: 3440125 ns, At safepoint: 94333 ns, Total: 3534458 ns
[2023-07-18T08:52:33.889+0000][1][safepoint    ] Safepoint "RevokeBias", Time since last: 996416250 ns, Reaching safepoint: 1565375 ns, At safepoint: 327542 ns, Total: 1892917 ns
[2023-07-18T08:52:34.894+0000][1][safepoint    ] Safepoint "Cleanup", Time since last: 1000536584 ns, Reaching safepoint: 4138875 ns, At safepoint: 102833 ns, Total: 4241708 ns
[2023-07-18T08:52:35.899+0000][1][safepoint    ] Safepoint "Cleanup", Time since last: 1001791376 ns, Reaching safepoint: 3529166 ns, At safepoint: 95750 ns, Total: 3624916 ns
[2023-07-18T08:52:36.905+0000][1][safepoint    ] Safepoint "Cleanup", Time since last: 1001663834 ns, Reaching safepoint: 3622750 ns, At safepoint: 94667 ns, Total: 3717417 ns
[2023-07-18T08:52:37.910+0000][1][safepoint    ] Safepoint "Cleanup", Time since last: 1001560875 ns, Reaching safepoint: 4265917 ns, At safepoint: 139833 ns, Total: 4405750 ns
[2023-07-18T08:52:38.914+0000][1][safepoint    ] Safepoint "Cleanup", Time since last: 1001790042 ns, Reaching safepoint: 1475667 ns, At safepoint: 42167 ns, Total: 1517834 ns
[2023-07-18T08:52:39.917+0000][1][safepoint    ] Safepoint "Cleanup", Time since last: 1000851667 ns, Reaching safepoint: 2280750 ns, At safepoint: 58000 ns, Total: 2338750 ns
[2023-07-18T08:52:40.923+0000][1][safepoint    ] Safepoint "Cleanup", Time since last: 1001594750 ns, Reaching safepoint: 3854792 ns, At safepoint: 105458 ns, Total: 3960250 ns
[2023-07-18T08:52:41.924+0000][1][safepoint    ] Safepoint "Cleanup", Time since last: 1001261168 ns, Reaching safepoint: 608625 ns, At safepoint: 17416 ns, Total: 626041 ns
[2023-07-18T08:52:42.928+0000][1][safepoint    ] Safepoint "Cleanup", Time since last: 1000562751 ns, Reaching safepoint: 2969083 ns, At safepoint: 90167 ns, Total: 3059250 ns
[2023-07-18T08:52:43.882+0000][1][safepoint    ] Safepoint "RevokeBias", Time since last: 952257917 ns, Reaching safepoint: 1472583 ns, At safepoint: 329833 ns, Total: 1802416 ns
[2023-07-18T08:52:44.886+0000][1][safepoint    ] Safepoint "Cleanup", Time since last: 1000700251 ns, Reaching safepoint: 3243958 ns, At safepoint: 58834 ns, Total: 3302792 ns
[2023-07-18T08:52:45.891+0000][1][safepoint    ] Safepoint "Cleanup", Time since last: 1001623167 ns, Reaching safepoint: 3514083 ns, At safepoint: 101667 ns, Total: 3615750 ns
[2023-07-18T08:52:46.895+0000][1][safepoint    ] Safepoint "Cleanup", Time since last: 1002533417 ns, Reaching safepoint: 841208 ns, At safepoint: 17542 ns, Total: 858750 ns
[2023-07-18T08:52:47.900+0000][1][safepoint    ] Safepoint "Cleanup", Time since last: 1001666833 ns, Reaching safepoint: 3655583 ns, At safepoint: 90500 ns, Total: 3746083 ns
[2023-07-18T08:52:48.903+0000][1][safepoint    ] Safepoint "Cleanup", Time since last: 1001453042 ns, Reaching safepoint: 1612542 ns, At safepoint: 62667 ns, Total: 1675209 ns
[2023-07-18T08:52:49.910+0000][1][safepoint    ] Safepoint "Cleanup", Time since last: 1002075833 ns, Reaching safepoint: 4837167 ns, At safepoint: 117667 ns, Total: 4954834 ns
[2023-07-18T08:52:50.915+0000][1][safepoint    ] Safepoint "Cleanup", Time since last: 1001729333 ns, Reaching safepoint: 2718709 ns, At safepoint: 75625 ns, Total: 2794334 ns
[2023-07-18T08:52:51.917+0000][1][safepoint    ] Safepoint "Cleanup", Time since last: 1001364542 ns, Reaching safepoint: 745417 ns, At safepoint: 16833 ns, Total: 762250 ns
[2023-07-18T08:52:52.453+0000][1][safepoint    ] Safepoint "RevokeBias", Time since last: 534765709 ns, Reaching safepoint: 924375 ns, At safepoint: 157125 ns, Total: 1081500 ns
[2023-07-18T08:52:52.459+0000][1][safepoint    ] Safepoint "RevokeBias", Time since last: 5028125 ns, Reaching safepoint: 1043458 ns, At safepoint: 304292 ns, Total: 1347750 ns
[2023-07-18T08:52:52.483+0000][1][safepoint    ] Safepoint "RevokeBias", Time since last: 23329416 ns, Reaching safepoint: 756334 ns, At safepoint: 119875 ns, Total: 876209 ns
[2023-07-18T08:52:52.485+0000][1][safepoint    ] Safepoint "RevokeBias", Time since last: 1357583 ns, Reaching safepoint: 406667 ns, At safepoint: 59625 ns, Total: 466292 ns
[2023-07-18T08:52:52.489+0000][1][safepoint    ] Safepoint "RevokeBias", Time since last: 2730833 ns, Reaching safepoint: 1031625 ns, At safepoint: 65542 ns, Total: 1097167 ns
[2023-07-18T08:52:53.493+0000][1][safepoint    ] Safepoint "Cleanup", Time since last: 1000458083 ns, Reaching safepoint: 3690334 ns, At safepoint: 117375 ns, Total: 3807709 ns
[2023-07-18T08:52:53.898+0000][1][safepoint    ] Safepoint "RevokeBias", Time since last: 402926917 ns, Reaching safepoint: 1666416 ns, At safepoint: 358459 ns, Total: 2024875 ns
[2023-07-18T08:52:54.902+0000][1][safepoint    ] Safepoint "Cleanup", Time since last: 1001207125 ns, Reaching safepoint: 2763417 ns, At safepoint: 71791 ns, Total: 2835208 ns
[2023-07-18T08:52:55.905+0000][1][safepoint    ] Safepoint "Cleanup", Time since last: 1001139501 ns, Reaching safepoint: 2118167 ns, At safepoint: 68041 ns, Total: 2186208 ns
[2023-07-18T08:52:56.908+0000][1][safepoint    ] Safepoint "Cleanup", Time since last: 1001989167 ns, Reaching safepoint: 1075209 ns, At safepoint: 22875 ns, Total: 1098084 ns
[2023-07-18T08:52:57.913+0000][1][safepoint    ] Safepoint "Cleanup", Time since last: 1000517292 ns, Reaching safepoint: 3421958 ns, At safepoint: 123042 ns, Total: 3545000 ns
[2023-07-18T08:52:58.917+0000][1][safepoint    ] Safepoint "Cleanup", Time since last: 1001280667 ns, Reaching safepoint: 3275875 ns, At safepoint: 129333 ns, Total: 3405208 ns
[2023-07-18T08:52:59.921+0000][1][safepoint    ] Safepoint "Cleanup", Time since last: 1001313626 ns, Reaching safepoint: 2514000 ns, At safepoint: 64583 ns, Total: 2578583 ns
[2023-07-18T08:53:00.925+0000][1][safepoint    ] Safepoint "Cleanup", Time since last: 1001443959 ns, Reaching safepoint: 2697500 ns, At safepoint: 77875 ns, Total: 2775375 ns
[2023-07-18T08:53:01.928+0000][1][safepoint    ] Safepoint "Cleanup", Time since last: 1001687167 ns, Reaching safepoint: 1156667 ns, At safepoint: 29000 ns, Total: 1185667 ns
[2023-07-18T08:53:02.933+0000][1][safepoint    ] Safepoint "Cleanup", Time since last: 1000853792 ns, Reaching safepoint: 3581500 ns, At safepoint: 115708 ns, Total: 3697208 ns
[2023-07-18T08:53:03.858+0000][1][gc,start     ] GC(33) Pause Young (Allocation Failure)
[2023-07-18T08:53:03.858+0000][1][gc,task      ] GC(33) Using 4 workers of 4 for evacuation
[2023-07-18T08:53:03.871+0000][1][gc,age       ] GC(33) Desired survivor size 8945664 bytes, new threshold 6 (max threshold 6)
[2023-07-18T08:53:03.871+0000][1][gc,age       ] GC(33) Age table with threshold 6 (max threshold 6)
[2023-07-18T08:53:03.871+0000][1][gc,age       ] GC(33) - age   1:     110264 bytes,     110264 total
[2023-07-18T08:53:03.872+0000][1][gc,age       ] GC(33) - age   2:       4376 bytes,     114640 total
[2023-07-18T08:53:03.872+0000][1][gc,age       ] GC(33) - age   3:      53424 bytes,     168064 total
[2023-07-18T08:53:03.872+0000][1][gc,age       ] GC(33) - age   4:       2592 bytes,     170656 total
[2023-07-18T08:53:03.872+0000][1][gc,age       ] GC(33) - age   5:       2608 bytes,     173264 total
[2023-07-18T08:53:03.872+0000][1][gc,age       ] GC(33) - age   6:       2328 bytes,     175592 total
[2023-07-18T08:53:03.873+0000][1][gc,heap      ] GC(33) ParNew: 140100K->279K(157248K)
[2023-07-18T08:53:03.873+0000][1][gc,heap      ] GC(33) CMS: 71318K->71322K(349568K)
[2023-07-18T08:53:03.873+0000][1][gc,metaspace ] GC(33) Metaspace: 90414K->90414K(1132544K)
[2023-07-18T08:53:03.873+0000][1][gc           ] GC(33) Pause Young (Allocation Failure) 206M->69M(494M) 15.552ms
[2023-07-18T08:53:03.873+0000][1][gc,cpu       ] GC(33) User=0.03s Sys=0.01s Real=0.01s
[2023-07-18T08:53:03.873+0000][1][safepoint    ] Safepoint "GenCollectForAllocation", Time since last: 922287292 ns, Reaching safepoint: 2450084 ns, At safepoint: 15969500 ns, Total: 18419584 ns
[2023-07-18T08:53:03.927+0000][1][safepoint    ] Safepoint "RevokeBias", Time since last: 52013541 ns, Reaching safepoint: 1384834 ns, At safepoint: 323041 ns, Total: 1707875 ns
[2023-07-18T08:53:04.931+0000][1][safepoint    ] Safepoint "Cleanup", Time since last: 1000689917 ns, Reaching safepoint: 2687500 ns, At safepoint: 108334 ns, Total: 2795834 ns
[2023-07-18T08:53:05.936+0000][1][safepoint    ] Safepoint "Cleanup", Time since last: 1001296084 ns, Reaching safepoint: 3576458 ns, At safepoint: 136458 ns, Total: 3712916 ns
[2023-07-18T08:53:06.939+0000][1][safepoint    ] Safepoint "Cleanup", Time since last: 1001939209 ns, Reaching safepoint: 1235125 ns, At safepoint: 40250 ns, Total: 1275375 ns
[2023-07-18T08:53:07.943+0000][1][safepoint    ] Safepoint "Cleanup", Time since last: 1000905959 ns, Reaching safepoint: 2949375 ns, At safepoint: 74542 ns, Total: 3023917 ns
[2023-07-18T08:53:08.950+0000][1][safepoint    ] Safepoint "Cleanup", Time since last: 1001347000 ns, Reaching safepoint: 5186875 ns, At safepoint: 190333 ns, Total: 5377208 ns
[2023-07-18T08:53:09.955+0000][1][safepoint    ] Safepoint "Cleanup", Time since last: 1001581376 ns, Reaching safepoint: 3584667 ns, At safepoint: 92000 ns, Total: 3676667 ns
[2023-07-18T08:53:10.957+0000][1][safepoint    ] Safepoint "Cleanup", Time since last: 1001170000 ns, Reaching safepoint: 882208 ns, At safepoint: 18709 ns, Total: 900917 ns
[2023-07-18T08:53:11.960+0000][1][safepoint    ] Safepoint "Cleanup", Time since last: 1000473875 ns, Reaching safepoint: 2498709 ns, At safepoint: 91166 ns, Total: 2589875 ns
[2023-07-18T08:53:12.966+0000][1][safepoint    ] Safepoint "Cleanup", Time since last: 1003555084 ns, Reaching safepoint: 2137208 ns, At safepoint: 109834 ns, Total: 2247042 ns
[2023-07-18T08:53:13.967+0000][1][safepoint    ] Safepoint "Cleanup", Time since last: 1000801000 ns, Reaching safepoint: 675792 ns, At safepoint: 17791 ns, Total: 693583 ns
[2023-07-18T08:53:14.973+0000][1][safepoint    ] Safepoint "Cleanup", Time since last: 1001224293 ns, Reaching safepoint: 4178083 ns, At safepoint: 129667 ns, Total: 4307750 ns
[2023-07-18T08:53:15.978+0000][1][safepoint    ] Safepoint "Cleanup", Time since last: 1001627042 ns, Reaching safepoint: 3892875 ns, At safepoint: 142958 ns, Total: 4035833 ns
[2023-07-18T08:53:16.981+0000][1][safepoint    ] Safepoint "Cleanup", Time since last: 1001416876 ns, Reaching safepoint: 857458 ns, At safepoint: 16333 ns, Total: 873791 ns
[2023-07-18T08:53:17.985+0000][1][safepoint    ] Safepoint "Cleanup", Time since last: 1001045292 ns, Reaching safepoint: 3640166 ns, At safepoint: 94584 ns, Total: 3734750 ns
[2023-07-18T08:53:18.989+0000][1][safepoint    ] Safepoint "Cleanup", Time since last: 1001420000 ns, Reaching safepoint: 2511417 ns, At safepoint: 67833 ns, Total: 2579250 ns
[2023-07-18T08:53:19.995+0000][1][safepoint    ] Safepoint "Cleanup", Time since last: 1001039042 ns, Reaching safepoint: 4609125 ns, At safepoint: 169125 ns, Total: 4778250 ns
[2023-07-18T08:53:21.000+0000][1][safepoint    ] Safepoint "Cleanup", Time since last: 1002756459 ns, Reaching safepoint: 2274542 ns, At safepoint: 74042 ns, Total: 2348584 ns
[2023-07-18T08:53:22.004+0000][1][safepoint    ] Safepoint "Cleanup", Time since last: 1000893042 ns, Reaching safepoint: 2396500 ns, At safepoint: 72833 ns, Total: 2469333 ns
[2023-07-18T08:53:23.006+0000][1][safepoint    ] Safepoint "Cleanup", Time since last: 1001103250 ns, Reaching safepoint: 1021750 ns, At safepoint: 24084 ns, Total: 1045834 ns
[2023-07-18T08:53:23.898+0000][1][safepoint    ] Safepoint "RevokeBias", Time since last: 890496750 ns, Reaching safepoint: 1581250 ns, At safepoint: 315917 ns, Total: 1897167 ns
[2023-07-18T08:53:24.901+0000][1][safepoint    ] Safepoint "Cleanup", Time since last: 1001032959 ns, Reaching safepoint: 1329041 ns, At safepoint: 25584 ns, Total: 1354625 ns
[2023-07-18T08:53:25.903+0000][1][safepoint    ] Safepoint "Cleanup", Time since last: 1000575125 ns, Reaching safepoint: 1384459 ns, At safepoint: 31541 ns, Total: 1416000 ns
[2023-07-18T08:53:26.905+0000][1][safepoint    ] Safepoint "Cleanup", Time since last: 1001554751 ns, Reaching safepoint: 1182958 ns, At safepoint: 22125 ns, Total: 1205083 ns
[2023-07-18T08:53:27.909+0000][1][safepoint    ] Safepoint "Cleanup", Time since last: 1000654750 ns, Reaching safepoint: 2769125 ns, At safepoint: 85792 ns, Total: 2854917 ns
[2023-07-18T08:53:28.912+0000][1][safepoint    ] Safepoint "Cleanup", Time since last: 1001023084 ns, Reaching safepoint: 2402250 ns, At safepoint: 74958 ns, Total: 2477208 ns
[2023-07-18T08:53:29.915+0000][1][safepoint    ] Safepoint "Cleanup", Time since last: 1000885084 ns, Reaching safepoint: 2205667 ns, At safepoint: 103750 ns, Total: 2309417 ns
[2023-07-18T08:53:30.925+0000][1][safepoint    ] Safepoint "Cleanup", Time since last: 1002374750 ns, Reaching safepoint: 4979500 ns, At safepoint: 289000 ns, Total: 5268500 ns
[2023-07-18T08:53:31.937+0000][1][safepoint    ] Safepoint "Cleanup", Time since last: 1012765834 ns, Reaching safepoint: 671667 ns, At safepoint: 14916 ns, Total: 686583 ns
[2023-07-18T08:53:32.943+0000][1][safepoint    ] Safepoint "Cleanup", Time since last: 1001483834 ns, Reaching safepoint: 4952750 ns, At safepoint: 105167 ns, Total: 5057917 ns
[2023-07-18T08:53:33.947+0000][1][safepoint    ] Safepoint "Cleanup", Time since last: 1001775750 ns, Reaching safepoint: 1705584 ns, At safepoint: 19750 ns, Total: 1725334 ns
[2023-07-18T08:53:34.949+0000][1][safepoint    ] Safepoint "Cleanup", Time since last: 1000641125 ns, Reaching safepoint: 1893542 ns, At safepoint: 37500 ns, Total: 1931042 ns
[2023-07-18T08:53:35.951+0000][1][safepoint    ] Safepoint "Cleanup", Time since last: 1000915375 ns, Reaching safepoint: 664167 ns, At safepoint: 14750 ns, Total: 678917 ns
[2023-07-18T08:53:36.953+0000][1][safepoint    ] Safepoint "Cleanup", Time since last: 1000563625 ns, Reaching safepoint: 2039625 ns, At safepoint: 54500 ns, Total: 2094125 ns
[2023-07-18T08:53:37.956+0000][1][safepoint    ] Safepoint "Cleanup", Time since last: 1001390751 ns, Reaching safepoint: 757000 ns, At safepoint: 16333 ns, Total: 773333 ns
[2023-07-18T08:53:38.958+0000][1][safepoint    ] Safepoint "Cleanup", Time since last: 1000501584 ns, Reaching safepoint: 1392833 ns, At safepoint: 41167 ns, Total: 1434000 ns
[2023-07-18T08:53:39.962+0000][1][safepoint    ] Safepoint "Cleanup", Time since last: 1001409501 ns, Reaching safepoint: 2724375 ns, At safepoint: 122125 ns, Total: 2846500 ns
[2023-07-18T08:53:40.966+0000][1][safepoint    ] Safepoint "Cleanup", Time since last: 1001142042 ns, Reaching safepoint: 2915083 ns, At safepoint: 144917 ns, Total: 3060000 ns
[2023-07-18T08:53:41.970+0000][1][safepoint    ] Safepoint "Cleanup", Time since last: 1001078459 ns, Reaching safepoint: 3031791 ns, At safepoint: 113709 ns, Total: 3145500 ns
[2023-07-18T08:53:42.976+0000][1][safepoint    ] Safepoint "Cleanup", Time since last: 1001696833 ns, Reaching safepoint: 3883084 ns, At safepoint: 151583 ns, Total: 4034667 ns
[2023-07-18T08:53:43.902+0000][1][safepoint    ] Safepoint "RevokeBias", Time since last: 923008500 ns, Reaching safepoint: 1566834 ns, At safepoint: 1121291 ns, Total: 2688125 ns
[2023-07-18T08:53:44.907+0000][1][safepoint    ] Safepoint "Cleanup", Time since last: 1000998834 ns, Reaching safepoint: 3980500 ns, At safepoint: 108334 ns, Total: 4088834 ns
[2023-07-18T08:53:45.911+0000][1][safepoint    ] Safepoint "Cleanup", Time since last: 1001485417 ns, Reaching safepoint: 2376083 ns, At safepoint: 54208 ns, Total: 2430291 ns
[2023-07-18T08:53:46.913+0000][1][safepoint    ] Safepoint "Cleanup", Time since last: 1000814418 ns, Reaching safepoint: 1086416 ns, At safepoint: 27792 ns, Total: 1114208 ns
[2023-07-18T08:53:47.914+0000][1][safepoint    ] Safepoint "Cleanup", Time since last: 1000663250 ns, Reaching safepoint: 1161000 ns, At safepoint: 31250 ns, Total: 1192250 ns
[2023-07-18T08:53:48.918+0000][1][safepoint    ] Safepoint "Cleanup", Time since last: 1001750834 ns, Reaching safepoint: 2014542 ns, At safepoint: 46458 ns, Total: 2061000 ns
[2023-07-18T08:53:49.921+0000][1][safepoint    ] Safepoint "Cleanup", Time since last: 1001168375 ns, Reaching safepoint: 2100125 ns, At safepoint: 55959 ns, Total: 2156084 ns
[2023-07-18T08:53:50.927+0000][1][safepoint    ] Safepoint "Cleanup", Time since last: 1001923542 ns, Reaching safepoint: 3774500 ns, At safepoint: 116166 ns, Total: 3890666 ns
[2023-07-18T08:53:51.930+0000][1][safepoint    ] Safepoint "Cleanup", Time since last: 1002229584 ns, Reaching safepoint: 1067417 ns, At safepoint: 26375 ns, Total: 1093792 ns
[2023-07-18T08:53:52.933+0000][1][safepoint    ] Safepoint "Cleanup", Time since last: 1000564000 ns, Reaching safepoint: 1769292 ns, At safepoint: 55208 ns, Total: 1824500 ns
[2023-07-18T08:53:53.403+0000][1][safepoint    ] Safepoint "RevokeBias", Time since last: 468783126 ns, Reaching safepoint: 1004208 ns, At safepoint: 186583 ns, Total: 1190791 ns
[2023-07-18T08:53:53.408+0000][1][safepoint    ] Safepoint "RevokeBias", Time since last: 312459 ns, Reaching safepoint: 4336375 ns, At safepoint: 151208 ns, Total: 4487583 ns
[2023-07-18T08:53:53.411+0000][1][safepoint    ] Safepoint "RevokeBias", Time since last: 1960667 ns, Reaching safepoint: 865416 ns, At safepoint: 81917 ns, Total: 947333 ns
[2023-07-18T08:53:53.449+0000][1][safepoint    ] Safepoint "BulkRevokeBias", Time since last: 35457125 ns, Reaching safepoint: 950125 ns, At safepoint: 1721292 ns, Total: 2671417 ns
[2023-07-18T08:53:53.484+0000][1][safepoint    ] Safepoint "RevokeBias", Time since last: 34628375 ns, Reaching safepoint: 761208 ns, At safepoint: 89750 ns, Total: 850958 ns
[2023-07-18T08:53:53.906+0000][1][safepoint    ] Safepoint "RevokeBias", Time since last: 419839459 ns, Reaching safepoint: 1798833 ns, At safepoint: 336583 ns, Total: 2135416 ns
[2023-07-18T08:53:54.913+0000][1][safepoint    ] Safepoint "Cleanup", Time since last: 1002745584 ns, Reaching safepoint: 4014875 ns, At safepoint: 101583 ns, Total: 4116458 ns
[2023-07-18T08:53:55.916+0000][1][safepoint    ] Safepoint "Cleanup", Time since last: 1001339751 ns, Reaching safepoint: 1542583 ns, At safepoint: 36959 ns, Total: 1579542 ns
[2023-07-18T08:53:56.923+0000][1][safepoint    ] Safepoint "Cleanup", Time since last: 1003205625 ns, Reaching safepoint: 3771792 ns, At safepoint: 95666 ns, Total: 3867458 ns
[2023-07-18T08:53:57.928+0000][1][safepoint    ] Safepoint "Cleanup", Time since last: 1001890001 ns, Reaching safepoint: 3109541 ns, At safepoint: 91000 ns, Total: 3200541 ns
[2023-07-18T08:53:58.931+0000][1][safepoint    ] Safepoint "Cleanup", Time since last: 1001237251 ns, Reaching safepoint: 1595792 ns, At safepoint: 32500 ns, Total: 1628292 ns
[2023-07-18T08:53:59.933+0000][1][safepoint    ] Safepoint "Cleanup", Time since last: 1000908083 ns, Reaching safepoint: 1569375 ns, At safepoint: 30042 ns, Total: 1599417 ns
[2023-07-18T08:54:00.938+0000][1][safepoint    ] Safepoint "Cleanup", Time since last: 1001606084 ns, Reaching safepoint: 2940208 ns, At safepoint: 83292 ns, Total: 3023500 ns
[2023-07-18T08:54:01.943+0000][1][safepoint    ] Safepoint "Cleanup", Time since last: 1001411709 ns, Reaching safepoint: 2955833 ns, At safepoint: 96125 ns, Total: 3051958 ns
[2023-07-18T08:54:02.948+0000][1][safepoint    ] Safepoint "Cleanup", Time since last: 1001547834 ns, Reaching safepoint: 3851792 ns, At safepoint: 100708 ns, Total: 3952500 ns
[2023-07-18T08:54:03.909+0000][1][safepoint    ] Safepoint "RevokeBias", Time since last: 958606000 ns, Reaching safepoint: 1656917 ns, At safepoint: 322625 ns, Total: 1979542 ns
[2023-07-18T08:54:04.914+0000][1][safepoint    ] Safepoint "Cleanup", Time since last: 1000570334 ns, Reaching safepoint: 4708958 ns, At safepoint: 121917 ns, Total: 4830875 ns
[2023-07-18T08:54:05.918+0000][1][safepoint    ] Safepoint "Cleanup", Time since last: 1001274959 ns, Reaching safepoint: 2636791 ns, At safepoint: 66875 ns, Total: 2703666 ns
[2023-07-18T08:54:06.923+0000][1][safepoint    ] Safepoint "Cleanup", Time since last: 1001014876 ns, Reaching safepoint: 3647833 ns, At safepoint: 101542 ns, Total: 3749375 ns
[2023-07-18T08:54:07.928+0000][1][safepoint    ] Safepoint "Cleanup", Time since last: 1001844375 ns, Reaching safepoint: 3347292 ns, At safepoint: 80542 ns, Total: 3427834 ns
[2023-07-18T08:54:08.933+0000][1][safepoint    ] Safepoint "Cleanup", Time since last: 1003764625 ns, Reaching safepoint: 1439750 ns, At safepoint: 29792 ns, Total: 1469542 ns
[2023-07-18T08:54:09.935+0000][1][safepoint    ] Safepoint "Cleanup", Time since last: 1000711000 ns, Reaching safepoint: 1001250 ns, At safepoint: 24250 ns, Total: 1025500 ns
[2023-07-18T08:54:10.939+0000][1][safepoint    ] Safepoint "Cleanup", Time since last: 1000916251 ns, Reaching safepoint: 2695958 ns, At safepoint: 74167 ns, Total: 2770125 ns
[2023-07-18T08:54:11.944+0000][1][safepoint    ] Safepoint "Cleanup", Time since last: 1001291667 ns, Reaching safepoint: 3617583 ns, At safepoint: 109917 ns, Total: 3727500 ns
[2023-07-18T08:54:12.948+0000][1][safepoint    ] Safepoint "Cleanup", Time since last: 1002539375 ns, Reaching safepoint: 2057834 ns, At safepoint: 55083 ns, Total: 2112917 ns
[2023-07-18T08:54:13.912+0000][1][safepoint    ] Safepoint "RevokeBias", Time since last: 960580834 ns, Reaching safepoint: 2201583 ns, At safepoint: 352000 ns, Total: 2553583 ns
[2023-07-18T08:54:14.916+0000][1][safepoint    ] Safepoint "Cleanup", Time since last: 1001531542 ns, Reaching safepoint: 2785167 ns, At safepoint: 98167 ns, Total: 2883334 ns
[2023-07-18T08:54:15.920+0000][1][safepoint    ] Safepoint "Cleanup", Time since last: 1002115500 ns, Reaching safepoint: 1927125 ns, At safepoint: 45958 ns, Total: 1973083 ns
[2023-07-18T08:54:16.924+0000][1][safepoint    ] Safepoint "Cleanup", Time since last: 1001303876 ns, Reaching safepoint: 2753500 ns, At safepoint: 104917 ns, Total: 2858417 ns
[2023-07-18T08:54:17.928+0000][1][safepoint    ] Safepoint "Cleanup", Time since last: 1001305916 ns, Reaching safepoint: 2945792 ns, At safepoint: 75000 ns, Total: 3020792 ns
[2023-07-18T08:54:18.931+0000][1][safepoint    ] Safepoint "Cleanup", Time since last: 1001252084 ns, Reaching safepoint: 823667 ns, At safepoint: 17916 ns, Total: 841583 ns
[2023-07-18T08:54:19.933+0000][1][safepoint    ] Safepoint "Cleanup", Time since last: 1000698626 ns, Reaching safepoint: 1608333 ns, At safepoint: 37292 ns, Total: 1645625 ns
[2023-07-18T08:54:20.935+0000][1][safepoint    ] Safepoint "Cleanup", Time since last: 1000881083 ns, Reaching safepoint: 1620000 ns, At safepoint: 36000 ns, Total: 1656000 ns
[2023-07-18T08:54:21.939+0000][1][safepoint    ] Safepoint "Cleanup", Time since last: 1000843584 ns, Reaching safepoint: 2424959 ns, At safepoint: 55791 ns, Total: 2480750 ns
[2023-07-18T08:54:22.940+0000][1][safepoint    ] Safepoint "Cleanup", Time since last: 1000792667 ns, Reaching safepoint: 815584 ns, At safepoint: 15708 ns, Total: 831292 ns
[2023-07-18T08:54:23.943+0000][1][safepoint    ] Safepoint "Cleanup", Time since last: 1000382042 ns, Reaching safepoint: 1779042 ns, At safepoint: 29417 ns, Total: 1808459 ns
[2023-07-18T08:54:24.948+0000][1][safepoint    ] Safepoint "Cleanup", Time since last: 1000585500 ns, Reaching safepoint: 4343500 ns, At safepoint: 105250 ns, Total: 4448750 ns
[2023-07-18T08:54:25.951+0000][1][safepoint    ] Safepoint "Cleanup", Time since last: 1001523292 ns, Reaching safepoint: 1866125 ns, At safepoint: 41292 ns, Total: 1907417 ns
[2023-07-18T08:54:26.955+0000][1][safepoint    ] Safepoint "Cleanup", Time since last: 1001573709 ns, Reaching safepoint: 2688166 ns, At safepoint: 71667 ns, Total: 2759833 ns
[2023-07-18T08:54:27.961+0000][1][safepoint    ] Safepoint "Cleanup", Time since last: 1002402001 ns, Reaching safepoint: 3539500 ns, At safepoint: 121000 ns, Total: 3660500 ns
[2023-07-18T08:54:28.965+0000][1][safepoint    ] Safepoint "Cleanup", Time since last: 1001317292 ns, Reaching safepoint: 1899458 ns, At safepoint: 45875 ns, Total: 1945333 ns
[2023-07-18T08:54:29.967+0000][1][safepoint    ] Safepoint "Cleanup", Time since last: 1001455084 ns, Reaching safepoint: 830416 ns, At safepoint: 21542 ns, Total: 851958 ns
[2023-07-18T08:54:30.971+0000][1][safepoint    ] Safepoint "Cleanup", Time since last: 1000576834 ns, Reaching safepoint: 3475583 ns, At safepoint: 103459 ns, Total: 3579042 ns
[2023-07-18T08:54:31.977+0000][1][safepoint    ] Safepoint "Cleanup", Time since last: 1002360083 ns, Reaching safepoint: 3423334 ns, At safepoint: 107875 ns, Total: 3531209 ns
[2023-07-18T08:54:32.983+0000][1][safepoint    ] Safepoint "Cleanup", Time since last: 1002373584 ns, Reaching safepoint: 3868458 ns, At safepoint: 91625 ns, Total: 3960083 ns
[2023-07-18T08:54:33.951+0000][1][safepoint    ] Safepoint "RevokeBias", Time since last: 965341084 ns, Reaching safepoint: 1646541 ns, At safepoint: 406709 ns, Total: 2053250 ns
[2023-07-18T08:54:34.952+0000][1][safepoint    ] Safepoint "Cleanup", Time since last: 1000692000 ns, Reaching safepoint: 781292 ns, At safepoint: 18250 ns, Total: 799542 ns
[2023-07-18T08:54:35.957+0000][1][safepoint    ] Safepoint "Cleanup", Time since last: 1002038500 ns, Reaching safepoint: 2828042 ns, At safepoint: 75542 ns, Total: 2903584 ns
[2023-07-18T08:54:36.962+0000][1][safepoint    ] Safepoint "Cleanup", Time since last: 1001239167 ns, Reaching safepoint: 3161500 ns, At safepoint: 111458 ns, Total: 3272958 ns
[2023-07-18T08:54:37.965+0000][1][safepoint    ] Safepoint "Cleanup", Time since last: 1001213834 ns, Reaching safepoint: 1940000 ns, At safepoint: 46875 ns, Total: 1986875 ns
[2023-07-18T08:54:38.969+0000][1][safepoint    ] Safepoint "Cleanup", Time since last: 1000806584 ns, Reaching safepoint: 3534708 ns, At safepoint: 80875 ns, Total: 3615583 ns
[2023-07-18T08:54:39.974+0000][1][safepoint    ] Safepoint "Cleanup", Time since last: 1001314376 ns, Reaching safepoint: 3571708 ns, At safepoint: 114083 ns, Total: 3685791 ns
[2023-07-18T08:54:40.981+0000][1][safepoint    ] Safepoint "Cleanup", Time since last: 1002731126 ns, Reaching safepoint: 3860041 ns, At safepoint: 113584 ns, Total: 3973625 ns
[2023-07-18T08:54:41.987+0000][1][safepoint    ] Safepoint "Cleanup", Time since last: 1001662709 ns, Reaching safepoint: 4150875 ns, At safepoint: 99333 ns, Total: 4250208 ns
[2023-07-18T08:54:42.996+0000][1][safepoint    ] Safepoint "Cleanup", Time since last: 1003712792 ns, Reaching safepoint: 4718417 ns, At safepoint: 193583 ns, Total: 4912000 ns
[2023-07-18T08:54:43.998+0000][1][safepoint    ] Safepoint "Cleanup", Time since last: 1001813500 ns, Reaching safepoint: 634792 ns, At safepoint: 17000 ns, Total: 651792 ns
[2023-07-18T08:54:44.054+0000][1][safepoint    ] Safepoint "RevokeBias", Time since last: 54325459 ns, Reaching safepoint: 1365625 ns, At safepoint: 345583 ns, Total: 1711208 ns
[2023-07-18T08:54:45.057+0000][1][safepoint    ] Safepoint "Cleanup", Time since last: 1000728417 ns, Reaching safepoint: 1805125 ns, At safepoint: 38667 ns, Total: 1843792 ns
[2023-07-18T08:54:46.061+0000][1][safepoint    ] Safepoint "Cleanup", Time since last: 1000843958 ns, Reaching safepoint: 2973375 ns, At safepoint: 77209 ns, Total: 3050584 ns
[2023-07-18T08:54:47.064+0000][1][safepoint    ] Safepoint "Cleanup", Time since last: 1001558584 ns, Reaching safepoint: 1805708 ns, At safepoint: 46625 ns, Total: 1852333 ns
[2023-07-18T08:54:48.069+0000][1][safepoint    ] Safepoint "Cleanup", Time since last: 1001349708 ns, Reaching safepoint: 4084500 ns, At safepoint: 102667 ns, Total: 4187167 ns
[2023-07-18T08:54:49.072+0000][1][safepoint    ] Safepoint "Cleanup", Time since last: 1001932042 ns, Reaching safepoint: 703542 ns, At safepoint: 20708 ns, Total: 724250 ns
[2023-07-18T08:54:50.083+0000][1][safepoint    ] Safepoint "Cleanup", Time since last: 1008116709 ns, Reaching safepoint: 3369833 ns, At safepoint: 58084 ns, Total: 3427917 ns
[2023-07-18T08:54:51.090+0000][1][safepoint    ] Safepoint "Cleanup", Time since last: 1004251167 ns, Reaching safepoint: 2172375 ns, At safepoint: 113333 ns, Total: 2285708 ns
[2023-07-18T08:54:52.097+0000][1][safepoint    ] Safepoint "Cleanup", Time since last: 1002210959 ns, Reaching safepoint: 4228833 ns, At safepoint: 121959 ns, Total: 4350792 ns
[2023-07-18T08:54:53.101+0000][1][safepoint    ] Safepoint "Cleanup", Time since last: 1001616709 ns, Reaching safepoint: 2805791 ns, At safepoint: 135250 ns, Total: 2941041 ns
[2023-07-18T08:54:53.919+0000][1][safepoint    ] Safepoint "RevokeBias", Time since last: 815368126 ns, Reaching safepoint: 1896875 ns, At safepoint: 326583 ns, Total: 2223458 ns
[2023-07-18T08:54:54.460+0000][1][safepoint    ] Safepoint "RevokeBias", Time since last: 540246375 ns, Reaching safepoint: 913875 ns, At safepoint: 117000 ns, Total: 1030875 ns
[2023-07-18T08:54:54.462+0000][1][safepoint    ] Safepoint "RevokeBias", Time since last: 975125 ns, Reaching safepoint: 585459 ns, At safepoint: 67791 ns, Total: 653250 ns
[2023-07-18T08:54:54.466+0000][1][safepoint    ] Safepoint "RevokeBias", Time since last: 3194375 ns, Reaching safepoint: 1316959 ns, At safepoint: 76250 ns, Total: 1393209 ns
[2023-07-18T08:54:54.500+0000][1][safepoint    ] Safepoint "RevokeBias", Time since last: 33048375 ns, Reaching safepoint: 593791 ns, At safepoint: 107500 ns, Total: 701291 ns
[2023-07-18T08:54:54.503+0000][1][safepoint    ] Safepoint "RevokeBias", Time since last: 1750959 ns, Reaching safepoint: 807125 ns, At safepoint: 201625 ns, Total: 1008750 ns
[2023-07-18T08:54:55.508+0000][1][safepoint    ] Safepoint "Cleanup", Time since last: 1002532667 ns, Reaching safepoint: 2924375 ns, At safepoint: 92666 ns, Total: 3017041 ns
[2023-07-18T08:54:56.512+0000][1][safepoint    ] Safepoint "Cleanup", Time since last: 1001952334 ns, Reaching safepoint: 1799750 ns, At safepoint: 52250 ns, Total: 1852000 ns
[2023-07-18T08:54:57.516+0000][1][safepoint    ] Safepoint "Cleanup", Time since last: 1002264501 ns, Reaching safepoint: 1251666 ns, At safepoint: 21584 ns, Total: 1273250 ns
[2023-07-18T08:54:58.335+0000][1][gc,start     ] GC(34) Pause Young (Allocation Failure)
[2023-07-18T08:54:58.340+0000][1][gc,task      ] GC(34) Using 4 workers of 4 for evacuation
[2023-07-18T08:54:58.380+0000][1][gc,age       ] GC(34) Desired survivor size 8945664 bytes, new threshold 6 (max threshold 6)
[2023-07-18T08:54:58.380+0000][1][gc,age       ] GC(34) Age table with threshold 6 (max threshold 6)
[2023-07-18T08:54:58.380+0000][1][gc,age       ] GC(34) - age   1:     118888 bytes,     118888 total
[2023-07-18T08:54:58.380+0000][1][gc,age       ] GC(34) - age   2:      11776 bytes,     130664 total
[2023-07-18T08:54:58.380+0000][1][gc,age       ] GC(34) - age   3:       4192 bytes,     134856 total
[2023-07-18T08:54:58.381+0000][1][gc,age       ] GC(34) - age   4:      53424 bytes,     188280 total
[2023-07-18T08:54:58.381+0000][1][gc,age       ] GC(34) - age   5:       2592 bytes,     190872 total
[2023-07-18T08:54:58.381+0000][1][gc,age       ] GC(34) - age   6:       2608 bytes,     193480 total
[2023-07-18T08:54:58.382+0000][1][gc,heap      ] GC(34) ParNew: 140055K->219K(157248K)
[2023-07-18T08:54:58.382+0000][1][gc,heap      ] GC(34) CMS: 71322K->71325K(349568K)
[2023-07-18T08:54:58.382+0000][1][gc,metaspace ] GC(34) Metaspace: 90533K->90533K(1132544K)
[2023-07-18T08:54:58.383+0000][1][gc           ] GC(34) Pause Young (Allocation Failure) 206M->69M(494M) 48.073ms
[2023-07-18T08:54:58.383+0000][1][gc,cpu       ] GC(34) User=0.07s Sys=0.02s Real=0.05s
[2023-07-18T08:54:58.384+0000][1][safepoint    ] Safepoint "GenCollectForAllocation", Time since last: 817281917 ns, Reaching safepoint: 1459916 ns, At safepoint: 49439209 ns, Total: 50899125 ns
[2023-07-18T08:54:59.388+0000][1][safepoint    ] Safepoint "Cleanup", Time since last: 1001726542 ns, Reaching safepoint: 2901708 ns, At safepoint: 78167 ns, Total: 2979875 ns
[2023-07-18T08:55:00.392+0000][1][safepoint    ] Safepoint "Cleanup", Time since last: 1001083292 ns, Reaching safepoint: 2603083 ns, At safepoint: 82417 ns, Total: 2685500 ns
[2023-07-18T08:55:01.395+0000][1][safepoint    ] Safepoint "Cleanup", Time since last: 1001764250 ns, Reaching safepoint: 1038084 ns, At safepoint: 31541 ns, Total: 1069625 ns
[2023-07-18T08:55:02.400+0000][1][safepoint    ] Safepoint "Cleanup", Time since last: 1001202251 ns, Reaching safepoint: 3343625 ns, At safepoint: 128875 ns, Total: 3472500 ns
[2023-07-18T08:55:03.403+0000][1][safepoint    ] Safepoint "Cleanup", Time since last: 1001248875 ns, Reaching safepoint: 1512959 ns, At safepoint: 37583 ns, Total: 1550542 ns
[2023-07-18T08:55:04.409+0000][1][safepoint    ] Safepoint "Cleanup", Time since last: 1002062667 ns, Reaching safepoint: 4046334 ns, At safepoint: 91875 ns, Total: 4138209 ns
[2023-07-18T08:55:05.414+0000][1][safepoint    ] Safepoint "Cleanup", Time since last: 1002058125 ns, Reaching safepoint: 3007292 ns, At safepoint: 119625 ns, Total: 3126917 ns
[2023-07-18T08:55:06.417+0000][1][safepoint    ] Safepoint "Cleanup", Time since last: 1002056084 ns, Reaching safepoint: 749416 ns, At safepoint: 17875 ns, Total: 767291 ns
[2023-07-18T08:55:07.421+0000][1][safepoint    ] Safepoint "Cleanup", Time since last: 1000819084 ns, Reaching safepoint: 3133042 ns, At safepoint: 141625 ns, Total: 3274667 ns
[2023-07-18T08:55:08.426+0000][1][safepoint    ] Safepoint "Cleanup", Time since last: 1003829667 ns, Reaching safepoint: 1768833 ns, At safepoint: 57292 ns, Total: 1826125 ns
[2023-07-18T08:55:09.432+0000][1][safepoint    ] Safepoint "Cleanup", Time since last: 1001032292 ns, Reaching safepoint: 4265667 ns, At safepoint: 101083 ns, Total: 4366750 ns
[2023-07-18T08:55:10.435+0000][1][safepoint    ] Safepoint "Cleanup", Time since last: 1001748417 ns, Reaching safepoint: 1049792 ns, At safepoint: 23333 ns, Total: 1073125 ns
[2023-07-18T08:55:11.439+0000][1][safepoint    ] Safepoint "Cleanup", Time since last: 1000863084 ns, Reaching safepoint: 3742333 ns, At safepoint: 94375 ns, Total: 3836708 ns
[2023-07-18T08:55:12.445+0000][1][safepoint    ] Safepoint "Cleanup", Time since last: 1002303792 ns, Reaching safepoint: 3488334 ns, At safepoint: 124583 ns, Total: 3612917 ns
[2023-07-18T08:55:13.448+0000][1][safepoint    ] Safepoint "Cleanup", Time since last: 1001187584 ns, Reaching safepoint: 1065542 ns, At safepoint: 27416 ns, Total: 1092958 ns
[2023-07-18T08:55:13.920+0000][1][safepoint    ] Safepoint "RevokeBias", Time since last: 470646875 ns, Reaching safepoint: 1660000 ns, At safepoint: 503542 ns, Total: 2163542 ns
[2023-07-18T08:55:14.922+0000][1][safepoint    ] Safepoint "Cleanup", Time since last: 1000803959 ns, Reaching safepoint: 742625 ns, At safepoint: 17375 ns, Total: 760000 ns
[2023-07-18T08:55:15.924+0000][1][safepoint    ] Safepoint "Cleanup", Time since last: 1001184500 ns, Reaching safepoint: 1157542 ns, At safepoint: 28917 ns, Total: 1186459 ns
[2023-07-18T08:55:16.928+0000][1][safepoint    ] Safepoint "Cleanup", Time since last: 1000957459 ns, Reaching safepoint: 2140000 ns, At safepoint: 148458 ns, Total: 2288458 ns
[2023-07-18T08:55:17.930+0000][1][safepoint    ] Safepoint "Cleanup", Time since last: 1001273916 ns, Reaching safepoint: 1503834 ns, At safepoint: 33916 ns, Total: 1537750 ns
[2023-07-18T08:55:19.540+0000][1][safepoint    ] Safepoint "Cleanup", Time since last: 1608346876 ns, Reaching safepoint: 1688250 ns, At safepoint: 35250 ns, Total: 1723500 ns
[2023-07-18T08:55:20.542+0000][1][safepoint    ] Safepoint "Cleanup", Time since last: 1000722292 ns, Reaching safepoint: 1026500 ns, At safepoint: 30417 ns, Total: 1056917 ns
[2023-07-18T08:55:21.545+0000][1][safepoint    ] Safepoint "Cleanup", Time since last: 1000510792 ns, Reaching safepoint: 2149750 ns, At safepoint: 34875 ns, Total: 2184625 ns
[2023-07-18T08:55:22.548+0000][1][safepoint    ] Safepoint "Cleanup", Time since last: 1000692417 ns, Reaching safepoint: 2704292 ns, At safepoint: 61667 ns, Total: 2765959 ns
[2023-07-18T08:55:23.551+0000][1][safepoint    ] Safepoint "Cleanup", Time since last: 1001318333 ns, Reaching safepoint: 1329875 ns, At safepoint: 22625 ns, Total: 1352500 ns
[2023-07-18T08:55:24.554+0000][1][safepoint    ] Safepoint "Cleanup", Time since last: 1000929793 ns, Reaching safepoint: 2335291 ns, At safepoint: 63334 ns, Total: 2398625 ns
[2023-07-18T08:55:25.562+0000][1][safepoint    ] Safepoint "Cleanup", Time since last: 1003851458 ns, Reaching safepoint: 2873292 ns, At safepoint: 1052958 ns, Total: 3926250 ns
[2023-07-18T08:55:26.565+0000][1][safepoint    ] Safepoint "Cleanup", Time since last: 1001842959 ns, Reaching safepoint: 966084 ns, At safepoint: 23166 ns, Total: 989250 ns
[2023-07-18T08:55:27.570+0000][1][safepoint    ] Safepoint "Cleanup", Time since last: 1001850667 ns, Reaching safepoint: 3667000 ns, At safepoint: 91084 ns, Total: 3758084 ns
[2023-07-18T08:55:28.576+0000][1][safepoint    ] Safepoint "Cleanup", Time since last: 1002736542 ns, Reaching safepoint: 2863250 ns, At safepoint: 80583 ns, Total: 2943833 ns
[2023-07-18T08:55:29.582+0000][1][safepoint    ] Safepoint "Cleanup", Time since last: 1001304334 ns, Reaching safepoint: 4045250 ns, At safepoint: 114250 ns, Total: 4159500 ns
[2023-07-18T08:55:30.585+0000][1][safepoint    ] Safepoint "Cleanup", Time since last: 1001409125 ns, Reaching safepoint: 2526917 ns, At safepoint: 61375 ns, Total: 2588292 ns
[2023-07-18T08:55:31.591+0000][1][safepoint    ] Safepoint "Cleanup", Time since last: 1001261417 ns, Reaching safepoint: 4334084 ns, At safepoint: 129500 ns, Total: 4463584 ns
[2023-07-18T08:55:32.597+0000][1][safepoint    ] Safepoint "Cleanup", Time since last: 1001888167 ns, Reaching safepoint: 3377625 ns, At safepoint: 96625 ns, Total: 3474250 ns
[2023-07-18T08:55:33.602+0000][1][safepoint    ] Safepoint "Cleanup", Time since last: 1001511875 ns, Reaching safepoint: 3317417 ns, At safepoint: 164208 ns, Total: 3481625 ns
[2023-07-18T08:55:34.607+0000][1][safepoint    ] Safepoint "Cleanup", Time since last: 1001361459 ns, Reaching safepoint: 4150917 ns, At safepoint: 107000 ns, Total: 4257917 ns
[2023-07-18T08:55:35.614+0000][1][safepoint    ] Safepoint "Cleanup", Time since last: 1002198792 ns, Reaching safepoint: 4922541 ns, At safepoint: 119709 ns, Total: 5042250 ns
[2023-07-18T08:55:36.617+0000][1][safepoint    ] Safepoint "Cleanup", Time since last: 1000963084 ns, Reaching safepoint: 1800291 ns, At safepoint: 37167 ns, Total: 1837458 ns
[2023-07-18T08:55:37.620+0000][1][safepoint    ] Safepoint "Cleanup", Time since last: 1000982167 ns, Reaching safepoint: 1537542 ns, At safepoint: 37166 ns, Total: 1574708 ns
[2023-07-18T08:55:38.626+0000][1][safepoint    ] Safepoint "Cleanup", Time since last: 1003814834 ns, Reaching safepoint: 2279750 ns, At safepoint: 81625 ns, Total: 2361375 ns
[2023-07-18T08:55:39.632+0000][1][safepoint    ] Safepoint "Cleanup", Time since last: 1001946042 ns, Reaching safepoint: 3897417 ns, At safepoint: 118750 ns, Total: 4016167 ns
[2023-07-18T08:55:40.638+0000][1][safepoint    ] Safepoint "Cleanup", Time since last: 1004055709 ns, Reaching safepoint: 1960667 ns, At safepoint: 46125 ns, Total: 2006792 ns
[2023-07-18T08:55:41.642+0000][1][safepoint    ] Safepoint "Cleanup", Time since last: 1001154125 ns, Reaching safepoint: 3018917 ns, At safepoint: 75500 ns, Total: 3094417 ns
[2023-07-18T08:55:42.648+0000][1][safepoint    ] Safepoint "Cleanup", Time since last: 1004103875 ns, Reaching safepoint: 1702667 ns, At safepoint: 78250 ns, Total: 1780917 ns
[2023-07-18T08:55:43.649+0000][1][safepoint    ] Safepoint "Cleanup", Time since last: 1000673042 ns, Reaching safepoint: 559750 ns, At safepoint: 16708 ns, Total: 576458 ns
[2023-07-18T08:55:44.655+0000][1][safepoint    ] Safepoint "Cleanup", Time since last: 1001085167 ns, Reaching safepoint: 4079750 ns, At safepoint: 133209 ns, Total: 4212959 ns
[2023-07-18T08:55:45.661+0000][1][safepoint    ] Safepoint "Cleanup", Time since last: 1004552917 ns, Reaching safepoint: 1706917 ns, At safepoint: 37916 ns, Total: 1744833 ns
[2023-07-18T08:55:46.665+0000][1][safepoint    ] Safepoint "Cleanup", Time since last: 1001610251 ns, Reaching safepoint: 2004083 ns, At safepoint: 78250 ns, Total: 2082333 ns
[2023-07-18T08:55:47.669+0000][1][safepoint    ] Safepoint "Cleanup", Time since last: 1001636916 ns, Reaching safepoint: 2641084 ns, At safepoint: 71250 ns, Total: 2712334 ns
[2023-07-18T08:55:48.674+0000][1][safepoint    ] Safepoint "Cleanup", Time since last: 1001394500 ns, Reaching safepoint: 3182167 ns, At safepoint: 118208 ns, Total: 3300375 ns
[2023-07-18T08:55:49.677+0000][1][safepoint    ] Safepoint "Cleanup", Time since last: 1001176001 ns, Reaching safepoint: 2446333 ns, At safepoint: 85125 ns, Total: 2531458 ns
[2023-07-18T08:55:50.679+0000][1][safepoint    ] Safepoint "Cleanup", Time since last: 1000883959 ns, Reaching safepoint: 1218750 ns, At safepoint: 32125 ns, Total: 1250875 ns
[2023-07-18T08:55:51.681+0000][1][safepoint    ] Safepoint "Cleanup", Time since last: 1000686917 ns, Reaching safepoint: 1211000 ns, At safepoint: 21542 ns, Total: 1232542 ns
[2023-07-18T08:55:52.687+0000][1][safepoint    ] Safepoint "Cleanup", Time since last: 1001810333 ns, Reaching safepoint: 3778875 ns, At safepoint: 94250 ns, Total: 3873125 ns
[2023-07-18T08:55:53.690+0000][1][safepoint    ] Safepoint "Cleanup", Time since last: 1002442001 ns, Reaching safepoint: 907708 ns, At safepoint: 21208 ns, Total: 928916 ns
[2023-07-18T08:55:54.696+0000][1][safepoint    ] Safepoint "Cleanup", Time since last: 1000743459 ns, Reaching safepoint: 4836917 ns, At safepoint: 146208 ns, Total: 4983125 ns
[2023-07-18T08:55:55.434+0000][1][safepoint    ] Safepoint "RevokeBias", Time since last: 736872751 ns, Reaching safepoint: 841166 ns, At safepoint: 106667 ns, Total: 947833 ns
[2023-07-18T08:55:55.438+0000][1][safepoint    ] Safepoint "RevokeBias", Time since last: 2561875 ns, Reaching safepoint: 1768583 ns, At safepoint: 197542 ns, Total: 1966125 ns
[2023-07-18T08:55:55.446+0000][1][safepoint    ] Safepoint "RevokeBias", Time since last: 7238042 ns, Reaching safepoint: 576916 ns, At safepoint: 76125 ns, Total: 653041 ns
[2023-07-18T08:55:55.467+0000][1][safepoint    ] Safepoint "RevokeBias", Time since last: 20048917 ns, Reaching safepoint: 736250 ns, At safepoint: 105667 ns, Total: 841917 ns
[2023-07-18T08:55:55.469+0000][1][safepoint    ] Safepoint "RevokeBias", Time since last: 1124375 ns, Reaching safepoint: 643333 ns, At safepoint: 100000 ns, Total: 743333 ns
[2023-07-18T08:55:55.472+0000][1][safepoint    ] Safepoint "RevokeBias", Time since last: 2147000 ns, Reaching safepoint: 568458 ns, At safepoint: 78667 ns, Total: 647125 ns
[2023-07-18T08:55:56.474+0000][1][safepoint    ] Safepoint "Cleanup", Time since last: 1000879209 ns, Reaching safepoint: 844875 ns, At safepoint: 23875 ns, Total: 868750 ns
[2023-07-18T08:55:57.478+0000][1][safepoint    ] Safepoint "Cleanup", Time since last: 1000641625 ns, Reaching safepoint: 3568209 ns, At safepoint: 145458 ns, Total: 3713667 ns
[2023-07-18T08:55:58.482+0000][1][safepoint    ] Safepoint "Cleanup", Time since last: 1001568167 ns, Reaching safepoint: 2730875 ns, At safepoint: 83333 ns, Total: 2814208 ns
[2023-07-18T08:55:59.486+0000][1][safepoint    ] Safepoint "Cleanup", Time since last: 1001605668 ns, Reaching safepoint: 1912333 ns, At safepoint: 57792 ns, Total: 1970125 ns
[2023-07-18T08:56:00.494+0000][1][safepoint    ] Safepoint "Cleanup", Time since last: 1005202875 ns, Reaching safepoint: 2941833 ns, At safepoint: 129834 ns, Total: 3071667 ns
[2023-07-18T08:56:01.498+0000][1][safepoint    ] Safepoint "Cleanup", Time since last: 1002085750 ns, Reaching safepoint: 1571584 ns, At safepoint: 45125 ns, Total: 1616709 ns
[2023-07-18T08:56:02.502+0000][1][safepoint    ] Safepoint "Cleanup", Time since last: 1000806708 ns, Reaching safepoint: 2969167 ns, At safepoint: 89708 ns, Total: 3058875 ns
[2023-07-18T08:56:03.507+0000][1][safepoint    ] Safepoint "Cleanup", Time since last: 1002798459 ns, Reaching safepoint: 2378000 ns, At safepoint: 129833 ns, Total: 2507833 ns
[2023-07-18T08:56:03.925+0000][1][safepoint    ] Safepoint "RevokeBias", Time since last: 416601959 ns, Reaching safepoint: 1390917 ns, At safepoint: 222166 ns, Total: 1613083 ns
[2023-07-18T08:56:04.930+0000][1][safepoint    ] Safepoint "Cleanup", Time since last: 1000495167 ns, Reaching safepoint: 4498625 ns, At safepoint: 114584 ns, Total: 4613209 ns
[2023-07-18T08:56:05.933+0000][1][safepoint    ] Safepoint "Cleanup", Time since last: 1001344750 ns, Reaching safepoint: 1597417 ns, At safepoint: 35750 ns, Total: 1633167 ns
[2023-07-18T08:56:06.938+0000][1][safepoint    ] Safepoint "Cleanup", Time since last: 1000792959 ns, Reaching safepoint: 3582125 ns, At safepoint: 93000 ns, Total: 3675125 ns
[2023-07-18T08:56:07.944+0000][1][safepoint    ] Safepoint "Cleanup", Time since last: 1001350167 ns, Reaching safepoint: 4042000 ns, At safepoint: 182667 ns, Total: 4224667 ns
[2023-07-18T08:56:08.951+0000][1][safepoint    ] Safepoint "Cleanup", Time since last: 1001398292 ns, Reaching safepoint: 3722833 ns, At safepoint: 2461167 ns, Total: 6184000 ns
[2023-07-18T08:56:09.956+0000][1][safepoint    ] Safepoint "Cleanup", Time since last: 1001278375 ns, Reaching safepoint: 3304750 ns, At safepoint: 79750 ns, Total: 3384500 ns
[2023-07-18T08:56:10.959+0000][1][safepoint    ] Safepoint "Cleanup", Time since last: 1001244417 ns, Reaching safepoint: 2277250 ns, At safepoint: 67250 ns, Total: 2344500 ns
[2023-07-18T08:56:11.962+0000][1][safepoint    ] Safepoint "Cleanup", Time since last: 1001292418 ns, Reaching safepoint: 989333 ns, At safepoint: 23417 ns, Total: 1012750 ns
[2023-07-18T08:56:12.967+0000][1][safepoint    ] Safepoint "Cleanup", Time since last: 1001112708 ns, Reaching safepoint: 4222209 ns, At safepoint: 101416 ns, Total: 4323625 ns
[2023-07-18T08:56:13.924+0000][1][safepoint    ] Safepoint "RevokeBias", Time since last: 955478126 ns, Reaching safepoint: 1593416 ns, At safepoint: 404667 ns, Total: 1998083 ns
[2023-07-18T08:56:14.928+0000][1][safepoint    ] Safepoint "Cleanup", Time since last: 1000993834 ns, Reaching safepoint: 2143208 ns, At safepoint: 82459 ns, Total: 2225667 ns
[2023-07-18T08:56:15.931+0000][1][safepoint    ] Safepoint "Cleanup", Time since last: 1001542250 ns, Reaching safepoint: 1711875 ns, At safepoint: 82542 ns, Total: 1794417 ns
[2023-07-18T08:56:16.936+0000][1][safepoint    ] Safepoint "Cleanup", Time since last: 1001222167 ns, Reaching safepoint: 3452167 ns, At safepoint: 117375 ns, Total: 3569542 ns
[2023-07-18T08:56:17.948+0000][1][safepoint    ] Safepoint "Cleanup", Time since last: 1002341166 ns, Reaching safepoint: 6857709 ns, At safepoint: 497583 ns, Total: 7355292 ns
[2023-07-18T08:56:18.956+0000][1][safepoint    ] Safepoint "Cleanup", Time since last: 1008625126 ns, Reaching safepoint: 1915041 ns, At safepoint: 28959 ns, Total: 1944000 ns
[2023-07-18T08:56:19.960+0000][1][safepoint    ] Safepoint "Cleanup", Time since last: 1001037000 ns, Reaching safepoint: 2565417 ns, At safepoint: 91041 ns, Total: 2656458 ns
[2023-07-18T08:56:20.966+0000][1][safepoint    ] Safepoint "Cleanup", Time since last: 1001847376 ns, Reaching safepoint: 3984792 ns, At safepoint: 100666 ns, Total: 4085458 ns
[2023-07-18T08:56:21.971+0000][1][safepoint    ] Safepoint "Cleanup", Time since last: 1002818167 ns, Reaching safepoint: 3034875 ns, At safepoint: 77167 ns, Total: 3112042 ns
[2023-07-18T08:56:22.977+0000][1][safepoint    ] Safepoint "Cleanup", Time since last: 1001873417 ns, Reaching safepoint: 3710542 ns, At safepoint: 125125 ns, Total: 3835667 ns
[2023-07-18T08:56:23.980+0000][1][safepoint    ] Safepoint "Cleanup", Time since last: 1001493917 ns, Reaching safepoint: 1666917 ns, At safepoint: 19958 ns, Total: 1686875 ns
[2023-07-18T08:56:24.984+0000][1][safepoint    ] Safepoint "Cleanup", Time since last: 1001546459 ns, Reaching safepoint: 1989958 ns, At safepoint: 36792 ns, Total: 2026750 ns
[2023-07-18T08:56:25.985+0000][1][safepoint    ] Safepoint "Cleanup", Time since last: 1000731959 ns, Reaching safepoint: 670708 ns, At safepoint: 15250 ns, Total: 685958 ns
[2023-07-18T08:56:26.991+0000][1][safepoint    ] Safepoint "Cleanup", Time since last: 1002011792 ns, Reaching safepoint: 3478042 ns, At safepoint: 102750 ns, Total: 3580792 ns
[2023-07-18T08:56:27.997+0000][1][safepoint    ] Safepoint "Cleanup", Time since last: 1001766334 ns, Reaching safepoint: 4291666 ns, At safepoint: 107584 ns, Total: 4399250 ns
[2023-07-18T08:56:29.001+0000][1][safepoint    ] Safepoint "Cleanup", Time since last: 1001810917 ns, Reaching safepoint: 1998291 ns, At safepoint: 44834 ns, Total: 2043125 ns
[2023-07-18T08:56:30.003+0000][1][safepoint    ] Safepoint "Cleanup", Time since last: 1000856083 ns, Reaching safepoint: 1074584 ns, At safepoint: 22750 ns, Total: 1097334 ns
[2023-07-18T08:56:31.005+0000][1][safepoint    ] Safepoint "Cleanup", Time since last: 1000614000 ns, Reaching safepoint: 1844625 ns, At safepoint: 36709 ns, Total: 1881334 ns
[2023-07-18T08:56:32.009+0000][1][safepoint    ] Safepoint "Cleanup", Time since last: 1000901875 ns, Reaching safepoint: 2544292 ns, At safepoint: 83625 ns, Total: 2627917 ns
[2023-07-18T08:56:33.013+0000][1][safepoint    ] Safepoint "Cleanup", Time since last: 1000970167 ns, Reaching safepoint: 2990125 ns, At safepoint: 86500 ns, Total: 3076625 ns
[2023-07-18T08:56:33.927+0000][1][safepoint    ] Safepoint "RevokeBias", Time since last: 911384209 ns, Reaching safepoint: 1481708 ns, At safepoint: 1141917 ns, Total: 2623625 ns
[2023-07-18T08:56:34.932+0000][1][safepoint    ] Safepoint "Cleanup", Time since last: 1000883958 ns, Reaching safepoint: 4093042 ns, At safepoint: 99750 ns, Total: 4192792 ns
[2023-07-18T08:56:35.935+0000][1][safepoint    ] Safepoint "Cleanup", Time since last: 1001512792 ns, Reaching safepoint: 1600459 ns, At safepoint: 37041 ns, Total: 1637500 ns
[2023-07-18T08:56:36.941+0000][1][safepoint    ] Safepoint "Cleanup", Time since last: 1001034751 ns, Reaching safepoint: 4457416 ns, At safepoint: 114334 ns, Total: 4571750 ns
[2023-07-18T08:56:37.946+0000][1][safepoint    ] Safepoint "Cleanup", Time since last: 1001397000 ns, Reaching safepoint: 3287959 ns, At safepoint: 83375 ns, Total: 3371334 ns
[2023-07-18T08:56:38.948+0000][1][safepoint    ] Safepoint "Cleanup", Time since last: 1001026583 ns, Reaching safepoint: 1545625 ns, At safepoint: 45709 ns, Total: 1591334 ns
[2023-07-18T08:56:39.954+0000][1][safepoint    ] Safepoint "Cleanup", Time since last: 1003116292 ns, Reaching safepoint: 2563250 ns, At safepoint: 118333 ns, Total: 2681583 ns
[2023-07-18T08:56:40.956+0000][1][safepoint    ] Safepoint "Cleanup", Time since last: 1001122251 ns, Reaching safepoint: 1057416 ns, At safepoint: 26792 ns, Total: 1084208 ns
[2023-07-18T08:56:41.959+0000][1][safepoint    ] Safepoint "Cleanup", Time since last: 1000662167 ns, Reaching safepoint: 2530959 ns, At safepoint: 75250 ns, Total: 2606209 ns
[2023-07-18T08:56:42.965+0000][1][safepoint    ] Safepoint "Cleanup", Time since last: 1001614750 ns, Reaching safepoint: 3727917 ns, At safepoint: 129791 ns, Total: 3857708 ns
[2023-07-18T08:56:43.967+0000][1][safepoint    ] Safepoint "Cleanup", Time since last: 1001589542 ns, Reaching safepoint: 815042 ns, At safepoint: 17500 ns, Total: 832542 ns
[2023-07-18T08:56:44.973+0000][1][safepoint    ] Safepoint "Cleanup", Time since last: 1000494626 ns, Reaching safepoint: 4600625 ns, At safepoint: 92916 ns, Total: 4693541 ns
[2023-07-18T08:56:45.977+0000][1][safepoint    ] Safepoint "Cleanup", Time since last: 1001469542 ns, Reaching safepoint: 3090292 ns, At safepoint: 71000 ns, Total: 3161292 ns
[2023-07-18T08:56:46.981+0000][1][safepoint    ] Safepoint "Cleanup", Time since last: 1001156167 ns, Reaching safepoint: 2814792 ns, At safepoint: 84125 ns, Total: 2898917 ns
[2023-07-18T08:56:47.986+0000][1][safepoint    ] Safepoint "Cleanup", Time since last: 1001716291 ns, Reaching safepoint: 2557333 ns, At safepoint: 82000 ns, Total: 2639333 ns
[2023-07-18T08:56:48.991+0000][1][safepoint    ] Safepoint "Cleanup", Time since last: 1002891126 ns, Reaching safepoint: 2240333 ns, At safepoint: 46459 ns, Total: 2286792 ns
[2023-07-18T08:56:49.993+0000][1][safepoint    ] Safepoint "Cleanup", Time since last: 1001000042 ns, Reaching safepoint: 1345958 ns, At safepoint: 28125 ns, Total: 1374083 ns
[2023-07-18T08:56:50.995+0000][1][safepoint    ] Safepoint "Cleanup", Time since last: 1000736459 ns, Reaching safepoint: 908167 ns, At safepoint: 20375 ns, Total: 928542 ns
[2023-07-18T08:56:51.998+0000][1][safepoint    ] Safepoint "Cleanup", Time since last: 1000954542 ns, Reaching safepoint: 2035375 ns, At safepoint: 39625 ns, Total: 2075000 ns
[2023-07-18T08:56:53.004+0000][1][safepoint    ] Safepoint "Cleanup", Time since last: 1002234375 ns, Reaching safepoint: 3394875 ns, At safepoint: 106125 ns, Total: 3501000 ns
[2023-07-18T08:56:53.938+0000][1][safepoint    ] Safepoint "BulkRevokeBias", Time since last: 930424334 ns, Reaching safepoint: 1391958 ns, At safepoint: 2638834 ns, Total: 4030792 ns
[2023-07-18T08:56:54.939+0000][1][safepoint    ] Safepoint "Cleanup", Time since last: 1000692000 ns, Reaching safepoint: 659625 ns, At safepoint: 13000 ns, Total: 672625 ns
[2023-07-18T08:56:55.943+0000][1][safepoint    ] Safepoint "Cleanup", Time since last: 1001224167 ns, Reaching safepoint: 2791084 ns, At safepoint: 142291 ns, Total: 2933375 ns
[2023-07-18T08:56:56.399+0000][1][safepoint    ] Safepoint "RevokeBias", Time since last: 454720084 ns, Reaching safepoint: 688291 ns, At safepoint: 93209 ns, Total: 781500 ns
[2023-07-18T08:56:56.410+0000][1][safepoint    ] Safepoint "RevokeBias", Time since last: 9369291 ns, Reaching safepoint: 1526792 ns, At safepoint: 316167 ns, Total: 1842959 ns
[2023-07-18T08:56:56.432+0000][1][safepoint    ] Safepoint "RevokeBias", Time since last: 20556041 ns, Reaching safepoint: 718042 ns, At safepoint: 85458 ns, Total: 803500 ns
[2023-07-18T08:56:56.434+0000][1][safepoint    ] Safepoint "RevokeBias", Time since last: 749250 ns, Reaching safepoint: 1162875 ns, At safepoint: 256667 ns, Total: 1419542 ns
[2023-07-18T08:56:56.437+0000][1][safepoint    ] Safepoint "RevokeBias", Time since last: 2652167 ns, Reaching safepoint: 955666 ns, At safepoint: 100875 ns, Total: 1056541 ns
[2023-07-18T08:56:57.446+0000][1][safepoint    ] Safepoint "Cleanup", Time since last: 1004367501 ns, Reaching safepoint: 4095250 ns, At safepoint: 94000 ns, Total: 4189250 ns
[2023-07-18T08:56:57.958+0000][1][gc,start     ] GC(35) Pause Young (Allocation Failure)
[2023-07-18T08:56:57.963+0000][1][gc,task      ] GC(35) Using 4 workers of 4 for evacuation
[2023-07-18T08:56:58.007+0000][1][gc,age       ] GC(35) Desired survivor size 8945664 bytes, new threshold 6 (max threshold 6)
[2023-07-18T08:56:58.007+0000][1][gc,age       ] GC(35) Age table with threshold 6 (max threshold 6)
[2023-07-18T08:56:58.008+0000][1][gc,age       ] GC(35) - age   1:     115856 bytes,     115856 total
[2023-07-18T08:56:58.008+0000][1][gc,age       ] GC(35) - age   2:      28800 bytes,     144656 total
[2023-07-18T08:56:58.008+0000][1][gc,age       ] GC(35) - age   3:       3760 bytes,     148416 total
[2023-07-18T08:56:58.008+0000][1][gc,age       ] GC(35) - age   4:       4192 bytes,     152608 total
[2023-07-18T08:56:58.008+0000][1][gc,age       ] GC(35) - age   5:      53424 bytes,     206032 total
[2023-07-18T08:56:58.008+0000][1][gc,age       ] GC(35) - age   6:       2592 bytes,     208624 total
[2023-07-18T08:56:58.009+0000][1][gc,heap      ] GC(35) ParNew: 139995K->255K(157248K)
[2023-07-18T08:56:58.010+0000][1][gc,heap      ] GC(35) CMS: 71325K->71327K(349568K)
[2023-07-18T08:56:58.010+0000][1][gc,metaspace ] GC(35) Metaspace: 90578K->90578K(1132544K)
[2023-07-18T08:56:58.011+0000][1][gc           ] GC(35) Pause Young (Allocation Failure) 206M->69M(494M) 52.645ms
[2023-07-18T08:56:58.011+0000][1][gc,cpu       ] GC(35) User=0.08s Sys=0.02s Real=0.05s
[2023-07-18T08:56:58.011+0000][1][safepoint    ] Safepoint "GenCollectForAllocation", Time since last: 508632625 ns, Reaching safepoint: 2326708 ns, At safepoint: 54218917 ns, Total: 56545625 ns
[2023-07-18T08:56:59.015+0000][1][safepoint    ] Safepoint "Cleanup", Time since last: 1001243542 ns, Reaching safepoint: 2097709 ns, At safepoint: 46208 ns, Total: 2143917 ns
[2023-07-18T08:57:00.019+0000][1][safepoint    ] Safepoint "Cleanup", Time since last: 1003270375 ns, Reaching safepoint: 1066084 ns, At safepoint: 33666 ns, Total: 1099750 ns
[2023-07-18T08:57:01.020+0000][1][safepoint    ] Safepoint "Cleanup", Time since last: 1000713459 ns, Reaching safepoint: 710125 ns, At safepoint: 15375 ns, Total: 725500 ns
[2023-07-18T08:57:02.025+0000][1][safepoint    ] Safepoint "Cleanup", Time since last: 1000603292 ns, Reaching safepoint: 3732667 ns, At safepoint: 109167 ns, Total: 3841834 ns
[2023-07-18T08:57:03.030+0000][1][safepoint    ] Safepoint "Cleanup", Time since last: 1003638250 ns, Reaching safepoint: 2008084 ns, At safepoint: 63875 ns, Total: 2071959 ns
[2023-07-18T08:57:03.944+0000][1][safepoint    ] Safepoint "RevokeBias", Time since last: 911713875 ns, Reaching safepoint: 1965542 ns, At safepoint: 96833 ns, Total: 2062375 ns
[2023-07-18T08:57:04.945+0000][1][safepoint    ] Safepoint "Cleanup", Time since last: 1000440292 ns, Reaching safepoint: 780542 ns, At safepoint: 17458 ns, Total: 798000 ns
[2023-07-18T08:57:05.947+0000][1][safepoint    ] Safepoint "Cleanup", Time since last: 1000663126 ns, Reaching safepoint: 885625 ns, At safepoint: 22416 ns, Total: 908041 ns
[2023-07-18T08:57:06.951+0000][1][safepoint    ] Safepoint "Cleanup", Time since last: 1000559376 ns, Reaching safepoint: 2897000 ns, At safepoint: 95625 ns, Total: 2992625 ns
[2023-07-18T08:57:07.955+0000][1][safepoint    ] Safepoint "Cleanup", Time since last: 1001284459 ns, Reaching safepoint: 3052416 ns, At safepoint: 80667 ns, Total: 3133083 ns
[2023-07-18T08:57:08.965+0000][1][safepoint    ] Safepoint "Cleanup", Time since last: 1007354959 ns, Reaching safepoint: 2143000 ns, At safepoint: 36750 ns, Total: 2179750 ns
[2023-07-18T08:57:09.968+0000][1][safepoint    ] Safepoint "Cleanup", Time since last: 1000639459 ns, Reaching safepoint: 2371416 ns, At safepoint: 67459 ns, Total: 2438875 ns
[2023-07-18T08:57:10.973+0000][1][safepoint    ] Safepoint "Cleanup", Time since last: 1001180458 ns, Reaching safepoint: 4297875 ns, At safepoint: 119500 ns, Total: 4417375 ns
[2023-07-18T08:57:11.980+0000][1][safepoint    ] Safepoint "Cleanup", Time since last: 1003536126 ns, Reaching safepoint: 2968542 ns, At safepoint: 74041 ns, Total: 3042583 ns
[2023-07-18T08:57:12.985+0000][1][safepoint    ] Safepoint "Cleanup", Time since last: 1001489459 ns, Reaching safepoint: 3645625 ns, At safepoint: 105667 ns, Total: 3751292 ns
[2023-07-18T08:57:13.935+0000][1][safepoint    ] Safepoint "RevokeBias", Time since last: 948157542 ns, Reaching safepoint: 1531166 ns, At safepoint: 327459 ns, Total: 1858625 ns
[2023-07-18T08:57:14.776+0000][1][safepoint    ] Safepoint "RevokeBias", Time since last: 838422459 ns, Reaching safepoint: 2038708 ns, At safepoint: 50208 ns, Total: 2088916 ns
[2023-07-18T08:57:15.779+0000][1][safepoint    ] Safepoint "Cleanup", Time since last: 1000726251 ns, Reaching safepoint: 2722166 ns, At safepoint: 87625 ns, Total: 2809791 ns
[2023-07-18T08:57:16.785+0000][1][safepoint    ] Safepoint "Cleanup", Time since last: 1001857167 ns, Reaching safepoint: 4205167 ns, At safepoint: 99083 ns, Total: 4304250 ns
[2023-07-18T08:57:17.790+0000][1][safepoint    ] Safepoint "Cleanup", Time since last: 1001905834 ns, Reaching safepoint: 2832000 ns, At safepoint: 87250 ns, Total: 2919250 ns
[2023-07-18T08:57:18.796+0000][1][safepoint    ] Safepoint "Cleanup", Time since last: 1002470250 ns, Reaching safepoint: 3649125 ns, At safepoint: 94834 ns, Total: 3743959 ns
[2023-07-18T08:57:19.803+0000][1][safepoint    ] Safepoint "Cleanup", Time since last: 1004669875 ns, Reaching safepoint: 2340750 ns, At safepoint: 69125 ns, Total: 2409875 ns
[2023-07-18T08:57:20.808+0000][1][safepoint    ] Safepoint "Cleanup", Time since last: 1001264001 ns, Reaching safepoint: 3114000 ns, At safepoint: 101708 ns, Total: 3215708 ns
[2023-07-18T08:57:21.815+0000][1][safepoint    ] Safepoint "Cleanup", Time since last: 1006297167 ns, Reaching safepoint: 1110334 ns, At safepoint: 20250 ns, Total: 1130584 ns
[2023-07-18T08:57:22.818+0000][1][safepoint    ] Safepoint "Cleanup", Time since last: 1001288542 ns, Reaching safepoint: 1717750 ns, At safepoint: 47875 ns, Total: 1765625 ns
[2023-07-18T08:57:23.820+0000][1][safepoint    ] Safepoint "Cleanup", Time since last: 1001257917 ns, Reaching safepoint: 953167 ns, At safepoint: 24916 ns, Total: 978083 ns
[2023-07-18T08:57:23.937+0000][1][safepoint    ] Safepoint "RevokeBias", Time since last: 115192334 ns, Reaching safepoint: 1353416 ns, At safepoint: 204709 ns, Total: 1558125 ns
[2023-07-18T08:57:24.942+0000][1][safepoint    ] Safepoint "Cleanup", Time since last: 1000816875 ns, Reaching safepoint: 4293667 ns, At safepoint: 99041 ns, Total: 4392708 ns
[2023-07-18T08:57:25.946+0000][1][safepoint    ] Safepoint "Cleanup", Time since last: 1001434334 ns, Reaching safepoint: 2248834 ns, At safepoint: 58750 ns, Total: 2307584 ns
[2023-07-18T08:57:26.949+0000][1][safepoint    ] Safepoint "Cleanup", Time since last: 1000935375 ns, Reaching safepoint: 1606500 ns, At safepoint: 36042 ns, Total: 1642542 ns
[2023-07-18T08:57:27.952+0000][1][safepoint    ] Safepoint "Cleanup", Time since last: 1000957708 ns, Reaching safepoint: 2669042 ns, At safepoint: 75458 ns, Total: 2744500 ns
[2023-07-18T08:57:28.957+0000][1][safepoint    ] Safepoint "Cleanup", Time since last: 1001385251 ns, Reaching safepoint: 3077333 ns, At safepoint: 72292 ns, Total: 3149625 ns
[2023-07-18T08:57:29.962+0000][1][safepoint    ] Safepoint "Cleanup", Time since last: 1001289834 ns, Reaching safepoint: 3878416 ns, At safepoint: 89959 ns, Total: 3968375 ns
[2023-07-18T08:57:30.967+0000][1][safepoint    ] Safepoint "Cleanup", Time since last: 1003068834 ns, Reaching safepoint: 1514500 ns, At safepoint: 71625 ns, Total: 1586125 ns
[2023-07-18T08:57:31.972+0000][1][safepoint    ] Safepoint "Cleanup", Time since last: 1001287000 ns, Reaching safepoint: 4088042 ns, At safepoint: 100166 ns, Total: 4188208 ns
[2023-07-18T08:57:32.979+0000][1][safepoint    ] Safepoint "Cleanup", Time since last: 1002258043 ns, Reaching safepoint: 4226208 ns, At safepoint: 354083 ns, Total: 4580291 ns
[2023-07-18T08:57:33.939+0000][1][safepoint    ] Safepoint "RevokeBias", Time since last: 958366042 ns, Reaching safepoint: 1474834 ns, At safepoint: 318416 ns, Total: 1793250 ns
[2023-07-18T08:57:34.944+0000][1][safepoint    ] Safepoint "Cleanup", Time since last: 1000708251 ns, Reaching safepoint: 3882125 ns, At safepoint: 145416 ns, Total: 4027541 ns
[2023-07-18T08:57:35.947+0000][1][safepoint    ] Safepoint "Cleanup", Time since last: 1001598959 ns, Reaching safepoint: 1659542 ns, At safepoint: 34375 ns, Total: 1693917 ns
[2023-07-18T08:57:36.952+0000][1][safepoint    ] Safepoint "Cleanup", Time since last: 1000839084 ns, Reaching safepoint: 3657458 ns, At safepoint: 90625 ns, Total: 3748083 ns
[2023-07-18T08:57:37.956+0000][1][safepoint    ] Safepoint "Cleanup", Time since last: 1001539209 ns, Reaching safepoint: 2896125 ns, At safepoint: 77667 ns, Total: 2973792 ns
[2023-07-18T08:57:38.960+0000][1][safepoint    ] Safepoint "Cleanup", Time since last: 1000964333 ns, Reaching safepoint: 2462542 ns, At safepoint: 95458 ns, Total: 2558000 ns
[2023-07-18T08:57:39.966+0000][1][safepoint    ] Safepoint "Cleanup", Time since last: 1001876959 ns, Reaching safepoint: 3799292 ns, At safepoint: 94458 ns, Total: 3893750 ns
[2023-07-18T08:57:40.972+0000][1][safepoint    ] Safepoint "Cleanup", Time since last: 1001899126 ns, Reaching safepoint: 4182041 ns, At safepoint: 108959 ns, Total: 4291000 ns
[2023-07-18T08:57:41.979+0000][1][safepoint    ] Safepoint "Cleanup", Time since last: 1002720375 ns, Reaching safepoint: 3819250 ns, At safepoint: 80375 ns, Total: 3899625 ns
[2023-07-18T08:57:42.984+0000][1][safepoint    ] Safepoint "Cleanup", Time since last: 1002249709 ns, Reaching safepoint: 3600833 ns, At safepoint: 99500 ns, Total: 3700333 ns
[2023-07-18T08:57:43.939+0000][1][safepoint    ] Safepoint "RevokeBias", Time since last: 952649501 ns, Reaching safepoint: 1667625 ns, At safepoint: 334083 ns, Total: 2001708 ns
[2023-07-18T08:57:44.942+0000][1][safepoint    ] Safepoint "Cleanup", Time since last: 1000950334 ns, Reaching safepoint: 1975667 ns, At safepoint: 44083 ns, Total: 2019750 ns
[2023-07-18T08:57:45.947+0000][1][safepoint    ] Safepoint "Cleanup", Time since last: 1001479084 ns, Reaching safepoint: 3711666 ns, At safepoint: 92792 ns, Total: 3804458 ns
[2023-07-18T08:57:46.953+0000][1][safepoint    ] Safepoint "Cleanup", Time since last: 1001326292 ns, Reaching safepoint: 3773542 ns, At safepoint: 90542 ns, Total: 3864084 ns
[2023-07-18T08:57:47.957+0000][1][safepoint    ] Safepoint "Cleanup", Time since last: 1001039958 ns, Reaching safepoint: 3658083 ns, At safepoint: 88875 ns, Total: 3746958 ns
[2023-07-18T08:57:48.962+0000][1][safepoint    ] Safepoint "Cleanup", Time since last: 1001474167 ns, Reaching safepoint: 3692417 ns, At safepoint: 88792 ns, Total: 3781209 ns
[2023-07-18T08:57:49.968+0000][1][safepoint    ] Safepoint "Cleanup", Time since last: 1001760958 ns, Reaching safepoint: 4116125 ns, At safepoint: 95375 ns, Total: 4211500 ns
[2023-07-18T08:57:50.974+0000][1][safepoint    ] Safepoint "Cleanup", Time since last: 1002570667 ns, Reaching safepoint: 3335126 ns, At safepoint: 86958 ns, Total: 3422084 ns
[2023-07-18T08:57:51.977+0000][1][safepoint    ] Safepoint "Cleanup", Time since last: 1001280542 ns, Reaching safepoint: 2053625 ns, At safepoint: 100292 ns, Total: 2153917 ns
[2023-07-18T08:57:52.983+0000][1][safepoint    ] Safepoint "Cleanup", Time since last: 1001078042 ns, Reaching safepoint: 4105375 ns, At safepoint: 94708 ns, Total: 4200083 ns
[2023-07-18T08:57:53.947+0000][1][safepoint    ] Safepoint "RevokeBias", Time since last: 962520834 ns, Reaching safepoint: 1498583 ns, At safepoint: 297042 ns, Total: 1795625 ns
[2023-07-18T08:57:54.949+0000][1][safepoint    ] Safepoint "Cleanup", Time since last: 1000448209 ns, Reaching safepoint: 2015791 ns, At safepoint: 34542 ns, Total: 2050333 ns
[2023-07-18T08:57:55.951+0000][1][safepoint    ] Safepoint "Cleanup", Time since last: 1000803917 ns, Reaching safepoint: 1236167 ns, At safepoint: 26542 ns, Total: 1262709 ns
[2023-07-18T08:57:56.957+0000][1][safepoint    ] Safepoint "Cleanup", Time since last: 1001707417 ns, Reaching safepoint: 3917791 ns, At safepoint: 95209 ns, Total: 4013000 ns
[2023-07-18T08:57:57.425+0000][1][safepoint    ] Safepoint "RevokeBias", Time since last: 466405125 ns, Reaching safepoint: 1326917 ns, At safepoint: 212083 ns, Total: 1539000 ns
[2023-07-18T08:57:57.431+0000][1][safepoint    ] Safepoint "RevokeBias", Time since last: 4829875 ns, Reaching safepoint: 967417 ns, At safepoint: 164541 ns, Total: 1131958 ns
[2023-07-18T08:57:57.435+0000][1][safepoint    ] Safepoint "RevokeBias", Time since last: 2005584 ns, Reaching safepoint: 1697500 ns, At safepoint: 105833 ns, Total: 1803333 ns
[2023-07-18T08:57:57.473+0000][1][safepoint    ] Safepoint "BulkRevokeBias", Time since last: 35555708 ns, Reaching safepoint: 711834 ns, At safepoint: 1427291 ns, Total: 2139125 ns
[2023-07-18T08:57:57.476+0000][1][safepoint    ] Safepoint "RevokeBias", Time since last: 2151417 ns, Reaching safepoint: 654583 ns, At safepoint: 104500 ns, Total: 759083 ns
[2023-07-18T08:57:58.479+0000][1][safepoint    ] Safepoint "Cleanup", Time since last: 1000752709 ns, Reaching safepoint: 2305208 ns, At safepoint: 49334 ns, Total: 2354542 ns
[2023-07-18T08:57:59.483+0000][1][safepoint    ] Safepoint "Cleanup", Time since last: 1001554709 ns, Reaching safepoint: 2646583 ns, At safepoint: 81417 ns, Total: 2728000 ns
[2023-07-18T08:58:00.485+0000][1][safepoint    ] Safepoint "Cleanup", Time since last: 1001143833 ns, Reaching safepoint: 743542 ns, At safepoint: 16333 ns, Total: 759875 ns
[2023-07-18T08:58:01.488+0000][1][safepoint    ] Safepoint "Cleanup", Time since last: 1002190793 ns, Reaching safepoint: 937333 ns, At safepoint: 18917 ns, Total: 956250 ns
[2023-07-18T08:58:02.492+0000][1][safepoint    ] Safepoint "Cleanup", Time since last: 1000880458 ns, Reaching safepoint: 3329250 ns, At safepoint: 171834 ns, Total: 3501084 ns
[2023-07-18T08:58:03.498+0000][1][safepoint    ] Safepoint "Cleanup", Time since last: 1002946125 ns, Reaching safepoint: 2802458 ns, At safepoint: 86125 ns, Total: 2888583 ns
[2023-07-18T08:58:04.503+0000][1][safepoint    ] Safepoint "Cleanup", Time since last: 1001993626 ns, Reaching safepoint: 2887583 ns, At safepoint: 77834 ns, Total: 2965417 ns
[2023-07-18T08:58:05.508+0000][1][safepoint    ] Safepoint "Cleanup", Time since last: 1001365042 ns, Reaching safepoint: 2914750 ns, At safepoint: 102833 ns, Total: 3017583 ns
[2023-07-18T08:58:06.513+0000][1][safepoint    ] Safepoint "Cleanup", Time since last: 1004466542 ns, Reaching safepoint: 644292 ns, At safepoint: 18333 ns, Total: 662625 ns
[2023-07-18T08:58:07.520+0000][1][safepoint    ] Safepoint "Cleanup", Time since last: 1002917876 ns, Reaching safepoint: 3855708 ns, At safepoint: 95083 ns, Total: 3950791 ns
[2023-07-18T08:58:08.524+0000][1][safepoint    ] Safepoint "Cleanup", Time since last: 1001817584 ns, Reaching safepoint: 2118417 ns, At safepoint: 49833 ns, Total: 2168250 ns
[2023-07-18T08:58:09.529+0000][1][safepoint    ] Safepoint "Cleanup", Time since last: 1002009709 ns, Reaching safepoint: 3660958 ns, At safepoint: 105709 ns, Total: 3766667 ns
[2023-07-18T08:58:10.534+0000][1][safepoint    ] Safepoint "Cleanup", Time since last: 1001533917 ns, Reaching safepoint: 2819291 ns, At safepoint: 75125 ns, Total: 2894416 ns
[2023-07-18T08:58:11.538+0000][1][safepoint    ] Safepoint "Cleanup", Time since last: 1003178001 ns, Reaching safepoint: 1180042 ns, At safepoint: 23500 ns, Total: 1203542 ns
[2023-07-18T08:58:12.540+0000][1][safepoint    ] Safepoint "Cleanup", Time since last: 1000439417 ns, Reaching safepoint: 1068916 ns, At safepoint: 24167 ns, Total: 1093083 ns
[2023-07-18T08:58:13.545+0000][1][safepoint    ] Safepoint "Cleanup", Time since last: 1001065959 ns, Reaching safepoint: 3931792 ns, At safepoint: 144500 ns, Total: 4076292 ns
[2023-07-18T08:58:13.945+0000][1][safepoint    ] Safepoint "RevokeBias", Time since last: 397757291 ns, Reaching safepoint: 1980500 ns, At safepoint: 412000 ns, Total: 2392500 ns
[2023-07-18T08:58:14.947+0000][1][safepoint    ] Safepoint "Cleanup", Time since last: 1000515293 ns, Reaching safepoint: 1696166 ns, At safepoint: 57042 ns, Total: 1753208 ns
[2023-07-18T08:58:15.949+0000][1][safepoint    ] Safepoint "Cleanup", Time since last: 1001116709 ns, Reaching safepoint: 597208 ns, At safepoint: 16583 ns, Total: 613791 ns
[2023-07-18T08:58:16.953+0000][1][safepoint    ] Safepoint "Cleanup", Time since last: 1000666501 ns, Reaching safepoint: 3640750 ns, At safepoint: 91167 ns, Total: 3731917 ns
[2023-07-18T08:58:17.958+0000][1][safepoint    ] Safepoint "Cleanup", Time since last: 1002316583 ns, Reaching safepoint: 2060542 ns, At safepoint: 80291 ns, Total: 2140833 ns
[2023-07-18T08:58:18.963+0000][1][safepoint    ] Safepoint "Cleanup", Time since last: 1001024084 ns, Reaching safepoint: 3572250 ns, At safepoint: 105209 ns, Total: 3677459 ns
[2023-07-18T08:58:19.969+0000][1][safepoint    ] Safepoint "Cleanup", Time since last: 1001732833 ns, Reaching safepoint: 3924584 ns, At safepoint: 241875 ns, Total: 4166459 ns
[2023-07-18T08:58:20.974+0000][1][safepoint    ] Safepoint "Cleanup", Time since last: 1001790667 ns, Reaching safepoint: 3694375 ns, At safepoint: 96375 ns, Total: 3790750 ns
[2023-07-18T08:58:21.979+0000][1][safepoint    ] Safepoint "Cleanup", Time since last: 1001546500 ns, Reaching safepoint: 2849167 ns, At safepoint: 88708 ns, Total: 2937875 ns
[2023-07-18T08:58:22.984+0000][1][safepoint    ] Safepoint "Cleanup", Time since last: 1000902584 ns, Reaching safepoint: 4035417 ns, At safepoint: 106125 ns, Total: 4141542 ns
[2023-07-18T08:58:23.940+0000][1][safepoint    ] Safepoint "RevokeBias", Time since last: 953706459 ns, Reaching safepoint: 1650666 ns, At safepoint: 345625 ns, Total: 1996291 ns
[2023-07-18T08:58:24.944+0000][1][safepoint    ] Safepoint "Cleanup", Time since last: 1000854876 ns, Reaching safepoint: 3678791 ns, At safepoint: 116625 ns, Total: 3795416 ns
[2023-07-18T08:58:25.949+0000][1][safepoint    ] Safepoint "Cleanup", Time since last: 1003332293 ns, Reaching safepoint: 1189833 ns, At safepoint: 31625 ns, Total: 1221458 ns
[2023-07-18T08:58:26.954+0000][1][safepoint    ] Safepoint "Cleanup", Time since last: 1002098542 ns, Reaching safepoint: 3158958 ns, At safepoint: 106875 ns, Total: 3265833 ns
[2023-07-18T08:58:27.960+0000][1][safepoint    ] Safepoint "Cleanup", Time since last: 1001433501 ns, Reaching safepoint: 3855375 ns, At safepoint: 156750 ns, Total: 4012125 ns
[2023-07-18T08:58:28.963+0000][1][safepoint    ] Safepoint "Cleanup", Time since last: 1001044292 ns, Reaching safepoint: 2163708 ns, At safepoint: 36459 ns, Total: 2200167 ns
[2023-07-18T08:58:29.966+0000][1][safepoint    ] Safepoint "Cleanup", Time since last: 1000890458 ns, Reaching safepoint: 2463334 ns, At safepoint: 68958 ns, Total: 2532292 ns
[2023-07-18T08:58:30.969+0000][1][safepoint    ] Safepoint "Cleanup", Time since last: 1000997667 ns, Reaching safepoint: 1615959 ns, At safepoint: 44125 ns, Total: 1660084 ns
[2023-07-18T08:58:31.974+0000][1][safepoint    ] Safepoint "Cleanup", Time since last: 1000780167 ns, Reaching safepoint: 3778208 ns, At safepoint: 108875 ns, Total: 3887083 ns
[2023-07-18T08:58:32.978+0000][1][safepoint    ] Safepoint "Cleanup", Time since last: 1002108959 ns, Reaching safepoint: 2360792 ns, At safepoint: 66708 ns, Total: 2427500 ns
[2023-07-18T08:58:33.980+0000][1][safepoint    ] Safepoint "Cleanup", Time since last: 1000881250 ns, Reaching safepoint: 1379584 ns, At safepoint: 20666 ns, Total: 1400250 ns
[2023-07-18T08:58:34.985+0000][1][safepoint    ] Safepoint "Cleanup", Time since last: 1000668751 ns, Reaching safepoint: 4139458 ns, At safepoint: 110875 ns, Total: 4250333 ns
[2023-07-18T08:58:35.988+0000][1][safepoint    ] Safepoint "Cleanup", Time since last: 1001674667 ns, Reaching safepoint: 877584 ns, At safepoint: 24916 ns, Total: 902500 ns
[2023-07-18T08:58:36.993+0000][1][safepoint    ] Safepoint "Cleanup", Time since last: 1000594376 ns, Reaching safepoint: 3830791 ns, At safepoint: 141834 ns, Total: 3972625 ns
[2023-07-18T08:58:37.999+0000][1][safepoint    ] Safepoint "Cleanup", Time since last: 1003052750 ns, Reaching safepoint: 3479167 ns, At safepoint: 156333 ns, Total: 3635500 ns
[2023-07-18T08:58:39.004+0000][1][safepoint    ] Safepoint "Cleanup", Time since last: 1003018792 ns, Reaching safepoint: 2121667 ns, At safepoint: 71625 ns, Total: 2193292 ns
[2023-07-18T08:58:40.009+0000][1][safepoint    ] Safepoint "Cleanup", Time since last: 1000974667 ns, Reaching safepoint: 3411792 ns, At safepoint: 112542 ns, Total: 3524334 ns
[2023-07-18T08:58:41.012+0000][1][safepoint    ] Safepoint "Cleanup", Time since last: 1000957958 ns, Reaching safepoint: 1576709 ns, At safepoint: 35625 ns, Total: 1612334 ns
[2023-07-18T08:58:42.014+0000][1][safepoint    ] Safepoint "Cleanup", Time since last: 1000974250 ns, Reaching safepoint: 1609792 ns, At safepoint: 63958 ns, Total: 1673750 ns
[2023-07-18T08:58:43.019+0000][1][safepoint    ] Safepoint "Cleanup", Time since last: 1001848376 ns, Reaching safepoint: 2561791 ns, At safepoint: 74084 ns, Total: 2635875 ns
[2023-07-18T08:58:43.942+0000][1][safepoint    ] Safepoint "RevokeBias", Time since last: 921413625 ns, Reaching safepoint: 1543375 ns, At safepoint: 388125 ns, Total: 1931500 ns
[2023-07-18T08:58:44.944+0000][1][safepoint    ] Safepoint "Cleanup", Time since last: 1000820834 ns, Reaching safepoint: 808333 ns, At safepoint: 16417 ns, Total: 824750 ns
[2023-07-18T08:58:45.945+0000][1][safepoint    ] Safepoint "Cleanup", Time since last: 1000436542 ns, Reaching safepoint: 908000 ns, At safepoint: 17417 ns, Total: 925417 ns
[2023-07-18T08:58:46.948+0000][1][safepoint    ] Safepoint "Cleanup", Time since last: 1000622834 ns, Reaching safepoint: 2116250 ns, At safepoint: 66000 ns, Total: 2182250 ns
[2023-07-18T08:58:47.953+0000][1][safepoint    ] Safepoint "Cleanup", Time since last: 1002840291 ns, Reaching safepoint: 2882000 ns, At safepoint: 80125 ns, Total: 2962125 ns
[2023-07-18T08:58:48.957+0000][1][safepoint    ] Safepoint "Cleanup", Time since last: 1001078459 ns, Reaching safepoint: 2555500 ns, At safepoint: 67625 ns, Total: 2623125 ns
[2023-07-18T08:58:49.962+0000][1][safepoint    ] Safepoint "Cleanup", Time since last: 1001500375 ns, Reaching safepoint: 3057458 ns, At safepoint: 71500 ns, Total: 3128958 ns
[2023-07-18T08:58:50.965+0000][1][safepoint    ] Safepoint "Cleanup", Time since last: 1002076417 ns, Reaching safepoint: 1196792 ns, At safepoint: 27958 ns, Total: 1224750 ns
[2023-07-18T08:58:51.968+0000][1][safepoint    ] Safepoint "Cleanup", Time since last: 1001794918 ns, Reaching safepoint: 1400625 ns, At safepoint: 31458 ns, Total: 1432083 ns
[2023-07-18T08:58:52.971+0000][1][safepoint    ] Safepoint "Cleanup", Time since last: 1000740459 ns, Reaching safepoint: 1687000 ns, At safepoint: 36083 ns, Total: 1723083 ns
[2023-07-18T08:58:53.943+0000][1][safepoint    ] Safepoint "RevokeBias", Time since last: 970383459 ns, Reaching safepoint: 1852167 ns, At safepoint: 324791 ns, Total: 2176958 ns
[2023-07-18T08:58:54.945+0000][1][safepoint    ] Safepoint "Cleanup", Time since last: 1000687334 ns, Reaching safepoint: 1658083 ns, At safepoint: 34500 ns, Total: 1692583 ns
[2023-07-18T08:58:55.947+0000][1][safepoint    ] Safepoint "Cleanup", Time since last: 1000686584 ns, Reaching safepoint: 1225500 ns, At safepoint: 25667 ns, Total: 1251167 ns
[2023-07-18T08:58:55.971+0000][1][gc,start     ] GC(36) Pause Young (Allocation Failure)
[2023-07-18T08:58:55.975+0000][1][gc,task      ] GC(36) Using 4 workers of 4 for evacuation
[2023-07-18T08:58:55.986+0000][1][gc,age       ] GC(36) Desired survivor size 8945664 bytes, new threshold 6 (max threshold 6)
[2023-07-18T08:58:55.988+0000][1][gc,age       ] GC(36) Age table with threshold 6 (max threshold 6)
[2023-07-18T08:58:55.988+0000][1][gc,age       ] GC(36) - age   1:     123984 bytes,     123984 total
[2023-07-18T08:58:55.988+0000][1][gc,age       ] GC(36) - age   2:       2264 bytes,     126248 total
[2023-07-18T08:58:55.988+0000][1][gc,age       ] GC(36) - age   3:      28648 bytes,     154896 total
[2023-07-18T08:58:55.989+0000][1][gc,age       ] GC(36) - age   4:       3760 bytes,     158656 total
[2023-07-18T08:58:55.989+0000][1][gc,age       ] GC(36) - age   5:       4192 bytes,     162848 total
[2023-07-18T08:58:55.989+0000][1][gc,age       ] GC(36) - age   6:      53424 bytes,     216272 total
[2023-07-18T08:58:55.989+0000][1][gc,heap      ] GC(36) ParNew: 140031K->292K(157248K)
[2023-07-18T08:58:55.989+0000][1][gc,heap      ] GC(36) CMS: 71327K->71330K(349568K)
[2023-07-18T08:58:55.989+0000][1][gc,metaspace ] GC(36) Metaspace: 90584K->90584K(1132544K)
[2023-07-18T08:58:55.990+0000][1][gc           ] GC(36) Pause Young (Allocation Failure) 206M->69M(494M) 18.437ms
[2023-07-18T08:58:55.990+0000][1][gc,cpu       ] GC(36) User=0.02s Sys=0.01s Real=0.02s
[2023-07-18T08:58:55.990+0000][1][safepoint    ] Safepoint "GenCollectForAllocation", Time since last: 22549375 ns, Reaching safepoint: 1260833 ns, At safepoint: 19276334 ns, Total: 20537167 ns
[2023-07-18T08:58:56.998+0000][1][safepoint    ] Safepoint "Cleanup", Time since last: 1005767875 ns, Reaching safepoint: 1588958 ns, At safepoint: 32584 ns, Total: 1621542 ns
[2023-07-18T08:58:58.001+0000][1][safepoint    ] Safepoint "Cleanup", Time since last: 1000522750 ns, Reaching safepoint: 2755000 ns, At safepoint: 87292 ns, Total: 2842292 ns
[2023-07-18T08:58:58.405+0000][1][safepoint    ] Safepoint "RevokeBias", Time since last: 402706875 ns, Reaching safepoint: 1187917 ns, At safepoint: 188666 ns, Total: 1376583 ns
[2023-07-18T08:58:58.407+0000][1][safepoint    ] Safepoint "RevokeBias", Time since last: 1102125 ns, Reaching safepoint: 739167 ns, At safepoint: 89292 ns, Total: 828459 ns
[2023-07-18T08:58:58.416+0000][1][safepoint    ] Safepoint "RevokeBias", Time since last: 4106666 ns, Reaching safepoint: 4390084 ns, At safepoint: 96416 ns, Total: 4486500 ns
[2023-07-18T08:58:58.443+0000][1][safepoint    ] Safepoint "RevokeBias", Time since last: 26404417 ns, Reaching safepoint: 769000 ns, At safepoint: 102750 ns, Total: 871750 ns
[2023-07-18T08:58:58.445+0000][1][safepoint    ] Safepoint "RevokeBias", Time since last: 1262083 ns, Reaching safepoint: 533834 ns, At safepoint: 51750 ns, Total: 585584 ns
[2023-07-18T08:58:59.447+0000][1][safepoint    ] Safepoint "Cleanup", Time since last: 1000620584 ns, Reaching safepoint: 1128333 ns, At safepoint: 21583 ns, Total: 1149916 ns
[2023-07-18T08:59:00.452+0000][1][safepoint    ] Safepoint "Cleanup", Time since last: 1001352959 ns, Reaching safepoint: 3430292 ns, At safepoint: 87458 ns, Total: 3517750 ns
[2023-07-18T08:59:01.454+0000][1][safepoint    ] Safepoint "Cleanup", Time since last: 1001574292 ns, Reaching safepoint: 568875 ns, At safepoint: 13208 ns, Total: 582083 ns
[2023-07-18T08:59:02.458+0000][1][safepoint    ] Safepoint "Cleanup", Time since last: 1000515501 ns, Reaching safepoint: 3474792 ns, At safepoint: 77583 ns, Total: 3552375 ns
[2023-07-18T08:59:03.463+0000][1][safepoint    ] Safepoint "Cleanup", Time since last: 1002345209 ns, Reaching safepoint: 2307833 ns, At safepoint: 161208 ns, Total: 2469041 ns
[2023-07-18T08:59:03.962+0000][1][safepoint    ] Safepoint "RevokeBias", Time since last: 497016501 ns, Reaching safepoint: 1643208 ns, At safepoint: 220458 ns, Total: 1863666 ns
[2023-07-18T08:59:04.965+0000][1][safepoint    ] Safepoint "Cleanup", Time since last: 1001914501 ns, Reaching safepoint: 1933875 ns, At safepoint: 57250 ns, Total: 1991125 ns
[2023-07-18T08:59:05.967+0000][1][safepoint    ] Safepoint "Cleanup", Time since last: 1000943417 ns, Reaching safepoint: 808458 ns, At safepoint: 24000 ns, Total: 832458 ns
[2023-07-18T08:59:06.970+0000][1][safepoint    ] Safepoint "Cleanup", Time since last: 1000454334 ns, Reaching safepoint: 2423833 ns, At safepoint: 65709 ns, Total: 2489542 ns
[2023-07-18T08:59:07.975+0000][1][safepoint    ] Safepoint "Cleanup", Time since last: 1001710375 ns, Reaching safepoint: 2666625 ns, At safepoint: 98000 ns, Total: 2764625 ns
[2023-07-18T08:59:08.977+0000][1][safepoint    ] Safepoint "Cleanup", Time since last: 1000935959 ns, Reaching safepoint: 1808125 ns, At safepoint: 72708 ns, Total: 1880833 ns
[2023-07-18T08:59:09.981+0000][1][safepoint    ] Safepoint "Cleanup", Time since last: 1001135001 ns, Reaching safepoint: 2359792 ns, At safepoint: 68708 ns, Total: 2428500 ns
[2023-07-18T08:59:10.987+0000][1][safepoint    ] Safepoint "Cleanup", Time since last: 1002205375 ns, Reaching safepoint: 3156750 ns, At safepoint: 97292 ns, Total: 3254042 ns
[2023-07-18T08:59:11.991+0000][1][safepoint    ] Safepoint "Cleanup", Time since last: 1001386001 ns, Reaching safepoint: 2803750 ns, At safepoint: 86916 ns, Total: 2890666 ns
[2023-07-18T08:59:12.996+0000][1][safepoint    ] Safepoint "Cleanup", Time since last: 1001244959 ns, Reaching safepoint: 3567958 ns, At safepoint: 100625 ns, Total: 3668583 ns
[2023-07-18T08:59:13.963+0000][1][safepoint    ] Safepoint "RevokeBias", Time since last: 964308667 ns, Reaching safepoint: 2437167 ns, At safepoint: 369875 ns, Total: 2807042 ns
[2023-07-18T08:59:14.965+0000][1][safepoint    ] Safepoint "Cleanup", Time since last: 1000753042 ns, Reaching safepoint: 1486959 ns, At safepoint: 28666 ns, Total: 1515625 ns
[2023-07-18T08:59:15.968+0000][1][safepoint    ] Safepoint "Cleanup", Time since last: 1001106959 ns, Reaching safepoint: 1567875 ns, At safepoint: 36583 ns, Total: 1604458 ns
[2023-07-18T08:59:16.971+0000][1][safepoint    ] Safepoint "Cleanup", Time since last: 1000784084 ns, Reaching safepoint: 2131834 ns, At safepoint: 66750 ns, Total: 2198584 ns
[2023-07-18T08:59:17.976+0000][1][safepoint    ] Safepoint "Cleanup", Time since last: 1001221125 ns, Reaching safepoint: 4429333 ns, At safepoint: 120542 ns, Total: 4549875 ns
[2023-07-18T08:59:18.981+0000][1][safepoint    ] Safepoint "Cleanup", Time since last: 1001422500 ns, Reaching safepoint: 2960875 ns, At safepoint: 71500 ns, Total: 3032375 ns
[2023-07-18T08:59:19.984+0000][1][safepoint    ] Safepoint "Cleanup", Time since last: 1001839876 ns, Reaching safepoint: 1522833 ns, At safepoint: 35458 ns, Total: 1558291 ns
[2023-07-18T08:59:20.988+0000][1][safepoint    ] Safepoint "Cleanup", Time since last: 1001369709 ns, Reaching safepoint: 2530875 ns, At safepoint: 82709 ns, Total: 2613584 ns
[2023-07-18T08:59:21.991+0000][1][safepoint    ] Safepoint "Cleanup", Time since last: 1001584917 ns, Reaching safepoint: 1046625 ns, At safepoint: 25333 ns, Total: 1071958 ns
[2023-07-18T08:59:22.996+0000][1][safepoint    ] Safepoint "Cleanup", Time since last: 1000778209 ns, Reaching safepoint: 4034583 ns, At safepoint: 98833 ns, Total: 4133416 ns
[2023-07-18T08:59:23.945+0000][1][safepoint    ] Safepoint "RevokeBias", Time since last: 947576251 ns, Reaching safepoint: 1483625 ns, At safepoint: 299667 ns, Total: 1783292 ns
[2023-07-18T08:59:24.948+0000][1][safepoint    ] Safepoint "Cleanup", Time since last: 1001055375 ns, Reaching safepoint: 1782333 ns, At safepoint: 36125 ns, Total: 1818458 ns
[2023-07-18T08:59:25.950+0000][1][safepoint    ] Safepoint "Cleanup", Time since last: 1000848543 ns, Reaching safepoint: 1626750 ns, At safepoint: 38250 ns, Total: 1665000 ns
[2023-07-18T08:59:26.955+0000][1][safepoint    ] Safepoint "Cleanup", Time since last: 1000914792 ns, Reaching safepoint: 3192166 ns, At safepoint: 74084 ns, Total: 3266250 ns
[2023-07-18T08:59:27.960+0000][1][safepoint    ] Safepoint "Cleanup", Time since last: 1002594625 ns, Reaching safepoint: 2567167 ns, At safepoint: 66458 ns, Total: 2633625 ns
[2023-07-18T08:59:28.962+0000][1][safepoint    ] Safepoint "Cleanup", Time since last: 1000718751 ns, Reaching safepoint: 1585208 ns, At safepoint: 96417 ns, Total: 1681625 ns
[2023-07-18T08:59:29.965+0000][1][safepoint    ] Safepoint "Cleanup", Time since last: 1000911083 ns, Reaching safepoint: 2054167 ns, At safepoint: 42542 ns, Total: 2096709 ns
[2023-07-18T08:59:30.970+0000][1][safepoint    ] Safepoint "Cleanup", Time since last: 1001174000 ns, Reaching safepoint: 3316459 ns, At safepoint: 90500 ns, Total: 3406959 ns
[2023-07-18T08:59:31.973+0000][1][safepoint    ] Safepoint "Cleanup", Time since last: 1001941583 ns, Reaching safepoint: 1209667 ns, At safepoint: 22375 ns, Total: 1232042 ns
[2023-07-18T08:59:32.976+0000][1][safepoint    ] Safepoint "Cleanup", Time since last: 1000614876 ns, Reaching safepoint: 1973000 ns, At safepoint: 59416 ns, Total: 2032416 ns
[2023-07-18T08:59:33.978+0000][1][safepoint    ] Safepoint "Cleanup", Time since last: 1000733251 ns, Reaching safepoint: 1304083 ns, At safepoint: 19917 ns, Total: 1324000 ns
[2023-07-18T08:59:34.981+0000][1][safepoint    ] Safepoint "Cleanup", Time since last: 1000816500 ns, Reaching safepoint: 2515000 ns, At safepoint: 84625 ns, Total: 2599625 ns
[2023-07-18T08:59:35.984+0000][1][safepoint    ] Safepoint "Cleanup", Time since last: 1001658251 ns, Reaching safepoint: 1597541 ns, At safepoint: 29959 ns, Total: 1627500 ns
[2023-07-18T08:59:36.990+0000][1][safepoint    ] Safepoint "Cleanup", Time since last: 1001329833 ns, Reaching safepoint: 3641375 ns, At safepoint: 97125 ns, Total: 3738500 ns
[2023-07-18T08:59:37.993+0000][1][safepoint    ] Safepoint "Cleanup", Time since last: 1001224834 ns, Reaching safepoint: 2416375 ns, At safepoint: 92042 ns, Total: 2508417 ns
[2023-07-18T08:59:38.997+0000][1][safepoint    ] Safepoint "Cleanup", Time since last: 1001084959 ns, Reaching safepoint: 2649083 ns, At safepoint: 78958 ns, Total: 2728041 ns
[2023-07-18T08:59:40.000+0000][1][safepoint    ] Safepoint "Cleanup", Time since last: 1001242376 ns, Reaching safepoint: 1826375 ns, At safepoint: 42458 ns, Total: 1868833 ns
[2023-07-18T08:59:41.004+0000][1][safepoint    ] Safepoint "Cleanup", Time since last: 1001012542 ns, Reaching safepoint: 2670000 ns, At safepoint: 70500 ns, Total: 2740500 ns
[2023-07-18T08:59:42.006+0000][1][safepoint    ] Safepoint "Cleanup", Time since last: 1000802168 ns, Reaching safepoint: 1087958 ns, At safepoint: 22167 ns, Total: 1110125 ns
[2023-07-18T08:59:43.009+0000][1][safepoint    ] Safepoint "Cleanup", Time since last: 1001191583 ns, Reaching safepoint: 2329584 ns, At safepoint: 82000 ns, Total: 2411584 ns
[2023-07-18T08:59:43.954+0000][1][safepoint    ] Safepoint "RevokeBias", Time since last: 943281875 ns, Reaching safepoint: 1491250 ns, At safepoint: 297292 ns, Total: 1788542 ns
[2023-07-18T08:59:44.957+0000][1][safepoint    ] Safepoint "Cleanup", Time since last: 1000682917 ns, Reaching safepoint: 1795542 ns, At safepoint: 31833 ns, Total: 1827375 ns
[2023-07-18T08:59:45.960+0000][1][safepoint    ] Safepoint "Cleanup", Time since last: 1001227000 ns, Reaching safepoint: 1825750 ns, At safepoint: 68584 ns, Total: 1894334 ns
[2023-07-18T08:59:46.965+0000][1][safepoint    ] Safepoint "Cleanup", Time since last: 1001324125 ns, Reaching safepoint: 3804834 ns, At safepoint: 93333 ns, Total: 3898167 ns
[2023-07-18T08:59:47.970+0000][1][safepoint    ] Safepoint "Cleanup", Time since last: 1001592249 ns, Reaching safepoint: 3456917 ns, At safepoint: 104083 ns, Total: 3561000 ns
[2023-07-18T08:59:48.976+0000][1][safepoint    ] Safepoint "Cleanup", Time since last: 1002300709 ns, Reaching safepoint: 2811375 ns, At safepoint: 81375 ns, Total: 2892750 ns
[2023-07-18T08:59:49.979+0000][1][safepoint    ] Safepoint "Cleanup", Time since last: 1001068584 ns, Reaching safepoint: 1914375 ns, At safepoint: 48208 ns, Total: 1962583 ns
[2023-07-18T08:59:50.984+0000][1][safepoint    ] Safepoint "Cleanup", Time since last: 1001479917 ns, Reaching safepoint: 4195625 ns, At safepoint: 113750 ns, Total: 4309375 ns
[2023-07-18T08:59:51.990+0000][1][safepoint    ] Safepoint "Cleanup", Time since last: 1001424584 ns, Reaching safepoint: 3470417 ns, At safepoint: 105750 ns, Total: 3576167 ns
[2023-07-18T08:59:52.995+0000][1][safepoint    ] Safepoint "Cleanup", Time since last: 1001295417 ns, Reaching safepoint: 4041708 ns, At safepoint: 143125 ns, Total: 4184833 ns
[2023-07-18T08:59:53.948+0000][1][safepoint    ] Safepoint "RevokeBias", Time since last: 951590043 ns, Reaching safepoint: 1472833 ns, At safepoint: 349250 ns, Total: 1822083 ns
[2023-07-18T08:59:53.964+0000][1][safepoint    ] Safepoint "Deoptimize", Time since last: 9350625 ns, Reaching safepoint: 1004625 ns, At safepoint: 4965792 ns, Total: 5970417 ns
[2023-07-18T08:59:54.966+0000][1][safepoint    ] Safepoint "Cleanup", Time since last: 1000460625 ns, Reaching safepoint: 1867500 ns, At safepoint: 56958 ns, Total: 1924458 ns
[2023-07-18T08:59:55.969+0000][1][safepoint    ] Safepoint "Cleanup", Time since last: 1001022043 ns, Reaching safepoint: 1568500 ns, At safepoint: 35541 ns, Total: 1604041 ns
[2023-07-18T08:59:56.973+0000][1][safepoint    ] Safepoint "Cleanup", Time since last: 1001312876 ns, Reaching safepoint: 3436083 ns, At safepoint: 78792 ns, Total: 3514875 ns
[2023-07-18T08:59:57.977+0000][1][safepoint    ] Safepoint "Cleanup", Time since last: 1001187917 ns, Reaching safepoint: 2582666 ns, At safepoint: 101584 ns, Total: 2684250 ns
[2023-07-18T08:59:58.980+0000][1][safepoint    ] Safepoint "Cleanup", Time since last: 1001074625 ns, Reaching safepoint: 1730500 ns, At safepoint: 73292 ns, Total: 1803792 ns
[2023-07-18T08:59:59.421+0000][1][safepoint    ] Safepoint "RevokeBias", Time since last: 439822125 ns, Reaching safepoint: 1143125 ns, At safepoint: 170042 ns, Total: 1313167 ns
[2023-07-18T08:59:59.424+0000][1][safepoint    ] Safepoint "RevokeBias", Time since last: 1796167 ns, Reaching safepoint: 861333 ns, At safepoint: 87458 ns, Total: 948791 ns
[2023-07-18T08:59:59.430+0000][1][safepoint    ] Safepoint "RevokeBias", Time since last: 4772500 ns, Reaching safepoint: 1312875 ns, At safepoint: 113667 ns, Total: 1426542 ns
[2023-07-18T08:59:59.445+0000][1][safepoint    ] Safepoint "RevokeBias", Time since last: 13768625 ns, Reaching safepoint: 1089958 ns, At safepoint: 81000 ns, Total: 1170958 ns
[2023-07-18T08:59:59.458+0000][1][safepoint    ] Safepoint "RevokeBias", Time since last: 12196917 ns, Reaching safepoint: 630792 ns, At safepoint: 77500 ns, Total: 708292 ns
[2023-07-18T08:59:59.461+0000][1][safepoint    ] Safepoint "RevokeBias", Time since last: 1553583 ns, Reaching safepoint: 872667 ns, At safepoint: 81291 ns, Total: 953958 ns
[2023-07-18T09:00:00.465+0000][1][safepoint    ] Safepoint "Cleanup", Time since last: 1000747251 ns, Reaching safepoint: 3288166 ns, At safepoint: 102959 ns, Total: 3391125 ns
[2023-07-18T09:00:01.469+0000][1][safepoint    ] Safepoint "Cleanup", Time since last: 1002872667 ns, Reaching safepoint: 1614791 ns, At safepoint: 34959 ns, Total: 1649750 ns
[2023-07-18T09:00:02.476+0000][1][safepoint    ] Safepoint "Cleanup", Time since last: 1001178959 ns, Reaching safepoint: 5593833 ns, At safepoint: 170500 ns, Total: 5764333 ns
[2023-07-18T09:00:03.484+0000][1][safepoint    ] Safepoint "Cleanup", Time since last: 1003030459 ns, Reaching safepoint: 4520875 ns, At safepoint: 118750 ns, Total: 4639625 ns
[2023-07-18T09:00:03.952+0000][1][safepoint    ] Safepoint "RevokeBias", Time since last: 466352542 ns, Reaching safepoint: 1463708 ns, At safepoint: 313167 ns, Total: 1776875 ns
[2023-07-18T09:00:04.957+0000][1][safepoint    ] Safepoint "Cleanup", Time since last: 1000770125 ns, Reaching safepoint: 4118125 ns, At safepoint: 101417 ns, Total: 4219542 ns
[2023-07-18T09:00:05.962+0000][1][safepoint    ] Safepoint "Cleanup", Time since last: 1001481209 ns, Reaching safepoint: 3010875 ns, At safepoint: 86541 ns, Total: 3097416 ns
[2023-07-18T09:00:06.966+0000][1][safepoint    ] Safepoint "Cleanup", Time since last: 1001671667 ns, Reaching safepoint: 2482250 ns, At safepoint: 62875 ns, Total: 2545125 ns
[2023-07-18T09:00:07.969+0000][1][safepoint    ] Safepoint "Cleanup", Time since last: 1001224251 ns, Reaching safepoint: 2321625 ns, At safepoint: 72042 ns, Total: 2393667 ns
[2023-07-18T09:00:08.976+0000][1][safepoint    ] Safepoint "Cleanup", Time since last: 1001803833 ns, Reaching safepoint: 4602459 ns, At safepoint: 144666 ns, Total: 4747125 ns
[2023-07-18T09:00:09.980+0000][1][safepoint    ] Safepoint "Cleanup", Time since last: 1001544501 ns, Reaching safepoint: 2776500 ns, At safepoint: 91958 ns, Total: 2868458 ns
[2023-07-18T09:00:10.986+0000][1][safepoint    ] Safepoint "Cleanup", Time since last: 1001534459 ns, Reaching safepoint: 3931542 ns, At safepoint: 143166 ns, Total: 4074708 ns
[2023-07-18T09:00:11.992+0000][1][safepoint    ] Safepoint "Cleanup", Time since last: 1001411459 ns, Reaching safepoint: 4362500 ns, At safepoint: 124500 ns, Total: 4487000 ns
[2023-07-18T09:00:12.997+0000][1][safepoint    ] Safepoint "Cleanup", Time since last: 1001679876 ns, Reaching safepoint: 3771375 ns, At safepoint: 106916 ns, Total: 3878291 ns
[2023-07-18T09:00:13.949+0000][1][safepoint    ] Safepoint "RevokeBias", Time since last: 949788542 ns, Reaching safepoint: 1505292 ns, At safepoint: 321542 ns, Total: 1826834 ns
[2023-07-18T09:00:14.952+0000][1][safepoint    ] Safepoint "Cleanup", Time since last: 1001668250 ns, Reaching safepoint: 1600459 ns, At safepoint: 31875 ns, Total: 1632334 ns
[2023-07-18T09:00:15.956+0000][1][safepoint    ] Safepoint "Cleanup", Time since last: 1000992792 ns, Reaching safepoint: 3034791 ns, At safepoint: 63500 ns, Total: 3098291 ns
[2023-07-18T09:00:16.963+0000][1][safepoint    ] Safepoint "Cleanup", Time since last: 1001481751 ns, Reaching safepoint: 4925875 ns, At safepoint: 122083 ns, Total: 5047958 ns
[2023-07-18T09:00:17.968+0000][1][safepoint    ] Safepoint "Cleanup", Time since last: 1001444667 ns, Reaching safepoint: 3915916 ns, At safepoint: 103167 ns, Total: 4019083 ns
[2023-07-18T09:00:18.973+0000][1][safepoint    ] Safepoint "Cleanup", Time since last: 1001181001 ns, Reaching safepoint: 2966375 ns, At safepoint: 104000 ns, Total: 3070375 ns
[2023-07-18T09:00:19.977+0000][1][safepoint    ] Safepoint "Cleanup", Time since last: 1001463542 ns, Reaching safepoint: 3011000 ns, At safepoint: 77958 ns, Total: 3088958 ns
[2023-07-18T09:00:20.979+0000][1][safepoint    ] Safepoint "Cleanup", Time since last: 1001771667 ns, Reaching safepoint: 637917 ns, At safepoint: 17000 ns, Total: 654917 ns
[2023-07-18T09:00:21.983+0000][1][safepoint    ] Safepoint "Cleanup", Time since last: 1000534167 ns, Reaching safepoint: 2499042 ns, At safepoint: 60500 ns, Total: 2559542 ns
[2023-07-18T09:00:22.988+0000][1][safepoint    ] Safepoint "Cleanup", Time since last: 1001237333 ns, Reaching safepoint: 3751500 ns, At safepoint: 128709 ns, Total: 3880209 ns
[2023-07-18T09:00:23.991+0000][1][safepoint    ] Safepoint "Cleanup", Time since last: 1001634375 ns, Reaching safepoint: 1308250 ns, At safepoint: 17542 ns, Total: 1325792 ns
[2023-07-18T09:00:24.992+0000][1][safepoint    ] Safepoint "Cleanup", Time since last: 1000450334 ns, Reaching safepoint: 728583 ns, At safepoint: 15542 ns, Total: 744125 ns
[2023-07-18T09:00:25.993+0000][1][safepoint    ] Safepoint "Cleanup", Time since last: 1000356209 ns, Reaching safepoint: 855666 ns, At safepoint: 23584 ns, Total: 879250 ns
[2023-07-18T09:00:26.996+0000][1][safepoint    ] Safepoint "Cleanup", Time since last: 1000878958 ns, Reaching safepoint: 1909334 ns, At safepoint: 33708 ns, Total: 1943042 ns
[2023-07-18T09:00:27.999+0000][1][safepoint    ] Safepoint "Cleanup", Time since last: 1000985959 ns, Reaching safepoint: 2349542 ns, At safepoint: 78333 ns, Total: 2427875 ns
[2023-07-18T09:00:29.003+0000][1][safepoint    ] Safepoint "Cleanup", Time since last: 1001029417 ns, Reaching safepoint: 2571667 ns, At safepoint: 63416 ns, Total: 2635083 ns
[2023-07-18T09:00:30.006+0000][1][safepoint    ] Safepoint "Cleanup", Time since last: 1001807876 ns, Reaching safepoint: 1153125 ns, At safepoint: 21041 ns, Total: 1174166 ns
[2023-07-18T09:00:31.010+0000][1][safepoint    ] Safepoint "Cleanup", Time since last: 1001010418 ns, Reaching safepoint: 2622416 ns, At safepoint: 89000 ns, Total: 2711416 ns
[2023-07-18T09:00:32.015+0000][1][safepoint    ] Safepoint "Cleanup", Time since last: 1002155167 ns, Reaching safepoint: 2890250 ns, At safepoint: 92334 ns, Total: 2982584 ns
[2023-07-18T09:00:33.020+0000][1][safepoint    ] Safepoint "Cleanup", Time since last: 1001320875 ns, Reaching safepoint: 3547750 ns, At safepoint: 130209 ns, Total: 3677959 ns
[2023-07-18T09:00:33.962+0000][1][safepoint    ] Safepoint "RevokeBias", Time since last: 940399458 ns, Reaching safepoint: 1498500 ns, At safepoint: 326417 ns, Total: 1824917 ns
[2023-07-18T09:00:34.965+0000][1][safepoint    ] Safepoint "Cleanup", Time since last: 1001507417 ns, Reaching safepoint: 1762583 ns, At safepoint: 34959 ns, Total: 1797542 ns
[2023-07-18T09:00:35.968+0000][1][safepoint    ] Safepoint "Cleanup", Time since last: 1000649334 ns, Reaching safepoint: 1827125 ns, At safepoint: 32583 ns, Total: 1859708 ns
[2023-07-18T09:00:36.969+0000][1][safepoint    ] Safepoint "Cleanup", Time since last: 1000752375 ns, Reaching safepoint: 679625 ns, At safepoint: 18000 ns, Total: 697625 ns
[2023-07-18T09:00:37.973+0000][1][safepoint    ] Safepoint "Cleanup", Time since last: 1000604418 ns, Reaching safepoint: 3280416 ns, At safepoint: 87209 ns, Total: 3367625 ns
[2023-07-18T09:00:38.977+0000][1][safepoint    ] Safepoint "Cleanup", Time since last: 1001214875 ns, Reaching safepoint: 2863917 ns, At safepoint: 65625 ns, Total: 2929542 ns
[2023-07-18T09:00:39.982+0000][1][safepoint    ] Safepoint "Cleanup", Time since last: 1002846834 ns, Reaching safepoint: 1432375 ns, At safepoint: 54750 ns, Total: 1487125 ns
[2023-07-18T09:00:40.988+0000][1][safepoint    ] Safepoint "Cleanup", Time since last: 1002355000 ns, Reaching safepoint: 3676125 ns, At safepoint: 88625 ns, Total: 3764750 ns
[2023-07-18T09:00:41.991+0000][1][safepoint    ] Safepoint "Cleanup", Time since last: 1001950001 ns, Reaching safepoint: 1199791 ns, At safepoint: 22167 ns, Total: 1221958 ns
[2023-07-18T09:00:43.039+0000][1][safepoint    ] Safepoint "Cleanup", Time since last: 1031962500 ns, Reaching safepoint: 9891792 ns, At safepoint: 582625 ns, Total: 10474417 ns
[2023-07-18T09:00:44.051+0000][1][safepoint    ] Safepoint "Cleanup", Time since last: 1016213042 ns, Reaching safepoint: 930917 ns, At safepoint: 21541 ns, Total: 952458 ns
[2023-07-18T09:00:45.145+0000][1][safepoint    ] Safepoint "Cleanup", Time since last: 1092235001 ns, Reaching safepoint: 1883750 ns, At safepoint: 30417 ns, Total: 1914167 ns
[2023-07-18T09:00:46.150+0000][1][safepoint    ] Safepoint "Cleanup", Time since last: 1001866167 ns, Reaching safepoint: 3190791 ns, At safepoint: 251834 ns, Total: 3442625 ns
[2023-07-18T09:00:47.154+0000][1][safepoint    ] Safepoint "Cleanup", Time since last: 1003203084 ns, Reaching safepoint: 883666 ns, At safepoint: 23709 ns, Total: 907375 ns
[2023-07-18T09:00:48.156+0000][1][safepoint    ] Safepoint "Cleanup", Time since last: 1000436832 ns, Reaching safepoint: 1381792 ns, At safepoint: 31875 ns, Total: 1413667 ns
[2023-07-18T09:00:49.159+0000][1][safepoint    ] Safepoint "Cleanup", Time since last: 1001164251 ns, Reaching safepoint: 1729041 ns, At safepoint: 77000 ns, Total: 1806041 ns
[2023-07-18T09:00:50.165+0000][1][safepoint    ] Safepoint "Cleanup", Time since last: 1001544292 ns, Reaching safepoint: 4508917 ns, At safepoint: 123750 ns, Total: 4632667 ns
[2023-07-18T09:00:51.170+0000][1][safepoint    ] Safepoint "Cleanup", Time since last: 1004607084 ns, Reaching safepoint: 749625 ns, At safepoint: 21208 ns, Total: 770833 ns
[2023-07-18T09:00:52.172+0000][1][safepoint    ] Safepoint "Cleanup", Time since last: 1000964334 ns, Reaching safepoint: 710083 ns, At safepoint: 19959 ns, Total: 730042 ns
[2023-07-18T09:00:53.176+0000][1][safepoint    ] Safepoint "Cleanup", Time since last: 1001016792 ns, Reaching safepoint: 2957042 ns, At safepoint: 83041 ns, Total: 3040083 ns
[2023-07-18T09:00:54.055+0000][1][gc,start     ] GC(37) Pause Young (Allocation Failure)
[2023-07-18T09:00:54.057+0000][1][gc,task      ] GC(37) Using 4 workers of 4 for evacuation
[2023-07-18T09:00:54.081+0000][1][gc,age       ] GC(37) Desired survivor size 8945664 bytes, new threshold 6 (max threshold 6)
[2023-07-18T09:00:54.081+0000][1][gc,age       ] GC(37) Age table with threshold 6 (max threshold 6)
[2023-07-18T09:00:54.081+0000][1][gc,age       ] GC(37) - age   1:     123480 bytes,     123480 total
[2023-07-18T09:00:54.081+0000][1][gc,age       ] GC(37) - age   2:       1544 bytes,     125024 total
[2023-07-18T09:00:54.082+0000][1][gc,age       ] GC(37) - age   3:       2240 bytes,     127264 total
[2023-07-18T09:00:54.082+0000][1][gc,age       ] GC(37) - age   4:      28616 bytes,     155880 total
[2023-07-18T09:00:54.082+0000][1][gc,age       ] GC(37) - age   5:       3760 bytes,     159640 total
[2023-07-18T09:00:54.082+0000][1][gc,age       ] GC(37) - age   6:       4192 bytes,     163832 total
[2023-07-18T09:00:54.083+0000][1][gc,heap      ] GC(37) ParNew: 140068K->231K(157248K)
[2023-07-18T09:00:54.083+0000][1][gc,heap      ] GC(37) CMS: 71330K->71382K(349568K)
[2023-07-18T09:00:54.083+0000][1][gc,metaspace ] GC(37) Metaspace: 90619K->90619K(1132544K)
[2023-07-18T09:00:54.084+0000][1][gc           ] GC(37) Pause Young (Allocation Failure) 206M->69M(494M) 28.996ms
[2023-07-18T09:00:54.084+0000][1][gc,cpu       ] GC(37) User=0.06s Sys=0.00s Real=0.03s
[2023-07-18T09:00:54.084+0000][1][safepoint    ] Safepoint "GenCollectForAllocation", Time since last: 876928209 ns, Reaching safepoint: 1449083 ns, At safepoint: 29902709 ns, Total: 31351792 ns
[2023-07-18T09:00:55.087+0000][1][safepoint    ] Safepoint "Cleanup", Time since last: 1000418000 ns, Reaching safepoint: 1744417 ns, At safepoint: 44291 ns, Total: 1788708 ns
[2023-07-18T09:00:56.089+0000][1][safepoint    ] Safepoint "Cleanup", Time since last: 1001085084 ns, Reaching safepoint: 1250584 ns, At safepoint: 55833 ns, Total: 1306417 ns
[2023-07-18T09:00:57.093+0000][1][safepoint    ] Safepoint "Cleanup", Time since last: 1000886375 ns, Reaching safepoint: 2573625 ns, At safepoint: 251042 ns, Total: 2824667 ns
[2023-07-18T09:00:58.100+0000][1][safepoint    ] Safepoint "Cleanup", Time since last: 1002153917 ns, Reaching safepoint: 4474334 ns, At safepoint: 268166 ns, Total: 4742500 ns
[2023-07-18T09:00:59.106+0000][1][safepoint    ] Safepoint "Cleanup", Time since last: 1002875542 ns, Reaching safepoint: 3441542 ns, At safepoint: 96792 ns, Total: 3538334 ns
[2023-07-18T09:01:00.109+0000][1][safepoint    ] Safepoint "Cleanup", Time since last: 1002764125 ns, Reaching safepoint: 643209 ns, At safepoint: 18166 ns, Total: 661375 ns
[2023-07-18T09:01:00.423+0000][1][safepoint    ] Safepoint "RevokeBias", Time since last: 312425084 ns, Reaching safepoint: 760250 ns, At safepoint: 781666 ns, Total: 1541916 ns
[2023-07-18T09:01:00.433+0000][1][safepoint    ] Safepoint "RevokeBias", Time since last: 7991417 ns, Reaching safepoint: 1031792 ns, At safepoint: 604416 ns, Total: 1636208 ns
[2023-07-18T09:01:00.463+0000][1][safepoint    ] Safepoint "RevokeBias", Time since last: 28646334 ns, Reaching safepoint: 745625 ns, At safepoint: 511125 ns, Total: 1256750 ns
[2023-07-18T09:01:00.467+0000][1][safepoint    ] Safepoint "RevokeBias", Time since last: 3442875 ns, Reaching safepoint: 811958 ns, At safepoint: 96875 ns, Total: 908833 ns
[2023-07-18T09:01:01.468+0000][1][safepoint    ] Safepoint "Cleanup", Time since last: 1000344084 ns, Reaching safepoint: 624541 ns, At safepoint: 15292 ns, Total: 639833 ns
[2023-07-18T09:01:02.472+0000][1][safepoint    ] Safepoint "Cleanup", Time since last: 1000550334 ns, Reaching safepoint: 2992792 ns, At safepoint: 100541 ns, Total: 3093333 ns
[2023-07-18T09:01:03.478+0000][1][safepoint    ] Safepoint "Cleanup", Time since last: 1001769084 ns, Reaching safepoint: 4175667 ns, At safepoint: 281708 ns, Total: 4457375 ns
[2023-07-18T09:01:03.961+0000][1][safepoint    ] Safepoint "RevokeBias", Time since last: 481091000 ns, Reaching safepoint: 1494292 ns, At safepoint: 118083 ns, Total: 1612375 ns
[2023-07-18T09:01:04.964+0000][1][safepoint    ] Safepoint "Cleanup", Time since last: 1000536626 ns, Reaching safepoint: 2178458 ns, At safepoint: 56750 ns, Total: 2235208 ns
[2023-07-18T09:01:05.968+0000][1][safepoint    ] Safepoint "Cleanup", Time since last: 1001135959 ns, Reaching safepoint: 2739792 ns, At safepoint: 86625 ns, Total: 2826417 ns
[2023-07-18T09:01:06.971+0000][1][safepoint    ] Safepoint "Cleanup", Time since last: 1001281375 ns, Reaching safepoint: 2088875 ns, At safepoint: 42708 ns, Total: 2131583 ns
[2023-07-18T09:01:07.977+0000][1][safepoint    ] Safepoint "Cleanup", Time since last: 1002971459 ns, Reaching safepoint: 2935584 ns, At safepoint: 71416 ns, Total: 3007000 ns
[2023-07-18T09:01:08.982+0000][1][safepoint    ] Safepoint "Cleanup", Time since last: 1001602126 ns, Reaching safepoint: 3196583 ns, At safepoint: 89708 ns, Total: 3286291 ns
[2023-07-18T09:01:09.988+0000][1][safepoint    ] Safepoint "Cleanup", Time since last: 1001449418 ns, Reaching safepoint: 4855958 ns, At safepoint: 121167 ns, Total: 4977125 ns
[2023-07-18T09:01:10.995+0000][1][safepoint    ] Safepoint "Cleanup", Time since last: 1002294125 ns, Reaching safepoint: 4005667 ns, At safepoint: 124333 ns, Total: 4130000 ns
[2023-07-18T09:01:11.997+0000][1][safepoint    ] Safepoint "Cleanup", Time since last: 1001334959 ns, Reaching safepoint: 753167 ns, At safepoint: 17458 ns, Total: 770625 ns
[2023-07-18T09:01:13.001+0000][1][safepoint    ] Safepoint "Cleanup", Time since last: 1000764167 ns, Reaching safepoint: 3269333 ns, At safepoint: 113792 ns, Total: 3383125 ns
[2023-07-18T09:01:13.952+0000][1][safepoint    ] Safepoint "RevokeBias", Time since last: 949621417 ns, Reaching safepoint: 1394833 ns, At safepoint: 213959 ns, Total: 1608792 ns
[2023-07-18T09:01:14.955+0000][1][safepoint    ] Safepoint "Cleanup", Time since last: 1000581542 ns, Reaching safepoint: 2187042 ns, At safepoint: 57500 ns, Total: 2244542 ns
[2023-07-18T09:01:15.958+0000][1][safepoint    ] Safepoint "Cleanup", Time since last: 1001069042 ns, Reaching safepoint: 1967208 ns, At safepoint: 37250 ns, Total: 2004458 ns
[2023-07-18T09:01:16.962+0000][1][safepoint    ] Safepoint "Cleanup", Time since last: 1000887042 ns, Reaching safepoint: 2641542 ns, At safepoint: 74083 ns, Total: 2715625 ns
[2023-07-18T09:01:17.967+0000][1][safepoint    ] Safepoint "Cleanup", Time since last: 1002221709 ns, Reaching safepoint: 3312958 ns, At safepoint: 78000 ns, Total: 3390958 ns
[2023-07-18T09:01:18.972+0000][1][safepoint    ] Safepoint "Cleanup", Time since last: 1001632001 ns, Reaching safepoint: 2920541 ns, At safepoint: 130042 ns, Total: 3050583 ns
[2023-07-18T09:01:19.976+0000][1][safepoint    ] Safepoint "Cleanup", Time since last: 1001572084 ns, Reaching safepoint: 2424083 ns, At safepoint: 131500 ns, Total: 2555583 ns
[2023-07-18T09:01:20.979+0000][1][safepoint    ] Safepoint "Cleanup", Time since last: 1001188625 ns, Reaching safepoint: 1859417 ns, At safepoint: 66833 ns, Total: 1926250 ns
[2023-07-18T09:01:21.982+0000][1][safepoint    ] Safepoint "Cleanup", Time since last: 1001322709 ns, Reaching safepoint: 1360834 ns, At safepoint: 30125 ns, Total: 1390959 ns
[2023-07-18T09:01:22.988+0000][1][safepoint    ] Safepoint "Cleanup", Time since last: 1002833292 ns, Reaching safepoint: 3677416 ns, At safepoint: 134542 ns, Total: 3811958 ns
[2023-07-18T09:01:23.960+0000][1][safepoint    ] Safepoint "RevokeBias", Time since last: 970464334 ns, Reaching safepoint: 1360125 ns, At safepoint: 205917 ns, Total: 1566042 ns
[2023-07-18T09:01:24.965+0000][1][safepoint    ] Safepoint "Cleanup", Time since last: 1000382792 ns, Reaching safepoint: 3649833 ns, At safepoint: 75417 ns, Total: 3725250 ns
[2023-07-18T09:01:25.971+0000][1][safepoint    ] Safepoint "Cleanup", Time since last: 1001434459 ns, Reaching safepoint: 4521875 ns, At safepoint: 101875 ns, Total: 4623750 ns
[2023-07-18T09:01:26.974+0000][1][safepoint    ] Safepoint "Cleanup", Time since last: 1002109625 ns, Reaching safepoint: 1431250 ns, At safepoint: 30542 ns, Total: 1461792 ns
[2023-07-18T09:01:27.978+0000][1][safepoint    ] Safepoint "Cleanup", Time since last: 1000727792 ns, Reaching safepoint: 3041541 ns, At safepoint: 81167 ns, Total: 3122708 ns
[2023-07-18T09:01:28.982+0000][1][safepoint    ] Safepoint "Cleanup", Time since last: 1001550501 ns, Reaching safepoint: 2675166 ns, At safepoint: 99792 ns, Total: 2774958 ns
[2023-07-18T09:01:29.987+0000][1][safepoint    ] Safepoint "Cleanup", Time since last: 1001355500 ns, Reaching safepoint: 3489709 ns, At safepoint: 107875 ns, Total: 3597584 ns
[2023-07-18T09:01:30.997+0000][1][safepoint    ] Safepoint "Cleanup", Time since last: 1005448667 ns, Reaching safepoint: 4062583 ns, At safepoint: 85709 ns, Total: 4148292 ns
[2023-07-18T09:01:32.000+0000][1][safepoint    ] Safepoint "Cleanup", Time since last: 1002057583 ns, Reaching safepoint: 1409792 ns, At safepoint: 29583 ns, Total: 1439375 ns
[2023-07-18T09:01:33.003+0000][1][safepoint    ] Safepoint "Cleanup", Time since last: 1000727626 ns, Reaching safepoint: 1905042 ns, At safepoint: 60500 ns, Total: 1965542 ns
[2023-07-18T09:01:34.007+0000][1][safepoint    ] Safepoint "Cleanup", Time since last: 1002360208 ns, Reaching safepoint: 1355542 ns, At safepoint: 19083 ns, Total: 1374625 ns
[2023-07-18T09:01:35.010+0000][1][safepoint    ] Safepoint "Cleanup", Time since last: 1001617626 ns, Reaching safepoint: 1841000 ns, At safepoint: 57208 ns, Total: 1898208 ns
[2023-07-18T09:01:36.013+0000][1][safepoint    ] Safepoint "Cleanup", Time since last: 1000856501 ns, Reaching safepoint: 1688916 ns, At safepoint: 38084 ns, Total: 1727000 ns
[2023-07-18T09:01:37.016+0000][1][safepoint    ] Safepoint "Cleanup", Time since last: 1001022500 ns, Reaching safepoint: 1942583 ns, At safepoint: 42209 ns, Total: 1984792 ns
[2023-07-18T09:01:38.020+0000][1][safepoint    ] Safepoint "Cleanup", Time since last: 1000920792 ns, Reaching safepoint: 3230792 ns, At safepoint: 92500 ns, Total: 3323292 ns
[2023-07-18T09:01:39.024+0000][1][safepoint    ] Safepoint "Cleanup", Time since last: 1002086792 ns, Reaching safepoint: 1569083 ns, At safepoint: 39875 ns, Total: 1608958 ns
[2023-07-18T09:01:40.029+0000][1][safepoint    ] Safepoint "Cleanup", Time since last: 1000850542 ns, Reaching safepoint: 3826792 ns, At safepoint: 116500 ns, Total: 3943292 ns
[2023-07-18T09:01:41.034+0000][1][safepoint    ] Safepoint "Cleanup", Time since last: 1001583084 ns, Reaching safepoint: 3226416 ns, At safepoint: 103584 ns, Total: 3330000 ns
[2023-07-18T09:01:42.038+0000][1][safepoint    ] Safepoint "Cleanup", Time since last: 1001459584 ns, Reaching safepoint: 2701041 ns, At safepoint: 81584 ns, Total: 2782625 ns
[2023-07-18T09:01:43.043+0000][1][safepoint    ] Safepoint "Cleanup", Time since last: 1001699292 ns, Reaching safepoint: 2950625 ns, At safepoint: 87375 ns, Total: 3038000 ns
[2023-07-18T09:01:43.963+0000][1][safepoint    ] Safepoint "BulkRevokeBias", Time since last: 917293292 ns, Reaching safepoint: 1552208 ns, At safepoint: 1920542 ns, Total: 3472750 ns
[2023-07-18T09:01:44.966+0000][1][safepoint    ] Safepoint "Cleanup", Time since last: 1000514917 ns, Reaching safepoint: 2244792 ns, At safepoint: 59875 ns, Total: 2304667 ns
[2023-07-18T09:01:45.972+0000][1][safepoint    ] Safepoint "Cleanup", Time since last: 1001036542 ns, Reaching safepoint: 4504666 ns, At safepoint: 117875 ns, Total: 4622541 ns
[2023-07-18T09:01:46.977+0000][1][safepoint    ] Safepoint "Cleanup", Time since last: 1002413459 ns, Reaching safepoint: 2852709 ns, At safepoint: 82833 ns, Total: 2935542 ns
[2023-07-18T09:01:47.982+0000][1][safepoint    ] Safepoint "Cleanup", Time since last: 1002595083 ns, Reaching safepoint: 2479459 ns, At safepoint: 86791 ns, Total: 2566250 ns
[2023-07-18T09:01:48.988+0000][1][safepoint    ] Safepoint "Cleanup", Time since last: 1001289793 ns, Reaching safepoint: 3919000 ns, At safepoint: 221041 ns, Total: 4140041 ns
[2023-07-18T09:01:49.994+0000][1][safepoint    ] Safepoint "Cleanup", Time since last: 1001759167 ns, Reaching safepoint: 4003459 ns, At safepoint: 126375 ns, Total: 4129834 ns
[2023-07-18T09:01:51.000+0000][1][safepoint    ] Safepoint "Cleanup", Time since last: 1002499792 ns, Reaching safepoint: 3447667 ns, At safepoint: 101125 ns, Total: 3548792 ns
[2023-07-18T09:01:52.003+0000][1][safepoint    ] Safepoint "Cleanup", Time since last: 1001725875 ns, Reaching safepoint: 1658875 ns, At safepoint: 38958 ns, Total: 1697833 ns
[2023-07-18T09:01:53.007+0000][1][safepoint    ] Safepoint "Cleanup", Time since last: 1000952917 ns, Reaching safepoint: 2856834 ns, At safepoint: 82708 ns, Total: 2939542 ns
[2023-07-18T09:01:53.965+0000][1][safepoint    ] Safepoint "RevokeBias", Time since last: 956514001 ns, Reaching safepoint: 1676750 ns, At safepoint: 341333 ns, Total: 2018083 ns
[2023-07-18T09:01:54.970+0000][1][safepoint    ] Safepoint "Cleanup", Time since last: 1001180209 ns, Reaching safepoint: 2811041 ns, At safepoint: 67959 ns, Total: 2879000 ns
[2023-07-18T09:01:55.974+0000][1][safepoint    ] Safepoint "Cleanup", Time since last: 1000992959 ns, Reaching safepoint: 3145916 ns, At safepoint: 90625 ns, Total: 3236541 ns
[2023-07-18T09:01:56.978+0000][1][safepoint    ] Safepoint "Cleanup", Time since last: 1001430251 ns, Reaching safepoint: 2613541 ns, At safepoint: 70125 ns, Total: 2683666 ns
[2023-07-18T09:01:57.980+0000][1][safepoint    ] Safepoint "Cleanup", Time since last: 1000943167 ns, Reaching safepoint: 1508500 ns, At safepoint: 28042 ns, Total: 1536542 ns
[2023-07-18T09:01:58.986+0000][1][safepoint    ] Safepoint "Cleanup", Time since last: 1002042126 ns, Reaching safepoint: 3143291 ns, At safepoint: 91792 ns, Total: 3235083 ns
[2023-07-18T09:01:59.991+0000][1][safepoint    ] Safepoint "Cleanup", Time since last: 1001378584 ns, Reaching safepoint: 4309708 ns, At safepoint: 124000 ns, Total: 4433708 ns
[2023-07-18T09:02:00.996+0000][1][safepoint    ] Safepoint "Cleanup", Time since last: 1001994001 ns, Reaching safepoint: 2883041 ns, At safepoint: 68875 ns, Total: 2951916 ns
[2023-07-18T09:02:01.400+0000][1][safepoint    ] Safepoint "RevokeBias", Time since last: 402110334 ns, Reaching safepoint: 803291 ns, At safepoint: 1174209 ns, Total: 1977500 ns
[2023-07-18T09:02:01.402+0000][1][safepoint    ] Safepoint "RevokeBias", Time since last: 555125 ns, Reaching safepoint: 698041 ns, At safepoint: 204459 ns, Total: 902500 ns
[2023-07-18T09:02:01.405+0000][1][safepoint    ] Safepoint "RevokeBias", Time since last: 2547916 ns, Reaching safepoint: 488167 ns, At safepoint: 76958 ns, Total: 565125 ns
[2023-07-18T09:02:01.455+0000][1][safepoint    ] Safepoint "BulkRevokeBias", Time since last: 47963709 ns, Reaching safepoint: 719375 ns, At safepoint: 1345833 ns, Total: 2065208 ns
[2023-07-18T09:02:01.458+0000][1][safepoint    ] Safepoint "RevokeBias", Time since last: 1548750 ns, Reaching safepoint: 1094833 ns, At safepoint: 102500 ns, Total: 1197333 ns
[2023-07-18T09:02:02.464+0000][1][safepoint    ] Safepoint "Cleanup", Time since last: 1001773209 ns, Reaching safepoint: 3729084 ns, At safepoint: 121000 ns, Total: 3850084 ns
[2023-07-18T09:02:03.469+0000][1][safepoint    ] Safepoint "Cleanup", Time since last: 1001987375 ns, Reaching safepoint: 3250000 ns, At safepoint: 116333 ns, Total: 3366333 ns
[2023-07-18T09:02:04.476+0000][1][safepoint    ] Safepoint "Cleanup", Time since last: 1002116584 ns, Reaching safepoint: 3807375 ns, At safepoint: 382334 ns, Total: 4189709 ns
[2023-07-18T09:02:05.480+0000][1][safepoint    ] Safepoint "Cleanup", Time since last: 1002924292 ns, Reaching safepoint: 1795916 ns, At safepoint: 51250 ns, Total: 1847166 ns
[2023-07-18T09:02:06.484+0000][1][safepoint    ] Safepoint "Cleanup", Time since last: 1001994459 ns, Reaching safepoint: 1729125 ns, At safepoint: 60125 ns, Total: 1789250 ns
[2023-07-18T09:02:07.490+0000][1][safepoint    ] Safepoint "Cleanup", Time since last: 1001714209 ns, Reaching safepoint: 4414542 ns, At safepoint: 87833 ns, Total: 4502375 ns
[2023-07-18T09:02:08.497+0000][1][safepoint    ] Safepoint "Cleanup", Time since last: 1002558042 ns, Reaching safepoint: 4074625 ns, At safepoint: 97000 ns, Total: 4171625 ns
[2023-07-18T09:02:09.501+0000][1][safepoint    ] Safepoint "Cleanup", Time since last: 1001928334 ns, Reaching safepoint: 2333542 ns, At safepoint: 68250 ns, Total: 2401792 ns
[2023-07-18T09:02:10.505+0000][1][safepoint    ] Safepoint "Cleanup", Time since last: 1001047792 ns, Reaching safepoint: 2592541 ns, At safepoint: 96625 ns, Total: 2689166 ns
[2023-07-18T09:02:11.510+0000][1][safepoint    ] Safepoint "Cleanup", Time since last: 1002509626 ns, Reaching safepoint: 2771833 ns, At safepoint: 98542 ns, Total: 2870375 ns
[2023-07-18T09:02:12.514+0000][1][safepoint    ] Safepoint "Cleanup", Time since last: 1001783292 ns, Reaching safepoint: 2255042 ns, At safepoint: 66500 ns, Total: 2321542 ns
[2023-07-18T09:02:13.518+0000][1][safepoint    ] Safepoint "Cleanup", Time since last: 1001157000 ns, Reaching safepoint: 2740250 ns, At safepoint: 101417 ns, Total: 2841667 ns
[2023-07-18T09:02:13.979+0000][1][safepoint    ] Safepoint "RevokeBias", Time since last: 459312167 ns, Reaching safepoint: 1453958 ns, At safepoint: 231917 ns, Total: 1685875 ns
[2023-07-18T09:02:14.982+0000][1][safepoint    ] Safepoint "Cleanup", Time since last: 1000446959 ns, Reaching safepoint: 1984500 ns, At safepoint: 132708 ns, Total: 2117208 ns
[2023-07-18T09:02:15.984+0000][1][safepoint    ] Safepoint "Cleanup", Time since last: 1000811917 ns, Reaching safepoint: 1872458 ns, At safepoint: 37667 ns, Total: 1910125 ns
[2023-07-18T09:02:16.989+0000][1][safepoint    ] Safepoint "Cleanup", Time since last: 1001688042 ns, Reaching safepoint: 2866375 ns, At safepoint: 84417 ns, Total: 2950792 ns
[2023-07-18T09:02:17.994+0000][1][safepoint    ] Safepoint "Cleanup", Time since last: 1002476916 ns, Reaching safepoint: 2323959 ns, At safepoint: 178250 ns, Total: 2502209 ns
[2023-07-18T09:02:18.997+0000][1][safepoint    ] Safepoint "Cleanup", Time since last: 1001182875 ns, Reaching safepoint: 2418459 ns, At safepoint: 50791 ns, Total: 2469250 ns
[2023-07-18T09:02:20.001+0000][1][safepoint    ] Safepoint "Cleanup", Time since last: 1001008542 ns, Reaching safepoint: 2677667 ns, At safepoint: 87250 ns, Total: 2764917 ns
[2023-07-18T09:02:21.006+0000][1][safepoint    ] Safepoint "Cleanup", Time since last: 1001113459 ns, Reaching safepoint: 3288833 ns, At safepoint: 73125 ns, Total: 3361958 ns
[2023-07-18T09:02:22.009+0000][1][safepoint    ] Safepoint "Cleanup", Time since last: 1001683459 ns, Reaching safepoint: 1699167 ns, At safepoint: 46458 ns, Total: 1745625 ns
[2023-07-18T09:02:23.012+0000][1][safepoint    ] Safepoint "Cleanup", Time since last: 1001847292 ns, Reaching safepoint: 843500 ns, At safepoint: 22000 ns, Total: 865500 ns
[2023-07-18T09:02:23.983+0000][1][safepoint    ] Safepoint "RevokeBias", Time since last: 969489334 ns, Reaching safepoint: 1518083 ns, At safepoint: 444584 ns, Total: 1962667 ns
[2023-07-18T09:02:24.985+0000][1][safepoint    ] Safepoint "Cleanup", Time since last: 1000598167 ns, Reaching safepoint: 1477875 ns, At safepoint: 27000 ns, Total: 1504875 ns
[2023-07-18T09:02:25.990+0000][1][safepoint    ] Safepoint "Cleanup", Time since last: 1000541375 ns, Reaching safepoint: 3644834 ns, At safepoint: 81833 ns, Total: 3726667 ns
[2023-07-18T09:02:26.996+0000][1][safepoint    ] Safepoint "Cleanup", Time since last: 1003429250 ns, Reaching safepoint: 2594792 ns, At safepoint: 79125 ns, Total: 2673917 ns
[2023-07-18T09:02:27.999+0000][1][safepoint    ] Safepoint "Cleanup", Time since last: 1001079042 ns, Reaching safepoint: 2334834 ns, At safepoint: 63666 ns, Total: 2398500 ns
[2023-07-18T09:02:29.003+0000][1][safepoint    ] Safepoint "Cleanup", Time since last: 1000982542 ns, Reaching safepoint: 2738292 ns, At safepoint: 102958 ns, Total: 2841250 ns
[2023-07-18T09:02:30.007+0000][1][safepoint    ] Safepoint "Cleanup", Time since last: 1001299501 ns, Reaching safepoint: 2985125 ns, At safepoint: 99916 ns, Total: 3085041 ns
[2023-07-18T09:02:31.012+0000][1][safepoint    ] Safepoint "Cleanup", Time since last: 1001224876 ns, Reaching safepoint: 2729292 ns, At safepoint: 90250 ns, Total: 2819542 ns
[2023-07-18T09:02:32.016+0000][1][safepoint    ] Safepoint "Cleanup", Time since last: 1001077458 ns, Reaching safepoint: 2881292 ns, At safepoint: 411458 ns, Total: 3292750 ns
[2023-07-18T09:02:33.019+0000][1][safepoint    ] Safepoint "Cleanup", Time since last: 1001652251 ns, Reaching safepoint: 1378333 ns, At safepoint: 40167 ns, Total: 1418500 ns
[2023-07-18T09:02:33.977+0000][1][safepoint    ] Safepoint "RevokeBias", Time since last: 955768834 ns, Reaching safepoint: 1711791 ns, At safepoint: 367750 ns, Total: 2079541 ns
[2023-07-18T09:02:34.981+0000][1][safepoint    ] Safepoint "Cleanup", Time since last: 1000536084 ns, Reaching safepoint: 3219583 ns, At safepoint: 81959 ns, Total: 3301542 ns
[2023-07-18T09:02:35.984+0000][1][safepoint    ] Safepoint "Cleanup", Time since last: 1001138209 ns, Reaching safepoint: 1916125 ns, At safepoint: 60291 ns, Total: 1976416 ns
[2023-07-18T09:02:36.989+0000][1][safepoint    ] Safepoint "Cleanup", Time since last: 1001234917 ns, Reaching safepoint: 3454584 ns, At safepoint: 93833 ns, Total: 3548417 ns
[2023-07-18T09:02:37.993+0000][1][safepoint    ] Safepoint "Cleanup", Time since last: 1000843209 ns, Reaching safepoint: 3049708 ns, At safepoint: 106084 ns, Total: 3155792 ns
[2023-07-18T09:02:38.998+0000][1][safepoint    ] Safepoint "Cleanup", Time since last: 1001910750 ns, Reaching safepoint: 3144750 ns, At safepoint: 79708 ns, Total: 3224458 ns
[2023-07-18T09:02:40.003+0000][1][safepoint    ] Safepoint "Cleanup", Time since last: 1002386709 ns, Reaching safepoint: 2731125 ns, At safepoint: 84542 ns, Total: 2815667 ns
[2023-07-18T09:02:41.007+0000][1][safepoint    ] Safepoint "Cleanup", Time since last: 1001422167 ns, Reaching safepoint: 2619500 ns, At safepoint: 90583 ns, Total: 2710083 ns
[2023-07-18T09:02:42.012+0000][1][safepoint    ] Safepoint "Cleanup", Time since last: 1003506459 ns, Reaching safepoint: 1806750 ns, At safepoint: 86792 ns, Total: 1893542 ns
[2023-07-18T09:02:43.017+0000][1][safepoint    ] Safepoint "Cleanup", Time since last: 1002319209 ns, Reaching safepoint: 2131083 ns, At safepoint: 68500 ns, Total: 2199583 ns
[2023-07-18T09:02:43.142+0000][1][safepoint    ] Safepoint "Deoptimize", Time since last: 118316667 ns, Reaching safepoint: 831291 ns, At safepoint: 6030000 ns, Total: 6861291 ns
[2023-07-18T09:02:44.001+0000][1][safepoint    ] Safepoint "RevokeBias", Time since last: 856653709 ns, Reaching safepoint: 1557083 ns, At safepoint: 303750 ns, Total: 1860833 ns
[2023-07-18T09:02:45.004+0000][1][safepoint    ] Safepoint "Cleanup", Time since last: 1000474959 ns, Reaching safepoint: 2486209 ns, At safepoint: 52500 ns, Total: 2538709 ns
[2023-07-18T09:02:46.007+0000][1][safepoint    ] Safepoint "Cleanup", Time since last: 1001309833 ns, Reaching safepoint: 2058375 ns, At safepoint: 91250 ns, Total: 2149625 ns
[2023-07-18T09:02:47.013+0000][1][safepoint    ] Safepoint "Cleanup", Time since last: 1001734626 ns, Reaching safepoint: 3557333 ns, At safepoint: 110542 ns, Total: 3667875 ns
[2023-07-18T09:02:48.016+0000][1][safepoint    ] Safepoint "Cleanup", Time since last: 1001166583 ns, Reaching safepoint: 2777209 ns, At safepoint: 84291 ns, Total: 2861500 ns
[2023-07-18T09:02:49.021+0000][1][safepoint    ] Safepoint "Cleanup", Time since last: 1001973709 ns, Reaching safepoint: 2361875 ns, At safepoint: 80250 ns, Total: 2442125 ns
[2023-07-18T09:02:50.030+0000][1][safepoint    ] Safepoint "Cleanup", Time since last: 1005560501 ns, Reaching safepoint: 3209916 ns, At safepoint: 78042 ns, Total: 3287958 ns
[2023-07-18T09:02:51.034+0000][1][safepoint    ] Safepoint "Cleanup", Time since last: 1000937042 ns, Reaching safepoint: 3767792 ns, At safepoint: 102542 ns, Total: 3870334 ns
[2023-07-18T09:02:52.039+0000][1][safepoint    ] Safepoint "Cleanup", Time since last: 1001371042 ns, Reaching safepoint: 3465791 ns, At safepoint: 104042 ns, Total: 3569833 ns
[2023-07-18T09:02:53.045+0000][1][safepoint    ] Safepoint "Cleanup", Time since last: 1001373042 ns, Reaching safepoint: 3895542 ns, At safepoint: 110500 ns, Total: 4006042 ns
[2023-07-18T09:02:53.980+0000][1][safepoint    ] Safepoint "RevokeBias", Time since last: 934219625 ns, Reaching safepoint: 1306750 ns, At safepoint: 88417 ns, Total: 1395167 ns
[2023-07-18T09:02:54.010+0000][1][gc,start     ] GC(38) Pause Young (Allocation Failure)
[2023-07-18T09:02:54.010+0000][1][gc,task      ] GC(38) Using 4 workers of 4 for evacuation
[2023-07-18T09:02:54.021+0000][1][gc,age       ] GC(38) Desired survivor size 8945664 bytes, new threshold 6 (max threshold 6)
[2023-07-18T09:02:54.021+0000][1][gc,age       ] GC(38) Age table with threshold 6 (max threshold 6)
[2023-07-18T09:02:54.022+0000][1][gc,age       ] GC(38) - age   1:     177520 bytes,     177520 total
[2023-07-18T09:02:54.022+0000][1][gc,age       ] GC(38) - age   2:       4728 bytes,     182248 total
[2023-07-18T09:02:54.022+0000][1][gc,age       ] GC(38) - age   3:       1544 bytes,     183792 total
[2023-07-18T09:02:54.022+0000][1][gc,age       ] GC(38) - age   4:       2240 bytes,     186032 total
[2023-07-18T09:02:54.022+0000][1][gc,age       ] GC(38) - age   5:      28520 bytes,     214552 total
[2023-07-18T09:02:54.022+0000][1][gc,age       ] GC(38) - age   6:       2816 bytes,     217368 total
[2023-07-18T09:02:54.022+0000][1][gc,heap      ] GC(38) ParNew: 140007K->293K(157248K)
[2023-07-18T09:02:54.023+0000][1][gc,heap      ] GC(38) CMS: 71382K->71386K(349568K)
[2023-07-18T09:02:54.023+0000][1][gc,metaspace ] GC(38) Metaspace: 90657K->90657K(1132544K)
[2023-07-18T09:02:54.023+0000][1][gc           ] GC(38) Pause Young (Allocation Failure) 206M->70M(494M) 12.864ms
[2023-07-18T09:02:54.023+0000][1][gc,cpu       ] GC(38) User=0.03s Sys=0.00s Real=0.02s
[2023-07-18T09:02:54.023+0000][1][safepoint    ] Safepoint "GenCollectForAllocation", Time since last: 28511625 ns, Reaching safepoint: 1199333 ns, At safepoint: 13228167 ns, Total: 14427500 ns
[2023-07-18T09:02:55.027+0000][1][safepoint    ] Safepoint "Cleanup", Time since last: 1002521209 ns, Reaching safepoint: 1571208 ns, At safepoint: 31958 ns, Total: 1603166 ns
[2023-07-18T09:02:56.030+0000][1][safepoint    ] Safepoint "Cleanup", Time since last: 1000978168 ns, Reaching safepoint: 1651000 ns, At safepoint: 36833 ns, Total: 1687833 ns
[2023-07-18T09:02:57.033+0000][1][safepoint    ] Safepoint "Cleanup", Time since last: 1001268417 ns, Reaching safepoint: 1482833 ns, At safepoint: 90417 ns, Total: 1573250 ns
[2023-07-18T09:02:58.039+0000][1][safepoint    ] Safepoint "Cleanup", Time since last: 1002359834 ns, Reaching safepoint: 3455958 ns, At safepoint: 136750 ns, Total: 3592708 ns
[2023-07-18T09:02:59.046+0000][1][safepoint    ] Safepoint "Cleanup", Time since last: 1001658251 ns, Reaching safepoint: 4922458 ns, At safepoint: 94167 ns, Total: 5016625 ns
[2023-07-18T09:03:00.050+0000][1][safepoint    ] Safepoint "Cleanup", Time since last: 1001198042 ns, Reaching safepoint: 3648708 ns, At safepoint: 97292 ns, Total: 3746000 ns
[2023-07-18T09:03:01.053+0000][1][safepoint    ] Safepoint "Cleanup", Time since last: 1001920125 ns, Reaching safepoint: 1083709 ns, At safepoint: 24666 ns, Total: 1108375 ns
[2023-07-18T09:03:02.058+0000][1][safepoint    ] Safepoint "Cleanup", Time since last: 1001459251 ns, Reaching safepoint: 3254750 ns, At safepoint: 76291 ns, Total: 3331041 ns
[2023-07-18T09:03:02.447+0000][1][safepoint    ] Safepoint "RevokeBias", Time since last: 387664667 ns, Reaching safepoint: 1384667 ns, At safepoint: 109500 ns, Total: 1494167 ns
[2023-07-18T09:03:02.454+0000][1][safepoint    ] Safepoint "RevokeBias", Time since last: 2497875 ns, Reaching safepoint: 3708750 ns, At safepoint: 68958 ns, Total: 3777708 ns
[2023-07-18T09:03:02.458+0000][1][safepoint    ] Safepoint "RevokeBias", Time since last: 2820459 ns, Reaching safepoint: 1317333 ns, At safepoint: 54000 ns, Total: 1371333 ns
[2023-07-18T09:03:02.487+0000][1][safepoint    ] Safepoint "RevokeBias", Time since last: 28453125 ns, Reaching safepoint: 778917 ns, At safepoint: 138875 ns, Total: 917792 ns
[2023-07-18T09:03:02.490+0000][1][safepoint    ] Safepoint "RevokeBias", Time since last: 1562541 ns, Reaching safepoint: 713834 ns, At safepoint: 74291 ns, Total: 788125 ns
[2023-07-18T09:03:03.491+0000][1][safepoint    ] Safepoint "Cleanup", Time since last: 1000306251 ns, Reaching safepoint: 1385500 ns, At safepoint: 33333 ns, Total: 1418833 ns
[2023-07-18T09:03:04.010+0000][1][safepoint    ] Safepoint "RevokeBias", Time since last: 516984000 ns, Reaching safepoint: 1586084 ns, At safepoint: 357041 ns, Total: 1943125 ns
[2023-07-18T09:03:05.013+0000][1][safepoint    ] Safepoint "Cleanup", Time since last: 1000512501 ns, Reaching safepoint: 1753292 ns, At safepoint: 30583 ns, Total: 1783875 ns
[2023-07-18T09:03:06.016+0000][1][safepoint    ] Safepoint "Cleanup", Time since last: 1001319542 ns, Reaching safepoint: 2371208 ns, At safepoint: 69959 ns, Total: 2441167 ns
[2023-07-18T09:03:07.021+0000][1][safepoint    ] Safepoint "Cleanup", Time since last: 1001521833 ns, Reaching safepoint: 2653000 ns, At safepoint: 72084 ns, Total: 2725084 ns
[2023-07-18T09:03:08.026+0000][1][safepoint    ] Safepoint "Cleanup", Time since last: 1001665792 ns, Reaching safepoint: 3150333 ns, At safepoint: 76334 ns, Total: 3226667 ns
[2023-07-18T09:03:09.030+0000][1][safepoint    ] Safepoint "Cleanup", Time since last: 1002455958 ns, Reaching safepoint: 2234417 ns, At safepoint: 86250 ns, Total: 2320667 ns
[2023-07-18T09:03:10.034+0000][1][safepoint    ] Safepoint "Cleanup", Time since last: 1001442709 ns, Reaching safepoint: 2395000 ns, At safepoint: 111208 ns, Total: 2506208 ns
[2023-07-18T09:03:11.039+0000][1][safepoint    ] Safepoint "Cleanup", Time since last: 1001400292 ns, Reaching safepoint: 2989042 ns, At safepoint: 122583 ns, Total: 3111625 ns
[2023-07-18T09:03:12.043+0000][1][safepoint    ] Safepoint "Cleanup", Time since last: 1001056126 ns, Reaching safepoint: 3101042 ns, At safepoint: 109791 ns, Total: 3210833 ns
[2023-07-18T09:03:13.050+0000][1][safepoint    ] Safepoint "Cleanup", Time since last: 1002794126 ns, Reaching safepoint: 3922166 ns, At safepoint: 160459 ns, Total: 4082625 ns
[2023-07-18T09:03:14.052+0000][1][safepoint    ] Safepoint "Cleanup", Time since last: 1001358333 ns, Reaching safepoint: 855750 ns, At safepoint: 19875 ns, Total: 875625 ns
[2023-07-18T09:03:15.055+0000][1][safepoint    ] Safepoint "Cleanup", Time since last: 1000761793 ns, Reaching safepoint: 1641083 ns, At safepoint: 35208 ns, Total: 1676291 ns
[2023-07-18T09:03:16.059+0000][1][safepoint    ] Safepoint "Cleanup", Time since last: 1002151376 ns, Reaching safepoint: 1838625 ns, At safepoint: 37958 ns, Total: 1876583 ns
[2023-07-18T09:03:17.064+0000][1][safepoint    ] Safepoint "Cleanup", Time since last: 1001191376 ns, Reaching safepoint: 4159208 ns, At safepoint: 101333 ns, Total: 4260541 ns
[2023-07-18T09:03:18.068+0000][1][safepoint    ] Safepoint "Cleanup", Time since last: 1001516667 ns, Reaching safepoint: 2896916 ns, At safepoint: 80125 ns, Total: 2977041 ns
[2023-07-18T09:03:19.073+0000][1][safepoint    ] Safepoint "Cleanup", Time since last: 1001227334 ns, Reaching safepoint: 3723417 ns, At safepoint: 115417 ns, Total: 3838834 ns
[2023-07-18T09:03:20.080+0000][1][safepoint    ] Safepoint "Cleanup", Time since last: 1001759458 ns, Reaching safepoint: 4220375 ns, At safepoint: 142000 ns, Total: 4362375 ns
[2023-07-18T09:03:21.085+0000][1][safepoint    ] Safepoint "Cleanup", Time since last: 1004485543 ns, Reaching safepoint: 1406791 ns, At safepoint: 33542 ns, Total: 1440333 ns
[2023-07-18T09:03:22.090+0000][1][safepoint    ] Safepoint "Cleanup", Time since last: 1001322125 ns, Reaching safepoint: 3370000 ns, At safepoint: 127042 ns, Total: 3497042 ns
[2023-07-18T09:03:23.097+0000][1][safepoint    ] Safepoint "Cleanup", Time since last: 1003003167 ns, Reaching safepoint: 3464917 ns, At safepoint: 87083 ns, Total: 3552000 ns
[2023-07-18T09:03:23.983+0000][1][safepoint    ] Safepoint "RevokeBias", Time since last: 884477417 ns, Reaching safepoint: 1510209 ns, At safepoint: 320208 ns, Total: 1830417 ns
[2023-07-18T09:03:24.986+0000][1][safepoint    ] Safepoint "Cleanup", Time since last: 1000582584 ns, Reaching safepoint: 2247125 ns, At safepoint: 73500 ns, Total: 2320625 ns
[2023-07-18T09:03:25.989+0000][1][safepoint    ] Safepoint "Cleanup", Time since last: 1001245542 ns, Reaching safepoint: 2080542 ns, At safepoint: 50916 ns, Total: 2131458 ns
[2023-07-18T09:03:26.995+0000][1][safepoint    ] Safepoint "Cleanup", Time since last: 1000879917 ns, Reaching safepoint: 4219042 ns, At safepoint: 148625 ns, Total: 4367667 ns
[2023-07-18T09:03:27.999+0000][1][safepoint    ] Safepoint "Cleanup", Time since last: 1001703209 ns, Reaching safepoint: 2765958 ns, At safepoint: 101167 ns, Total: 2867125 ns
[2023-07-18T09:03:29.004+0000][1][safepoint    ] Safepoint "Cleanup", Time since last: 1001663500 ns, Reaching safepoint: 2822375 ns, At safepoint: 67042 ns, Total: 2889417 ns
[2023-07-18T09:03:30.008+0000][1][safepoint    ] Safepoint "Cleanup", Time since last: 1001768125 ns, Reaching safepoint: 2288917 ns, At safepoint: 83875 ns, Total: 2372792 ns
[2023-07-18T09:03:31.011+0000][1][safepoint    ] Safepoint "Cleanup", Time since last: 1002004959 ns, Reaching safepoint: 1073125 ns, At safepoint: 20125 ns, Total: 1093250 ns
[2023-07-18T09:03:32.017+0000][1][safepoint    ] Safepoint "Cleanup", Time since last: 1002754709 ns, Reaching safepoint: 3184125 ns, At safepoint: 93916 ns, Total: 3278041 ns
[2023-07-18T09:03:33.020+0000][1][safepoint    ] Safepoint "Cleanup", Time since last: 1001871459 ns, Reaching safepoint: 1267584 ns, At safepoint: 32375 ns, Total: 1299959 ns
[2023-07-18T09:03:33.968+0000][1][safepoint    ] Safepoint "RevokeBias", Time since last: 945789917 ns, Reaching safepoint: 1458333 ns, At safepoint: 194125 ns, Total: 1652458 ns
[2023-07-18T09:03:34.972+0000][1][safepoint    ] Safepoint "Cleanup", Time since last: 1000594959 ns, Reaching safepoint: 3336791 ns, At safepoint: 123834 ns, Total: 3460625 ns
[2023-07-18T09:03:35.979+0000][1][safepoint    ] Safepoint "Cleanup", Time since last: 1006203917 ns, Reaching safepoint: 1347333 ns, At safepoint: 39042 ns, Total: 1386375 ns
[2023-07-18T09:03:36.985+0000][1][safepoint    ] Safepoint "Cleanup", Time since last: 1002264875 ns, Reaching safepoint: 3322667 ns, At safepoint: 171958 ns, Total: 3494625 ns
[2023-07-18T09:03:37.990+0000][1][safepoint    ] Safepoint "Cleanup", Time since last: 1001828959 ns, Reaching safepoint: 3150250 ns, At safepoint: 153375 ns, Total: 3303625 ns
[2023-07-18T09:03:38.992+0000][1][safepoint    ] Safepoint "Cleanup", Time since last: 1001340917 ns, Reaching safepoint: 699375 ns, At safepoint: 18042 ns, Total: 717417 ns
[2023-07-18T09:03:39.997+0000][1][safepoint    ] Safepoint "Cleanup", Time since last: 1001972292 ns, Reaching safepoint: 2825167 ns, At safepoint: 88417 ns, Total: 2913584 ns
[2023-07-18T09:03:40.839+0000][1][safepoint    ] Safepoint "RevokeBias", Time since last: 840179542 ns, Reaching safepoint: 1833000 ns, At safepoint: 183875 ns, Total: 2016875 ns
[2023-07-18T09:03:40.852+0000][1][safepoint    ] Safepoint "RevokeBias", Time since last: 11502458 ns, Reaching safepoint: 1488875 ns, At safepoint: 84750 ns, Total: 1573625 ns
[2023-07-18T09:03:40.853+0000][1][safepoint    ] Safepoint "RevokeBias", Time since last: 401000 ns, Reaching safepoint: 460542 ns, At safepoint: 63833 ns, Total: 524375 ns
[2023-07-18T09:03:40.854+0000][1][safepoint    ] Safepoint "RevokeBias", Time since last: 488375 ns, Reaching safepoint: 483000 ns, At safepoint: 53042 ns, Total: 536042 ns
[2023-07-18T09:03:40.855+0000][1][safepoint    ] Safepoint "RevokeBias", Time since last: 286125 ns, Reaching safepoint: 354583 ns, At safepoint: 54167 ns, Total: 408750 ns
[2023-07-18T09:03:40.856+0000][1][safepoint    ] Safepoint "RevokeBias", Time since last: 262333 ns, Reaching safepoint: 344083 ns, At safepoint: 48584 ns, Total: 392667 ns
[2023-07-18T09:03:40.856+0000][1][safepoint    ] Safepoint "RevokeBias", Time since last: 236208 ns, Reaching safepoint: 324167 ns, At safepoint: 45500 ns, Total: 369667 ns
[2023-07-18T09:03:40.872+0000][1][safepoint    ] Safepoint "RevokeBias", Time since last: 14404291 ns, Reaching safepoint: 764500 ns, At safepoint: 82042 ns, Total: 846542 ns
[2023-07-18T09:03:40.946+0000][1][safepoint    ] Safepoint "RevokeBias", Time since last: 73358250 ns, Reaching safepoint: 1314208 ns, At safepoint: 151542 ns, Total: 1465750 ns
[2023-07-18T09:03:40.956+0000][1][safepoint    ] Safepoint "RevokeBias", Time since last: 7495042 ns, Reaching safepoint: 1758083 ns, At safepoint: 113833 ns, Total: 1871916 ns
[2023-07-18T09:03:40.966+0000][1][safepoint    ] Safepoint "RevokeBias", Time since last: 8783667 ns, Reaching safepoint: 1583292 ns, At safepoint: 107000 ns, Total: 1690292 ns
[2023-07-18T09:03:41.969+0000][1][safepoint    ] Safepoint "Cleanup", Time since last: 1000530625 ns, Reaching safepoint: 2600333 ns, At safepoint: 72125 ns, Total: 2672458 ns
[2023-07-18T09:03:42.972+0000][1][safepoint    ] Safepoint "Cleanup", Time since last: 1002033376 ns, Reaching safepoint: 773750 ns, At safepoint: 31375 ns, Total: 805125 ns
[2023-07-18T09:03:43.971+0000][1][safepoint    ] Safepoint "RevokeBias", Time since last: 996973167 ns, Reaching safepoint: 1682583 ns, At safepoint: 349375 ns, Total: 2031958 ns
[2023-07-18T09:03:44.973+0000][1][safepoint    ] Safepoint "Cleanup", Time since last: 1000472668 ns, Reaching safepoint: 1327458 ns, At safepoint: 27833 ns, Total: 1355291 ns
[2023-07-18T09:03:45.974+0000][1][safepoint    ] Safepoint "Cleanup", Time since last: 1000530459 ns, Reaching safepoint: 765542 ns, At safepoint: 27833 ns, Total: 793375 ns
[2023-07-18T09:03:46.977+0000][1][safepoint    ] Safepoint "Cleanup", Time since last: 1000368834 ns, Reaching safepoint: 1724708 ns, At safepoint: 31792 ns, Total: 1756500 ns
[2023-07-18T09:03:47.978+0000][1][safepoint    ] Safepoint "Cleanup", Time since last: 1001030083 ns, Reaching safepoint: 850042 ns, At safepoint: 19666 ns, Total: 869708 ns
[2023-07-18T09:03:48.979+0000][1][safepoint    ] Safepoint "Cleanup", Time since last: 1000556168 ns, Reaching safepoint: 666375 ns, At safepoint: 19416 ns, Total: 685791 ns
[2023-07-18T09:03:49.983+0000][1][safepoint    ] Safepoint "Cleanup", Time since last: 1001034042 ns, Reaching safepoint: 2536375 ns, At safepoint: 58459 ns, Total: 2594834 ns
[2023-07-18T09:03:50.988+0000][1][safepoint    ] Safepoint "Cleanup", Time since last: 1001035375 ns, Reaching safepoint: 3815250 ns, At safepoint: 191583 ns, Total: 4006833 ns
[2023-07-18T09:03:51.993+0000][1][safepoint    ] Safepoint "Cleanup", Time since last: 1004054709 ns, Reaching safepoint: 923250 ns, At safepoint: 23584 ns, Total: 946834 ns
[2023-07-18T09:03:52.995+0000][1][safepoint    ] Safepoint "Cleanup", Time since last: 1000448583 ns, Reaching safepoint: 1374250 ns, At safepoint: 32584 ns, Total: 1406834 ns
[2023-07-18T09:03:53.997+0000][1][safepoint    ] Safepoint "Cleanup", Time since last: 1000609250 ns, Reaching safepoint: 1407209 ns, At safepoint: 30916 ns, Total: 1438125 ns
[2023-07-18T09:03:54.998+0000][1][safepoint    ] Safepoint "Cleanup", Time since last: 1000591959 ns, Reaching safepoint: 909875 ns, At safepoint: 17667 ns, Total: 927542 ns
[2023-07-18T09:03:56.001+0000][1][safepoint    ] Safepoint "Cleanup", Time since last: 1000818375 ns, Reaching safepoint: 1446125 ns, At safepoint: 30917 ns, Total: 1477042 ns
[2023-07-18T09:03:57.003+0000][1][safepoint    ] Safepoint "Cleanup", Time since last: 1000849500 ns, Reaching safepoint: 1536292 ns, At safepoint: 35167 ns, Total: 1571459 ns
[2023-07-18T09:03:58.007+0000][1][safepoint    ] Safepoint "Cleanup", Time since last: 1001957917 ns, Reaching safepoint: 1522708 ns, At safepoint: 36875 ns, Total: 1559583 ns
[2023-07-18T09:03:59.011+0000][1][safepoint    ] Safepoint "Cleanup", Time since last: 1000798167 ns, Reaching safepoint: 3503750 ns, At safepoint: 55750 ns, Total: 3559500 ns
[2023-07-18T09:04:00.014+0000][1][safepoint    ] Safepoint "Cleanup", Time since last: 1001310209 ns, Reaching safepoint: 1697167 ns, At safepoint: 79208 ns, Total: 1776375 ns
[2023-07-18T09:04:01.018+0000][1][safepoint    ] Safepoint "Cleanup", Time since last: 1001266251 ns, Reaching safepoint: 2018291 ns, At safepoint: 47167 ns, Total: 2065458 ns
[2023-07-18T09:04:02.022+0000][1][safepoint    ] Safepoint "Cleanup", Time since last: 1001073542 ns, Reaching safepoint: 3161417 ns, At safepoint: 185791 ns, Total: 3347208 ns
[2023-07-18T09:04:03.027+0000][1][safepoint    ] Safepoint "Cleanup", Time since last: 1001998168 ns, Reaching safepoint: 2593291 ns, At safepoint: 73292 ns, Total: 2666583 ns
[2023-07-18T09:04:04.029+0000][1][safepoint    ] Safepoint "Cleanup", Time since last: 1001388709 ns, Reaching safepoint: 1268333 ns, At safepoint: 19875 ns, Total: 1288208 ns
[2023-07-18T09:04:05.032+0000][1][safepoint    ] Safepoint "Cleanup", Time since last: 1000569376 ns, Reaching safepoint: 1823458 ns, At safepoint: 40750 ns, Total: 1864208 ns
[2023-07-18T09:04:06.035+0000][1][safepoint    ] Safepoint "Cleanup", Time since last: 1000741792 ns, Reaching safepoint: 2784125 ns, At safepoint: 130458 ns, Total: 2914583 ns
[2023-07-18T09:04:07.038+0000][1][safepoint    ] Safepoint "Cleanup", Time since last: 1001096876 ns, Reaching safepoint: 1563333 ns, At safepoint: 27167 ns, Total: 1590500 ns
[2023-07-18T09:04:08.042+0000][1][safepoint    ] Safepoint "Cleanup", Time since last: 1001203750 ns, Reaching safepoint: 2505792 ns, At safepoint: 83125 ns, Total: 2588917 ns
[2023-07-18T09:04:09.047+0000][1][safepoint    ] Safepoint "Cleanup", Time since last: 1001317667 ns, Reaching safepoint: 3357250 ns, At safepoint: 90833 ns, Total: 3448083 ns
[2023-07-18T09:04:10.050+0000][1][safepoint    ] Safepoint "Cleanup", Time since last: 1001502918 ns, Reaching safepoint: 1989458 ns, At safepoint: 98125 ns, Total: 2087583 ns
[2023-07-18T09:04:11.055+0000][1][safepoint    ] Safepoint "Cleanup", Time since last: 1001263042 ns, Reaching safepoint: 2934833 ns, At safepoint: 97000 ns, Total: 3031833 ns
[2023-07-18T09:04:12.061+0000][1][safepoint    ] Safepoint "Cleanup", Time since last: 1002319251 ns, Reaching safepoint: 3759750 ns, At safepoint: 106125 ns, Total: 3865875 ns
[2023-07-18T09:04:13.064+0000][1][safepoint    ] Safepoint "Cleanup", Time since last: 1001779875 ns, Reaching safepoint: 1659209 ns, At safepoint: 65041 ns, Total: 1724250 ns
[2023-07-18T09:04:14.066+0000][1][safepoint    ] Safepoint "Cleanup", Time since last: 1000765126 ns, Reaching safepoint: 840541 ns, At safepoint: 23875 ns, Total: 864416 ns
[2023-07-18T09:04:15.070+0000][1][safepoint    ] Safepoint "Cleanup", Time since last: 1000684168 ns, Reaching safepoint: 3161708 ns, At safepoint: 89417 ns, Total: 3251125 ns
[2023-07-18T09:04:16.074+0000][1][safepoint    ] Safepoint "Cleanup", Time since last: 1002208500 ns, Reaching safepoint: 1798542 ns, At safepoint: 63291 ns, Total: 1861833 ns
[2023-07-18T09:04:17.078+0000][1][safepoint    ] Safepoint "Cleanup", Time since last: 1002029918 ns, Reaching safepoint: 2412416 ns, At safepoint: 169750 ns, Total: 2582166 ns
[2023-07-18T09:04:18.087+0000][1][safepoint    ] Safepoint "Cleanup", Time since last: 1004016125 ns, Reaching safepoint: 4284708 ns, At safepoint: 126917 ns, Total: 4411625 ns
[2023-07-18T09:04:19.091+0000][1][safepoint    ] Safepoint "Cleanup", Time since last: 1001193542 ns, Reaching safepoint: 2918584 ns, At safepoint: 100125 ns, Total: 3018709 ns
[2023-07-18T09:04:20.096+0000][1][safepoint    ] Safepoint "Cleanup", Time since last: 1001450667 ns, Reaching safepoint: 2746416 ns, At safepoint: 117042 ns, Total: 2863458 ns
[2023-07-18T09:04:21.099+0000][1][safepoint    ] Safepoint "Cleanup", Time since last: 1001240667 ns, Reaching safepoint: 2306125 ns, At safepoint: 64209 ns, Total: 2370334 ns
[2023-07-18T09:04:22.103+0000][1][safepoint    ] Safepoint "Cleanup", Time since last: 1001454250 ns, Reaching safepoint: 2624958 ns, At safepoint: 65792 ns, Total: 2690750 ns
[2023-07-18T09:04:23.107+0000][1][safepoint    ] Safepoint "Cleanup", Time since last: 1001404625 ns, Reaching safepoint: 2575792 ns, At safepoint: 81333 ns, Total: 2657125 ns
[2023-07-18T09:04:24.117+0000][1][safepoint    ] Safepoint "Cleanup", Time since last: 1001474959 ns, Reaching safepoint: 5706834 ns, At safepoint: 135666 ns, Total: 5842500 ns
[2023-07-18T09:04:25.128+0000][1][safepoint    ] Safepoint "Cleanup", Time since last: 1009922876 ns, Reaching safepoint: 2763458 ns, At safepoint: 66458 ns, Total: 2829916 ns
[2023-07-18T09:04:26.130+0000][1][safepoint    ] Safepoint "Cleanup", Time since last: 1002102584 ns, Reaching safepoint: 742500 ns, At safepoint: 23084 ns, Total: 765584 ns
[2023-07-18T09:04:27.136+0000][1][safepoint    ] Safepoint "Cleanup", Time since last: 1001086333 ns, Reaching safepoint: 4406042 ns, At safepoint: 99417 ns, Total: 4505459 ns
[2023-07-18T09:04:28.142+0000][1][safepoint    ] Safepoint "Cleanup", Time since last: 1003779417 ns, Reaching safepoint: 2502208 ns, At safepoint: 101750 ns, Total: 2603958 ns
[2023-07-18T09:04:29.149+0000][1][safepoint    ] Safepoint "Cleanup", Time since last: 1002911417 ns, Reaching safepoint: 3681250 ns, At safepoint: 104084 ns, Total: 3785334 ns
[2023-07-18T09:04:30.155+0000][1][safepoint    ] Safepoint "Cleanup", Time since last: 1002322792 ns, Reaching safepoint: 3786500 ns, At safepoint: 88833 ns, Total: 3875333 ns
[2023-07-18T09:04:31.160+0000][1][safepoint    ] Safepoint "Cleanup", Time since last: 1001767959 ns, Reaching safepoint: 3052292 ns, At safepoint: 105333 ns, Total: 3157625 ns
[2023-07-18T09:04:32.171+0000][1][safepoint    ] Safepoint "Cleanup", Time since last: 1001911875 ns, Reaching safepoint: 8520209 ns, At safepoint: 87250 ns, Total: 8607459 ns
[2023-07-18T09:04:33.176+0000][1][safepoint    ] Safepoint "Cleanup", Time since last: 1001187917 ns, Reaching safepoint: 3950083 ns, At safepoint: 110209 ns, Total: 4060292 ns
[2023-07-18T09:04:34.179+0000][1][safepoint    ] Safepoint "Cleanup", Time since last: 1002083833 ns, Reaching safepoint: 1105417 ns, At safepoint: 24833 ns, Total: 1130250 ns
[2023-07-18T09:04:35.184+0000][1][safepoint    ] Safepoint "Cleanup", Time since last: 1000690418 ns, Reaching safepoint: 4388458 ns, At safepoint: 112333 ns, Total: 4500791 ns
[2023-07-18T09:04:36.192+0000][1][safepoint    ] Safepoint "Cleanup", Time since last: 1003795876 ns, Reaching safepoint: 4036875 ns, At safepoint: 114000 ns, Total: 4150875 ns
[2023-07-18T09:04:37.196+0000][1][safepoint    ] Safepoint "Cleanup", Time since last: 1001053459 ns, Reaching safepoint: 2703000 ns, At safepoint: 73666 ns, Total: 2776666 ns
[2023-07-18T09:04:38.202+0000][1][safepoint    ] Safepoint "Cleanup", Time since last: 1001990001 ns, Reaching safepoint: 4001666 ns, At safepoint: 111125 ns, Total: 4112791 ns
[2023-07-18T09:04:39.210+0000][1][safepoint    ] Safepoint "Cleanup", Time since last: 1003510168 ns, Reaching safepoint: 3787666 ns, At safepoint: 193167 ns, Total: 3980833 ns
[2023-07-18T09:04:40.214+0000][1][safepoint    ] Safepoint "Cleanup", Time since last: 1001610542 ns, Reaching safepoint: 2382375 ns, At safepoint: 63958 ns, Total: 2446333 ns
[2023-07-18T09:04:41.219+0000][1][safepoint    ] Safepoint "Cleanup", Time since last: 1001346167 ns, Reaching safepoint: 3845917 ns, At safepoint: 94583 ns, Total: 3940500 ns
[2023-07-18T09:04:41.411+0000][1][safepoint    ] Safepoint "RevokeBias", Time since last: 189584209 ns, Reaching safepoint: 965458 ns, At safepoint: 981250 ns, Total: 1946708 ns
[2023-07-18T09:04:41.414+0000][1][safepoint    ] Safepoint "RevokeBias", Time since last: 1509959 ns, Reaching safepoint: 1201583 ns, At safepoint: 437125 ns, Total: 1638708 ns
[2023-07-18T09:04:41.419+0000][1][safepoint    ] Safepoint "RevokeBias", Time since last: 3345083 ns, Reaching safepoint: 1503292 ns, At safepoint: 727792 ns, Total: 2231084 ns
[2023-07-18T09:04:41.473+0000][1][safepoint    ] Safepoint "RevokeBias", Time since last: 51880666 ns, Reaching safepoint: 1170834 ns, At safepoint: 187208 ns, Total: 1358042 ns
[2023-07-18T09:04:41.507+0000][1][safepoint    ] Safepoint "RevokeBias", Time since last: 32973125 ns, Reaching safepoint: 1257250 ns, At safepoint: 106542 ns, Total: 1363792 ns
[2023-07-18T09:04:42.514+0000][1][safepoint    ] Safepoint "Cleanup", Time since last: 1000904333 ns, Reaching safepoint: 5704084 ns, At safepoint: 215500 ns, Total: 5919584 ns
[2023-07-18T09:04:43.518+0000][1][safepoint    ] Safepoint "Cleanup", Time since last: 1001269959 ns, Reaching safepoint: 2728708 ns, At safepoint: 76083 ns, Total: 2804791 ns
[2023-07-18T09:04:44.521+0000][1][safepoint    ] Safepoint "Cleanup", Time since last: 1001436626 ns, Reaching safepoint: 2041750 ns, At safepoint: 44583 ns, Total: 2086333 ns
[2023-07-18T09:04:45.527+0000][1][safepoint    ] Safepoint "Cleanup", Time since last: 1002105126 ns, Reaching safepoint: 3326750 ns, At safepoint: 103375 ns, Total: 3430125 ns
[2023-07-18T09:04:46.530+0000][1][safepoint    ] Safepoint "Cleanup", Time since last: 1001422458 ns, Reaching safepoint: 1766125 ns, At safepoint: 62292 ns, Total: 1828417 ns
[2023-07-18T09:04:47.534+0000][1][safepoint    ] Safepoint "Cleanup", Time since last: 1001174042 ns, Reaching safepoint: 3442708 ns, At safepoint: 88167 ns, Total: 3530875 ns
[2023-07-18T09:04:48.539+0000][1][safepoint    ] Safepoint "Cleanup", Time since last: 1001874834 ns, Reaching safepoint: 2652250 ns, At safepoint: 73208 ns, Total: 2725458 ns
[2023-07-18T09:04:49.543+0000][1][safepoint    ] Safepoint "Cleanup", Time since last: 1001263125 ns, Reaching safepoint: 3144875 ns, At safepoint: 97000 ns, Total: 3241875 ns
[2023-07-18T09:04:50.545+0000][1][safepoint    ] Safepoint "Cleanup", Time since last: 1000990626 ns, Reaching safepoint: 806708 ns, At safepoint: 18209 ns, Total: 824917 ns
[2023-07-18T09:04:51.354+0000][1][gc,start     ] GC(39) Pause Young (Allocation Failure)
[2023-07-18T09:04:51.359+0000][1][gc,task      ] GC(39) Using 4 workers of 4 for evacuation
[2023-07-18T09:04:51.403+0000][1][gc,age       ] GC(39) Desired survivor size 8945664 bytes, new threshold 6 (max threshold 6)
[2023-07-18T09:04:51.403+0000][1][gc,age       ] GC(39) Age table with threshold 6 (max threshold 6)
[2023-07-18T09:04:51.403+0000][1][gc,age       ] GC(39) - age   1:     118920 bytes,     118920 total
[2023-07-18T09:04:51.403+0000][1][gc,age       ] GC(39) - age   2:      17752 bytes,     136672 total
[2023-07-18T09:04:51.403+0000][1][gc,age       ] GC(39) - age   3:       4696 bytes,     141368 total
[2023-07-18T09:04:51.403+0000][1][gc,age       ] GC(39) - age   4:       1544 bytes,     142912 total
[2023-07-18T09:04:51.404+0000][1][gc,age       ] GC(39) - age   5:       2240 bytes,     145152 total
[2023-07-18T09:04:51.404+0000][1][gc,age       ] GC(39) - age   6:      28424 bytes,     173576 total
[2023-07-18T09:04:51.405+0000][1][gc,heap      ] GC(39) ParNew: 140069K->233K(157248K)
[2023-07-18T09:04:51.405+0000][1][gc,heap      ] GC(39) CMS: 71386K->71389K(349568K)
[2023-07-18T09:04:51.405+0000][1][gc,metaspace ] GC(39) Metaspace: 90807K->90807K(1132544K)
[2023-07-18T09:04:51.406+0000][1][gc           ] GC(39) Pause Young (Allocation Failure) 206M->69M(494M) 52.394ms
[2023-07-18T09:04:51.406+0000][1][gc,cpu       ] GC(39) User=0.09s Sys=0.03s Real=0.05s
[2023-07-18T09:04:51.407+0000][1][safepoint    ] Safepoint "GenCollectForAllocation", Time since last: 804946250 ns, Reaching safepoint: 2673042 ns, At safepoint: 54015416 ns, Total: 56688458 ns
[2023-07-18T09:04:52.412+0000][1][safepoint    ] Safepoint "Cleanup", Time since last: 1000634292 ns, Reaching safepoint: 4246667 ns, At safepoint: 108542 ns, Total: 4355209 ns
[2023-07-18T09:04:53.418+0000][1][safepoint    ] Safepoint "Cleanup", Time since last: 1002090834 ns, Reaching safepoint: 4027583 ns, At safepoint: 99292 ns, Total: 4126875 ns
[2023-07-18T09:04:54.420+0000][1][safepoint    ] Safepoint "Cleanup", Time since last: 1001632958 ns, Reaching safepoint: 742834 ns, At safepoint: 17583 ns, Total: 760417 ns
[2023-07-18T09:04:55.421+0000][1][safepoint    ] Safepoint "Cleanup", Time since last: 1000320834 ns, Reaching safepoint: 781625 ns, At safepoint: 16958 ns, Total: 798583 ns
[2023-07-18T09:04:56.425+0000][1][safepoint    ] Safepoint "Cleanup", Time since last: 1000826876 ns, Reaching safepoint: 2573208 ns, At safepoint: 68083 ns, Total: 2641291 ns
[2023-07-18T09:04:57.431+0000][1][safepoint    ] Safepoint "Cleanup", Time since last: 1001758334 ns, Reaching safepoint: 4529959 ns, At safepoint: 113625 ns, Total: 4643584 ns
[2023-07-18T09:04:58.438+0000][1][safepoint    ] Safepoint "Cleanup", Time since last: 1002481375 ns, Reaching safepoint: 4045167 ns, At safepoint: 129791 ns, Total: 4174958 ns
[2023-07-18T09:04:59.443+0000][1][safepoint    ] Safepoint "Cleanup", Time since last: 1001386834 ns, Reaching safepoint: 3890459 ns, At safepoint: 96916 ns, Total: 3987375 ns
[2023-07-18T09:05:00.447+0000][1][safepoint    ] Safepoint "Cleanup", Time since last: 1001029084 ns, Reaching safepoint: 2857000 ns, At safepoint: 76375 ns, Total: 2933375 ns
[2023-07-18T09:05:01.453+0000][1][safepoint    ] Safepoint "Cleanup", Time since last: 1001107250 ns, Reaching safepoint: 4435250 ns, At safepoint: 114125 ns, Total: 4549375 ns
[2023-07-18T09:05:02.460+0000][1][safepoint    ] Safepoint "Cleanup", Time since last: 1005060084 ns, Reaching safepoint: 1677875 ns, At safepoint: 42334 ns, Total: 1720209 ns
[2023-07-18T09:05:03.463+0000][1][safepoint    ] Safepoint "Cleanup", Time since last: 1001017583 ns, Reaching safepoint: 2536834 ns, At safepoint: 65541 ns, Total: 2602375 ns
[2023-07-18T09:05:04.027+0000][1][safepoint    ] Safepoint "RevokeBias", Time since last: 561679917 ns, Reaching safepoint: 1665834 ns, At safepoint: 85708 ns, Total: 1751542 ns
[2023-07-18T09:05:05.029+0000][1][safepoint    ] Safepoint "Cleanup", Time since last: 1000699209 ns, Reaching safepoint: 1632708 ns, At safepoint: 35250 ns, Total: 1667958 ns
[2023-07-18T09:05:06.031+0000][1][safepoint    ] Safepoint "Cleanup", Time since last: 1001036501 ns, Reaching safepoint: 1026083 ns, At safepoint: 23625 ns, Total: 1049708 ns
[2023-07-18T09:05:07.036+0000][1][safepoint    ] Safepoint "Cleanup", Time since last: 1000783875 ns, Reaching safepoint: 3807125 ns, At safepoint: 130250 ns, Total: 3937375 ns
[2023-07-18T09:05:08.041+0000][1][safepoint    ] Safepoint "Cleanup", Time since last: 1001546668 ns, Reaching safepoint: 3828916 ns, At safepoint: 116750 ns, Total: 3945666 ns
[2023-07-18T09:05:09.044+0000][1][safepoint    ] Safepoint "Cleanup", Time since last: 1001314959 ns, Reaching safepoint: 1327958 ns, At safepoint: 28209 ns, Total: 1356167 ns
[2023-07-18T09:05:10.047+0000][1][safepoint    ] Safepoint "Cleanup", Time since last: 1002280834 ns, Reaching safepoint: 674583 ns, At safepoint: 14917 ns, Total: 689500 ns
[2023-07-18T09:05:11.051+0000][1][safepoint    ] Safepoint "Cleanup", Time since last: 1000497292 ns, Reaching safepoint: 3109708 ns, At safepoint: 75708 ns, Total: 3185416 ns
[2023-07-18T09:05:12.057+0000][1][safepoint    ] Safepoint "Cleanup", Time since last: 1002024209 ns, Reaching safepoint: 4028500 ns, At safepoint: 147875 ns, Total: 4176375 ns
[2023-07-18T09:05:13.063+0000][1][safepoint    ] Safepoint "Cleanup", Time since last: 1003164126 ns, Reaching safepoint: 3107333 ns, At safepoint: 86500 ns, Total: 3193833 ns
[2023-07-18T09:05:13.996+0000][1][safepoint    ] Safepoint "RevokeBias", Time since last: 930950959 ns, Reaching safepoint: 1559208 ns, At safepoint: 390125 ns, Total: 1949333 ns
[2023-07-18T09:05:15.000+0000][1][safepoint    ] Safepoint "Cleanup", Time since last: 1000520501 ns, Reaching safepoint: 3124750 ns, At safepoint: 107208 ns, Total: 3231958 ns
[2023-07-18T09:05:16.005+0000][1][safepoint    ] Safepoint "Cleanup", Time since last: 1002094917 ns, Reaching safepoint: 3117208 ns, At safepoint: 89875 ns, Total: 3207083 ns
[2023-07-18T09:05:17.012+0000][1][safepoint    ] Safepoint "Cleanup", Time since last: 1004243584 ns, Reaching safepoint: 2030667 ns, At safepoint: 51792 ns, Total: 2082459 ns
[2023-07-18T09:05:18.016+0000][1][safepoint    ] Safepoint "Cleanup", Time since last: 1001440541 ns, Reaching safepoint: 3396708 ns, At safepoint: 93792 ns, Total: 3490500 ns
[2023-07-18T09:05:19.020+0000][1][safepoint    ] Safepoint "Cleanup", Time since last: 1002488125 ns, Reaching safepoint: 1604417 ns, At safepoint: 38000 ns, Total: 1642417 ns
[2023-07-18T09:05:20.027+0000][1][safepoint    ] Safepoint "Cleanup", Time since last: 1000859834 ns, Reaching safepoint: 5241333 ns, At safepoint: 100583 ns, Total: 5341916 ns
[2023-07-18T09:05:21.030+0000][1][safepoint    ] Safepoint "Cleanup", Time since last: 1001255668 ns, Reaching safepoint: 2282875 ns, At safepoint: 73375 ns, Total: 2356250 ns
[2023-07-18T09:05:22.033+0000][1][safepoint    ] Safepoint "Cleanup", Time since last: 1000918917 ns, Reaching safepoint: 2039416 ns, At safepoint: 67500 ns, Total: 2106916 ns
[2023-07-18T09:05:23.039+0000][1][safepoint    ] Safepoint "Cleanup", Time since last: 1002047709 ns, Reaching safepoint: 3314625 ns, At safepoint: 85458 ns, Total: 3400083 ns
[2023-07-18T09:05:23.998+0000][1][safepoint    ] Safepoint "RevokeBias", Time since last: 957197251 ns, Reaching safepoint: 1704000 ns, At safepoint: 109375 ns, Total: 1813375 ns
[2023-07-18T09:05:25.001+0000][1][safepoint    ] Safepoint "Cleanup", Time since last: 1001497834 ns, Reaching safepoint: 1763958 ns, At safepoint: 37583 ns, Total: 1801541 ns
[2023-07-18T09:05:26.006+0000][1][safepoint    ] Safepoint "Cleanup", Time since last: 1002983293 ns, Reaching safepoint: 1592958 ns, At safepoint: 43083 ns, Total: 1636041 ns
[2023-07-18T09:05:27.012+0000][1][safepoint    ] Safepoint "Cleanup", Time since last: 1002417584 ns, Reaching safepoint: 3986292 ns, At safepoint: 200291 ns, Total: 4186583 ns
[2023-07-18T09:05:28.016+0000][1][safepoint    ] Safepoint "Cleanup", Time since last: 1001304001 ns, Reaching safepoint: 2559417 ns, At safepoint: 69541 ns, Total: 2628958 ns
[2023-07-18T09:05:29.018+0000][1][safepoint    ] Safepoint "Cleanup", Time since last: 1001243042 ns, Reaching safepoint: 626500 ns, At safepoint: 15417 ns, Total: 641917 ns
[2023-07-18T09:05:30.022+0000][1][safepoint    ] Safepoint "Cleanup", Time since last: 1000475542 ns, Reaching safepoint: 3107958 ns, At safepoint: 85959 ns, Total: 3193917 ns
[2023-07-18T09:05:31.029+0000][1][safepoint    ] Safepoint "Cleanup", Time since last: 1002356917 ns, Reaching safepoint: 5007458 ns, At safepoint: 109709 ns, Total: 5117167 ns
[2023-07-18T09:05:32.033+0000][1][safepoint    ] Safepoint "Cleanup", Time since last: 1003128000 ns, Reaching safepoint: 936667 ns, At safepoint: 19541 ns, Total: 956208 ns
[2023-07-18T09:05:33.039+0000][1][safepoint    ] Safepoint "Cleanup", Time since last: 1001859459 ns, Reaching safepoint: 3958209 ns, At safepoint: 96416 ns, Total: 4054625 ns
[2023-07-18T09:05:33.999+0000][1][safepoint    ] Safepoint "RevokeBias", Time since last: 957916876 ns, Reaching safepoint: 1775791 ns, At safepoint: 411125 ns, Total: 2186916 ns
[2023-07-18T09:05:35.000+0000][1][safepoint    ] Safepoint "Cleanup", Time since last: 1000309709 ns, Reaching safepoint: 777542 ns, At safepoint: 16708 ns, Total: 794250 ns
[2023-07-18T09:05:36.003+0000][1][safepoint    ] Safepoint "Cleanup", Time since last: 1001319876 ns, Reaching safepoint: 1666083 ns, At safepoint: 35458 ns, Total: 1701541 ns
[2023-07-18T09:05:37.008+0000][1][safepoint    ] Safepoint "Cleanup", Time since last: 1000821417 ns, Reaching safepoint: 3573292 ns, At safepoint: 133292 ns, Total: 3706584 ns
[2023-07-18T09:05:38.012+0000][1][safepoint    ] Safepoint "Cleanup", Time since last: 1002138084 ns, Reaching safepoint: 2051666 ns, At safepoint: 77709 ns, Total: 2129375 ns
[2023-07-18T09:05:39.015+0000][1][safepoint    ] Safepoint "Cleanup", Time since last: 1001150167 ns, Reaching safepoint: 2009666 ns, At safepoint: 43750 ns, Total: 2053416 ns
[2023-07-18T09:05:40.020+0000][1][safepoint    ] Safepoint "Cleanup", Time since last: 1002402584 ns, Reaching safepoint: 2241917 ns, At safepoint: 92083 ns, Total: 2334000 ns
[2023-07-18T09:05:41.023+0000][1][safepoint    ] Safepoint "Cleanup", Time since last: 1001484501 ns, Reaching safepoint: 1581666 ns, At safepoint: 35959 ns, Total: 1617625 ns
[2023-07-18T09:05:42.027+0000][1][safepoint    ] Safepoint "Cleanup", Time since last: 1003105084 ns, Reaching safepoint: 878000 ns, At safepoint: 16583 ns, Total: 894583 ns
[2023-07-18T09:05:42.419+0000][1][safepoint    ] Safepoint "RevokeBias", Time since last: 390328458 ns, Reaching safepoint: 899959 ns, At safepoint: 195541 ns, Total: 1095500 ns
[2023-07-18T09:05:42.422+0000][1][safepoint    ] Safepoint "RevokeBias", Time since last: 2622542 ns, Reaching safepoint: 961875 ns, At safepoint: 147917 ns, Total: 1109792 ns
[2023-07-18T09:05:42.427+0000][1][safepoint    ] Safepoint "RevokeBias", Time since last: 3410583 ns, Reaching safepoint: 796500 ns, At safepoint: 135875 ns, Total: 932375 ns
[2023-07-18T09:05:42.458+0000][1][safepoint    ] Safepoint "RevokeBias", Time since last: 30687250 ns, Reaching safepoint: 771875 ns, At safepoint: 131208 ns, Total: 903083 ns
[2023-07-18T09:05:42.460+0000][1][safepoint    ] Safepoint "RevokeBias", Time since last: 1217584 ns, Reaching safepoint: 746125 ns, At safepoint: 56916 ns, Total: 803041 ns
[2023-07-18T09:05:43.464+0000][1][safepoint    ] Safepoint "Cleanup", Time since last: 1000376584 ns, Reaching safepoint: 3375500 ns, At safepoint: 110959 ns, Total: 3486459 ns
[2023-07-18T09:05:44.469+0000][1][safepoint    ] Safepoint "Cleanup", Time since last: 1001657042 ns, Reaching safepoint: 3073291 ns, At safepoint: 76834 ns, Total: 3150125 ns
[2023-07-18T09:05:45.473+0000][1][safepoint    ] Safepoint "Cleanup", Time since last: 1001154125 ns, Reaching safepoint: 2379000 ns, At safepoint: 58958 ns, Total: 2437958 ns
[2023-07-18T09:05:46.477+0000][1][safepoint    ] Safepoint "Cleanup", Time since last: 1001436376 ns, Reaching safepoint: 2363458 ns, At safepoint: 79500 ns, Total: 2442958 ns
[2023-07-18T09:05:47.479+0000][1][safepoint    ] Safepoint "Cleanup", Time since last: 1000800667 ns, Reaching safepoint: 1598459 ns, At safepoint: 35083 ns, Total: 1633542 ns
[2023-07-18T09:05:48.483+0000][1][safepoint    ] Safepoint "Cleanup", Time since last: 1000794125 ns, Reaching safepoint: 2359125 ns, At safepoint: 62375 ns, Total: 2421500 ns
[2023-07-18T09:05:49.488+0000][1][safepoint    ] Safepoint "Cleanup", Time since last: 1000889042 ns, Reaching safepoint: 3429583 ns, At safepoint: 101167 ns, Total: 3530750 ns
[2023-07-18T09:05:50.492+0000][1][safepoint    ] Safepoint "Cleanup", Time since last: 1001439667 ns, Reaching safepoint: 2392709 ns, At safepoint: 99625 ns, Total: 2492334 ns
[2023-07-18T09:05:51.495+0000][1][safepoint    ] Safepoint "Cleanup", Time since last: 1001304833 ns, Reaching safepoint: 2635250 ns, At safepoint: 81875 ns, Total: 2717125 ns
[2023-07-18T09:05:52.499+0000][1][safepoint    ] Safepoint "Cleanup", Time since last: 1001980001 ns, Reaching safepoint: 1911333 ns, At safepoint: 65375 ns, Total: 1976708 ns
[2023-07-18T09:05:53.503+0000][1][safepoint    ] Safepoint "Cleanup", Time since last: 1001140459 ns, Reaching safepoint: 2330708 ns, At safepoint: 60500 ns, Total: 2391208 ns
[2023-07-18T09:05:54.505+0000][1][safepoint    ] Safepoint "Cleanup", Time since last: 1001355667 ns, Reaching safepoint: 684084 ns, At safepoint: 16666 ns, Total: 700750 ns
[2023-07-18T09:05:55.507+0000][1][safepoint    ] Safepoint "Cleanup", Time since last: 1001184709 ns, Reaching safepoint: 615959 ns, At safepoint: 13875 ns, Total: 629834 ns
[2023-07-18T09:05:56.513+0000][1][safepoint    ] Safepoint "Cleanup", Time since last: 1001714292 ns, Reaching safepoint: 3982791 ns, At safepoint: 140417 ns, Total: 4123208 ns
[2023-07-18T09:05:57.519+0000][1][safepoint    ] Safepoint "Cleanup", Time since last: 1002705501 ns, Reaching safepoint: 3854000 ns, At safepoint: 111875 ns, Total: 3965875 ns
[2023-07-18T09:05:58.530+0000][1][safepoint    ] Safepoint "Cleanup", Time since last: 1006497625 ns, Reaching safepoint: 3580917 ns, At safepoint: 94750 ns, Total: 3675667 ns
[2023-07-18T09:05:59.536+0000][1][safepoint    ] Safepoint "Cleanup", Time since last: 1002687417 ns, Reaching safepoint: 3773875 ns, At safepoint: 107000 ns, Total: 3880875 ns
[2023-07-18T09:06:00.542+0000][1][safepoint    ] Safepoint "Cleanup", Time since last: 1001608709 ns, Reaching safepoint: 4115291 ns, At safepoint: 123334 ns, Total: 4238625 ns
[2023-07-18T09:06:01.548+0000][1][safepoint    ] Safepoint "Cleanup", Time since last: 1001648000 ns, Reaching safepoint: 3783625 ns, At safepoint: 123292 ns, Total: 3906917 ns
[2023-07-18T09:06:02.553+0000][1][safepoint    ] Safepoint "Cleanup", Time since last: 1002224292 ns, Reaching safepoint: 3015500 ns, At safepoint: 100625 ns, Total: 3116125 ns
[2023-07-18T09:06:03.563+0000][1][safepoint    ] Safepoint "Cleanup", Time since last: 1003193292 ns, Reaching safepoint: 7147125 ns, At safepoint: 134917 ns, Total: 7282042 ns
[2023-07-18T09:06:04.012+0000][1][safepoint    ] Safepoint "RevokeBias", Time since last: 446211583 ns, Reaching safepoint: 1687917 ns, At safepoint: 524042 ns, Total: 2211959 ns
[2023-07-18T09:06:05.018+0000][1][safepoint    ] Safepoint "Cleanup", Time since last: 1002174250 ns, Reaching safepoint: 3873500 ns, At safepoint: 101792 ns, Total: 3975292 ns
[2023-07-18T09:06:06.022+0000][1][safepoint    ] Safepoint "Cleanup", Time since last: 1001662625 ns, Reaching safepoint: 1924167 ns, At safepoint: 42667 ns, Total: 1966834 ns
[2023-07-18T09:06:07.027+0000][1][safepoint    ] Safepoint "Cleanup", Time since last: 1001988958 ns, Reaching safepoint: 3172334 ns, At safepoint: 157791 ns, Total: 3330125 ns
[2023-07-18T09:06:08.031+0000][1][safepoint    ] Safepoint "Cleanup", Time since last: 1002750459 ns, Reaching safepoint: 1603084 ns, At safepoint: 36750 ns, Total: 1639834 ns
[2023-07-18T09:06:09.035+0000][1][safepoint    ] Safepoint "Cleanup", Time since last: 1002012292 ns, Reaching safepoint: 1955500 ns, At safepoint: 52250 ns, Total: 2007750 ns
[2023-07-18T09:06:10.038+0000][1][safepoint    ] Safepoint "Cleanup", Time since last: 1000971917 ns, Reaching safepoint: 1655583 ns, At safepoint: 37042 ns, Total: 1692625 ns
[2023-07-18T09:06:11.043+0000][1][safepoint    ] Safepoint "Cleanup", Time since last: 1000834709 ns, Reaching safepoint: 3939291 ns, At safepoint: 127917 ns, Total: 4067208 ns
[2023-07-18T09:06:12.047+0000][1][safepoint    ] Safepoint "Cleanup", Time since last: 1001757959 ns, Reaching safepoint: 2565333 ns, At safepoint: 77750 ns, Total: 2643083 ns
[2023-07-18T09:06:13.054+0000][1][safepoint    ] Safepoint "Cleanup", Time since last: 1003138542 ns, Reaching safepoint: 3320459 ns, At safepoint: 82000 ns, Total: 3402459 ns
[2023-07-18T09:06:14.016+0000][1][safepoint    ] Safepoint "RevokeBias", Time since last: 959731458 ns, Reaching safepoint: 1684209 ns, At safepoint: 419708 ns, Total: 2103917 ns
[2023-07-18T09:06:15.020+0000][1][safepoint    ] Safepoint "Cleanup", Time since last: 1000632751 ns, Reaching safepoint: 3327375 ns, At safepoint: 114500 ns, Total: 3441875 ns
[2023-07-18T09:06:16.022+0000][1][safepoint    ] Safepoint "Cleanup", Time since last: 1001195083 ns, Reaching safepoint: 1193250 ns, At safepoint: 26125 ns, Total: 1219375 ns
[2023-07-18T09:06:17.026+0000][1][safepoint    ] Safepoint "Cleanup", Time since last: 1001438584 ns, Reaching safepoint: 2597792 ns, At safepoint: 75792 ns, Total: 2673584 ns
[2023-07-18T09:06:18.029+0000][1][safepoint    ] Safepoint "Cleanup", Time since last: 1002152082 ns, Reaching safepoint: 2818917 ns, At safepoint: 81292 ns, Total: 2900209 ns
[2023-07-18T09:06:19.034+0000][1][safepoint    ] Safepoint "Cleanup", Time since last: 1001882875 ns, Reaching safepoint: 3411917 ns, At safepoint: 113083 ns, Total: 3525000 ns
[2023-07-18T09:06:20.039+0000][1][safepoint    ] Safepoint "Cleanup", Time since last: 1001139876 ns, Reaching safepoint: 3499041 ns, At safepoint: 133000 ns, Total: 3632041 ns
[2023-07-18T09:06:21.046+0000][1][safepoint    ] Safepoint "Cleanup", Time since last: 1003871209 ns, Reaching safepoint: 2746042 ns, At safepoint: 76958 ns, Total: 2823000 ns
[2023-07-18T09:06:22.051+0000][1][safepoint    ] Safepoint "Cleanup", Time since last: 1001796292 ns, Reaching safepoint: 3460459 ns, At safepoint: 95041 ns, Total: 3555500 ns
[2023-07-18T09:06:23.057+0000][1][safepoint    ] Safepoint "Cleanup", Time since last: 1001479792 ns, Reaching safepoint: 4145959 ns, At safepoint: 125333 ns, Total: 4271292 ns
[2023-07-18T09:06:24.016+0000][1][safepoint    ] Safepoint "RevokeBias", Time since last: 957575126 ns, Reaching safepoint: 1420083 ns, At safepoint: 238042 ns, Total: 1658125 ns
[2023-07-18T09:06:25.022+0000][1][safepoint    ] Safepoint "Cleanup", Time since last: 1001326708 ns, Reaching safepoint: 3866834 ns, At safepoint: 59000 ns, Total: 3925834 ns
[2023-07-18T09:06:26.956+0000][1][safepoint    ] Safepoint "Cleanup", Time since last: 1933182376 ns, Reaching safepoint: 937541 ns, At safepoint: 24584 ns, Total: 962125 ns
[2023-07-18T09:06:27.960+0000][1][safepoint    ] Safepoint "Cleanup", Time since last: 1001306042 ns, Reaching safepoint: 3399625 ns, At safepoint: 105583 ns, Total: 3505208 ns
[2023-07-18T09:06:28.964+0000][1][safepoint    ] Safepoint "Cleanup", Time since last: 1001329292 ns, Reaching safepoint: 2488917 ns, At safepoint: 67208 ns, Total: 2556125 ns
[2023-07-18T09:06:29.968+0000][1][safepoint    ] Safepoint "Cleanup", Time since last: 1001271709 ns, Reaching safepoint: 2298875 ns, At safepoint: 74667 ns, Total: 2373542 ns
[2023-07-18T09:06:30.970+0000][1][safepoint    ] Safepoint "Cleanup", Time since last: 1000885250 ns, Reaching safepoint: 1040042 ns, At safepoint: 23292 ns, Total: 1063334 ns
[2023-07-18T09:06:31.972+0000][1][safepoint    ] Safepoint "Cleanup", Time since last: 1000672375 ns, Reaching safepoint: 1333708 ns, At safepoint: 35500 ns, Total: 1369208 ns
[2023-07-18T09:06:32.977+0000][1][safepoint    ] Safepoint "Cleanup", Time since last: 1000697418 ns, Reaching safepoint: 3658666 ns, At safepoint: 158084 ns, Total: 3816750 ns
[2023-07-18T09:06:33.980+0000][1][safepoint    ] Safepoint "Cleanup", Time since last: 1001508667 ns, Reaching safepoint: 2074208 ns, At safepoint: 37417 ns, Total: 2111625 ns
[2023-07-18T09:06:34.985+0000][1][safepoint    ] Safepoint "Cleanup", Time since last: 1000752792 ns, Reaching safepoint: 3927250 ns, At safepoint: 97291 ns, Total: 4024541 ns
[2023-07-18T09:06:35.988+0000][1][safepoint    ] Safepoint "Cleanup", Time since last: 1001252834 ns, Reaching safepoint: 1834417 ns, At safepoint: 59792 ns, Total: 1894209 ns
[2023-07-18T09:06:36.992+0000][1][safepoint    ] Safepoint "Cleanup", Time since last: 1000886042 ns, Reaching safepoint: 2680458 ns, At safepoint: 54375 ns, Total: 2734833 ns
[2023-07-18T09:06:37.995+0000][1][safepoint    ] Safepoint "Cleanup", Time since last: 1001786667 ns, Reaching safepoint: 1124209 ns, At safepoint: 26041 ns, Total: 1150250 ns
[2023-07-18T09:06:38.998+0000][1][safepoint    ] Safepoint "Cleanup", Time since last: 1000716834 ns, Reaching safepoint: 2457167 ns, At safepoint: 65416 ns, Total: 2522583 ns
[2023-07-18T09:06:40.002+0000][1][safepoint    ] Safepoint "Cleanup", Time since last: 1001069501 ns, Reaching safepoint: 2684375 ns, At safepoint: 83042 ns, Total: 2767417 ns
[2023-07-18T09:06:41.006+0000][1][safepoint    ] Safepoint "Cleanup", Time since last: 1001363042 ns, Reaching safepoint: 3081791 ns, At safepoint: 125209 ns, Total: 3207000 ns
[2023-07-18T09:06:42.009+0000][1][safepoint    ] Safepoint "Cleanup", Time since last: 1001427334 ns, Reaching safepoint: 1675041 ns, At safepoint: 38709 ns, Total: 1713750 ns
[2023-07-18T09:06:43.014+0000][1][safepoint    ] Safepoint "Cleanup", Time since last: 1001328875 ns, Reaching safepoint: 3367292 ns, At safepoint: 80416 ns, Total: 3447708 ns
[2023-07-18T09:06:43.444+0000][1][safepoint    ] Safepoint "BulkRevokeBias", Time since last: 425886292 ns, Reaching safepoint: 792584 ns, At safepoint: 3003083 ns, Total: 3795667 ns
[2023-07-18T09:06:43.449+0000][1][safepoint    ] Safepoint "RevokeBias", Time since last: 4206708 ns, Reaching safepoint: 733084 ns, At safepoint: 102875 ns, Total: 835959 ns
[2023-07-18T09:06:43.452+0000][1][safepoint    ] Safepoint "RevokeBias", Time since last: 2047416 ns, Reaching safepoint: 827375 ns, At safepoint: 71125 ns, Total: 898500 ns
[2023-07-18T09:06:43.486+0000][1][safepoint    ] Safepoint "RevokeBias", Time since last: 33128500 ns, Reaching safepoint: 724334 ns, At safepoint: 91791 ns, Total: 816125 ns
[2023-07-18T09:06:43.488+0000][1][safepoint    ] Safepoint "RevokeBias", Time since last: 1617875 ns, Reaching safepoint: 597709 ns, At safepoint: 64666 ns, Total: 662375 ns
[2023-07-18T09:06:43.492+0000][1][safepoint    ] Safepoint "RevokeBias", Time since last: 3348375 ns, Reaching safepoint: 641542 ns, At safepoint: 58833 ns, Total: 700375 ns
[2023-07-18T09:06:44.036+0000][1][safepoint    ] Safepoint "RevokeBias", Time since last: 542424709 ns, Reaching safepoint: 1544833 ns, At safepoint: 367875 ns, Total: 1912708 ns
[2023-07-18T09:06:45.040+0000][1][safepoint    ] Safepoint "Cleanup", Time since last: 1000502126 ns, Reaching safepoint: 2566458 ns, At safepoint: 69583 ns, Total: 2636041 ns
[2023-07-18T09:06:46.045+0000][1][safepoint    ] Safepoint "Cleanup", Time since last: 1002242042 ns, Reaching safepoint: 3143417 ns, At safepoint: 80750 ns, Total: 3224167 ns
[2023-07-18T09:06:46.975+0000][1][gc,start     ] GC(40) Pause Young (Allocation Failure)
[2023-07-18T09:06:46.975+0000][1][gc,task      ] GC(40) Using 4 workers of 4 for evacuation
[2023-07-18T09:06:46.993+0000][1][gc,age       ] GC(40) Desired survivor size 8945664 bytes, new threshold 6 (max threshold 6)
[2023-07-18T09:06:46.993+0000][1][gc,age       ] GC(40) Age table with threshold 6 (max threshold 6)
[2023-07-18T09:06:46.993+0000][1][gc,age       ] GC(40) - age   1:     109368 bytes,     109368 total
[2023-07-18T09:06:46.993+0000][1][gc,age       ] GC(40) - age   2:      21968 bytes,     131336 total
[2023-07-18T09:06:46.993+0000][1][gc,age       ] GC(40) - age   3:      17752 bytes,     149088 total
[2023-07-18T09:06:46.994+0000][1][gc,age       ] GC(40) - age   4:       4432 bytes,     153520 total
[2023-07-18T09:06:46.994+0000][1][gc,age       ] GC(40) - age   5:       1544 bytes,     155064 total
[2023-07-18T09:06:46.994+0000][1][gc,age       ] GC(40) - age   6:       2240 bytes,     157304 total
[2023-07-18T09:06:46.994+0000][1][gc,heap      ] GC(40) ParNew: 140009K->233K(157248K)
[2023-07-18T09:06:46.994+0000][1][gc,heap      ] GC(40) CMS: 71389K->71416K(349568K)
[2023-07-18T09:06:46.994+0000][1][gc,metaspace ] GC(40) Metaspace: 90946K->90946K(1132544K)
[2023-07-18T09:06:46.995+0000][1][gc           ] GC(40) Pause Young (Allocation Failure) 206M->69M(494M) 19.947ms
[2023-07-18T09:06:46.995+0000][1][gc,cpu       ] GC(40) User=0.03s Sys=0.00s Real=0.02s
[2023-07-18T09:06:46.995+0000][1][safepoint    ] Safepoint "GenCollectForAllocation", Time since last: 928580876 ns, Reaching safepoint: 949166 ns, At safepoint: 20470959 ns, Total: 21420125 ns
[2023-07-18T09:06:47.985+0000][1][safepoint    ] Safepoint "Cleanup", Time since last: 1000338374 ns, Reaching safepoint: 1567417 ns, At safepoint: 61667 ns, Total: 1629084 ns
[2023-07-18T09:06:48.988+0000][1][safepoint    ] Safepoint "Cleanup", Time since last: 1000590125 ns, Reaching safepoint: 2786042 ns, At safepoint: 105542 ns, Total: 2891584 ns
[2023-07-18T09:06:49.993+0000][1][safepoint    ] Safepoint "Cleanup", Time since last: 1001958167 ns, Reaching safepoint: 2282791 ns, At safepoint: 81084 ns, Total: 2363875 ns
[2023-07-18T09:06:50.998+0000][1][safepoint    ] Safepoint "Cleanup", Time since last: 1002835250 ns, Reaching safepoint: 2414833 ns, At safepoint: 77917 ns, Total: 2492750 ns
[2023-07-18T09:06:52.000+0000][1][safepoint    ] Safepoint "Cleanup", Time since last: 1000761917 ns, Reaching safepoint: 988000 ns, At safepoint: 21750 ns, Total: 1009750 ns
[2023-07-18T09:06:53.005+0000][1][safepoint    ] Safepoint "Cleanup", Time since last: 1002334792 ns, Reaching safepoint: 2765000 ns, At safepoint: 78709 ns, Total: 2843709 ns
[2023-07-18T09:06:54.007+0000][1][safepoint    ] Safepoint "Cleanup", Time since last: 1001133417 ns, Reaching safepoint: 861583 ns, At safepoint: 23667 ns, Total: 885250 ns
[2023-07-18T09:06:54.122+0000][1][safepoint    ] Safepoint "RevokeBias", Time since last: 113024875 ns, Reaching safepoint: 1593125 ns, At safepoint: 436417 ns, Total: 2029542 ns
[2023-07-18T09:06:55.126+0000][1][safepoint    ] Safepoint "Cleanup", Time since last: 1001710708 ns, Reaching safepoint: 1756000 ns, At safepoint: 35750 ns, Total: 1791750 ns
[2023-07-18T09:06:56.128+0000][1][safepoint    ] Safepoint "Cleanup", Time since last: 1000857834 ns, Reaching safepoint: 1311584 ns, At safepoint: 27625 ns, Total: 1339209 ns
[2023-07-18T09:06:57.130+0000][1][safepoint    ] Safepoint "Cleanup", Time since last: 1001221042 ns, Reaching safepoint: 899958 ns, At safepoint: 23333 ns, Total: 923291 ns
[2023-07-18T09:06:58.134+0000][1][safepoint    ] Safepoint "Cleanup", Time since last: 1000588376 ns, Reaching safepoint: 3304958 ns, At safepoint: 91542 ns, Total: 3396500 ns
[2023-07-18T09:06:59.139+0000][1][safepoint    ] Safepoint "Cleanup", Time since last: 1001388584 ns, Reaching safepoint: 3240291 ns, At safepoint: 88000 ns, Total: 3328291 ns
[2023-07-18T09:07:00.144+0000][1][safepoint    ] Safepoint "Cleanup", Time since last: 1003911834 ns, Reaching safepoint: 1221042 ns, At safepoint: 27708 ns, Total: 1248750 ns
[2023-07-18T09:07:01.148+0000][1][safepoint    ] Safepoint "Cleanup", Time since last: 1003317792 ns, Reaching safepoint: 765500 ns, At safepoint: 17667 ns, Total: 783167 ns
[2023-07-18T09:07:02.152+0000][1][safepoint    ] Safepoint "Cleanup", Time since last: 1002225417 ns, Reaching safepoint: 1864625 ns, At safepoint: 40042 ns, Total: 1904667 ns
[2023-07-18T09:07:03.157+0000][1][safepoint    ] Safepoint "Cleanup", Time since last: 1001870750 ns, Reaching safepoint: 3143334 ns, At safepoint: 71750 ns, Total: 3215084 ns
[2023-07-18T09:07:04.159+0000][1][safepoint    ] Safepoint "Cleanup", Time since last: 1001424750 ns, Reaching safepoint: 849250 ns, At safepoint: 16958 ns, Total: 866208 ns
[2023-07-18T09:07:05.163+0000][1][safepoint    ] Safepoint "Cleanup", Time since last: 1000651626 ns, Reaching safepoint: 2999250 ns, At safepoint: 142792 ns, Total: 3142042 ns
[2023-07-18T09:07:06.169+0000][1][safepoint    ] Safepoint "Cleanup", Time since last: 1002032833 ns, Reaching safepoint: 3720084 ns, At safepoint: 103541 ns, Total: 3823625 ns
[2023-07-18T09:07:07.173+0000][1][safepoint    ] Safepoint "Cleanup", Time since last: 1001429876 ns, Reaching safepoint: 2044792 ns, At safepoint: 144583 ns, Total: 2189375 ns
[2023-07-18T09:07:08.177+0000][1][safepoint    ] Safepoint "Cleanup", Time since last: 1003518584 ns, Reaching safepoint: 645708 ns, At safepoint: 17625 ns, Total: 663333 ns
[2023-07-18T09:07:09.181+0000][1][safepoint    ] Safepoint "Cleanup", Time since last: 1000588375 ns, Reaching safepoint: 2958792 ns, At safepoint: 114167 ns, Total: 3072959 ns
[2023-07-18T09:07:10.184+0000][1][safepoint    ] Safepoint "Cleanup", Time since last: 1001689709 ns, Reaching safepoint: 1377541 ns, At safepoint: 31500 ns, Total: 1409041 ns
[2023-07-18T09:07:11.187+0000][1][safepoint    ] Safepoint "Cleanup", Time since last: 1001470126 ns, Reaching safepoint: 2286708 ns, At safepoint: 60458 ns, Total: 2347166 ns
[2023-07-18T09:07:12.194+0000][1][safepoint    ] Safepoint "Cleanup", Time since last: 1001006418 ns, Reaching safepoint: 5584166 ns, At safepoint: 134500 ns, Total: 5718666 ns
[2023-07-18T09:07:13.198+0000][1][safepoint    ] Safepoint "Cleanup", Time since last: 1001556459 ns, Reaching safepoint: 1728417 ns, At safepoint: 59291 ns, Total: 1787708 ns
[2023-07-18T09:07:14.202+0000][1][safepoint    ] Safepoint "Cleanup", Time since last: 1003330209 ns, Reaching safepoint: 791000 ns, At safepoint: 16292 ns, Total: 807292 ns
[2023-07-18T09:07:15.207+0000][1][safepoint    ] Safepoint "Cleanup", Time since last: 1001039584 ns, Reaching safepoint: 4143125 ns, At safepoint: 101708 ns, Total: 4244833 ns
[2023-07-18T09:07:16.214+0000][1][safepoint    ] Safepoint "Cleanup", Time since last: 1002893209 ns, Reaching safepoint: 4161042 ns, At safepoint: 90708 ns, Total: 4251750 ns
[2023-07-18T09:07:17.219+0000][1][safepoint    ] Safepoint "Cleanup", Time since last: 1001557959 ns, Reaching safepoint: 3155625 ns, At safepoint: 153625 ns, Total: 3309250 ns
[2023-07-18T09:07:18.222+0000][1][safepoint    ] Safepoint "Cleanup", Time since last: 1001724541 ns, Reaching safepoint: 3058208 ns, At safepoint: 79584 ns, Total: 3137792 ns
[2023-07-18T09:07:19.226+0000][1][safepoint    ] Safepoint "Cleanup", Time since last: 1001722208 ns, Reaching safepoint: 2063167 ns, At safepoint: 46167 ns, Total: 2109334 ns
[2023-07-18T09:07:20.230+0000][1][safepoint    ] Safepoint "Cleanup", Time since last: 1001338500 ns, Reaching safepoint: 2711750 ns, At safepoint: 71917 ns, Total: 2783667 ns
[2023-07-18T09:07:21.235+0000][1][safepoint    ] Safepoint "Cleanup", Time since last: 1002640292 ns, Reaching safepoint: 2417167 ns, At safepoint: 60916 ns, Total: 2478083 ns
[2023-07-18T09:07:22.238+0000][1][safepoint    ] Safepoint "Cleanup", Time since last: 1001084709 ns, Reaching safepoint: 2155125 ns, At safepoint: 45458 ns, Total: 2200583 ns
[2023-07-18T09:07:23.242+0000][1][safepoint    ] Safepoint "Cleanup", Time since last: 1000988626 ns, Reaching safepoint: 2721292 ns, At safepoint: 68833 ns, Total: 2790125 ns
[2023-07-18T09:07:23.984+0000][1][safepoint    ] Safepoint "RevokeBias", Time since last: 739048250 ns, Reaching safepoint: 1891292 ns, At safepoint: 1204583 ns, Total: 3095875 ns
[2023-07-18T09:07:24.988+0000][1][safepoint    ] Safepoint "Cleanup", Time since last: 1000994167 ns, Reaching safepoint: 2245000 ns, At safepoint: 56709 ns, Total: 2301709 ns
[2023-07-18T09:07:25.991+0000][1][safepoint    ] Safepoint "Cleanup", Time since last: 1000929917 ns, Reaching safepoint: 2217208 ns, At safepoint: 41000 ns, Total: 2258208 ns
[2023-07-18T09:07:26.994+0000][1][safepoint    ] Safepoint "Cleanup", Time since last: 1001125751 ns, Reaching safepoint: 2241958 ns, At safepoint: 59375 ns, Total: 2301333 ns
[2023-07-18T09:07:27.997+0000][1][safepoint    ] Safepoint "Cleanup", Time since last: 1001263917 ns, Reaching safepoint: 1890417 ns, At safepoint: 71875 ns, Total: 1962292 ns
[2023-07-18T09:07:29.001+0000][1][safepoint    ] Safepoint "Cleanup", Time since last: 1001156500 ns, Reaching safepoint: 2154542 ns, At safepoint: 51292 ns, Total: 2205834 ns
[2023-07-18T09:07:30.006+0000][1][safepoint    ] Safepoint "Cleanup", Time since last: 1001636875 ns, Reaching safepoint: 3388667 ns, At safepoint: 107250 ns, Total: 3495917 ns
[2023-07-18T09:07:31.012+0000][1][safepoint    ] Safepoint "Cleanup", Time since last: 1003597584 ns, Reaching safepoint: 2466958 ns, At safepoint: 52583 ns, Total: 2519541 ns
[2023-07-18T09:07:32.016+0000][1][safepoint    ] Safepoint "Cleanup", Time since last: 1001071792 ns, Reaching safepoint: 2803834 ns, At safepoint: 89791 ns, Total: 2893625 ns
[2023-07-18T09:07:33.021+0000][1][safepoint    ] Safepoint "Cleanup", Time since last: 1001978584 ns, Reaching safepoint: 2965667 ns, At safepoint: 70833 ns, Total: 3036500 ns
[2023-07-18T09:07:34.024+0000][1][safepoint    ] Safepoint "Cleanup", Time since last: 1001267667 ns, Reaching safepoint: 1279000 ns, At safepoint: 22584 ns, Total: 1301584 ns
[2023-07-18T09:07:35.026+0000][1][safepoint    ] Safepoint "Cleanup", Time since last: 1000752250 ns, Reaching safepoint: 1787750 ns, At safepoint: 38084 ns, Total: 1825834 ns
[2023-07-18T09:07:36.031+0000][1][safepoint    ] Safepoint "Cleanup", Time since last: 1001227250 ns, Reaching safepoint: 3529167 ns, At safepoint: 100083 ns, Total: 3629250 ns
[2023-07-18T09:07:37.035+0000][1][safepoint    ] Safepoint "Cleanup", Time since last: 1001249125 ns, Reaching safepoint: 2846167 ns, At safepoint: 77958 ns, Total: 2924125 ns
[2023-07-18T09:07:38.040+0000][1][safepoint    ] Safepoint "Cleanup", Time since last: 1001136376 ns, Reaching safepoint: 3400750 ns, At safepoint: 95750 ns, Total: 3496500 ns
[2023-07-18T09:07:39.045+0000][1][safepoint    ] Safepoint "Cleanup", Time since last: 1002790667 ns, Reaching safepoint: 2122583 ns, At safepoint: 71792 ns, Total: 2194375 ns
[2023-07-18T09:07:40.049+0000][1][safepoint    ] Safepoint "Cleanup", Time since last: 1001446126 ns, Reaching safepoint: 2533000 ns, At safepoint: 73291 ns, Total: 2606291 ns
[2023-07-18T09:07:41.056+0000][1][safepoint    ] Safepoint "Cleanup", Time since last: 1003062959 ns, Reaching safepoint: 4249583 ns, At safepoint: 99375 ns, Total: 4348958 ns
[2023-07-18T09:07:42.063+0000][1][safepoint    ] Safepoint "Cleanup", Time since last: 1001838834 ns, Reaching safepoint: 4328209 ns, At safepoint: 88750 ns, Total: 4416959 ns
[2023-07-18T09:07:43.068+0000][1][safepoint    ] Safepoint "Cleanup", Time since last: 1002546458 ns, Reaching safepoint: 3013542 ns, At safepoint: 74792 ns, Total: 3088334 ns
[2023-07-18T09:07:44.011+0000][1][safepoint    ] Safepoint "BulkRevokeBias", Time since last: 938859500 ns, Reaching safepoint: 1732667 ns, At safepoint: 2300125 ns, Total: 4032792 ns
[2023-07-18T09:07:44.415+0000][1][safepoint    ] Safepoint "RevokeBias", Time since last: 403551167 ns, Reaching safepoint: 824833 ns, At safepoint: 65417 ns, Total: 890250 ns
[2023-07-18T09:07:44.425+0000][1][safepoint    ] Safepoint "RevokeBias", Time since last: 8209916 ns, Reaching safepoint: 1047334 ns, At safepoint: 65291 ns, Total: 1112625 ns
[2023-07-18T09:07:44.445+0000][1][safepoint    ] Safepoint "RevokeBias", Time since last: 19574417 ns, Reaching safepoint: 723917 ns, At safepoint: 99208 ns, Total: 823125 ns
[2023-07-18T09:07:44.448+0000][1][safepoint    ] Safepoint "RevokeBias", Time since last: 1453208 ns, Reaching safepoint: 845792 ns, At safepoint: 117875 ns, Total: 963667 ns
[2023-07-18T09:07:44.450+0000][1][safepoint    ] Safepoint "RevokeBias", Time since last: 1749042 ns, Reaching safepoint: 572458 ns, At safepoint: 58208 ns, Total: 630666 ns
[2023-07-18T09:07:45.455+0000][1][safepoint    ] Safepoint "Cleanup", Time since last: 1000486626 ns, Reaching safepoint: 4450750 ns, At safepoint: 121708 ns, Total: 4572458 ns
[2023-07-18T09:07:46.459+0000][1][safepoint    ] Safepoint "Cleanup", Time since last: 1001517959 ns, Reaching safepoint: 2179042 ns, At safepoint: 59625 ns, Total: 2238667 ns
[2023-07-18T09:07:47.463+0000][1][safepoint    ] Safepoint "Cleanup", Time since last: 1001463625 ns, Reaching safepoint: 2428958 ns, At safepoint: 78917 ns, Total: 2507875 ns
[2023-07-18T09:07:48.468+0000][1][safepoint    ] Safepoint "Cleanup", Time since last: 1002553125 ns, Reaching safepoint: 2782250 ns, At safepoint: 73459 ns, Total: 2855709 ns
[2023-07-18T09:07:49.472+0000][1][safepoint    ] Safepoint "Cleanup", Time since last: 1001272542 ns, Reaching safepoint: 2727541 ns, At safepoint: 104542 ns, Total: 2832083 ns
[2023-07-18T09:07:50.476+0000][1][safepoint    ] Safepoint "Cleanup", Time since last: 1001620209 ns, Reaching safepoint: 2685167 ns, At safepoint: 85666 ns, Total: 2770833 ns
[2023-07-18T09:07:51.482+0000][1][safepoint    ] Safepoint "Cleanup", Time since last: 1001486542 ns, Reaching safepoint: 3947375 ns, At safepoint: 96417 ns, Total: 4043792 ns
[2023-07-18T09:07:52.488+0000][1][safepoint    ] Safepoint "Cleanup", Time since last: 1002420542 ns, Reaching safepoint: 3852584 ns, At safepoint: 106458 ns, Total: 3959042 ns
[2023-07-18T09:07:53.494+0000][1][safepoint    ] Safepoint "Cleanup", Time since last: 1001706459 ns, Reaching safepoint: 4534250 ns, At safepoint: 116125 ns, Total: 4650375 ns
[2023-07-18T09:07:53.991+0000][1][safepoint    ] Safepoint "RevokeBias", Time since last: 494250083 ns, Reaching safepoint: 1673292 ns, At safepoint: 366375 ns, Total: 2039667 ns
[2023-07-18T09:07:54.993+0000][1][safepoint    ] Safepoint "Cleanup", Time since last: 1001387292 ns, Reaching safepoint: 1134708 ns, At safepoint: 19042 ns, Total: 1153750 ns
[2023-07-18T09:07:55.998+0000][1][safepoint    ] Safepoint "Cleanup", Time since last: 1002413751 ns, Reaching safepoint: 2086666 ns, At safepoint: 56375 ns, Total: 2143041 ns
[2023-07-18T09:07:56.999+0000][1][safepoint    ] Safepoint "Cleanup", Time since last: 1000725792 ns, Reaching safepoint: 710084 ns, At safepoint: 15625 ns, Total: 725709 ns
[2023-07-18T09:07:58.003+0000][1][safepoint    ] Safepoint "Cleanup", Time since last: 1000980208 ns, Reaching safepoint: 2591209 ns, At safepoint: 65625 ns, Total: 2656834 ns
[2023-07-18T09:07:59.009+0000][1][safepoint    ] Safepoint "Cleanup", Time since last: 1002229750 ns, Reaching safepoint: 3519625 ns, At safepoint: 79834 ns, Total: 3599459 ns
[2023-07-18T09:08:00.011+0000][1][safepoint    ] Safepoint "Cleanup", Time since last: 1001314625 ns, Reaching safepoint: 685667 ns, At safepoint: 15791 ns, Total: 701458 ns
[2023-07-18T09:08:01.016+0000][1][safepoint    ] Safepoint "Cleanup", Time since last: 1001197584 ns, Reaching safepoint: 3985084 ns, At safepoint: 136916 ns, Total: 4122000 ns
[2023-07-18T09:08:02.021+0000][1][safepoint    ] Safepoint "Cleanup", Time since last: 1001751376 ns, Reaching safepoint: 3287541 ns, At safepoint: 77625 ns, Total: 3365166 ns
[2023-07-18T09:08:03.024+0000][1][safepoint    ] Safepoint "Cleanup", Time since last: 1001693334 ns, Reaching safepoint: 752209 ns, At safepoint: 23416 ns, Total: 775625 ns
[2023-07-18T09:08:04.016+0000][1][safepoint    ] Safepoint "RevokeBias", Time since last: 990024584 ns, Reaching safepoint: 2043667 ns, At safepoint: 136000 ns, Total: 2179667 ns
[2023-07-18T09:08:05.039+0000][1][safepoint    ] Safepoint "Cleanup", Time since last: 1020830792 ns, Reaching safepoint: 1926792 ns, At safepoint: 37666 ns, Total: 1964458 ns
[2023-07-18T09:08:06.043+0000][1][safepoint    ] Safepoint "Cleanup", Time since last: 1001235417 ns, Reaching safepoint: 3141250 ns, At safepoint: 102167 ns, Total: 3243417 ns
[2023-07-18T09:08:07.051+0000][1][safepoint    ] Safepoint "Cleanup", Time since last: 1004942084 ns, Reaching safepoint: 2523208 ns, At safepoint: 74042 ns, Total: 2597250 ns
[2023-07-18T09:08:08.055+0000][1][safepoint    ] Safepoint "Cleanup", Time since last: 1001143709 ns, Reaching safepoint: 3169541 ns, At safepoint: 132209 ns, Total: 3301750 ns
[2023-07-18T09:08:09.061+0000][1][safepoint    ] Safepoint "Cleanup", Time since last: 1001389125 ns, Reaching safepoint: 4678333 ns, At safepoint: 129584 ns, Total: 4807917 ns
[2023-07-18T09:08:10.064+0000][1][safepoint    ] Safepoint "Cleanup", Time since last: 1000882250 ns, Reaching safepoint: 1384167 ns, At safepoint: 35333 ns, Total: 1419500 ns
[2023-07-18T09:08:11.068+0000][1][safepoint    ] Safepoint "Cleanup", Time since last: 1001536251 ns, Reaching safepoint: 2565416 ns, At safepoint: 83500 ns, Total: 2648916 ns
[2023-07-18T09:08:12.074+0000][1][safepoint    ] Safepoint "Cleanup", Time since last: 1002375168 ns, Reaching safepoint: 3910583 ns, At safepoint: 96167 ns, Total: 4006750 ns
[2023-07-18T09:08:13.081+0000][1][safepoint    ] Safepoint "Cleanup", Time since last: 1001536333 ns, Reaching safepoint: 4510750 ns, At safepoint: 258709 ns, Total: 4769459 ns
[2023-07-18T09:08:14.083+0000][1][safepoint    ] Safepoint "Cleanup", Time since last: 1001556167 ns, Reaching safepoint: 1318125 ns, At safepoint: 20625 ns, Total: 1338750 ns
[2023-07-18T09:08:15.089+0000][1][safepoint    ] Safepoint "Cleanup", Time since last: 1004451042 ns, Reaching safepoint: 1460667 ns, At safepoint: 27750 ns, Total: 1488417 ns
[2023-07-18T09:08:16.092+0000][1][safepoint    ] Safepoint "Cleanup", Time since last: 1000657500 ns, Reaching safepoint: 1701500 ns, At safepoint: 43125 ns, Total: 1744625 ns
[2023-07-18T09:08:17.095+0000][1][safepoint    ] Safepoint "Cleanup", Time since last: 1001053001 ns, Reaching safepoint: 1972333 ns, At safepoint: 46917 ns, Total: 2019250 ns
[2023-07-18T09:08:18.098+0000][1][safepoint    ] Safepoint "Cleanup", Time since last: 1001282207 ns, Reaching safepoint: 1868667 ns, At safepoint: 93083 ns, Total: 1961750 ns
[2023-07-18T09:08:19.102+0000][1][safepoint    ] Safepoint "Cleanup", Time since last: 1000844459 ns, Reaching safepoint: 3306584 ns, At safepoint: 101458 ns, Total: 3408042 ns
[2023-07-18T09:08:20.105+0000][1][safepoint    ] Safepoint "Cleanup", Time since last: 1001216000 ns, Reaching safepoint: 1439584 ns, At safepoint: 33083 ns, Total: 1472667 ns
[2023-07-18T09:08:21.109+0000][1][safepoint    ] Safepoint "Cleanup", Time since last: 1001266542 ns, Reaching safepoint: 2887792 ns, At safepoint: 109083 ns, Total: 2996875 ns
[2023-07-18T09:08:22.113+0000][1][safepoint    ] Safepoint "Cleanup", Time since last: 1001432709 ns, Reaching safepoint: 2246375 ns, At safepoint: 91000 ns, Total: 2337375 ns
[2023-07-18T09:08:23.117+0000][1][safepoint    ] Safepoint "Cleanup", Time since last: 1001119667 ns, Reaching safepoint: 2989042 ns, At safepoint: 83667 ns, Total: 3072709 ns
[2023-07-18T09:08:24.119+0000][1][safepoint    ] Safepoint "Cleanup", Time since last: 1001100333 ns, Reaching safepoint: 770084 ns, At safepoint: 16041 ns, Total: 786125 ns
[2023-07-18T09:08:25.120+0000][1][safepoint    ] Safepoint "Cleanup", Time since last: 1000408001 ns, Reaching safepoint: 1079791 ns, At safepoint: 106500 ns, Total: 1186291 ns
[2023-07-18T09:08:26.125+0000][1][safepoint    ] Safepoint "Cleanup", Time since last: 1001277793 ns, Reaching safepoint: 2781166 ns, At safepoint: 217625 ns, Total: 2998791 ns
[2023-07-18T09:08:27.131+0000][1][safepoint    ] Safepoint "Cleanup", Time since last: 1001306501 ns, Reaching safepoint: 4637583 ns, At safepoint: 102833 ns, Total: 4740416 ns
[2023-07-18T09:08:28.136+0000][1][safepoint    ] Safepoint "Cleanup", Time since last: 1001365959 ns, Reaching safepoint: 3437875 ns, At safepoint: 130625 ns, Total: 3568500 ns
[2023-07-18T09:08:29.145+0000][1][safepoint    ] Safepoint "Cleanup", Time since last: 1004888334 ns, Reaching safepoint: 4298625 ns, At safepoint: 196750 ns, Total: 4495375 ns
[2023-07-18T09:08:30.149+0000][1][safepoint    ] Safepoint "Cleanup", Time since last: 1001707751 ns, Reaching safepoint: 2671541 ns, At safepoint: 95042 ns, Total: 2766583 ns
[2023-07-18T09:08:31.155+0000][1][safepoint    ] Safepoint "Cleanup", Time since last: 1002623750 ns, Reaching safepoint: 2435334 ns, At safepoint: 73375 ns, Total: 2508709 ns
[2023-07-18T09:08:32.160+0000][1][safepoint    ] Safepoint "Cleanup", Time since last: 1000943083 ns, Reaching safepoint: 4817167 ns, At safepoint: 132792 ns, Total: 4949959 ns
[2023-07-18T09:08:33.164+0000][1][safepoint    ] Safepoint "Cleanup", Time since last: 1002694334 ns, Reaching safepoint: 1265166 ns, At safepoint: 19584 ns, Total: 1284750 ns
[2023-07-18T09:08:34.018+0000][1][safepoint    ] Safepoint "RevokeBias", Time since last: 852023167 ns, Reaching safepoint: 1443916 ns, At safepoint: 274584 ns, Total: 1718500 ns
[2023-07-18T09:08:35.020+0000][1][safepoint    ] Safepoint "Cleanup", Time since last: 1000539250 ns, Reaching safepoint: 885959 ns, At safepoint: 33541 ns, Total: 919500 ns
[2023-07-18T09:08:36.022+0000][1][safepoint    ] Safepoint "Cleanup", Time since last: 1000772376 ns, Reaching safepoint: 1874291 ns, At safepoint: 57042 ns, Total: 1931333 ns
[2023-07-18T09:08:37.027+0000][1][safepoint    ] Safepoint "Cleanup", Time since last: 1001558125 ns, Reaching safepoint: 2530500 ns, At safepoint: 157167 ns, Total: 2687667 ns
[2023-07-18T09:08:38.030+0000][1][safepoint    ] Safepoint "Cleanup", Time since last: 1001112584 ns, Reaching safepoint: 2045500 ns, At safepoint: 49333 ns, Total: 2094833 ns
[2023-07-18T09:08:39.033+0000][1][safepoint    ] Safepoint "Cleanup", Time since last: 1001179917 ns, Reaching safepoint: 2277750 ns, At safepoint: 66375 ns, Total: 2344125 ns
[2023-07-18T09:08:40.038+0000][1][safepoint    ] Safepoint "Cleanup", Time since last: 1001833418 ns, Reaching safepoint: 2456625 ns, At safepoint: 122500 ns, Total: 2579125 ns
[2023-07-18T09:08:41.043+0000][1][safepoint    ] Safepoint "Cleanup", Time since last: 1002643750 ns, Reaching safepoint: 2876083 ns, At safepoint: 82334 ns, Total: 2958417 ns
[2023-07-18T09:08:42.049+0000][1][safepoint    ] Safepoint "Cleanup", Time since last: 1001385750 ns, Reaching safepoint: 3845875 ns, At safepoint: 138084 ns, Total: 3983959 ns
[2023-07-18T09:08:43.057+0000][1][safepoint    ] Safepoint "Cleanup", Time since last: 1006214333 ns, Reaching safepoint: 1554459 ns, At safepoint: 37083 ns, Total: 1591542 ns
[2023-07-18T09:08:44.060+0000][1][safepoint    ] Safepoint "Cleanup", Time since last: 1001707542 ns, Reaching safepoint: 2046792 ns, At safepoint: 32041 ns, Total: 2078833 ns
[2023-07-18T09:08:45.062+0000][1][safepoint    ] Safepoint "Cleanup", Time since last: 1000667418 ns, Reaching safepoint: 1096583 ns, At safepoint: 18417 ns, Total: 1115000 ns
[2023-07-18T09:08:45.390+0000][1][safepoint    ] Safepoint "RevokeBias", Time since last: 326463708 ns, Reaching safepoint: 983583 ns, At safepoint: 128250 ns, Total: 1111833 ns
[2023-07-18T09:08:45.393+0000][1][safepoint    ] Safepoint "RevokeBias", Time since last: 2751500 ns, Reaching safepoint: 605917 ns, At safepoint: 83417 ns, Total: 689334 ns
[2023-07-18T09:08:45.398+0000][1][safepoint    ] Safepoint "RevokeBias", Time since last: 4098541 ns, Reaching safepoint: 981584 ns, At safepoint: 84541 ns, Total: 1066125 ns
[2023-07-18T09:08:45.425+0000][1][safepoint    ] Safepoint "RevokeBias", Time since last: 25994000 ns, Reaching safepoint: 874625 ns, At safepoint: 113459 ns, Total: 988084 ns
[2023-07-18T09:08:45.441+0000][1][safepoint    ] Safepoint "RevokeBias", Time since last: 14845625 ns, Reaching safepoint: 1329791 ns, At safepoint: 80459 ns, Total: 1410250 ns
[2023-07-18T09:08:46.446+0000][1][safepoint    ] Safepoint "Cleanup", Time since last: 1000722625 ns, Reaching safepoint: 3184834 ns, At safepoint: 97166 ns, Total: 3282000 ns
[2023-07-18T09:08:46.589+0000][1][gc,start     ] GC(41) Pause Young (Allocation Failure)
[2023-07-18T09:08:46.591+0000][1][gc,task      ] GC(41) Using 4 workers of 4 for evacuation
[2023-07-18T09:08:46.621+0000][1][gc,age       ] GC(41) Desired survivor size 8945664 bytes, new threshold 6 (max threshold 6)
[2023-07-18T09:08:46.621+0000][1][gc,age       ] GC(41) Age table with threshold 6 (max threshold 6)
[2023-07-18T09:08:46.622+0000][1][gc,age       ] GC(41) - age   1:     101168 bytes,     101168 total
[2023-07-18T09:08:46.622+0000][1][gc,age       ] GC(41) - age   2:      10848 bytes,     112016 total
[2023-07-18T09:08:46.622+0000][1][gc,age       ] GC(41) - age   3:      21848 bytes,     133864 total
[2023-07-18T09:08:46.622+0000][1][gc,age       ] GC(41) - age   4:      17752 bytes,     151616 total
[2023-07-18T09:08:46.622+0000][1][gc,age       ] GC(41) - age   5:       4432 bytes,     156048 total
[2023-07-18T09:08:46.622+0000][1][gc,age       ] GC(41) - age   6:       1544 bytes,     157592 total
[2023-07-18T09:08:46.623+0000][1][gc,heap      ] GC(41) ParNew: 140009K->243K(157248K)
[2023-07-18T09:08:46.624+0000][1][gc,heap      ] GC(41) CMS: 71416K->71419K(349568K)
[2023-07-18T09:08:46.624+0000][1][gc,metaspace ] GC(41) Metaspace: 90951K->90951K(1132544K)
[2023-07-18T09:08:46.625+0000][1][gc           ] GC(41) Pause Young (Allocation Failure) 206M->69M(494M) 36.192ms
[2023-07-18T09:08:46.625+0000][1][gc,cpu       ] GC(41) User=0.07s Sys=0.02s Real=0.03s
[2023-07-18T09:08:46.625+0000][1][safepoint    ] Safepoint "GenCollectForAllocation", Time since last: 141573375 ns, Reaching safepoint: 755417 ns, At safepoint: 37356583 ns, Total: 38112000 ns
[2023-07-18T09:08:47.627+0000][1][safepoint    ] Safepoint "Cleanup", Time since last: 1000312584 ns, Reaching safepoint: 1422375 ns, At safepoint: 30958 ns, Total: 1453333 ns
[2023-07-18T09:08:48.632+0000][1][safepoint    ] Safepoint "Cleanup", Time since last: 1001013584 ns, Reaching safepoint: 3881042 ns, At safepoint: 109500 ns, Total: 3990542 ns
[2023-07-18T09:08:49.637+0000][1][safepoint    ] Safepoint "Cleanup", Time since last: 1002180875 ns, Reaching safepoint: 2812917 ns, At safepoint: 85542 ns, Total: 2898459 ns
[2023-07-18T09:08:50.645+0000][1][safepoint    ] Safepoint "Cleanup", Time since last: 1005078792 ns, Reaching safepoint: 3176208 ns, At safepoint: 78125 ns, Total: 3254333 ns
[2023-07-18T09:08:51.648+0000][1][safepoint    ] Safepoint "Cleanup", Time since last: 1001482584 ns, Reaching safepoint: 1440833 ns, At safepoint: 21083 ns, Total: 1461916 ns
[2023-07-18T09:08:52.649+0000][1][safepoint    ] Safepoint "Cleanup", Time since last: 1000422584 ns, Reaching safepoint: 736459 ns, At safepoint: 23625 ns, Total: 760084 ns
[2023-07-18T09:08:53.654+0000][1][safepoint    ] Safepoint "Cleanup", Time since last: 1001212042 ns, Reaching safepoint: 3472458 ns, At safepoint: 93500 ns, Total: 3565958 ns
[2023-07-18T09:08:54.660+0000][1][safepoint    ] Safepoint "Cleanup", Time since last: 1001987251 ns, Reaching safepoint: 4106125 ns, At safepoint: 105000 ns, Total: 4211125 ns
[2023-07-18T09:08:55.666+0000][1][safepoint    ] Safepoint "Cleanup", Time since last: 1002718417 ns, Reaching safepoint: 2344666 ns, At safepoint: 63959 ns, Total: 2408625 ns
[2023-07-18T09:08:56.667+0000][1][safepoint    ] Safepoint "Cleanup", Time since last: 1000958584 ns, Reaching safepoint: 830250 ns, At safepoint: 24875 ns, Total: 855125 ns
[2023-07-18T09:08:57.671+0000][1][safepoint    ] Safepoint "Cleanup", Time since last: 1001004500 ns, Reaching safepoint: 2780792 ns, At safepoint: 86083 ns, Total: 2866875 ns
[2023-07-18T09:08:58.677+0000][1][safepoint    ] Safepoint "Cleanup", Time since last: 1001518209 ns, Reaching safepoint: 3634750 ns, At safepoint: 395958 ns, Total: 4030708 ns
[2023-07-18T09:08:59.683+0000][1][safepoint    ] Safepoint "Cleanup", Time since last: 1002188876 ns, Reaching safepoint: 3938375 ns, At safepoint: 116791 ns, Total: 4055166 ns
[2023-07-18T09:09:00.689+0000][1][safepoint    ] Safepoint "Cleanup", Time since last: 1002515417 ns, Reaching safepoint: 3650042 ns, At safepoint: 183792 ns, Total: 3833834 ns
[2023-07-18T09:09:01.695+0000][1][safepoint    ] Safepoint "Cleanup", Time since last: 1001382417 ns, Reaching safepoint: 4026333 ns, At safepoint: 136250 ns, Total: 4162583 ns
[2023-07-18T09:09:02.699+0000][1][safepoint    ] Safepoint "Cleanup", Time since last: 1001711209 ns, Reaching safepoint: 2385917 ns, At safepoint: 48458 ns, Total: 2434375 ns
[2023-07-18T09:09:03.704+0000][1][safepoint    ] Safepoint "Cleanup", Time since last: 1001247209 ns, Reaching safepoint: 4032167 ns, At safepoint: 98125 ns, Total: 4130292 ns
[2023-07-18T09:09:04.716+0000][1][safepoint    ] Safepoint "Cleanup", Time since last: 1008607083 ns, Reaching safepoint: 3190209 ns, At safepoint: 77208 ns, Total: 3267417 ns
[2023-07-18T09:09:05.721+0000][1][safepoint    ] Safepoint "Cleanup", Time since last: 1001706334 ns, Reaching safepoint: 2731083 ns, At safepoint: 77209 ns, Total: 2808292 ns
[2023-07-18T09:09:06.723+0000][1][safepoint    ] Safepoint "Cleanup", Time since last: 1001188042 ns, Reaching safepoint: 907958 ns, At safepoint: 19583 ns, Total: 927541 ns
[2023-07-18T09:09:07.726+0000][1][safepoint    ] Safepoint "Cleanup", Time since last: 1001388709 ns, Reaching safepoint: 1898375 ns, At safepoint: 40917 ns, Total: 1939292 ns
[2023-07-18T09:09:08.728+0000][1][safepoint    ] Safepoint "Cleanup", Time since last: 1001038709 ns, Reaching safepoint: 1205666 ns, At safepoint: 36000 ns, Total: 1241666 ns
[2023-07-18T09:09:09.730+0000][1][safepoint    ] Safepoint "Cleanup", Time since last: 1000501459 ns, Reaching safepoint: 1403625 ns, At safepoint: 29167 ns, Total: 1432792 ns
[2023-07-18T09:09:10.735+0000][1][safepoint    ] Safepoint "Cleanup", Time since last: 1001186667 ns, Reaching safepoint: 2967917 ns, At safepoint: 78833 ns, Total: 3046750 ns
[2023-07-18T09:09:11.737+0000][1][safepoint    ] Safepoint "Cleanup", Time since last: 1001750292 ns, Reaching safepoint: 903292 ns, At safepoint: 18375 ns, Total: 921667 ns
[2023-07-18T09:09:12.740+0000][1][safepoint    ] Safepoint "Cleanup", Time since last: 1000824250 ns, Reaching safepoint: 2263750 ns, At safepoint: 48834 ns, Total: 2312584 ns
[2023-07-18T09:09:13.747+0000][1][safepoint    ] Safepoint "Cleanup", Time since last: 1003735333 ns, Reaching safepoint: 2917709 ns, At safepoint: 72958 ns, Total: 2990667 ns
[2023-07-18T09:09:14.985+0000][1][safepoint    ] Safepoint "Cleanup", Time since last: 1235583126 ns, Reaching safepoint: 1851250 ns, At safepoint: 42458 ns, Total: 1893708 ns
[2023-07-18T09:09:15.987+0000][1][safepoint    ] Safepoint "Cleanup", Time since last: 1001091542 ns, Reaching safepoint: 1320167 ns, At safepoint: 28083 ns, Total: 1348250 ns
[2023-07-18T09:09:16.989+0000][1][safepoint    ] Safepoint "Cleanup", Time since last: 1000647751 ns, Reaching safepoint: 1265375 ns, At safepoint: 30541 ns, Total: 1295916 ns
[2023-07-18T09:09:17.991+0000][1][safepoint    ] Safepoint "Cleanup", Time since last: 1000930167 ns, Reaching safepoint: 1271333 ns, At safepoint: 29167 ns, Total: 1300500 ns
[2023-07-18T09:09:18.993+0000][1][safepoint    ] Safepoint "Cleanup", Time since last: 1000758917 ns, Reaching safepoint: 1273250 ns, At safepoint: 27334 ns, Total: 1300584 ns
[2023-07-18T09:09:19.997+0000][1][safepoint    ] Safepoint "Cleanup", Time since last: 1002746042 ns, Reaching safepoint: 802666 ns, At safepoint: 17917 ns, Total: 820583 ns
[2023-07-18T09:09:20.998+0000][1][safepoint    ] Safepoint "Cleanup", Time since last: 1000955000 ns, Reaching safepoint: 834959 ns, At safepoint: 19458 ns, Total: 854417 ns
[2023-07-18T09:09:22.000+0000][1][safepoint    ] Safepoint "Cleanup", Time since last: 1000632251 ns, Reaching safepoint: 1476916 ns, At safepoint: 32459 ns, Total: 1509375 ns
[2023-07-18T09:09:23.002+0000][1][safepoint    ] Safepoint "Cleanup", Time since last: 1000847500 ns, Reaching safepoint: 697083 ns, At safepoint: 20542 ns, Total: 717625 ns
[2023-07-18T09:09:24.017+0000][1][safepoint    ] Safepoint "Cleanup", Time since last: 1001117167 ns, Reaching safepoint: 7211834 ns, At safepoint: 963250 ns, Total: 8175084 ns
[2023-07-18T09:09:25.038+0000][1][safepoint    ] Safepoint "Cleanup", Time since last: 1023097958 ns, Reaching safepoint: 2967917 ns, At safepoint: 96958 ns, Total: 3064875 ns
[2023-07-18T09:09:26.042+0000][1][safepoint    ] Safepoint "Cleanup", Time since last: 1003162126 ns, Reaching safepoint: 1042750 ns, At safepoint: 23500 ns, Total: 1066250 ns
[2023-07-18T09:09:27.047+0000][1][safepoint    ] Safepoint "Cleanup", Time since last: 1002288459 ns, Reaching safepoint: 2907250 ns, At safepoint: 64958 ns, Total: 2972208 ns
[2023-07-18T09:09:28.054+0000][1][safepoint    ] Safepoint "Cleanup", Time since last: 1004701709 ns, Reaching safepoint: 2106583 ns, At safepoint: 31500 ns, Total: 2138083 ns
[2023-07-18T09:09:29.060+0000][1][safepoint    ] Safepoint "Cleanup", Time since last: 1004067084 ns, Reaching safepoint: 1665542 ns, At safepoint: 49958 ns, Total: 1715500 ns
[2023-07-18T09:09:30.063+0000][1][safepoint    ] Safepoint "Cleanup", Time since last: 1000924959 ns, Reaching safepoint: 1991083 ns, At safepoint: 62167 ns, Total: 2053250 ns
[2023-07-18T09:09:31.066+0000][1][safepoint    ] Safepoint "Cleanup", Time since last: 1001058375 ns, Reaching safepoint: 2519000 ns, At safepoint: 69667 ns, Total: 2588667 ns
[2023-07-18T09:09:32.074+0000][1][safepoint    ] Safepoint "Cleanup", Time since last: 1003244209 ns, Reaching safepoint: 3930791 ns, At safepoint: 354167 ns, Total: 4284958 ns
[2023-07-18T09:09:33.077+0000][1][safepoint    ] Safepoint "Cleanup", Time since last: 1001590376 ns, Reaching safepoint: 1268125 ns, At safepoint: 27041 ns, Total: 1295166 ns
[2023-07-18T09:09:33.993+0000][1][safepoint    ] Safepoint "RevokeBias", Time since last: 913424959 ns, Reaching safepoint: 1716167 ns, At safepoint: 1302083 ns, Total: 3018250 ns
[2023-07-18T09:09:34.999+0000][1][safepoint    ] Safepoint "Cleanup", Time since last: 1001552209 ns, Reaching safepoint: 4530541 ns, At safepoint: 101167 ns, Total: 4631708 ns
[2023-07-18T09:09:36.004+0000][1][safepoint    ] Safepoint "Cleanup", Time since last: 1001412251 ns, Reaching safepoint: 2808916 ns, At safepoint: 74084 ns, Total: 2883000 ns
[2023-07-18T09:09:37.008+0000][1][safepoint    ] Safepoint "Cleanup", Time since last: 1001058417 ns, Reaching safepoint: 3170166 ns, At safepoint: 84375 ns, Total: 3254541 ns
[2023-07-18T09:09:38.011+0000][1][safepoint    ] Safepoint "Cleanup", Time since last: 1001548543 ns, Reaching safepoint: 1883500 ns, At safepoint: 45000 ns, Total: 1928500 ns
[2023-07-18T09:09:39.016+0000][1][safepoint    ] Safepoint "Cleanup", Time since last: 1001901792 ns, Reaching safepoint: 2977875 ns, At safepoint: 104958 ns, Total: 3082833 ns
[2023-07-18T09:09:40.021+0000][1][safepoint    ] Safepoint "Cleanup", Time since last: 1001382042 ns, Reaching safepoint: 2881584 ns, At safepoint: 92625 ns, Total: 2974209 ns
[2023-07-18T09:09:41.025+0000][1][safepoint    ] Safepoint "Cleanup", Time since last: 1001234792 ns, Reaching safepoint: 2709500 ns, At safepoint: 190250 ns, Total: 2899750 ns
[2023-07-18T09:09:42.031+0000][1][safepoint    ] Safepoint "Cleanup", Time since last: 1002393917 ns, Reaching safepoint: 3201375 ns, At safepoint: 65833 ns, Total: 3267208 ns
[2023-07-18T09:09:43.034+0000][1][safepoint    ] Safepoint "Cleanup", Time since last: 1001196501 ns, Reaching safepoint: 1763000 ns, At safepoint: 45375 ns, Total: 1808375 ns
[2023-07-18T09:09:44.036+0000][1][safepoint    ] Safepoint "Cleanup", Time since last: 1000867583 ns, Reaching safepoint: 1492834 ns, At safepoint: 25125 ns, Total: 1517959 ns
[2023-07-18T09:09:45.042+0000][1][safepoint    ] Safepoint "Cleanup", Time since last: 1001931167 ns, Reaching safepoint: 3661417 ns, At safepoint: 119500 ns, Total: 3780917 ns
[2023-07-18T09:09:46.046+0000][1][safepoint    ] Safepoint "Cleanup", Time since last: 1001899958 ns, Reaching safepoint: 2126750 ns, At safepoint: 68709 ns, Total: 2195459 ns
[2023-07-18T09:09:46.433+0000][1][safepoint    ] Safepoint "RevokeBias", Time since last: 386596000 ns, Reaching safepoint: 800292 ns, At safepoint: 336500 ns, Total: 1136792 ns
[2023-07-18T09:09:46.438+0000][1][safepoint    ] Safepoint "RevokeBias", Time since last: 3669416 ns, Reaching safepoint: 1290959 ns, At safepoint: 135125 ns, Total: 1426084 ns
[2023-07-18T09:09:46.448+0000][1][safepoint    ] Safepoint "RevokeBias", Time since last: 8443291 ns, Reaching safepoint: 881625 ns, At safepoint: 104667 ns, Total: 986292 ns
[2023-07-18T09:09:46.484+0000][1][safepoint    ] Safepoint "RevokeBias", Time since last: 35186500 ns, Reaching safepoint: 684625 ns, At safepoint: 95125 ns, Total: 779750 ns
[2023-07-18T09:09:46.488+0000][1][safepoint    ] Safepoint "RevokeBias", Time since last: 3188875 ns, Reaching safepoint: 763083 ns, At safepoint: 88084 ns, Total: 851167 ns
[2023-07-18T09:09:47.491+0000][1][safepoint    ] Safepoint "Cleanup", Time since last: 1000518958 ns, Reaching safepoint: 2483334 ns, At safepoint: 125916 ns, Total: 2609250 ns
[2023-07-18T09:09:48.496+0000][1][safepoint    ] Safepoint "Cleanup", Time since last: 1003490167 ns, Reaching safepoint: 1678500 ns, At safepoint: 39916 ns, Total: 1718416 ns
[2023-07-18T09:09:49.498+0000][1][safepoint    ] Safepoint "Cleanup", Time since last: 1000757376 ns, Reaching safepoint: 978291 ns, At safepoint: 28125 ns, Total: 1006416 ns
[2023-07-18T09:09:50.501+0000][1][safepoint    ] Safepoint "Cleanup", Time since last: 1000805001 ns, Reaching safepoint: 2409708 ns, At safepoint: 73125 ns, Total: 2482833 ns
[2023-07-18T09:09:51.505+0000][1][safepoint    ] Safepoint "Cleanup", Time since last: 1000971709 ns, Reaching safepoint: 2518750 ns, At safepoint: 82917 ns, Total: 2601667 ns
[2023-07-18T09:09:52.509+0000][1][safepoint    ] Safepoint "Cleanup", Time since last: 1002246959 ns, Reaching safepoint: 2082583 ns, At safepoint: 56583 ns, Total: 2139166 ns
[2023-07-18T09:09:53.513+0000][1][safepoint    ] Safepoint "Cleanup", Time since last: 1001162917 ns, Reaching safepoint: 2478417 ns, At safepoint: 107375 ns, Total: 2585792 ns
[2023-07-18T09:09:54.517+0000][1][safepoint    ] Safepoint "Cleanup", Time since last: 1003120875 ns, Reaching safepoint: 1651084 ns, At safepoint: 47958 ns, Total: 1699042 ns
[2023-07-18T09:09:55.520+0000][1][safepoint    ] Safepoint "Cleanup", Time since last: 1001667292 ns, Reaching safepoint: 798917 ns, At safepoint: 23000 ns, Total: 821917 ns
[2023-07-18T09:09:56.525+0000][1][safepoint    ] Safepoint "Cleanup", Time since last: 1000846500 ns, Reaching safepoint: 4104459 ns, At safepoint: 106083 ns, Total: 4210542 ns
[2023-07-18T09:09:57.530+0000][1][safepoint    ] Safepoint "Cleanup", Time since last: 1001441542 ns, Reaching safepoint: 2447709 ns, At safepoint: 1182500 ns, Total: 3630209 ns
[2023-07-18T09:09:58.535+0000][1][safepoint    ] Safepoint "Cleanup", Time since last: 1001102250 ns, Reaching safepoint: 3961542 ns, At safepoint: 123000 ns, Total: 4084542 ns
[2023-07-18T09:09:59.541+0000][1][safepoint    ] Safepoint "Cleanup", Time since last: 1002628500 ns, Reaching safepoint: 3001750 ns, At safepoint: 70292 ns, Total: 3072042 ns
[2023-07-18T09:10:00.544+0000][1][safepoint    ] Safepoint "Cleanup", Time since last: 1001804500 ns, Reaching safepoint: 1645000 ns, At safepoint: 42667 ns, Total: 1687667 ns
[2023-07-18T09:10:01.547+0000][1][safepoint    ] Safepoint "Cleanup", Time since last: 1001196834 ns, Reaching safepoint: 1691708 ns, At safepoint: 43667 ns, Total: 1735375 ns
[2023-07-18T09:10:02.552+0000][1][safepoint    ] Safepoint "Cleanup", Time since last: 1001143792 ns, Reaching safepoint: 3661042 ns, At safepoint: 92833 ns, Total: 3753875 ns
[2023-07-18T09:10:03.557+0000][1][safepoint    ] Safepoint "Cleanup", Time since last: 1001498959 ns, Reaching safepoint: 2607708 ns, At safepoint: 86083 ns, Total: 2693791 ns
[2023-07-18T09:10:04.562+0000][1][safepoint    ] Safepoint "Cleanup", Time since last: 1001365168 ns, Reaching safepoint: 4263708 ns, At safepoint: 76167 ns, Total: 4339875 ns
[2023-07-18T09:10:05.565+0000][1][safepoint    ] Safepoint "Cleanup", Time since last: 1001877250 ns, Reaching safepoint: 1326875 ns, At safepoint: 26417 ns, Total: 1353292 ns
[2023-07-18T09:10:06.571+0000][1][safepoint    ] Safepoint "Cleanup", Time since last: 1000730167 ns, Reaching safepoint: 4289750 ns, At safepoint: 100208 ns, Total: 4389958 ns
[2023-07-18T09:10:07.580+0000][1][safepoint    ] Safepoint "Cleanup", Time since last: 1003007459 ns, Reaching safepoint: 6596833 ns, At safepoint: 177500 ns, Total: 6774333 ns
[2023-07-18T09:10:08.588+0000][1][safepoint    ] Safepoint "Cleanup", Time since last: 1005159918 ns, Reaching safepoint: 2505041 ns, At safepoint: 68667 ns, Total: 2573708 ns
[2023-07-18T09:10:09.593+0000][1][safepoint    ] Safepoint "Cleanup", Time since last: 1000848875 ns, Reaching safepoint: 3856875 ns, At safepoint: 145084 ns, Total: 4001959 ns
[2023-07-18T09:10:10.598+0000][1][safepoint    ] Safepoint "Cleanup", Time since last: 1001699708 ns, Reaching safepoint: 3531542 ns, At safepoint: 83958 ns, Total: 3615500 ns
[2023-07-18T09:10:11.601+0000][1][safepoint    ] Safepoint "Cleanup", Time since last: 1001172793 ns, Reaching safepoint: 1930500 ns, At safepoint: 54541 ns, Total: 1985041 ns
[2023-07-18T09:10:12.607+0000][1][safepoint    ] Safepoint "Cleanup", Time since last: 1002042792 ns, Reaching safepoint: 3839875 ns, At safepoint: 94542 ns, Total: 3934417 ns
[2023-07-18T09:10:13.613+0000][1][safepoint    ] Safepoint "Cleanup", Time since last: 1002293709 ns, Reaching safepoint: 3256667 ns, At safepoint: 88458 ns, Total: 3345125 ns
[2023-07-18T09:10:14.617+0000][1][safepoint    ] Safepoint "Cleanup", Time since last: 1001270875 ns, Reaching safepoint: 3035250 ns, At safepoint: 87834 ns, Total: 3123084 ns
[2023-07-18T09:10:15.621+0000][1][safepoint    ] Safepoint "Cleanup", Time since last: 1002510792 ns, Reaching safepoint: 1360458 ns, At safepoint: 24459 ns, Total: 1384917 ns
[2023-07-18T09:10:16.625+0000][1][safepoint    ] Safepoint "Cleanup", Time since last: 1001354708 ns, Reaching safepoint: 2393625 ns, At safepoint: 104042 ns, Total: 2497667 ns
[2023-07-18T09:10:17.628+0000][1][safepoint    ] Safepoint "Cleanup", Time since last: 1001078167 ns, Reaching safepoint: 2054042 ns, At safepoint: 70083 ns, Total: 2124125 ns
[2023-07-18T09:10:18.631+0000][1][safepoint    ] Safepoint "Cleanup", Time since last: 1000877625 ns, Reaching safepoint: 2108125 ns, At safepoint: 42542 ns, Total: 2150667 ns
[2023-07-18T09:10:19.639+0000][1][safepoint    ] Safepoint "Cleanup", Time since last: 1004428959 ns, Reaching safepoint: 3022917 ns, At safepoint: 88833 ns, Total: 3111750 ns
[2023-07-18T09:10:20.644+0000][1][safepoint    ] Safepoint "Cleanup", Time since last: 1002754500 ns, Reaching safepoint: 2572750 ns, At safepoint: 90209 ns, Total: 2662959 ns
[2023-07-18T09:10:21.652+0000][1][safepoint    ] Safepoint "Cleanup", Time since last: 1005316542 ns, Reaching safepoint: 2106791 ns, At safepoint: 30000 ns, Total: 2136791 ns
[2023-07-18T09:10:22.656+0000][1][safepoint    ] Safepoint "Cleanup", Time since last: 1002520418 ns, Reaching safepoint: 1774458 ns, At safepoint: 58292 ns, Total: 1832750 ns
[2023-07-18T09:10:23.658+0000][1][safepoint    ] Safepoint "Cleanup", Time since last: 1000779292 ns, Reaching safepoint: 1120166 ns, At safepoint: 25125 ns, Total: 1145291 ns
[2023-07-18T09:10:24.664+0000][1][safepoint    ] Safepoint "Cleanup", Time since last: 1001452084 ns, Reaching safepoint: 4330584 ns, At safepoint: 102708 ns, Total: 4433292 ns
[2023-07-18T09:10:25.666+0000][1][safepoint    ] Safepoint "Cleanup", Time since last: 1000920542 ns, Reaching safepoint: 952250 ns, At safepoint: 20167 ns, Total: 972417 ns
[2023-07-18T09:10:26.667+0000][1][safepoint    ] Safepoint "Cleanup", Time since last: 1000838875 ns, Reaching safepoint: 784667 ns, At safepoint: 18375 ns, Total: 803042 ns
[2023-07-18T09:10:27.672+0000][1][safepoint    ] Safepoint "Cleanup", Time since last: 1000756084 ns, Reaching safepoint: 3786541 ns, At safepoint: 82667 ns, Total: 3869208 ns
[2023-07-18T09:10:28.674+0000][1][safepoint    ] Safepoint "Cleanup", Time since last: 1001092500 ns, Reaching safepoint: 1285167 ns, At safepoint: 27333 ns, Total: 1312500 ns
[2023-07-18T09:10:29.678+0000][1][safepoint    ] Safepoint "Cleanup", Time since last: 1001035001 ns, Reaching safepoint: 2892667 ns, At safepoint: 91625 ns, Total: 2984292 ns
[2023-07-18T09:10:30.684+0000][1][safepoint    ] Safepoint "Cleanup", Time since last: 1002048083 ns, Reaching safepoint: 3274042 ns, At safepoint: 93750 ns, Total: 3367792 ns
[2023-07-18T09:10:31.688+0000][1][safepoint    ] Safepoint "Cleanup", Time since last: 1001553084 ns, Reaching safepoint: 3019958 ns, At safepoint: 90375 ns, Total: 3110333 ns
[2023-07-18T09:10:32.693+0000][1][safepoint    ] Safepoint "Cleanup", Time since last: 1001744876 ns, Reaching safepoint: 3198625 ns, At safepoint: 115958 ns, Total: 3314583 ns
[2023-07-18T09:10:33.697+0000][1][safepoint    ] Safepoint "Cleanup", Time since last: 1001316667 ns, Reaching safepoint: 2557500 ns, At safepoint: 73917 ns, Total: 2631417 ns
[2023-07-18T09:10:34.705+0000][1][safepoint    ] Safepoint "Cleanup", Time since last: 1002583417 ns, Reaching safepoint: 4538333 ns, At safepoint: 178709 ns, Total: 4717042 ns
[2023-07-18T09:10:35.708+0000][1][safepoint    ] Safepoint "Cleanup", Time since last: 1001601583 ns, Reaching safepoint: 1357084 ns, At safepoint: 28833 ns, Total: 1385917 ns
[2023-07-18T09:10:36.711+0000][1][safepoint    ] Safepoint "Cleanup", Time since last: 1002274209 ns, Reaching safepoint: 1003292 ns, At safepoint: 20500 ns, Total: 1023792 ns
[2023-07-18T09:10:37.715+0000][1][safepoint    ] Safepoint "Cleanup", Time since last: 1000579292 ns, Reaching safepoint: 3200875 ns, At safepoint: 95250 ns, Total: 3296125 ns
[2023-07-18T09:10:38.721+0000][1][safepoint    ] Safepoint "Cleanup", Time since last: 1002407792 ns, Reaching safepoint: 3597667 ns, At safepoint: 99583 ns, Total: 3697250 ns
[2023-07-18T09:10:39.725+0000][1][safepoint    ] Safepoint "Cleanup", Time since last: 1001178459 ns, Reaching safepoint: 2871833 ns, At safepoint: 80208 ns, Total: 2952041 ns
[2023-07-18T09:10:40.728+0000][1][safepoint    ] Safepoint "Cleanup", Time since last: 1000946793 ns, Reaching safepoint: 2332125 ns, At safepoint: 90125 ns, Total: 2422250 ns
[2023-07-18T09:10:41.734+0000][1][safepoint    ] Safepoint "Cleanup", Time since last: 1002778000 ns, Reaching safepoint: 2766958 ns, At safepoint: 76709 ns, Total: 2843667 ns
[2023-07-18T09:10:42.739+0000][1][safepoint    ] Safepoint "Cleanup", Time since last: 1001528834 ns, Reaching safepoint: 3104666 ns, At safepoint: 72500 ns, Total: 3177166 ns
[2023-07-18T09:10:43.752+0000][1][safepoint    ] Safepoint "Cleanup", Time since last: 1009828709 ns, Reaching safepoint: 2834458 ns, At safepoint: 104667 ns, Total: 2939125 ns
[2023-07-18T09:10:43.998+0000][1][safepoint    ] Safepoint "RevokeBias", Time since last: 244504500 ns, Reaching safepoint: 1491917 ns, At safepoint: 584916 ns, Total: 2076833 ns
[2023-07-18T09:10:45.003+0000][1][safepoint    ] Safepoint "Cleanup", Time since last: 1000808168 ns, Reaching safepoint: 3665458 ns, At safepoint: 102667 ns, Total: 3768125 ns
[2023-07-18T09:10:46.005+0000][1][safepoint    ] Safepoint "Cleanup", Time since last: 1001529083 ns, Reaching safepoint: 1200750 ns, At safepoint: 23625 ns, Total: 1224375 ns
[2023-07-18T09:10:46.614+0000][1][gc,start     ] GC(42) Pause Young (Allocation Failure)
[2023-07-18T09:10:46.622+0000][1][gc,task      ] GC(42) Using 4 workers of 4 for evacuation
[2023-07-18T09:10:46.673+0000][1][gc,age       ] GC(42) Desired survivor size 8945664 bytes, new threshold 6 (max threshold 6)
[2023-07-18T09:10:46.674+0000][1][gc,age       ] GC(42) Age table with threshold 6 (max threshold 6)
[2023-07-18T09:10:46.674+0000][1][gc,age       ] GC(42) - age   1:     100880 bytes,     100880 total
[2023-07-18T09:10:46.674+0000][1][gc,age       ] GC(42) - age   2:       2504 bytes,     103384 total
[2023-07-18T09:10:46.674+0000][1][gc,age       ] GC(42) - age   3:      10816 bytes,     114200 total
[2023-07-18T09:10:46.674+0000][1][gc,age       ] GC(42) - age   4:      21848 bytes,     136048 total
[2023-07-18T09:10:46.675+0000][1][gc,age       ] GC(42) - age   5:      17752 bytes,     153800 total
[2023-07-18T09:10:46.675+0000][1][gc,age       ] GC(42) - age   6:       4432 bytes,     158232 total
[2023-07-18T09:10:46.676+0000][1][gc,heap      ] GC(42) ParNew: 140019K->186K(157248K)
[2023-07-18T09:10:46.676+0000][1][gc,heap      ] GC(42) CMS: 71419K->71420K(349568K)
[2023-07-18T09:10:46.677+0000][1][gc,metaspace ] GC(42) Metaspace: 90963K->90963K(1132544K)
[2023-07-18T09:10:46.678+0000][1][gc           ] GC(42) Pause Young (Allocation Failure) 206M->69M(494M) 63.924ms
[2023-07-18T09:10:46.678+0000][1][gc,cpu       ] GC(42) User=0.11s Sys=0.02s Real=0.07s
[2023-07-18T09:10:46.678+0000][1][safepoint    ] Safepoint "GenCollectForAllocation", Time since last: 602149292 ns, Reaching safepoint: 4762917 ns, At safepoint: 65937542 ns, Total: 70700459 ns
[2023-07-18T09:10:47.401+0000][1][safepoint    ] Safepoint "RevokeBias", Time since last: 721052000 ns, Reaching safepoint: 1262667 ns, At safepoint: 168375 ns, Total: 1431042 ns
[2023-07-18T09:10:47.404+0000][1][safepoint    ] Safepoint "RevokeBias", Time since last: 2172250 ns, Reaching safepoint: 990083 ns, At safepoint: 183292 ns, Total: 1173375 ns
[2023-07-18T09:10:47.410+0000][1][safepoint    ] Safepoint "RevokeBias", Time since last: 4722250 ns, Reaching safepoint: 1079708 ns, At safepoint: 108542 ns, Total: 1188250 ns
[2023-07-18T09:10:47.425+0000][1][safepoint    ] Safepoint "RevokeBias", Time since last: 14673916 ns, Reaching safepoint: 606917 ns, At safepoint: 75333 ns, Total: 682250 ns
[2023-07-18T09:10:47.435+0000][1][safepoint    ] Safepoint "BulkRevokeBias", Time since last: 6421709 ns, Reaching safepoint: 835833 ns, At safepoint: 2518000 ns, Total: 3353833 ns
[2023-07-18T09:10:47.439+0000][1][safepoint    ] Safepoint "RevokeBias", Time since last: 2483625 ns, Reaching safepoint: 889875 ns, At safepoint: 84208 ns, Total: 974083 ns
[2023-07-18T09:10:48.445+0000][1][safepoint    ] Safepoint "Cleanup", Time since last: 1000680667 ns, Reaching safepoint: 5516416 ns, At safepoint: 90417 ns, Total: 5606833 ns
[2023-07-18T09:10:49.449+0000][1][safepoint    ] Safepoint "Cleanup", Time since last: 1001089709 ns, Reaching safepoint: 3534833 ns, At safepoint: 87500 ns, Total: 3622333 ns
[2023-07-18T09:10:50.456+0000][1][safepoint    ] Safepoint "Cleanup", Time since last: 1003064042 ns, Reaching safepoint: 3606459 ns, At safepoint: 272666 ns, Total: 3879125 ns
[2023-07-18T09:10:51.461+0000][1][safepoint    ] Safepoint "Cleanup", Time since last: 1002321917 ns, Reaching safepoint: 2695125 ns, At safepoint: 61542 ns, Total: 2756667 ns
[2023-07-18T09:10:52.466+0000][1][safepoint    ] Safepoint "Cleanup", Time since last: 1002789501 ns, Reaching safepoint: 1687958 ns, At safepoint: 44875 ns, Total: 1732833 ns
[2023-07-18T09:10:53.469+0000][1][safepoint    ] Safepoint "Cleanup", Time since last: 1000965084 ns, Reaching safepoint: 2369458 ns, At safepoint: 56083 ns, Total: 2425541 ns
[2023-07-18T09:10:54.003+0000][1][safepoint    ] Safepoint "RevokeBias", Time since last: 531926459 ns, Reaching safepoint: 1632667 ns, At safepoint: 428291 ns, Total: 2060958 ns
[2023-07-18T09:10:55.006+0000][1][safepoint    ] Safepoint "Cleanup", Time since last: 1000687376 ns, Reaching safepoint: 1758125 ns, At safepoint: 41750 ns, Total: 1799875 ns
[2023-07-18T09:10:56.008+0000][1][safepoint    ] Safepoint "Cleanup", Time since last: 1000692667 ns, Reaching safepoint: 1138167 ns, At safepoint: 28375 ns, Total: 1166542 ns
[2023-07-18T09:10:57.011+0000][1][safepoint    ] Safepoint "Cleanup", Time since last: 1000907417 ns, Reaching safepoint: 2607250 ns, At safepoint: 95125 ns, Total: 2702375 ns
[2023-07-18T09:10:58.016+0000][1][safepoint    ] Safepoint "Cleanup", Time since last: 1002020417 ns, Reaching safepoint: 2809166 ns, At safepoint: 72375 ns, Total: 2881541 ns
[2023-07-18T09:10:59.018+0000][1][safepoint    ] Safepoint "Cleanup", Time since last: 1000866543 ns, Reaching safepoint: 854583 ns, At safepoint: 21417 ns, Total: 876000 ns
[2023-07-18T09:11:00.024+0000][1][safepoint    ] Safepoint "Cleanup", Time since last: 1000720792 ns, Reaching safepoint: 5504416 ns, At safepoint: 67584 ns, Total: 5572000 ns
[2023-07-18T09:11:01.030+0000][1][safepoint    ] Safepoint "Cleanup", Time since last: 1002410834 ns, Reaching safepoint: 3540416 ns, At safepoint: 149417 ns, Total: 3689833 ns
[2023-07-18T09:11:02.032+0000][1][safepoint    ] Safepoint "Cleanup", Time since last: 1000821584 ns, Reaching safepoint: 1003333 ns, At safepoint: 21292 ns, Total: 1024625 ns
[2023-07-18T09:11:03.037+0000][1][safepoint    ] Safepoint "Cleanup", Time since last: 1002158875 ns, Reaching safepoint: 3014334 ns, At safepoint: 108291 ns, Total: 3122625 ns
[2023-07-18T09:11:04.504+0000][1][safepoint    ] Safepoint "Cleanup", Time since last: 1465339584 ns, Reaching safepoint: 1305334 ns, At safepoint: 28458 ns, Total: 1333792 ns
[2023-07-18T09:11:05.507+0000][1][safepoint    ] Safepoint "Cleanup", Time since last: 1000953875 ns, Reaching safepoint: 2326292 ns, At safepoint: 79917 ns, Total: 2406209 ns
[2023-07-18T09:11:06.513+0000][1][safepoint    ] Safepoint "Cleanup", Time since last: 1000907959 ns, Reaching safepoint: 4220500 ns, At safepoint: 117875 ns, Total: 4338375 ns
[2023-07-18T09:11:07.519+0000][1][safepoint    ] Safepoint "Cleanup", Time since last: 1002492167 ns, Reaching safepoint: 3728375 ns, At safepoint: 97083 ns, Total: 3825458 ns
[2023-07-18T09:11:08.523+0000][1][safepoint    ] Safepoint "Cleanup", Time since last: 1002248501 ns, Reaching safepoint: 1506916 ns, At safepoint: 71542 ns, Total: 1578458 ns
[2023-07-18T09:11:09.527+0000][1][safepoint    ] Safepoint "Cleanup", Time since last: 1001308042 ns, Reaching safepoint: 2596875 ns, At safepoint: 117167 ns, Total: 2714042 ns
[2023-07-18T09:11:10.532+0000][1][safepoint    ] Safepoint "Cleanup", Time since last: 1001247958 ns, Reaching safepoint: 3223125 ns, At safepoint: 216000 ns, Total: 3439125 ns
[2023-07-18T09:11:11.538+0000][1][safepoint    ] Safepoint "Cleanup", Time since last: 1003504209 ns, Reaching safepoint: 3398500 ns, At safepoint: 107709 ns, Total: 3506209 ns
[2023-07-18T09:11:12.547+0000][1][safepoint    ] Safepoint "Cleanup", Time since last: 1005848208 ns, Reaching safepoint: 2614959 ns, At safepoint: 87333 ns, Total: 2702292 ns
[2023-07-18T09:11:13.551+0000][1][safepoint    ] Safepoint "Cleanup", Time since last: 1002751959 ns, Reaching safepoint: 1329083 ns, At safepoint: 70209 ns, Total: 1399292 ns
[2023-07-18T09:11:14.555+0000][1][safepoint    ] Safepoint "Cleanup", Time since last: 1001650167 ns, Reaching safepoint: 2492916 ns, At safepoint: 58667 ns, Total: 2551583 ns
[2023-07-18T09:11:15.559+0000][1][safepoint    ] Safepoint "Cleanup", Time since last: 1000941376 ns, Reaching safepoint: 3070916 ns, At safepoint: 64750 ns, Total: 3135666 ns
[2023-07-18T09:11:16.564+0000][1][safepoint    ] Safepoint "Cleanup", Time since last: 1001162042 ns, Reaching safepoint: 3156375 ns, At safepoint: 93042 ns, Total: 3249417 ns
[2023-07-18T09:11:17.568+0000][1][safepoint    ] Safepoint "Cleanup", Time since last: 1001808416 ns, Reaching safepoint: 1991250 ns, At safepoint: 61750 ns, Total: 2053000 ns
[2023-07-18T09:11:18.570+0000][1][safepoint    ] Safepoint "Cleanup", Time since last: 1001285084 ns, Reaching safepoint: 1155667 ns, At safepoint: 26125 ns, Total: 1181792 ns
[2023-07-18T09:11:19.576+0000][1][safepoint    ] Safepoint "Cleanup", Time since last: 1002010375 ns, Reaching safepoint: 3764417 ns, At safepoint: 115541 ns, Total: 3879958 ns
[2023-07-18T09:11:20.585+0000][1][safepoint    ] Safepoint "Cleanup", Time since last: 1005180459 ns, Reaching safepoint: 3624417 ns, At safepoint: 108458 ns, Total: 3732875 ns
[2023-07-18T09:11:21.588+0000][1][safepoint    ] Safepoint "Cleanup", Time since last: 1001680917 ns, Reaching safepoint: 1640042 ns, At safepoint: 37500 ns, Total: 1677542 ns
[2023-07-18T09:11:22.595+0000][1][safepoint    ] Safepoint "Cleanup", Time since last: 1002510626 ns, Reaching safepoint: 3846833 ns, At safepoint: 94708 ns, Total: 3941541 ns
[2023-07-18T09:11:23.598+0000][1][safepoint    ] Safepoint "Cleanup", Time since last: 1001427501 ns, Reaching safepoint: 1615125 ns, At safepoint: 51291 ns, Total: 1666416 ns
[2023-07-18T09:11:24.034+0000][1][safepoint    ] Safepoint "RevokeBias", Time since last: 434135751 ns, Reaching safepoint: 1734708 ns, At safepoint: 403958 ns, Total: 2138666 ns
[2023-07-18T09:11:25.036+0000][1][safepoint    ] Safepoint "Cleanup", Time since last: 1000466126 ns, Reaching safepoint: 1226250 ns, At safepoint: 36166 ns, Total: 1262416 ns
[2023-07-18T09:11:26.040+0000][1][safepoint    ] Safepoint "Cleanup", Time since last: 1002685126 ns, Reaching safepoint: 1261875 ns, At safepoint: 33583 ns, Total: 1295458 ns
[2023-07-18T09:11:27.047+0000][1][safepoint    ] Safepoint "Cleanup", Time since last: 1004365334 ns, Reaching safepoint: 2647833 ns, At safepoint: 65959 ns, Total: 2713792 ns
[2023-07-18T09:11:28.052+0000][1][safepoint    ] Safepoint "Cleanup", Time since last: 1001583042 ns, Reaching safepoint: 2952542 ns, At safepoint: 63875 ns, Total: 3016417 ns
[2023-07-18T09:11:29.056+0000][1][safepoint    ] Safepoint "Cleanup", Time since last: 1001106667 ns, Reaching safepoint: 2867416 ns, At safepoint: 79292 ns, Total: 2946708 ns
[2023-07-18T09:11:30.061+0000][1][safepoint    ] Safepoint "Cleanup", Time since last: 1001582667 ns, Reaching safepoint: 3178292 ns, At safepoint: 89166 ns, Total: 3267458 ns
[2023-07-18T09:11:31.065+0000][1][safepoint    ] Safepoint "Cleanup", Time since last: 1001070293 ns, Reaching safepoint: 3381458 ns, At safepoint: 100417 ns, Total: 3481875 ns
[2023-07-18T09:11:32.070+0000][1][safepoint    ] Safepoint "Cleanup", Time since last: 1001752708 ns, Reaching safepoint: 3296500 ns, At safepoint: 112042 ns, Total: 3408542 ns
[2023-07-18T09:11:33.075+0000][1][safepoint    ] Safepoint "Cleanup", Time since last: 1001375042 ns, Reaching safepoint: 3193417 ns, At safepoint: 82417 ns, Total: 3275834 ns
[2023-07-18T09:11:34.036+0000][1][safepoint    ] Safepoint "RevokeBias", Time since last: 959332667 ns, Reaching safepoint: 1556583 ns, At safepoint: 339125 ns, Total: 1895708 ns
[2023-07-18T09:11:35.042+0000][1][safepoint    ] Safepoint "Cleanup", Time since last: 1001327167 ns, Reaching safepoint: 4818500 ns, At safepoint: 127917 ns, Total: 4946417 ns
[2023-07-18T09:11:36.051+0000][1][safepoint    ] Safepoint "Cleanup", Time since last: 1004992750 ns, Reaching safepoint: 3522125 ns, At safepoint: 117125 ns, Total: 3639250 ns
[2023-07-18T09:11:37.058+0000][1][safepoint    ] Safepoint "Cleanup", Time since last: 1003716751 ns, Reaching safepoint: 2722666 ns, At safepoint: 74959 ns, Total: 2797625 ns
[2023-07-18T09:11:38.062+0000][1][safepoint    ] Safepoint "Cleanup", Time since last: 1000905500 ns, Reaching safepoint: 3277084 ns, At safepoint: 96208 ns, Total: 3373292 ns
[2023-07-18T09:11:39.066+0000][1][safepoint    ] Safepoint "Cleanup", Time since last: 1001206334 ns, Reaching safepoint: 2588875 ns, At safepoint: 73208 ns, Total: 2662083 ns
[2023-07-18T09:11:40.069+0000][1][safepoint    ] Safepoint "Cleanup", Time since last: 1001457917 ns, Reaching safepoint: 1643125 ns, At safepoint: 52417 ns, Total: 1695542 ns
[2023-07-18T09:11:41.075+0000][1][safepoint    ] Safepoint "Cleanup", Time since last: 1001591750 ns, Reaching safepoint: 4296042 ns, At safepoint: 91542 ns, Total: 4387584 ns
[2023-07-18T09:11:42.085+0000][1][safepoint    ] Safepoint "Cleanup", Time since last: 1005711917 ns, Reaching safepoint: 4693583 ns, At safepoint: 75042 ns, Total: 4768625 ns
[2023-07-18T09:11:43.090+0000][1][safepoint    ] Safepoint "Cleanup", Time since last: 1001215709 ns, Reaching safepoint: 3007958 ns, At safepoint: 69708 ns, Total: 3077666 ns
[2023-07-18T09:11:44.092+0000][1][safepoint    ] Safepoint "Cleanup", Time since last: 1001392584 ns, Reaching safepoint: 1493667 ns, At safepoint: 19416 ns, Total: 1513083 ns
[2023-07-18T09:11:45.097+0000][1][safepoint    ] Safepoint "Cleanup", Time since last: 1000524543 ns, Reaching safepoint: 3658375 ns, At safepoint: 79541 ns, Total: 3737916 ns
[2023-07-18T09:11:46.106+0000][1][safepoint    ] Safepoint "Cleanup", Time since last: 1004669126 ns, Reaching safepoint: 4238708 ns, At safepoint: 102208 ns, Total: 4340916 ns
[2023-07-18T09:11:47.110+0000][1][safepoint    ] Safepoint "Cleanup", Time since last: 1001505918 ns, Reaching safepoint: 2933291 ns, At safepoint: 88334 ns, Total: 3021625 ns
[2023-07-18T09:11:48.115+0000][1][safepoint    ] Safepoint "Cleanup", Time since last: 1001591041 ns, Reaching safepoint: 3172416 ns, At safepoint: 80667 ns, Total: 3253083 ns
[2023-07-18T09:11:48.425+0000][1][safepoint    ] Safepoint "RevokeBias", Time since last: 310004917 ns, Reaching safepoint: 763583 ns, At safepoint: 111042 ns, Total: 874625 ns
[2023-07-18T09:11:48.437+0000][1][safepoint    ] Safepoint "RevokeBias", Time since last: 10804333 ns, Reaching safepoint: 543250 ns, At safepoint: 78334 ns, Total: 621584 ns
[2023-07-18T09:11:48.471+0000][1][safepoint    ] Safepoint "RevokeBias", Time since last: 33143541 ns, Reaching safepoint: 662584 ns, At safepoint: 75458 ns, Total: 738042 ns
[2023-07-18T09:11:48.473+0000][1][safepoint    ] Safepoint "RevokeBias", Time since last: 1904875 ns, Reaching safepoint: 563500 ns, At safepoint: 78625 ns, Total: 642125 ns
[2023-07-18T09:11:48.478+0000][1][safepoint    ] Safepoint "RevokeBias", Time since last: 3190292 ns, Reaching safepoint: 994125 ns, At safepoint: 44625 ns, Total: 1038750 ns
[2023-07-18T09:11:49.481+0000][1][safepoint    ] Safepoint "Cleanup", Time since last: 1000445375 ns, Reaching safepoint: 2783708 ns, At safepoint: 87000 ns, Total: 2870708 ns
[2023-07-18T09:11:50.486+0000][1][safepoint    ] Safepoint "Cleanup", Time since last: 1000952668 ns, Reaching safepoint: 3851250 ns, At safepoint: 101375 ns, Total: 3952625 ns
[2023-07-18T09:11:51.490+0000][1][safepoint    ] Safepoint "Cleanup", Time since last: 1002900583 ns, Reaching safepoint: 1319125 ns, At safepoint: 33209 ns, Total: 1352334 ns
[2023-07-18T09:11:52.495+0000][1][safepoint    ] Safepoint "Cleanup", Time since last: 1002021417 ns, Reaching safepoint: 2862625 ns, At safepoint: 122458 ns, Total: 2985083 ns
[2023-07-18T09:11:53.500+0000][1][safepoint    ] Safepoint "Cleanup", Time since last: 1001293459 ns, Reaching safepoint: 3394542 ns, At safepoint: 93916 ns, Total: 3488458 ns
[2023-07-18T09:11:54.503+0000][1][safepoint    ] Safepoint "Cleanup", Time since last: 1001358417 ns, Reaching safepoint: 1577667 ns, At safepoint: 31083 ns, Total: 1608750 ns
[2023-07-18T09:11:55.516+0000][1][safepoint    ] Safepoint "Cleanup", Time since last: 1003803834 ns, Reaching safepoint: 7549292 ns, At safepoint: 447917 ns, Total: 7997209 ns
[2023-07-18T09:11:56.523+0000][1][safepoint    ] Safepoint "Cleanup", Time since last: 1007505000 ns, Reaching safepoint: 767208 ns, At safepoint: 16959 ns, Total: 784167 ns
[2023-07-18T09:11:57.524+0000][1][safepoint    ] Safepoint "Cleanup", Time since last: 1000453334 ns, Reaching safepoint: 886250 ns, At safepoint: 20041 ns, Total: 906291 ns
[2023-07-18T09:11:58.547+0000][1][safepoint    ] Safepoint "Cleanup", Time since last: 1002633959 ns, Reaching safepoint: 20014458 ns, At safepoint: 88250 ns, Total: 20102708 ns
[2023-07-18T09:11:59.551+0000][1][safepoint    ] Safepoint "Cleanup", Time since last: 1001095876 ns, Reaching safepoint: 3085667 ns, At safepoint: 97208 ns, Total: 3182875 ns
[2023-07-18T09:12:00.559+0000][1][safepoint    ] Safepoint "Cleanup", Time since last: 1003520834 ns, Reaching safepoint: 4132625 ns, At safepoint: 118791 ns, Total: 4251416 ns
[2023-07-18T09:12:01.562+0000][1][safepoint    ] Safepoint "Cleanup", Time since last: 1001501376 ns, Reaching safepoint: 1784083 ns, At safepoint: 47709 ns, Total: 1831792 ns
[2023-07-18T09:12:02.567+0000][1][safepoint    ] Safepoint "Cleanup", Time since last: 1001113167 ns, Reaching safepoint: 2871833 ns, At safepoint: 110167 ns, Total: 2982000 ns
[2023-07-18T09:12:03.572+0000][1][safepoint    ] Safepoint "Cleanup", Time since last: 1001290375 ns, Reaching safepoint: 3622417 ns, At safepoint: 103750 ns, Total: 3726167 ns
[2023-07-18T09:12:04.577+0000][1][safepoint    ] Safepoint "Cleanup", Time since last: 1002213667 ns, Reaching safepoint: 3019875 ns, At safepoint: 29417 ns, Total: 3049292 ns
[2023-07-18T09:12:05.584+0000][1][safepoint    ] Safepoint "Cleanup", Time since last: 1003305333 ns, Reaching safepoint: 3912500 ns, At safepoint: 101917 ns, Total: 4014417 ns
[2023-07-18T09:12:06.588+0000][1][safepoint    ] Safepoint "Cleanup", Time since last: 1002533834 ns, Reaching safepoint: 1360208 ns, At safepoint: 23167 ns, Total: 1383375 ns
[2023-07-18T09:12:07.594+0000][1][safepoint    ] Safepoint "Cleanup", Time since last: 1000794500 ns, Reaching safepoint: 4763125 ns, At safepoint: 198167 ns, Total: 4961292 ns
[2023-07-18T09:12:08.599+0000][1][safepoint    ] Safepoint "Cleanup", Time since last: 1002019626 ns, Reaching safepoint: 3379708 ns, At safepoint: 89125 ns, Total: 3468833 ns
[2023-07-18T09:12:09.606+0000][1][safepoint    ] Safepoint "Cleanup", Time since last: 1002989584 ns, Reaching safepoint: 3870500 ns, At safepoint: 100125 ns, Total: 3970625 ns
[2023-07-18T09:12:10.612+0000][1][safepoint    ] Safepoint "Cleanup", Time since last: 1001402000 ns, Reaching safepoint: 4321667 ns, At safepoint: 117083 ns, Total: 4438750 ns
[2023-07-18T09:12:11.614+0000][1][safepoint    ] Safepoint "Cleanup", Time since last: 1001469042 ns, Reaching safepoint: 937834 ns, At safepoint: 17458 ns, Total: 955292 ns
[2023-07-18T09:12:12.620+0000][1][safepoint    ] Safepoint "Cleanup", Time since last: 1000947292 ns, Reaching safepoint: 4130958 ns, At safepoint: 111292 ns, Total: 4242250 ns
[2023-07-18T09:12:13.625+0000][1][safepoint    ] Safepoint "Cleanup", Time since last: 1001570084 ns, Reaching safepoint: 3097500 ns, At safepoint: 136708 ns, Total: 3234208 ns
[2023-07-18T09:12:15.384+0000][1][safepoint    ] Safepoint "Cleanup", Time since last: 1756284376 ns, Reaching safepoint: 3497875 ns, At safepoint: 87542 ns, Total: 3585417 ns
[2023-07-18T09:12:16.387+0000][1][safepoint    ] Safepoint "Cleanup", Time since last: 1001384584 ns, Reaching safepoint: 1447916 ns, At safepoint: 17667 ns, Total: 1465583 ns
[2023-07-18T09:12:17.394+0000][1][safepoint    ] Safepoint "Cleanup", Time since last: 1000659667 ns, Reaching safepoint: 6158333 ns, At safepoint: 117000 ns, Total: 6275333 ns
[2023-07-18T09:12:18.398+0000][1][safepoint    ] Safepoint "Cleanup", Time since last: 1000958959 ns, Reaching safepoint: 3052875 ns, At safepoint: 89583 ns, Total: 3142458 ns
[2023-07-18T09:12:19.406+0000][1][safepoint    ] Safepoint "Cleanup", Time since last: 1004000084 ns, Reaching safepoint: 4352916 ns, At safepoint: 156000 ns, Total: 4508916 ns
[2023-07-18T09:12:20.412+0000][1][safepoint    ] Safepoint "Cleanup", Time since last: 1002360751 ns, Reaching safepoint: 3373167 ns, At safepoint: 94541 ns, Total: 3467708 ns
[2023-07-18T09:12:21.415+0000][1][safepoint    ] Safepoint "Cleanup", Time since last: 1001339126 ns, Reaching safepoint: 1691458 ns, At safepoint: 36333 ns, Total: 1727791 ns
[2023-07-18T09:12:22.794+0000][1][safepoint    ] Safepoint "Cleanup", Time since last: 1374226501 ns, Reaching safepoint: 4230750 ns, At safepoint: 102875 ns, Total: 4333625 ns
[2023-07-18T09:12:23.798+0000][1][safepoint    ] Safepoint "Cleanup", Time since last: 1001426834 ns, Reaching safepoint: 2878958 ns, At safepoint: 69208 ns, Total: 2948166 ns
[2023-07-18T09:12:24.804+0000][1][safepoint    ] Safepoint "Cleanup", Time since last: 1001824251 ns, Reaching safepoint: 4257083 ns, At safepoint: 137792 ns, Total: 4394875 ns
[2023-07-18T09:12:25.811+0000][1][safepoint    ] Safepoint "Cleanup", Time since last: 1001775959 ns, Reaching safepoint: 4472708 ns, At safepoint: 115250 ns, Total: 4587958 ns
[2023-07-18T09:12:26.814+0000][1][safepoint    ] Safepoint "Cleanup", Time since last: 1002329626 ns, Reaching safepoint: 1002666 ns, At safepoint: 24625 ns, Total: 1027291 ns
[2023-07-18T09:12:27.820+0000][1][safepoint    ] Safepoint "Cleanup", Time since last: 1001728626 ns, Reaching safepoint: 3825208 ns, At safepoint: 134500 ns, Total: 3959708 ns
[2023-07-18T09:12:28.825+0000][1][safepoint    ] Safepoint "Cleanup", Time since last: 1002618876 ns, Reaching safepoint: 3047208 ns, At safepoint: 64500 ns, Total: 3111708 ns
[2023-07-18T09:12:29.831+0000][1][safepoint    ] Safepoint "Cleanup", Time since last: 1001446792 ns, Reaching safepoint: 4019833 ns, At safepoint: 107959 ns, Total: 4127792 ns
[2023-07-18T09:12:30.837+0000][1][safepoint    ] Safepoint "Cleanup", Time since last: 1001725709 ns, Reaching safepoint: 3836375 ns, At safepoint: 121666 ns, Total: 3958041 ns
[2023-07-18T09:12:31.844+0000][1][safepoint    ] Safepoint "Cleanup", Time since last: 1002006417 ns, Reaching safepoint: 4637625 ns, At safepoint: 134334 ns, Total: 4771959 ns
[2023-07-18T09:12:32.848+0000][1][safepoint    ] Safepoint "Cleanup", Time since last: 1002839958 ns, Reaching safepoint: 1469750 ns, At safepoint: 33334 ns, Total: 1503084 ns
[2023-07-18T09:12:33.852+0000][1][safepoint    ] Safepoint "Cleanup", Time since last: 1001083625 ns, Reaching safepoint: 3304709 ns, At safepoint: 88291 ns, Total: 3393000 ns
[2023-07-18T09:12:34.034+0000][1][safepoint    ] Safepoint "RevokeBias", Time since last: 179175584 ns, Reaching safepoint: 1670375 ns, At safepoint: 1222916 ns, Total: 2893291 ns
[2023-07-18T09:12:35.038+0000][1][safepoint    ] Safepoint "Cleanup", Time since last: 1003083084 ns, Reaching safepoint: 798625 ns, At safepoint: 16042 ns, Total: 814667 ns
[2023-07-18T09:12:36.042+0000][1][safepoint    ] Safepoint "Cleanup", Time since last: 1000667417 ns, Reaching safepoint: 3077333 ns, At safepoint: 113375 ns, Total: 3190708 ns
[2023-07-18T09:12:37.049+0000][1][safepoint    ] Safepoint "Cleanup", Time since last: 1002752751 ns, Reaching safepoint: 4219458 ns, At safepoint: 118750 ns, Total: 4338208 ns
[2023-07-18T09:12:38.056+0000][1][safepoint    ] Safepoint "Cleanup", Time since last: 1002616417 ns, Reaching safepoint: 4327875 ns, At safepoint: 161875 ns, Total: 4489750 ns
[2023-07-18T09:12:39.062+0000][1][safepoint    ] Safepoint "Cleanup", Time since last: 1001639792 ns, Reaching safepoint: 3558667 ns, At safepoint: 108792 ns, Total: 3667459 ns
[2023-07-18T09:12:40.066+0000][1][safepoint    ] Safepoint "Cleanup", Time since last: 1003325417 ns, Reaching safepoint: 1349208 ns, At safepoint: 29459 ns, Total: 1378667 ns
[2023-07-18T09:12:41.074+0000][1][safepoint    ] Safepoint "Cleanup", Time since last: 1003734958 ns, Reaching safepoint: 4174250 ns, At safepoint: 104167 ns, Total: 4278417 ns
[2023-07-18T09:12:42.079+0000][1][safepoint    ] Safepoint "Cleanup", Time since last: 1003012834 ns, Reaching safepoint: 1653750 ns, At safepoint: 67833 ns, Total: 1721583 ns
[2023-07-18T09:12:43.082+0000][1][safepoint    ] Safepoint "Cleanup", Time since last: 1001312959 ns, Reaching safepoint: 1861500 ns, At safepoint: 93875 ns, Total: 1955375 ns
[2023-07-18T09:12:44.035+0000][1][safepoint    ] Safepoint "RevokeBias", Time since last: 949638459 ns, Reaching safepoint: 1862166 ns, At safepoint: 920459 ns, Total: 2782625 ns
[2023-07-18T09:12:44.113+0000][1][gc,start     ] GC(43) Pause Young (Allocation Failure)
[2023-07-18T09:12:44.117+0000][1][gc,task      ] GC(43) Using 4 workers of 4 for evacuation
[2023-07-18T09:12:44.143+0000][1][gc,age       ] GC(43) Desired survivor size 8945664 bytes, new threshold 6 (max threshold 6)
[2023-07-18T09:12:44.143+0000][1][gc,age       ] GC(43) Age table with threshold 6 (max threshold 6)
[2023-07-18T09:12:44.144+0000][1][gc,age       ] GC(43) - age   1:     100536 bytes,     100536 total
[2023-07-18T09:12:44.144+0000][1][gc,age       ] GC(43) - age   2:       3688 bytes,     104224 total
[2023-07-18T09:12:44.144+0000][1][gc,age       ] GC(43) - age   3:       2448 bytes,     106672 total
[2023-07-18T09:12:44.144+0000][1][gc,age       ] GC(43) - age   4:      10816 bytes,     117488 total
[2023-07-18T09:12:44.144+0000][1][gc,age       ] GC(43) - age   5:      21848 bytes,     139336 total
[2023-07-18T09:12:44.144+0000][1][gc,age       ] GC(43) - age   6:      16776 bytes,     156112 total
[2023-07-18T09:12:44.145+0000][1][gc,heap      ] GC(43) ParNew: 139962K->223K(157248K)
[2023-07-18T09:12:44.146+0000][1][gc,heap      ] GC(43) CMS: 71420K->71424K(349568K)
[2023-07-18T09:12:44.146+0000][1][gc,metaspace ] GC(43) Metaspace: 90968K->90968K(1132544K)
[2023-07-18T09:12:44.147+0000][1][gc           ] GC(43) Pause Young (Allocation Failure) 206M->69M(494M) 33.477ms
[2023-07-18T09:12:44.147+0000][1][gc,cpu       ] GC(43) User=0.06s Sys=0.00s Real=0.04s
[2023-07-18T09:12:44.147+0000][1][safepoint    ] Safepoint "GenCollectForAllocation", Time since last: 76391041 ns, Reaching safepoint: 1511667 ns, At safepoint: 34401375 ns, Total: 35913042 ns
[2023-07-18T09:12:45.152+0000][1][safepoint    ] Safepoint "Cleanup", Time since last: 1003851126 ns, Reaching safepoint: 1149583 ns, At safepoint: 19375 ns, Total: 1168958 ns
[2023-07-18T09:12:46.156+0000][1][safepoint    ] Safepoint "Cleanup", Time since last: 1000555667 ns, Reaching safepoint: 2954667 ns, At safepoint: 42666 ns, Total: 2997333 ns
[2023-07-18T09:12:47.159+0000][1][safepoint    ] Safepoint "Cleanup", Time since last: 1000713668 ns, Reaching safepoint: 2767125 ns, At safepoint: 96250 ns, Total: 2863375 ns
[2023-07-18T09:12:48.163+0000][1][safepoint    ] Safepoint "Cleanup", Time since last: 1001716833 ns, Reaching safepoint: 2008958 ns, At safepoint: 70708 ns, Total: 2079666 ns
[2023-07-18T09:12:49.169+0000][1][safepoint    ] Safepoint "Cleanup", Time since last: 1000998126 ns, Reaching safepoint: 4795583 ns, At safepoint: 112875 ns, Total: 4908458 ns
[2023-07-18T09:12:49.408+0000][1][safepoint    ] Safepoint "RevokeBias", Time since last: 237159500 ns, Reaching safepoint: 1665792 ns, At safepoint: 276875 ns, Total: 1942667 ns
[2023-07-18T09:12:49.418+0000][1][safepoint    ] Safepoint "RevokeBias", Time since last: 7945375 ns, Reaching safepoint: 1319625 ns, At safepoint: 326542 ns, Total: 1646167 ns
[2023-07-18T09:12:49.421+0000][1][safepoint    ] Safepoint "RevokeBias", Time since last: 3001708 ns, Reaching safepoint: 732542 ns, At safepoint: 74041 ns, Total: 806583 ns
[2023-07-18T09:12:49.464+0000][1][safepoint    ] Safepoint "RevokeBias", Time since last: 41177625 ns, Reaching safepoint: 1320459 ns, At safepoint: 343500 ns, Total: 1663959 ns
[2023-07-18T09:12:49.468+0000][1][safepoint    ] Safepoint "RevokeBias", Time since last: 2900833 ns, Reaching safepoint: 1100167 ns, At safepoint: 230625 ns, Total: 1330792 ns
[2023-07-18T09:12:50.475+0000][1][safepoint    ] Safepoint "Cleanup", Time since last: 1000941375 ns, Reaching safepoint: 5419375 ns, At safepoint: 151167 ns, Total: 5570542 ns
[2023-07-18T09:12:51.483+0000][1][safepoint    ] Safepoint "Cleanup", Time since last: 1003690709 ns, Reaching safepoint: 3862208 ns, At safepoint: 111792 ns, Total: 3974000 ns
[2023-07-18T09:12:52.488+0000][1][safepoint    ] Safepoint "Cleanup", Time since last: 1002392750 ns, Reaching safepoint: 3332917 ns, At safepoint: 76042 ns, Total: 3408959 ns
[2023-07-18T09:12:53.496+0000][1][safepoint    ] Safepoint "Cleanup", Time since last: 1002981000 ns, Reaching safepoint: 4227458 ns, At safepoint: 88459 ns, Total: 4315917 ns
[2023-07-18T09:12:54.038+0000][1][safepoint    ] Safepoint "RevokeBias", Time since last: 539820000 ns, Reaching safepoint: 1473000 ns, At safepoint: 724083 ns, Total: 2197083 ns
[2023-07-18T09:12:55.041+0000][1][safepoint    ] Safepoint "Cleanup", Time since last: 1000868126 ns, Reaching safepoint: 1923125 ns, At safepoint: 39291 ns, Total: 1962416 ns
[2023-07-18T09:12:56.045+0000][1][safepoint    ] Safepoint "Cleanup", Time since last: 1001260709 ns, Reaching safepoint: 2974750 ns, At safepoint: 81792 ns, Total: 3056542 ns
[2023-07-18T09:12:57.051+0000][1][safepoint    ] Safepoint "Cleanup", Time since last: 1002552667 ns, Reaching safepoint: 3371250 ns, At safepoint: 77542 ns, Total: 3448792 ns
[2023-07-18T09:12:58.057+0000][1][safepoint    ] Safepoint "Cleanup", Time since last: 1001565584 ns, Reaching safepoint: 4439541 ns, At safepoint: 132417 ns, Total: 4571958 ns
[2023-07-18T09:12:59.062+0000][1][safepoint    ] Safepoint "Cleanup", Time since last: 1002041209 ns, Reaching safepoint: 3169375 ns, At safepoint: 83541 ns, Total: 3252916 ns
[2023-07-18T09:13:00.067+0000][1][safepoint    ] Safepoint "Cleanup", Time since last: 1001427584 ns, Reaching safepoint: 3208375 ns, At safepoint: 94917 ns, Total: 3303292 ns
[2023-07-18T09:13:01.072+0000][1][safepoint    ] Safepoint "Cleanup", Time since last: 1001348917 ns, Reaching safepoint: 3216000 ns, At safepoint: 90583 ns, Total: 3306583 ns
[2023-07-18T09:13:02.077+0000][1][safepoint    ] Safepoint "Cleanup", Time since last: 1001832251 ns, Reaching safepoint: 2980083 ns, At safepoint: 106125 ns, Total: 3086208 ns
[2023-07-18T09:13:03.081+0000][1][safepoint    ] Safepoint "Cleanup", Time since last: 1001033709 ns, Reaching safepoint: 3110542 ns, At safepoint: 88833 ns, Total: 3199375 ns
[2023-07-18T09:13:04.018+0000][1][safepoint    ] Safepoint "RevokeBias", Time since last: 935296500 ns, Reaching safepoint: 1681667 ns, At safepoint: 330333 ns, Total: 2012000 ns
[2023-07-18T09:13:05.020+0000][1][safepoint    ] Safepoint "Cleanup", Time since last: 1000447209 ns, Reaching safepoint: 1671875 ns, At safepoint: 25542 ns, Total: 1697417 ns
[2023-07-18T09:13:06.025+0000][1][safepoint    ] Safepoint "Cleanup", Time since last: 1001466167 ns, Reaching safepoint: 2760750 ns, At safepoint: 171208 ns, Total: 2931958 ns
[2023-07-18T09:13:07.029+0000][1][safepoint    ] Safepoint "Cleanup", Time since last: 1001782834 ns, Reaching safepoint: 2855375 ns, At safepoint: 83958 ns, Total: 2939333 ns
[2023-07-18T09:13:08.035+0000][1][safepoint    ] Safepoint "Cleanup", Time since last: 1001999043 ns, Reaching safepoint: 3165041 ns, At safepoint: 86334 ns, Total: 3251375 ns
[2023-07-18T09:13:09.042+0000][1][safepoint    ] Safepoint "Cleanup", Time since last: 1002876833 ns, Reaching safepoint: 4007500 ns, At safepoint: 119709 ns, Total: 4127209 ns
[2023-07-18T09:13:10.047+0000][1][safepoint    ] Safepoint "Cleanup", Time since last: 1002608625 ns, Reaching safepoint: 2810042 ns, At safepoint: 129667 ns, Total: 2939709 ns
[2023-07-18T09:13:11.052+0000][1][safepoint    ] Safepoint "Cleanup", Time since last: 1001535208 ns, Reaching safepoint: 3147917 ns, At safepoint: 91292 ns, Total: 3239209 ns
[2023-07-18T09:13:12.055+0000][1][safepoint    ] Safepoint "Cleanup", Time since last: 1001518750 ns, Reaching safepoint: 1060334 ns, At safepoint: 20750 ns, Total: 1081084 ns
[2023-07-18T09:13:13.058+0000][1][safepoint    ] Safepoint "Cleanup", Time since last: 1001071833 ns, Reaching safepoint: 1973917 ns, At safepoint: 48500 ns, Total: 2022417 ns
[2023-07-18T09:13:14.035+0000][1][safepoint    ] Safepoint "RevokeBias", Time since last: 974932709 ns, Reaching safepoint: 1656166 ns, At safepoint: 327000 ns, Total: 1983166 ns
[2023-07-18T09:13:15.038+0000][1][safepoint    ] Safepoint "Cleanup", Time since last: 1000665834 ns, Reaching safepoint: 3055917 ns, At safepoint: 88042 ns, Total: 3143959 ns
[2023-07-18T09:13:16.043+0000][1][safepoint    ] Safepoint "Cleanup", Time since last: 1002617250 ns, Reaching safepoint: 2141875 ns, At safepoint: 80833 ns, Total: 2222708 ns
[2023-07-18T09:13:17.046+0000][1][safepoint    ] Safepoint "Cleanup", Time since last: 1000788376 ns, Reaching safepoint: 1965000 ns, At safepoint: 39875 ns, Total: 2004875 ns
[2023-07-18T09:13:18.052+0000][1][safepoint    ] Safepoint "Cleanup", Time since last: 1003262708 ns, Reaching safepoint: 3280292 ns, At safepoint: 80250 ns, Total: 3360542 ns
[2023-07-18T09:13:19.058+0000][1][safepoint    ] Safepoint "Cleanup", Time since last: 1001824209 ns, Reaching safepoint: 3349666 ns, At safepoint: 197500 ns, Total: 3547166 ns
[2023-07-18T09:13:20.065+0000][1][safepoint    ] Safepoint "Cleanup", Time since last: 1003239542 ns, Reaching safepoint: 4262792 ns, At safepoint: 109375 ns, Total: 4372167 ns
[2023-07-18T09:13:21.071+0000][1][safepoint    ] Safepoint "Cleanup", Time since last: 1002428917 ns, Reaching safepoint: 2748584 ns, At safepoint: 69000 ns, Total: 2817584 ns
[2023-07-18T09:13:22.074+0000][1][safepoint    ] Safepoint "Cleanup", Time since last: 1001421208 ns, Reaching safepoint: 1527875 ns, At safepoint: 35750 ns, Total: 1563625 ns
[2023-07-18T09:13:23.079+0000][1][safepoint    ] Safepoint "Cleanup", Time since last: 1003575542 ns, Reaching safepoint: 1902584 ns, At safepoint: 108625 ns, Total: 2011209 ns
[2023-07-18T09:13:24.038+0000][1][safepoint    ] Safepoint "RevokeBias", Time since last: 956454584 ns, Reaching safepoint: 2006625 ns, At safepoint: 758500 ns, Total: 2765125 ns
[2023-07-18T09:13:25.045+0000][1][safepoint    ] Safepoint "Cleanup", Time since last: 1001328750 ns, Reaching safepoint: 4643542 ns, At safepoint: 160000 ns, Total: 4803542 ns
[2023-07-18T09:13:26.050+0000][1][safepoint    ] Safepoint "Cleanup", Time since last: 1001638500 ns, Reaching safepoint: 4052792 ns, At safepoint: 109417 ns, Total: 4162209 ns
[2023-07-18T09:13:27.056+0000][1][safepoint    ] Safepoint "Cleanup", Time since last: 1003755917 ns, Reaching safepoint: 1910208 ns, At safepoint: 47458 ns, Total: 1957666 ns
[2023-07-18T09:13:28.061+0000][1][safepoint    ] Safepoint "Cleanup", Time since last: 1001607418 ns, Reaching safepoint: 2898166 ns, At safepoint: 73084 ns, Total: 2971250 ns
[2023-07-18T09:13:29.066+0000][1][safepoint    ] Safepoint "Cleanup", Time since last: 1002290917 ns, Reaching safepoint: 3086875 ns, At safepoint: 83791 ns, Total: 3170666 ns
[2023-07-18T09:13:30.075+0000][1][safepoint    ] Safepoint "Cleanup", Time since last: 1004499459 ns, Reaching safepoint: 4103625 ns, At safepoint: 123458 ns, Total: 4227083 ns
[2023-07-18T09:13:31.082+0000][1][safepoint    ] Safepoint "Cleanup", Time since last: 1003149418 ns, Reaching safepoint: 3312083 ns, At safepoint: 112208 ns, Total: 3424291 ns
[2023-07-18T09:13:32.089+0000][1][safepoint    ] Safepoint "Cleanup", Time since last: 1003104876 ns, Reaching safepoint: 4461250 ns, At safepoint: 128541 ns, Total: 4589791 ns
[2023-07-18T09:13:33.097+0000][1][safepoint    ] Safepoint "Cleanup", Time since last: 1003159834 ns, Reaching safepoint: 4063542 ns, At safepoint: 97917 ns, Total: 4161459 ns
[2023-07-18T09:13:34.044+0000][1][safepoint    ] Safepoint "RevokeBias", Time since last: 945462875 ns, Reaching safepoint: 1871583 ns, At safepoint: 390084 ns, Total: 2261667 ns
[2023-07-18T09:13:35.047+0000][1][safepoint    ] Safepoint "Cleanup", Time since last: 1000494042 ns, Reaching safepoint: 2266875 ns, At safepoint: 45875 ns, Total: 2312750 ns
[2023-07-18T09:13:36.055+0000][1][safepoint    ] Safepoint "Cleanup", Time since last: 1003312667 ns, Reaching safepoint: 4127417 ns, At safepoint: 104791 ns, Total: 4232208 ns
[2023-07-18T09:13:37.058+0000][1][safepoint    ] Safepoint "Cleanup", Time since last: 1002126834 ns, Reaching safepoint: 1295292 ns, At safepoint: 27416 ns, Total: 1322708 ns
[2023-07-18T09:13:38.063+0000][1][safepoint    ] Safepoint "Cleanup", Time since last: 1000824084 ns, Reaching safepoint: 3592709 ns, At safepoint: 93416 ns, Total: 3686125 ns
[2023-07-18T09:13:39.068+0000][1][safepoint    ] Safepoint "Cleanup", Time since last: 1002719876 ns, Reaching safepoint: 2643833 ns, At safepoint: 90333 ns, Total: 2734166 ns
[2023-07-18T09:13:40.073+0000][1][safepoint    ] Safepoint "Cleanup", Time since last: 1002354501 ns, Reaching safepoint: 2436042 ns, At safepoint: 114208 ns, Total: 2550250 ns
[2023-07-18T09:13:41.077+0000][1][safepoint    ] Safepoint "Cleanup", Time since last: 1002081167 ns, Reaching safepoint: 1751292 ns, At safepoint: 36666 ns, Total: 1787958 ns
[2023-07-18T09:13:42.080+0000][1][safepoint    ] Safepoint "Cleanup", Time since last: 1001066209 ns, Reaching safepoint: 1761834 ns, At safepoint: 34666 ns, Total: 1796500 ns
[2023-07-18T09:13:43.083+0000][1][safepoint    ] Safepoint "Cleanup", Time since last: 1001562876 ns, Reaching safepoint: 1897750 ns, At safepoint: 39333 ns, Total: 1937083 ns
[2023-07-18T09:13:44.022+0000][1][safepoint    ] Safepoint "RevokeBias", Time since last: 936692917 ns, Reaching safepoint: 1473917 ns, At safepoint: 297541 ns, Total: 1771458 ns
[2023-07-18T09:13:45.025+0000][1][safepoint    ] Safepoint "Cleanup", Time since last: 1000733043 ns, Reaching safepoint: 2591875 ns, At safepoint: 123750 ns, Total: 2715625 ns
[2023-07-18T09:13:46.028+0000][1][safepoint    ] Safepoint "Cleanup", Time since last: 1001055042 ns, Reaching safepoint: 2084583 ns, At safepoint: 49500 ns, Total: 2134083 ns
[2023-07-18T09:13:47.030+0000][1][safepoint    ] Safepoint "Cleanup", Time since last: 1001369709 ns, Reaching safepoint: 906125 ns, At safepoint: 18542 ns, Total: 924667 ns
[2023-07-18T09:13:48.034+0000][1][safepoint    ] Safepoint "Cleanup", Time since last: 1000583333 ns, Reaching safepoint: 2924458 ns, At safepoint: 96250 ns, Total: 3020708 ns
[2023-07-18T09:13:49.040+0000][1][safepoint    ] Safepoint "Cleanup", Time since last: 1002877959 ns, Reaching safepoint: 3009708 ns, At safepoint: 104625 ns, Total: 3114333 ns
[2023-07-18T09:13:50.045+0000][1][safepoint    ] Safepoint "Cleanup", Time since last: 1001917626 ns, Reaching safepoint: 2868625 ns, At safepoint: 115083 ns, Total: 2983708 ns
[2023-07-18T09:13:50.407+0000][1][safepoint    ] Safepoint "RevokeBias", Time since last: 361260125 ns, Reaching safepoint: 1075417 ns, At safepoint: 139667 ns, Total: 1215084 ns
[2023-07-18T09:13:50.411+0000][1][safepoint    ] Safepoint "RevokeBias", Time since last: 2923291 ns, Reaching safepoint: 671792 ns, At safepoint: 99125 ns, Total: 770917 ns
[2023-07-18T09:13:50.415+0000][1][safepoint    ] Safepoint "RevokeBias", Time since last: 2004292 ns, Reaching safepoint: 1899166 ns, At safepoint: 77667 ns, Total: 1976833 ns
[2023-07-18T09:13:50.434+0000][1][safepoint    ] Safepoint "RevokeBias", Time since last: 18081208 ns, Reaching safepoint: 822209 ns, At safepoint: 123791 ns, Total: 946000 ns
[2023-07-18T09:13:50.436+0000][1][safepoint    ] Safepoint "RevokeBias", Time since last: 1242875 ns, Reaching safepoint: 615042 ns, At safepoint: 58583 ns, Total: 673625 ns
[2023-07-18T09:13:51.439+0000][1][safepoint    ] Safepoint "Cleanup", Time since last: 1001306209 ns, Reaching safepoint: 2128833 ns, At safepoint: 48417 ns, Total: 2177250 ns
[2023-07-18T09:13:52.443+0000][1][safepoint    ] Safepoint "Cleanup", Time since last: 1002169709 ns, Reaching safepoint: 2030500 ns, At safepoint: 35041 ns, Total: 2065541 ns
[2023-07-18T09:13:53.446+0000][1][safepoint    ] Safepoint "Cleanup", Time since last: 1000971293 ns, Reaching safepoint: 1737958 ns, At safepoint: 39625 ns, Total: 1777583 ns
[2023-07-18T09:13:54.007+0000][1][safepoint    ] Safepoint "RevokeBias", Time since last: 559213000 ns, Reaching safepoint: 1536834 ns, At safepoint: 313958 ns, Total: 1850792 ns
[2023-07-18T09:13:55.010+0000][1][safepoint    ] Safepoint "Cleanup", Time since last: 1000479834 ns, Reaching safepoint: 2338541 ns, At safepoint: 74209 ns, Total: 2412750 ns
[2023-07-18T09:13:56.013+0000][1][safepoint    ] Safepoint "Cleanup", Time since last: 1001229500 ns, Reaching safepoint: 1358042 ns, At safepoint: 26042 ns, Total: 1384084 ns
[2023-07-18T09:13:57.015+0000][1][safepoint    ] Safepoint "Cleanup", Time since last: 1000686125 ns, Reaching safepoint: 1623292 ns, At safepoint: 32000 ns, Total: 1655292 ns
[2023-07-18T09:13:58.019+0000][1][safepoint    ] Safepoint "Cleanup", Time since last: 1000798125 ns, Reaching safepoint: 2827542 ns, At safepoint: 58375 ns, Total: 2885917 ns
[2023-07-18T09:13:59.035+0000][1][safepoint    ] Safepoint "Cleanup", Time since last: 1001433792 ns, Reaching safepoint: 9672583 ns, At safepoint: 725792 ns, Total: 10398375 ns
[2023-07-18T09:14:00.057+0000][1][safepoint    ] Safepoint "Cleanup", Time since last: 1022122750 ns, Reaching safepoint: 3773667 ns, At safepoint: 133917 ns, Total: 3907584 ns
[2023-07-18T09:14:01.061+0000][1][safepoint    ] Safepoint "Cleanup", Time since last: 1002008417 ns, Reaching safepoint: 2065083 ns, At safepoint: 48542 ns, Total: 2113625 ns
[2023-07-18T09:14:02.065+0000][1][safepoint    ] Safepoint "Cleanup", Time since last: 1001041375 ns, Reaching safepoint: 3253000 ns, At safepoint: 110167 ns, Total: 3363167 ns
[2023-07-18T09:14:03.071+0000][1][safepoint    ] Safepoint "Cleanup", Time since last: 1002117167 ns, Reaching safepoint: 3812625 ns, At safepoint: 99542 ns, Total: 3912167 ns
[2023-07-18T09:14:04.075+0000][1][safepoint    ] Safepoint "Cleanup", Time since last: 1001392209 ns, Reaching safepoint: 2425625 ns, At safepoint: 29500 ns, Total: 2455125 ns
[2023-07-18T09:14:05.077+0000][1][safepoint    ] Safepoint "Cleanup", Time since last: 1000733959 ns, Reaching safepoint: 1202208 ns, At safepoint: 25458 ns, Total: 1227666 ns
[2023-07-18T09:14:06.083+0000][1][safepoint    ] Safepoint "Cleanup", Time since last: 1003295876 ns, Reaching safepoint: 2214916 ns, At safepoint: 77917 ns, Total: 2292833 ns
[2023-07-18T09:14:07.085+0000][1][safepoint    ] Safepoint "Cleanup", Time since last: 1001100500 ns, Reaching safepoint: 1409584 ns, At safepoint: 35291 ns, Total: 1444875 ns
[2023-07-18T09:14:08.091+0000][1][safepoint    ] Safepoint "Cleanup", Time since last: 1001783584 ns, Reaching safepoint: 3723875 ns, At safepoint: 200459 ns, Total: 3924334 ns
[2023-07-18T09:14:09.097+0000][1][safepoint    ] Safepoint "Cleanup", Time since last: 1002039792 ns, Reaching safepoint: 4231083 ns, At safepoint: 109667 ns, Total: 4340750 ns
[2023-07-18T09:14:10.103+0000][1][safepoint    ] Safepoint "Cleanup", Time since last: 1001909084 ns, Reaching safepoint: 3480541 ns, At safepoint: 98167 ns, Total: 3578708 ns
[2023-07-18T09:14:11.105+0000][1][safepoint    ] Safepoint "Cleanup", Time since last: 1001958209 ns, Reaching safepoint: 674916 ns, At safepoint: 16875 ns, Total: 691791 ns
[2023-07-18T09:14:12.109+0000][1][safepoint    ] Safepoint "Cleanup", Time since last: 1001031543 ns, Reaching safepoint: 2109083 ns, At safepoint: 91375 ns, Total: 2200458 ns
[2023-07-18T09:14:13.113+0000][1][safepoint    ] Safepoint "Cleanup", Time since last: 1001439334 ns, Reaching safepoint: 3197875 ns, At safepoint: 95583 ns, Total: 3293458 ns
[2023-07-18T09:14:14.117+0000][1][safepoint    ] Safepoint "Cleanup", Time since last: 1003186542 ns, Reaching safepoint: 917667 ns, At safepoint: 24541 ns, Total: 942208 ns
[2023-07-18T09:14:15.120+0000][1][safepoint    ] Safepoint "Cleanup", Time since last: 1000459418 ns, Reaching safepoint: 2055500 ns, At safepoint: 62208 ns, Total: 2117708 ns
[2023-07-18T09:14:16.124+0000][1][safepoint    ] Safepoint "Cleanup", Time since last: 1002366000 ns, Reaching safepoint: 1299250 ns, At safepoint: 28459 ns, Total: 1327709 ns
[2023-07-18T09:14:17.129+0000][1][safepoint    ] Safepoint "Cleanup", Time since last: 1003005917 ns, Reaching safepoint: 1903375 ns, At safepoint: 50708 ns, Total: 1954083 ns
[2023-07-18T09:14:18.136+0000][1][safepoint    ] Safepoint "Cleanup", Time since last: 1003512125 ns, Reaching safepoint: 3732708 ns, At safepoint: 117750 ns, Total: 3850458 ns
[2023-07-18T09:14:19.142+0000][1][safepoint    ] Safepoint "Cleanup", Time since last: 1004860584 ns, Reaching safepoint: 1731792 ns, At safepoint: 52041 ns, Total: 1783833 ns
[2023-07-18T09:14:20.150+0000][1][safepoint    ] Safepoint "Cleanup", Time since last: 1003483751 ns, Reaching safepoint: 3955041 ns, At safepoint: 106500 ns, Total: 4061541 ns
[2023-07-18T09:14:21.153+0000][1][safepoint    ] Safepoint "Cleanup", Time since last: 1001504751 ns, Reaching safepoint: 1274208 ns, At safepoint: 27250 ns, Total: 1301458 ns
[2023-07-18T09:14:22.158+0000][1][safepoint    ] Safepoint "Cleanup", Time since last: 1000969417 ns, Reaching safepoint: 3965792 ns, At safepoint: 84375 ns, Total: 4050167 ns
[2023-07-18T09:14:23.165+0000][1][safepoint    ] Safepoint "Cleanup", Time since last: 1002534417 ns, Reaching safepoint: 4412084 ns, At safepoint: 126000 ns, Total: 4538084 ns
[2023-07-18T09:14:24.051+0000][1][safepoint    ] Safepoint "RevokeBias", Time since last: 882954833 ns, Reaching safepoint: 1801417 ns, At safepoint: 1294542 ns, Total: 3095959 ns
[2023-07-18T09:14:25.058+0000][1][safepoint    ] Safepoint "Cleanup", Time since last: 1002125208 ns, Reaching safepoint: 4738209 ns, At safepoint: 160750 ns, Total: 4898959 ns
[2023-07-18T09:14:26.064+0000][1][safepoint    ] Safepoint "Cleanup", Time since last: 1001767959 ns, Reaching safepoint: 4134750 ns, At safepoint: 99791 ns, Total: 4234541 ns
[2023-07-18T09:14:27.070+0000][1][safepoint    ] Safepoint "Cleanup", Time since last: 1005424501 ns, Reaching safepoint: 716958 ns, At safepoint: 17167 ns, Total: 734125 ns
[2023-07-18T09:14:28.073+0000][1][safepoint    ] Safepoint "Cleanup", Time since last: 1000514625 ns, Reaching safepoint: 2832167 ns, At safepoint: 58458 ns, Total: 2890625 ns
[2023-07-18T09:14:29.082+0000][1][safepoint    ] Safepoint "Cleanup", Time since last: 1004576126 ns, Reaching safepoint: 3719458 ns, At safepoint: 104208 ns, Total: 3823666 ns
[2023-07-18T09:14:30.088+0000][1][safepoint    ] Safepoint "Cleanup", Time since last: 1002416709 ns, Reaching safepoint: 3363667 ns, At safepoint: 104583 ns, Total: 3468250 ns
[2023-07-18T09:14:31.092+0000][1][safepoint    ] Safepoint "Cleanup", Time since last: 1001587542 ns, Reaching safepoint: 2446750 ns, At safepoint: 91209 ns, Total: 2537959 ns
[2023-07-18T09:14:32.099+0000][1][safepoint    ] Safepoint "Cleanup", Time since last: 1002809125 ns, Reaching safepoint: 3901750 ns, At safepoint: 111625 ns, Total: 4013375 ns
[2023-07-18T09:14:33.105+0000][1][safepoint    ] Safepoint "Cleanup", Time since last: 1002836376 ns, Reaching safepoint: 3719208 ns, At safepoint: 101833 ns, Total: 3821041 ns
[2023-07-18T09:14:34.037+0000][1][safepoint    ] Safepoint "RevokeBias", Time since last: 928981417 ns, Reaching safepoint: 1856834 ns, At safepoint: 568625 ns, Total: 2425459 ns
[2023-07-18T09:14:35.042+0000][1][safepoint    ] Safepoint "Cleanup", Time since last: 1000802208 ns, Reaching safepoint: 4500751 ns, At safepoint: 126791 ns, Total: 4627542 ns
[2023-07-18T09:14:36.048+0000][1][safepoint    ] Safepoint "Cleanup", Time since last: 1003932251 ns, Reaching safepoint: 1677708 ns, At safepoint: 41542 ns, Total: 1719250 ns
[2023-07-18T09:14:37.050+0000][1][safepoint    ] Safepoint "Cleanup", Time since last: 1000612375 ns, Reaching safepoint: 1373417 ns, At safepoint: 35166 ns, Total: 1408583 ns
[2023-07-18T09:14:38.055+0000][1][safepoint    ] Safepoint "Cleanup", Time since last: 1001581959 ns, Reaching safepoint: 3497625 ns, At safepoint: 385709 ns, Total: 3883334 ns
[2023-07-18T09:14:39.063+0000][1][safepoint    ] Safepoint "Cleanup", Time since last: 1004065042 ns, Reaching safepoint: 3456958 ns, At safepoint: 95875 ns, Total: 3552833 ns
[2023-07-18T09:14:40.069+0000][1][safepoint    ] Safepoint "Cleanup", Time since last: 1003102251 ns, Reaching safepoint: 2634666 ns, At safepoint: 87334 ns, Total: 2722000 ns
[2023-07-18T09:14:41.073+0000][1][safepoint    ] Safepoint "Cleanup", Time since last: 1001509625 ns, Reaching safepoint: 2285667 ns, At safepoint: 493208 ns, Total: 2778875 ns
[2023-07-18T09:14:42.077+0000][1][safepoint    ] Safepoint "Cleanup", Time since last: 1001435667 ns, Reaching safepoint: 2905125 ns, At safepoint: 97584 ns, Total: 3002709 ns
[2023-07-18T09:14:43.082+0000][1][safepoint    ] Safepoint "Cleanup", Time since last: 1001587292 ns, Reaching safepoint: 3143708 ns, At safepoint: 71208 ns, Total: 3214916 ns
[2023-07-18T09:14:44.034+0000][1][safepoint    ] Safepoint "RevokeBias", Time since last: 949957126 ns, Reaching safepoint: 1730166 ns, At safepoint: 462875 ns, Total: 2193041 ns
[2023-07-18T09:14:44.063+0000][1][gc,start     ] GC(44) Pause Young (Allocation Failure)
[2023-07-18T09:14:44.065+0000][1][gc,task      ] GC(44) Using 4 workers of 4 for evacuation
[2023-07-18T09:14:44.092+0000][1][gc,age       ] GC(44) Desired survivor size 8945664 bytes, new threshold 6 (max threshold 6)
[2023-07-18T09:14:44.092+0000][1][gc,age       ] GC(44) Age table with threshold 6 (max threshold 6)
[2023-07-18T09:14:44.092+0000][1][gc,age       ] GC(44) - age   1:     164112 bytes,     164112 total
[2023-07-18T09:14:44.093+0000][1][gc,age       ] GC(44) - age   2:       2456 bytes,     166568 total
[2023-07-18T09:14:44.093+0000][1][gc,age       ] GC(44) - age   3:       3504 bytes,     170072 total
[2023-07-18T09:14:44.093+0000][1][gc,age       ] GC(44) - age   4:       2448 bytes,     172520 total
[2023-07-18T09:14:44.093+0000][1][gc,age       ] GC(44) - age   5:      10720 bytes,     183240 total
[2023-07-18T09:14:44.093+0000][1][gc,age       ] GC(44) - age   6:      21848 bytes,     205088 total
[2023-07-18T09:14:44.094+0000][1][gc,heap      ] GC(44) ParNew: 139999K->276K(157248K)
[2023-07-18T09:14:44.095+0000][1][gc,heap      ] GC(44) CMS: 71424K->71441K(349568K)
[2023-07-18T09:14:44.095+0000][1][gc,metaspace ] GC(44) Metaspace: 90973K->90973K(1132544K)
[2023-07-18T09:14:44.096+0000][1][gc           ] GC(44) Pause Young (Allocation Failure) 206M->70M(494M) 33.195ms
[2023-07-18T09:14:44.096+0000][1][gc,cpu       ] GC(44) User=0.06s Sys=0.01s Real=0.03s
[2023-07-18T09:14:44.096+0000][1][safepoint    ] Safepoint "GenCollectForAllocation", Time since last: 26588667 ns, Reaching safepoint: 1344125 ns, At safepoint: 34202708 ns, Total: 35546833 ns
[2023-07-18T09:14:45.103+0000][1][safepoint    ] Safepoint "Cleanup", Time since last: 1002013043 ns, Reaching safepoint: 4457958 ns, At safepoint: 137125 ns, Total: 4595083 ns
[2023-07-18T09:14:46.109+0000][1][safepoint    ] Safepoint "Cleanup", Time since last: 1002161792 ns, Reaching safepoint: 3180417 ns, At safepoint: 89958 ns, Total: 3270375 ns
[2023-07-18T09:14:47.110+0000][1][safepoint    ] Safepoint "Cleanup", Time since last: 1000963209 ns, Reaching safepoint: 1015458 ns, At safepoint: 21792 ns, Total: 1037250 ns
[2023-07-18T09:14:48.114+0000][1][safepoint    ] Safepoint "Cleanup", Time since last: 1000633291 ns, Reaching safepoint: 3199584 ns, At safepoint: 75500 ns, Total: 3275084 ns
[2023-07-18T09:14:49.119+0000][1][safepoint    ] Safepoint "Cleanup", Time since last: 1000918709 ns, Reaching safepoint: 4096208 ns, At safepoint: 92958 ns, Total: 4189166 ns
[2023-07-18T09:14:50.125+0000][1][safepoint    ] Safepoint "Cleanup", Time since last: 1001711167 ns, Reaching safepoint: 4275792 ns, At safepoint: 129333 ns, Total: 4405125 ns
[2023-07-18T09:14:51.132+0000][1][safepoint    ] Safepoint "Cleanup", Time since last: 1002920751 ns, Reaching safepoint: 3734458 ns, At safepoint: 166667 ns, Total: 3901125 ns
[2023-07-18T09:14:51.378+0000][1][safepoint    ] Safepoint "RevokeBias", Time since last: 245326958 ns, Reaching safepoint: 748750 ns, At safepoint: 172125 ns, Total: 920875 ns
[2023-07-18T09:14:51.382+0000][1][safepoint    ] Safepoint "RevokeBias", Time since last: 3090125 ns, Reaching safepoint: 857000 ns, At safepoint: 83250 ns, Total: 940250 ns
[2023-07-18T09:14:51.388+0000][1][safepoint    ] Safepoint "RevokeBias", Time since last: 4322334 ns, Reaching safepoint: 1209166 ns, At safepoint: 78167 ns, Total: 1287333 ns
[2023-07-18T09:14:51.414+0000][1][safepoint    ] Safepoint "RevokeBias", Time since last: 25519667 ns, Reaching safepoint: 679416 ns, At safepoint: 77875 ns, Total: 757291 ns
[2023-07-18T09:14:51.418+0000][1][safepoint    ] Safepoint "BulkRevokeBias", Time since last: 1128667 ns, Reaching safepoint: 527375 ns, At safepoint: 2512000 ns, Total: 3039375 ns
[2023-07-18T09:14:51.420+0000][1][safepoint    ] Safepoint "RevokeBias", Time since last: 1216417 ns, Reaching safepoint: 732833 ns, At safepoint: 57667 ns, Total: 790500 ns
[2023-07-18T09:14:52.487+0000][1][safepoint    ] Safepoint "Cleanup", Time since last: 1064156875 ns, Reaching safepoint: 2277625 ns, At safepoint: 45750 ns, Total: 2323375 ns
[2023-07-18T09:14:53.494+0000][1][safepoint    ] Safepoint "Cleanup", Time since last: 1001620834 ns, Reaching safepoint: 5100708 ns, At safepoint: 144667 ns, Total: 5245375 ns
[2023-07-18T09:14:54.497+0000][1][safepoint    ] Safepoint "Cleanup", Time since last: 1001636084 ns, Reaching safepoint: 1861916 ns, At safepoint: 39792 ns, Total: 1901708 ns
[2023-07-18T09:14:55.502+0000][1][safepoint    ] Safepoint "Cleanup", Time since last: 1000816334 ns, Reaching safepoint: 4029542 ns, At safepoint: 101541 ns, Total: 4131083 ns
[2023-07-18T09:14:56.505+0000][1][safepoint    ] Safepoint "Cleanup", Time since last: 1002442876 ns, Reaching safepoint: 705708 ns, At safepoint: 17583 ns, Total: 723291 ns
[2023-07-18T09:14:57.509+0000][1][safepoint    ] Safepoint "Cleanup", Time since last: 1000632501 ns, Reaching safepoint: 2321875 ns, At safepoint: 68833 ns, Total: 2390708 ns
[2023-07-18T09:14:58.515+0000][1][safepoint    ] Safepoint "Cleanup", Time since last: 1001880709 ns, Reaching safepoint: 4322875 ns, At safepoint: 155958 ns, Total: 4478833 ns
[2023-07-18T09:14:59.518+0000][1][safepoint    ] Safepoint "Cleanup", Time since last: 1001423418 ns, Reaching safepoint: 1774708 ns, At safepoint: 43167 ns, Total: 1817875 ns
[2023-07-18T09:15:00.524+0000][1][safepoint    ] Safepoint "Cleanup", Time since last: 1001032083 ns, Reaching safepoint: 4563500 ns, At safepoint: 191459 ns, Total: 4754959 ns
[2023-07-18T09:15:01.528+0000][1][safepoint    ] Safepoint "Cleanup", Time since last: 1002132875 ns, Reaching safepoint: 2082708 ns, At safepoint: 38209 ns, Total: 2120917 ns
[2023-07-18T09:15:02.534+0000][1][safepoint    ] Safepoint "Cleanup", Time since last: 1001364167 ns, Reaching safepoint: 3862750 ns, At safepoint: 106833 ns, Total: 3969583 ns
[2023-07-18T09:15:03.541+0000][1][safepoint    ] Safepoint "Cleanup", Time since last: 1002344001 ns, Reaching safepoint: 4825583 ns, At safepoint: 162208 ns, Total: 4987791 ns
[2023-07-18T09:15:04.049+0000][1][safepoint    ] Safepoint "RevokeBias", Time since last: 506185542 ns, Reaching safepoint: 1687750 ns, At safepoint: 356209 ns, Total: 2043959 ns
[2023-07-18T09:15:05.055+0000][1][safepoint    ] Safepoint "Cleanup", Time since last: 1001214917 ns, Reaching safepoint: 4725875 ns, At safepoint: 114792 ns, Total: 4840667 ns
[2023-07-18T09:15:06.058+0000][1][safepoint    ] Safepoint "Cleanup", Time since last: 1001866625 ns, Reaching safepoint: 639500 ns, At safepoint: 15417 ns, Total: 654917 ns
[2023-07-18T09:15:07.062+0000][1][safepoint    ] Safepoint "Cleanup", Time since last: 1000491750 ns, Reaching safepoint: 3921625 ns, At safepoint: 110792 ns, Total: 4032417 ns
[2023-07-18T09:15:08.068+0000][1][safepoint    ] Safepoint "Cleanup", Time since last: 1001870292 ns, Reaching safepoint: 3819917 ns, At safepoint: 107958 ns, Total: 3927875 ns
[2023-07-18T09:15:09.072+0000][1][safepoint    ] Safepoint "Cleanup", Time since last: 1001078500 ns, Reaching safepoint: 2813459 ns, At safepoint: 50500 ns, Total: 2863959 ns
[2023-07-18T09:15:10.078+0000][1][safepoint    ] Safepoint "Cleanup", Time since last: 1001324125 ns, Reaching safepoint: 4466250 ns, At safepoint: 141792 ns, Total: 4608042 ns
[2023-07-18T09:15:11.085+0000][1][safepoint    ] Safepoint "Cleanup", Time since last: 1003062542 ns, Reaching safepoint: 3969792 ns, At safepoint: 118916 ns, Total: 4088708 ns
[2023-07-18T09:15:12.090+0000][1][safepoint    ] Safepoint "Cleanup", Time since last: 1004249959 ns, Reaching safepoint: 890250 ns, At safepoint: 20292 ns, Total: 910542 ns
[2023-07-18T09:15:13.095+0000][1][safepoint    ] Safepoint "Cleanup", Time since last: 1001255084 ns, Reaching safepoint: 3792375 ns, At safepoint: 78041 ns, Total: 3870416 ns
[2023-07-18T09:15:14.056+0000][1][safepoint    ] Safepoint "BulkRevokeBias", Time since last: 956250501 ns, Reaching safepoint: 1886500 ns, At safepoint: 3104250 ns, Total: 4990750 ns
[2023-07-18T09:15:15.060+0000][1][safepoint    ] Safepoint "Cleanup", Time since last: 1001339750 ns, Reaching safepoint: 1649792 ns, At safepoint: 36583 ns, Total: 1686375 ns
[2023-07-18T09:15:16.064+0000][1][safepoint    ] Safepoint "Cleanup", Time since last: 1002246667 ns, Reaching safepoint: 1906792 ns, At safepoint: 43708 ns, Total: 1950500 ns
[2023-07-18T09:15:17.069+0000][1][safepoint    ] Safepoint "Cleanup", Time since last: 1001142334 ns, Reaching safepoint: 3836250 ns, At safepoint: 136667 ns, Total: 3972917 ns
[2023-07-18T09:15:18.073+0000][1][safepoint    ] Safepoint "Cleanup", Time since last: 1002923833 ns, Reaching safepoint: 974375 ns, At safepoint: 20125 ns, Total: 994500 ns
[2023-07-18T09:15:19.077+0000][1][safepoint    ] Safepoint "Cleanup", Time since last: 1000696626 ns, Reaching safepoint: 3293791 ns, At safepoint: 138834 ns, Total: 3432625 ns
[2023-07-18T09:15:20.081+0000][1][safepoint    ] Safepoint "Cleanup", Time since last: 1001418917 ns, Reaching safepoint: 2865916 ns, At safepoint: 60042 ns, Total: 2925958 ns
[2023-07-18T09:15:21.085+0000][1][safepoint    ] Safepoint "Cleanup", Time since last: 1003454459 ns, Reaching safepoint: 686042 ns, At safepoint: 15458 ns, Total: 701500 ns
[2023-07-18T09:15:22.090+0000][1][safepoint    ] Safepoint "Cleanup", Time since last: 1000624584 ns, Reaching safepoint: 3593916 ns, At safepoint: 124917 ns, Total: 3718833 ns
[2023-07-18T09:15:23.094+0000][1][safepoint    ] Safepoint "Cleanup", Time since last: 1001672459 ns, Reaching safepoint: 3066291 ns, At safepoint: 90500 ns, Total: 3156791 ns
[2023-07-18T09:15:24.049+0000][1][safepoint    ] Safepoint "RevokeBias", Time since last: 953263834 ns, Reaching safepoint: 1537584 ns, At safepoint: 346833 ns, Total: 1884417 ns
[2023-07-18T09:15:25.057+0000][1][safepoint    ] Safepoint "Cleanup", Time since last: 1003157417 ns, Reaching safepoint: 4008667 ns, At safepoint: 109250 ns, Total: 4117917 ns
[2023-07-18T09:15:26.062+0000][1][safepoint    ] Safepoint "Cleanup", Time since last: 1001159084 ns, Reaching safepoint: 4235750 ns, At safepoint: 105583 ns, Total: 4341333 ns
[2023-07-18T09:15:27.069+0000][1][safepoint    ] Safepoint "Cleanup", Time since last: 1003253209 ns, Reaching safepoint: 3146541 ns, At safepoint: 110917 ns, Total: 3257458 ns
[2023-07-18T09:15:28.074+0000][1][safepoint    ] Safepoint "Cleanup", Time since last: 1001852001 ns, Reaching safepoint: 3039708 ns, At safepoint: 86292 ns, Total: 3126000 ns
[2023-07-18T09:15:29.077+0000][1][safepoint    ] Safepoint "Cleanup", Time since last: 1001444042 ns, Reaching safepoint: 1683500 ns, At safepoint: 46875 ns, Total: 1730375 ns
[2023-07-18T09:15:30.082+0000][1][safepoint    ] Safepoint "Cleanup", Time since last: 1001212417 ns, Reaching safepoint: 3390375 ns, At safepoint: 110416 ns, Total: 3500791 ns
[2023-07-18T09:15:31.087+0000][1][safepoint    ] Safepoint "Cleanup", Time since last: 1002057001 ns, Reaching safepoint: 3604917 ns, At safepoint: 99833 ns, Total: 3704750 ns
[2023-07-18T09:15:32.092+0000][1][safepoint    ] Safepoint "Cleanup", Time since last: 1001442625 ns, Reaching safepoint: 3062500 ns, At safepoint: 84625 ns, Total: 3147125 ns
[2023-07-18T09:15:33.097+0000][1][safepoint    ] Safepoint "Cleanup", Time since last: 1003190668 ns, Reaching safepoint: 1452083 ns, At safepoint: 32250 ns, Total: 1484333 ns
[2023-07-18T09:15:34.028+0000][1][safepoint    ] Safepoint "RevokeBias", Time since last: 929614375 ns, Reaching safepoint: 1726584 ns, At safepoint: 510250 ns, Total: 2236834 ns
[2023-07-18T09:15:35.031+0000][1][safepoint    ] Safepoint "Cleanup", Time since last: 1000582583 ns, Reaching safepoint: 1477125 ns, At safepoint: 28542 ns, Total: 1505667 ns
[2023-07-18T09:15:36.037+0000][1][safepoint    ] Safepoint "Cleanup", Time since last: 1004776792 ns, Reaching safepoint: 1383084 ns, At safepoint: 32833 ns, Total: 1415917 ns
[2023-07-18T09:15:37.042+0000][1][safepoint    ] Safepoint "Cleanup", Time since last: 1001073000 ns, Reaching safepoint: 3724042 ns, At safepoint: 125375 ns, Total: 3849417 ns
[2023-07-18T09:15:38.048+0000][1][safepoint    ] Safepoint "Cleanup", Time since last: 1002458084 ns, Reaching safepoint: 3518458 ns, At safepoint: 87000 ns, Total: 3605458 ns
[2023-07-18T09:15:39.055+0000][1][safepoint    ] Safepoint "Cleanup", Time since last: 1003348501 ns, Reaching safepoint: 3811708 ns, At safepoint: 100500 ns, Total: 3912208 ns
[2023-07-18T09:15:40.059+0000][1][safepoint    ] Safepoint "Cleanup", Time since last: 1001999292 ns, Reaching safepoint: 1595209 ns, At safepoint: 34458 ns, Total: 1629667 ns
[2023-07-18T09:15:41.066+0000][1][safepoint    ] Safepoint "Cleanup", Time since last: 1002275834 ns, Reaching safepoint: 4733500 ns, At safepoint: 146916 ns, Total: 4880416 ns
[2023-07-18T09:15:42.069+0000][1][safepoint    ] Safepoint "Cleanup", Time since last: 1002460751 ns, Reaching safepoint: 813042 ns, At safepoint: 18750 ns, Total: 831792 ns
[2023-07-18T09:15:43.080+0000][1][safepoint    ] Safepoint "Cleanup", Time since last: 1005592417 ns, Reaching safepoint: 5142208 ns, At safepoint: 118292 ns, Total: 5260500 ns
[2023-07-18T09:15:44.037+0000][1][safepoint    ] Safepoint "RevokeBias", Time since last: 955796000 ns, Reaching safepoint: 1342667 ns, At safepoint: 346458 ns, Total: 1689125 ns
[2023-07-18T09:15:45.041+0000][1][safepoint    ] Safepoint "Cleanup", Time since last: 1000420959 ns, Reaching safepoint: 2696958 ns, At safepoint: 38667 ns, Total: 2735625 ns
[2023-07-18T09:15:46.045+0000][1][safepoint    ] Safepoint "Cleanup", Time since last: 1000888917 ns, Reaching safepoint: 3546833 ns, At safepoint: 102584 ns, Total: 3649417 ns
[2023-07-18T09:15:47.048+0000][1][safepoint    ] Safepoint "Cleanup", Time since last: 1001558042 ns, Reaching safepoint: 1357750 ns, At safepoint: 31625 ns, Total: 1389375 ns
[2023-07-18T09:15:48.056+0000][1][safepoint    ] Safepoint "Cleanup", Time since last: 1005232625 ns, Reaching safepoint: 3320542 ns, At safepoint: 126083 ns, Total: 3446625 ns
[2023-07-18T09:15:49.062+0000][1][safepoint    ] Safepoint "Cleanup", Time since last: 1001432251 ns, Reaching safepoint: 4203416 ns, At safepoint: 102000 ns, Total: 4305416 ns
[2023-07-18T09:15:50.070+0000][1][safepoint    ] Safepoint "Cleanup", Time since last: 1002085417 ns, Reaching safepoint: 5752334 ns, At safepoint: 170083 ns, Total: 5922417 ns
[2023-07-18T09:15:51.077+0000][1][safepoint    ] Safepoint "Cleanup", Time since last: 1005443292 ns, Reaching safepoint: 929000 ns, At safepoint: 21500 ns, Total: 950500 ns
[2023-07-18T09:15:52.415+0000][1][safepoint    ] Safepoint "RevokeBias", Time since last: 1336689084 ns, Reaching safepoint: 1351917 ns, At safepoint: 162208 ns, Total: 1514125 ns
[2023-07-18T09:15:52.442+0000][1][safepoint    ] Safepoint "RevokeBias", Time since last: 26443792 ns, Reaching safepoint: 772166 ns, At safepoint: 79167 ns, Total: 851333 ns
[2023-07-18T09:15:52.476+0000][1][safepoint    ] Safepoint "RevokeBias", Time since last: 32854750 ns, Reaching safepoint: 789417 ns, At safepoint: 98250 ns, Total: 887667 ns
[2023-07-18T09:15:52.477+0000][1][safepoint    ] Safepoint "RevokeBias", Time since last: 413458 ns, Reaching safepoint: 513500 ns, At safepoint: 66709 ns, Total: 580209 ns
[2023-07-18T09:15:52.480+0000][1][safepoint    ] Safepoint "RevokeBias", Time since last: 2364166 ns, Reaching safepoint: 738125 ns, At safepoint: 60542 ns, Total: 798667 ns
[2023-07-18T09:15:53.485+0000][1][safepoint    ] Safepoint "Cleanup", Time since last: 1000395042 ns, Reaching safepoint: 4433167 ns, At safepoint: 108125 ns, Total: 4541292 ns
[2023-07-18T09:15:54.487+0000][1][safepoint    ] Safepoint "Cleanup", Time since last: 1001641500 ns, Reaching safepoint: 894458 ns, At safepoint: 17084 ns, Total: 911542 ns
[2023-07-18T09:15:55.495+0000][1][safepoint    ] Safepoint "Cleanup", Time since last: 1003871209 ns, Reaching safepoint: 3056500 ns, At safepoint: 90541 ns, Total: 3147041 ns
[2023-07-18T09:15:56.499+0000][1][safepoint    ] Safepoint "Cleanup", Time since last: 1001581584 ns, Reaching safepoint: 2874792 ns, At safepoint: 74000 ns, Total: 2948792 ns
[2023-07-18T09:15:57.504+0000][1][safepoint    ] Safepoint "Cleanup", Time since last: 1000978917 ns, Reaching safepoint: 3638375 ns, At safepoint: 168000 ns, Total: 3806375 ns
[2023-07-18T09:15:58.515+0000][1][safepoint    ] Safepoint "Cleanup", Time since last: 1006789584 ns, Reaching safepoint: 4140291 ns, At safepoint: 96084 ns, Total: 4236375 ns
[2023-07-18T09:15:59.521+0000][1][safepoint    ] Safepoint "Cleanup", Time since last: 1002363917 ns, Reaching safepoint: 3955458 ns, At safepoint: 172167 ns, Total: 4127625 ns
[2023-07-18T09:16:00.527+0000][1][safepoint    ] Safepoint "Cleanup", Time since last: 1002141209 ns, Reaching safepoint: 2946458 ns, At safepoint: 112667 ns, Total: 3059125 ns
[2023-07-18T09:16:01.537+0000][1][safepoint    ] Safepoint "Cleanup", Time since last: 1006277917 ns, Reaching safepoint: 4124291 ns, At safepoint: 113500 ns, Total: 4237791 ns
[2023-07-18T09:16:02.543+0000][1][safepoint    ] Safepoint "Cleanup", Time since last: 1002348168 ns, Reaching safepoint: 3796000 ns, At safepoint: 249958 ns, Total: 4045958 ns
[2023-07-18T09:16:03.550+0000][1][safepoint    ] Safepoint "Cleanup", Time since last: 1003888917 ns, Reaching safepoint: 2801167 ns, At safepoint: 84625 ns, Total: 2885792 ns
[2023-07-18T09:16:04.557+0000][1][safepoint    ] Safepoint "Cleanup", Time since last: 1002623250 ns, Reaching safepoint: 3787500 ns, At safepoint: 117959 ns, Total: 3905459 ns
[2023-07-18T09:16:05.562+0000][1][safepoint    ] Safepoint "Cleanup", Time since last: 1001114083 ns, Reaching safepoint: 3531250 ns, At safepoint: 103834 ns, Total: 3635084 ns
[2023-07-18T09:16:06.565+0000][1][safepoint    ] Safepoint "Cleanup", Time since last: 1002596042 ns, Reaching safepoint: 1245458 ns, At safepoint: 28500 ns, Total: 1273958 ns
[2023-07-18T09:16:07.571+0000][1][safepoint    ] Safepoint "Cleanup", Time since last: 1001218167 ns, Reaching safepoint: 4533709 ns, At safepoint: 148750 ns, Total: 4682459 ns
[2023-07-18T09:16:08.578+0000][1][safepoint    ] Safepoint "Cleanup", Time since last: 1003126834 ns, Reaching safepoint: 3737791 ns, At safepoint: 132709 ns, Total: 3870500 ns
[2023-07-18T09:16:09.584+0000][1][safepoint    ] Safepoint "Cleanup", Time since last: 1001745000 ns, Reaching safepoint: 4064625 ns, At safepoint: 98083 ns, Total: 4162708 ns
[2023-07-18T09:16:10.588+0000][1][safepoint    ] Safepoint "Cleanup", Time since last: 1001402792 ns, Reaching safepoint: 2194042 ns, At safepoint: 104083 ns, Total: 2298125 ns
[2023-07-18T09:16:11.593+0000][1][safepoint    ] Safepoint "Cleanup", Time since last: 1000868668 ns, Reaching safepoint: 3569416 ns, At safepoint: 85709 ns, Total: 3655125 ns
[2023-07-18T09:16:12.598+0000][1][safepoint    ] Safepoint "Cleanup", Time since last: 1001570042 ns, Reaching safepoint: 4039291 ns, At safepoint: 96584 ns, Total: 4135875 ns
[2023-07-18T09:16:13.604+0000][1][safepoint    ] Safepoint "Cleanup", Time since last: 1001643292 ns, Reaching safepoint: 4264125 ns, At safepoint: 120667 ns, Total: 4384792 ns
[2023-07-18T09:16:14.611+0000][1][safepoint    ] Safepoint "Cleanup", Time since last: 1002307542 ns, Reaching safepoint: 4343250 ns, At safepoint: 114625 ns, Total: 4457875 ns
[2023-07-18T09:16:15.619+0000][1][safepoint    ] Safepoint "Cleanup", Time since last: 1004116792 ns, Reaching safepoint: 3911667 ns, At safepoint: 86625 ns, Total: 3998292 ns
[2023-07-18T09:16:16.627+0000][1][safepoint    ] Safepoint "Cleanup", Time since last: 1002884417 ns, Reaching safepoint: 4476208 ns, At safepoint: 144542 ns, Total: 4620750 ns
[2023-07-18T09:16:17.633+0000][1][safepoint    ] Safepoint "Cleanup", Time since last: 1002214583 ns, Reaching safepoint: 4062291 ns, At safepoint: 99375 ns, Total: 4161666 ns
[2023-07-18T09:16:18.639+0000][1][safepoint    ] Safepoint "Cleanup", Time since last: 1001620251 ns, Reaching safepoint: 4276291 ns, At safepoint: 115875 ns, Total: 4392166 ns
[2023-07-18T09:16:19.644+0000][1][safepoint    ] Safepoint "Cleanup", Time since last: 1002632834 ns, Reaching safepoint: 2921875 ns, At safepoint: 81917 ns, Total: 3003792 ns
[2023-07-18T09:16:20.650+0000][1][safepoint    ] Safepoint "Cleanup", Time since last: 1001807584 ns, Reaching safepoint: 4005166 ns, At safepoint: 96875 ns, Total: 4102041 ns
[2023-07-18T09:16:21.654+0000][1][safepoint    ] Safepoint "Cleanup", Time since last: 1001628001 ns, Reaching safepoint: 2393250 ns, At safepoint: 32750 ns, Total: 2426000 ns
[2023-07-18T09:16:22.659+0000][1][safepoint    ] Safepoint "Cleanup", Time since last: 1001437584 ns, Reaching safepoint: 3359208 ns, At safepoint: 83958 ns, Total: 3443166 ns
[2023-07-18T09:16:23.665+0000][1][safepoint    ] Safepoint "Cleanup", Time since last: 1001947042 ns, Reaching safepoint: 3859000 ns, At safepoint: 142375 ns, Total: 4001375 ns
[2023-07-18T09:16:24.059+0000][1][safepoint    ] Safepoint "RevokeBias", Time since last: 390490292 ns, Reaching safepoint: 1635959 ns, At safepoint: 1414875 ns, Total: 3050834 ns
[2023-07-18T09:16:25.487+0000][1][safepoint    ] Safepoint "Cleanup", Time since last: 1425107375 ns, Reaching safepoint: 3129959 ns, At safepoint: 82583 ns, Total: 3212542 ns
[2023-07-18T09:16:26.491+0000][1][safepoint    ] Safepoint "Cleanup", Time since last: 1001000917 ns, Reaching safepoint: 3086667 ns, At safepoint: 106000 ns, Total: 3192667 ns
[2023-07-18T09:16:27.495+0000][1][safepoint    ] Safepoint "Cleanup", Time since last: 1002456542 ns, Reaching safepoint: 1547583 ns, At safepoint: 36375 ns, Total: 1583958 ns
[2023-07-18T09:16:28.499+0000][1][safepoint    ] Safepoint "Cleanup", Time since last: 1002325334 ns, Reaching safepoint: 928292 ns, At safepoint: 19416 ns, Total: 947708 ns
[2023-07-18T09:16:29.502+0000][1][safepoint    ] Safepoint "Cleanup", Time since last: 1001230543 ns, Reaching safepoint: 1822666 ns, At safepoint: 47417 ns, Total: 1870083 ns
[2023-07-18T09:16:30.508+0000][1][safepoint    ] Safepoint "Cleanup", Time since last: 1001742500 ns, Reaching safepoint: 3997375 ns, At safepoint: 128834 ns, Total: 4126209 ns
[2023-07-18T09:16:31.516+0000][1][safepoint    ] Safepoint "Cleanup", Time since last: 1002036542 ns, Reaching safepoint: 5866375 ns, At safepoint: 244166 ns, Total: 6110541 ns
[2023-07-18T09:16:32.518+0000][1][safepoint    ] Safepoint "Cleanup", Time since last: 1001668793 ns, Reaching safepoint: 626208 ns, At safepoint: 14667 ns, Total: 640875 ns
[2023-07-18T09:16:33.523+0000][1][safepoint    ] Safepoint "Cleanup", Time since last: 1000662417 ns, Reaching safepoint: 4303375 ns, At safepoint: 195583 ns, Total: 4498958 ns
[2023-07-18T09:16:34.530+0000][1][safepoint    ] Safepoint "Cleanup", Time since last: 1002602334 ns, Reaching safepoint: 4534375 ns, At safepoint: 103125 ns, Total: 4637500 ns
[2023-07-18T09:16:35.538+0000][1][safepoint    ] Safepoint "Cleanup", Time since last: 1003668209 ns, Reaching safepoint: 4003875 ns, At safepoint: 151958 ns, Total: 4155833 ns
[2023-07-18T09:16:36.542+0000][1][safepoint    ] Safepoint "Cleanup", Time since last: 1001770584 ns, Reaching safepoint: 1699083 ns, At safepoint: 32625 ns, Total: 1731708 ns
[2023-07-18T09:16:37.545+0000][1][safepoint    ] Safepoint "Cleanup", Time since last: 1002080751 ns, Reaching safepoint: 1115250 ns, At safepoint: 24250 ns, Total: 1139500 ns
[2023-07-18T09:16:38.551+0000][1][safepoint    ] Safepoint "Cleanup", Time since last: 1002102000 ns, Reaching safepoint: 3963834 ns, At safepoint: 144833 ns, Total: 4108667 ns
[2023-07-18T09:16:39.553+0000][1][safepoint    ] Safepoint "Cleanup", Time since last: 1001345959 ns, Reaching safepoint: 703875 ns, At safepoint: 14833 ns, Total: 718708 ns
[2023-07-18T09:16:40.556+0000][1][safepoint    ] Safepoint "Cleanup", Time since last: 1000474667 ns, Reaching safepoint: 2386417 ns, At safepoint: 71500 ns, Total: 2457917 ns
[2023-07-18T09:16:41.561+0000][1][safepoint    ] Safepoint "Cleanup", Time since last: 1001595375 ns, Reaching safepoint: 2930500 ns, At safepoint: 84750 ns, Total: 3015250 ns
[2023-07-18T09:16:42.563+0000][1][safepoint    ] Safepoint "Cleanup", Time since last: 1001460459 ns, Reaching safepoint: 901250 ns, At safepoint: 23125 ns, Total: 924375 ns
[2023-07-18T09:16:43.564+0000][1][safepoint    ] Safepoint "Cleanup", Time since last: 1000482042 ns, Reaching safepoint: 673000 ns, At safepoint: 17375 ns, Total: 690375 ns
[2023-07-18T09:16:43.997+0000][1][gc,start     ] GC(45) Pause Young (Allocation Failure)
[2023-07-18T09:16:43.999+0000][1][gc,task      ] GC(45) Using 4 workers of 4 for evacuation
[2023-07-18T09:16:44.025+0000][1][gc,age       ] GC(45) Desired survivor size 8945664 bytes, new threshold 6 (max threshold 6)
[2023-07-18T09:16:44.025+0000][1][gc,age       ] GC(45) Age table with threshold 6 (max threshold 6)
[2023-07-18T09:16:44.025+0000][1][gc,age       ] GC(45) - age   1:      91128 bytes,      91128 total
[2023-07-18T09:16:44.026+0000][1][gc,age       ] GC(45) - age   2:      10304 bytes,     101432 total
[2023-07-18T09:16:44.026+0000][1][gc,age       ] GC(45) - age   3:       2280 bytes,     103712 total
[2023-07-18T09:16:44.026+0000][1][gc,age       ] GC(45) - age   4:       3504 bytes,     107216 total
[2023-07-18T09:16:44.026+0000][1][gc,age       ] GC(45) - age   5:       2448 bytes,     109664 total
[2023-07-18T09:16:44.026+0000][1][gc,age       ] GC(45) - age   6:      10560 bytes,     120224 total
[2023-07-18T09:16:44.027+0000][1][gc,heap      ] GC(45) ParNew: 140038K->217K(157248K)
[2023-07-18T09:16:44.027+0000][1][gc,heap      ] GC(45) CMS: 71441K->71462K(349568K)
[2023-07-18T09:16:44.027+0000][1][gc,metaspace ] GC(45) Metaspace: 90993K->90993K(1132544K)
[2023-07-18T09:16:44.028+0000][1][gc           ] GC(45) Pause Young (Allocation Failure) 206M->70M(494M) 31.766ms
[2023-07-18T09:16:44.028+0000][1][gc,cpu       ] GC(45) User=0.05s Sys=0.01s Real=0.03s
[2023-07-18T09:16:44.029+0000][1][safepoint    ] Safepoint "GenCollectForAllocation", Time since last: 431036834 ns, Reaching safepoint: 630750 ns, At safepoint: 32640666 ns, Total: 33271416 ns
[2023-07-18T09:16:45.033+0000][1][safepoint    ] Safepoint "Cleanup", Time since last: 1000591709 ns, Reaching safepoint: 3328125 ns, At safepoint: 94000 ns, Total: 3422125 ns
[2023-07-18T09:16:46.040+0000][1][safepoint    ] Safepoint "Cleanup", Time since last: 1002564876 ns, Reaching safepoint: 4192416 ns, At safepoint: 176334 ns, Total: 4368750 ns
[2023-07-18T09:16:47.046+0000][1][safepoint    ] Safepoint "Cleanup", Time since last: 1003034709 ns, Reaching safepoint: 3189000 ns, At safepoint: 78458 ns, Total: 3267458 ns
[2023-07-18T09:16:48.049+0000][1][safepoint    ] Safepoint "Cleanup", Time since last: 1001655916 ns, Reaching safepoint: 2027000 ns, At safepoint: 46292 ns, Total: 2073292 ns
[2023-07-18T09:16:49.056+0000][1][safepoint    ] Safepoint "Cleanup", Time since last: 1001778209 ns, Reaching safepoint: 4704875 ns, At safepoint: 167250 ns, Total: 4872125 ns
[2023-07-18T09:16:50.060+0000][1][safepoint    ] Safepoint "Cleanup", Time since last: 1001368917 ns, Reaching safepoint: 2829958 ns, At safepoint: 78625 ns, Total: 2908583 ns
[2023-07-18T09:16:51.066+0000][1][safepoint    ] Safepoint "Cleanup", Time since last: 1001696667 ns, Reaching safepoint: 4094375 ns, At safepoint: 104417 ns, Total: 4198792 ns
[2023-07-18T09:16:52.072+0000][1][safepoint    ] Safepoint "Cleanup", Time since last: 1002131709 ns, Reaching safepoint: 3958250 ns, At safepoint: 126833 ns, Total: 4085083 ns
[2023-07-18T09:16:53.077+0000][1][safepoint    ] Safepoint "Cleanup", Time since last: 1001256167 ns, Reaching safepoint: 2845042 ns, At safepoint: 266208 ns, Total: 3111250 ns
[2023-07-18T09:16:53.411+0000][1][safepoint    ] Safepoint "RevokeBias", Time since last: 333580959 ns, Reaching safepoint: 809875 ns, At safepoint: 199416 ns, Total: 1009291 ns
[2023-07-18T09:16:53.415+0000][1][safepoint    ] Safepoint "RevokeBias", Time since last: 2792292 ns, Reaching safepoint: 597250 ns, At safepoint: 162958 ns, Total: 760208 ns
[2023-07-18T09:16:53.419+0000][1][safepoint    ] Safepoint "RevokeBias", Time since last: 4005042 ns, Reaching safepoint: 663958 ns, At safepoint: 72375 ns, Total: 736333 ns
[2023-07-18T09:16:53.449+0000][1][safepoint    ] Safepoint "RevokeBias", Time since last: 28334709 ns, Reaching safepoint: 848958 ns, At safepoint: 149417 ns, Total: 998375 ns
[2023-07-18T09:16:53.468+0000][1][safepoint    ] Safepoint "RevokeBias", Time since last: 17812416 ns, Reaching safepoint: 1616167 ns, At safepoint: 72375 ns, Total: 1688542 ns
[2023-07-18T09:16:54.051+0000][1][safepoint    ] Safepoint "RevokeBias", Time since last: 580884500 ns, Reaching safepoint: 1838250 ns, At safepoint: 373334 ns, Total: 2211584 ns
[2023-07-18T09:16:55.092+0000][1][safepoint    ] Safepoint "Cleanup", Time since last: 1035994500 ns, Reaching safepoint: 4340000 ns, At safepoint: 80292 ns, Total: 4420292 ns
[2023-07-18T09:16:56.099+0000][1][safepoint    ] Safepoint "Cleanup", Time since last: 1002019209 ns, Reaching safepoint: 4780166 ns, At safepoint: 143542 ns, Total: 4923708 ns
[2023-07-18T09:16:57.108+0000][1][safepoint    ] Safepoint "Cleanup", Time since last: 1003563292 ns, Reaching safepoint: 5012167 ns, At safepoint: 140750 ns, Total: 5152917 ns
[2023-07-18T09:16:58.112+0000][1][safepoint    ] Safepoint "Cleanup", Time since last: 1002668084 ns, Reaching safepoint: 1713166 ns, At safepoint: 36959 ns, Total: 1750125 ns
[2023-07-18T09:16:59.117+0000][1][safepoint    ] Safepoint "Cleanup", Time since last: 1001108208 ns, Reaching safepoint: 4159500 ns, At safepoint: 96834 ns, Total: 4256334 ns
[2023-07-18T09:17:00.125+0000][1][safepoint    ] Safepoint "Cleanup", Time since last: 1004598833 ns, Reaching safepoint: 3334375 ns, At safepoint: 95375 ns, Total: 3429750 ns
[2023-07-18T09:17:01.131+0000][1][safepoint    ] Safepoint "Cleanup", Time since last: 1001795459 ns, Reaching safepoint: 4136917 ns, At safepoint: 127083 ns, Total: 4264000 ns
[2023-07-18T09:17:02.138+0000][1][safepoint    ] Safepoint "Cleanup", Time since last: 1001920876 ns, Reaching safepoint: 4792083 ns, At safepoint: 107000 ns, Total: 4899083 ns
[2023-07-18T09:17:03.146+0000][1][safepoint    ] Safepoint "Cleanup", Time since last: 1003339501 ns, Reaching safepoint: 4084666 ns, At safepoint: 128917 ns, Total: 4213583 ns
[2023-07-18T09:17:04.150+0000][1][safepoint    ] Safepoint "Cleanup", Time since last: 1001334959 ns, Reaching safepoint: 2729416 ns, At safepoint: 27459 ns, Total: 2756875 ns
[2023-07-18T09:17:05.156+0000][1][safepoint    ] Safepoint "Cleanup", Time since last: 1003006542 ns, Reaching safepoint: 3403583 ns, At safepoint: 94209 ns, Total: 3497792 ns
[2023-07-18T09:17:06.161+0000][1][safepoint    ] Safepoint "Cleanup", Time since last: 1001093708 ns, Reaching safepoint: 3669084 ns, At safepoint: 110750 ns, Total: 3779834 ns
[2023-07-18T09:17:07.166+0000][1][safepoint    ] Safepoint "Cleanup", Time since last: 1001352459 ns, Reaching safepoint: 3263583 ns, At safepoint: 96917 ns, Total: 3360500 ns
[2023-07-18T09:17:08.171+0000][1][safepoint    ] Safepoint "Cleanup", Time since last: 1003306917 ns, Reaching safepoint: 1357041 ns, At safepoint: 31792 ns, Total: 1388833 ns
[2023-07-18T09:17:09.176+0000][1][safepoint    ] Safepoint "Cleanup", Time since last: 1000805500 ns, Reaching safepoint: 4251917 ns, At safepoint: 135667 ns, Total: 4387584 ns
[2023-07-18T09:17:10.183+0000][1][safepoint    ] Safepoint "Cleanup", Time since last: 1001728042 ns, Reaching safepoint: 4703708 ns, At safepoint: 678875 ns, Total: 5382583 ns
[2023-07-18T09:17:11.191+0000][1][safepoint    ] Safepoint "Cleanup", Time since last: 1001103167 ns, Reaching safepoint: 6723625 ns, At safepoint: 112834 ns, Total: 6836459 ns
[2023-07-18T09:17:12.193+0000][1][safepoint    ] Safepoint "Cleanup", Time since last: 1000873417 ns, Reaching safepoint: 834833 ns, At safepoint: 21709 ns, Total: 856542 ns
[2023-07-18T09:17:13.198+0000][1][safepoint    ] Safepoint "Cleanup", Time since last: 1001491750 ns, Reaching safepoint: 3351542 ns, At safepoint: 83875 ns, Total: 3435417 ns
[2023-07-18T09:17:14.200+0000][1][safepoint    ] Safepoint "Cleanup", Time since last: 1002050875 ns, Reaching safepoint: 857334 ns, At safepoint: 16125 ns, Total: 873459 ns
[2023-07-18T09:17:15.204+0000][1][safepoint    ] Safepoint "Cleanup", Time since last: 1000448917 ns, Reaching safepoint: 2997541 ns, At safepoint: 195417 ns, Total: 3192958 ns
[2023-07-18T09:17:16.211+0000][1][safepoint    ] Safepoint "Cleanup", Time since last: 1003485834 ns, Reaching safepoint: 3513458 ns, At safepoint: 89500 ns, Total: 3602958 ns
[2023-07-18T09:17:17.217+0000][1][safepoint    ] Safepoint "Cleanup", Time since last: 1001847584 ns, Reaching safepoint: 3997917 ns, At safepoint: 93958 ns, Total: 4091875 ns
[2023-07-18T09:17:18.221+0000][1][safepoint    ] Safepoint "Cleanup", Time since last: 1002294500 ns, Reaching safepoint: 1730458 ns, At safepoint: 38833 ns, Total: 1769291 ns
[2023-07-18T09:17:19.225+0000][1][safepoint    ] Safepoint "Cleanup", Time since last: 1002642584 ns, Reaching safepoint: 1189625 ns, At safepoint: 27667 ns, Total: 1217292 ns
[2023-07-18T09:17:20.228+0000][1][safepoint    ] Safepoint "Cleanup", Time since last: 1000591542 ns, Reaching safepoint: 3018875 ns, At safepoint: 120542 ns, Total: 3139417 ns
[2023-07-18T09:17:21.236+0000][1][safepoint    ] Safepoint "Cleanup", Time since last: 1002447292 ns, Reaching safepoint: 4313583 ns, At safepoint: 302875 ns, Total: 4616458 ns
[2023-07-18T09:17:22.243+0000][1][safepoint    ] Safepoint "Cleanup", Time since last: 1003521709 ns, Reaching safepoint: 3861208 ns, At safepoint: 111459 ns, Total: 3972667 ns
[2023-07-18T09:17:23.250+0000][1][safepoint    ] Safepoint "Cleanup", Time since last: 1002193125 ns, Reaching safepoint: 4274334 ns, At safepoint: 111250 ns, Total: 4385584 ns
[2023-07-18T09:17:24.252+0000][1][safepoint    ] Safepoint "Cleanup", Time since last: 1001498375 ns, Reaching safepoint: 1093667 ns, At safepoint: 25250 ns, Total: 1118917 ns
[2023-07-18T09:17:25.257+0000][1][safepoint    ] Safepoint "Cleanup", Time since last: 1000976208 ns, Reaching safepoint: 4015792 ns, At safepoint: 89875 ns, Total: 4105667 ns
[2023-07-18T09:17:26.262+0000][1][safepoint    ] Safepoint "Cleanup", Time since last: 1001991292 ns, Reaching safepoint: 3136292 ns, At safepoint: 67250 ns, Total: 3203542 ns
[2023-07-18T09:17:27.268+0000][1][safepoint    ] Safepoint "Cleanup", Time since last: 1001344917 ns, Reaching safepoint: 4022583 ns, At safepoint: 116667 ns, Total: 4139250 ns
[2023-07-18T09:17:28.272+0000][1][safepoint    ] Safepoint "Cleanup", Time since last: 1002531459 ns, Reaching safepoint: 1314292 ns, At safepoint: 31583 ns, Total: 1345875 ns
[2023-07-18T09:17:29.278+0000][1][safepoint    ] Safepoint "Cleanup", Time since last: 1001642042 ns, Reaching safepoint: 4504250 ns, At safepoint: 111375 ns, Total: 4615625 ns
[2023-07-18T09:17:30.282+0000][1][safepoint    ] Safepoint "Cleanup", Time since last: 1001606917 ns, Reaching safepoint: 2441042 ns, At safepoint: 77542 ns, Total: 2518584 ns
[2023-07-18T09:17:31.806+0000][1][safepoint    ] Safepoint "Cleanup", Time since last: 1522565000 ns, Reaching safepoint: 979792 ns, At safepoint: 22000 ns, Total: 1001792 ns
[2023-07-18T09:17:32.811+0000][1][safepoint    ] Safepoint "Cleanup", Time since last: 1000651042 ns, Reaching safepoint: 3987500 ns, At safepoint: 94375 ns, Total: 4081875 ns
[2023-07-18T09:17:33.815+0000][1][safepoint    ] Safepoint "Cleanup", Time since last: 1001638167 ns, Reaching safepoint: 2810917 ns, At safepoint: 76083 ns, Total: 2887000 ns
[2023-07-18T09:17:34.819+0000][1][safepoint    ] Safepoint "Cleanup", Time since last: 1001391959 ns, Reaching safepoint: 2763375 ns, At safepoint: 76250 ns, Total: 2839625 ns
[2023-07-18T09:17:35.823+0000][1][safepoint    ] Safepoint "Cleanup", Time since last: 1001976584 ns, Reaching safepoint: 1422250 ns, At safepoint: 34500 ns, Total: 1456750 ns
[2023-07-18T09:17:36.825+0000][1][safepoint    ] Safepoint "Cleanup", Time since last: 1001568125 ns, Reaching safepoint: 1048750 ns, At safepoint: 31959 ns, Total: 1080709 ns
[2023-07-18T09:17:37.832+0000][1][safepoint    ] Safepoint "Cleanup", Time since last: 1001911625 ns, Reaching safepoint: 4522292 ns, At safepoint: 96375 ns, Total: 4618667 ns
[2023-07-18T09:17:38.835+0000][1][safepoint    ] Safepoint "Cleanup", Time since last: 1001586500 ns, Reaching safepoint: 1747959 ns, At safepoint: 42708 ns, Total: 1790667 ns
[2023-07-18T09:17:39.841+0000][1][safepoint    ] Safepoint "Cleanup", Time since last: 1001767375 ns, Reaching safepoint: 3996875 ns, At safepoint: 124250 ns, Total: 4121125 ns
[2023-07-18T09:17:40.845+0000][1][safepoint    ] Safepoint "Cleanup", Time since last: 1001775126 ns, Reaching safepoint: 1724667 ns, At safepoint: 38958 ns, Total: 1763625 ns
[2023-07-18T09:17:41.851+0000][1][safepoint    ] Safepoint "Cleanup", Time since last: 1002439959 ns, Reaching safepoint: 3480416 ns, At safepoint: 74584 ns, Total: 3555000 ns
[2023-07-18T09:17:42.859+0000][1][safepoint    ] Safepoint "Cleanup", Time since last: 1004904334 ns, Reaching safepoint: 3332083 ns, At safepoint: 110542 ns, Total: 3442625 ns
[2023-07-18T09:17:43.864+0000][1][safepoint    ] Safepoint "Cleanup", Time since last: 1001545708 ns, Reaching safepoint: 3554792 ns, At safepoint: 72542 ns, Total: 3627334 ns
[2023-07-18T09:17:44.874+0000][1][safepoint    ] Safepoint "Cleanup", Time since last: 1003082709 ns, Reaching safepoint: 4851833 ns, At safepoint: 304833 ns, Total: 5156666 ns
[2023-07-18T09:17:45.882+0000][1][safepoint    ] Safepoint "Cleanup", Time since last: 1008128292 ns, Reaching safepoint: 1014042 ns, At safepoint: 23083 ns, Total: 1037125 ns
[2023-07-18T09:17:46.883+0000][1][safepoint    ] Safepoint "Cleanup", Time since last: 1000556834 ns, Reaching safepoint: 812875 ns, At safepoint: 22750 ns, Total: 835625 ns
[2023-07-18T09:17:47.891+0000][1][safepoint    ] Safepoint "Cleanup", Time since last: 1000517084 ns, Reaching safepoint: 7465916 ns, At safepoint: 88584 ns, Total: 7554500 ns
[2023-07-18T09:17:48.895+0000][1][safepoint    ] Safepoint "Cleanup", Time since last: 1001162583 ns, Reaching safepoint: 2702209 ns, At safepoint: 70708 ns, Total: 2772917 ns
[2023-07-18T09:17:49.897+0000][1][safepoint    ] Safepoint "Cleanup", Time since last: 1001214626 ns, Reaching safepoint: 1027541 ns, At safepoint: 22584 ns, Total: 1050125 ns
[2023-07-18T09:17:50.899+0000][1][safepoint    ] Safepoint "Cleanup", Time since last: 1000549875 ns, Reaching safepoint: 1313250 ns, At safepoint: 27292 ns, Total: 1340542 ns
[2023-07-18T09:17:51.901+0000][1][safepoint    ] Safepoint "Cleanup", Time since last: 1000855334 ns, Reaching safepoint: 821625 ns, At safepoint: 18083 ns, Total: 839708 ns
[2023-07-18T09:17:52.909+0000][1][safepoint    ] Safepoint "Cleanup", Time since last: 1000946459 ns, Reaching safepoint: 7015125 ns, At safepoint: 91250 ns, Total: 7106375 ns
[2023-07-18T09:17:54.004+0000][1][safepoint    ] Safepoint "Cleanup", Time since last: 1094235834 ns, Reaching safepoint: 949375 ns, At safepoint: 18958 ns, Total: 968333 ns
[2023-07-18T09:17:54.373+0000][1][safepoint    ] Safepoint "RevokeBias", Time since last: 368207667 ns, Reaching safepoint: 777958 ns, At safepoint: 723917 ns, Total: 1501875 ns
[2023-07-18T09:17:54.375+0000][1][safepoint    ] Safepoint "RevokeBias", Time since last: 717791 ns, Reaching safepoint: 659750 ns, At safepoint: 42292 ns, Total: 702042 ns
[2023-07-18T09:17:54.377+0000][1][safepoint    ] Safepoint "RevokeBias", Time since last: 1134458 ns, Reaching safepoint: 412792 ns, At safepoint: 322667 ns, Total: 735459 ns
[2023-07-18T09:17:54.407+0000][1][safepoint    ] Safepoint "RevokeBias", Time since last: 29081291 ns, Reaching safepoint: 772334 ns, At safepoint: 126750 ns, Total: 899084 ns
[2023-07-18T09:17:54.409+0000][1][safepoint    ] Safepoint "RevokeBias", Time since last: 1549041 ns, Reaching safepoint: 455792 ns, At safepoint: 59333 ns, Total: 515125 ns
[2023-07-18T09:17:55.410+0000][1][safepoint    ] Safepoint "Cleanup", Time since last: 1000365543 ns, Reaching safepoint: 868291 ns, At safepoint: 16834 ns, Total: 885125 ns
[2023-07-18T09:17:56.412+0000][1][safepoint    ] Safepoint "Cleanup", Time since last: 1000392833 ns, Reaching safepoint: 1490875 ns, At safepoint: 31125 ns, Total: 1522000 ns
[2023-07-18T09:17:57.415+0000][1][safepoint    ] Safepoint "Cleanup", Time since last: 1002643668 ns, Reaching safepoint: 802916 ns, At safepoint: 15917 ns, Total: 818833 ns
[2023-07-18T09:17:58.417+0000][1][safepoint    ] Safepoint "Cleanup", Time since last: 1000393084 ns, Reaching safepoint: 743833 ns, At safepoint: 16750 ns, Total: 760583 ns
[2023-07-18T09:17:59.421+0000][1][safepoint    ] Safepoint "Cleanup", Time since last: 1000840292 ns, Reaching safepoint: 3817583 ns, At safepoint: 85417 ns, Total: 3903000 ns
[2023-07-18T09:18:00.424+0000][1][safepoint    ] Safepoint "Cleanup", Time since last: 1002208834 ns, Reaching safepoint: 612792 ns, At safepoint: 13083 ns, Total: 625875 ns
[2023-07-18T09:18:01.427+0000][1][safepoint    ] Safepoint "Cleanup", Time since last: 1000552584 ns, Reaching safepoint: 1762666 ns, At safepoint: 33792 ns, Total: 1796458 ns
[2023-07-18T09:18:02.432+0000][1][safepoint    ] Safepoint "Cleanup", Time since last: 1001745834 ns, Reaching safepoint: 3289208 ns, At safepoint: 79500 ns, Total: 3368708 ns
[2023-07-18T09:18:03.437+0000][1][safepoint    ] Safepoint "Cleanup", Time since last: 1001322042 ns, Reaching safepoint: 3751459 ns, At safepoint: 87750 ns, Total: 3839209 ns
[2023-07-18T09:18:04.033+0000][1][safepoint    ] Safepoint "RevokeBias", Time since last: 594603042 ns, Reaching safepoint: 1419458 ns, At safepoint: 109292 ns, Total: 1528750 ns
[2023-07-18T09:18:05.038+0000][1][safepoint    ] Safepoint "Cleanup", Time since last: 1002921875 ns, Reaching safepoint: 1771208 ns, At safepoint: 45000 ns, Total: 1816208 ns
[2023-07-18T09:18:06.041+0000][1][safepoint    ] Safepoint "Cleanup", Time since last: 1001521126 ns, Reaching safepoint: 1377417 ns, At safepoint: 30541 ns, Total: 1407958 ns
[2023-07-18T09:18:07.046+0000][1][safepoint    ] Safepoint "Cleanup", Time since last: 1002534709 ns, Reaching safepoint: 2571750 ns, At safepoint: 75417 ns, Total: 2647167 ns
[2023-07-18T09:18:08.051+0000][1][safepoint    ] Safepoint "Cleanup", Time since last: 1001118417 ns, Reaching safepoint: 4330083 ns, At safepoint: 88375 ns, Total: 4418458 ns
[2023-07-18T09:18:09.055+0000][1][safepoint    ] Safepoint "Cleanup", Time since last: 1002221292 ns, Reaching safepoint: 1697917 ns, At safepoint: 37625 ns, Total: 1735542 ns
[2023-07-18T09:18:10.059+0000][1][safepoint    ] Safepoint "Cleanup", Time since last: 1000798334 ns, Reaching safepoint: 2579792 ns, At safepoint: 97166 ns, Total: 2676958 ns
[2023-07-18T09:18:11.063+0000][1][safepoint    ] Safepoint "Cleanup", Time since last: 1002184459 ns, Reaching safepoint: 2007167 ns, At safepoint: 43083 ns, Total: 2050250 ns
[2023-07-18T09:18:12.068+0000][1][safepoint    ] Safepoint "Cleanup", Time since last: 1000913042 ns, Reaching safepoint: 3708834 ns, At safepoint: 95166 ns, Total: 3804000 ns
[2023-07-18T09:18:13.072+0000][1][safepoint    ] Safepoint "Cleanup", Time since last: 1001417876 ns, Reaching safepoint: 2552125 ns, At safepoint: 117166 ns, Total: 2669291 ns
[2023-07-18T09:18:14.076+0000][1][safepoint    ] Safepoint "Cleanup", Time since last: 1002940001 ns, Reaching safepoint: 1553291 ns, At safepoint: 19709 ns, Total: 1573000 ns
[2023-07-18T09:18:15.082+0000][1][safepoint    ] Safepoint "Cleanup", Time since last: 1001284042 ns, Reaching safepoint: 4161208 ns, At safepoint: 113417 ns, Total: 4274625 ns
[2023-07-18T09:18:16.086+0000][1][safepoint    ] Safepoint "Cleanup", Time since last: 1003105042 ns, Reaching safepoint: 791208 ns, At safepoint: 17792 ns, Total: 809000 ns
[2023-07-18T09:18:17.091+0000][1][safepoint    ] Safepoint "Cleanup", Time since last: 1001737501 ns, Reaching safepoint: 2963708 ns, At safepoint: 91500 ns, Total: 3055208 ns
[2023-07-18T09:18:18.095+0000][1][safepoint    ] Safepoint "Cleanup", Time since last: 1001735166 ns, Reaching safepoint: 2736459 ns, At safepoint: 57166 ns, Total: 2793625 ns
[2023-07-18T09:18:19.098+0000][1][safepoint    ] Safepoint "Cleanup", Time since last: 1001742126 ns, Reaching safepoint: 1492333 ns, At safepoint: 36292 ns, Total: 1528625 ns
[2023-07-18T09:18:20.105+0000][1][safepoint    ] Safepoint "Cleanup", Time since last: 1002325625 ns, Reaching safepoint: 4277917 ns, At safepoint: 124875 ns, Total: 4402792 ns
[2023-07-18T09:18:21.279+0000][1][safepoint    ] Safepoint "Cleanup", Time since last: 1171803626 ns, Reaching safepoint: 1786708 ns, At safepoint: 39542 ns, Total: 1826250 ns
[2023-07-18T09:18:22.285+0000][1][safepoint    ] Safepoint "Cleanup", Time since last: 1001746833 ns, Reaching safepoint: 4172125 ns, At safepoint: 106334 ns, Total: 4278459 ns
[2023-07-18T09:18:23.288+0000][1][safepoint    ] Safepoint "Cleanup", Time since last: 1003180500 ns, Reaching safepoint: 621834 ns, At safepoint: 13250 ns, Total: 635084 ns
[2023-07-18T09:18:24.290+0000][1][safepoint    ] Safepoint "Cleanup", Time since last: 1000358792 ns, Reaching safepoint: 791708 ns, At safepoint: 18250 ns, Total: 809958 ns
[2023-07-18T09:18:25.293+0000][1][safepoint    ] Safepoint "Cleanup", Time since last: 1000695459 ns, Reaching safepoint: 2481583 ns, At safepoint: 68250 ns, Total: 2549833 ns
[2023-07-18T09:18:26.297+0000][1][safepoint    ] Safepoint "Cleanup", Time since last: 1002502251 ns, Reaching safepoint: 1362125 ns, At safepoint: 32125 ns, Total: 1394250 ns
[2023-07-18T09:18:27.301+0000][1][safepoint    ] Safepoint "Cleanup", Time since last: 1000749417 ns, Reaching safepoint: 3607375 ns, At safepoint: 85625 ns, Total: 3693000 ns
[2023-07-18T09:18:28.305+0000][1][safepoint    ] Safepoint "Cleanup", Time since last: 1001463667 ns, Reaching safepoint: 2353000 ns, At safepoint: 68083 ns, Total: 2421083 ns
[2023-07-18T09:18:29.310+0000][1][safepoint    ] Safepoint "Cleanup", Time since last: 1000901334 ns, Reaching safepoint: 4493333 ns, At safepoint: 84792 ns, Total: 4578125 ns
[2023-07-18T09:18:30.315+0000][1][safepoint    ] Safepoint "Cleanup", Time since last: 1001014417 ns, Reaching safepoint: 3101375 ns, At safepoint: 82167 ns, Total: 3183542 ns
[2023-07-18T09:18:31.318+0000][1][safepoint    ] Safepoint "Cleanup", Time since last: 1001959375 ns, Reaching safepoint: 1132500 ns, At safepoint: 30000 ns, Total: 1162500 ns
[2023-07-18T09:18:32.324+0000][1][safepoint    ] Safepoint "Cleanup", Time since last: 1003570918 ns, Reaching safepoint: 2935708 ns, At safepoint: 80792 ns, Total: 3016500 ns
[2023-07-18T09:18:33.334+0000][1][safepoint    ] Safepoint "Cleanup", Time since last: 1005244208 ns, Reaching safepoint: 4126917 ns, At safepoint: 138625 ns, Total: 4265542 ns
[2023-07-18T09:18:34.027+0000][1][safepoint    ] Safepoint "RevokeBias", Time since last: 691534250 ns, Reaching safepoint: 1180292 ns, At safepoint: 372958 ns, Total: 1553250 ns
[2023-07-18T09:18:35.031+0000][1][safepoint    ] Safepoint "Cleanup", Time since last: 1000645959 ns, Reaching safepoint: 3412125 ns, At safepoint: 70042 ns, Total: 3482167 ns
[2023-07-18T09:18:36.037+0000][1][safepoint    ] Safepoint "Cleanup", Time since last: 1001794292 ns, Reaching safepoint: 3489500 ns, At safepoint: 85833 ns, Total: 3575333 ns
[2023-07-18T09:18:37.041+0000][1][safepoint    ] Safepoint "Cleanup", Time since last: 1002922084 ns, Reaching safepoint: 1792542 ns, At safepoint: 31791 ns, Total: 1824333 ns
[2023-07-18T09:18:38.047+0000][1][safepoint    ] Safepoint "Cleanup", Time since last: 1001777793 ns, Reaching safepoint: 3976708 ns, At safepoint: 104750 ns, Total: 4081458 ns
[2023-07-18T09:18:39.049+0000][1][safepoint    ] Safepoint "Cleanup", Time since last: 1001562875 ns, Reaching safepoint: 711375 ns, At safepoint: 17000 ns, Total: 728375 ns
[2023-07-18T09:18:40.055+0000][1][safepoint    ] Safepoint "Cleanup", Time since last: 1001418168 ns, Reaching safepoint: 3589750 ns, At safepoint: 174458 ns, Total: 3764208 ns
[2023-07-18T09:18:41.059+0000][1][safepoint    ] Safepoint "Cleanup", Time since last: 1002465417 ns, Reaching safepoint: 2019917 ns, At safepoint: 53375 ns, Total: 2073292 ns
[2023-07-18T09:18:41.171+0000][1][gc,start     ] GC(46) Pause Young (Allocation Failure)
[2023-07-18T09:18:41.177+0000][1][gc,task      ] GC(46) Using 4 workers of 4 for evacuation
[2023-07-18T09:18:41.224+0000][1][gc,age       ] GC(46) Desired survivor size 8945664 bytes, new threshold 6 (max threshold 6)
[2023-07-18T09:18:41.225+0000][1][gc,age       ] GC(46) Age table with threshold 6 (max threshold 6)
[2023-07-18T09:18:41.225+0000][1][gc,age       ] GC(46) - age   1:     100816 bytes,     100816 total
[2023-07-18T09:18:41.225+0000][1][gc,age       ] GC(46) - age   2:       1696 bytes,     102512 total
[2023-07-18T09:18:41.225+0000][1][gc,age       ] GC(46) - age   3:       1960 bytes,     104472 total
[2023-07-18T09:18:41.225+0000][1][gc,age       ] GC(46) - age   4:       2280 bytes,     106752 total
[2023-07-18T09:18:41.226+0000][1][gc,age       ] GC(46) - age   5:       3504 bytes,     110256 total
[2023-07-18T09:18:41.226+0000][1][gc,age       ] GC(46) - age   6:       2448 bytes,     112704 total
[2023-07-18T09:18:41.227+0000][1][gc,heap      ] GC(46) ParNew: 139993K->161K(157248K)
[2023-07-18T09:18:41.227+0000][1][gc,heap      ] GC(46) CMS: 71462K->71473K(349568K)
[2023-07-18T09:18:41.227+0000][1][gc,metaspace ] GC(46) Metaspace: 91001K->91001K(1132544K)
[2023-07-18T09:18:41.228+0000][1][gc           ] GC(46) Pause Young (Allocation Failure) 206M->69M(494M) 58.049ms
[2023-07-18T09:18:41.229+0000][1][gc,cpu       ] GC(46) User=0.08s Sys=0.03s Real=0.05s
[2023-07-18T09:18:41.229+0000][1][safepoint    ] Safepoint "GenCollectForAllocation", Time since last: 107341125 ns, Reaching safepoint: 2974333 ns, At safepoint: 59657875 ns, Total: 62632208 ns
[2023-07-18T09:18:42.236+0000][1][safepoint    ] Safepoint "Cleanup", Time since last: 1001548334 ns, Reaching safepoint: 4959000 ns, At safepoint: 161333 ns, Total: 5120333 ns
[2023-07-18T09:18:43.242+0000][1][safepoint    ] Safepoint "Cleanup", Time since last: 1002999042 ns, Reaching safepoint: 3516834 ns, At safepoint: 92125 ns, Total: 3608959 ns
[2023-07-18T09:18:44.245+0000][1][safepoint    ] Safepoint "Cleanup", Time since last: 1001963750 ns, Reaching safepoint: 921042 ns, At safepoint: 18583 ns, Total: 939625 ns
[2023-07-18T09:18:45.249+0000][1][safepoint    ] Safepoint "Cleanup", Time since last: 1002346751 ns, Reaching safepoint: 1709458 ns, At safepoint: 38250 ns, Total: 1747708 ns
[2023-07-18T09:18:46.253+0000][1][safepoint    ] Safepoint "Cleanup", Time since last: 1000781001 ns, Reaching safepoint: 2392375 ns, At safepoint: 48625 ns, Total: 2441000 ns
[2023-07-18T09:18:47.256+0000][1][safepoint    ] Safepoint "Cleanup", Time since last: 1000730833 ns, Reaching safepoint: 2828709 ns, At safepoint: 72208 ns, Total: 2900917 ns
[2023-07-18T09:18:48.262+0000][1][safepoint    ] Safepoint "Cleanup", Time since last: 1001886916 ns, Reaching safepoint: 4177458 ns, At safepoint: 119500 ns, Total: 4296958 ns
[2023-07-18T09:18:49.979+0000][1][safepoint    ] Safepoint "Cleanup", Time since last: 1713624751 ns, Reaching safepoint: 3032875 ns, At safepoint: 88375 ns, Total: 3121250 ns
[2023-07-18T09:18:50.983+0000][1][safepoint    ] Safepoint "Cleanup", Time since last: 1001612792 ns, Reaching safepoint: 2780042 ns, At safepoint: 104083 ns, Total: 2884125 ns
[2023-07-18T09:18:51.987+0000][1][safepoint    ] Safepoint "Cleanup", Time since last: 1002378209 ns, Reaching safepoint: 963584 ns, At safepoint: 21791 ns, Total: 985375 ns
[2023-07-18T09:18:52.989+0000][1][safepoint    ] Safepoint "Cleanup", Time since last: 1000742876 ns, Reaching safepoint: 1387458 ns, At safepoint: 45875 ns, Total: 1433333 ns
[2023-07-18T09:18:53.992+0000][1][safepoint    ] Safepoint "Cleanup", Time since last: 1000688792 ns, Reaching safepoint: 2002167 ns, At safepoint: 29583 ns, Total: 2031750 ns
[2023-07-18T09:18:54.996+0000][1][safepoint    ] Safepoint "Cleanup", Time since last: 1002319292 ns, Reaching safepoint: 2327584 ns, At safepoint: 60875 ns, Total: 2388459 ns
[2023-07-18T09:18:55.396+0000][1][safepoint    ] Safepoint "RevokeBias", Time since last: 399239542 ns, Reaching safepoint: 784958 ns, At safepoint: 74208 ns, Total: 859166 ns
[2023-07-18T09:18:55.399+0000][1][safepoint    ] Safepoint "RevokeBias", Time since last: 2117084 ns, Reaching safepoint: 660125 ns, At safepoint: 59416 ns, Total: 719541 ns
[2023-07-18T09:18:55.402+0000][1][safepoint    ] Safepoint "RevokeBias", Time since last: 2624292 ns, Reaching safepoint: 484875 ns, At safepoint: 58208 ns, Total: 543083 ns
[2023-07-18T09:18:55.429+0000][1][safepoint    ] Safepoint "RevokeBias", Time since last: 26076750 ns, Reaching safepoint: 615792 ns, At safepoint: 54292 ns, Total: 670084 ns
[2023-07-18T09:18:55.433+0000][1][safepoint    ] Safepoint "BulkRevokeBias", Time since last: 818958 ns, Reaching safepoint: 561125 ns, At safepoint: 2723250 ns, Total: 3284375 ns
[2023-07-18T09:18:55.437+0000][1][safepoint    ] Safepoint "RevokeBias", Time since last: 2536375 ns, Reaching safepoint: 761208 ns, At safepoint: 78542 ns, Total: 839750 ns
[2023-07-18T09:18:56.441+0000][1][safepoint    ] Safepoint "Cleanup", Time since last: 1002485459 ns, Reaching safepoint: 1426583 ns, At safepoint: 33375 ns, Total: 1459958 ns
[2023-07-18T09:18:57.454+0000][1][safepoint    ] Safepoint "Cleanup", Time since last: 1001463959 ns, Reaching safepoint: 8208500 ns, At safepoint: 699917 ns, Total: 8908417 ns
[2023-07-18T09:18:58.464+0000][1][safepoint    ] Safepoint "Cleanup", Time since last: 1010359167 ns, Reaching safepoint: 2577666 ns, At safepoint: 73250 ns, Total: 2650916 ns
[2023-07-18T09:18:59.469+0000][1][safepoint    ] Safepoint "Cleanup", Time since last: 1001386001 ns, Reaching safepoint: 3915333 ns, At safepoint: 104334 ns, Total: 4019667 ns
[2023-07-18T09:19:00.479+0000][1][safepoint    ] Safepoint "Cleanup", Time since last: 1001989417 ns, Reaching safepoint: 7424500 ns, At safepoint: 169833 ns, Total: 7594333 ns
[2023-07-18T09:19:01.483+0000][1][safepoint    ] Safepoint "Cleanup", Time since last: 1002396500 ns, Reaching safepoint: 1132750 ns, At safepoint: 34750 ns, Total: 1167500 ns
[2023-07-18T09:19:02.489+0000][1][safepoint    ] Safepoint "Cleanup", Time since last: 1001834751 ns, Reaching safepoint: 4371208 ns, At safepoint: 155709 ns, Total: 4526917 ns
[2023-07-18T09:19:03.494+0000][1][safepoint    ] Safepoint "Cleanup", Time since last: 1001596417 ns, Reaching safepoint: 3239916 ns, At safepoint: 111584 ns, Total: 3351500 ns
[2023-07-18T09:19:04.497+0000][1][safepoint    ] Safepoint "Cleanup", Time since last: 1002541542 ns, Reaching safepoint: 958250 ns, At safepoint: 20333 ns, Total: 978583 ns
[2023-07-18T09:19:05.502+0000][1][safepoint    ] Safepoint "Cleanup", Time since last: 1000603167 ns, Reaching safepoint: 4232750 ns, At safepoint: 137542 ns, Total: 4370292 ns
[2023-07-18T09:19:06.511+0000][1][safepoint    ] Safepoint "Cleanup", Time since last: 1001884667 ns, Reaching safepoint: 6488125 ns, At safepoint: 99750 ns, Total: 6587875 ns
[2023-07-18T09:19:07.516+0000][1][safepoint    ] Safepoint "Cleanup", Time since last: 1001063251 ns, Reaching safepoint: 3879875 ns, At safepoint: 131125 ns, Total: 4011000 ns
[2023-07-18T09:19:08.523+0000][1][safepoint    ] Safepoint "Cleanup", Time since last: 1001487708 ns, Reaching safepoint: 4971125 ns, At safepoint: 237500 ns, Total: 5208625 ns
[2023-07-18T09:19:09.527+0000][1][safepoint    ] Safepoint "Cleanup", Time since last: 1003517293 ns, Reaching safepoint: 1086000 ns, At safepoint: 32541 ns, Total: 1118541 ns
[2023-07-18T09:19:10.530+0000][1][safepoint    ] Safepoint "Cleanup", Time since last: 1001212001 ns, Reaching safepoint: 1763583 ns, At safepoint: 51292 ns, Total: 1814875 ns
[2023-07-18T09:19:11.536+0000][1][safepoint    ] Safepoint "Cleanup", Time since last: 1001143542 ns, Reaching safepoint: 4322667 ns, At safepoint: 140291 ns, Total: 4462958 ns
[2023-07-18T09:19:12.544+0000][1][safepoint    ] Safepoint "Cleanup", Time since last: 1006315042 ns, Reaching safepoint: 1926584 ns, At safepoint: 84708 ns, Total: 2011292 ns
[2023-07-18T09:19:13.549+0000][1][safepoint    ] Safepoint "Cleanup", Time since last: 1002073792 ns, Reaching safepoint: 2537125 ns, At safepoint: 70542 ns, Total: 2607667 ns
[2023-07-18T09:19:14.551+0000][1][safepoint    ] Safepoint "Cleanup", Time since last: 1001353625 ns, Reaching safepoint: 879709 ns, At safepoint: 21291 ns, Total: 901000 ns
[2023-07-18T09:19:15.559+0000][1][safepoint    ] Safepoint "Cleanup", Time since last: 1000985501 ns, Reaching safepoint: 6865042 ns, At safepoint: 140833 ns, Total: 7005875 ns
[2023-07-18T09:19:16.564+0000][1][safepoint    ] Safepoint "Cleanup", Time since last: 1001155459 ns, Reaching safepoint: 3628041 ns, At safepoint: 91709 ns, Total: 3719750 ns
[2023-07-18T09:19:17.571+0000][1][safepoint    ] Safepoint "Cleanup", Time since last: 1003195625 ns, Reaching safepoint: 3349792 ns, At safepoint: 163833 ns, Total: 3513625 ns
[2023-07-18T09:19:18.576+0000][1][safepoint    ] Safepoint "Cleanup", Time since last: 1001464958 ns, Reaching safepoint: 3262792 ns, At safepoint: 103625 ns, Total: 3366417 ns
[2023-07-18T09:19:19.580+0000][1][safepoint    ] Safepoint "Cleanup", Time since last: 1001956250 ns, Reaching safepoint: 2374542 ns, At safepoint: 68000 ns, Total: 2442542 ns
[2023-07-18T09:19:20.584+0000][1][safepoint    ] Safepoint "Cleanup", Time since last: 1001243626 ns, Reaching safepoint: 2805875 ns, At safepoint: 73541 ns, Total: 2879416 ns
[2023-07-18T09:19:21.591+0000][1][safepoint    ] Safepoint "Cleanup", Time since last: 1002671209 ns, Reaching safepoint: 4719958 ns, At safepoint: 173625 ns, Total: 4893583 ns
[2023-07-18T09:19:22.598+0000][1][safepoint    ] Safepoint "Cleanup", Time since last: 1002019251 ns, Reaching safepoint: 3978792 ns, At safepoint: 101416 ns, Total: 4080208 ns
[2023-07-18T09:19:23.604+0000][1][safepoint    ] Safepoint "Cleanup", Time since last: 1001932709 ns, Reaching safepoint: 4124458 ns, At safepoint: 99709 ns, Total: 4224167 ns
[2023-07-18T09:19:24.607+0000][1][safepoint    ] Safepoint "Cleanup", Time since last: 1001933084 ns, Reaching safepoint: 1735833 ns, At safepoint: 52958 ns, Total: 1788791 ns
[2023-07-18T09:19:25.613+0000][1][safepoint    ] Safepoint "Cleanup", Time since last: 1001258542 ns, Reaching safepoint: 4012834 ns, At safepoint: 99333 ns, Total: 4112167 ns
[2023-07-18T09:19:26.619+0000][1][safepoint    ] Safepoint "Cleanup", Time since last: 1002967959 ns, Reaching safepoint: 3440166 ns, At safepoint: 101084 ns, Total: 3541250 ns
[2023-07-18T09:19:27.625+0000][1][safepoint    ] Safepoint "Cleanup", Time since last: 1002061459 ns, Reaching safepoint: 3642750 ns, At safepoint: 96541 ns, Total: 3739291 ns
[2023-07-18T09:19:28.631+0000][1][safepoint    ] Safepoint "Cleanup", Time since last: 1001569917 ns, Reaching safepoint: 3822042 ns, At safepoint: 105958 ns, Total: 3928000 ns
[2023-07-18T09:19:29.636+0000][1][safepoint    ] Safepoint "Cleanup", Time since last: 1001905918 ns, Reaching safepoint: 2951791 ns, At safepoint: 82834 ns, Total: 3034625 ns
[2023-07-18T09:19:30.642+0000][1][safepoint    ] Safepoint "Cleanup", Time since last: 1001917917 ns, Reaching safepoint: 3888500 ns, At safepoint: 176833 ns, Total: 4065333 ns
[2023-07-18T09:19:31.647+0000][1][safepoint    ] Safepoint "Cleanup", Time since last: 1001799542 ns, Reaching safepoint: 3743084 ns, At safepoint: 103458 ns, Total: 3846542 ns
[2023-07-18T09:19:32.653+0000][1][safepoint    ] Safepoint "Cleanup", Time since last: 1001461292 ns, Reaching safepoint: 3841333 ns, At safepoint: 108084 ns, Total: 3949417 ns
[2023-07-18T09:19:33.659+0000][1][safepoint    ] Safepoint "Cleanup", Time since last: 1003686833 ns, Reaching safepoint: 2810584 ns, At safepoint: 85166 ns, Total: 2895750 ns
[2023-07-18T09:19:34.053+0000][1][safepoint    ] Safepoint "RevokeBias", Time since last: 390741542 ns, Reaching safepoint: 1708750 ns, At safepoint: 1316000 ns, Total: 3024750 ns
[2023-07-18T09:19:35.056+0000][1][safepoint    ] Safepoint "Cleanup", Time since last: 1001815126 ns, Reaching safepoint: 1558625 ns, At safepoint: 32416 ns, Total: 1591041 ns
[2023-07-18T09:19:36.062+0000][1][safepoint    ] Safepoint "Cleanup", Time since last: 1002146501 ns, Reaching safepoint: 2943583 ns, At safepoint: 88250 ns, Total: 3031833 ns
[2023-07-18T09:19:37.067+0000][1][safepoint    ] Safepoint "Cleanup", Time since last: 1002716084 ns, Reaching safepoint: 2599667 ns, At safepoint: 81833 ns, Total: 2681500 ns
[2023-07-18T09:19:39.028+0000][1][safepoint    ] Safepoint "Cleanup", Time since last: 1960386543 ns, Reaching safepoint: 1094291 ns, At safepoint: 23042 ns, Total: 1117333 ns
[2023-07-18T09:19:40.032+0000][1][safepoint    ] Safepoint "Cleanup", Time since last: 1001648126 ns, Reaching safepoint: 2064083 ns, At safepoint: 60208 ns, Total: 2124291 ns
[2023-07-18T09:19:41.040+0000][1][safepoint    ] Safepoint "Cleanup", Time since last: 1003334792 ns, Reaching safepoint: 3935834 ns, At safepoint: 137333 ns, Total: 4073167 ns
[2023-07-18T09:19:42.046+0000][1][safepoint    ] Safepoint "Cleanup", Time since last: 1003302042 ns, Reaching safepoint: 2976750 ns, At safepoint: 85042 ns, Total: 3061792 ns
[2023-07-18T09:19:43.052+0000][1][safepoint    ] Safepoint "Cleanup", Time since last: 1001588709 ns, Reaching safepoint: 4041416 ns, At safepoint: 101625 ns, Total: 4143041 ns
[2023-07-18T09:19:44.054+0000][1][safepoint    ] Safepoint "Cleanup", Time since last: 1001433459 ns, Reaching safepoint: 645875 ns, At safepoint: 16250 ns, Total: 662125 ns
[2023-07-18T09:19:45.058+0000][1][safepoint    ] Safepoint "Cleanup", Time since last: 1000778751 ns, Reaching safepoint: 3264250 ns, At safepoint: 76750 ns, Total: 3341000 ns
[2023-07-18T09:19:46.066+0000][1][safepoint    ] Safepoint "Cleanup", Time since last: 1002907167 ns, Reaching safepoint: 4958250 ns, At safepoint: 106000 ns, Total: 5064250 ns
[2023-07-18T09:19:47.070+0000][1][safepoint    ] Safepoint "Cleanup", Time since last: 1002530792 ns, Reaching safepoint: 1122042 ns, At safepoint: 23541 ns, Total: 1145583 ns
[2023-07-18T09:19:48.073+0000][1][safepoint    ] Safepoint "Cleanup", Time since last: 1000963084 ns, Reaching safepoint: 3657416 ns, At safepoint: 105667 ns, Total: 3763083 ns
[2023-07-18T09:19:49.077+0000][1][safepoint    ] Safepoint "Cleanup", Time since last: 1002212417 ns, Reaching safepoint: 1699209 ns, At safepoint: 37375 ns, Total: 1736584 ns
[2023-07-18T09:19:50.083+0000][1][safepoint    ] Safepoint "Cleanup", Time since last: 1001505750 ns, Reaching safepoint: 3904958 ns, At safepoint: 86834 ns, Total: 3991792 ns
[2023-07-18T09:19:51.089+0000][1][safepoint    ] Safepoint "Cleanup", Time since last: 1002425375 ns, Reaching safepoint: 4130750 ns, At safepoint: 144625 ns, Total: 4275375 ns
[2023-07-18T09:19:52.094+0000][1][safepoint    ] Safepoint "Cleanup", Time since last: 1001493209 ns, Reaching safepoint: 2841125 ns, At safepoint: 123583 ns, Total: 2964708 ns
[2023-07-18T09:19:53.101+0000][1][safepoint    ] Safepoint "Cleanup", Time since last: 1002249334 ns, Reaching safepoint: 4818542 ns, At safepoint: 116375 ns, Total: 4934917 ns
[2023-07-18T09:19:54.103+0000][1][safepoint    ] Safepoint "Cleanup", Time since last: 1001329667 ns, Reaching safepoint: 667083 ns, At safepoint: 12625 ns, Total: 679708 ns
[2023-07-18T09:19:55.107+0000][1][safepoint    ] Safepoint "Cleanup", Time since last: 1001506626 ns, Reaching safepoint: 2824291 ns, At safepoint: 72000 ns, Total: 2896291 ns
[2023-07-18T09:19:56.115+0000][1][safepoint    ] Safepoint "Cleanup", Time since last: 1003472334 ns, Reaching safepoint: 4182375 ns, At safepoint: 96250 ns, Total: 4278625 ns
[2023-07-18T09:19:56.380+0000][1][safepoint    ] Safepoint "RevokeBias", Time since last: 263543084 ns, Reaching safepoint: 746958 ns, At safepoint: 212333 ns, Total: 959291 ns
[2023-07-18T09:19:56.393+0000][1][safepoint    ] Safepoint "RevokeBias", Time since last: 13164417 ns, Reaching safepoint: 618625 ns, At safepoint: 80625 ns, Total: 699250 ns
[2023-07-18T09:19:56.418+0000][1][safepoint    ] Safepoint "RevokeBias", Time since last: 23646333 ns, Reaching safepoint: 939875 ns, At safepoint: 152084 ns, Total: 1091959 ns
[2023-07-18T09:19:56.421+0000][1][safepoint    ] Safepoint "RevokeBias", Time since last: 2107333 ns, Reaching safepoint: 488208 ns, At safepoint: 80334 ns, Total: 568542 ns
[2023-07-18T09:19:56.427+0000][1][safepoint    ] Safepoint "RevokeBias", Time since last: 5324833 ns, Reaching safepoint: 840250 ns, At safepoint: 69667 ns, Total: 909917 ns
[2023-07-18T09:19:57.432+0000][1][safepoint    ] Safepoint "Cleanup", Time since last: 1000395209 ns, Reaching safepoint: 4228833 ns, At safepoint: 99667 ns, Total: 4328500 ns
[2023-07-18T09:19:58.439+0000][1][safepoint    ] Safepoint "Cleanup", Time since last: 1003701292 ns, Reaching safepoint: 2918583 ns, At safepoint: 73125 ns, Total: 2991708 ns
[2023-07-18T09:19:59.444+0000][1][safepoint    ] Safepoint "Cleanup", Time since last: 1001182167 ns, Reaching safepoint: 3960625 ns, At safepoint: 96458 ns, Total: 4057083 ns
[2023-07-18T09:20:00.449+0000][1][safepoint    ] Safepoint "Cleanup", Time since last: 1001707334 ns, Reaching safepoint: 3624250 ns, At safepoint: 90500 ns, Total: 3714750 ns
[2023-07-18T09:20:01.454+0000][1][safepoint    ] Safepoint "Cleanup", Time since last: 1001665834 ns, Reaching safepoint: 3012833 ns, At safepoint: 108667 ns, Total: 3121500 ns
[2023-07-18T09:20:02.460+0000][1][safepoint    ] Safepoint "Cleanup", Time since last: 1002073084 ns, Reaching safepoint: 3458500 ns, At safepoint: 104792 ns, Total: 3563292 ns
[2023-07-18T09:20:03.466+0000][1][safepoint    ] Safepoint "Cleanup", Time since last: 1002354625 ns, Reaching safepoint: 3939375 ns, At safepoint: 89750 ns, Total: 4029125 ns
[2023-07-18T09:20:04.474+0000][1][safepoint    ] Safepoint "Cleanup", Time since last: 1002336334 ns, Reaching safepoint: 5114583 ns, At safepoint: 102334 ns, Total: 5216917 ns
[2023-07-18T09:20:05.478+0000][1][safepoint    ] Safepoint "Cleanup", Time since last: 1002314042 ns, Reaching safepoint: 1694666 ns, At safepoint: 51292 ns, Total: 1745958 ns
[2023-07-18T09:20:06.486+0000][1][safepoint    ] Safepoint "Cleanup", Time since last: 1004878792 ns, Reaching safepoint: 3205459 ns, At safepoint: 120750 ns, Total: 3326209 ns
[2023-07-18T09:20:07.491+0000][1][safepoint    ] Safepoint "Cleanup", Time since last: 1002399292 ns, Reaching safepoint: 2293250 ns, At safepoint: 71541 ns, Total: 2364791 ns
[2023-07-18T09:20:08.495+0000][1][safepoint    ] Safepoint "Cleanup", Time since last: 1001191251 ns, Reaching safepoint: 2736083 ns, At safepoint: 64542 ns, Total: 2800625 ns
[2023-07-18T09:20:09.499+0000][1][safepoint    ] Safepoint "Cleanup", Time since last: 1001321792 ns, Reaching safepoint: 3023042 ns, At safepoint: 86041 ns, Total: 3109083 ns
[2023-07-18T09:20:10.505+0000][1][safepoint    ] Safepoint "Cleanup", Time since last: 1002305501 ns, Reaching safepoint: 3574958 ns, At safepoint: 119000 ns, Total: 3693958 ns
[2023-07-18T09:20:11.510+0000][1][safepoint    ] Safepoint "Cleanup", Time since last: 1002233667 ns, Reaching safepoint: 2967209 ns, At safepoint: 97416 ns, Total: 3064625 ns
[2023-07-18T09:20:12.515+0000][1][safepoint    ] Safepoint "Cleanup", Time since last: 1001980584 ns, Reaching safepoint: 2608167 ns, At safepoint: 67750 ns, Total: 2675917 ns
[2023-07-18T09:20:13.522+0000][1][safepoint    ] Safepoint "Cleanup", Time since last: 1001352792 ns, Reaching safepoint: 5423708 ns, At safepoint: 267375 ns, Total: 5691083 ns
[2023-07-18T09:20:14.037+0000][1][safepoint    ] Safepoint "RevokeBias", Time since last: 512941542 ns, Reaching safepoint: 1957333 ns, At safepoint: 426417 ns, Total: 2383750 ns
[2023-07-18T09:20:15.043+0000][1][safepoint    ] Safepoint "Cleanup", Time since last: 1001185292 ns, Reaching safepoint: 4410834 ns, At safepoint: 90250 ns, Total: 4501084 ns
[2023-07-18T09:20:16.049+0000][1][safepoint    ] Safepoint "Cleanup", Time since last: 1002344458 ns, Reaching safepoint: 3578334 ns, At safepoint: 78750 ns, Total: 3657084 ns
[2023-07-18T09:20:17.052+0000][1][safepoint    ] Safepoint "Cleanup", Time since last: 1001183042 ns, Reaching safepoint: 1666500 ns, At safepoint: 36542 ns, Total: 1703042 ns
[2023-07-18T09:20:18.058+0000][1][safepoint    ] Safepoint "Cleanup", Time since last: 1000987208 ns, Reaching safepoint: 4762167 ns, At safepoint: 123166 ns, Total: 4885333 ns
[2023-07-18T09:20:19.064+0000][1][safepoint    ] Safepoint "Cleanup", Time since last: 1002042584 ns, Reaching safepoint: 3189167 ns, At safepoint: 93958 ns, Total: 3283125 ns
[2023-07-18T09:20:20.068+0000][1][safepoint    ] Safepoint "Cleanup", Time since last: 1001196126 ns, Reaching safepoint: 2935625 ns, At safepoint: 104083 ns, Total: 3039708 ns
[2023-07-18T09:20:21.073+0000][1][safepoint    ] Safepoint "Cleanup", Time since last: 1001067167 ns, Reaching safepoint: 4194292 ns, At safepoint: 140166 ns, Total: 4334458 ns
[2023-07-18T09:20:22.076+0000][1][safepoint    ] Safepoint "Cleanup", Time since last: 1001975584 ns, Reaching safepoint: 744875 ns, At safepoint: 16417 ns, Total: 761292 ns
[2023-07-18T09:20:23.079+0000][1][safepoint    ] Safepoint "Cleanup", Time since last: 1000502084 ns, Reaching safepoint: 2818666 ns, At safepoint: 80834 ns, Total: 2899500 ns
[2023-07-18T09:20:24.041+0000][1][safepoint    ] Safepoint "RevokeBias", Time since last: 960078209 ns, Reaching safepoint: 1718166 ns, At safepoint: 370417 ns, Total: 2088583 ns
[2023-07-18T09:20:25.118+0000][1][safepoint    ] Safepoint "Cleanup", Time since last: 1074907500 ns, Reaching safepoint: 1460959 ns, At safepoint: 28166 ns, Total: 1489125 ns
[2023-07-18T09:20:31.132+0000][1][safepoint    ] Safepoint "Cleanup", Time since last: 6010278712 ns, Reaching safepoint: 3588041 ns, At safepoint: 73792 ns, Total: 3661833 ns
[2023-07-18T09:20:36.830+0000][1][gc,start     ] GC(47) Pause Young (Allocation Failure)
[2023-07-18T09:20:36.834+0000][1][gc,task      ] GC(47) Using 4 workers of 4 for evacuation
[2023-07-18T09:20:36.869+0000][1][gc,age       ] GC(47) Desired survivor size 8945664 bytes, new threshold 6 (max threshold 6)
[2023-07-18T09:20:36.870+0000][1][gc,age       ] GC(47) Age table with threshold 6 (max threshold 6)
[2023-07-18T09:20:36.870+0000][1][gc,age       ] GC(47) - age   1:      98856 bytes,      98856 total
[2023-07-18T09:20:36.870+0000][1][gc,age       ] GC(47) - age   2:       2288 bytes,     101144 total
[2023-07-18T09:20:36.870+0000][1][gc,age       ] GC(47) - age   3:       1456 bytes,     102600 total
[2023-07-18T09:20:36.870+0000][1][gc,age       ] GC(47) - age   4:       1960 bytes,     104560 total
[2023-07-18T09:20:36.870+0000][1][gc,age       ] GC(47) - age   5:       2280 bytes,     106840 total
[2023-07-18T09:20:36.870+0000][1][gc,age       ] GC(47) - age   6:       3504 bytes,     110344 total
[2023-07-18T09:20:36.871+0000][1][gc,heap      ] GC(47) ParNew: 139937K->155K(157248K)
[2023-07-18T09:20:36.872+0000][1][gc,heap      ] GC(47) CMS: 71473K->71475K(349568K)
[2023-07-18T09:20:36.872+0000][1][gc,metaspace ] GC(47) Metaspace: 91026K->91026K(1132544K)
[2023-07-18T09:20:36.872+0000][1][gc           ] GC(47) Pause Young (Allocation Failure) 206M->69M(494M) 42.859ms
[2023-07-18T09:20:36.873+0000][1][gc,cpu       ] GC(47) User=0.08s Sys=0.02s Real=0.04s
[2023-07-18T09:20:36.873+0000][1][safepoint    ] Safepoint "GenCollectForAllocation", Time since last: 5695835044 ns, Reaching safepoint: 1295167 ns, At safepoint: 44052583 ns, Total: 45347750 ns
[2023-07-18T09:20:54.886+0000][1][safepoint    ] Safepoint "Cleanup", Time since last: 18008985258 ns, Reaching safepoint: 3819917 ns, At safepoint: 92041 ns, Total: 3911958 ns
[2023-07-18T09:20:57.418+0000][1][safepoint    ] Safepoint "RevokeBias", Time since last: 2530993460 ns, Reaching safepoint: 1146375 ns, At safepoint: 124875 ns, Total: 1271250 ns
[2023-07-18T09:20:57.422+0000][1][safepoint    ] Safepoint "RevokeBias", Time since last: 3130667 ns, Reaching safepoint: 637541 ns, At safepoint: 75250 ns, Total: 712791 ns
[2023-07-18T09:20:57.429+0000][1][safepoint    ] Safepoint "RevokeBias", Time since last: 6499875 ns, Reaching safepoint: 698375 ns, At safepoint: 63042 ns, Total: 761417 ns
[2023-07-18T09:20:57.458+0000][1][safepoint    ] Safepoint "RevokeBias", Time since last: 27808667 ns, Reaching safepoint: 998250 ns, At safepoint: 145333 ns, Total: 1143583 ns
[2023-07-18T09:20:57.500+0000][1][safepoint    ] Safepoint "RevokeBias", Time since last: 41692458 ns, Reaching safepoint: 557125 ns, At safepoint: 94584 ns, Total: 651709 ns
[2023-07-18T09:20:58.506+0000][1][safepoint    ] Safepoint "Cleanup", Time since last: 1001724792 ns, Reaching safepoint: 4035750 ns, At safepoint: 114083 ns, Total: 4149833 ns
[2023-07-18T09:20:59.512+0000][1][safepoint    ] Safepoint "Cleanup", Time since last: 1002505792 ns, Reaching safepoint: 3371417 ns, At safepoint: 90917 ns, Total: 3462334 ns
[2023-07-18T09:21:00.518+0000][1][safepoint    ] Safepoint "Cleanup", Time since last: 1001651417 ns, Reaching safepoint: 4141291 ns, At safepoint: 107500 ns, Total: 4248791 ns
[2023-07-18T09:21:01.521+0000][1][safepoint    ] Safepoint "Cleanup", Time since last: 1001420042 ns, Reaching safepoint: 1476417 ns, At safepoint: 36333 ns, Total: 1512750 ns
[2023-07-18T09:21:02.526+0000][1][safepoint    ] Safepoint "Cleanup", Time since last: 1002159751 ns, Reaching safepoint: 3124458 ns, At safepoint: 96459 ns, Total: 3220917 ns
[2023-07-18T09:21:03.530+0000][1][safepoint    ] Safepoint "Cleanup", Time since last: 1001231917 ns, Reaching safepoint: 2472125 ns, At safepoint: 88041 ns, Total: 2560166 ns
[2023-07-18T09:21:04.535+0000][1][safepoint    ] Safepoint "Cleanup", Time since last: 1001402626 ns, Reaching safepoint: 3433000 ns, At safepoint: 97917 ns, Total: 3530917 ns
[2023-07-18T09:21:05.541+0000][1][safepoint    ] Safepoint "Cleanup", Time since last: 1001760167 ns, Reaching safepoint: 3800166 ns, At safepoint: 112292 ns, Total: 3912458 ns
[2023-07-18T09:21:06.547+0000][1][safepoint    ] Safepoint "Cleanup", Time since last: 1002361167 ns, Reaching safepoint: 3681250 ns, At safepoint: 120042 ns, Total: 3801292 ns
[2023-07-18T09:21:07.551+0000][1][safepoint    ] Safepoint "Cleanup", Time since last: 1001286250 ns, Reaching safepoint: 3138625 ns, At safepoint: 132042 ns, Total: 3270667 ns
[2023-07-18T09:21:08.555+0000][1][safepoint    ] Safepoint "Cleanup", Time since last: 1001940084 ns, Reaching safepoint: 1876333 ns, At safepoint: 25208 ns, Total: 1901541 ns
[2023-07-18T09:21:09.560+0000][1][safepoint    ] Safepoint "Cleanup", Time since last: 1002204084 ns, Reaching safepoint: 2356667 ns, At safepoint: 67375 ns, Total: 2424042 ns
[2023-07-18T09:21:10.565+0000][1][safepoint    ] Safepoint "Cleanup", Time since last: 1000989125 ns, Reaching safepoint: 3647542 ns, At safepoint: 83125 ns, Total: 3730667 ns
[2023-07-18T09:21:11.569+0000][1][safepoint    ] Safepoint "Cleanup", Time since last: 1001432292 ns, Reaching safepoint: 2927375 ns, At safepoint: 89917 ns, Total: 3017292 ns
[2023-07-18T09:21:12.573+0000][1][safepoint    ] Safepoint "Cleanup", Time since last: 1002327709 ns, Reaching safepoint: 1190041 ns, At safepoint: 26000 ns, Total: 1216041 ns
[2023-07-18T09:21:13.575+0000][1][safepoint    ] Safepoint "Cleanup", Time since last: 1000654043 ns, Reaching safepoint: 1745916 ns, At safepoint: 37750 ns, Total: 1783666 ns
[2023-07-18T09:21:14.065+0000][1][safepoint    ] Safepoint "RevokeBias", Time since last: 487439334 ns, Reaching safepoint: 2198916 ns, At safepoint: 478459 ns, Total: 2677375 ns
[2023-07-18T09:21:15.072+0000][1][safepoint    ] Safepoint "Cleanup", Time since last: 1001999959 ns, Reaching safepoint: 4587208 ns, At safepoint: 151500 ns, Total: 4738708 ns
[2023-07-18T09:21:16.077+0000][1][safepoint    ] Safepoint "Cleanup", Time since last: 1002103500 ns, Reaching safepoint: 2700584 ns, At safepoint: 40791 ns, Total: 2741375 ns
[2023-07-18T09:21:17.082+0000][1][safepoint    ] Safepoint "Cleanup", Time since last: 1003586709 ns, Reaching safepoint: 1460625 ns, At safepoint: 27959 ns, Total: 1488584 ns
[2023-07-18T09:21:18.088+0000][1][safepoint    ] Safepoint "Cleanup", Time since last: 1001211916 ns, Reaching safepoint: 5243916 ns, At safepoint: 172750 ns, Total: 5416666 ns
[2023-07-18T09:21:19.094+0000][1][safepoint    ] Safepoint "Cleanup", Time since last: 1001521126 ns, Reaching safepoint: 3998750 ns, At safepoint: 99000 ns, Total: 4097750 ns
[2023-07-18T09:21:20.100+0000][1][safepoint    ] Safepoint "Cleanup", Time since last: 1001943959 ns, Reaching safepoint: 4581333 ns, At safepoint: 94375 ns, Total: 4675708 ns
[2023-07-18T09:21:21.105+0000][1][safepoint    ] Safepoint "Cleanup", Time since last: 1001973001 ns, Reaching safepoint: 2282416 ns, At safepoint: 79292 ns, Total: 2361708 ns
[2023-07-18T09:21:22.108+0000][1][safepoint    ] Safepoint "Cleanup", Time since last: 1002101375 ns, Reaching safepoint: 1602542 ns, At safepoint: 36833 ns, Total: 1639375 ns
[2023-07-18T09:21:23.112+0000][1][safepoint    ] Safepoint "Cleanup", Time since last: 1000812292 ns, Reaching safepoint: 2531042 ns, At safepoint: 64333 ns, Total: 2595375 ns
[2023-07-18T09:21:24.074+0000][1][safepoint    ] Safepoint "RevokeBias", Time since last: 959650959 ns, Reaching safepoint: 1843625 ns, At safepoint: 491959 ns, Total: 2335584 ns
[2023-07-18T09:21:25.081+0000][1][safepoint    ] Safepoint "Cleanup", Time since last: 1002422708 ns, Reaching safepoint: 4211417 ns, At safepoint: 96333 ns, Total: 4307750 ns
[2023-07-18T09:21:26.089+0000][1][safepoint    ] Safepoint "Cleanup", Time since last: 1002857084 ns, Reaching safepoint: 5312125 ns, At safepoint: 105125 ns, Total: 5417250 ns
[2023-07-18T09:21:27.093+0000][1][safepoint    ] Safepoint "Cleanup", Time since last: 1002164126 ns, Reaching safepoint: 1479666 ns, At safepoint: 41584 ns, Total: 1521250 ns
[2023-07-18T09:21:28.098+0000][1][safepoint    ] Safepoint "Cleanup", Time since last: 1001112042 ns, Reaching safepoint: 4540625 ns, At safepoint: 110167 ns, Total: 4650792 ns
[2023-07-18T09:21:29.105+0000][1][safepoint    ] Safepoint "Cleanup", Time since last: 1001717083 ns, Reaching safepoint: 4625334 ns, At safepoint: 514791 ns, Total: 5140125 ns
[2023-07-18T09:21:30.113+0000][1][safepoint    ] Safepoint "Cleanup", Time since last: 1002979959 ns, Reaching safepoint: 4222375 ns, At safepoint: 103042 ns, Total: 4325417 ns
[2023-07-18T09:21:31.117+0000][1][safepoint    ] Safepoint "Cleanup", Time since last: 1002366500 ns, Reaching safepoint: 1965542 ns, At safepoint: 78125 ns, Total: 2043667 ns
[2023-07-18T09:21:32.122+0000][1][safepoint    ] Safepoint "Cleanup", Time since last: 1001319000 ns, Reaching safepoint: 3693584 ns, At safepoint: 357291 ns, Total: 4050875 ns
[2023-07-18T09:21:33.129+0000][1][safepoint    ] Safepoint "Cleanup", Time since last: 1002116084 ns, Reaching safepoint: 4410709 ns, At safepoint: 120791 ns, Total: 4531500 ns
[2023-07-18T09:21:34.066+0000][1][safepoint    ] Safepoint "RevokeBias", Time since last: 935526001 ns, Reaching safepoint: 1372041 ns, At safepoint: 108125 ns, Total: 1480166 ns
[2023-07-18T09:21:35.070+0000][1][safepoint    ] Safepoint "Cleanup", Time since last: 1000657834 ns, Reaching safepoint: 3416292 ns, At safepoint: 86000 ns, Total: 3502292 ns
[2023-07-18T09:21:36.079+0000][1][safepoint    ] Safepoint "Cleanup", Time since last: 1004987042 ns, Reaching safepoint: 3895250 ns, At safepoint: 146875 ns, Total: 4042125 ns
[2023-07-18T09:21:37.087+0000][1][safepoint    ] Safepoint "Cleanup", Time since last: 1006416167 ns, Reaching safepoint: 1191625 ns, At safepoint: 23542 ns, Total: 1215167 ns
[2023-07-18T09:21:38.093+0000][1][safepoint    ] Safepoint "Cleanup", Time since last: 1002484042 ns, Reaching safepoint: 3839917 ns, At safepoint: 136916 ns, Total: 3976833 ns
[2023-07-18T09:21:39.097+0000][1][safepoint    ] Safepoint "Cleanup", Time since last: 1002041292 ns, Reaching safepoint: 1887500 ns, At safepoint: 40834 ns, Total: 1928334 ns
[2023-07-18T09:21:40.102+0000][1][safepoint    ] Safepoint "Cleanup", Time since last: 1001167792 ns, Reaching safepoint: 3913042 ns, At safepoint: 111500 ns, Total: 4024542 ns
[2023-07-18T09:21:41.109+0000][1][safepoint    ] Safepoint "Cleanup", Time since last: 1002224708 ns, Reaching safepoint: 3857375 ns, At safepoint: 93500 ns, Total: 3950875 ns
[2023-07-18T09:21:42.112+0000][1][safepoint    ] Safepoint "Cleanup", Time since last: 1002108543 ns, Reaching safepoint: 1757333 ns, At safepoint: 39375 ns, Total: 1796708 ns
[2023-07-18T09:21:43.117+0000][1][safepoint    ] Safepoint "Cleanup", Time since last: 1002348750 ns, Reaching safepoint: 1794167 ns, At safepoint: 40750 ns, Total: 1834917 ns
[2023-07-18T09:21:44.058+0000][1][safepoint    ] Safepoint "RevokeBias", Time since last: 940018125 ns, Reaching safepoint: 1516750 ns, At safepoint: 331209 ns, Total: 1847959 ns
[2023-07-18T09:21:45.064+0000][1][safepoint    ] Safepoint "Cleanup", Time since last: 1000814917 ns, Reaching safepoint: 4275167 ns, At safepoint: 118333 ns, Total: 4393500 ns
[2023-07-18T09:21:46.066+0000][1][safepoint    ] Safepoint "Cleanup", Time since last: 1001580000 ns, Reaching safepoint: 859250 ns, At safepoint: 16667 ns, Total: 875917 ns
[2023-07-18T09:21:47.070+0000][1][safepoint    ] Safepoint "Cleanup", Time since last: 1002548792 ns, Reaching safepoint: 1349667 ns, At safepoint: 40375 ns, Total: 1390042 ns
[2023-07-18T09:21:48.093+0000][1][safepoint    ] Safepoint "Cleanup", Time since last: 1002137541 ns, Reaching safepoint: 12251375 ns, At safepoint: 1921833 ns, Total: 14173208 ns
[2023-07-18T09:21:49.115+0000][1][safepoint    ] Safepoint "Cleanup", Time since last: 1027722709 ns, Reaching safepoint: 1114792 ns, At safepoint: 22417 ns, Total: 1137209 ns
[2023-07-18T09:21:50.117+0000][1][safepoint    ] Safepoint "Cleanup", Time since last: 1000512708 ns, Reaching safepoint: 1749209 ns, At safepoint: 37875 ns, Total: 1787084 ns
[2023-07-18T09:21:51.123+0000][1][safepoint    ] Safepoint "Cleanup", Time since last: 1001100334 ns, Reaching safepoint: 4554708 ns, At safepoint: 127500 ns, Total: 4682208 ns
[2023-07-18T09:21:52.944+0000][1][safepoint    ] Safepoint "Cleanup", Time since last: 1819029084 ns, Reaching safepoint: 2250958 ns, At safepoint: 35667 ns, Total: 2286625 ns
[2023-07-18T09:21:53.948+0000][1][safepoint    ] Safepoint "Cleanup", Time since last: 1001721126 ns, Reaching safepoint: 1749125 ns, At safepoint: 35291 ns, Total: 1784416 ns
[2023-07-18T09:21:54.954+0000][1][safepoint    ] Safepoint "Cleanup", Time since last: 1001184917 ns, Reaching safepoint: 4418375 ns, At safepoint: 139792 ns, Total: 4558167 ns
[2023-07-18T09:21:55.957+0000][1][safepoint    ] Safepoint "Cleanup", Time since last: 1001859292 ns, Reaching safepoint: 989792 ns, At safepoint: 17666 ns, Total: 1007458 ns
[2023-07-18T09:21:56.958+0000][1][safepoint    ] Safepoint "Cleanup", Time since last: 1000706293 ns, Reaching safepoint: 682708 ns, At safepoint: 13667 ns, Total: 696375 ns
[2023-07-18T09:21:57.963+0000][1][safepoint    ] Safepoint "Cleanup", Time since last: 1000468542 ns, Reaching safepoint: 4129083 ns, At safepoint: 98583 ns, Total: 4227666 ns
[2023-07-18T09:21:58.422+0000][1][safepoint    ] Safepoint "RevokeBias", Time since last: 457786751 ns, Reaching safepoint: 829583 ns, At safepoint: 737542 ns, Total: 1567125 ns
[2023-07-18T09:21:58.426+0000][1][safepoint    ] Safepoint "RevokeBias", Time since last: 1706416 ns, Reaching safepoint: 1499584 ns, At safepoint: 374750 ns, Total: 1874334 ns
[2023-07-18T09:21:58.428+0000][1][safepoint    ] Safepoint "RevokeBias", Time since last: 2290375 ns, Reaching safepoint: 607833 ns, At safepoint: 70333 ns, Total: 678166 ns
[2023-07-18T09:21:58.466+0000][1][safepoint    ] Safepoint "RevokeBias", Time since last: 36591292 ns, Reaching safepoint: 848125 ns, At safepoint: 110958 ns, Total: 959083 ns
[2023-07-18T09:21:58.467+0000][1][safepoint    ] Safepoint "RevokeBias", Time since last: 419250 ns, Reaching safepoint: 415709 ns, At safepoint: 93041 ns, Total: 508750 ns
[2023-07-18T09:21:59.473+0000][1][safepoint    ] Safepoint "Cleanup", Time since last: 1000476459 ns, Reaching safepoint: 4963667 ns, At safepoint: 112541 ns, Total: 5076208 ns
[2023-07-18T09:22:00.479+0000][1][safepoint    ] Safepoint "Cleanup", Time since last: 1001749834 ns, Reaching safepoint: 4131167 ns, At safepoint: 95458 ns, Total: 4226625 ns
[2023-07-18T09:22:01.484+0000][1][safepoint    ] Safepoint "Cleanup", Time since last: 1001657876 ns, Reaching safepoint: 3551583 ns, At safepoint: 134167 ns, Total: 3685750 ns
[2023-07-18T09:22:02.489+0000][1][safepoint    ] Safepoint "Cleanup", Time since last: 1002414167 ns, Reaching safepoint: 3095167 ns, At safepoint: 76375 ns, Total: 3171542 ns
[2023-07-18T09:22:03.494+0000][1][safepoint    ] Safepoint "Cleanup", Time since last: 1001004333 ns, Reaching safepoint: 3739375 ns, At safepoint: 99500 ns, Total: 3838875 ns
[2023-07-18T09:22:04.500+0000][1][safepoint    ] Safepoint "Cleanup", Time since last: 1002152626 ns, Reaching safepoint: 3908208 ns, At safepoint: 90792 ns, Total: 3999000 ns
[2023-07-18T09:22:05.505+0000][1][safepoint    ] Safepoint "Cleanup", Time since last: 1001284584 ns, Reaching safepoint: 2693375 ns, At safepoint: 70166 ns, Total: 2763541 ns
[2023-07-18T09:22:06.508+0000][1][safepoint    ] Safepoint "Cleanup", Time since last: 1000902126 ns, Reaching safepoint: 2820500 ns, At safepoint: 72083 ns, Total: 2892583 ns
[2023-07-18T09:22:07.514+0000][1][safepoint    ] Safepoint "Cleanup", Time since last: 1001291001 ns, Reaching safepoint: 3858916 ns, At safepoint: 95834 ns, Total: 3954750 ns
[2023-07-18T09:22:08.519+0000][1][safepoint    ] Safepoint "Cleanup", Time since last: 1001858917 ns, Reaching safepoint: 3789833 ns, At safepoint: 125083 ns, Total: 3914916 ns
[2023-07-18T09:22:09.525+0000][1][safepoint    ] Safepoint "Cleanup", Time since last: 1001587084 ns, Reaching safepoint: 4086542 ns, At safepoint: 121625 ns, Total: 4208167 ns
[2023-07-18T09:22:10.532+0000][1][safepoint    ] Safepoint "Cleanup", Time since last: 1002037000 ns, Reaching safepoint: 4260459 ns, At safepoint: 95708 ns, Total: 4356167 ns
[2023-07-18T09:22:11.539+0000][1][safepoint    ] Safepoint "Cleanup", Time since last: 1002418751 ns, Reaching safepoint: 4564250 ns, At safepoint: 132875 ns, Total: 4697125 ns
[2023-07-18T09:22:12.545+0000][1][safepoint    ] Safepoint "Cleanup", Time since last: 1002908208 ns, Reaching safepoint: 3158667 ns, At safepoint: 100542 ns, Total: 3259209 ns
[2023-07-18T09:22:13.552+0000][1][safepoint    ] Safepoint "Cleanup", Time since last: 1006061125 ns, Reaching safepoint: 949459 ns, At safepoint: 38291 ns, Total: 987750 ns
[2023-07-18T09:22:14.051+0000][1][safepoint    ] Safepoint "RevokeBias", Time since last: 497716042 ns, Reaching safepoint: 1438542 ns, At safepoint: 96791 ns, Total: 1535333 ns
[2023-07-18T09:22:15.056+0000][1][safepoint    ] Safepoint "Cleanup", Time since last: 1000438543 ns, Reaching safepoint: 3639625 ns, At safepoint: 556833 ns, Total: 4196458 ns
[2023-07-18T09:22:16.059+0000][1][safepoint    ] Safepoint "Cleanup", Time since last: 1001181375 ns, Reaching safepoint: 1843584 ns, At safepoint: 36125 ns, Total: 1879709 ns
[2023-07-18T09:22:17.061+0000][1][safepoint    ] Safepoint "Cleanup", Time since last: 1001471000 ns, Reaching safepoint: 1209500 ns, At safepoint: 24709 ns, Total: 1234209 ns
[2023-07-18T09:22:18.068+0000][1][safepoint    ] Safepoint "Cleanup", Time since last: 1002762374 ns, Reaching safepoint: 4428917 ns, At safepoint: 98083 ns, Total: 4527000 ns
[2023-07-18T09:22:19.076+0000][1][safepoint    ] Safepoint "Cleanup", Time since last: 1003131126 ns, Reaching safepoint: 4473625 ns, At safepoint: 110667 ns, Total: 4584292 ns
[2023-07-18T09:22:20.081+0000][1][safepoint    ] Safepoint "Cleanup", Time since last: 1001582292 ns, Reaching safepoint: 2893375 ns, At safepoint: 81125 ns, Total: 2974500 ns
[2023-07-18T09:22:21.083+0000][1][safepoint    ] Safepoint "Cleanup", Time since last: 1001254208 ns, Reaching safepoint: 926459 ns, At safepoint: 19541 ns, Total: 946000 ns
[2023-07-18T09:22:22.091+0000][1][safepoint    ] Safepoint "Cleanup", Time since last: 1003443918 ns, Reaching safepoint: 4377541 ns, At safepoint: 97250 ns, Total: 4474791 ns
[2023-07-18T09:22:23.095+0000][1][safepoint    ] Safepoint "Cleanup", Time since last: 1003157751 ns, Reaching safepoint: 1268458 ns, At safepoint: 25375 ns, Total: 1293833 ns
[2023-07-18T09:22:24.096+0000][1][safepoint    ] Safepoint "Cleanup", Time since last: 1000434417 ns, Reaching safepoint: 715084 ns, At safepoint: 17250 ns, Total: 732334 ns
[2023-07-18T09:22:25.100+0000][1][safepoint    ] Safepoint "Cleanup", Time since last: 1000482583 ns, Reaching safepoint: 3615834 ns, At safepoint: 71125 ns, Total: 3686959 ns
[2023-07-18T09:22:26.103+0000][1][safepoint    ] Safepoint "Cleanup", Time since last: 1001497875 ns, Reaching safepoint: 1316834 ns, At safepoint: 25791 ns, Total: 1342625 ns
[2023-07-18T09:22:27.107+0000][1][safepoint    ] Safepoint "Cleanup", Time since last: 1001012709 ns, Reaching safepoint: 3060583 ns, At safepoint: 70542 ns, Total: 3131125 ns
[2023-07-18T09:22:28.113+0000][1][safepoint    ] Safepoint "Cleanup", Time since last: 1001078001 ns, Reaching safepoint: 3884708 ns, At safepoint: 98625 ns, Total: 3983333 ns
[2023-07-18T09:22:29.119+0000][1][safepoint    ] Safepoint "Cleanup", Time since last: 1002359750 ns, Reaching safepoint: 3814834 ns, At safepoint: 115833 ns, Total: 3930667 ns
[2023-07-18T09:22:30.126+0000][1][safepoint    ] Safepoint "Cleanup", Time since last: 1002794500 ns, Reaching safepoint: 4020084 ns, At safepoint: 100291 ns, Total: 4120375 ns
[2023-07-18T09:22:31.130+0000][1][safepoint    ] Safepoint "Cleanup", Time since last: 1002729918 ns, Reaching safepoint: 1452166 ns, At safepoint: 30667 ns, Total: 1482833 ns
[2023-07-18T09:22:32.137+0000][1][safepoint    ] Safepoint "Cleanup", Time since last: 1002543542 ns, Reaching safepoint: 4534208 ns, At safepoint: 132000 ns, Total: 4666208 ns
[2023-07-18T09:22:33.144+0000][1][safepoint    ] Safepoint "Cleanup", Time since last: 1002136959 ns, Reaching safepoint: 4176042 ns, At safepoint: 91792 ns, Total: 4267834 ns
[2023-07-18T09:22:34.100+0000][1][safepoint    ] Safepoint "RevokeBias", Time since last: 954423167 ns, Reaching safepoint: 1795583 ns, At safepoint: 452417 ns, Total: 2248000 ns
[2023-07-18T09:22:34.332+0000][1][gc,start     ] GC(48) Pause Young (Allocation Failure)
[2023-07-18T09:22:34.334+0000][1][gc,task      ] GC(48) Using 4 workers of 4 for evacuation
[2023-07-18T09:22:34.357+0000][1][gc,age       ] GC(48) Desired survivor size 8945664 bytes, new threshold 6 (max threshold 6)
[2023-07-18T09:22:34.358+0000][1][gc,age       ] GC(48) Age table with threshold 6 (max threshold 6)
[2023-07-18T09:22:34.358+0000][1][gc,age       ] GC(48) - age   1:     109608 bytes,     109608 total
[2023-07-18T09:22:34.358+0000][1][gc,age       ] GC(48) - age   2:        784 bytes,     110392 total
[2023-07-18T09:22:34.358+0000][1][gc,age       ] GC(48) - age   3:       1904 bytes,     112296 total
[2023-07-18T09:22:34.358+0000][1][gc,age       ] GC(48) - age   4:       1456 bytes,     113752 total
[2023-07-18T09:22:34.359+0000][1][gc,age       ] GC(48) - age   5:       1960 bytes,     115712 total
[2023-07-18T09:22:34.359+0000][1][gc,age       ] GC(48) - age   6:       1304 bytes,     117016 total
[2023-07-18T09:22:34.360+0000][1][gc,heap      ] GC(48) ParNew: 139931K->174K(157248K)
[2023-07-18T09:22:34.360+0000][1][gc,heap      ] GC(48) CMS: 71475K->71479K(349568K)
[2023-07-18T09:22:34.360+0000][1][gc,metaspace ] GC(48) Metaspace: 91045K->91045K(1132544K)
[2023-07-18T09:22:34.361+0000][1][gc           ] GC(48) Pause Young (Allocation Failure) 206M->69M(494M) 29.001ms
[2023-07-18T09:22:34.361+0000][1][gc,cpu       ] GC(48) User=0.04s Sys=0.01s Real=0.03s
[2023-07-18T09:22:34.362+0000][1][safepoint    ] Safepoint "GenCollectForAllocation", Time since last: 230728250 ns, Reaching safepoint: 912666 ns, At safepoint: 29922667 ns, Total: 30835333 ns
[2023-07-18T09:22:35.367+0000][1][safepoint    ] Safepoint "Cleanup", Time since last: 1000539251 ns, Reaching safepoint: 4621791 ns, At safepoint: 261292 ns, Total: 4883083 ns
[2023-07-18T09:22:36.370+0000][1][safepoint    ] Safepoint "Cleanup", Time since last: 1001976334 ns, Reaching safepoint: 1266666 ns, At safepoint: 22584 ns, Total: 1289250 ns
[2023-07-18T09:22:37.376+0000][1][safepoint    ] Safepoint "Cleanup", Time since last: 1000842167 ns, Reaching safepoint: 4195208 ns, At safepoint: 100375 ns, Total: 4295583 ns
[2023-07-18T09:22:38.381+0000][1][safepoint    ] Safepoint "Cleanup", Time since last: 1001530584 ns, Reaching safepoint: 3919833 ns, At safepoint: 81125 ns, Total: 4000958 ns
[2023-07-18T09:22:39.383+0000][1][safepoint    ] Safepoint "Cleanup", Time since last: 1001404043 ns, Reaching safepoint: 709083 ns, At safepoint: 15750 ns, Total: 724833 ns
[2023-07-18T09:22:40.385+0000][1][safepoint    ] Safepoint "Cleanup", Time since last: 1000690417 ns, Reaching safepoint: 1165958 ns, At safepoint: 24875 ns, Total: 1190833 ns
[2023-07-18T09:22:41.390+0000][1][safepoint    ] Safepoint "Cleanup", Time since last: 1000873543 ns, Reaching safepoint: 3781250 ns, At safepoint: 104208 ns, Total: 3885458 ns
[2023-07-18T09:22:42.395+0000][1][safepoint    ] Safepoint "Cleanup", Time since last: 1001328334 ns, Reaching safepoint: 3629208 ns, At safepoint: 95417 ns, Total: 3724625 ns
[2023-07-18T09:22:43.400+0000][1][safepoint    ] Safepoint "Cleanup", Time since last: 1001765500 ns, Reaching safepoint: 3163458 ns, At safepoint: 88875 ns, Total: 3252333 ns
[2023-07-18T09:22:44.403+0000][1][safepoint    ] Safepoint "Cleanup", Time since last: 1001305459 ns, Reaching safepoint: 1689417 ns, At safepoint: 32417 ns, Total: 1721834 ns
[2023-07-18T09:22:45.405+0000][1][safepoint    ] Safepoint "Cleanup", Time since last: 1000653083 ns, Reaching safepoint: 1295500 ns, At safepoint: 23792 ns, Total: 1319292 ns
[2023-07-18T09:22:46.407+0000][1][safepoint    ] Safepoint "Cleanup", Time since last: 1000533792 ns, Reaching safepoint: 1393500 ns, At safepoint: 28334 ns, Total: 1421834 ns
[2023-07-18T09:22:47.414+0000][1][safepoint    ] Safepoint "Cleanup", Time since last: 1002248042 ns, Reaching safepoint: 4600541 ns, At safepoint: 104792 ns, Total: 4705333 ns
[2023-07-18T09:22:48.418+0000][1][safepoint    ] Safepoint "Cleanup", Time since last: 1001708583 ns, Reaching safepoint: 2239417 ns, At safepoint: 78666 ns, Total: 2318083 ns
[2023-07-18T09:22:49.425+0000][1][safepoint    ] Safepoint "Cleanup", Time since last: 1001200209 ns, Reaching safepoint: 5857500 ns, At safepoint: 114458 ns, Total: 5971958 ns
[2023-07-18T09:22:50.428+0000][1][safepoint    ] Safepoint "Cleanup", Time since last: 1001186668 ns, Reaching safepoint: 1325166 ns, At safepoint: 27792 ns, Total: 1352958 ns
[2023-07-18T09:22:51.430+0000][1][safepoint    ] Safepoint "Cleanup", Time since last: 1000679875 ns, Reaching safepoint: 1619042 ns, At safepoint: 36917 ns, Total: 1655959 ns
[2023-07-18T09:22:52.434+0000][1][safepoint    ] Safepoint "Cleanup", Time since last: 1001624417 ns, Reaching safepoint: 2835541 ns, At safepoint: 135459 ns, Total: 2971000 ns
[2023-07-18T09:22:53.436+0000][1][safepoint    ] Safepoint "Cleanup", Time since last: 1001021792 ns, Reaching safepoint: 688958 ns, At safepoint: 15167 ns, Total: 704125 ns
[2023-07-18T09:22:54.067+0000][1][safepoint    ] Safepoint "RevokeBias", Time since last: 629351417 ns, Reaching safepoint: 1371875 ns, At safepoint: 108292 ns, Total: 1480167 ns
[2023-07-18T09:22:55.073+0000][1][safepoint    ] Safepoint "Cleanup", Time since last: 1001856750 ns, Reaching safepoint: 3887542 ns, At safepoint: 97291 ns, Total: 3984833 ns
[2023-07-18T09:22:56.077+0000][1][safepoint    ] Safepoint "Cleanup", Time since last: 1001289418 ns, Reaching safepoint: 2848583 ns, At safepoint: 77167 ns, Total: 2925750 ns
[2023-07-18T09:22:57.084+0000][1][safepoint    ] Safepoint "Cleanup", Time since last: 1005133958 ns, Reaching safepoint: 1629084 ns, At safepoint: 35416 ns, Total: 1664500 ns
[2023-07-18T09:22:58.091+0000][1][safepoint    ] Safepoint "Cleanup", Time since last: 1002175417 ns, Reaching safepoint: 4674084 ns, At safepoint: 78333 ns, Total: 4752417 ns
[2023-07-18T09:22:59.095+0000][1][safepoint    ] Safepoint "Cleanup", Time since last: 1001931792 ns, Reaching safepoint: 2163500 ns, At safepoint: 82167 ns, Total: 2245667 ns
[2023-07-18T09:22:59.391+0000][1][safepoint    ] Safepoint "RevokeBias", Time since last: 294453792 ns, Reaching safepoint: 1229041 ns, At safepoint: 160084 ns, Total: 1389125 ns
[2023-07-18T09:22:59.394+0000][1][safepoint    ] Safepoint "RevokeBias", Time since last: 2677083 ns, Reaching safepoint: 769042 ns, At safepoint: 79000 ns, Total: 848042 ns
[2023-07-18T09:22:59.401+0000][1][safepoint    ] Safepoint "RevokeBias", Time since last: 5605291 ns, Reaching safepoint: 740500 ns, At safepoint: 68209 ns, Total: 808709 ns
[2023-07-18T09:22:59.429+0000][1][safepoint    ] Safepoint "RevokeBias", Time since last: 27317208 ns, Reaching safepoint: 833042 ns, At safepoint: 107583 ns, Total: 940625 ns
[2023-07-18T09:22:59.433+0000][1][safepoint    ] Safepoint "BulkRevokeBias", Time since last: 1052250 ns, Reaching safepoint: 436542 ns, At safepoint: 2481791 ns, Total: 2918333 ns
[2023-07-18T09:22:59.437+0000][1][safepoint    ] Safepoint "RevokeBias", Time since last: 3177125 ns, Reaching safepoint: 791292 ns, At safepoint: 118167 ns, Total: 909459 ns
[2023-07-18T09:23:00.439+0000][1][safepoint    ] Safepoint "Cleanup", Time since last: 1000816709 ns, Reaching safepoint: 1431708 ns, At safepoint: 27083 ns, Total: 1458791 ns
[2023-07-18T09:23:01.441+0000][1][safepoint    ] Safepoint "Cleanup", Time since last: 1000722667 ns, Reaching safepoint: 1376917 ns, At safepoint: 31042 ns, Total: 1407959 ns
[2023-07-18T09:23:02.446+0000][1][safepoint    ] Safepoint "Cleanup", Time since last: 1001594375 ns, Reaching safepoint: 2756084 ns, At safepoint: 65583 ns, Total: 2821667 ns
[2023-07-18T09:23:03.451+0000][1][safepoint    ] Safepoint "Cleanup", Time since last: 1001284250 ns, Reaching safepoint: 3880459 ns, At safepoint: 163250 ns, Total: 4043709 ns
[2023-07-18T09:23:04.081+0000][1][safepoint    ] Safepoint "RevokeBias", Time since last: 628053583 ns, Reaching safepoint: 1477542 ns, At safepoint: 288792 ns, Total: 1766334 ns
[2023-07-18T09:23:05.142+0000][1][safepoint    ] Safepoint "Cleanup", Time since last: 1057160959 ns, Reaching safepoint: 3586208 ns, At safepoint: 84292 ns, Total: 3670500 ns
[2023-07-18T09:23:06.148+0000][1][safepoint    ] Safepoint "Cleanup", Time since last: 1001774375 ns, Reaching safepoint: 4350667 ns, At safepoint: 100791 ns, Total: 4451458 ns
[2023-07-18T09:23:07.153+0000][1][safepoint    ] Safepoint "Cleanup", Time since last: 1001956126 ns, Reaching safepoint: 2770291 ns, At safepoint: 92459 ns, Total: 2862750 ns
[2023-07-18T09:23:08.157+0000][1][safepoint    ] Safepoint "Cleanup", Time since last: 1000851625 ns, Reaching safepoint: 2755000 ns, At safepoint: 67875 ns, Total: 2822875 ns
[2023-07-18T09:23:09.161+0000][1][safepoint    ] Safepoint "Cleanup", Time since last: 1001762459 ns, Reaching safepoint: 3039917 ns, At safepoint: 74583 ns, Total: 3114500 ns
[2023-07-18T09:23:10.167+0000][1][safepoint    ] Safepoint "Cleanup", Time since last: 1001671834 ns, Reaching safepoint: 4080125 ns, At safepoint: 122667 ns, Total: 4202792 ns
[2023-07-18T09:23:11.172+0000][1][safepoint    ] Safepoint "Cleanup", Time since last: 1001237208 ns, Reaching safepoint: 2923917 ns, At safepoint: 99792 ns, Total: 3023709 ns
[2023-07-18T09:23:12.177+0000][1][safepoint    ] Safepoint "Cleanup", Time since last: 1001103500 ns, Reaching safepoint: 4363334 ns, At safepoint: 106541 ns, Total: 4469875 ns
[2023-07-18T09:23:13.185+0000][1][safepoint    ] Safepoint "Cleanup", Time since last: 1003473251 ns, Reaching safepoint: 3767500 ns, At safepoint: 87166 ns, Total: 3854666 ns
[2023-07-18T09:23:14.187+0000][1][safepoint    ] Safepoint "Cleanup", Time since last: 1001544126 ns, Reaching safepoint: 970667 ns, At safepoint: 18166 ns, Total: 988833 ns
[2023-07-18T09:23:15.192+0000][1][safepoint    ] Safepoint "Cleanup", Time since last: 1001480417 ns, Reaching safepoint: 3061042 ns, At safepoint: 58083 ns, Total: 3119125 ns
[2023-07-18T09:23:16.195+0000][1][safepoint    ] Safepoint "Cleanup", Time since last: 1001490334 ns, Reaching safepoint: 2031625 ns, At safepoint: 40167 ns, Total: 2071792 ns
[2023-07-18T09:23:17.199+0000][1][safepoint    ] Safepoint "Cleanup", Time since last: 1001521084 ns, Reaching safepoint: 2686291 ns, At safepoint: 62125 ns, Total: 2748416 ns
[2023-07-18T09:23:18.205+0000][1][safepoint    ] Safepoint "Cleanup", Time since last: 1001032833 ns, Reaching safepoint: 4489625 ns, At safepoint: 94500 ns, Total: 4584125 ns
[2023-07-18T09:23:19.210+0000][1][safepoint    ] Safepoint "Cleanup", Time since last: 1001567542 ns, Reaching safepoint: 3541000 ns, At safepoint: 102125 ns, Total: 3643125 ns
[2023-07-18T09:23:20.215+0000][1][safepoint    ] Safepoint "Cleanup", Time since last: 1001194084 ns, Reaching safepoint: 4288500 ns, At safepoint: 91583 ns, Total: 4380083 ns
[2023-07-18T09:23:21.221+0000][1][safepoint    ] Safepoint "Cleanup", Time since last: 1002033543 ns, Reaching safepoint: 3469583 ns, At safepoint: 75708 ns, Total: 3545291 ns
[2023-07-18T09:23:22.227+0000][1][safepoint    ] Safepoint "Cleanup", Time since last: 1001515084 ns, Reaching safepoint: 4072583 ns, At safepoint: 89459 ns, Total: 4162042 ns
[2023-07-18T09:23:23.231+0000][1][safepoint    ] Safepoint "Cleanup", Time since last: 1001488834 ns, Reaching safepoint: 3255666 ns, At safepoint: 67959 ns, Total: 3323625 ns
[2023-07-18T09:23:24.235+0000][1][safepoint    ] Safepoint "Cleanup", Time since last: 1002537000 ns, Reaching safepoint: 890083 ns, At safepoint: 18167 ns, Total: 908250 ns
[2023-07-18T09:23:25.251+0000][1][safepoint    ] Safepoint "Cleanup", Time since last: 1000813042 ns, Reaching safepoint: 12226292 ns, At safepoint: 744750 ns, Total: 12971042 ns
[2023-07-18T09:23:26.280+0000][1][safepoint    ] Safepoint "Cleanup", Time since last: 1026308209 ns, Reaching safepoint: 5259333 ns, At safepoint: 102458 ns, Total: 5361791 ns
[2023-07-18T09:23:27.287+0000][1][safepoint    ] Safepoint "Cleanup", Time since last: 1002384667 ns, Reaching safepoint: 3870084 ns, At safepoint: 184500 ns, Total: 4054584 ns
[2023-07-18T09:23:28.291+0000][1][safepoint    ] Safepoint "Cleanup", Time since last: 1001320084 ns, Reaching safepoint: 2740916 ns, At safepoint: 67417 ns, Total: 2808333 ns
[2023-07-18T09:23:29.295+0000][1][safepoint    ] Safepoint "Cleanup", Time since last: 1000877334 ns, Reaching safepoint: 2824458 ns, At safepoint: 86333 ns, Total: 2910791 ns
[2023-07-18T09:23:30.299+0000][1][safepoint    ] Safepoint "Cleanup", Time since last: 1001993084 ns, Reaching safepoint: 1905292 ns, At safepoint: 50417 ns, Total: 1955709 ns
[2023-07-18T09:23:31.301+0000][1][safepoint    ] Safepoint "Cleanup", Time since last: 1000982125 ns, Reaching safepoint: 1417958 ns, At safepoint: 30750 ns, Total: 1448708 ns
[2023-07-18T09:23:32.305+0000][1][safepoint    ] Safepoint "Cleanup", Time since last: 1001280751 ns, Reaching safepoint: 2731625 ns, At safepoint: 109000 ns, Total: 2840625 ns
[2023-07-18T09:23:33.309+0000][1][safepoint    ] Safepoint "Cleanup", Time since last: 1001310042 ns, Reaching safepoint: 2624667 ns, At safepoint: 58916 ns, Total: 2683583 ns
[2023-07-18T09:23:34.311+0000][1][safepoint    ] Safepoint "Cleanup", Time since last: 1001104376 ns, Reaching safepoint: 1108541 ns, At safepoint: 18917 ns, Total: 1127458 ns
[2023-07-18T09:23:35.314+0000][1][safepoint    ] Safepoint "Cleanup", Time since last: 1000440001 ns, Reaching safepoint: 1816708 ns, At safepoint: 38958 ns, Total: 1855666 ns
[2023-07-18T09:23:36.317+0000][1][safepoint    ] Safepoint "Cleanup", Time since last: 1001072251 ns, Reaching safepoint: 1722000 ns, At safepoint: 46208 ns, Total: 1768208 ns
[2023-07-18T09:23:37.322+0000][1][safepoint    ] Safepoint "Cleanup", Time since last: 1001793709 ns, Reaching safepoint: 4001958 ns, At safepoint: 108500 ns, Total: 4110458 ns
[2023-07-18T09:23:38.328+0000][1][safepoint    ] Safepoint "Cleanup", Time since last: 1002446042 ns, Reaching safepoint: 3094750 ns, At safepoint: 85250 ns, Total: 3180000 ns
[2023-07-18T09:23:39.340+0000][1][safepoint    ] Safepoint "Cleanup", Time since last: 1005011293 ns, Reaching safepoint: 6367500 ns, At safepoint: 146125 ns, Total: 6513625 ns
[2023-07-18T09:23:40.344+0000][1][safepoint    ] Safepoint "Cleanup", Time since last: 1002687417 ns, Reaching safepoint: 1540083 ns, At safepoint: 32667 ns, Total: 1572750 ns
[2023-07-18T09:23:41.349+0000][1][safepoint    ] Safepoint "Cleanup", Time since last: 1000956625 ns, Reaching safepoint: 3931792 ns, At safepoint: 148166 ns, Total: 4079958 ns
[2023-07-18T09:23:42.358+0000][1][safepoint    ] Safepoint "Cleanup", Time since last: 1004785293 ns, Reaching safepoint: 4350791 ns, At safepoint: 107542 ns, Total: 4458333 ns
[2023-07-18T09:23:43.362+0000][1][safepoint    ] Safepoint "Cleanup", Time since last: 1001371917 ns, Reaching safepoint: 2813375 ns, At safepoint: 78250 ns, Total: 2891625 ns
[2023-07-18T09:23:44.076+0000][1][safepoint    ] Safepoint "RevokeBias", Time since last: 710385750 ns, Reaching safepoint: 2049084 ns, At safepoint: 1249791 ns, Total: 3298875 ns
[2023-07-18T09:23:45.081+0000][1][safepoint    ] Safepoint "Cleanup", Time since last: 1001611376 ns, Reaching safepoint: 3515167 ns, At safepoint: 186750 ns, Total: 3701917 ns
[2023-07-18T09:23:46.087+0000][1][safepoint    ] Safepoint "Cleanup", Time since last: 1001842625 ns, Reaching safepoint: 3172958 ns, At safepoint: 83709 ns, Total: 3256667 ns
[2023-07-18T09:23:47.091+0000][1][safepoint    ] Safepoint "Cleanup", Time since last: 1001176000 ns, Reaching safepoint: 2895125 ns, At safepoint: 44042 ns, Total: 2939167 ns
[2023-07-18T09:23:48.097+0000][1][safepoint    ] Safepoint "Cleanup", Time since last: 1001472958 ns, Reaching safepoint: 4857334 ns, At safepoint: 100583 ns, Total: 4957917 ns
[2023-07-18T09:23:49.103+0000][1][safepoint    ] Safepoint "Cleanup", Time since last: 1001886251 ns, Reaching safepoint: 2987041 ns, At safepoint: 1502500 ns, Total: 4489541 ns
[2023-07-18T09:23:50.108+0000][1][safepoint    ] Safepoint "Cleanup", Time since last: 1002613459 ns, Reaching safepoint: 1971083 ns, At safepoint: 77875 ns, Total: 2048958 ns
[2023-07-18T09:23:51.111+0000][1][safepoint    ] Safepoint "Cleanup", Time since last: 1001253042 ns, Reaching safepoint: 1951834 ns, At safepoint: 56792 ns, Total: 2008626 ns
[2023-07-18T09:23:52.115+0000][1][safepoint    ] Safepoint "Cleanup", Time since last: 1001392667 ns, Reaching safepoint: 2160416 ns, At safepoint: 56834 ns, Total: 2217250 ns
[2023-07-18T09:23:53.120+0000][1][safepoint    ] Safepoint "Cleanup", Time since last: 1001999875 ns, Reaching safepoint: 2830708 ns, At safepoint: 129125 ns, Total: 2959833 ns
[2023-07-18T09:23:54.067+0000][1][safepoint    ] Safepoint "RevokeBias", Time since last: 945716959 ns, Reaching safepoint: 1353709 ns, At safepoint: 267416 ns, Total: 1621125 ns
[2023-07-18T09:23:55.072+0000][1][safepoint    ] Safepoint "Cleanup", Time since last: 1002233001 ns, Reaching safepoint: 3038125 ns, At safepoint: 104208 ns, Total: 3142333 ns
[2023-07-18T09:23:56.077+0000][1][safepoint    ] Safepoint "Cleanup", Time since last: 1001392209 ns, Reaching safepoint: 2854875 ns, At safepoint: 67458 ns, Total: 2922333 ns
[2023-07-18T09:23:57.079+0000][1][safepoint    ] Safepoint "Cleanup", Time since last: 1001366917 ns, Reaching safepoint: 1203542 ns, At safepoint: 26333 ns, Total: 1229875 ns
[2023-07-18T09:23:58.086+0000][1][safepoint    ] Safepoint "Cleanup", Time since last: 1002377292 ns, Reaching safepoint: 4446167 ns, At safepoint: 115583 ns, Total: 4561750 ns
[2023-07-18T09:23:59.090+0000][1][safepoint    ] Safepoint "Cleanup", Time since last: 1001729876 ns, Reaching safepoint: 1625125 ns, At safepoint: 36083 ns, Total: 1661208 ns
[2023-07-18T09:24:00.093+0000][1][safepoint    ] Safepoint "Cleanup", Time since last: 1001112626 ns, Reaching safepoint: 2064958 ns, At safepoint: 41250 ns, Total: 2106208 ns
[2023-07-18T09:24:00.413+0000][1][safepoint    ] Safepoint "RevokeBias", Time since last: 319514000 ns, Reaching safepoint: 668167 ns, At safepoint: 60792 ns, Total: 728959 ns
[2023-07-18T09:24:00.425+0000][1][safepoint    ] Safepoint "RevokeBias", Time since last: 10587791 ns, Reaching safepoint: 1411792 ns, At safepoint: 314375 ns, Total: 1726167 ns
[2023-07-18T09:24:00.442+0000][1][safepoint    ] Safepoint "RevokeBias", Time since last: 15733000 ns, Reaching safepoint: 925458 ns, At safepoint: 133334 ns, Total: 1058792 ns
[2023-07-18T09:24:00.445+0000][1][safepoint    ] Safepoint "RevokeBias", Time since last: 1738958 ns, Reaching safepoint: 640750 ns, At safepoint: 66708 ns, Total: 707458 ns
[2023-07-18T09:24:00.449+0000][1][safepoint    ] Safepoint "RevokeBias", Time since last: 3208417 ns, Reaching safepoint: 781417 ns, At safepoint: 69291 ns, Total: 850708 ns
[2023-07-18T09:24:01.478+0000][1][safepoint    ] Safepoint "Cleanup", Time since last: 1026695376 ns, Reaching safepoint: 2590833 ns, At safepoint: 57250 ns, Total: 2648083 ns
[2023-07-18T09:24:02.487+0000][1][safepoint    ] Safepoint "Cleanup", Time since last: 1001295876 ns, Reaching safepoint: 7532083 ns, At safepoint: 160833 ns, Total: 7692916 ns
[2023-07-18T09:24:03.497+0000][1][safepoint    ] Safepoint "Cleanup", Time since last: 1005359542 ns, Reaching safepoint: 4449125 ns, At safepoint: 133667 ns, Total: 4582792 ns
[2023-07-18T09:24:04.504+0000][1][safepoint    ] Safepoint "Cleanup", Time since last: 1003521876 ns, Reaching safepoint: 2899291 ns, At safepoint: 173084 ns, Total: 3072375 ns
[2023-07-18T09:24:05.508+0000][1][safepoint    ] Safepoint "Cleanup", Time since last: 1001025542 ns, Reaching safepoint: 2930041 ns, At safepoint: 88417 ns, Total: 3018458 ns
[2023-07-18T09:24:06.514+0000][1][safepoint    ] Safepoint "Cleanup", Time since last: 1001639167 ns, Reaching safepoint: 4547375 ns, At safepoint: 124334 ns, Total: 4671709 ns
[2023-07-18T09:24:07.520+0000][1][safepoint    ] Safepoint "Cleanup", Time since last: 1001508750 ns, Reaching safepoint: 3963458 ns, At safepoint: 192084 ns, Total: 4155542 ns
[2023-07-18T09:24:08.526+0000][1][safepoint    ] Safepoint "Cleanup", Time since last: 1002419333 ns, Reaching safepoint: 3804042 ns, At safepoint: 100208 ns, Total: 3904250 ns
[2023-07-18T09:24:09.535+0000][1][safepoint    ] Safepoint "Cleanup", Time since last: 1002820209 ns, Reaching safepoint: 5557459 ns, At safepoint: 147625 ns, Total: 5705084 ns
[2023-07-18T09:24:10.543+0000][1][safepoint    ] Safepoint "Cleanup", Time since last: 1004913875 ns, Reaching safepoint: 3699458 ns, At safepoint: 112875 ns, Total: 3812333 ns
[2023-07-18T09:24:11.547+0000][1][safepoint    ] Safepoint "Cleanup", Time since last: 1001433251 ns, Reaching safepoint: 2273792 ns, At safepoint: 75208 ns, Total: 2349000 ns
[2023-07-18T09:24:12.553+0000][1][safepoint    ] Safepoint "Cleanup", Time since last: 1002320209 ns, Reaching safepoint: 3986958 ns, At safepoint: 148667 ns, Total: 4135625 ns
[2023-07-18T09:24:13.557+0000][1][safepoint    ] Safepoint "Cleanup", Time since last: 1001551875 ns, Reaching safepoint: 1905917 ns, At safepoint: 61542 ns, Total: 1967459 ns
[2023-07-18T09:24:14.072+0000][1][safepoint    ] Safepoint "RevokeBias", Time since last: 513389000 ns, Reaching safepoint: 1582666 ns, At safepoint: 342084 ns, Total: 1924750 ns
[2023-07-18T09:24:15.077+0000][1][safepoint    ] Safepoint "Cleanup", Time since last: 1001813084 ns, Reaching safepoint: 2812666 ns, At safepoint: 84000 ns, Total: 2896666 ns
[2023-07-18T09:24:16.081+0000][1][safepoint    ] Safepoint "Cleanup", Time since last: 1002035084 ns, Reaching safepoint: 1946750 ns, At safepoint: 35833 ns, Total: 1982583 ns
[2023-07-18T09:24:17.088+0000][1][safepoint    ] Safepoint "Cleanup", Time since last: 1001711126 ns, Reaching safepoint: 5547375 ns, At safepoint: 128542 ns, Total: 5675917 ns
[2023-07-18T09:24:18.104+0000][1][safepoint    ] Safepoint "Cleanup", Time since last: 1001088250 ns, Reaching safepoint: 1708333 ns, At safepoint: 36375 ns, Total: 1744708 ns
[2023-07-18T09:24:19.109+0000][1][safepoint    ] Safepoint "Cleanup", Time since last: 1001451001 ns, Reaching safepoint: 3261041 ns, At safepoint: 79500 ns, Total: 3340541 ns
[2023-07-18T09:24:20.113+0000][1][safepoint    ] Safepoint "Cleanup", Time since last: 1001376376 ns, Reaching safepoint: 3180041 ns, At safepoint: 65542 ns, Total: 3245583 ns
[2023-07-18T09:24:21.118+0000][1][safepoint    ] Safepoint "Cleanup", Time since last: 1001090459 ns, Reaching safepoint: 3832833 ns, At safepoint: 82417 ns, Total: 3915250 ns
[2023-07-18T09:24:22.122+0000][1][safepoint    ] Safepoint "Cleanup", Time since last: 1000942417 ns, Reaching safepoint: 2638917 ns, At safepoint: 74125 ns, Total: 2713042 ns
[2023-07-18T09:24:23.125+0000][1][safepoint    ] Safepoint "Cleanup", Time since last: 1001683792 ns, Reaching safepoint: 1228291 ns, At safepoint: 29125 ns, Total: 1257416 ns
[2023-07-18T09:24:24.127+0000][1][safepoint    ] Safepoint "Cleanup", Time since last: 1000585584 ns, Reaching safepoint: 1281709 ns, At safepoint: 25416 ns, Total: 1307125 ns
[2023-07-18T09:24:25.133+0000][1][safepoint    ] Safepoint "Cleanup", Time since last: 1001169417 ns, Reaching safepoint: 4407459 ns, At safepoint: 107083 ns, Total: 4514542 ns
[2023-07-18T09:24:26.138+0000][1][safepoint    ] Safepoint "Cleanup", Time since last: 1001228501 ns, Reaching safepoint: 4365833 ns, At safepoint: 195250 ns, Total: 4561083 ns
[2023-07-18T09:24:27.142+0000][1][safepoint    ] Safepoint "Cleanup", Time since last: 1002815250 ns, Reaching safepoint: 1062417 ns, At safepoint: 25792 ns, Total: 1088209 ns
[2023-07-18T09:24:28.146+0000][1][safepoint    ] Safepoint "Cleanup", Time since last: 1000659834 ns, Reaching safepoint: 3278791 ns, At safepoint: 55500 ns, Total: 3334291 ns
[2023-07-18T09:24:29.152+0000][1][safepoint    ] Safepoint "Cleanup", Time since last: 1002261209 ns, Reaching safepoint: 2859833 ns, At safepoint: 82875 ns, Total: 2942708 ns
[2023-07-18T09:24:30.157+0000][1][safepoint    ] Safepoint "Cleanup", Time since last: 1001727626 ns, Reaching safepoint: 3274250 ns, At safepoint: 84000 ns, Total: 3358250 ns
[2023-07-18T09:24:31.163+0000][1][safepoint    ] Safepoint "Cleanup", Time since last: 1001587459 ns, Reaching safepoint: 4321750 ns, At safepoint: 122583 ns, Total: 4444333 ns
[2023-07-18T09:24:32.170+0000][1][safepoint    ] Safepoint "Cleanup", Time since last: 1004899084 ns, Reaching safepoint: 2822791 ns, At safepoint: 101875 ns, Total: 2924666 ns
[2023-07-18T09:24:33.174+0000][1][safepoint    ] Safepoint "Cleanup", Time since last: 1001278209 ns, Reaching safepoint: 2609125 ns, At safepoint: 60709 ns, Total: 2669834 ns
[2023-07-18T09:24:34.107+0000][1][safepoint    ] Safepoint "BulkRevokeBias", Time since last: 928736292 ns, Reaching safepoint: 1605666 ns, At safepoint: 2247459 ns, Total: 3853125 ns
[2023-07-18T09:24:34.135+0000][1][gc,start     ] GC(49) Pause Young (Allocation Failure)
[2023-07-18T09:24:34.137+0000][1][gc,task      ] GC(49) Using 4 workers of 4 for evacuation
[2023-07-18T09:24:34.166+0000][1][gc,age       ] GC(49) Desired survivor size 8945664 bytes, new threshold 6 (max threshold 6)
[2023-07-18T09:24:34.166+0000][1][gc,age       ] GC(49) Age table with threshold 6 (max threshold 6)
[2023-07-18T09:24:34.166+0000][1][gc,age       ] GC(49) - age   1:     163720 bytes,     163720 total
[2023-07-18T09:24:34.166+0000][1][gc,age       ] GC(49) - age   2:       1832 bytes,     165552 total
[2023-07-18T09:24:34.167+0000][1][gc,age       ] GC(49) - age   3:        784 bytes,     166336 total
[2023-07-18T09:24:34.167+0000][1][gc,age       ] GC(49) - age   4:       1904 bytes,     168240 total
[2023-07-18T09:24:34.167+0000][1][gc,age       ] GC(49) - age   5:       1456 bytes,     169696 total
[2023-07-18T09:24:34.167+0000][1][gc,age       ] GC(49) - age   6:       1960 bytes,     171656 total
[2023-07-18T09:24:34.168+0000][1][gc,heap      ] GC(49) ParNew: 139950K->236K(157248K)
[2023-07-18T09:24:34.168+0000][1][gc,heap      ] GC(49) CMS: 71479K->71480K(349568K)
[2023-07-18T09:24:34.169+0000][1][gc,metaspace ] GC(49) Metaspace: 91060K->91060K(1132544K)
[2023-07-18T09:24:34.169+0000][1][gc           ] GC(49) Pause Young (Allocation Failure) 206M->70M(494M) 34.472ms
[2023-07-18T09:24:34.170+0000][1][gc,cpu       ] GC(49) User=0.05s Sys=0.02s Real=0.04s
[2023-07-18T09:24:34.170+0000][1][safepoint    ] Safepoint "GenCollectForAllocation", Time since last: 26104583 ns, Reaching safepoint: 1445833 ns, At safepoint: 35475417 ns, Total: 36921250 ns
[2023-07-18T09:24:35.177+0000][1][safepoint    ] Safepoint "Cleanup", Time since last: 1000858542 ns, Reaching safepoint: 5710375 ns, At safepoint: 112334 ns, Total: 5822709 ns
[2023-07-18T09:24:36.181+0000][1][safepoint    ] Safepoint "Cleanup", Time since last: 1001651417 ns, Reaching safepoint: 2323416 ns, At safepoint: 62792 ns, Total: 2386208 ns
[2023-07-18T09:24:37.186+0000][1][safepoint    ] Safepoint "Cleanup", Time since last: 1001342875 ns, Reaching safepoint: 3423334 ns, At safepoint: 102375 ns, Total: 3525709 ns
[2023-07-18T09:24:38.191+0000][1][safepoint    ] Safepoint "Cleanup", Time since last: 1002594500 ns, Reaching safepoint: 3172334 ns, At safepoint: 73916 ns, Total: 3246250 ns
[2023-07-18T09:24:39.206+0000][1][safepoint    ] Safepoint "Cleanup", Time since last: 1010538584 ns, Reaching safepoint: 3366583 ns, At safepoint: 103750 ns, Total: 3470333 ns
[2023-07-18T09:24:40.209+0000][1][safepoint    ] Safepoint "Cleanup", Time since last: 1002171001 ns, Reaching safepoint: 1383750 ns, At safepoint: 21417 ns, Total: 1405167 ns
[2023-07-18T09:24:41.214+0000][1][safepoint    ] Safepoint "Cleanup", Time since last: 1001090667 ns, Reaching safepoint: 3456666 ns, At safepoint: 64000 ns, Total: 3520666 ns
[2023-07-18T09:24:42.220+0000][1][safepoint    ] Safepoint "Cleanup", Time since last: 1001199334 ns, Reaching safepoint: 5039834 ns, At safepoint: 125041 ns, Total: 5164875 ns
[2023-07-18T09:24:43.227+0000][1][safepoint    ] Safepoint "Cleanup", Time since last: 1001633584 ns, Reaching safepoint: 5009375 ns, At safepoint: 116417 ns, Total: 5125792 ns
[2023-07-18T09:24:44.119+0000][1][safepoint    ] Safepoint "RevokeBias", Time since last: 890207125 ns, Reaching safepoint: 1881583 ns, At safepoint: 358459 ns, Total: 2240042 ns
[2023-07-18T09:24:45.122+0000][1][safepoint    ] Safepoint "Cleanup", Time since last: 1000522667 ns, Reaching safepoint: 1890417 ns, At safepoint: 32666 ns, Total: 1923083 ns
[2023-07-18T09:24:46.130+0000][1][safepoint    ] Safepoint "Cleanup", Time since last: 1005070751 ns, Reaching safepoint: 3502083 ns, At safepoint: 207583 ns, Total: 3709666 ns
[2023-07-18T09:24:47.133+0000][1][safepoint    ] Safepoint "Cleanup", Time since last: 1001709418 ns, Reaching safepoint: 1311958 ns, At safepoint: 24458 ns, Total: 1336416 ns
[2023-07-18T09:24:48.139+0000][1][safepoint    ] Safepoint "Cleanup", Time since last: 1000577750 ns, Reaching safepoint: 2587584 ns, At safepoint: 75875 ns, Total: 2663459 ns
[2023-07-18T09:24:49.146+0000][1][safepoint    ] Safepoint "Cleanup", Time since last: 1004090000 ns, Reaching safepoint: 3122375 ns, At safepoint: 73375 ns, Total: 3195750 ns
[2023-07-18T09:24:50.153+0000][1][safepoint    ] Safepoint "Cleanup", Time since last: 1001752876 ns, Reaching safepoint: 4672291 ns, At safepoint: 186542 ns, Total: 4858833 ns
[2023-07-18T09:24:51.155+0000][1][safepoint    ] Safepoint "Cleanup", Time since last: 1001171334 ns, Reaching safepoint: 1455167 ns, At safepoint: 28291 ns, Total: 1483458 ns
[2023-07-18T09:24:52.158+0000][1][safepoint    ] Safepoint "Cleanup", Time since last: 1001105042 ns, Reaching safepoint: 1487500 ns, At safepoint: 33625 ns, Total: 1521125 ns
[2023-07-18T09:24:53.163+0000][1][safepoint    ] Safepoint "Cleanup", Time since last: 1001862209 ns, Reaching safepoint: 2768583 ns, At safepoint: 71584 ns, Total: 2840167 ns
[2023-07-18T09:24:54.165+0000][1][safepoint    ] Safepoint "Cleanup", Time since last: 1001142000 ns, Reaching safepoint: 1295917 ns, At safepoint: 28417 ns, Total: 1324334 ns
[2023-07-18T09:24:55.169+0000][1][safepoint    ] Safepoint "Cleanup", Time since last: 1000705667 ns, Reaching safepoint: 2601166 ns, At safepoint: 77625 ns, Total: 2678791 ns
[2023-07-18T09:24:56.173+0000][1][safepoint    ] Safepoint "Cleanup", Time since last: 1001042251 ns, Reaching safepoint: 3305042 ns, At safepoint: 99416 ns, Total: 3404458 ns
[2023-07-18T09:24:57.177+0000][1][safepoint    ] Safepoint "Cleanup", Time since last: 1002647751 ns, Reaching safepoint: 1474291 ns, At safepoint: 35292 ns, Total: 1509583 ns
[2023-07-18T09:24:58.182+0000][1][safepoint    ] Safepoint "Cleanup", Time since last: 1001294501 ns, Reaching safepoint: 3847166 ns, At safepoint: 88250 ns, Total: 3935416 ns
[2023-07-18T09:24:59.190+0000][1][safepoint    ] Safepoint "Cleanup", Time since last: 1002884959 ns, Reaching safepoint: 3967583 ns, At safepoint: 100917 ns, Total: 4068500 ns
[2023-07-18T09:25:00.195+0000][1][safepoint    ] Safepoint "Cleanup", Time since last: 1002200542 ns, Reaching safepoint: 3561500 ns, At safepoint: 88333 ns, Total: 3649833 ns
[2023-07-18T09:25:01.198+0000][1][safepoint    ] Safepoint "Cleanup", Time since last: 1001380043 ns, Reaching safepoint: 1115166 ns, At safepoint: 20584 ns, Total: 1135750 ns
[2023-07-18T09:25:01.375+0000][1][safepoint    ] Safepoint "RevokeBias", Time since last: 176561416 ns, Reaching safepoint: 632792 ns, At safepoint: 129458 ns, Total: 762250 ns
[2023-07-18T09:25:01.377+0000][1][safepoint    ] Safepoint "RevokeBias", Time since last: 1332250 ns, Reaching safepoint: 540042 ns, At safepoint: 68875 ns, Total: 608917 ns
[2023-07-18T09:25:01.380+0000][1][safepoint    ] Safepoint "RevokeBias", Time since last: 2139875 ns, Reaching safepoint: 767042 ns, At safepoint: 47875 ns, Total: 814917 ns
[2023-07-18T09:25:01.424+0000][1][safepoint    ] Safepoint "RevokeBias", Time since last: 43431958 ns, Reaching safepoint: 939500 ns, At safepoint: 194042 ns, Total: 1133542 ns
[2023-07-18T09:25:01.427+0000][1][safepoint    ] Safepoint "RevokeBias", Time since last: 1959750 ns, Reaching safepoint: 921833 ns, At safepoint: 111375 ns, Total: 1033208 ns
[2023-07-18T09:25:02.434+0000][1][safepoint    ] Safepoint "Cleanup", Time since last: 1000599417 ns, Reaching safepoint: 5951167 ns, At safepoint: 145583 ns, Total: 6096750 ns
[2023-07-18T09:25:03.438+0000][1][safepoint    ] Safepoint "Cleanup", Time since last: 1001909667 ns, Reaching safepoint: 1692417 ns, At safepoint: 33375 ns, Total: 1725792 ns
[2023-07-18T09:25:04.109+0000][1][safepoint    ] Safepoint "RevokeBias", Time since last: 668833334 ns, Reaching safepoint: 1733625 ns, At safepoint: 485500 ns, Total: 2219125 ns
[2023-07-18T09:25:05.114+0000][1][safepoint    ] Safepoint "Cleanup", Time since last: 1000666375 ns, Reaching safepoint: 4389084 ns, At safepoint: 94583 ns, Total: 4483667 ns
[2023-07-18T09:25:06.122+0000][1][safepoint    ] Safepoint "Cleanup", Time since last: 1001781084 ns, Reaching safepoint: 6568250 ns, At safepoint: 147291 ns, Total: 6715541 ns
[2023-07-18T09:25:07.124+0000][1][safepoint    ] Safepoint "Cleanup", Time since last: 1000975709 ns, Reaching safepoint: 779583 ns, At safepoint: 36167 ns, Total: 815750 ns
[2023-07-18T09:25:08.130+0000][1][safepoint    ] Safepoint "Cleanup", Time since last: 1001380417 ns, Reaching safepoint: 3969084 ns, At safepoint: 105333 ns, Total: 4074417 ns
[2023-07-18T09:25:09.135+0000][1][safepoint    ] Safepoint "Cleanup", Time since last: 1001716542 ns, Reaching safepoint: 3085458 ns, At safepoint: 89084 ns, Total: 3174542 ns
[2023-07-18T09:25:10.140+0000][1][safepoint    ] Safepoint "Cleanup", Time since last: 1001281459 ns, Reaching safepoint: 4435625 ns, At safepoint: 132750 ns, Total: 4568375 ns
[2023-07-18T09:25:11.146+0000][1][safepoint    ] Safepoint "Cleanup", Time since last: 1001752375 ns, Reaching safepoint: 3510042 ns, At safepoint: 90291 ns, Total: 3600333 ns
[2023-07-18T09:25:12.151+0000][1][safepoint    ] Safepoint "Cleanup", Time since last: 1001788168 ns, Reaching safepoint: 3152583 ns, At safepoint: 82667 ns, Total: 3235250 ns
[2023-07-18T09:25:13.159+0000][1][safepoint    ] Safepoint "Cleanup", Time since last: 1003731542 ns, Reaching safepoint: 4511791 ns, At safepoint: 97334 ns, Total: 4609125 ns
[2023-07-18T09:25:14.134+0000][1][safepoint    ] Safepoint "RevokeBias", Time since last: 972744250 ns, Reaching safepoint: 1842167 ns, At safepoint: 432708 ns, Total: 2274875 ns
[2023-07-18T09:25:15.139+0000][1][safepoint    ] Safepoint "Cleanup", Time since last: 1001392876 ns, Reaching safepoint: 3086833 ns, At safepoint: 70458 ns, Total: 3157291 ns
[2023-07-18T09:25:16.143+0000][1][safepoint    ] Safepoint "Cleanup", Time since last: 1000931834 ns, Reaching safepoint: 3040167 ns, At safepoint: 239333 ns, Total: 3279500 ns
[2023-07-18T09:25:17.148+0000][1][safepoint    ] Safepoint "Cleanup", Time since last: 1001154209 ns, Reaching safepoint: 3640333 ns, At safepoint: 136084 ns, Total: 3776417 ns
[2023-07-18T09:25:18.152+0000][1][safepoint    ] Safepoint "Cleanup", Time since last: 1001680666 ns, Reaching safepoint: 2123208 ns, At safepoint: 49042 ns, Total: 2172250 ns
[2023-07-18T09:25:19.156+0000][1][safepoint    ] Safepoint "Cleanup", Time since last: 1001070501 ns, Reaching safepoint: 2785000 ns, At safepoint: 66375 ns, Total: 2851375 ns
[2023-07-18T09:25:20.160+0000][1][safepoint    ] Safepoint "Cleanup", Time since last: 1001799250 ns, Reaching safepoint: 2246792 ns, At safepoint: 79333 ns, Total: 2326125 ns
[2023-07-18T09:25:21.166+0000][1][safepoint    ] Safepoint "Cleanup", Time since last: 1002166042 ns, Reaching safepoint: 4012042 ns, At safepoint: 107042 ns, Total: 4119084 ns
[2023-07-18T09:25:22.171+0000][1][safepoint    ] Safepoint "Cleanup", Time since last: 1003066917 ns, Reaching safepoint: 1638791 ns, At safepoint: 38167 ns, Total: 1676958 ns
[2023-07-18T09:25:23.177+0000][1][safepoint    ] Safepoint "Cleanup", Time since last: 1001800584 ns, Reaching safepoint: 3819125 ns, At safepoint: 95500 ns, Total: 3914625 ns
[2023-07-18T09:25:24.133+0000][1][safepoint    ] Safepoint "RevokeBias", Time since last: 954192792 ns, Reaching safepoint: 1660458 ns, At safepoint: 354625 ns, Total: 2015083 ns
[2023-07-18T09:25:25.139+0000][1][safepoint    ] Safepoint "Cleanup", Time since last: 1000953042 ns, Reaching safepoint: 4841042 ns, At safepoint: 105292 ns, Total: 4946334 ns
[2023-07-18T09:25:26.146+0000][1][safepoint    ] Safepoint "Cleanup", Time since last: 1002323209 ns, Reaching safepoint: 4120625 ns, At safepoint: 96833 ns, Total: 4217458 ns
[2023-07-18T09:25:27.148+0000][1][safepoint    ] Safepoint "Cleanup", Time since last: 1001700375 ns, Reaching safepoint: 1028250 ns, At safepoint: 21000 ns, Total: 1049250 ns
[2023-07-18T09:25:28.155+0000][1][safepoint    ] Safepoint "Cleanup", Time since last: 1001592376 ns, Reaching safepoint: 4589167 ns, At safepoint: 111583 ns, Total: 4700750 ns
[2023-07-18T09:25:29.160+0000][1][safepoint    ] Safepoint "Cleanup", Time since last: 1001587750 ns, Reaching safepoint: 3255375 ns, At safepoint: 97250 ns, Total: 3352625 ns
[2023-07-18T09:25:30.165+0000][1][safepoint    ] Safepoint "Cleanup", Time since last: 1001693167 ns, Reaching safepoint: 3808459 ns, At safepoint: 84000 ns, Total: 3892459 ns
[2023-07-18T09:25:31.171+0000][1][safepoint    ] Safepoint "Cleanup", Time since last: 1001345750 ns, Reaching safepoint: 4527042 ns, At safepoint: 124875 ns, Total: 4651917 ns
[2023-07-18T09:25:32.177+0000][1][safepoint    ] Safepoint "Cleanup", Time since last: 1001557000 ns, Reaching safepoint: 4024375 ns, At safepoint: 163125 ns, Total: 4187500 ns
[2023-07-18T09:25:33.182+0000][1][safepoint    ] Safepoint "Cleanup", Time since last: 1001397376 ns, Reaching safepoint: 3984042 ns, At safepoint: 108250 ns, Total: 4092292 ns
[2023-07-18T09:25:34.124+0000][1][safepoint    ] Safepoint "RevokeBias", Time since last: 939721542 ns, Reaching safepoint: 1452583 ns, At safepoint: 97458 ns, Total: 1550041 ns
[2023-07-18T09:25:35.129+0000][1][safepoint    ] Safepoint "Cleanup", Time since last: 1000555751 ns, Reaching safepoint: 4349958 ns, At safepoint: 116125 ns, Total: 4466083 ns
[2023-07-18T09:25:36.134+0000][1][safepoint    ] Safepoint "Cleanup", Time since last: 1001705876 ns, Reaching safepoint: 2985916 ns, At safepoint: 143500 ns, Total: 3129416 ns
[2023-07-18T09:25:37.138+0000][1][safepoint    ] Safepoint "Cleanup", Time since last: 1003190209 ns, Reaching safepoint: 1517250 ns, At safepoint: 26958 ns, Total: 1544208 ns
[2023-07-18T09:25:38.157+0000][1][safepoint    ] Safepoint "Cleanup", Time since last: 1000985584 ns, Reaching safepoint: 17872209 ns, At safepoint: 75125 ns, Total: 17947334 ns
[2023-07-18T09:25:39.162+0000][1][safepoint    ] Safepoint "Cleanup", Time since last: 1001341333 ns, Reaching safepoint: 2981292 ns, At safepoint: 73375 ns, Total: 3054667 ns
[2023-07-18T09:25:40.167+0000][1][safepoint    ] Safepoint "Cleanup", Time since last: 1001842376 ns, Reaching safepoint: 3806041 ns, At safepoint: 76375 ns, Total: 3882416 ns
[2023-07-18T09:25:41.173+0000][1][safepoint    ] Safepoint "Cleanup", Time since last: 1001548834 ns, Reaching safepoint: 3893583 ns, At safepoint: 129792 ns, Total: 4023375 ns
[2023-07-18T09:25:42.177+0000][1][safepoint    ] Safepoint "Cleanup", Time since last: 1002834126 ns, Reaching safepoint: 1558916 ns, At safepoint: 33584 ns, Total: 1592500 ns
[2023-07-18T09:25:43.182+0000][1][safepoint    ] Safepoint "Cleanup", Time since last: 1000837375 ns, Reaching safepoint: 4077875 ns, At safepoint: 136417 ns, Total: 4214292 ns
[2023-07-18T09:25:44.144+0000][1][safepoint    ] Safepoint "RevokeBias", Time since last: 959385542 ns, Reaching safepoint: 1963083 ns, At safepoint: 436583 ns, Total: 2399666 ns
[2023-07-18T09:25:45.150+0000][1][safepoint    ] Safepoint "Cleanup", Time since last: 1000702209 ns, Reaching safepoint: 4736667 ns, At safepoint: 163833 ns, Total: 4900500 ns
[2023-07-18T09:25:46.156+0000][1][safepoint    ] Safepoint "Cleanup", Time since last: 1002918084 ns, Reaching safepoint: 3439458 ns, At safepoint: 84375 ns, Total: 3523833 ns
[2023-07-18T09:25:47.159+0000][1][safepoint    ] Safepoint "Cleanup", Time since last: 1001519126 ns, Reaching safepoint: 1571375 ns, At safepoint: 32500 ns, Total: 1603875 ns
[2023-07-18T09:25:48.164+0000][1][safepoint    ] Safepoint "Cleanup", Time since last: 1000881333 ns, Reaching safepoint: 3355000 ns, At safepoint: 110208 ns, Total: 3465208 ns
[2023-07-18T09:25:49.168+0000][1][safepoint    ] Safepoint "Cleanup", Time since last: 1002470751 ns, Reaching safepoint: 1523667 ns, At safepoint: 29291 ns, Total: 1552958 ns
[2023-07-18T09:25:50.172+0000][1][safepoint    ] Safepoint "Cleanup", Time since last: 1001164584 ns, Reaching safepoint: 3304625 ns, At safepoint: 107042 ns, Total: 3411667 ns
[2023-07-18T09:25:51.178+0000][1][safepoint    ] Safepoint "Cleanup", Time since last: 1002653209 ns, Reaching safepoint: 3530958 ns, At safepoint: 92958 ns, Total: 3623916 ns
[2023-07-18T09:25:52.181+0000][1][safepoint    ] Safepoint "Cleanup", Time since last: 1000917626 ns, Reaching safepoint: 1739958 ns, At safepoint: 33583 ns, Total: 1773541 ns
[2023-07-18T09:25:53.185+0000][1][safepoint    ] Safepoint "Cleanup", Time since last: 1001095667 ns, Reaching safepoint: 2735667 ns, At safepoint: 107292 ns, Total: 2842959 ns
[2023-07-18T09:25:54.146+0000][1][safepoint    ] Safepoint "RevokeBias", Time since last: 958713250 ns, Reaching safepoint: 1796375 ns, At safepoint: 412667 ns, Total: 2209042 ns
[2023-07-18T09:25:55.154+0000][1][safepoint    ] Safepoint "Cleanup", Time since last: 1003769209 ns, Reaching safepoint: 4297291 ns, At safepoint: 120625 ns, Total: 4417916 ns
[2023-07-18T09:25:56.161+0000][1][safepoint    ] Safepoint "Cleanup", Time since last: 1001827501 ns, Reaching safepoint: 4767708 ns, At safepoint: 115292 ns, Total: 4883000 ns
[2023-07-18T09:25:57.164+0000][1][safepoint    ] Safepoint "Cleanup", Time since last: 1001358000 ns, Reaching safepoint: 1334125 ns, At safepoint: 29875 ns, Total: 1364000 ns
[2023-07-18T09:25:58.169+0000][1][safepoint    ] Safepoint "Cleanup", Time since last: 1001028084 ns, Reaching safepoint: 3905417 ns, At safepoint: 123542 ns, Total: 4028959 ns
[2023-07-18T09:25:59.176+0000][1][safepoint    ] Safepoint "Cleanup", Time since last: 1001722583 ns, Reaching safepoint: 5872459 ns, At safepoint: 88541 ns, Total: 5961000 ns
[2023-07-18T09:26:00.181+0000][1][safepoint    ] Safepoint "Cleanup", Time since last: 1002290792 ns, Reaching safepoint: 2521375 ns, At safepoint: 60334 ns, Total: 2581709 ns
[2023-07-18T09:26:01.186+0000][1][safepoint    ] Safepoint "Cleanup", Time since last: 1001921417 ns, Reaching safepoint: 2340417 ns, At safepoint: 89166 ns, Total: 2429583 ns
[2023-07-18T09:26:02.191+0000][1][safepoint    ] Safepoint "Cleanup", Time since last: 1001761126 ns, Reaching safepoint: 4020583 ns, At safepoint: 105958 ns, Total: 4126541 ns
[2023-07-18T09:26:02.418+0000][1][safepoint    ] Safepoint "RevokeBias", Time since last: 225130001 ns, Reaching safepoint: 964708 ns, At safepoint: 190792 ns, Total: 1155500 ns
[2023-07-18T09:26:02.421+0000][1][safepoint    ] Safepoint "RevokeBias", Time since last: 2359166 ns, Reaching safepoint: 938125 ns, At safepoint: 110792 ns, Total: 1048917 ns
[2023-07-18T09:26:02.427+0000][1][safepoint    ] Safepoint "RevokeBias", Time since last: 4292250 ns, Reaching safepoint: 1205417 ns, At safepoint: 105250 ns, Total: 1310667 ns
[2023-07-18T09:26:02.455+0000][1][safepoint    ] Safepoint "RevokeBias", Time since last: 27541666 ns, Reaching safepoint: 878959 ns, At safepoint: 111583 ns, Total: 990542 ns
[2023-07-18T09:26:02.458+0000][1][safepoint    ] Safepoint "RevokeBias", Time since last: 2029792 ns, Reaching safepoint: 1090458 ns, At safepoint: 110458 ns, Total: 1200916 ns
[2023-07-18T09:26:03.463+0000][1][safepoint    ] Safepoint "Cleanup", Time since last: 1001332167 ns, Reaching safepoint: 2621417 ns, At safepoint: 56083 ns, Total: 2677500 ns
[2023-07-18T09:26:04.133+0000][1][safepoint    ] Safepoint "RevokeBias", Time since last: 668521626 ns, Reaching safepoint: 1426125 ns, At safepoint: 275125 ns, Total: 1701250 ns
[2023-07-18T09:26:05.135+0000][1][safepoint    ] Safepoint "Cleanup", Time since last: 1000527292 ns, Reaching safepoint: 1709167 ns, At safepoint: 31458 ns, Total: 1740625 ns
[2023-07-18T09:26:06.137+0000][1][safepoint    ] Safepoint "Cleanup", Time since last: 1001373167 ns, Reaching safepoint: 751042 ns, At safepoint: 16791 ns, Total: 767833 ns
[2023-07-18T09:26:07.141+0000][1][safepoint    ] Safepoint "Cleanup", Time since last: 1000655667 ns, Reaching safepoint: 3515334 ns, At safepoint: 89000 ns, Total: 3604334 ns
[2023-07-18T09:26:08.150+0000][1][safepoint    ] Safepoint "Cleanup", Time since last: 1003411959 ns, Reaching safepoint: 4925541 ns, At safepoint: 139667 ns, Total: 5065208 ns
[2023-07-18T09:26:09.156+0000][1][safepoint    ] Safepoint "Cleanup", Time since last: 1001562709 ns, Reaching safepoint: 4473875 ns, At safepoint: 104458 ns, Total: 4578333 ns
[2023-07-18T09:26:10.161+0000][1][safepoint    ] Safepoint "Cleanup", Time since last: 1001486334 ns, Reaching safepoint: 3808125 ns, At safepoint: 98000 ns, Total: 3906125 ns
[2023-07-18T09:26:11.167+0000][1][safepoint    ] Safepoint "Cleanup", Time since last: 1001685000 ns, Reaching safepoint: 3525167 ns, At safepoint: 103083 ns, Total: 3628250 ns
[2023-07-18T09:26:12.171+0000][1][safepoint    ] Safepoint "Cleanup", Time since last: 1001241126 ns, Reaching safepoint: 3257792 ns, At safepoint: 83875 ns, Total: 3341667 ns
[2023-07-18T09:26:13.177+0000][1][safepoint    ] Safepoint "Cleanup", Time since last: 1001658125 ns, Reaching safepoint: 4263417 ns, At safepoint: 121208 ns, Total: 4384625 ns
[2023-07-18T09:26:14.168+0000][1][safepoint    ] Safepoint "RevokeBias", Time since last: 983954875 ns, Reaching safepoint: 1940625 ns, At safepoint: 4529625 ns, Total: 6470250 ns
[2023-07-18T09:26:15.185+0000][1][safepoint    ] Safepoint "Cleanup", Time since last: 1004168959 ns, Reaching safepoint: 12127500 ns, At safepoint: 559584 ns, Total: 12687084 ns
[2023-07-18T09:26:16.199+0000][1][safepoint    ] Safepoint "Cleanup", Time since last: 1009708125 ns, Reaching safepoint: 3992958 ns, At safepoint: 103917 ns, Total: 4096875 ns
[2023-07-18T09:26:17.205+0000][1][safepoint    ] Safepoint "Cleanup", Time since last: 1003047792 ns, Reaching safepoint: 3584459 ns, At safepoint: 89541 ns, Total: 3674000 ns
[2023-07-18T09:26:18.211+0000][1][safepoint    ] Safepoint "Cleanup", Time since last: 1003214209 ns, Reaching safepoint: 2805500 ns, At safepoint: 71958 ns, Total: 2877458 ns
[2023-07-18T09:26:19.216+0000][1][safepoint    ] Safepoint "Cleanup", Time since last: 1001332292 ns, Reaching safepoint: 3611542 ns, At safepoint: 86083 ns, Total: 3697625 ns
[2023-07-18T09:26:20.221+0000][1][safepoint    ] Safepoint "Cleanup", Time since last: 1001900917 ns, Reaching safepoint: 3200959 ns, At safepoint: 92166 ns, Total: 3293125 ns
[2023-07-18T09:26:21.224+0000][1][safepoint    ] Safepoint "Cleanup", Time since last: 1001491084 ns, Reaching safepoint: 1558417 ns, At safepoint: 29750 ns, Total: 1588167 ns
[2023-07-18T09:26:22.228+0000][1][safepoint    ] Safepoint "Cleanup", Time since last: 1001727209 ns, Reaching safepoint: 2000166 ns, At safepoint: 62875 ns, Total: 2063041 ns
[2023-07-18T09:26:23.233+0000][1][safepoint    ] Safepoint "Cleanup", Time since last: 1000875209 ns, Reaching safepoint: 4125042 ns, At safepoint: 125041 ns, Total: 4250083 ns
[2023-07-18T09:26:24.236+0000][1][safepoint    ] Safepoint "Cleanup", Time since last: 1001662126 ns, Reaching safepoint: 1431083 ns, At safepoint: 17209 ns, Total: 1448292 ns
[2023-07-18T09:26:25.241+0000][1][safepoint    ] Safepoint "Cleanup", Time since last: 1000527917 ns, Reaching safepoint: 3774875 ns, At safepoint: 77750 ns, Total: 3852625 ns
[2023-07-18T09:26:26.245+0000][1][safepoint    ] Safepoint "Cleanup", Time since last: 1002528834 ns, Reaching safepoint: 1898958 ns, At safepoint: 38167 ns, Total: 1937125 ns
[2023-07-18T09:26:27.247+0000][1][safepoint    ] Safepoint "Cleanup", Time since last: 1000738917 ns, Reaching safepoint: 1382708 ns, At safepoint: 30833 ns, Total: 1413541 ns
[2023-07-18T09:26:28.254+0000][1][safepoint    ] Safepoint "Cleanup", Time since last: 1002260501 ns, Reaching safepoint: 4246875 ns, At safepoint: 101125 ns, Total: 4348000 ns
[2023-07-18T09:26:29.260+0000][1][safepoint    ] Safepoint "Cleanup", Time since last: 1001471084 ns, Reaching safepoint: 3936458 ns, At safepoint: 207292 ns, Total: 4143750 ns
[2023-07-18T09:26:30.265+0000][1][safepoint    ] Safepoint "Cleanup", Time since last: 1001401042 ns, Reaching safepoint: 4196750 ns, At safepoint: 113750 ns, Total: 4310500 ns
[2023-07-18T09:26:31.271+0000][1][safepoint    ] Safepoint "Cleanup", Time since last: 1002030000 ns, Reaching safepoint: 3919209 ns, At safepoint: 93958 ns, Total: 4013167 ns
[2023-07-18T09:26:32.279+0000][1][safepoint    ] Safepoint "Cleanup", Time since last: 1003104334 ns, Reaching safepoint: 4389458 ns, At safepoint: 101625 ns, Total: 4491083 ns
[2023-07-18T09:26:33.286+0000][1][safepoint    ] Safepoint "Cleanup", Time since last: 1002015292 ns, Reaching safepoint: 4541375 ns, At safepoint: 121625 ns, Total: 4663000 ns
[2023-07-18T09:26:34.158+0000][1][gc,start     ] GC(50) Pause Young (Allocation Failure)
[2023-07-18T09:26:34.160+0000][1][gc,task      ] GC(50) Using 4 workers of 4 for evacuation
[2023-07-18T09:26:34.185+0000][1][gc,age       ] GC(50) Desired survivor size 8945664 bytes, new threshold 6 (max threshold 6)
[2023-07-18T09:26:34.186+0000][1][gc,age       ] GC(50) Age table with threshold 6 (max threshold 6)
[2023-07-18T09:26:34.186+0000][1][gc,age       ] GC(50) - age   1:     103448 bytes,     103448 total
[2023-07-18T09:26:34.186+0000][1][gc,age       ] GC(50) - age   2:       2840 bytes,     106288 total
[2023-07-18T09:26:34.186+0000][1][gc,age       ] GC(50) - age   3:       1768 bytes,     108056 total
[2023-07-18T09:26:34.186+0000][1][gc,age       ] GC(50) - age   4:        664 bytes,     108720 total
[2023-07-18T09:26:34.186+0000][1][gc,age       ] GC(50) - age   5:       1904 bytes,     110624 total
[2023-07-18T09:26:34.187+0000][1][gc,age       ] GC(50) - age   6:       1456 bytes,     112080 total
[2023-07-18T09:26:34.188+0000][1][gc,heap      ] GC(50) ParNew: 139953K->212K(157248K)
[2023-07-18T09:26:34.188+0000][1][gc,heap      ] GC(50) CMS: 71480K->71482K(349568K)
[2023-07-18T09:26:34.188+0000][1][gc,metaspace ] GC(50) Metaspace: 91190K->91190K(1132544K)
[2023-07-18T09:26:34.189+0000][1][gc           ] GC(50) Pause Young (Allocation Failure) 206M->70M(494M) 31.108ms
[2023-07-18T09:26:34.189+0000][1][gc,cpu       ] GC(50) User=0.05s Sys=0.01s Real=0.03s
[2023-07-18T09:26:34.190+0000][1][safepoint    ] Safepoint "GenCollectForAllocation", Time since last: 871006667 ns, Reaching safepoint: 780917 ns, At safepoint: 32202250 ns, Total: 32983167 ns
[2023-07-18T09:26:35.196+0000][1][safepoint    ] Safepoint "Cleanup", Time since last: 1001014584 ns, Reaching safepoint: 4753167 ns, At safepoint: 139166 ns, Total: 4892333 ns
[2023-07-18T09:26:36.203+0000][1][safepoint    ] Safepoint "Cleanup", Time since last: 1002146709 ns, Reaching safepoint: 5081875 ns, At safepoint: 127583 ns, Total: 5209458 ns
[2023-07-18T09:26:37.206+0000][1][safepoint    ] Safepoint "Cleanup", Time since last: 1001485626 ns, Reaching safepoint: 1912583 ns, At safepoint: 46833 ns, Total: 1959416 ns
[2023-07-18T09:26:38.209+0000][1][safepoint    ] Safepoint "Cleanup", Time since last: 1000748209 ns, Reaching safepoint: 1948875 ns, At safepoint: 51292 ns, Total: 2000167 ns
[2023-07-18T09:26:39.216+0000][1][safepoint    ] Safepoint "Cleanup", Time since last: 1002575459 ns, Reaching safepoint: 4331541 ns, At safepoint: 91834 ns, Total: 4423375 ns
[2023-07-18T09:26:40.219+0000][1][safepoint    ] Safepoint "Cleanup", Time since last: 1000783917 ns, Reaching safepoint: 1668250 ns, At safepoint: 50917 ns, Total: 1719167 ns
[2023-07-18T09:26:41.221+0000][1][safepoint    ] Safepoint "Cleanup", Time since last: 1000874250 ns, Reaching safepoint: 1430333 ns, At safepoint: 28084 ns, Total: 1458417 ns
[2023-07-18T09:26:42.223+0000][1][safepoint    ] Safepoint "Cleanup", Time since last: 1000545084 ns, Reaching safepoint: 1726250 ns, At safepoint: 61583 ns, Total: 1787833 ns
[2023-07-18T09:26:43.226+0000][1][safepoint    ] Safepoint "Cleanup", Time since last: 1001143292 ns, Reaching safepoint: 1801333 ns, At safepoint: 76584 ns, Total: 1877917 ns
[2023-07-18T09:26:44.137+0000][1][safepoint    ] Safepoint "RevokeBias", Time since last: 905632417 ns, Reaching safepoint: 3989583 ns, At safepoint: 1291792 ns, Total: 5281375 ns
[2023-07-18T09:26:45.141+0000][1][safepoint    ] Safepoint "Cleanup", Time since last: 1000504459 ns, Reaching safepoint: 3045541 ns, At safepoint: 104209 ns, Total: 3149750 ns
[2023-07-18T09:26:46.145+0000][1][safepoint    ] Safepoint "Cleanup", Time since last: 1001363083 ns, Reaching safepoint: 2809875 ns, At safepoint: 65417 ns, Total: 2875292 ns
[2023-07-18T09:26:47.148+0000][1][safepoint    ] Safepoint "Cleanup", Time since last: 1001329001 ns, Reaching safepoint: 1282208 ns, At safepoint: 21167 ns, Total: 1303375 ns
[2023-07-18T09:26:48.150+0000][1][safepoint    ] Safepoint "Cleanup", Time since last: 1001011583 ns, Reaching safepoint: 1521833 ns, At safepoint: 29000 ns, Total: 1550833 ns
[2023-07-18T09:26:49.153+0000][1][safepoint    ] Safepoint "Cleanup", Time since last: 1000766584 ns, Reaching safepoint: 2174500 ns, At safepoint: 67500 ns, Total: 2242000 ns
[2023-07-18T09:26:50.160+0000][1][safepoint    ] Safepoint "Cleanup", Time since last: 1003632542 ns, Reaching safepoint: 3217667 ns, At safepoint: 67250 ns, Total: 3284917 ns
[2023-07-18T09:26:51.164+0000][1][safepoint    ] Safepoint "Cleanup", Time since last: 1001881001 ns, Reaching safepoint: 2040166 ns, At safepoint: 70584 ns, Total: 2110750 ns
[2023-07-18T09:26:52.167+0000][1][safepoint    ] Safepoint "Cleanup", Time since last: 1000879292 ns, Reaching safepoint: 2282041 ns, At safepoint: 85167 ns, Total: 2367208 ns
[2023-07-18T09:26:53.170+0000][1][safepoint    ] Safepoint "Cleanup", Time since last: 1002056875 ns, Reaching safepoint: 1123167 ns, At safepoint: 26375 ns, Total: 1149542 ns
[2023-07-18T09:26:54.377+0000][1][safepoint    ] Safepoint "Cleanup", Time since last: 1205311042 ns, Reaching safepoint: 1164042 ns, At safepoint: 22708 ns, Total: 1186750 ns
[2023-07-18T09:26:55.380+0000][1][safepoint    ] Safepoint "Cleanup", Time since last: 1000495376 ns, Reaching safepoint: 2241042 ns, At safepoint: 40750 ns, Total: 2281792 ns
[2023-07-18T09:26:56.382+0000][1][safepoint    ] Safepoint "Cleanup", Time since last: 1000751458 ns, Reaching safepoint: 1688209 ns, At safepoint: 27041 ns, Total: 1715250 ns
[2023-07-18T09:26:57.387+0000][1][safepoint    ] Safepoint "Cleanup", Time since last: 1000612709 ns, Reaching safepoint: 3677167 ns, At safepoint: 128083 ns, Total: 3805250 ns
[2023-07-18T09:26:58.390+0000][1][safepoint    ] Safepoint "Cleanup", Time since last: 1002236001 ns, Reaching safepoint: 1173166 ns, At safepoint: 25792 ns, Total: 1198958 ns
[2023-07-18T09:26:59.394+0000][1][safepoint    ] Safepoint "Cleanup", Time since last: 1000694209 ns, Reaching safepoint: 2996708 ns, At safepoint: 79417 ns, Total: 3076125 ns
[2023-07-18T09:27:00.397+0000][1][safepoint    ] Safepoint "Cleanup", Time since last: 1001339209 ns, Reaching safepoint: 1670958 ns, At safepoint: 40583 ns, Total: 1711541 ns
[2023-07-18T09:27:01.400+0000][1][safepoint    ] Safepoint "Cleanup", Time since last: 1001244917 ns, Reaching safepoint: 2330250 ns, At safepoint: 66542 ns, Total: 2396792 ns
[2023-07-18T09:27:02.405+0000][1][safepoint    ] Safepoint "Cleanup", Time since last: 1002532084 ns, Reaching safepoint: 1704750 ns, At safepoint: 40708 ns, Total: 1745458 ns
[2023-07-18T09:27:03.401+0000][1][safepoint    ] Safepoint "RevokeBias", Time since last: 995161751 ns, Reaching safepoint: 1037458 ns, At safepoint: 256458 ns, Total: 1293916 ns
[2023-07-18T09:27:03.410+0000][1][safepoint    ] Safepoint "RevokeBias", Time since last: 7708084 ns, Reaching safepoint: 1038916 ns, At safepoint: 174542 ns, Total: 1213458 ns
[2023-07-18T09:27:03.420+0000][1][safepoint    ] Safepoint "RevokeBias", Time since last: 8570625 ns, Reaching safepoint: 1046250 ns, At safepoint: 98208 ns, Total: 1144458 ns
[2023-07-18T09:27:03.446+0000][1][safepoint    ] Safepoint "RevokeBias", Time since last: 25390209 ns, Reaching safepoint: 881666 ns, At safepoint: 95834 ns, Total: 977500 ns
[2023-07-18T09:27:03.453+0000][1][safepoint    ] Safepoint "BulkRevokeBias", Time since last: 2821208 ns, Reaching safepoint: 1105833 ns, At safepoint: 3084709 ns, Total: 4190542 ns
[2023-07-18T09:27:03.461+0000][1][safepoint    ] Safepoint "RevokeBias", Time since last: 7247416 ns, Reaching safepoint: 923917 ns, At safepoint: 112250 ns, Total: 1036167 ns
[2023-07-18T09:27:04.164+0000][1][safepoint    ] Safepoint "RevokeBias", Time since last: 699958334 ns, Reaching safepoint: 1801750 ns, At safepoint: 335125 ns, Total: 2136875 ns
[2023-07-18T09:27:05.169+0000][1][safepoint    ] Safepoint "Cleanup", Time since last: 1002152167 ns, Reaching safepoint: 3213083 ns, At safepoint: 88625 ns, Total: 3301708 ns
[2023-07-18T09:27:06.174+0000][1][safepoint    ] Safepoint "Cleanup", Time since last: 1000841626 ns, Reaching safepoint: 2882291 ns, At safepoint: 155834 ns, Total: 3038125 ns
[2023-07-18T09:27:07.178+0000][1][safepoint    ] Safepoint "Cleanup", Time since last: 1002600417 ns, Reaching safepoint: 2759291 ns, At safepoint: 38875 ns, Total: 2798166 ns
[2023-07-18T09:27:08.185+0000][1][safepoint    ] Safepoint "Cleanup", Time since last: 1002325418 ns, Reaching safepoint: 3812166 ns, At safepoint: 235500 ns, Total: 4047666 ns
[2023-07-18T09:27:09.191+0000][1][safepoint    ] Safepoint "Cleanup", Time since last: 1001429376 ns, Reaching safepoint: 4696416 ns, At safepoint: 74167 ns, Total: 4770583 ns
[2023-07-18T09:27:10.197+0000][1][safepoint    ] Safepoint "Cleanup", Time since last: 1003328751 ns, Reaching safepoint: 3002958 ns, At safepoint: 104667 ns, Total: 3107625 ns
[2023-07-18T09:27:11.202+0000][1][safepoint    ] Safepoint "Cleanup", Time since last: 1001310250 ns, Reaching safepoint: 2869083 ns, At safepoint: 44250 ns, Total: 2913333 ns
[2023-07-18T09:27:12.205+0000][1][safepoint    ] Safepoint "Cleanup", Time since last: 1001513918 ns, Reaching safepoint: 1666083 ns, At safepoint: 45833 ns, Total: 1711916 ns
[2023-07-18T09:27:13.210+0000][1][safepoint    ] Safepoint "Cleanup", Time since last: 1001752417 ns, Reaching safepoint: 3089417 ns, At safepoint: 71042 ns, Total: 3160459 ns
[2023-07-18T09:27:14.212+0000][1][safepoint    ] Safepoint "Cleanup", Time since last: 1001041792 ns, Reaching safepoint: 1151458 ns, At safepoint: 26167 ns, Total: 1177625 ns
[2023-07-18T09:27:15.217+0000][1][safepoint    ] Safepoint "Cleanup", Time since last: 1000434209 ns, Reaching safepoint: 4657833 ns, At safepoint: 129792 ns, Total: 4787625 ns
[2023-07-18T09:27:16.224+0000][1][safepoint    ] Safepoint "Cleanup", Time since last: 1001796083 ns, Reaching safepoint: 4467709 ns, At safepoint: 91291 ns, Total: 4559000 ns
[2023-07-18T09:27:17.229+0000][1][safepoint    ] Safepoint "Cleanup", Time since last: 1001389084 ns, Reaching safepoint: 2625417 ns, At safepoint: 1227458 ns, Total: 3852875 ns
[2023-07-18T09:27:18.242+0000][1][safepoint    ] Safepoint "Cleanup", Time since last: 1009978125 ns, Reaching safepoint: 2722417 ns, At safepoint: 82000 ns, Total: 2804417 ns
[2023-07-18T09:27:19.246+0000][1][safepoint    ] Safepoint "Cleanup", Time since last: 1001355792 ns, Reaching safepoint: 3094917 ns, At safepoint: 106750 ns, Total: 3201667 ns
[2023-07-18T09:27:20.250+0000][1][safepoint    ] Safepoint "Cleanup", Time since last: 1001092750 ns, Reaching safepoint: 2565500 ns, At safepoint: 76375 ns, Total: 2641875 ns
[2023-07-18T09:27:21.254+0000][1][safepoint    ] Safepoint "Cleanup", Time since last: 1001114459 ns, Reaching safepoint: 3220667 ns, At safepoint: 77917 ns, Total: 3298584 ns
[2023-07-18T09:27:22.259+0000][1][safepoint    ] Safepoint "Cleanup", Time since last: 1001209458 ns, Reaching safepoint: 3218084 ns, At safepoint: 85708 ns, Total: 3303792 ns
[2023-07-18T09:27:23.266+0000][1][safepoint    ] Safepoint "Cleanup", Time since last: 1002883751 ns, Reaching safepoint: 4460958 ns, At safepoint: 223958 ns, Total: 4684916 ns
[2023-07-18T09:27:25.205+0000][1][safepoint    ] Safepoint "Cleanup", Time since last: 1935883043 ns, Reaching safepoint: 3116166 ns, At safepoint: 72459 ns, Total: 3188625 ns
[2023-07-18T09:27:26.209+0000][1][safepoint    ] Safepoint "Cleanup", Time since last: 1002140625 ns, Reaching safepoint: 1059625 ns, At safepoint: 24625 ns, Total: 1084250 ns
[2023-07-18T09:27:27.210+0000][1][safepoint    ] Safepoint "Cleanup", Time since last: 1000673209 ns, Reaching safepoint: 951667 ns, At safepoint: 31916 ns, Total: 983583 ns
[2023-07-18T09:27:28.214+0000][1][safepoint    ] Safepoint "Cleanup", Time since last: 1001124376 ns, Reaching safepoint: 2707292 ns, At safepoint: 71958 ns, Total: 2779250 ns
[2023-07-18T09:27:29.220+0000][1][safepoint    ] Safepoint "Cleanup", Time since last: 1001395750 ns, Reaching safepoint: 4353209 ns, At safepoint: 110125 ns, Total: 4463334 ns
[2023-07-18T09:27:30.226+0000][1][safepoint    ] Safepoint "Cleanup", Time since last: 1001575708 ns, Reaching safepoint: 3919542 ns, At safepoint: 84292 ns, Total: 4003834 ns
[2023-07-18T09:27:31.230+0000][1][safepoint    ] Safepoint "Cleanup", Time since last: 1001796667 ns, Reaching safepoint: 2603958 ns, At safepoint: 118792 ns, Total: 2722750 ns
[2023-07-18T09:27:32.233+0000][1][safepoint    ] Safepoint "Cleanup", Time since last: 1001359500 ns, Reaching safepoint: 1623667 ns, At safepoint: 29375 ns, Total: 1653042 ns
[2023-07-18T09:27:33.237+0000][1][safepoint    ] Safepoint "Cleanup", Time since last: 1001188126 ns, Reaching safepoint: 2791583 ns, At safepoint: 88125 ns, Total: 2879708 ns
[2023-07-18T09:27:34.241+0000][1][safepoint    ] Safepoint "Cleanup", Time since last: 1002352209 ns, Reaching safepoint: 1389916 ns, At safepoint: 22625 ns, Total: 1412541 ns
[2023-07-18T09:27:35.246+0000][1][safepoint    ] Safepoint "Cleanup", Time since last: 1002097209 ns, Reaching safepoint: 2357917 ns, At safepoint: 55792 ns, Total: 2413709 ns
[2023-07-18T09:27:36.250+0000][1][safepoint    ] Safepoint "Cleanup", Time since last: 1001673042 ns, Reaching safepoint: 2833958 ns, At safepoint: 85250 ns, Total: 2919208 ns
[2023-07-18T09:27:37.254+0000][1][safepoint    ] Safepoint "Cleanup", Time since last: 1001212501 ns, Reaching safepoint: 3055250 ns, At safepoint: 97791 ns, Total: 3153041 ns
[2023-07-18T09:27:38.262+0000][1][safepoint    ] Safepoint "Cleanup", Time since last: 1003936209 ns, Reaching safepoint: 3227083 ns, At safepoint: 70875 ns, Total: 3297958 ns
[2023-07-18T09:27:39.266+0000][1][safepoint    ] Safepoint "Cleanup", Time since last: 1001084334 ns, Reaching safepoint: 3248625 ns, At safepoint: 86292 ns, Total: 3334917 ns
[2023-07-18T09:27:40.273+0000][1][safepoint    ] Safepoint "Cleanup", Time since last: 1002010167 ns, Reaching safepoint: 4413875 ns, At safepoint: 108292 ns, Total: 4522167 ns
[2023-07-18T09:27:41.274+0000][1][safepoint    ] Safepoint "Cleanup", Time since last: 1000762083 ns, Reaching safepoint: 760959 ns, At safepoint: 25875 ns, Total: 786834 ns
[2023-07-18T09:27:42.327+0000][1][safepoint    ] Safepoint "Cleanup", Time since last: 1050455875 ns, Reaching safepoint: 2492875 ns, At safepoint: 73875 ns, Total: 2566750 ns
[2023-07-18T09:27:43.332+0000][1][safepoint    ] Safepoint "Cleanup", Time since last: 1002404626 ns, Reaching safepoint: 2530916 ns, At safepoint: 66834 ns, Total: 2597750 ns
[2023-07-18T09:27:44.347+0000][1][safepoint    ] Safepoint "Cleanup", Time since last: 1001757542 ns, Reaching safepoint: 7453000 ns, At safepoint: 348708 ns, Total: 7801708 ns
[2023-07-18T09:27:45.366+0000][1][safepoint    ] Safepoint "Cleanup", Time since last: 1019779126 ns, Reaching safepoint: 4644833 ns, At safepoint: 135083 ns, Total: 4779916 ns
[2023-07-18T09:27:46.370+0000][1][safepoint    ] Safepoint "Cleanup", Time since last: 1002175293 ns, Reaching safepoint: 1242583 ns, At safepoint: 25708 ns, Total: 1268291 ns
[2023-07-18T09:27:47.373+0000][1][safepoint    ] Safepoint "Cleanup", Time since last: 1000550959 ns, Reaching safepoint: 2639542 ns, At safepoint: 62500 ns, Total: 2702042 ns
[2023-07-18T09:27:48.376+0000][1][safepoint    ] Safepoint "Cleanup", Time since last: 1001478458 ns, Reaching safepoint: 2178125 ns, At safepoint: 71292 ns, Total: 2249417 ns
[2023-07-18T09:27:49.382+0000][1][safepoint    ] Safepoint "Cleanup", Time since last: 1002002083 ns, Reaching safepoint: 3807250 ns, At safepoint: 98875 ns, Total: 3906125 ns
[2023-07-18T09:27:50.396+0000][1][safepoint    ] Safepoint "Cleanup", Time since last: 1008724917 ns, Reaching safepoint: 4479375 ns, At safepoint: 122417 ns, Total: 4601792 ns
[2023-07-18T09:27:51.402+0000][1][safepoint    ] Safepoint "Cleanup", Time since last: 1003864001 ns, Reaching safepoint: 2686500 ns, At safepoint: 100000 ns, Total: 2786500 ns
[2023-07-18T09:27:52.406+0000][1][safepoint    ] Safepoint "Cleanup", Time since last: 1001334333 ns, Reaching safepoint: 2070834 ns, At safepoint: 59291 ns, Total: 2130125 ns
[2023-07-18T09:27:53.410+0000][1][safepoint    ] Safepoint "Cleanup", Time since last: 1001751709 ns, Reaching safepoint: 2510750 ns, At safepoint: 124917 ns, Total: 2635667 ns
[2023-07-18T09:27:54.413+0000][1][safepoint    ] Safepoint "Cleanup", Time since last: 1002039667 ns, Reaching safepoint: 1217958 ns, At safepoint: 28750 ns, Total: 1246708 ns
[2023-07-18T09:27:55.416+0000][1][safepoint    ] Safepoint "Cleanup", Time since last: 1001465043 ns, Reaching safepoint: 727916 ns, At safepoint: 17750 ns, Total: 745666 ns
[2023-07-18T09:27:56.418+0000][1][safepoint    ] Safepoint "Cleanup", Time since last: 1000746042 ns, Reaching safepoint: 1902709 ns, At safepoint: 54125 ns, Total: 1956834 ns
[2023-07-18T09:27:57.421+0000][1][safepoint    ] Safepoint "Cleanup", Time since last: 1000755875 ns, Reaching safepoint: 1740500 ns, At safepoint: 39458 ns, Total: 1779958 ns
[2023-07-18T09:27:58.426+0000][1][safepoint    ] Safepoint "Cleanup", Time since last: 1001399334 ns, Reaching safepoint: 3788584 ns, At safepoint: 91583 ns, Total: 3880167 ns
[2023-07-18T09:27:59.431+0000][1][safepoint    ] Safepoint "Cleanup", Time since last: 1001283375 ns, Reaching safepoint: 3881375 ns, At safepoint: 87042 ns, Total: 3968417 ns
[2023-07-18T09:28:00.435+0000][1][safepoint    ] Safepoint "Cleanup", Time since last: 1001555667 ns, Reaching safepoint: 2397584 ns, At safepoint: 69541 ns, Total: 2467125 ns
[2023-07-18T09:28:01.437+0000][1][safepoint    ] Safepoint "Cleanup", Time since last: 1001127834 ns, Reaching safepoint: 907750 ns, At safepoint: 20667 ns, Total: 928417 ns
[2023-07-18T09:28:02.442+0000][1][safepoint    ] Safepoint "Cleanup", Time since last: 1001812959 ns, Reaching safepoint: 2256208 ns, At safepoint: 61583 ns, Total: 2317791 ns
[2023-07-18T09:28:03.448+0000][1][safepoint    ] Safepoint "Cleanup", Time since last: 1001388626 ns, Reaching safepoint: 5120833 ns, At safepoint: 204667 ns, Total: 5325500 ns
[2023-07-18T09:28:04.400+0000][1][safepoint    ] Safepoint "RevokeBias", Time since last: 949865458 ns, Reaching safepoint: 1116625 ns, At safepoint: 808584 ns, Total: 1925209 ns
[2023-07-18T09:28:04.413+0000][1][safepoint    ] Safepoint "RevokeBias", Time since last: 11591500 ns, Reaching safepoint: 968708 ns, At safepoint: 122167 ns, Total: 1090875 ns
[2023-07-18T09:28:04.443+0000][1][safepoint    ] Safepoint "RevokeBias", Time since last: 28883083 ns, Reaching safepoint: 1105292 ns, At safepoint: 383000 ns, Total: 1488292 ns
[2023-07-18T09:28:04.446+0000][1][safepoint    ] Safepoint "RevokeBias", Time since last: 1969125 ns, Reaching safepoint: 1206667 ns, At safepoint: 91250 ns, Total: 1297917 ns
[2023-07-18T09:28:04.459+0000][1][safepoint    ] Safepoint "RevokeBias", Time since last: 10246833 ns, Reaching safepoint: 1853708 ns, At safepoint: 53750 ns, Total: 1907458 ns
[2023-07-18T09:28:05.460+0000][1][safepoint    ] Safepoint "Cleanup", Time since last: 1000589001 ns, Reaching safepoint: 994416 ns, At safepoint: 19625 ns, Total: 1014041 ns
[2023-07-18T09:28:06.463+0000][1][safepoint    ] Safepoint "Cleanup", Time since last: 1000740084 ns, Reaching safepoint: 1878375 ns, At safepoint: 103875 ns, Total: 1982250 ns
[2023-07-18T09:28:07.468+0000][1][safepoint    ] Safepoint "Cleanup", Time since last: 1000856376 ns, Reaching safepoint: 3619333 ns, At safepoint: 98292 ns, Total: 3717625 ns
[2023-07-18T09:28:08.472+0000][1][safepoint    ] Safepoint "Cleanup", Time since last: 1002404417 ns, Reaching safepoint: 2170000 ns, At safepoint: 55333 ns, Total: 2225333 ns
[2023-07-18T09:28:09.476+0000][1][safepoint    ] Safepoint "Cleanup", Time since last: 1001003501 ns, Reaching safepoint: 2924916 ns, At safepoint: 59792 ns, Total: 2984708 ns
[2023-07-18T09:28:10.482+0000][1][safepoint    ] Safepoint "Cleanup", Time since last: 1001420542 ns, Reaching safepoint: 4027958 ns, At safepoint: 92375 ns, Total: 4120333 ns
[2023-07-18T09:28:11.485+0000][1][safepoint    ] Safepoint "Cleanup", Time since last: 1001516668 ns, Reaching safepoint: 2146958 ns, At safepoint: 40000 ns, Total: 2186958 ns
[2023-07-18T09:28:12.489+0000][1][safepoint    ] Safepoint "Cleanup", Time since last: 1002081750 ns, Reaching safepoint: 1480334 ns, At safepoint: 33458 ns, Total: 1513792 ns
[2023-07-18T09:28:13.493+0000][1][safepoint    ] Safepoint "Cleanup", Time since last: 1002065709 ns, Reaching safepoint: 2043041 ns, At safepoint: 44750 ns, Total: 2087791 ns
[2023-07-18T09:28:14.495+0000][1][safepoint    ] Safepoint "Cleanup", Time since last: 1000776959 ns, Reaching safepoint: 1269250 ns, At safepoint: 22709 ns, Total: 1291959 ns
[2023-07-18T09:28:15.499+0000][1][safepoint    ] Safepoint "Cleanup", Time since last: 1000555292 ns, Reaching safepoint: 3207416 ns, At safepoint: 78875 ns, Total: 3286291 ns
[2023-07-18T09:28:16.501+0000][1][safepoint    ] Safepoint "Cleanup", Time since last: 1001269376 ns, Reaching safepoint: 814542 ns, At safepoint: 14375 ns, Total: 828917 ns
[2023-07-18T09:28:17.507+0000][1][safepoint    ] Safepoint "Cleanup", Time since last: 1003750375 ns, Reaching safepoint: 1803000 ns, At safepoint: 40792 ns, Total: 1843792 ns
[2023-07-18T09:28:18.510+0000][1][safepoint    ] Safepoint "Cleanup", Time since last: 1001683792 ns, Reaching safepoint: 1921333 ns, At safepoint: 37417 ns, Total: 1958750 ns
[2023-07-18T09:28:19.516+0000][1][safepoint    ] Safepoint "Cleanup", Time since last: 1001292875 ns, Reaching safepoint: 4189500 ns, At safepoint: 130625 ns, Total: 4320125 ns
[2023-07-18T09:28:20.520+0000][1][safepoint    ] Safepoint "Cleanup", Time since last: 1002037292 ns, Reaching safepoint: 2311875 ns, At safepoint: 77334 ns, Total: 2389209 ns
[2023-07-18T09:28:21.526+0000][1][safepoint    ] Safepoint "Cleanup", Time since last: 1002477167 ns, Reaching safepoint: 3288291 ns, At safepoint: 56542 ns, Total: 3344833 ns
[2023-07-18T09:28:22.529+0000][1][safepoint    ] Safepoint "Cleanup", Time since last: 1001481334 ns, Reaching safepoint: 1557250 ns, At safepoint: 36083 ns, Total: 1593333 ns
[2023-07-18T09:28:23.534+0000][1][safepoint    ] Safepoint "Cleanup", Time since last: 1000780084 ns, Reaching safepoint: 3750917 ns, At safepoint: 122083 ns, Total: 3873000 ns
[2023-07-18T09:28:24.154+0000][1][safepoint    ] Safepoint "RevokeBias", Time since last: 618518667 ns, Reaching safepoint: 1525250 ns, At safepoint: 66125 ns, Total: 1591375 ns
[2023-07-18T09:28:25.159+0000][1][safepoint    ] Safepoint "Cleanup", Time since last: 1000549959 ns, Reaching safepoint: 4572583 ns, At safepoint: 103250 ns, Total: 4675833 ns
[2023-07-18T09:28:26.166+0000][1][safepoint    ] Safepoint "Cleanup", Time since last: 1001703917 ns, Reaching safepoint: 4643542 ns, At safepoint: 112917 ns, Total: 4756459 ns
[2023-07-18T09:28:27.993+0000][1][safepoint    ] Safepoint "Cleanup", Time since last: 1824112834 ns, Reaching safepoint: 2795333 ns, At safepoint: 78292 ns, Total: 2873625 ns
[2023-07-18T09:28:28.996+0000][1][safepoint    ] Safepoint "Cleanup", Time since last: 1001699709 ns, Reaching safepoint: 2108291 ns, At safepoint: 46625 ns, Total: 2154916 ns
[2023-07-18T09:28:29.998+0000][1][safepoint    ] Safepoint "Cleanup", Time since last: 1000796084 ns, Reaching safepoint: 943208 ns, At safepoint: 20250 ns, Total: 963458 ns
[2023-07-18T09:28:31.002+0000][1][safepoint    ] Safepoint "Cleanup", Time since last: 1000655668 ns, Reaching safepoint: 2741041 ns, At safepoint: 98625 ns, Total: 2839666 ns
[2023-07-18T09:28:32.007+0000][1][safepoint    ] Safepoint "Cleanup", Time since last: 1001194292 ns, Reaching safepoint: 3541375 ns, At safepoint: 91417 ns, Total: 3632792 ns
[2023-07-18T09:28:33.013+0000][1][safepoint    ] Safepoint "Cleanup", Time since last: 1002148959 ns, Reaching safepoint: 3919166 ns, At safepoint: 110584 ns, Total: 4029750 ns
[2023-07-18T09:28:34.018+0000][1][safepoint    ] Safepoint "Cleanup", Time since last: 1001378542 ns, Reaching safepoint: 3614708 ns, At safepoint: 110959 ns, Total: 3725667 ns
[2023-07-18T09:28:34.205+0000][1][gc,start     ] GC(51) Pause Young (Allocation Failure)
[2023-07-18T09:28:34.207+0000][1][gc,task      ] GC(51) Using 4 workers of 4 for evacuation
[2023-07-18T09:28:34.231+0000][1][gc,age       ] GC(51) Desired survivor size 8945664 bytes, new threshold 6 (max threshold 6)
[2023-07-18T09:28:34.232+0000][1][gc,age       ] GC(51) Age table with threshold 6 (max threshold 6)
[2023-07-18T09:28:34.232+0000][1][gc,age       ] GC(51) - age   1:     102656 bytes,     102656 total
[2023-07-18T09:28:34.232+0000][1][gc,age       ] GC(51) - age   2:       5584 bytes,     108240 total
[2023-07-18T09:28:34.232+0000][1][gc,age       ] GC(51) - age   3:       2664 bytes,     110904 total
[2023-07-18T09:28:34.232+0000][1][gc,age       ] GC(51) - age   4:       1648 bytes,     112552 total
[2023-07-18T09:28:34.232+0000][1][gc,age       ] GC(51) - age   5:        664 bytes,     113216 total
[2023-07-18T09:28:34.232+0000][1][gc,age       ] GC(51) - age   6:       1904 bytes,     115120 total
[2023-07-18T09:28:34.233+0000][1][gc,heap      ] GC(51) ParNew: 139988K->149K(157248K)
[2023-07-18T09:28:34.233+0000][1][gc,heap      ] GC(51) CMS: 71482K->71483K(349568K)
[2023-07-18T09:28:34.234+0000][1][gc,metaspace ] GC(51) Metaspace: 91204K->91204K(1132544K)
[2023-07-18T09:28:34.234+0000][1][gc           ] GC(51) Pause Young (Allocation Failure) 206M->69M(494M) 29.873ms
[2023-07-18T09:28:34.235+0000][1][gc,cpu       ] GC(51) User=0.05s Sys=0.00s Real=0.03s
[2023-07-18T09:28:34.235+0000][1][safepoint    ] Safepoint "GenCollectForAllocation", Time since last: 185414875 ns, Reaching safepoint: 897583 ns, At safepoint: 30768292 ns, Total: 31665875 ns
[2023-07-18T09:28:35.240+0000][1][safepoint    ] Safepoint "Cleanup", Time since last: 1000538875 ns, Reaching safepoint: 4741375 ns, At safepoint: 91709 ns, Total: 4833084 ns
[2023-07-18T09:28:36.248+0000][1][safepoint    ] Safepoint "Cleanup", Time since last: 1002692667 ns, Reaching safepoint: 4696208 ns, At safepoint: 153375 ns, Total: 4849583 ns
[2023-07-18T09:28:37.257+0000][1][safepoint    ] Safepoint "Cleanup", Time since last: 1005034501 ns, Reaching safepoint: 3816541 ns, At safepoint: 159500 ns, Total: 3976041 ns
[2023-07-18T09:28:38.262+0000][1][safepoint    ] Safepoint "Cleanup", Time since last: 1001246626 ns, Reaching safepoint: 4028250 ns, At safepoint: 101916 ns, Total: 4130166 ns
[2023-07-18T09:28:39.265+0000][1][safepoint    ] Safepoint "Cleanup", Time since last: 1001354334 ns, Reaching safepoint: 1690167 ns, At safepoint: 43125 ns, Total: 1733292 ns
[2023-07-18T09:28:40.269+0000][1][safepoint    ] Safepoint "Cleanup", Time since last: 1001315542 ns, Reaching safepoint: 2052958 ns, At safepoint: 95250 ns, Total: 2148208 ns
[2023-07-18T09:28:41.275+0000][1][safepoint    ] Safepoint "Cleanup", Time since last: 1003427792 ns, Reaching safepoint: 2990084 ns, At safepoint: 93166 ns, Total: 3083250 ns
[2023-07-18T09:28:42.279+0000][1][safepoint    ] Safepoint "Cleanup", Time since last: 1001655501 ns, Reaching safepoint: 1842458 ns, At safepoint: 62042 ns, Total: 1904500 ns
[2023-07-18T09:28:43.283+0000][1][safepoint    ] Safepoint "Cleanup", Time since last: 1001111584 ns, Reaching safepoint: 3015208 ns, At safepoint: 94417 ns, Total: 3109625 ns
[2023-07-18T09:28:44.287+0000][1][safepoint    ] Safepoint "Cleanup", Time since last: 1001327625 ns, Reaching safepoint: 2230167 ns, At safepoint: 40792 ns, Total: 2270959 ns
[2023-07-18T09:28:45.292+0000][1][safepoint    ] Safepoint "Cleanup", Time since last: 1000746625 ns, Reaching safepoint: 4003500 ns, At safepoint: 107458 ns, Total: 4110958 ns
[2023-07-18T09:28:46.297+0000][1][safepoint    ] Safepoint "Cleanup", Time since last: 1001587584 ns, Reaching safepoint: 3350500 ns, At safepoint: 70875 ns, Total: 3421375 ns
[2023-07-18T09:28:47.302+0000][1][safepoint    ] Safepoint "Cleanup", Time since last: 1001458709 ns, Reaching safepoint: 3408958 ns, At safepoint: 101209 ns, Total: 3510167 ns
[2023-07-18T09:28:48.304+0000][1][safepoint    ] Safepoint "Cleanup", Time since last: 1001642208 ns, Reaching safepoint: 1024250 ns, At safepoint: 42583 ns, Total: 1066833 ns
[2023-07-18T09:28:49.352+0000][1][safepoint    ] Safepoint "Cleanup", Time since last: 1043847459 ns, Reaching safepoint: 3975750 ns, At safepoint: 133250 ns, Total: 4109000 ns
[2023-07-18T09:28:50.357+0000][1][safepoint    ] Safepoint "Cleanup", Time since last: 1001582500 ns, Reaching safepoint: 3195500 ns, At safepoint: 97375 ns, Total: 3292875 ns
[2023-07-18T09:28:51.359+0000][1][safepoint    ] Safepoint "Cleanup", Time since last: 1001135793 ns, Reaching safepoint: 719875 ns, At safepoint: 19166 ns, Total: 739041 ns
[2023-07-18T09:28:52.362+0000][1][safepoint    ] Safepoint "Cleanup", Time since last: 1000460042 ns, Reaching safepoint: 2458584 ns, At safepoint: 59083 ns, Total: 2517667 ns
[2023-07-18T09:28:53.368+0000][1][safepoint    ] Safepoint "Cleanup", Time since last: 1001576167 ns, Reaching safepoint: 4078250 ns, At safepoint: 378417 ns, Total: 4456667 ns
[2023-07-18T09:28:54.370+0000][1][safepoint    ] Safepoint "Cleanup", Time since last: 1001431375 ns, Reaching safepoint: 1154000 ns, At safepoint: 22375 ns, Total: 1176375 ns
[2023-07-18T09:28:55.386+0000][1][safepoint    ] Safepoint "Cleanup", Time since last: 1001952418 ns, Reaching safepoint: 11069041 ns, At safepoint: 1064459 ns, Total: 12133500 ns
[2023-07-18T09:28:56.397+0000][1][safepoint    ] Safepoint "Cleanup", Time since last: 1011067708 ns, Reaching safepoint: 1450042 ns, At safepoint: 26917 ns, Total: 1476959 ns
[2023-07-18T09:28:57.399+0000][1][safepoint    ] Safepoint "Cleanup", Time since last: 1000483292 ns, Reaching safepoint: 1888708 ns, At safepoint: 18875 ns, Total: 1907583 ns
[2023-07-18T09:28:58.404+0000][1][safepoint    ] Safepoint "Cleanup", Time since last: 1001863417 ns, Reaching safepoint: 2461334 ns, At safepoint: 54708 ns, Total: 2516042 ns
[2023-07-18T09:28:59.409+0000][1][safepoint    ] Safepoint "Cleanup", Time since last: 1001008417 ns, Reaching safepoint: 3584750 ns, At safepoint: 104167 ns, Total: 3688917 ns
[2023-07-18T09:29:00.416+0000][1][safepoint    ] Safepoint "Cleanup", Time since last: 1002331917 ns, Reaching safepoint: 4996292 ns, At safepoint: 180708 ns, Total: 5177000 ns
[2023-07-18T09:29:01.421+0000][1][safepoint    ] Safepoint "Cleanup", Time since last: 1002008875 ns, Reaching safepoint: 2755959 ns, At safepoint: 70708 ns, Total: 2826667 ns
[2023-07-18T09:29:02.425+0000][1][safepoint    ] Safepoint "Cleanup", Time since last: 1001326626 ns, Reaching safepoint: 2765708 ns, At safepoint: 69083 ns, Total: 2834791 ns
[2023-07-18T09:29:03.428+0000][1][safepoint    ] Safepoint "Cleanup", Time since last: 1001109417 ns, Reaching safepoint: 2112792 ns, At safepoint: 58458 ns, Total: 2171250 ns
[2023-07-18T09:29:04.431+0000][1][safepoint    ] Safepoint "Cleanup", Time since last: 1000872834 ns, Reaching safepoint: 1550000 ns, At safepoint: 24542 ns, Total: 1574542 ns
[2023-07-18T09:29:05.428+0000][1][safepoint    ] Safepoint "RevokeBias", Time since last: 994691292 ns, Reaching safepoint: 861000 ns, At safepoint: 1338625 ns, Total: 2199625 ns
[2023-07-18T09:29:05.429+0000][1][safepoint    ] Safepoint "RevokeBias", Time since last: 577375 ns, Reaching safepoint: 417792 ns, At safepoint: 85166 ns, Total: 502958 ns
[2023-07-18T09:29:05.494+0000][1][safepoint    ] Safepoint "RevokeBias", Time since last: 64337834 ns, Reaching safepoint: 1133791 ns, At safepoint: 129084 ns, Total: 1262875 ns
[2023-07-18T09:29:05.501+0000][1][safepoint    ] Safepoint "RevokeBias", Time since last: 4828208 ns, Reaching safepoint: 1410375 ns, At safepoint: 76542 ns, Total: 1486917 ns
[2023-07-18T09:29:06.504+0000][1][safepoint    ] Safepoint "Cleanup", Time since last: 1000496083 ns, Reaching safepoint: 2508750 ns, At safepoint: 91042 ns, Total: 2599792 ns
[2023-07-18T09:29:07.508+0000][1][safepoint    ] Safepoint "Cleanup", Time since last: 1001121126 ns, Reaching safepoint: 2714208 ns, At safepoint: 66833 ns, Total: 2781041 ns
[2023-07-18T09:29:08.511+0000][1][safepoint    ] Safepoint "Cleanup", Time since last: 1001533751 ns, Reaching safepoint: 2053000 ns, At safepoint: 49541 ns, Total: 2102541 ns
[2023-07-18T09:29:09.518+0000][1][safepoint    ] Safepoint "Cleanup", Time since last: 1001282126 ns, Reaching safepoint: 5477583 ns, At safepoint: 99750 ns, Total: 5577333 ns
[2023-07-18T09:29:10.522+0000][1][safepoint    ] Safepoint "Cleanup", Time since last: 1001103542 ns, Reaching safepoint: 2941542 ns, At safepoint: 72417 ns, Total: 3013959 ns
[2023-07-18T09:29:11.528+0000][1][safepoint    ] Safepoint "Cleanup", Time since last: 1001912209 ns, Reaching safepoint: 3683791 ns, At safepoint: 95084 ns, Total: 3778875 ns
[2023-07-18T09:29:12.532+0000][1][safepoint    ] Safepoint "Cleanup", Time since last: 1001543000 ns, Reaching safepoint: 2502833 ns, At safepoint: 79875 ns, Total: 2582708 ns
[2023-07-18T09:29:13.536+0000][1][safepoint    ] Safepoint "Cleanup", Time since last: 1001537876 ns, Reaching safepoint: 2150292 ns, At safepoint: 51916 ns, Total: 2202208 ns
[2023-07-18T09:29:14.170+0000][1][safepoint    ] Safepoint "RevokeBias", Time since last: 632714292 ns, Reaching safepoint: 1623333 ns, At safepoint: 98542 ns, Total: 1721875 ns
[2023-07-18T09:29:15.174+0000][1][safepoint    ] Safepoint "Cleanup", Time since last: 1000642792 ns, Reaching safepoint: 2989792 ns, At safepoint: 69792 ns, Total: 3059584 ns
[2023-07-18T09:29:16.182+0000][1][safepoint    ] Safepoint "Cleanup", Time since last: 1004164792 ns, Reaching safepoint: 3465833 ns, At safepoint: 94333 ns, Total: 3560166 ns
[2023-07-18T09:29:17.185+0000][1][safepoint    ] Safepoint "Cleanup", Time since last: 1001430126 ns, Reaching safepoint: 2107875 ns, At safepoint: 35500 ns, Total: 2143375 ns
[2023-07-18T09:29:18.189+0000][1][safepoint    ] Safepoint "Cleanup", Time since last: 1001416250 ns, Reaching safepoint: 3498833 ns, At safepoint: 118209 ns, Total: 3617042 ns
[2023-07-18T09:29:19.195+0000][1][safepoint    ] Safepoint "Cleanup", Time since last: 1002508584 ns, Reaching safepoint: 3049875 ns, At safepoint: 63000 ns, Total: 3112875 ns
[2023-07-18T09:29:20.201+0000][1][safepoint    ] Safepoint "Cleanup", Time since last: 1001889708 ns, Reaching safepoint: 4649959 ns, At safepoint: 106125 ns, Total: 4756084 ns
[2023-07-18T09:29:21.205+0000][1][safepoint    ] Safepoint "Cleanup", Time since last: 1001228417 ns, Reaching safepoint: 2734042 ns, At safepoint: 71291 ns, Total: 2805333 ns
[2023-07-18T09:29:22.211+0000][1][safepoint    ] Safepoint "Cleanup", Time since last: 1002634376 ns, Reaching safepoint: 3561541 ns, At safepoint: 80417 ns, Total: 3641958 ns
[2023-07-18T09:29:23.214+0000][1][safepoint    ] Safepoint "Cleanup", Time since last: 1001090500 ns, Reaching safepoint: 1132917 ns, At safepoint: 23500 ns, Total: 1156417 ns
[2023-07-18T09:29:24.217+0000][1][safepoint    ] Safepoint "Cleanup", Time since last: 1000504334 ns, Reaching safepoint: 3121958 ns, At safepoint: 47792 ns, Total: 3169750 ns
[2023-07-18T09:29:25.223+0000][1][safepoint    ] Safepoint "Cleanup", Time since last: 1001342917 ns, Reaching safepoint: 3961500 ns, At safepoint: 96458 ns, Total: 4057958 ns
[2023-07-18T09:29:26.228+0000][1][safepoint    ] Safepoint "Cleanup", Time since last: 1002023209 ns, Reaching safepoint: 3005875 ns, At safepoint: 74334 ns, Total: 3080209 ns
[2023-07-18T09:29:27.233+0000][1][safepoint    ] Safepoint "Cleanup", Time since last: 1001787625 ns, Reaching safepoint: 2762458 ns, At safepoint: 90459 ns, Total: 2852917 ns
[2023-07-18T09:29:28.236+0000][1][safepoint    ] Safepoint "Cleanup", Time since last: 1000871959 ns, Reaching safepoint: 2930083 ns, At safepoint: 70083 ns, Total: 3000166 ns
[2023-07-18T09:29:29.241+0000][1][safepoint    ] Safepoint "Cleanup", Time since last: 1001371084 ns, Reaching safepoint: 3068625 ns, At safepoint: 80542 ns, Total: 3149167 ns
[2023-07-18T09:29:30.247+0000][1][safepoint    ] Safepoint "Cleanup", Time since last: 1003305042 ns, Reaching safepoint: 3134958 ns, At safepoint: 81417 ns, Total: 3216375 ns
[2023-07-18T09:29:31.253+0000][1][safepoint    ] Safepoint "Cleanup", Time since last: 1001330167 ns, Reaching safepoint: 4455958 ns, At safepoint: 169250 ns, Total: 4625208 ns
[2023-07-18T09:29:32.258+0000][1][safepoint    ] Safepoint "Cleanup", Time since last: 1001810876 ns, Reaching safepoint: 3161333 ns, At safepoint: 64917 ns, Total: 3226250 ns
[2023-07-18T09:29:33.262+0000][1][safepoint    ] Safepoint "Cleanup", Time since last: 1001474000 ns, Reaching safepoint: 2055000 ns, At safepoint: 48209 ns, Total: 2103209 ns
[2023-07-18T09:29:34.191+0000][1][safepoint    ] Safepoint "RevokeBias", Time since last: 926068417 ns, Reaching safepoint: 2379708 ns, At safepoint: 811500 ns, Total: 3191208 ns
[2023-07-18T09:29:35.196+0000][1][safepoint    ] Safepoint "Cleanup", Time since last: 1000665417 ns, Reaching safepoint: 3951000 ns, At safepoint: 156792 ns, Total: 4107792 ns
[2023-07-18T09:29:36.202+0000][1][safepoint    ] Safepoint "Cleanup", Time since last: 1002336125 ns, Reaching safepoint: 3948417 ns, At safepoint: 135667 ns, Total: 4084084 ns
[2023-07-18T09:29:37.208+0000][1][safepoint    ] Safepoint "Cleanup", Time since last: 1001187583 ns, Reaching safepoint: 4099584 ns, At safepoint: 86541 ns, Total: 4186125 ns
[2023-07-18T09:29:38.214+0000][1][safepoint    ] Safepoint "Cleanup", Time since last: 1001574251 ns, Reaching safepoint: 4029042 ns, At safepoint: 122666 ns, Total: 4151708 ns
[2023-07-18T09:29:39.217+0000][1][safepoint    ] Safepoint "Cleanup", Time since last: 1001845709 ns, Reaching safepoint: 1981500 ns, At safepoint: 50208 ns, Total: 2031708 ns
[2023-07-18T09:29:40.220+0000][1][safepoint    ] Safepoint "Cleanup", Time since last: 1000948709 ns, Reaching safepoint: 1778542 ns, At safepoint: 59792 ns, Total: 1838334 ns
[2023-07-18T09:29:41.224+0000][1][safepoint    ] Safepoint "Cleanup", Time since last: 1001168958 ns, Reaching safepoint: 2450042 ns, At safepoint: 85458 ns, Total: 2535500 ns
[2023-07-18T09:29:42.231+0000][1][safepoint    ] Safepoint "Cleanup", Time since last: 1001960126 ns, Reaching safepoint: 4568542 ns, At safepoint: 107166 ns, Total: 4675708 ns
[2023-07-18T09:29:43.236+0000][1][safepoint    ] Safepoint "Cleanup", Time since last: 1002645584 ns, Reaching safepoint: 3132375 ns, At safepoint: 60042 ns, Total: 3192417 ns
[2023-07-18T09:29:44.185+0000][1][safepoint    ] Safepoint "RevokeBias", Time since last: 945929917 ns, Reaching safepoint: 1842125 ns, At safepoint: 956541 ns, Total: 2798666 ns
[2023-07-18T09:29:45.189+0000][1][safepoint    ] Safepoint "Cleanup", Time since last: 1001901418 ns, Reaching safepoint: 2080125 ns, At safepoint: 44958 ns, Total: 2125083 ns
[2023-07-18T09:29:46.195+0000][1][safepoint    ] Safepoint "Cleanup", Time since last: 1002215209 ns, Reaching safepoint: 3493083 ns, At safepoint: 117708 ns, Total: 3610791 ns
[2023-07-18T09:29:47.198+0000][1][safepoint    ] Safepoint "Cleanup", Time since last: 1001261626 ns, Reaching safepoint: 1663167 ns, At safepoint: 35541 ns, Total: 1698708 ns
[2023-07-18T09:29:48.204+0000][1][safepoint    ] Safepoint "Cleanup", Time since last: 1002704042 ns, Reaching safepoint: 2507500 ns, At safepoint: 69708 ns, Total: 2577208 ns
[2023-07-18T09:29:49.209+0000][1][safepoint    ] Safepoint "Cleanup", Time since last: 1001654251 ns, Reaching safepoint: 2971833 ns, At safepoint: 83208 ns, Total: 3055041 ns
[2023-07-18T09:29:50.212+0000][1][safepoint    ] Safepoint "Cleanup", Time since last: 1001752792 ns, Reaching safepoint: 781000 ns, At safepoint: 16625 ns, Total: 797625 ns
[2023-07-18T09:29:51.215+0000][1][safepoint    ] Safepoint "Cleanup", Time since last: 1000435834 ns, Reaching safepoint: 2643792 ns, At safepoint: 79958 ns, Total: 2723750 ns
[2023-07-18T09:29:52.899+0000][1][safepoint    ] Safepoint "Cleanup", Time since last: 1681163668 ns, Reaching safepoint: 2511708 ns, At safepoint: 58500 ns, Total: 2570208 ns
[2023-07-18T09:29:53.902+0000][1][safepoint    ] Safepoint "Cleanup", Time since last: 1001652500 ns, Reaching safepoint: 1962459 ns, At safepoint: 64375 ns, Total: 2026834 ns
[2023-07-18T09:29:54.907+0000][1][safepoint    ] Safepoint "Cleanup", Time since last: 1000828709 ns, Reaching safepoint: 3632458 ns, At safepoint: 152625 ns, Total: 3785083 ns
[2023-07-18T09:29:55.912+0000][1][safepoint    ] Safepoint "Cleanup", Time since last: 1001958292 ns, Reaching safepoint: 3318958 ns, At safepoint: 89709 ns, Total: 3408667 ns
[2023-07-18T09:29:56.919+0000][1][safepoint    ] Safepoint "Cleanup", Time since last: 1001739625 ns, Reaching safepoint: 4961084 ns, At safepoint: 116041 ns, Total: 5077125 ns
[2023-07-18T09:29:57.926+0000][1][safepoint    ] Safepoint "Cleanup", Time since last: 1002787292 ns, Reaching safepoint: 3642167 ns, At safepoint: 99542 ns, Total: 3741709 ns
[2023-07-18T09:29:58.931+0000][1][safepoint    ] Safepoint "Cleanup", Time since last: 1001393417 ns, Reaching safepoint: 4339125 ns, At safepoint: 107583 ns, Total: 4446708 ns
[2023-07-18T09:29:59.937+0000][1][safepoint    ] Safepoint "Cleanup", Time since last: 1001559751 ns, Reaching safepoint: 3549250 ns, At safepoint: 95625 ns, Total: 3644875 ns
[2023-07-18T09:30:00.942+0000][1][safepoint    ] Safepoint "Cleanup", Time since last: 1001715667 ns, Reaching safepoint: 3833791 ns, At safepoint: 89709 ns, Total: 3923500 ns
[2023-07-18T09:30:01.950+0000][1][safepoint    ] Safepoint "Cleanup", Time since last: 1002902042 ns, Reaching safepoint: 5025917 ns, At safepoint: 126541 ns, Total: 5152458 ns
[2023-07-18T09:30:02.954+0000][1][safepoint    ] Safepoint "Cleanup", Time since last: 1002198292 ns, Reaching safepoint: 1773584 ns, At safepoint: 61791 ns, Total: 1835375 ns
[2023-07-18T09:30:03.959+0000][1][safepoint    ] Safepoint "Cleanup", Time since last: 1001027543 ns, Reaching safepoint: 3187708 ns, At safepoint: 79958 ns, Total: 3267666 ns
[2023-07-18T09:30:04.963+0000][1][safepoint    ] Safepoint "Cleanup", Time since last: 1001098751 ns, Reaching safepoint: 2676833 ns, At safepoint: 90833 ns, Total: 2767666 ns
[2023-07-18T09:30:05.966+0000][1][safepoint    ] Safepoint "Cleanup", Time since last: 1001124543 ns, Reaching safepoint: 2523083 ns, At safepoint: 66542 ns, Total: 2589625 ns
[2023-07-18T09:30:06.425+0000][1][safepoint    ] Safepoint "RevokeBias", Time since last: 457138583 ns, Reaching safepoint: 985875 ns, At safepoint: 215000 ns, Total: 1200875 ns
[2023-07-18T09:30:06.428+0000][1][safepoint    ] Safepoint "RevokeBias", Time since last: 2272625 ns, Reaching safepoint: 688792 ns, At safepoint: 79875 ns, Total: 768667 ns
[2023-07-18T09:30:06.435+0000][1][safepoint    ] Safepoint "RevokeBias", Time since last: 6678750 ns, Reaching safepoint: 1037958 ns, At safepoint: 95958 ns, Total: 1133916 ns
[2023-07-18T09:30:06.463+0000][1][safepoint    ] Safepoint "RevokeBias", Time since last: 26474334 ns, Reaching safepoint: 1198500 ns, At safepoint: 163625 ns, Total: 1362125 ns
[2023-07-18T09:30:06.495+0000][1][safepoint    ] Safepoint "RevokeBias", Time since last: 25732666 ns, Reaching safepoint: 1793167 ns, At safepoint: 3768375 ns, Total: 5561542 ns
[2023-07-18T09:30:07.498+0000][1][safepoint    ] Safepoint "Cleanup", Time since last: 1000662751 ns, Reaching safepoint: 2843250 ns, At safepoint: 105625 ns, Total: 2948875 ns
[2023-07-18T09:30:08.505+0000][1][safepoint    ] Safepoint "Cleanup", Time since last: 1003251833 ns, Reaching safepoint: 3408250 ns, At safepoint: 144584 ns, Total: 3552834 ns
[2023-07-18T09:30:09.512+0000][1][safepoint    ] Safepoint "Cleanup", Time since last: 1002681417 ns, Reaching safepoint: 4180375 ns, At safepoint: 134417 ns, Total: 4314792 ns
[2023-07-18T09:30:11.117+0000][1][safepoint    ] Safepoint "Cleanup", Time since last: 1601601084 ns, Reaching safepoint: 2890125 ns, At safepoint: 125291 ns, Total: 3015416 ns
[2023-07-18T09:30:12.121+0000][1][safepoint    ] Safepoint "Cleanup", Time since last: 1001132126 ns, Reaching safepoint: 3313375 ns, At safepoint: 65666 ns, Total: 3379041 ns
[2023-07-18T09:30:13.123+0000][1][safepoint    ] Safepoint "Cleanup", Time since last: 1001016834 ns, Reaching safepoint: 1247375 ns, At safepoint: 22292 ns, Total: 1269667 ns
[2023-07-18T09:30:14.126+0000][1][safepoint    ] Safepoint "Cleanup", Time since last: 1000380209 ns, Reaching safepoint: 2241833 ns, At safepoint: 36125 ns, Total: 2277958 ns
[2023-07-18T09:30:15.128+0000][1][safepoint    ] Safepoint "Cleanup", Time since last: 1000562417 ns, Reaching safepoint: 1318750 ns, At safepoint: 42709 ns, Total: 1361459 ns
[2023-07-18T09:30:16.131+0000][1][safepoint    ] Safepoint "Cleanup", Time since last: 1000611417 ns, Reaching safepoint: 2046041 ns, At safepoint: 40500 ns, Total: 2086541 ns
[2023-07-18T09:30:17.133+0000][1][safepoint    ] Safepoint "Cleanup", Time since last: 1001262418 ns, Reaching safepoint: 1024291 ns, At safepoint: 17167 ns, Total: 1041458 ns
[2023-07-18T09:30:18.138+0000][1][safepoint    ] Safepoint "Cleanup", Time since last: 1001398666 ns, Reaching safepoint: 4106125 ns, At safepoint: 99667 ns, Total: 4205792 ns
[2023-07-18T09:30:19.143+0000][1][safepoint    ] Safepoint "Cleanup", Time since last: 1001502084 ns, Reaching safepoint: 3795458 ns, At safepoint: 88750 ns, Total: 3884208 ns
[2023-07-18T09:30:20.149+0000][1][safepoint    ] Safepoint "Cleanup", Time since last: 1002004459 ns, Reaching safepoint: 3513125 ns, At safepoint: 89000 ns, Total: 3602125 ns
[2023-07-18T09:30:21.153+0000][1][safepoint    ] Safepoint "Cleanup", Time since last: 1001867334 ns, Reaching safepoint: 1654541 ns, At safepoint: 69959 ns, Total: 1724500 ns
[2023-07-18T09:30:22.159+0000][1][safepoint    ] Safepoint "Cleanup", Time since last: 1002929125 ns, Reaching safepoint: 2911209 ns, At safepoint: 105166 ns, Total: 3016375 ns
[2023-07-18T09:30:23.161+0000][1][safepoint    ] Safepoint "Cleanup", Time since last: 1001139209 ns, Reaching safepoint: 1168750 ns, At safepoint: 23000 ns, Total: 1191750 ns
[2023-07-18T09:30:24.163+0000][1][safepoint    ] Safepoint "Cleanup", Time since last: 1000528417 ns, Reaching safepoint: 2061375 ns, At safepoint: 30292 ns, Total: 2091667 ns
[2023-07-18T09:30:24.194+0000][1][safepoint    ] Safepoint "RevokeBias", Time since last: 29263000 ns, Reaching safepoint: 1296708 ns, At safepoint: 367459 ns, Total: 1664167 ns
[2023-07-18T09:30:25.196+0000][1][safepoint    ] Safepoint "Cleanup", Time since last: 1000467875 ns, Reaching safepoint: 819292 ns, At safepoint: 17333 ns, Total: 836625 ns
[2023-07-18T09:30:26.198+0000][1][safepoint    ] Safepoint "Cleanup", Time since last: 1001577417 ns, Reaching safepoint: 755959 ns, At safepoint: 18541 ns, Total: 774500 ns
[2023-07-18T09:30:27.204+0000][1][safepoint    ] Safepoint "Cleanup", Time since last: 1000737417 ns, Reaching safepoint: 5325042 ns, At safepoint: 125208 ns, Total: 5450250 ns
[2023-07-18T09:30:28.208+0000][1][safepoint    ] Safepoint "Cleanup", Time since last: 1001508459 ns, Reaching safepoint: 2195875 ns, At safepoint: 51292 ns, Total: 2247167 ns
[2023-07-18T09:30:29.211+0000][1][safepoint    ] Safepoint "Cleanup", Time since last: 1001047084 ns, Reaching safepoint: 2354958 ns, At safepoint: 52292 ns, Total: 2407250 ns
[2023-07-18T09:30:30.215+0000][1][safepoint    ] Safepoint "Cleanup", Time since last: 1000914875 ns, Reaching safepoint: 2482500 ns, At safepoint: 118083 ns, Total: 2600583 ns
[2023-07-18T09:30:30.298+0000][1][gc,start     ] GC(52) Pause Young (Allocation Failure)
[2023-07-18T09:30:30.304+0000][1][gc,task      ] GC(52) Using 4 workers of 4 for evacuation
[2023-07-18T09:30:30.352+0000][1][gc,age       ] GC(52) Desired survivor size 8945664 bytes, new threshold 6 (max threshold 6)
[2023-07-18T09:30:30.352+0000][1][gc,age       ] GC(52) Age table with threshold 6 (max threshold 6)
[2023-07-18T09:30:30.352+0000][1][gc,age       ] GC(52) - age   1:      99088 bytes,      99088 total
[2023-07-18T09:30:30.353+0000][1][gc,age       ] GC(52) - age   2:       1680 bytes,     100768 total
[2023-07-18T09:30:30.353+0000][1][gc,age       ] GC(52) - age   3:       5520 bytes,     106288 total
[2023-07-18T09:30:30.353+0000][1][gc,age       ] GC(52) - age   4:       2544 bytes,     108832 total
[2023-07-18T09:30:30.353+0000][1][gc,age       ] GC(52) - age   5:       1648 bytes,     110480 total
[2023-07-18T09:30:30.353+0000][1][gc,age       ] GC(52) - age   6:        664 bytes,     111144 total
[2023-07-18T09:30:30.355+0000][1][gc,heap      ] GC(52) ParNew: 139925K->153K(157248K)
[2023-07-18T09:30:30.355+0000][1][gc,heap      ] GC(52) CMS: 71483K->71485K(349568K)
[2023-07-18T09:30:30.355+0000][1][gc,metaspace ] GC(52) Metaspace: 91218K->91218K(1132544K)
[2023-07-18T09:30:30.356+0000][1][gc           ] GC(52) Pause Young (Allocation Failure) 206M->69M(494M) 58.691ms
[2023-07-18T09:30:30.356+0000][1][gc,cpu       ] GC(52) User=0.08s Sys=0.02s Real=0.06s
[2023-07-18T09:30:30.357+0000][1][safepoint    ] Safepoint "GenCollectForAllocation", Time since last: 78822792 ns, Reaching safepoint: 2223584 ns, At safepoint: 60924291 ns, Total: 63147875 ns
[2023-07-18T09:30:31.362+0000][1][safepoint    ] Safepoint "Cleanup", Time since last: 1001502876 ns, Reaching safepoint: 3840791 ns, At safepoint: 91167 ns, Total: 3931958 ns
[2023-07-18T09:30:32.368+0000][1][safepoint    ] Safepoint "Cleanup", Time since last: 1001717917 ns, Reaching safepoint: 3497084 ns, At safepoint: 107125 ns, Total: 3604209 ns
[2023-07-18T09:30:33.372+0000][1][safepoint    ] Safepoint "Cleanup", Time since last: 1002321792 ns, Reaching safepoint: 2316666 ns, At safepoint: 72792 ns, Total: 2389458 ns
[2023-07-18T09:30:35.211+0000][1][safepoint    ] Safepoint "Cleanup", Time since last: 1835460626 ns, Reaching safepoint: 3338958 ns, At safepoint: 129250 ns, Total: 3468208 ns
[2023-07-18T09:30:36.217+0000][1][safepoint    ] Safepoint "Cleanup", Time since last: 1000882084 ns, Reaching safepoint: 4017500 ns, At safepoint: 109375 ns, Total: 4126875 ns
[2023-07-18T09:30:37.221+0000][1][safepoint    ] Safepoint "Cleanup", Time since last: 1001113459 ns, Reaching safepoint: 3805666 ns, At safepoint: 72834 ns, Total: 3878500 ns
[2023-07-18T09:30:38.225+0000][1][safepoint    ] Safepoint "Cleanup", Time since last: 1001741542 ns, Reaching safepoint: 2200708 ns, At safepoint: 60959 ns, Total: 2261667 ns
[2023-07-18T09:30:39.230+0000][1][safepoint    ] Safepoint "Cleanup", Time since last: 1002841417 ns, Reaching safepoint: 1669041 ns, At safepoint: 29875 ns, Total: 1698916 ns
[2023-07-18T09:30:40.233+0000][1][safepoint    ] Safepoint "Cleanup", Time since last: 1000810626 ns, Reaching safepoint: 1940583 ns, At safepoint: 88334 ns, Total: 2028917 ns
[2023-07-18T09:30:41.247+0000][1][safepoint    ] Safepoint "Cleanup", Time since last: 1001474542 ns, Reaching safepoint: 8970500 ns, At safepoint: 1216500 ns, Total: 10187000 ns
[2023-07-18T09:30:42.260+0000][1][safepoint    ] Safepoint "Cleanup", Time since last: 1013017917 ns, Reaching safepoint: 2953958 ns, At safepoint: 69792 ns, Total: 3023750 ns
[2023-07-18T09:30:43.263+0000][1][safepoint    ] Safepoint "Cleanup", Time since last: 1001326167 ns, Reaching safepoint: 851792 ns, At safepoint: 18625 ns, Total: 870417 ns
[2023-07-18T09:30:44.267+0000][1][safepoint    ] Safepoint "Cleanup", Time since last: 1000654709 ns, Reaching safepoint: 4131958 ns, At safepoint: 35250 ns, Total: 4167208 ns
[2023-07-18T09:30:45.272+0000][1][safepoint    ] Safepoint "Cleanup", Time since last: 1000914667 ns, Reaching safepoint: 3213792 ns, At safepoint: 69750 ns, Total: 3283542 ns
[2023-07-18T09:30:46.274+0000][1][safepoint    ] Safepoint "Cleanup", Time since last: 1001991042 ns, Reaching safepoint: 614250 ns, At safepoint: 12541 ns, Total: 626791 ns
[2023-07-18T09:30:47.278+0000][1][safepoint    ] Safepoint "Cleanup", Time since last: 1000579584 ns, Reaching safepoint: 3532084 ns, At safepoint: 91166 ns, Total: 3623250 ns
[2023-07-18T09:30:48.282+0000][1][safepoint    ] Safepoint "Cleanup", Time since last: 1001402500 ns, Reaching safepoint: 2443167 ns, At safepoint: 99625 ns, Total: 2542792 ns
[2023-07-18T09:30:49.287+0000][1][safepoint    ] Safepoint "Cleanup", Time since last: 1001646167 ns, Reaching safepoint: 2774625 ns, At safepoint: 77375 ns, Total: 2852000 ns
[2023-07-18T09:30:50.294+0000][1][safepoint    ] Safepoint "Cleanup", Time since last: 1001340042 ns, Reaching safepoint: 5198875 ns, At safepoint: 142958 ns, Total: 5341833 ns
[2023-07-18T09:30:51.302+0000][1][safepoint    ] Safepoint "Cleanup", Time since last: 1005161751 ns, Reaching safepoint: 3624417 ns, At safepoint: 90916 ns, Total: 3715333 ns
[2023-07-18T09:30:52.306+0000][1][safepoint    ] Safepoint "Cleanup", Time since last: 1001288709 ns, Reaching safepoint: 1871667 ns, At safepoint: 56958 ns, Total: 1928625 ns
[2023-07-18T09:30:53.309+0000][1][safepoint    ] Safepoint "Cleanup", Time since last: 1000768501 ns, Reaching safepoint: 2345708 ns, At safepoint: 41792 ns, Total: 2387500 ns
[2023-07-18T09:30:54.207+0000][1][safepoint    ] Safepoint "RevokeBias", Time since last: 895049875 ns, Reaching safepoint: 1547125 ns, At safepoint: 1230417 ns, Total: 2777542 ns
[2023-07-18T09:30:55.210+0000][1][safepoint    ] Safepoint "Cleanup", Time since last: 1001053125 ns, Reaching safepoint: 2439417 ns, At safepoint: 58166 ns, Total: 2497583 ns
[2023-07-18T09:30:56.217+0000][1][safepoint    ] Safepoint "Cleanup", Time since last: 1001242084 ns, Reaching safepoint: 5228709 ns, At safepoint: 64416 ns, Total: 5293125 ns
[2023-07-18T09:30:57.223+0000][1][safepoint    ] Safepoint "Cleanup", Time since last: 1001261584 ns, Reaching safepoint: 4531958 ns, At safepoint: 101709 ns, Total: 4633667 ns
[2023-07-18T09:30:58.227+0000][1][safepoint    ] Safepoint "Cleanup", Time since last: 1001438709 ns, Reaching safepoint: 2959958 ns, At safepoint: 75000 ns, Total: 3034958 ns
[2023-07-18T09:30:59.233+0000][1][safepoint    ] Safepoint "Cleanup", Time since last: 1001292875 ns, Reaching safepoint: 4240375 ns, At safepoint: 111250 ns, Total: 4351625 ns
[2023-07-18T09:31:00.237+0000][1][safepoint    ] Safepoint "Cleanup", Time since last: 1001583459 ns, Reaching safepoint: 2514917 ns, At safepoint: 103541 ns, Total: 2618458 ns
[2023-07-18T09:31:01.242+0000][1][safepoint    ] Safepoint "Cleanup", Time since last: 1001771751 ns, Reaching safepoint: 3411500 ns, At safepoint: 106583 ns, Total: 3518083 ns
[2023-07-18T09:31:02.248+0000][1][safepoint    ] Safepoint "Cleanup", Time since last: 1001553167 ns, Reaching safepoint: 4003667 ns, At safepoint: 123167 ns, Total: 4126834 ns
[2023-07-18T09:31:03.253+0000][1][safepoint    ] Safepoint "Cleanup", Time since last: 1002396334 ns, Reaching safepoint: 2565958 ns, At safepoint: 120250 ns, Total: 2686208 ns
[2023-07-18T09:31:04.206+0000][1][safepoint    ] Safepoint "RevokeBias", Time since last: 950872167 ns, Reaching safepoint: 1882542 ns, At safepoint: 701666 ns, Total: 2584208 ns
[2023-07-18T09:31:05.212+0000][1][safepoint    ] Safepoint "Cleanup", Time since last: 1000714584 ns, Reaching safepoint: 5086125 ns, At safepoint: 114167 ns, Total: 5200292 ns
[2023-07-18T09:31:06.215+0000][1][safepoint    ] Safepoint "Cleanup", Time since last: 1001784667 ns, Reaching safepoint: 690750 ns, At safepoint: 15583 ns, Total: 706333 ns
[2023-07-18T09:31:07.218+0000][1][safepoint    ] Safepoint "Cleanup", Time since last: 1000415959 ns, Reaching safepoint: 2606000 ns, At safepoint: 69500 ns, Total: 2675500 ns
[2023-07-18T09:31:07.411+0000][1][safepoint    ] Safepoint "RevokeBias", Time since last: 191598459 ns, Reaching safepoint: 851208 ns, At safepoint: 95333 ns, Total: 946541 ns
[2023-07-18T09:31:07.412+0000][1][safepoint    ] Safepoint "RevokeBias", Time since last: 610334 ns, Reaching safepoint: 427291 ns, At safepoint: 85250 ns, Total: 512541 ns
[2023-07-18T09:31:07.415+0000][1][safepoint    ] Safepoint "RevokeBias", Time since last: 2307334 ns, Reaching safepoint: 833625 ns, At safepoint: 61416 ns, Total: 895041 ns
[2023-07-18T09:31:07.454+0000][1][safepoint    ] Safepoint "RevokeBias", Time since last: 38296250 ns, Reaching safepoint: 925459 ns, At safepoint: 122250 ns, Total: 1047709 ns
[2023-07-18T09:31:07.462+0000][1][safepoint    ] Safepoint "BulkRevokeBias", Time since last: 2931541 ns, Reaching safepoint: 1045792 ns, At safepoint: 3718375 ns, Total: 4764167 ns
[2023-07-18T09:31:07.477+0000][1][safepoint    ] Safepoint "RevokeBias", Time since last: 7535542 ns, Reaching safepoint: 7648250 ns, At safepoint: 204291 ns, Total: 7852541 ns
[2023-07-18T09:31:08.481+0000][1][safepoint    ] Safepoint "Cleanup", Time since last: 1001765917 ns, Reaching safepoint: 2224667 ns, At safepoint: 40375 ns, Total: 2265042 ns
[2023-07-18T09:31:09.485+0000][1][safepoint    ] Safepoint "Cleanup", Time since last: 1001834167 ns, Reaching safepoint: 1480000 ns, At safepoint: 40584 ns, Total: 1520584 ns
[2023-07-18T09:31:10.490+0000][1][safepoint    ] Safepoint "Cleanup", Time since last: 1003417042 ns, Reaching safepoint: 2056416 ns, At safepoint: 46459 ns, Total: 2102875 ns
[2023-07-18T09:31:11.494+0000][1][safepoint    ] Safepoint "Cleanup", Time since last: 1002229500 ns, Reaching safepoint: 1333292 ns, At safepoint: 28583 ns, Total: 1361875 ns
[2023-07-18T09:31:12.499+0000][1][safepoint    ] Safepoint "Cleanup", Time since last: 1003476876 ns, Reaching safepoint: 1746333 ns, At safepoint: 39167 ns, Total: 1785500 ns
[2023-07-18T09:31:13.501+0000][1][safepoint    ] Safepoint "Cleanup", Time since last: 1000805333 ns, Reaching safepoint: 900792 ns, At safepoint: 21500 ns, Total: 922292 ns
[2023-07-18T09:31:14.188+0000][1][safepoint    ] Safepoint "RevokeBias", Time since last: 685345417 ns, Reaching safepoint: 1660083 ns, At safepoint: 166792 ns, Total: 1826875 ns
[2023-07-18T09:31:15.329+0000][1][safepoint    ] Safepoint "Cleanup", Time since last: 1136417751 ns, Reaching safepoint: 4139125 ns, At safepoint: 73375 ns, Total: 4212500 ns
[2023-07-18T09:31:16.337+0000][1][safepoint    ] Safepoint "Cleanup", Time since last: 1005054917 ns, Reaching safepoint: 2997500 ns, At safepoint: 94542 ns, Total: 3092042 ns
[2023-07-18T09:31:17.344+0000][1][safepoint    ] Safepoint "Cleanup", Time since last: 1001785792 ns, Reaching safepoint: 5792375 ns, At safepoint: 119666 ns, Total: 5912041 ns
[2023-07-18T09:31:18.353+0000][1][safepoint    ] Safepoint "Cleanup", Time since last: 1004939875 ns, Reaching safepoint: 3978375 ns, At safepoint: 115292 ns, Total: 4093667 ns
[2023-07-18T09:31:19.357+0000][1][safepoint    ] Safepoint "Cleanup", Time since last: 1001869376 ns, Reaching safepoint: 1345041 ns, At safepoint: 32959 ns, Total: 1378000 ns
[2023-07-18T09:31:20.361+0000][1][safepoint    ] Safepoint "Cleanup", Time since last: 1000732958 ns, Reaching safepoint: 3375584 ns, At safepoint: 85625 ns, Total: 3461209 ns
[2023-07-18T09:31:21.369+0000][1][safepoint    ] Safepoint "Cleanup", Time since last: 1003201292 ns, Reaching safepoint: 4311917 ns, At safepoint: 265958 ns, Total: 4577875 ns
[2023-07-18T09:31:22.375+0000][1][safepoint    ] Safepoint "Cleanup", Time since last: 1001420750 ns, Reaching safepoint: 4513209 ns, At safepoint: 141958 ns, Total: 4655167 ns
[2023-07-18T09:31:23.382+0000][1][safepoint    ] Safepoint "Cleanup", Time since last: 1003618959 ns, Reaching safepoint: 3204000 ns, At safepoint: 86708 ns, Total: 3290708 ns
[2023-07-18T09:31:24.384+0000][1][safepoint    ] Safepoint "Cleanup", Time since last: 1002011876 ns, Reaching safepoint: 740916 ns, At safepoint: 17750 ns, Total: 758666 ns
[2023-07-18T09:31:25.389+0000][1][safepoint    ] Safepoint "Cleanup", Time since last: 1002136668 ns, Reaching safepoint: 2493750 ns, At safepoint: 52958 ns, Total: 2546708 ns
[2023-07-18T09:31:26.392+0000][1][safepoint    ] Safepoint "Cleanup", Time since last: 1001899500 ns, Reaching safepoint: 820125 ns, At safepoint: 17334 ns, Total: 837459 ns
[2023-07-18T09:31:27.395+0000][1][safepoint    ] Safepoint "Cleanup", Time since last: 1000515042 ns, Reaching safepoint: 2447291 ns, At safepoint: 88584 ns, Total: 2535875 ns
[2023-07-18T09:31:28.400+0000][1][safepoint    ] Safepoint "Cleanup", Time since last: 1001161000 ns, Reaching safepoint: 3998375 ns, At safepoint: 120667 ns, Total: 4119042 ns
[2023-07-18T09:31:29.406+0000][1][safepoint    ] Safepoint "Cleanup", Time since last: 1002008875 ns, Reaching safepoint: 4177542 ns, At safepoint: 103000 ns, Total: 4280542 ns
[2023-07-18T09:31:30.412+0000][1][safepoint    ] Safepoint "Cleanup", Time since last: 1001810667 ns, Reaching safepoint: 3263292 ns, At safepoint: 96958 ns, Total: 3360250 ns
[2023-07-18T09:31:31.418+0000][1][safepoint    ] Safepoint "Cleanup", Time since last: 1001454834 ns, Reaching safepoint: 4171000 ns, At safepoint: 718208 ns, Total: 4889208 ns
[2023-07-18T09:31:32.422+0000][1][safepoint    ] Safepoint "Cleanup", Time since last: 1001833543 ns, Reaching safepoint: 2241791 ns, At safepoint: 46209 ns, Total: 2288000 ns
[2023-07-18T09:31:33.428+0000][1][safepoint    ] Safepoint "Cleanup", Time since last: 1001681958 ns, Reaching safepoint: 3779667 ns, At safepoint: 96250 ns, Total: 3875917 ns
[2023-07-18T09:31:34.430+0000][1][safepoint    ] Safepoint "Cleanup", Time since last: 1001470417 ns, Reaching safepoint: 1235542 ns, At safepoint: 25125 ns, Total: 1260667 ns
[2023-07-18T09:31:35.432+0000][1][safepoint    ] Safepoint "Cleanup", Time since last: 1000620084 ns, Reaching safepoint: 819791 ns, At safepoint: 17834 ns, Total: 837625 ns
[2023-07-18T09:31:36.433+0000][1][safepoint    ] Safepoint "Cleanup", Time since last: 1000709542 ns, Reaching safepoint: 717250 ns, At safepoint: 15458 ns, Total: 732708 ns
[2023-07-18T09:31:37.436+0000][1][safepoint    ] Safepoint "Cleanup", Time since last: 1000548501 ns, Reaching safepoint: 2166708 ns, At safepoint: 188292 ns, Total: 2355000 ns
[2023-07-18T09:31:38.442+0000][1][safepoint    ] Safepoint "Cleanup", Time since last: 1001432542 ns, Reaching safepoint: 4155500 ns, At safepoint: 101875 ns, Total: 4257375 ns
[2023-07-18T09:31:39.449+0000][1][safepoint    ] Safepoint "Cleanup", Time since last: 1003697625 ns, Reaching safepoint: 3421917 ns, At safepoint: 274250 ns, Total: 3696167 ns
[2023-07-18T09:31:40.453+0000][1][safepoint    ] Safepoint "Cleanup", Time since last: 1001572459 ns, Reaching safepoint: 2626791 ns, At safepoint: 59250 ns, Total: 2686041 ns
[2023-07-18T09:31:41.461+0000][1][safepoint    ] Safepoint "Cleanup", Time since last: 1002588834 ns, Reaching safepoint: 4976084 ns, At safepoint: 105958 ns, Total: 5082042 ns
[2023-07-18T09:31:42.464+0000][1][safepoint    ] Safepoint "Cleanup", Time since last: 1001425042 ns, Reaching safepoint: 1560667 ns, At safepoint: 52791 ns, Total: 1613458 ns
[2023-07-18T09:31:43.466+0000][1][safepoint    ] Safepoint "Cleanup", Time since last: 1001205709 ns, Reaching safepoint: 754333 ns, At safepoint: 16084 ns, Total: 770417 ns
[2023-07-18T09:31:44.469+0000][1][safepoint    ] Safepoint "Cleanup", Time since last: 1001256250 ns, Reaching safepoint: 1540375 ns, At safepoint: 29459 ns, Total: 1569834 ns
[2023-07-18T09:31:45.475+0000][1][safepoint    ] Safepoint "Cleanup", Time since last: 1002943667 ns, Reaching safepoint: 2949791 ns, At safepoint: 67459 ns, Total: 3017250 ns
[2023-07-18T09:31:46.477+0000][1][safepoint    ] Safepoint "Cleanup", Time since last: 1001115125 ns, Reaching safepoint: 730500 ns, At safepoint: 18417 ns, Total: 748917 ns
[2023-07-18T09:31:48.383+0000][1][safepoint    ] Safepoint "Cleanup", Time since last: 1904828959 ns, Reaching safepoint: 1982416 ns, At safepoint: 296334 ns, Total: 2278750 ns
[2023-07-18T09:31:49.387+0000][1][safepoint    ] Safepoint "Cleanup", Time since last: 1001640333 ns, Reaching safepoint: 2060167 ns, At safepoint: 50958 ns, Total: 2111125 ns
[2023-07-18T09:31:50.392+0000][1][safepoint    ] Safepoint "Cleanup", Time since last: 1001031584 ns, Reaching safepoint: 3359458 ns, At safepoint: 108292 ns, Total: 3467750 ns
[2023-07-18T09:31:51.397+0000][1][safepoint    ] Safepoint "Cleanup", Time since last: 1001272542 ns, Reaching safepoint: 3444917 ns, At safepoint: 70583 ns, Total: 3515500 ns
[2023-07-18T09:31:52.402+0000][1][safepoint    ] Safepoint "Cleanup", Time since last: 1001343209 ns, Reaching safepoint: 3932000 ns, At safepoint: 167333 ns, Total: 4099333 ns
[2023-07-18T09:31:53.406+0000][1][safepoint    ] Safepoint "Cleanup", Time since last: 1001705334 ns, Reaching safepoint: 2097542 ns, At safepoint: 117333 ns, Total: 2214875 ns
[2023-07-18T09:31:54.408+0000][1][safepoint    ] Safepoint "Cleanup", Time since last: 1000926459 ns, Reaching safepoint: 724333 ns, At safepoint: 15084 ns, Total: 739417 ns
[2023-07-18T09:31:55.409+0000][1][safepoint    ] Safepoint "Cleanup", Time since last: 1000360084 ns, Reaching safepoint: 667416 ns, At safepoint: 18417 ns, Total: 685833 ns
[2023-07-18T09:31:56.411+0000][1][safepoint    ] Safepoint "Cleanup", Time since last: 1000693542 ns, Reaching safepoint: 1717167 ns, At safepoint: 42000 ns, Total: 1759167 ns
[2023-07-18T09:31:57.417+0000][1][safepoint    ] Safepoint "Cleanup", Time since last: 1001776417 ns, Reaching safepoint: 4398000 ns, At safepoint: 151541 ns, Total: 4549541 ns
[2023-07-18T09:31:58.422+0000][1][safepoint    ] Safepoint "Cleanup", Time since last: 1001784209 ns, Reaching safepoint: 2828459 ns, At safepoint: 67708 ns, Total: 2896167 ns
[2023-07-18T09:31:59.426+0000][1][safepoint    ] Safepoint "Cleanup", Time since last: 1001514250 ns, Reaching safepoint: 2020584 ns, At safepoint: 79500 ns, Total: 2100084 ns
[2023-07-18T09:32:00.431+0000][1][safepoint    ] Safepoint "Cleanup", Time since last: 1001031709 ns, Reaching safepoint: 4609583 ns, At safepoint: 142625 ns, Total: 4752208 ns
[2023-07-18T09:32:01.438+0000][1][safepoint    ] Safepoint "Cleanup", Time since last: 1002387667 ns, Reaching safepoint: 3713250 ns, At safepoint: 70500 ns, Total: 3783750 ns
[2023-07-18T09:32:02.443+0000][1][safepoint    ] Safepoint "Cleanup", Time since last: 1001365334 ns, Reaching safepoint: 3931875 ns, At safepoint: 70458 ns, Total: 4002333 ns
[2023-07-18T09:32:03.446+0000][1][safepoint    ] Safepoint "Cleanup", Time since last: 1001363751 ns, Reaching safepoint: 1719541 ns, At safepoint: 41500 ns, Total: 1761041 ns
[2023-07-18T09:32:04.211+0000][1][safepoint    ] Safepoint "RevokeBias", Time since last: 763163209 ns, Reaching safepoint: 1501167 ns, At safepoint: 295208 ns, Total: 1796375 ns
[2023-07-18T09:32:05.278+0000][1][safepoint    ] Safepoint "Cleanup", Time since last: 1063183667 ns, Reaching safepoint: 4061709 ns, At safepoint: 142125 ns, Total: 4203834 ns
[2023-07-18T09:32:06.283+0000][1][safepoint    ] Safepoint "Cleanup", Time since last: 1001438792 ns, Reaching safepoint: 2732375 ns, At safepoint: 132416 ns, Total: 2864791 ns
[2023-07-18T09:32:07.288+0000][1][safepoint    ] Safepoint "Cleanup", Time since last: 1001180334 ns, Reaching safepoint: 3455709 ns, At safepoint: 109041 ns, Total: 3564750 ns
[2023-07-18T09:32:08.298+0000][1][safepoint    ] Safepoint "Cleanup", Time since last: 1007087667 ns, Reaching safepoint: 3431084 ns, At safepoint: 103125 ns, Total: 3534209 ns
[2023-07-18T09:32:08.422+0000][1][safepoint    ] Safepoint "RevokeBias", Time since last: 122970541 ns, Reaching safepoint: 944792 ns, At safepoint: 272333 ns, Total: 1217125 ns
[2023-07-18T09:32:08.438+0000][1][safepoint    ] Safepoint "RevokeBias", Time since last: 14720417 ns, Reaching safepoint: 1037208 ns, At safepoint: 349709 ns, Total: 1386917 ns
[2023-07-18T09:32:08.481+0000][1][safepoint    ] Safepoint "RevokeBias", Time since last: 40842583 ns, Reaching safepoint: 1164667 ns, At safepoint: 174375 ns, Total: 1339042 ns
[2023-07-18T09:32:08.481+0000][1][safepoint    ] Safepoint "RevokeBias", Time since last: 508625 ns, Reaching safepoint: 375583 ns, At safepoint: 50750 ns, Total: 426333 ns
[2023-07-18T09:32:09.490+0000][1][safepoint    ] Safepoint "Cleanup", Time since last: 1003106542 ns, Reaching safepoint: 4753584 ns, At safepoint: 134625 ns, Total: 4888209 ns
[2023-07-18T09:32:10.495+0000][1][safepoint    ] Safepoint "Cleanup", Time since last: 1002000042 ns, Reaching safepoint: 3643541 ns, At safepoint: 90917 ns, Total: 3734458 ns
[2023-07-18T09:32:11.500+0000][1][safepoint    ] Safepoint "Cleanup", Time since last: 1000893584 ns, Reaching safepoint: 3701333 ns, At safepoint: 134875 ns, Total: 3836208 ns
[2023-07-18T09:32:12.505+0000][1][safepoint    ] Safepoint "Cleanup", Time since last: 1001678876 ns, Reaching safepoint: 2834250 ns, At safepoint: 74541 ns, Total: 2908791 ns
[2023-07-18T09:32:13.507+0000][1][safepoint    ] Safepoint "Cleanup", Time since last: 1001001084 ns, Reaching safepoint: 1806375 ns, At safepoint: 42250 ns, Total: 1848625 ns
[2023-07-18T09:32:14.510+0000][1][safepoint    ] Safepoint "Cleanup", Time since last: 1001742876 ns, Reaching safepoint: 1274333 ns, At safepoint: 28292 ns, Total: 1302625 ns
[2023-07-18T09:32:15.517+0000][1][safepoint    ] Safepoint "Cleanup", Time since last: 1002507417 ns, Reaching safepoint: 3910375 ns, At safepoint: 138416 ns, Total: 4048791 ns
[2023-07-18T09:32:16.522+0000][1][safepoint    ] Safepoint "Cleanup", Time since last: 1001484709 ns, Reaching safepoint: 2491709 ns, At safepoint: 189791 ns, Total: 2681500 ns
[2023-07-18T09:32:17.530+0000][1][safepoint    ] Safepoint "Cleanup", Time since last: 1003901042 ns, Reaching safepoint: 4369167 ns, At safepoint: 98542 ns, Total: 4467709 ns
[2023-07-18T09:32:18.539+0000][1][safepoint    ] Safepoint "Cleanup", Time since last: 1005094999 ns, Reaching safepoint: 4459709 ns, At safepoint: 106458 ns, Total: 4566167 ns
[2023-07-18T09:32:19.546+0000][1][safepoint    ] Safepoint "Cleanup", Time since last: 1002095125 ns, Reaching safepoint: 4249834 ns, At safepoint: 92458 ns, Total: 4342292 ns
[2023-07-18T09:32:20.555+0000][1][safepoint    ] Safepoint "Cleanup", Time since last: 1004877792 ns, Reaching safepoint: 3923334 ns, At safepoint: 217125 ns, Total: 4140459 ns
[2023-07-18T09:32:21.559+0000][1][safepoint    ] Safepoint "Cleanup", Time since last: 1002284042 ns, Reaching safepoint: 2131791 ns, At safepoint: 56750 ns, Total: 2188541 ns
[2023-07-18T09:32:22.565+0000][1][safepoint    ] Safepoint "Cleanup", Time since last: 1001214126 ns, Reaching safepoint: 4009333 ns, At safepoint: 155708 ns, Total: 4165041 ns
[2023-07-18T09:32:23.570+0000][1][safepoint    ] Safepoint "Cleanup", Time since last: 1002010043 ns, Reaching safepoint: 3248791 ns, At safepoint: 84292 ns, Total: 3333083 ns
[2023-07-18T09:32:24.573+0000][1][safepoint    ] Safepoint "Cleanup", Time since last: 1001727542 ns, Reaching safepoint: 1223708 ns, At safepoint: 24875 ns, Total: 1248583 ns
[2023-07-18T09:32:25.576+0000][1][safepoint    ] Safepoint "Cleanup", Time since last: 1000779626 ns, Reaching safepoint: 2467208 ns, At safepoint: 62459 ns, Total: 2529667 ns
[2023-07-18T09:32:26.188+0000][1][gc,start     ] GC(53) Pause Young (Allocation Failure)
[2023-07-18T09:32:26.192+0000][1][gc,task      ] GC(53) Using 4 workers of 4 for evacuation
[2023-07-18T09:32:26.234+0000][1][gc,age       ] GC(53) Desired survivor size 8945664 bytes, new threshold 6 (max threshold 6)
[2023-07-18T09:32:26.235+0000][1][gc,age       ] GC(53) Age table with threshold 6 (max threshold 6)
[2023-07-18T09:32:26.235+0000][1][gc,age       ] GC(53) - age   1:     100176 bytes,     100176 total
[2023-07-18T09:32:26.235+0000][1][gc,age       ] GC(53) - age   2:        440 bytes,     100616 total
[2023-07-18T09:32:26.235+0000][1][gc,age       ] GC(53) - age   3:       1560 bytes,     102176 total
[2023-07-18T09:32:26.235+0000][1][gc,age       ] GC(53) - age   4:       5520 bytes,     107696 total
[2023-07-18T09:32:26.235+0000][1][gc,age       ] GC(53) - age   5:       2544 bytes,     110240 total
[2023-07-18T09:32:26.235+0000][1][gc,age       ] GC(53) - age   6:        704 bytes,     110944 total
[2023-07-18T09:32:26.237+0000][1][gc,heap      ] GC(53) ParNew: 139929K->146K(157248K)
[2023-07-18T09:32:26.237+0000][1][gc,heap      ] GC(53) CMS: 71485K->71486K(349568K)
[2023-07-18T09:32:26.237+0000][1][gc,metaspace ] GC(53) Metaspace: 91219K->91219K(1132544K)
[2023-07-18T09:32:26.238+0000][1][gc           ] GC(53) Pause Young (Allocation Failure) 206M->69M(494M) 50.855ms
[2023-07-18T09:32:26.238+0000][1][gc,cpu       ] GC(53) User=0.09s Sys=0.02s Real=0.05s
[2023-07-18T09:32:26.239+0000][1][safepoint    ] Safepoint "GenCollectForAllocation", Time since last: 607966042 ns, Reaching safepoint: 1481125 ns, At safepoint: 52982583 ns, Total: 54463708 ns
[2023-07-18T09:32:27.243+0000][1][safepoint    ] Safepoint "Cleanup", Time since last: 1001760084 ns, Reaching safepoint: 2451833 ns, At safepoint: 65833 ns, Total: 2517666 ns
[2023-07-18T09:32:28.251+0000][1][safepoint    ] Safepoint "Cleanup", Time since last: 1003644334 ns, Reaching safepoint: 4220042 ns, At safepoint: 88500 ns, Total: 4308542 ns
[2023-07-18T09:32:29.256+0000][1][safepoint    ] Safepoint "Cleanup", Time since last: 1002883084 ns, Reaching safepoint: 2607083 ns, At safepoint: 81667 ns, Total: 2688750 ns
[2023-07-18T09:32:30.262+0000][1][safepoint    ] Safepoint "Cleanup", Time since last: 1001497542 ns, Reaching safepoint: 4256417 ns, At safepoint: 88208 ns, Total: 4344625 ns
[2023-07-18T09:32:31.270+0000][1][safepoint    ] Safepoint "Cleanup", Time since last: 1005370625 ns, Reaching safepoint: 1986834 ns, At safepoint: 64250 ns, Total: 2051084 ns
[2023-07-18T09:32:32.275+0000][1][safepoint    ] Safepoint "Cleanup", Time since last: 1001336500 ns, Reaching safepoint: 4134917 ns, At safepoint: 109916 ns, Total: 4244833 ns
[2023-07-18T09:32:33.280+0000][1][safepoint    ] Safepoint "Cleanup", Time since last: 1001471668 ns, Reaching safepoint: 3051291 ns, At safepoint: 183959 ns, Total: 3235250 ns
[2023-07-18T09:32:34.283+0000][1][safepoint    ] Safepoint "Cleanup", Time since last: 1001145042 ns, Reaching safepoint: 1950875 ns, At safepoint: 20875 ns, Total: 1971750 ns
[2023-07-18T09:32:35.286+0000][1][safepoint    ] Safepoint "Cleanup", Time since last: 1000612167 ns, Reaching safepoint: 1929833 ns, At safepoint: 49459 ns, Total: 1979292 ns
[2023-07-18T09:32:36.289+0000][1][safepoint    ] Safepoint "Cleanup", Time since last: 1000973542 ns, Reaching safepoint: 1936958 ns, At safepoint: 38000 ns, Total: 1974958 ns
[2023-07-18T09:32:37.294+0000][1][safepoint    ] Safepoint "Cleanup", Time since last: 1001662542 ns, Reaching safepoint: 3707834 ns, At safepoint: 95541 ns, Total: 3803375 ns
[2023-07-18T09:32:38.299+0000][1][safepoint    ] Safepoint "Cleanup", Time since last: 1001750542 ns, Reaching safepoint: 2927709 ns, At safepoint: 103333 ns, Total: 3031042 ns
[2023-07-18T09:32:39.304+0000][1][safepoint    ] Safepoint "Cleanup", Time since last: 1001936667 ns, Reaching safepoint: 3240583 ns, At safepoint: 80750 ns, Total: 3321333 ns
[2023-07-18T09:32:40.308+0000][1][safepoint    ] Safepoint "Cleanup", Time since last: 1001935501 ns, Reaching safepoint: 2282708 ns, At safepoint: 70417 ns, Total: 2353125 ns
[2023-07-18T09:32:41.311+0000][1][safepoint    ] Safepoint "Cleanup", Time since last: 1001427584 ns, Reaching safepoint: 1287708 ns, At safepoint: 33000 ns, Total: 1320708 ns
[2023-07-18T09:32:42.314+0000][1][safepoint    ] Safepoint "Cleanup", Time since last: 1000573251 ns, Reaching safepoint: 2458583 ns, At safepoint: 70750 ns, Total: 2529333 ns
[2023-07-18T09:32:43.320+0000][1][safepoint    ] Safepoint "Cleanup", Time since last: 1001608250 ns, Reaching safepoint: 3811375 ns, At safepoint: 97584 ns, Total: 3908959 ns
[2023-07-18T09:32:44.211+0000][1][safepoint    ] Safepoint "BulkRevokeBias", Time since last: 885783875 ns, Reaching safepoint: 1773583 ns, At safepoint: 3662542 ns, Total: 5436125 ns
[2023-07-18T09:32:45.212+0000][1][safepoint    ] Safepoint "Cleanup", Time since last: 1000482209 ns, Reaching safepoint: 956917 ns, At safepoint: 13875 ns, Total: 970792 ns
[2023-07-18T09:32:46.250+0000][1][safepoint    ] Safepoint "Cleanup", Time since last: 1034043708 ns, Reaching safepoint: 3191084 ns, At safepoint: 88583 ns, Total: 3279667 ns
[2023-07-18T09:32:47.256+0000][1][safepoint    ] Safepoint "Cleanup", Time since last: 1001516876 ns, Reaching safepoint: 4753208 ns, At safepoint: 107708 ns, Total: 4860916 ns
[2023-07-18T09:32:48.261+0000][1][safepoint    ] Safepoint "Cleanup", Time since last: 1002493334 ns, Reaching safepoint: 2166958 ns, At safepoint: 32083 ns, Total: 2199041 ns
[2023-07-18T09:32:49.266+0000][1][safepoint    ] Safepoint "Cleanup", Time since last: 1001066918 ns, Reaching safepoint: 3981833 ns, At safepoint: 137708 ns, Total: 4119541 ns
[2023-07-18T09:32:50.271+0000][1][safepoint    ] Safepoint "Cleanup", Time since last: 1002150209 ns, Reaching safepoint: 3375958 ns, At safepoint: 89459 ns, Total: 3465417 ns
[2023-07-18T09:32:51.276+0000][1][safepoint    ] Safepoint "Cleanup", Time since last: 1001464500 ns, Reaching safepoint: 2944209 ns, At safepoint: 91000 ns, Total: 3035209 ns
[2023-07-18T09:32:52.281+0000][1][safepoint    ] Safepoint "Cleanup", Time since last: 1003070708 ns, Reaching safepoint: 2443375 ns, At safepoint: 62750 ns, Total: 2506125 ns
[2023-07-18T09:32:53.284+0000][1][safepoint    ] Safepoint "Cleanup", Time since last: 1001442501 ns, Reaching safepoint: 1073583 ns, At safepoint: 23375 ns, Total: 1096958 ns
[2023-07-18T09:32:54.286+0000][1][safepoint    ] Safepoint "Cleanup", Time since last: 1000756167 ns, Reaching safepoint: 1244625 ns, At safepoint: 28125 ns, Total: 1272750 ns
[2023-07-18T09:32:55.291+0000][1][safepoint    ] Safepoint "Cleanup", Time since last: 1002263042 ns, Reaching safepoint: 2607542 ns, At safepoint: 112542 ns, Total: 2720084 ns
[2023-07-18T09:32:56.295+0000][1][safepoint    ] Safepoint "Cleanup", Time since last: 1001329209 ns, Reaching safepoint: 2717583 ns, At safepoint: 68000 ns, Total: 2785583 ns
[2023-07-18T09:32:57.300+0000][1][safepoint    ] Safepoint "Cleanup", Time since last: 1001256834 ns, Reaching safepoint: 3874166 ns, At safepoint: 130125 ns, Total: 4004291 ns
[2023-07-18T09:32:58.304+0000][1][safepoint    ] Safepoint "Cleanup", Time since last: 1001124668 ns, Reaching safepoint: 2481583 ns, At safepoint: 66417 ns, Total: 2548000 ns
[2023-07-18T09:32:59.308+0000][1][safepoint    ] Safepoint "Cleanup", Time since last: 1001312042 ns, Reaching safepoint: 2615833 ns, At safepoint: 65208 ns, Total: 2681041 ns
[2023-07-18T09:33:00.313+0000][1][safepoint    ] Safepoint "Cleanup", Time since last: 1001358084 ns, Reaching safepoint: 3217292 ns, At safepoint: 64292 ns, Total: 3281584 ns
[2023-07-18T09:33:01.320+0000][1][safepoint    ] Safepoint "Cleanup", Time since last: 1003339000 ns, Reaching safepoint: 3603333 ns, At safepoint: 88500 ns, Total: 3691833 ns
[2023-07-18T09:33:02.331+0000][1][safepoint    ] Safepoint "Cleanup", Time since last: 1001604792 ns, Reaching safepoint: 9552000 ns, At safepoint: 87084 ns, Total: 9639084 ns
[2023-07-18T09:33:03.339+0000][1][safepoint    ] Safepoint "Cleanup", Time since last: 1005123542 ns, Reaching safepoint: 3020750 ns, At safepoint: 40208 ns, Total: 3060958 ns
[2023-07-18T09:33:04.208+0000][1][safepoint    ] Safepoint "RevokeBias", Time since last: 865327667 ns, Reaching safepoint: 2273875 ns, At safepoint: 967792 ns, Total: 3241667 ns
[2023-07-18T09:33:05.211+0000][1][safepoint    ] Safepoint "Cleanup", Time since last: 1000620959 ns, Reaching safepoint: 2376167 ns, At safepoint: 38583 ns, Total: 2414750 ns
[2023-07-18T09:33:06.215+0000][1][safepoint    ] Safepoint "Cleanup", Time since last: 1000627250 ns, Reaching safepoint: 3319959 ns, At safepoint: 98583 ns, Total: 3418542 ns
[2023-07-18T09:33:07.218+0000][1][safepoint    ] Safepoint "Cleanup", Time since last: 1001251750 ns, Reaching safepoint: 2330709 ns, At safepoint: 33458 ns, Total: 2364167 ns
[2023-07-18T09:33:08.220+0000][1][safepoint    ] Safepoint "Cleanup", Time since last: 1000499709 ns, Reaching safepoint: 1481667 ns, At safepoint: 29250 ns, Total: 1510917 ns
[2023-07-18T09:33:09.224+0000][1][safepoint    ] Safepoint "Cleanup", Time since last: 1000685500 ns, Reaching safepoint: 2891208 ns, At safepoint: 67667 ns, Total: 2958875 ns
[2023-07-18T09:33:09.416+0000][1][safepoint    ] Safepoint "RevokeBias", Time since last: 191153542 ns, Reaching safepoint: 1169042 ns, At safepoint: 132666 ns, Total: 1301708 ns
[2023-07-18T09:33:09.425+0000][1][safepoint    ] Safepoint "RevokeBias", Time since last: 6583459 ns, Reaching safepoint: 1302791 ns, At safepoint: 195334 ns, Total: 1498125 ns
[2023-07-18T09:33:09.429+0000][1][safepoint    ] Safepoint "RevokeBias", Time since last: 3268208 ns, Reaching safepoint: 870542 ns, At safepoint: 202958 ns, Total: 1073500 ns
[2023-07-18T09:33:09.485+0000][1][safepoint    ] Safepoint "RevokeBias", Time since last: 55438542 ns, Reaching safepoint: 898166 ns, At safepoint: 83000 ns, Total: 981166 ns
[2023-07-18T09:33:09.490+0000][1][safepoint    ] Safepoint "RevokeBias", Time since last: 3176875 ns, Reaching safepoint: 1418584 ns, At safepoint: 82666 ns, Total: 1501250 ns
[2023-07-18T09:33:10.495+0000][1][safepoint    ] Safepoint "Cleanup", Time since last: 1001006334 ns, Reaching safepoint: 4156958 ns, At safepoint: 96750 ns, Total: 4253708 ns
[2023-07-18T09:33:11.499+0000][1][safepoint    ] Safepoint "Cleanup", Time since last: 1001884334 ns, Reaching safepoint: 1403750 ns, At safepoint: 28000 ns, Total: 1431750 ns
[2023-07-18T09:33:12.502+0000][1][safepoint    ] Safepoint "Cleanup", Time since last: 1001450751 ns, Reaching safepoint: 1952208 ns, At safepoint: 52125 ns, Total: 2004333 ns
[2023-07-18T09:33:13.505+0000][1][safepoint    ] Safepoint "Cleanup", Time since last: 1001248709 ns, Reaching safepoint: 1765791 ns, At safepoint: 38292 ns, Total: 1804083 ns
[2023-07-18T09:33:14.202+0000][1][safepoint    ] Safepoint "RevokeBias", Time since last: 695176625 ns, Reaching safepoint: 1543084 ns, At safepoint: 390208 ns, Total: 1933292 ns
[2023-07-18T09:33:15.204+0000][1][safepoint    ] Safepoint "Cleanup", Time since last: 1000431501 ns, Reaching safepoint: 1447291 ns, At safepoint: 42334 ns, Total: 1489625 ns
[2023-07-18T09:33:16.207+0000][1][safepoint    ] Safepoint "Cleanup", Time since last: 1000634083 ns, Reaching safepoint: 2116084 ns, At safepoint: 39833 ns, Total: 2155917 ns
[2023-07-18T09:33:17.212+0000][1][safepoint    ] Safepoint "Cleanup", Time since last: 1001134626 ns, Reaching safepoint: 3631833 ns, At safepoint: 62750 ns, Total: 3694583 ns
[2023-07-18T09:33:18.216+0000][1][safepoint    ] Safepoint "Cleanup", Time since last: 1001094667 ns, Reaching safepoint: 3473583 ns, At safepoint: 82833 ns, Total: 3556416 ns
[2023-07-18T09:33:19.221+0000][1][safepoint    ] Safepoint "Cleanup", Time since last: 1001355876 ns, Reaching safepoint: 2933375 ns, At safepoint: 76000 ns, Total: 3009375 ns
[2023-07-18T09:33:20.226+0000][1][safepoint    ] Safepoint "Cleanup", Time since last: 1002643292 ns, Reaching safepoint: 2839625 ns, At safepoint: 64417 ns, Total: 2904042 ns
[2023-07-18T09:33:21.231+0000][1][safepoint    ] Safepoint "Cleanup", Time since last: 1003364417 ns, Reaching safepoint: 1779792 ns, At safepoint: 30625 ns, Total: 1810417 ns
[2023-07-18T09:33:22.235+0000][1][safepoint    ] Safepoint "Cleanup", Time since last: 1000992125 ns, Reaching safepoint: 2302458 ns, At safepoint: 45625 ns, Total: 2348083 ns
[2023-07-18T09:33:23.240+0000][1][safepoint    ] Safepoint "Cleanup", Time since last: 1001530834 ns, Reaching safepoint: 3862542 ns, At safepoint: 87875 ns, Total: 3950417 ns
[2023-07-18T09:33:24.211+0000][1][safepoint    ] Safepoint "RevokeBias", Time since last: 969722542 ns, Reaching safepoint: 1368083 ns, At safepoint: 115334 ns, Total: 1483417 ns
[2023-07-18T09:33:25.213+0000][1][safepoint    ] Safepoint "Cleanup", Time since last: 1000501125 ns, Reaching safepoint: 1099708 ns, At safepoint: 34375 ns, Total: 1134083 ns
[2023-07-18T09:33:26.218+0000][1][safepoint    ] Safepoint "Cleanup", Time since last: 1000936376 ns, Reaching safepoint: 3909292 ns, At safepoint: 75750 ns, Total: 3985042 ns
[2023-07-18T09:33:27.222+0000][1][safepoint    ] Safepoint "Cleanup", Time since last: 1001878000 ns, Reaching safepoint: 2039625 ns, At safepoint: 50000 ns, Total: 2089625 ns
[2023-07-18T09:33:28.225+0000][1][safepoint    ] Safepoint "Cleanup", Time since last: 1001122084 ns, Reaching safepoint: 1682250 ns, At safepoint: 58875 ns, Total: 1741125 ns
[2023-07-18T09:33:29.228+0000][1][safepoint    ] Safepoint "Cleanup", Time since last: 1001291417 ns, Reaching safepoint: 2087042 ns, At safepoint: 51041 ns, Total: 2138083 ns
[2023-07-18T09:33:30.235+0000][1][safepoint    ] Safepoint "Cleanup", Time since last: 1003206917 ns, Reaching safepoint: 3356584 ns, At safepoint: 84166 ns, Total: 3440750 ns
[2023-07-18T09:33:31.240+0000][1][safepoint    ] Safepoint "Cleanup", Time since last: 1001196334 ns, Reaching safepoint: 3524792 ns, At safepoint: 87333 ns, Total: 3612125 ns
[2023-07-18T09:33:32.243+0000][1][safepoint    ] Safepoint "Cleanup", Time since last: 1001135959 ns, Reaching safepoint: 2527583 ns, At safepoint: 46875 ns, Total: 2574458 ns
[2023-07-18T09:33:33.249+0000][1][safepoint    ] Safepoint "Cleanup", Time since last: 1001810251 ns, Reaching safepoint: 4220167 ns, At safepoint: 82416 ns, Total: 4302583 ns
[2023-07-18T09:33:34.252+0000][1][safepoint    ] Safepoint "Cleanup", Time since last: 1001430709 ns, Reaching safepoint: 1562250 ns, At safepoint: 23167 ns, Total: 1585417 ns
[2023-07-18T09:33:35.261+0000][1][safepoint    ] Safepoint "Cleanup", Time since last: 1004602709 ns, Reaching safepoint: 4120583 ns, At safepoint: 92500 ns, Total: 4213083 ns
[2023-07-18T09:33:36.266+0000][1][safepoint    ] Safepoint "Cleanup", Time since last: 1001911084 ns, Reaching safepoint: 2907041 ns, At safepoint: 63000 ns, Total: 2970041 ns
[2023-07-18T09:33:37.273+0000][1][safepoint    ] Safepoint "Cleanup", Time since last: 1003017334 ns, Reaching safepoint: 4075250 ns, At safepoint: 78334 ns, Total: 4153584 ns
[2023-07-18T09:33:38.278+0000][1][safepoint    ] Safepoint "Cleanup", Time since last: 1001317500 ns, Reaching safepoint: 3197083 ns, At safepoint: 84959 ns, Total: 3282042 ns
[2023-07-18T09:33:39.283+0000][1][safepoint    ] Safepoint "Cleanup", Time since last: 1001328833 ns, Reaching safepoint: 3412542 ns, At safepoint: 119375 ns, Total: 3531917 ns
[2023-07-18T09:33:40.287+0000][1][safepoint    ] Safepoint "Cleanup", Time since last: 1001142042 ns, Reaching safepoint: 2622334 ns, At safepoint: 59000 ns, Total: 2681334 ns
[2023-07-18T09:33:41.291+0000][1][safepoint    ] Safepoint "Cleanup", Time since last: 1001165833 ns, Reaching safepoint: 3450584 ns, At safepoint: 116875 ns, Total: 3567459 ns
[2023-07-18T09:33:42.302+0000][1][safepoint    ] Safepoint "Cleanup", Time since last: 1004724417 ns, Reaching safepoint: 5844167 ns, At safepoint: 99583 ns, Total: 5943750 ns
[2023-07-18T09:33:43.307+0000][1][safepoint    ] Safepoint "Cleanup", Time since last: 1001808750 ns, Reaching safepoint: 2793875 ns, At safepoint: 91792 ns, Total: 2885667 ns
[2023-07-18T09:33:44.312+0000][1][safepoint    ] Safepoint "Cleanup", Time since last: 1003061084 ns, Reaching safepoint: 1858958 ns, At safepoint: 28084 ns, Total: 1887042 ns
[2023-07-18T09:33:45.316+0000][1][safepoint    ] Safepoint "Cleanup", Time since last: 1000514125 ns, Reaching safepoint: 3850625 ns, At safepoint: 97208 ns, Total: 3947833 ns
[2023-07-18T09:33:46.320+0000][1][safepoint    ] Safepoint "Cleanup", Time since last: 1001060042 ns, Reaching safepoint: 3161375 ns, At safepoint: 76375 ns, Total: 3237750 ns
[2023-07-18T09:33:47.325+0000][1][safepoint    ] Safepoint "Cleanup", Time since last: 1001457168 ns, Reaching safepoint: 2845833 ns, At safepoint: 84375 ns, Total: 2930208 ns
[2023-07-18T09:33:48.328+0000][1][safepoint    ] Safepoint "Cleanup", Time since last: 1001120250 ns, Reaching safepoint: 2578875 ns, At safepoint: 76291 ns, Total: 2655166 ns
[2023-07-18T09:33:49.332+0000][1][safepoint    ] Safepoint "Cleanup", Time since last: 1001538584 ns, Reaching safepoint: 2077042 ns, At safepoint: 60667 ns, Total: 2137709 ns
[2023-07-18T09:33:50.335+0000][1][safepoint    ] Safepoint "Cleanup", Time since last: 1001407500 ns, Reaching safepoint: 1941292 ns, At safepoint: 57875 ns, Total: 1999167 ns
[2023-07-18T09:33:51.340+0000][1][safepoint    ] Safepoint "Cleanup", Time since last: 1000979959 ns, Reaching safepoint: 3494875 ns, At safepoint: 87875 ns, Total: 3582750 ns
[2023-07-18T09:33:52.344+0000][1][safepoint    ] Safepoint "Cleanup", Time since last: 1002988542 ns, Reaching safepoint: 881791 ns, At safepoint: 17584 ns, Total: 899375 ns
[2023-07-18T09:33:53.350+0000][1][safepoint    ] Safepoint "Cleanup", Time since last: 1002511125 ns, Reaching safepoint: 3260125 ns, At safepoint: 115500 ns, Total: 3375625 ns
[2023-07-18T09:33:54.219+0000][1][safepoint    ] Safepoint "RevokeBias", Time since last: 867203334 ns, Reaching safepoint: 1632917 ns, At safepoint: 197750 ns, Total: 1830667 ns
[2023-07-18T09:33:55.223+0000][1][safepoint    ] Safepoint "Cleanup", Time since last: 1000671083 ns, Reaching safepoint: 3695000 ns, At safepoint: 86542 ns, Total: 3781542 ns
[2023-07-18T09:33:56.229+0000][1][safepoint    ] Safepoint "Cleanup", Time since last: 1002531376 ns, Reaching safepoint: 2821458 ns, At safepoint: 78500 ns, Total: 2899958 ns
[2023-07-18T09:33:57.548+0000][1][safepoint    ] Safepoint "Cleanup", Time since last: 1317523084 ns, Reaching safepoint: 1470667 ns, At safepoint: 30500 ns, Total: 1501167 ns
[2023-07-18T09:33:58.552+0000][1][safepoint    ] Safepoint "Cleanup", Time since last: 1000786708 ns, Reaching safepoint: 3887834 ns, At safepoint: 75791 ns, Total: 3963625 ns
[2023-07-18T09:33:59.557+0000][1][safepoint    ] Safepoint "Cleanup", Time since last: 1001557251 ns, Reaching safepoint: 2570500 ns, At safepoint: 79666 ns, Total: 2650166 ns
[2023-07-18T09:34:00.560+0000][1][safepoint    ] Safepoint "Cleanup", Time since last: 1001109126 ns, Reaching safepoint: 2028000 ns, At safepoint: 49375 ns, Total: 2077375 ns
[2023-07-18T09:34:01.567+0000][1][safepoint    ] Safepoint "Cleanup", Time since last: 1000786334 ns, Reaching safepoint: 6196250 ns, At safepoint: 105916 ns, Total: 6302166 ns
[2023-07-18T09:34:02.574+0000][1][safepoint    ] Safepoint "Cleanup", Time since last: 1002843709 ns, Reaching safepoint: 3687959 ns, At safepoint: 93750 ns, Total: 3781709 ns
[2023-07-18T09:34:03.580+0000][1][safepoint    ] Safepoint "Cleanup", Time since last: 1002597625 ns, Reaching safepoint: 3829042 ns, At safepoint: 106208 ns, Total: 3935250 ns
[2023-07-18T09:34:04.585+0000][1][safepoint    ] Safepoint "Cleanup", Time since last: 1002563959 ns, Reaching safepoint: 1949917 ns, At safepoint: 35750 ns, Total: 1985667 ns
[2023-07-18T09:34:05.593+0000][1][safepoint    ] Safepoint "Cleanup", Time since last: 1004577875 ns, Reaching safepoint: 3743000 ns, At safepoint: 95875 ns, Total: 3838875 ns
[2023-07-18T09:34:06.599+0000][1][safepoint    ] Safepoint "Cleanup", Time since last: 1001791417 ns, Reaching safepoint: 4106792 ns, At safepoint: 148792 ns, Total: 4255584 ns
[2023-07-18T09:34:07.608+0000][1][safepoint    ] Safepoint "Cleanup", Time since last: 1004560292 ns, Reaching safepoint: 4513500 ns, At safepoint: 97041 ns, Total: 4610541 ns
[2023-07-18T09:34:08.614+0000][1][safepoint    ] Safepoint "Cleanup", Time since last: 1001882917 ns, Reaching safepoint: 4141334 ns, At safepoint: 100250 ns, Total: 4241584 ns
[2023-07-18T09:34:09.622+0000][1][safepoint    ] Safepoint "Cleanup", Time since last: 1002947292 ns, Reaching safepoint: 4314958 ns, At safepoint: 130375 ns, Total: 4445333 ns
[2023-07-18T09:34:10.423+0000][1][safepoint    ] Safepoint "RevokeBias", Time since last: 800070917 ns, Reaching safepoint: 1374959 ns, At safepoint: 158458 ns, Total: 1533417 ns
[2023-07-18T09:34:10.430+0000][1][safepoint    ] Safepoint "RevokeBias", Time since last: 5788375 ns, Reaching safepoint: 908792 ns, At safepoint: 99250 ns, Total: 1008042 ns
[2023-07-18T09:34:10.439+0000][1][safepoint    ] Safepoint "RevokeBias", Time since last: 7599375 ns, Reaching safepoint: 776333 ns, At safepoint: 100917 ns, Total: 877250 ns
[2023-07-18T09:34:10.462+0000][1][safepoint    ] Safepoint "RevokeBias", Time since last: 22102833 ns, Reaching safepoint: 858375 ns, At safepoint: 113167 ns, Total: 971542 ns
[2023-07-18T09:34:10.466+0000][1][safepoint    ] Safepoint "RevokeBias", Time since last: 3152291 ns, Reaching safepoint: 858917 ns, At safepoint: 80000 ns, Total: 938917 ns
[2023-07-18T09:34:11.472+0000][1][safepoint    ] Safepoint "Cleanup", Time since last: 1000620834 ns, Reaching safepoint: 4967292 ns, At safepoint: 136708 ns, Total: 5104000 ns
[2023-07-18T09:34:12.477+0000][1][safepoint    ] Safepoint "Cleanup", Time since last: 1001840417 ns, Reaching safepoint: 3730958 ns, At safepoint: 124792 ns, Total: 3855750 ns
[2023-07-18T09:34:13.486+0000][1][safepoint    ] Safepoint "Cleanup", Time since last: 1003655834 ns, Reaching safepoint: 4483083 ns, At safepoint: 134875 ns, Total: 4617958 ns
[2023-07-18T09:34:14.245+0000][1][safepoint    ] Safepoint "RevokeBias", Time since last: 757822084 ns, Reaching safepoint: 1914916 ns, At safepoint: 85375 ns, Total: 2000291 ns
[2023-07-18T09:34:15.567+0000][1][safepoint    ] Safepoint "Cleanup", Time since last: 1317629459 ns, Reaching safepoint: 3858209 ns, At safepoint: 119291 ns, Total: 3977500 ns
[2023-07-18T09:34:16.588+0000][1][safepoint    ] Safepoint "Cleanup", Time since last: 1006952668 ns, Reaching safepoint: 12009875 ns, At safepoint: 501333 ns, Total: 12511208 ns
[2023-07-18T09:34:17.597+0000][1][safepoint    ] Safepoint "Cleanup", Time since last: 1009352375 ns, Reaching safepoint: 819125 ns, At safepoint: 18834 ns, Total: 837959 ns
[2023-07-18T09:34:18.603+0000][1][safepoint    ] Safepoint "Cleanup", Time since last: 1000624499 ns, Reaching safepoint: 5067042 ns, At safepoint: 106792 ns, Total: 5173834 ns
[2023-07-18T09:34:19.609+0000][1][safepoint    ] Safepoint "Cleanup", Time since last: 1002122667 ns, Reaching safepoint: 4517666 ns, At safepoint: 97959 ns, Total: 4615625 ns
[2023-07-18T09:34:20.612+0000][1][safepoint    ] Safepoint "Cleanup", Time since last: 1001467917 ns, Reaching safepoint: 1639708 ns, At safepoint: 43584 ns, Total: 1683292 ns
[2023-07-18T09:34:21.618+0000][1][safepoint    ] Safepoint "Cleanup", Time since last: 1001498042 ns, Reaching safepoint: 3866333 ns, At safepoint: 144375 ns, Total: 4010708 ns
[2023-07-18T09:34:22.622+0000][1][safepoint    ] Safepoint "Cleanup", Time since last: 1001529417 ns, Reaching safepoint: 2328834 ns, At safepoint: 64083 ns, Total: 2392917 ns
[2023-07-18T09:34:23.626+0000][1][safepoint    ] Safepoint "Cleanup", Time since last: 1001324084 ns, Reaching safepoint: 2494500 ns, At safepoint: 68333 ns, Total: 2562833 ns
[2023-07-18T09:34:24.434+0000][1][gc,start     ] GC(54) Pause Young (Allocation Failure)
[2023-07-18T09:34:24.437+0000][1][gc,task      ] GC(54) Using 4 workers of 4 for evacuation
[2023-07-18T09:34:24.464+0000][1][gc,age       ] GC(54) Desired survivor size 8945664 bytes, new threshold 6 (max threshold 6)
[2023-07-18T09:34:24.464+0000][1][gc,age       ] GC(54) Age table with threshold 6 (max threshold 6)
[2023-07-18T09:34:24.464+0000][1][gc,age       ] GC(54) - age   1:     111216 bytes,     111216 total
[2023-07-18T09:34:24.465+0000][1][gc,age       ] GC(54) - age   2:       1936 bytes,     113152 total
[2023-07-18T09:34:24.465+0000][1][gc,age       ] GC(54) - age   3:        200 bytes,     113352 total
[2023-07-18T09:34:24.465+0000][1][gc,age       ] GC(54) - age   4:       1560 bytes,     114912 total
[2023-07-18T09:34:24.465+0000][1][gc,age       ] GC(54) - age   5:       5520 bytes,     120432 total
[2023-07-18T09:34:24.465+0000][1][gc,age       ] GC(54) - age   6:       2544 bytes,     122976 total
[2023-07-18T09:34:24.466+0000][1][gc,heap      ] GC(54) ParNew: 139922K->147K(157248K)
[2023-07-18T09:34:24.467+0000][1][gc,heap      ] GC(54) CMS: 71486K->71486K(349568K)
[2023-07-18T09:34:24.467+0000][1][gc,metaspace ] GC(54) Metaspace: 91231K->91231K(1132544K)
[2023-07-18T09:34:24.467+0000][1][gc           ] GC(54) Pause Young (Allocation Failure) 206M->69M(494M) 33.353ms
[2023-07-18T09:34:24.468+0000][1][gc,cpu       ] GC(54) User=0.06s Sys=0.02s Real=0.03s
[2023-07-18T09:34:24.468+0000][1][safepoint    ] Safepoint "GenCollectForAllocation", Time since last: 806720209 ns, Reaching safepoint: 1022708 ns, At safepoint: 34553000 ns, Total: 35575708 ns
[2023-07-18T09:34:25.473+0000][1][safepoint    ] Safepoint "Cleanup", Time since last: 1002282417 ns, Reaching safepoint: 2801417 ns, At safepoint: 79000 ns, Total: 2880417 ns
[2023-07-18T09:34:26.479+0000][1][safepoint    ] Safepoint "Cleanup", Time since last: 1001375709 ns, Reaching safepoint: 4034625 ns, At safepoint: 118250 ns, Total: 4152875 ns
[2023-07-18T09:34:27.485+0000][1][safepoint    ] Safepoint "Cleanup", Time since last: 1003684625 ns, Reaching safepoint: 2685334 ns, At safepoint: 119500 ns, Total: 2804834 ns
[2023-07-18T09:34:28.489+0000][1][safepoint    ] Safepoint "Cleanup", Time since last: 1000896875 ns, Reaching safepoint: 3107292 ns, At safepoint: 73625 ns, Total: 3180917 ns
[2023-07-18T09:34:29.495+0000][1][safepoint    ] Safepoint "Cleanup", Time since last: 1001378083 ns, Reaching safepoint: 3814667 ns, At safepoint: 123958 ns, Total: 3938625 ns
[2023-07-18T09:34:30.499+0000][1][safepoint    ] Safepoint "Cleanup", Time since last: 1001287709 ns, Reaching safepoint: 3310500 ns, At safepoint: 211417 ns, Total: 3521917 ns
[2023-07-18T09:34:31.506+0000][1][safepoint    ] Safepoint "Cleanup", Time since last: 1001657709 ns, Reaching safepoint: 4611708 ns, At safepoint: 169625 ns, Total: 4781333 ns
[2023-07-18T09:34:32.513+0000][1][safepoint    ] Safepoint "Cleanup", Time since last: 1003132709 ns, Reaching safepoint: 3578042 ns, At safepoint: 100208 ns, Total: 3678250 ns
[2023-07-18T09:34:33.517+0000][1][safepoint    ] Safepoint "Cleanup", Time since last: 1001213750 ns, Reaching safepoint: 3229084 ns, At safepoint: 105541 ns, Total: 3334625 ns
[2023-07-18T09:34:34.521+0000][1][safepoint    ] Safepoint "Cleanup", Time since last: 1002519751 ns, Reaching safepoint: 1239125 ns, At safepoint: 33250 ns, Total: 1272375 ns
[2023-07-18T09:34:35.524+0000][1][safepoint    ] Safepoint "Cleanup", Time since last: 1000998125 ns, Reaching safepoint: 2083625 ns, At safepoint: 68834 ns, Total: 2152459 ns
[2023-07-18T09:34:36.527+0000][1][safepoint    ] Safepoint "Cleanup", Time since last: 1000968917 ns, Reaching safepoint: 1898875 ns, At safepoint: 54333 ns, Total: 1953208 ns
[2023-07-18T09:34:37.533+0000][1][safepoint    ] Safepoint "Cleanup", Time since last: 1001190042 ns, Reaching safepoint: 4550792 ns, At safepoint: 437083 ns, Total: 4987875 ns
[2023-07-18T09:34:38.539+0000][1][safepoint    ] Safepoint "Cleanup", Time since last: 1003952001 ns, Reaching safepoint: 1942083 ns, At safepoint: 72000 ns, Total: 2014083 ns
[2023-07-18T09:34:39.545+0000][1][safepoint    ] Safepoint "Cleanup", Time since last: 1003282959 ns, Reaching safepoint: 2748792 ns, At safepoint: 82208 ns, Total: 2831000 ns
[2023-07-18T09:34:40.550+0000][1][safepoint    ] Safepoint "Cleanup", Time since last: 1001677625 ns, Reaching safepoint: 2632334 ns, At safepoint: 217625 ns, Total: 2849959 ns
[2023-07-18T09:34:41.553+0000][1][safepoint    ] Safepoint "Cleanup", Time since last: 1001854792 ns, Reaching safepoint: 1600167 ns, At safepoint: 54875 ns, Total: 1655042 ns
[2023-07-18T09:34:42.558+0000][1][safepoint    ] Safepoint "Cleanup", Time since last: 1001380042 ns, Reaching safepoint: 3424625 ns, At safepoint: 95000 ns, Total: 3519625 ns
[2023-07-18T09:34:43.561+0000][1][safepoint    ] Safepoint "Cleanup", Time since last: 1001207709 ns, Reaching safepoint: 1765708 ns, At safepoint: 77208 ns, Total: 1842916 ns
[2023-07-18T09:34:44.564+0000][1][safepoint    ] Safepoint "Cleanup", Time since last: 1000638001 ns, Reaching safepoint: 2196333 ns, At safepoint: 31583 ns, Total: 2227916 ns
[2023-07-18T09:34:45.858+0000][1][safepoint    ] Safepoint "Cleanup", Time since last: 1290894793 ns, Reaching safepoint: 2957166 ns, At safepoint: 98334 ns, Total: 3055500 ns
[2023-07-18T09:34:46.862+0000][1][safepoint    ] Safepoint "Cleanup", Time since last: 1001242875 ns, Reaching safepoint: 2149542 ns, At safepoint: 81000 ns, Total: 2230542 ns
[2023-07-18T09:34:47.866+0000][1][safepoint    ] Safepoint "Cleanup", Time since last: 1000969542 ns, Reaching safepoint: 3504250 ns, At safepoint: 119750 ns, Total: 3624000 ns
[2023-07-18T09:34:48.869+0000][1][safepoint    ] Safepoint "Cleanup", Time since last: 1001330958 ns, Reaching safepoint: 1706459 ns, At safepoint: 85208 ns, Total: 1791667 ns
[2023-07-18T09:34:49.874+0000][1][safepoint    ] Safepoint "Cleanup", Time since last: 1001276834 ns, Reaching safepoint: 4255833 ns, At safepoint: 105542 ns, Total: 4361375 ns
[2023-07-18T09:34:50.879+0000][1][safepoint    ] Safepoint "Cleanup", Time since last: 1002131667 ns, Reaching safepoint: 2245167 ns, At safepoint: 55458 ns, Total: 2300625 ns
[2023-07-18T09:34:51.882+0000][1][safepoint    ] Safepoint "Cleanup", Time since last: 1001438500 ns, Reaching safepoint: 1533375 ns, At safepoint: 52375 ns, Total: 1585750 ns
[2023-07-18T09:34:52.888+0000][1][safepoint    ] Safepoint "Cleanup", Time since last: 1001309418 ns, Reaching safepoint: 4192250 ns, At safepoint: 138083 ns, Total: 4330333 ns
[2023-07-18T09:34:53.891+0000][1][safepoint    ] Safepoint "Cleanup", Time since last: 1001407709 ns, Reaching safepoint: 2494791 ns, At safepoint: 67167 ns, Total: 2561958 ns
[2023-07-18T09:34:54.897+0000][1][safepoint    ] Safepoint "Cleanup", Time since last: 1001668209 ns, Reaching safepoint: 3450833 ns, At safepoint: 107959 ns, Total: 3558792 ns
[2023-07-18T09:34:55.901+0000][1][safepoint    ] Safepoint "Cleanup", Time since last: 1001409333 ns, Reaching safepoint: 2499542 ns, At safepoint: 71167 ns, Total: 2570709 ns
[2023-07-18T09:34:56.905+0000][1][safepoint    ] Safepoint "Cleanup", Time since last: 1000947250 ns, Reaching safepoint: 3038667 ns, At safepoint: 90958 ns, Total: 3129625 ns
[2023-07-18T09:34:57.907+0000][1][safepoint    ] Safepoint "Cleanup", Time since last: 1001400959 ns, Reaching safepoint: 1140000 ns, At safepoint: 23125 ns, Total: 1163125 ns
[2023-07-18T09:34:58.909+0000][1][safepoint    ] Safepoint "Cleanup", Time since last: 1000502292 ns, Reaching safepoint: 929542 ns, At safepoint: 26167 ns, Total: 955709 ns
[2023-07-18T09:34:59.913+0000][1][safepoint    ] Safepoint "Cleanup", Time since last: 1000607708 ns, Reaching safepoint: 3380042 ns, At safepoint: 97875 ns, Total: 3477917 ns
[2023-07-18T09:35:00.917+0000][1][safepoint    ] Safepoint "Cleanup", Time since last: 1001211834 ns, Reaching safepoint: 2838083 ns, At safepoint: 47958 ns, Total: 2886041 ns
[2023-07-18T09:35:01.922+0000][1][safepoint    ] Safepoint "Cleanup", Time since last: 1001828084 ns, Reaching safepoint: 3233542 ns, At safepoint: 68958 ns, Total: 3302500 ns
[2023-07-18T09:35:02.928+0000][1][safepoint    ] Safepoint "Cleanup", Time since last: 1001325751 ns, Reaching safepoint: 4014000 ns, At safepoint: 96583 ns, Total: 4110583 ns
[2023-07-18T09:35:03.931+0000][1][safepoint    ] Safepoint "Cleanup", Time since last: 1001598001 ns, Reaching safepoint: 1725958 ns, At safepoint: 34958 ns, Total: 1760916 ns
[2023-07-18T09:35:05.297+0000][1][safepoint    ] Safepoint "Cleanup", Time since last: 1363803834 ns, Reaching safepoint: 1924959 ns, At safepoint: 44125 ns, Total: 1969084 ns
[2023-07-18T09:35:06.301+0000][1][safepoint    ] Safepoint "Cleanup", Time since last: 1000760792 ns, Reaching safepoint: 3015875 ns, At safepoint: 60833 ns, Total: 3076708 ns
[2023-07-18T09:35:11.425+0000][1][safepoint    ] Safepoint "RevokeBias", Time since last: 5121331211 ns, Reaching safepoint: 1810666 ns, At safepoint: 1118709 ns, Total: 2929375 ns
[2023-07-18T09:35:11.426+0000][1][safepoint    ] Safepoint "RevokeBias", Time since last: 637666 ns, Reaching safepoint: 587959 ns, At safepoint: 57083 ns, Total: 645042 ns
[2023-07-18T09:35:11.430+0000][1][safepoint    ] Safepoint "RevokeBias", Time since last: 2969625 ns, Reaching safepoint: 809333 ns, At safepoint: 389375 ns, Total: 1198708 ns
[2023-07-18T09:35:11.469+0000][1][safepoint    ] Safepoint "RevokeBias", Time since last: 37681959 ns, Reaching safepoint: 863833 ns, At safepoint: 140667 ns, Total: 1004500 ns
[2023-07-18T09:35:11.472+0000][1][safepoint    ] Safepoint "BulkRevokeBias", Time since last: 321917 ns, Reaching safepoint: 408500 ns, At safepoint: 2893916 ns, Total: 3302416 ns
[2023-07-18T09:35:11.476+0000][1][safepoint    ] Safepoint "RevokeBias", Time since last: 3065334 ns, Reaching safepoint: 871083 ns, At safepoint: 60333 ns, Total: 931416 ns
[2023-07-18T09:35:14.276+0000][1][safepoint    ] Safepoint "RevokeBias", Time since last: 2798375668 ns, Reaching safepoint: 1441750 ns, At safepoint: 77667 ns, Total: 1519417 ns
[2023-07-18T09:35:34.267+0000][1][safepoint    ] Safepoint "RevokeBias", Time since last: 19988410551 ns, Reaching safepoint: 1766500 ns, At safepoint: 75708 ns, Total: 1842208 ns
[2023-07-18T09:35:44.253+0000][1][safepoint    ] Safepoint "RevokeBias", Time since last: 9984940838 ns, Reaching safepoint: 1506667 ns, At safepoint: 124541 ns, Total: 1631208 ns
[2023-07-18T09:35:45.256+0000][1][safepoint    ] Safepoint "Cleanup", Time since last: 1001635418 ns, Reaching safepoint: 1173708 ns, At safepoint: 24625 ns, Total: 1198333 ns
[2023-07-18T09:36:12.407+0000][1][safepoint    ] Safepoint "RevokeBias", Time since last: 27148328804 ns, Reaching safepoint: 1847125 ns, At safepoint: 260750 ns, Total: 2107875 ns
[2023-07-18T09:36:12.415+0000][1][safepoint    ] Safepoint "RevokeBias", Time since last: 6852750 ns, Reaching safepoint: 1651625 ns, At safepoint: 129750 ns, Total: 1781375 ns
[2023-07-18T09:36:12.433+0000][1][safepoint    ] Safepoint "RevokeBias", Time since last: 16061583 ns, Reaching safepoint: 926584 ns, At safepoint: 96083 ns, Total: 1022667 ns
[2023-07-18T09:36:12.434+0000][1][safepoint    ] Safepoint "RevokeBias", Time since last: 624417 ns, Reaching safepoint: 571458 ns, At safepoint: 98375 ns, Total: 669833 ns
[2023-07-18T09:36:12.437+0000][1][safepoint    ] Safepoint "RevokeBias", Time since last: 2425250 ns, Reaching safepoint: 741542 ns, At safepoint: 74041 ns, Total: 815583 ns
[2023-07-18T09:36:14.265+0000][1][safepoint    ] Safepoint "RevokeBias", Time since last: 1825011709 ns, Reaching safepoint: 1959959 ns, At safepoint: 439541 ns, Total: 2399500 ns
[2023-07-18T09:36:24.268+0000][1][safepoint    ] Safepoint "RevokeBias", Time since last: 10001784296 ns, Reaching safepoint: 1902292 ns, At safepoint: 429916 ns, Total: 2332208 ns
[2023-07-18T09:36:24.300+0000][1][gc,start     ] GC(55) Pause Young (Allocation Failure)
[2023-07-18T09:36:24.300+0000][1][gc,task      ] GC(55) Using 4 workers of 4 for evacuation
[2023-07-18T09:36:24.309+0000][1][gc,age       ] GC(55) Desired survivor size 8945664 bytes, new threshold 6 (max threshold 6)
[2023-07-18T09:36:24.310+0000][1][gc,age       ] GC(55) Age table with threshold 6 (max threshold 6)
[2023-07-18T09:36:24.310+0000][1][gc,age       ] GC(55) - age   1:     161808 bytes,     161808 total
[2023-07-18T09:36:24.310+0000][1][gc,age       ] GC(55) - age   2:       2616 bytes,     164424 total
[2023-07-18T09:36:24.310+0000][1][gc,age       ] GC(55) - age   3:       1816 bytes,     166240 total
[2023-07-18T09:36:24.310+0000][1][gc,age       ] GC(55) - age   4:        200 bytes,     166440 total
[2023-07-18T09:36:24.310+0000][1][gc,age       ] GC(55) - age   5:       1560 bytes,     168000 total
[2023-07-18T09:36:24.311+0000][1][gc,age       ] GC(55) - age   6:       5520 bytes,     173520 total
[2023-07-18T09:36:24.311+0000][1][gc,heap      ] GC(55) ParNew: 139923K->208K(157248K)
[2023-07-18T09:36:24.311+0000][1][gc,heap      ] GC(55) CMS: 71486K->71489K(349568K)
[2023-07-18T09:36:24.311+0000][1][gc,metaspace ] GC(55) Metaspace: 91244K->91244K(1132544K)
[2023-07-18T09:36:24.311+0000][1][gc           ] GC(55) Pause Young (Allocation Failure) 206M->70M(494M) 11.800ms
[2023-07-18T09:36:24.312+0000][1][gc,cpu       ] GC(55) User=0.02s Sys=0.00s Real=0.01s
[2023-07-18T09:36:24.312+0000][1][safepoint    ] Safepoint "GenCollectForAllocation", Time since last: 30041667 ns, Reaching safepoint: 1537417 ns, At safepoint: 12202875 ns, Total: 13740292 ns
[2023-07-18T09:36:34.221+0000][1][safepoint    ] Safepoint "RevokeBias", Time since last: 9907530879 ns, Reaching safepoint: 1330417 ns, At safepoint: 233583 ns, Total: 1564000 ns
[2023-07-18T09:36:44.265+0000][1][safepoint    ] Safepoint "RevokeBias", Time since last: 10041970880 ns, Reaching safepoint: 1926708 ns, At safepoint: 331167 ns, Total: 2257875 ns
[2023-07-18T09:36:53.280+0000][1][safepoint    ] Safepoint "Cleanup", Time since last: 9010117545 ns, Reaching safepoint: 5266875 ns, At safepoint: 107833 ns, Total: 5374708 ns
[2023-07-18T09:36:54.253+0000][1][safepoint    ] Safepoint "RevokeBias", Time since last: 971545043 ns, Reaching safepoint: 1551625 ns, At safepoint: 181875 ns, Total: 1733500 ns
[2023-07-18T09:36:55.255+0000][1][safepoint    ] Safepoint "Cleanup", Time since last: 1000551875 ns, Reaching safepoint: 1299083 ns, At safepoint: 20167 ns, Total: 1319250 ns
[2023-07-18T09:37:04.254+0000][1][safepoint    ] Safepoint "RevokeBias", Time since last: 8996699754 ns, Reaching safepoint: 1915334 ns, At safepoint: 344666 ns, Total: 2260000 ns
[2023-07-18T09:37:13.406+0000][1][safepoint    ] Safepoint "RevokeBias", Time since last: 9150050005 ns, Reaching safepoint: 1889500 ns, At safepoint: 135333 ns, Total: 2024833 ns
[2023-07-18T09:37:13.410+0000][1][safepoint    ] Safepoint "RevokeBias", Time since last: 2993208 ns, Reaching safepoint: 979459 ns, At safepoint: 124583 ns, Total: 1104042 ns
[2023-07-18T09:37:13.418+0000][1][safepoint    ] Safepoint "RevokeBias", Time since last: 5949500 ns, Reaching safepoint: 1482917 ns, At safepoint: 281750 ns, Total: 1764667 ns
[2023-07-18T09:37:13.461+0000][1][safepoint    ] Safepoint "RevokeBias", Time since last: 41719708 ns, Reaching safepoint: 1074042 ns, At safepoint: 249791 ns, Total: 1323833 ns
[2023-07-18T09:37:13.465+0000][1][safepoint    ] Safepoint "RevokeBias", Time since last: 2370959 ns, Reaching safepoint: 1050375 ns, At safepoint: 114958 ns, Total: 1165333 ns
[2023-07-18T09:37:14.279+0000][1][safepoint    ] Safepoint "RevokeBias", Time since last: 812067084 ns, Reaching safepoint: 1749208 ns, At safepoint: 340500 ns, Total: 2089708 ns
[2023-07-18T09:37:44.273+0000][1][safepoint    ] Safepoint "RevokeBias", Time since last: 29991219597 ns, Reaching safepoint: 1999208 ns, At safepoint: 441250 ns, Total: 2440458 ns
[2023-07-18T09:37:54.271+0000][1][safepoint    ] Safepoint "RevokeBias", Time since last: 9996614588 ns, Reaching safepoint: 1813875 ns, At safepoint: 165959 ns, Total: 1979834 ns
[2023-07-18T09:38:04.278+0000][1][safepoint    ] Safepoint "RevokeBias", Time since last: 10004864213 ns, Reaching safepoint: 1791583 ns, At safepoint: 346042 ns, Total: 2137625 ns
[2023-07-18T09:38:14.371+0000][1][safepoint    ] Safepoint "RevokeBias", Time since last: 10092070213 ns, Reaching safepoint: 1019000 ns, At safepoint: 93417 ns, Total: 1112417 ns
[2023-07-18T09:38:14.375+0000][1][safepoint    ] Safepoint "RevokeBias", Time since last: 3173916 ns, Reaching safepoint: 788042 ns, At safepoint: 76708 ns, Total: 864750 ns
[2023-07-18T09:38:14.381+0000][1][safepoint    ] Safepoint "RevokeBias", Time since last: 5126167 ns, Reaching safepoint: 963792 ns, At safepoint: 90041 ns, Total: 1053833 ns
[2023-07-18T09:38:14.397+0000][1][safepoint    ] Safepoint "RevokeBias", Time since last: 15147417 ns, Reaching safepoint: 685708 ns, At safepoint: 214834 ns, Total: 900542 ns
[2023-07-18T09:38:24.286+0000][1][safepoint    ] Safepoint "RevokeBias", Time since last: 9886578920 ns, Reaching safepoint: 1919709 ns, At safepoint: 448541 ns, Total: 2368250 ns
[2023-07-18T09:38:24.301+0000][1][gc,start     ] GC(56) Pause Young (Allocation Failure)
[2023-07-18T09:38:24.301+0000][1][gc,task      ] GC(56) Using 4 workers of 4 for evacuation
[2023-07-18T09:38:24.318+0000][1][gc,age       ] GC(56) Desired survivor size 8945664 bytes, new threshold 6 (max threshold 6)
[2023-07-18T09:38:24.318+0000][1][gc,age       ] GC(56) Age table with threshold 6 (max threshold 6)
[2023-07-18T09:38:24.318+0000][1][gc,age       ] GC(56) - age   1:     106328 bytes,     106328 total
[2023-07-18T09:38:24.318+0000][1][gc,age       ] GC(56) - age   2:        120 bytes,     106448 total
[2023-07-18T09:38:24.318+0000][1][gc,age       ] GC(56) - age   3:       2256 bytes,     108704 total
[2023-07-18T09:38:24.319+0000][1][gc,age       ] GC(56) - age   4:       1816 bytes,     110520 total
[2023-07-18T09:38:24.319+0000][1][gc,age       ] GC(56) - age   5:        200 bytes,     110720 total
[2023-07-18T09:38:24.319+0000][1][gc,age       ] GC(56) - age   6:       1560 bytes,     112280 total
[2023-07-18T09:38:24.319+0000][1][gc,heap      ] GC(56) ParNew: 139984K->149K(157248K)
[2023-07-18T09:38:24.319+0000][1][gc,heap      ] GC(56) CMS: 71489K->71494K(349568K)
[2023-07-18T09:38:24.319+0000][1][gc,metaspace ] GC(56) Metaspace: 91244K->91244K(1132544K)
[2023-07-18T09:38:24.320+0000][1][gc           ] GC(56) Pause Young (Allocation Failure) 206M->69M(494M) 18.744ms
[2023-07-18T09:38:24.320+0000][1][gc,cpu       ] GC(56) User=0.03s Sys=0.00s Real=0.02s
[2023-07-18T09:38:24.320+0000][1][safepoint    ] Safepoint "GenCollectForAllocation", Time since last: 13894834 ns, Reaching safepoint: 927250 ns, At safepoint: 19164166 ns, Total: 20091416 ns
[2023-07-18T09:38:34.285+0000][1][safepoint    ] Safepoint "RevokeBias", Time since last: 9961438297 ns, Reaching safepoint: 2688916 ns, At safepoint: 523334 ns, Total: 3212250 ns
[2023-07-18T09:38:45.300+0000][1][safepoint    ] Safepoint "Cleanup", Time since last: 11012884130 ns, Reaching safepoint: 2266333 ns, At safepoint: 43209 ns, Total: 2309542 ns
[2023-07-18T09:38:47.304+0000][1][safepoint    ] Safepoint "Cleanup", Time since last: 2001377917 ns, Reaching safepoint: 2954042 ns, At safepoint: 87167 ns, Total: 3041209 ns
[2023-07-18T09:38:54.273+0000][1][safepoint    ] Safepoint "BulkRevokeBias", Time since last: 6963555877 ns, Reaching safepoint: 1966334 ns, At safepoint: 2956750 ns, Total: 4923084 ns
[2023-07-18T09:39:04.292+0000][1][safepoint    ] Safepoint "RevokeBias", Time since last: 10016781629 ns, Reaching safepoint: 2090292 ns, At safepoint: 448125 ns, Total: 2538417 ns
[2023-07-18T09:39:05.296+0000][1][safepoint    ] Safepoint "Cleanup", Time since last: 1002638751 ns, Reaching safepoint: 976083 ns, At safepoint: 16167 ns, Total: 992250 ns
[2023-07-18T09:39:07.302+0000][1][safepoint    ] Safepoint "Cleanup", Time since last: 2003602584 ns, Reaching safepoint: 2918292 ns, At safepoint: 55916 ns, Total: 2974208 ns
[2023-07-18T09:39:15.432+0000][1][safepoint    ] Safepoint "RevokeBias", Time since last: 8124920171 ns, Reaching safepoint: 2533458 ns, At safepoint: 1513792 ns, Total: 4047250 ns
[2023-07-18T09:39:15.469+0000][1][safepoint    ] Safepoint "RevokeBias", Time since last: 34430208 ns, Reaching safepoint: 3564292 ns, At safepoint: 215041 ns, Total: 3779333 ns
[2023-07-18T09:39:15.481+0000][1][safepoint    ] Safepoint "BulkRevokeBias", Time since last: 6337542 ns, Reaching safepoint: 2979833 ns, At safepoint: 1976125 ns, Total: 4955958 ns
[2023-07-18T09:39:15.487+0000][1][safepoint    ] Safepoint "RevokeBias", Time since last: 5616042 ns, Reaching safepoint: 852125 ns, At safepoint: 64917 ns, Total: 917042 ns
[2023-07-18T09:39:16.493+0000][1][safepoint    ] Safepoint "Cleanup", Time since last: 1000985459 ns, Reaching safepoint: 4190750 ns, At safepoint: 51791 ns, Total: 4242541 ns
[2023-07-18T09:39:24.290+0000][1][safepoint    ] Safepoint "RevokeBias", Time since last: 7795910878 ns, Reaching safepoint: 1618375 ns, At safepoint: 396375 ns, Total: 2014750 ns
[2023-07-18T09:39:34.295+0000][1][safepoint    ] Safepoint "RevokeBias", Time since last: 10002561713 ns, Reaching safepoint: 1768958 ns, At safepoint: 112209 ns, Total: 1881167 ns
[2023-07-18T09:39:44.295+0000][1][safepoint    ] Safepoint "RevokeBias", Time since last: 9998040713 ns, Reaching safepoint: 1707500 ns, At safepoint: 105417 ns, Total: 1812917 ns
[2023-07-18T09:39:54.302+0000][1][safepoint    ] Safepoint "RevokeBias", Time since last: 9996648879 ns, Reaching safepoint: 1789500 ns, At safepoint: 120000 ns, Total: 1909500 ns
[2023-07-18T09:39:55.304+0000][1][safepoint    ] Safepoint "Cleanup", Time since last: 1000769250 ns, Reaching safepoint: 1432209 ns, At safepoint: 22166 ns, Total: 1454375 ns
[2023-07-18T09:40:14.316+0000][1][safepoint    ] Safepoint "RevokeBias", Time since last: 19009715468 ns, Reaching safepoint: 1893875 ns, At safepoint: 513500 ns, Total: 2407375 ns
[2023-07-18T09:40:16.396+0000][1][safepoint    ] Safepoint "RevokeBias", Time since last: 2078177668 ns, Reaching safepoint: 1294833 ns, At safepoint: 106625 ns, Total: 1401458 ns
[2023-07-18T09:40:16.403+0000][1][safepoint    ] Safepoint "RevokeBias", Time since last: 6393458 ns, Reaching safepoint: 616125 ns, At safepoint: 75334 ns, Total: 691459 ns
[2023-07-18T09:40:16.425+0000][1][safepoint    ] Safepoint "RevokeBias", Time since last: 21564541 ns, Reaching safepoint: 1037334 ns, At safepoint: 162250 ns, Total: 1199584 ns
[2023-07-18T09:40:16.428+0000][1][safepoint    ] Safepoint "RevokeBias", Time since last: 2281666 ns, Reaching safepoint: 614292 ns, At safepoint: 84250 ns, Total: 698542 ns
[2023-07-18T09:40:17.434+0000][1][safepoint    ] Safepoint "Cleanup", Time since last: 1000442375 ns, Reaching safepoint: 5345542 ns, At safepoint: 160375 ns, Total: 5505917 ns
[2023-07-18T09:40:24.128+0000][1][gc,start     ] GC(57) Pause Young (Allocation Failure)
[2023-07-18T09:40:24.134+0000][1][gc,task      ] GC(57) Using 4 workers of 4 for evacuation
[2023-07-18T09:40:24.181+0000][1][gc,age       ] GC(57) Desired survivor size 8945664 bytes, new threshold 6 (max threshold 6)
[2023-07-18T09:40:24.182+0000][1][gc,age       ] GC(57) Age table with threshold 6 (max threshold 6)
[2023-07-18T09:40:24.182+0000][1][gc,age       ] GC(57) - age   1:      97600 bytes,      97600 total
[2023-07-18T09:40:24.182+0000][1][gc,age       ] GC(57) - age   2:        600 bytes,      98200 total
[2023-07-18T09:40:24.182+0000][1][gc,age       ] GC(57) - age   3:        120 bytes,      98320 total
[2023-07-18T09:40:24.183+0000][1][gc,age       ] GC(57) - age   4:       2256 bytes,     100576 total
[2023-07-18T09:40:24.183+0000][1][gc,age       ] GC(57) - age   5:       1816 bytes,     102392 total
[2023-07-18T09:40:24.183+0000][1][gc,age       ] GC(57) - age   6:        200 bytes,     102592 total
[2023-07-18T09:40:24.184+0000][1][gc,heap      ] GC(57) ParNew: 139925K->179K(157248K)
[2023-07-18T09:40:24.185+0000][1][gc,heap      ] GC(57) CMS: 71494K->71496K(349568K)
[2023-07-18T09:40:24.185+0000][1][gc,metaspace ] GC(57) Metaspace: 91248K->91248K(1132544K)
[2023-07-18T09:40:24.186+0000][1][gc           ] GC(57) Pause Young (Allocation Failure) 206M->69M(494M) 59.058ms
[2023-07-18T09:40:24.186+0000][1][gc,cpu       ] GC(57) User=0.11s Sys=0.02s Real=0.06s
[2023-07-18T09:40:24.187+0000][1][safepoint    ] Safepoint "GenCollectForAllocation", Time since last: 6684704752 ns, Reaching safepoint: 4007750 ns, At safepoint: 61061750 ns, Total: 65069500 ns
[2023-07-18T09:40:24.268+0000][1][safepoint    ] Safepoint "RevokeBias", Time since last: 79508417 ns, Reaching safepoint: 1564750 ns, At safepoint: 152542 ns, Total: 1717292 ns
[2023-07-18T09:40:26.273+0000][1][safepoint    ] Safepoint "Cleanup", Time since last: 2001213959 ns, Reaching safepoint: 3371000 ns, At safepoint: 83083 ns, Total: 3454083 ns
[2023-07-18T09:40:27.277+0000][1][safepoint    ] Safepoint "Cleanup", Time since last: 1001472084 ns, Reaching safepoint: 2426042 ns, At safepoint: 78500 ns, Total: 2504542 ns
[2023-07-18T09:40:28.281+0000][1][safepoint    ] Safepoint "Cleanup", Time since last: 1001478750 ns, Reaching safepoint: 2654125 ns, At safepoint: 96000 ns, Total: 2750125 ns
[2023-07-18T09:40:29.283+0000][1][safepoint    ] Safepoint "Cleanup", Time since last: 1000997251 ns, Reaching safepoint: 914875 ns, At safepoint: 20666 ns, Total: 935541 ns
[2023-07-18T09:40:30.285+0000][1][safepoint    ] Safepoint "Cleanup", Time since last: 1000890417 ns, Reaching safepoint: 1409917 ns, At safepoint: 26375 ns, Total: 1436292 ns
[2023-07-18T09:40:31.289+0000][1][safepoint    ] Safepoint "Cleanup", Time since last: 1000804542 ns, Reaching safepoint: 2672792 ns, At safepoint: 103000 ns, Total: 2775792 ns
[2023-07-18T09:40:32.295+0000][1][safepoint    ] Safepoint "Cleanup", Time since last: 1001740792 ns, Reaching safepoint: 4550583 ns, At safepoint: 154084 ns, Total: 4704667 ns
[2023-07-18T09:40:33.299+0000][1][safepoint    ] Safepoint "Cleanup", Time since last: 1001716750 ns, Reaching safepoint: 2029917 ns, At safepoint: 60458 ns, Total: 2090375 ns
[2023-07-18T09:40:34.295+0000][1][safepoint    ] Safepoint "RevokeBias", Time since last: 994745126 ns, Reaching safepoint: 1422541 ns, At safepoint: 211709 ns, Total: 1634250 ns
[2023-07-18T09:40:35.301+0000][1][safepoint    ] Safepoint "Cleanup", Time since last: 1000593209 ns, Reaching safepoint: 4523208 ns, At safepoint: 129833 ns, Total: 4653041 ns
[2023-07-18T09:40:36.303+0000][1][safepoint    ] Safepoint "Cleanup", Time since last: 1002171042 ns, Reaching safepoint: 748792 ns, At safepoint: 15625 ns, Total: 764417 ns
[2023-07-18T09:40:37.311+0000][1][safepoint    ] Safepoint "Cleanup", Time since last: 1001852042 ns, Reaching safepoint: 5530292 ns, At safepoint: 105625 ns, Total: 5635917 ns
[2023-07-18T09:40:38.315+0000][1][safepoint    ] Safepoint "Cleanup", Time since last: 1001150625 ns, Reaching safepoint: 2817459 ns, At safepoint: 71791 ns, Total: 2889250 ns
[2023-07-18T09:40:39.319+0000][1][safepoint    ] Safepoint "Cleanup", Time since last: 1002110251 ns, Reaching safepoint: 2236208 ns, At safepoint: 51875 ns, Total: 2288083 ns
[2023-07-18T09:40:40.321+0000][1][safepoint    ] Safepoint "Cleanup", Time since last: 1000939584 ns, Reaching safepoint: 844917 ns, At safepoint: 24166 ns, Total: 869083 ns
[2023-07-18T09:40:41.324+0000][1][safepoint    ] Safepoint "Cleanup", Time since last: 1000857209 ns, Reaching safepoint: 1457917 ns, At safepoint: 28875 ns, Total: 1486792 ns
[2023-07-18T09:40:42.328+0000][1][safepoint    ] Safepoint "Cleanup", Time since last: 1001100667 ns, Reaching safepoint: 3040125 ns, At safepoint: 90292 ns, Total: 3130417 ns
[2023-07-18T09:40:43.332+0000][1][safepoint    ] Safepoint "Cleanup", Time since last: 1001285958 ns, Reaching safepoint: 2681959 ns, At safepoint: 70125 ns, Total: 2752084 ns
[2023-07-18T09:40:44.301+0000][1][safepoint    ] Safepoint "RevokeBias", Time since last: 967874208 ns, Reaching safepoint: 1528751 ns, At safepoint: 297500 ns, Total: 1826251 ns
[2023-07-18T09:40:45.305+0000][1][safepoint    ] Safepoint "Cleanup", Time since last: 1002330417 ns, Reaching safepoint: 1061833 ns, At safepoint: 22458 ns, Total: 1084291 ns
[2023-07-18T09:40:46.307+0000][1][safepoint    ] Safepoint "Cleanup", Time since last: 1001804834 ns, Reaching safepoint: 771500 ns, At safepoint: 20000 ns, Total: 791500 ns
[2023-07-18T09:40:47.312+0000][1][safepoint    ] Safepoint "Cleanup", Time since last: 1003243917 ns, Reaching safepoint: 1541667 ns, At safepoint: 24042 ns, Total: 1565709 ns
[2023-07-18T09:40:48.316+0000][1][safepoint    ] Safepoint "Cleanup", Time since last: 1000568749 ns, Reaching safepoint: 2227542 ns, At safepoint: 134542 ns, Total: 2362084 ns
[2023-07-18T09:40:49.321+0000][1][safepoint    ] Safepoint "Cleanup", Time since last: 1002336292 ns, Reaching safepoint: 2615833 ns, At safepoint: 88834 ns, Total: 2704667 ns
[2023-07-18T09:40:50.325+0000][1][safepoint    ] Safepoint "Cleanup", Time since last: 1000878542 ns, Reaching safepoint: 3305000 ns, At safepoint: 74083 ns, Total: 3379083 ns
[2023-07-18T09:40:51.329+0000][1][safepoint    ] Safepoint "Cleanup", Time since last: 1002210126 ns, Reaching safepoint: 1684541 ns, At safepoint: 48792 ns, Total: 1733333 ns
[2023-07-18T09:40:52.333+0000][1][safepoint    ] Safepoint "Cleanup", Time since last: 1001268084 ns, Reaching safepoint: 2989125 ns, At safepoint: 72500 ns, Total: 3061625 ns
[2023-07-18T09:40:53.339+0000][1][safepoint    ] Safepoint "Cleanup", Time since last: 1002241875 ns, Reaching safepoint: 2967375 ns, At safepoint: 82000 ns, Total: 3049375 ns
[2023-07-18T09:40:54.290+0000][1][safepoint    ] Safepoint "RevokeBias", Time since last: 948760334 ns, Reaching safepoint: 1595083 ns, At safepoint: 560542 ns, Total: 2155625 ns
[2023-07-18T09:40:55.344+0000][1][safepoint    ] Safepoint "Cleanup", Time since last: 1049079834 ns, Reaching safepoint: 5386458 ns, At safepoint: 142958 ns, Total: 5529416 ns
