[2023-07-17T15:00:18.905+0000][1][gc] Using Concurrent Mark Sweep
[2023-07-17T15:00:18.907+0000][1][gc,heap,coops] Heap address: 0x00000000e0000000, size: 512 MB, Compressed Oops mode: 32-bit
[2023-07-17T15:00:19.394+0000][1][safepoint    ] Safepoint "EnableBiasedLocking", Time since last: 351508626 ns, Reaching safepoint: 2517208 ns, At safepoint: 544167 ns, Total: 3061375 ns
[2023-07-17T15:00:19.425+0000][1][safepoint    ] Safepoint "RevokeBias", Time since last: 29288375 ns, Reaching safepoint: 405208 ns, At safepoint: 1566250 ns, Total: 1971458 ns
[2023-07-17T15:00:19.501+0000][1][safepoint    ] Safepoint "Deoptimize", Time since last: 75724625 ns, Reaching safepoint: 76292 ns, At safepoint: 895458 ns, Total: 971750 ns
[2023-07-17T15:00:19.980+0000][1][safepoint    ] Safepoint "Deoptimize", Time since last: 478057459 ns, Reaching safepoint: 359500 ns, At safepoint: 109666 ns, Total: 469166 ns
[2023-07-17T15:00:19.985+0000][1][safepoint    ] Safepoint "Deoptimize", Time since last: 4686125 ns, Reaching safepoint: 64459 ns, At safepoint: 82416 ns, Total: 146875 ns
[2023-07-17T15:00:20.117+0000][1][safepoint    ] Safepoint "Deoptimize", Time since last: 131710709 ns, Reaching safepoint: 93833 ns, At safepoint: 143042 ns, Total: 236875 ns
[2023-07-17T15:00:21.118+0000][1][safepoint    ] Safepoint "Cleanup", Time since last: 1000457542 ns, Reaching safepoint: 1301958 ns, At safepoint: 18833 ns, Total: 1320791 ns
[2023-07-17T15:00:21.435+0000][1][safepoint    ] Safepoint "Deoptimize", Time since last: 316232709 ns, Reaching safepoint: 438625 ns, At safepoint: 258375 ns, Total: 697000 ns
[2023-07-17T15:00:21.599+0000][1][safepoint    ] Safepoint "Deoptimize", Time since last: 162932500 ns, Reaching safepoint: 297875 ns, At safepoint: 315958 ns, Total: 613833 ns
[2023-07-17T15:00:21.964+0000][1][safepoint    ] Safepoint "Deoptimize", Time since last: 364791542 ns, Reaching safepoint: 281292 ns, At safepoint: 310333 ns, Total: 591625 ns
[2023-07-17T15:00:22.577+0000][1][safepoint    ] Safepoint "Deoptimize", Time since last: 611655917 ns, Reaching safepoint: 507417 ns, At safepoint: 385166 ns, Total: 892583 ns
[2023-07-17T15:00:23.396+0000][1][safepoint    ] Safepoint "Deoptimize", Time since last: 818668792 ns, Reaching safepoint: 587667 ns, At safepoint: 360500 ns, Total: 948167 ns
[2023-07-17T15:00:24.264+0000][1][safepoint    ] Safepoint "RevokeBias", Time since last: 864489376 ns, Reaching safepoint: 2766291 ns, At safepoint: 456209 ns, Total: 3222500 ns
[2023-07-17T15:00:24.888+0000][1][safepoint    ] Safepoint "Deoptimize", Time since last: 622877417 ns, Reaching safepoint: 618000 ns, At safepoint: 412166 ns, Total: 1030166 ns
[2023-07-17T15:00:25.612+0000][1][safepoint    ] Safepoint "Deoptimize", Time since last: 722313126 ns, Reaching safepoint: 1019291 ns, At safepoint: 468459 ns, Total: 1487750 ns
[2023-07-17T15:00:25.613+0000][1][safepoint    ] Safepoint "Deoptimize", Time since last: 651916 ns, Reaching safepoint: 44042 ns, At safepoint: 446792 ns, Total: 490834 ns
[2023-07-17T15:00:25.782+0000][1][safepoint    ] Safepoint "Deoptimize", Time since last: 168240541 ns, Reaching safepoint: 387375 ns, At safepoint: 626959 ns, Total: 1014334 ns
[2023-07-17T15:00:25.794+0000][1][safepoint    ] Safepoint "Deoptimize", Time since last: 10742958 ns, Reaching safepoint: 230292 ns, At safepoint: 613333 ns, Total: 843625 ns
[2023-07-17T15:00:25.864+0000][1][safepoint    ] Safepoint "RevokeBias", Time since last: 69282375 ns, Reaching safepoint: 289292 ns, At safepoint: 93916 ns, Total: 383208 ns
[2023-07-17T15:00:25.864+0000][1][safepoint    ] Safepoint "RevokeBias", Time since last: 476084 ns, Reaching safepoint: 266625 ns, At safepoint: 81833 ns, Total: 348458 ns
[2023-07-17T15:00:25.874+0000][1][safepoint    ] Safepoint "RevokeBias", Time since last: 9786167 ns, Reaching safepoint: 83875 ns, At safepoint: 181041 ns, Total: 264916 ns
[2023-07-17T15:00:25.875+0000][1][safepoint    ] Safepoint "RevokeBias", Time since last: 446959 ns, Reaching safepoint: 170916 ns, At safepoint: 73417 ns, Total: 244333 ns
[2023-07-17T15:00:25.909+0000][1][safepoint    ] Safepoint "Deoptimize", Time since last: 32844125 ns, Reaching safepoint: 371708 ns, At safepoint: 502292 ns, Total: 874000 ns
[2023-07-17T15:00:25.974+0000][1][safepoint    ] Safepoint "Deoptimize", Time since last: 64090958 ns, Reaching safepoint: 260209 ns, At safepoint: 484458 ns, Total: 744667 ns
[2023-07-17T15:00:26.976+0000][1][safepoint    ] Safepoint "Cleanup", Time since last: 1000387834 ns, Reaching safepoint: 2357792 ns, At safepoint: 16625 ns, Total: 2374417 ns
[2023-07-17T15:00:27.429+0000][1][safepoint    ] Safepoint "Deoptimize", Time since last: 451293208 ns, Reaching safepoint: 412292 ns, At safepoint: 1122375 ns, Total: 1534667 ns
[2023-07-17T15:00:27.572+0000][1][safepoint    ] Safepoint "RevokeBias", Time since last: 142834541 ns, Reaching safepoint: 290750 ns, At safepoint: 55917 ns, Total: 346667 ns
[2023-07-17T15:00:28.584+0000][1][safepoint    ] Safepoint "Cleanup", Time since last: 1000720542 ns, Reaching safepoint: 9811125 ns, At safepoint: 397625 ns, Total: 10208750 ns
[2023-07-17T15:00:29.183+0000][1][safepoint    ] Safepoint "RevokeBias", Time since last: 597907959 ns, Reaching safepoint: 475542 ns, At safepoint: 1276833 ns, Total: 1752375 ns
[2023-07-17T15:00:29.757+0000][1][gc,start     ] GC(0) Pause Young (Allocation Failure)
[2023-07-17T15:00:29.763+0000][1][gc,task      ] GC(0) Using 4 workers of 4 for evacuation
[2023-07-17T15:00:29.806+0000][1][gc,age       ] GC(0) Desired survivor size 8945664 bytes, new threshold 1 (max threshold 6)
[2023-07-17T15:00:29.807+0000][1][gc,age       ] GC(0) Age table with threshold 1 (max threshold 6)
[2023-07-17T15:00:29.807+0000][1][gc,age       ] GC(0) - age   1:   10791288 bytes,   10791288 total
[2023-07-17T15:00:29.808+0000][1][gc,heap      ] GC(0) ParNew: 139776K->10677K(157248K)
[2023-07-17T15:00:29.808+0000][1][gc,heap      ] GC(0) CMS: 0K->0K(349568K)
[2023-07-17T15:00:29.808+0000][1][gc,metaspace ] GC(0) Metaspace: 15869K->15869K(1062912K)
[2023-07-17T15:00:29.809+0000][1][gc           ] GC(0) Pause Young (Allocation Failure) 136M->10M(494M) 52.208ms
[2023-07-17T15:00:29.809+0000][1][gc,cpu       ] GC(0) User=0.13s Sys=0.01s Real=0.05s
[2023-07-17T15:00:29.810+0000][1][safepoint    ] Safepoint "GenCollectForAllocation", Time since last: 572983500 ns, Reaching safepoint: 546917 ns, At safepoint: 53162625 ns, Total: 53709542 ns
[2023-07-17T15:00:29.821+0000][1][safepoint    ] Safepoint "RevokeBias", Time since last: 9254250 ns, Reaching safepoint: 1288292 ns, At safepoint: 320333 ns, Total: 1608625 ns
[2023-07-17T15:00:29.823+0000][1][safepoint    ] Safepoint "RevokeBias", Time since last: 1254042 ns, Reaching safepoint: 420916 ns, At safepoint: 992125 ns, Total: 1413041 ns
[2023-07-17T15:00:29.824+0000][1][safepoint    ] Safepoint "RevokeBias", Time since last: 475209 ns, Reaching safepoint: 342583 ns, At safepoint: 117000 ns, Total: 459583 ns
[2023-07-17T15:00:29.827+0000][1][safepoint    ] Safepoint "RevokeBias", Time since last: 2852292 ns, Reaching safepoint: 252291 ns, At safepoint: 118750 ns, Total: 371041 ns
[2023-07-17T15:00:29.828+0000][1][safepoint    ] Safepoint "RevokeBias", Time since last: 371167 ns, Reaching safepoint: 415917 ns, At safepoint: 118500 ns, Total: 534417 ns
[2023-07-17T15:00:29.830+0000][1][safepoint    ] Safepoint "RevokeBias", Time since last: 1539458 ns, Reaching safepoint: 113000 ns, At safepoint: 88500 ns, Total: 201500 ns
[2023-07-17T15:00:29.831+0000][1][safepoint    ] Safepoint "RevokeBias", Time since last: 285667 ns, Reaching safepoint: 397041 ns, At safepoint: 109042 ns, Total: 506083 ns
[2023-07-17T15:00:29.832+0000][1][safepoint    ] Safepoint "RevokeBias", Time since last: 746875 ns, Reaching safepoint: 196958 ns, At safepoint: 111959 ns, Total: 308917 ns
[2023-07-17T15:00:29.833+0000][1][safepoint    ] Safepoint "RevokeBias", Time since last: 460875 ns, Reaching safepoint: 344208 ns, At safepoint: 435750 ns, Total: 779958 ns
[2023-07-17T15:00:29.834+0000][1][safepoint    ] Safepoint "RevokeBias", Time since last: 643083 ns, Reaching safepoint: 194959 ns, At safepoint: 135166 ns, Total: 330125 ns
[2023-07-17T15:00:29.835+0000][1][safepoint    ] Safepoint "RevokeBias", Time since last: 550542 ns, Reaching safepoint: 186833 ns, At safepoint: 130042 ns, Total: 316875 ns
[2023-07-17T15:00:29.836+0000][1][safepoint    ] Safepoint "RevokeBias", Time since last: 815125 ns, Reaching safepoint: 250125 ns, At safepoint: 128208 ns, Total: 378333 ns
[2023-07-17T15:00:29.837+0000][1][safepoint    ] Safepoint "RevokeBias", Time since last: 407625 ns, Reaching safepoint: 184584 ns, At safepoint: 110875 ns, Total: 295459 ns
[2023-07-17T15:00:29.838+0000][1][safepoint    ] Safepoint "RevokeBias", Time since last: 1011583 ns, Reaching safepoint: 280375 ns, At safepoint: 98458 ns, Total: 378833 ns
[2023-07-17T15:00:29.839+0000][1][safepoint    ] Safepoint "RevokeBias", Time since last: 359542 ns, Reaching safepoint: 176458 ns, At safepoint: 104792 ns, Total: 281250 ns
[2023-07-17T15:00:29.840+0000][1][safepoint    ] Safepoint "RevokeBias", Time since last: 540333 ns, Reaching safepoint: 179167 ns, At safepoint: 96375 ns, Total: 275542 ns
[2023-07-17T15:00:29.840+0000][1][safepoint    ] Safepoint "RevokeBias", Time since last: 453917 ns, Reaching safepoint: 192250 ns, At safepoint: 92208 ns, Total: 284458 ns
[2023-07-17T15:00:29.842+0000][1][safepoint    ] Safepoint "RevokeBias", Time since last: 1154167 ns, Reaching safepoint: 185541 ns, At safepoint: 144375 ns, Total: 329916 ns
[2023-07-17T15:00:29.843+0000][1][safepoint    ] Safepoint "RevokeBias", Time since last: 619417 ns, Reaching safepoint: 197250 ns, At safepoint: 96167 ns, Total: 293417 ns
[2023-07-17T15:00:29.844+0000][1][safepoint    ] Safepoint "RevokeBias", Time since last: 1092583 ns, Reaching safepoint: 284833 ns, At safepoint: 100334 ns, Total: 385167 ns
[2023-07-17T15:00:29.845+0000][1][safepoint    ] Safepoint "RevokeBias", Time since last: 469541 ns, Reaching safepoint: 215459 ns, At safepoint: 90291 ns, Total: 305750 ns
[2023-07-17T15:00:29.846+0000][1][safepoint    ] Safepoint "RevokeBias", Time since last: 829334 ns, Reaching safepoint: 304250 ns, At safepoint: 89000 ns, Total: 393250 ns
[2023-07-17T15:00:29.847+0000][1][safepoint    ] Safepoint "RevokeBias", Time since last: 303541 ns, Reaching safepoint: 186375 ns, At safepoint: 86792 ns, Total: 273167 ns
[2023-07-17T15:00:29.848+0000][1][safepoint    ] Safepoint "RevokeBias", Time since last: 693250 ns, Reaching safepoint: 175208 ns, At safepoint: 74417 ns, Total: 249625 ns
[2023-07-17T15:00:29.849+0000][1][safepoint    ] Safepoint "RevokeBias", Time since last: 452458 ns, Reaching safepoint: 161667 ns, At safepoint: 70042 ns, Total: 231709 ns
[2023-07-17T15:00:29.849+0000][1][safepoint    ] Safepoint "RevokeBias", Time since last: 560958 ns, Reaching safepoint: 181708 ns, At safepoint: 85959 ns, Total: 267667 ns
[2023-07-17T15:00:29.850+0000][1][safepoint    ] Safepoint "RevokeBias", Time since last: 281541 ns, Reaching safepoint: 156625 ns, At safepoint: 77375 ns, Total: 234000 ns
[2023-07-17T15:00:29.851+0000][1][safepoint    ] Safepoint "RevokeBias", Time since last: 796459 ns, Reaching safepoint: 171666 ns, At safepoint: 98709 ns, Total: 270375 ns
[2023-07-17T15:00:29.851+0000][1][safepoint    ] Safepoint "RevokeBias", Time since last: 304083 ns, Reaching safepoint: 157583 ns, At safepoint: 80292 ns, Total: 237875 ns
[2023-07-17T15:00:29.853+0000][1][safepoint    ] Safepoint "RevokeBias", Time since last: 1157375 ns, Reaching safepoint: 393167 ns, At safepoint: 82291 ns, Total: 475458 ns
[2023-07-17T15:00:29.855+0000][1][safepoint    ] Safepoint "RevokeBias", Time since last: 1300625 ns, Reaching safepoint: 200750 ns, At safepoint: 86250 ns, Total: 287000 ns
[2023-07-17T15:00:29.856+0000][1][safepoint    ] Safepoint "RevokeBias", Time since last: 834167 ns, Reaching safepoint: 462583 ns, At safepoint: 88709 ns, Total: 551292 ns
[2023-07-17T15:00:29.857+0000][1][safepoint    ] Safepoint "RevokeBias", Time since last: 598208 ns, Reaching safepoint: 174167 ns, At safepoint: 95541 ns, Total: 269708 ns
[2023-07-17T15:00:29.860+0000][1][safepoint    ] Safepoint "RevokeBias", Time since last: 2891959 ns, Reaching safepoint: 294125 ns, At safepoint: 98125 ns, Total: 392250 ns
[2023-07-17T15:00:29.861+0000][1][safepoint    ] Safepoint "RevokeBias", Time since last: 553500 ns, Reaching safepoint: 175958 ns, At safepoint: 102792 ns, Total: 278750 ns
[2023-07-17T15:00:29.862+0000][1][safepoint    ] Safepoint "RevokeBias", Time since last: 722458 ns, Reaching safepoint: 227250 ns, At safepoint: 106333 ns, Total: 333583 ns
[2023-07-17T15:00:29.863+0000][1][safepoint    ] Safepoint "RevokeBias", Time since last: 482125 ns, Reaching safepoint: 255750 ns, At safepoint: 98209 ns, Total: 353959 ns
[2023-07-17T15:00:29.868+0000][1][safepoint    ] Safepoint "BulkRevokeBias", Time since last: 4190333 ns, Reaching safepoint: 319917 ns, At safepoint: 269291 ns, Total: 589208 ns
[2023-07-17T15:00:29.869+0000][1][safepoint    ] Safepoint "RevokeBias", Time since last: 1314625 ns, Reaching safepoint: 246042 ns, At safepoint: 156917 ns, Total: 402959 ns
[2023-07-17T15:00:29.875+0000][1][safepoint    ] Safepoint "BulkRevokeBias", Time since last: 4957125 ns, Reaching safepoint: 234291 ns, At safepoint: 206459 ns, Total: 440750 ns
[2023-07-17T15:00:29.933+0000][1][safepoint    ] Safepoint "RevokeBias", Time since last: 57835625 ns, Reaching safepoint: 370666 ns, At safepoint: 69000 ns, Total: 439666 ns
[2023-07-17T15:00:30.267+0000][1][safepoint    ] Safepoint "RevokeBias", Time since last: 333453792 ns, Reaching safepoint: 590500 ns, At safepoint: 187708 ns, Total: 778208 ns
[2023-07-17T15:00:30.297+0000][1][safepoint    ] Safepoint "RevokeBias", Time since last: 29046792 ns, Reaching safepoint: 357667 ns, At safepoint: 141583 ns, Total: 499250 ns
[2023-07-17T15:00:30.386+0000][1][safepoint    ] Safepoint "RevokeBias", Time since last: 88236417 ns, Reaching safepoint: 412416 ns, At safepoint: 59292 ns, Total: 471708 ns
[2023-07-17T15:00:30.845+0000][1][safepoint    ] Safepoint "Deoptimize", Time since last: 458064875 ns, Reaching safepoint: 605667 ns, At safepoint: 1007583 ns, Total: 1613250 ns
[2023-07-17T15:00:30.888+0000][1][safepoint    ] Safepoint "Deoptimize", Time since last: 41301709 ns, Reaching safepoint: 219541 ns, At safepoint: 731417 ns, Total: 950958 ns
[2023-07-17T15:00:30.890+0000][1][safepoint    ] Safepoint "Deoptimize", Time since last: 1878208 ns, Reaching safepoint: 97334 ns, At safepoint: 689750 ns, Total: 787084 ns
[2023-07-17T15:00:31.246+0000][1][safepoint    ] Safepoint "Deoptimize", Time since last: 354320917 ns, Reaching safepoint: 460083 ns, At safepoint: 726667 ns, Total: 1186750 ns
[2023-07-17T15:00:31.837+0000][1][gc,start     ] GC(1) Pause Young (Allocation Failure)
[2023-07-17T15:00:31.837+0000][1][gc,task      ] GC(1) Using 4 workers of 4 for evacuation
[2023-07-17T15:00:31.937+0000][1][gc,age       ] GC(1) Desired survivor size 8945664 bytes, new threshold 6 (max threshold 6)
[2023-07-17T15:00:31.937+0000][1][gc,age       ] GC(1) Age table with threshold 6 (max threshold 6)
[2023-07-17T15:00:31.937+0000][1][gc,age       ] GC(1) - age   1:    3317152 bytes,    3317152 total
[2023-07-17T15:00:31.937+0000][1][gc,heap      ] GC(1) ParNew: 150453K->6925K(157248K)
[2023-07-17T15:00:31.938+0000][1][gc,heap      ] GC(1) CMS: 0K->9303K(349568K)
[2023-07-17T15:00:31.938+0000][1][gc,metaspace ] GC(1) Metaspace: 19369K->19369K(1067008K)
[2023-07-17T15:00:31.938+0000][1][gc           ] GC(1) Pause Young (Allocation Failure) 146M->15M(494M) 101.438ms
[2023-07-17T15:00:31.938+0000][1][gc,cpu       ] GC(1) User=0.35s Sys=0.02s Real=0.10s
[2023-07-17T15:00:31.939+0000][1][safepoint    ] Safepoint "GenCollectForAllocation", Time since last: 590243250 ns, Reaching safepoint: 712708 ns, At safepoint: 101841209 ns, Total: 102553917 ns
[2023-07-17T15:00:31.945+0000][1][safepoint    ] Safepoint "RevokeBias", Time since last: 5640958 ns, Reaching safepoint: 817667 ns, At safepoint: 150041 ns, Total: 967708 ns
[2023-07-17T15:00:31.948+0000][1][safepoint    ] Safepoint "RevokeBias", Time since last: 2260834 ns, Reaching safepoint: 479750 ns, At safepoint: 93875 ns, Total: 573625 ns
[2023-07-17T15:00:31.951+0000][1][safepoint    ] Safepoint "RevokeBias", Time since last: 2241750 ns, Reaching safepoint: 389833 ns, At safepoint: 82208 ns, Total: 472041 ns
[2023-07-17T15:00:31.952+0000][1][safepoint    ] Safepoint "RevokeBias", Time since last: 457834 ns, Reaching safepoint: 363166 ns, At safepoint: 89000 ns, Total: 452166 ns
[2023-07-17T15:00:31.953+0000][1][safepoint    ] Safepoint "RevokeBias", Time since last: 739375 ns, Reaching safepoint: 790334 ns, At safepoint: 84250 ns, Total: 874584 ns
[2023-07-17T15:00:31.954+0000][1][safepoint    ] Safepoint "RevokeBias", Time since last: 838416 ns, Reaching safepoint: 355334 ns, At safepoint: 88583 ns, Total: 443917 ns
[2023-07-17T15:00:31.956+0000][1][safepoint    ] Safepoint "RevokeBias", Time since last: 900875 ns, Reaching safepoint: 266833 ns, At safepoint: 98125 ns, Total: 364958 ns
[2023-07-17T15:00:31.957+0000][1][safepoint    ] Safepoint "RevokeBias", Time since last: 493625 ns, Reaching safepoint: 361375 ns, At safepoint: 89042 ns, Total: 450417 ns
[2023-07-17T15:00:31.958+0000][1][safepoint    ] Safepoint "RevokeBias", Time since last: 755958 ns, Reaching safepoint: 206792 ns, At safepoint: 97458 ns, Total: 304250 ns
[2023-07-17T15:00:31.959+0000][1][safepoint    ] Safepoint "RevokeBias", Time since last: 312334 ns, Reaching safepoint: 374625 ns, At safepoint: 140416 ns, Total: 515041 ns
[2023-07-17T15:00:31.961+0000][1][safepoint    ] Safepoint "RevokeBias", Time since last: 1156500 ns, Reaching safepoint: 685042 ns, At safepoint: 123667 ns, Total: 808709 ns
[2023-07-17T15:00:31.962+0000][1][safepoint    ] Safepoint "RevokeBias", Time since last: 966541 ns, Reaching safepoint: 491167 ns, At safepoint: 101083 ns, Total: 592250 ns
[2023-07-17T15:00:31.964+0000][1][safepoint    ] Safepoint "RevokeBias", Time since last: 959834 ns, Reaching safepoint: 485083 ns, At safepoint: 101833 ns, Total: 586916 ns
[2023-07-17T15:00:31.965+0000][1][safepoint    ] Safepoint "RevokeBias", Time since last: 432500 ns, Reaching safepoint: 559042 ns, At safepoint: 101792 ns, Total: 660834 ns
[2023-07-17T15:00:31.966+0000][1][safepoint    ] Safepoint "RevokeBias", Time since last: 876250 ns, Reaching safepoint: 497541 ns, At safepoint: 118500 ns, Total: 616041 ns
[2023-07-17T15:00:31.967+0000][1][safepoint    ] Safepoint "RevokeBias", Time since last: 313834 ns, Reaching safepoint: 295250 ns, At safepoint: 197041 ns, Total: 492291 ns
[2023-07-17T15:00:31.968+0000][1][safepoint    ] Safepoint "RevokeBias", Time since last: 738625 ns, Reaching safepoint: 576542 ns, At safepoint: 107458 ns, Total: 684000 ns
[2023-07-17T15:00:31.972+0000][1][safepoint    ] Safepoint "RevokeBias", Time since last: 3177834 ns, Reaching safepoint: 328041 ns, At safepoint: 196667 ns, Total: 524708 ns
[2023-07-17T15:00:31.973+0000][1][safepoint    ] Safepoint "RevokeBias", Time since last: 587792 ns, Reaching safepoint: 461833 ns, At safepoint: 118542 ns, Total: 580375 ns
[2023-07-17T15:00:31.975+0000][1][safepoint    ] Safepoint "RevokeBias", Time since last: 812083 ns, Reaching safepoint: 247875 ns, At safepoint: 322750 ns, Total: 570625 ns
[2023-07-17T15:00:31.975+0000][1][safepoint    ] Safepoint "RevokeBias", Time since last: 352792 ns, Reaching safepoint: 288666 ns, At safepoint: 112792 ns, Total: 401458 ns
[2023-07-17T15:00:31.976+0000][1][safepoint    ] Safepoint "RevokeBias", Time since last: 473042 ns, Reaching safepoint: 221333 ns, At safepoint: 186542 ns, Total: 407875 ns
[2023-07-17T15:00:31.978+0000][1][safepoint    ] Safepoint "RevokeBias", Time since last: 952791 ns, Reaching safepoint: 359709 ns, At safepoint: 188708 ns, Total: 548417 ns
[2023-07-17T15:00:31.982+0000][1][safepoint    ] Safepoint "RevokeBias", Time since last: 3480833 ns, Reaching safepoint: 749417 ns, At safepoint: 193875 ns, Total: 943292 ns
[2023-07-17T15:00:31.983+0000][1][safepoint    ] Safepoint "RevokeBias", Time since last: 568917 ns, Reaching safepoint: 325875 ns, At safepoint: 145125 ns, Total: 471000 ns
[2023-07-17T15:00:31.984+0000][1][safepoint    ] Safepoint "RevokeBias", Time since last: 290125 ns, Reaching safepoint: 270291 ns, At safepoint: 145959 ns, Total: 416250 ns
[2023-07-17T15:00:31.985+0000][1][safepoint    ] Safepoint "RevokeBias", Time since last: 691125 ns, Reaching safepoint: 530250 ns, At safepoint: 135541 ns, Total: 665791 ns
[2023-07-17T15:00:31.986+0000][1][safepoint    ] Safepoint "RevokeBias", Time since last: 395500 ns, Reaching safepoint: 269792 ns, At safepoint: 140417 ns, Total: 410209 ns
[2023-07-17T15:00:33.007+0000][1][safepoint    ] Safepoint "Deoptimize", Time since last: 1019526000 ns, Reaching safepoint: 778917 ns, At safepoint: 850583 ns, Total: 1629500 ns
[2023-07-17T15:00:33.179+0000][1][safepoint    ] Safepoint "CollectForMetadataAllocation", Time since last: 170907125 ns, Reaching safepoint: 334208 ns, At safepoint: 422250 ns, Total: 756458 ns
[2023-07-17T15:00:33.181+0000][1][safepoint    ] Safepoint "Deoptimize", Time since last: 727709 ns, Reaching safepoint: 145625 ns, At safepoint: 929958 ns, Total: 1075583 ns
[2023-07-17T15:00:33.205+0000][1][safepoint    ] Safepoint "RevokeBias", Time since last: 23710458 ns, Reaching safepoint: 150334 ns, At safepoint: 120708 ns, Total: 271042 ns
[2023-07-17T15:00:33.344+0000][1][gc,start     ] GC(2) Pause Young (Allocation Failure)
[2023-07-17T15:00:33.345+0000][1][gc,task      ] GC(2) Using 4 workers of 4 for evacuation
[2023-07-17T15:00:33.377+0000][1][gc,age       ] GC(2) Desired survivor size 8945664 bytes, new threshold 6 (max threshold 6)
[2023-07-17T15:00:33.378+0000][1][gc,age       ] GC(2) Age table with threshold 6 (max threshold 6)
[2023-07-17T15:00:33.378+0000][1][gc,age       ] GC(2) - age   1:    4419424 bytes,    4419424 total
[2023-07-17T15:00:33.378+0000][1][gc,age       ] GC(2) - age   2:    2762816 bytes,    7182240 total
[2023-07-17T15:00:33.378+0000][1][gc,heap      ] GC(2) ParNew: 146701K->8825K(157248K)
[2023-07-17T15:00:33.378+0000][1][gc,heap      ] GC(2) CMS: 9303K->9303K(349568K)
[2023-07-17T15:00:33.379+0000][1][gc,metaspace ] GC(2) Metaspace: 20352K->20352K(1069056K)
[2023-07-17T15:00:33.379+0000][1][gc           ] GC(2) Pause Young (Allocation Failure) 152M->17M(494M) 34.659ms
[2023-07-17T15:00:33.379+0000][1][gc,cpu       ] GC(2) User=0.13s Sys=0.00s Real=0.03s
[2023-07-17T15:00:33.379+0000][1][safepoint    ] Safepoint "GenCollectForAllocation", Time since last: 139013417 ns, Reaching safepoint: 442250 ns, At safepoint: 35197750 ns, Total: 35640000 ns
[2023-07-17T15:00:33.390+0000][1][gc,start     ] GC(3) Pause Initial Mark
[2023-07-17T15:00:33.409+0000][1][gc           ] GC(3) Pause Initial Mark 20M->20M(494M) 18.847ms
[2023-07-17T15:00:33.410+0000][1][gc,cpu       ] GC(3) User=0.06s Sys=0.00s Real=0.02s
[2023-07-17T15:00:33.411+0000][1][safepoint    ] Safepoint "CMS_Initial_Mark", Time since last: 8304417 ns, Reaching safepoint: 2181541 ns, At safepoint: 20767875 ns, Total: 22949416 ns
[2023-07-17T15:00:33.412+0000][1][safepoint    ] Safepoint "RevokeBias", Time since last: 397084 ns, Reaching safepoint: 606458 ns, At safepoint: 189292 ns, Total: 795750 ns
[2023-07-17T15:00:33.412+0000][1][gc           ] GC(3) Concurrent Mark
[2023-07-17T15:00:33.414+0000][1][safepoint    ] Safepoint "RevokeBias", Time since last: 435625 ns, Reaching safepoint: 1800916 ns, At safepoint: 172459 ns, Total: 1973375 ns
[2023-07-17T15:00:33.419+0000][1][safepoint    ] Safepoint "RevokeBias", Time since last: 3839333 ns, Reaching safepoint: 604250 ns, At safepoint: 153083 ns, Total: 757333 ns
[2023-07-17T15:00:33.430+0000][1][safepoint    ] Safepoint "RevokeBias", Time since last: 9508500 ns, Reaching safepoint: 1016542 ns, At safepoint: 136958 ns, Total: 1153500 ns
[2023-07-17T15:00:33.431+0000][1][safepoint    ] Safepoint "RevokeBias", Time since last: 853250 ns, Reaching safepoint: 346125 ns, At safepoint: 220667 ns, Total: 566792 ns
[2023-07-17T15:00:33.432+0000][1][safepoint    ] Safepoint "RevokeBias", Time since last: 540208 ns, Reaching safepoint: 328417 ns, At safepoint: 125083 ns, Total: 453500 ns
[2023-07-17T15:00:33.434+0000][1][safepoint    ] Safepoint "RevokeBias", Time since last: 1510625 ns, Reaching safepoint: 291792 ns, At safepoint: 115875 ns, Total: 407667 ns
[2023-07-17T15:00:33.435+0000][1][safepoint    ] Safepoint "RevokeBias", Time since last: 491375 ns, Reaching safepoint: 170125 ns, At safepoint: 77458 ns, Total: 247583 ns
[2023-07-17T15:00:33.436+0000][1][safepoint    ] Safepoint "RevokeBias", Time since last: 833250 ns, Reaching safepoint: 270375 ns, At safepoint: 98334 ns, Total: 368709 ns
[2023-07-17T15:00:33.437+0000][1][safepoint    ] Safepoint "RevokeBias", Time since last: 420583 ns, Reaching safepoint: 393542 ns, At safepoint: 116375 ns, Total: 509917 ns
[2023-07-17T15:00:33.439+0000][1][safepoint    ] Safepoint "RevokeBias", Time since last: 1961750 ns, Reaching safepoint: 413500 ns, At safepoint: 132583 ns, Total: 546083 ns
[2023-07-17T15:00:33.441+0000][1][safepoint    ] Safepoint "RevokeBias", Time since last: 908667 ns, Reaching safepoint: 246500 ns, At safepoint: 129791 ns, Total: 376291 ns
[2023-07-17T15:00:33.442+0000][1][safepoint    ] Safepoint "RevokeBias", Time since last: 1102959 ns, Reaching safepoint: 522708 ns, At safepoint: 230667 ns, Total: 753375 ns
[2023-07-17T15:00:33.444+0000][1][safepoint    ] Safepoint "RevokeBias", Time since last: 1091666 ns, Reaching safepoint: 339417 ns, At safepoint: 135375 ns, Total: 474792 ns
[2023-07-17T15:00:33.445+0000][1][safepoint    ] Safepoint "RevokeBias", Time since last: 847583 ns, Reaching safepoint: 310500 ns, At safepoint: 108209 ns, Total: 418709 ns
[2023-07-17T15:00:33.466+0000][1][gc           ] GC(3) Concurrent Mark 53.735ms
[2023-07-17T15:00:33.476+0000][1][gc,cpu       ] GC(3) User=0.23s Sys=0.02s Real=0.06s
[2023-07-17T15:00:33.477+0000][1][gc           ] GC(3) Concurrent Preclean
[2023-07-17T15:00:33.484+0000][1][gc           ] GC(3) Concurrent Preclean 6.698ms
[2023-07-17T15:00:33.484+0000][1][gc,cpu       ] GC(3) User=0.02s Sys=0.01s Real=0.01s
[2023-07-17T15:00:33.485+0000][1][gc           ] GC(3) Concurrent Abortable Preclean
[2023-07-17T15:00:33.579+0000][1][safepoint    ] Safepoint "RevokeBias", Time since last: 133368041 ns, Reaching safepoint: 432500 ns, At safepoint: 88667 ns, Total: 521167 ns
[2023-07-17T15:00:33.635+0000][1][safepoint    ] Safepoint "RevokeBias", Time since last: 55042125 ns, Reaching safepoint: 244000 ns, At safepoint: 115625 ns, Total: 359625 ns
[2023-07-17T15:00:33.653+0000][1][safepoint    ] Safepoint "RevokeBias", Time since last: 17788583 ns, Reaching safepoint: 217250 ns, At safepoint: 119000 ns, Total: 336250 ns
[2023-07-17T15:00:33.894+0000][1][safepoint    ] Safepoint "RevokeBias", Time since last: 240390875 ns, Reaching safepoint: 422584 ns, At safepoint: 105166 ns, Total: 527750 ns
[2023-07-17T15:00:33.917+0000][1][safepoint    ] Safepoint "RevokeBias", Time since last: 23113917 ns, Reaching safepoint: 193083 ns, At safepoint: 119000 ns, Total: 312083 ns
[2023-07-17T15:00:34.069+0000][1][safepoint    ] Safepoint "RevokeBias", Time since last: 151479292 ns, Reaching safepoint: 279292 ns, At safepoint: 101125 ns, Total: 380417 ns
[2023-07-17T15:00:34.082+0000][1][safepoint    ] Safepoint "RevokeBias", Time since last: 13118333 ns, Reaching safepoint: 158209 ns, At safepoint: 102708 ns, Total: 260917 ns
[2023-07-17T15:00:34.082+0000][1][gc           ] GC(3) Concurrent Abortable Preclean 597.167ms
[2023-07-17T15:00:34.083+0000][1][gc,cpu       ] GC(3) User=1.64s Sys=0.04s Real=0.60s
[2023-07-17T15:00:34.084+0000][1][gc,start     ] GC(3) Pause Remark
[2023-07-17T15:00:34.188+0000][1][gc           ] GC(3) Pause Remark 90M->90M(494M) 103.790ms
[2023-07-17T15:00:34.188+0000][1][gc,cpu       ] GC(3) User=0.32s Sys=0.00s Real=0.10s
[2023-07-17T15:00:34.188+0000][1][safepoint    ] Safepoint "CMS_Final_Remark", Time since last: 1364750 ns, Reaching safepoint: 174708 ns, At safepoint: 104472709 ns, Total: 104647417 ns
[2023-07-17T15:00:34.189+0000][1][gc           ] GC(3) Concurrent Sweep
[2023-07-17T15:00:34.213+0000][1][gc           ] GC(3) Concurrent Sweep 23.764ms
[2023-07-17T15:00:34.214+0000][1][gc,cpu       ] GC(3) User=0.08s Sys=0.00s Real=0.03s
[2023-07-17T15:00:34.215+0000][1][gc           ] GC(3) Concurrent Reset
[2023-07-17T15:00:34.218+0000][1][gc           ] GC(3) Concurrent Reset 3.089ms
[2023-07-17T15:00:34.219+0000][1][gc,cpu       ] GC(3) User=0.01s Sys=0.00s Real=0.00s
[2023-07-17T15:00:34.220+0000][1][gc,heap      ] GC(3) Old: 9303K->9302K(349568K)
[2023-07-17T15:00:35.152+0000][1][gc,start     ] GC(4) Pause Young (Allocation Failure)
[2023-07-17T15:00:35.157+0000][1][gc,task      ] GC(4) Using 4 workers of 4 for evacuation
[2023-07-17T15:00:35.188+0000][1][gc,age       ] GC(4) Desired survivor size 8945664 bytes, new threshold 6 (max threshold 6)
[2023-07-17T15:00:35.189+0000][1][gc,age       ] GC(4) Age table with threshold 6 (max threshold 6)
[2023-07-17T15:00:35.189+0000][1][gc,age       ] GC(4) - age   1:    1856976 bytes,    1856976 total
[2023-07-17T15:00:35.189+0000][1][gc,age       ] GC(4) - age   2:    2765808 bytes,    4622784 total
[2023-07-17T15:00:35.189+0000][1][gc,age       ] GC(4) - age   3:    2758696 bytes,    7381480 total
[2023-07-17T15:00:35.190+0000][1][gc,heap      ] GC(4) ParNew: 148601K->10492K(157248K)
[2023-07-17T15:00:35.190+0000][1][gc,heap      ] GC(4) CMS: 9302K->9302K(349568K)
[2023-07-17T15:00:35.190+0000][1][gc,metaspace ] GC(4) Metaspace: 20691K->20691K(1069056K)
[2023-07-17T15:00:35.191+0000][1][gc           ] GC(4) Pause Young (Allocation Failure) 154M->19M(494M) 39.529ms
[2023-07-17T15:00:35.191+0000][1][gc,cpu       ] GC(4) User=0.10s Sys=0.01s Real=0.04s
[2023-07-17T15:00:35.192+0000][1][safepoint    ] Safepoint "GenCollectForAllocation", Time since last: 958934375 ns, Reaching safepoint: 3965833 ns, At safepoint: 40715167 ns, Total: 44681000 ns
[2023-07-17T15:00:35.208+0000][1][safepoint    ] Safepoint "BulkRevokeBias", Time since last: 10561333 ns, Reaching safepoint: 771917 ns, At safepoint: 4841375 ns, Total: 5613292 ns
[2023-07-17T15:00:35.213+0000][1][safepoint    ] Safepoint "BulkRevokeBias", Time since last: 1417042 ns, Reaching safepoint: 2816708 ns, At safepoint: 387750 ns, Total: 3204458 ns
[2023-07-17T15:00:36.176+0000][1][gc,start     ] GC(5) Pause Young (Allocation Failure)
[2023-07-17T15:00:36.177+0000][1][gc,task      ] GC(5) Using 4 workers of 4 for evacuation
[2023-07-17T15:00:36.202+0000][1][gc,age       ] GC(5) Desired survivor size 8945664 bytes, new threshold 4 (max threshold 6)
[2023-07-17T15:00:36.202+0000][1][gc,age       ] GC(5) Age table with threshold 4 (max threshold 6)
[2023-07-17T15:00:36.202+0000][1][gc,age       ] GC(5) - age   1:    2422776 bytes,    2422776 total
[2023-07-17T15:00:36.203+0000][1][gc,age       ] GC(5) - age   2:    1333256 bytes,    3756032 total
[2023-07-17T15:00:36.203+0000][1][gc,age       ] GC(5) - age   3:    2765784 bytes,    6521816 total
[2023-07-17T15:00:36.203+0000][1][gc,age       ] GC(5) - age   4:    2758312 bytes,    9280128 total
[2023-07-17T15:00:36.203+0000][1][gc,heap      ] GC(5) ParNew: 150268K->12257K(157248K)
[2023-07-17T15:00:36.204+0000][1][gc,heap      ] GC(5) CMS: 9302K->9302K(349568K)
[2023-07-17T15:00:36.204+0000][1][gc,metaspace ] GC(5) Metaspace: 20878K->20878K(1069056K)
[2023-07-17T15:00:36.204+0000][1][gc           ] GC(5) Pause Young (Allocation Failure) 155M->21M(494M) 28.132ms
[2023-07-17T15:00:36.205+0000][1][gc,cpu       ] GC(5) User=0.09s Sys=0.00s Real=0.03s
[2023-07-17T15:00:36.205+0000][1][safepoint    ] Safepoint "GenCollectForAllocation", Time since last: 963080251 ns, Reaching safepoint: 490916 ns, At safepoint: 28760209 ns, Total: 29251125 ns
[2023-07-17T15:00:37.097+0000][1][gc,start     ] GC(6) Pause Young (Allocation Failure)
[2023-07-17T15:00:37.097+0000][1][gc,task      ] GC(6) Using 4 workers of 4 for evacuation
[2023-07-17T15:00:37.121+0000][1][gc,age       ] GC(6) Desired survivor size 8945664 bytes, new threshold 6 (max threshold 6)
[2023-07-17T15:00:37.121+0000][1][gc,age       ] GC(6) Age table with threshold 6 (max threshold 6)
[2023-07-17T15:00:37.121+0000][1][gc,age       ] GC(6) - age   1:    1380216 bytes,    1380216 total
[2023-07-17T15:00:37.121+0000][1][gc,age       ] GC(6) - age   2:     494216 bytes,    1874432 total
[2023-07-17T15:00:37.121+0000][1][gc,age       ] GC(6) - age   3:    1332968 bytes,    3207400 total
[2023-07-17T15:00:37.121+0000][1][gc,age       ] GC(6) - age   4:    2764680 bytes,    5972080 total
[2023-07-17T15:00:37.122+0000][1][gc,heap      ] GC(6) ParNew: 152033K->10492K(157248K)
[2023-07-17T15:00:37.122+0000][1][gc,heap      ] GC(6) CMS: 9302K->12023K(349568K)
[2023-07-17T15:00:37.122+0000][1][gc,metaspace ] GC(6) Metaspace: 21811K->21811K(1069056K)
[2023-07-17T15:00:37.122+0000][1][gc           ] GC(6) Pause Young (Allocation Failure) 157M->21M(494M) 25.573ms
[2023-07-17T15:00:37.122+0000][1][gc,cpu       ] GC(6) User=0.08s Sys=0.00s Real=0.03s
[2023-07-17T15:00:37.122+0000][1][safepoint    ] Safepoint "GenCollectForAllocation", Time since last: 890643042 ns, Reaching safepoint: 930375 ns, At safepoint: 25897833 ns, Total: 26828208 ns
[2023-07-17T15:00:37.356+0000][1][safepoint    ] Safepoint "RevokeBias", Time since last: 233044208 ns, Reaching safepoint: 366917 ns, At safepoint: 240917 ns, Total: 607834 ns
[2023-07-17T15:00:37.745+0000][1][gc,start     ] GC(7) Pause Young (Allocation Failure)
[2023-07-17T15:00:37.745+0000][1][gc,task      ] GC(7) Using 4 workers of 4 for evacuation
[2023-07-17T15:00:37.767+0000][1][gc,age       ] GC(7) Desired survivor size 8945664 bytes, new threshold 6 (max threshold 6)
[2023-07-17T15:00:37.767+0000][1][gc,age       ] GC(7) Age table with threshold 6 (max threshold 6)
[2023-07-17T15:00:37.767+0000][1][gc,age       ] GC(7) - age   1:     444920 bytes,     444920 total
[2023-07-17T15:00:37.767+0000][1][gc,age       ] GC(7) - age   2:     789976 bytes,    1234896 total
[2023-07-17T15:00:37.767+0000][1][gc,age       ] GC(7) - age   3:     494216 bytes,    1729112 total
[2023-07-17T15:00:37.768+0000][1][gc,age       ] GC(7) - age   4:    1332368 bytes,    3061480 total
[2023-07-17T15:00:37.768+0000][1][gc,age       ] GC(7) - age   5:    2764720 bytes,    5826200 total
[2023-07-17T15:00:37.768+0000][1][gc,heap      ] GC(7) ParNew: 150268K->7667K(157248K)
[2023-07-17T15:00:37.768+0000][1][gc,heap      ] GC(7) CMS: 12023K->12023K(349568K)
[2023-07-17T15:00:37.768+0000][1][gc,metaspace ] GC(7) Metaspace: 22019K->22019K(1069056K)
[2023-07-17T15:00:37.769+0000][1][gc           ] GC(7) Pause Young (Allocation Failure) 158M->19M(494M) 23.513ms
[2023-07-17T15:00:37.769+0000][1][gc,cpu       ] GC(7) User=0.07s Sys=0.00s Real=0.02s
[2023-07-17T15:00:37.769+0000][1][safepoint    ] Safepoint "GenCollectForAllocation", Time since last: 388400458 ns, Reaching safepoint: 458167 ns, At safepoint: 23902583 ns, Total: 24360750 ns
[2023-07-17T15:00:38.247+0000][1][safepoint    ] Safepoint "RevokeBias", Time since last: 477541501 ns, Reaching safepoint: 242625 ns, At safepoint: 212833 ns, Total: 455458 ns
[2023-07-17T15:00:39.083+0000][1][gc,start     ] GC(8) Pause Young (Allocation Failure)
[2023-07-17T15:00:39.084+0000][1][gc,task      ] GC(8) Using 4 workers of 4 for evacuation
[2023-07-17T15:00:39.103+0000][1][gc,age       ] GC(8) Desired survivor size 8945664 bytes, new threshold 6 (max threshold 6)
[2023-07-17T15:00:39.103+0000][1][gc,age       ] GC(8) Age table with threshold 6 (max threshold 6)
[2023-07-17T15:00:39.103+0000][1][gc,age       ] GC(8) - age   1:    1184768 bytes,    1184768 total
[2023-07-17T15:00:39.103+0000][1][gc,age       ] GC(8) - age   2:     424304 bytes,    1609072 total
[2023-07-17T15:00:39.104+0000][1][gc,age       ] GC(8) - age   3:     789824 bytes,    2398896 total
[2023-07-17T15:00:39.104+0000][1][gc,age       ] GC(8) - age   4:     494152 bytes,    2893048 total
[2023-07-17T15:00:39.104+0000][1][gc,age       ] GC(8) - age   5:    1331760 bytes,    4224808 total
[2023-07-17T15:00:39.104+0000][1][gc,age       ] GC(8) - age   6:    2761360 bytes,    6986168 total
[2023-07-17T15:00:39.104+0000][1][gc,heap      ] GC(8) ParNew: 147443K->9121K(157248K)
[2023-07-17T15:00:39.104+0000][1][gc,heap      ] GC(8) CMS: 12023K->12023K(349568K)
[2023-07-17T15:00:39.104+0000][1][gc,metaspace ] GC(8) Metaspace: 24615K->24615K(1073152K)
[2023-07-17T15:00:39.105+0000][1][gc           ] GC(8) Pause Young (Allocation Failure) 155M->20M(494M) 21.269ms
[2023-07-17T15:00:39.105+0000][1][gc,cpu       ] GC(8) User=0.05s Sys=0.00s Real=0.02s
[2023-07-17T15:00:39.105+0000][1][safepoint    ] Safepoint "GenCollectForAllocation", Time since last: 835266959 ns, Reaching safepoint: 1246500 ns, At safepoint: 21664333 ns, Total: 22910833 ns
[2023-07-17T15:00:39.351+0000][1][safepoint    ] Safepoint "RevokeBias", Time since last: 245747250 ns, Reaching safepoint: 578625 ns, At safepoint: 62208 ns, Total: 640833 ns
[2023-07-17T15:00:39.823+0000][1][safepoint    ] Safepoint "Deoptimize", Time since last: 470233001 ns, Reaching safepoint: 472000 ns, At safepoint: 1173500 ns, Total: 1645500 ns
[2023-07-17T15:00:40.825+0000][1][safepoint    ] Safepoint "Cleanup", Time since last: 1000445917 ns, Reaching safepoint: 1016166 ns, At safepoint: 26167 ns, Total: 1042333 ns
[2023-07-17T15:00:41.826+0000][1][safepoint    ] Safepoint "Cleanup", Time since last: 1000459667 ns, Reaching safepoint: 759125 ns, At safepoint: 17958 ns, Total: 777083 ns
[2023-07-17T15:00:42.439+0000][1][safepoint    ] Safepoint "RevokeBias", Time since last: 612387417 ns, Reaching safepoint: 325208 ns, At safepoint: 193334 ns, Total: 518542 ns
[2023-07-17T15:00:43.441+0000][1][safepoint    ] Safepoint "Cleanup", Time since last: 1001820917 ns, Reaching safepoint: 458791 ns, At safepoint: 13500 ns, Total: 472291 ns
[2023-07-17T15:00:43.974+0000][1][gc,start     ] GC(9) Pause Young (Allocation Failure)
[2023-07-17T15:00:43.974+0000][1][gc,task      ] GC(9) Using 4 workers of 4 for evacuation
[2023-07-17T15:00:44.072+0000][1][gc,age       ] GC(9) Desired survivor size 8945664 bytes, new threshold 1 (max threshold 6)
[2023-07-17T15:00:44.073+0000][1][gc,age       ] GC(9) Age table with threshold 1 (max threshold 6)
[2023-07-17T15:00:44.073+0000][1][gc,age       ] GC(9) - age   1:   13691480 bytes,   13691480 total
[2023-07-17T15:00:44.073+0000][1][gc,age       ] GC(9) - age   2:    1156992 bytes,   14848472 total
[2023-07-17T15:00:44.073+0000][1][gc,age       ] GC(9) - age   3:     421664 bytes,   15270136 total
[2023-07-17T15:00:44.073+0000][1][gc,age       ] GC(9) - age   4:     789040 bytes,   16059176 total
[2023-07-17T15:00:44.073+0000][1][gc,age       ] GC(9) - age   5:     491864 bytes,   16551040 total
[2023-07-17T15:00:44.073+0000][1][gc,age       ] GC(9) - age   6:    1320816 bytes,   17871856 total
[2023-07-17T15:00:44.074+0000][1][gc,heap      ] GC(9) ParNew: 148897K->17472K(157248K)
[2023-07-17T15:00:44.074+0000][1][gc,heap      ] GC(9) CMS: 12023K->19366K(349568K)
[2023-07-17T15:00:44.074+0000][1][gc,metaspace ] GC(9) Metaspace: 28944K->28944K(1077248K)
[2023-07-17T15:00:44.074+0000][1][gc           ] GC(9) Pause Young (Allocation Failure) 157M->35M(494M) 100.510ms
[2023-07-17T15:00:44.074+0000][1][gc,cpu       ] GC(9) User=0.37s Sys=0.00s Real=0.10s
[2023-07-17T15:00:44.074+0000][1][safepoint    ] Safepoint "GenCollectForAllocation", Time since last: 526803792 ns, Reaching safepoint: 5760209 ns, At safepoint: 100924166 ns, Total: 106684375 ns
[2023-07-17T15:00:45.076+0000][1][safepoint    ] Safepoint "Cleanup", Time since last: 1000731209 ns, Reaching safepoint: 513625 ns, At safepoint: 16542 ns, Total: 530167 ns
[2023-07-17T15:00:45.264+0000][1][safepoint    ] Safepoint "Deoptimize", Time since last: 186957292 ns, Reaching safepoint: 221666 ns, At safepoint: 966834 ns, Total: 1188500 ns
[2023-07-17T15:00:46.265+0000][1][safepoint    ] Safepoint "Cleanup", Time since last: 1000414083 ns, Reaching safepoint: 1113709 ns, At safepoint: 20166 ns, Total: 1133875 ns
[2023-07-17T15:00:46.942+0000][1][safepoint    ] Safepoint "CollectForMetadataAllocation", Time since last: 675798209 ns, Reaching safepoint: 614500 ns, At safepoint: 383792 ns, Total: 998292 ns
[2023-07-17T15:00:47.010+0000][1][safepoint    ] Safepoint "CollectForMetadataAllocation", Time since last: 67400541 ns, Reaching safepoint: 268334 ns, At safepoint: 166875 ns, Total: 435209 ns
[2023-07-17T15:00:47.086+0000][1][safepoint    ] Safepoint "CollectForMetadataAllocation", Time since last: 75213666 ns, Reaching safepoint: 553709 ns, At safepoint: 164833 ns, Total: 718542 ns
[2023-07-17T15:00:47.180+0000][1][safepoint    ] Safepoint "CollectForMetadataAllocation", Time since last: 93908584 ns, Reaching safepoint: 317791 ns, At safepoint: 178959 ns, Total: 496750 ns
[2023-07-17T15:00:47.314+0000][1][safepoint    ] Safepoint "CollectForMetadataAllocation", Time since last: 132888083 ns, Reaching safepoint: 343417 ns, At safepoint: 222750 ns, Total: 566167 ns
[2023-07-17T15:00:47.889+0000][1][gc,start     ] GC(10) Pause Young (Allocation Failure)
[2023-07-17T15:00:47.890+0000][1][gc,task      ] GC(10) Using 4 workers of 4 for evacuation
[2023-07-17T15:00:48.197+0000][1][gc,age       ] GC(10) Desired survivor size 8945664 bytes, new threshold 1 (max threshold 6)
[2023-07-17T15:00:48.197+0000][1][gc,age       ] GC(10) Age table with threshold 1 (max threshold 6)
[2023-07-17T15:00:48.197+0000][1][gc,age       ] GC(10) - age   1:   10447608 bytes,   10447608 total
[2023-07-17T15:00:48.198+0000][1][gc,heap      ] GC(10) ParNew: 157248K->17472K(157248K)
[2023-07-17T15:00:48.198+0000][1][gc,heap      ] GC(10) CMS: 19366K->38191K(349568K)
[2023-07-17T15:00:48.198+0000][1][gc,metaspace ] GC(10) Metaspace: 34722K->34722K(1081344K)
[2023-07-17T15:00:48.199+0000][1][gc           ] GC(10) Pause Young (Allocation Failure) 172M->54M(494M) 309.683ms
[2023-07-17T15:00:48.199+0000][1][gc,cpu       ] GC(10) User=0.77s Sys=0.02s Real=0.31s
[2023-07-17T15:00:48.200+0000][1][safepoint    ] Safepoint "GenCollectForAllocation", Time since last: 572720792 ns, Reaching safepoint: 2298458 ns, At safepoint: 310799000 ns, Total: 313097458 ns
[2023-07-17T15:00:48.213+0000][1][gc,start     ] GC(11) Pause Initial Mark
[2023-07-17T15:00:48.275+0000][1][gc           ] GC(11) Pause Initial Mark 57M->57M(494M) 62.071ms
[2023-07-17T15:00:48.276+0000][1][gc,cpu       ] GC(11) User=0.11s Sys=0.00s Real=0.06s
[2023-07-17T15:00:48.276+0000][1][safepoint    ] Safepoint "CMS_Initial_Mark", Time since last: 11936208 ns, Reaching safepoint: 1315792 ns, At safepoint: 63035875 ns, Total: 64351667 ns
[2023-07-17T15:00:48.277+0000][1][gc           ] GC(11) Concurrent Mark
[2023-07-17T15:00:48.537+0000][1][gc           ] GC(11) Concurrent Mark 256.824ms
[2023-07-17T15:00:48.542+0000][1][gc,cpu       ] GC(11) User=0.58s Sys=0.04s Real=0.27s
[2023-07-17T15:00:48.544+0000][1][gc           ] GC(11) Concurrent Preclean
[2023-07-17T15:00:48.557+0000][1][gc           ] GC(11) Concurrent Preclean 13.111ms
[2023-07-17T15:00:48.559+0000][1][gc,cpu       ] GC(11) User=0.03s Sys=0.00s Real=0.01s
[2023-07-17T15:00:48.563+0000][1][gc           ] GC(11) Concurrent Abortable Preclean
[2023-07-17T15:00:49.282+0000][1][safepoint    ] Safepoint "Cleanup", Time since last: 1001826376 ns, Reaching safepoint: 3502208 ns, At safepoint: 530500 ns, Total: 4032708 ns
[2023-07-17T15:00:49.425+0000][1][safepoint    ] Safepoint "CollectForMetadataAllocation", Time since last: 142147958 ns, Reaching safepoint: 761875 ns, At safepoint: 617084 ns, Total: 1378959 ns
[2023-07-17T15:00:50.087+0000][1][gc           ] GC(11) Concurrent Abortable Preclean 1524.072ms
[2023-07-17T15:00:50.088+0000][1][gc,cpu       ] GC(11) User=3.75s Sys=0.10s Real=1.52s
[2023-07-17T15:00:50.090+0000][1][gc,start     ] GC(11) Pause Remark
[2023-07-17T15:00:50.243+0000][1][gc           ] GC(11) Pause Remark 127M->127M(494M) 152.888ms
[2023-07-17T15:00:50.243+0000][1][gc,cpu       ] GC(11) User=0.28s Sys=0.03s Real=0.16s
[2023-07-17T15:00:50.244+0000][1][safepoint    ] Safepoint "CMS_Final_Remark", Time since last: 663128583 ns, Reaching safepoint: 821250 ns, At safepoint: 154804209 ns, Total: 155625459 ns
[2023-07-17T15:00:50.248+0000][1][gc           ] GC(11) Concurrent Sweep
[2023-07-17T15:00:50.331+0000][1][gc           ] GC(11) Concurrent Sweep 82.926ms
[2023-07-17T15:00:50.331+0000][1][gc,cpu       ] GC(11) User=0.22s Sys=0.01s Real=0.09s
[2023-07-17T15:00:50.333+0000][1][gc           ] GC(11) Concurrent Reset
[2023-07-17T15:00:50.334+0000][1][gc           ] GC(11) Concurrent Reset 1.514ms
[2023-07-17T15:00:50.335+0000][1][gc,cpu       ] GC(11) User=0.00s Sys=0.00s Real=0.00s
[2023-07-17T15:00:50.336+0000][1][gc,heap      ] GC(11) Old: 38191K->38024K(349568K)
[2023-07-17T15:00:51.249+0000][1][safepoint    ] Safepoint "Cleanup", Time since last: 1000474875 ns, Reaching safepoint: 4649542 ns, At safepoint: 18375 ns, Total: 4667917 ns
[2023-07-17T15:00:52.167+0000][1][safepoint    ] Safepoint "RevokeBias", Time since last: 915828417 ns, Reaching safepoint: 630625 ns, At safepoint: 1188542 ns, Total: 1819167 ns
[2023-07-17T15:00:52.177+0000][1][safepoint    ] Safepoint "Deoptimize", Time since last: 7396750 ns, Reaching safepoint: 156583 ns, At safepoint: 2177542 ns, Total: 2334125 ns
[2023-07-17T15:00:53.178+0000][1][safepoint    ] Safepoint "Cleanup", Time since last: 1000290000 ns, Reaching safepoint: 829375 ns, At safepoint: 15625 ns, Total: 845000 ns
[2023-07-17T15:00:54.179+0000][1][safepoint    ] Safepoint "Cleanup", Time since last: 1000290876 ns, Reaching safepoint: 869625 ns, At safepoint: 22458 ns, Total: 892083 ns
[2023-07-17T15:00:54.489+0000][1][gc,start     ] GC(12) Pause Young (Allocation Failure)
[2023-07-17T15:00:54.491+0000][1][gc,task      ] GC(12) Using 4 workers of 4 for evacuation
[2023-07-17T15:00:54.625+0000][1][gc,age       ] GC(12) Desired survivor size 8945664 bytes, new threshold 6 (max threshold 6)
[2023-07-17T15:00:54.626+0000][1][gc,age       ] GC(12) Age table with threshold 6 (max threshold 6)
[2023-07-17T15:00:54.626+0000][1][gc,age       ] GC(12) - age   1:    3403272 bytes,    3403272 total
[2023-07-17T15:00:54.627+0000][1][gc,heap      ] GC(12) ParNew: 157248K->7468K(157248K)
[2023-07-17T15:00:54.627+0000][1][gc,heap      ] GC(12) CMS: 38024K->48611K(349568K)
[2023-07-17T15:00:54.627+0000][1][gc,metaspace ] GC(12) Metaspace: 44034K->44034K(1089536K)
[2023-07-17T15:00:54.628+0000][1][gc           ] GC(12) Pause Young (Allocation Failure) 190M->54M(494M) 139.029ms
[2023-07-17T15:00:54.629+0000][1][gc,cpu       ] GC(12) User=0.25s Sys=0.00s Real=0.14s
[2023-07-17T15:00:54.630+0000][1][safepoint    ] Safepoint "GenCollectForAllocation", Time since last: 309629708 ns, Reaching safepoint: 359042 ns, At safepoint: 140579083 ns, Total: 140938125 ns
[2023-07-17T15:00:54.815+0000][1][safepoint    ] Safepoint "RevokeBias", Time since last: 184557167 ns, Reaching safepoint: 699625 ns, At safepoint: 290125 ns, Total: 989750 ns
[2023-07-17T15:00:55.816+0000][1][safepoint    ] Safepoint "Cleanup", Time since last: 1000410792 ns, Reaching safepoint: 503209 ns, At safepoint: 17708 ns, Total: 520917 ns
[2023-07-17T15:00:57.817+0000][1][safepoint    ] Safepoint "Cleanup", Time since last: 2000517126 ns, Reaching safepoint: 338667 ns, At safepoint: 17250 ns, Total: 355917 ns
[2023-07-17T15:00:58.818+0000][1][safepoint    ] Safepoint "Cleanup", Time since last: 1000454458 ns, Reaching safepoint: 636500 ns, At safepoint: 18750 ns, Total: 655250 ns
[2023-07-17T15:00:59.585+0000][1][safepoint    ] Safepoint "ICBufferFull", Time since last: 765710292 ns, Reaching safepoint: 1153334 ns, At safepoint: 28750 ns, Total: 1182084 ns
[2023-07-17T15:00:59.812+0000][1][safepoint    ] Safepoint "RevokeBias", Time since last: 226248125 ns, Reaching safepoint: 768542 ns, At safepoint: 204666 ns, Total: 973208 ns
[2023-07-17T15:00:59.814+0000][1][safepoint    ] Safepoint "RevokeBias", Time since last: 1009542 ns, Reaching safepoint: 423958 ns, At safepoint: 238084 ns, Total: 662042 ns
[2023-07-17T15:00:59.815+0000][1][safepoint    ] Safepoint "RevokeBias", Time since last: 884333 ns, Reaching safepoint: 354333 ns, At safepoint: 182792 ns, Total: 537125 ns
[2023-07-17T15:00:59.818+0000][1][safepoint    ] Safepoint "RevokeBias", Time since last: 1722667 ns, Reaching safepoint: 386166 ns, At safepoint: 207667 ns, Total: 593833 ns
[2023-07-17T15:00:59.820+0000][1][safepoint    ] Safepoint "BulkRevokeBias", Time since last: 1824292 ns, Reaching safepoint: 315625 ns, At safepoint: 741708 ns, Total: 1057333 ns
[2023-07-17T15:00:59.823+0000][1][safepoint    ] Safepoint "RevokeBias", Time since last: 1758292 ns, Reaching safepoint: 294583 ns, At safepoint: 151917 ns, Total: 446500 ns
[2023-07-17T15:00:59.824+0000][1][safepoint    ] Safepoint "RevokeBias", Time since last: 1212625 ns, Reaching safepoint: 259625 ns, At safepoint: 208375 ns, Total: 468000 ns
[2023-07-17T15:00:59.826+0000][1][safepoint    ] Safepoint "RevokeBias", Time since last: 802208 ns, Reaching safepoint: 419000 ns, At safepoint: 189292 ns, Total: 608292 ns
[2023-07-17T15:00:59.827+0000][1][safepoint    ] Safepoint "RevokeBias", Time since last: 362583 ns, Reaching safepoint: 311500 ns, At safepoint: 191542 ns, Total: 503042 ns
[2023-07-17T15:00:59.827+0000][1][safepoint    ] Safepoint "RevokeBias", Time since last: 218000 ns, Reaching safepoint: 162833 ns, At safepoint: 149833 ns, Total: 312666 ns
[2023-07-17T15:00:59.829+0000][1][safepoint    ] Safepoint "RevokeBias", Time since last: 1007459 ns, Reaching safepoint: 306000 ns, At safepoint: 138791 ns, Total: 444791 ns
[2023-07-17T15:00:59.832+0000][1][safepoint    ] Safepoint "RevokeBias", Time since last: 3205167 ns, Reaching safepoint: 147375 ns, At safepoint: 123042 ns, Total: 270417 ns
[2023-07-17T15:00:59.833+0000][1][safepoint    ] Safepoint "RevokeBias", Time since last: 435958 ns, Reaching safepoint: 68875 ns, At safepoint: 100875 ns, Total: 169750 ns
[2023-07-17T15:00:59.833+0000][1][safepoint    ] Safepoint "RevokeBias", Time since last: 286042 ns, Reaching safepoint: 75875 ns, At safepoint: 98291 ns, Total: 174166 ns
[2023-07-17T15:00:59.834+0000][1][safepoint    ] Safepoint "RevokeBias", Time since last: 351750 ns, Reaching safepoint: 70542 ns, At safepoint: 107417 ns, Total: 177959 ns
[2023-07-17T15:00:59.834+0000][1][safepoint    ] Safepoint "RevokeBias", Time since last: 307083 ns, Reaching safepoint: 164917 ns, At safepoint: 103875 ns, Total: 268792 ns
[2023-07-17T15:00:59.835+0000][1][safepoint    ] Safepoint "RevokeBias", Time since last: 381125 ns, Reaching safepoint: 432708 ns, At safepoint: 156667 ns, Total: 589375 ns
[2023-07-17T15:00:59.836+0000][1][safepoint    ] Safepoint "RevokeBias", Time since last: 445041 ns, Reaching safepoint: 200667 ns, At safepoint: 123083 ns, Total: 323750 ns
[2023-07-17T15:00:59.837+0000][1][safepoint    ] Safepoint "RevokeBias", Time since last: 451459 ns, Reaching safepoint: 360583 ns, At safepoint: 179042 ns, Total: 539625 ns
[2023-07-17T15:00:59.838+0000][1][safepoint    ] Safepoint "RevokeBias", Time since last: 363125 ns, Reaching safepoint: 206458 ns, At safepoint: 136917 ns, Total: 343375 ns
[2023-07-17T15:00:59.839+0000][1][safepoint    ] Safepoint "RevokeBias", Time since last: 562458 ns, Reaching safepoint: 201375 ns, At safepoint: 127208 ns, Total: 328583 ns
[2023-07-17T15:00:59.840+0000][1][safepoint    ] Safepoint "RevokeBias", Time since last: 451709 ns, Reaching safepoint: 527541 ns, At safepoint: 166792 ns, Total: 694333 ns
[2023-07-17T15:00:59.845+0000][1][safepoint    ] Safepoint "RevokeBias", Time since last: 4768875 ns, Reaching safepoint: 368625 ns, At safepoint: 206917 ns, Total: 575542 ns
[2023-07-17T15:00:59.846+0000][1][safepoint    ] Safepoint "RevokeBias", Time since last: 294791 ns, Reaching safepoint: 142542 ns, At safepoint: 146500 ns, Total: 289042 ns
[2023-07-17T15:00:59.846+0000][1][safepoint    ] Safepoint "RevokeBias", Time since last: 405458 ns, Reaching safepoint: 161709 ns, At safepoint: 143083 ns, Total: 304792 ns
[2023-07-17T15:00:59.850+0000][1][safepoint    ] Safepoint "BulkRevokeBias", Time since last: 2472625 ns, Reaching safepoint: 293292 ns, At safepoint: 500125 ns, Total: 793417 ns
[2023-07-17T15:00:59.852+0000][1][safepoint    ] Safepoint "RevokeBias", Time since last: 1758708 ns, Reaching safepoint: 238958 ns, At safepoint: 190500 ns, Total: 429458 ns
[2023-07-17T15:00:59.853+0000][1][safepoint    ] Safepoint "RevokeBias", Time since last: 380292 ns, Reaching safepoint: 286375 ns, At safepoint: 137125 ns, Total: 423500 ns
[2023-07-17T15:00:59.858+0000][1][safepoint    ] Safepoint "RevokeBias", Time since last: 4674042 ns, Reaching safepoint: 484125 ns, At safepoint: 162208 ns, Total: 646333 ns
[2023-07-17T15:00:59.859+0000][1][safepoint    ] Safepoint "RevokeBias", Time since last: 397458 ns, Reaching safepoint: 243334 ns, At safepoint: 81583 ns, Total: 324917 ns
[2023-07-17T15:00:59.860+0000][1][safepoint    ] Safepoint "RevokeBias", Time since last: 1209083 ns, Reaching safepoint: 488417 ns, At safepoint: 113417 ns, Total: 601834 ns
[2023-07-17T15:00:59.861+0000][1][safepoint    ] Safepoint "RevokeBias", Time since last: 233583 ns, Reaching safepoint: 225750 ns, At safepoint: 103625 ns, Total: 329375 ns
[2023-07-17T15:00:59.862+0000][1][safepoint    ] Safepoint "RevokeBias", Time since last: 285750 ns, Reaching safepoint: 183208 ns, At safepoint: 96292 ns, Total: 279500 ns
[2023-07-17T15:00:59.862+0000][1][safepoint    ] Safepoint "RevokeBias", Time since last: 188542 ns, Reaching safepoint: 237291 ns, At safepoint: 116709 ns, Total: 354000 ns
[2023-07-17T15:00:59.863+0000][1][safepoint    ] Safepoint "RevokeBias", Time since last: 256625 ns, Reaching safepoint: 218125 ns, At safepoint: 112916 ns, Total: 331041 ns
[2023-07-17T15:00:59.868+0000][1][safepoint    ] Safepoint "RevokeBias", Time since last: 5099542 ns, Reaching safepoint: 167292 ns, At safepoint: 47125 ns, Total: 214417 ns
[2023-07-17T15:00:59.868+0000][1][safepoint    ] Safepoint "RevokeBias", Time since last: 335000 ns, Reaching safepoint: 76625 ns, At safepoint: 46541 ns, Total: 123166 ns
[2023-07-17T15:00:59.869+0000][1][safepoint    ] Safepoint "RevokeBias", Time since last: 160084 ns, Reaching safepoint: 103750 ns, At safepoint: 35708 ns, Total: 139458 ns
[2023-07-17T15:00:59.869+0000][1][safepoint    ] Safepoint "RevokeBias", Time since last: 190125 ns, Reaching safepoint: 82417 ns, At safepoint: 37333 ns, Total: 119750 ns
[2023-07-17T15:00:59.869+0000][1][safepoint    ] Safepoint "RevokeBias", Time since last: 166292 ns, Reaching safepoint: 73375 ns, At safepoint: 48625 ns, Total: 122000 ns
[2023-07-17T15:00:59.870+0000][1][safepoint    ] Safepoint "RevokeBias", Time since last: 170458 ns, Reaching safepoint: 59208 ns, At safepoint: 55000 ns, Total: 114208 ns
[2023-07-17T15:00:59.870+0000][1][safepoint    ] Safepoint "RevokeBias", Time since last: 187750 ns, Reaching safepoint: 86917 ns, At safepoint: 45292 ns, Total: 132209 ns
[2023-07-17T15:00:59.870+0000][1][safepoint    ] Safepoint "RevokeBias", Time since last: 256708 ns, Reaching safepoint: 75750 ns, At safepoint: 31750 ns, Total: 107500 ns
[2023-07-17T15:00:59.871+0000][1][safepoint    ] Safepoint "RevokeBias", Time since last: 179375 ns, Reaching safepoint: 72708 ns, At safepoint: 33917 ns, Total: 106625 ns
[2023-07-17T15:00:59.871+0000][1][safepoint    ] Safepoint "RevokeBias", Time since last: 170625 ns, Reaching safepoint: 72833 ns, At safepoint: 34250 ns, Total: 107083 ns
[2023-07-17T15:00:59.871+0000][1][safepoint    ] Safepoint "RevokeBias", Time since last: 194667 ns, Reaching safepoint: 75250 ns, At safepoint: 47833 ns, Total: 123083 ns
[2023-07-17T15:00:59.871+0000][1][safepoint    ] Safepoint "RevokeBias", Time since last: 148625 ns, Reaching safepoint: 60334 ns, At safepoint: 33958 ns, Total: 94292 ns
[2023-07-17T15:00:59.872+0000][1][safepoint    ] Safepoint "BulkRevokeBias", Time since last: 197417 ns, Reaching safepoint: 76291 ns, At safepoint: 574667 ns, Total: 650958 ns
[2023-07-17T15:01:00.177+0000][1][safepoint    ] Safepoint "RevokeBias", Time since last: 303665583 ns, Reaching safepoint: 687334 ns, At safepoint: 195083 ns, Total: 882417 ns
[2023-07-17T15:01:00.194+0000][1][safepoint    ] Safepoint "RevokeBias", Time since last: 16971458 ns, Reaching safepoint: 148709 ns, At safepoint: 137541 ns, Total: 286250 ns
[2023-07-17T15:01:01.018+0000][1][safepoint    ] Safepoint "RevokeBias", Time since last: 816769584 ns, Reaching safepoint: 6929333 ns, At safepoint: 216000 ns, Total: 7145333 ns
[2023-07-17T15:01:01.021+0000][1][safepoint    ] Safepoint "RevokeBias", Time since last: 2173959 ns, Reaching safepoint: 389666 ns, At safepoint: 151584 ns, Total: 541250 ns
[2023-07-17T15:01:01.022+0000][1][safepoint    ] Safepoint "RevokeBias", Time since last: 637000 ns, Reaching safepoint: 800625 ns, At safepoint: 92041 ns, Total: 892666 ns
[2023-07-17T15:01:01.580+0000][1][safepoint    ] Safepoint "RevokeBias", Time since last: 557290876 ns, Reaching safepoint: 349958 ns, At safepoint: 138333 ns, Total: 488291 ns
[2023-07-17T15:01:01.582+0000][1][safepoint    ] Safepoint "RevokeBias", Time since last: 1723834 ns, Reaching safepoint: 158291 ns, At safepoint: 111625 ns, Total: 269916 ns
[2023-07-17T15:01:01.584+0000][1][safepoint    ] Safepoint "RevokeBias", Time since last: 1689834 ns, Reaching safepoint: 172833 ns, At safepoint: 109750 ns, Total: 282583 ns
[2023-07-17T15:01:01.589+0000][1][safepoint    ] Safepoint "RevokeBias", Time since last: 4104542 ns, Reaching safepoint: 622125 ns, At safepoint: 160875 ns, Total: 783000 ns
[2023-07-17T15:01:01.597+0000][1][safepoint    ] Safepoint "RevokeBias", Time since last: 5516916 ns, Reaching safepoint: 387750 ns, At safepoint: 2192750 ns, Total: 2580500 ns
[2023-07-17T15:01:01.661+0000][1][safepoint    ] Safepoint "RevokeBias", Time since last: 63134750 ns, Reaching safepoint: 716959 ns, At safepoint: 112708 ns, Total: 829667 ns
[2023-07-17T15:01:01.665+0000][1][safepoint    ] Safepoint "RevokeBias", Time since last: 3176292 ns, Reaching safepoint: 353875 ns, At safepoint: 177208 ns, Total: 531083 ns
[2023-07-17T15:01:01.686+0000][1][safepoint    ] Safepoint "RevokeBias", Time since last: 20939792 ns, Reaching safepoint: 296208 ns, At safepoint: 182542 ns, Total: 478750 ns
[2023-07-17T15:01:01.687+0000][1][safepoint    ] Safepoint "RevokeBias", Time since last: 533750 ns, Reaching safepoint: 166875 ns, At safepoint: 197541 ns, Total: 364416 ns
[2023-07-17T15:01:01.721+0000][1][safepoint    ] Safepoint "RevokeBias", Time since last: 33641917 ns, Reaching safepoint: 447917 ns, At safepoint: 120208 ns, Total: 568125 ns
[2023-07-17T15:01:01.727+0000][1][safepoint    ] Safepoint "RevokeBias", Time since last: 5676167 ns, Reaching safepoint: 402833 ns, At safepoint: 130792 ns, Total: 533625 ns
[2023-07-17T15:01:01.737+0000][1][safepoint    ] Safepoint "RevokeBias", Time since last: 9083916 ns, Reaching safepoint: 376667 ns, At safepoint: 143833 ns, Total: 520500 ns
[2023-07-17T15:01:01.738+0000][1][safepoint    ] Safepoint "RevokeBias", Time since last: 979959 ns, Reaching safepoint: 250208 ns, At safepoint: 110167 ns, Total: 360375 ns
[2023-07-17T15:01:01.745+0000][1][safepoint    ] Safepoint "RevokeBias", Time since last: 5835750 ns, Reaching safepoint: 597166 ns, At safepoint: 180375 ns, Total: 777541 ns
[2023-07-17T15:01:01.749+0000][1][safepoint    ] Safepoint "RevokeBias", Time since last: 971250 ns, Reaching safepoint: 3027125 ns, At safepoint: 463000 ns, Total: 3490125 ns
[2023-07-17T15:01:01.754+0000][1][safepoint    ] Safepoint "RevokeBias", Time since last: 3261167 ns, Reaching safepoint: 901708 ns, At safepoint: 440917 ns, Total: 1342625 ns
[2023-07-17T15:01:01.760+0000][1][safepoint    ] Safepoint "RevokeBias", Time since last: 4482417 ns, Reaching safepoint: 892708 ns, At safepoint: 175750 ns, Total: 1068458 ns
[2023-07-17T15:01:01.762+0000][1][safepoint    ] Safepoint "RevokeBias", Time since last: 2133458 ns, Reaching safepoint: 208917 ns, At safepoint: 106000 ns, Total: 314917 ns
[2023-07-17T15:01:01.764+0000][1][safepoint    ] Safepoint "RevokeBias", Time since last: 1438625 ns, Reaching safepoint: 351333 ns, At safepoint: 124209 ns, Total: 475542 ns
[2023-07-17T15:01:01.766+0000][1][safepoint    ] Safepoint "RevokeBias", Time since last: 2075750 ns, Reaching safepoint: 347791 ns, At safepoint: 128334 ns, Total: 476125 ns
[2023-07-17T15:01:01.768+0000][1][safepoint    ] Safepoint "RevokeBias", Time since last: 693583 ns, Reaching safepoint: 238958 ns, At safepoint: 117167 ns, Total: 356125 ns
[2023-07-17T15:01:01.768+0000][1][safepoint    ] Safepoint "RevokeBias", Time since last: 319583 ns, Reaching safepoint: 211334 ns, At safepoint: 133041 ns, Total: 344375 ns
[2023-07-17T15:01:01.771+0000][1][safepoint    ] Safepoint "RevokeBias", Time since last: 2177709 ns, Reaching safepoint: 147833 ns, At safepoint: 126875 ns, Total: 274708 ns
[2023-07-17T15:01:01.772+0000][1][safepoint    ] Safepoint "RevokeBias", Time since last: 1078833 ns, Reaching safepoint: 472917 ns, At safepoint: 101250 ns, Total: 574167 ns
[2023-07-17T15:01:01.776+0000][1][safepoint    ] Safepoint "RevokeBias", Time since last: 3880000 ns, Reaching safepoint: 175708 ns, At safepoint: 140334 ns, Total: 316042 ns
[2023-07-17T15:01:01.783+0000][1][safepoint    ] Safepoint "RevokeBias", Time since last: 5545125 ns, Reaching safepoint: 422041 ns, At safepoint: 171625 ns, Total: 593666 ns
[2023-07-17T15:01:01.784+0000][1][safepoint    ] Safepoint "RevokeBias", Time since last: 1203459 ns, Reaching safepoint: 284750 ns, At safepoint: 244458 ns, Total: 529208 ns
[2023-07-17T15:01:01.789+0000][1][safepoint    ] Safepoint "BulkRevokeBias", Time since last: 3374417 ns, Reaching safepoint: 302541 ns, At safepoint: 533167 ns, Total: 835708 ns
[2023-07-17T15:01:01.812+0000][1][safepoint    ] Safepoint "RevokeBias", Time since last: 22133917 ns, Reaching safepoint: 695833 ns, At safepoint: 155792 ns, Total: 851625 ns
[2023-07-17T15:01:01.814+0000][1][safepoint    ] Safepoint "RevokeBias", Time since last: 1015833 ns, Reaching safepoint: 1025417 ns, At safepoint: 147166 ns, Total: 1172583 ns
[2023-07-17T15:01:01.821+0000][1][safepoint    ] Safepoint "RevokeBias", Time since last: 6367750 ns, Reaching safepoint: 366167 ns, At safepoint: 270125 ns, Total: 636292 ns
[2023-07-17T15:01:02.604+0000][1][safepoint    ] Safepoint "RevokeBias", Time since last: 778200417 ns, Reaching safepoint: 4987500 ns, At safepoint: 267917 ns, Total: 5255417 ns
[2023-07-17T15:01:02.634+0000][1][safepoint    ] Safepoint "RevokeBias", Time since last: 16336708 ns, Reaching safepoint: 411375 ns, At safepoint: 12773375 ns, Total: 13184750 ns
[2023-07-17T15:01:02.641+0000][1][safepoint    ] Safepoint "RevokeBias", Time since last: 6999209 ns, Reaching safepoint: 296583 ns, At safepoint: 62042 ns, Total: 358625 ns
[2023-07-17T15:01:02.842+0000][1][safepoint    ] Safepoint "RevokeBias", Time since last: 200490833 ns, Reaching safepoint: 438833 ns, At safepoint: 56000 ns, Total: 494833 ns
[2023-07-17T15:01:03.844+0000][1][safepoint    ] Safepoint "Cleanup", Time since last: 1000401292 ns, Reaching safepoint: 1419542 ns, At safepoint: 17583 ns, Total: 1437125 ns
[2023-07-17T15:01:04.174+0000][1][gc,start     ] GC(13) Pause Young (Allocation Failure)
[2023-07-17T15:01:04.174+0000][1][gc,task      ] GC(13) Using 4 workers of 4 for evacuation
[2023-07-17T15:01:04.223+0000][1][gc,age       ] GC(13) Desired survivor size 8945664 bytes, new threshold 6 (max threshold 6)
[2023-07-17T15:01:04.223+0000][1][gc,age       ] GC(13) Age table with threshold 6 (max threshold 6)
[2023-07-17T15:01:04.223+0000][1][gc,age       ] GC(13) - age   1:    4650048 bytes,    4650048 total
[2023-07-17T15:01:04.223+0000][1][gc,age       ] GC(13) - age   2:    3261992 bytes,    7912040 total
[2023-07-17T15:01:04.223+0000][1][gc,heap      ] GC(13) ParNew: 147244K->9340K(157248K)
[2023-07-17T15:01:04.224+0000][1][gc,heap      ] GC(13) CMS: 48611K->48611K(349568K)
[2023-07-17T15:01:04.224+0000][1][gc,metaspace ] GC(13) Metaspace: 53948K->53948K(1099776K)
[2023-07-17T15:01:04.224+0000][1][gc           ] GC(13) Pause Young (Allocation Failure) 191M->56M(494M) 49.913ms
[2023-07-17T15:01:04.224+0000][1][gc,cpu       ] GC(13) User=0.10s Sys=0.00s Real=0.05s
[2023-07-17T15:01:04.224+0000][1][safepoint    ] Safepoint "GenCollectForAllocation", Time since last: 329585751 ns, Reaching safepoint: 519666 ns, At safepoint: 50344042 ns, Total: 50863708 ns
[2023-07-17T15:01:04.238+0000][1][safepoint    ] Safepoint "RevokeBias", Time since last: 13599583 ns, Reaching safepoint: 289250 ns, At safepoint: 62500 ns, Total: 351750 ns
[2023-07-17T15:01:04.239+0000][1][safepoint    ] Safepoint "RevokeBias", Time since last: 1025792 ns, Reaching safepoint: 127833 ns, At safepoint: 43792 ns, Total: 171625 ns
[2023-07-17T15:01:04.241+0000][1][safepoint    ] Safepoint "RevokeBias", Time since last: 870625 ns, Reaching safepoint: 127333 ns, At safepoint: 40875 ns, Total: 168208 ns
[2023-07-17T15:01:04.241+0000][1][safepoint    ] Safepoint "RevokeBias", Time since last: 708334 ns, Reaching safepoint: 136791 ns, At safepoint: 39959 ns, Total: 176750 ns
[2023-07-17T15:01:04.242+0000][1][safepoint    ] Safepoint "RevokeBias", Time since last: 810416 ns, Reaching safepoint: 120250 ns, At safepoint: 33709 ns, Total: 153959 ns
[2023-07-17T15:01:04.243+0000][1][safepoint    ] Safepoint "RevokeBias", Time since last: 688791 ns, Reaching safepoint: 113500 ns, At safepoint: 34542 ns, Total: 148042 ns
[2023-07-17T15:01:04.244+0000][1][safepoint    ] Safepoint "RevokeBias", Time since last: 606750 ns, Reaching safepoint: 113875 ns, At safepoint: 44292 ns, Total: 158167 ns
[2023-07-17T15:01:05.246+0000][1][safepoint    ] Safepoint "Cleanup", Time since last: 1000375250 ns, Reaching safepoint: 1464833 ns, At safepoint: 14584 ns, Total: 1479417 ns
[2023-07-17T15:01:06.255+0000][1][safepoint    ] Safepoint "Cleanup", Time since last: 1000895667 ns, Reaching safepoint: 5788958 ns, At safepoint: 212792 ns, Total: 6001750 ns
[2023-07-17T15:01:06.982+0000][1][safepoint    ] Safepoint "CollectForMetadataAllocation", Time since last: 723337834 ns, Reaching safepoint: 5306958 ns, At safepoint: 1032833 ns, Total: 6339791 ns
[2023-07-17T15:01:07.140+0000][1][safepoint    ] Safepoint "CollectForMetadataAllocation", Time since last: 156653000 ns, Reaching safepoint: 288209 ns, At safepoint: 259250 ns, Total: 547459 ns
[2023-07-17T15:01:07.343+0000][1][safepoint    ] Safepoint "CollectForMetadataAllocation", Time since last: 202849958 ns, Reaching safepoint: 414458 ns, At safepoint: 183750 ns, Total: 598208 ns
[2023-07-17T15:01:07.499+0000][1][safepoint    ] Safepoint "CollectForMetadataAllocation", Time since last: 155710626 ns, Reaching safepoint: 424625 ns, At safepoint: 177958 ns, Total: 602583 ns
[2023-07-17T15:01:07.730+0000][1][safepoint    ] Safepoint "CollectForMetadataAllocation", Time since last: 229645125 ns, Reaching safepoint: 421583 ns, At safepoint: 121834 ns, Total: 543417 ns
[2023-07-17T15:01:07.828+0000][1][safepoint    ] Safepoint "CollectForMetadataAllocation", Time since last: 95330250 ns, Reaching safepoint: 2341666 ns, At safepoint: 295250 ns, Total: 2636916 ns
[2023-07-17T15:01:08.023+0000][1][safepoint    ] Safepoint "CollectForMetadataAllocation", Time since last: 194640084 ns, Reaching safepoint: 982041 ns, At safepoint: 288042 ns, Total: 1270083 ns
[2023-07-17T15:01:08.114+0000][1][safepoint    ] Safepoint "CollectForMetadataAllocation", Time since last: 89457375 ns, Reaching safepoint: 656000 ns, At safepoint: 317917 ns, Total: 973917 ns
[2023-07-17T15:01:08.230+0000][1][gc,start     ] GC(14) Pause Initial Mark
[2023-07-17T15:01:08.320+0000][1][gc           ] GC(14) Pause Initial Mark 120M->120M(494M) 89.917ms
[2023-07-17T15:01:08.321+0000][1][gc,cpu       ] GC(14) User=0.18s Sys=0.00s Real=0.09s
[2023-07-17T15:01:08.321+0000][1][safepoint    ] Safepoint "CMS_Initial_Mark", Time since last: 113375917 ns, Reaching safepoint: 1960916 ns, At safepoint: 92006334 ns, Total: 93967250 ns
[2023-07-17T15:01:08.322+0000][1][gc           ] GC(14) Concurrent Mark
[2023-07-17T15:01:08.454+0000][1][safepoint    ] Safepoint "CollectForMetadataAllocation", Time since last: 132714000 ns, Reaching safepoint: 330625 ns, At safepoint: 219916 ns, Total: 550541 ns
[2023-07-17T15:01:08.617+0000][1][gc           ] GC(14) Concurrent Mark 295.539ms
[2023-07-17T15:01:08.617+0000][1][gc,cpu       ] GC(14) User=0.55s Sys=0.02s Real=0.29s
[2023-07-17T15:01:08.618+0000][1][gc           ] GC(14) Concurrent Preclean
[2023-07-17T15:01:08.630+0000][1][gc           ] GC(14) Concurrent Preclean 12.109ms
[2023-07-17T15:01:08.630+0000][1][gc,cpu       ] GC(14) User=0.01s Sys=0.00s Real=0.01s
[2023-07-17T15:01:08.631+0000][1][gc           ] GC(14) Concurrent Abortable Preclean
[2023-07-17T15:01:08.646+0000][1][safepoint    ] Safepoint "RevokeBias", Time since last: 189683250 ns, Reaching safepoint: 440500 ns, At safepoint: 949084 ns, Total: 1389584 ns
[2023-07-17T15:01:08.649+0000][1][safepoint    ] Safepoint "RevokeBias", Time since last: 3300791 ns, Reaching safepoint: 110500 ns, At safepoint: 137500 ns, Total: 248000 ns
[2023-07-17T15:01:08.653+0000][1][safepoint    ] Safepoint "RevokeBias", Time since last: 3135417 ns, Reaching safepoint: 152333 ns, At safepoint: 115917 ns, Total: 268250 ns
[2023-07-17T15:01:08.669+0000][1][safepoint    ] Safepoint "RevokeBias", Time since last: 16439667 ns, Reaching safepoint: 183500 ns, At safepoint: 120916 ns, Total: 304416 ns
[2023-07-17T15:01:08.974+0000][1][safepoint    ] Safepoint "CollectForMetadataAllocation", Time since last: 303289792 ns, Reaching safepoint: 1445584 ns, At safepoint: 157541 ns, Total: 1603125 ns
[2023-07-17T15:01:09.380+0000][1][safepoint    ] Safepoint "CollectForMetadataAllocation", Time since last: 404969584 ns, Reaching safepoint: 339083 ns, At safepoint: 207917 ns, Total: 547000 ns
[2023-07-17T15:01:09.502+0000][1][safepoint    ] Safepoint "CollectForMetadataAllocation", Time since last: 121620333 ns, Reaching safepoint: 378708 ns, At safepoint: 292042 ns, Total: 670750 ns
[2023-07-17T15:01:09.764+0000][1][safepoint    ] Safepoint "RevokeBias", Time since last: 261149667 ns, Reaching safepoint: 415500 ns, At safepoint: 258583 ns, Total: 674083 ns
[2023-07-17T15:01:09.837+0000][1][safepoint    ] Safepoint "CollectForMetadataAllocation", Time since last: 72388167 ns, Reaching safepoint: 332292 ns, At safepoint: 163416 ns, Total: 495708 ns
[2023-07-17T15:01:10.075+0000][1][safepoint    ] Safepoint "Deoptimize", Time since last: 235691500 ns, Reaching safepoint: 399459 ns, At safepoint: 1987750 ns, Total: 2387209 ns
[2023-07-17T15:01:10.146+0000][1][safepoint    ] Safepoint "CollectForMetadataAllocation", Time since last: 71001458 ns, Reaching safepoint: 282167 ns, At safepoint: 190125 ns, Total: 472292 ns
[2023-07-17T15:01:10.246+0000][1][safepoint    ] Safepoint "RevokeBias", Time since last: 99263792 ns, Reaching safepoint: 495416 ns, At safepoint: 101917 ns, Total: 597333 ns
[2023-07-17T15:01:10.361+0000][1][safepoint    ] Safepoint "CollectForMetadataAllocation", Time since last: 114624792 ns, Reaching safepoint: 525500 ns, At safepoint: 188500 ns, Total: 714000 ns
[2023-07-17T15:01:10.504+0000][1][safepoint    ] Safepoint "CollectForMetadataAllocation", Time since last: 139513791 ns, Reaching safepoint: 2486084 ns, At safepoint: 299041 ns, Total: 2785125 ns
[2023-07-17T15:01:10.513+0000][1][safepoint    ] Safepoint "RevokeBias", Time since last: 3596500 ns, Reaching safepoint: 5336417 ns, At safepoint: 358375 ns, Total: 5694792 ns
[2023-07-17T15:01:10.521+0000][1][safepoint    ] Safepoint "RevokeBias", Time since last: 6821750 ns, Reaching safepoint: 568625 ns, At safepoint: 174750 ns, Total: 743375 ns
[2023-07-17T15:01:10.527+0000][1][safepoint    ] Safepoint "RevokeBias", Time since last: 2897667 ns, Reaching safepoint: 2844750 ns, At safepoint: 194083 ns, Total: 3038833 ns
[2023-07-17T15:01:10.540+0000][1][safepoint    ] Safepoint "RevokeBias", Time since last: 4307375 ns, Reaching safepoint: 8572375 ns, At safepoint: 201750 ns, Total: 8774125 ns
[2023-07-17T15:01:10.543+0000][1][safepoint    ] Safepoint "RevokeBias", Time since last: 1982500 ns, Reaching safepoint: 1611792 ns, At safepoint: 206500 ns, Total: 1818292 ns
[2023-07-17T15:01:10.752+0000][1][safepoint    ] Safepoint "BulkRevokeBias", Time since last: 206663250 ns, Reaching safepoint: 491458 ns, At safepoint: 964250 ns, Total: 1455708 ns
[2023-07-17T15:01:11.110+0000][1][safepoint    ] Safepoint "CollectForMetadataAllocation", Time since last: 357711625 ns, Reaching safepoint: 510334 ns, At safepoint: 139500 ns, Total: 649834 ns
[2023-07-17T15:01:11.481+0000][1][safepoint    ] Safepoint "CollectForMetadataAllocation", Time since last: 370533583 ns, Reaching safepoint: 474750 ns, At safepoint: 180750 ns, Total: 655500 ns
[2023-07-17T15:01:11.705+0000][1][safepoint    ] Safepoint "CollectForMetadataAllocation", Time since last: 192384333 ns, Reaching safepoint: 337000 ns, At safepoint: 109208 ns, Total: 446208 ns
[2023-07-17T15:01:11.829+0000][1][safepoint    ] Safepoint "CollectForMetadataAllocation", Time since last: 123323000 ns, Reaching safepoint: 364500 ns, At safepoint: 198208 ns, Total: 562708 ns
[2023-07-17T15:01:11.911+0000][1][safepoint    ] Safepoint "CollectForMetadataAllocation", Time since last: 82235792 ns, Reaching safepoint: 265000 ns, At safepoint: 162542 ns, Total: 427542 ns
[2023-07-17T15:01:12.073+0000][1][safepoint    ] Safepoint "RevokeBias", Time since last: 161527916 ns, Reaching safepoint: 354292 ns, At safepoint: 53708 ns, Total: 408000 ns
[2023-07-17T15:01:12.153+0000][1][safepoint    ] Safepoint "CollectForMetadataAllocation", Time since last: 79036625 ns, Reaching safepoint: 421000 ns, At safepoint: 135542 ns, Total: 556542 ns
[2023-07-17T15:01:12.258+0000][1][safepoint    ] Safepoint "CollectForMetadataAllocation", Time since last: 104012333 ns, Reaching safepoint: 433209 ns, At safepoint: 170083 ns, Total: 603292 ns
[2023-07-17T15:01:12.342+0000][1][safepoint    ] Safepoint "CollectForMetadataAllocation", Time since last: 84045792 ns, Reaching safepoint: 379750 ns, At safepoint: 85208 ns, Total: 464958 ns
[2023-07-17T15:01:12.488+0000][1][safepoint    ] Safepoint "CollectForMetadataAllocation", Time since last: 145364167 ns, Reaching safepoint: 208542 ns, At safepoint: 172333 ns, Total: 380875 ns
[2023-07-17T15:01:12.526+0000][1][safepoint    ] Safepoint "CollectForMetadataAllocation", Time since last: 37730625 ns, Reaching safepoint: 360500 ns, At safepoint: 176792 ns, Total: 537292 ns
[2023-07-17T15:01:12.675+0000][1][safepoint    ] Safepoint "CollectForMetadataAllocation", Time since last: 146814625 ns, Reaching safepoint: 2420958 ns, At safepoint: 163333 ns, Total: 2584291 ns
[2023-07-17T15:01:12.834+0000][1][safepoint    ] Safepoint "CollectForMetadataAllocation", Time since last: 158326500 ns, Reaching safepoint: 356000 ns, At safepoint: 133917 ns, Total: 489917 ns
[2023-07-17T15:01:12.916+0000][1][safepoint    ] Safepoint "CollectForMetadataAllocation", Time since last: 81103000 ns, Reaching safepoint: 334208 ns, At safepoint: 116167 ns, Total: 450375 ns
[2023-07-17T15:01:12.974+0000][1][safepoint    ] Safepoint "CollectForMetadataAllocation", Time since last: 57494000 ns, Reaching safepoint: 496583 ns, At safepoint: 135625 ns, Total: 632208 ns
[2023-07-17T15:01:13.006+0000][1][safepoint    ] Safepoint "CollectForMetadataAllocation", Time since last: 31238209 ns, Reaching safepoint: 413583 ns, At safepoint: 213500 ns, Total: 627083 ns
[2023-07-17T15:01:13.014+0000][1][gc,start     ] GC(15) Pause Young (Allocation Failure)
[2023-07-17T15:01:13.016+0000][1][gc,task      ] GC(15) Using 4 workers of 4 for evacuation
[2023-07-17T15:01:13.074+0000][1][gc,age       ] GC(15) Desired survivor size 8945664 bytes, new threshold 2 (max threshold 6)
[2023-07-17T15:01:13.074+0000][1][gc,age       ] GC(15) Age table with threshold 2 (max threshold 6)
[2023-07-17T15:01:13.074+0000][1][gc,age       ] GC(15) - age   1:    5198824 bytes,    5198824 total
[2023-07-17T15:01:13.075+0000][1][gc,age       ] GC(15) - age   2:    4489888 bytes,    9688712 total
[2023-07-17T15:01:13.075+0000][1][gc,age       ] GC(15) - age   3:    3217352 bytes,   12906064 total
[2023-07-17T15:01:13.076+0000][1][gc,heap      ] GC(15) ParNew: 149116K->14789K(157248K)
[2023-07-17T15:01:13.076+0000][1][gc,heap      ] GC(15) CMS: 48611K->48611K(349568K)
[2023-07-17T15:01:13.077+0000][1][gc,metaspace ] GC(15) Metaspace: 67241K->67241K(1112064K)
[2023-07-17T15:01:13.077+0000][1][gc           ] GC(15) Pause Young (Allocation Failure) 193M->61M(494M) 63.033ms
[2023-07-17T15:01:13.078+0000][1][gc,cpu       ] GC(15) User=0.19s Sys=0.00s Real=0.06s
[2023-07-17T15:01:13.078+0000][1][safepoint    ] Safepoint "GenCollectForAllocation", Time since last: 8026917 ns, Reaching safepoint: 319250 ns, At safepoint: 63879042 ns, Total: 64198292 ns
[2023-07-17T15:01:13.090+0000][1][safepoint    ] Safepoint "Deoptimize", Time since last: 10090541 ns, Reaching safepoint: 398667 ns, At safepoint: 1194458 ns, Total: 1593125 ns
[2023-07-17T15:01:13.157+0000][1][safepoint    ] Safepoint "CollectForMetadataAllocation", Time since last: 66672542 ns, Reaching safepoint: 304000 ns, At safepoint: 119958 ns, Total: 423958 ns
[2023-07-17T15:01:13.279+0000][1][safepoint    ] Safepoint "CollectForMetadataAllocation", Time since last: 121401250 ns, Reaching safepoint: 302542 ns, At safepoint: 150750 ns, Total: 453292 ns
[2023-07-17T15:01:13.368+0000][1][safepoint    ] Safepoint "RevokeBias", Time since last: 88921875 ns, Reaching safepoint: 566500 ns, At safepoint: 159792 ns, Total: 726292 ns
[2023-07-17T15:01:13.372+0000][1][safepoint    ] Safepoint "CollectForMetadataAllocation", Time since last: 2781625 ns, Reaching safepoint: 572000 ns, At safepoint: 133125 ns, Total: 705125 ns
[2023-07-17T15:01:13.373+0000][1][safepoint    ] Safepoint "RevokeBias", Time since last: 541291 ns, Reaching safepoint: 344417 ns, At safepoint: 148625 ns, Total: 493042 ns
[2023-07-17T15:01:13.378+0000][1][safepoint    ] Safepoint "RevokeBias", Time since last: 5429292 ns, Reaching safepoint: 114416 ns, At safepoint: 103167 ns, Total: 217583 ns
[2023-07-17T15:01:13.382+0000][1][safepoint    ] Safepoint "RevokeBias", Time since last: 3472375 ns, Reaching safepoint: 288708 ns, At safepoint: 102459 ns, Total: 391167 ns
[2023-07-17T15:01:13.383+0000][1][safepoint    ] Safepoint "RevokeBias", Time since last: 481958 ns, Reaching safepoint: 167750 ns, At safepoint: 86917 ns, Total: 254667 ns
[2023-07-17T15:01:13.386+0000][1][safepoint    ] Safepoint "RevokeBias", Time since last: 2701541 ns, Reaching safepoint: 122500 ns, At safepoint: 101375 ns, Total: 223875 ns
[2023-07-17T15:01:13.388+0000][1][safepoint    ] Safepoint "RevokeBias", Time since last: 1765292 ns, Reaching safepoint: 275917 ns, At safepoint: 98791 ns, Total: 374708 ns
[2023-07-17T15:01:13.389+0000][1][safepoint    ] Safepoint "RevokeBias", Time since last: 577959 ns, Reaching safepoint: 179625 ns, At safepoint: 90250 ns, Total: 269875 ns
[2023-07-17T15:01:13.393+0000][1][safepoint    ] Safepoint "RevokeBias", Time since last: 4047750 ns, Reaching safepoint: 148583 ns, At safepoint: 102792 ns, Total: 251375 ns
[2023-07-17T15:01:13.398+0000][1][safepoint    ] Safepoint "RevokeBias", Time since last: 4339125 ns, Reaching safepoint: 321375 ns, At safepoint: 99041 ns, Total: 420416 ns
[2023-07-17T15:01:13.399+0000][1][safepoint    ] Safepoint "RevokeBias", Time since last: 907667 ns, Reaching safepoint: 156792 ns, At safepoint: 90541 ns, Total: 247333 ns
[2023-07-17T15:01:13.413+0000][1][safepoint    ] Safepoint "Deoptimize", Time since last: 12699459 ns, Reaching safepoint: 289875 ns, At safepoint: 1160666 ns, Total: 1450541 ns
[2023-07-17T15:01:13.701+0000][1][safepoint    ] Safepoint "CollectForMetadataAllocation", Time since last: 286873292 ns, Reaching safepoint: 645583 ns, At safepoint: 89667 ns, Total: 735250 ns
[2023-07-17T15:01:13.751+0000][1][safepoint    ] Safepoint "RevokeBias", Time since last: 50174625 ns, Reaching safepoint: 273834 ns, At safepoint: 71000 ns, Total: 344834 ns
[2023-07-17T15:01:13.760+0000][1][safepoint    ] Safepoint "RevokeBias", Time since last: 324041 ns, Reaching safepoint: 8048917 ns, At safepoint: 88250 ns, Total: 8137167 ns
[2023-07-17T15:01:13.761+0000][1][safepoint    ] Safepoint "RevokeBias", Time since last: 358417 ns, Reaching safepoint: 175750 ns, At safepoint: 82791 ns, Total: 258541 ns
[2023-07-17T15:01:13.761+0000][1][safepoint    ] Safepoint "RevokeBias", Time since last: 216375 ns, Reaching safepoint: 169000 ns, At safepoint: 82667 ns, Total: 251667 ns
[2023-07-17T15:01:13.762+0000][1][safepoint    ] Safepoint "RevokeBias", Time since last: 187792 ns, Reaching safepoint: 437583 ns, At safepoint: 70625 ns, Total: 508208 ns
[2023-07-17T15:01:13.762+0000][1][safepoint    ] Safepoint "RevokeBias", Time since last: 202583 ns, Reaching safepoint: 155542 ns, At safepoint: 67208 ns, Total: 222750 ns
[2023-07-17T15:01:13.763+0000][1][safepoint    ] Safepoint "RevokeBias", Time since last: 237625 ns, Reaching safepoint: 299792 ns, At safepoint: 118042 ns, Total: 417834 ns
[2023-07-17T15:01:13.763+0000][1][safepoint    ] Safepoint "RevokeBias", Time since last: 293208 ns, Reaching safepoint: 283458 ns, At safepoint: 113125 ns, Total: 396583 ns
[2023-07-17T15:01:13.864+0000][1][safepoint    ] Safepoint "CollectForMetadataAllocation", Time since last: 100058250 ns, Reaching safepoint: 505584 ns, At safepoint: 161208 ns, Total: 666792 ns
[2023-07-17T15:01:13.956+0000][1][safepoint    ] Safepoint "CollectForMetadataAllocation", Time since last: 91185500 ns, Reaching safepoint: 367792 ns, At safepoint: 83083 ns, Total: 450875 ns
[2023-07-17T15:01:13.984+0000][1][gc           ] GC(14) Concurrent Abortable Preclean 5322.211ms
[2023-07-17T15:01:13.984+0000][1][gc,cpu       ] GC(14) User=14.91s Sys=0.16s Real=5.33s
[2023-07-17T15:01:13.985+0000][1][gc,start     ] GC(14) Pause Remark
[2023-07-17T15:01:14.054+0000][1][gc           ] GC(14) Pause Remark 79M->79M(494M) 69.267ms
[2023-07-17T15:01:14.054+0000][1][gc,cpu       ] GC(14) User=0.14s Sys=0.00s Real=0.07s
[2023-07-17T15:01:14.055+0000][1][safepoint    ] Safepoint "CMS_Final_Remark", Time since last: 28477375 ns, Reaching safepoint: 389833 ns, At safepoint: 70021542 ns, Total: 70411375 ns
[2023-07-17T15:01:14.056+0000][1][gc           ] GC(14) Concurrent Sweep
[2023-07-17T15:01:14.133+0000][1][safepoint    ] Safepoint "CollectForMetadataAllocation", Time since last: 75926458 ns, Reaching safepoint: 2683084 ns, At safepoint: 43083 ns, Total: 2726167 ns
[2023-07-17T15:01:14.147+0000][1][gc           ] GC(14) Concurrent Sweep 91.299ms
[2023-07-17T15:01:14.148+0000][1][gc,cpu       ] GC(14) User=0.28s Sys=0.01s Real=0.09s
[2023-07-17T15:01:14.149+0000][1][gc           ] GC(14) Concurrent Reset
[2023-07-17T15:01:14.150+0000][1][gc           ] GC(14) Concurrent Reset 1.092ms
[2023-07-17T15:01:14.150+0000][1][gc,cpu       ] GC(14) User=0.01s Sys=0.00s Real=0.00s
[2023-07-17T15:01:14.151+0000][1][gc,heap      ] GC(14) Old: 48611K->48411K(349568K)
[2023-07-17T15:01:14.258+0000][1][safepoint    ] Safepoint "Deoptimize", Time since last: 123095417 ns, Reaching safepoint: 669916 ns, At safepoint: 1185167 ns, Total: 1855083 ns
[2023-07-17T15:01:15.034+0000][1][safepoint    ] Safepoint "RevokeBias", Time since last: 774616459 ns, Reaching safepoint: 906416 ns, At safepoint: 258042 ns, Total: 1164458 ns
[2023-07-17T15:01:15.039+0000][1][safepoint    ] Safepoint "RevokeBias", Time since last: 4818167 ns, Reaching safepoint: 466500 ns, At safepoint: 61125 ns, Total: 527625 ns
[2023-07-17T15:01:15.042+0000][1][safepoint    ] Safepoint "RevokeBias", Time since last: 2337583 ns, Reaching safepoint: 521833 ns, At safepoint: 107792 ns, Total: 629625 ns
[2023-07-17T15:01:15.043+0000][1][safepoint    ] Safepoint "RevokeBias", Time since last: 571625 ns, Reaching safepoint: 210542 ns, At safepoint: 46625 ns, Total: 257167 ns
[2023-07-17T15:01:15.047+0000][1][safepoint    ] Safepoint "RevokeBias", Time since last: 3307416 ns, Reaching safepoint: 236875 ns, At safepoint: 64042 ns, Total: 300917 ns
[2023-07-17T15:01:15.048+0000][1][safepoint    ] Safepoint "RevokeBias", Time since last: 578375 ns, Reaching safepoint: 203083 ns, At safepoint: 57292 ns, Total: 260375 ns
[2023-07-17T15:01:15.057+0000][1][safepoint    ] Safepoint "RevokeBias", Time since last: 8993667 ns, Reaching safepoint: 152625 ns, At safepoint: 70583 ns, Total: 223208 ns
[2023-07-17T15:01:15.058+0000][1][safepoint    ] Safepoint "RevokeBias", Time since last: 812375 ns, Reaching safepoint: 209750 ns, At safepoint: 63917 ns, Total: 273667 ns
[2023-07-17T15:01:15.060+0000][1][safepoint    ] Safepoint "RevokeBias", Time since last: 1501458 ns, Reaching safepoint: 182958 ns, At safepoint: 53625 ns, Total: 236583 ns
[2023-07-17T15:01:15.060+0000][1][safepoint    ] Safepoint "RevokeBias", Time since last: 446417 ns, Reaching safepoint: 157625 ns, At safepoint: 53042 ns, Total: 210667 ns
[2023-07-17T15:01:15.061+0000][1][safepoint    ] Safepoint "RevokeBias", Time since last: 479375 ns, Reaching safepoint: 182416 ns, At safepoint: 53334 ns, Total: 235750 ns
[2023-07-17T15:01:15.063+0000][1][safepoint    ] Safepoint "RevokeBias", Time since last: 1582166 ns, Reaching safepoint: 173417 ns, At safepoint: 51625 ns, Total: 225042 ns
[2023-07-17T15:01:15.065+0000][1][safepoint    ] Safepoint "RevokeBias", Time since last: 2093500 ns, Reaching safepoint: 205625 ns, At safepoint: 53083 ns, Total: 258708 ns
[2023-07-17T15:01:15.066+0000][1][safepoint    ] Safepoint "RevokeBias", Time since last: 840959 ns, Reaching safepoint: 281666 ns, At safepoint: 53042 ns, Total: 334708 ns
[2023-07-17T15:01:15.071+0000][1][safepoint    ] Safepoint "RevokeBias", Time since last: 4503417 ns, Reaching safepoint: 170333 ns, At safepoint: 65917 ns, Total: 236250 ns
[2023-07-17T15:01:15.091+0000][1][safepoint    ] Safepoint "RevokeBias", Time since last: 19853875 ns, Reaching safepoint: 230125 ns, At safepoint: 66833 ns, Total: 296958 ns
[2023-07-17T15:01:15.093+0000][1][safepoint    ] Safepoint "RevokeBias", Time since last: 983542 ns, Reaching safepoint: 237833 ns, At safepoint: 74708 ns, Total: 312541 ns
[2023-07-17T15:01:15.157+0000][1][safepoint    ] Safepoint "RevokeBias", Time since last: 64482834 ns, Reaching safepoint: 194417 ns, At safepoint: 78125 ns, Total: 272542 ns
[2023-07-17T15:01:15.159+0000][1][safepoint    ] Safepoint "RevokeBias", Time since last: 1208041 ns, Reaching safepoint: 244250 ns, At safepoint: 59000 ns, Total: 303250 ns
[2023-07-17T15:01:15.172+0000][1][safepoint    ] Safepoint "RevokeBias", Time since last: 12857292 ns, Reaching safepoint: 460875 ns, At safepoint: 73917 ns, Total: 534792 ns
[2023-07-17T15:01:15.174+0000][1][safepoint    ] Safepoint "RevokeBias", Time since last: 1174041 ns, Reaching safepoint: 223167 ns, At safepoint: 58583 ns, Total: 281750 ns
[2023-07-17T15:01:15.201+0000][1][safepoint    ] Safepoint "RevokeBias", Time since last: 26638459 ns, Reaching safepoint: 294875 ns, At safepoint: 51708 ns, Total: 346583 ns
[2023-07-17T15:01:15.221+0000][1][safepoint    ] Safepoint "RevokeBias", Time since last: 19800708 ns, Reaching safepoint: 285334 ns, At safepoint: 66291 ns, Total: 351625 ns
[2023-07-17T15:01:15.231+0000][1][safepoint    ] Safepoint "RevokeBias", Time since last: 9494125 ns, Reaching safepoint: 191834 ns, At safepoint: 64125 ns, Total: 255959 ns
[2023-07-17T15:01:15.232+0000][1][safepoint    ] Safepoint "RevokeBias", Time since last: 1218833 ns, Reaching safepoint: 86292 ns, At safepoint: 48916 ns, Total: 135208 ns
[2023-07-17T15:01:15.232+0000][1][safepoint    ] Safepoint "RevokeBias", Time since last: 245250 ns, Reaching safepoint: 93375 ns, At safepoint: 47250 ns, Total: 140625 ns
[2023-07-17T15:01:15.233+0000][1][safepoint    ] Safepoint "RevokeBias", Time since last: 227875 ns, Reaching safepoint: 214542 ns, At safepoint: 51917 ns, Total: 266459 ns
[2023-07-17T15:01:15.268+0000][1][safepoint    ] Safepoint "RevokeBias", Time since last: 34982083 ns, Reaching safepoint: 415625 ns, At safepoint: 70875 ns, Total: 486500 ns
[2023-07-17T15:01:15.277+0000][1][safepoint    ] Safepoint "RevokeBias", Time since last: 7903958 ns, Reaching safepoint: 369584 ns, At safepoint: 54708 ns, Total: 424292 ns
[2023-07-17T15:01:15.278+0000][1][safepoint    ] Safepoint "RevokeBias", Time since last: 721458 ns, Reaching safepoint: 80709 ns, At safepoint: 40666 ns, Total: 121375 ns
[2023-07-17T15:01:15.328+0000][1][safepoint    ] Safepoint "RevokeBias", Time since last: 50117834 ns, Reaching safepoint: 279791 ns, At safepoint: 76292 ns, Total: 356083 ns
[2023-07-17T15:01:15.364+0000][1][safepoint    ] Safepoint "RevokeBias", Time since last: 34776875 ns, Reaching safepoint: 637792 ns, At safepoint: 178750 ns, Total: 816542 ns
[2023-07-17T15:01:15.403+0000][1][safepoint    ] Safepoint "RevokeBias", Time since last: 38757041 ns, Reaching safepoint: 761542 ns, At safepoint: 70750 ns, Total: 832292 ns
[2023-07-17T15:01:15.422+0000][1][safepoint    ] Safepoint "RevokeBias", Time since last: 18836125 ns, Reaching safepoint: 249250 ns, At safepoint: 65083 ns, Total: 314333 ns
[2023-07-17T15:01:15.424+0000][1][safepoint    ] Safepoint "RevokeBias", Time since last: 552250 ns, Reaching safepoint: 1262250 ns, At safepoint: 65792 ns, Total: 1328042 ns
[2023-07-17T15:01:15.445+0000][1][safepoint    ] Safepoint "RevokeBias", Time since last: 20256667 ns, Reaching safepoint: 366666 ns, At safepoint: 63792 ns, Total: 430458 ns
[2023-07-17T15:01:15.446+0000][1][safepoint    ] Safepoint "RevokeBias", Time since last: 532833 ns, Reaching safepoint: 276000 ns, At safepoint: 47667 ns, Total: 323667 ns
[2023-07-17T15:01:15.465+0000][1][safepoint    ] Safepoint "RevokeBias", Time since last: 19060792 ns, Reaching safepoint: 528958 ns, At safepoint: 70333 ns, Total: 599291 ns
[2023-07-17T15:01:15.467+0000][1][safepoint    ] Safepoint "RevokeBias", Time since last: 528417 ns, Reaching safepoint: 630125 ns, At safepoint: 75708 ns, Total: 705833 ns
[2023-07-17T15:01:15.490+0000][1][safepoint    ] Safepoint "RevokeBias", Time since last: 22915334 ns, Reaching safepoint: 163500 ns, At safepoint: 66833 ns, Total: 230333 ns
[2023-07-17T15:01:15.526+0000][1][safepoint    ] Safepoint "BulkRevokeBias", Time since last: 34909583 ns, Reaching safepoint: 440834 ns, At safepoint: 509875 ns, Total: 950709 ns
[2023-07-17T15:01:15.689+0000][1][safepoint    ] Safepoint "RevokeBias", Time since last: 161789166 ns, Reaching safepoint: 1098292 ns, At safepoint: 101458 ns, Total: 1199750 ns
[2023-07-17T15:01:15.696+0000][1][safepoint    ] Safepoint "RevokeBias", Time since last: 6554667 ns, Reaching safepoint: 344875 ns, At safepoint: 113042 ns, Total: 457917 ns
[2023-07-17T15:01:15.698+0000][1][safepoint    ] Safepoint "RevokeBias", Time since last: 2291750 ns, Reaching safepoint: 275041 ns, At safepoint: 69792 ns, Total: 344833 ns
[2023-07-17T15:01:15.884+0000][1][safepoint    ] Safepoint "RevokeBias", Time since last: 185179417 ns, Reaching safepoint: 571208 ns, At safepoint: 71042 ns, Total: 642250 ns
[2023-07-17T15:01:15.885+0000][1][safepoint    ] Safepoint "RevokeBias", Time since last: 843542 ns, Reaching safepoint: 241708 ns, At safepoint: 50958 ns, Total: 292666 ns
[2023-07-17T15:01:15.886+0000][1][safepoint    ] Safepoint "RevokeBias", Time since last: 307209 ns, Reaching safepoint: 172083 ns, At safepoint: 46458 ns, Total: 218541 ns
[2023-07-17T15:01:15.902+0000][1][safepoint    ] Safepoint "RevokeBias", Time since last: 16153459 ns, Reaching safepoint: 290541 ns, At safepoint: 65834 ns, Total: 356375 ns
[2023-07-17T15:01:15.904+0000][1][safepoint    ] Safepoint "RevokeBias", Time since last: 1083666 ns, Reaching safepoint: 305834 ns, At safepoint: 53416 ns, Total: 359250 ns
[2023-07-17T15:01:15.905+0000][1][safepoint    ] Safepoint "RevokeBias", Time since last: 657334 ns, Reaching safepoint: 187625 ns, At safepoint: 64583 ns, Total: 252208 ns
[2023-07-17T15:01:15.950+0000][1][safepoint    ] Safepoint "RevokeBias", Time since last: 44094083 ns, Reaching safepoint: 1330375 ns, At safepoint: 92334 ns, Total: 1422709 ns
[2023-07-17T15:01:15.962+0000][1][safepoint    ] Safepoint "RevokeBias", Time since last: 3202208 ns, Reaching safepoint: 8271583 ns, At safepoint: 85209 ns, Total: 8356792 ns
[2023-07-17T15:01:15.971+0000][1][safepoint    ] Safepoint "RevokeBias", Time since last: 1761458 ns, Reaching safepoint: 7554875 ns, At safepoint: 105417 ns, Total: 7660292 ns
[2023-07-17T15:01:15.988+0000][1][safepoint    ] Safepoint "RevokeBias", Time since last: 1046250 ns, Reaching safepoint: 15929458 ns, At safepoint: 98417 ns, Total: 16027875 ns
[2023-07-17T15:01:15.997+0000][1][safepoint    ] Safepoint "RevokeBias", Time since last: 7897833 ns, Reaching safepoint: 705333 ns, At safepoint: 109875 ns, Total: 815208 ns
[2023-07-17T15:01:16.021+0000][1][safepoint    ] Safepoint "RevokeBias", Time since last: 23281584 ns, Reaching safepoint: 818666 ns, At safepoint: 142709 ns, Total: 961375 ns
[2023-07-17T15:01:16.026+0000][1][safepoint    ] Safepoint "RevokeBias", Time since last: 4256416 ns, Reaching safepoint: 730500 ns, At safepoint: 147209 ns, Total: 877709 ns
[2023-07-17T15:01:16.028+0000][1][safepoint    ] Safepoint "RevokeBias", Time since last: 819041 ns, Reaching safepoint: 428250 ns, At safepoint: 180834 ns, Total: 609084 ns
[2023-07-17T15:01:16.030+0000][1][safepoint    ] Safepoint "RevokeBias", Time since last: 1170750 ns, Reaching safepoint: 1182041 ns, At safepoint: 154667 ns, Total: 1336708 ns
[2023-07-17T15:01:16.033+0000][1][safepoint    ] Safepoint "RevokeBias", Time since last: 2303333 ns, Reaching safepoint: 569375 ns, At safepoint: 155500 ns, Total: 724875 ns
[2023-07-17T15:01:16.051+0000][1][safepoint    ] Safepoint "RevokeBias", Time since last: 11609875 ns, Reaching safepoint: 6409959 ns, At safepoint: 66125 ns, Total: 6476084 ns
[2023-07-17T15:01:16.076+0000][1][safepoint    ] Safepoint "RevokeBias", Time since last: 23953666 ns, Reaching safepoint: 522709 ns, At safepoint: 49583 ns, Total: 572292 ns
[2023-07-17T15:01:16.138+0000][1][safepoint    ] Safepoint "RevokeBias", Time since last: 61921625 ns, Reaching safepoint: 361000 ns, At safepoint: 81708 ns, Total: 442708 ns
[2023-07-17T15:01:16.161+0000][1][safepoint    ] Safepoint "RevokeBias", Time since last: 22086417 ns, Reaching safepoint: 392042 ns, At safepoint: 89625 ns, Total: 481667 ns
[2023-07-17T15:01:16.209+0000][1][safepoint    ] Safepoint "RevokeBias", Time since last: 39611833 ns, Reaching safepoint: 8510333 ns, At safepoint: 144167 ns, Total: 8654500 ns
[2023-07-17T15:01:16.211+0000][1][safepoint    ] Safepoint "RevokeBias", Time since last: 1821083 ns, Reaching safepoint: 358875 ns, At safepoint: 107542 ns, Total: 466417 ns
[2023-07-17T15:01:16.237+0000][1][safepoint    ] Safepoint "RevokeBias", Time since last: 17514125 ns, Reaching safepoint: 7871583 ns, At safepoint: 128459 ns, Total: 8000042 ns
[2023-07-17T15:01:16.239+0000][1][safepoint    ] Safepoint "RevokeBias", Time since last: 1115375 ns, Reaching safepoint: 823458 ns, At safepoint: 108292 ns, Total: 931750 ns
[2023-07-17T15:01:16.277+0000][1][safepoint    ] Safepoint "RevokeBias", Time since last: 37653500 ns, Reaching safepoint: 646875 ns, At safepoint: 54000 ns, Total: 700875 ns
[2023-07-17T15:01:16.284+0000][1][safepoint    ] Safepoint "RevokeBias", Time since last: 884750 ns, Reaching safepoint: 5921666 ns, At safepoint: 31334 ns, Total: 5953000 ns
[2023-07-17T15:01:16.337+0000][1][safepoint    ] Safepoint "RevokeBias", Time since last: 50120708 ns, Reaching safepoint: 2668208 ns, At safepoint: 81334 ns, Total: 2749542 ns
[2023-07-17T15:01:16.408+0000][1][safepoint    ] Safepoint "RevokeBias", Time since last: 70082041 ns, Reaching safepoint: 635042 ns, At safepoint: 26125 ns, Total: 661167 ns
[2023-07-17T15:01:16.526+0000][1][safepoint    ] Safepoint "RevokeBias", Time since last: 117729542 ns, Reaching safepoint: 571708 ns, At safepoint: 85750 ns, Total: 657458 ns
[2023-07-17T15:01:16.527+0000][1][safepoint    ] Safepoint "RevokeBias", Time since last: 526042 ns, Reaching safepoint: 527750 ns, At safepoint: 113958 ns, Total: 641708 ns
[2023-07-17T15:01:16.529+0000][1][safepoint    ] Safepoint "RevokeBias", Time since last: 1203459 ns, Reaching safepoint: 594250 ns, At safepoint: 75166 ns, Total: 669416 ns
[2023-07-17T15:01:16.557+0000][1][safepoint    ] Safepoint "RevokeBias", Time since last: 27195500 ns, Reaching safepoint: 453959 ns, At safepoint: 26875 ns, Total: 480834 ns
[2023-07-17T15:01:16.560+0000][1][safepoint    ] Safepoint "RevokeBias", Time since last: 3120541 ns, Reaching safepoint: 488167 ns, At safepoint: 25042 ns, Total: 513209 ns
[2023-07-17T15:01:16.561+0000][1][safepoint    ] Safepoint "RevokeBias", Time since last: 506958 ns, Reaching safepoint: 338042 ns, At safepoint: 19250 ns, Total: 357292 ns
[2023-07-17T15:01:16.563+0000][1][safepoint    ] Safepoint "RevokeBias", Time since last: 1278666 ns, Reaching safepoint: 344292 ns, At safepoint: 21042 ns, Total: 365334 ns
[2023-07-17T15:01:16.574+0000][1][safepoint    ] Safepoint "RevokeBias", Time since last: 10990791 ns, Reaching safepoint: 397500 ns, At safepoint: 19792 ns, Total: 417292 ns
[2023-07-17T15:01:16.590+0000][1][safepoint    ] Safepoint "RevokeBias", Time since last: 11949750 ns, Reaching safepoint: 3452875 ns, At safepoint: 36208 ns, Total: 3489083 ns
[2023-07-17T15:01:16.612+0000][1][safepoint    ] Safepoint "RevokeBias", Time since last: 21806375 ns, Reaching safepoint: 491250 ns, At safepoint: 26584 ns, Total: 517834 ns
[2023-07-17T15:01:16.613+0000][1][safepoint    ] Safepoint "RevokeBias", Time since last: 491000 ns, Reaching safepoint: 487250 ns, At safepoint: 13458 ns, Total: 500708 ns
[2023-07-17T15:01:16.795+0000][1][safepoint    ] Safepoint "Deoptimize", Time since last: 179167958 ns, Reaching safepoint: 451000 ns, At safepoint: 1802709 ns, Total: 2253709 ns
[2023-07-17T15:01:17.189+0000][1][safepoint    ] Safepoint "RevokeBias", Time since last: 390517875 ns, Reaching safepoint: 3831583 ns, At safepoint: 44708 ns, Total: 3876291 ns
[2023-07-17T15:01:17.248+0000][1][safepoint    ] Safepoint "RevokeBias", Time since last: 56383209 ns, Reaching safepoint: 2730833 ns, At safepoint: 37167 ns, Total: 2768000 ns
[2023-07-17T15:01:17.250+0000][1][safepoint    ] Safepoint "RevokeBias", Time since last: 1331750 ns, Reaching safepoint: 603042 ns, At safepoint: 16750 ns, Total: 619792 ns
[2023-07-17T15:01:17.276+0000][1][safepoint    ] Safepoint "RevokeBias", Time since last: 25160875 ns, Reaching safepoint: 656375 ns, At safepoint: 80208 ns, Total: 736583 ns
[2023-07-17T15:01:17.291+0000][1][safepoint    ] Safepoint "RevokeBias", Time since last: 12886500 ns, Reaching safepoint: 1744042 ns, At safepoint: 69625 ns, Total: 1813667 ns
[2023-07-17T15:01:17.292+0000][1][safepoint    ] Safepoint "RevokeBias", Time since last: 489125 ns, Reaching safepoint: 408541 ns, At safepoint: 13459 ns, Total: 422000 ns
[2023-07-17T15:01:17.292+0000][1][safepoint    ] Safepoint "RevokeBias", Time since last: 507250 ns, Reaching safepoint: 413791 ns, At safepoint: 14375 ns, Total: 428166 ns
[2023-07-17T15:01:17.318+0000][1][safepoint    ] Safepoint "RevokeBias", Time since last: 24997292 ns, Reaching safepoint: 572333 ns, At safepoint: 62750 ns, Total: 635083 ns
[2023-07-17T15:01:17.319+0000][1][safepoint    ] Safepoint "RevokeBias", Time since last: 813334 ns, Reaching safepoint: 398125 ns, At safepoint: 18375 ns, Total: 416500 ns
[2023-07-17T15:01:17.320+0000][1][safepoint    ] Safepoint "RevokeBias", Time since last: 588083 ns, Reaching safepoint: 358375 ns, At safepoint: 23625 ns, Total: 382000 ns
[2023-07-17T15:01:17.333+0000][1][safepoint    ] Safepoint "RevokeBias", Time since last: 11893167 ns, Reaching safepoint: 580000 ns, At safepoint: 29291 ns, Total: 609291 ns
[2023-07-17T15:01:17.334+0000][1][safepoint    ] Safepoint "RevokeBias", Time since last: 1155750 ns, Reaching safepoint: 444042 ns, At safepoint: 20875 ns, Total: 464917 ns
[2023-07-17T15:01:17.382+0000][1][safepoint    ] Safepoint "RevokeBias", Time since last: 47259458 ns, Reaching safepoint: 323584 ns, At safepoint: 25333 ns, Total: 348917 ns
[2023-07-17T15:01:17.384+0000][1][safepoint    ] Safepoint "BulkRevokeBias", Time since last: 900417 ns, Reaching safepoint: 293791 ns, At safepoint: 913792 ns, Total: 1207583 ns
[2023-07-17T15:01:17.385+0000][1][safepoint    ] Safepoint "RevokeBias", Time since last: 403958 ns, Reaching safepoint: 260584 ns, At safepoint: 15208 ns, Total: 275792 ns
[2023-07-17T15:01:17.394+0000][1][safepoint    ] Safepoint "BulkRevokeBias", Time since last: 6803292 ns, Reaching safepoint: 1086750 ns, At safepoint: 873083 ns, Total: 1959833 ns
[2023-07-17T15:01:17.398+0000][1][safepoint    ] Safepoint "RevokeBias", Time since last: 3873333 ns, Reaching safepoint: 733167 ns, At safepoint: 43625 ns, Total: 776792 ns
[2023-07-17T15:01:17.953+0000][1][safepoint    ] Safepoint "RevokeBias", Time since last: 530489292 ns, Reaching safepoint: 20774250 ns, At safepoint: 1233000 ns, Total: 22007250 ns
[2023-07-17T15:01:18.149+0000][1][safepoint    ] Safepoint "RevokeBias", Time since last: 197078208 ns, Reaching safepoint: 1388959 ns, At safepoint: 33833 ns, Total: 1422792 ns
[2023-07-17T15:01:18.155+0000][1][safepoint    ] Safepoint "RevokeBias", Time since last: 2481625 ns, Reaching safepoint: 2768208 ns, At safepoint: 78334 ns, Total: 2846542 ns
[2023-07-17T15:01:18.179+0000][1][safepoint    ] Safepoint "Deoptimize", Time since last: 21602791 ns, Reaching safepoint: 1135542 ns, At safepoint: 2108250 ns, Total: 3243792 ns
[2023-07-17T15:01:18.276+0000][1][safepoint    ] Safepoint "RevokeBias", Time since last: 93788875 ns, Reaching safepoint: 2731583 ns, At safepoint: 217792 ns, Total: 2949375 ns
[2023-07-17T15:01:18.350+0000][1][safepoint    ] Safepoint "RevokeBias", Time since last: 72969292 ns, Reaching safepoint: 785750 ns, At safepoint: 110125 ns, Total: 895875 ns
[2023-07-17T15:01:18.362+0000][1][safepoint    ] Safepoint "RevokeBias", Time since last: 8634125 ns, Reaching safepoint: 3068625 ns, At safepoint: 26125 ns, Total: 3094750 ns
[2023-07-17T15:01:18.448+0000][1][safepoint    ] Safepoint "RevokeBias", Time since last: 84870625 ns, Reaching safepoint: 1097833 ns, At safepoint: 27667 ns, Total: 1125500 ns
[2023-07-17T15:01:18.459+0000][1][safepoint    ] Safepoint "RevokeBias", Time since last: 10038875 ns, Reaching safepoint: 1193625 ns, At safepoint: 54500 ns, Total: 1248125 ns
[2023-07-17T15:01:18.461+0000][1][safepoint    ] Safepoint "RevokeBias", Time since last: 743000 ns, Reaching safepoint: 1322000 ns, At safepoint: 45791 ns, Total: 1367791 ns
[2023-07-17T15:01:18.494+0000][1][safepoint    ] Safepoint "RevokeBias", Time since last: 32079667 ns, Reaching safepoint: 1175250 ns, At safepoint: 27583 ns, Total: 1202833 ns
[2023-07-17T15:01:18.499+0000][1][safepoint    ] Safepoint "RevokeBias", Time since last: 4227834 ns, Reaching safepoint: 773666 ns, At safepoint: 25750 ns, Total: 799416 ns
[2023-07-17T15:01:18.501+0000][1][safepoint    ] Safepoint "RevokeBias", Time since last: 631292 ns, Reaching safepoint: 1099333 ns, At safepoint: 19584 ns, Total: 1118917 ns
[2023-07-17T15:01:18.503+0000][1][safepoint    ] Safepoint "RevokeBias", Time since last: 1142083 ns, Reaching safepoint: 564542 ns, At safepoint: 21250 ns, Total: 585792 ns
[2023-07-17T15:01:18.507+0000][1][safepoint    ] Safepoint "RevokeBias", Time since last: 3187583 ns, Reaching safepoint: 705542 ns, At safepoint: 23708 ns, Total: 729250 ns
[2023-07-17T15:01:18.512+0000][1][safepoint    ] Safepoint "RevokeBias", Time since last: 1301125 ns, Reaching safepoint: 3845917 ns, At safepoint: 21000 ns, Total: 3866917 ns
[2023-07-17T15:01:18.513+0000][1][safepoint    ] Safepoint "RevokeBias", Time since last: 662875 ns, Reaching safepoint: 399708 ns, At safepoint: 32375 ns, Total: 432083 ns
[2023-07-17T15:01:18.516+0000][1][safepoint    ] Safepoint "RevokeBias", Time since last: 1549792 ns, Reaching safepoint: 1496875 ns, At safepoint: 35833 ns, Total: 1532708 ns
[2023-07-17T15:01:18.617+0000][1][safepoint    ] Safepoint "RevokeBias", Time since last: 99930167 ns, Reaching safepoint: 601875 ns, At safepoint: 22125 ns, Total: 624000 ns
[2023-07-17T15:01:18.646+0000][1][safepoint    ] Safepoint "RevokeBias", Time since last: 29258250 ns, Reaching safepoint: 337625 ns, At safepoint: 54917 ns, Total: 392542 ns
[2023-07-17T15:01:18.655+0000][1][safepoint    ] Safepoint "RevokeBias", Time since last: 4732375 ns, Reaching safepoint: 4005666 ns, At safepoint: 66792 ns, Total: 4072458 ns
[2023-07-17T15:01:18.661+0000][1][safepoint    ] Safepoint "RevokeBias", Time since last: 5001000 ns, Reaching safepoint: 471708 ns, At safepoint: 59959 ns, Total: 531667 ns
[2023-07-17T15:01:18.968+0000][1][safepoint    ] Safepoint "RevokeBias", Time since last: 297489750 ns, Reaching safepoint: 9472791 ns, At safepoint: 146000 ns, Total: 9618791 ns
[2023-07-17T15:01:19.004+0000][1][safepoint    ] Safepoint "RevokeBias", Time since last: 32872917 ns, Reaching safepoint: 3237458 ns, At safepoint: 69292 ns, Total: 3306750 ns
[2023-07-17T15:01:19.027+0000][1][safepoint    ] Safepoint "RevokeBias", Time since last: 22191250 ns, Reaching safepoint: 1080500 ns, At safepoint: 67167 ns, Total: 1147667 ns
[2023-07-17T15:01:19.035+0000][1][safepoint    ] Safepoint "RevokeBias", Time since last: 4981000 ns, Reaching safepoint: 2813916 ns, At safepoint: 140875 ns, Total: 2954791 ns
[2023-07-17T15:01:19.070+0000][1][safepoint    ] Safepoint "RevokeBias", Time since last: 32885125 ns, Reaching safepoint: 1755709 ns, At safepoint: 71875 ns, Total: 1827584 ns
[2023-07-17T15:01:19.084+0000][1][safepoint    ] Safepoint "RevokeBias", Time since last: 9737666 ns, Reaching safepoint: 4029459 ns, At safepoint: 74250 ns, Total: 4103709 ns
[2023-07-17T15:01:19.096+0000][1][safepoint    ] Safepoint "BulkRevokeBias", Time since last: 9148875 ns, Reaching safepoint: 1093958 ns, At safepoint: 2328708 ns, Total: 3422666 ns
[2023-07-17T15:01:19.103+0000][1][safepoint    ] Safepoint "RevokeBias", Time since last: 4186709 ns, Reaching safepoint: 2763416 ns, At safepoint: 50417 ns, Total: 2813833 ns
[2023-07-17T15:01:19.177+0000][1][safepoint    ] Safepoint "RevokeBias", Time since last: 68778458 ns, Reaching safepoint: 5033250 ns, At safepoint: 38667 ns, Total: 5071917 ns
[2023-07-17T15:01:19.187+0000][1][safepoint    ] Safepoint "RevokeBias", Time since last: 3132875 ns, Reaching safepoint: 6499333 ns, At safepoint: 45167 ns, Total: 6544500 ns
[2023-07-17T15:01:19.207+0000][1][safepoint    ] Safepoint "RevokeBias", Time since last: 17666375 ns, Reaching safepoint: 1907000 ns, At safepoint: 37833 ns, Total: 1944833 ns
[2023-07-17T15:01:19.221+0000][1][safepoint    ] Safepoint "RevokeBias", Time since last: 10207709 ns, Reaching safepoint: 4206125 ns, At safepoint: 65916 ns, Total: 4272041 ns
[2023-07-17T15:01:19.239+0000][1][safepoint    ] Safepoint "RevokeBias", Time since last: 2417584 ns, Reaching safepoint: 15271375 ns, At safepoint: 52375 ns, Total: 15323750 ns
[2023-07-17T15:01:19.280+0000][1][safepoint    ] Safepoint "RevokeBias", Time since last: 31521625 ns, Reaching safepoint: 9155291 ns, At safepoint: 311417 ns, Total: 9466708 ns
[2023-07-17T15:01:19.295+0000][1][safepoint    ] Safepoint "RevokeBias", Time since last: 13419000 ns, Reaching safepoint: 1297917 ns, At safepoint: 206375 ns, Total: 1504292 ns
[2023-07-17T15:01:19.364+0000][1][safepoint    ] Safepoint "RevokeBias", Time since last: 68494083 ns, Reaching safepoint: 854959 ns, At safepoint: 58166 ns, Total: 913125 ns
[2023-07-17T15:01:19.429+0000][1][safepoint    ] Safepoint "RevokeBias", Time since last: 63323917 ns, Reaching safepoint: 1064500 ns, At safepoint: 30792 ns, Total: 1095292 ns
[2023-07-17T15:01:19.442+0000][1][safepoint    ] Safepoint "RevokeBias", Time since last: 12506958 ns, Reaching safepoint: 1241083 ns, At safepoint: 61542 ns, Total: 1302625 ns
[2023-07-17T15:01:19.467+0000][1][safepoint    ] Safepoint "RevokeBias", Time since last: 9854333 ns, Reaching safepoint: 14876417 ns, At safepoint: 78125 ns, Total: 14954542 ns
[2023-07-17T15:01:19.501+0000][1][safepoint    ] Safepoint "RevokeBias", Time since last: 29808000 ns, Reaching safepoint: 4138458 ns, At safepoint: 68209 ns, Total: 4206667 ns
[2023-07-17T15:01:19.511+0000][1][safepoint    ] Safepoint "RevokeBias", Time since last: 5396833 ns, Reaching safepoint: 3980292 ns, At safepoint: 107375 ns, Total: 4087667 ns
[2023-07-17T15:01:19.535+0000][1][safepoint    ] Safepoint "RevokeBias", Time since last: 13635416 ns, Reaching safepoint: 10823875 ns, At safepoint: 72209 ns, Total: 10896084 ns
[2023-07-17T15:01:19.576+0000][1][safepoint    ] Safepoint "RevokeBias", Time since last: 26261500 ns, Reaching safepoint: 14345041 ns, At safepoint: 83750 ns, Total: 14428791 ns
[2023-07-17T15:01:19.579+0000][1][safepoint    ] Safepoint "RevokeBias", Time since last: 2556500 ns, Reaching safepoint: 718625 ns, At safepoint: 75667 ns, Total: 794292 ns
[2023-07-17T15:01:19.589+0000][1][safepoint    ] Safepoint "RevokeBias", Time since last: 9099708 ns, Reaching safepoint: 915667 ns, At safepoint: 34417 ns, Total: 950084 ns
[2023-07-17T15:01:19.592+0000][1][safepoint    ] Safepoint "RevokeBias", Time since last: 1792666 ns, Reaching safepoint: 1213875 ns, At safepoint: 66584 ns, Total: 1280459 ns
[2023-07-17T15:01:19.608+0000][1][safepoint    ] Safepoint "RevokeBias", Time since last: 13825583 ns, Reaching safepoint: 1464125 ns, At safepoint: 40542 ns, Total: 1504667 ns
[2023-07-17T15:01:19.620+0000][1][safepoint    ] Safepoint "RevokeBias", Time since last: 4942166 ns, Reaching safepoint: 7553500 ns, At safepoint: 77167 ns, Total: 7630667 ns
[2023-07-17T15:01:19.639+0000][1][safepoint    ] Safepoint "RevokeBias", Time since last: 15324792 ns, Reaching safepoint: 3311291 ns, At safepoint: 40209 ns, Total: 3351500 ns
[2023-07-17T15:01:19.728+0000][1][safepoint    ] Safepoint "RevokeBias", Time since last: 87809750 ns, Reaching safepoint: 1468666 ns, At safepoint: 60042 ns, Total: 1528708 ns
[2023-07-17T15:01:19.735+0000][1][safepoint    ] Safepoint "RevokeBias", Time since last: 5871000 ns, Reaching safepoint: 392500 ns, At safepoint: 52625 ns, Total: 445125 ns
[2023-07-17T15:01:19.757+0000][1][safepoint    ] Safepoint "RevokeBias", Time since last: 14907417 ns, Reaching safepoint: 7542291 ns, At safepoint: 77417 ns, Total: 7619708 ns
[2023-07-17T15:01:19.790+0000][1][safepoint    ] Safepoint "RevokeBias", Time since last: 32340500 ns, Reaching safepoint: 626792 ns, At safepoint: 71500 ns, Total: 698292 ns
[2023-07-17T15:01:19.958+0000][1][safepoint    ] Safepoint "RevokeBias", Time since last: 162575708 ns, Reaching safepoint: 4970417 ns, At safepoint: 87833 ns, Total: 5058250 ns
[2023-07-17T15:01:19.974+0000][1][safepoint    ] Safepoint "RevokeBias", Time since last: 12125625 ns, Reaching safepoint: 3586333 ns, At safepoint: 133625 ns, Total: 3719958 ns
[2023-07-17T15:01:19.993+0000][1][safepoint    ] Safepoint "RevokeBias", Time since last: 15120542 ns, Reaching safepoint: 3711125 ns, At safepoint: 73083 ns, Total: 3784208 ns
[2023-07-17T15:01:19.994+0000][1][safepoint    ] Safepoint "RevokeBias", Time since last: 750834 ns, Reaching safepoint: 1064833 ns, At safepoint: 48292 ns, Total: 1113125 ns
[2023-07-17T15:01:20.028+0000][1][safepoint    ] Safepoint "RevokeBias", Time since last: 32586583 ns, Reaching safepoint: 857000 ns, At safepoint: 65667 ns, Total: 922667 ns
[2023-07-17T15:01:20.052+0000][1][safepoint    ] Safepoint "RevokeBias", Time since last: 20101083 ns, Reaching safepoint: 3810209 ns, At safepoint: 71958 ns, Total: 3882167 ns
[2023-07-17T15:01:20.058+0000][1][safepoint    ] Safepoint "RevokeBias", Time since last: 5410792 ns, Reaching safepoint: 617958 ns, At safepoint: 67917 ns, Total: 685875 ns
[2023-07-17T15:01:20.124+0000][1][safepoint    ] Safepoint "RevokeBias", Time since last: 62151166 ns, Reaching safepoint: 4217292 ns, At safepoint: 40625 ns, Total: 4257917 ns
[2023-07-17T15:01:20.128+0000][1][safepoint    ] Safepoint "RevokeBias", Time since last: 3190583 ns, Reaching safepoint: 339292 ns, At safepoint: 18792 ns, Total: 358084 ns
[2023-07-17T15:01:20.154+0000][1][safepoint    ] Safepoint "RevokeBias", Time since last: 23237541 ns, Reaching safepoint: 3198000 ns, At safepoint: 41625 ns, Total: 3239625 ns
[2023-07-17T15:01:20.393+0000][1][safepoint    ] Safepoint "RevokeBias", Time since last: 236877584 ns, Reaching safepoint: 1334083 ns, At safepoint: 72625 ns, Total: 1406708 ns
[2023-07-17T15:01:20.454+0000][1][safepoint    ] Safepoint "RevokeBias", Time since last: 60260250 ns, Reaching safepoint: 680333 ns, At safepoint: 65209 ns, Total: 745542 ns
[2023-07-17T15:01:20.515+0000][1][safepoint    ] Safepoint "BulkRevokeBias", Time since last: 59846291 ns, Reaching safepoint: 480750 ns, At safepoint: 1234292 ns, Total: 1715042 ns
[2023-07-17T15:01:20.557+0000][1][safepoint    ] Safepoint "RevokeBias", Time since last: 39364542 ns, Reaching safepoint: 2023333 ns, At safepoint: 275458 ns, Total: 2298791 ns
[2023-07-17T15:01:20.690+0000][1][safepoint    ] Safepoint "RevokeBias", Time since last: 132171500 ns, Reaching safepoint: 717959 ns, At safepoint: 64708 ns, Total: 782667 ns
[2023-07-17T15:01:20.698+0000][1][safepoint    ] Safepoint "RevokeBias", Time since last: 7359542 ns, Reaching safepoint: 792250 ns, At safepoint: 64750 ns, Total: 857000 ns
[2023-07-17T15:01:20.704+0000][1][safepoint    ] Safepoint "RevokeBias", Time since last: 5362166 ns, Reaching safepoint: 812292 ns, At safepoint: 76167 ns, Total: 888459 ns
[2023-07-17T15:01:20.719+0000][1][safepoint    ] Safepoint "RevokeBias", Time since last: 12986167 ns, Reaching safepoint: 1185916 ns, At safepoint: 44167 ns, Total: 1230083 ns
[2023-07-17T15:01:20.723+0000][1][safepoint    ] Safepoint "RevokeBias", Time since last: 3465000 ns, Reaching safepoint: 780375 ns, At safepoint: 37000 ns, Total: 817375 ns
[2023-07-17T15:01:20.765+0000][1][safepoint    ] Safepoint "RevokeBias", Time since last: 41238833 ns, Reaching safepoint: 629625 ns, At safepoint: 53209 ns, Total: 682834 ns
[2023-07-17T15:01:20.766+0000][1][safepoint    ] Safepoint "RevokeBias", Time since last: 654666 ns, Reaching safepoint: 443084 ns, At safepoint: 45708 ns, Total: 488792 ns
[2023-07-17T15:01:20.923+0000][1][safepoint    ] Safepoint "RevokeBias", Time since last: 156717875 ns, Reaching safepoint: 502167 ns, At safepoint: 99958 ns, Total: 602125 ns
[2023-07-17T15:01:20.925+0000][1][safepoint    ] Safepoint "RevokeBias", Time since last: 1169375 ns, Reaching safepoint: 533583 ns, At safepoint: 17667 ns, Total: 551250 ns
[2023-07-17T15:01:20.948+0000][1][safepoint    ] Safepoint "RevokeBias", Time since last: 22591250 ns, Reaching safepoint: 453667 ns, At safepoint: 21416 ns, Total: 475083 ns
[2023-07-17T15:01:20.963+0000][1][safepoint    ] Safepoint "RevokeBias", Time since last: 14471417 ns, Reaching safepoint: 411875 ns, At safepoint: 19125 ns, Total: 431000 ns
[2023-07-17T15:01:20.964+0000][1][safepoint    ] Safepoint "RevokeBias", Time since last: 917583 ns, Reaching safepoint: 285834 ns, At safepoint: 13958 ns, Total: 299792 ns
[2023-07-17T15:01:20.965+0000][1][safepoint    ] Safepoint "RevokeBias", Time since last: 616292 ns, Reaching safepoint: 342625 ns, At safepoint: 11916 ns, Total: 354541 ns
[2023-07-17T15:01:21.130+0000][1][safepoint    ] Safepoint "RevokeBias", Time since last: 164026167 ns, Reaching safepoint: 552000 ns, At safepoint: 79917 ns, Total: 631917 ns
[2023-07-17T15:01:21.139+0000][1][safepoint    ] Safepoint "RevokeBias", Time since last: 8423125 ns, Reaching safepoint: 409666 ns, At safepoint: 77459 ns, Total: 487125 ns
[2023-07-17T15:01:21.139+0000][1][safepoint    ] Safepoint "RevokeBias", Time since last: 547666 ns, Reaching safepoint: 169584 ns, At safepoint: 63333 ns, Total: 232917 ns
[2023-07-17T15:01:21.140+0000][1][safepoint    ] Safepoint "RevokeBias", Time since last: 698458 ns, Reaching safepoint: 194917 ns, At safepoint: 57250 ns, Total: 252167 ns
[2023-07-17T15:01:21.141+0000][1][safepoint    ] Safepoint "RevokeBias", Time since last: 220417 ns, Reaching safepoint: 160291 ns, At safepoint: 59209 ns, Total: 219500 ns
[2023-07-17T15:01:21.142+0000][1][safepoint    ] Safepoint "RevokeBias", Time since last: 1077375 ns, Reaching safepoint: 313166 ns, At safepoint: 70959 ns, Total: 384125 ns
[2023-07-17T15:01:21.143+0000][1][safepoint    ] Safepoint "RevokeBias", Time since last: 317541 ns, Reaching safepoint: 250042 ns, At safepoint: 62833 ns, Total: 312875 ns
[2023-07-17T15:01:21.144+0000][1][safepoint    ] Safepoint "RevokeBias", Time since last: 263834 ns, Reaching safepoint: 355125 ns, At safepoint: 93333 ns, Total: 448458 ns
[2023-07-17T15:01:21.146+0000][1][safepoint    ] Safepoint "RevokeBias", Time since last: 2183958 ns, Reaching safepoint: 384542 ns, At safepoint: 94542 ns, Total: 479084 ns
[2023-07-17T15:01:21.156+0000][1][safepoint    ] Safepoint "RevokeBias", Time since last: 8966125 ns, Reaching safepoint: 362750 ns, At safepoint: 82958 ns, Total: 445708 ns
[2023-07-17T15:01:21.159+0000][1][safepoint    ] Safepoint "RevokeBias", Time since last: 3228542 ns, Reaching safepoint: 428416 ns, At safepoint: 77875 ns, Total: 506291 ns
[2023-07-17T15:01:21.167+0000][1][safepoint    ] Safepoint "RevokeBias", Time since last: 6665959 ns, Reaching safepoint: 497625 ns, At safepoint: 72625 ns, Total: 570250 ns
[2023-07-17T15:01:21.168+0000][1][safepoint    ] Safepoint "RevokeBias", Time since last: 390375 ns, Reaching safepoint: 376875 ns, At safepoint: 64875 ns, Total: 441750 ns
[2023-07-17T15:01:21.169+0000][1][safepoint    ] Safepoint "RevokeBias", Time since last: 312500 ns, Reaching safepoint: 1055166 ns, At safepoint: 64584 ns, Total: 1119750 ns
[2023-07-17T15:01:21.170+0000][1][safepoint    ] Safepoint "RevokeBias", Time since last: 864958 ns, Reaching safepoint: 475625 ns, At safepoint: 66333 ns, Total: 541958 ns
[2023-07-17T15:01:21.171+0000][1][safepoint    ] Safepoint "RevokeBias", Time since last: 237209 ns, Reaching safepoint: 446416 ns, At safepoint: 67584 ns, Total: 514000 ns
[2023-07-17T15:01:21.172+0000][1][safepoint    ] Safepoint "RevokeBias", Time since last: 229208 ns, Reaching safepoint: 485292 ns, At safepoint: 75250 ns, Total: 560542 ns
[2023-07-17T15:01:21.173+0000][1][safepoint    ] Safepoint "RevokeBias", Time since last: 331333 ns, Reaching safepoint: 297333 ns, At safepoint: 76417 ns, Total: 373750 ns
[2023-07-17T15:01:21.174+0000][1][safepoint    ] Safepoint "RevokeBias", Time since last: 1452833 ns, Reaching safepoint: 285875 ns, At safepoint: 62459 ns, Total: 348334 ns
[2023-07-17T15:01:21.175+0000][1][safepoint    ] Safepoint "RevokeBias", Time since last: 253625 ns, Reaching safepoint: 280750 ns, At safepoint: 71125 ns, Total: 351875 ns
[2023-07-17T15:01:21.176+0000][1][safepoint    ] Safepoint "RevokeBias", Time since last: 213375 ns, Reaching safepoint: 315125 ns, At safepoint: 71375 ns, Total: 386500 ns
[2023-07-17T15:01:21.176+0000][1][safepoint    ] Safepoint "RevokeBias", Time since last: 200041 ns, Reaching safepoint: 264750 ns, At safepoint: 56959 ns, Total: 321709 ns
[2023-07-17T15:01:21.177+0000][1][safepoint    ] Safepoint "RevokeBias", Time since last: 203166 ns, Reaching safepoint: 302375 ns, At safepoint: 64875 ns, Total: 367250 ns
[2023-07-17T15:01:21.178+0000][1][safepoint    ] Safepoint "RevokeBias", Time since last: 646875 ns, Reaching safepoint: 322000 ns, At safepoint: 67959 ns, Total: 389959 ns
[2023-07-17T15:01:21.179+0000][1][safepoint    ] Safepoint "RevokeBias", Time since last: 475041 ns, Reaching safepoint: 315000 ns, At safepoint: 90292 ns, Total: 405292 ns
[2023-07-17T15:01:21.180+0000][1][safepoint    ] Safepoint "RevokeBias", Time since last: 695417 ns, Reaching safepoint: 335958 ns, At safepoint: 64208 ns, Total: 400166 ns
[2023-07-17T15:01:21.181+0000][1][safepoint    ] Safepoint "RevokeBias", Time since last: 695542 ns, Reaching safepoint: 319458 ns, At safepoint: 66500 ns, Total: 385958 ns
[2023-07-17T15:01:21.181+0000][1][safepoint    ] Safepoint "RevokeBias", Time since last: 216459 ns, Reaching safepoint: 281458 ns, At safepoint: 64083 ns, Total: 345541 ns
[2023-07-17T15:01:21.182+0000][1][safepoint    ] Safepoint "RevokeBias", Time since last: 312375 ns, Reaching safepoint: 322000 ns, At safepoint: 65459 ns, Total: 387459 ns
[2023-07-17T15:01:21.183+0000][1][safepoint    ] Safepoint "RevokeBias", Time since last: 269291 ns, Reaching safepoint: 315875 ns, At safepoint: 61375 ns, Total: 377250 ns
[2023-07-17T15:01:21.183+0000][1][safepoint    ] Safepoint "RevokeBias", Time since last: 196625 ns, Reaching safepoint: 280334 ns, At safepoint: 60333 ns, Total: 340667 ns
[2023-07-17T15:01:21.184+0000][1][safepoint    ] Safepoint "RevokeBias", Time since last: 205417 ns, Reaching safepoint: 389708 ns, At safepoint: 64458 ns, Total: 454166 ns
[2023-07-17T15:01:21.185+0000][1][safepoint    ] Safepoint "RevokeBias", Time since last: 217709 ns, Reaching safepoint: 305916 ns, At safepoint: 65334 ns, Total: 371250 ns
[2023-07-17T15:01:21.185+0000][1][safepoint    ] Safepoint "RevokeBias", Time since last: 223875 ns, Reaching safepoint: 307208 ns, At safepoint: 72000 ns, Total: 379208 ns
[2023-07-17T15:01:21.187+0000][1][safepoint    ] Safepoint "RevokeBias", Time since last: 744000 ns, Reaching safepoint: 498958 ns, At safepoint: 112292 ns, Total: 611250 ns
[2023-07-17T15:01:21.187+0000][1][safepoint    ] Safepoint "RevokeBias", Time since last: 425000 ns, Reaching safepoint: 195667 ns, At safepoint: 68375 ns, Total: 264042 ns
[2023-07-17T15:01:21.188+0000][1][safepoint    ] Safepoint "RevokeBias", Time since last: 205250 ns, Reaching safepoint: 360875 ns, At safepoint: 61458 ns, Total: 422333 ns
[2023-07-17T15:01:21.190+0000][1][safepoint    ] Safepoint "BulkRevokeBias", Time since last: 219833 ns, Reaching safepoint: 281750 ns, At safepoint: 1857875 ns, Total: 2139625 ns
[2023-07-17T15:01:21.377+0000][1][safepoint    ] Safepoint "RevokeBias", Time since last: 186330959 ns, Reaching safepoint: 507166 ns, At safepoint: 27667 ns, Total: 534833 ns
[2023-07-17T15:01:21.386+0000][1][safepoint    ] Safepoint "RevokeBias", Time since last: 8287250 ns, Reaching safepoint: 420583 ns, At safepoint: 28125 ns, Total: 448708 ns
[2023-07-17T15:01:21.561+0000][1][safepoint    ] Safepoint "RevokeBias", Time since last: 173206459 ns, Reaching safepoint: 1575042 ns, At safepoint: 87916 ns, Total: 1662958 ns
[2023-07-17T15:01:21.743+0000][1][safepoint    ] Safepoint "RevokeBias", Time since last: 181838167 ns, Reaching safepoint: 759542 ns, At safepoint: 82916 ns, Total: 842458 ns
[2023-07-17T15:01:21.745+0000][1][safepoint    ] Safepoint "RevokeBias", Time since last: 730459 ns, Reaching safepoint: 468291 ns, At safepoint: 70375 ns, Total: 538666 ns
[2023-07-17T15:01:21.876+0000][1][gc,start     ] GC(16) Pause Young (Allocation Failure)
[2023-07-17T15:01:21.877+0000][1][gc,task      ] GC(16) Using 4 workers of 4 for evacuation
[2023-07-17T15:01:21.983+0000][1][gc,age       ] GC(16) Desired survivor size 8945664 bytes, new threshold 2 (max threshold 6)
[2023-07-17T15:01:21.984+0000][1][gc,age       ] GC(16) Age table with threshold 2 (max threshold 6)
[2023-07-17T15:01:21.984+0000][1][gc,age       ] GC(16) - age   1:    4771792 bytes,    4771792 total
[2023-07-17T15:01:21.984+0000][1][gc,age       ] GC(16) - age   2:    5048848 bytes,    9820640 total
[2023-07-17T15:01:21.985+0000][1][gc,heap      ] GC(16) ParNew: 154565K->16644K(157248K)
[2023-07-17T15:01:21.985+0000][1][gc,heap      ] GC(16) CMS: 48411K->56078K(349568K)
[2023-07-17T15:01:21.985+0000][1][gc,metaspace ] GC(16) Metaspace: 78255K->78255K(1120256K)
[2023-07-17T15:01:21.986+0000][1][gc           ] GC(16) Pause Young (Allocation Failure) 198M->71M(494M) 110.582ms
[2023-07-17T15:01:21.986+0000][1][gc,cpu       ] GC(16) User=0.28s Sys=0.01s Real=0.11s
[2023-07-17T15:01:21.987+0000][1][safepoint    ] Safepoint "GenCollectForAllocation", Time since last: 129943500 ns, Reaching safepoint: 525792 ns, At safepoint: 111523792 ns, Total: 112049584 ns
[2023-07-17T15:01:22.004+0000][1][safepoint    ] Safepoint "RevokeBias", Time since last: 16959875 ns, Reaching safepoint: 374000 ns, At safepoint: 57375 ns, Total: 431375 ns
[2023-07-17T15:01:22.052+0000][1][safepoint    ] Safepoint "RevokeBias", Time since last: 47412916 ns, Reaching safepoint: 590750 ns, At safepoint: 83542 ns, Total: 674292 ns
[2023-07-17T15:01:22.053+0000][1][safepoint    ] Safepoint "RevokeBias", Time since last: 777625 ns, Reaching safepoint: 384583 ns, At safepoint: 87417 ns, Total: 472000 ns
[2023-07-17T15:01:22.218+0000][1][safepoint    ] Safepoint "RevokeBias", Time since last: 163192750 ns, Reaching safepoint: 1100792 ns, At safepoint: 85458 ns, Total: 1186250 ns
[2023-07-17T15:01:22.219+0000][1][safepoint    ] Safepoint "RevokeBias", Time since last: 812542 ns, Reaching safepoint: 716875 ns, At safepoint: 149625 ns, Total: 866500 ns
[2023-07-17T15:01:22.266+0000][1][safepoint    ] Safepoint "RevokeBias", Time since last: 46281708 ns, Reaching safepoint: 700250 ns, At safepoint: 119417 ns, Total: 819667 ns
[2023-07-17T15:01:22.343+0000][1][safepoint    ] Safepoint "RevokeBias", Time since last: 75697042 ns, Reaching safepoint: 857166 ns, At safepoint: 56459 ns, Total: 913625 ns
[2023-07-17T15:01:22.701+0000][1][safepoint    ] Safepoint "RevokeBias", Time since last: 356861250 ns, Reaching safepoint: 807000 ns, At safepoint: 54333 ns, Total: 861333 ns
[2023-07-17T15:01:22.722+0000][1][safepoint    ] Safepoint "RevokeBias", Time since last: 20434833 ns, Reaching safepoint: 864750 ns, At safepoint: 69542 ns, Total: 934292 ns
[2023-07-17T15:01:22.749+0000][1][safepoint    ] Safepoint "RevokeBias", Time since last: 21184583 ns, Reaching safepoint: 5083000 ns, At safepoint: 84209 ns, Total: 5167209 ns
[2023-07-17T15:01:22.785+0000][1][safepoint    ] Safepoint "RevokeBias", Time since last: 35670375 ns, Reaching safepoint: 749958 ns, At safepoint: 34917 ns, Total: 784875 ns
[2023-07-17T15:01:22.787+0000][1][safepoint    ] Safepoint "RevokeBias", Time since last: 578125 ns, Reaching safepoint: 1454000 ns, At safepoint: 153083 ns, Total: 1607083 ns
[2023-07-17T15:01:22.882+0000][1][safepoint    ] Safepoint "RevokeBias", Time since last: 94274959 ns, Reaching safepoint: 830708 ns, At safepoint: 61333 ns, Total: 892041 ns
[2023-07-17T15:01:22.891+0000][1][safepoint    ] Safepoint "Deoptimize", Time since last: 6122375 ns, Reaching safepoint: 818625 ns, At safepoint: 1714292 ns, Total: 2532917 ns
[2023-07-17T15:01:22.962+0000][1][safepoint    ] Safepoint "RevokeBias", Time since last: 69213542 ns, Reaching safepoint: 1549375 ns, At safepoint: 92291 ns, Total: 1641666 ns
[2023-07-17T15:01:22.981+0000][1][safepoint    ] Safepoint "RevokeBias", Time since last: 18217459 ns, Reaching safepoint: 707750 ns, At safepoint: 25500 ns, Total: 733250 ns
[2023-07-17T15:01:23.088+0000][1][safepoint    ] Safepoint "RevokeBias", Time since last: 106853583 ns, Reaching safepoint: 567625 ns, At safepoint: 59417 ns, Total: 627042 ns
[2023-07-17T15:01:23.133+0000][1][safepoint    ] Safepoint "RevokeBias", Time since last: 43545458 ns, Reaching safepoint: 771750 ns, At safepoint: 94958 ns, Total: 866708 ns
[2023-07-17T15:01:23.171+0000][1][safepoint    ] Safepoint "RevokeBias", Time since last: 37871792 ns, Reaching safepoint: 767583 ns, At safepoint: 60417 ns, Total: 828000 ns
[2023-07-17T15:01:23.196+0000][1][safepoint    ] Safepoint "RevokeBias", Time since last: 23729750 ns, Reaching safepoint: 387458 ns, At safepoint: 55125 ns, Total: 442583 ns
[2023-07-17T15:01:23.227+0000][1][safepoint    ] Safepoint "RevokeBias", Time since last: 29939084 ns, Reaching safepoint: 901958 ns, At safepoint: 176417 ns, Total: 1078375 ns
[2023-07-17T15:01:23.254+0000][1][safepoint    ] Safepoint "RevokeBias", Time since last: 16348375 ns, Reaching safepoint: 11381000 ns, At safepoint: 181250 ns, Total: 11562250 ns
[2023-07-17T15:01:23.255+0000][1][safepoint    ] Safepoint "RevokeBias", Time since last: 382625 ns, Reaching safepoint: 464333 ns, At safepoint: 45083 ns, Total: 509416 ns
[2023-07-17T15:01:23.256+0000][1][safepoint    ] Safepoint "RevokeBias", Time since last: 203625 ns, Reaching safepoint: 386584 ns, At safepoint: 40500 ns, Total: 427084 ns
[2023-07-17T15:01:23.257+0000][1][safepoint    ] Safepoint "RevokeBias", Time since last: 851500 ns, Reaching safepoint: 452166 ns, At safepoint: 99542 ns, Total: 551708 ns
[2023-07-17T15:01:23.260+0000][1][safepoint    ] Safepoint "RevokeBias", Time since last: 1490375 ns, Reaching safepoint: 662333 ns, At safepoint: 124584 ns, Total: 786917 ns
[2023-07-17T15:01:23.264+0000][1][safepoint    ] Safepoint "RevokeBias", Time since last: 3253666 ns, Reaching safepoint: 1157334 ns, At safepoint: 117750 ns, Total: 1275084 ns
[2023-07-17T15:01:23.266+0000][1][safepoint    ] Safepoint "RevokeBias", Time since last: 1205291 ns, Reaching safepoint: 512542 ns, At safepoint: 112958 ns, Total: 625500 ns
[2023-07-17T15:01:23.285+0000][1][safepoint    ] Safepoint "RevokeBias", Time since last: 17663959 ns, Reaching safepoint: 699250 ns, At safepoint: 111166 ns, Total: 810416 ns
[2023-07-17T15:01:23.289+0000][1][safepoint    ] Safepoint "RevokeBias", Time since last: 954709 ns, Reaching safepoint: 3777375 ns, At safepoint: 123458 ns, Total: 3900833 ns
[2023-07-17T15:01:23.293+0000][1][safepoint    ] Safepoint "RevokeBias", Time since last: 2277125 ns, Reaching safepoint: 604500 ns, At safepoint: 451667 ns, Total: 1056167 ns
[2023-07-17T15:01:23.301+0000][1][safepoint    ] Safepoint "RevokeBias", Time since last: 7078000 ns, Reaching safepoint: 1248916 ns, At safepoint: 128417 ns, Total: 1377333 ns
[2023-07-17T15:01:23.348+0000][1][safepoint    ] Safepoint "RevokeBias", Time since last: 43047542 ns, Reaching safepoint: 3742541 ns, At safepoint: 75417 ns, Total: 3817958 ns
[2023-07-17T15:01:23.349+0000][1][safepoint    ] Safepoint "RevokeBias", Time since last: 421500 ns, Reaching safepoint: 706917 ns, At safepoint: 53750 ns, Total: 760667 ns
[2023-07-17T15:01:23.353+0000][1][safepoint    ] Safepoint "RevokeBias", Time since last: 3085416 ns, Reaching safepoint: 613584 ns, At safepoint: 61625 ns, Total: 675209 ns
[2023-07-17T15:01:23.354+0000][1][safepoint    ] Safepoint "RevokeBias", Time since last: 334250 ns, Reaching safepoint: 891125 ns, At safepoint: 142875 ns, Total: 1034000 ns
[2023-07-17T15:01:23.355+0000][1][safepoint    ] Safepoint "RevokeBias", Time since last: 310291 ns, Reaching safepoint: 656292 ns, At safepoint: 120667 ns, Total: 776959 ns
[2023-07-17T15:01:23.678+0000][1][safepoint    ] Safepoint "RevokeBias", Time since last: 321281250 ns, Reaching safepoint: 812583 ns, At safepoint: 72875 ns, Total: 885458 ns
[2023-07-17T15:01:23.690+0000][1][safepoint    ] Safepoint "RevokeBias", Time since last: 12315417 ns, Reaching safepoint: 340875 ns, At safepoint: 51500 ns, Total: 392375 ns
[2023-07-17T15:01:23.691+0000][1][safepoint    ] Safepoint "RevokeBias", Time since last: 457500 ns, Reaching safepoint: 207917 ns, At safepoint: 34708 ns, Total: 242625 ns
[2023-07-17T15:01:23.691+0000][1][safepoint    ] Safepoint "RevokeBias", Time since last: 231667 ns, Reaching safepoint: 200916 ns, At safepoint: 36667 ns, Total: 237583 ns
[2023-07-17T15:01:23.704+0000][1][safepoint    ] Safepoint "RevokeBias", Time since last: 12070125 ns, Reaching safepoint: 684625 ns, At safepoint: 59208 ns, Total: 743833 ns
[2023-07-17T15:01:23.706+0000][1][safepoint    ] Safepoint "RevokeBias", Time since last: 439292 ns, Reaching safepoint: 1276875 ns, At safepoint: 43750 ns, Total: 1320625 ns
[2023-07-17T15:01:23.706+0000][1][safepoint    ] Safepoint "RevokeBias", Time since last: 183333 ns, Reaching safepoint: 175042 ns, At safepoint: 38083 ns, Total: 213125 ns
[2023-07-17T15:01:23.707+0000][1][safepoint    ] Safepoint "RevokeBias", Time since last: 162042 ns, Reaching safepoint: 559542 ns, At safepoint: 40291 ns, Total: 599833 ns
[2023-07-17T15:01:23.715+0000][1][safepoint    ] Safepoint "RevokeBias", Time since last: 7845667 ns, Reaching safepoint: 355167 ns, At safepoint: 52833 ns, Total: 408000 ns
[2023-07-17T15:01:23.731+0000][1][safepoint    ] Safepoint "RevokeBias", Time since last: 15240708 ns, Reaching safepoint: 396209 ns, At safepoint: 60500 ns, Total: 456709 ns
[2023-07-17T15:01:23.750+0000][1][safepoint    ] Safepoint "RevokeBias", Time since last: 18797208 ns, Reaching safepoint: 360792 ns, At safepoint: 67333 ns, Total: 428125 ns
[2023-07-17T15:01:23.751+0000][1][safepoint    ] Safepoint "RevokeBias", Time since last: 497333 ns, Reaching safepoint: 190375 ns, At safepoint: 41459 ns, Total: 231834 ns
[2023-07-17T15:01:24.084+0000][1][safepoint    ] Safepoint "RevokeBias", Time since last: 332160291 ns, Reaching safepoint: 495709 ns, At safepoint: 67250 ns, Total: 562959 ns
[2023-07-17T15:01:24.909+0000][1][safepoint    ] Safepoint "RevokeBias", Time since last: 824265459 ns, Reaching safepoint: 783833 ns, At safepoint: 136792 ns, Total: 920625 ns
[2023-07-17T15:01:24.910+0000][1][safepoint    ] Safepoint "RevokeBias", Time since last: 880458 ns, Reaching safepoint: 428042 ns, At safepoint: 82250 ns, Total: 510292 ns
[2023-07-17T15:01:24.911+0000][1][safepoint    ] Safepoint "RevokeBias", Time since last: 533333 ns, Reaching safepoint: 415417 ns, At safepoint: 91958 ns, Total: 507375 ns
[2023-07-17T15:01:24.912+0000][1][safepoint    ] Safepoint "RevokeBias", Time since last: 494083 ns, Reaching safepoint: 411417 ns, At safepoint: 80625 ns, Total: 492042 ns
[2023-07-17T15:01:25.755+0000][1][safepoint    ] Safepoint "RevokeBias", Time since last: 841309209 ns, Reaching safepoint: 904666 ns, At safepoint: 111125 ns, Total: 1015791 ns
[2023-07-17T15:01:25.756+0000][1][safepoint    ] Safepoint "RevokeBias", Time since last: 733875 ns, Reaching safepoint: 631959 ns, At safepoint: 72458 ns, Total: 704417 ns
[2023-07-17T15:01:25.771+0000][1][safepoint    ] Safepoint "Deoptimize", Time since last: 11854333 ns, Reaching safepoint: 534042 ns, At safepoint: 1943792 ns, Total: 2477834 ns
[2023-07-17T15:01:25.849+0000][1][safepoint    ] Safepoint "RevokeBias", Time since last: 78425375 ns, Reaching safepoint: 408666 ns, At safepoint: 25292 ns, Total: 433958 ns
[2023-07-17T15:01:25.852+0000][1][safepoint    ] Safepoint "RevokeBias", Time since last: 2186458 ns, Reaching safepoint: 318334 ns, At safepoint: 19625 ns, Total: 337959 ns
[2023-07-17T15:01:25.893+0000][1][safepoint    ] Safepoint "RevokeBias", Time since last: 40497916 ns, Reaching safepoint: 433709 ns, At safepoint: 31166 ns, Total: 464875 ns
[2023-07-17T15:01:25.894+0000][1][safepoint    ] Safepoint "RevokeBias", Time since last: 1242917 ns, Reaching safepoint: 198875 ns, At safepoint: 19542 ns, Total: 218417 ns
[2023-07-17T15:01:25.895+0000][1][safepoint    ] Safepoint "RevokeBias", Time since last: 419958 ns, Reaching safepoint: 197292 ns, At safepoint: 13666 ns, Total: 210958 ns
[2023-07-17T15:01:26.790+0000][1][safepoint    ] Safepoint "RevokeBias", Time since last: 887528001 ns, Reaching safepoint: 5638083 ns, At safepoint: 1098292 ns, Total: 6736375 ns
[2023-07-17T15:01:26.858+0000][1][safepoint    ] Safepoint "RevokeBias", Time since last: 68532291 ns, Reaching safepoint: 582584 ns, At safepoint: 50625 ns, Total: 633209 ns
[2023-07-17T15:01:26.991+0000][1][safepoint    ] Safepoint "RevokeBias", Time since last: 132511875 ns, Reaching safepoint: 523583 ns, At safepoint: 27708 ns, Total: 551291 ns
[2023-07-17T15:01:26.993+0000][1][safepoint    ] Safepoint "RevokeBias", Time since last: 1276917 ns, Reaching safepoint: 265083 ns, At safepoint: 44625 ns, Total: 309708 ns
[2023-07-17T15:01:27.000+0000][1][safepoint    ] Safepoint "RevokeBias", Time since last: 6666251 ns, Reaching safepoint: 372458 ns, At safepoint: 127833 ns, Total: 500291 ns
[2023-07-17T15:01:27.001+0000][1][safepoint    ] Safepoint "RevokeBias", Time since last: 526834 ns, Reaching safepoint: 321375 ns, At safepoint: 73375 ns, Total: 394750 ns
[2023-07-17T15:01:27.047+0000][1][safepoint    ] Safepoint "RevokeBias", Time since last: 44860708 ns, Reaching safepoint: 480083 ns, At safepoint: 62750 ns, Total: 542833 ns
[2023-07-17T15:01:28.049+0000][1][safepoint    ] Safepoint "Cleanup", Time since last: 1001134584 ns, Reaching safepoint: 1088250 ns, At safepoint: 51583 ns, Total: 1139833 ns
[2023-07-17T15:01:28.854+0000][1][safepoint    ] Safepoint "RevokeBias", Time since last: 804446126 ns, Reaching safepoint: 608958 ns, At safepoint: 60708 ns, Total: 669666 ns
[2023-07-17T15:01:28.855+0000][1][safepoint    ] Safepoint "RevokeBias", Time since last: 646625 ns, Reaching safepoint: 567917 ns, At safepoint: 39000 ns, Total: 606917 ns
[2023-07-17T15:01:28.902+0000][1][safepoint    ] Safepoint "RevokeBias", Time since last: 46609583 ns, Reaching safepoint: 421125 ns, At safepoint: 105209 ns, Total: 526334 ns
[2023-07-17T15:01:29.350+0000][1][safepoint    ] Safepoint "RevokeBias", Time since last: 444662708 ns, Reaching safepoint: 2997709 ns, At safepoint: 90208 ns, Total: 3087917 ns
[2023-07-17T15:01:29.576+0000][1][safepoint    ] Safepoint "RevokeBias", Time since last: 224885875 ns, Reaching safepoint: 952583 ns, At safepoint: 329709 ns, Total: 1282292 ns
[2023-07-17T15:01:29.579+0000][1][safepoint    ] Safepoint "RevokeBias", Time since last: 1849750 ns, Reaching safepoint: 675708 ns, At safepoint: 179208 ns, Total: 854916 ns
[2023-07-17T15:01:29.580+0000][1][safepoint    ] Safepoint "RevokeBias", Time since last: 414875 ns, Reaching safepoint: 517917 ns, At safepoint: 112958 ns, Total: 630875 ns
[2023-07-17T15:01:29.581+0000][1][safepoint    ] Safepoint "RevokeBias", Time since last: 882750 ns, Reaching safepoint: 395959 ns, At safepoint: 84416 ns, Total: 480375 ns
[2023-07-17T15:01:29.598+0000][1][safepoint    ] Safepoint "RevokeBias", Time since last: 15444209 ns, Reaching safepoint: 724583 ns, At safepoint: 42583 ns, Total: 767166 ns
[2023-07-17T15:01:29.604+0000][1][safepoint    ] Safepoint "RevokeBias", Time since last: 5201417 ns, Reaching safepoint: 855458 ns, At safepoint: 41417 ns, Total: 896875 ns
[2023-07-17T15:01:29.620+0000][1][safepoint    ] Safepoint "Deoptimize", Time since last: 12710042 ns, Reaching safepoint: 531708 ns, At safepoint: 2876667 ns, Total: 3408375 ns
[2023-07-17T15:01:29.674+0000][1][safepoint    ] Safepoint "Deoptimize", Time since last: 50550166 ns, Reaching safepoint: 600375 ns, At safepoint: 2753209 ns, Total: 3353584 ns
[2023-07-17T15:01:29.739+0000][1][safepoint    ] Safepoint "RevokeBias", Time since last: 64164750 ns, Reaching safepoint: 969833 ns, At safepoint: 74792 ns, Total: 1044625 ns
[2023-07-17T15:01:29.740+0000][1][safepoint    ] Safepoint "RevokeBias", Time since last: 793291 ns, Reaching safepoint: 348917 ns, At safepoint: 55083 ns, Total: 404000 ns
[2023-07-17T15:01:30.146+0000][1][safepoint    ] Safepoint "RevokeBias", Time since last: 405198376 ns, Reaching safepoint: 437041 ns, At safepoint: 65709 ns, Total: 502750 ns
[2023-07-17T15:01:30.159+0000][1][safepoint    ] Safepoint "RevokeBias", Time since last: 13077083 ns, Reaching safepoint: 481250 ns, At safepoint: 66750 ns, Total: 548000 ns
[2023-07-17T15:01:30.224+0000][1][safepoint    ] Safepoint "RevokeBias", Time since last: 63527417 ns, Reaching safepoint: 635041 ns, At safepoint: 156667 ns, Total: 791708 ns
[2023-07-17T15:01:30.389+0000][1][safepoint    ] Safepoint "RevokeBias", Time since last: 164286000 ns, Reaching safepoint: 459750 ns, At safepoint: 74000 ns, Total: 533750 ns
[2023-07-17T15:01:30.411+0000][1][safepoint    ] Safepoint "RevokeBias", Time since last: 21987000 ns, Reaching safepoint: 662292 ns, At safepoint: 58250 ns, Total: 720542 ns
[2023-07-17T15:01:30.416+0000][1][safepoint    ] Safepoint "RevokeBias", Time since last: 4441500 ns, Reaching safepoint: 421083 ns, At safepoint: 47792 ns, Total: 468875 ns
[2023-07-17T15:01:30.421+0000][1][safepoint    ] Safepoint "RevokeBias", Time since last: 3663000 ns, Reaching safepoint: 635083 ns, At safepoint: 57083 ns, Total: 692166 ns
[2023-07-17T15:01:30.426+0000][1][safepoint    ] Safepoint "RevokeBias", Time since last: 5192334 ns, Reaching safepoint: 506750 ns, At safepoint: 64208 ns, Total: 570958 ns
[2023-07-17T15:01:30.450+0000][1][safepoint    ] Safepoint "BulkRevokeBias", Time since last: 21480542 ns, Reaching safepoint: 344708 ns, At safepoint: 1741583 ns, Total: 2086291 ns
[2023-07-17T15:01:30.470+0000][1][safepoint    ] Safepoint "RevokeBias", Time since last: 19997167 ns, Reaching safepoint: 417083 ns, At safepoint: 54417 ns, Total: 471500 ns
[2023-07-17T15:01:30.474+0000][1][safepoint    ] Safepoint "RevokeBias", Time since last: 3608542 ns, Reaching safepoint: 465416 ns, At safepoint: 75834 ns, Total: 541250 ns
[2023-07-17T15:01:30.694+0000][1][safepoint    ] Safepoint "RevokeBias", Time since last: 218410042 ns, Reaching safepoint: 767041 ns, At safepoint: 98792 ns, Total: 865833 ns
[2023-07-17T15:01:30.703+0000][1][safepoint    ] Safepoint "RevokeBias", Time since last: 9273250 ns, Reaching safepoint: 400875 ns, At safepoint: 76500 ns, Total: 477375 ns
[2023-07-17T15:01:30.711+0000][1][safepoint    ] Safepoint "RevokeBias", Time since last: 7421917 ns, Reaching safepoint: 409625 ns, At safepoint: 72291 ns, Total: 481916 ns
[2023-07-17T15:01:30.726+0000][1][safepoint    ] Safepoint "BulkRevokeBias", Time since last: 13060792 ns, Reaching safepoint: 605000 ns, At safepoint: 1417458 ns, Total: 2022458 ns
[2023-07-17T15:01:31.117+0000][1][safepoint    ] Safepoint "RevokeBias", Time since last: 389257750 ns, Reaching safepoint: 1312125 ns, At safepoint: 85375 ns, Total: 1397500 ns
[2023-07-17T15:01:31.160+0000][1][safepoint    ] Safepoint "RevokeBias", Time since last: 42081042 ns, Reaching safepoint: 849750 ns, At safepoint: 89000 ns, Total: 938750 ns
[2023-07-17T15:01:31.181+0000][1][safepoint    ] Safepoint "RevokeBias", Time since last: 20676250 ns, Reaching safepoint: 504750 ns, At safepoint: 61917 ns, Total: 566667 ns
[2023-07-17T15:01:31.211+0000][1][safepoint    ] Safepoint "RevokeBias", Time since last: 29010167 ns, Reaching safepoint: 631583 ns, At safepoint: 105833 ns, Total: 737416 ns
[2023-07-17T15:01:32.215+0000][1][safepoint    ] Safepoint "Cleanup", Time since last: 1000550084 ns, Reaching safepoint: 2940833 ns, At safepoint: 48250 ns, Total: 2989083 ns
[2023-07-17T15:01:32.591+0000][1][safepoint    ] Safepoint "RevokeBias", Time since last: 375280709 ns, Reaching safepoint: 518042 ns, At safepoint: 104208 ns, Total: 622250 ns
[2023-07-17T15:01:32.600+0000][1][safepoint    ] Safepoint "RevokeBias", Time since last: 8788917 ns, Reaching safepoint: 408458 ns, At safepoint: 66083 ns, Total: 474541 ns
[2023-07-17T15:01:32.610+0000][1][safepoint    ] Safepoint "RevokeBias", Time since last: 9150625 ns, Reaching safepoint: 447000 ns, At safepoint: 68834 ns, Total: 515834 ns
[2023-07-17T15:01:32.624+0000][1][safepoint    ] Safepoint "RevokeBias", Time since last: 13760416 ns, Reaching safepoint: 438750 ns, At safepoint: 72500 ns, Total: 511250 ns
[2023-07-17T15:01:33.625+0000][1][safepoint    ] Safepoint "Cleanup", Time since last: 1000574417 ns, Reaching safepoint: 963209 ns, At safepoint: 26000 ns, Total: 989209 ns
[2023-07-17T15:01:34.627+0000][1][safepoint    ] Safepoint "Cleanup", Time since last: 1000444417 ns, Reaching safepoint: 725708 ns, At safepoint: 19083 ns, Total: 744791 ns
[2023-07-17T15:01:35.086+0000][1][safepoint    ] Safepoint "RevokeBias", Time since last: 457966834 ns, Reaching safepoint: 1072000 ns, At safepoint: 780250 ns, Total: 1852250 ns
[2023-07-17T15:01:36.091+0000][1][safepoint    ] Safepoint "Cleanup", Time since last: 1002637251 ns, Reaching safepoint: 2143416 ns, At safepoint: 72917 ns, Total: 2216333 ns
[2023-07-17T15:01:36.696+0000][1][safepoint    ] Safepoint "RevokeBias", Time since last: 603086792 ns, Reaching safepoint: 1155875 ns, At safepoint: 68416 ns, Total: 1224291 ns
[2023-07-17T15:01:36.701+0000][1][safepoint    ] Safepoint "RevokeBias", Time since last: 4890959 ns, Reaching safepoint: 711500 ns, At safepoint: 102125 ns, Total: 813625 ns
[2023-07-17T15:01:37.703+0000][1][safepoint    ] Safepoint "Cleanup", Time since last: 1000534125 ns, Reaching safepoint: 1263917 ns, At safepoint: 19500 ns, Total: 1283417 ns
[2023-07-17T15:01:38.357+0000][1][safepoint    ] Safepoint "RevokeBias", Time since last: 653286709 ns, Reaching safepoint: 597250 ns, At safepoint: 71583 ns, Total: 668833 ns
[2023-07-17T15:01:39.360+0000][1][safepoint    ] Safepoint "Cleanup", Time since last: 1000446334 ns, Reaching safepoint: 1992500 ns, At safepoint: 50208 ns, Total: 2042708 ns
[2023-07-17T15:01:40.361+0000][1][safepoint    ] Safepoint "Cleanup", Time since last: 1001051626 ns, Reaching safepoint: 885750 ns, At safepoint: 24291 ns, Total: 910041 ns
[2023-07-17T15:01:40.447+0000][1][safepoint    ] Safepoint "RevokeBias", Time since last: 84605042 ns, Reaching safepoint: 1077167 ns, At safepoint: 289375 ns, Total: 1366542 ns
[2023-07-17T15:01:41.449+0000][1][safepoint    ] Safepoint "Cleanup", Time since last: 1000465708 ns, Reaching safepoint: 1505334 ns, At safepoint: 24750 ns, Total: 1530084 ns
[2023-07-17T15:01:42.460+0000][1][safepoint    ] Safepoint "Cleanup", Time since last: 1000429875 ns, Reaching safepoint: 983083 ns, At safepoint: 37709 ns, Total: 1020792 ns
[2023-07-17T15:01:43.463+0000][1][safepoint    ] Safepoint "Cleanup", Time since last: 1001181875 ns, Reaching safepoint: 1098250 ns, At safepoint: 20250 ns, Total: 1118500 ns
[2023-07-17T15:01:44.465+0000][1][safepoint    ] Safepoint "Cleanup", Time since last: 1000515001 ns, Reaching safepoint: 1658750 ns, At safepoint: 44166 ns, Total: 1702916 ns
[2023-07-17T15:01:45.467+0000][1][safepoint    ] Safepoint "Cleanup", Time since last: 1000935959 ns, Reaching safepoint: 1411250 ns, At safepoint: 29750 ns, Total: 1441000 ns
[2023-07-17T15:01:46.025+0000][1][safepoint    ] Safepoint "RevokeBias", Time since last: 556921917 ns, Reaching safepoint: 1221208 ns, At safepoint: 99042 ns, Total: 1320250 ns
[2023-07-17T15:01:47.031+0000][1][safepoint    ] Safepoint "Cleanup", Time since last: 1002185250 ns, Reaching safepoint: 3374459 ns, At safepoint: 105500 ns, Total: 3479959 ns
[2023-07-17T15:01:48.039+0000][1][safepoint    ] Safepoint "Cleanup", Time since last: 1004490459 ns, Reaching safepoint: 3345958 ns, At safepoint: 100875 ns, Total: 3446833 ns
[2023-07-17T15:01:49.044+0000][1][safepoint    ] Safepoint "Cleanup", Time since last: 1001172542 ns, Reaching safepoint: 3968208 ns, At safepoint: 71750 ns, Total: 4039958 ns
[2023-07-17T15:01:50.051+0000][1][safepoint    ] Safepoint "Cleanup", Time since last: 1003385168 ns, Reaching safepoint: 3375583 ns, At safepoint: 99125 ns, Total: 3474708 ns
[2023-07-17T15:01:50.462+0000][1][safepoint    ] Safepoint "RevokeBias", Time since last: 409775958 ns, Reaching safepoint: 1346375 ns, At safepoint: 309542 ns, Total: 1655917 ns
[2023-07-17T15:01:51.215+0000][1][safepoint    ] Safepoint "RevokeBias", Time since last: 747092084 ns, Reaching safepoint: 5129583 ns, At safepoint: 620292 ns, Total: 5749875 ns
[2023-07-17T15:01:51.248+0000][1][safepoint    ] Safepoint "RevokeBias", Time since last: 31785750 ns, Reaching safepoint: 1055958 ns, At safepoint: 220375 ns, Total: 1276333 ns
[2023-07-17T15:01:51.360+0000][1][safepoint    ] Safepoint "RevokeBias", Time since last: 110370125 ns, Reaching safepoint: 848792 ns, At safepoint: 88958 ns, Total: 937750 ns
[2023-07-17T15:01:51.361+0000][1][safepoint    ] Safepoint "RevokeBias", Time since last: 432583 ns, Reaching safepoint: 445667 ns, At safepoint: 108625 ns, Total: 554292 ns
[2023-07-17T15:01:51.362+0000][1][safepoint    ] Safepoint "RevokeBias", Time since last: 308792 ns, Reaching safepoint: 440666 ns, At safepoint: 64500 ns, Total: 505166 ns
[2023-07-17T15:01:51.708+0000][1][safepoint    ] Safepoint "RevokeBias", Time since last: 345564751 ns, Reaching safepoint: 1170416 ns, At safepoint: 93709 ns, Total: 1264125 ns
[2023-07-17T15:01:51.711+0000][1][safepoint    ] Safepoint "RevokeBias", Time since last: 1249000 ns, Reaching safepoint: 1005916 ns, At safepoint: 95542 ns, Total: 1101458 ns
[2023-07-17T15:01:51.713+0000][1][safepoint    ] Safepoint "RevokeBias", Time since last: 1015583 ns, Reaching safepoint: 912125 ns, At safepoint: 74292 ns, Total: 986417 ns
[2023-07-17T15:01:51.714+0000][1][safepoint    ] Safepoint "RevokeBias", Time since last: 375083 ns, Reaching safepoint: 637667 ns, At safepoint: 247000 ns, Total: 884667 ns
[2023-07-17T15:01:51.747+0000][1][safepoint    ] Safepoint "RevokeBias", Time since last: 32506042 ns, Reaching safepoint: 914958 ns, At safepoint: 69292 ns, Total: 984250 ns
[2023-07-17T15:01:51.749+0000][1][safepoint    ] Safepoint "RevokeBias", Time since last: 741458 ns, Reaching safepoint: 489625 ns, At safepoint: 74417 ns, Total: 564042 ns
[2023-07-17T15:01:51.750+0000][1][safepoint    ] Safepoint "RevokeBias", Time since last: 628625 ns, Reaching safepoint: 697666 ns, At safepoint: 60584 ns, Total: 758250 ns
[2023-07-17T15:01:51.751+0000][1][safepoint    ] Safepoint "RevokeBias", Time since last: 343541 ns, Reaching safepoint: 467500 ns, At safepoint: 151542 ns, Total: 619042 ns
[2023-07-17T15:01:52.753+0000][1][safepoint    ] Safepoint "Cleanup", Time since last: 1000890709 ns, Reaching safepoint: 780416 ns, At safepoint: 16542 ns, Total: 796958 ns
[2023-07-17T15:01:53.755+0000][1][safepoint    ] Safepoint "Cleanup", Time since last: 1000437709 ns, Reaching safepoint: 2053417 ns, At safepoint: 42333 ns, Total: 2095750 ns
[2023-07-17T15:01:54.757+0000][1][safepoint    ] Safepoint "Cleanup", Time since last: 1000871792 ns, Reaching safepoint: 904167 ns, At safepoint: 18250 ns, Total: 922417 ns
[2023-07-17T15:01:55.761+0000][1][safepoint    ] Safepoint "Cleanup", Time since last: 1001764667 ns, Reaching safepoint: 2451667 ns, At safepoint: 50875 ns, Total: 2502542 ns
[2023-07-17T15:01:56.764+0000][1][safepoint    ] Safepoint "Cleanup", Time since last: 1000944833 ns, Reaching safepoint: 1990959 ns, At safepoint: 49125 ns, Total: 2040084 ns
[2023-07-17T15:01:57.768+0000][1][safepoint    ] Safepoint "Cleanup", Time since last: 1002922875 ns, Reaching safepoint: 1041959 ns, At safepoint: 18375 ns, Total: 1060334 ns
[2023-07-17T15:01:58.774+0000][1][safepoint    ] Safepoint "Cleanup", Time since last: 1001769125 ns, Reaching safepoint: 3567542 ns, At safepoint: 62958 ns, Total: 3630500 ns
[2023-07-17T15:01:59.777+0000][1][safepoint    ] Safepoint "Cleanup", Time since last: 1001485334 ns, Reaching safepoint: 2078666 ns, At safepoint: 39375 ns, Total: 2118041 ns
[2023-07-17T15:02:00.535+0000][1][gc,start     ] GC(17) Pause Young (Allocation Failure)
[2023-07-17T15:02:00.537+0000][1][gc,task      ] GC(17) Using 4 workers of 4 for evacuation
[2023-07-17T15:02:00.611+0000][1][gc,age       ] GC(17) Desired survivor size 8945664 bytes, new threshold 6 (max threshold 6)
[2023-07-17T15:02:00.611+0000][1][gc,age       ] GC(17) Age table with threshold 6 (max threshold 6)
[2023-07-17T15:02:00.612+0000][1][gc,age       ] GC(17) - age   1:    3212360 bytes,    3212360 total
[2023-07-17T15:02:00.612+0000][1][gc,age       ] GC(17) - age   2:    4442576 bytes,    7654936 total
[2023-07-17T15:02:00.613+0000][1][gc,heap      ] GC(17) ParNew: 156420K->9555K(157248K)
[2023-07-17T15:02:00.613+0000][1][gc,heap      ] GC(17) CMS: 56078K->61190K(349568K)
[2023-07-17T15:02:00.613+0000][1][gc,metaspace ] GC(17) Metaspace: 85534K->85534K(1128448K)
[2023-07-17T15:02:00.614+0000][1][gc           ] GC(17) Pause Young (Allocation Failure) 207M->69M(494M) 79.203ms
[2023-07-17T15:02:00.614+0000][1][gc,cpu       ] GC(17) User=0.23s Sys=0.02s Real=0.08s
[2023-07-17T15:02:00.615+0000][1][safepoint    ] Safepoint "GenCollectForAllocation", Time since last: 756024876 ns, Reaching safepoint: 1228250 ns, At safepoint: 80594792 ns, Total: 81823042 ns
[2023-07-17T15:02:01.618+0000][1][safepoint    ] Safepoint "Cleanup", Time since last: 1000343250 ns, Reaching safepoint: 2777417 ns, At safepoint: 47291 ns, Total: 2824708 ns
[2023-07-17T15:02:02.622+0000][1][safepoint    ] Safepoint "Cleanup", Time since last: 1001927334 ns, Reaching safepoint: 1490084 ns, At safepoint: 29041 ns, Total: 1519125 ns
[2023-07-17T15:02:03.629+0000][1][safepoint    ] Safepoint "Cleanup", Time since last: 1004852376 ns, Reaching safepoint: 2251125 ns, At safepoint: 46041 ns, Total: 2297166 ns
[2023-07-17T15:02:04.634+0000][1][safepoint    ] Safepoint "Cleanup", Time since last: 1000994042 ns, Reaching safepoint: 3600209 ns, At safepoint: 116333 ns, Total: 3716542 ns
[2023-07-17T15:02:04.836+0000][1][safepoint    ] Safepoint "RevokeBias", Time since last: 199298584 ns, Reaching safepoint: 2516875 ns, At safepoint: 290000 ns, Total: 2806875 ns
[2023-07-17T15:02:05.840+0000][1][safepoint    ] Safepoint "Cleanup", Time since last: 1001619208 ns, Reaching safepoint: 2460959 ns, At safepoint: 57750 ns, Total: 2518709 ns
[2023-07-17T15:02:06.844+0000][1][safepoint    ] Safepoint "Cleanup", Time since last: 1000924500 ns, Reaching safepoint: 2772542 ns, At safepoint: 63833 ns, Total: 2836375 ns
[2023-07-17T15:02:07.850+0000][1][safepoint    ] Safepoint "Cleanup", Time since last: 1001208584 ns, Reaching safepoint: 4506833 ns, At safepoint: 104834 ns, Total: 4611667 ns
[2023-07-17T15:02:08.856+0000][1][safepoint    ] Safepoint "Cleanup", Time since last: 1003948333 ns, Reaching safepoint: 2201959 ns, At safepoint: 61791 ns, Total: 2263750 ns
[2023-07-17T15:02:09.858+0000][1][safepoint    ] Safepoint "Cleanup", Time since last: 1000887168 ns, Reaching safepoint: 1256041 ns, At safepoint: 34000 ns, Total: 1290041 ns
[2023-07-17T15:02:10.863+0000][1][safepoint    ] Safepoint "Cleanup", Time since last: 1003063001 ns, Reaching safepoint: 1973000 ns, At safepoint: 50458 ns, Total: 2023458 ns
[2023-07-17T15:02:11.873+0000][1][safepoint    ] Safepoint "Cleanup", Time since last: 1003044583 ns, Reaching safepoint: 3392917 ns, At safepoint: 646000 ns, Total: 4038917 ns
[2023-07-17T15:02:12.878+0000][1][safepoint    ] Safepoint "Cleanup", Time since last: 1005692292 ns, Reaching safepoint: 1178167 ns, At safepoint: 25166 ns, Total: 1203333 ns
[2023-07-17T15:02:13.885+0000][1][safepoint    ] Safepoint "Cleanup", Time since last: 1001939751 ns, Reaching safepoint: 4428542 ns, At safepoint: 46208 ns, Total: 4474750 ns
[2023-07-17T15:02:14.888+0000][1][safepoint    ] Safepoint "Cleanup", Time since last: 1001353792 ns, Reaching safepoint: 1923875 ns, At safepoint: 62375 ns, Total: 1986250 ns
[2023-07-17T15:02:15.890+0000][1][safepoint    ] Safepoint "Cleanup", Time since last: 1001012542 ns, Reaching safepoint: 1130125 ns, At safepoint: 32334 ns, Total: 1162459 ns
[2023-07-17T15:02:16.143+0000][1][safepoint    ] Safepoint "RevokeBias", Time since last: 241552958 ns, Reaching safepoint: 4473958 ns, At safepoint: 6749417 ns, Total: 11223375 ns
[2023-07-17T15:02:16.150+0000][1][safepoint    ] Safepoint "RevokeBias", Time since last: 5859292 ns, Reaching safepoint: 1376375 ns, At safepoint: 116958 ns, Total: 1493333 ns
[2023-07-17T15:02:16.156+0000][1][safepoint    ] Safepoint "RevokeBias", Time since last: 4272583 ns, Reaching safepoint: 758750 ns, At safepoint: 90250 ns, Total: 849000 ns
[2023-07-17T15:02:16.157+0000][1][safepoint    ] Safepoint "RevokeBias", Time since last: 730459 ns, Reaching safepoint: 413125 ns, At safepoint: 74125 ns, Total: 487250 ns
[2023-07-17T15:02:17.161+0000][1][safepoint    ] Safepoint "Cleanup", Time since last: 1000497083 ns, Reaching safepoint: 3289584 ns, At safepoint: 87833 ns, Total: 3377417 ns
[2023-07-17T15:02:18.163+0000][1][safepoint    ] Safepoint "Cleanup", Time since last: 1001246417 ns, Reaching safepoint: 781584 ns, At safepoint: 20583 ns, Total: 802167 ns
[2023-07-17T15:02:19.166+0000][1][safepoint    ] Safepoint "Cleanup", Time since last: 1000592250 ns, Reaching safepoint: 2255125 ns, At safepoint: 63000 ns, Total: 2318125 ns
[2023-07-17T15:02:20.171+0000][1][safepoint    ] Safepoint "Cleanup", Time since last: 1003855501 ns, Reaching safepoint: 1201542 ns, At safepoint: 29500 ns, Total: 1231042 ns
[2023-07-17T15:02:21.175+0000][1][safepoint    ] Safepoint "Cleanup", Time since last: 1000920792 ns, Reaching safepoint: 3399083 ns, At safepoint: 49375 ns, Total: 3448458 ns
[2023-07-17T15:02:22.180+0000][1][safepoint    ] Safepoint "Cleanup", Time since last: 1001435917 ns, Reaching safepoint: 3007042 ns, At safepoint: 86333 ns, Total: 3093375 ns
[2023-07-17T15:02:23.182+0000][1][safepoint    ] Safepoint "Cleanup", Time since last: 1001262334 ns, Reaching safepoint: 932042 ns, At safepoint: 19000 ns, Total: 951042 ns
[2023-07-17T15:02:24.186+0000][1][safepoint    ] Safepoint "Cleanup", Time since last: 1000658250 ns, Reaching safepoint: 3280750 ns, At safepoint: 59875 ns, Total: 3340625 ns
[2023-07-17T15:02:25.188+0000][1][safepoint    ] Safepoint "Cleanup", Time since last: 1000673251 ns, Reaching safepoint: 1711750 ns, At safepoint: 39416 ns, Total: 1751166 ns
[2023-07-17T15:02:26.193+0000][1][safepoint    ] Safepoint "Cleanup", Time since last: 1000824001 ns, Reaching safepoint: 4196500 ns, At safepoint: 113291 ns, Total: 4309791 ns
[2023-07-17T15:02:27.198+0000][1][safepoint    ] Safepoint "Cleanup", Time since last: 1001670501 ns, Reaching safepoint: 2363000 ns, At safepoint: 244333 ns, Total: 2607333 ns
[2023-07-17T15:02:28.203+0000][1][safepoint    ] Safepoint "Cleanup", Time since last: 1002520459 ns, Reaching safepoint: 2495750 ns, At safepoint: 68292 ns, Total: 2564042 ns
[2023-07-17T15:02:29.206+0000][1][safepoint    ] Safepoint "Cleanup", Time since last: 1000758125 ns, Reaching safepoint: 2768000 ns, At safepoint: 61542 ns, Total: 2829542 ns
[2023-07-17T15:02:30.211+0000][1][safepoint    ] Safepoint "Cleanup", Time since last: 1000781000 ns, Reaching safepoint: 3467167 ns, At safepoint: 91542 ns, Total: 3558709 ns
[2023-07-17T15:02:30.474+0000][1][safepoint    ] Safepoint "RevokeBias", Time since last: 261335916 ns, Reaching safepoint: 1200375 ns, At safepoint: 467125 ns, Total: 1667500 ns
[2023-07-17T15:02:31.476+0000][1][safepoint    ] Safepoint "Cleanup", Time since last: 1000438626 ns, Reaching safepoint: 1798708 ns, At safepoint: 39125 ns, Total: 1837833 ns
[2023-07-17T15:02:32.480+0000][1][safepoint    ] Safepoint "Cleanup", Time since last: 1000716501 ns, Reaching safepoint: 2864208 ns, At safepoint: 116958 ns, Total: 2981166 ns
[2023-07-17T15:02:33.484+0000][1][safepoint    ] Safepoint "Cleanup", Time since last: 1002473251 ns, Reaching safepoint: 1452042 ns, At safepoint: 26208 ns, Total: 1478250 ns
[2023-07-17T15:02:34.486+0000][1][safepoint    ] Safepoint "Cleanup", Time since last: 1000688917 ns, Reaching safepoint: 2014833 ns, At safepoint: 51459 ns, Total: 2066292 ns
[2023-07-17T15:02:35.492+0000][1][safepoint    ] Safepoint "Cleanup", Time since last: 1001527000 ns, Reaching safepoint: 3915542 ns, At safepoint: 71542 ns, Total: 3987084 ns
[2023-07-17T15:02:36.495+0000][1][safepoint    ] Safepoint "Cleanup", Time since last: 1001117500 ns, Reaching safepoint: 2078250 ns, At safepoint: 41792 ns, Total: 2120042 ns
[2023-07-17T15:02:37.170+0000][1][safepoint    ] Safepoint "RevokeBias", Time since last: 673632292 ns, Reaching safepoint: 1243833 ns, At safepoint: 161917 ns, Total: 1405750 ns
[2023-07-17T15:02:37.171+0000][1][safepoint    ] Safepoint "RevokeBias", Time since last: 455333 ns, Reaching safepoint: 503750 ns, At safepoint: 128875 ns, Total: 632625 ns
[2023-07-17T15:02:37.183+0000][1][safepoint    ] Safepoint "BulkRevokeBias", Time since last: 3452375 ns, Reaching safepoint: 1213833 ns, At safepoint: 6949709 ns, Total: 8163542 ns
[2023-07-17T15:02:37.211+0000][1][safepoint    ] Safepoint "RevokeBias", Time since last: 26936500 ns, Reaching safepoint: 1026041 ns, At safepoint: 117250 ns, Total: 1143291 ns
[2023-07-17T15:02:37.226+0000][1][safepoint    ] Safepoint "RevokeBias", Time since last: 14355792 ns, Reaching safepoint: 960792 ns, At safepoint: 74208 ns, Total: 1035000 ns
[2023-07-17T15:02:38.238+0000][1][safepoint    ] Safepoint "Cleanup", Time since last: 1001467334 ns, Reaching safepoint: 9709833 ns, At safepoint: 87084 ns, Total: 9796917 ns
[2023-07-17T15:02:39.243+0000][1][safepoint    ] Safepoint "Cleanup", Time since last: 1001694000 ns, Reaching safepoint: 3677500 ns, At safepoint: 92292 ns, Total: 3769792 ns
[2023-07-17T15:02:40.248+0000][1][safepoint    ] Safepoint "Cleanup", Time since last: 1002034833 ns, Reaching safepoint: 3063042 ns, At safepoint: 133042 ns, Total: 3196084 ns
[2023-07-17T15:02:41.255+0000][1][safepoint    ] Safepoint "Cleanup", Time since last: 1002021959 ns, Reaching safepoint: 4865291 ns, At safepoint: 85375 ns, Total: 4950666 ns
[2023-07-17T15:02:42.258+0000][1][safepoint    ] Safepoint "Cleanup", Time since last: 1001680125 ns, Reaching safepoint: 1349625 ns, At safepoint: 29500 ns, Total: 1379125 ns
[2023-07-17T15:02:43.261+0000][1][safepoint    ] Safepoint "Cleanup", Time since last: 1000564667 ns, Reaching safepoint: 1525167 ns, At safepoint: 32333 ns, Total: 1557500 ns
[2023-07-17T15:02:44.264+0000][1][safepoint    ] Safepoint "Cleanup", Time since last: 1000463375 ns, Reaching safepoint: 3126500 ns, At safepoint: 99709 ns, Total: 3226209 ns
[2023-07-17T15:02:45.270+0000][1][safepoint    ] Safepoint "Cleanup", Time since last: 1003179792 ns, Reaching safepoint: 2038667 ns, At safepoint: 53750 ns, Total: 2092417 ns
[2023-07-17T15:02:46.271+0000][1][safepoint    ] Safepoint "Cleanup", Time since last: 1000921208 ns, Reaching safepoint: 845792 ns, At safepoint: 23042 ns, Total: 868834 ns
[2023-07-17T15:02:47.275+0000][1][safepoint    ] Safepoint "Cleanup", Time since last: 1001582292 ns, Reaching safepoint: 1534083 ns, At safepoint: 51250 ns, Total: 1585333 ns
[2023-07-17T15:02:48.279+0000][1][safepoint    ] Safepoint "Cleanup", Time since last: 1001239584 ns, Reaching safepoint: 2755542 ns, At safepoint: 39833 ns, Total: 2795375 ns
[2023-07-17T15:02:49.280+0000][1][safepoint    ] Safepoint "Cleanup", Time since last: 1000575834 ns, Reaching safepoint: 818458 ns, At safepoint: 18583 ns, Total: 837041 ns
[2023-07-17T15:02:50.282+0000][1][safepoint    ] Safepoint "Cleanup", Time since last: 1001093918 ns, Reaching safepoint: 1318166 ns, At safepoint: 27375 ns, Total: 1345541 ns
[2023-07-17T15:02:50.496+0000][1][safepoint    ] Safepoint "RevokeBias", Time since last: 211762834 ns, Reaching safepoint: 1343375 ns, At safepoint: 334708 ns, Total: 1678083 ns
[2023-07-17T15:02:51.504+0000][1][safepoint    ] Safepoint "Cleanup", Time since last: 1003446417 ns, Reaching safepoint: 4540000 ns, At safepoint: 57250 ns, Total: 4597250 ns
[2023-07-17T15:02:52.508+0000][1][safepoint    ] Safepoint "Cleanup", Time since last: 1000908001 ns, Reaching safepoint: 3019000 ns, At safepoint: 58083 ns, Total: 3077083 ns
[2023-07-17T15:02:53.510+0000][1][safepoint    ] Safepoint "Cleanup", Time since last: 1000789167 ns, Reaching safepoint: 1330250 ns, At safepoint: 23542 ns, Total: 1353792 ns
[2023-07-17T15:02:54.515+0000][1][safepoint    ] Safepoint "Cleanup", Time since last: 1001614667 ns, Reaching safepoint: 2773667 ns, At safepoint: 96375 ns, Total: 2870042 ns
[2023-07-17T15:02:55.519+0000][1][safepoint    ] Safepoint "Cleanup", Time since last: 1001447042 ns, Reaching safepoint: 3064208 ns, At safepoint: 81833 ns, Total: 3146041 ns
[2023-07-17T15:02:56.523+0000][1][safepoint    ] Safepoint "Cleanup", Time since last: 1000925376 ns, Reaching safepoint: 2623583 ns, At safepoint: 70667 ns, Total: 2694250 ns
[2023-07-17T15:02:57.526+0000][1][safepoint    ] Safepoint "Cleanup", Time since last: 1000734209 ns, Reaching safepoint: 2498833 ns, At safepoint: 80083 ns, Total: 2578916 ns
[2023-07-17T15:02:58.529+0000][1][safepoint    ] Safepoint "Cleanup", Time since last: 1000966084 ns, Reaching safepoint: 1635834 ns, At safepoint: 32291 ns, Total: 1668125 ns
[2023-07-17T15:02:59.535+0000][1][safepoint    ] Safepoint "Cleanup", Time since last: 1002862584 ns, Reaching safepoint: 3606667 ns, At safepoint: 121250 ns, Total: 3727917 ns
[2023-07-17T15:03:00.521+0000][1][safepoint    ] Safepoint "RevokeBias", Time since last: 983758000 ns, Reaching safepoint: 1705584 ns, At safepoint: 381416 ns, Total: 2087000 ns
[2023-07-17T15:03:01.524+0000][1][safepoint    ] Safepoint "Cleanup", Time since last: 1001365501 ns, Reaching safepoint: 1931833 ns, At safepoint: 35708 ns, Total: 1967541 ns
[2023-07-17T15:03:02.529+0000][1][safepoint    ] Safepoint "Cleanup", Time since last: 1000574167 ns, Reaching safepoint: 3645584 ns, At safepoint: 113375 ns, Total: 3758959 ns
[2023-07-17T15:03:03.536+0000][1][safepoint    ] Safepoint "Cleanup", Time since last: 1001238084 ns, Reaching safepoint: 5699041 ns, At safepoint: 66375 ns, Total: 5765416 ns
[2023-07-17T15:03:04.539+0000][1][safepoint    ] Safepoint "Cleanup", Time since last: 1000858876 ns, Reaching safepoint: 2112083 ns, At safepoint: 57333 ns, Total: 2169416 ns
[2023-07-17T15:03:05.544+0000][1][safepoint    ] Safepoint "Cleanup", Time since last: 1001652126 ns, Reaching safepoint: 3734125 ns, At safepoint: 139708 ns, Total: 3873833 ns
[2023-07-17T15:03:06.550+0000][1][safepoint    ] Safepoint "Cleanup", Time since last: 1002154834 ns, Reaching safepoint: 3879542 ns, At safepoint: 70291 ns, Total: 3949833 ns
[2023-07-17T15:03:07.555+0000][1][safepoint    ] Safepoint "Cleanup", Time since last: 1002655918 ns, Reaching safepoint: 2074083 ns, At safepoint: 45667 ns, Total: 2119750 ns
[2023-07-17T15:03:08.560+0000][1][safepoint    ] Safepoint "Cleanup", Time since last: 1001275750 ns, Reaching safepoint: 3672917 ns, At safepoint: 51708 ns, Total: 3724625 ns
[2023-07-17T15:03:09.565+0000][1][safepoint    ] Safepoint "Cleanup", Time since last: 1000880209 ns, Reaching safepoint: 4161500 ns, At safepoint: 85791 ns, Total: 4247291 ns
[2023-07-17T15:03:10.568+0000][1][safepoint    ] Safepoint "Cleanup", Time since last: 1001196376 ns, Reaching safepoint: 1755042 ns, At safepoint: 25416 ns, Total: 1780458 ns
[2023-07-17T15:03:11.571+0000][1][safepoint    ] Safepoint "Cleanup", Time since last: 1000926751 ns, Reaching safepoint: 1769875 ns, At safepoint: 29833 ns, Total: 1799708 ns
[2023-07-17T15:03:12.576+0000][1][safepoint    ] Safepoint "Cleanup", Time since last: 1001774542 ns, Reaching safepoint: 3559666 ns, At safepoint: 62375 ns, Total: 3622041 ns
[2023-07-17T15:03:13.578+0000][1][safepoint    ] Safepoint "Cleanup", Time since last: 1000802251 ns, Reaching safepoint: 1343875 ns, At safepoint: 33291 ns, Total: 1377166 ns
[2023-07-17T15:03:14.580+0000][1][safepoint    ] Safepoint "Cleanup", Time since last: 1000507709 ns, Reaching safepoint: 1034167 ns, At safepoint: 20167 ns, Total: 1054334 ns
[2023-07-17T15:03:15.584+0000][1][safepoint    ] Safepoint "Cleanup", Time since last: 1000877458 ns, Reaching safepoint: 3357709 ns, At safepoint: 67708 ns, Total: 3425417 ns
[2023-07-17T15:03:16.224+0000][1][safepoint    ] Safepoint "RevokeBias", Time since last: 637417584 ns, Reaching safepoint: 1743750 ns, At safepoint: 141750 ns, Total: 1885500 ns
[2023-07-17T15:03:17.225+0000][1][safepoint    ] Safepoint "Cleanup", Time since last: 1000493750 ns, Reaching safepoint: 989083 ns, At safepoint: 20417 ns, Total: 1009500 ns
[2023-07-17T15:03:18.230+0000][1][safepoint    ] Safepoint "Cleanup", Time since last: 1001149709 ns, Reaching safepoint: 3892958 ns, At safepoint: 76417 ns, Total: 3969375 ns
[2023-07-17T15:03:19.233+0000][1][safepoint    ] Safepoint "Cleanup", Time since last: 1001848459 ns, Reaching safepoint: 1074000 ns, At safepoint: 21666 ns, Total: 1095666 ns
[2023-07-17T15:03:20.236+0000][1][safepoint    ] Safepoint "Cleanup", Time since last: 1001118001 ns, Reaching safepoint: 1538208 ns, At safepoint: 28334 ns, Total: 1566542 ns
[2023-07-17T15:03:21.240+0000][1][safepoint    ] Safepoint "Cleanup", Time since last: 1001305000 ns, Reaching safepoint: 2759292 ns, At safepoint: 38250 ns, Total: 2797542 ns
[2023-07-17T15:03:22.245+0000][1][safepoint    ] Safepoint "Cleanup", Time since last: 1001571167 ns, Reaching safepoint: 2923042 ns, At safepoint: 68083 ns, Total: 2991125 ns
[2023-07-17T15:03:23.247+0000][1][safepoint    ] Safepoint "Cleanup", Time since last: 1001219459 ns, Reaching safepoint: 1354208 ns, At safepoint: 25958 ns, Total: 1380166 ns
[2023-07-17T15:03:24.249+0000][1][safepoint    ] Safepoint "Cleanup", Time since last: 1001030709 ns, Reaching safepoint: 952209 ns, At safepoint: 22791 ns, Total: 975000 ns
[2023-07-17T15:03:25.254+0000][1][safepoint    ] Safepoint "Cleanup", Time since last: 1001248501 ns, Reaching safepoint: 3220250 ns, At safepoint: 63416 ns, Total: 3283666 ns
[2023-07-17T15:03:26.256+0000][1][safepoint    ] Safepoint "Cleanup", Time since last: 1000641376 ns, Reaching safepoint: 1710583 ns, At safepoint: 43167 ns, Total: 1753750 ns
[2023-07-17T15:03:27.260+0000][1][safepoint    ] Safepoint "Cleanup", Time since last: 1000643917 ns, Reaching safepoint: 2844958 ns, At safepoint: 60792 ns, Total: 2905750 ns
[2023-07-17T15:03:28.268+0000][1][safepoint    ] Safepoint "Cleanup", Time since last: 1002318500 ns, Reaching safepoint: 6047792 ns, At safepoint: 168375 ns, Total: 6216167 ns
[2023-07-17T15:03:29.271+0000][1][safepoint    ] Safepoint "Cleanup", Time since last: 1001577167 ns, Reaching safepoint: 1446750 ns, At safepoint: 38334 ns, Total: 1485084 ns
[2023-07-17T15:03:30.273+0000][1][safepoint    ] Safepoint "Cleanup", Time since last: 1000516542 ns, Reaching safepoint: 1158875 ns, At safepoint: 20833 ns, Total: 1179708 ns
[2023-07-17T15:03:31.284+0000][1][safepoint    ] Safepoint "Cleanup", Time since last: 1003672917 ns, Reaching safepoint: 6804917 ns, At safepoint: 584792 ns, Total: 7389709 ns
[2023-07-17T15:03:32.291+0000][1][safepoint    ] Safepoint "Cleanup", Time since last: 1003825417 ns, Reaching safepoint: 2938375 ns, At safepoint: 78375 ns, Total: 3016750 ns
[2023-07-17T15:03:33.299+0000][1][safepoint    ] Safepoint "Cleanup", Time since last: 1001810375 ns, Reaching safepoint: 6343750 ns, At safepoint: 102250 ns, Total: 6446000 ns
[2023-07-17T15:03:34.303+0000][1][safepoint    ] Safepoint "Cleanup", Time since last: 1000888667 ns, Reaching safepoint: 2593542 ns, At safepoint: 59833 ns, Total: 2653375 ns
[2023-07-17T15:03:35.309+0000][1][safepoint    ] Safepoint "Cleanup", Time since last: 1003872667 ns, Reaching safepoint: 2013375 ns, At safepoint: 48084 ns, Total: 2061459 ns
[2023-07-17T15:03:36.313+0000][1][safepoint    ] Safepoint "Cleanup", Time since last: 1001446750 ns, Reaching safepoint: 2513417 ns, At safepoint: 125417 ns, Total: 2638834 ns
[2023-07-17T15:03:37.318+0000][1][safepoint    ] Safepoint "Cleanup", Time since last: 1001708333 ns, Reaching safepoint: 3265459 ns, At safepoint: 89791 ns, Total: 3355250 ns
[2023-07-17T15:03:38.122+0000][1][safepoint    ] Safepoint "RevokeBias", Time since last: 803353792 ns, Reaching safepoint: 924209 ns, At safepoint: 104458 ns, Total: 1028667 ns
[2023-07-17T15:03:38.137+0000][1][safepoint    ] Safepoint "RevokeBias", Time since last: 13283333 ns, Reaching safepoint: 1437875 ns, At safepoint: 141792 ns, Total: 1579667 ns
[2023-07-17T15:03:38.177+0000][1][safepoint    ] Safepoint "RevokeBias", Time since last: 39061792 ns, Reaching safepoint: 1038625 ns, At safepoint: 105791 ns, Total: 1144416 ns
[2023-07-17T15:03:38.182+0000][1][safepoint    ] Safepoint "RevokeBias", Time since last: 2400917 ns, Reaching safepoint: 1991417 ns, At safepoint: 152125 ns, Total: 2143542 ns
[2023-07-17T15:03:38.189+0000][1][safepoint    ] Safepoint "RevokeBias", Time since last: 6409708 ns, Reaching safepoint: 1214250 ns, At safepoint: 121917 ns, Total: 1336167 ns
[2023-07-17T15:03:39.192+0000][1][safepoint    ] Safepoint "Cleanup", Time since last: 1000596000 ns, Reaching safepoint: 1853792 ns, At safepoint: 27125 ns, Total: 1880917 ns
[2023-07-17T15:03:40.196+0000][1][safepoint    ] Safepoint "Cleanup", Time since last: 1001118875 ns, Reaching safepoint: 2432459 ns, At safepoint: 71125 ns, Total: 2503584 ns
[2023-07-17T15:03:40.512+0000][1][safepoint    ] Safepoint "RevokeBias", Time since last: 314626583 ns, Reaching safepoint: 1580459 ns, At safepoint: 369375 ns, Total: 1949834 ns
[2023-07-17T15:03:41.514+0000][1][safepoint    ] Safepoint "Cleanup", Time since last: 1000599125 ns, Reaching safepoint: 1423583 ns, At safepoint: 37417 ns, Total: 1461000 ns
[2023-07-17T15:03:42.519+0000][1][safepoint    ] Safepoint "Cleanup", Time since last: 1001289583 ns, Reaching safepoint: 3208542 ns, At safepoint: 81750 ns, Total: 3290292 ns
[2023-07-17T15:03:43.521+0000][1][safepoint    ] Safepoint "Cleanup", Time since last: 1000760542 ns, Reaching safepoint: 1412708 ns, At safepoint: 21500 ns, Total: 1434208 ns
[2023-07-17T15:03:44.524+0000][1][safepoint    ] Safepoint "Cleanup", Time since last: 1000393751 ns, Reaching safepoint: 2840000 ns, At safepoint: 63833 ns, Total: 2903833 ns
[2023-07-17T15:03:45.528+0000][1][safepoint    ] Safepoint "Cleanup", Time since last: 1000815209 ns, Reaching safepoint: 2566791 ns, At safepoint: 83500 ns, Total: 2650291 ns
[2023-07-17T15:03:46.534+0000][1][safepoint    ] Safepoint "Cleanup", Time since last: 1002419834 ns, Reaching safepoint: 3959583 ns, At safepoint: 82792 ns, Total: 4042375 ns
[2023-07-17T15:03:47.538+0000][1][safepoint    ] Safepoint "Cleanup", Time since last: 1001049876 ns, Reaching safepoint: 2662916 ns, At safepoint: 76542 ns, Total: 2739458 ns
[2023-07-17T15:03:48.541+0000][1][safepoint    ] Safepoint "Cleanup", Time since last: 1001002500 ns, Reaching safepoint: 1686542 ns, At safepoint: 31042 ns, Total: 1717584 ns
[2023-07-17T15:03:49.544+0000][1][safepoint    ] Safepoint "Cleanup", Time since last: 1000659792 ns, Reaching safepoint: 2383250 ns, At safepoint: 46708 ns, Total: 2429958 ns
[2023-07-17T15:03:50.556+0000][1][safepoint    ] Safepoint "Cleanup", Time since last: 1001404584 ns, Reaching safepoint: 8762375 ns, At safepoint: 354083 ns, Total: 9116458 ns
[2023-07-17T15:03:51.027+0000][1][gc,start     ] GC(18) Pause Young (Allocation Failure)
[2023-07-17T15:03:51.030+0000][1][gc,task      ] GC(18) Using 4 workers of 4 for evacuation
[2023-07-17T15:03:51.148+0000][1][gc,age       ] GC(18) Desired survivor size 8945664 bytes, new threshold 6 (max threshold 6)
[2023-07-17T15:03:51.148+0000][1][gc,age       ] GC(18) Age table with threshold 6 (max threshold 6)
[2023-07-17T15:03:51.148+0000][1][gc,age       ] GC(18) - age   1:     429344 bytes,     429344 total
[2023-07-17T15:03:51.149+0000][1][gc,age       ] GC(18) - age   2:    3045888 bytes,    3475232 total
[2023-07-17T15:03:51.149+0000][1][gc,age       ] GC(18) - age   3:    4442432 bytes,    7917664 total
[2023-07-17T15:03:51.151+0000][1][gc,heap      ] GC(18) ParNew: 149331K->10798K(157248K)
[2023-07-17T15:03:51.152+0000][1][gc,heap      ] GC(18) CMS: 61190K->61190K(349568K)
[2023-07-17T15:03:51.152+0000][1][gc,metaspace ] GC(18) Metaspace: 86958K->86958K(1128448K)
[2023-07-17T15:03:51.154+0000][1][gc           ] GC(18) Pause Young (Allocation Failure) 205M->70M(494M) 128.107ms
[2023-07-17T15:03:51.155+0000][1][gc,cpu       ] GC(18) User=0.33s Sys=0.04s Real=0.13s
[2023-07-17T15:03:51.156+0000][1][safepoint    ] Safepoint "GenCollectForAllocation", Time since last: 466920334 ns, Reaching safepoint: 3434375 ns, At safepoint: 131098875 ns, Total: 134533250 ns
[2023-07-17T15:03:51.294+0000][1][safepoint    ] Safepoint "RevokeBias", Time since last: 136834667 ns, Reaching safepoint: 870250 ns, At safepoint: 884625 ns, Total: 1754875 ns
[2023-07-17T15:03:51.295+0000][1][safepoint    ] Safepoint "RevokeBias", Time since last: 774458 ns, Reaching safepoint: 363875 ns, At safepoint: 54875 ns, Total: 418750 ns
[2023-07-17T15:03:51.296+0000][1][safepoint    ] Safepoint "RevokeBias", Time since last: 586208 ns, Reaching safepoint: 361250 ns, At safepoint: 61084 ns, Total: 422334 ns
[2023-07-17T15:03:51.445+0000][1][safepoint    ] Safepoint "RevokeBias", Time since last: 147037250 ns, Reaching safepoint: 1031625 ns, At safepoint: 73500 ns, Total: 1105125 ns
[2023-07-17T15:03:51.446+0000][1][safepoint    ] Safepoint "RevokeBias", Time since last: 984000 ns, Reaching safepoint: 474667 ns, At safepoint: 85625 ns, Total: 560292 ns
[2023-07-17T15:03:52.451+0000][1][safepoint    ] Safepoint "Cleanup", Time since last: 1001946500 ns, Reaching safepoint: 3098667 ns, At safepoint: 61458 ns, Total: 3160125 ns
[2023-07-17T15:03:53.454+0000][1][safepoint    ] Safepoint "Cleanup", Time since last: 1000734084 ns, Reaching safepoint: 1852958 ns, At safepoint: 46958 ns, Total: 1899916 ns
[2023-07-17T15:03:54.459+0000][1][safepoint    ] Safepoint "Cleanup", Time since last: 1001902001 ns, Reaching safepoint: 3145000 ns, At safepoint: 64292 ns, Total: 3209292 ns
[2023-07-17T15:03:55.463+0000][1][safepoint    ] Safepoint "Cleanup", Time since last: 1001152917 ns, Reaching safepoint: 3214750 ns, At safepoint: 85291 ns, Total: 3300041 ns
[2023-07-17T15:03:56.469+0000][1][safepoint    ] Safepoint "Cleanup", Time since last: 1002233334 ns, Reaching safepoint: 2778625 ns, At safepoint: 89709 ns, Total: 2868334 ns
[2023-07-17T15:03:57.472+0000][1][safepoint    ] Safepoint "Cleanup", Time since last: 1000962333 ns, Reaching safepoint: 2049750 ns, At safepoint: 48959 ns, Total: 2098709 ns
[2023-07-17T15:03:58.476+0000][1][safepoint    ] Safepoint "Cleanup", Time since last: 1000948667 ns, Reaching safepoint: 3055500 ns, At safepoint: 129333 ns, Total: 3184833 ns
[2023-07-17T15:03:59.479+0000][1][safepoint    ] Safepoint "Cleanup", Time since last: 1000971251 ns, Reaching safepoint: 2081291 ns, At safepoint: 62042 ns, Total: 2143333 ns
[2023-07-17T15:04:00.481+0000][1][safepoint    ] Safepoint "Cleanup", Time since last: 1000751667 ns, Reaching safepoint: 1058583 ns, At safepoint: 39584 ns, Total: 1098167 ns
[2023-07-17T15:04:01.488+0000][1][safepoint    ] Safepoint "Cleanup", Time since last: 1003573084 ns, Reaching safepoint: 3473000 ns, At safepoint: 76375 ns, Total: 3549375 ns
[2023-07-17T15:04:02.492+0000][1][safepoint    ] Safepoint "Cleanup", Time since last: 1001171833 ns, Reaching safepoint: 3409167 ns, At safepoint: 51833 ns, Total: 3461000 ns
[2023-07-17T15:04:03.500+0000][1][safepoint    ] Safepoint "Cleanup", Time since last: 1003562751 ns, Reaching safepoint: 3573292 ns, At safepoint: 78583 ns, Total: 3651875 ns
[2023-07-17T15:04:04.503+0000][1][safepoint    ] Safepoint "Cleanup", Time since last: 1001013209 ns, Reaching safepoint: 2174458 ns, At safepoint: 60208 ns, Total: 2234666 ns
[2023-07-17T15:04:05.507+0000][1][safepoint    ] Safepoint "Cleanup", Time since last: 1001313834 ns, Reaching safepoint: 2484292 ns, At safepoint: 221500 ns, Total: 2705792 ns
[2023-07-17T15:04:06.509+0000][1][safepoint    ] Safepoint "Cleanup", Time since last: 1000996292 ns, Reaching safepoint: 970958 ns, At safepoint: 20292 ns, Total: 991250 ns
[2023-07-17T15:04:07.511+0000][1][safepoint    ] Safepoint "Cleanup", Time since last: 1000934584 ns, Reaching safepoint: 1232333 ns, At safepoint: 30334 ns, Total: 1262667 ns
[2023-07-17T15:04:08.518+0000][1][safepoint    ] Safepoint "Cleanup", Time since last: 1001359625 ns, Reaching safepoint: 5381125 ns, At safepoint: 69542 ns, Total: 5450667 ns
[2023-07-17T15:04:09.521+0000][1][safepoint    ] Safepoint "Cleanup", Time since last: 1001566667 ns, Reaching safepoint: 1896083 ns, At safepoint: 32833 ns, Total: 1928916 ns
[2023-07-17T15:04:10.524+0000][1][safepoint    ] Safepoint "Cleanup", Time since last: 1000534126 ns, Reaching safepoint: 1651667 ns, At safepoint: 83208 ns, Total: 1734875 ns
[2023-07-17T15:04:11.526+0000][1][safepoint    ] Safepoint "Cleanup", Time since last: 1000579250 ns, Reaching safepoint: 1716750 ns, At safepoint: 30042 ns, Total: 1746792 ns
[2023-07-17T15:04:12.530+0000][1][safepoint    ] Safepoint "Cleanup", Time since last: 1001422583 ns, Reaching safepoint: 3004750 ns, At safepoint: 79833 ns, Total: 3084583 ns
[2023-07-17T15:04:13.533+0000][1][safepoint    ] Safepoint "Cleanup", Time since last: 1000892876 ns, Reaching safepoint: 1578666 ns, At safepoint: 31167 ns, Total: 1609833 ns
[2023-07-17T15:04:14.536+0000][1][safepoint    ] Safepoint "Cleanup", Time since last: 1001275167 ns, Reaching safepoint: 2091084 ns, At safepoint: 47750 ns, Total: 2138834 ns
[2023-07-17T15:04:15.539+0000][1][safepoint    ] Safepoint "Cleanup", Time since last: 1000831250 ns, Reaching safepoint: 1470125 ns, At safepoint: 28042 ns, Total: 1498167 ns
[2023-07-17T15:04:16.541+0000][1][safepoint    ] Safepoint "Cleanup", Time since last: 1000793792 ns, Reaching safepoint: 1046833 ns, At safepoint: 26417 ns, Total: 1073250 ns
[2023-07-17T15:04:17.545+0000][1][safepoint    ] Safepoint "Cleanup", Time since last: 1000828500 ns, Reaching safepoint: 3236292 ns, At safepoint: 84250 ns, Total: 3320542 ns
[2023-07-17T15:04:18.547+0000][1][safepoint    ] Safepoint "Cleanup", Time since last: 1001326792 ns, Reaching safepoint: 1058542 ns, At safepoint: 25541 ns, Total: 1084083 ns
[2023-07-17T15:04:19.549+0000][1][safepoint    ] Safepoint "Cleanup", Time since last: 1000668084 ns, Reaching safepoint: 1353042 ns, At safepoint: 34583 ns, Total: 1387625 ns
[2023-07-17T15:04:20.553+0000][1][safepoint    ] Safepoint "Cleanup", Time since last: 1002102209 ns, Reaching safepoint: 1692500 ns, At safepoint: 17167 ns, Total: 1709667 ns
[2023-07-17T15:04:21.555+0000][1][safepoint    ] Safepoint "Cleanup", Time since last: 1000813542 ns, Reaching safepoint: 1398500 ns, At safepoint: 29292 ns, Total: 1427792 ns
[2023-07-17T15:04:22.557+0000][1][safepoint    ] Safepoint "Cleanup", Time since last: 1000752167 ns, Reaching safepoint: 1317375 ns, At safepoint: 24166 ns, Total: 1341541 ns
[2023-07-17T15:04:23.560+0000][1][safepoint    ] Safepoint "Cleanup", Time since last: 1000964043 ns, Reaching safepoint: 1263583 ns, At safepoint: 27375 ns, Total: 1290958 ns
[2023-07-17T15:04:24.561+0000][1][safepoint    ] Safepoint "Cleanup", Time since last: 1000662292 ns, Reaching safepoint: 1085583 ns, At safepoint: 18417 ns, Total: 1104000 ns
[2023-07-17T15:04:25.563+0000][1][safepoint    ] Safepoint "Cleanup", Time since last: 1000837209 ns, Reaching safepoint: 1208750 ns, At safepoint: 25375 ns, Total: 1234125 ns
[2023-07-17T15:04:26.566+0000][1][safepoint    ] Safepoint "Cleanup", Time since last: 1000583792 ns, Reaching safepoint: 1794167 ns, At safepoint: 34750 ns, Total: 1828917 ns
[2023-07-17T15:04:27.568+0000][1][safepoint    ] Safepoint "Cleanup", Time since last: 1000558708 ns, Reaching safepoint: 1290167 ns, At safepoint: 23333 ns, Total: 1313500 ns
[2023-07-17T15:04:28.572+0000][1][safepoint    ] Safepoint "Cleanup", Time since last: 1001839959 ns, Reaching safepoint: 2214542 ns, At safepoint: 57917 ns, Total: 2272459 ns
[2023-07-17T15:04:29.577+0000][1][safepoint    ] Safepoint "Cleanup", Time since last: 1002801667 ns, Reaching safepoint: 1944000 ns, At safepoint: 39875 ns, Total: 1983875 ns
[2023-07-17T15:04:30.579+0000][1][safepoint    ] Safepoint "Cleanup", Time since last: 1000711542 ns, Reaching safepoint: 1703000 ns, At safepoint: 24875 ns, Total: 1727875 ns
[2023-07-17T15:04:31.581+0000][1][safepoint    ] Safepoint "Cleanup", Time since last: 1000480667 ns, Reaching safepoint: 1484917 ns, At safepoint: 31083 ns, Total: 1516000 ns
[2023-07-17T15:04:32.586+0000][1][safepoint    ] Safepoint "Cleanup", Time since last: 1002329542 ns, Reaching safepoint: 2844375 ns, At safepoint: 81667 ns, Total: 2926042 ns
[2023-07-17T15:04:33.588+0000][1][safepoint    ] Safepoint "Cleanup", Time since last: 1000887625 ns, Reaching safepoint: 1256125 ns, At safepoint: 23417 ns, Total: 1279542 ns
[2023-07-17T15:04:34.591+0000][1][safepoint    ] Safepoint "Cleanup", Time since last: 1000507500 ns, Reaching safepoint: 2131375 ns, At safepoint: 56167 ns, Total: 2187542 ns
[2023-07-17T15:04:35.595+0000][1][safepoint    ] Safepoint "Cleanup", Time since last: 1001899167 ns, Reaching safepoint: 1527750 ns, At safepoint: 27917 ns, Total: 1555667 ns
[2023-07-17T15:04:36.598+0000][1][safepoint    ] Safepoint "Cleanup", Time since last: 1000667667 ns, Reaching safepoint: 3146125 ns, At safepoint: 66833 ns, Total: 3212958 ns
[2023-07-17T15:04:37.603+0000][1][safepoint    ] Safepoint "Cleanup", Time since last: 1001912001 ns, Reaching safepoint: 2352333 ns, At safepoint: 68292 ns, Total: 2420625 ns
[2023-07-17T15:04:38.608+0000][1][safepoint    ] Safepoint "Cleanup", Time since last: 1002509917 ns, Reaching safepoint: 2109708 ns, At safepoint: 50917 ns, Total: 2160625 ns
[2023-07-17T15:04:39.143+0000][1][safepoint    ] Safepoint "RevokeBias", Time since last: 534149709 ns, Reaching safepoint: 1447750 ns, At safepoint: 263208 ns, Total: 1710958 ns
[2023-07-17T15:04:39.157+0000][1][safepoint    ] Safepoint "RevokeBias", Time since last: 12123333 ns, Reaching safepoint: 1289500 ns, At safepoint: 401834 ns, Total: 1691334 ns
[2023-07-17T15:04:39.216+0000][1][safepoint    ] Safepoint "RevokeBias", Time since last: 56015416 ns, Reaching safepoint: 2488709 ns, At safepoint: 388708 ns, Total: 2877417 ns
[2023-07-17T15:04:39.490+0000][1][safepoint    ] Safepoint "RevokeBias", Time since last: 273337833 ns, Reaching safepoint: 708167 ns, At safepoint: 97292 ns, Total: 805459 ns
[2023-07-17T15:04:39.505+0000][1][safepoint    ] Safepoint "RevokeBias", Time since last: 14161250 ns, Reaching safepoint: 752208 ns, At safepoint: 85208 ns, Total: 837416 ns
[2023-07-17T15:04:40.510+0000][1][safepoint    ] Safepoint "Cleanup", Time since last: 1003990959 ns, Reaching safepoint: 1232709 ns, At safepoint: 23333 ns, Total: 1256042 ns
[2023-07-17T15:04:41.517+0000][1][safepoint    ] Safepoint "Cleanup", Time since last: 1001425584 ns, Reaching safepoint: 4650791 ns, At safepoint: 72667 ns, Total: 4723458 ns
[2023-07-17T15:04:42.521+0000][1][safepoint    ] Safepoint "Cleanup", Time since last: 1001417625 ns, Reaching safepoint: 2642208 ns, At safepoint: 59333 ns, Total: 2701541 ns
[2023-07-17T15:04:43.523+0000][1][safepoint    ] Safepoint "Cleanup", Time since last: 1000828917 ns, Reaching safepoint: 1541542 ns, At safepoint: 20792 ns, Total: 1562334 ns
[2023-07-17T15:04:44.528+0000][1][safepoint    ] Safepoint "Cleanup", Time since last: 1000583542 ns, Reaching safepoint: 4406792 ns, At safepoint: 108583 ns, Total: 4515375 ns
[2023-07-17T15:04:45.532+0000][1][safepoint    ] Safepoint "Cleanup", Time since last: 1001454292 ns, Reaching safepoint: 2389083 ns, At safepoint: 56750 ns, Total: 2445833 ns
[2023-07-17T15:04:46.534+0000][1][safepoint    ] Safepoint "Cleanup", Time since last: 1000857251 ns, Reaching safepoint: 1449625 ns, At safepoint: 32958 ns, Total: 1482583 ns
[2023-07-17T15:04:47.538+0000][1][safepoint    ] Safepoint "Cleanup", Time since last: 1001413334 ns, Reaching safepoint: 2215708 ns, At safepoint: 56250 ns, Total: 2271958 ns
[2023-07-17T15:04:48.543+0000][1][safepoint    ] Safepoint "Cleanup", Time since last: 1001677542 ns, Reaching safepoint: 3623792 ns, At safepoint: 71250 ns, Total: 3695042 ns
[2023-07-17T15:04:49.551+0000][1][safepoint    ] Safepoint "Cleanup", Time since last: 1001448042 ns, Reaching safepoint: 6198542 ns, At safepoint: 77417 ns, Total: 6275959 ns
[2023-07-17T15:04:50.554+0000][1][safepoint    ] Safepoint "Cleanup", Time since last: 1000667958 ns, Reaching safepoint: 1796167 ns, At safepoint: 23417 ns, Total: 1819584 ns
[2023-07-17T15:04:51.558+0000][1][safepoint    ] Safepoint "Cleanup", Time since last: 1000786292 ns, Reaching safepoint: 3893583 ns, At safepoint: 83084 ns, Total: 3976667 ns
[2023-07-17T15:04:52.564+0000][1][safepoint    ] Safepoint "Cleanup", Time since last: 1001763792 ns, Reaching safepoint: 3610375 ns, At safepoint: 69958 ns, Total: 3680333 ns
[2023-07-17T15:04:53.569+0000][1][safepoint    ] Safepoint "Cleanup", Time since last: 1001064709 ns, Reaching safepoint: 4496333 ns, At safepoint: 81250 ns, Total: 4577583 ns
[2023-07-17T15:04:54.573+0000][1][safepoint    ] Safepoint "Cleanup", Time since last: 1001623667 ns, Reaching safepoint: 1375625 ns, At safepoint: 26375 ns, Total: 1402000 ns
[2023-07-17T15:04:55.576+0000][1][safepoint    ] Safepoint "Cleanup", Time since last: 1000831251 ns, Reaching safepoint: 2716625 ns, At safepoint: 71083 ns, Total: 2787708 ns
[2023-07-17T15:04:56.583+0000][1][safepoint    ] Safepoint "Cleanup", Time since last: 1001594417 ns, Reaching safepoint: 5351750 ns, At safepoint: 328125 ns, Total: 5679875 ns
[2023-07-17T15:04:57.590+0000][1][safepoint    ] Safepoint "Cleanup", Time since last: 1001648292 ns, Reaching safepoint: 4526459 ns, At safepoint: 93958 ns, Total: 4620417 ns
[2023-07-17T15:04:58.597+0000][1][safepoint    ] Safepoint "Cleanup", Time since last: 1001595709 ns, Reaching safepoint: 5015667 ns, At safepoint: 206416 ns, Total: 5222083 ns
[2023-07-17T15:04:59.600+0000][1][safepoint    ] Safepoint "Cleanup", Time since last: 1001220167 ns, Reaching safepoint: 1997625 ns, At safepoint: 77209 ns, Total: 2074834 ns
[2023-07-17T15:05:00.603+0000][1][safepoint    ] Safepoint "Cleanup", Time since last: 1001622459 ns, Reaching safepoint: 1800333 ns, At safepoint: 36667 ns, Total: 1837000 ns
[2023-07-17T15:05:01.609+0000][1][safepoint    ] Safepoint "Cleanup", Time since last: 1001622208 ns, Reaching safepoint: 4152792 ns, At safepoint: 74292 ns, Total: 4227084 ns
[2023-07-17T15:05:02.615+0000][1][safepoint    ] Safepoint "Cleanup", Time since last: 1001919542 ns, Reaching safepoint: 4027708 ns, At safepoint: 105583 ns, Total: 4133291 ns
[2023-07-17T15:05:03.621+0000][1][safepoint    ] Safepoint "Cleanup", Time since last: 1001467751 ns, Reaching safepoint: 4358792 ns, At safepoint: 91041 ns, Total: 4449833 ns
[2023-07-17T15:05:04.627+0000][1][safepoint    ] Safepoint "Cleanup", Time since last: 1002655167 ns, Reaching safepoint: 3022125 ns, At safepoint: 83375 ns, Total: 3105500 ns
[2023-07-17T15:05:05.632+0000][1][safepoint    ] Safepoint "Cleanup", Time since last: 1001970668 ns, Reaching safepoint: 3549666 ns, At safepoint: 108750 ns, Total: 3658416 ns
[2023-07-17T15:05:06.634+0000][1][safepoint    ] Safepoint "Cleanup", Time since last: 1000959709 ns, Reaching safepoint: 923667 ns, At safepoint: 17250 ns, Total: 940917 ns
[2023-07-17T15:05:07.643+0000][1][safepoint    ] Safepoint "Cleanup", Time since last: 1003494417 ns, Reaching safepoint: 4554792 ns, At safepoint: 115708 ns, Total: 4670500 ns
[2023-07-17T15:05:08.648+0000][1][safepoint    ] Safepoint "Cleanup", Time since last: 1002131209 ns, Reaching safepoint: 3486875 ns, At safepoint: 118125 ns, Total: 3605000 ns
[2023-07-17T15:05:09.652+0000][1][safepoint    ] Safepoint "Cleanup", Time since last: 1001745292 ns, Reaching safepoint: 1508542 ns, At safepoint: 19166 ns, Total: 1527708 ns
[2023-07-17T15:05:10.653+0000][1][safepoint    ] Safepoint "Cleanup", Time since last: 1000383501 ns, Reaching safepoint: 1525041 ns, At safepoint: 20625 ns, Total: 1545666 ns
[2023-07-17T15:05:11.658+0000][1][safepoint    ] Safepoint "Cleanup", Time since last: 1000758542 ns, Reaching safepoint: 3453250 ns, At safepoint: 73958 ns, Total: 3527208 ns
[2023-07-17T15:05:12.663+0000][1][safepoint    ] Safepoint "Cleanup", Time since last: 1001853292 ns, Reaching safepoint: 2893542 ns, At safepoint: 65958 ns, Total: 2959500 ns
[2023-07-17T15:05:13.668+0000][1][safepoint    ] Safepoint "Cleanup", Time since last: 1003652625 ns, Reaching safepoint: 1562667 ns, At safepoint: 22792 ns, Total: 1585459 ns
[2023-07-17T15:05:14.675+0000][1][safepoint    ] Safepoint "Cleanup", Time since last: 1002057042 ns, Reaching safepoint: 4553125 ns, At safepoint: 87875 ns, Total: 4641000 ns
[2023-07-17T15:05:15.681+0000][1][safepoint    ] Safepoint "Cleanup", Time since last: 1001496959 ns, Reaching safepoint: 4712250 ns, At safepoint: 129875 ns, Total: 4842125 ns
[2023-07-17T15:05:16.685+0000][1][safepoint    ] Safepoint "Cleanup", Time since last: 1001646375 ns, Reaching safepoint: 2523917 ns, At safepoint: 61875 ns, Total: 2585792 ns
[2023-07-17T15:05:17.688+0000][1][safepoint    ] Safepoint "Cleanup", Time since last: 1000748125 ns, Reaching safepoint: 2287542 ns, At safepoint: 65667 ns, Total: 2353209 ns
[2023-07-17T15:05:18.692+0000][1][safepoint    ] Safepoint "Cleanup", Time since last: 1001028042 ns, Reaching safepoint: 2142500 ns, At safepoint: 61375 ns, Total: 2203875 ns
[2023-07-17T15:05:19.695+0000][1][safepoint    ] Safepoint "Cleanup", Time since last: 1001186209 ns, Reaching safepoint: 1665166 ns, At safepoint: 38209 ns, Total: 1703375 ns
[2023-07-17T15:05:20.559+0000][1][safepoint    ] Safepoint "RevokeBias", Time since last: 862986542 ns, Reaching safepoint: 1504208 ns, At safepoint: 320542 ns, Total: 1824750 ns
[2023-07-17T15:05:21.566+0000][1][safepoint    ] Safepoint "Cleanup", Time since last: 1001162709 ns, Reaching safepoint: 5289875 ns, At safepoint: 154125 ns, Total: 5444000 ns
[2023-07-17T15:05:22.570+0000][1][safepoint    ] Safepoint "Cleanup", Time since last: 1001726833 ns, Reaching safepoint: 2534917 ns, At safepoint: 73375 ns, Total: 2608292 ns
[2023-07-17T15:05:23.573+0000][1][safepoint    ] Safepoint "Cleanup", Time since last: 1000731042 ns, Reaching safepoint: 2167584 ns, At safepoint: 53333 ns, Total: 2220917 ns
[2023-07-17T15:05:24.579+0000][1][safepoint    ] Safepoint "Cleanup", Time since last: 1001308667 ns, Reaching safepoint: 4152833 ns, At safepoint: 105667 ns, Total: 4258500 ns
[2023-07-17T15:05:25.584+0000][1][safepoint    ] Safepoint "Cleanup", Time since last: 1001864125 ns, Reaching safepoint: 2912000 ns, At safepoint: 64250 ns, Total: 2976250 ns
[2023-07-17T15:05:26.587+0000][1][safepoint    ] Safepoint "Cleanup", Time since last: 1000884918 ns, Reaching safepoint: 1874541 ns, At safepoint: 93834 ns, Total: 1968375 ns
[2023-07-17T15:05:27.591+0000][1][safepoint    ] Safepoint "Cleanup", Time since last: 1000827833 ns, Reaching safepoint: 3164209 ns, At safepoint: 65958 ns, Total: 3230167 ns
[2023-07-17T15:05:28.596+0000][1][safepoint    ] Safepoint "Cleanup", Time since last: 1001435959 ns, Reaching safepoint: 3776500 ns, At safepoint: 66792 ns, Total: 3843292 ns
[2023-07-17T15:05:29.601+0000][1][safepoint    ] Safepoint "Cleanup", Time since last: 1001174958 ns, Reaching safepoint: 4166084 ns, At safepoint: 128583 ns, Total: 4294667 ns
[2023-07-17T15:05:30.605+0000][1][safepoint    ] Safepoint "Cleanup", Time since last: 1001149126 ns, Reaching safepoint: 2640625 ns, At safepoint: 24333 ns, Total: 2664958 ns
[2023-07-17T15:05:31.609+0000][1][safepoint    ] Safepoint "Cleanup", Time since last: 1002047792 ns, Reaching safepoint: 1846708 ns, At safepoint: 31792 ns, Total: 1878500 ns
[2023-07-17T15:05:32.613+0000][1][safepoint    ] Safepoint "Cleanup", Time since last: 1000868375 ns, Reaching safepoint: 2682375 ns, At safepoint: 60250 ns, Total: 2742625 ns
[2023-07-17T15:05:33.617+0000][1][safepoint    ] Safepoint "Cleanup", Time since last: 1001807918 ns, Reaching safepoint: 2262875 ns, At safepoint: 82166 ns, Total: 2345041 ns
[2023-07-17T15:05:34.622+0000][1][safepoint    ] Safepoint "Cleanup", Time since last: 1003426792 ns, Reaching safepoint: 1969875 ns, At safepoint: 50459 ns, Total: 2020334 ns
[2023-07-17T15:05:35.631+0000][1][safepoint    ] Safepoint "Cleanup", Time since last: 1004298667 ns, Reaching safepoint: 4733000 ns, At safepoint: 95583 ns, Total: 4828583 ns
[2023-07-17T15:05:36.634+0000][1][safepoint    ] Safepoint "Cleanup", Time since last: 1002220001 ns, Reaching safepoint: 766500 ns, At safepoint: 57166 ns, Total: 823666 ns
[2023-07-17T15:05:37.638+0000][1][safepoint    ] Safepoint "Cleanup", Time since last: 1000548334 ns, Reaching safepoint: 2418667 ns, At safepoint: 63375 ns, Total: 2482042 ns
[2023-07-17T15:05:38.642+0000][1][safepoint    ] Safepoint "Cleanup", Time since last: 1001238584 ns, Reaching safepoint: 2749875 ns, At safepoint: 71875 ns, Total: 2821750 ns
[2023-07-17T15:05:39.646+0000][1][safepoint    ] Safepoint "Cleanup", Time since last: 1001395584 ns, Reaching safepoint: 2737541 ns, At safepoint: 95917 ns, Total: 2833458 ns
[2023-07-17T15:05:40.103+0000][1][safepoint    ] Safepoint "RevokeBias", Time since last: 455200250 ns, Reaching safepoint: 1425792 ns, At safepoint: 125375 ns, Total: 1551167 ns
[2023-07-17T15:05:40.111+0000][1][safepoint    ] Safepoint "RevokeBias", Time since last: 7455000 ns, Reaching safepoint: 1132416 ns, At safepoint: 85959 ns, Total: 1218375 ns
[2023-07-17T15:05:40.721+0000][1][safepoint    ] Safepoint "RevokeBias", Time since last: 580967875 ns, Reaching safepoint: 18911583 ns, At safepoint: 8169667 ns, Total: 27081250 ns
[2023-07-17T15:05:40.771+0000][1][safepoint    ] Safepoint "RevokeBias", Time since last: 43540292 ns, Reaching safepoint: 7612291 ns, At safepoint: 396334 ns, Total: 8008625 ns
[2023-07-17T15:05:40.787+0000][1][safepoint    ] Safepoint "RevokeBias", Time since last: 10325791 ns, Reaching safepoint: 5303167 ns, At safepoint: 420792 ns, Total: 5723959 ns
[2023-07-17T15:05:41.264+0000][1][gc,start     ] GC(19) Pause Young (Allocation Failure)
[2023-07-17T15:05:41.266+0000][1][gc,task      ] GC(19) Using 4 workers of 4 for evacuation
[2023-07-17T15:05:41.344+0000][1][gc,age       ] GC(19) Desired survivor size 8945664 bytes, new threshold 6 (max threshold 6)
[2023-07-17T15:05:41.345+0000][1][gc,age       ] GC(19) Age table with threshold 6 (max threshold 6)
[2023-07-17T15:05:41.345+0000][1][gc,age       ] GC(19) - age   1:     204000 bytes,     204000 total
[2023-07-17T15:05:41.345+0000][1][gc,age       ] GC(19) - age   2:     335824 bytes,     539824 total
[2023-07-17T15:05:41.345+0000][1][gc,age       ] GC(19) - age   3:    3045856 bytes,    3585680 total
[2023-07-17T15:05:41.345+0000][1][gc,age       ] GC(19) - age   4:    4442432 bytes,    8028112 total
[2023-07-17T15:05:41.346+0000][1][gc,heap      ] GC(19) ParNew: 150574K->11398K(157248K)
[2023-07-17T15:05:41.347+0000][1][gc,heap      ] GC(19) CMS: 61190K->61190K(349568K)
[2023-07-17T15:05:41.347+0000][1][gc,metaspace ] GC(19) Metaspace: 87557K->87557K(1130496K)
[2023-07-17T15:05:41.348+0000][1][gc           ] GC(19) Pause Young (Allocation Failure) 206M->70M(494M) 83.612ms
[2023-07-17T15:05:41.348+0000][1][gc,cpu       ] GC(19) User=0.19s Sys=0.02s Real=0.08s
[2023-07-17T15:05:41.349+0000][1][safepoint    ] Safepoint "GenCollectForAllocation", Time since last: 475226042 ns, Reaching safepoint: 1876250 ns, At safepoint: 84600916 ns, Total: 86477166 ns
[2023-07-17T15:05:42.354+0000][1][safepoint    ] Safepoint "Cleanup", Time since last: 1002456917 ns, Reaching safepoint: 3732750 ns, At safepoint: 146083 ns, Total: 3878833 ns
[2023-07-17T15:05:43.359+0000][1][safepoint    ] Safepoint "Cleanup", Time since last: 1002924417 ns, Reaching safepoint: 2028417 ns, At safepoint: 42125 ns, Total: 2070542 ns
[2023-07-17T15:05:44.361+0000][1][safepoint    ] Safepoint "Cleanup", Time since last: 1000527542 ns, Reaching safepoint: 756291 ns, At safepoint: 16375 ns, Total: 772666 ns
[2023-07-17T15:05:45.363+0000][1][safepoint    ] Safepoint "Cleanup", Time since last: 1000979334 ns, Reaching safepoint: 781500 ns, At safepoint: 18959 ns, Total: 800459 ns
[2023-07-17T15:05:46.365+0000][1][safepoint    ] Safepoint "Cleanup", Time since last: 1000587500 ns, Reaching safepoint: 1618542 ns, At safepoint: 37000 ns, Total: 1655542 ns
[2023-07-17T15:05:47.367+0000][1][safepoint    ] Safepoint "Cleanup", Time since last: 1000517834 ns, Reaching safepoint: 1584416 ns, At safepoint: 34542 ns, Total: 1618958 ns
[2023-07-17T15:05:48.370+0000][1][safepoint    ] Safepoint "Cleanup", Time since last: 1001402500 ns, Reaching safepoint: 1951500 ns, At safepoint: 56334 ns, Total: 2007834 ns
[2023-07-17T15:05:49.373+0000][1][safepoint    ] Safepoint "Cleanup", Time since last: 1000869667 ns, Reaching safepoint: 2087625 ns, At safepoint: 53917 ns, Total: 2141542 ns
[2023-07-17T15:05:50.376+0000][1][safepoint    ] Safepoint "Cleanup", Time since last: 1000955417 ns, Reaching safepoint: 1525000 ns, At safepoint: 25916 ns, Total: 1550916 ns
[2023-07-17T15:05:51.383+0000][1][safepoint    ] Safepoint "Cleanup", Time since last: 1001804209 ns, Reaching safepoint: 5103917 ns, At safepoint: 98666 ns, Total: 5202583 ns
[2023-07-17T15:05:52.387+0000][1][safepoint    ] Safepoint "Cleanup", Time since last: 1002066709 ns, Reaching safepoint: 2199667 ns, At safepoint: 62583 ns, Total: 2262250 ns
[2023-07-17T15:05:53.389+0000][1][safepoint    ] Safepoint "Cleanup", Time since last: 1000879542 ns, Reaching safepoint: 1243500 ns, At safepoint: 25000 ns, Total: 1268500 ns
[2023-07-17T15:05:54.394+0000][1][safepoint    ] Safepoint "Cleanup", Time since last: 1000688543 ns, Reaching safepoint: 4144208 ns, At safepoint: 81750 ns, Total: 4225958 ns
[2023-07-17T15:05:55.398+0000][1][safepoint    ] Safepoint "Cleanup", Time since last: 1000993917 ns, Reaching safepoint: 2554708 ns, At safepoint: 117000 ns, Total: 2671708 ns
[2023-07-17T15:05:56.400+0000][1][safepoint    ] Safepoint "Cleanup", Time since last: 1001441959 ns, Reaching safepoint: 878417 ns, At safepoint: 21250 ns, Total: 899667 ns
[2023-07-17T15:05:57.402+0000][1][safepoint    ] Safepoint "Cleanup", Time since last: 1000437167 ns, Reaching safepoint: 1118375 ns, At safepoint: 29667 ns, Total: 1148042 ns
[2023-07-17T15:05:58.404+0000][1][safepoint    ] Safepoint "Cleanup", Time since last: 1000616708 ns, Reaching safepoint: 1882125 ns, At safepoint: 56584 ns, Total: 1938709 ns
[2023-07-17T15:05:59.407+0000][1][safepoint    ] Safepoint "Cleanup", Time since last: 1001586417 ns, Reaching safepoint: 1019833 ns, At safepoint: 32125 ns, Total: 1051958 ns
[2023-07-17T15:06:00.410+0000][1][safepoint    ] Safepoint "Cleanup", Time since last: 1000478626 ns, Reaching safepoint: 2072916 ns, At safepoint: 36334 ns, Total: 2109250 ns
[2023-07-17T15:06:01.417+0000][1][safepoint    ] Safepoint "Cleanup", Time since last: 1001787834 ns, Reaching safepoint: 5792291 ns, At safepoint: 108709 ns, Total: 5901000 ns
[2023-07-17T15:06:02.420+0000][1][safepoint    ] Safepoint "Cleanup", Time since last: 1001605375 ns, Reaching safepoint: 819208 ns, At safepoint: 21042 ns, Total: 840250 ns
[2023-07-17T15:06:03.427+0000][1][safepoint    ] Safepoint "Cleanup", Time since last: 1003962209 ns, Reaching safepoint: 3537208 ns, At safepoint: 94125 ns, Total: 3631333 ns
[2023-07-17T15:06:04.435+0000][1][safepoint    ] Safepoint "Cleanup", Time since last: 1001653917 ns, Reaching safepoint: 5468709 ns, At safepoint: 83083 ns, Total: 5551792 ns
[2023-07-17T15:06:05.442+0000][1][safepoint    ] Safepoint "Cleanup", Time since last: 1005727751 ns, Reaching safepoint: 1432458 ns, At safepoint: 30375 ns, Total: 1462833 ns
[2023-07-17T15:06:06.445+0000][1][safepoint    ] Safepoint "Cleanup", Time since last: 1001169334 ns, Reaching safepoint: 2194875 ns, At safepoint: 60875 ns, Total: 2255750 ns
[2023-07-17T15:06:07.449+0000][1][safepoint    ] Safepoint "Cleanup", Time since last: 1000903583 ns, Reaching safepoint: 2572917 ns, At safepoint: 146125 ns, Total: 2719042 ns
[2023-07-17T15:06:08.452+0000][1][safepoint    ] Safepoint "Cleanup", Time since last: 1001052959 ns, Reaching safepoint: 2106292 ns, At safepoint: 57083 ns, Total: 2163375 ns
[2023-07-17T15:06:09.456+0000][1][safepoint    ] Safepoint "Cleanup", Time since last: 1001168792 ns, Reaching safepoint: 2391750 ns, At safepoint: 62208 ns, Total: 2453958 ns
[2023-07-17T15:06:10.537+0000][1][safepoint    ] Safepoint "Cleanup", Time since last: 1080941834 ns, Reaching safepoint: 939125 ns, At safepoint: 27667 ns, Total: 966792 ns
[2023-07-17T15:06:11.539+0000][1][safepoint    ] Safepoint "Cleanup", Time since last: 1000654459 ns, Reaching safepoint: 1007125 ns, At safepoint: 21416 ns, Total: 1028541 ns
[2023-07-17T15:06:12.541+0000][1][safepoint    ] Safepoint "Cleanup", Time since last: 1000558583 ns, Reaching safepoint: 1233125 ns, At safepoint: 50334 ns, Total: 1283459 ns
[2023-07-17T15:06:13.543+0000][1][safepoint    ] Safepoint "Cleanup", Time since last: 1000807167 ns, Reaching safepoint: 1313750 ns, At safepoint: 18708 ns, Total: 1332458 ns
[2023-07-17T15:06:14.546+0000][1][safepoint    ] Safepoint "Cleanup", Time since last: 1000375792 ns, Reaching safepoint: 2056042 ns, At safepoint: 42583 ns, Total: 2098625 ns
[2023-07-17T15:06:15.552+0000][1][safepoint    ] Safepoint "Cleanup", Time since last: 1000716542 ns, Reaching safepoint: 5223750 ns, At safepoint: 121959 ns, Total: 5345709 ns
[2023-07-17T15:06:19.556+0000][1][safepoint    ] Safepoint "Cleanup", Time since last: 4001848835 ns, Reaching safepoint: 2457583 ns, At safepoint: 46500 ns, Total: 2504083 ns
[2023-07-17T15:06:20.558+0000][1][safepoint    ] Safepoint "Cleanup", Time since last: 1000873459 ns, Reaching safepoint: 1230417 ns, At safepoint: 20958 ns, Total: 1251375 ns
[2023-07-17T15:06:21.563+0000][1][safepoint    ] Safepoint "Cleanup", Time since last: 1000465376 ns, Reaching safepoint: 4047583 ns, At safepoint: 186375 ns, Total: 4233958 ns
[2023-07-17T15:06:22.565+0000][1][safepoint    ] Safepoint "Cleanup", Time since last: 1001273292 ns, Reaching safepoint: 1187083 ns, At safepoint: 26417 ns, Total: 1213500 ns
[2023-07-17T15:06:24.571+0000][1][safepoint    ] Safepoint "Cleanup", Time since last: 2002334626 ns, Reaching safepoint: 3126958 ns, At safepoint: 67209 ns, Total: 3194167 ns
[2023-07-17T15:06:25.206+0000][1][safepoint    ] Safepoint "RevokeBias", Time since last: 634244667 ns, Reaching safepoint: 981791 ns, At safepoint: 280209 ns, Total: 1262000 ns
[2023-07-17T15:06:25.269+0000][1][safepoint    ] Safepoint "RevokeBias", Time since last: 61830125 ns, Reaching safepoint: 976958 ns, At safepoint: 170875 ns, Total: 1147833 ns
[2023-07-17T15:06:25.283+0000][1][safepoint    ] Safepoint "RevokeBias", Time since last: 12570958 ns, Reaching safepoint: 765750 ns, At safepoint: 345834 ns, Total: 1111584 ns
[2023-07-17T15:06:25.287+0000][1][safepoint    ] Safepoint "RevokeBias", Time since last: 3261208 ns, Reaching safepoint: 601792 ns, At safepoint: 106166 ns, Total: 707958 ns
[2023-07-17T15:06:25.291+0000][1][safepoint    ] Safepoint "RevokeBias", Time since last: 3757709 ns, Reaching safepoint: 699541 ns, At safepoint: 65250 ns, Total: 764791 ns
[2023-07-17T15:06:25.293+0000][1][safepoint    ] Safepoint "RevokeBias", Time since last: 1319459 ns, Reaching safepoint: 377541 ns, At safepoint: 51000 ns, Total: 428541 ns
[2023-07-17T15:06:25.295+0000][1][safepoint    ] Safepoint "RevokeBias", Time since last: 1354959 ns, Reaching safepoint: 426000 ns, At safepoint: 45083 ns, Total: 471083 ns
[2023-07-17T15:06:29.303+0000][1][safepoint    ] Safepoint "Cleanup", Time since last: 4001876794 ns, Reaching safepoint: 5145208 ns, At safepoint: 228792 ns, Total: 5374000 ns
[2023-07-17T15:06:30.320+0000][1][safepoint    ] Safepoint "Cleanup", Time since last: 1015397000 ns, Reaching safepoint: 2460292 ns, At safepoint: 51833 ns, Total: 2512125 ns
[2023-07-17T15:06:31.325+0000][1][safepoint    ] Safepoint "Cleanup", Time since last: 1002194251 ns, Reaching safepoint: 2868291 ns, At safepoint: 60167 ns, Total: 2928458 ns
[2023-07-17T15:06:32.331+0000][1][safepoint    ] Safepoint "Cleanup", Time since last: 1001427959 ns, Reaching safepoint: 3738208 ns, At safepoint: 105542 ns, Total: 3843750 ns
[2023-07-17T15:06:35.339+0000][1][safepoint    ] Safepoint "Cleanup", Time since last: 3005708709 ns, Reaching safepoint: 2653292 ns, At safepoint: 71000 ns, Total: 2724292 ns
[2023-07-17T15:06:36.344+0000][1][safepoint    ] Safepoint "Cleanup", Time since last: 1001601959 ns, Reaching safepoint: 2798792 ns, At safepoint: 89250 ns, Total: 2888042 ns
[2023-07-17T15:06:40.352+0000][1][safepoint    ] Safepoint "Cleanup", Time since last: 4007318960 ns, Reaching safepoint: 1380458 ns, At safepoint: 30417 ns, Total: 1410875 ns
[2023-07-17T15:06:40.505+0000][1][safepoint    ] Safepoint "RevokeBias", Time since last: 149885708 ns, Reaching safepoint: 1999959 ns, At safepoint: 1022791 ns, Total: 3022750 ns
[2023-07-17T15:06:41.099+0000][1][safepoint    ] Safepoint "RevokeBias", Time since last: 592121876 ns, Reaching safepoint: 1512333 ns, At safepoint: 221417 ns, Total: 1733750 ns
[2023-07-17T15:06:41.103+0000][1][safepoint    ] Safepoint "RevokeBias", Time since last: 3470000 ns, Reaching safepoint: 515125 ns, At safepoint: 98708 ns, Total: 613833 ns
[2023-07-17T15:06:41.112+0000][1][safepoint    ] Safepoint "RevokeBias", Time since last: 7343000 ns, Reaching safepoint: 1426708 ns, At safepoint: 107875 ns, Total: 1534583 ns
[2023-07-17T15:06:41.143+0000][1][safepoint    ] Safepoint "RevokeBias", Time since last: 30410250 ns, Reaching safepoint: 782917 ns, At safepoint: 113875 ns, Total: 896792 ns
[2023-07-17T15:06:41.147+0000][1][safepoint    ] Safepoint "BulkRevokeBias", Time since last: 1495042 ns, Reaching safepoint: 582708 ns, At safepoint: 1605167 ns, Total: 2187875 ns
[2023-07-17T15:06:41.151+0000][1][safepoint    ] Safepoint "RevokeBias", Time since last: 3064666 ns, Reaching safepoint: 896084 ns, At safepoint: 61125 ns, Total: 957209 ns
[2023-07-17T15:06:42.155+0000][1][safepoint    ] Safepoint "Cleanup", Time since last: 1002164749 ns, Reaching safepoint: 1493958 ns, At safepoint: 34959 ns, Total: 1528917 ns
[2023-07-17T15:06:45.160+0000][1][safepoint    ] Safepoint "Cleanup", Time since last: 3002779376 ns, Reaching safepoint: 2990250 ns, At safepoint: 30959 ns, Total: 3021209 ns
[2023-07-17T15:06:46.164+0000][1][safepoint    ] Safepoint "Cleanup", Time since last: 1000764792 ns, Reaching safepoint: 2873291 ns, At safepoint: 146709 ns, Total: 3020000 ns
[2023-07-17T15:06:47.168+0000][1][safepoint    ] Safepoint "Cleanup", Time since last: 1002335625 ns, Reaching safepoint: 1707667 ns, At safepoint: 57166 ns, Total: 1764833 ns
[2023-07-17T15:06:50.519+0000][1][safepoint    ] Safepoint "RevokeBias", Time since last: 3347388377 ns, Reaching safepoint: 2577542 ns, At safepoint: 382791 ns, Total: 2960333 ns
[2023-07-17T15:06:51.521+0000][1][safepoint    ] Safepoint "Cleanup", Time since last: 1000519543 ns, Reaching safepoint: 2181625 ns, At safepoint: 51833 ns, Total: 2233458 ns
[2023-07-17T15:06:57.527+0000][1][safepoint    ] Safepoint "Cleanup", Time since last: 6003690961 ns, Reaching safepoint: 1769917 ns, At safepoint: 34166 ns, Total: 1804083 ns
[2023-07-17T15:07:00.496+0000][1][safepoint    ] Safepoint "RevokeBias", Time since last: 2966532002 ns, Reaching safepoint: 1982125 ns, At safepoint: 596791 ns, Total: 2578916 ns
[2023-07-17T15:07:01.501+0000][1][safepoint    ] Safepoint "Cleanup", Time since last: 1001350584 ns, Reaching safepoint: 3764125 ns, At safepoint: 93042 ns, Total: 3857167 ns
[2023-07-17T15:07:03.504+0000][1][safepoint    ] Safepoint "Cleanup", Time since last: 2001439584 ns, Reaching safepoint: 1067084 ns, At safepoint: 30083 ns, Total: 1097167 ns
[2023-07-17T15:07:10.516+0000][1][safepoint    ] Safepoint "Cleanup", Time since last: 7009915253 ns, Reaching safepoint: 2266000 ns, At safepoint: 45375 ns, Total: 2311375 ns
[2023-07-17T15:07:10.590+0000][1][safepoint    ] Safepoint "RevokeBias", Time since last: 71570750 ns, Reaching safepoint: 2373375 ns, At safepoint: 430875 ns, Total: 2804250 ns
[2023-07-17T15:07:11.594+0000][1][safepoint    ] Safepoint "Cleanup", Time since last: 1001872959 ns, Reaching safepoint: 1574750 ns, At safepoint: 60917 ns, Total: 1635667 ns
[2023-07-17T15:07:12.596+0000][1][safepoint    ] Safepoint "Cleanup", Time since last: 1000627291 ns, Reaching safepoint: 1639875 ns, At safepoint: 24375 ns, Total: 1664250 ns
[2023-07-17T15:07:13.598+0000][1][safepoint    ] Safepoint "Cleanup", Time since last: 1000768250 ns, Reaching safepoint: 1306375 ns, At safepoint: 19125 ns, Total: 1325500 ns
[2023-07-17T15:07:14.600+0000][1][safepoint    ] Safepoint "Cleanup", Time since last: 1000581501 ns, Reaching safepoint: 1334708 ns, At safepoint: 34042 ns, Total: 1368750 ns
[2023-07-17T15:07:19.608+0000][1][safepoint    ] Safepoint "Cleanup", Time since last: 5003715669 ns, Reaching safepoint: 3760958 ns, At safepoint: 101875 ns, Total: 3862833 ns
[2023-07-17T15:07:20.500+0000][1][safepoint    ] Safepoint "RevokeBias", Time since last: 890012917 ns, Reaching safepoint: 1840292 ns, At safepoint: 386917 ns, Total: 2227209 ns
[2023-07-17T15:07:21.502+0000][1][safepoint    ] Safepoint "Cleanup", Time since last: 1001209709 ns, Reaching safepoint: 812333 ns, At safepoint: 14958 ns, Total: 827291 ns
[2023-07-17T15:07:22.507+0000][1][safepoint    ] Safepoint "Cleanup", Time since last: 1000986751 ns, Reaching safepoint: 3549583 ns, At safepoint: 99917 ns, Total: 3649500 ns
[2023-07-17T15:07:22.813+0000][1][safepoint    ] Safepoint "RevokeBias", Time since last: 306085041 ns, Reaching safepoint: 640834 ns, At safepoint: 73541 ns, Total: 714375 ns
[2023-07-17T15:07:23.826+0000][1][safepoint    ] Safepoint "Cleanup", Time since last: 1007397751 ns, Reaching safepoint: 5202792 ns, At safepoint: 235916 ns, Total: 5438708 ns
[2023-07-17T15:07:24.832+0000][1][safepoint    ] Safepoint "Cleanup", Time since last: 1004887084 ns, Reaching safepoint: 1188292 ns, At safepoint: 27666 ns, Total: 1215958 ns
[2023-07-17T15:07:29.836+0000][1][safepoint    ] Safepoint "Cleanup", Time since last: 5002605295 ns, Reaching safepoint: 1281333 ns, At safepoint: 20667 ns, Total: 1302000 ns
[2023-07-17T15:07:30.536+0000][1][safepoint    ] Safepoint "RevokeBias", Time since last: 697270292 ns, Reaching safepoint: 1841875 ns, At safepoint: 326333 ns, Total: 2168208 ns
[2023-07-17T15:07:31.541+0000][1][safepoint    ] Safepoint "Cleanup", Time since last: 1000902834 ns, Reaching safepoint: 4338958 ns, At safepoint: 105083 ns, Total: 4444041 ns
[2023-07-17T15:07:32.545+0000][1][safepoint    ] Safepoint "Cleanup", Time since last: 1001660042 ns, Reaching safepoint: 2374209 ns, At safepoint: 55875 ns, Total: 2430084 ns
[2023-07-17T15:07:33.549+0000][1][safepoint    ] Safepoint "Cleanup", Time since last: 1001052209 ns, Reaching safepoint: 3200583 ns, At safepoint: 81292 ns, Total: 3281875 ns
[2023-07-17T15:07:34.557+0000][1][safepoint    ] Safepoint "Cleanup", Time since last: 1003428000 ns, Reaching safepoint: 3498208 ns, At safepoint: 87000 ns, Total: 3585208 ns
[2023-07-17T15:07:34.604+0000][1][gc,start     ] GC(20) Pause Young (Allocation Failure)
[2023-07-17T15:07:34.607+0000][1][gc,task      ] GC(20) Using 4 workers of 4 for evacuation
[2023-07-17T15:07:34.695+0000][1][gc,age       ] GC(20) Desired survivor size 8945664 bytes, new threshold 6 (max threshold 6)
[2023-07-17T15:07:34.695+0000][1][gc,age       ] GC(20) Age table with threshold 6 (max threshold 6)
[2023-07-17T15:07:34.695+0000][1][gc,age       ] GC(20) - age   1:     137312 bytes,     137312 total
[2023-07-17T15:07:34.695+0000][1][gc,age       ] GC(20) - age   2:      59296 bytes,     196608 total
[2023-07-17T15:07:34.695+0000][1][gc,age       ] GC(20) - age   3:     335416 bytes,     532024 total
[2023-07-17T15:07:34.695+0000][1][gc,age       ] GC(20) - age   4:    3040960 bytes,    3572984 total
[2023-07-17T15:07:34.696+0000][1][gc,age       ] GC(20) - age   5:    4323488 bytes,    7896472 total
[2023-07-17T15:07:34.697+0000][1][gc,heap      ] GC(20) ParNew: 151174K->13614K(157248K)
[2023-07-17T15:07:34.697+0000][1][gc,heap      ] GC(20) CMS: 61190K->61190K(349568K)
[2023-07-17T15:07:34.697+0000][1][gc,metaspace ] GC(20) Metaspace: 88101K->88101K(1130496K)
[2023-07-17T15:07:34.698+0000][1][gc           ] GC(20) Pause Young (Allocation Failure) 207M->73M(494M) 94.082ms
[2023-07-17T15:07:34.698+0000][1][gc,cpu       ] GC(20) User=0.24s Sys=0.03s Real=0.09s
[2023-07-17T15:07:34.698+0000][1][safepoint    ] Safepoint "GenCollectForAllocation", Time since last: 44894000 ns, Reaching safepoint: 1656042 ns, At safepoint: 95379458 ns, Total: 97035500 ns
[2023-07-17T15:07:35.700+0000][1][safepoint    ] Safepoint "Cleanup", Time since last: 1000617084 ns, Reaching safepoint: 1412834 ns, At safepoint: 37291 ns, Total: 1450125 ns
[2023-07-17T15:07:36.704+0000][1][safepoint    ] Safepoint "Cleanup", Time since last: 1000661917 ns, Reaching safepoint: 2435167 ns, At safepoint: 123083 ns, Total: 2558250 ns
[2023-07-17T15:07:37.708+0000][1][safepoint    ] Safepoint "Cleanup", Time since last: 1002367376 ns, Reaching safepoint: 1535625 ns, At safepoint: 32542 ns, Total: 1568167 ns
[2023-07-17T15:07:38.710+0000][1][safepoint    ] Safepoint "Cleanup", Time since last: 1001264375 ns, Reaching safepoint: 1016333 ns, At safepoint: 19875 ns, Total: 1036208 ns
[2023-07-17T15:07:39.713+0000][1][safepoint    ] Safepoint "Cleanup", Time since last: 1000923418 ns, Reaching safepoint: 2106125 ns, At safepoint: 105416 ns, Total: 2211541 ns
[2023-07-17T15:07:40.533+0000][1][safepoint    ] Safepoint "RevokeBias", Time since last: 817929876 ns, Reaching safepoint: 2020208 ns, At safepoint: 344667 ns, Total: 2364875 ns
[2023-07-17T15:07:41.538+0000][1][safepoint    ] Safepoint "Cleanup", Time since last: 1001037875 ns, Reaching safepoint: 3330292 ns, At safepoint: 121250 ns, Total: 3451542 ns
[2023-07-17T15:07:42.108+0000][1][safepoint    ] Safepoint "RevokeBias", Time since last: 569055583 ns, Reaching safepoint: 1266666 ns, At safepoint: 90250 ns, Total: 1356916 ns
[2023-07-17T15:07:42.133+0000][1][safepoint    ] Safepoint "RevokeBias", Time since last: 20561500 ns, Reaching safepoint: 3945667 ns, At safepoint: 137208 ns, Total: 4082875 ns
[2023-07-17T15:07:42.150+0000][1][safepoint    ] Safepoint "RevokeBias", Time since last: 15356125 ns, Reaching safepoint: 1357250 ns, At safepoint: 61042 ns, Total: 1418292 ns
[2023-07-17T15:07:42.176+0000][1][safepoint    ] Safepoint "RevokeBias", Time since last: 24653583 ns, Reaching safepoint: 2039459 ns, At safepoint: 98166 ns, Total: 2137625 ns
[2023-07-17T15:07:43.182+0000][1][safepoint    ] Safepoint "Cleanup", Time since last: 1001209543 ns, Reaching safepoint: 4344333 ns, At safepoint: 85667 ns, Total: 4430000 ns
[2023-07-17T15:07:44.184+0000][1][safepoint    ] Safepoint "Cleanup", Time since last: 1001229708 ns, Reaching safepoint: 1020042 ns, At safepoint: 27292 ns, Total: 1047334 ns
[2023-07-17T15:07:45.188+0000][1][safepoint    ] Safepoint "Cleanup", Time since last: 1001084875 ns, Reaching safepoint: 2858375 ns, At safepoint: 67250 ns, Total: 2925625 ns
[2023-07-17T15:07:46.192+0000][1][safepoint    ] Safepoint "Cleanup", Time since last: 1001280959 ns, Reaching safepoint: 2046833 ns, At safepoint: 74667 ns, Total: 2121500 ns
[2023-07-17T15:07:47.194+0000][1][safepoint    ] Safepoint "Cleanup", Time since last: 1000795459 ns, Reaching safepoint: 1853458 ns, At safepoint: 72875 ns, Total: 1926333 ns
[2023-07-17T15:07:48.198+0000][1][safepoint    ] Safepoint "Cleanup", Time since last: 1001137334 ns, Reaching safepoint: 1847292 ns, At safepoint: 145333 ns, Total: 1992625 ns
[2023-07-17T15:07:49.202+0000][1][safepoint    ] Safepoint "Cleanup", Time since last: 1001304459 ns, Reaching safepoint: 2875791 ns, At safepoint: 85292 ns, Total: 2961083 ns
[2023-07-17T15:07:50.205+0000][1][safepoint    ] Safepoint "Cleanup", Time since last: 1001295209 ns, Reaching safepoint: 2274708 ns, At safepoint: 103792 ns, Total: 2378500 ns
[2023-07-17T15:07:50.519+0000][1][safepoint    ] Safepoint "RevokeBias", Time since last: 311446417 ns, Reaching safepoint: 1570583 ns, At safepoint: 322250 ns, Total: 1892833 ns
[2023-07-17T15:07:51.527+0000][1][safepoint    ] Safepoint "Cleanup", Time since last: 1002690251 ns, Reaching safepoint: 5695208 ns, At safepoint: 106000 ns, Total: 5801208 ns
[2023-07-17T15:07:52.533+0000][1][safepoint    ] Safepoint "Cleanup", Time since last: 1001956459 ns, Reaching safepoint: 3757541 ns, At safepoint: 116792 ns, Total: 3874333 ns
[2023-07-17T15:07:53.535+0000][1][safepoint    ] Safepoint "Cleanup", Time since last: 1000967084 ns, Reaching safepoint: 974000 ns, At safepoint: 34166 ns, Total: 1008166 ns
[2023-07-17T15:07:54.540+0000][1][safepoint    ] Safepoint "Cleanup", Time since last: 1000844418 ns, Reaching safepoint: 3552416 ns, At safepoint: 92250 ns, Total: 3644666 ns
[2023-07-17T15:07:55.546+0000][1][safepoint    ] Safepoint "Cleanup", Time since last: 1001592959 ns, Reaching safepoint: 4268417 ns, At safepoint: 97250 ns, Total: 4365667 ns
[2023-07-17T15:07:56.553+0000][1][safepoint    ] Safepoint "Cleanup", Time since last: 1003210959 ns, Reaching safepoint: 3845791 ns, At safepoint: 109292 ns, Total: 3955083 ns
[2023-07-17T15:07:57.556+0000][1][safepoint    ] Safepoint "Cleanup", Time since last: 1001346292 ns, Reaching safepoint: 2098708 ns, At safepoint: 57792 ns, Total: 2156500 ns
[2023-07-17T15:07:58.561+0000][1][safepoint    ] Safepoint "Cleanup", Time since last: 1001177126 ns, Reaching safepoint: 3217083 ns, At safepoint: 99542 ns, Total: 3316625 ns
[2023-07-17T15:07:59.567+0000][1][safepoint    ] Safepoint "Cleanup", Time since last: 1002253042 ns, Reaching safepoint: 3494416 ns, At safepoint: 75750 ns, Total: 3570166 ns
[2023-07-17T15:08:00.569+0000][1][safepoint    ] Safepoint "Cleanup", Time since last: 1001496918 ns, Reaching safepoint: 962458 ns, At safepoint: 18083 ns, Total: 980541 ns
[2023-07-17T15:08:01.574+0000][1][safepoint    ] Safepoint "Cleanup", Time since last: 1000805417 ns, Reaching safepoint: 4173500 ns, At safepoint: 119042 ns, Total: 4292542 ns
[2023-07-17T15:08:02.579+0000][1][safepoint    ] Safepoint "Cleanup", Time since last: 1001594792 ns, Reaching safepoint: 3391250 ns, At safepoint: 153583 ns, Total: 3544833 ns
[2023-07-17T15:08:03.586+0000][1][safepoint    ] Safepoint "Cleanup", Time since last: 1002800251 ns, Reaching safepoint: 4230083 ns, At safepoint: 99667 ns, Total: 4329750 ns
[2023-07-17T15:08:04.590+0000][1][safepoint    ] Safepoint "Cleanup", Time since last: 1001463125 ns, Reaching safepoint: 2556125 ns, At safepoint: 67959 ns, Total: 2624084 ns
[2023-07-17T15:08:05.595+0000][1][safepoint    ] Safepoint "Cleanup", Time since last: 1001483917 ns, Reaching safepoint: 2591500 ns, At safepoint: 66125 ns, Total: 2657625 ns
[2023-07-17T15:08:06.599+0000][1][safepoint    ] Safepoint "Cleanup", Time since last: 1001523417 ns, Reaching safepoint: 2832792 ns, At safepoint: 93583 ns, Total: 2926375 ns
[2023-07-17T15:08:07.604+0000][1][safepoint    ] Safepoint "Cleanup", Time since last: 1002177209 ns, Reaching safepoint: 2299083 ns, At safepoint: 51834 ns, Total: 2350917 ns
[2023-07-17T15:08:08.608+0000][1][safepoint    ] Safepoint "Cleanup", Time since last: 1001462292 ns, Reaching safepoint: 2544458 ns, At safepoint: 109625 ns, Total: 2654083 ns
[2023-07-17T15:08:09.613+0000][1][safepoint    ] Safepoint "Cleanup", Time since last: 1001666125 ns, Reaching safepoint: 3641209 ns, At safepoint: 116291 ns, Total: 3757500 ns
[2023-07-17T15:08:10.495+0000][1][safepoint    ] Safepoint "RevokeBias", Time since last: 880099209 ns, Reaching safepoint: 1745000 ns, At safepoint: 397500 ns, Total: 2142500 ns
[2023-07-17T15:08:11.501+0000][1][safepoint    ] Safepoint "Cleanup", Time since last: 1000581709 ns, Reaching safepoint: 4584417 ns, At safepoint: 165000 ns, Total: 4749417 ns
[2023-07-17T15:08:12.505+0000][1][safepoint    ] Safepoint "Cleanup", Time since last: 1002058208 ns, Reaching safepoint: 1742542 ns, At safepoint: 29000 ns, Total: 1771542 ns
[2023-07-17T15:08:13.506+0000][1][safepoint    ] Safepoint "Cleanup", Time since last: 1000419583 ns, Reaching safepoint: 1429834 ns, At safepoint: 24875 ns, Total: 1454709 ns
[2023-07-17T15:08:14.511+0000][1][safepoint    ] Safepoint "Cleanup", Time since last: 1001207084 ns, Reaching safepoint: 2791291 ns, At safepoint: 84459 ns, Total: 2875750 ns
[2023-07-17T15:08:15.517+0000][1][safepoint    ] Safepoint "Cleanup", Time since last: 1002384042 ns, Reaching safepoint: 3665916 ns, At safepoint: 235625 ns, Total: 3901541 ns
[2023-07-17T15:08:16.519+0000][1][safepoint    ] Safepoint "Cleanup", Time since last: 1000905917 ns, Reaching safepoint: 1068959 ns, At safepoint: 29291 ns, Total: 1098250 ns
[2023-07-17T15:08:17.523+0000][1][safepoint    ] Safepoint "Cleanup", Time since last: 1000652918 ns, Reaching safepoint: 3701333 ns, At safepoint: 113958 ns, Total: 3815291 ns
[2023-07-17T15:08:18.529+0000][1][safepoint    ] Safepoint "Cleanup", Time since last: 1001897959 ns, Reaching safepoint: 3332750 ns, At safepoint: 114208 ns, Total: 3446958 ns
[2023-07-17T15:08:19.531+0000][1][safepoint    ] Safepoint "Cleanup", Time since last: 1001102959 ns, Reaching safepoint: 1581500 ns, At safepoint: 59292 ns, Total: 1640792 ns
[2023-07-17T15:08:20.507+0000][1][safepoint    ] Safepoint "RevokeBias", Time since last: 973394459 ns, Reaching safepoint: 1646416 ns, At safepoint: 553750 ns, Total: 2200166 ns
[2023-07-17T15:08:21.511+0000][1][safepoint    ] Safepoint "Cleanup", Time since last: 1000554251 ns, Reaching safepoint: 3642833 ns, At safepoint: 106667 ns, Total: 3749500 ns
[2023-07-17T15:08:22.514+0000][1][safepoint    ] Safepoint "Cleanup", Time since last: 1001342000 ns, Reaching safepoint: 1169250 ns, At safepoint: 23667 ns, Total: 1192917 ns
[2023-07-17T15:08:23.517+0000][1][safepoint    ] Safepoint "Cleanup", Time since last: 1001038875 ns, Reaching safepoint: 2344125 ns, At safepoint: 72375 ns, Total: 2416500 ns
[2023-07-17T15:08:24.521+0000][1][safepoint    ] Safepoint "Cleanup", Time since last: 1000973334 ns, Reaching safepoint: 2548959 ns, At safepoint: 65208 ns, Total: 2614167 ns
[2023-07-17T15:08:25.523+0000][1][safepoint    ] Safepoint "Cleanup", Time since last: 1001144459 ns, Reaching safepoint: 994416 ns, At safepoint: 26709 ns, Total: 1021125 ns
[2023-07-17T15:08:26.527+0000][1][safepoint    ] Safepoint "Cleanup", Time since last: 1001254584 ns, Reaching safepoint: 2759916 ns, At safepoint: 82667 ns, Total: 2842583 ns
[2023-07-17T15:08:27.529+0000][1][safepoint    ] Safepoint "Cleanup", Time since last: 1001111625 ns, Reaching safepoint: 946042 ns, At safepoint: 23625 ns, Total: 969667 ns
[2023-07-17T15:08:28.532+0000][1][safepoint    ] Safepoint "Cleanup", Time since last: 1000575584 ns, Reaching safepoint: 2277333 ns, At safepoint: 30750 ns, Total: 2308083 ns
[2023-07-17T15:08:29.534+0000][1][safepoint    ] Safepoint "Cleanup", Time since last: 1000938876 ns, Reaching safepoint: 1099250 ns, At safepoint: 26625 ns, Total: 1125875 ns
[2023-07-17T15:08:30.522+0000][1][safepoint    ] Safepoint "RevokeBias", Time since last: 986055417 ns, Reaching safepoint: 1768916 ns, At safepoint: 366167 ns, Total: 2135083 ns
[2023-07-17T15:08:31.528+0000][1][safepoint    ] Safepoint "Cleanup", Time since last: 1000858834 ns, Reaching safepoint: 4281750 ns, At safepoint: 98375 ns, Total: 4380125 ns
[2023-07-17T15:08:32.532+0000][1][safepoint    ] Safepoint "Cleanup", Time since last: 1001267334 ns, Reaching safepoint: 2909166 ns, At safepoint: 111042 ns, Total: 3020208 ns
[2023-07-17T15:08:33.535+0000][1][safepoint    ] Safepoint "Cleanup", Time since last: 1000741042 ns, Reaching safepoint: 2211500 ns, At safepoint: 63500 ns, Total: 2275000 ns
[2023-07-17T15:08:34.540+0000][1][safepoint    ] Safepoint "Cleanup", Time since last: 1001434792 ns, Reaching safepoint: 3397334 ns, At safepoint: 72375 ns, Total: 3469709 ns
[2023-07-17T15:08:35.546+0000][1][safepoint    ] Safepoint "Cleanup", Time since last: 1002465167 ns, Reaching safepoint: 4026917 ns, At safepoint: 89833 ns, Total: 4116750 ns
[2023-07-17T15:08:36.552+0000][1][safepoint    ] Safepoint "Cleanup", Time since last: 1001236750 ns, Reaching safepoint: 3843459 ns, At safepoint: 81291 ns, Total: 3924750 ns
[2023-07-17T15:08:37.555+0000][1][safepoint    ] Safepoint "Cleanup", Time since last: 1000776293 ns, Reaching safepoint: 2083791 ns, At safepoint: 75959 ns, Total: 2159750 ns
[2023-07-17T15:08:38.559+0000][1][safepoint    ] Safepoint "Cleanup", Time since last: 1001276292 ns, Reaching safepoint: 3333291 ns, At safepoint: 112917 ns, Total: 3446208 ns
[2023-07-17T15:08:39.561+0000][1][safepoint    ] Safepoint "Cleanup", Time since last: 1001601084 ns, Reaching safepoint: 658541 ns, At safepoint: 13917 ns, Total: 672458 ns
[2023-07-17T15:08:40.517+0000][1][safepoint    ] Safepoint "RevokeBias", Time since last: 951923959 ns, Reaching safepoint: 2389958 ns, At safepoint: 759375 ns, Total: 3149333 ns
[2023-07-17T15:08:41.521+0000][1][safepoint    ] Safepoint "Cleanup", Time since last: 1002125376 ns, Reaching safepoint: 1960750 ns, At safepoint: 74375 ns, Total: 2035125 ns
[2023-07-17T15:08:42.526+0000][1][safepoint    ] Safepoint "Cleanup", Time since last: 1002631624 ns, Reaching safepoint: 2479625 ns, At safepoint: 95834 ns, Total: 2575459 ns
[2023-07-17T15:08:43.093+0000][1][safepoint    ] Safepoint "RevokeBias", Time since last: 565759458 ns, Reaching safepoint: 1264959 ns, At safepoint: 93541 ns, Total: 1358500 ns
[2023-07-17T15:08:43.095+0000][1][safepoint    ] Safepoint "RevokeBias", Time since last: 1472167 ns, Reaching safepoint: 714000 ns, At safepoint: 144167 ns, Total: 858167 ns
[2023-07-17T15:08:43.123+0000][1][safepoint    ] Safepoint "RevokeBias", Time since last: 26330166 ns, Reaching safepoint: 1220375 ns, At safepoint: 131334 ns, Total: 1351709 ns
[2023-07-17T15:08:43.244+0000][1][safepoint    ] Safepoint "RevokeBias", Time since last: 120362708 ns, Reaching safepoint: 574250 ns, At safepoint: 82833 ns, Total: 657083 ns
[2023-07-17T15:08:43.257+0000][1][safepoint    ] Safepoint "RevokeBias", Time since last: 12917084 ns, Reaching safepoint: 521250 ns, At safepoint: 65166 ns, Total: 586416 ns
[2023-07-17T15:08:44.261+0000][1][safepoint    ] Safepoint "Cleanup", Time since last: 1000608209 ns, Reaching safepoint: 2682750 ns, At safepoint: 164958 ns, Total: 2847708 ns
[2023-07-17T15:08:45.269+0000][1][safepoint    ] Safepoint "Cleanup", Time since last: 1006068709 ns, Reaching safepoint: 2152917 ns, At safepoint: 65125 ns, Total: 2218042 ns
[2023-07-17T15:08:46.273+0000][1][safepoint    ] Safepoint "Cleanup", Time since last: 1001476000 ns, Reaching safepoint: 1824500 ns, At safepoint: 43875 ns, Total: 1868375 ns
[2023-07-17T15:08:47.275+0000][1][safepoint    ] Safepoint "Cleanup", Time since last: 1000877709 ns, Reaching safepoint: 1278292 ns, At safepoint: 27542 ns, Total: 1305834 ns
[2023-07-17T15:08:48.276+0000][1][safepoint    ] Safepoint "Cleanup", Time since last: 1000690542 ns, Reaching safepoint: 876833 ns, At safepoint: 25750 ns, Total: 902583 ns
[2023-07-17T15:08:49.279+0000][1][safepoint    ] Safepoint "Cleanup", Time since last: 1000851292 ns, Reaching safepoint: 2195167 ns, At safepoint: 81958 ns, Total: 2277125 ns
[2023-07-17T15:08:50.285+0000][1][safepoint    ] Safepoint "Cleanup", Time since last: 1001908167 ns, Reaching safepoint: 3798542 ns, At safepoint: 101208 ns, Total: 3899750 ns
[2023-07-17T15:08:51.291+0000][1][safepoint    ] Safepoint "Cleanup", Time since last: 1002208042 ns, Reaching safepoint: 3662500 ns, At safepoint: 85375 ns, Total: 3747875 ns
[2023-07-17T15:08:52.295+0000][1][safepoint    ] Safepoint "Cleanup", Time since last: 1001336959 ns, Reaching safepoint: 2371834 ns, At safepoint: 71291 ns, Total: 2443125 ns
[2023-07-17T15:08:53.302+0000][1][safepoint    ] Safepoint "Cleanup", Time since last: 1003329834 ns, Reaching safepoint: 3398292 ns, At safepoint: 44500 ns, Total: 3442792 ns
[2023-07-17T15:08:54.305+0000][1][safepoint    ] Safepoint "Cleanup", Time since last: 1001244000 ns, Reaching safepoint: 2133459 ns, At safepoint: 49458 ns, Total: 2182917 ns
[2023-07-17T15:08:55.307+0000][1][safepoint    ] Safepoint "Cleanup", Time since last: 1000966667 ns, Reaching safepoint: 591208 ns, At safepoint: 13459 ns, Total: 604667 ns
[2023-07-17T15:08:56.311+0000][1][safepoint    ] Safepoint "Cleanup", Time since last: 1002720375 ns, Reaching safepoint: 1065292 ns, At safepoint: 28458 ns, Total: 1093750 ns
[2023-07-17T15:08:57.312+0000][1][safepoint    ] Safepoint "Cleanup", Time since last: 1000559501 ns, Reaching safepoint: 1174458 ns, At safepoint: 24333 ns, Total: 1198791 ns
[2023-07-17T15:08:58.314+0000][1][safepoint    ] Safepoint "Cleanup", Time since last: 1000746542 ns, Reaching safepoint: 1230917 ns, At safepoint: 27542 ns, Total: 1258459 ns
[2023-07-17T15:08:59.318+0000][1][safepoint    ] Safepoint "Cleanup", Time since last: 1002373917 ns, Reaching safepoint: 1758750 ns, At safepoint: 46542 ns, Total: 1805292 ns
[2023-07-17T15:09:00.320+0000][1][safepoint    ] Safepoint "Cleanup", Time since last: 1000800083 ns, Reaching safepoint: 706500 ns, At safepoint: 18084 ns, Total: 724584 ns
[2023-07-17T15:09:00.487+0000][1][safepoint    ] Safepoint "BulkRevokeBias", Time since last: 161687791 ns, Reaching safepoint: 2429500 ns, At safepoint: 2624959 ns, Total: 5054459 ns
[2023-07-17T15:09:01.490+0000][1][safepoint    ] Safepoint "Cleanup", Time since last: 1000744000 ns, Reaching safepoint: 2127917 ns, At safepoint: 51667 ns, Total: 2179584 ns
[2023-07-17T15:09:02.495+0000][1][safepoint    ] Safepoint "Cleanup", Time since last: 1002222292 ns, Reaching safepoint: 3404708 ns, At safepoint: 85625 ns, Total: 3490333 ns
[2023-07-17T15:09:03.501+0000][1][safepoint    ] Safepoint "Cleanup", Time since last: 1003528167 ns, Reaching safepoint: 2077292 ns, At safepoint: 66458 ns, Total: 2143750 ns
[2023-07-17T15:09:04.504+0000][1][safepoint    ] Safepoint "Cleanup", Time since last: 1001104376 ns, Reaching safepoint: 1767041 ns, At safepoint: 61500 ns, Total: 1828541 ns
[2023-07-17T15:09:05.509+0000][1][safepoint    ] Safepoint "Cleanup", Time since last: 1001791334 ns, Reaching safepoint: 3135417 ns, At safepoint: 78500 ns, Total: 3213917 ns
[2023-07-17T15:09:06.513+0000][1][safepoint    ] Safepoint "Cleanup", Time since last: 1001301417 ns, Reaching safepoint: 2163833 ns, At safepoint: 62125 ns, Total: 2225958 ns
[2023-07-17T15:09:07.517+0000][1][safepoint    ] Safepoint "Cleanup", Time since last: 1002647292 ns, Reaching safepoint: 2113792 ns, At safepoint: 64625 ns, Total: 2178417 ns
[2023-07-17T15:09:08.519+0000][1][safepoint    ] Safepoint "Cleanup", Time since last: 1000745917 ns, Reaching safepoint: 1229042 ns, At safepoint: 25917 ns, Total: 1254959 ns
[2023-07-17T15:09:09.522+0000][1][safepoint    ] Safepoint "Cleanup", Time since last: 1000549833 ns, Reaching safepoint: 1563625 ns, At safepoint: 39750 ns, Total: 1603375 ns
[2023-07-17T15:09:10.524+0000][1][safepoint    ] Safepoint "Cleanup", Time since last: 1000920251 ns, Reaching safepoint: 1661208 ns, At safepoint: 24875 ns, Total: 1686083 ns
[2023-07-17T15:09:11.533+0000][1][safepoint    ] Safepoint "Cleanup", Time since last: 1001354251 ns, Reaching safepoint: 7007458 ns, At safepoint: 118333 ns, Total: 7125791 ns
[2023-07-17T15:09:12.535+0000][1][safepoint    ] Safepoint "Cleanup", Time since last: 1002263251 ns, Reaching safepoint: 1643000 ns, At safepoint: 60000 ns, Total: 1703000 ns
[2023-07-17T15:09:13.537+0000][1][safepoint    ] Safepoint "Cleanup", Time since last: 1000922625 ns, Reaching safepoint: 1294208 ns, At safepoint: 23292 ns, Total: 1317500 ns
[2023-07-17T15:09:14.539+0000][1][safepoint    ] Safepoint "Cleanup", Time since last: 1001319042 ns, Reaching safepoint: 754334 ns, At safepoint: 17916 ns, Total: 772250 ns
[2023-07-17T15:09:15.541+0000][1][safepoint    ] Safepoint "Cleanup", Time since last: 1000506292 ns, Reaching safepoint: 1307209 ns, At safepoint: 24875 ns, Total: 1332084 ns
[2023-07-17T15:09:16.544+0000][1][safepoint    ] Safepoint "Cleanup", Time since last: 1000604417 ns, Reaching safepoint: 2078875 ns, At safepoint: 69125 ns, Total: 2148000 ns
[2023-07-17T15:09:17.546+0000][1][safepoint    ] Safepoint "Cleanup", Time since last: 1001309209 ns, Reaching safepoint: 1138875 ns, At safepoint: 21000 ns, Total: 1159875 ns
[2023-07-17T15:09:18.550+0000][1][safepoint    ] Safepoint "Cleanup", Time since last: 1000960708 ns, Reaching safepoint: 2489417 ns, At safepoint: 122042 ns, Total: 2611459 ns
[2023-07-17T15:09:19.553+0000][1][safepoint    ] Safepoint "Cleanup", Time since last: 1000826667 ns, Reaching safepoint: 2356792 ns, At safepoint: 59166 ns, Total: 2415958 ns
[2023-07-17T15:09:20.488+0000][1][safepoint    ] Safepoint "RevokeBias", Time since last: 932541042 ns, Reaching safepoint: 1847417 ns, At safepoint: 493167 ns, Total: 2340584 ns
[2023-07-17T15:09:21.493+0000][1][safepoint    ] Safepoint "Cleanup", Time since last: 1000622417 ns, Reaching safepoint: 4363875 ns, At safepoint: 77958 ns, Total: 4441833 ns
[2023-07-17T15:09:22.501+0000][1][safepoint    ] Safepoint "Cleanup", Time since last: 1006313417 ns, Reaching safepoint: 2007584 ns, At safepoint: 69291 ns, Total: 2076875 ns
[2023-07-17T15:09:23.503+0000][1][safepoint    ] Safepoint "Cleanup", Time since last: 1000737167 ns, Reaching safepoint: 752834 ns, At safepoint: 13875 ns, Total: 766709 ns
[2023-07-17T15:09:24.507+0000][1][safepoint    ] Safepoint "Cleanup", Time since last: 1001574000 ns, Reaching safepoint: 2758750 ns, At safepoint: 79750 ns, Total: 2838500 ns
[2023-07-17T15:09:25.510+0000][1][safepoint    ] Safepoint "Cleanup", Time since last: 1001340417 ns, Reaching safepoint: 967209 ns, At safepoint: 23250 ns, Total: 990459 ns
[2023-07-17T15:09:26.512+0000][1][safepoint    ] Safepoint "Cleanup", Time since last: 1001069542 ns, Reaching safepoint: 1748958 ns, At safepoint: 33292 ns, Total: 1782250 ns
[2023-07-17T15:09:27.516+0000][1][safepoint    ] Safepoint "Cleanup", Time since last: 1000561875 ns, Reaching safepoint: 2583709 ns, At safepoint: 71375 ns, Total: 2655084 ns
[2023-07-17T15:09:28.517+0000][1][safepoint    ] Safepoint "Cleanup", Time since last: 1000905542 ns, Reaching safepoint: 842542 ns, At safepoint: 46375 ns, Total: 888917 ns
[2023-07-17T15:09:29.431+0000][1][gc,start     ] GC(21) Pause Young (Allocation Failure)
[2023-07-17T15:09:29.434+0000][1][gc,task      ] GC(21) Using 4 workers of 4 for evacuation
[2023-07-17T15:09:29.522+0000][1][gc,age       ] GC(21) Desired survivor size 8945664 bytes, new threshold 6 (max threshold 6)
[2023-07-17T15:09:29.523+0000][1][gc,age       ] GC(21) Age table with threshold 6 (max threshold 6)
[2023-07-17T15:09:29.523+0000][1][gc,age       ] GC(21) - age   1:     257272 bytes,     257272 total
[2023-07-17T15:09:29.523+0000][1][gc,age       ] GC(21) - age   2:      42136 bytes,     299408 total
[2023-07-17T15:09:29.523+0000][1][gc,age       ] GC(21) - age   3:      59232 bytes,     358640 total
[2023-07-17T15:09:29.523+0000][1][gc,age       ] GC(21) - age   4:     335384 bytes,     694024 total
[2023-07-17T15:09:29.523+0000][1][gc,age       ] GC(21) - age   5:    3040592 bytes,    3734616 total
[2023-07-17T15:09:29.524+0000][1][gc,age       ] GC(21) - age   6:    4323488 bytes,    8058104 total
[2023-07-17T15:09:29.525+0000][1][gc,heap      ] GC(21) ParNew: 153390K->12091K(157248K)
[2023-07-17T15:09:29.525+0000][1][gc,heap      ] GC(21) CMS: 61190K->61190K(349568K)
[2023-07-17T15:09:29.525+0000][1][gc,metaspace ] GC(21) Metaspace: 88285K->88285K(1130496K)
[2023-07-17T15:09:29.526+0000][1][gc           ] GC(21) Pause Young (Allocation Failure) 209M->71M(494M) 95.366ms
[2023-07-17T15:09:29.527+0000][1][gc,cpu       ] GC(21) User=0.18s Sys=0.02s Real=0.09s
[2023-07-17T15:09:29.527+0000][1][safepoint    ] Safepoint "GenCollectForAllocation", Time since last: 911365333 ns, Reaching safepoint: 1618667 ns, At safepoint: 96532708 ns, Total: 98151375 ns
[2023-07-17T15:09:30.529+0000][1][safepoint    ] Safepoint "Cleanup", Time since last: 1000241459 ns, Reaching safepoint: 1691958 ns, At safepoint: 36584 ns, Total: 1728542 ns
[2023-07-17T15:09:30.546+0000][1][safepoint    ] Safepoint "RevokeBias", Time since last: 14929458 ns, Reaching safepoint: 1808750 ns, At safepoint: 447167 ns, Total: 2255917 ns
[2023-07-17T15:09:31.551+0000][1][safepoint    ] Safepoint "Cleanup", Time since last: 1001902375 ns, Reaching safepoint: 2383500 ns, At safepoint: 71709 ns, Total: 2455209 ns
[2023-07-17T15:09:32.554+0000][1][safepoint    ] Safepoint "Cleanup", Time since last: 1000893917 ns, Reaching safepoint: 2275625 ns, At safepoint: 93625 ns, Total: 2369250 ns
[2023-07-17T15:09:33.557+0000][1][safepoint    ] Safepoint "Cleanup", Time since last: 1001957042 ns, Reaching safepoint: 1437875 ns, At safepoint: 24708 ns, Total: 1462583 ns
[2023-07-17T15:09:34.563+0000][1][safepoint    ] Safepoint "Cleanup", Time since last: 1000820001 ns, Reaching safepoint: 4447666 ns, At safepoint: 121584 ns, Total: 4569250 ns
[2023-07-17T15:09:35.565+0000][1][safepoint    ] Safepoint "Cleanup", Time since last: 1001118917 ns, Reaching safepoint: 1675958 ns, At safepoint: 53000 ns, Total: 1728958 ns
[2023-07-17T15:09:36.567+0000][1][safepoint    ] Safepoint "Cleanup", Time since last: 1000909959 ns, Reaching safepoint: 1009750 ns, At safepoint: 28250 ns, Total: 1038000 ns
[2023-07-17T15:09:37.570+0000][1][safepoint    ] Safepoint "Cleanup", Time since last: 1000934834 ns, Reaching safepoint: 1734708 ns, At safepoint: 56459 ns, Total: 1791167 ns
[2023-07-17T15:09:38.572+0000][1][safepoint    ] Safepoint "Cleanup", Time since last: 1001151417 ns, Reaching safepoint: 974875 ns, At safepoint: 22791 ns, Total: 997666 ns
[2023-07-17T15:09:39.574+0000][1][safepoint    ] Safepoint "Cleanup", Time since last: 1000746542 ns, Reaching safepoint: 1357542 ns, At safepoint: 27667 ns, Total: 1385209 ns
[2023-07-17T15:09:40.505+0000][1][safepoint    ] Safepoint "RevokeBias", Time since last: 928853042 ns, Reaching safepoint: 1868125 ns, At safepoint: 385917 ns, Total: 2254042 ns
[2023-07-17T15:09:41.509+0000][1][safepoint    ] Safepoint "Cleanup", Time since last: 1000626667 ns, Reaching safepoint: 2170166 ns, At safepoint: 101417 ns, Total: 2271583 ns
[2023-07-17T15:09:42.517+0000][1][safepoint    ] Safepoint "Cleanup", Time since last: 1002100041 ns, Reaching safepoint: 4748292 ns, At safepoint: 135333 ns, Total: 4883625 ns
[2023-07-17T15:09:43.520+0000][1][safepoint    ] Safepoint "Cleanup", Time since last: 1001336334 ns, Reaching safepoint: 1537250 ns, At safepoint: 26167 ns, Total: 1563417 ns
[2023-07-17T15:09:44.125+0000][1][safepoint    ] Safepoint "RevokeBias", Time since last: 604650917 ns, Reaching safepoint: 740833 ns, At safepoint: 77167 ns, Total: 818000 ns
[2023-07-17T15:09:44.127+0000][1][safepoint    ] Safepoint "RevokeBias", Time since last: 1234416 ns, Reaching safepoint: 513917 ns, At safepoint: 117542 ns, Total: 631459 ns
[2023-07-17T15:09:44.131+0000][1][safepoint    ] Safepoint "RevokeBias", Time since last: 2511458 ns, Reaching safepoint: 861625 ns, At safepoint: 72583 ns, Total: 934208 ns
[2023-07-17T15:09:44.170+0000][1][safepoint    ] Safepoint "RevokeBias", Time since last: 38890750 ns, Reaching safepoint: 884834 ns, At safepoint: 102333 ns, Total: 987167 ns
[2023-07-17T15:09:44.173+0000][1][safepoint    ] Safepoint "RevokeBias", Time since last: 1629333 ns, Reaching safepoint: 556792 ns, At safepoint: 63458 ns, Total: 620250 ns
[2023-07-17T15:09:45.175+0000][1][safepoint    ] Safepoint "Cleanup", Time since last: 1001650209 ns, Reaching safepoint: 1161042 ns, At safepoint: 27500 ns, Total: 1188542 ns
[2023-07-17T15:09:46.177+0000][1][safepoint    ] Safepoint "Cleanup", Time since last: 1000429750 ns, Reaching safepoint: 876292 ns, At safepoint: 19625 ns, Total: 895917 ns
[2023-07-17T15:09:47.181+0000][1][safepoint    ] Safepoint "Cleanup", Time since last: 1001310625 ns, Reaching safepoint: 2956250 ns, At safepoint: 95125 ns, Total: 3051375 ns
[2023-07-17T15:09:48.185+0000][1][safepoint    ] Safepoint "Cleanup", Time since last: 1001280418 ns, Reaching safepoint: 2004958 ns, At safepoint: 52667 ns, Total: 2057625 ns
[2023-07-17T15:09:49.189+0000][1][safepoint    ] Safepoint "Cleanup", Time since last: 1001015500 ns, Reaching safepoint: 2981625 ns, At safepoint: 79958 ns, Total: 3061583 ns
[2023-07-17T15:09:50.191+0000][1][safepoint    ] Safepoint "Cleanup", Time since last: 1001284668 ns, Reaching safepoint: 984875 ns, At safepoint: 27125 ns, Total: 1012000 ns
[2023-07-17T15:09:50.522+0000][1][safepoint    ] Safepoint "RevokeBias", Time since last: 328415875 ns, Reaching safepoint: 1905791 ns, At safepoint: 434750 ns, Total: 2340541 ns
[2023-07-17T15:09:51.524+0000][1][safepoint    ] Safepoint "Cleanup", Time since last: 1000399709 ns, Reaching safepoint: 1628875 ns, At safepoint: 63667 ns, Total: 1692542 ns
[2023-07-17T15:09:52.530+0000][1][safepoint    ] Safepoint "Cleanup", Time since last: 1001866792 ns, Reaching safepoint: 3978042 ns, At safepoint: 107666 ns, Total: 4085708 ns
[2023-07-17T15:09:53.534+0000][1][safepoint    ] Safepoint "Cleanup", Time since last: 1001498084 ns, Reaching safepoint: 2321792 ns, At safepoint: 68250 ns, Total: 2390042 ns
[2023-07-17T15:09:54.536+0000][1][safepoint    ] Safepoint "Cleanup", Time since last: 1000762292 ns, Reaching safepoint: 1751625 ns, At safepoint: 40750 ns, Total: 1792375 ns
[2023-07-17T15:09:55.539+0000][1][safepoint    ] Safepoint "Cleanup", Time since last: 1000749542 ns, Reaching safepoint: 1778167 ns, At safepoint: 36458 ns, Total: 1814625 ns
[2023-07-17T15:09:56.540+0000][1][safepoint    ] Safepoint "Cleanup", Time since last: 1000806167 ns, Reaching safepoint: 637042 ns, At safepoint: 18792 ns, Total: 655834 ns
[2023-07-17T15:09:57.543+0000][1][safepoint    ] Safepoint "Cleanup", Time since last: 1000680167 ns, Reaching safepoint: 1727000 ns, At safepoint: 32375 ns, Total: 1759375 ns
[2023-07-17T15:09:58.546+0000][1][safepoint    ] Safepoint "Cleanup", Time since last: 1000611500 ns, Reaching safepoint: 2803709 ns, At safepoint: 93708 ns, Total: 2897417 ns
[2023-07-17T15:09:59.551+0000][1][safepoint    ] Safepoint "Cleanup", Time since last: 1001565125 ns, Reaching safepoint: 3138125 ns, At safepoint: 100459 ns, Total: 3238584 ns
[2023-07-17T15:10:00.502+0000][1][safepoint    ] Safepoint "RevokeBias", Time since last: 949223833 ns, Reaching safepoint: 1859417 ns, At safepoint: 449792 ns, Total: 2309209 ns
[2023-07-17T15:10:01.505+0000][1][safepoint    ] Safepoint "Cleanup", Time since last: 1000768042 ns, Reaching safepoint: 2092417 ns, At safepoint: 46791 ns, Total: 2139208 ns
[2023-07-17T15:10:02.509+0000][1][safepoint    ] Safepoint "Cleanup", Time since last: 1001460334 ns, Reaching safepoint: 1853375 ns, At safepoint: 45667 ns, Total: 1899042 ns
[2023-07-17T15:10:03.513+0000][1][safepoint    ] Safepoint "Cleanup", Time since last: 1001045917 ns, Reaching safepoint: 3576542 ns, At safepoint: 83583 ns, Total: 3660125 ns
[2023-07-17T15:10:04.519+0000][1][safepoint    ] Safepoint "Cleanup", Time since last: 1002583375 ns, Reaching safepoint: 2676084 ns, At safepoint: 81625 ns, Total: 2757709 ns
[2023-07-17T15:10:05.521+0000][1][safepoint    ] Safepoint "Cleanup", Time since last: 1001140542 ns, Reaching safepoint: 598500 ns, At safepoint: 18542 ns, Total: 617042 ns
[2023-07-17T15:10:06.525+0000][1][safepoint    ] Safepoint "Cleanup", Time since last: 1000469125 ns, Reaching safepoint: 3447250 ns, At safepoint: 65333 ns, Total: 3512583 ns
[2023-07-17T15:10:07.532+0000][1][safepoint    ] Safepoint "Cleanup", Time since last: 1002052542 ns, Reaching safepoint: 5506334 ns, At safepoint: 93416 ns, Total: 5599750 ns
[2023-07-17T15:10:08.534+0000][1][safepoint    ] Safepoint "Cleanup", Time since last: 1001356334 ns, Reaching safepoint: 908625 ns, At safepoint: 18834 ns, Total: 927459 ns
[2023-07-17T15:10:09.536+0000][1][safepoint    ] Safepoint "Cleanup", Time since last: 1000639083 ns, Reaching safepoint: 1338500 ns, At safepoint: 25125 ns, Total: 1363625 ns
[2023-07-17T15:10:10.538+0000][1][safepoint    ] Safepoint "Cleanup", Time since last: 1000536168 ns, Reaching safepoint: 780375 ns, At safepoint: 27000 ns, Total: 807375 ns
[2023-07-17T15:10:10.554+0000][1][safepoint    ] Safepoint "RevokeBias", Time since last: 13185958 ns, Reaching safepoint: 2535000 ns, At safepoint: 795500 ns, Total: 3330500 ns
[2023-07-17T15:10:11.558+0000][1][safepoint    ] Safepoint "Cleanup", Time since last: 1000568834 ns, Reaching safepoint: 3345875 ns, At safepoint: 136250 ns, Total: 3482125 ns
[2023-07-17T15:10:12.563+0000][1][safepoint    ] Safepoint "Cleanup", Time since last: 1002001458 ns, Reaching safepoint: 2541333 ns, At safepoint: 89209 ns, Total: 2630542 ns
[2023-07-17T15:10:13.567+0000][1][safepoint    ] Safepoint "Cleanup", Time since last: 1002259000 ns, Reaching safepoint: 1325292 ns, At safepoint: 19333 ns, Total: 1344625 ns
[2023-07-17T15:10:14.569+0000][1][safepoint    ] Safepoint "Cleanup", Time since last: 1001168334 ns, Reaching safepoint: 1095542 ns, At safepoint: 28250 ns, Total: 1123792 ns
[2023-07-17T15:10:15.571+0000][1][safepoint    ] Safepoint "Cleanup", Time since last: 1000863000 ns, Reaching safepoint: 1088417 ns, At safepoint: 25416 ns, Total: 1113833 ns
[2023-07-17T15:10:16.575+0000][1][safepoint    ] Safepoint "Cleanup", Time since last: 1001666501 ns, Reaching safepoint: 2633583 ns, At safepoint: 69209 ns, Total: 2702792 ns
[2023-07-17T15:10:17.579+0000][1][safepoint    ] Safepoint "Cleanup", Time since last: 1001302958 ns, Reaching safepoint: 2374167 ns, At safepoint: 68167 ns, Total: 2442334 ns
[2023-07-17T15:10:18.587+0000][1][safepoint    ] Safepoint "Cleanup", Time since last: 1006018667 ns, Reaching safepoint: 2105833 ns, At safepoint: 85125 ns, Total: 2190958 ns
[2023-07-17T15:10:19.590+0000][1][safepoint    ] Safepoint "Cleanup", Time since last: 1002284709 ns, Reaching safepoint: 729792 ns, At safepoint: 20458 ns, Total: 750250 ns
[2023-07-17T15:10:20.592+0000][1][safepoint    ] Safepoint "Cleanup", Time since last: 1000409959 ns, Reaching safepoint: 1644666 ns, At safepoint: 34917 ns, Total: 1679583 ns
[2023-07-17T15:10:21.594+0000][1][safepoint    ] Safepoint "Cleanup", Time since last: 1000837834 ns, Reaching safepoint: 1157750 ns, At safepoint: 24833 ns, Total: 1182583 ns
[2023-07-17T15:10:22.599+0000][1][safepoint    ] Safepoint "Cleanup", Time since last: 1000790292 ns, Reaching safepoint: 4070042 ns, At safepoint: 113917 ns, Total: 4183959 ns
[2023-07-17T15:10:23.603+0000][1][safepoint    ] Safepoint "Cleanup", Time since last: 1001720459 ns, Reaching safepoint: 1844625 ns, At safepoint: 60916 ns, Total: 1905541 ns
[2023-07-17T15:10:24.607+0000][1][safepoint    ] Safepoint "Cleanup", Time since last: 1001221084 ns, Reaching safepoint: 2427542 ns, At safepoint: 67125 ns, Total: 2494667 ns
[2023-07-17T15:10:25.610+0000][1][safepoint    ] Safepoint "Cleanup", Time since last: 1000882500 ns, Reaching safepoint: 2543208 ns, At safepoint: 64500 ns, Total: 2607708 ns
[2023-07-17T15:10:26.616+0000][1][safepoint    ] Safepoint "Cleanup", Time since last: 1002971459 ns, Reaching safepoint: 3238459 ns, At safepoint: 80875 ns, Total: 3319334 ns
[2023-07-17T15:10:27.620+0000][1][safepoint    ] Safepoint "Cleanup", Time since last: 1001969875 ns, Reaching safepoint: 1260958 ns, At safepoint: 26792 ns, Total: 1287750 ns
[2023-07-17T15:10:28.624+0000][1][safepoint    ] Safepoint "Cleanup", Time since last: 1002075834 ns, Reaching safepoint: 2454542 ns, At safepoint: 62833 ns, Total: 2517375 ns
[2023-07-17T15:10:29.628+0000][1][safepoint    ] Safepoint "Cleanup", Time since last: 1001191417 ns, Reaching safepoint: 2749833 ns, At safepoint: 92834 ns, Total: 2842667 ns
[2023-07-17T15:10:30.498+0000][1][safepoint    ] Safepoint "RevokeBias", Time since last: 867275583 ns, Reaching safepoint: 1784375 ns, At safepoint: 399875 ns, Total: 2184250 ns
[2023-07-17T15:10:31.500+0000][1][safepoint    ] Safepoint "Cleanup", Time since last: 1000773126 ns, Reaching safepoint: 1788000 ns, At safepoint: 68458 ns, Total: 1856458 ns
[2023-07-17T15:10:32.504+0000][1][safepoint    ] Safepoint "Cleanup", Time since last: 1001593042 ns, Reaching safepoint: 1625084 ns, At safepoint: 42500 ns, Total: 1667584 ns
[2023-07-17T15:10:33.507+0000][1][safepoint    ] Safepoint "Cleanup", Time since last: 1001000459 ns, Reaching safepoint: 1840875 ns, At safepoint: 44375 ns, Total: 1885250 ns
[2023-07-17T15:10:34.512+0000][1][safepoint    ] Safepoint "Cleanup", Time since last: 1002234167 ns, Reaching safepoint: 2719958 ns, At safepoint: 80417 ns, Total: 2800375 ns
[2023-07-17T15:10:35.519+0000][1][safepoint    ] Safepoint "Cleanup", Time since last: 1001781834 ns, Reaching safepoint: 6018666 ns, At safepoint: 62500 ns, Total: 6081166 ns
[2023-07-17T15:10:36.522+0000][1][safepoint    ] Safepoint "Cleanup", Time since last: 1000893459 ns, Reaching safepoint: 1239458 ns, At safepoint: 24167 ns, Total: 1263625 ns
[2023-07-17T15:10:37.525+0000][1][safepoint    ] Safepoint "Cleanup", Time since last: 1001260542 ns, Reaching safepoint: 2468542 ns, At safepoint: 61083 ns, Total: 2529625 ns
[2023-07-17T15:10:38.529+0000][1][safepoint    ] Safepoint "Cleanup", Time since last: 1001800459 ns, Reaching safepoint: 2049375 ns, At safepoint: 105500 ns, Total: 2154875 ns
[2023-07-17T15:10:39.532+0000][1][safepoint    ] Safepoint "Cleanup", Time since last: 1001314792 ns, Reaching safepoint: 1105417 ns, At safepoint: 23875 ns, Total: 1129292 ns
[2023-07-17T15:10:40.534+0000][1][safepoint    ] Safepoint "Cleanup", Time since last: 1000658584 ns, Reaching safepoint: 1311833 ns, At safepoint: 27417 ns, Total: 1339250 ns
[2023-07-17T15:10:41.536+0000][1][safepoint    ] Safepoint "Cleanup", Time since last: 1000550000 ns, Reaching safepoint: 2063792 ns, At safepoint: 62708 ns, Total: 2126500 ns
[2023-07-17T15:10:42.540+0000][1][safepoint    ] Safepoint "Cleanup", Time since last: 1001139250 ns, Reaching safepoint: 2042667 ns, At safepoint: 39750 ns, Total: 2082417 ns
[2023-07-17T15:10:43.542+0000][1][safepoint    ] Safepoint "Cleanup", Time since last: 1000639792 ns, Reaching safepoint: 1347375 ns, At safepoint: 19125 ns, Total: 1366500 ns
[2023-07-17T15:10:44.544+0000][1][safepoint    ] Safepoint "Cleanup", Time since last: 1000779876 ns, Reaching safepoint: 1240000 ns, At safepoint: 19625 ns, Total: 1259625 ns
[2023-07-17T15:10:45.127+0000][1][safepoint    ] Safepoint "RevokeBias", Time since last: 582396333 ns, Reaching safepoint: 860625 ns, At safepoint: 132208 ns, Total: 992833 ns
[2023-07-17T15:10:45.132+0000][1][safepoint    ] Safepoint "RevokeBias", Time since last: 1825959 ns, Reaching safepoint: 852500 ns, At safepoint: 1982125 ns, Total: 2834625 ns
[2023-07-17T15:10:45.133+0000][1][safepoint    ] Safepoint "RevokeBias", Time since last: 664875 ns, Reaching safepoint: 1084875 ns, At safepoint: 67041 ns, Total: 1151916 ns
[2023-07-17T15:10:45.178+0000][1][safepoint    ] Safepoint "RevokeBias", Time since last: 43434626 ns, Reaching safepoint: 814958 ns, At safepoint: 115792 ns, Total: 930750 ns
[2023-07-17T15:10:45.182+0000][1][safepoint    ] Safepoint "BulkRevokeBias", Time since last: 1244708 ns, Reaching safepoint: 693083 ns, At safepoint: 2664667 ns, Total: 3357750 ns
[2023-07-17T15:10:45.187+0000][1][safepoint    ] Safepoint "RevokeBias", Time since last: 3176375 ns, Reaching safepoint: 798333 ns, At safepoint: 93709 ns, Total: 892042 ns
[2023-07-17T15:10:46.190+0000][1][safepoint    ] Safepoint "Cleanup", Time since last: 1000584875 ns, Reaching safepoint: 3030083 ns, At safepoint: 189292 ns, Total: 3219375 ns
[2023-07-17T15:10:47.195+0000][1][safepoint    ] Safepoint "Cleanup", Time since last: 1001697834 ns, Reaching safepoint: 2369500 ns, At safepoint: 69750 ns, Total: 2439250 ns
[2023-07-17T15:10:48.200+0000][1][safepoint    ] Safepoint "Cleanup", Time since last: 1000967750 ns, Reaching safepoint: 4000250 ns, At safepoint: 85209 ns, Total: 4085459 ns
[2023-07-17T15:10:49.204+0000][1][safepoint    ] Safepoint "Cleanup", Time since last: 1001726667 ns, Reaching safepoint: 2202333 ns, At safepoint: 60833 ns, Total: 2263166 ns
[2023-07-17T15:10:50.207+0000][1][safepoint    ] Safepoint "Cleanup", Time since last: 1001757959 ns, Reaching safepoint: 1884084 ns, At safepoint: 83541 ns, Total: 1967625 ns
[2023-07-17T15:10:50.544+0000][1][safepoint    ] Safepoint "RevokeBias", Time since last: 334827375 ns, Reaching safepoint: 1774500 ns, At safepoint: 410125 ns, Total: 2184625 ns
[2023-07-17T15:10:51.546+0000][1][safepoint    ] Safepoint "Cleanup", Time since last: 1000508251 ns, Reaching safepoint: 1083042 ns, At safepoint: 23541 ns, Total: 1106583 ns
[2023-07-17T15:10:52.551+0000][1][safepoint    ] Safepoint "Cleanup", Time since last: 1000844084 ns, Reaching safepoint: 4583542 ns, At safepoint: 75125 ns, Total: 4658667 ns
[2023-07-17T15:10:53.554+0000][1][safepoint    ] Safepoint "Cleanup", Time since last: 1000771542 ns, Reaching safepoint: 1612625 ns, At safepoint: 40041 ns, Total: 1652666 ns
[2023-07-17T15:10:54.557+0000][1][safepoint    ] Safepoint "Cleanup", Time since last: 1000811376 ns, Reaching safepoint: 2485292 ns, At safepoint: 60291 ns, Total: 2545583 ns
[2023-07-17T15:10:55.564+0000][1][safepoint    ] Safepoint "Cleanup", Time since last: 1001941709 ns, Reaching safepoint: 4487083 ns, At safepoint: 92709 ns, Total: 4579792 ns
[2023-07-17T15:10:56.578+0000][1][safepoint    ] Safepoint "Cleanup", Time since last: 1004211834 ns, Reaching safepoint: 4227541 ns, At safepoint: 5411125 ns, Total: 9638666 ns
[2023-07-17T15:10:57.581+0000][1][safepoint    ] Safepoint "Cleanup", Time since last: 1001409709 ns, Reaching safepoint: 2399333 ns, At safepoint: 128750 ns, Total: 2528083 ns
[2023-07-17T15:10:58.584+0000][1][safepoint    ] Safepoint "Cleanup", Time since last: 1001043876 ns, Reaching safepoint: 1833792 ns, At safepoint: 53666 ns, Total: 1887458 ns
[2023-07-17T15:10:59.588+0000][1][safepoint    ] Safepoint "Cleanup", Time since last: 1000952042 ns, Reaching safepoint: 2410667 ns, At safepoint: 64542 ns, Total: 2475209 ns
[2023-07-17T15:11:00.544+0000][1][safepoint    ] Safepoint "RevokeBias", Time since last: 953577458 ns, Reaching safepoint: 1891417 ns, At safepoint: 414167 ns, Total: 2305584 ns
[2023-07-17T15:11:01.548+0000][1][safepoint    ] Safepoint "Cleanup", Time since last: 1001455917 ns, Reaching safepoint: 2275333 ns, At safepoint: 55834 ns, Total: 2331167 ns
[2023-07-17T15:11:02.551+0000][1][safepoint    ] Safepoint "Cleanup", Time since last: 1001738792 ns, Reaching safepoint: 1730125 ns, At safepoint: 64291 ns, Total: 1794416 ns
[2023-07-17T15:11:03.555+0000][1][safepoint    ] Safepoint "Cleanup", Time since last: 1001238251 ns, Reaching safepoint: 2587083 ns, At safepoint: 73875 ns, Total: 2660958 ns
[2023-07-17T15:11:04.557+0000][1][safepoint    ] Safepoint "Cleanup", Time since last: 1001150292 ns, Reaching safepoint: 1318167 ns, At safepoint: 41333 ns, Total: 1359500 ns
[2023-07-17T15:11:05.560+0000][1][safepoint    ] Safepoint "Cleanup", Time since last: 1000614918 ns, Reaching safepoint: 2337791 ns, At safepoint: 61709 ns, Total: 2399500 ns
[2023-07-17T15:11:06.565+0000][1][safepoint    ] Safepoint "Cleanup", Time since last: 1001466208 ns, Reaching safepoint: 3320375 ns, At safepoint: 96667 ns, Total: 3417042 ns
[2023-07-17T15:11:07.569+0000][1][safepoint    ] Safepoint "Cleanup", Time since last: 1001810209 ns, Reaching safepoint: 2176125 ns, At safepoint: 66583 ns, Total: 2242708 ns
[2023-07-17T15:11:08.572+0000][1][safepoint    ] Safepoint "Cleanup", Time since last: 1000942459 ns, Reaching safepoint: 1804333 ns, At safepoint: 40250 ns, Total: 1844583 ns
[2023-07-17T15:11:09.575+0000][1][safepoint    ] Safepoint "Cleanup", Time since last: 1002302792 ns, Reaching safepoint: 685334 ns, At safepoint: 33250 ns, Total: 718584 ns
[2023-07-17T15:11:10.542+0000][1][safepoint    ] Safepoint "RevokeBias", Time since last: 964646209 ns, Reaching safepoint: 1834833 ns, At safepoint: 383583 ns, Total: 2218416 ns
[2023-07-17T15:11:11.544+0000][1][safepoint    ] Safepoint "Cleanup", Time since last: 1000482334 ns, Reaching safepoint: 1320583 ns, At safepoint: 30209 ns, Total: 1350792 ns
[2023-07-17T15:11:12.549+0000][1][safepoint    ] Safepoint "Cleanup", Time since last: 1001770166 ns, Reaching safepoint: 3359833 ns, At safepoint: 90500 ns, Total: 3450333 ns
[2023-07-17T15:11:13.552+0000][1][safepoint    ] Safepoint "Cleanup", Time since last: 1002163501 ns, Reaching safepoint: 1295333 ns, At safepoint: 20500 ns, Total: 1315833 ns
[2023-07-17T15:11:14.555+0000][1][safepoint    ] Safepoint "Cleanup", Time since last: 1000506376 ns, Reaching safepoint: 1715958 ns, At safepoint: 58625 ns, Total: 1774583 ns
[2023-07-17T15:11:15.557+0000][1][safepoint    ] Safepoint "Cleanup", Time since last: 1000812792 ns, Reaching safepoint: 1537208 ns, At safepoint: 32667 ns, Total: 1569875 ns
[2023-07-17T15:11:16.559+0000][1][safepoint    ] Safepoint "Cleanup", Time since last: 1001244834 ns, Reaching safepoint: 1165458 ns, At safepoint: 28000 ns, Total: 1193458 ns
[2023-07-17T15:11:17.575+0000][1][safepoint    ] Safepoint "Cleanup", Time since last: 1001437084 ns, Reaching safepoint: 8651208 ns, At safepoint: 459709 ns, Total: 9110917 ns
[2023-07-17T15:11:18.584+0000][1][safepoint    ] Safepoint "Cleanup", Time since last: 1012844208 ns, Reaching safepoint: 911959 ns, At safepoint: 23958 ns, Total: 935917 ns
[2023-07-17T15:11:19.586+0000][1][safepoint    ] Safepoint "Cleanup", Time since last: 1000561459 ns, Reaching safepoint: 1265333 ns, At safepoint: 44209 ns, Total: 1309542 ns
[2023-07-17T15:11:20.593+0000][1][safepoint    ] Safepoint "Cleanup", Time since last: 1000619958 ns, Reaching safepoint: 6481667 ns, At safepoint: 36792 ns, Total: 6518459 ns
[2023-07-17T15:11:20.755+0000][1][gc,start     ] GC(22) Pause Young (Allocation Failure)
[2023-07-17T15:11:20.757+0000][1][gc,task      ] GC(22) Using 4 workers of 4 for evacuation
[2023-07-17T15:11:20.835+0000][1][gc,age       ] GC(22) Desired survivor size 8945664 bytes, new threshold 6 (max threshold 6)
[2023-07-17T15:11:20.836+0000][1][gc,age       ] GC(22) Age table with threshold 6 (max threshold 6)
[2023-07-17T15:11:20.836+0000][1][gc,age       ] GC(22) - age   1:     108944 bytes,     108944 total
[2023-07-17T15:11:20.836+0000][1][gc,age       ] GC(22) - age   2:     130904 bytes,     239848 total
[2023-07-17T15:11:20.836+0000][1][gc,age       ] GC(22) - age   3:      42016 bytes,     281864 total
[2023-07-17T15:11:20.836+0000][1][gc,age       ] GC(22) - age   4:      59200 bytes,     341064 total
[2023-07-17T15:11:20.837+0000][1][gc,age       ] GC(22) - age   5:     335208 bytes,     676272 total
[2023-07-17T15:11:20.837+0000][1][gc,age       ] GC(22) - age   6:    2968040 bytes,    3644312 total
[2023-07-17T15:11:20.838+0000][1][gc,heap      ] GC(22) ParNew: 151867K->7111K(157248K)
[2023-07-17T15:11:20.838+0000][1][gc,heap      ] GC(22) CMS: 61190K->65516K(349568K)
[2023-07-17T15:11:20.838+0000][1][gc,metaspace ] GC(22) Metaspace: 88413K->88413K(1130496K)
[2023-07-17T15:11:20.839+0000][1][gc           ] GC(22) Pause Young (Allocation Failure) 208M->70M(494M) 83.921ms
[2023-07-17T15:11:20.839+0000][1][gc,cpu       ] GC(22) User=0.20s Sys=0.02s Real=0.08s
[2023-07-17T15:11:20.840+0000][1][safepoint    ] Safepoint "GenCollectForAllocation", Time since last: 160336916 ns, Reaching safepoint: 1640667 ns, At safepoint: 85068500 ns, Total: 86709167 ns
[2023-07-17T15:11:21.209+0000][1][safepoint    ] Safepoint "RevokeBias", Time since last: 367592834 ns, Reaching safepoint: 803208 ns, At safepoint: 651875 ns, Total: 1455083 ns
[2023-07-17T15:11:21.211+0000][1][safepoint    ] Safepoint "RevokeBias", Time since last: 1833625 ns, Reaching safepoint: 305792 ns, At safepoint: 329083 ns, Total: 634875 ns
[2023-07-17T15:11:21.354+0000][1][safepoint    ] Safepoint "RevokeBias", Time since last: 141827500 ns, Reaching safepoint: 1120792 ns, At safepoint: 132041 ns, Total: 1252833 ns
[2023-07-17T15:11:21.358+0000][1][safepoint    ] Safepoint "RevokeBias", Time since last: 2417834 ns, Reaching safepoint: 990416 ns, At safepoint: 92167 ns, Total: 1082583 ns
[2023-07-17T15:11:21.707+0000][1][safepoint    ] Safepoint "RevokeBias", Time since last: 348299667 ns, Reaching safepoint: 1195375 ns, At safepoint: 96000 ns, Total: 1291375 ns
[2023-07-17T15:11:21.749+0000][1][safepoint    ] Safepoint "RevokeBias", Time since last: 39886292 ns, Reaching safepoint: 1112750 ns, At safepoint: 104708 ns, Total: 1217458 ns
[2023-07-17T15:11:21.750+0000][1][safepoint    ] Safepoint "RevokeBias", Time since last: 702125 ns, Reaching safepoint: 365750 ns, At safepoint: 81375 ns, Total: 447125 ns
[2023-07-17T15:11:22.753+0000][1][safepoint    ] Safepoint "Cleanup", Time since last: 1000415125 ns, Reaching safepoint: 2433709 ns, At safepoint: 62541 ns, Total: 2496250 ns
[2023-07-17T15:11:23.757+0000][1][safepoint    ] Safepoint "Cleanup", Time since last: 1001211334 ns, Reaching safepoint: 2526209 ns, At safepoint: 60458 ns, Total: 2586667 ns
[2023-07-17T15:11:24.759+0000][1][safepoint    ] Safepoint "Cleanup", Time since last: 1001114834 ns, Reaching safepoint: 1768916 ns, At safepoint: 53250 ns, Total: 1822166 ns
[2023-07-17T15:11:25.766+0000][1][safepoint    ] Safepoint "Cleanup", Time since last: 1001612043 ns, Reaching safepoint: 4525625 ns, At safepoint: 123375 ns, Total: 4649000 ns
[2023-07-17T15:11:26.770+0000][1][safepoint    ] Safepoint "Cleanup", Time since last: 1002874333 ns, Reaching safepoint: 1342334 ns, At safepoint: 30791 ns, Total: 1373125 ns
[2023-07-17T15:11:27.775+0000][1][safepoint    ] Safepoint "Cleanup", Time since last: 1002451626 ns, Reaching safepoint: 2737000 ns, At safepoint: 87125 ns, Total: 2824125 ns
[2023-07-17T15:11:28.783+0000][1][safepoint    ] Safepoint "Cleanup", Time since last: 1003721375 ns, Reaching safepoint: 4262667 ns, At safepoint: 66083 ns, Total: 4328750 ns
[2023-07-17T15:11:29.785+0000][1][safepoint    ] Safepoint "Cleanup", Time since last: 1000874792 ns, Reaching safepoint: 1234709 ns, At safepoint: 32416 ns, Total: 1267125 ns
[2023-07-17T15:11:30.555+0000][1][safepoint    ] Safepoint "RevokeBias", Time since last: 767854168 ns, Reaching safepoint: 1783833 ns, At safepoint: 384042 ns, Total: 2167875 ns
[2023-07-17T15:11:31.559+0000][1][safepoint    ] Safepoint "Cleanup", Time since last: 1000560792 ns, Reaching safepoint: 3035750 ns, At safepoint: 87833 ns, Total: 3123583 ns
[2023-07-17T15:11:32.564+0000][1][safepoint    ] Safepoint "Cleanup", Time since last: 1001485125 ns, Reaching safepoint: 2876500 ns, At safepoint: 81250 ns, Total: 2957750 ns
[2023-07-17T15:11:33.566+0000][1][safepoint    ] Safepoint "Cleanup", Time since last: 1001576001 ns, Reaching safepoint: 1237750 ns, At safepoint: 20208 ns, Total: 1257958 ns
[2023-07-17T15:11:34.568+0000][1][safepoint    ] Safepoint "Cleanup", Time since last: 1000852917 ns, Reaching safepoint: 825709 ns, At safepoint: 18250 ns, Total: 843959 ns
[2023-07-17T15:11:35.571+0000][1][safepoint    ] Safepoint "Cleanup", Time since last: 1000411667 ns, Reaching safepoint: 2345833 ns, At safepoint: 52542 ns, Total: 2398375 ns
[2023-07-17T15:11:36.574+0000][1][safepoint    ] Safepoint "Cleanup", Time since last: 1000925500 ns, Reaching safepoint: 1825834 ns, At safepoint: 34500 ns, Total: 1860334 ns
[2023-07-17T15:11:37.577+0000][1][safepoint    ] Safepoint "Cleanup", Time since last: 1001852917 ns, Reaching safepoint: 1149542 ns, At safepoint: 23375 ns, Total: 1172917 ns
[2023-07-17T15:11:38.583+0000][1][safepoint    ] Safepoint "Cleanup", Time since last: 1000715500 ns, Reaching safepoint: 5415042 ns, At safepoint: 83708 ns, Total: 5498750 ns
[2023-07-17T15:11:39.589+0000][1][safepoint    ] Safepoint "Cleanup", Time since last: 1003264875 ns, Reaching safepoint: 2801667 ns, At safepoint: 89917 ns, Total: 2891584 ns
[2023-07-17T15:11:40.579+0000][1][safepoint    ] Safepoint "RevokeBias", Time since last: 987590584 ns, Reaching safepoint: 2193208 ns, At safepoint: 505708 ns, Total: 2698916 ns
[2023-07-17T15:11:41.586+0000][1][safepoint    ] Safepoint "Cleanup", Time since last: 1001164126 ns, Reaching safepoint: 5282458 ns, At safepoint: 109917 ns, Total: 5392375 ns
[2023-07-17T15:11:42.591+0000][1][safepoint    ] Safepoint "Cleanup", Time since last: 1001513083 ns, Reaching safepoint: 2969250 ns, At safepoint: 82334 ns, Total: 3051584 ns
[2023-07-17T15:11:43.594+0000][1][safepoint    ] Safepoint "Cleanup", Time since last: 1002125000 ns, Reaching safepoint: 1281750 ns, At safepoint: 18625 ns, Total: 1300375 ns
[2023-07-17T15:11:44.597+0000][1][safepoint    ] Safepoint "Cleanup", Time since last: 1000483459 ns, Reaching safepoint: 2440958 ns, At safepoint: 53334 ns, Total: 2494292 ns
[2023-07-17T15:11:45.600+0000][1][safepoint    ] Safepoint "Cleanup", Time since last: 1001652458 ns, Reaching safepoint: 1284959 ns, At safepoint: 14958 ns, Total: 1299917 ns
[2023-07-17T15:11:46.133+0000][1][safepoint    ] Safepoint "RevokeBias", Time since last: 531662250 ns, Reaching safepoint: 1344667 ns, At safepoint: 277542 ns, Total: 1622209 ns
[2023-07-17T15:11:46.149+0000][1][safepoint    ] Safepoint "RevokeBias", Time since last: 14047166 ns, Reaching safepoint: 1130417 ns, At safepoint: 356750 ns, Total: 1487167 ns
[2023-07-17T15:11:46.168+0000][1][safepoint    ] Safepoint "RevokeBias", Time since last: 18235125 ns, Reaching safepoint: 796958 ns, At safepoint: 98125 ns, Total: 895083 ns
[2023-07-17T15:11:46.169+0000][1][safepoint    ] Safepoint "RevokeBias", Time since last: 776375 ns, Reaching safepoint: 521125 ns, At safepoint: 59334 ns, Total: 580459 ns
[2023-07-17T15:11:46.174+0000][1][safepoint    ] Safepoint "RevokeBias", Time since last: 3182375 ns, Reaching safepoint: 964791 ns, At safepoint: 60250 ns, Total: 1025041 ns
[2023-07-17T15:11:47.179+0000][1][safepoint    ] Safepoint "Cleanup", Time since last: 1000434417 ns, Reaching safepoint: 4444542 ns, At safepoint: 144917 ns, Total: 4589459 ns
[2023-07-17T15:11:48.185+0000][1][safepoint    ] Safepoint "Cleanup", Time since last: 1003748500 ns, Reaching safepoint: 2311417 ns, At safepoint: 70250 ns, Total: 2381667 ns
[2023-07-17T15:11:49.190+0000][1][safepoint    ] Safepoint "Cleanup", Time since last: 1001525000 ns, Reaching safepoint: 3239042 ns, At safepoint: 86250 ns, Total: 3325292 ns
[2023-07-17T15:11:50.195+0000][1][safepoint    ] Safepoint "Cleanup", Time since last: 1001452251 ns, Reaching safepoint: 3831875 ns, At safepoint: 110500 ns, Total: 3942375 ns
[2023-07-17T15:11:50.568+0000][1][safepoint    ] Safepoint "RevokeBias", Time since last: 370776666 ns, Reaching safepoint: 1689500 ns, At safepoint: 390500 ns, Total: 2080000 ns
[2023-07-17T15:11:51.574+0000][1][safepoint    ] Safepoint "Cleanup", Time since last: 1001060126 ns, Reaching safepoint: 5021833 ns, At safepoint: 111375 ns, Total: 5133208 ns
[2023-07-17T15:11:52.578+0000][1][safepoint    ] Safepoint "Cleanup", Time since last: 1002314667 ns, Reaching safepoint: 1365375 ns, At safepoint: 27584 ns, Total: 1392959 ns
[2023-07-17T15:11:53.584+0000][1][safepoint    ] Safepoint "Cleanup", Time since last: 1003021875 ns, Reaching safepoint: 3474459 ns, At safepoint: 79041 ns, Total: 3553500 ns
[2023-07-17T15:11:54.588+0000][1][safepoint    ] Safepoint "Cleanup", Time since last: 1001347959 ns, Reaching safepoint: 2438917 ns, At safepoint: 121083 ns, Total: 2560000 ns
[2023-07-17T15:11:55.593+0000][1][safepoint    ] Safepoint "Cleanup", Time since last: 1002149125 ns, Reaching safepoint: 2783292 ns, At safepoint: 94792 ns, Total: 2878084 ns
[2023-07-17T15:11:56.597+0000][1][safepoint    ] Safepoint "Cleanup", Time since last: 1001075709 ns, Reaching safepoint: 2889625 ns, At safepoint: 109291 ns, Total: 2998916 ns
[2023-07-17T15:11:57.602+0000][1][safepoint    ] Safepoint "Cleanup", Time since last: 1001422251 ns, Reaching safepoint: 2660916 ns, At safepoint: 97334 ns, Total: 2758250 ns
[2023-07-17T15:11:58.605+0000][1][safepoint    ] Safepoint "Cleanup", Time since last: 1000932750 ns, Reaching safepoint: 2261959 ns, At safepoint: 73583 ns, Total: 2335542 ns
[2023-07-17T15:11:59.607+0000][1][safepoint    ] Safepoint "Cleanup", Time since last: 1001104834 ns, Reaching safepoint: 1134833 ns, At safepoint: 17458 ns, Total: 1152291 ns
[2023-07-17T15:12:00.609+0000][1][safepoint    ] Safepoint "Cleanup", Time since last: 1000428876 ns, Reaching safepoint: 1030500 ns, At safepoint: 20958 ns, Total: 1051458 ns
[2023-07-17T15:12:00.673+0000][1][safepoint    ] Safepoint "RevokeBias", Time since last: 62594459 ns, Reaching safepoint: 1871000 ns, At safepoint: 401333 ns, Total: 2272333 ns
[2023-07-17T15:12:01.679+0000][1][safepoint    ] Safepoint "Cleanup", Time since last: 1000498584 ns, Reaching safepoint: 4489541 ns, At safepoint: 116584 ns, Total: 4606125 ns
[2023-07-17T15:12:02.681+0000][1][safepoint    ] Safepoint "Cleanup", Time since last: 1002028125 ns, Reaching safepoint: 767375 ns, At safepoint: 14542 ns, Total: 781917 ns
[2023-07-17T15:12:03.685+0000][1][safepoint    ] Safepoint "Cleanup", Time since last: 1000580959 ns, Reaching safepoint: 2436083 ns, At safepoint: 93250 ns, Total: 2529333 ns
[2023-07-17T15:12:04.687+0000][1][safepoint    ] Safepoint "Cleanup", Time since last: 1001689292 ns, Reaching safepoint: 843417 ns, At safepoint: 19708 ns, Total: 863125 ns
[2023-07-17T15:12:05.690+0000][1][safepoint    ] Safepoint "Cleanup", Time since last: 1000446376 ns, Reaching safepoint: 2694291 ns, At safepoint: 70167 ns, Total: 2764458 ns
[2023-07-17T15:12:06.694+0000][1][safepoint    ] Safepoint "Cleanup", Time since last: 1002046959 ns, Reaching safepoint: 1209166 ns, At safepoint: 27042 ns, Total: 1236208 ns
[2023-07-17T15:12:07.699+0000][1][safepoint    ] Safepoint "Cleanup", Time since last: 1000861417 ns, Reaching safepoint: 4226167 ns, At safepoint: 105083 ns, Total: 4331250 ns
[2023-07-17T15:12:08.704+0000][1][safepoint    ] Safepoint "Cleanup", Time since last: 1001872584 ns, Reaching safepoint: 2928958 ns, At safepoint: 79209 ns, Total: 3008167 ns
[2023-07-17T15:12:09.708+0000][1][safepoint    ] Safepoint "Cleanup", Time since last: 1001832917 ns, Reaching safepoint: 2895542 ns, At safepoint: 81875 ns, Total: 2977417 ns
[2023-07-17T15:12:10.710+0000][1][safepoint    ] Safepoint "Cleanup", Time since last: 1001122875 ns, Reaching safepoint: 932583 ns, At safepoint: 15459 ns, Total: 948042 ns
[2023-07-17T15:12:11.712+0000][1][safepoint    ] Safepoint "Cleanup", Time since last: 1000857625 ns, Reaching safepoint: 1105000 ns, At safepoint: 20292 ns, Total: 1125292 ns
[2023-07-17T15:12:12.714+0000][1][safepoint    ] Safepoint "Cleanup", Time since last: 1000869542 ns, Reaching safepoint: 1317666 ns, At safepoint: 40459 ns, Total: 1358125 ns
[2023-07-17T15:12:13.716+0000][1][safepoint    ] Safepoint "Cleanup", Time since last: 1000618500 ns, Reaching safepoint: 1518083 ns, At safepoint: 31834 ns, Total: 1549917 ns
[2023-07-17T15:12:14.719+0000][1][safepoint    ] Safepoint "Cleanup", Time since last: 1000535709 ns, Reaching safepoint: 1609958 ns, At safepoint: 39042 ns, Total: 1649000 ns
[2023-07-17T15:12:15.721+0000][1][safepoint    ] Safepoint "Cleanup", Time since last: 1000657792 ns, Reaching safepoint: 1573458 ns, At safepoint: 19417 ns, Total: 1592875 ns
[2023-07-17T15:12:16.724+0000][1][safepoint    ] Safepoint "Cleanup", Time since last: 1001987000 ns, Reaching safepoint: 854625 ns, At safepoint: 23542 ns, Total: 878167 ns
[2023-07-17T15:12:17.728+0000][1][safepoint    ] Safepoint "Cleanup", Time since last: 1001021375 ns, Reaching safepoint: 2850584 ns, At safepoint: 78291 ns, Total: 2928875 ns
[2023-07-17T15:12:18.730+0000][1][safepoint    ] Safepoint "Cleanup", Time since last: 1001422209 ns, Reaching safepoint: 1114167 ns, At safepoint: 29542 ns, Total: 1143709 ns
[2023-07-17T15:12:19.734+0000][1][safepoint    ] Safepoint "Cleanup", Time since last: 1000995792 ns, Reaching safepoint: 2171291 ns, At safepoint: 83709 ns, Total: 2255000 ns
[2023-07-17T15:12:20.538+0000][1][safepoint    ] Safepoint "RevokeBias", Time since last: 802584542 ns, Reaching safepoint: 1769458 ns, At safepoint: 416542 ns, Total: 2186000 ns
[2023-07-17T15:12:21.540+0000][1][safepoint    ] Safepoint "Cleanup", Time since last: 1000543167 ns, Reaching safepoint: 1267792 ns, At safepoint: 23833 ns, Total: 1291625 ns
[2023-07-17T15:12:22.542+0000][1][safepoint    ] Safepoint "Cleanup", Time since last: 1001055000 ns, Reaching safepoint: 852334 ns, At safepoint: 19333 ns, Total: 871667 ns
[2023-07-17T15:12:23.546+0000][1][safepoint    ] Safepoint "Cleanup", Time since last: 1001023750 ns, Reaching safepoint: 2836875 ns, At safepoint: 68084 ns, Total: 2904959 ns
[2023-07-17T15:12:24.549+0000][1][safepoint    ] Safepoint "Cleanup", Time since last: 1001184959 ns, Reaching safepoint: 2070041 ns, At safepoint: 73959 ns, Total: 2144000 ns
[2023-07-17T15:12:25.554+0000][1][safepoint    ] Safepoint "Cleanup", Time since last: 1001796625 ns, Reaching safepoint: 2399542 ns, At safepoint: 54458 ns, Total: 2454000 ns
[2023-07-17T15:12:26.557+0000][1][safepoint    ] Safepoint "Cleanup", Time since last: 1001022667 ns, Reaching safepoint: 2143542 ns, At safepoint: 52917 ns, Total: 2196459 ns
[2023-07-17T15:12:27.559+0000][1][safepoint    ] Safepoint "Cleanup", Time since last: 1000873458 ns, Reaching safepoint: 730667 ns, At safepoint: 415000 ns, Total: 1145667 ns
[2023-07-17T15:12:28.561+0000][1][safepoint    ] Safepoint "Cleanup", Time since last: 1000430292 ns, Reaching safepoint: 1354000 ns, At safepoint: 32000 ns, Total: 1386000 ns
[2023-07-17T15:12:29.570+0000][1][safepoint    ] Safepoint "Cleanup", Time since last: 1000758542 ns, Reaching safepoint: 8216959 ns, At safepoint: 89375 ns, Total: 8306334 ns
[2023-07-17T15:12:30.562+0000][1][safepoint    ] Safepoint "RevokeBias", Time since last: 990081834 ns, Reaching safepoint: 1793791 ns, At safepoint: 488834 ns, Total: 2282625 ns
[2023-07-17T15:12:31.564+0000][1][safepoint    ] Safepoint "Cleanup", Time since last: 1000451708 ns, Reaching safepoint: 1237750 ns, At safepoint: 24875 ns, Total: 1262625 ns
[2023-07-17T15:12:32.567+0000][1][safepoint    ] Safepoint "Cleanup", Time since last: 1001822751 ns, Reaching safepoint: 1366208 ns, At safepoint: 31375 ns, Total: 1397583 ns
[2023-07-17T15:12:33.569+0000][1][safepoint    ] Safepoint "Cleanup", Time since last: 1001000459 ns, Reaching safepoint: 1260333 ns, At safepoint: 27209 ns, Total: 1287542 ns
[2023-07-17T15:12:34.572+0000][1][safepoint    ] Safepoint "Cleanup", Time since last: 1000714917 ns, Reaching safepoint: 1957708 ns, At safepoint: 44167 ns, Total: 2001875 ns
[2023-07-17T15:12:35.576+0000][1][safepoint    ] Safepoint "Cleanup", Time since last: 1000951792 ns, Reaching safepoint: 2882500 ns, At safepoint: 80125 ns, Total: 2962625 ns
[2023-07-17T15:12:36.579+0000][1][safepoint    ] Safepoint "Cleanup", Time since last: 1001337667 ns, Reaching safepoint: 2147042 ns, At safepoint: 65000 ns, Total: 2212042 ns
[2023-07-17T15:12:37.586+0000][1][safepoint    ] Safepoint "Cleanup", Time since last: 1004444000 ns, Reaching safepoint: 1655625 ns, At safepoint: 60000 ns, Total: 1715625 ns
[2023-07-17T15:12:38.589+0000][1][safepoint    ] Safepoint "Cleanup", Time since last: 1000993542 ns, Reaching safepoint: 2062042 ns, At safepoint: 54625 ns, Total: 2116667 ns
[2023-07-17T15:12:39.594+0000][1][safepoint    ] Safepoint "Cleanup", Time since last: 1001352750 ns, Reaching safepoint: 3528834 ns, At safepoint: 73291 ns, Total: 3602125 ns
[2023-07-17T15:12:40.556+0000][1][safepoint    ] Safepoint "RevokeBias", Time since last: 959813251 ns, Reaching safepoint: 1728792 ns, At safepoint: 399166 ns, Total: 2127958 ns
[2023-07-17T15:12:41.559+0000][1][safepoint    ] Safepoint "Cleanup", Time since last: 1000440792 ns, Reaching safepoint: 3061375 ns, At safepoint: 83834 ns, Total: 3145209 ns
[2023-07-17T15:12:42.565+0000][1][safepoint    ] Safepoint "Cleanup", Time since last: 1002712500 ns, Reaching safepoint: 2763000 ns, At safepoint: 72041 ns, Total: 2835041 ns
[2023-07-17T15:12:43.567+0000][1][safepoint    ] Safepoint "Cleanup", Time since last: 1000905584 ns, Reaching safepoint: 1282250 ns, At safepoint: 18750 ns, Total: 1301000 ns
[2023-07-17T15:12:44.569+0000][1][safepoint    ] Safepoint "Cleanup", Time since last: 1000743376 ns, Reaching safepoint: 1764208 ns, At safepoint: 46208 ns, Total: 1810416 ns
[2023-07-17T15:12:45.574+0000][1][safepoint    ] Safepoint "Cleanup", Time since last: 1001180584 ns, Reaching safepoint: 3061375 ns, At safepoint: 70583 ns, Total: 3131958 ns
[2023-07-17T15:12:46.576+0000][1][safepoint    ] Safepoint "Cleanup", Time since last: 1001161084 ns, Reaching safepoint: 686459 ns, At safepoint: 14291 ns, Total: 700750 ns
[2023-07-17T15:12:47.262+0000][1][safepoint    ] Safepoint "RevokeBias", Time since last: 685114542 ns, Reaching safepoint: 1524500 ns, At safepoint: 109833 ns, Total: 1634333 ns
[2023-07-17T15:12:47.319+0000][1][safepoint    ] Safepoint "RevokeBias", Time since last: 55676042 ns, Reaching safepoint: 669584 ns, At safepoint: 119458 ns, Total: 789042 ns
[2023-07-17T15:12:47.322+0000][1][safepoint    ] Safepoint "RevokeBias", Time since last: 1932667 ns, Reaching safepoint: 1065666 ns, At safepoint: 117542 ns, Total: 1183208 ns
[2023-07-17T15:12:47.527+0000][1][safepoint    ] Safepoint "RevokeBias", Time since last: 203972333 ns, Reaching safepoint: 717375 ns, At safepoint: 77167 ns, Total: 794542 ns
[2023-07-17T15:12:47.561+0000][1][safepoint    ] Safepoint "RevokeBias", Time since last: 32962917 ns, Reaching safepoint: 759916 ns, At safepoint: 82750 ns, Total: 842666 ns
[2023-07-17T15:12:48.565+0000][1][safepoint    ] Safepoint "Cleanup", Time since last: 1000495501 ns, Reaching safepoint: 4327916 ns, At safepoint: 96584 ns, Total: 4424500 ns
[2023-07-17T15:12:49.568+0000][1][safepoint    ] Safepoint "Cleanup", Time since last: 1001137584 ns, Reaching safepoint: 1654458 ns, At safepoint: 44042 ns, Total: 1698500 ns
[2023-07-17T15:12:50.735+0000][1][safepoint    ] Safepoint "Cleanup", Time since last: 1166326958 ns, Reaching safepoint: 811709 ns, At safepoint: 22291 ns, Total: 834000 ns
[2023-07-17T15:12:51.740+0000][1][safepoint    ] Safepoint "Cleanup", Time since last: 1000641876 ns, Reaching safepoint: 2851000 ns, At safepoint: 193958 ns, Total: 3044958 ns
[2023-07-17T15:12:52.744+0000][1][safepoint    ] Safepoint "Cleanup", Time since last: 1003661626 ns, Reaching safepoint: 902958 ns, At safepoint: 20375 ns, Total: 923333 ns
[2023-07-17T15:12:53.750+0000][1][safepoint    ] Safepoint "Cleanup", Time since last: 1000471834 ns, Reaching safepoint: 5573583 ns, At safepoint: 192250 ns, Total: 5765833 ns
[2023-07-17T15:12:54.753+0000][1][safepoint    ] Safepoint "Cleanup", Time since last: 1001477334 ns, Reaching safepoint: 1678875 ns, At safepoint: 41875 ns, Total: 1720750 ns
[2023-07-17T15:12:55.755+0000][1][safepoint    ] Safepoint "Cleanup", Time since last: 1000897501 ns, Reaching safepoint: 1117250 ns, At safepoint: 24708 ns, Total: 1141958 ns
[2023-07-17T15:12:56.759+0000][1][safepoint    ] Safepoint "Cleanup", Time since last: 1002065417 ns, Reaching safepoint: 1363833 ns, At safepoint: 25417 ns, Total: 1389250 ns
[2023-07-17T15:12:57.762+0000][1][safepoint    ] Safepoint "Cleanup", Time since last: 1001594001 ns, Reaching safepoint: 1765875 ns, At safepoint: 61375 ns, Total: 1827250 ns
[2023-07-17T15:12:58.766+0000][1][safepoint    ] Safepoint "Cleanup", Time since last: 1002436792 ns, Reaching safepoint: 1808958 ns, At safepoint: 62208 ns, Total: 1871166 ns
[2023-07-17T15:12:59.769+0000][1][safepoint    ] Safepoint "Cleanup", Time since last: 1000548376 ns, Reaching safepoint: 2039958 ns, At safepoint: 43292 ns, Total: 2083250 ns
[2023-07-17T15:13:00.772+0000][1][safepoint    ] Safepoint "Cleanup", Time since last: 1000754542 ns, Reaching safepoint: 2127375 ns, At safepoint: 23292 ns, Total: 2150667 ns
[2023-07-17T15:13:01.775+0000][1][safepoint    ] Safepoint "Cleanup", Time since last: 1001644208 ns, Reaching safepoint: 1151209 ns, At safepoint: 25458 ns, Total: 1176667 ns
[2023-07-17T15:13:02.777+0000][1][safepoint    ] Safepoint "Cleanup", Time since last: 1000866001 ns, Reaching safepoint: 1204416 ns, At safepoint: 25625 ns, Total: 1230041 ns
[2023-07-17T15:13:03.782+0000][1][safepoint    ] Safepoint "Cleanup", Time since last: 1002605251 ns, Reaching safepoint: 2747791 ns, At safepoint: 80417 ns, Total: 2828208 ns
[2023-07-17T15:13:04.785+0000][1][safepoint    ] Safepoint "Cleanup", Time since last: 1000760709 ns, Reaching safepoint: 1812708 ns, At safepoint: 71792 ns, Total: 1884500 ns
[2023-07-17T15:13:05.788+0000][1][safepoint    ] Safepoint "Cleanup", Time since last: 1001271042 ns, Reaching safepoint: 1914583 ns, At safepoint: 42667 ns, Total: 1957250 ns
[2023-07-17T15:13:06.791+0000][1][safepoint    ] Safepoint "Cleanup", Time since last: 1000896209 ns, Reaching safepoint: 2287666 ns, At safepoint: 59292 ns, Total: 2346958 ns
[2023-07-17T15:13:07.795+0000][1][safepoint    ] Safepoint "Cleanup", Time since last: 1000984084 ns, Reaching safepoint: 2333417 ns, At safepoint: 70916 ns, Total: 2404333 ns
[2023-07-17T15:13:08.798+0000][1][safepoint    ] Safepoint "Cleanup", Time since last: 1001700876 ns, Reaching safepoint: 1799583 ns, At safepoint: 40375 ns, Total: 1839958 ns
[2023-07-17T15:13:09.802+0000][1][safepoint    ] Safepoint "Cleanup", Time since last: 1000815626 ns, Reaching safepoint: 2862916 ns, At safepoint: 79792 ns, Total: 2942708 ns
[2023-07-17T15:13:10.805+0000][1][safepoint    ] Safepoint "Cleanup", Time since last: 1001942125 ns, Reaching safepoint: 1069667 ns, At safepoint: 24750 ns, Total: 1094417 ns
[2023-07-17T15:13:11.807+0000][1][safepoint    ] Safepoint "Cleanup", Time since last: 1000466791 ns, Reaching safepoint: 1152000 ns, At safepoint: 25209 ns, Total: 1177209 ns
[2023-07-17T15:13:12.811+0000][1][safepoint    ] Safepoint "Cleanup", Time since last: 1000876750 ns, Reaching safepoint: 3087000 ns, At safepoint: 113417 ns, Total: 3200417 ns
[2023-07-17T15:13:13.553+0000][1][gc,start     ] GC(23) Pause Young (Allocation Failure)
[2023-07-17T15:13:13.555+0000][1][gc,task      ] GC(23) Using 4 workers of 4 for evacuation
[2023-07-17T15:13:13.618+0000][1][gc,age       ] GC(23) Desired survivor size 8945664 bytes, new threshold 6 (max threshold 6)
[2023-07-17T15:13:13.618+0000][1][gc,age       ] GC(23) Age table with threshold 6 (max threshold 6)
[2023-07-17T15:13:13.618+0000][1][gc,age       ] GC(23) - age   1:      94432 bytes,      94432 total
[2023-07-17T15:13:13.618+0000][1][gc,age       ] GC(23) - age   2:      18448 bytes,     112880 total
[2023-07-17T15:13:13.619+0000][1][gc,age       ] GC(23) - age   3:     130784 bytes,     243664 total
[2023-07-17T15:13:13.619+0000][1][gc,age       ] GC(23) - age   4:      39960 bytes,     283624 total
[2023-07-17T15:13:13.619+0000][1][gc,age       ] GC(23) - age   5:      59112 bytes,     342736 total
[2023-07-17T15:13:13.619+0000][1][gc,age       ] GC(23) - age   6:     335208 bytes,     677944 total
[2023-07-17T15:13:13.620+0000][1][gc,heap      ] GC(23) ParNew: 146887K->3112K(157248K)
[2023-07-17T15:13:13.621+0000][1][gc,heap      ] GC(23) CMS: 65516K->68480K(349568K)
[2023-07-17T15:13:13.621+0000][1][gc,metaspace ] GC(23) Metaspace: 88610K->88610K(1130496K)
[2023-07-17T15:13:13.622+0000][1][gc           ] GC(23) Pause Young (Allocation Failure) 207M->69M(494M) 68.267ms
[2023-07-17T15:13:13.622+0000][1][gc,cpu       ] GC(23) User=0.16s Sys=0.02s Real=0.07s
[2023-07-17T15:13:13.622+0000][1][safepoint    ] Safepoint "GenCollectForAllocation", Time since last: 740410917 ns, Reaching safepoint: 1513708 ns, At safepoint: 69527292 ns, Total: 71041000 ns
[2023-07-17T15:13:14.628+0000][1][safepoint    ] Safepoint "Cleanup", Time since last: 1001099959 ns, Reaching safepoint: 4773250 ns, At safepoint: 198541 ns, Total: 4971791 ns
[2023-07-17T15:13:15.632+0000][1][safepoint    ] Safepoint "Cleanup", Time since last: 1001237376 ns, Reaching safepoint: 2336708 ns, At safepoint: 113917 ns, Total: 2450625 ns
[2023-07-17T15:13:16.636+0000][1][safepoint    ] Safepoint "Cleanup", Time since last: 1002716500 ns, Reaching safepoint: 1536209 ns, At safepoint: 26416 ns, Total: 1562625 ns
[2023-07-17T15:13:17.641+0000][1][safepoint    ] Safepoint "Cleanup", Time since last: 1001029126 ns, Reaching safepoint: 3393583 ns, At safepoint: 118167 ns, Total: 3511750 ns
[2023-07-17T15:13:18.643+0000][1][safepoint    ] Safepoint "Cleanup", Time since last: 1001044208 ns, Reaching safepoint: 796459 ns, At safepoint: 25708 ns, Total: 822167 ns
[2023-07-17T15:13:19.645+0000][1][safepoint    ] Safepoint "Cleanup", Time since last: 1000492792 ns, Reaching safepoint: 1938000 ns, At safepoint: 50917 ns, Total: 1988917 ns
[2023-07-17T15:13:20.563+0000][1][safepoint    ] Safepoint "RevokeBias", Time since last: 914839917 ns, Reaching safepoint: 1631292 ns, At safepoint: 1672958 ns, Total: 3304250 ns
[2023-07-17T15:13:21.566+0000][1][safepoint    ] Safepoint "Cleanup", Time since last: 1001236167 ns, Reaching safepoint: 1529375 ns, At safepoint: 25667 ns, Total: 1555042 ns
[2023-07-17T15:13:22.571+0000][1][safepoint    ] Safepoint "Cleanup", Time since last: 1000866459 ns, Reaching safepoint: 3414333 ns, At safepoint: 90083 ns, Total: 3504416 ns
[2023-07-17T15:13:23.574+0000][1][safepoint    ] Safepoint "Cleanup", Time since last: 1002783626 ns, Reaching safepoint: 1092458 ns, At safepoint: 24375 ns, Total: 1116833 ns
[2023-07-17T15:13:24.579+0000][1][safepoint    ] Safepoint "Cleanup", Time since last: 1000633792 ns, Reaching safepoint: 3547792 ns, At safepoint: 72750 ns, Total: 3620542 ns
[2023-07-17T15:13:25.584+0000][1][safepoint    ] Safepoint "Cleanup", Time since last: 1003284209 ns, Reaching safepoint: 2376166 ns, At safepoint: 63625 ns, Total: 2439791 ns
[2023-07-17T15:13:26.588+0000][1][safepoint    ] Safepoint "Cleanup", Time since last: 1000790293 ns, Reaching safepoint: 2731083 ns, At safepoint: 67000 ns, Total: 2798083 ns
[2023-07-17T15:13:27.592+0000][1][safepoint    ] Safepoint "Cleanup", Time since last: 1001117334 ns, Reaching safepoint: 2508458 ns, At safepoint: 52375 ns, Total: 2560833 ns
[2023-07-17T15:13:28.594+0000][1][safepoint    ] Safepoint "Cleanup", Time since last: 1000864459 ns, Reaching safepoint: 1021417 ns, At safepoint: 28916 ns, Total: 1050333 ns
[2023-07-17T15:13:29.598+0000][1][safepoint    ] Safepoint "Cleanup", Time since last: 1001088542 ns, Reaching safepoint: 3445209 ns, At safepoint: 168000 ns, Total: 3613209 ns
[2023-07-17T15:13:30.558+0000][1][safepoint    ] Safepoint "RevokeBias", Time since last: 957097583 ns, Reaching safepoint: 2036417 ns, At safepoint: 424834 ns, Total: 2461251 ns
[2023-07-17T15:13:31.562+0000][1][safepoint    ] Safepoint "Cleanup", Time since last: 1000671125 ns, Reaching safepoint: 2553833 ns, At safepoint: 369792 ns, Total: 2923625 ns
[2023-07-17T15:13:32.578+0000][1][safepoint    ] Safepoint "Cleanup", Time since last: 1012991250 ns, Reaching safepoint: 3763417 ns, At safepoint: 126542 ns, Total: 3889959 ns
[2023-07-17T15:13:33.581+0000][1][safepoint    ] Safepoint "Cleanup", Time since last: 1001413125 ns, Reaching safepoint: 1565792 ns, At safepoint: 38042 ns, Total: 1603834 ns
[2023-07-17T15:13:34.584+0000][1][safepoint    ] Safepoint "Cleanup", Time since last: 1000759167 ns, Reaching safepoint: 1729708 ns, At safepoint: 70625 ns, Total: 1800333 ns
[2023-07-17T15:13:35.588+0000][1][safepoint    ] Safepoint "Cleanup", Time since last: 1001264751 ns, Reaching safepoint: 2906625 ns, At safepoint: 69708 ns, Total: 2976333 ns
[2023-07-17T15:13:36.591+0000][1][safepoint    ] Safepoint "Cleanup", Time since last: 1001455167 ns, Reaching safepoint: 1419500 ns, At safepoint: 23500 ns, Total: 1443000 ns
[2023-07-17T15:13:37.596+0000][1][safepoint    ] Safepoint "Cleanup", Time since last: 1001860709 ns, Reaching safepoint: 2866167 ns, At safepoint: 121083 ns, Total: 2987250 ns
[2023-07-17T15:13:38.599+0000][1][safepoint    ] Safepoint "Cleanup", Time since last: 1002075209 ns, Reaching safepoint: 665250 ns, At safepoint: 19458 ns, Total: 684708 ns
[2023-07-17T15:13:39.608+0000][1][safepoint    ] Safepoint "Cleanup", Time since last: 1007797959 ns, Reaching safepoint: 1814541 ns, At safepoint: 33000 ns, Total: 1847541 ns
[2023-07-17T15:13:40.591+0000][1][safepoint    ] Safepoint "RevokeBias", Time since last: 980217126 ns, Reaching safepoint: 1867333 ns, At safepoint: 685000 ns, Total: 2552333 ns
[2023-07-17T15:13:41.593+0000][1][safepoint    ] Safepoint "Cleanup", Time since last: 1000492084 ns, Reaching safepoint: 1527542 ns, At safepoint: 34250 ns, Total: 1561792 ns
[2023-07-17T15:13:42.595+0000][1][safepoint    ] Safepoint "Cleanup", Time since last: 1000934083 ns, Reaching safepoint: 1250792 ns, At safepoint: 25292 ns, Total: 1276084 ns
[2023-07-17T15:13:43.597+0000][1][safepoint    ] Safepoint "Cleanup", Time since last: 1000699542 ns, Reaching safepoint: 1256375 ns, At safepoint: 18666 ns, Total: 1275041 ns
[2023-07-17T15:13:44.599+0000][1][safepoint    ] Safepoint "Cleanup", Time since last: 1000528084 ns, Reaching safepoint: 1737792 ns, At safepoint: 53833 ns, Total: 1791625 ns
[2023-07-17T15:13:45.602+0000][1][safepoint    ] Safepoint "Cleanup", Time since last: 1001437959 ns, Reaching safepoint: 1473250 ns, At safepoint: 29500 ns, Total: 1502750 ns
[2023-07-17T15:13:46.605+0000][1][safepoint    ] Safepoint "Cleanup", Time since last: 1000522209 ns, Reaching safepoint: 1611375 ns, At safepoint: 32500 ns, Total: 1643875 ns
[2023-07-17T15:13:47.606+0000][1][safepoint    ] Safepoint "Cleanup", Time since last: 1000633750 ns, Reaching safepoint: 852250 ns, At safepoint: 22167 ns, Total: 874417 ns
[2023-07-17T15:13:48.136+0000][1][safepoint    ] Safepoint "RevokeBias", Time since last: 528714709 ns, Reaching safepoint: 1206541 ns, At safepoint: 140375 ns, Total: 1346916 ns
[2023-07-17T15:13:48.139+0000][1][safepoint    ] Safepoint "RevokeBias", Time since last: 1802834 ns, Reaching safepoint: 631375 ns, At safepoint: 134083 ns, Total: 765458 ns
[2023-07-17T15:13:48.176+0000][1][safepoint    ] Safepoint "RevokeBias", Time since last: 36005292 ns, Reaching safepoint: 864291 ns, At safepoint: 155584 ns, Total: 1019875 ns
[2023-07-17T15:13:48.178+0000][1][safepoint    ] Safepoint "RevokeBias", Time since last: 1997333 ns, Reaching safepoint: 683583 ns, At safepoint: 80834 ns, Total: 764417 ns
[2023-07-17T15:13:49.180+0000][1][safepoint    ] Safepoint "Cleanup", Time since last: 1000672958 ns, Reaching safepoint: 1091375 ns, At safepoint: 20042 ns, Total: 1111417 ns
[2023-07-17T15:13:50.184+0000][1][safepoint    ] Safepoint "Cleanup", Time since last: 1001436834 ns, Reaching safepoint: 1959167 ns, At safepoint: 74666 ns, Total: 2033833 ns
[2023-07-17T15:13:50.574+0000][1][safepoint    ] Safepoint "BulkRevokeBias", Time since last: 381823125 ns, Reaching safepoint: 2929667 ns, At safepoint: 5494833 ns, Total: 8424500 ns
[2023-07-17T15:13:51.578+0000][1][safepoint    ] Safepoint "Cleanup", Time since last: 1000552668 ns, Reaching safepoint: 2989291 ns, At safepoint: 72500 ns, Total: 3061791 ns
[2023-07-17T15:13:52.586+0000][1][safepoint    ] Safepoint "Cleanup", Time since last: 1001026501 ns, Reaching safepoint: 7449500 ns, At safepoint: 142625 ns, Total: 7592125 ns
[2023-07-17T15:13:53.588+0000][1][safepoint    ] Safepoint "Cleanup", Time since last: 1000763000 ns, Reaching safepoint: 1219292 ns, At safepoint: 29750 ns, Total: 1249042 ns
[2023-07-17T15:13:54.591+0000][1][safepoint    ] Safepoint "Cleanup", Time since last: 1000684417 ns, Reaching safepoint: 2232167 ns, At safepoint: 55125 ns, Total: 2287292 ns
[2023-07-17T15:13:55.597+0000][1][safepoint    ] Safepoint "Cleanup", Time since last: 1002414792 ns, Reaching safepoint: 2823750 ns, At safepoint: 86750 ns, Total: 2910500 ns
[2023-07-17T15:13:56.601+0000][1][safepoint    ] Safepoint "Cleanup", Time since last: 1002180250 ns, Reaching safepoint: 2497584 ns, At safepoint: 69750 ns, Total: 2567334 ns
[2023-07-17T15:13:57.605+0000][1][safepoint    ] Safepoint "Cleanup", Time since last: 1002102958 ns, Reaching safepoint: 2028500 ns, At safepoint: 45834 ns, Total: 2074334 ns
[2023-07-17T15:13:58.613+0000][1][safepoint    ] Safepoint "Cleanup", Time since last: 1003419084 ns, Reaching safepoint: 3489125 ns, At safepoint: 106291 ns, Total: 3595416 ns
[2023-07-17T15:13:59.618+0000][1][safepoint    ] Safepoint "Cleanup", Time since last: 1003427667 ns, Reaching safepoint: 2464792 ns, At safepoint: 89042 ns, Total: 2553834 ns
[2023-07-17T15:14:00.545+0000][1][safepoint    ] Safepoint "RevokeBias", Time since last: 923874208 ns, Reaching safepoint: 1940709 ns, At safepoint: 505291 ns, Total: 2446000 ns
[2023-07-17T15:14:01.548+0000][1][safepoint    ] Safepoint "Cleanup", Time since last: 1001472376 ns, Reaching safepoint: 1338542 ns, At safepoint: 37125 ns, Total: 1375667 ns
[2023-07-17T15:14:02.552+0000][1][safepoint    ] Safepoint "Cleanup", Time since last: 1001701667 ns, Reaching safepoint: 2939583 ns, At safepoint: 71292 ns, Total: 3010875 ns
[2023-07-17T15:14:03.555+0000][1][safepoint    ] Safepoint "Cleanup", Time since last: 1000828334 ns, Reaching safepoint: 1915625 ns, At safepoint: 48833 ns, Total: 1964458 ns
[2023-07-17T15:14:04.560+0000][1][safepoint    ] Safepoint "Cleanup", Time since last: 1001178584 ns, Reaching safepoint: 3832708 ns, At safepoint: 68958 ns, Total: 3901666 ns
[2023-07-17T15:14:05.566+0000][1][safepoint    ] Safepoint "Cleanup", Time since last: 1001748876 ns, Reaching safepoint: 4317750 ns, At safepoint: 102333 ns, Total: 4420083 ns
[2023-07-17T15:14:06.569+0000][1][safepoint    ] Safepoint "Cleanup", Time since last: 1000970584 ns, Reaching safepoint: 1941000 ns, At safepoint: 46292 ns, Total: 1987292 ns
[2023-07-17T15:14:07.574+0000][1][safepoint    ] Safepoint "Cleanup", Time since last: 1001291875 ns, Reaching safepoint: 3279084 ns, At safepoint: 84041 ns, Total: 3363125 ns
[2023-07-17T15:14:08.581+0000][1][safepoint    ] Safepoint "Cleanup", Time since last: 1002090334 ns, Reaching safepoint: 5189875 ns, At safepoint: 82042 ns, Total: 5271917 ns
[2023-07-17T15:14:09.584+0000][1][safepoint    ] Safepoint "Cleanup", Time since last: 1001225458 ns, Reaching safepoint: 1833917 ns, At safepoint: 49458 ns, Total: 1883375 ns
[2023-07-17T15:14:10.564+0000][1][safepoint    ] Safepoint "RevokeBias", Time since last: 977214793 ns, Reaching safepoint: 1749541 ns, At safepoint: 362584 ns, Total: 2112125 ns
[2023-07-17T15:14:11.567+0000][1][safepoint    ] Safepoint "Cleanup", Time since last: 1000661333 ns, Reaching safepoint: 2377917 ns, At safepoint: 71917 ns, Total: 2449834 ns
[2023-07-17T15:14:12.571+0000][1][safepoint    ] Safepoint "Cleanup", Time since last: 1000792500 ns, Reaching safepoint: 3527333 ns, At safepoint: 67250 ns, Total: 3594583 ns
[2023-07-17T15:14:13.574+0000][1][safepoint    ] Safepoint "Cleanup", Time since last: 1001116751 ns, Reaching safepoint: 1305791 ns, At safepoint: 17584 ns, Total: 1323375 ns
[2023-07-17T15:14:14.578+0000][1][safepoint    ] Safepoint "Cleanup", Time since last: 1000714375 ns, Reaching safepoint: 3927917 ns, At safepoint: 93375 ns, Total: 4021292 ns
[2023-07-17T15:14:15.580+0000][1][safepoint    ] Safepoint "Cleanup", Time since last: 1001202209 ns, Reaching safepoint: 858500 ns, At safepoint: 16125 ns, Total: 874625 ns
[2023-07-17T15:14:16.583+0000][1][safepoint    ] Safepoint "Cleanup", Time since last: 1000412792 ns, Reaching safepoint: 1807667 ns, At safepoint: 63041 ns, Total: 1870708 ns
[2023-07-17T15:14:17.585+0000][1][safepoint    ] Safepoint "Cleanup", Time since last: 1001283459 ns, Reaching safepoint: 1346042 ns, At safepoint: 22250 ns, Total: 1368292 ns
[2023-07-17T15:14:18.587+0000][1][safepoint    ] Safepoint "Cleanup", Time since last: 1000421083 ns, Reaching safepoint: 1062209 ns, At safepoint: 21750 ns, Total: 1083959 ns
[2023-07-17T15:14:19.588+0000][1][safepoint    ] Safepoint "Cleanup", Time since last: 1000539542 ns, Reaching safepoint: 683417 ns, At safepoint: 14083 ns, Total: 697500 ns
[2023-07-17T15:14:20.590+0000][1][safepoint    ] Safepoint "Cleanup", Time since last: 1000393084 ns, Reaching safepoint: 1581083 ns, At safepoint: 24167 ns, Total: 1605250 ns
[2023-07-17T15:14:21.594+0000][1][safepoint    ] Safepoint "Cleanup", Time since last: 1001604375 ns, Reaching safepoint: 2324125 ns, At safepoint: 65334 ns, Total: 2389459 ns
[2023-07-17T15:14:22.599+0000][1][safepoint    ] Safepoint "Cleanup", Time since last: 1000791458 ns, Reaching safepoint: 4290542 ns, At safepoint: 90583 ns, Total: 4381125 ns
[2023-07-17T15:14:23.603+0000][1][safepoint    ] Safepoint "Cleanup", Time since last: 1001112709 ns, Reaching safepoint: 2241084 ns, At safepoint: 69333 ns, Total: 2310417 ns
[2023-07-17T15:14:24.605+0000][1][safepoint    ] Safepoint "Cleanup", Time since last: 1001475000 ns, Reaching safepoint: 892709 ns, At safepoint: 19333 ns, Total: 912042 ns
[2023-07-17T15:14:25.608+0000][1][safepoint    ] Safepoint "Cleanup", Time since last: 1001061792 ns, Reaching safepoint: 1722917 ns, At safepoint: 54416 ns, Total: 1777333 ns
[2023-07-17T15:14:26.614+0000][1][safepoint    ] Safepoint "Cleanup", Time since last: 1001821293 ns, Reaching safepoint: 3386541 ns, At safepoint: 122709 ns, Total: 3509250 ns
[2023-07-17T15:14:27.616+0000][1][safepoint    ] Safepoint "Cleanup", Time since last: 1002226875 ns, Reaching safepoint: 974958 ns, At safepoint: 22542 ns, Total: 997500 ns
[2023-07-17T15:14:28.620+0000][1][safepoint    ] Safepoint "Cleanup", Time since last: 1001637542 ns, Reaching safepoint: 1861250 ns, At safepoint: 44834 ns, Total: 1906084 ns
[2023-07-17T15:14:29.625+0000][1][safepoint    ] Safepoint "Cleanup", Time since last: 1001037125 ns, Reaching safepoint: 3636792 ns, At safepoint: 92000 ns, Total: 3728792 ns
[2023-07-17T15:14:30.627+0000][1][safepoint    ] Safepoint "Cleanup", Time since last: 1001509250 ns, Reaching safepoint: 817834 ns, At safepoint: 21500 ns, Total: 839334 ns
[2023-07-17T15:14:31.632+0000][1][safepoint    ] Safepoint "Cleanup", Time since last: 1001108250 ns, Reaching safepoint: 3390917 ns, At safepoint: 86208 ns, Total: 3477125 ns
[2023-07-17T15:14:32.634+0000][1][safepoint    ] Safepoint "Cleanup", Time since last: 1000775292 ns, Reaching safepoint: 1008958 ns, At safepoint: 33750 ns, Total: 1042708 ns
[2023-07-17T15:14:33.635+0000][1][safepoint    ] Safepoint "Cleanup", Time since last: 1000646251 ns, Reaching safepoint: 750833 ns, At safepoint: 18000 ns, Total: 768833 ns
[2023-07-17T15:14:34.643+0000][1][safepoint    ] Safepoint "Cleanup", Time since last: 1003738709 ns, Reaching safepoint: 3794542 ns, At safepoint: 129250 ns, Total: 3923792 ns
[2023-07-17T15:14:35.645+0000][1][safepoint    ] Safepoint "Cleanup", Time since last: 1001486125 ns, Reaching safepoint: 1167417 ns, At safepoint: 27792 ns, Total: 1195209 ns
[2023-07-17T15:14:36.651+0000][1][safepoint    ] Safepoint "Cleanup", Time since last: 1003375542 ns, Reaching safepoint: 2181583 ns, At safepoint: 67292 ns, Total: 2248875 ns
[2023-07-17T15:14:37.654+0000][1][safepoint    ] Safepoint "Cleanup", Time since last: 1000826834 ns, Reaching safepoint: 1921250 ns, At safepoint: 51708 ns, Total: 1972958 ns
[2023-07-17T15:14:38.657+0000][1][safepoint    ] Safepoint "Cleanup", Time since last: 1000869292 ns, Reaching safepoint: 2604958 ns, At safepoint: 64417 ns, Total: 2669375 ns
[2023-07-17T15:14:39.663+0000][1][safepoint    ] Safepoint "Cleanup", Time since last: 1001491584 ns, Reaching safepoint: 3894750 ns, At safepoint: 113125 ns, Total: 4007875 ns
[2023-07-17T15:14:40.605+0000][1][safepoint    ] Safepoint "RevokeBias", Time since last: 939568375 ns, Reaching safepoint: 2307417 ns, At safepoint: 549792 ns, Total: 2857209 ns
[2023-07-17T15:14:41.608+0000][1][safepoint    ] Safepoint "Cleanup", Time since last: 1000839333 ns, Reaching safepoint: 2092459 ns, At safepoint: 57583 ns, Total: 2150042 ns
[2023-07-17T15:14:42.615+0000][1][safepoint    ] Safepoint "Cleanup", Time since last: 1004253625 ns, Reaching safepoint: 2156625 ns, At safepoint: 72167 ns, Total: 2228792 ns
[2023-07-17T15:14:43.617+0000][1][safepoint    ] Safepoint "Cleanup", Time since last: 1001067792 ns, Reaching safepoint: 1468083 ns, At safepoint: 23709 ns, Total: 1491792 ns
[2023-07-17T15:14:44.620+0000][1][safepoint    ] Safepoint "Cleanup", Time since last: 1001137500 ns, Reaching safepoint: 1902917 ns, At safepoint: 56708 ns, Total: 1959625 ns
[2023-07-17T15:14:45.626+0000][1][safepoint    ] Safepoint "Cleanup", Time since last: 1002582959 ns, Reaching safepoint: 2876792 ns, At safepoint: 78583 ns, Total: 2955375 ns
[2023-07-17T15:14:46.632+0000][1][safepoint    ] Safepoint "Cleanup", Time since last: 1002792876 ns, Reaching safepoint: 3008041 ns, At safepoint: 92667 ns, Total: 3100708 ns
[2023-07-17T15:14:47.636+0000][1][safepoint    ] Safepoint "Cleanup", Time since last: 1001824542 ns, Reaching safepoint: 1865417 ns, At safepoint: 57625 ns, Total: 1923042 ns
[2023-07-17T15:14:48.638+0000][1][safepoint    ] Safepoint "Cleanup", Time since last: 1001596000 ns, Reaching safepoint: 803292 ns, At safepoint: 19916 ns, Total: 823208 ns
[2023-07-17T15:14:49.109+0000][1][safepoint    ] Safepoint "RevokeBias", Time since last: 469967584 ns, Reaching safepoint: 829375 ns, At safepoint: 79417 ns, Total: 908792 ns
[2023-07-17T15:14:49.110+0000][1][safepoint    ] Safepoint "RevokeBias", Time since last: 973291 ns, Reaching safepoint: 593167 ns, At safepoint: 83250 ns, Total: 676417 ns
[2023-07-17T15:14:49.114+0000][1][safepoint    ] Safepoint "RevokeBias", Time since last: 2304000 ns, Reaching safepoint: 1054750 ns, At safepoint: 118958 ns, Total: 1173708 ns
[2023-07-17T15:14:49.143+0000][1][safepoint    ] Safepoint "RevokeBias", Time since last: 28104667 ns, Reaching safepoint: 663417 ns, At safepoint: 96541 ns, Total: 759958 ns
[2023-07-17T15:14:49.148+0000][1][safepoint    ] Safepoint "BulkRevokeBias", Time since last: 2440917 ns, Reaching safepoint: 601458 ns, At safepoint: 2549292 ns, Total: 3150750 ns
[2023-07-17T15:14:50.152+0000][1][safepoint    ] Safepoint "Cleanup", Time since last: 1000874626 ns, Reaching safepoint: 2268000 ns, At safepoint: 78083 ns, Total: 2346083 ns
[2023-07-17T15:14:50.583+0000][1][safepoint    ] Safepoint "RevokeBias", Time since last: 428847875 ns, Reaching safepoint: 2055458 ns, At safepoint: 412459 ns, Total: 2467917 ns
[2023-07-17T15:14:51.584+0000][1][safepoint    ] Safepoint "Cleanup", Time since last: 1000421084 ns, Reaching safepoint: 899333 ns, At safepoint: 26125 ns, Total: 925458 ns
[2023-07-17T15:14:52.587+0000][1][safepoint    ] Safepoint "Cleanup", Time since last: 1000573042 ns, Reaching safepoint: 2277750 ns, At safepoint: 62042 ns, Total: 2339792 ns
[2023-07-17T15:14:53.591+0000][1][safepoint    ] Safepoint "Cleanup", Time since last: 1000937417 ns, Reaching safepoint: 3167917 ns, At safepoint: 82750 ns, Total: 3250667 ns
[2023-07-17T15:14:54.593+0000][1][safepoint    ] Safepoint "Cleanup", Time since last: 1001241667 ns, Reaching safepoint: 803041 ns, At safepoint: 16125 ns, Total: 819166 ns
[2023-07-17T15:14:55.597+0000][1][safepoint    ] Safepoint "Cleanup", Time since last: 1000963792 ns, Reaching safepoint: 2702042 ns, At safepoint: 151625 ns, Total: 2853667 ns
[2023-07-17T15:14:56.601+0000][1][safepoint    ] Safepoint "Cleanup", Time since last: 1001116542 ns, Reaching safepoint: 2132750 ns, At safepoint: 60125 ns, Total: 2192875 ns
[2023-07-17T15:14:57.605+0000][1][safepoint    ] Safepoint "Cleanup", Time since last: 1001064667 ns, Reaching safepoint: 3547000 ns, At safepoint: 84917 ns, Total: 3631917 ns
[2023-07-17T15:14:58.609+0000][1][safepoint    ] Safepoint "Cleanup", Time since last: 1002749501 ns, Reaching safepoint: 1469083 ns, At safepoint: 28750 ns, Total: 1497833 ns
[2023-07-17T15:14:59.612+0000][1][safepoint    ] Safepoint "Cleanup", Time since last: 1000912209 ns, Reaching safepoint: 1438250 ns, At safepoint: 31916 ns, Total: 1470166 ns
[2023-07-17T15:15:00.614+0000][1][safepoint    ] Safepoint "RevokeBias", Time since last: 999178376 ns, Reaching safepoint: 2320125 ns, At safepoint: 540083 ns, Total: 2860208 ns
[2023-07-17T15:15:01.618+0000][1][safepoint    ] Safepoint "Cleanup", Time since last: 1000814792 ns, Reaching safepoint: 3262625 ns, At safepoint: 74792 ns, Total: 3337417 ns
[2023-07-17T15:15:02.621+0000][1][safepoint    ] Safepoint "Cleanup", Time since last: 1000924709 ns, Reaching safepoint: 1519833 ns, At safepoint: 51792 ns, Total: 1571625 ns
[2023-07-17T15:15:03.623+0000][1][safepoint    ] Safepoint "Cleanup", Time since last: 1000817792 ns, Reaching safepoint: 1990000 ns, At safepoint: 52750 ns, Total: 2042750 ns
[2023-07-17T15:15:04.625+0000][1][safepoint    ] Safepoint "Cleanup", Time since last: 1001099625 ns, Reaching safepoint: 854084 ns, At safepoint: 20750 ns, Total: 874834 ns
[2023-07-17T15:15:05.628+0000][1][safepoint    ] Safepoint "Cleanup", Time since last: 1000437834 ns, Reaching safepoint: 2200958 ns, At safepoint: 51917 ns, Total: 2252875 ns
[2023-07-17T15:15:06.632+0000][1][safepoint    ] Safepoint "Cleanup", Time since last: 1000784000 ns, Reaching safepoint: 3115667 ns, At safepoint: 75333 ns, Total: 3191000 ns
[2023-07-17T15:15:07.635+0000][1][safepoint    ] Safepoint "Cleanup", Time since last: 1000846376 ns, Reaching safepoint: 2454125 ns, At safepoint: 71916 ns, Total: 2526041 ns
[2023-07-17T15:15:08.637+0000][1][safepoint    ] Safepoint "Cleanup", Time since last: 1000836501 ns, Reaching safepoint: 1131375 ns, At safepoint: 24500 ns, Total: 1155875 ns
[2023-07-17T15:15:09.639+0000][1][safepoint    ] Safepoint "Cleanup", Time since last: 1000785125 ns, Reaching safepoint: 1117583 ns, At safepoint: 24959 ns, Total: 1142542 ns
[2023-07-17T15:15:10.572+0000][1][gc,start     ] GC(24) Pause Young (Allocation Failure)
[2023-07-17T15:15:10.572+0000][1][gc,task      ] GC(24) Using 4 workers of 4 for evacuation
[2023-07-17T15:15:10.600+0000][1][gc,age       ] GC(24) Desired survivor size 8945664 bytes, new threshold 6 (max threshold 6)
[2023-07-17T15:15:10.601+0000][1][gc,age       ] GC(24) Age table with threshold 6 (max threshold 6)
[2023-07-17T15:15:10.601+0000][1][gc,age       ] GC(24) - age   1:      89728 bytes,      89728 total
[2023-07-17T15:15:10.601+0000][1][gc,age       ] GC(24) - age   2:       7944 bytes,      97672 total
[2023-07-17T15:15:10.601+0000][1][gc,age       ] GC(24) - age   3:      18392 bytes,     116064 total
[2023-07-17T15:15:10.601+0000][1][gc,age       ] GC(24) - age   4:     130784 bytes,     246848 total
[2023-07-17T15:15:10.602+0000][1][gc,age       ] GC(24) - age   5:      39736 bytes,     286584 total
[2023-07-17T15:15:10.602+0000][1][gc,age       ] GC(24) - age   6:      59112 bytes,     345696 total
[2023-07-17T15:15:10.602+0000][1][gc,heap      ] GC(24) ParNew: 142868K->1179K(157248K)
[2023-07-17T15:15:10.602+0000][1][gc,heap      ] GC(24) CMS: 68480K->68808K(349568K)
[2023-07-17T15:15:10.602+0000][1][gc,metaspace ] GC(24) Metaspace: 88736K->88736K(1130496K)
[2023-07-17T15:15:10.602+0000][1][gc           ] GC(24) Pause Young (Allocation Failure) 206M->68M(494M) 30.474ms
[2023-07-17T15:15:10.603+0000][1][gc,cpu       ] GC(24) User=0.06s Sys=0.01s Real=0.03s
[2023-07-17T15:15:10.603+0000][1][safepoint    ] Safepoint "GenCollectForAllocation", Time since last: 931328000 ns, Reaching safepoint: 1169167 ns, At safepoint: 30907708 ns, Total: 32076875 ns
[2023-07-17T15:15:10.649+0000][1][safepoint    ] Safepoint "RevokeBias", Time since last: 44697500 ns, Reaching safepoint: 1516959 ns, At safepoint: 347458 ns, Total: 1864417 ns
[2023-07-17T15:15:11.652+0000][1][safepoint    ] Safepoint "Cleanup", Time since last: 1001249500 ns, Reaching safepoint: 1566292 ns, At safepoint: 29083 ns, Total: 1595375 ns
[2023-07-17T15:15:12.656+0000][1][safepoint    ] Safepoint "Cleanup", Time since last: 1001082625 ns, Reaching safepoint: 2498250 ns, At safepoint: 59334 ns, Total: 2557584 ns
[2023-07-17T15:15:13.659+0000][1][safepoint    ] Safepoint "Cleanup", Time since last: 1001913708 ns, Reaching safepoint: 1228042 ns, At safepoint: 20833 ns, Total: 1248875 ns
[2023-07-17T15:15:14.661+0000][1][safepoint    ] Safepoint "Cleanup", Time since last: 1000611918 ns, Reaching safepoint: 1184166 ns, At safepoint: 23459 ns, Total: 1207625 ns
[2023-07-17T15:15:15.665+0000][1][safepoint    ] Safepoint "Cleanup", Time since last: 1001204417 ns, Reaching safepoint: 2976208 ns, At safepoint: 91542 ns, Total: 3067750 ns
[2023-07-17T15:15:16.669+0000][1][safepoint    ] Safepoint "Cleanup", Time since last: 1001388750 ns, Reaching safepoint: 2735417 ns, At safepoint: 74500 ns, Total: 2809917 ns
[2023-07-17T15:15:17.672+0000][1][safepoint    ] Safepoint "Cleanup", Time since last: 1000836292 ns, Reaching safepoint: 1991458 ns, At safepoint: 59875 ns, Total: 2051333 ns
[2023-07-17T15:15:18.674+0000][1][safepoint    ] Safepoint "Cleanup", Time since last: 1000834834 ns, Reaching safepoint: 793458 ns, At safepoint: 16917 ns, Total: 810375 ns
[2023-07-17T15:15:19.675+0000][1][safepoint    ] Safepoint "Cleanup", Time since last: 1000410417 ns, Reaching safepoint: 887750 ns, At safepoint: 16834 ns, Total: 904584 ns
[2023-07-17T15:15:20.594+0000][1][safepoint    ] Safepoint "RevokeBias", Time since last: 916921083 ns, Reaching safepoint: 2108459 ns, At safepoint: 477541 ns, Total: 2586000 ns
[2023-07-17T15:15:21.599+0000][1][safepoint    ] Safepoint "Cleanup", Time since last: 1000726876 ns, Reaching safepoint: 3520875 ns, At safepoint: 118208 ns, Total: 3639083 ns
[2023-07-17T15:15:22.601+0000][1][safepoint    ] Safepoint "Cleanup", Time since last: 1001011334 ns, Reaching safepoint: 1590708 ns, At safepoint: 36750 ns, Total: 1627458 ns
[2023-07-17T15:15:23.607+0000][1][safepoint    ] Safepoint "Cleanup", Time since last: 1003339001 ns, Reaching safepoint: 1699208 ns, At safepoint: 48917 ns, Total: 1748125 ns
[2023-07-17T15:15:24.610+0000][1][safepoint    ] Safepoint "Cleanup", Time since last: 1001491459 ns, Reaching safepoint: 1971750 ns, At safepoint: 60833 ns, Total: 2032583 ns
[2023-07-17T15:15:25.615+0000][1][safepoint    ] Safepoint "Cleanup", Time since last: 1001909625 ns, Reaching safepoint: 2842125 ns, At safepoint: 135500 ns, Total: 2977625 ns
[2023-07-17T15:15:26.619+0000][1][safepoint    ] Safepoint "Cleanup", Time since last: 1001654876 ns, Reaching safepoint: 2023125 ns, At safepoint: 58833 ns, Total: 2081958 ns
[2023-07-17T15:15:27.624+0000][1][safepoint    ] Safepoint "Cleanup", Time since last: 1001963001 ns, Reaching safepoint: 3262750 ns, At safepoint: 104458 ns, Total: 3367208 ns
[2023-07-17T15:15:28.631+0000][1][safepoint    ] Safepoint "Cleanup", Time since last: 1002016876 ns, Reaching safepoint: 5038000 ns, At safepoint: 131375 ns, Total: 5169375 ns
[2023-07-17T15:15:29.635+0000][1][safepoint    ] Safepoint "Cleanup", Time since last: 1001390375 ns, Reaching safepoint: 2297250 ns, At safepoint: 83708 ns, Total: 2380958 ns
[2023-07-17T15:15:30.581+0000][1][safepoint    ] Safepoint "RevokeBias", Time since last: 942846084 ns, Reaching safepoint: 2351584 ns, At safepoint: 497833 ns, Total: 2849417 ns
[2023-07-17T15:15:31.586+0000][1][safepoint    ] Safepoint "Cleanup", Time since last: 1000501584 ns, Reaching safepoint: 4882916 ns, At safepoint: 71959 ns, Total: 4954875 ns
[2023-07-17T15:15:32.588+0000][1][safepoint    ] Safepoint "Cleanup", Time since last: 1000757208 ns, Reaching safepoint: 1040417 ns, At safepoint: 20375 ns, Total: 1060792 ns
[2023-07-17T15:15:33.592+0000][1][safepoint    ] Safepoint "Cleanup", Time since last: 1000752501 ns, Reaching safepoint: 3147708 ns, At safepoint: 76833 ns, Total: 3224541 ns
[2023-07-17T15:15:34.596+0000][1][safepoint    ] Safepoint "Cleanup", Time since last: 1001414709 ns, Reaching safepoint: 2350583 ns, At safepoint: 72084 ns, Total: 2422667 ns
[2023-07-17T15:15:35.599+0000][1][safepoint    ] Safepoint "Cleanup", Time since last: 1001180459 ns, Reaching safepoint: 2027875 ns, At safepoint: 77083 ns, Total: 2104958 ns
[2023-07-17T15:15:36.603+0000][1][safepoint    ] Safepoint "Cleanup", Time since last: 1001256625 ns, Reaching safepoint: 2573000 ns, At safepoint: 70959 ns, Total: 2643959 ns
[2023-07-17T15:15:37.608+0000][1][safepoint    ] Safepoint "Cleanup", Time since last: 1001166917 ns, Reaching safepoint: 3830500 ns, At safepoint: 86583 ns, Total: 3917083 ns
[2023-07-17T15:15:38.612+0000][1][safepoint    ] Safepoint "Cleanup", Time since last: 1001912126 ns, Reaching safepoint: 1935958 ns, At safepoint: 95708 ns, Total: 2031666 ns
[2023-07-17T15:15:39.617+0000][1][safepoint    ] Safepoint "Cleanup", Time since last: 1001569417 ns, Reaching safepoint: 3539000 ns, At safepoint: 69917 ns, Total: 3608917 ns
[2023-07-17T15:15:40.587+0000][1][safepoint    ] Safepoint "RevokeBias", Time since last: 968042209 ns, Reaching safepoint: 1934542 ns, At safepoint: 387375 ns, Total: 2321917 ns
[2023-07-17T15:15:41.591+0000][1][safepoint    ] Safepoint "Cleanup", Time since last: 1000828417 ns, Reaching safepoint: 2506000 ns, At safepoint: 231500 ns, Total: 2737500 ns
[2023-07-17T15:15:42.599+0000][1][safepoint    ] Safepoint "Cleanup", Time since last: 1005429708 ns, Reaching safepoint: 2417167 ns, At safepoint: 73250 ns, Total: 2490417 ns
[2023-07-17T15:15:43.602+0000][1][safepoint    ] Safepoint "Cleanup", Time since last: 1001328917 ns, Reaching safepoint: 2082583 ns, At safepoint: 20958 ns, Total: 2103541 ns
[2023-07-17T15:15:44.605+0000][1][safepoint    ] Safepoint "Cleanup", Time since last: 1000462501 ns, Reaching safepoint: 1812042 ns, At safepoint: 52083 ns, Total: 1864125 ns
[2023-07-17T15:15:45.611+0000][1][safepoint    ] Safepoint "Cleanup", Time since last: 1002787625 ns, Reaching safepoint: 3770709 ns, At safepoint: 178291 ns, Total: 3949000 ns
[2023-07-17T15:15:46.615+0000][1][safepoint    ] Safepoint "Cleanup", Time since last: 1001078668 ns, Reaching safepoint: 1956750 ns, At safepoint: 117625 ns, Total: 2074375 ns
[2023-07-17T15:15:47.618+0000][1][safepoint    ] Safepoint "Cleanup", Time since last: 1001890500 ns, Reaching safepoint: 1291625 ns, At safepoint: 34750 ns, Total: 1326375 ns
[2023-07-17T15:15:48.622+0000][1][safepoint    ] Safepoint "Cleanup", Time since last: 1001557292 ns, Reaching safepoint: 2864042 ns, At safepoint: 70708 ns, Total: 2934750 ns
[2023-07-17T15:15:49.626+0000][1][safepoint    ] Safepoint "Cleanup", Time since last: 1002033501 ns, Reaching safepoint: 1273541 ns, At safepoint: 26209 ns, Total: 1299750 ns
[2023-07-17T15:15:50.133+0000][1][safepoint    ] Safepoint "RevokeBias", Time since last: 502014625 ns, Reaching safepoint: 4651375 ns, At safepoint: 1041792 ns, Total: 5693167 ns
[2023-07-17T15:15:50.147+0000][1][safepoint    ] Safepoint "RevokeBias", Time since last: 11861250 ns, Reaching safepoint: 1265125 ns, At safepoint: 277416 ns, Total: 1542541 ns
[2023-07-17T15:15:50.174+0000][1][safepoint    ] Safepoint "RevokeBias", Time since last: 26503625 ns, Reaching safepoint: 729042 ns, At safepoint: 85500 ns, Total: 814542 ns
[2023-07-17T15:15:50.176+0000][1][safepoint    ] Safepoint "RevokeBias", Time since last: 1171333 ns, Reaching safepoint: 518959 ns, At safepoint: 276458 ns, Total: 795417 ns
[2023-07-17T15:15:50.179+0000][1][safepoint    ] Safepoint "RevokeBias", Time since last: 2072958 ns, Reaching safepoint: 946209 ns, At safepoint: 100625 ns, Total: 1046834 ns
[2023-07-17T15:15:51.181+0000][1][safepoint    ] Safepoint "Cleanup", Time since last: 1001289500 ns, Reaching safepoint: 1065750 ns, At safepoint: 25042 ns, Total: 1090792 ns
[2023-07-17T15:15:52.186+0000][1][safepoint    ] Safepoint "Cleanup", Time since last: 1001834000 ns, Reaching safepoint: 2709500 ns, At safepoint: 117334 ns, Total: 2826834 ns
[2023-07-17T15:15:53.190+0000][1][safepoint    ] Safepoint "Cleanup", Time since last: 1002151917 ns, Reaching safepoint: 1326166 ns, At safepoint: 38250 ns, Total: 1364416 ns
[2023-07-17T15:15:54.194+0000][1][safepoint    ] Safepoint "Cleanup", Time since last: 1001738292 ns, Reaching safepoint: 2953625 ns, At safepoint: 80792 ns, Total: 3034417 ns
[2023-07-17T15:15:55.199+0000][1][safepoint    ] Safepoint "Cleanup", Time since last: 1003028334 ns, Reaching safepoint: 1235375 ns, At safepoint: 45083 ns, Total: 1280458 ns
[2023-07-17T15:15:56.201+0000][1][safepoint    ] Safepoint "Cleanup", Time since last: 1000689751 ns, Reaching safepoint: 1163958 ns, At safepoint: 31708 ns, Total: 1195666 ns
[2023-07-17T15:15:57.204+0000][1][safepoint    ] Safepoint "Cleanup", Time since last: 1001716209 ns, Reaching safepoint: 2041459 ns, At safepoint: 58541 ns, Total: 2100000 ns
[2023-07-17T15:15:58.209+0000][1][safepoint    ] Safepoint "Cleanup", Time since last: 1001680542 ns, Reaching safepoint: 3178417 ns, At safepoint: 80625 ns, Total: 3259042 ns
[2023-07-17T15:15:59.217+0000][1][safepoint    ] Safepoint "Cleanup", Time since last: 1002052084 ns, Reaching safepoint: 5139417 ns, At safepoint: 94500 ns, Total: 5233917 ns
[2023-07-17T15:16:00.220+0000][1][safepoint    ] Safepoint "Cleanup", Time since last: 1000650417 ns, Reaching safepoint: 1916708 ns, At safepoint: 820500 ns, Total: 2737208 ns
[2023-07-17T15:16:01.225+0000][1][safepoint    ] Safepoint "Cleanup", Time since last: 1001750000 ns, Reaching safepoint: 3583042 ns, At safepoint: 98083 ns, Total: 3681125 ns
[2023-07-17T15:16:02.234+0000][1][safepoint    ] Safepoint "Cleanup", Time since last: 1006307418 ns, Reaching safepoint: 2029625 ns, At safepoint: 54375 ns, Total: 2084000 ns
[2023-07-17T15:16:03.241+0000][1][safepoint    ] Safepoint "Cleanup", Time since last: 1004050958 ns, Reaching safepoint: 2771167 ns, At safepoint: 63583 ns, Total: 2834750 ns
[2023-07-17T15:16:04.248+0000][1][safepoint    ] Safepoint "Cleanup", Time since last: 1001657459 ns, Reaching safepoint: 3723792 ns, At safepoint: 1993708 ns, Total: 5717500 ns
[2023-07-17T15:16:05.252+0000][1][safepoint    ] Safepoint "Cleanup", Time since last: 1002038292 ns, Reaching safepoint: 1916334 ns, At safepoint: 52166 ns, Total: 1968500 ns
[2023-07-17T15:16:06.254+0000][1][safepoint    ] Safepoint "Cleanup", Time since last: 1000879084 ns, Reaching safepoint: 1124167 ns, At safepoint: 28875 ns, Total: 1153042 ns
[2023-07-17T15:16:07.257+0000][1][safepoint    ] Safepoint "Cleanup", Time since last: 1002046875 ns, Reaching safepoint: 743334 ns, At safepoint: 16583 ns, Total: 759917 ns
[2023-07-17T15:16:08.262+0000][1][safepoint    ] Safepoint "Cleanup", Time since last: 1000957209 ns, Reaching safepoint: 3966833 ns, At safepoint: 73542 ns, Total: 4040375 ns
[2023-07-17T15:16:09.267+0000][1][safepoint    ] Safepoint "Cleanup", Time since last: 1001472084 ns, Reaching safepoint: 3124125 ns, At safepoint: 116833 ns, Total: 3240958 ns
[2023-07-17T15:16:10.270+0000][1][safepoint    ] Safepoint "Cleanup", Time since last: 1001101917 ns, Reaching safepoint: 1976375 ns, At safepoint: 61542 ns, Total: 2037917 ns
[2023-07-17T15:16:11.274+0000][1][safepoint    ] Safepoint "Cleanup", Time since last: 1001038709 ns, Reaching safepoint: 2929791 ns, At safepoint: 78209 ns, Total: 3008000 ns
[2023-07-17T15:16:12.279+0000][1][safepoint    ] Safepoint "Cleanup", Time since last: 1002162958 ns, Reaching safepoint: 2791000 ns, At safepoint: 78416 ns, Total: 2869416 ns
[2023-07-17T15:16:13.282+0000][1][safepoint    ] Safepoint "Cleanup", Time since last: 1001605209 ns, Reaching safepoint: 1667417 ns, At safepoint: 52208 ns, Total: 1719625 ns
[2023-07-17T15:16:14.286+0000][1][safepoint    ] Safepoint "Cleanup", Time since last: 1001725667 ns, Reaching safepoint: 2511625 ns, At safepoint: 60417 ns, Total: 2572042 ns
[2023-07-17T15:16:15.289+0000][1][safepoint    ] Safepoint "Cleanup", Time since last: 1000973667 ns, Reaching safepoint: 1868334 ns, At safepoint: 57666 ns, Total: 1926000 ns
[2023-07-17T15:16:16.022+0000][1][safepoint    ] Safepoint "RevokeBias", Time since last: 731905084 ns, Reaching safepoint: 974750 ns, At safepoint: 44042 ns, Total: 1018792 ns
[2023-07-17T15:16:16.042+0000][1][safepoint    ] Safepoint "RevokeBias", Time since last: 19457666 ns, Reaching safepoint: 491292 ns, At safepoint: 25958 ns, Total: 517250 ns
[2023-07-17T15:16:17.047+0000][1][safepoint    ] Safepoint "Cleanup", Time since last: 1000765042 ns, Reaching safepoint: 3966667 ns, At safepoint: 151083 ns, Total: 4117750 ns
[2023-07-17T15:16:18.051+0000][1][safepoint    ] Safepoint "Cleanup", Time since last: 1001756918 ns, Reaching safepoint: 1688916 ns, At safepoint: 67500 ns, Total: 1756416 ns
[2023-07-17T15:16:19.054+0000][1][safepoint    ] Safepoint "Cleanup", Time since last: 1001035376 ns, Reaching safepoint: 2573750 ns, At safepoint: 59625 ns, Total: 2633375 ns
[2023-07-17T15:16:20.059+0000][1][safepoint    ] Safepoint "Cleanup", Time since last: 1001014458 ns, Reaching safepoint: 3597792 ns, At safepoint: 88292 ns, Total: 3686084 ns
[2023-07-17T15:16:20.594+0000][1][safepoint    ] Safepoint "RevokeBias", Time since last: 532680750 ns, Reaching safepoint: 1907667 ns, At safepoint: 393833 ns, Total: 2301500 ns
[2023-07-17T15:16:21.599+0000][1][safepoint    ] Safepoint "Cleanup", Time since last: 1002572126 ns, Reaching safepoint: 2423666 ns, At safepoint: 73209 ns, Total: 2496875 ns
[2023-07-17T15:16:22.603+0000][1][safepoint    ] Safepoint "Cleanup", Time since last: 1001993875 ns, Reaching safepoint: 1529792 ns, At safepoint: 64166 ns, Total: 1593958 ns
[2023-07-17T15:16:23.605+0000][1][safepoint    ] Safepoint "Cleanup", Time since last: 1001701376 ns, Reaching safepoint: 1112917 ns, At safepoint: 24416 ns, Total: 1137333 ns
[2023-07-17T15:16:24.609+0000][1][safepoint    ] Safepoint "Cleanup", Time since last: 1001664751 ns, Reaching safepoint: 1583083 ns, At safepoint: 45042 ns, Total: 1628125 ns
[2023-07-17T15:16:25.613+0000][1][safepoint    ] Safepoint "Cleanup", Time since last: 1001263250 ns, Reaching safepoint: 2587417 ns, At safepoint: 66666 ns, Total: 2654083 ns
[2023-07-17T15:16:26.627+0000][1][safepoint    ] Safepoint "Cleanup", Time since last: 1011030709 ns, Reaching safepoint: 3307125 ns, At safepoint: 86959 ns, Total: 3394084 ns
[2023-07-17T15:16:27.633+0000][1][safepoint    ] Safepoint "Cleanup", Time since last: 1003521500 ns, Reaching safepoint: 2368375 ns, At safepoint: 85542 ns, Total: 2453917 ns
[2023-07-17T15:16:28.637+0000][1][safepoint    ] Safepoint "Cleanup", Time since last: 1001025750 ns, Reaching safepoint: 2594375 ns, At safepoint: 81000 ns, Total: 2675375 ns
[2023-07-17T15:16:29.643+0000][1][safepoint    ] Safepoint "Cleanup", Time since last: 1001598917 ns, Reaching safepoint: 4521542 ns, At safepoint: 129417 ns, Total: 4650959 ns
[2023-07-17T15:16:30.587+0000][1][safepoint    ] Safepoint "RevokeBias", Time since last: 941952459 ns, Reaching safepoint: 1870375 ns, At safepoint: 570708 ns, Total: 2441083 ns
[2023-07-17T15:16:31.590+0000][1][safepoint    ] Safepoint "Cleanup", Time since last: 1000783125 ns, Reaching safepoint: 1641125 ns, At safepoint: 30125 ns, Total: 1671250 ns
[2023-07-17T15:16:32.595+0000][1][safepoint    ] Safepoint "Cleanup", Time since last: 1001435209 ns, Reaching safepoint: 3692500 ns, At safepoint: 73583 ns, Total: 3766083 ns
[2023-07-17T15:16:33.601+0000][1][safepoint    ] Safepoint "Cleanup", Time since last: 1002607459 ns, Reaching safepoint: 3015375 ns, At safepoint: 102334 ns, Total: 3117709 ns
[2023-07-17T15:16:34.604+0000][1][safepoint    ] Safepoint "Cleanup", Time since last: 1001466458 ns, Reaching safepoint: 1847000 ns, At safepoint: 100792 ns, Total: 1947792 ns
[2023-07-17T15:16:35.610+0000][1][safepoint    ] Safepoint "Cleanup", Time since last: 1002090126 ns, Reaching safepoint: 4054375 ns, At safepoint: 88166 ns, Total: 4142541 ns
[2023-07-17T15:16:36.614+0000][1][safepoint    ] Safepoint "Cleanup", Time since last: 1001330209 ns, Reaching safepoint: 2618542 ns, At safepoint: 72708 ns, Total: 2691250 ns
[2023-07-17T15:16:37.620+0000][1][safepoint    ] Safepoint "Cleanup", Time since last: 1003551292 ns, Reaching safepoint: 2142417 ns, At safepoint: 68792 ns, Total: 2211209 ns
[2023-07-17T15:16:38.626+0000][1][safepoint    ] Safepoint "Cleanup", Time since last: 1001823458 ns, Reaching safepoint: 4054917 ns, At safepoint: 124750 ns, Total: 4179667 ns
[2023-07-17T15:16:39.633+0000][1][safepoint    ] Safepoint "Cleanup", Time since last: 1003492250 ns, Reaching safepoint: 2611167 ns, At safepoint: 170583 ns, Total: 2781750 ns
[2023-07-17T15:16:40.594+0000][1][safepoint    ] Safepoint "RevokeBias", Time since last: 959761709 ns, Reaching safepoint: 1739667 ns, At safepoint: 422833 ns, Total: 2162500 ns
[2023-07-17T15:16:41.597+0000][1][safepoint    ] Safepoint "Cleanup", Time since last: 1000607834 ns, Reaching safepoint: 1965292 ns, At safepoint: 57708 ns, Total: 2023000 ns
[2023-07-17T15:16:42.600+0000][1][safepoint    ] Safepoint "Cleanup", Time since last: 1001163208 ns, Reaching safepoint: 1222459 ns, At safepoint: 31208 ns, Total: 1253667 ns
[2023-07-17T15:16:43.602+0000][1][safepoint    ] Safepoint "Cleanup", Time since last: 1000553375 ns, Reaching safepoint: 1174792 ns, At safepoint: 19417 ns, Total: 1194209 ns
[2023-07-17T15:16:44.605+0000][1][safepoint    ] Safepoint "Cleanup", Time since last: 1001803625 ns, Reaching safepoint: 2031875 ns, At safepoint: 61792 ns, Total: 2093667 ns
[2023-07-17T15:16:45.609+0000][1][safepoint    ] Safepoint "Cleanup", Time since last: 1000873917 ns, Reaching safepoint: 2885250 ns, At safepoint: 88083 ns, Total: 2973333 ns
[2023-07-17T15:16:46.614+0000][1][safepoint    ] Safepoint "Cleanup", Time since last: 1003500376 ns, Reaching safepoint: 1081500 ns, At safepoint: 36625 ns, Total: 1118125 ns
[2023-07-17T15:16:47.617+0000][1][safepoint    ] Safepoint "Cleanup", Time since last: 1001976584 ns, Reaching safepoint: 920708 ns, At safepoint: 23958 ns, Total: 944666 ns
[2023-07-17T15:16:48.621+0000][1][safepoint    ] Safepoint "Cleanup", Time since last: 1002701876 ns, Reaching safepoint: 1044875 ns, At safepoint: 28208 ns, Total: 1073083 ns
[2023-07-17T15:16:49.622+0000][1][safepoint    ] Safepoint "Cleanup", Time since last: 1000526542 ns, Reaching safepoint: 1275834 ns, At safepoint: 21916 ns, Total: 1297750 ns
[2023-07-17T15:16:50.625+0000][1][safepoint    ] Safepoint "Cleanup", Time since last: 1001818792 ns, Reaching safepoint: 1053042 ns, At safepoint: 24083 ns, Total: 1077125 ns
[2023-07-17T15:16:51.104+0000][1][safepoint    ] Safepoint "RevokeBias", Time since last: 477449042 ns, Reaching safepoint: 902750 ns, At safepoint: 170417 ns, Total: 1073167 ns
[2023-07-17T15:16:51.106+0000][1][safepoint    ] Safepoint "RevokeBias", Time since last: 1936042 ns, Reaching safepoint: 606916 ns, At safepoint: 102334 ns, Total: 709250 ns
[2023-07-17T15:16:51.111+0000][1][safepoint    ] Safepoint "RevokeBias", Time since last: 4278166 ns, Reaching safepoint: 591250 ns, At safepoint: 117167 ns, Total: 708417 ns
[2023-07-17T15:16:51.137+0000][1][safepoint    ] Safepoint "RevokeBias", Time since last: 24645833 ns, Reaching safepoint: 922250 ns, At safepoint: 112292 ns, Total: 1034542 ns
[2023-07-17T15:16:51.156+0000][1][safepoint    ] Safepoint "RevokeBias", Time since last: 17112792 ns, Reaching safepoint: 1481500 ns, At safepoint: 91416 ns, Total: 1572916 ns
[2023-07-17T15:16:52.162+0000][1][safepoint    ] Safepoint "Cleanup", Time since last: 1002240876 ns, Reaching safepoint: 3434250 ns, At safepoint: 101166 ns, Total: 3535416 ns
[2023-07-17T15:16:53.164+0000][1][safepoint    ] Safepoint "Cleanup", Time since last: 1001494168 ns, Reaching safepoint: 691125 ns, At safepoint: 22291 ns, Total: 713416 ns
[2023-07-17T15:16:54.167+0000][1][safepoint    ] Safepoint "Cleanup", Time since last: 1001411917 ns, Reaching safepoint: 1574125 ns, At safepoint: 52959 ns, Total: 1627084 ns
[2023-07-17T15:16:55.170+0000][1][safepoint    ] Safepoint "Cleanup", Time since last: 1001398917 ns, Reaching safepoint: 1722583 ns, At safepoint: 59375 ns, Total: 1781958 ns
[2023-07-17T15:16:56.173+0000][1][safepoint    ] Safepoint "Cleanup", Time since last: 1001482167 ns, Reaching safepoint: 1436625 ns, At safepoint: 30875 ns, Total: 1467500 ns
[2023-07-17T15:16:57.183+0000][1][safepoint    ] Safepoint "Cleanup", Time since last: 1004215334 ns, Reaching safepoint: 5335834 ns, At safepoint: 169791 ns, Total: 5505625 ns
[2023-07-17T15:16:58.186+0000][1][safepoint    ] Safepoint "Cleanup", Time since last: 1001370126 ns, Reaching safepoint: 1727750 ns, At safepoint: 60291 ns, Total: 1788041 ns
[2023-07-17T15:16:59.191+0000][1][safepoint    ] Safepoint "Cleanup", Time since last: 1001422209 ns, Reaching safepoint: 3713250 ns, At safepoint: 90125 ns, Total: 3803375 ns
[2023-07-17T15:17:00.195+0000][1][safepoint    ] Safepoint "Cleanup", Time since last: 1001327667 ns, Reaching safepoint: 2876584 ns, At safepoint: 66375 ns, Total: 2942959 ns
[2023-07-17T15:17:00.589+0000][1][safepoint    ] Safepoint "RevokeBias", Time since last: 391132333 ns, Reaching safepoint: 1752542 ns, At safepoint: 439208 ns, Total: 2191750 ns
[2023-07-17T15:17:00.630+0000][1][gc,start     ] GC(25) Pause Young (Allocation Failure)
[2023-07-17T15:17:00.632+0000][1][gc,task      ] GC(25) Using 4 workers of 4 for evacuation
[2023-07-17T15:17:00.668+0000][1][gc,age       ] GC(25) Desired survivor size 8945664 bytes, new threshold 6 (max threshold 6)
[2023-07-17T15:17:00.668+0000][1][gc,age       ] GC(25) Age table with threshold 6 (max threshold 6)
[2023-07-17T15:17:00.668+0000][1][gc,age       ] GC(25) - age   1:     181688 bytes,     181688 total
[2023-07-17T15:17:00.668+0000][1][gc,age       ] GC(25) - age   2:       7200 bytes,     188888 total
[2023-07-17T15:17:00.668+0000][1][gc,age       ] GC(25) - age   3:       7784 bytes,     196672 total
[2023-07-17T15:17:00.668+0000][1][gc,age       ] GC(25) - age   4:      18272 bytes,     214944 total
[2023-07-17T15:17:00.669+0000][1][gc,age       ] GC(25) - age   5:     130784 bytes,     345728 total
[2023-07-17T15:17:00.669+0000][1][gc,age       ] GC(25) - age   6:      39056 bytes,     384784 total
[2023-07-17T15:17:00.670+0000][1][gc,heap      ] GC(25) ParNew: 140955K->560K(157248K)
[2023-07-17T15:17:00.670+0000][1][gc,heap      ] GC(25) CMS: 68808K->68865K(349568K)
[2023-07-17T15:17:00.670+0000][1][gc,metaspace ] GC(25) Metaspace: 88850K->88850K(1130496K)
[2023-07-17T15:17:00.671+0000][1][gc           ] GC(25) Pause Young (Allocation Failure) 204M->67M(494M) 40.825ms
[2023-07-17T15:17:00.671+0000][1][gc,cpu       ] GC(25) User=0.07s Sys=0.02s Real=0.05s
[2023-07-17T15:17:00.672+0000][1][safepoint    ] Safepoint "GenCollectForAllocation", Time since last: 40020875 ns, Reaching safepoint: 1267875 ns, At safepoint: 41817209 ns, Total: 43085084 ns
[2023-07-17T15:17:01.674+0000][1][safepoint    ] Safepoint "Cleanup", Time since last: 1000410417 ns, Reaching safepoint: 1324208 ns, At safepoint: 26333 ns, Total: 1350541 ns
[2023-07-17T15:17:02.675+0000][1][safepoint    ] Safepoint "Cleanup", Time since last: 1000634959 ns, Reaching safepoint: 877917 ns, At safepoint: 21917 ns, Total: 899834 ns
[2023-07-17T15:17:03.678+0000][1][safepoint    ] Safepoint "Cleanup", Time since last: 1000701625 ns, Reaching safepoint: 2166833 ns, At safepoint: 65542 ns, Total: 2232375 ns
[2023-07-17T15:17:04.683+0000][1][safepoint    ] Safepoint "Cleanup", Time since last: 1001047542 ns, Reaching safepoint: 3018542 ns, At safepoint: 440541 ns, Total: 3459083 ns
[2023-07-17T15:17:05.686+0000][1][safepoint    ] Safepoint "Cleanup", Time since last: 1001449376 ns, Reaching safepoint: 2151667 ns, At safepoint: 77458 ns, Total: 2229125 ns
[2023-07-17T15:17:06.688+0000][1][safepoint    ] Safepoint "Cleanup", Time since last: 1000902667 ns, Reaching safepoint: 1089042 ns, At safepoint: 24750 ns, Total: 1113792 ns
[2023-07-17T15:17:07.691+0000][1][safepoint    ] Safepoint "Cleanup", Time since last: 1000644750 ns, Reaching safepoint: 1600459 ns, At safepoint: 47375 ns, Total: 1647834 ns
[2023-07-17T15:17:08.694+0000][1][safepoint    ] Safepoint "Cleanup", Time since last: 1000824792 ns, Reaching safepoint: 2486291 ns, At safepoint: 56584 ns, Total: 2542875 ns
[2023-07-17T15:17:09.700+0000][1][safepoint    ] Safepoint "Cleanup", Time since last: 1002978834 ns, Reaching safepoint: 3060791 ns, At safepoint: 107209 ns, Total: 3168000 ns
[2023-07-17T15:17:10.600+0000][1][safepoint    ] Safepoint "RevokeBias", Time since last: 894304167 ns, Reaching safepoint: 1781875 ns, At safepoint: 3698708 ns, Total: 5480583 ns
[2023-07-17T15:17:11.602+0000][1][safepoint    ] Safepoint "Cleanup", Time since last: 1000988875 ns, Reaching safepoint: 848750 ns, At safepoint: 18334 ns, Total: 867084 ns
[2023-07-17T15:17:12.603+0000][1][safepoint    ] Safepoint "Cleanup", Time since last: 1000770333 ns, Reaching safepoint: 1201708 ns, At safepoint: 36542 ns, Total: 1238250 ns
[2023-07-17T15:17:13.606+0000][1][safepoint    ] Safepoint "Cleanup", Time since last: 1001224833 ns, Reaching safepoint: 1538792 ns, At safepoint: 47583 ns, Total: 1586375 ns
[2023-07-17T15:17:14.610+0000][1][safepoint    ] Safepoint "Cleanup", Time since last: 1002518751 ns, Reaching safepoint: 1279708 ns, At safepoint: 26250 ns, Total: 1305958 ns
[2023-07-17T15:17:15.613+0000][1][safepoint    ] Safepoint "Cleanup", Time since last: 1000527626 ns, Reaching safepoint: 2658791 ns, At safepoint: 99750 ns, Total: 2758541 ns
[2023-07-17T15:17:16.615+0000][1][safepoint    ] Safepoint "Cleanup", Time since last: 1001145668 ns, Reaching safepoint: 1145875 ns, At safepoint: 29041 ns, Total: 1174916 ns
[2023-07-17T15:17:17.619+0000][1][safepoint    ] Safepoint "Cleanup", Time since last: 1002222959 ns, Reaching safepoint: 1281000 ns, At safepoint: 44125 ns, Total: 1325125 ns
[2023-07-17T15:17:18.626+0000][1][safepoint    ] Safepoint "Cleanup", Time since last: 1004679167 ns, Reaching safepoint: 1960083 ns, At safepoint: 50792 ns, Total: 2010875 ns
[2023-07-17T15:17:19.632+0000][1][safepoint    ] Safepoint "Cleanup", Time since last: 1002214334 ns, Reaching safepoint: 3485708 ns, At safepoint: 89834 ns, Total: 3575542 ns
[2023-07-17T15:17:20.558+0000][1][safepoint    ] Safepoint "RevokeBias", Time since last: 923696458 ns, Reaching safepoint: 2188667 ns, At safepoint: 681833 ns, Total: 2870500 ns
[2023-07-17T15:17:21.564+0000][1][safepoint    ] Safepoint "Cleanup", Time since last: 1003010918 ns, Reaching safepoint: 2811333 ns, At safepoint: 31583 ns, Total: 2842916 ns
[2023-07-17T15:17:22.566+0000][1][safepoint    ] Safepoint "Cleanup", Time since last: 1000672626 ns, Reaching safepoint: 971083 ns, At safepoint: 28708 ns, Total: 999791 ns
[2023-07-17T15:17:23.567+0000][1][safepoint    ] Safepoint "Cleanup", Time since last: 1000677084 ns, Reaching safepoint: 1179792 ns, At safepoint: 37458 ns, Total: 1217250 ns
[2023-07-17T15:17:24.569+0000][1][safepoint    ] Safepoint "Cleanup", Time since last: 1000507584 ns, Reaching safepoint: 1038000 ns, At safepoint: 22292 ns, Total: 1060292 ns
[2023-07-17T15:17:25.570+0000][1][safepoint    ] Safepoint "Cleanup", Time since last: 1000603417 ns, Reaching safepoint: 648916 ns, At safepoint: 14250 ns, Total: 663166 ns
[2023-07-17T15:17:26.572+0000][1][safepoint    ] Safepoint "Cleanup", Time since last: 1000422251 ns, Reaching safepoint: 905292 ns, At safepoint: 20041 ns, Total: 925333 ns
[2023-07-17T15:17:27.573+0000][1][safepoint    ] Safepoint "Cleanup", Time since last: 1000368709 ns, Reaching safepoint: 953167 ns, At safepoint: 30875 ns, Total: 984042 ns
[2023-07-17T15:17:28.574+0000][1][safepoint    ] Safepoint "Cleanup", Time since last: 1000386542 ns, Reaching safepoint: 819083 ns, At safepoint: 16500 ns, Total: 835583 ns
[2023-07-17T15:17:29.576+0000][1][safepoint    ] Safepoint "Cleanup", Time since last: 1000652417 ns, Reaching safepoint: 829375 ns, At safepoint: 16167 ns, Total: 845542 ns
[2023-07-17T15:17:30.579+0000][1][safepoint    ] Safepoint "Cleanup", Time since last: 1001904667 ns, Reaching safepoint: 1484542 ns, At safepoint: 23125 ns, Total: 1507667 ns
[2023-07-17T15:17:31.583+0000][1][safepoint    ] Safepoint "Cleanup", Time since last: 1002421125 ns, Reaching safepoint: 1071417 ns, At safepoint: 18625 ns, Total: 1090042 ns
[2023-07-17T15:17:32.584+0000][1][safepoint    ] Safepoint "Cleanup", Time since last: 1000389667 ns, Reaching safepoint: 809458 ns, At safepoint: 17084 ns, Total: 826542 ns
[2023-07-17T15:17:33.585+0000][1][safepoint    ] Safepoint "Cleanup", Time since last: 1000416375 ns, Reaching safepoint: 757125 ns, At safepoint: 14709 ns, Total: 771834 ns
[2023-07-17T15:17:34.586+0000][1][safepoint    ] Safepoint "Cleanup", Time since last: 1000501792 ns, Reaching safepoint: 639291 ns, At safepoint: 14209 ns, Total: 653500 ns
[2023-07-17T15:17:35.588+0000][1][safepoint    ] Safepoint "Cleanup", Time since last: 1000632000 ns, Reaching safepoint: 760750 ns, At safepoint: 15792 ns, Total: 776542 ns
[2023-07-17T15:17:36.589+0000][1][safepoint    ] Safepoint "Cleanup", Time since last: 1000778042 ns, Reaching safepoint: 768917 ns, At safepoint: 14458 ns, Total: 783375 ns
[2023-07-17T15:17:37.591+0000][1][safepoint    ] Safepoint "Cleanup", Time since last: 1000570209 ns, Reaching safepoint: 1129208 ns, At safepoint: 51792 ns, Total: 1181000 ns
[2023-07-17T15:17:38.594+0000][1][safepoint    ] Safepoint "Cleanup", Time since last: 1001393417 ns, Reaching safepoint: 1707042 ns, At safepoint: 37541 ns, Total: 1744583 ns
[2023-07-17T15:17:39.596+0000][1][safepoint    ] Safepoint "Cleanup", Time since last: 1000751251 ns, Reaching safepoint: 776458 ns, At safepoint: 15583 ns, Total: 792041 ns
[2023-07-17T15:17:40.598+0000][1][safepoint    ] Safepoint "Cleanup", Time since last: 1000425709 ns, Reaching safepoint: 1669459 ns, At safepoint: 28708 ns, Total: 1698167 ns
[2023-07-17T15:17:41.599+0000][1][safepoint    ] Safepoint "Cleanup", Time since last: 1000529250 ns, Reaching safepoint: 1188125 ns, At safepoint: 22834 ns, Total: 1210959 ns
[2023-07-17T15:17:42.601+0000][1][safepoint    ] Safepoint "Cleanup", Time since last: 1000741500 ns, Reaching safepoint: 720667 ns, At safepoint: 17875 ns, Total: 738542 ns
[2023-07-17T15:17:43.603+0000][1][safepoint    ] Safepoint "Cleanup", Time since last: 1000394375 ns, Reaching safepoint: 1352042 ns, At safepoint: 19375 ns, Total: 1371417 ns
[2023-07-17T15:17:44.604+0000][1][safepoint    ] Safepoint "Cleanup", Time since last: 1000311334 ns, Reaching safepoint: 775000 ns, At safepoint: 40500 ns, Total: 815500 ns
[2023-07-17T15:17:45.607+0000][1][safepoint    ] Safepoint "Cleanup", Time since last: 1000623875 ns, Reaching safepoint: 2834250 ns, At safepoint: 64292 ns, Total: 2898542 ns
[2023-07-17T15:17:46.611+0000][1][safepoint    ] Safepoint "Cleanup", Time since last: 1001097250 ns, Reaching safepoint: 1980917 ns, At safepoint: 53625 ns, Total: 2034542 ns
[2023-07-17T15:17:47.614+0000][1][safepoint    ] Safepoint "Cleanup", Time since last: 1001044584 ns, Reaching safepoint: 2161583 ns, At safepoint: 46583 ns, Total: 2208166 ns
[2023-07-17T15:17:48.618+0000][1][safepoint    ] Safepoint "Cleanup", Time since last: 1001842792 ns, Reaching safepoint: 1778042 ns, At safepoint: 201792 ns, Total: 1979834 ns
[2023-07-17T15:17:49.620+0000][1][safepoint    ] Safepoint "Cleanup", Time since last: 1000691084 ns, Reaching safepoint: 1786000 ns, At safepoint: 55708 ns, Total: 1841708 ns
[2023-07-17T15:17:50.622+0000][1][safepoint    ] Safepoint "Cleanup", Time since last: 1000801584 ns, Reaching safepoint: 1416166 ns, At safepoint: 28750 ns, Total: 1444916 ns
[2023-07-17T15:17:51.626+0000][1][safepoint    ] Safepoint "Cleanup", Time since last: 1002198793 ns, Reaching safepoint: 1524708 ns, At safepoint: 29500 ns, Total: 1554208 ns
[2023-07-17T15:17:52.104+0000][1][safepoint    ] Safepoint "RevokeBias", Time since last: 477404917 ns, Reaching safepoint: 895250 ns, At safepoint: 127083 ns, Total: 1022333 ns
[2023-07-17T15:17:52.107+0000][1][safepoint    ] Safepoint "RevokeBias", Time since last: 1300708 ns, Reaching safepoint: 697750 ns, At safepoint: 132750 ns, Total: 830500 ns
[2023-07-17T15:17:52.111+0000][1][safepoint    ] Safepoint "RevokeBias", Time since last: 3456542 ns, Reaching safepoint: 748167 ns, At safepoint: 84291 ns, Total: 832458 ns
[2023-07-17T15:17:52.137+0000][1][safepoint    ] Safepoint "RevokeBias", Time since last: 25640750 ns, Reaching safepoint: 705250 ns, At safepoint: 87000 ns, Total: 792250 ns
[2023-07-17T15:17:52.139+0000][1][safepoint    ] Safepoint "RevokeBias", Time since last: 1359417 ns, Reaching safepoint: 560250 ns, At safepoint: 72375 ns, Total: 632625 ns
[2023-07-17T15:17:53.144+0000][1][safepoint    ] Safepoint "Cleanup", Time since last: 1001476292 ns, Reaching safepoint: 2559834 ns, At safepoint: 76083 ns, Total: 2635917 ns
[2023-07-17T15:17:54.147+0000][1][safepoint    ] Safepoint "Cleanup", Time since last: 1001521209 ns, Reaching safepoint: 1917250 ns, At safepoint: 68791 ns, Total: 1986041 ns
[2023-07-17T15:17:55.149+0000][1][safepoint    ] Safepoint "Cleanup", Time since last: 1001399418 ns, Reaching safepoint: 1080291 ns, At safepoint: 26292 ns, Total: 1106583 ns
[2023-07-17T15:17:56.153+0000][1][safepoint    ] Safepoint "Cleanup", Time since last: 1001960417 ns, Reaching safepoint: 1546333 ns, At safepoint: 32542 ns, Total: 1578875 ns
[2023-07-17T15:17:57.156+0000][1][safepoint    ] Safepoint "Cleanup", Time since last: 1002235792 ns, Reaching safepoint: 1138125 ns, At safepoint: 29084 ns, Total: 1167209 ns
[2023-07-17T15:17:58.158+0000][1][safepoint    ] Safepoint "Cleanup", Time since last: 1000657042 ns, Reaching safepoint: 1017708 ns, At safepoint: 26208 ns, Total: 1043916 ns
[2023-07-17T15:17:59.162+0000][1][safepoint    ] Safepoint "Cleanup", Time since last: 1001924751 ns, Reaching safepoint: 2118000 ns, At safepoint: 64958 ns, Total: 2182958 ns
[2023-07-17T15:18:00.165+0000][1][safepoint    ] Safepoint "Cleanup", Time since last: 1001270042 ns, Reaching safepoint: 1427750 ns, At safepoint: 95167 ns, Total: 1522917 ns
[2023-07-17T15:18:01.169+0000][1][safepoint    ] Safepoint "Cleanup", Time since last: 1001869792 ns, Reaching safepoint: 1685750 ns, At safepoint: 44583 ns, Total: 1730333 ns
[2023-07-17T15:18:02.171+0000][1][safepoint    ] Safepoint "Cleanup", Time since last: 1001495209 ns, Reaching safepoint: 1118167 ns, At safepoint: 29750 ns, Total: 1147917 ns
[2023-07-17T15:18:03.175+0000][1][safepoint    ] Safepoint "Cleanup", Time since last: 1002240625 ns, Reaching safepoint: 1338459 ns, At safepoint: 28166 ns, Total: 1366625 ns
[2023-07-17T15:18:04.177+0000][1][safepoint    ] Safepoint "Cleanup", Time since last: 1001337709 ns, Reaching safepoint: 1247959 ns, At safepoint: 26791 ns, Total: 1274750 ns
[2023-07-17T15:18:05.182+0000][1][safepoint    ] Safepoint "Cleanup", Time since last: 1000622792 ns, Reaching safepoint: 4267375 ns, At safepoint: 77875 ns, Total: 4345250 ns
[2023-07-17T15:18:06.185+0000][1][safepoint    ] Safepoint "Cleanup", Time since last: 1001428251 ns, Reaching safepoint: 830667 ns, At safepoint: 21333 ns, Total: 852000 ns
[2023-07-17T15:18:07.186+0000][1][safepoint    ] Safepoint "Cleanup", Time since last: 1000477042 ns, Reaching safepoint: 986583 ns, At safepoint: 23917 ns, Total: 1010500 ns
[2023-07-17T15:18:08.190+0000][1][safepoint    ] Safepoint "Cleanup", Time since last: 1000820834 ns, Reaching safepoint: 3249583 ns, At safepoint: 126792 ns, Total: 3376375 ns
[2023-07-17T15:18:09.197+0000][1][safepoint    ] Safepoint "Cleanup", Time since last: 1002887209 ns, Reaching safepoint: 3568166 ns, At safepoint: 132209 ns, Total: 3700375 ns
[2023-07-17T15:18:10.200+0000][1][safepoint    ] Safepoint "Cleanup", Time since last: 1001519417 ns, Reaching safepoint: 1752083 ns, At safepoint: 58292 ns, Total: 1810375 ns
[2023-07-17T15:18:11.205+0000][1][safepoint    ] Safepoint "Cleanup", Time since last: 1002318750 ns, Reaching safepoint: 2074459 ns, At safepoint: 55791 ns, Total: 2130250 ns
[2023-07-17T15:18:12.208+0000][1][safepoint    ] Safepoint "Cleanup", Time since last: 1001579417 ns, Reaching safepoint: 2022875 ns, At safepoint: 63042 ns, Total: 2085917 ns
[2023-07-17T15:18:13.210+0000][1][safepoint    ] Safepoint "Cleanup", Time since last: 1000963709 ns, Reaching safepoint: 819083 ns, At safepoint: 21625 ns, Total: 840708 ns
[2023-07-17T15:18:14.212+0000][1][safepoint    ] Safepoint "Cleanup", Time since last: 1000503667 ns, Reaching safepoint: 1536125 ns, At safepoint: 28208 ns, Total: 1564333 ns
[2023-07-17T15:18:15.214+0000][1][safepoint    ] Safepoint "Cleanup", Time since last: 1000544293 ns, Reaching safepoint: 824583 ns, At safepoint: 18833 ns, Total: 843416 ns
[2023-07-17T15:18:16.215+0000][1][safepoint    ] Safepoint "Cleanup", Time since last: 1001017042 ns, Reaching safepoint: 813667 ns, At safepoint: 24875 ns, Total: 838542 ns
[2023-07-17T15:18:17.217+0000][1][safepoint    ] Safepoint "Cleanup", Time since last: 1000701292 ns, Reaching safepoint: 1145750 ns, At safepoint: 30167 ns, Total: 1175917 ns
[2023-07-17T15:18:18.220+0000][1][safepoint    ] Safepoint "Cleanup", Time since last: 1001545000 ns, Reaching safepoint: 860375 ns, At safepoint: 26125 ns, Total: 886500 ns
[2023-07-17T15:18:19.223+0000][1][safepoint    ] Safepoint "Cleanup", Time since last: 1000730459 ns, Reaching safepoint: 2196917 ns, At safepoint: 47708 ns, Total: 2244625 ns
[2023-07-17T15:18:20.227+0000][1][safepoint    ] Safepoint "Cleanup", Time since last: 1001954042 ns, Reaching safepoint: 2361459 ns, At safepoint: 62083 ns, Total: 2423542 ns
[2023-07-17T15:18:21.230+0000][1][safepoint    ] Safepoint "Cleanup", Time since last: 1001336084 ns, Reaching safepoint: 1240791 ns, At safepoint: 27084 ns, Total: 1267875 ns
[2023-07-17T15:18:22.233+0000][1][safepoint    ] Safepoint "Cleanup", Time since last: 1001236167 ns, Reaching safepoint: 2078917 ns, At safepoint: 63833 ns, Total: 2142750 ns
[2023-07-17T15:18:23.235+0000][1][safepoint    ] Safepoint "Cleanup", Time since last: 1000904625 ns, Reaching safepoint: 1017084 ns, At safepoint: 27416 ns, Total: 1044500 ns
[2023-07-17T15:18:24.239+0000][1][safepoint    ] Safepoint "Cleanup", Time since last: 1002167417 ns, Reaching safepoint: 1835917 ns, At safepoint: 51042 ns, Total: 1886959 ns
[2023-07-17T15:18:25.244+0000][1][safepoint    ] Safepoint "Cleanup", Time since last: 1001466167 ns, Reaching safepoint: 3104083 ns, At safepoint: 75709 ns, Total: 3179792 ns
[2023-07-17T15:18:26.248+0000][1][safepoint    ] Safepoint "Cleanup", Time since last: 1001348625 ns, Reaching safepoint: 2811042 ns, At safepoint: 73958 ns, Total: 2885000 ns
[2023-07-17T15:18:27.252+0000][1][safepoint    ] Safepoint "Cleanup", Time since last: 1002151667 ns, Reaching safepoint: 1993875 ns, At safepoint: 52875 ns, Total: 2046750 ns
[2023-07-17T15:18:28.258+0000][1][safepoint    ] Safepoint "Cleanup", Time since last: 1002846959 ns, Reaching safepoint: 2713958 ns, At safepoint: 89167 ns, Total: 2803125 ns
[2023-07-17T15:18:29.261+0000][1][safepoint    ] Safepoint "Cleanup", Time since last: 1002066042 ns, Reaching safepoint: 1071042 ns, At safepoint: 28125 ns, Total: 1099167 ns
[2023-07-17T15:18:30.265+0000][1][safepoint    ] Safepoint "Cleanup", Time since last: 1001708709 ns, Reaching safepoint: 2199083 ns, At safepoint: 62167 ns, Total: 2261250 ns
[2023-07-17T15:18:30.570+0000][1][safepoint    ] Safepoint "RevokeBias", Time since last: 302340875 ns, Reaching safepoint: 2148666 ns, At safepoint: 740000 ns, Total: 2888666 ns
[2023-07-17T15:18:31.573+0000][1][safepoint    ] Safepoint "Cleanup", Time since last: 1000491501 ns, Reaching safepoint: 2091208 ns, At safepoint: 50584 ns, Total: 2141792 ns
[2023-07-17T15:18:32.575+0000][1][safepoint    ] Safepoint "Cleanup", Time since last: 1000880500 ns, Reaching safepoint: 1067917 ns, At safepoint: 28083 ns, Total: 1096000 ns
[2023-07-17T15:18:33.578+0000][1][safepoint    ] Safepoint "Cleanup", Time since last: 1002830417 ns, Reaching safepoint: 795917 ns, At safepoint: 20125 ns, Total: 816042 ns
[2023-07-17T15:18:34.581+0000][1][safepoint    ] Safepoint "Cleanup", Time since last: 1000581709 ns, Reaching safepoint: 1934083 ns, At safepoint: 53917 ns, Total: 1988000 ns
[2023-07-17T15:18:35.584+0000][1][safepoint    ] Safepoint "Cleanup", Time since last: 1001385875 ns, Reaching safepoint: 1710750 ns, At safepoint: 42250 ns, Total: 1753000 ns
[2023-07-17T15:18:36.586+0000][1][safepoint    ] Safepoint "Cleanup", Time since last: 1000706626 ns, Reaching safepoint: 1232000 ns, At safepoint: 29125 ns, Total: 1261125 ns
[2023-07-17T15:18:37.589+0000][1][safepoint    ] Safepoint "Cleanup", Time since last: 1000664459 ns, Reaching safepoint: 1835666 ns, At safepoint: 67292 ns, Total: 1902958 ns
[2023-07-17T15:18:38.591+0000][1][safepoint    ] Safepoint "Cleanup", Time since last: 1001105084 ns, Reaching safepoint: 933041 ns, At safepoint: 23584 ns, Total: 956625 ns
[2023-07-17T15:18:39.593+0000][1][safepoint    ] Safepoint "Cleanup", Time since last: 1001237000 ns, Reaching safepoint: 1119500 ns, At safepoint: 29125 ns, Total: 1148625 ns
[2023-07-17T15:18:40.573+0000][1][safepoint    ] Safepoint "RevokeBias", Time since last: 977280459 ns, Reaching safepoint: 2054333 ns, At safepoint: 483167 ns, Total: 2537500 ns
[2023-07-17T15:18:41.578+0000][1][safepoint    ] Safepoint "Cleanup", Time since last: 1000818292 ns, Reaching safepoint: 3697000 ns, At safepoint: 140833 ns, Total: 3837833 ns
[2023-07-17T15:18:42.582+0000][1][safepoint    ] Safepoint "Cleanup", Time since last: 1001140792 ns, Reaching safepoint: 3050708 ns, At safepoint: 144167 ns, Total: 3194875 ns
[2023-07-17T15:18:43.584+0000][1][safepoint    ] Safepoint "Cleanup", Time since last: 1001182250 ns, Reaching safepoint: 1316584 ns, At safepoint: 22625 ns, Total: 1339209 ns
[2023-07-17T15:18:44.586+0000][1][safepoint    ] Safepoint "Cleanup", Time since last: 1000453334 ns, Reaching safepoint: 1213416 ns, At safepoint: 27042 ns, Total: 1240458 ns
[2023-07-17T15:18:45.590+0000][1][safepoint    ] Safepoint "Cleanup", Time since last: 1000765459 ns, Reaching safepoint: 3125333 ns, At safepoint: 82833 ns, Total: 3208166 ns
[2023-07-17T15:18:46.593+0000][1][safepoint    ] Safepoint "Cleanup", Time since last: 1001555292 ns, Reaching safepoint: 998917 ns, At safepoint: 24958 ns, Total: 1023875 ns
[2023-07-17T15:18:47.600+0000][1][safepoint    ] Safepoint "Cleanup", Time since last: 1000958959 ns, Reaching safepoint: 3878417 ns, At safepoint: 276375 ns, Total: 4154792 ns
[2023-07-17T15:18:48.607+0000][1][safepoint    ] Safepoint "Cleanup", Time since last: 1007813750 ns, Reaching safepoint: 1722584 ns, At safepoint: 35125 ns, Total: 1757709 ns
[2023-07-17T15:18:49.610+0000][1][safepoint    ] Safepoint "Cleanup", Time since last: 1001632084 ns, Reaching safepoint: 1005625 ns, At safepoint: 22541 ns, Total: 1028166 ns
[2023-07-17T15:18:50.611+0000][1][safepoint    ] Safepoint "Cleanup", Time since last: 1000484917 ns, Reaching safepoint: 761292 ns, At safepoint: 17833 ns, Total: 779125 ns
[2023-07-17T15:18:51.613+0000][1][safepoint    ] Safepoint "Cleanup", Time since last: 1000578084 ns, Reaching safepoint: 791917 ns, At safepoint: 17292 ns, Total: 809209 ns
[2023-07-17T15:18:52.616+0000][1][safepoint    ] Safepoint "Cleanup", Time since last: 1002239792 ns, Reaching safepoint: 1041000 ns, At safepoint: 27250 ns, Total: 1068250 ns
[2023-07-17T15:18:53.097+0000][1][safepoint    ] Safepoint "RevokeBias", Time since last: 479202875 ns, Reaching safepoint: 598458 ns, At safepoint: 1204125 ns, Total: 1802583 ns
[2023-07-17T15:18:53.111+0000][1][gc,start     ] GC(26) Pause Young (Allocation Failure)
[2023-07-17T15:18:53.113+0000][1][gc,task      ] GC(26) Using 4 workers of 4 for evacuation
[2023-07-17T15:18:53.153+0000][1][gc,age       ] GC(26) Desired survivor size 8945664 bytes, new threshold 6 (max threshold 6)
[2023-07-17T15:18:53.154+0000][1][gc,age       ] GC(26) Age table with threshold 6 (max threshold 6)
[2023-07-17T15:18:53.154+0000][1][gc,age       ] GC(26) - age   1:     112304 bytes,     112304 total
[2023-07-17T15:18:53.154+0000][1][gc,age       ] GC(26) - age   2:      37704 bytes,     150008 total
[2023-07-17T15:18:53.154+0000][1][gc,age       ] GC(26) - age   3:       7144 bytes,     157152 total
[2023-07-17T15:18:53.154+0000][1][gc,age       ] GC(26) - age   4:       7784 bytes,     164936 total
[2023-07-17T15:18:53.155+0000][1][gc,age       ] GC(26) - age   5:      18272 bytes,     183208 total
[2023-07-17T15:18:53.155+0000][1][gc,age       ] GC(26) - age   6:     130784 bytes,     313992 total
[2023-07-17T15:18:53.156+0000][1][gc,heap      ] GC(26) ParNew: 140336K->441K(157248K)
[2023-07-17T15:18:53.156+0000][1][gc,heap      ] GC(26) CMS: 68865K->68904K(349568K)
[2023-07-17T15:18:53.156+0000][1][gc,metaspace ] GC(26) Metaspace: 88927K->88927K(1130496K)
[2023-07-17T15:18:53.157+0000][1][gc           ] GC(26) Pause Young (Allocation Failure) 204M->67M(494M) 46.733ms
[2023-07-17T15:18:53.158+0000][1][gc,cpu       ] GC(26) User=0.07s Sys=0.01s Real=0.04s
[2023-07-17T15:18:53.158+0000][1][safepoint    ] Safepoint "GenCollectForAllocation", Time since last: 12096042 ns, Reaching safepoint: 1075083 ns, At safepoint: 48363000 ns, Total: 49438083 ns
[2023-07-17T15:18:53.188+0000][1][safepoint    ] Safepoint "BulkRevokeBias", Time since last: 25863917 ns, Reaching safepoint: 1619667 ns, At safepoint: 1890583 ns, Total: 3510250 ns
[2023-07-17T15:18:53.194+0000][1][safepoint    ] Safepoint "RevokeBias", Time since last: 5253833 ns, Reaching safepoint: 808584 ns, At safepoint: 76708 ns, Total: 885292 ns
[2023-07-17T15:18:54.199+0000][1][safepoint    ] Safepoint "Cleanup", Time since last: 1001528500 ns, Reaching safepoint: 2930000 ns, At safepoint: 92459 ns, Total: 3022459 ns
[2023-07-17T15:18:55.202+0000][1][safepoint    ] Safepoint "Cleanup", Time since last: 1001275000 ns, Reaching safepoint: 2330959 ns, At safepoint: 51208 ns, Total: 2382167 ns
[2023-07-17T15:18:56.205+0000][1][safepoint    ] Safepoint "Cleanup", Time since last: 1001143584 ns, Reaching safepoint: 1682083 ns, At safepoint: 57375 ns, Total: 1739458 ns
[2023-07-17T15:18:57.210+0000][1][safepoint    ] Safepoint "Cleanup", Time since last: 1000983209 ns, Reaching safepoint: 3367458 ns, At safepoint: 94250 ns, Total: 3461708 ns
[2023-07-17T15:18:58.215+0000][1][safepoint    ] Safepoint "Cleanup", Time since last: 1002484209 ns, Reaching safepoint: 2993875 ns, At safepoint: 101667 ns, Total: 3095542 ns
[2023-07-17T15:18:59.218+0000][1][safepoint    ] Safepoint "Cleanup", Time since last: 1000980084 ns, Reaching safepoint: 1744291 ns, At safepoint: 48917 ns, Total: 1793208 ns
[2023-07-17T15:19:00.222+0000][1][safepoint    ] Safepoint "Cleanup", Time since last: 1001318834 ns, Reaching safepoint: 2857500 ns, At safepoint: 66458 ns, Total: 2923958 ns
[2023-07-17T15:19:01.227+0000][1][safepoint    ] Safepoint "Cleanup", Time since last: 1001033959 ns, Reaching safepoint: 3936583 ns, At safepoint: 77750 ns, Total: 4014333 ns
[2023-07-17T15:19:02.231+0000][1][safepoint    ] Safepoint "Cleanup", Time since last: 1001439292 ns, Reaching safepoint: 2565125 ns, At safepoint: 82417 ns, Total: 2647542 ns
[2023-07-17T15:19:03.236+0000][1][safepoint    ] Safepoint "Cleanup", Time since last: 1003234417 ns, Reaching safepoint: 1605042 ns, At safepoint: 52541 ns, Total: 1657583 ns
[2023-07-17T15:19:04.239+0000][1][safepoint    ] Safepoint "Cleanup", Time since last: 1000903834 ns, Reaching safepoint: 2059542 ns, At safepoint: 83750 ns, Total: 2143292 ns
[2023-07-17T15:19:05.243+0000][1][safepoint    ] Safepoint "Cleanup", Time since last: 1001255542 ns, Reaching safepoint: 2904375 ns, At safepoint: 67833 ns, Total: 2972208 ns
[2023-07-17T15:19:06.247+0000][1][safepoint    ] Safepoint "Cleanup", Time since last: 1001949251 ns, Reaching safepoint: 1876958 ns, At safepoint: 49292 ns, Total: 1926250 ns
[2023-07-17T15:19:07.251+0000][1][safepoint    ] Safepoint "Cleanup", Time since last: 1001761375 ns, Reaching safepoint: 1854000 ns, At safepoint: 52375 ns, Total: 1906375 ns
[2023-07-17T15:19:08.256+0000][1][safepoint    ] Safepoint "Cleanup", Time since last: 1001424751 ns, Reaching safepoint: 3027333 ns, At safepoint: 95208 ns, Total: 3122541 ns
[2023-07-17T15:19:09.259+0000][1][safepoint    ] Safepoint "Cleanup", Time since last: 1001316293 ns, Reaching safepoint: 1649291 ns, At safepoint: 44417 ns, Total: 1693708 ns
[2023-07-17T15:19:10.262+0000][1][safepoint    ] Safepoint "Cleanup", Time since last: 1002700125 ns, Reaching safepoint: 922875 ns, At safepoint: 16834 ns, Total: 939709 ns
[2023-07-17T15:19:11.265+0000][1][safepoint    ] Safepoint "Cleanup", Time since last: 1000938875 ns, Reaching safepoint: 2020250 ns, At safepoint: 37875 ns, Total: 2058125 ns
[2023-07-17T15:19:12.267+0000][1][safepoint    ] Safepoint "Cleanup", Time since last: 1001200834 ns, Reaching safepoint: 768291 ns, At safepoint: 18584 ns, Total: 786875 ns
[2023-07-17T15:19:13.269+0000][1][safepoint    ] Safepoint "Cleanup", Time since last: 1000354500 ns, Reaching safepoint: 1078667 ns, At safepoint: 67667 ns, Total: 1146334 ns
[2023-07-17T15:19:14.270+0000][1][safepoint    ] Safepoint "Cleanup", Time since last: 1000530500 ns, Reaching safepoint: 833542 ns, At safepoint: 20000 ns, Total: 853542 ns
[2023-07-17T15:19:15.271+0000][1][safepoint    ] Safepoint "Cleanup", Time since last: 1000425500 ns, Reaching safepoint: 734917 ns, At safepoint: 14833 ns, Total: 749750 ns
[2023-07-17T15:19:16.273+0000][1][safepoint    ] Safepoint "Cleanup", Time since last: 1000414084 ns, Reaching safepoint: 1211375 ns, At safepoint: 21292 ns, Total: 1232667 ns
[2023-07-17T15:19:17.274+0000][1][safepoint    ] Safepoint "Cleanup", Time since last: 1000428708 ns, Reaching safepoint: 673292 ns, At safepoint: 33958 ns, Total: 707250 ns
[2023-07-17T15:19:18.275+0000][1][safepoint    ] Safepoint "Cleanup", Time since last: 1000398376 ns, Reaching safepoint: 636250 ns, At safepoint: 15875 ns, Total: 652125 ns
[2023-07-17T15:19:19.276+0000][1][safepoint    ] Safepoint "Cleanup", Time since last: 1000392000 ns, Reaching safepoint: 772875 ns, At safepoint: 17209 ns, Total: 790084 ns
[2023-07-17T15:19:20.277+0000][1][safepoint    ] Safepoint "Cleanup", Time since last: 1000447792 ns, Reaching safepoint: 669875 ns, At safepoint: 19792 ns, Total: 689667 ns
[2023-07-17T15:19:21.280+0000][1][safepoint    ] Safepoint "Cleanup", Time since last: 1000752750 ns, Reaching safepoint: 1992542 ns, At safepoint: 25583 ns, Total: 2018125 ns
[2023-07-17T15:19:22.282+0000][1][safepoint    ] Safepoint "Cleanup", Time since last: 1000496917 ns, Reaching safepoint: 858750 ns, At safepoint: 16750 ns, Total: 875500 ns
[2023-07-17T15:19:23.283+0000][1][safepoint    ] Safepoint "Cleanup", Time since last: 1000454792 ns, Reaching safepoint: 712917 ns, At safepoint: 33083 ns, Total: 746000 ns
[2023-07-17T15:19:24.284+0000][1][safepoint    ] Safepoint "Cleanup", Time since last: 1000572709 ns, Reaching safepoint: 649125 ns, At safepoint: 13875 ns, Total: 663000 ns
[2023-07-17T15:19:25.285+0000][1][safepoint    ] Safepoint "Cleanup", Time since last: 1000468501 ns, Reaching safepoint: 774625 ns, At safepoint: 18041 ns, Total: 792666 ns
[2023-07-17T15:19:26.286+0000][1][safepoint    ] Safepoint "Cleanup", Time since last: 1000566626 ns, Reaching safepoint: 635000 ns, At safepoint: 15916 ns, Total: 650916 ns
[2023-07-17T15:19:27.288+0000][1][safepoint    ] Safepoint "Cleanup", Time since last: 1000495876 ns, Reaching safepoint: 640417 ns, At safepoint: 31458 ns, Total: 671875 ns
[2023-07-17T15:19:28.289+0000][1][safepoint    ] Safepoint "Cleanup", Time since last: 1000447292 ns, Reaching safepoint: 750583 ns, At safepoint: 16084 ns, Total: 766667 ns
[2023-07-17T15:19:29.290+0000][1][safepoint    ] Safepoint "Cleanup", Time since last: 1000354084 ns, Reaching safepoint: 618750 ns, At safepoint: 29458 ns, Total: 648208 ns
[2023-07-17T15:19:30.292+0000][1][safepoint    ] Safepoint "Cleanup", Time since last: 1001537250 ns, Reaching safepoint: 836625 ns, At safepoint: 18167 ns, Total: 854792 ns
[2023-07-17T15:19:30.598+0000][1][safepoint    ] Safepoint "RevokeBias", Time since last: 304390875 ns, Reaching safepoint: 1522000 ns, At safepoint: 150917 ns, Total: 1672917 ns
[2023-07-17T15:19:31.602+0000][1][safepoint    ] Safepoint "Cleanup", Time since last: 1002480667 ns, Reaching safepoint: 1294333 ns, At safepoint: 27250 ns, Total: 1321583 ns
[2023-07-17T15:19:32.606+0000][1][safepoint    ] Safepoint "Cleanup", Time since last: 1002143417 ns, Reaching safepoint: 1773167 ns, At safepoint: 53167 ns, Total: 1826334 ns
[2023-07-17T15:19:33.610+0000][1][safepoint    ] Safepoint "Cleanup", Time since last: 1002397917 ns, Reaching safepoint: 1799708 ns, At safepoint: 77625 ns, Total: 1877333 ns
[2023-07-17T15:19:34.616+0000][1][safepoint    ] Safepoint "Cleanup", Time since last: 1001814209 ns, Reaching safepoint: 4223292 ns, At safepoint: 64208 ns, Total: 4287500 ns
[2023-07-17T15:19:35.620+0000][1][safepoint    ] Safepoint "Cleanup", Time since last: 1000813042 ns, Reaching safepoint: 2952917 ns, At safepoint: 87833 ns, Total: 3040750 ns
[2023-07-17T15:19:36.641+0000][1][safepoint    ] Safepoint "Cleanup", Time since last: 1004335501 ns, Reaching safepoint: 16128916 ns, At safepoint: 178000 ns, Total: 16306916 ns
[2023-07-17T15:19:37.647+0000][1][safepoint    ] Safepoint "Cleanup", Time since last: 1003158084 ns, Reaching safepoint: 3191084 ns, At safepoint: 84541 ns, Total: 3275625 ns
[2023-07-17T15:19:38.650+0000][1][safepoint    ] Safepoint "Cleanup", Time since last: 1001267584 ns, Reaching safepoint: 1103250 ns, At safepoint: 25833 ns, Total: 1129083 ns
[2023-07-17T15:19:39.654+0000][1][safepoint    ] Safepoint "Cleanup", Time since last: 1001004667 ns, Reaching safepoint: 2898917 ns, At safepoint: 54792 ns, Total: 2953709 ns
[2023-07-17T15:19:40.593+0000][1][safepoint    ] Safepoint "RevokeBias", Time since last: 936281209 ns, Reaching safepoint: 2375375 ns, At safepoint: 516333 ns, Total: 2891708 ns
[2023-07-17T15:19:41.599+0000][1][safepoint    ] Safepoint "Cleanup", Time since last: 1002618417 ns, Reaching safepoint: 3836375 ns, At safepoint: 69458 ns, Total: 3905833 ns
[2023-07-17T15:19:42.609+0000][1][safepoint    ] Safepoint "Cleanup", Time since last: 1003261208 ns, Reaching safepoint: 1061292 ns, At safepoint: 29792 ns, Total: 1091084 ns
[2023-07-17T15:19:43.611+0000][1][safepoint    ] Safepoint "Cleanup", Time since last: 1000564167 ns, Reaching safepoint: 1497500 ns, At safepoint: 21666 ns, Total: 1519166 ns
[2023-07-17T15:19:44.613+0000][1][safepoint    ] Safepoint "Cleanup", Time since last: 1001067459 ns, Reaching safepoint: 1175417 ns, At safepoint: 25333 ns, Total: 1200750 ns
[2023-07-17T15:19:45.617+0000][1][safepoint    ] Safepoint "Cleanup", Time since last: 1001060292 ns, Reaching safepoint: 2802375 ns, At safepoint: 55625 ns, Total: 2858000 ns
[2023-07-17T15:19:46.620+0000][1][safepoint    ] Safepoint "Cleanup", Time since last: 1001316084 ns, Reaching safepoint: 1281167 ns, At safepoint: 27042 ns, Total: 1308209 ns
[2023-07-17T15:19:47.623+0000][1][safepoint    ] Safepoint "Cleanup", Time since last: 1001376750 ns, Reaching safepoint: 1652083 ns, At safepoint: 46209 ns, Total: 1698292 ns
[2023-07-17T15:19:48.626+0000][1][safepoint    ] Safepoint "Cleanup", Time since last: 1002121875 ns, Reaching safepoint: 1071125 ns, At safepoint: 29875 ns, Total: 1101000 ns
[2023-07-17T15:19:49.628+0000][1][safepoint    ] Safepoint "Cleanup", Time since last: 1000642751 ns, Reaching safepoint: 849208 ns, At safepoint: 21167 ns, Total: 870375 ns
[2023-07-17T15:19:50.600+0000][1][safepoint    ] Safepoint "RevokeBias", Time since last: 969811542 ns, Reaching safepoint: 1992458 ns, At safepoint: 686292 ns, Total: 2678750 ns
[2023-07-17T15:19:51.602+0000][1][safepoint    ] Safepoint "Cleanup", Time since last: 1000609375 ns, Reaching safepoint: 1423209 ns, At safepoint: 27875 ns, Total: 1451084 ns
[2023-07-17T15:19:52.605+0000][1][safepoint    ] Safepoint "Cleanup", Time since last: 1001265792 ns, Reaching safepoint: 1288916 ns, At safepoint: 25667 ns, Total: 1314583 ns
[2023-07-17T15:19:53.607+0000][1][safepoint    ] Safepoint "Cleanup", Time since last: 1001296417 ns, Reaching safepoint: 709500 ns, At safepoint: 31250 ns, Total: 740750 ns
[2023-07-17T15:19:54.121+0000][1][safepoint    ] Safepoint "RevokeBias", Time since last: 512342292 ns, Reaching safepoint: 1278125 ns, At safepoint: 142042 ns, Total: 1420167 ns
[2023-07-17T15:19:54.129+0000][1][safepoint    ] Safepoint "RevokeBias", Time since last: 6311708 ns, Reaching safepoint: 1343000 ns, At safepoint: 167167 ns, Total: 1510167 ns
[2023-07-17T15:19:54.155+0000][1][safepoint    ] Safepoint "RevokeBias", Time since last: 25634958 ns, Reaching safepoint: 942500 ns, At safepoint: 104292 ns, Total: 1046792 ns
[2023-07-17T15:19:54.157+0000][1][safepoint    ] Safepoint "RevokeBias", Time since last: 1001375 ns, Reaching safepoint: 741791 ns, At safepoint: 90500 ns, Total: 832291 ns
[2023-07-17T15:19:54.160+0000][1][safepoint    ] Safepoint "RevokeBias", Time since last: 2160584 ns, Reaching safepoint: 965458 ns, At safepoint: 89917 ns, Total: 1055375 ns
[2023-07-17T15:19:55.168+0000][1][safepoint    ] Safepoint "Cleanup", Time since last: 1003928875 ns, Reaching safepoint: 3719459 ns, At safepoint: 106416 ns, Total: 3825875 ns
[2023-07-17T15:19:56.172+0000][1][safepoint    ] Safepoint "Cleanup", Time since last: 1002009417 ns, Reaching safepoint: 1800625 ns, At safepoint: 43084 ns, Total: 1843709 ns
[2023-07-17T15:19:57.175+0000][1][safepoint    ] Safepoint "Cleanup", Time since last: 1000696917 ns, Reaching safepoint: 2055958 ns, At safepoint: 43959 ns, Total: 2099917 ns
[2023-07-17T15:19:58.177+0000][1][safepoint    ] Safepoint "Cleanup", Time since last: 1001061333 ns, Reaching safepoint: 1115459 ns, At safepoint: 27208 ns, Total: 1142667 ns
[2023-07-17T15:19:59.180+0000][1][safepoint    ] Safepoint "Cleanup", Time since last: 1001543834 ns, Reaching safepoint: 1863875 ns, At safepoint: 52625 ns, Total: 1916500 ns
[2023-07-17T15:20:00.182+0000][1][safepoint    ] Safepoint "Cleanup", Time since last: 1000824334 ns, Reaching safepoint: 1194583 ns, At safepoint: 23708 ns, Total: 1218291 ns
[2023-07-17T15:20:00.599+0000][1][safepoint    ] Safepoint "RevokeBias", Time since last: 414670626 ns, Reaching safepoint: 1637750 ns, At safepoint: 260333 ns, Total: 1898083 ns
[2023-07-17T15:20:01.601+0000][1][safepoint    ] Safepoint "Cleanup", Time since last: 1000881209 ns, Reaching safepoint: 1340708 ns, At safepoint: 25625 ns, Total: 1366333 ns
[2023-07-17T15:20:02.603+0000][1][safepoint    ] Safepoint "Cleanup", Time since last: 1000625292 ns, Reaching safepoint: 1234542 ns, At safepoint: 53375 ns, Total: 1287917 ns
[2023-07-17T15:20:03.605+0000][1][safepoint    ] Safepoint "Cleanup", Time since last: 1000682459 ns, Reaching safepoint: 1192083 ns, At safepoint: 43792 ns, Total: 1235875 ns
[2023-07-17T15:20:04.608+0000][1][safepoint    ] Safepoint "Cleanup", Time since last: 1001534708 ns, Reaching safepoint: 1237584 ns, At safepoint: 25083 ns, Total: 1262667 ns
[2023-07-17T15:20:05.612+0000][1][safepoint    ] Safepoint "Cleanup", Time since last: 1001602792 ns, Reaching safepoint: 2025750 ns, At safepoint: 40625 ns, Total: 2066375 ns
[2023-07-17T15:20:06.616+0000][1][safepoint    ] Safepoint "Cleanup", Time since last: 1002148417 ns, Reaching safepoint: 2520125 ns, At safepoint: 75500 ns, Total: 2595625 ns
[2023-07-17T15:20:07.622+0000][1][safepoint    ] Safepoint "Cleanup", Time since last: 1004187459 ns, Reaching safepoint: 1271792 ns, At safepoint: 29500 ns, Total: 1301292 ns
[2023-07-17T15:20:08.625+0000][1][safepoint    ] Safepoint "Cleanup", Time since last: 1001206792 ns, Reaching safepoint: 2254667 ns, At safepoint: 58375 ns, Total: 2313042 ns
[2023-07-17T15:20:09.630+0000][1][safepoint    ] Safepoint "Cleanup", Time since last: 1001684000 ns, Reaching safepoint: 2808458 ns, At safepoint: 88334 ns, Total: 2896792 ns
[2023-07-17T15:20:10.599+0000][1][safepoint    ] Safepoint "BulkRevokeBias", Time since last: 963632000 ns, Reaching safepoint: 1942792 ns, At safepoint: 3830375 ns, Total: 5773167 ns
[2023-07-17T15:20:11.606+0000][1][safepoint    ] Safepoint "Cleanup", Time since last: 1001833750 ns, Reaching safepoint: 4853750 ns, At safepoint: 69584 ns, Total: 4923334 ns
[2023-07-17T15:20:12.618+0000][1][safepoint    ] Safepoint "Cleanup", Time since last: 1000832499 ns, Reaching safepoint: 1452000 ns, At safepoint: 36500 ns, Total: 1488500 ns
[2023-07-17T15:20:13.621+0000][1][safepoint    ] Safepoint "Cleanup", Time since last: 1001134542 ns, Reaching safepoint: 1395125 ns, At safepoint: 22542 ns, Total: 1417667 ns
[2023-07-17T15:20:14.625+0000][1][safepoint    ] Safepoint "Cleanup", Time since last: 1001571334 ns, Reaching safepoint: 2891583 ns, At safepoint: 95209 ns, Total: 2986792 ns
[2023-07-17T15:20:15.629+0000][1][safepoint    ] Safepoint "Cleanup", Time since last: 1001459542 ns, Reaching safepoint: 2034791 ns, At safepoint: 82084 ns, Total: 2116875 ns
[2023-07-17T15:20:16.632+0000][1][safepoint    ] Safepoint "Cleanup", Time since last: 1001398209 ns, Reaching safepoint: 1990458 ns, At safepoint: 79750 ns, Total: 2070208 ns
[2023-07-17T15:20:17.634+0000][1][safepoint    ] Safepoint "Cleanup", Time since last: 1001004000 ns, Reaching safepoint: 737834 ns, At safepoint: 18125 ns, Total: 755959 ns
[2023-07-17T15:20:18.636+0000][1][safepoint    ] Safepoint "Cleanup", Time since last: 1000539667 ns, Reaching safepoint: 907500 ns, At safepoint: 20583 ns, Total: 928083 ns
[2023-07-17T15:20:19.639+0000][1][safepoint    ] Safepoint "Cleanup", Time since last: 1002101834 ns, Reaching safepoint: 1499542 ns, At safepoint: 23708 ns, Total: 1523250 ns
[2023-07-17T15:20:20.605+0000][1][safepoint    ] Safepoint "RevokeBias", Time since last: 963595375 ns, Reaching safepoint: 1931084 ns, At safepoint: 447541 ns, Total: 2378625 ns
[2023-07-17T15:20:21.607+0000][1][safepoint    ] Safepoint "Cleanup", Time since last: 1000449084 ns, Reaching safepoint: 1829959 ns, At safepoint: 34916 ns, Total: 1864875 ns
[2023-07-17T15:20:22.611+0000][1][safepoint    ] Safepoint "Cleanup", Time since last: 1002184751 ns, Reaching safepoint: 1336458 ns, At safepoint: 20625 ns, Total: 1357083 ns
[2023-07-17T15:20:23.613+0000][1][safepoint    ] Safepoint "Cleanup", Time since last: 1001107917 ns, Reaching safepoint: 1108125 ns, At safepoint: 31750 ns, Total: 1139875 ns
[2023-07-17T15:20:24.615+0000][1][safepoint    ] Safepoint "Cleanup", Time since last: 1000863792 ns, Reaching safepoint: 1125917 ns, At safepoint: 25667 ns, Total: 1151584 ns
[2023-07-17T15:20:25.619+0000][1][safepoint    ] Safepoint "Cleanup", Time since last: 1000991708 ns, Reaching safepoint: 2431084 ns, At safepoint: 50291 ns, Total: 2481375 ns
[2023-07-17T15:20:26.624+0000][1][safepoint    ] Safepoint "Cleanup", Time since last: 1003393751 ns, Reaching safepoint: 1978417 ns, At safepoint: 46750 ns, Total: 2025167 ns
[2023-07-17T15:20:27.627+0000][1][safepoint    ] Safepoint "Cleanup", Time since last: 1001235292 ns, Reaching safepoint: 1836083 ns, At safepoint: 31833 ns, Total: 1867916 ns
[2023-07-17T15:20:28.629+0000][1][safepoint    ] Safepoint "Cleanup", Time since last: 1001150209 ns, Reaching safepoint: 909584 ns, At safepoint: 19291 ns, Total: 928875 ns
[2023-07-17T15:20:29.632+0000][1][safepoint    ] Safepoint "Cleanup", Time since last: 1000565292 ns, Reaching safepoint: 1577750 ns, At safepoint: 34542 ns, Total: 1612292 ns
[2023-07-17T15:20:30.634+0000][1][safepoint    ] Safepoint "Cleanup", Time since last: 1001232251 ns, Reaching safepoint: 761208 ns, At safepoint: 22000 ns, Total: 783208 ns
[2023-07-17T15:20:31.639+0000][1][safepoint    ] Safepoint "Cleanup", Time since last: 1000703834 ns, Reaching safepoint: 4384708 ns, At safepoint: 109167 ns, Total: 4493875 ns
[2023-07-17T15:20:32.643+0000][1][safepoint    ] Safepoint "Cleanup", Time since last: 1002286667 ns, Reaching safepoint: 1616750 ns, At safepoint: 70666 ns, Total: 1687416 ns
[2023-07-17T15:20:33.645+0000][1][safepoint    ] Safepoint "Cleanup", Time since last: 1000632876 ns, Reaching safepoint: 1737500 ns, At safepoint: 74708 ns, Total: 1812208 ns
[2023-07-17T15:20:34.648+0000][1][safepoint    ] Safepoint "Cleanup", Time since last: 1001818126 ns, Reaching safepoint: 778208 ns, At safepoint: 23000 ns, Total: 801208 ns
[2023-07-17T15:20:35.652+0000][1][safepoint    ] Safepoint "Cleanup", Time since last: 1001484167 ns, Reaching safepoint: 2589334 ns, At safepoint: 61416 ns, Total: 2650750 ns
[2023-07-17T15:20:36.656+0000][1][safepoint    ] Safepoint "Cleanup", Time since last: 1001134751 ns, Reaching safepoint: 2789375 ns, At safepoint: 77166 ns, Total: 2866541 ns
[2023-07-17T15:20:37.659+0000][1][safepoint    ] Safepoint "Cleanup", Time since last: 1001086709 ns, Reaching safepoint: 1913292 ns, At safepoint: 114458 ns, Total: 2027750 ns
[2023-07-17T15:20:38.662+0000][1][safepoint    ] Safepoint "Cleanup", Time since last: 1001084584 ns, Reaching safepoint: 2239875 ns, At safepoint: 123792 ns, Total: 2363667 ns
[2023-07-17T15:20:39.668+0000][1][safepoint    ] Safepoint "Cleanup", Time since last: 1003868417 ns, Reaching safepoint: 1227625 ns, At safepoint: 21958 ns, Total: 1249583 ns
[2023-07-17T15:20:40.615+0000][1][safepoint    ] Safepoint "RevokeBias", Time since last: 944157751 ns, Reaching safepoint: 2727458 ns, At safepoint: 532417 ns, Total: 3259875 ns
[2023-07-17T15:20:41.616+0000][1][safepoint    ] Safepoint "Cleanup", Time since last: 1000443417 ns, Reaching safepoint: 914791 ns, At safepoint: 29209 ns, Total: 944000 ns
[2023-07-17T15:20:42.620+0000][1][safepoint    ] Safepoint "Cleanup", Time since last: 1000521624 ns, Reaching safepoint: 1410667 ns, At safepoint: 26125 ns, Total: 1436792 ns
[2023-07-17T15:20:43.624+0000][1][safepoint    ] Safepoint "Cleanup", Time since last: 1002098042 ns, Reaching safepoint: 1420333 ns, At safepoint: 20792 ns, Total: 1441125 ns
[2023-07-17T15:20:44.627+0000][1][safepoint    ] Safepoint "Cleanup", Time since last: 1000928542 ns, Reaching safepoint: 1951875 ns, At safepoint: 78167 ns, Total: 2030042 ns
[2023-07-17T15:20:45.632+0000][1][safepoint    ] Safepoint "Cleanup", Time since last: 1002224834 ns, Reaching safepoint: 2720541 ns, At safepoint: 191042 ns, Total: 2911583 ns
[2023-07-17T15:20:46.636+0000][1][safepoint    ] Safepoint "Cleanup", Time since last: 1003527251 ns, Reaching safepoint: 976166 ns, At safepoint: 22417 ns, Total: 998583 ns
[2023-07-17T15:20:47.638+0000][1][safepoint    ] Safepoint "Cleanup", Time since last: 1000892667 ns, Reaching safepoint: 1187708 ns, At safepoint: 33084 ns, Total: 1220792 ns
[2023-07-17T15:20:48.643+0000][1][safepoint    ] Safepoint "Cleanup", Time since last: 1003284167 ns, Reaching safepoint: 1278541 ns, At safepoint: 23375 ns, Total: 1301916 ns
[2023-07-17T15:20:49.645+0000][1][safepoint    ] Safepoint "Cleanup", Time since last: 1000785626 ns, Reaching safepoint: 1368167 ns, At safepoint: 33416 ns, Total: 1401583 ns
[2023-07-17T15:20:50.635+0000][1][gc,start     ] GC(27) Pause Young (Allocation Failure)
[2023-07-17T15:20:50.635+0000][1][gc,task      ] GC(27) Using 4 workers of 4 for evacuation
[2023-07-17T15:20:50.652+0000][1][gc,age       ] GC(27) Desired survivor size 8945664 bytes, new threshold 6 (max threshold 6)
[2023-07-17T15:20:50.652+0000][1][gc,age       ] GC(27) Age table with threshold 6 (max threshold 6)
[2023-07-17T15:20:50.652+0000][1][gc,age       ] GC(27) - age   1:      97464 bytes,      97464 total
[2023-07-17T15:20:50.652+0000][1][gc,age       ] GC(27) - age   2:      19408 bytes,     116872 total
[2023-07-17T15:20:50.652+0000][1][gc,age       ] GC(27) - age   3:      37584 bytes,     154456 total
[2023-07-17T15:20:50.653+0000][1][gc,age       ] GC(27) - age   4:       7024 bytes,     161480 total
[2023-07-17T15:20:50.653+0000][1][gc,age       ] GC(27) - age   5:       7664 bytes,     169144 total
[2023-07-17T15:20:50.653+0000][1][gc,age       ] GC(27) - age   6:      18272 bytes,     187416 total
[2023-07-17T15:20:50.653+0000][1][gc,heap      ] GC(27) ParNew: 140217K->393K(157248K)
[2023-07-17T15:20:50.653+0000][1][gc,heap      ] GC(27) CMS: 68904K->69031K(349568K)
[2023-07-17T15:20:50.653+0000][1][gc,metaspace ] GC(27) Metaspace: 88975K->88975K(1130496K)
[2023-07-17T15:20:50.654+0000][1][gc           ] GC(27) Pause Young (Allocation Failure) 204M->67M(494M) 18.632ms
[2023-07-17T15:20:50.654+0000][1][gc,cpu       ] GC(27) User=0.04s Sys=0.01s Real=0.02s
[2023-07-17T15:20:50.654+0000][1][safepoint    ] Safepoint "GenCollectForAllocation", Time since last: 988347084 ns, Reaching safepoint: 1407417 ns, At safepoint: 19062041 ns, Total: 20469458 ns
[2023-07-17T15:20:51.656+0000][1][safepoint    ] Safepoint "Cleanup", Time since last: 1000421168 ns, Reaching safepoint: 1203916 ns, At safepoint: 26750 ns, Total: 1230666 ns
[2023-07-17T15:20:52.657+0000][1][safepoint    ] Safepoint "Cleanup", Time since last: 1000501376 ns, Reaching safepoint: 781500 ns, At safepoint: 17083 ns, Total: 798583 ns
[2023-07-17T15:20:53.659+0000][1][safepoint    ] Safepoint "Cleanup", Time since last: 1001049709 ns, Reaching safepoint: 1256000 ns, At safepoint: 26542 ns, Total: 1282542 ns
[2023-07-17T15:20:54.661+0000][1][safepoint    ] Safepoint "Cleanup", Time since last: 1000765625 ns, Reaching safepoint: 629208 ns, At safepoint: 13667 ns, Total: 642875 ns
[2023-07-17T15:20:55.115+0000][1][safepoint    ] Safepoint "RevokeBias", Time since last: 453288250 ns, Reaching safepoint: 779584 ns, At safepoint: 104958 ns, Total: 884542 ns
[2023-07-17T15:20:55.119+0000][1][safepoint    ] Safepoint "RevokeBias", Time since last: 2955958 ns, Reaching safepoint: 1121667 ns, At safepoint: 94208 ns, Total: 1215875 ns
[2023-07-17T15:20:55.124+0000][1][safepoint    ] Safepoint "RevokeBias", Time since last: 3459084 ns, Reaching safepoint: 1069958 ns, At safepoint: 84875 ns, Total: 1154833 ns
[2023-07-17T15:20:55.154+0000][1][safepoint    ] Safepoint "RevokeBias", Time since last: 29831000 ns, Reaching safepoint: 894917 ns, At safepoint: 114250 ns, Total: 1009167 ns
[2023-07-17T15:20:55.158+0000][1][safepoint    ] Safepoint "RevokeBias", Time since last: 3142125 ns, Reaching safepoint: 571833 ns, At safepoint: 112833 ns, Total: 684666 ns
[2023-07-17T15:20:56.162+0000][1][safepoint    ] Safepoint "Cleanup", Time since last: 1000983751 ns, Reaching safepoint: 2966333 ns, At safepoint: 99708 ns, Total: 3066041 ns
[2023-07-17T15:20:57.168+0000][1][safepoint    ] Safepoint "Cleanup", Time since last: 1002782834 ns, Reaching safepoint: 3097084 ns, At safepoint: 79916 ns, Total: 3177000 ns
[2023-07-17T15:20:58.173+0000][1][safepoint    ] Safepoint "Cleanup", Time since last: 1003781917 ns, Reaching safepoint: 1026792 ns, At safepoint: 28083 ns, Total: 1054875 ns
[2023-07-17T15:20:59.179+0000][1][safepoint    ] Safepoint "Cleanup", Time since last: 1002142834 ns, Reaching safepoint: 3845583 ns, At safepoint: 95250 ns, Total: 3940833 ns
[2023-07-17T15:21:00.183+0000][1][safepoint    ] Safepoint "Cleanup", Time since last: 1001839001 ns, Reaching safepoint: 1739833 ns, At safepoint: 50167 ns, Total: 1790000 ns
[2023-07-17T15:21:00.617+0000][1][safepoint    ] Safepoint "RevokeBias", Time since last: 429354375 ns, Reaching safepoint: 4083709 ns, At safepoint: 521625 ns, Total: 4605334 ns
[2023-07-17T15:21:01.619+0000][1][safepoint    ] Safepoint "Cleanup", Time since last: 1000708708 ns, Reaching safepoint: 1308917 ns, At safepoint: 27833 ns, Total: 1336750 ns
[2023-07-17T15:21:02.623+0000][1][safepoint    ] Safepoint "Cleanup", Time since last: 1001444167 ns, Reaching safepoint: 2533959 ns, At safepoint: 90166 ns, Total: 2624125 ns
[2023-07-17T15:21:03.628+0000][1][safepoint    ] Safepoint "Cleanup", Time since last: 1002418918 ns, Reaching safepoint: 2780500 ns, At safepoint: 79750 ns, Total: 2860250 ns
[2023-07-17T15:21:04.630+0000][1][safepoint    ] Safepoint "Cleanup", Time since last: 1000807542 ns, Reaching safepoint: 1536625 ns, At safepoint: 43666 ns, Total: 1580291 ns
[2023-07-17T15:21:05.636+0000][1][safepoint    ] Safepoint "Cleanup", Time since last: 1003510709 ns, Reaching safepoint: 1940959 ns, At safepoint: 56458 ns, Total: 1997417 ns
[2023-07-17T15:21:06.639+0000][1][safepoint    ] Safepoint "Cleanup", Time since last: 1001852084 ns, Reaching safepoint: 1000791 ns, At safepoint: 23250 ns, Total: 1024041 ns
[2023-07-17T15:21:07.642+0000][1][safepoint    ] Safepoint "Cleanup", Time since last: 1001265543 ns, Reaching safepoint: 1665416 ns, At safepoint: 66375 ns, Total: 1731791 ns
[2023-07-17T15:21:08.647+0000][1][safepoint    ] Safepoint "Cleanup", Time since last: 1001713459 ns, Reaching safepoint: 3281000 ns, At safepoint: 91750 ns, Total: 3372750 ns
[2023-07-17T15:21:09.650+0000][1][safepoint    ] Safepoint "Cleanup", Time since last: 1001254167 ns, Reaching safepoint: 2006375 ns, At safepoint: 80125 ns, Total: 2086500 ns
[2023-07-17T15:21:10.652+0000][1][safepoint    ] Safepoint "Cleanup", Time since last: 1001126876 ns, Reaching safepoint: 870625 ns, At safepoint: 24791 ns, Total: 895416 ns
[2023-07-17T15:21:10.671+0000][1][safepoint    ] Safepoint "RevokeBias", Time since last: 16846459 ns, Reaching safepoint: 1658875 ns, At safepoint: 393166 ns, Total: 2052041 ns
[2023-07-17T15:21:11.676+0000][1][safepoint    ] Safepoint "Cleanup", Time since last: 1001534459 ns, Reaching safepoint: 3475625 ns, At safepoint: 54708 ns, Total: 3530333 ns
[2023-07-17T15:21:12.682+0000][1][safepoint    ] Safepoint "Cleanup", Time since last: 1001716167 ns, Reaching safepoint: 3554750 ns, At safepoint: 148875 ns, Total: 3703625 ns
[2023-07-17T15:21:13.685+0000][1][safepoint    ] Safepoint "Cleanup", Time since last: 1001193917 ns, Reaching safepoint: 1694875 ns, At safepoint: 52334 ns, Total: 1747209 ns
[2023-07-17T15:21:14.691+0000][1][safepoint    ] Safepoint "Cleanup", Time since last: 1005265959 ns, Reaching safepoint: 1179666 ns, At safepoint: 22625 ns, Total: 1202291 ns
[2023-07-17T15:21:15.693+0000][1][safepoint    ] Safepoint "Cleanup", Time since last: 1000724084 ns, Reaching safepoint: 686667 ns, At safepoint: 15250 ns, Total: 701917 ns
[2023-07-17T15:21:16.697+0000][1][safepoint    ] Safepoint "Cleanup", Time since last: 1000754834 ns, Reaching safepoint: 2907208 ns, At safepoint: 74208 ns, Total: 2981416 ns
[2023-07-17T15:21:17.701+0000][1][safepoint    ] Safepoint "Cleanup", Time since last: 1001098959 ns, Reaching safepoint: 2876750 ns, At safepoint: 89000 ns, Total: 2965750 ns
[2023-07-17T15:21:18.703+0000][1][safepoint    ] Safepoint "Cleanup", Time since last: 1001149292 ns, Reaching safepoint: 1022833 ns, At safepoint: 23709 ns, Total: 1046542 ns
[2023-07-17T15:21:19.704+0000][1][safepoint    ] Safepoint "Cleanup", Time since last: 1000705917 ns, Reaching safepoint: 844417 ns, At safepoint: 21625 ns, Total: 866042 ns
[2023-07-17T15:21:20.618+0000][1][safepoint    ] Safepoint "RevokeBias", Time since last: 911458583 ns, Reaching safepoint: 2112167 ns, At safepoint: 464125 ns, Total: 2576292 ns
[2023-07-17T15:21:21.621+0000][1][safepoint    ] Safepoint "Cleanup", Time since last: 1001031334 ns, Reaching safepoint: 1386833 ns, At safepoint: 27417 ns, Total: 1414250 ns
[2023-07-17T15:21:21.727+0000][1][safepoint    ] Safepoint "RevokeBias", Time since last: 105156292 ns, Reaching safepoint: 990291 ns, At safepoint: 115417 ns, Total: 1105708 ns
[2023-07-17T15:21:22.731+0000][1][safepoint    ] Safepoint "Cleanup", Time since last: 1000602334 ns, Reaching safepoint: 2810791 ns, At safepoint: 68500 ns, Total: 2879291 ns
[2023-07-17T15:21:22.769+0000][1][safepoint    ] Safepoint "RevokeBias", Time since last: 37356125 ns, Reaching safepoint: 1366375 ns, At safepoint: 123292 ns, Total: 1489667 ns
[2023-07-17T15:21:23.771+0000][1][safepoint    ] Safepoint "Cleanup", Time since last: 1000565417 ns, Reaching safepoint: 1159792 ns, At safepoint: 31292 ns, Total: 1191084 ns
[2023-07-17T15:21:24.773+0000][1][safepoint    ] Safepoint "Cleanup", Time since last: 1001008125 ns, Reaching safepoint: 920250 ns, At safepoint: 20542 ns, Total: 940792 ns
[2023-07-17T15:21:25.775+0000][1][safepoint    ] Safepoint "Cleanup", Time since last: 1000799334 ns, Reaching safepoint: 1016208 ns, At safepoint: 21625 ns, Total: 1037833 ns
[2023-07-17T15:21:26.777+0000][1][safepoint    ] Safepoint "Cleanup", Time since last: 1000790667 ns, Reaching safepoint: 1083083 ns, At safepoint: 35625 ns, Total: 1118708 ns
[2023-07-17T15:21:27.779+0000][1][safepoint    ] Safepoint "Cleanup", Time since last: 1001333084 ns, Reaching safepoint: 1177833 ns, At safepoint: 25334 ns, Total: 1203167 ns
[2023-07-17T15:21:28.783+0000][1][safepoint    ] Safepoint "Cleanup", Time since last: 1000980875 ns, Reaching safepoint: 2514459 ns, At safepoint: 77916 ns, Total: 2592375 ns
[2023-07-17T15:21:29.786+0000][1][safepoint    ] Safepoint "Cleanup", Time since last: 1000931834 ns, Reaching safepoint: 2055917 ns, At safepoint: 45375 ns, Total: 2101292 ns
[2023-07-17T15:21:30.626+0000][1][safepoint    ] Safepoint "RevokeBias", Time since last: 837660000 ns, Reaching safepoint: 1842167 ns, At safepoint: 445583 ns, Total: 2287750 ns
[2023-07-17T15:21:31.628+0000][1][safepoint    ] Safepoint "Cleanup", Time since last: 1000458209 ns, Reaching safepoint: 1362375 ns, At safepoint: 29083 ns, Total: 1391458 ns
[2023-07-17T15:21:32.631+0000][1][safepoint    ] Safepoint "Cleanup", Time since last: 1000606126 ns, Reaching safepoint: 2411083 ns, At safepoint: 78833 ns, Total: 2489916 ns
[2023-07-17T15:21:33.633+0000][1][safepoint    ] Safepoint "Cleanup", Time since last: 1000981834 ns, Reaching safepoint: 1416375 ns, At safepoint: 41667 ns, Total: 1458042 ns
[2023-07-17T15:21:34.636+0000][1][safepoint    ] Safepoint "Cleanup", Time since last: 1001470250 ns, Reaching safepoint: 819625 ns, At safepoint: 18042 ns, Total: 837667 ns
[2023-07-17T15:21:35.638+0000][1][safepoint    ] Safepoint "Cleanup", Time since last: 1001338667 ns, Reaching safepoint: 1169292 ns, At safepoint: 32417 ns, Total: 1201709 ns
[2023-07-17T15:21:36.644+0000][1][safepoint    ] Safepoint "Cleanup", Time since last: 1003141333 ns, Reaching safepoint: 2671125 ns, At safepoint: 53084 ns, Total: 2724209 ns
[2023-07-17T15:21:37.648+0000][1][safepoint    ] Safepoint "Cleanup", Time since last: 1001375750 ns, Reaching safepoint: 2351292 ns, At safepoint: 208542 ns, Total: 2559834 ns
[2023-07-17T15:21:38.650+0000][1][safepoint    ] Safepoint "Cleanup", Time since last: 1001124167 ns, Reaching safepoint: 1142625 ns, At safepoint: 24208 ns, Total: 1166833 ns
[2023-07-17T15:21:39.652+0000][1][safepoint    ] Safepoint "Cleanup", Time since last: 1000627750 ns, Reaching safepoint: 761709 ns, At safepoint: 22875 ns, Total: 784584 ns
[2023-07-17T15:21:40.624+0000][1][safepoint    ] Safepoint "RevokeBias", Time since last: 970312250 ns, Reaching safepoint: 1694167 ns, At safepoint: 396958 ns, Total: 2091125 ns
[2023-07-17T15:21:41.629+0000][1][safepoint    ] Safepoint "Cleanup", Time since last: 1000533751 ns, Reaching safepoint: 4028833 ns, At safepoint: 91375 ns, Total: 4120208 ns
[2023-07-17T15:21:42.632+0000][1][safepoint    ] Safepoint "Cleanup", Time since last: 1001927041 ns, Reaching safepoint: 1241917 ns, At safepoint: 27250 ns, Total: 1269167 ns
[2023-07-17T15:21:43.635+0000][1][safepoint    ] Safepoint "Cleanup", Time since last: 1001072000 ns, Reaching safepoint: 1234000 ns, At safepoint: 20084 ns, Total: 1254084 ns
[2023-07-17T15:21:44.640+0000][1][safepoint    ] Safepoint "Cleanup", Time since last: 1004508917 ns, Reaching safepoint: 1069792 ns, At safepoint: 26041 ns, Total: 1095833 ns
[2023-07-17T15:21:45.647+0000][1][safepoint    ] Safepoint "Cleanup", Time since last: 1004162501 ns, Reaching safepoint: 2146750 ns, At safepoint: 100291 ns, Total: 2247041 ns
[2023-07-17T15:21:46.649+0000][1][safepoint    ] Safepoint "Cleanup", Time since last: 1001098668 ns, Reaching safepoint: 1355833 ns, At safepoint: 32833 ns, Total: 1388666 ns
[2023-07-17T15:21:47.651+0000][1][safepoint    ] Safepoint "Cleanup", Time since last: 1001128751 ns, Reaching safepoint: 1119291 ns, At safepoint: 27167 ns, Total: 1146458 ns
[2023-07-17T15:21:48.654+0000][1][safepoint    ] Safepoint "Cleanup", Time since last: 1000736709 ns, Reaching safepoint: 1760125 ns, At safepoint: 47291 ns, Total: 1807416 ns
[2023-07-17T15:21:49.656+0000][1][safepoint    ] Safepoint "Cleanup", Time since last: 1000901668 ns, Reaching safepoint: 1076375 ns, At safepoint: 28583 ns, Total: 1104958 ns
[2023-07-17T15:21:50.627+0000][1][safepoint    ] Safepoint "RevokeBias", Time since last: 968300084 ns, Reaching safepoint: 1879875 ns, At safepoint: 452333 ns, Total: 2332208 ns
[2023-07-17T15:21:51.629+0000][1][safepoint    ] Safepoint "Cleanup", Time since last: 1000777167 ns, Reaching safepoint: 1414834 ns, At safepoint: 27666 ns, Total: 1442500 ns
[2023-07-17T15:21:52.633+0000][1][safepoint    ] Safepoint "Cleanup", Time since last: 1003506001 ns, Reaching safepoint: 1156291 ns, At safepoint: 28125 ns, Total: 1184416 ns
[2023-07-17T15:21:53.636+0000][1][safepoint    ] Safepoint "Cleanup", Time since last: 1001730001 ns, Reaching safepoint: 1211167 ns, At safepoint: 22166 ns, Total: 1233333 ns
[2023-07-17T15:21:54.638+0000][1][safepoint    ] Safepoint "Cleanup", Time since last: 1000573959 ns, Reaching safepoint: 1061000 ns, At safepoint: 24875 ns, Total: 1085875 ns
[2023-07-17T15:21:55.641+0000][1][safepoint    ] Safepoint "Cleanup", Time since last: 1001315417 ns, Reaching safepoint: 1800625 ns, At safepoint: 60167 ns, Total: 1860792 ns
[2023-07-17T15:21:56.117+0000][1][safepoint    ] Safepoint "RevokeBias", Time since last: 474182375 ns, Reaching safepoint: 1805542 ns, At safepoint: 162916 ns, Total: 1968458 ns
[2023-07-17T15:21:56.121+0000][1][safepoint    ] Safepoint "RevokeBias", Time since last: 2676000 ns, Reaching safepoint: 752584 ns, At safepoint: 99041 ns, Total: 851625 ns
[2023-07-17T15:21:56.126+0000][1][safepoint    ] Safepoint "RevokeBias", Time since last: 3213584 ns, Reaching safepoint: 1735250 ns, At safepoint: 105708 ns, Total: 1840958 ns
[2023-07-17T15:21:56.154+0000][1][safepoint    ] Safepoint "RevokeBias", Time since last: 27593667 ns, Reaching safepoint: 819708 ns, At safepoint: 101625 ns, Total: 921333 ns
[2023-07-17T15:21:56.157+0000][1][safepoint    ] Safepoint "RevokeBias", Time since last: 1552875 ns, Reaching safepoint: 551667 ns, At safepoint: 58750 ns, Total: 610417 ns
[2023-07-17T15:21:57.159+0000][1][safepoint    ] Safepoint "Cleanup", Time since last: 1000851417 ns, Reaching safepoint: 1010125 ns, At safepoint: 23250 ns, Total: 1033375 ns
[2023-07-17T15:21:58.162+0000][1][safepoint    ] Safepoint "Cleanup", Time since last: 1002105584 ns, Reaching safepoint: 1145916 ns, At safepoint: 29209 ns, Total: 1175125 ns
[2023-07-17T15:21:59.164+0000][1][safepoint    ] Safepoint "Cleanup", Time since last: 1000800833 ns, Reaching safepoint: 1072042 ns, At safepoint: 26750 ns, Total: 1098792 ns
[2023-07-17T15:22:00.165+0000][1][safepoint    ] Safepoint "Cleanup", Time since last: 1000690792 ns, Reaching safepoint: 650250 ns, At safepoint: 18167 ns, Total: 668417 ns
[2023-07-17T15:22:00.627+0000][1][safepoint    ] Safepoint "RevokeBias", Time since last: 460239292 ns, Reaching safepoint: 1688292 ns, At safepoint: 438750 ns, Total: 2127042 ns
[2023-07-17T15:22:01.630+0000][1][safepoint    ] Safepoint "Cleanup", Time since last: 1000866042 ns, Reaching safepoint: 1970458 ns, At safepoint: 52208 ns, Total: 2022666 ns
[2023-07-17T15:22:02.633+0000][1][safepoint    ] Safepoint "Cleanup", Time since last: 1000861042 ns, Reaching safepoint: 1720042 ns, At safepoint: 54500 ns, Total: 1774542 ns
[2023-07-17T15:22:03.636+0000][1][safepoint    ] Safepoint "Cleanup", Time since last: 1000975459 ns, Reaching safepoint: 1668750 ns, At safepoint: 45250 ns, Total: 1714000 ns
[2023-07-17T15:22:04.641+0000][1][safepoint    ] Safepoint "Cleanup", Time since last: 1004294542 ns, Reaching safepoint: 829292 ns, At safepoint: 18458 ns, Total: 847750 ns
[2023-07-17T15:22:05.648+0000][1][safepoint    ] Safepoint "Cleanup", Time since last: 1003046376 ns, Reaching safepoint: 3684375 ns, At safepoint: 83916 ns, Total: 3768291 ns
[2023-07-17T15:22:06.650+0000][1][safepoint    ] Safepoint "Cleanup", Time since last: 1001629626 ns, Reaching safepoint: 730958 ns, At safepoint: 28292 ns, Total: 759250 ns
[2023-07-17T15:22:07.651+0000][1][safepoint    ] Safepoint "Cleanup", Time since last: 1000428042 ns, Reaching safepoint: 991708 ns, At safepoint: 24292 ns, Total: 1016000 ns
[2023-07-17T15:22:08.653+0000][1][safepoint    ] Safepoint "Cleanup", Time since last: 1000415292 ns, Reaching safepoint: 818417 ns, At safepoint: 18875 ns, Total: 837292 ns
[2023-07-17T15:22:09.654+0000][1][safepoint    ] Safepoint "Cleanup", Time since last: 1000421042 ns, Reaching safepoint: 619625 ns, At safepoint: 14375 ns, Total: 634000 ns
[2023-07-17T15:22:10.655+0000][1][safepoint    ] Safepoint "Cleanup", Time since last: 1000372250 ns, Reaching safepoint: 1115750 ns, At safepoint: 22542 ns, Total: 1138292 ns
[2023-07-17T15:22:11.657+0000][1][safepoint    ] Safepoint "Cleanup", Time since last: 1000456625 ns, Reaching safepoint: 909167 ns, At safepoint: 21083 ns, Total: 930250 ns
[2023-07-17T15:22:12.658+0000][1][safepoint    ] Safepoint "Cleanup", Time since last: 1000498709 ns, Reaching safepoint: 741583 ns, At safepoint: 21000 ns, Total: 762583 ns
[2023-07-17T15:22:13.660+0000][1][safepoint    ] Safepoint "Cleanup", Time since last: 1000379959 ns, Reaching safepoint: 1478500 ns, At safepoint: 20917 ns, Total: 1499417 ns
[2023-07-17T15:22:14.661+0000][1][safepoint    ] Safepoint "Cleanup", Time since last: 1000583584 ns, Reaching safepoint: 1023041 ns, At safepoint: 12417 ns, Total: 1035458 ns
[2023-07-17T15:22:15.662+0000][1][safepoint    ] Safepoint "Cleanup", Time since last: 1000509042 ns, Reaching safepoint: 632875 ns, At safepoint: 13917 ns, Total: 646792 ns
[2023-07-17T15:22:16.665+0000][1][safepoint    ] Safepoint "Cleanup", Time since last: 1000457792 ns, Reaching safepoint: 1790125 ns, At safepoint: 43333 ns, Total: 1833458 ns
[2023-07-17T15:22:17.667+0000][1][safepoint    ] Safepoint "Cleanup", Time since last: 1000690167 ns, Reaching safepoint: 1310375 ns, At safepoint: 45667 ns, Total: 1356042 ns
[2023-07-17T15:22:18.668+0000][1][safepoint    ] Safepoint "Cleanup", Time since last: 1000926459 ns, Reaching safepoint: 692625 ns, At safepoint: 22458 ns, Total: 715083 ns
[2023-07-17T15:22:19.670+0000][1][safepoint    ] Safepoint "Cleanup", Time since last: 1000439459 ns, Reaching safepoint: 708042 ns, At safepoint: 14083 ns, Total: 722125 ns
[2023-07-17T15:22:20.673+0000][1][safepoint    ] Safepoint "Cleanup", Time since last: 1001460542 ns, Reaching safepoint: 1945917 ns, At safepoint: 19125 ns, Total: 1965042 ns
[2023-07-17T15:22:21.674+0000][1][safepoint    ] Safepoint "Cleanup", Time since last: 1000575625 ns, Reaching safepoint: 786167 ns, At safepoint: 15958 ns, Total: 802125 ns
[2023-07-17T15:22:22.675+0000][1][safepoint    ] Safepoint "Cleanup", Time since last: 1000380751 ns, Reaching safepoint: 719708 ns, At safepoint: 12333 ns, Total: 732041 ns
[2023-07-17T15:22:23.677+0000][1][safepoint    ] Safepoint "Cleanup", Time since last: 1000387126 ns, Reaching safepoint: 768583 ns, At safepoint: 17542 ns, Total: 786125 ns
[2023-07-17T15:22:24.678+0000][1][safepoint    ] Safepoint "Cleanup", Time since last: 1000429084 ns, Reaching safepoint: 728583 ns, At safepoint: 19375 ns, Total: 747958 ns
[2023-07-17T15:22:25.679+0000][1][safepoint    ] Safepoint "Cleanup", Time since last: 1000511167 ns, Reaching safepoint: 736708 ns, At safepoint: 15417 ns, Total: 752125 ns
[2023-07-17T15:22:26.681+0000][1][safepoint    ] Safepoint "Cleanup", Time since last: 1001124959 ns, Reaching safepoint: 727167 ns, At safepoint: 17625 ns, Total: 744792 ns
[2023-07-17T15:22:27.683+0000][1][safepoint    ] Safepoint "Cleanup", Time since last: 1001129542 ns, Reaching safepoint: 976708 ns, At safepoint: 23583 ns, Total: 1000291 ns
[2023-07-17T15:22:28.685+0000][1][safepoint    ] Safepoint "Cleanup", Time since last: 1001131418 ns, Reaching safepoint: 944458 ns, At safepoint: 17042 ns, Total: 961500 ns
[2023-07-17T15:22:29.687+0000][1][safepoint    ] Safepoint "Cleanup", Time since last: 1000594875 ns, Reaching safepoint: 1146833 ns, At safepoint: 21000 ns, Total: 1167833 ns
[2023-07-17T15:22:30.698+0000][1][safepoint    ] Safepoint "Cleanup", Time since last: 1000931043 ns, Reaching safepoint: 9522083 ns, At safepoint: 349667 ns, Total: 9871750 ns
[2023-07-17T15:22:31.714+0000][1][safepoint    ] Safepoint "Cleanup", Time since last: 1011339750 ns, Reaching safepoint: 4698750 ns, At safepoint: 122000 ns, Total: 4820750 ns
[2023-07-17T15:22:32.719+0000][1][safepoint    ] Safepoint "Cleanup", Time since last: 1004332542 ns, Reaching safepoint: 1064750 ns, At safepoint: 22875 ns, Total: 1087625 ns
[2023-07-17T15:22:33.722+0000][1][safepoint    ] Safepoint "Cleanup", Time since last: 1000571626 ns, Reaching safepoint: 2085166 ns, At safepoint: 81792 ns, Total: 2166958 ns
[2023-07-17T15:22:34.724+0000][1][safepoint    ] Safepoint "Cleanup", Time since last: 1001082167 ns, Reaching safepoint: 1024417 ns, At safepoint: 22250 ns, Total: 1046667 ns
[2023-07-17T15:22:35.727+0000][1][safepoint    ] Safepoint "Cleanup", Time since last: 1001222542 ns, Reaching safepoint: 1416292 ns, At safepoint: 28875 ns, Total: 1445167 ns
[2023-07-17T15:22:36.732+0000][1][safepoint    ] Safepoint "Cleanup", Time since last: 1001340875 ns, Reaching safepoint: 3731083 ns, At safepoint: 219625 ns, Total: 3950708 ns
[2023-07-17T15:22:37.737+0000][1][safepoint    ] Safepoint "Cleanup", Time since last: 1002220543 ns, Reaching safepoint: 2725583 ns, At safepoint: 71833 ns, Total: 2797416 ns
[2023-07-17T15:22:38.742+0000][1][safepoint    ] Safepoint "Cleanup", Time since last: 1001698584 ns, Reaching safepoint: 2760625 ns, At safepoint: 69208 ns, Total: 2829833 ns
[2023-07-17T15:22:39.747+0000][1][safepoint    ] Safepoint "Cleanup", Time since last: 1001449751 ns, Reaching safepoint: 3912625 ns, At safepoint: 100625 ns, Total: 4013250 ns
[2023-07-17T15:22:40.642+0000][1][safepoint    ] Safepoint "RevokeBias", Time since last: 892064792 ns, Reaching safepoint: 1819167 ns, At safepoint: 1103166 ns, Total: 2922333 ns
[2023-07-17T15:22:41.649+0000][1][safepoint    ] Safepoint "Cleanup", Time since last: 1001581376 ns, Reaching safepoint: 5458000 ns, At safepoint: 103291 ns, Total: 5561291 ns
[2023-07-17T15:22:42.654+0000][1][safepoint    ] Safepoint "Cleanup", Time since last: 1001847209 ns, Reaching safepoint: 2161833 ns, At safepoint: 63958 ns, Total: 2225791 ns
[2023-07-17T15:22:43.527+0000][1][gc,start     ] GC(28) Pause Young (Allocation Failure)
[2023-07-17T15:22:43.529+0000][1][gc,task      ] GC(28) Using 4 workers of 4 for evacuation
[2023-07-17T15:22:43.556+0000][1][gc,age       ] GC(28) Desired survivor size 8945664 bytes, new threshold 6 (max threshold 6)
[2023-07-17T15:22:43.556+0000][1][gc,age       ] GC(28) Age table with threshold 6 (max threshold 6)
[2023-07-17T15:22:43.557+0000][1][gc,age       ] GC(28) - age   1:      92432 bytes,      92432 total
[2023-07-17T15:22:43.557+0000][1][gc,age       ] GC(28) - age   2:       2568 bytes,      95000 total
[2023-07-17T15:22:43.557+0000][1][gc,age       ] GC(28) - age   3:      19224 bytes,     114224 total
[2023-07-17T15:22:43.557+0000][1][gc,age       ] GC(28) - age   4:      37464 bytes,     151688 total
[2023-07-17T15:22:43.557+0000][1][gc,age       ] GC(28) - age   5:       7024 bytes,     158712 total
[2023-07-17T15:22:43.557+0000][1][gc,age       ] GC(28) - age   6:       7120 bytes,     165832 total
[2023-07-17T15:22:43.558+0000][1][gc,heap      ] GC(28) ParNew: 140169K->235K(157248K)
[2023-07-17T15:22:43.559+0000][1][gc,heap      ] GC(28) CMS: 69031K->69049K(349568K)
[2023-07-17T15:22:43.559+0000][1][gc,metaspace ] GC(28) Metaspace: 89061K->89061K(1130496K)
[2023-07-17T15:22:43.560+0000][1][gc           ] GC(28) Pause Young (Allocation Failure) 204M->67M(494M) 32.677ms
[2023-07-17T15:22:43.560+0000][1][gc,cpu       ] GC(28) User=0.06s Sys=0.02s Real=0.04s
[2023-07-17T15:22:43.560+0000][1][safepoint    ] Safepoint "GenCollectForAllocation", Time since last: 871970334 ns, Reaching safepoint: 1125625 ns, At safepoint: 33659625 ns, Total: 34785250 ns
[2023-07-17T15:22:44.565+0000][1][safepoint    ] Safepoint "Cleanup", Time since last: 1001488626 ns, Reaching safepoint: 2694375 ns, At safepoint: 96250 ns, Total: 2790625 ns
[2023-07-17T15:22:45.569+0000][1][safepoint    ] Safepoint "Cleanup", Time since last: 1001417042 ns, Reaching safepoint: 2553000 ns, At safepoint: 81250 ns, Total: 2634250 ns
[2023-07-17T15:22:46.572+0000][1][safepoint    ] Safepoint "Cleanup", Time since last: 1001249458 ns, Reaching safepoint: 2342500 ns, At safepoint: 106042 ns, Total: 2448542 ns
[2023-07-17T15:22:47.577+0000][1][safepoint    ] Safepoint "Cleanup", Time since last: 1001426334 ns, Reaching safepoint: 3152000 ns, At safepoint: 72083 ns, Total: 3224083 ns
[2023-07-17T15:22:48.583+0000][1][safepoint    ] Safepoint "Cleanup", Time since last: 1001282501 ns, Reaching safepoint: 2839083 ns, At safepoint: 337458 ns, Total: 3176541 ns
[2023-07-17T15:22:49.587+0000][1][safepoint    ] Safepoint "Cleanup", Time since last: 1002390709 ns, Reaching safepoint: 3096792 ns, At safepoint: 85083 ns, Total: 3181875 ns
[2023-07-17T15:22:50.589+0000][1][safepoint    ] Safepoint "Cleanup", Time since last: 1001254542 ns, Reaching safepoint: 968792 ns, At safepoint: 21125 ns, Total: 989917 ns
[2023-07-17T15:22:50.648+0000][1][safepoint    ] Safepoint "RevokeBias", Time since last: 56609833 ns, Reaching safepoint: 1627375 ns, At safepoint: 701084 ns, Total: 2328459 ns
[2023-07-17T15:22:51.650+0000][1][safepoint    ] Safepoint "Cleanup", Time since last: 1000729917 ns, Reaching safepoint: 1166167 ns, At safepoint: 27333 ns, Total: 1193500 ns
[2023-07-17T15:22:52.654+0000][1][safepoint    ] Safepoint "Cleanup", Time since last: 1003151459 ns, Reaching safepoint: 1048041 ns, At safepoint: 28125 ns, Total: 1076166 ns
[2023-07-17T15:22:53.656+0000][1][safepoint    ] Safepoint "Cleanup", Time since last: 1000600751 ns, Reaching safepoint: 1413833 ns, At safepoint: 28292 ns, Total: 1442125 ns
[2023-07-17T15:22:54.661+0000][1][safepoint    ] Safepoint "Cleanup", Time since last: 1004173750 ns, Reaching safepoint: 699459 ns, At safepoint: 19125 ns, Total: 718584 ns
[2023-07-17T15:22:55.664+0000][1][safepoint    ] Safepoint "Cleanup", Time since last: 1001804458 ns, Reaching safepoint: 1207000 ns, At safepoint: 35417 ns, Total: 1242417 ns
[2023-07-17T15:22:56.667+0000][1][safepoint    ] Safepoint "Cleanup", Time since last: 1001283876 ns, Reaching safepoint: 1122416 ns, At safepoint: 24667 ns, Total: 1147083 ns
[2023-07-17T15:22:57.197+0000][1][safepoint    ] Safepoint "RevokeBias", Time since last: 528751250 ns, Reaching safepoint: 944917 ns, At safepoint: 183292 ns, Total: 1128209 ns
[2023-07-17T15:22:57.199+0000][1][safepoint    ] Safepoint "RevokeBias", Time since last: 1471958 ns, Reaching safepoint: 906208 ns, At safepoint: 66084 ns, Total: 972292 ns
[2023-07-17T15:22:57.206+0000][1][safepoint    ] Safepoint "BulkRevokeBias", Time since last: 3774125 ns, Reaching safepoint: 557625 ns, At safepoint: 2426000 ns, Total: 2983625 ns
[2023-07-17T15:22:57.237+0000][1][safepoint    ] Safepoint "RevokeBias", Time since last: 30062416 ns, Reaching safepoint: 851500 ns, At safepoint: 168709 ns, Total: 1020209 ns
[2023-07-17T15:22:57.240+0000][1][safepoint    ] Safepoint "RevokeBias", Time since last: 2268833 ns, Reaching safepoint: 830417 ns, At safepoint: 75041 ns, Total: 905458 ns
[2023-07-17T15:22:57.245+0000][1][safepoint    ] Safepoint "RevokeBias", Time since last: 3908209 ns, Reaching safepoint: 725166 ns, At safepoint: 49334 ns, Total: 774500 ns
[2023-07-17T15:22:58.250+0000][1][safepoint    ] Safepoint "Cleanup", Time since last: 1001039208 ns, Reaching safepoint: 4010250 ns, At safepoint: 79084 ns, Total: 4089334 ns
[2023-07-17T15:22:59.255+0000][1][safepoint    ] Safepoint "Cleanup", Time since last: 1002943334 ns, Reaching safepoint: 2497833 ns, At safepoint: 67917 ns, Total: 2565750 ns
[2023-07-17T15:23:00.258+0000][1][safepoint    ] Safepoint "Cleanup", Time since last: 1001028875 ns, Reaching safepoint: 1317750 ns, At safepoint: 30625 ns, Total: 1348375 ns
[2023-07-17T15:23:01.262+0000][1][safepoint    ] Safepoint "Cleanup", Time since last: 1000724625 ns, Reaching safepoint: 3690459 ns, At safepoint: 59958 ns, Total: 3750417 ns
[2023-07-17T15:23:02.267+0000][1][safepoint    ] Safepoint "Cleanup", Time since last: 1001331126 ns, Reaching safepoint: 3693666 ns, At safepoint: 104375 ns, Total: 3798041 ns
[2023-07-17T15:23:03.271+0000][1][safepoint    ] Safepoint "Cleanup", Time since last: 1001402584 ns, Reaching safepoint: 2065917 ns, At safepoint: 79208 ns, Total: 2145125 ns
[2023-07-17T15:23:04.276+0000][1][safepoint    ] Safepoint "Cleanup", Time since last: 1001325876 ns, Reaching safepoint: 3386250 ns, At safepoint: 92000 ns, Total: 3478250 ns
[2023-07-17T15:23:05.280+0000][1][safepoint    ] Safepoint "Cleanup", Time since last: 1002681708 ns, Reaching safepoint: 1885875 ns, At safepoint: 37167 ns, Total: 1923042 ns
[2023-07-17T15:23:06.285+0000][1][safepoint    ] Safepoint "Cleanup", Time since last: 1001105417 ns, Reaching safepoint: 3214959 ns, At safepoint: 58500 ns, Total: 3273459 ns
[2023-07-17T15:23:07.290+0000][1][safepoint    ] Safepoint "Cleanup", Time since last: 1002563042 ns, Reaching safepoint: 2863000 ns, At safepoint: 79750 ns, Total: 2942750 ns
[2023-07-17T15:23:08.296+0000][1][safepoint    ] Safepoint "Cleanup", Time since last: 1004010292 ns, Reaching safepoint: 1267541 ns, At safepoint: 26375 ns, Total: 1293916 ns
[2023-07-17T15:23:09.300+0000][1][safepoint    ] Safepoint "Cleanup", Time since last: 1001965584 ns, Reaching safepoint: 2757917 ns, At safepoint: 48375 ns, Total: 2806292 ns
[2023-07-17T15:23:10.304+0000][1][safepoint    ] Safepoint "Cleanup", Time since last: 1000698417 ns, Reaching safepoint: 2975000 ns, At safepoint: 70292 ns, Total: 3045292 ns
[2023-07-17T15:23:10.636+0000][1][safepoint    ] Safepoint "RevokeBias", Time since last: 329598000 ns, Reaching safepoint: 1860708 ns, At safepoint: 418750 ns, Total: 2279458 ns
[2023-07-17T15:23:11.642+0000][1][safepoint    ] Safepoint "Cleanup", Time since last: 1001737667 ns, Reaching safepoint: 4284459 ns, At safepoint: 83916 ns, Total: 4368375 ns
[2023-07-17T15:23:12.647+0000][1][safepoint    ] Safepoint "Cleanup", Time since last: 1001806584 ns, Reaching safepoint: 3301666 ns, At safepoint: 173417 ns, Total: 3475083 ns
[2023-07-17T15:23:13.653+0000][1][safepoint    ] Safepoint "Cleanup", Time since last: 1004219084 ns, Reaching safepoint: 1314041 ns, At safepoint: 19875 ns, Total: 1333916 ns
[2023-07-17T15:23:14.657+0000][1][safepoint    ] Safepoint "Cleanup", Time since last: 1000986376 ns, Reaching safepoint: 3115875 ns, At safepoint: 70167 ns, Total: 3186042 ns
[2023-07-17T15:23:15.662+0000][1][safepoint    ] Safepoint "Cleanup", Time since last: 1001349417 ns, Reaching safepoint: 3576000 ns, At safepoint: 121666 ns, Total: 3697666 ns
[2023-07-17T15:23:16.667+0000][1][safepoint    ] Safepoint "Cleanup", Time since last: 1003483709 ns, Reaching safepoint: 1103709 ns, At safepoint: 24416 ns, Total: 1128125 ns
[2023-07-17T15:23:17.671+0000][1][safepoint    ] Safepoint "Cleanup", Time since last: 1001000542 ns, Reaching safepoint: 3540792 ns, At safepoint: 84708 ns, Total: 3625500 ns
[2023-07-17T15:23:18.674+0000][1][safepoint    ] Safepoint "Cleanup", Time since last: 1001475459 ns, Reaching safepoint: 951042 ns, At safepoint: 20791 ns, Total: 971833 ns
[2023-07-17T15:23:19.678+0000][1][safepoint    ] Safepoint "Cleanup", Time since last: 1000687959 ns, Reaching safepoint: 3741917 ns, At safepoint: 116375 ns, Total: 3858292 ns
[2023-07-17T15:23:20.627+0000][1][safepoint    ] Safepoint "RevokeBias", Time since last: 946281625 ns, Reaching safepoint: 1859959 ns, At safepoint: 440041 ns, Total: 2300000 ns
[2023-07-17T15:23:21.630+0000][1][safepoint    ] Safepoint "Cleanup", Time since last: 1000731293 ns, Reaching safepoint: 2717625 ns, At safepoint: 72333 ns, Total: 2789958 ns
[2023-07-17T15:23:22.637+0000][1][safepoint    ] Safepoint "Cleanup", Time since last: 1004193209 ns, Reaching safepoint: 2267166 ns, At safepoint: 56959 ns, Total: 2324125 ns
[2023-07-17T15:23:23.640+0000][1][safepoint    ] Safepoint "Cleanup", Time since last: 1001703167 ns, Reaching safepoint: 1237458 ns, At safepoint: 28459 ns, Total: 1265917 ns
[2023-07-17T15:23:24.643+0000][1][safepoint    ] Safepoint "Cleanup", Time since last: 1000887125 ns, Reaching safepoint: 2059833 ns, At safepoint: 41250 ns, Total: 2101083 ns
[2023-07-17T15:23:25.648+0000][1][safepoint    ] Safepoint "Cleanup", Time since last: 1000905251 ns, Reaching safepoint: 3664708 ns, At safepoint: 139667 ns, Total: 3804375 ns
[2023-07-17T15:23:26.650+0000][1][safepoint    ] Safepoint "Cleanup", Time since last: 1001225125 ns, Reaching safepoint: 1111334 ns, At safepoint: 27791 ns, Total: 1139125 ns
[2023-07-17T15:23:27.659+0000][1][safepoint    ] Safepoint "Cleanup", Time since last: 1005349501 ns, Reaching safepoint: 3117875 ns, At safepoint: 75208 ns, Total: 3193083 ns
[2023-07-17T15:23:28.661+0000][1][safepoint    ] Safepoint "Cleanup", Time since last: 1001915667 ns, Reaching safepoint: 781334 ns, At safepoint: 20333 ns, Total: 801667 ns
[2023-07-17T15:23:29.664+0000][1][safepoint    ] Safepoint "Cleanup", Time since last: 1001532209 ns, Reaching safepoint: 1429916 ns, At safepoint: 37375 ns, Total: 1467291 ns
[2023-07-17T15:23:30.666+0000][1][safepoint    ] Safepoint "Cleanup", Time since last: 1000566501 ns, Reaching safepoint: 1586333 ns, At safepoint: 21250 ns, Total: 1607583 ns
[2023-07-17T15:23:31.668+0000][1][safepoint    ] Safepoint "Cleanup", Time since last: 1000518626 ns, Reaching safepoint: 1258708 ns, At safepoint: 27542 ns, Total: 1286250 ns
[2023-07-17T15:23:32.673+0000][1][safepoint    ] Safepoint "Cleanup", Time since last: 1001386292 ns, Reaching safepoint: 3530583 ns, At safepoint: 119042 ns, Total: 3649625 ns
[2023-07-17T15:23:33.678+0000][1][safepoint    ] Safepoint "Cleanup", Time since last: 1003531292 ns, Reaching safepoint: 1319958 ns, At safepoint: 24667 ns, Total: 1344625 ns
[2023-07-17T15:23:34.683+0000][1][safepoint    ] Safepoint "Cleanup", Time since last: 1002355125 ns, Reaching safepoint: 2071292 ns, At safepoint: 59625 ns, Total: 2130917 ns
[2023-07-17T15:23:35.685+0000][1][safepoint    ] Safepoint "Cleanup", Time since last: 1001239251 ns, Reaching safepoint: 1019541 ns, At safepoint: 23625 ns, Total: 1043166 ns
[2023-07-17T15:23:36.690+0000][1][safepoint    ] Safepoint "Cleanup", Time since last: 1001200292 ns, Reaching safepoint: 3405917 ns, At safepoint: 54250 ns, Total: 3460167 ns
[2023-07-17T15:23:37.691+0000][1][safepoint    ] Safepoint "Cleanup", Time since last: 1000866876 ns, Reaching safepoint: 984958 ns, At safepoint: 22125 ns, Total: 1007083 ns
[2023-07-17T15:23:38.693+0000][1][safepoint    ] Safepoint "Cleanup", Time since last: 1000462667 ns, Reaching safepoint: 1225000 ns, At safepoint: 29125 ns, Total: 1254125 ns
[2023-07-17T15:23:39.695+0000][1][safepoint    ] Safepoint "Cleanup", Time since last: 1000662042 ns, Reaching safepoint: 1402375 ns, At safepoint: 24375 ns, Total: 1426750 ns
[2023-07-17T15:23:40.653+0000][1][safepoint    ] Safepoint "RevokeBias", Time since last: 954526459 ns, Reaching safepoint: 2261750 ns, At safepoint: 476875 ns, Total: 2738625 ns
[2023-07-17T15:23:41.656+0000][1][safepoint    ] Safepoint "Cleanup", Time since last: 1002204334 ns, Reaching safepoint: 1338875 ns, At safepoint: 30000 ns, Total: 1368875 ns
[2023-07-17T15:23:42.659+0000][1][safepoint    ] Safepoint "Cleanup", Time since last: 1001331208 ns, Reaching safepoint: 2011583 ns, At safepoint: 54833 ns, Total: 2066416 ns
[2023-07-17T15:23:43.662+0000][1][safepoint    ] Safepoint "Cleanup", Time since last: 1001018876 ns, Reaching safepoint: 1193541 ns, At safepoint: 22250 ns, Total: 1215791 ns
[2023-07-17T15:23:44.664+0000][1][safepoint    ] Safepoint "Cleanup", Time since last: 1001150918 ns, Reaching safepoint: 1297500 ns, At safepoint: 59416 ns, Total: 1356916 ns
[2023-07-17T15:23:45.668+0000][1][safepoint    ] Safepoint "Cleanup", Time since last: 1001227459 ns, Reaching safepoint: 2613292 ns, At safepoint: 98041 ns, Total: 2711333 ns
[2023-07-17T15:23:46.671+0000][1][safepoint    ] Safepoint "Cleanup", Time since last: 1001482126 ns, Reaching safepoint: 1013500 ns, At safepoint: 28583 ns, Total: 1042083 ns
[2023-07-17T15:23:47.675+0000][1][safepoint    ] Safepoint "Cleanup", Time since last: 1001294084 ns, Reaching safepoint: 3158875 ns, At safepoint: 81125 ns, Total: 3240000 ns
[2023-07-17T15:23:48.681+0000][1][safepoint    ] Safepoint "Cleanup", Time since last: 1003544417 ns, Reaching safepoint: 2044042 ns, At safepoint: 61291 ns, Total: 2105333 ns
[2023-07-17T15:23:49.683+0000][1][safepoint    ] Safepoint "Cleanup", Time since last: 1001021459 ns, Reaching safepoint: 676792 ns, At safepoint: 19042 ns, Total: 695834 ns
[2023-07-17T15:23:50.626+0000][1][safepoint    ] Safepoint "RevokeBias", Time since last: 940840292 ns, Reaching safepoint: 1992541 ns, At safepoint: 388500 ns, Total: 2381041 ns
[2023-07-17T15:23:51.628+0000][1][safepoint    ] Safepoint "Cleanup", Time since last: 1001002626 ns, Reaching safepoint: 1316750 ns, At safepoint: 25708 ns, Total: 1342458 ns
[2023-07-17T15:23:52.632+0000][1][safepoint    ] Safepoint "Cleanup", Time since last: 1000967334 ns, Reaching safepoint: 3005167 ns, At safepoint: 93083 ns, Total: 3098250 ns
[2023-07-17T15:23:53.637+0000][1][safepoint    ] Safepoint "Cleanup", Time since last: 1003447959 ns, Reaching safepoint: 1212250 ns, At safepoint: 30708 ns, Total: 1242958 ns
[2023-07-17T15:23:54.643+0000][1][safepoint    ] Safepoint "Cleanup", Time since last: 1003040626 ns, Reaching safepoint: 2891291 ns, At safepoint: 92459 ns, Total: 2983750 ns
[2023-07-17T15:23:55.648+0000][1][safepoint    ] Safepoint "Cleanup", Time since last: 1004135833 ns, Reaching safepoint: 1203125 ns, At safepoint: 31584 ns, Total: 1234709 ns
[2023-07-17T15:23:56.650+0000][1][safepoint    ] Safepoint "Cleanup", Time since last: 1000646459 ns, Reaching safepoint: 1070958 ns, At safepoint: 26208 ns, Total: 1097166 ns
[2023-07-17T15:23:57.656+0000][1][safepoint    ] Safepoint "Cleanup", Time since last: 1004819834 ns, Reaching safepoint: 1278500 ns, At safepoint: 38667 ns, Total: 1317167 ns
[2023-07-17T15:23:58.124+0000][1][safepoint    ] Safepoint "RevokeBias", Time since last: 467157833 ns, Reaching safepoint: 884834 ns, At safepoint: 111375 ns, Total: 996209 ns
[2023-07-17T15:23:58.132+0000][1][safepoint    ] Safepoint "RevokeBias", Time since last: 5777041 ns, Reaching safepoint: 1721459 ns, At safepoint: 352541 ns, Total: 2074000 ns
[2023-07-17T15:23:58.142+0000][1][safepoint    ] Safepoint "RevokeBias", Time since last: 8940709 ns, Reaching safepoint: 1016250 ns, At safepoint: 137125 ns, Total: 1153375 ns
[2023-07-17T15:23:58.163+0000][1][safepoint    ] Safepoint "RevokeBias", Time since last: 19487625 ns, Reaching safepoint: 1225333 ns, At safepoint: 122792 ns, Total: 1348125 ns
[2023-07-17T15:23:58.169+0000][1][safepoint    ] Safepoint "RevokeBias", Time since last: 4921250 ns, Reaching safepoint: 1372583 ns, At safepoint: 89292 ns, Total: 1461875 ns
[2023-07-17T15:23:59.171+0000][1][safepoint    ] Safepoint "Cleanup", Time since last: 1001288542 ns, Reaching safepoint: 621625 ns, At safepoint: 14625 ns, Total: 636250 ns
[2023-07-17T15:24:00.173+0000][1][safepoint    ] Safepoint "Cleanup", Time since last: 1000866042 ns, Reaching safepoint: 686375 ns, At safepoint: 19500 ns, Total: 705875 ns
[2023-07-17T15:24:00.616+0000][1][safepoint    ] Safepoint "RevokeBias", Time since last: 441269542 ns, Reaching safepoint: 1577500 ns, At safepoint: 413000 ns, Total: 1990500 ns
[2023-07-17T15:24:01.618+0000][1][safepoint    ] Safepoint "Cleanup", Time since last: 1000451250 ns, Reaching safepoint: 851959 ns, At safepoint: 20291 ns, Total: 872250 ns
[2023-07-17T15:24:02.619+0000][1][safepoint    ] Safepoint "Cleanup", Time since last: 1000501417 ns, Reaching safepoint: 617375 ns, At safepoint: 21000 ns, Total: 638375 ns
[2023-07-17T15:24:03.620+0000][1][safepoint    ] Safepoint "Cleanup", Time since last: 1000477001 ns, Reaching safepoint: 741917 ns, At safepoint: 17208 ns, Total: 759125 ns
[2023-07-17T15:24:04.621+0000][1][safepoint    ] Safepoint "Cleanup", Time since last: 1000356875 ns, Reaching safepoint: 904917 ns, At safepoint: 19208 ns, Total: 924125 ns
[2023-07-17T15:24:05.622+0000][1][safepoint    ] Safepoint "Cleanup", Time since last: 1000384043 ns, Reaching safepoint: 647416 ns, At safepoint: 18292 ns, Total: 665708 ns
[2023-07-17T15:24:06.624+0000][1][safepoint    ] Safepoint "Cleanup", Time since last: 1000484250 ns, Reaching safepoint: 761334 ns, At safepoint: 45583 ns, Total: 806917 ns
[2023-07-17T15:24:07.625+0000][1][safepoint    ] Safepoint "Cleanup", Time since last: 1000463376 ns, Reaching safepoint: 617416 ns, At safepoint: 34750 ns, Total: 652166 ns
[2023-07-17T15:24:08.626+0000][1][safepoint    ] Safepoint "Cleanup", Time since last: 1000434542 ns, Reaching safepoint: 686792 ns, At safepoint: 23625 ns, Total: 710417 ns
[2023-07-17T15:24:09.627+0000][1][safepoint    ] Safepoint "Cleanup", Time since last: 1000357459 ns, Reaching safepoint: 748250 ns, At safepoint: 18416 ns, Total: 766666 ns
[2023-07-17T15:24:10.615+0000][1][safepoint    ] Safepoint "RevokeBias", Time since last: 985586501 ns, Reaching safepoint: 1995250 ns, At safepoint: 440125 ns, Total: 2435375 ns
[2023-07-17T15:24:11.616+0000][1][safepoint    ] Safepoint "Cleanup", Time since last: 1000439584 ns, Reaching safepoint: 725833 ns, At safepoint: 24792 ns, Total: 750625 ns
[2023-07-17T15:24:12.617+0000][1][safepoint    ] Safepoint "Cleanup", Time since last: 1000388958 ns, Reaching safepoint: 686709 ns, At safepoint: 18166 ns, Total: 704875 ns
[2023-07-17T15:24:13.619+0000][1][safepoint    ] Safepoint "Cleanup", Time since last: 1000305917 ns, Reaching safepoint: 1262959 ns, At safepoint: 23791 ns, Total: 1286750 ns
[2023-07-17T15:24:14.620+0000][1][safepoint    ] Safepoint "Cleanup", Time since last: 1000439209 ns, Reaching safepoint: 593459 ns, At safepoint: 14708 ns, Total: 608167 ns
[2023-07-17T15:24:15.621+0000][1][safepoint    ] Safepoint "Cleanup", Time since last: 1000388000 ns, Reaching safepoint: 977834 ns, At safepoint: 20125 ns, Total: 997959 ns
[2023-07-17T15:24:16.623+0000][1][safepoint    ] Safepoint "Cleanup", Time since last: 1000596833 ns, Reaching safepoint: 657084 ns, At safepoint: 21541 ns, Total: 678625 ns
[2023-07-17T15:24:17.624+0000][1][safepoint    ] Safepoint "Cleanup", Time since last: 1000443834 ns, Reaching safepoint: 852584 ns, At safepoint: 36250 ns, Total: 888834 ns
[2023-07-17T15:24:18.626+0000][1][safepoint    ] Safepoint "Cleanup", Time since last: 1000314000 ns, Reaching safepoint: 1510458 ns, At safepoint: 26500 ns, Total: 1536958 ns
[2023-07-17T15:24:19.627+0000][1][safepoint    ] Safepoint "Cleanup", Time since last: 1000443043 ns, Reaching safepoint: 670208 ns, At safepoint: 38792 ns, Total: 709000 ns
[2023-07-17T15:24:20.628+0000][1][safepoint    ] Safepoint "Cleanup", Time since last: 1000365708 ns, Reaching safepoint: 659542 ns, At safepoint: 31125 ns, Total: 690667 ns
[2023-07-17T15:24:20.642+0000][1][safepoint    ] Safepoint "RevokeBias", Time since last: 11841708 ns, Reaching safepoint: 1752334 ns, At safepoint: 439083 ns, Total: 2191417 ns
[2023-07-17T15:24:21.646+0000][1][safepoint    ] Safepoint "Cleanup", Time since last: 1001226626 ns, Reaching safepoint: 2753791 ns, At safepoint: 77917 ns, Total: 2831708 ns
[2023-07-17T15:24:22.649+0000][1][safepoint    ] Safepoint "Cleanup", Time since last: 1001304834 ns, Reaching safepoint: 1193083 ns, At safepoint: 36958 ns, Total: 1230041 ns
[2023-07-17T15:24:23.650+0000][1][safepoint    ] Safepoint "Cleanup", Time since last: 1001004543 ns, Reaching safepoint: 670625 ns, At safepoint: 16041 ns, Total: 686666 ns
[2023-07-17T15:24:24.652+0000][1][safepoint    ] Safepoint "Cleanup", Time since last: 1000471459 ns, Reaching safepoint: 1228000 ns, At safepoint: 32083 ns, Total: 1260083 ns
[2023-07-17T15:24:25.654+0000][1][safepoint    ] Safepoint "Cleanup", Time since last: 1000590334 ns, Reaching safepoint: 1137667 ns, At safepoint: 22333 ns, Total: 1160000 ns
[2023-07-17T15:24:26.656+0000][1][safepoint    ] Safepoint "Cleanup", Time since last: 1000446251 ns, Reaching safepoint: 1904583 ns, At safepoint: 48042 ns, Total: 1952625 ns
[2023-07-17T15:24:27.658+0000][1][safepoint    ] Safepoint "Cleanup", Time since last: 1000652083 ns, Reaching safepoint: 694292 ns, At safepoint: 17000 ns, Total: 711292 ns
[2023-07-17T15:24:28.660+0000][1][safepoint    ] Safepoint "Cleanup", Time since last: 1000989876 ns, Reaching safepoint: 990958 ns, At safepoint: 34917 ns, Total: 1025875 ns
[2023-07-17T15:24:29.661+0000][1][safepoint    ] Safepoint "Cleanup", Time since last: 1000836958 ns, Reaching safepoint: 777834 ns, At safepoint: 62333 ns, Total: 840167 ns
[2023-07-17T15:24:30.664+0000][1][safepoint    ] Safepoint "Cleanup", Time since last: 1000733501 ns, Reaching safepoint: 1988916 ns, At safepoint: 39792 ns, Total: 2028708 ns
[2023-07-17T15:24:31.667+0000][1][safepoint    ] Safepoint "Cleanup", Time since last: 1001689334 ns, Reaching safepoint: 1350500 ns, At safepoint: 29875 ns, Total: 1380375 ns
[2023-07-17T15:24:32.673+0000][1][safepoint    ] Safepoint "Cleanup", Time since last: 1005018292 ns, Reaching safepoint: 1090958 ns, At safepoint: 37792 ns, Total: 1128750 ns
[2023-07-17T15:24:33.678+0000][1][safepoint    ] Safepoint "Cleanup", Time since last: 1001016875 ns, Reaching safepoint: 3213500 ns, At safepoint: 89709 ns, Total: 3303209 ns
[2023-07-17T15:24:34.681+0000][1][safepoint    ] Safepoint "Cleanup", Time since last: 1003019542 ns, Reaching safepoint: 660916 ns, At safepoint: 16500 ns, Total: 677416 ns
[2023-07-17T15:24:35.683+0000][1][safepoint    ] Safepoint "Cleanup", Time since last: 1000424501 ns, Reaching safepoint: 966292 ns, At safepoint: 25833 ns, Total: 992125 ns
[2023-07-17T15:24:36.685+0000][1][safepoint    ] Safepoint "Cleanup", Time since last: 1001399667 ns, Reaching safepoint: 1188708 ns, At safepoint: 24667 ns, Total: 1213375 ns
[2023-07-17T15:24:37.691+0000][1][safepoint    ] Safepoint "Cleanup", Time since last: 1001907751 ns, Reaching safepoint: 3470000 ns, At safepoint: 103000 ns, Total: 3573000 ns
[2023-07-17T15:24:38.694+0000][1][safepoint    ] Safepoint "Cleanup", Time since last: 1001671750 ns, Reaching safepoint: 1059042 ns, At safepoint: 24541 ns, Total: 1083583 ns
[2023-07-17T15:24:39.250+0000][1][gc,start     ] GC(29) Pause Young (Allocation Failure)
[2023-07-17T15:24:39.251+0000][1][gc,task      ] GC(29) Using 4 workers of 4 for evacuation
[2023-07-17T15:24:39.272+0000][1][gc,age       ] GC(29) Desired survivor size 8945664 bytes, new threshold 6 (max threshold 6)
[2023-07-17T15:24:39.272+0000][1][gc,age       ] GC(29) Age table with threshold 6 (max threshold 6)
[2023-07-17T15:24:39.272+0000][1][gc,age       ] GC(29) - age   1:      86536 bytes,      86536 total
[2023-07-17T15:24:39.273+0000][1][gc,age       ] GC(29) - age   2:       5592 bytes,      92128 total
[2023-07-17T15:24:39.273+0000][1][gc,age       ] GC(29) - age   3:       2272 bytes,      94400 total
[2023-07-17T15:24:39.273+0000][1][gc,age       ] GC(29) - age   4:      19224 bytes,     113624 total
[2023-07-17T15:24:39.274+0000][1][gc,age       ] GC(29) - age   5:      37240 bytes,     150864 total
[2023-07-17T15:24:39.274+0000][1][gc,age       ] GC(29) - age   6:       7024 bytes,     157888 total
[2023-07-17T15:24:39.274+0000][1][gc,heap      ] GC(29) ParNew: 140011K->274K(157248K)
[2023-07-17T15:24:39.274+0000][1][gc,heap      ] GC(29) CMS: 69049K->69056K(349568K)
[2023-07-17T15:24:39.275+0000][1][gc,metaspace ] GC(29) Metaspace: 89129K->89129K(1130496K)
[2023-07-17T15:24:39.275+0000][1][gc           ] GC(29) Pause Young (Allocation Failure) 204M->67M(494M) 25.174ms
[2023-07-17T15:24:39.275+0000][1][gc,cpu       ] GC(29) User=0.05s Sys=0.00s Real=0.02s
[2023-07-17T15:24:39.276+0000][1][safepoint    ] Safepoint "GenCollectForAllocation", Time since last: 554507251 ns, Reaching safepoint: 1727666 ns, At safepoint: 25891209 ns, Total: 27618875 ns
[2023-07-17T15:24:40.281+0000][1][safepoint    ] Safepoint "Cleanup", Time since last: 1001429500 ns, Reaching safepoint: 3729083 ns, At safepoint: 94625 ns, Total: 3823708 ns
[2023-07-17T15:24:40.656+0000][1][safepoint    ] Safepoint "RevokeBias", Time since last: 372925417 ns, Reaching safepoint: 1791875 ns, At safepoint: 520417 ns, Total: 2312292 ns
[2023-07-17T15:24:41.661+0000][1][safepoint    ] Safepoint "Cleanup", Time since last: 1001419709 ns, Reaching safepoint: 3202458 ns, At safepoint: 211792 ns, Total: 3414250 ns
[2023-07-17T15:24:42.666+0000][1][safepoint    ] Safepoint "Cleanup", Time since last: 1001898666 ns, Reaching safepoint: 3097500 ns, At safepoint: 83667 ns, Total: 3181167 ns
[2023-07-17T15:24:43.669+0000][1][safepoint    ] Safepoint "Cleanup", Time since last: 1000859875 ns, Reaching safepoint: 1676292 ns, At safepoint: 24541 ns, Total: 1700833 ns
[2023-07-17T15:24:44.671+0000][1][safepoint    ] Safepoint "Cleanup", Time since last: 1001075793 ns, Reaching safepoint: 672916 ns, At safepoint: 15959 ns, Total: 688875 ns
[2023-07-17T15:24:45.672+0000][1][safepoint    ] Safepoint "Cleanup", Time since last: 1000412333 ns, Reaching safepoint: 1238125 ns, At safepoint: 27709 ns, Total: 1265834 ns
[2023-07-17T15:24:46.675+0000][1][safepoint    ] Safepoint "Cleanup", Time since last: 1000723417 ns, Reaching safepoint: 1988167 ns, At safepoint: 69208 ns, Total: 2057375 ns
[2023-07-17T15:24:47.680+0000][1][safepoint    ] Safepoint "Cleanup", Time since last: 1001894625 ns, Reaching safepoint: 2937792 ns, At safepoint: 79333 ns, Total: 3017125 ns
[2023-07-17T15:24:48.686+0000][1][safepoint    ] Safepoint "Cleanup", Time since last: 1002080501 ns, Reaching safepoint: 4027750 ns, At safepoint: 155041 ns, Total: 4182791 ns
[2023-07-17T15:24:49.691+0000][1][safepoint    ] Safepoint "Cleanup", Time since last: 1002153793 ns, Reaching safepoint: 2983000 ns, At safepoint: 82916 ns, Total: 3065916 ns
[2023-07-17T15:24:50.643+0000][1][safepoint    ] Safepoint "RevokeBias", Time since last: 948959209 ns, Reaching safepoint: 1956500 ns, At safepoint: 457167 ns, Total: 2413667 ns
[2023-07-17T15:24:51.646+0000][1][safepoint    ] Safepoint "Cleanup", Time since last: 1001596209 ns, Reaching safepoint: 1302416 ns, At safepoint: 28292 ns, Total: 1330708 ns
[2023-07-17T15:24:52.652+0000][1][safepoint    ] Safepoint "Cleanup", Time since last: 1004134959 ns, Reaching safepoint: 2254625 ns, At safepoint: 116291 ns, Total: 2370916 ns
[2023-07-17T15:24:53.656+0000][1][safepoint    ] Safepoint "Cleanup", Time since last: 1002781751 ns, Reaching safepoint: 783208 ns, At safepoint: 19375 ns, Total: 802583 ns
[2023-07-17T15:24:54.658+0000][1][safepoint    ] Safepoint "Cleanup", Time since last: 1001031459 ns, Reaching safepoint: 956458 ns, At safepoint: 21667 ns, Total: 978125 ns
[2023-07-17T15:24:55.661+0000][1][safepoint    ] Safepoint "Cleanup", Time since last: 1000512875 ns, Reaching safepoint: 2307334 ns, At safepoint: 79666 ns, Total: 2387000 ns
[2023-07-17T15:24:56.664+0000][1][safepoint    ] Safepoint "Cleanup", Time since last: 1000801001 ns, Reaching safepoint: 1911917 ns, At safepoint: 55666 ns, Total: 1967583 ns
[2023-07-17T15:24:57.666+0000][1][safepoint    ] Safepoint "Cleanup", Time since last: 1001275417 ns, Reaching safepoint: 1244000 ns, At safepoint: 24042 ns, Total: 1268042 ns
[2023-07-17T15:24:58.669+0000][1][safepoint    ] Safepoint "Cleanup", Time since last: 1000592084 ns, Reaching safepoint: 1891875 ns, At safepoint: 39917 ns, Total: 1931792 ns
[2023-07-17T15:24:59.156+0000][1][safepoint    ] Safepoint "RevokeBias", Time since last: 485925458 ns, Reaching safepoint: 1407333 ns, At safepoint: 99334 ns, Total: 1506667 ns
[2023-07-17T15:24:59.162+0000][1][safepoint    ] Safepoint "RevokeBias", Time since last: 4351208 ns, Reaching safepoint: 1160333 ns, At safepoint: 112125 ns, Total: 1272458 ns
[2023-07-17T15:24:59.166+0000][1][safepoint    ] Safepoint "RevokeBias", Time since last: 3301334 ns, Reaching safepoint: 1294875 ns, At safepoint: 62666 ns, Total: 1357541 ns
[2023-07-17T15:24:59.213+0000][1][safepoint    ] Safepoint "RevokeBias", Time since last: 45462875 ns, Reaching safepoint: 1188709 ns, At safepoint: 148000 ns, Total: 1336709 ns
[2023-07-17T15:24:59.234+0000][1][safepoint    ] Safepoint "RevokeBias", Time since last: 19587458 ns, Reaching safepoint: 1106875 ns, At safepoint: 150959 ns, Total: 1257834 ns
[2023-07-17T15:25:00.239+0000][1][safepoint    ] Safepoint "Cleanup", Time since last: 1001301000 ns, Reaching safepoint: 3126833 ns, At safepoint: 104125 ns, Total: 3230958 ns
[2023-07-17T15:25:00.628+0000][1][safepoint    ] Safepoint "BulkRevokeBias", Time since last: 384815292 ns, Reaching safepoint: 1720542 ns, At safepoint: 3169583 ns, Total: 4890125 ns
[2023-07-17T15:25:01.632+0000][1][safepoint    ] Safepoint "Cleanup", Time since last: 1000639584 ns, Reaching safepoint: 3184083 ns, At safepoint: 74875 ns, Total: 3258958 ns
[2023-07-17T15:25:02.638+0000][1][safepoint    ] Safepoint "Cleanup", Time since last: 1003242042 ns, Reaching safepoint: 2144292 ns, At safepoint: 63292 ns, Total: 2207584 ns
[2023-07-17T15:25:03.641+0000][1][safepoint    ] Safepoint "Cleanup", Time since last: 1001140334 ns, Reaching safepoint: 1922833 ns, At safepoint: 59500 ns, Total: 1982333 ns
[2023-07-17T15:25:04.643+0000][1][safepoint    ] Safepoint "Cleanup", Time since last: 1000943542 ns, Reaching safepoint: 961917 ns, At safepoint: 26583 ns, Total: 988500 ns
[2023-07-17T15:25:05.646+0000][1][safepoint    ] Safepoint "Cleanup", Time since last: 1001068876 ns, Reaching safepoint: 2532958 ns, At safepoint: 76333 ns, Total: 2609291 ns
[2023-07-17T15:25:06.651+0000][1][safepoint    ] Safepoint "Cleanup", Time since last: 1002049959 ns, Reaching safepoint: 2455000 ns, At safepoint: 71000 ns, Total: 2526000 ns
[2023-07-17T15:25:07.653+0000][1][safepoint    ] Safepoint "Cleanup", Time since last: 1001011542 ns, Reaching safepoint: 961875 ns, At safepoint: 23667 ns, Total: 985542 ns
[2023-07-17T15:25:08.656+0000][1][safepoint    ] Safepoint "Cleanup", Time since last: 1000697000 ns, Reaching safepoint: 1961750 ns, At safepoint: 61417 ns, Total: 2023167 ns
[2023-07-17T15:25:09.658+0000][1][safepoint    ] Safepoint "Cleanup", Time since last: 1001128625 ns, Reaching safepoint: 1576250 ns, At safepoint: 36500 ns, Total: 1612750 ns
[2023-07-17T15:25:10.649+0000][1][safepoint    ] Safepoint "RevokeBias", Time since last: 987810793 ns, Reaching safepoint: 2370875 ns, At safepoint: 431000 ns, Total: 2801875 ns
[2023-07-17T15:25:11.654+0000][1][safepoint    ] Safepoint "Cleanup", Time since last: 1002080875 ns, Reaching safepoint: 3267667 ns, At safepoint: 78000 ns, Total: 3345667 ns
[2023-07-17T15:25:12.657+0000][1][safepoint    ] Safepoint "Cleanup", Time since last: 1002025542 ns, Reaching safepoint: 772500 ns, At safepoint: 20833 ns, Total: 793333 ns
[2023-07-17T15:25:13.660+0000][1][safepoint    ] Safepoint "Cleanup", Time since last: 1001427875 ns, Reaching safepoint: 1144500 ns, At safepoint: 19292 ns, Total: 1163792 ns
[2023-07-17T15:25:14.662+0000][1][safepoint    ] Safepoint "Cleanup", Time since last: 1000630459 ns, Reaching safepoint: 1452292 ns, At safepoint: 38000 ns, Total: 1490292 ns
[2023-07-17T15:25:15.665+0000][1][safepoint    ] Safepoint "Cleanup", Time since last: 1001885042 ns, Reaching safepoint: 1298041 ns, At safepoint: 25959 ns, Total: 1324000 ns
[2023-07-17T15:25:16.667+0000][1][safepoint    ] Safepoint "Cleanup", Time since last: 1001070250 ns, Reaching safepoint: 1016292 ns, At safepoint: 28333 ns, Total: 1044625 ns
[2023-07-17T15:25:17.674+0000][1][safepoint    ] Safepoint "Cleanup", Time since last: 1000537126 ns, Reaching safepoint: 6052333 ns, At safepoint: 117625 ns, Total: 6169958 ns
[2023-07-17T15:25:18.676+0000][1][safepoint    ] Safepoint "Cleanup", Time since last: 1001551834 ns, Reaching safepoint: 970375 ns, At safepoint: 41041 ns, Total: 1011416 ns
[2023-07-17T15:25:19.679+0000][1][safepoint    ] Safepoint "Cleanup", Time since last: 1001621084 ns, Reaching safepoint: 1133625 ns, At safepoint: 24250 ns, Total: 1157875 ns
[2023-07-17T15:25:20.661+0000][1][safepoint    ] Safepoint "RevokeBias", Time since last: 980335751 ns, Reaching safepoint: 1739958 ns, At safepoint: 359292 ns, Total: 2099250 ns
[2023-07-17T15:25:21.664+0000][1][safepoint    ] Safepoint "Cleanup", Time since last: 1000575750 ns, Reaching safepoint: 1901750 ns, At safepoint: 37667 ns, Total: 1939417 ns
[2023-07-17T15:25:22.666+0000][1][safepoint    ] Safepoint "Cleanup", Time since last: 1000623750 ns, Reaching safepoint: 1275375 ns, At safepoint: 26834 ns, Total: 1302209 ns
[2023-07-17T15:25:23.670+0000][1][safepoint    ] Safepoint "Cleanup", Time since last: 1000827917 ns, Reaching safepoint: 3218417 ns, At safepoint: 78583 ns, Total: 3297000 ns
[2023-07-17T15:25:24.672+0000][1][safepoint    ] Safepoint "Cleanup", Time since last: 1001327334 ns, Reaching safepoint: 968000 ns, At safepoint: 22250 ns, Total: 990250 ns
[2023-07-17T15:25:25.675+0000][1][safepoint    ] Safepoint "Cleanup", Time since last: 1001400958 ns, Reaching safepoint: 1252625 ns, At safepoint: 28375 ns, Total: 1281000 ns
[2023-07-17T15:25:26.676+0000][1][safepoint    ] Safepoint "Cleanup", Time since last: 1000607334 ns, Reaching safepoint: 831584 ns, At safepoint: 20791 ns, Total: 852375 ns
[2023-07-17T15:25:27.682+0000][1][safepoint    ] Safepoint "Cleanup", Time since last: 1002827501 ns, Reaching safepoint: 2758541 ns, At safepoint: 95625 ns, Total: 2854166 ns
[2023-07-17T15:25:28.686+0000][1][safepoint    ] Safepoint "Cleanup", Time since last: 1001153459 ns, Reaching safepoint: 2442709 ns, At safepoint: 56000 ns, Total: 2498709 ns
[2023-07-17T15:25:29.688+0000][1][safepoint    ] Safepoint "Cleanup", Time since last: 1000851542 ns, Reaching safepoint: 914458 ns, At safepoint: 19292 ns, Total: 933750 ns
[2023-07-17T15:25:30.649+0000][1][safepoint    ] Safepoint "RevokeBias", Time since last: 958713875 ns, Reaching safepoint: 1844167 ns, At safepoint: 427250 ns, Total: 2271417 ns
[2023-07-17T15:25:31.654+0000][1][safepoint    ] Safepoint "Cleanup", Time since last: 1000522625 ns, Reaching safepoint: 4246625 ns, At safepoint: 135917 ns, Total: 4382542 ns
[2023-07-17T15:25:32.658+0000][1][safepoint    ] Safepoint "Cleanup", Time since last: 1001448875 ns, Reaching safepoint: 2520709 ns, At safepoint: 45333 ns, Total: 2566042 ns
[2023-07-17T15:25:33.662+0000][1][safepoint    ] Safepoint "Cleanup", Time since last: 1002162167 ns, Reaching safepoint: 2567292 ns, At safepoint: 71833 ns, Total: 2639125 ns
[2023-07-17T15:25:34.665+0000][1][safepoint    ] Safepoint "Cleanup", Time since last: 1001123001 ns, Reaching safepoint: 1172458 ns, At safepoint: 24417 ns, Total: 1196875 ns
[2023-07-17T15:25:35.666+0000][1][safepoint    ] Safepoint "Cleanup", Time since last: 1000528834 ns, Reaching safepoint: 982375 ns, At safepoint: 22291 ns, Total: 1004666 ns
[2023-07-17T15:25:36.668+0000][1][safepoint    ] Safepoint "Cleanup", Time since last: 1000619542 ns, Reaching safepoint: 1591209 ns, At safepoint: 36666 ns, Total: 1627875 ns
[2023-07-17T15:25:37.673+0000][1][safepoint    ] Safepoint "Cleanup", Time since last: 1001385543 ns, Reaching safepoint: 3510000 ns, At safepoint: 90916 ns, Total: 3600916 ns
[2023-07-17T15:25:38.676+0000][1][safepoint    ] Safepoint "Cleanup", Time since last: 1001717876 ns, Reaching safepoint: 675000 ns, At safepoint: 17541 ns, Total: 692541 ns
[2023-07-17T15:25:39.677+0000][1][safepoint    ] Safepoint "Cleanup", Time since last: 1000569667 ns, Reaching safepoint: 903292 ns, At safepoint: 24667 ns, Total: 927959 ns
[2023-07-17T15:25:40.679+0000][1][safepoint    ] Safepoint "Cleanup", Time since last: 1000717000 ns, Reaching safepoint: 1316125 ns, At safepoint: 22750 ns, Total: 1338875 ns
[2023-07-17T15:25:41.681+0000][1][safepoint    ] Safepoint "Cleanup", Time since last: 1000456334 ns, Reaching safepoint: 1312167 ns, At safepoint: 24791 ns, Total: 1336958 ns
[2023-07-17T15:25:42.683+0000][1][safepoint    ] Safepoint "Cleanup", Time since last: 1000775083 ns, Reaching safepoint: 917292 ns, At safepoint: 24000 ns, Total: 941292 ns
[2023-07-17T15:25:43.685+0000][1][safepoint    ] Safepoint "Cleanup", Time since last: 1000569792 ns, Reaching safepoint: 1280125 ns, At safepoint: 20542 ns, Total: 1300667 ns
[2023-07-17T15:25:44.688+0000][1][safepoint    ] Safepoint "Cleanup", Time since last: 1000752125 ns, Reaching safepoint: 2351209 ns, At safepoint: 70916 ns, Total: 2422125 ns
[2023-07-17T15:25:45.693+0000][1][safepoint    ] Safepoint "Cleanup", Time since last: 1003551417 ns, Reaching safepoint: 1082125 ns, At safepoint: 24417 ns, Total: 1106542 ns
[2023-07-17T15:25:46.695+0000][1][safepoint    ] Safepoint "Cleanup", Time since last: 1000544167 ns, Reaching safepoint: 1257375 ns, At safepoint: 26584 ns, Total: 1283959 ns
[2023-07-17T15:25:47.699+0000][1][safepoint    ] Safepoint "Cleanup", Time since last: 1001067042 ns, Reaching safepoint: 2679291 ns, At safepoint: 170250 ns, Total: 2849541 ns
[2023-07-17T15:25:48.701+0000][1][safepoint    ] Safepoint "Cleanup", Time since last: 1000926209 ns, Reaching safepoint: 1289583 ns, At safepoint: 27459 ns, Total: 1317042 ns
[2023-07-17T15:25:49.703+0000][1][safepoint    ] Safepoint "Cleanup", Time since last: 1000758834 ns, Reaching safepoint: 1472333 ns, At safepoint: 19917 ns, Total: 1492250 ns
[2023-07-17T15:25:50.666+0000][1][safepoint    ] Safepoint "RevokeBias", Time since last: 960531458 ns, Reaching safepoint: 2080500 ns, At safepoint: 438959 ns, Total: 2519459 ns
[2023-07-17T15:25:51.671+0000][1][safepoint    ] Safepoint "Cleanup", Time since last: 1002787834 ns, Reaching safepoint: 2279500 ns, At safepoint: 73500 ns, Total: 2353000 ns
[2023-07-17T15:25:52.681+0000][1][safepoint    ] Safepoint "Cleanup", Time since last: 1005307958 ns, Reaching safepoint: 4396959 ns, At safepoint: 96291 ns, Total: 4493250 ns
[2023-07-17T15:25:53.686+0000][1][safepoint    ] Safepoint "Cleanup", Time since last: 1001789876 ns, Reaching safepoint: 3025708 ns, At safepoint: 73792 ns, Total: 3099500 ns
[2023-07-17T15:25:54.692+0000][1][safepoint    ] Safepoint "Cleanup", Time since last: 1004998375 ns, Reaching safepoint: 1033125 ns, At safepoint: 24542 ns, Total: 1057667 ns
[2023-07-17T15:25:55.693+0000][1][safepoint    ] Safepoint "Cleanup", Time since last: 1000685125 ns, Reaching safepoint: 635042 ns, At safepoint: 17375 ns, Total: 652417 ns
[2023-07-17T15:25:56.695+0000][1][safepoint    ] Safepoint "Cleanup", Time since last: 1000344209 ns, Reaching safepoint: 1353750 ns, At safepoint: 25125 ns, Total: 1378875 ns
[2023-07-17T15:25:57.702+0000][1][safepoint    ] Safepoint "Cleanup", Time since last: 1000925417 ns, Reaching safepoint: 4794083 ns, At safepoint: 265250 ns, Total: 5059333 ns
[2023-07-17T15:25:58.712+0000][1][safepoint    ] Safepoint "Cleanup", Time since last: 1007564543 ns, Reaching safepoint: 3155000 ns, At safepoint: 66958 ns, Total: 3221958 ns
[2023-07-17T15:25:59.716+0000][1][safepoint    ] Safepoint "Cleanup", Time since last: 1002173959 ns, Reaching safepoint: 1966416 ns, At safepoint: 41000 ns, Total: 2007416 ns
[2023-07-17T15:26:00.132+0000][1][safepoint    ] Safepoint "RevokeBias", Time since last: 413342667 ns, Reaching safepoint: 1289000 ns, At safepoint: 956375 ns, Total: 2245375 ns
[2023-07-17T15:26:00.139+0000][1][safepoint    ] Safepoint "RevokeBias", Time since last: 5775917 ns, Reaching safepoint: 1435875 ns, At safepoint: 129792 ns, Total: 1565667 ns
[2023-07-17T15:26:00.146+0000][1][safepoint    ] Safepoint "RevokeBias", Time since last: 5871625 ns, Reaching safepoint: 1247083 ns, At safepoint: 106083 ns, Total: 1353166 ns
[2023-07-17T15:26:00.239+0000][1][safepoint    ] Safepoint "RevokeBias", Time since last: 91469834 ns, Reaching safepoint: 1220791 ns, At safepoint: 318709 ns, Total: 1539500 ns
[2023-07-17T15:26:00.247+0000][1][safepoint    ] Safepoint "RevokeBias", Time since last: 4254583 ns, Reaching safepoint: 3895375 ns, At safepoint: 77417 ns, Total: 3972792 ns
[2023-07-17T15:26:01.252+0000][1][safepoint    ] Safepoint "Cleanup", Time since last: 1001944083 ns, Reaching safepoint: 3013584 ns, At safepoint: 66333 ns, Total: 3079917 ns
[2023-07-17T15:26:02.257+0000][1][safepoint    ] Safepoint "Cleanup", Time since last: 1001124792 ns, Reaching safepoint: 3350125 ns, At safepoint: 89042 ns, Total: 3439167 ns
[2023-07-17T15:26:03.260+0000][1][safepoint    ] Safepoint "Cleanup", Time since last: 1001791292 ns, Reaching safepoint: 1028417 ns, At safepoint: 25083 ns, Total: 1053500 ns
[2023-07-17T15:26:04.262+0000][1][safepoint    ] Safepoint "Cleanup", Time since last: 1001360626 ns, Reaching safepoint: 1031541 ns, At safepoint: 23417 ns, Total: 1054958 ns
[2023-07-17T15:26:05.267+0000][1][safepoint    ] Safepoint "Cleanup", Time since last: 1000818209 ns, Reaching safepoint: 3664583 ns, At safepoint: 98667 ns, Total: 3763250 ns
[2023-07-17T15:26:06.272+0000][1][safepoint    ] Safepoint "Cleanup", Time since last: 1001911500 ns, Reaching safepoint: 2885709 ns, At safepoint: 69125 ns, Total: 2954834 ns
[2023-07-17T15:26:07.277+0000][1][safepoint    ] Safepoint "Cleanup", Time since last: 1001353375 ns, Reaching safepoint: 3780042 ns, At safepoint: 77375 ns, Total: 3857417 ns
[2023-07-17T15:26:08.280+0000][1][safepoint    ] Safepoint "Cleanup", Time since last: 1002185250 ns, Reaching safepoint: 1055417 ns, At safepoint: 24375 ns, Total: 1079792 ns
[2023-07-17T15:26:09.282+0000][1][safepoint    ] Safepoint "Cleanup", Time since last: 1001373250 ns, Reaching safepoint: 873250 ns, At safepoint: 19959 ns, Total: 893209 ns
[2023-07-17T15:26:10.284+0000][1][safepoint    ] Safepoint "Cleanup", Time since last: 1000798708 ns, Reaching safepoint: 929417 ns, At safepoint: 24125 ns, Total: 953542 ns
[2023-07-17T15:26:10.652+0000][1][safepoint    ] Safepoint "RevokeBias", Time since last: 365956125 ns, Reaching safepoint: 1682209 ns, At safepoint: 149500 ns, Total: 1831709 ns
[2023-07-17T15:26:11.655+0000][1][safepoint    ] Safepoint "Cleanup", Time since last: 1002082750 ns, Reaching safepoint: 1084583 ns, At safepoint: 22292 ns, Total: 1106875 ns
[2023-07-17T15:26:12.659+0000][1][safepoint    ] Safepoint "Cleanup", Time since last: 1000972916 ns, Reaching safepoint: 2896542 ns, At safepoint: 75750 ns, Total: 2972292 ns
[2023-07-17T15:26:13.662+0000][1][safepoint    ] Safepoint "Cleanup", Time since last: 1001290042 ns, Reaching safepoint: 1214625 ns, At safepoint: 19875 ns, Total: 1234500 ns
[2023-07-17T15:26:14.664+0000][1][safepoint    ] Safepoint "Cleanup", Time since last: 1001444834 ns, Reaching safepoint: 963292 ns, At safepoint: 16083 ns, Total: 979375 ns
[2023-07-17T15:26:15.668+0000][1][safepoint    ] Safepoint "Cleanup", Time since last: 1001194084 ns, Reaching safepoint: 2613541 ns, At safepoint: 83834 ns, Total: 2697375 ns
[2023-07-17T15:26:16.671+0000][1][safepoint    ] Safepoint "Cleanup", Time since last: 1001569125 ns, Reaching safepoint: 1187000 ns, At safepoint: 23459 ns, Total: 1210459 ns
[2023-07-17T15:26:17.676+0000][1][safepoint    ] Safepoint "Cleanup", Time since last: 1002425292 ns, Reaching safepoint: 2993958 ns, At safepoint: 56333 ns, Total: 3050291 ns
[2023-07-17T15:26:18.679+0000][1][safepoint    ] Safepoint "Cleanup", Time since last: 1000928501 ns, Reaching safepoint: 1488583 ns, At safepoint: 55417 ns, Total: 1544000 ns
[2023-07-17T15:26:19.680+0000][1][safepoint    ] Safepoint "Cleanup", Time since last: 1000639292 ns, Reaching safepoint: 691750 ns, At safepoint: 14625 ns, Total: 706375 ns
[2023-07-17T15:26:20.655+0000][1][safepoint    ] Safepoint "RevokeBias", Time since last: 972849875 ns, Reaching safepoint: 1914042 ns, At safepoint: 499000 ns, Total: 2413042 ns
[2023-07-17T15:26:21.661+0000][1][safepoint    ] Safepoint "Cleanup", Time since last: 1000892542 ns, Reaching safepoint: 4252250 ns, At safepoint: 92167 ns, Total: 4344417 ns
[2023-07-17T15:26:22.667+0000][1][safepoint    ] Safepoint "Cleanup", Time since last: 1001469667 ns, Reaching safepoint: 5105208 ns, At safepoint: 112417 ns, Total: 5217625 ns
[2023-07-17T15:26:23.677+0000][1][safepoint    ] Safepoint "Cleanup", Time since last: 1003878917 ns, Reaching safepoint: 5710834 ns, At safepoint: 106458 ns, Total: 5817292 ns
[2023-07-17T15:26:24.680+0000][1][safepoint    ] Safepoint "Cleanup", Time since last: 1001804500 ns, Reaching safepoint: 1694875 ns, At safepoint: 64417 ns, Total: 1759292 ns
[2023-07-17T15:26:25.686+0000][1][safepoint    ] Safepoint "Cleanup", Time since last: 1001869084 ns, Reaching safepoint: 3475708 ns, At safepoint: 88542 ns, Total: 3564250 ns
[2023-07-17T15:26:26.689+0000][1][safepoint    ] Safepoint "Cleanup", Time since last: 1001195750 ns, Reaching safepoint: 2161709 ns, At safepoint: 91500 ns, Total: 2253209 ns
[2023-07-17T15:26:27.695+0000][1][safepoint    ] Safepoint "Cleanup", Time since last: 1003811000 ns, Reaching safepoint: 1495792 ns, At safepoint: 45958 ns, Total: 1541750 ns
[2023-07-17T15:26:28.699+0000][1][safepoint    ] Safepoint "Cleanup", Time since last: 1000864792 ns, Reaching safepoint: 3598625 ns, At safepoint: 86334 ns, Total: 3684959 ns
[2023-07-17T15:26:29.702+0000][1][safepoint    ] Safepoint "Cleanup", Time since last: 1001549125 ns, Reaching safepoint: 1090292 ns, At safepoint: 24416 ns, Total: 1114708 ns
[2023-07-17T15:26:30.635+0000][1][safepoint    ] Safepoint "RevokeBias", Time since last: 930660959 ns, Reaching safepoint: 1729709 ns, At safepoint: 495625 ns, Total: 2225334 ns
[2023-07-17T15:26:30.669+0000][1][gc,start     ] GC(30) Pause Young (Allocation Failure)
[2023-07-17T15:26:30.671+0000][1][gc,task      ] GC(30) Using 4 workers of 4 for evacuation
[2023-07-17T15:26:30.697+0000][1][gc,age       ] GC(30) Desired survivor size 8945664 bytes, new threshold 6 (max threshold 6)
[2023-07-17T15:26:30.698+0000][1][gc,age       ] GC(30) Age table with threshold 6 (max threshold 6)
[2023-07-17T15:26:30.698+0000][1][gc,age       ] GC(30) - age   1:     102416 bytes,     102416 total
[2023-07-17T15:26:30.698+0000][1][gc,age       ] GC(30) - age   2:       4712 bytes,     107128 total
[2023-07-17T15:26:30.698+0000][1][gc,age       ] GC(30) - age   3:       5312 bytes,     112440 total
[2023-07-17T15:26:30.698+0000][1][gc,age       ] GC(30) - age   4:       2272 bytes,     114712 total
[2023-07-17T15:26:30.698+0000][1][gc,age       ] GC(30) - age   5:      19224 bytes,     133936 total
[2023-07-17T15:26:30.699+0000][1][gc,age       ] GC(30) - age   6:      37240 bytes,     171176 total
[2023-07-17T15:26:30.700+0000][1][gc,heap      ] GC(30) ParNew: 140050K->238K(157248K)
[2023-07-17T15:26:30.700+0000][1][gc,heap      ] GC(30) CMS: 69056K->69063K(349568K)
[2023-07-17T15:26:30.700+0000][1][gc,metaspace ] GC(30) Metaspace: 89165K->89165K(1130496K)
[2023-07-17T15:26:30.701+0000][1][gc           ] GC(30) Pause Young (Allocation Failure) 204M->67M(494M) 31.953ms
[2023-07-17T15:26:30.701+0000][1][gc,cpu       ] GC(30) User=0.05s Sys=0.01s Real=0.03s
[2023-07-17T15:26:30.701+0000][1][safepoint    ] Safepoint "GenCollectForAllocation", Time since last: 32534041 ns, Reaching safepoint: 1214209 ns, At safepoint: 32888250 ns, Total: 34102459 ns
[2023-07-17T15:26:31.706+0000][1][safepoint    ] Safepoint "Cleanup", Time since last: 1000367833 ns, Reaching safepoint: 4211459 ns, At safepoint: 83375 ns, Total: 4294834 ns
[2023-07-17T15:26:32.716+0000][1][safepoint    ] Safepoint "Cleanup", Time since last: 1005762917 ns, Reaching safepoint: 3712250 ns, At safepoint: 91041 ns, Total: 3803291 ns
[2023-07-17T15:26:33.719+0000][1][safepoint    ] Safepoint "Cleanup", Time since last: 1001830209 ns, Reaching safepoint: 1224459 ns, At safepoint: 27625 ns, Total: 1252084 ns
[2023-07-17T15:26:34.722+0000][1][safepoint    ] Safepoint "Cleanup", Time since last: 1001615292 ns, Reaching safepoint: 1573791 ns, At safepoint: 34625 ns, Total: 1608416 ns
[2023-07-17T15:26:35.725+0000][1][safepoint    ] Safepoint "Cleanup", Time since last: 1001203168 ns, Reaching safepoint: 1489416 ns, At safepoint: 34959 ns, Total: 1524375 ns
[2023-07-17T15:26:36.728+0000][1][safepoint    ] Safepoint "Cleanup", Time since last: 1000828833 ns, Reaching safepoint: 2199875 ns, At safepoint: 68125 ns, Total: 2268000 ns
[2023-07-17T15:26:37.733+0000][1][safepoint    ] Safepoint "Cleanup", Time since last: 1001178918 ns, Reaching safepoint: 3808416 ns, At safepoint: 81500 ns, Total: 3889916 ns
[2023-07-17T15:26:38.736+0000][1][safepoint    ] Safepoint "Cleanup", Time since last: 1001577167 ns, Reaching safepoint: 1227500 ns, At safepoint: 27417 ns, Total: 1254917 ns
[2023-07-17T15:26:39.738+0000][1][safepoint    ] Safepoint "Cleanup", Time since last: 1001190376 ns, Reaching safepoint: 1070000 ns, At safepoint: 26000 ns, Total: 1096000 ns
[2023-07-17T15:26:40.636+0000][1][safepoint    ] Safepoint "RevokeBias", Time since last: 896178375 ns, Reaching safepoint: 1783292 ns, At safepoint: 423333 ns, Total: 2206625 ns
[2023-07-17T15:26:41.641+0000][1][safepoint    ] Safepoint "Cleanup", Time since last: 1001543250 ns, Reaching safepoint: 3077292 ns, At safepoint: 88750 ns, Total: 3166042 ns
[2023-07-17T15:26:42.644+0000][1][safepoint    ] Safepoint "Cleanup", Time since last: 1001876333 ns, Reaching safepoint: 1108667 ns, At safepoint: 26166 ns, Total: 1134833 ns
[2023-07-17T15:26:43.647+0000][1][safepoint    ] Safepoint "Cleanup", Time since last: 1001831584 ns, Reaching safepoint: 1317792 ns, At safepoint: 21791 ns, Total: 1339583 ns
[2023-07-17T15:26:44.651+0000][1][safepoint    ] Safepoint "Cleanup", Time since last: 1002426834 ns, Reaching safepoint: 1376959 ns, At safepoint: 35583 ns, Total: 1412542 ns
[2023-07-17T15:26:45.654+0000][1][safepoint    ] Safepoint "Cleanup", Time since last: 1001580250 ns, Reaching safepoint: 627459 ns, At safepoint: 14833 ns, Total: 642292 ns
[2023-07-17T15:26:46.655+0000][1][safepoint    ] Safepoint "Cleanup", Time since last: 1000513917 ns, Reaching safepoint: 922084 ns, At safepoint: 22083 ns, Total: 944167 ns
[2023-07-17T15:26:47.658+0000][1][safepoint    ] Safepoint "Cleanup", Time since last: 1002256334 ns, Reaching safepoint: 718416 ns, At safepoint: 19667 ns, Total: 738083 ns
[2023-07-17T15:26:48.659+0000][1][safepoint    ] Safepoint "Cleanup", Time since last: 1000493375 ns, Reaching safepoint: 605375 ns, At safepoint: 16875 ns, Total: 622250 ns
[2023-07-17T15:26:49.660+0000][1][safepoint    ] Safepoint "Cleanup", Time since last: 1000376084 ns, Reaching safepoint: 763542 ns, At safepoint: 17583 ns, Total: 781125 ns
[2023-07-17T15:26:50.661+0000][1][safepoint    ] Safepoint "Cleanup", Time since last: 1000384876 ns, Reaching safepoint: 681416 ns, At safepoint: 22292 ns, Total: 703708 ns
[2023-07-17T15:26:51.663+0000][1][safepoint    ] Safepoint "Cleanup", Time since last: 1000348876 ns, Reaching safepoint: 850583 ns, At safepoint: 16000 ns, Total: 866583 ns
[2023-07-17T15:26:52.664+0000][1][safepoint    ] Safepoint "Cleanup", Time since last: 1000414625 ns, Reaching safepoint: 1285792 ns, At safepoint: 23083 ns, Total: 1308875 ns
[2023-07-17T15:26:53.665+0000][1][safepoint    ] Safepoint "Cleanup", Time since last: 1000420543 ns, Reaching safepoint: 760750 ns, At safepoint: 16125 ns, Total: 776875 ns
[2023-07-17T15:26:54.667+0000][1][safepoint    ] Safepoint "Cleanup", Time since last: 1000390000 ns, Reaching safepoint: 626833 ns, At safepoint: 11084 ns, Total: 637917 ns
[2023-07-17T15:26:55.668+0000][1][safepoint    ] Safepoint "Cleanup", Time since last: 1000481708 ns, Reaching safepoint: 739125 ns, At safepoint: 35250 ns, Total: 774375 ns
[2023-07-17T15:26:56.669+0000][1][safepoint    ] Safepoint "Cleanup", Time since last: 1000404418 ns, Reaching safepoint: 1210416 ns, At safepoint: 22292 ns, Total: 1232708 ns
[2023-07-17T15:26:57.672+0000][1][safepoint    ] Safepoint "Cleanup", Time since last: 1000422875 ns, Reaching safepoint: 1954000 ns, At safepoint: 22209 ns, Total: 1976209 ns
[2023-07-17T15:26:58.674+0000][1][safepoint    ] Safepoint "Cleanup", Time since last: 1000496125 ns, Reaching safepoint: 1665792 ns, At safepoint: 19458 ns, Total: 1685250 ns
[2023-07-17T15:26:59.678+0000][1][safepoint    ] Safepoint "Cleanup", Time since last: 1002630126 ns, Reaching safepoint: 1086958 ns, At safepoint: 45833 ns, Total: 1132791 ns
[2023-07-17T15:27:00.683+0000][1][safepoint    ] Safepoint "Cleanup", Time since last: 1002672501 ns, Reaching safepoint: 2347125 ns, At safepoint: 26167 ns, Total: 2373292 ns
[2023-07-17T15:27:01.138+0000][1][safepoint    ] Safepoint "RevokeBias", Time since last: 453478750 ns, Reaching safepoint: 1035916 ns, At safepoint: 210584 ns, Total: 1246500 ns
[2023-07-17T15:27:01.140+0000][1][safepoint    ] Safepoint "RevokeBias", Time since last: 1446083 ns, Reaching safepoint: 607583 ns, At safepoint: 49250 ns, Total: 656833 ns
[2023-07-17T15:27:01.144+0000][1][safepoint    ] Safepoint "RevokeBias", Time since last: 2931875 ns, Reaching safepoint: 1082500 ns, At safepoint: 91667 ns, Total: 1174167 ns
[2023-07-17T15:27:01.172+0000][1][safepoint    ] Safepoint "RevokeBias", Time since last: 27013375 ns, Reaching safepoint: 830458 ns, At safepoint: 119959 ns, Total: 950417 ns
[2023-07-17T15:27:01.178+0000][1][safepoint    ] Safepoint "BulkRevokeBias", Time since last: 1264000 ns, Reaching safepoint: 3683583 ns, At safepoint: 1826583 ns, Total: 5510166 ns
[2023-07-17T15:27:01.199+0000][1][safepoint    ] Safepoint "RevokeBias", Time since last: 15247042 ns, Reaching safepoint: 4940583 ns, At safepoint: 95625 ns, Total: 5036208 ns
[2023-07-17T15:27:02.200+0000][1][safepoint    ] Safepoint "Cleanup", Time since last: 1000785751 ns, Reaching safepoint: 925458 ns, At safepoint: 22334 ns, Total: 947792 ns
[2023-07-17T15:27:03.202+0000][1][safepoint    ] Safepoint "Cleanup", Time since last: 1000912500 ns, Reaching safepoint: 706375 ns, At safepoint: 18458 ns, Total: 724833 ns
[2023-07-17T15:27:04.203+0000][1][safepoint    ] Safepoint "Cleanup", Time since last: 1000437376 ns, Reaching safepoint: 608375 ns, At safepoint: 15042 ns, Total: 623417 ns
[2023-07-17T15:27:05.205+0000][1][safepoint    ] Safepoint "Cleanup", Time since last: 1000406375 ns, Reaching safepoint: 857917 ns, At safepoint: 26000 ns, Total: 883917 ns
[2023-07-17T15:27:06.206+0000][1][safepoint    ] Safepoint "Cleanup", Time since last: 1000570958 ns, Reaching safepoint: 610042 ns, At safepoint: 24125 ns, Total: 634167 ns
[2023-07-17T15:27:07.211+0000][1][safepoint    ] Safepoint "Cleanup", Time since last: 1002347751 ns, Reaching safepoint: 3009083 ns, At safepoint: 98333 ns, Total: 3107416 ns
[2023-07-17T15:27:08.213+0000][1][safepoint    ] Safepoint "Cleanup", Time since last: 1001245709 ns, Reaching safepoint: 743917 ns, At safepoint: 27291 ns, Total: 771208 ns
[2023-07-17T15:27:09.218+0000][1][safepoint    ] Safepoint "Cleanup", Time since last: 1002259626 ns, Reaching safepoint: 2314708 ns, At safepoint: 58875 ns, Total: 2373583 ns
[2023-07-17T15:27:10.222+0000][1][safepoint    ] Safepoint "Cleanup", Time since last: 1001427292 ns, Reaching safepoint: 2520917 ns, At safepoint: 80083 ns, Total: 2601000 ns
[2023-07-17T15:27:11.224+0000][1][safepoint    ] Safepoint "Cleanup", Time since last: 1001374959 ns, Reaching safepoint: 829750 ns, At safepoint: 18584 ns, Total: 848334 ns
[2023-07-17T15:27:12.229+0000][1][safepoint    ] Safepoint "Cleanup", Time since last: 1001347291 ns, Reaching safepoint: 2999750 ns, At safepoint: 93250 ns, Total: 3093000 ns
[2023-07-17T15:27:13.233+0000][1][safepoint    ] Safepoint "Cleanup", Time since last: 1001275917 ns, Reaching safepoint: 3279417 ns, At safepoint: 91750 ns, Total: 3371167 ns
[2023-07-17T15:27:14.240+0000][1][safepoint    ] Safepoint "Cleanup", Time since last: 1002648292 ns, Reaching safepoint: 3530958 ns, At safepoint: 144917 ns, Total: 3675875 ns
[2023-07-17T15:27:15.244+0000][1][safepoint    ] Safepoint "Cleanup", Time since last: 1001344667 ns, Reaching safepoint: 2705500 ns, At safepoint: 74000 ns, Total: 2779500 ns
[2023-07-17T15:27:16.247+0000][1][safepoint    ] Safepoint "Cleanup", Time since last: 1002676167 ns, Reaching safepoint: 847792 ns, At safepoint: 24000 ns, Total: 871792 ns
[2023-07-17T15:27:17.251+0000][1][safepoint    ] Safepoint "Cleanup", Time since last: 1001293042 ns, Reaching safepoint: 2731541 ns, At safepoint: 93375 ns, Total: 2824916 ns
[2023-07-17T15:27:18.255+0000][1][safepoint    ] Safepoint "Cleanup", Time since last: 1001687334 ns, Reaching safepoint: 1893125 ns, At safepoint: 54375 ns, Total: 1947500 ns
[2023-07-17T15:27:19.259+0000][1][safepoint    ] Safepoint "Cleanup", Time since last: 1001939167 ns, Reaching safepoint: 1726792 ns, At safepoint: 48542 ns, Total: 1775334 ns
[2023-07-17T15:27:20.263+0000][1][safepoint    ] Safepoint "Cleanup", Time since last: 1000875625 ns, Reaching safepoint: 3601834 ns, At safepoint: 105875 ns, Total: 3707709 ns
[2023-07-17T15:27:20.671+0000][1][safepoint    ] Safepoint "RevokeBias", Time since last: 405988750 ns, Reaching safepoint: 1851791 ns, At safepoint: 456959 ns, Total: 2308750 ns
[2023-07-17T15:27:21.675+0000][1][safepoint    ] Safepoint "Cleanup", Time since last: 1000687042 ns, Reaching safepoint: 2783792 ns, At safepoint: 76750 ns, Total: 2860542 ns
[2023-07-17T15:27:22.679+0000][1][safepoint    ] Safepoint "Cleanup", Time since last: 1002262083 ns, Reaching safepoint: 1824792 ns, At safepoint: 49667 ns, Total: 1874459 ns
[2023-07-17T15:27:23.683+0000][1][safepoint    ] Safepoint "Cleanup", Time since last: 1000811959 ns, Reaching safepoint: 2854791 ns, At safepoint: 127875 ns, Total: 2982666 ns
[2023-07-17T15:27:24.687+0000][1][safepoint    ] Safepoint "Cleanup", Time since last: 1002871709 ns, Reaching safepoint: 1224417 ns, At safepoint: 44541 ns, Total: 1268958 ns
[2023-07-17T15:27:25.692+0000][1][safepoint    ] Safepoint "Cleanup", Time since last: 1000977959 ns, Reaching safepoint: 3306292 ns, At safepoint: 78916 ns, Total: 3385208 ns
[2023-07-17T15:27:26.694+0000][1][safepoint    ] Safepoint "Cleanup", Time since last: 1002104668 ns, Reaching safepoint: 768791 ns, At safepoint: 14709 ns, Total: 783500 ns
[2023-07-17T15:27:27.696+0000][1][safepoint    ] Safepoint "Cleanup", Time since last: 1000565708 ns, Reaching safepoint: 1051917 ns, At safepoint: 24042 ns, Total: 1075959 ns
[2023-07-17T15:27:28.414+0000][1][safepoint    ] Safepoint "RevokeBias", Time since last: 717174167 ns, Reaching safepoint: 699083 ns, At safepoint: 81917 ns, Total: 781000 ns
[2023-07-17T15:27:29.425+0000][1][safepoint    ] Safepoint "Cleanup", Time since last: 1002982667 ns, Reaching safepoint: 7520375 ns, At safepoint: 131292 ns, Total: 7651667 ns
[2023-07-17T15:27:30.430+0000][1][safepoint    ] Safepoint "Cleanup", Time since last: 1001949958 ns, Reaching safepoint: 3558292 ns, At safepoint: 101375 ns, Total: 3659667 ns
[2023-07-17T15:27:30.646+0000][1][safepoint    ] Safepoint "RevokeBias", Time since last: 213019834 ns, Reaching safepoint: 2174291 ns, At safepoint: 644834 ns, Total: 2819125 ns
[2023-07-17T15:27:31.648+0000][1][safepoint    ] Safepoint "Cleanup", Time since last: 1000604375 ns, Reaching safepoint: 1237708 ns, At safepoint: 25625 ns, Total: 1263333 ns
[2023-07-17T15:27:32.650+0000][1][safepoint    ] Safepoint "Cleanup", Time since last: 1000737251 ns, Reaching safepoint: 1370125 ns, At safepoint: 30416 ns, Total: 1400541 ns
[2023-07-17T15:27:33.657+0000][1][safepoint    ] Safepoint "Cleanup", Time since last: 1003399501 ns, Reaching safepoint: 3106000 ns, At safepoint: 90333 ns, Total: 3196333 ns
[2023-07-17T15:27:34.659+0000][1][safepoint    ] Safepoint "Cleanup", Time since last: 1001391001 ns, Reaching safepoint: 1298791 ns, At safepoint: 26709 ns, Total: 1325500 ns
[2023-07-17T15:27:35.663+0000][1][safepoint    ] Safepoint "Cleanup", Time since last: 1000992709 ns, Reaching safepoint: 2308458 ns, At safepoint: 44042 ns, Total: 2352500 ns
[2023-07-17T15:27:36.666+0000][1][safepoint    ] Safepoint "Cleanup", Time since last: 1002111375 ns, Reaching safepoint: 1307458 ns, At safepoint: 54250 ns, Total: 1361708 ns
[2023-07-17T15:27:37.918+0000][1][safepoint    ] Safepoint "Cleanup", Time since last: 1250142293 ns, Reaching safepoint: 1943083 ns, At safepoint: 60333 ns, Total: 2003416 ns
[2023-07-17T15:27:38.925+0000][1][safepoint    ] Safepoint "Cleanup", Time since last: 1004446876 ns, Reaching safepoint: 2230625 ns, At safepoint: 58500 ns, Total: 2289125 ns
[2023-07-17T15:27:39.928+0000][1][safepoint    ] Safepoint "Cleanup", Time since last: 1001170709 ns, Reaching safepoint: 1313291 ns, At safepoint: 34667 ns, Total: 1347958 ns
[2023-07-17T15:27:41.672+0000][1][safepoint    ] Safepoint "Cleanup", Time since last: 1738255042 ns, Reaching safepoint: 5371125 ns, At safepoint: 512417 ns, Total: 5883542 ns
[2023-07-17T15:27:42.677+0000][1][safepoint    ] Safepoint "Cleanup", Time since last: 1004031000 ns, Reaching safepoint: 1488333 ns, At safepoint: 54750 ns, Total: 1543083 ns
[2023-07-17T15:27:43.681+0000][1][safepoint    ] Safepoint "Cleanup", Time since last: 1002029334 ns, Reaching safepoint: 2075250 ns, At safepoint: 22750 ns, Total: 2098000 ns
[2023-07-17T15:27:44.685+0000][1][safepoint    ] Safepoint "Cleanup", Time since last: 1002778876 ns, Reaching safepoint: 1151833 ns, At safepoint: 28000 ns, Total: 1179833 ns
[2023-07-17T15:27:45.688+0000][1][safepoint    ] Safepoint "Cleanup", Time since last: 1000602875 ns, Reaching safepoint: 2471250 ns, At safepoint: 76000 ns, Total: 2547250 ns
[2023-07-17T15:27:46.691+0000][1][safepoint    ] Safepoint "Cleanup", Time since last: 1001371334 ns, Reaching safepoint: 1018667 ns, At safepoint: 23583 ns, Total: 1042250 ns
[2023-07-17T15:27:47.693+0000][1][safepoint    ] Safepoint "Cleanup", Time since last: 1000988251 ns, Reaching safepoint: 1186708 ns, At safepoint: 29167 ns, Total: 1215875 ns
[2023-07-17T15:27:48.697+0000][1][safepoint    ] Safepoint "Cleanup", Time since last: 1000759708 ns, Reaching safepoint: 3164917 ns, At safepoint: 82208 ns, Total: 3247125 ns
[2023-07-17T15:27:49.699+0000][1][safepoint    ] Safepoint "Cleanup", Time since last: 1001199293 ns, Reaching safepoint: 839291 ns, At safepoint: 24834 ns, Total: 864125 ns
[2023-07-17T15:27:50.702+0000][1][safepoint    ] Safepoint "Cleanup", Time since last: 1000505917 ns, Reaching safepoint: 2912416 ns, At safepoint: 20500 ns, Total: 2932916 ns
[2023-07-17T15:27:51.704+0000][1][safepoint    ] Safepoint "Cleanup", Time since last: 1000417209 ns, Reaching safepoint: 1039375 ns, At safepoint: 30709 ns, Total: 1070084 ns
[2023-07-17T15:27:52.705+0000][1][safepoint    ] Safepoint "Cleanup", Time since last: 1000441083 ns, Reaching safepoint: 705334 ns, At safepoint: 16541 ns, Total: 721875 ns
[2023-07-17T15:27:53.706+0000][1][safepoint    ] Safepoint "Cleanup", Time since last: 1000423459 ns, Reaching safepoint: 688584 ns, At safepoint: 20000 ns, Total: 708584 ns
[2023-07-17T15:27:54.710+0000][1][safepoint    ] Safepoint "Cleanup", Time since last: 1000449917 ns, Reaching safepoint: 2712916 ns, At safepoint: 68625 ns, Total: 2781541 ns
[2023-07-17T15:27:55.713+0000][1][safepoint    ] Safepoint "Cleanup", Time since last: 1001092209 ns, Reaching safepoint: 2471583 ns, At safepoint: 65209 ns, Total: 2536792 ns
[2023-07-17T15:27:56.716+0000][1][safepoint    ] Safepoint "Cleanup", Time since last: 1001234959 ns, Reaching safepoint: 1195000 ns, At safepoint: 27375 ns, Total: 1222375 ns
[2023-07-17T15:27:57.718+0000][1][safepoint    ] Safepoint "Cleanup", Time since last: 1001027292 ns, Reaching safepoint: 951666 ns, At safepoint: 24042 ns, Total: 975708 ns
[2023-07-17T15:27:58.719+0000][1][safepoint    ] Safepoint "Cleanup", Time since last: 1000879001 ns, Reaching safepoint: 641000 ns, At safepoint: 17500 ns, Total: 658500 ns
[2023-07-17T15:27:59.720+0000][1][safepoint    ] Safepoint "Cleanup", Time since last: 1000714917 ns, Reaching safepoint: 637708 ns, At safepoint: 20792 ns, Total: 658500 ns
[2023-07-17T15:28:00.722+0000][1][safepoint    ] Safepoint "Cleanup", Time since last: 1000427584 ns, Reaching safepoint: 623833 ns, At safepoint: 18375 ns, Total: 642208 ns
[2023-07-17T15:28:01.361+0000][1][safepoint    ] Safepoint "RevokeBias", Time since last: 636699209 ns, Reaching safepoint: 1373125 ns, At safepoint: 1093916 ns, Total: 2467041 ns
[2023-07-17T15:28:01.368+0000][1][safepoint    ] Safepoint "RevokeBias", Time since last: 5961625 ns, Reaching safepoint: 1037625 ns, At safepoint: 170750 ns, Total: 1208375 ns
[2023-07-17T15:28:01.377+0000][1][safepoint    ] Safepoint "RevokeBias", Time since last: 7232084 ns, Reaching safepoint: 1241666 ns, At safepoint: 362209 ns, Total: 1603875 ns
[2023-07-17T15:28:01.394+0000][1][safepoint    ] Safepoint "RevokeBias", Time since last: 16052875 ns, Reaching safepoint: 1627916 ns, At safepoint: 76584 ns, Total: 1704500 ns
[2023-07-17T15:28:02.398+0000][1][safepoint    ] Safepoint "Cleanup", Time since last: 1001713958 ns, Reaching safepoint: 2180375 ns, At safepoint: 54792 ns, Total: 2235167 ns
[2023-07-17T15:28:03.401+0000][1][safepoint    ] Safepoint "Cleanup", Time since last: 1000897000 ns, Reaching safepoint: 1295334 ns, At safepoint: 27541 ns, Total: 1322875 ns
[2023-07-17T15:28:04.405+0000][1][safepoint    ] Safepoint "Cleanup", Time since last: 1000621959 ns, Reaching safepoint: 3654417 ns, At safepoint: 79542 ns, Total: 3733959 ns
[2023-07-17T15:28:05.408+0000][1][safepoint    ] Safepoint "Cleanup", Time since last: 1001649167 ns, Reaching safepoint: 904583 ns, At safepoint: 22542 ns, Total: 927125 ns
[2023-07-17T15:28:06.410+0000][1][safepoint    ] Safepoint "Cleanup", Time since last: 1001230334 ns, Reaching safepoint: 1006333 ns, At safepoint: 26875 ns, Total: 1033208 ns
[2023-07-17T15:28:07.412+0000][1][safepoint    ] Safepoint "Cleanup", Time since last: 1000632709 ns, Reaching safepoint: 1013625 ns, At safepoint: 33750 ns, Total: 1047375 ns
[2023-07-17T15:28:08.415+0000][1][safepoint    ] Safepoint "Cleanup", Time since last: 1000600875 ns, Reaching safepoint: 3043084 ns, At safepoint: 81166 ns, Total: 3124250 ns
[2023-07-17T15:28:09.421+0000][1][safepoint    ] Safepoint "Cleanup", Time since last: 1001673334 ns, Reaching safepoint: 3657375 ns, At safepoint: 61333 ns, Total: 3718708 ns
[2023-07-17T15:28:10.425+0000][1][safepoint    ] Safepoint "Cleanup", Time since last: 1002965834 ns, Reaching safepoint: 1770459 ns, At safepoint: 48958 ns, Total: 1819417 ns
[2023-07-17T15:28:10.656+0000][1][safepoint    ] Safepoint "RevokeBias", Time since last: 229086000 ns, Reaching safepoint: 1634833 ns, At safepoint: 181500 ns, Total: 1816333 ns
[2023-07-17T15:28:11.661+0000][1][safepoint    ] Safepoint "Cleanup", Time since last: 1001359709 ns, Reaching safepoint: 3606667 ns, At safepoint: 87708 ns, Total: 3694375 ns
[2023-07-17T15:28:12.667+0000][1][safepoint    ] Safepoint "Cleanup", Time since last: 1001999375 ns, Reaching safepoint: 3635709 ns, At safepoint: 80250 ns, Total: 3715959 ns
[2023-07-17T15:28:13.670+0000][1][safepoint    ] Safepoint "Cleanup", Time since last: 1001184625 ns, Reaching safepoint: 1346417 ns, At safepoint: 19083 ns, Total: 1365500 ns
[2023-07-17T15:28:14.675+0000][1][safepoint    ] Safepoint "Cleanup", Time since last: 1001629209 ns, Reaching safepoint: 3376792 ns, At safepoint: 78708 ns, Total: 3455500 ns
[2023-07-17T15:28:15.679+0000][1][safepoint    ] Safepoint "Cleanup", Time since last: 1001894584 ns, Reaching safepoint: 2289125 ns, At safepoint: 55375 ns, Total: 2344500 ns
[2023-07-17T15:28:16.681+0000][1][safepoint    ] Safepoint "Cleanup", Time since last: 1001227875 ns, Reaching safepoint: 1099500 ns, At safepoint: 35042 ns, Total: 1134542 ns
[2023-07-17T15:28:17.685+0000][1][safepoint    ] Safepoint "Cleanup", Time since last: 1001648584 ns, Reaching safepoint: 2192125 ns, At safepoint: 75166 ns, Total: 2267291 ns
[2023-07-17T15:28:18.690+0000][1][safepoint    ] Safepoint "Cleanup", Time since last: 1001417917 ns, Reaching safepoint: 2620459 ns, At safepoint: 72875 ns, Total: 2693334 ns
[2023-07-17T15:28:19.691+0000][1][safepoint    ] Safepoint "Cleanup", Time since last: 1001209125 ns, Reaching safepoint: 754750 ns, At safepoint: 17667 ns, Total: 772417 ns
[2023-07-17T15:28:20.671+0000][1][safepoint    ] Safepoint "RevokeBias", Time since last: 976907750 ns, Reaching safepoint: 1854625 ns, At safepoint: 340667 ns, Total: 2195292 ns
[2023-07-17T15:28:21.678+0000][1][safepoint    ] Safepoint "Cleanup", Time since last: 1005254126 ns, Reaching safepoint: 2133166 ns, At safepoint: 48459 ns, Total: 2181625 ns
[2023-07-17T15:28:22.686+0000][1][safepoint    ] Safepoint "Cleanup", Time since last: 1004373708 ns, Reaching safepoint: 3199459 ns, At safepoint: 127625 ns, Total: 3327084 ns
[2023-07-17T15:28:23.687+0000][1][safepoint    ] Safepoint "Cleanup", Time since last: 1001138584 ns, Reaching safepoint: 644708 ns, At safepoint: 17333 ns, Total: 662041 ns
[2023-07-17T15:28:23.791+0000][1][gc,start     ] GC(31) Pause Young (Allocation Failure)
[2023-07-17T15:28:23.793+0000][1][gc,task      ] GC(31) Using 4 workers of 4 for evacuation
[2023-07-17T15:28:23.820+0000][1][gc,age       ] GC(31) Desired survivor size 8945664 bytes, new threshold 6 (max threshold 6)
[2023-07-17T15:28:23.820+0000][1][gc,age       ] GC(31) Age table with threshold 6 (max threshold 6)
[2023-07-17T15:28:23.820+0000][1][gc,age       ] GC(31) - age   1:     112256 bytes,     112256 total
[2023-07-17T15:28:23.820+0000][1][gc,age       ] GC(31) - age   2:       2944 bytes,     115200 total
[2023-07-17T15:28:23.821+0000][1][gc,age       ] GC(31) - age   3:       4560 bytes,     119760 total
[2023-07-17T15:28:23.821+0000][1][gc,age       ] GC(31) - age   4:       5312 bytes,     125072 total
[2023-07-17T15:28:23.821+0000][1][gc,age       ] GC(31) - age   5:       2272 bytes,     127344 total
[2023-07-17T15:28:23.821+0000][1][gc,age       ] GC(31) - age   6:      19224 bytes,     146568 total
[2023-07-17T15:28:23.822+0000][1][gc,heap      ] GC(31) ParNew: 140014K->203K(157248K)
[2023-07-17T15:28:23.822+0000][1][gc,heap      ] GC(31) CMS: 69063K->69099K(349568K)
[2023-07-17T15:28:23.822+0000][1][gc,metaspace ] GC(31) Metaspace: 89363K->89363K(1130496K)
[2023-07-17T15:28:23.823+0000][1][gc           ] GC(31) Pause Young (Allocation Failure) 204M->67M(494M) 32.713ms
[2023-07-17T15:28:23.824+0000][1][gc,cpu       ] GC(31) User=0.06s Sys=0.01s Real=0.03s
[2023-07-17T15:28:23.824+0000][1][safepoint    ] Safepoint "GenCollectForAllocation", Time since last: 101752584 ns, Reaching safepoint: 968750 ns, At safepoint: 33782875 ns, Total: 34751625 ns
[2023-07-17T15:28:24.826+0000][1][safepoint    ] Safepoint "Cleanup", Time since last: 1000959000 ns, Reaching safepoint: 735625 ns, At safepoint: 16792 ns, Total: 752417 ns
[2023-07-17T15:28:25.827+0000][1][safepoint    ] Safepoint "Cleanup", Time since last: 1000835459 ns, Reaching safepoint: 621583 ns, At safepoint: 17250 ns, Total: 638833 ns
[2023-07-17T15:28:26.828+0000][1][safepoint    ] Safepoint "Cleanup", Time since last: 1000361875 ns, Reaching safepoint: 640917 ns, At safepoint: 40250 ns, Total: 681167 ns
[2023-07-17T15:28:27.829+0000][1][safepoint    ] Safepoint "Cleanup", Time since last: 1000445125 ns, Reaching safepoint: 710584 ns, At safepoint: 13666 ns, Total: 724250 ns
[2023-07-17T15:28:28.832+0000][1][safepoint    ] Safepoint "Cleanup", Time since last: 1000441793 ns, Reaching safepoint: 1827541 ns, At safepoint: 30792 ns, Total: 1858333 ns
[2023-07-17T15:28:29.833+0000][1][safepoint    ] Safepoint "Cleanup", Time since last: 1000816834 ns, Reaching safepoint: 895750 ns, At safepoint: 26916 ns, Total: 922666 ns
[2023-07-17T15:28:30.835+0000][1][safepoint    ] Safepoint "Cleanup", Time since last: 1000488251 ns, Reaching safepoint: 1104458 ns, At safepoint: 19750 ns, Total: 1124208 ns
[2023-07-17T15:28:31.836+0000][1][safepoint    ] Safepoint "Cleanup", Time since last: 1000486501 ns, Reaching safepoint: 772833 ns, At safepoint: 15708 ns, Total: 788541 ns
[2023-07-17T15:28:32.838+0000][1][safepoint    ] Safepoint "Cleanup", Time since last: 1000815918 ns, Reaching safepoint: 843708 ns, At safepoint: 436125 ns, Total: 1279833 ns
[2023-07-17T15:28:33.840+0000][1][safepoint    ] Safepoint "Cleanup", Time since last: 1000480250 ns, Reaching safepoint: 798084 ns, At safepoint: 18125 ns, Total: 816209 ns
[2023-07-17T15:28:34.841+0000][1][safepoint    ] Safepoint "Cleanup", Time since last: 1000407792 ns, Reaching safepoint: 647875 ns, At safepoint: 12583 ns, Total: 660458 ns
[2023-07-17T15:28:35.842+0000][1][safepoint    ] Safepoint "Cleanup", Time since last: 1000747501 ns, Reaching safepoint: 653583 ns, At safepoint: 14167 ns, Total: 667750 ns
[2023-07-17T15:28:36.843+0000][1][safepoint    ] Safepoint "Cleanup", Time since last: 1000402708 ns, Reaching safepoint: 673125 ns, At safepoint: 19959 ns, Total: 693084 ns
[2023-07-17T15:28:37.844+0000][1][safepoint    ] Safepoint "Cleanup", Time since last: 1000437334 ns, Reaching safepoint: 617291 ns, At safepoint: 16375 ns, Total: 633666 ns
[2023-07-17T15:28:38.846+0000][1][safepoint    ] Safepoint "Cleanup", Time since last: 1000790584 ns, Reaching safepoint: 690833 ns, At safepoint: 18000 ns, Total: 708833 ns
[2023-07-17T15:28:39.847+0000][1][safepoint    ] Safepoint "Cleanup", Time since last: 1000379168 ns, Reaching safepoint: 694208 ns, At safepoint: 17833 ns, Total: 712041 ns
[2023-07-17T15:28:40.642+0000][1][safepoint    ] Safepoint "RevokeBias", Time since last: 793370959 ns, Reaching safepoint: 1550167 ns, At safepoint: 90166 ns, Total: 1640333 ns
[2023-07-17T15:28:41.644+0000][1][safepoint    ] Safepoint "Cleanup", Time since last: 1001522042 ns, Reaching safepoint: 915792 ns, At safepoint: 22083 ns, Total: 937875 ns
[2023-07-17T15:28:42.646+0000][1][safepoint    ] Safepoint "Cleanup", Time since last: 1000445584 ns, Reaching safepoint: 635125 ns, At safepoint: 12291 ns, Total: 647416 ns
[2023-07-17T15:28:43.648+0000][1][safepoint    ] Safepoint "Cleanup", Time since last: 1000378334 ns, Reaching safepoint: 1259917 ns, At safepoint: 21750 ns, Total: 1281667 ns
[2023-07-17T15:28:44.651+0000][1][safepoint    ] Safepoint "Cleanup", Time since last: 1000723584 ns, Reaching safepoint: 2123833 ns, At safepoint: 84208 ns, Total: 2208041 ns
[2023-07-17T15:28:45.653+0000][1][safepoint    ] Safepoint "Cleanup", Time since last: 1001347251 ns, Reaching safepoint: 1608250 ns, At safepoint: 40875 ns, Total: 1649125 ns
[2023-07-17T15:28:46.656+0000][1][safepoint    ] Safepoint "Cleanup", Time since last: 1001147667 ns, Reaching safepoint: 1196833 ns, At safepoint: 27959 ns, Total: 1224792 ns
[2023-07-17T15:28:47.659+0000][1][safepoint    ] Safepoint "Cleanup", Time since last: 1000847083 ns, Reaching safepoint: 2207875 ns, At safepoint: 43417 ns, Total: 2251292 ns
[2023-07-17T15:28:48.664+0000][1][safepoint    ] Safepoint "Cleanup", Time since last: 1001608792 ns, Reaching safepoint: 3208292 ns, At safepoint: 71000 ns, Total: 3279292 ns
[2023-07-17T15:28:49.667+0000][1][safepoint    ] Safepoint "Cleanup", Time since last: 1001215709 ns, Reaching safepoint: 2116125 ns, At safepoint: 65125 ns, Total: 2181250 ns
[2023-07-17T15:28:50.669+0000][1][safepoint    ] Safepoint "Cleanup", Time since last: 1001302125 ns, Reaching safepoint: 865125 ns, At safepoint: 26250 ns, Total: 891375 ns
[2023-07-17T15:28:51.673+0000][1][safepoint    ] Safepoint "Cleanup", Time since last: 1001801501 ns, Reaching safepoint: 1852958 ns, At safepoint: 43333 ns, Total: 1896291 ns
[2023-07-17T15:28:52.675+0000][1][safepoint    ] Safepoint "Cleanup", Time since last: 1000890667 ns, Reaching safepoint: 662417 ns, At safepoint: 13833 ns, Total: 676250 ns
[2023-07-17T15:28:53.678+0000][1][safepoint    ] Safepoint "Cleanup", Time since last: 1001046501 ns, Reaching safepoint: 1956958 ns, At safepoint: 36375 ns, Total: 1993333 ns
[2023-07-17T15:28:54.680+0000][1][safepoint    ] Safepoint "Cleanup", Time since last: 1000878584 ns, Reaching safepoint: 1135000 ns, At safepoint: 26708 ns, Total: 1161708 ns
[2023-07-17T15:28:55.683+0000][1][safepoint    ] Safepoint "Cleanup", Time since last: 1001271084 ns, Reaching safepoint: 1498667 ns, At safepoint: 40666 ns, Total: 1539333 ns
[2023-07-17T15:28:56.685+0000][1][safepoint    ] Safepoint "Cleanup", Time since last: 1000752376 ns, Reaching safepoint: 1188000 ns, At safepoint: 32667 ns, Total: 1220667 ns
[2023-07-17T15:28:57.688+0000][1][safepoint    ] Safepoint "Cleanup", Time since last: 1002366708 ns, Reaching safepoint: 1020625 ns, At safepoint: 22292 ns, Total: 1042917 ns
[2023-07-17T15:28:58.691+0000][1][safepoint    ] Safepoint "Cleanup", Time since last: 1000694001 ns, Reaching safepoint: 2677625 ns, At safepoint: 77666 ns, Total: 2755291 ns
[2023-07-17T15:28:59.694+0000][1][safepoint    ] Safepoint "Cleanup", Time since last: 1000822334 ns, Reaching safepoint: 1592833 ns, At safepoint: 45625 ns, Total: 1638458 ns
[2023-07-17T15:29:00.671+0000][1][safepoint    ] Safepoint "RevokeBias", Time since last: 975217543 ns, Reaching safepoint: 1452750 ns, At safepoint: 530750 ns, Total: 1983500 ns
[2023-07-17T15:29:01.674+0000][1][safepoint    ] Safepoint "Cleanup", Time since last: 1000424958 ns, Reaching safepoint: 2048084 ns, At safepoint: 46541 ns, Total: 2094625 ns
[2023-07-17T15:29:02.112+0000][1][safepoint    ] Safepoint "RevokeBias", Time since last: 438111084 ns, Reaching safepoint: 631125 ns, At safepoint: 97250 ns, Total: 728375 ns
[2023-07-17T15:29:02.115+0000][1][safepoint    ] Safepoint "RevokeBias", Time since last: 1699458 ns, Reaching safepoint: 674042 ns, At safepoint: 84375 ns, Total: 758417 ns
[2023-07-17T15:29:02.118+0000][1][safepoint    ] Safepoint "RevokeBias", Time since last: 2147542 ns, Reaching safepoint: 599250 ns, At safepoint: 60125 ns, Total: 659375 ns
[2023-07-17T15:29:02.139+0000][1][safepoint    ] Safepoint "RevokeBias", Time since last: 20352333 ns, Reaching safepoint: 834500 ns, At safepoint: 140792 ns, Total: 975292 ns
[2023-07-17T15:29:02.172+0000][1][safepoint    ] Safepoint "RevokeBias", Time since last: 32408833 ns, Reaching safepoint: 492000 ns, At safepoint: 82875 ns, Total: 574875 ns
[2023-07-17T15:29:03.173+0000][1][safepoint    ] Safepoint "Cleanup", Time since last: 1000422500 ns, Reaching safepoint: 698500 ns, At safepoint: 12792 ns, Total: 711292 ns
[2023-07-17T15:29:04.174+0000][1][safepoint    ] Safepoint "Cleanup", Time since last: 1000406209 ns, Reaching safepoint: 638750 ns, At safepoint: 14250 ns, Total: 653000 ns
[2023-07-17T15:29:05.175+0000][1][safepoint    ] Safepoint "Cleanup", Time since last: 1000416917 ns, Reaching safepoint: 610208 ns, At safepoint: 17042 ns, Total: 627250 ns
[2023-07-17T15:29:06.177+0000][1][safepoint    ] Safepoint "Cleanup", Time since last: 1000740250 ns, Reaching safepoint: 646959 ns, At safepoint: 12333 ns, Total: 659292 ns
[2023-07-17T15:29:07.178+0000][1][safepoint    ] Safepoint "Cleanup", Time since last: 1001072709 ns, Reaching safepoint: 608625 ns, At safepoint: 12208 ns, Total: 620833 ns
[2023-07-17T15:29:08.179+0000][1][safepoint    ] Safepoint "Cleanup", Time since last: 1000376709 ns, Reaching safepoint: 640958 ns, At safepoint: 13000 ns, Total: 653958 ns
[2023-07-17T15:29:09.181+0000][1][safepoint    ] Safepoint "Cleanup", Time since last: 1001336751 ns, Reaching safepoint: 632708 ns, At safepoint: 18250 ns, Total: 650958 ns
[2023-07-17T15:29:10.182+0000][1][safepoint    ] Safepoint "Cleanup", Time since last: 1000398001 ns, Reaching safepoint: 651041 ns, At safepoint: 16667 ns, Total: 667708 ns
[2023-07-17T15:29:11.184+0000][1][safepoint    ] Safepoint "Cleanup", Time since last: 1001003126 ns, Reaching safepoint: 710875 ns, At safepoint: 15291 ns, Total: 726166 ns
[2023-07-17T15:29:12.185+0000][1][safepoint    ] Safepoint "Cleanup", Time since last: 1000517417 ns, Reaching safepoint: 933875 ns, At safepoint: 24458 ns, Total: 958333 ns
[2023-07-17T15:29:13.188+0000][1][safepoint    ] Safepoint "Cleanup", Time since last: 1001381709 ns, Reaching safepoint: 807667 ns, At safepoint: 20708 ns, Total: 828375 ns
[2023-07-17T15:29:14.189+0000][1][safepoint    ] Safepoint "Cleanup", Time since last: 1000557792 ns, Reaching safepoint: 701292 ns, At safepoint: 63041 ns, Total: 764333 ns
[2023-07-17T15:29:15.191+0000][1][safepoint    ] Safepoint "Cleanup", Time since last: 1001353251 ns, Reaching safepoint: 643041 ns, At safepoint: 33000 ns, Total: 676041 ns
[2023-07-17T15:29:16.195+0000][1][safepoint    ] Safepoint "Cleanup", Time since last: 1002954251 ns, Reaching safepoint: 682875 ns, At safepoint: 17667 ns, Total: 700542 ns
[2023-07-17T15:29:17.196+0000][1][safepoint    ] Safepoint "Cleanup", Time since last: 1000401375 ns, Reaching safepoint: 620375 ns, At safepoint: 20000 ns, Total: 640375 ns
[2023-07-17T15:29:18.197+0000][1][safepoint    ] Safepoint "Cleanup", Time since last: 1000369084 ns, Reaching safepoint: 757708 ns, At safepoint: 36000 ns, Total: 793708 ns
[2023-07-17T15:29:19.198+0000][1][safepoint    ] Safepoint "Cleanup", Time since last: 1000419334 ns, Reaching safepoint: 717833 ns, At safepoint: 44334 ns, Total: 762167 ns
[2023-07-17T15:29:20.200+0000][1][safepoint    ] Safepoint "Cleanup", Time since last: 1001266042 ns, Reaching safepoint: 596708 ns, At safepoint: 16292 ns, Total: 613000 ns
[2023-07-17T15:29:20.650+0000][1][safepoint    ] Safepoint "RevokeBias", Time since last: 447798208 ns, Reaching safepoint: 1845250 ns, At safepoint: 500167 ns, Total: 2345417 ns
[2023-07-17T15:29:21.651+0000][1][safepoint    ] Safepoint "Cleanup", Time since last: 1000515959 ns, Reaching safepoint: 740250 ns, At safepoint: 14792 ns, Total: 755042 ns
[2023-07-17T15:29:22.654+0000][1][safepoint    ] Safepoint "Cleanup", Time since last: 1001403375 ns, Reaching safepoint: 1088417 ns, At safepoint: 23500 ns, Total: 1111917 ns
[2023-07-17T15:29:23.656+0000][1][safepoint    ] Safepoint "Cleanup", Time since last: 1000570209 ns, Reaching safepoint: 1240041 ns, At safepoint: 31417 ns, Total: 1271458 ns
[2023-07-17T15:29:24.658+0000][1][safepoint    ] Safepoint "Cleanup", Time since last: 1000844125 ns, Reaching safepoint: 1618959 ns, At safepoint: 37958 ns, Total: 1656917 ns
[2023-07-17T15:29:25.661+0000][1][safepoint    ] Safepoint "Cleanup", Time since last: 1001123417 ns, Reaching safepoint: 1315125 ns, At safepoint: 39125 ns, Total: 1354250 ns
[2023-07-17T15:29:26.664+0000][1][safepoint    ] Safepoint "Cleanup", Time since last: 1001232792 ns, Reaching safepoint: 1553292 ns, At safepoint: 38042 ns, Total: 1591334 ns
[2023-07-17T15:29:27.666+0000][1][safepoint    ] Safepoint "Cleanup", Time since last: 1001164708 ns, Reaching safepoint: 1615250 ns, At safepoint: 39334 ns, Total: 1654584 ns
[2023-07-17T15:29:28.670+0000][1][safepoint    ] Safepoint "Cleanup", Time since last: 1000904875 ns, Reaching safepoint: 2942417 ns, At safepoint: 72917 ns, Total: 3015334 ns
[2023-07-17T15:29:29.673+0000][1][safepoint    ] Safepoint "Cleanup", Time since last: 1001880208 ns, Reaching safepoint: 1205834 ns, At safepoint: 23250 ns, Total: 1229084 ns
[2023-07-17T15:29:30.675+0000][1][safepoint    ] Safepoint "Cleanup", Time since last: 1000942084 ns, Reaching safepoint: 703416 ns, At safepoint: 22250 ns, Total: 725666 ns
[2023-07-17T15:29:31.682+0000][1][safepoint    ] Safepoint "Cleanup", Time since last: 1002723542 ns, Reaching safepoint: 4445125 ns, At safepoint: 118209 ns, Total: 4563334 ns
[2023-07-17T15:29:32.686+0000][1][safepoint    ] Safepoint "Cleanup", Time since last: 1001189083 ns, Reaching safepoint: 2521292 ns, At safepoint: 56750 ns, Total: 2578042 ns
[2023-07-17T15:29:33.688+0000][1][safepoint    ] Safepoint "Cleanup", Time since last: 1000922709 ns, Reaching safepoint: 698458 ns, At safepoint: 17417 ns, Total: 715875 ns
[2023-07-17T15:29:34.689+0000][1][safepoint    ] Safepoint "Cleanup", Time since last: 1000472292 ns, Reaching safepoint: 853250 ns, At safepoint: 18875 ns, Total: 872125 ns
[2023-07-17T15:29:35.691+0000][1][safepoint    ] Safepoint "Cleanup", Time since last: 1000585167 ns, Reaching safepoint: 1571875 ns, At safepoint: 35250 ns, Total: 1607125 ns
[2023-07-17T15:29:36.694+0000][1][safepoint    ] Safepoint "Cleanup", Time since last: 1000808209 ns, Reaching safepoint: 1861958 ns, At safepoint: 36292 ns, Total: 1898250 ns
[2023-07-17T15:29:37.698+0000][1][safepoint    ] Safepoint "Cleanup", Time since last: 1000899917 ns, Reaching safepoint: 2561459 ns, At safepoint: 86583 ns, Total: 2648042 ns
[2023-07-17T15:29:38.702+0000][1][safepoint    ] Safepoint "Cleanup", Time since last: 1001369709 ns, Reaching safepoint: 2815875 ns, At safepoint: 60291 ns, Total: 2876166 ns
[2023-07-17T15:29:39.706+0000][1][safepoint    ] Safepoint "Cleanup", Time since last: 1001112959 ns, Reaching safepoint: 2954458 ns, At safepoint: 67584 ns, Total: 3022042 ns
[2023-07-17T15:29:40.708+0000][1][safepoint    ] Safepoint "Cleanup", Time since last: 1001144625 ns, Reaching safepoint: 789709 ns, At safepoint: 19583 ns, Total: 809292 ns
[2023-07-17T15:29:41.711+0000][1][safepoint    ] Safepoint "Cleanup", Time since last: 1000646834 ns, Reaching safepoint: 2787500 ns, At safepoint: 65458 ns, Total: 2852958 ns
[2023-07-17T15:29:42.713+0000][1][safepoint    ] Safepoint "Cleanup", Time since last: 1000947375 ns, Reaching safepoint: 594667 ns, At safepoint: 17708 ns, Total: 612375 ns
[2023-07-17T15:29:43.715+0000][1][safepoint    ] Safepoint "Cleanup", Time since last: 1000390376 ns, Reaching safepoint: 1231291 ns, At safepoint: 24000 ns, Total: 1255291 ns
[2023-07-17T15:29:44.717+0000][1][safepoint    ] Safepoint "Cleanup", Time since last: 1000955418 ns, Reaching safepoint: 1693041 ns, At safepoint: 47834 ns, Total: 1740875 ns
[2023-07-17T15:29:45.721+0000][1][safepoint    ] Safepoint "Cleanup", Time since last: 1000856583 ns, Reaching safepoint: 3098250 ns, At safepoint: 91292 ns, Total: 3189542 ns
[2023-07-17T15:29:46.724+0000][1][safepoint    ] Safepoint "Cleanup", Time since last: 1001252417 ns, Reaching safepoint: 1496792 ns, At safepoint: 38583 ns, Total: 1535375 ns
[2023-07-17T15:29:47.729+0000][1][safepoint    ] Safepoint "Cleanup", Time since last: 1000936501 ns, Reaching safepoint: 3350208 ns, At safepoint: 108125 ns, Total: 3458333 ns
[2023-07-17T15:29:48.734+0000][1][safepoint    ] Safepoint "Cleanup", Time since last: 1001793959 ns, Reaching safepoint: 3411666 ns, At safepoint: 111667 ns, Total: 3523333 ns
[2023-07-17T15:29:49.739+0000][1][safepoint    ] Safepoint "Cleanup", Time since last: 1001646834 ns, Reaching safepoint: 3037625 ns, At safepoint: 79333 ns, Total: 3116958 ns
[2023-07-17T15:29:50.741+0000][1][safepoint    ] Safepoint "Cleanup", Time since last: 1000951959 ns, Reaching safepoint: 968333 ns, At safepoint: 25042 ns, Total: 993375 ns
[2023-07-17T15:29:51.749+0000][1][safepoint    ] Safepoint "Cleanup", Time since last: 1003714667 ns, Reaching safepoint: 4522584 ns, At safepoint: 136000 ns, Total: 4658584 ns
[2023-07-17T15:29:52.755+0000][1][safepoint    ] Safepoint "Cleanup", Time since last: 1002973708 ns, Reaching safepoint: 2741625 ns, At safepoint: 60334 ns, Total: 2801959 ns
[2023-07-17T15:29:53.760+0000][1][safepoint    ] Safepoint "Cleanup", Time since last: 1001668084 ns, Reaching safepoint: 3449416 ns, At safepoint: 152042 ns, Total: 3601458 ns
[2023-07-17T15:29:54.766+0000][1][safepoint    ] Safepoint "Cleanup", Time since last: 1002265250 ns, Reaching safepoint: 3714792 ns, At safepoint: 125708 ns, Total: 3840500 ns
[2023-07-17T15:29:55.769+0000][1][safepoint    ] Safepoint "Cleanup", Time since last: 1001313876 ns, Reaching safepoint: 1648167 ns, At safepoint: 33291 ns, Total: 1681458 ns
[2023-07-17T15:29:56.772+0000][1][safepoint    ] Safepoint "Cleanup", Time since last: 1001058751 ns, Reaching safepoint: 1389625 ns, At safepoint: 36708 ns, Total: 1426333 ns
[2023-07-17T15:29:57.775+0000][1][safepoint    ] Safepoint "Cleanup", Time since last: 1001257709 ns, Reaching safepoint: 1945583 ns, At safepoint: 52167 ns, Total: 1997750 ns
[2023-07-17T15:29:58.778+0000][1][safepoint    ] Safepoint "Cleanup", Time since last: 1000896667 ns, Reaching safepoint: 2581667 ns, At safepoint: 70000 ns, Total: 2651667 ns
[2023-07-17T15:29:59.782+0000][1][safepoint    ] Safepoint "Cleanup", Time since last: 1001283250 ns, Reaching safepoint: 2338667 ns, At safepoint: 66875 ns, Total: 2405542 ns
[2023-07-17T15:30:00.784+0000][1][safepoint    ] Safepoint "Cleanup", Time since last: 1000789292 ns, Reaching safepoint: 1334625 ns, At safepoint: 22208 ns, Total: 1356833 ns
[2023-07-17T15:30:01.786+0000][1][safepoint    ] Safepoint "Cleanup", Time since last: 1001031709 ns, Reaching safepoint: 908542 ns, At safepoint: 20291 ns, Total: 928833 ns
[2023-07-17T15:30:02.790+0000][1][safepoint    ] Safepoint "Cleanup", Time since last: 1003340668 ns, Reaching safepoint: 852166 ns, At safepoint: 27542 ns, Total: 879708 ns
[2023-07-17T15:30:03.144+0000][1][safepoint    ] Safepoint "RevokeBias", Time since last: 352852875 ns, Reaching safepoint: 860042 ns, At safepoint: 134333 ns, Total: 994375 ns
[2023-07-17T15:30:03.147+0000][1][safepoint    ] Safepoint "RevokeBias", Time since last: 2103417 ns, Reaching safepoint: 598208 ns, At safepoint: 109542 ns, Total: 707750 ns
[2023-07-17T15:30:03.152+0000][1][safepoint    ] Safepoint "RevokeBias", Time since last: 3302500 ns, Reaching safepoint: 1391958 ns, At safepoint: 224958 ns, Total: 1616916 ns
[2023-07-17T15:30:03.184+0000][1][safepoint    ] Safepoint "RevokeBias", Time since last: 30644125 ns, Reaching safepoint: 710292 ns, At safepoint: 163792 ns, Total: 874084 ns
[2023-07-17T15:30:04.189+0000][1][safepoint    ] Safepoint "Cleanup", Time since last: 1001096000 ns, Reaching safepoint: 4573584 ns, At safepoint: 69875 ns, Total: 4643459 ns
[2023-07-17T15:30:05.197+0000][1][safepoint    ] Safepoint "Cleanup", Time since last: 1004556667 ns, Reaching safepoint: 3181583 ns, At safepoint: 120667 ns, Total: 3302250 ns
[2023-07-17T15:30:06.202+0000][1][safepoint    ] Safepoint "Cleanup", Time since last: 1002015500 ns, Reaching safepoint: 2864917 ns, At safepoint: 64916 ns, Total: 2929833 ns
[2023-07-17T15:30:07.205+0000][1][safepoint    ] Safepoint "Cleanup", Time since last: 1001254626 ns, Reaching safepoint: 1713750 ns, At safepoint: 39375 ns, Total: 1753125 ns
[2023-07-17T15:30:08.210+0000][1][safepoint    ] Safepoint "Cleanup", Time since last: 1001322917 ns, Reaching safepoint: 3350833 ns, At safepoint: 69292 ns, Total: 3420125 ns
[2023-07-17T15:30:09.215+0000][1][safepoint    ] Safepoint "Cleanup", Time since last: 1001190376 ns, Reaching safepoint: 3487208 ns, At safepoint: 112375 ns, Total: 3599583 ns
[2023-07-17T15:30:10.221+0000][1][safepoint    ] Safepoint "Cleanup", Time since last: 1001990167 ns, Reaching safepoint: 3955292 ns, At safepoint: 88958 ns, Total: 4044250 ns
[2023-07-17T15:30:10.667+0000][1][safepoint    ] Safepoint "RevokeBias", Time since last: 443932292 ns, Reaching safepoint: 1888750 ns, At safepoint: 402792 ns, Total: 2291542 ns
[2023-07-17T15:30:11.671+0000][1][safepoint    ] Safepoint "Cleanup", Time since last: 1000903208 ns, Reaching safepoint: 2894917 ns, At safepoint: 113125 ns, Total: 3008042 ns
[2023-07-17T15:30:12.674+0000][1][safepoint    ] Safepoint "Cleanup", Time since last: 1001061208 ns, Reaching safepoint: 2011167 ns, At safepoint: 48333 ns, Total: 2059500 ns
[2023-07-17T15:30:13.676+0000][1][safepoint    ] Safepoint "Cleanup", Time since last: 1000846417 ns, Reaching safepoint: 1201125 ns, At safepoint: 20917 ns, Total: 1222042 ns
[2023-07-17T15:30:14.678+0000][1][safepoint    ] Safepoint "Cleanup", Time since last: 1000466917 ns, Reaching safepoint: 1963958 ns, At safepoint: 57792 ns, Total: 2021750 ns
[2023-07-17T15:30:15.681+0000][1][safepoint    ] Safepoint "Cleanup", Time since last: 1001639459 ns, Reaching safepoint: 972125 ns, At safepoint: 26583 ns, Total: 998708 ns
[2023-07-17T15:30:16.685+0000][1][safepoint    ] Safepoint "Cleanup", Time since last: 1001290126 ns, Reaching safepoint: 2626958 ns, At safepoint: 205917 ns, Total: 2832875 ns
[2023-07-17T15:30:17.688+0000][1][safepoint    ] Safepoint "Cleanup", Time since last: 1001414000 ns, Reaching safepoint: 985625 ns, At safepoint: 21667 ns, Total: 1007292 ns
[2023-07-17T15:30:18.689+0000][1][safepoint    ] Safepoint "Cleanup", Time since last: 1000539375 ns, Reaching safepoint: 650500 ns, At safepoint: 15500 ns, Total: 666000 ns
[2023-07-17T15:30:19.691+0000][1][safepoint    ] Safepoint "Cleanup", Time since last: 1000481584 ns, Reaching safepoint: 1386833 ns, At safepoint: 39417 ns, Total: 1426250 ns
[2023-07-17T15:30:20.481+0000][1][gc,start     ] GC(32) Pause Young (Allocation Failure)
[2023-07-17T15:30:20.482+0000][1][gc,task      ] GC(32) Using 4 workers of 4 for evacuation
[2023-07-17T15:30:20.497+0000][1][gc,age       ] GC(32) Desired survivor size 8945664 bytes, new threshold 6 (max threshold 6)
[2023-07-17T15:30:20.498+0000][1][gc,age       ] GC(32) Age table with threshold 6 (max threshold 6)
[2023-07-17T15:30:20.498+0000][1][gc,age       ] GC(32) - age   1:      85264 bytes,      85264 total
[2023-07-17T15:30:20.498+0000][1][gc,age       ] GC(32) - age   2:       5064 bytes,      90328 total
[2023-07-17T15:30:20.499+0000][1][gc,age       ] GC(32) - age   3:       2704 bytes,      93032 total
[2023-07-17T15:30:20.499+0000][1][gc,age       ] GC(32) - age   4:       4560 bytes,      97592 total
[2023-07-17T15:30:20.499+0000][1][gc,age       ] GC(32) - age   5:       5312 bytes,     102904 total
[2023-07-17T15:30:20.499+0000][1][gc,age       ] GC(32) - age   6:       2272 bytes,     105176 total
[2023-07-17T15:30:20.500+0000][1][gc,heap      ] GC(32) ParNew: 139979K->211K(157248K)
[2023-07-17T15:30:20.500+0000][1][gc,heap      ] GC(32) CMS: 69099K->69118K(349568K)
[2023-07-17T15:30:20.500+0000][1][gc,metaspace ] GC(32) Metaspace: 89426K->89426K(1130496K)
[2023-07-17T15:30:20.501+0000][1][gc           ] GC(32) Pause Young (Allocation Failure) 204M->67M(494M) 19.092ms
[2023-07-17T15:30:20.501+0000][1][gc,cpu       ] GC(32) User=0.03s Sys=0.00s Real=0.02s
[2023-07-17T15:30:20.501+0000][1][safepoint    ] Safepoint "GenCollectForAllocation", Time since last: 789008750 ns, Reaching safepoint: 1723750 ns, At safepoint: 19783792 ns, Total: 21507542 ns
[2023-07-17T15:30:20.648+0000][1][safepoint    ] Safepoint "RevokeBias", Time since last: 144749958 ns, Reaching safepoint: 1728709 ns, At safepoint: 330708 ns, Total: 2059417 ns
[2023-07-17T15:30:21.651+0000][1][safepoint    ] Safepoint "Cleanup", Time since last: 1002112292 ns, Reaching safepoint: 1328542 ns, At safepoint: 32833 ns, Total: 1361375 ns
[2023-07-17T15:30:22.655+0000][1][safepoint    ] Safepoint "Cleanup", Time since last: 1001200584 ns, Reaching safepoint: 2723792 ns, At safepoint: 98958 ns, Total: 2822750 ns
[2023-07-17T15:30:23.659+0000][1][safepoint    ] Safepoint "Cleanup", Time since last: 1002749626 ns, Reaching safepoint: 679375 ns, At safepoint: 17625 ns, Total: 697000 ns
[2023-07-17T15:30:24.660+0000][1][safepoint    ] Safepoint "Cleanup", Time since last: 1000730000 ns, Reaching safepoint: 703375 ns, At safepoint: 21417 ns, Total: 724792 ns
[2023-07-17T15:30:25.662+0000][1][safepoint    ] Safepoint "Cleanup", Time since last: 1000483667 ns, Reaching safepoint: 1007041 ns, At safepoint: 24167 ns, Total: 1031208 ns
[2023-07-17T15:30:26.666+0000][1][safepoint    ] Safepoint "Cleanup", Time since last: 1001191084 ns, Reaching safepoint: 2428792 ns, At safepoint: 66750 ns, Total: 2495542 ns
[2023-07-17T15:30:27.668+0000][1][safepoint    ] Safepoint "Cleanup", Time since last: 1001145583 ns, Reaching safepoint: 1629667 ns, At safepoint: 37500 ns, Total: 1667167 ns
[2023-07-17T15:30:28.670+0000][1][safepoint    ] Safepoint "Cleanup", Time since last: 1000770459 ns, Reaching safepoint: 869250 ns, At safepoint: 45125 ns, Total: 914375 ns
[2023-07-17T15:30:29.671+0000][1][safepoint    ] Safepoint "Cleanup", Time since last: 1000485625 ns, Reaching safepoint: 721875 ns, At safepoint: 18542 ns, Total: 740417 ns
[2023-07-17T15:30:30.671+0000][1][safepoint    ] Safepoint "RevokeBias", Time since last: 997121209 ns, Reaching safepoint: 1784458 ns, At safepoint: 391667 ns, Total: 2176125 ns
[2023-07-17T15:30:31.675+0000][1][safepoint    ] Safepoint "Cleanup", Time since last: 1001406000 ns, Reaching safepoint: 3087459 ns, At safepoint: 77875 ns, Total: 3165334 ns
[2023-07-17T15:30:32.679+0000][1][safepoint    ] Safepoint "Cleanup", Time since last: 1001248125 ns, Reaching safepoint: 2764667 ns, At safepoint: 73708 ns, Total: 2838375 ns
[2023-07-17T15:30:33.682+0000][1][safepoint    ] Safepoint "Cleanup", Time since last: 1001482751 ns, Reaching safepoint: 1260041 ns, At safepoint: 44084 ns, Total: 1304125 ns
[2023-07-17T15:30:34.686+0000][1][safepoint    ] Safepoint "Cleanup", Time since last: 1001208292 ns, Reaching safepoint: 2755833 ns, At safepoint: 95333 ns, Total: 2851166 ns
[2023-07-17T15:30:35.689+0000][1][safepoint    ] Safepoint "Cleanup", Time since last: 1001766584 ns, Reaching safepoint: 1346542 ns, At safepoint: 37375 ns, Total: 1383917 ns
[2023-07-17T15:30:36.692+0000][1][safepoint    ] Safepoint "Cleanup", Time since last: 1000817834 ns, Reaching safepoint: 2128208 ns, At safepoint: 35833 ns, Total: 2164041 ns
[2023-07-17T15:30:37.696+0000][1][safepoint    ] Safepoint "Cleanup", Time since last: 1000997251 ns, Reaching safepoint: 2507333 ns, At safepoint: 136875 ns, Total: 2644208 ns
[2023-07-17T15:30:38.699+0000][1][safepoint    ] Safepoint "Cleanup", Time since last: 1001212084 ns, Reaching safepoint: 1494708 ns, At safepoint: 39000 ns, Total: 1533708 ns
[2023-07-17T15:30:39.703+0000][1][safepoint    ] Safepoint "Cleanup", Time since last: 1000876667 ns, Reaching safepoint: 2909792 ns, At safepoint: 91500 ns, Total: 3001292 ns
[2023-07-17T15:30:40.707+0000][1][safepoint    ] Safepoint "Cleanup", Time since last: 1001894001 ns, Reaching safepoint: 2099583 ns, At safepoint: 30125 ns, Total: 2129708 ns
[2023-07-17T15:30:41.710+0000][1][safepoint    ] Safepoint "Cleanup", Time since last: 1001813792 ns, Reaching safepoint: 1219792 ns, At safepoint: 30916 ns, Total: 1250708 ns
[2023-07-17T15:30:42.714+0000][1][safepoint    ] Safepoint "Cleanup", Time since last: 1000725792 ns, Reaching safepoint: 3086417 ns, At safepoint: 68042 ns, Total: 3154459 ns
[2023-07-17T15:30:43.716+0000][1][safepoint    ] Safepoint "Cleanup", Time since last: 1001080917 ns, Reaching safepoint: 1322750 ns, At safepoint: 21041 ns, Total: 1343791 ns
[2023-07-17T15:30:44.720+0000][1][safepoint    ] Safepoint "Cleanup", Time since last: 1000814751 ns, Reaching safepoint: 3014792 ns, At safepoint: 124875 ns, Total: 3139667 ns
[2023-07-17T15:30:45.722+0000][1][safepoint    ] Safepoint "Cleanup", Time since last: 1001338833 ns, Reaching safepoint: 896709 ns, At safepoint: 23875 ns, Total: 920584 ns
[2023-07-17T15:30:46.728+0000][1][safepoint    ] Safepoint "Cleanup", Time since last: 1001155167 ns, Reaching safepoint: 3672750 ns, At safepoint: 89375 ns, Total: 3762125 ns
[2023-07-17T15:30:47.730+0000][1][safepoint    ] Safepoint "Cleanup", Time since last: 1002035417 ns, Reaching safepoint: 1211667 ns, At safepoint: 32916 ns, Total: 1244583 ns
[2023-07-17T15:30:48.733+0000][1][safepoint    ] Safepoint "Cleanup", Time since last: 1000754501 ns, Reaching safepoint: 1462916 ns, At safepoint: 36500 ns, Total: 1499416 ns
[2023-07-17T15:30:49.739+0000][1][safepoint    ] Safepoint "Cleanup", Time since last: 1003650918 ns, Reaching safepoint: 2479291 ns, At safepoint: 103834 ns, Total: 2583125 ns
[2023-07-17T15:30:50.676+0000][1][safepoint    ] Safepoint "RevokeBias", Time since last: 934940333 ns, Reaching safepoint: 1684500 ns, At safepoint: 297959 ns, Total: 1982459 ns
[2023-07-17T15:30:51.681+0000][1][safepoint    ] Safepoint "Cleanup", Time since last: 1001413834 ns, Reaching safepoint: 3183083 ns, At safepoint: 85292 ns, Total: 3268375 ns
[2023-07-17T15:30:52.684+0000][1][safepoint    ] Safepoint "Cleanup", Time since last: 1001180208 ns, Reaching safepoint: 2347667 ns, At safepoint: 56417 ns, Total: 2404084 ns
[2023-07-17T15:30:53.691+0000][1][safepoint    ] Safepoint "Cleanup", Time since last: 1002384292 ns, Reaching safepoint: 4340583 ns, At safepoint: 90334 ns, Total: 4430917 ns
[2023-07-17T15:30:54.693+0000][1][safepoint    ] Safepoint "Cleanup", Time since last: 1001270542 ns, Reaching safepoint: 1148458 ns, At safepoint: 27875 ns, Total: 1176333 ns
[2023-07-17T15:30:55.696+0000][1][safepoint    ] Safepoint "Cleanup", Time since last: 1000822625 ns, Reaching safepoint: 1304334 ns, At safepoint: 29541 ns, Total: 1333875 ns
[2023-07-17T15:30:56.700+0000][1][safepoint    ] Safepoint "Cleanup", Time since last: 1000817293 ns, Reaching safepoint: 3099875 ns, At safepoint: 72208 ns, Total: 3172083 ns
[2023-07-17T15:30:57.704+0000][1][safepoint    ] Safepoint "Cleanup", Time since last: 1001689000 ns, Reaching safepoint: 2601375 ns, At safepoint: 64875 ns, Total: 2666250 ns
[2023-07-17T15:30:58.709+0000][1][safepoint    ] Safepoint "Cleanup", Time since last: 1001954293 ns, Reaching safepoint: 3213583 ns, At safepoint: 81208 ns, Total: 3294791 ns
[2023-07-17T15:30:59.713+0000][1][safepoint    ] Safepoint "Cleanup", Time since last: 1001225167 ns, Reaching safepoint: 2670584 ns, At safepoint: 72750 ns, Total: 2743334 ns
[2023-07-17T15:31:00.680+0000][1][safepoint    ] Safepoint "RevokeBias", Time since last: 964371500 ns, Reaching safepoint: 2036917 ns, At safepoint: 164500 ns, Total: 2201417 ns
[2023-07-17T15:31:01.682+0000][1][safepoint    ] Safepoint "Cleanup", Time since last: 1000734250 ns, Reaching safepoint: 1614584 ns, At safepoint: 37250 ns, Total: 1651834 ns
[2023-07-17T15:31:02.686+0000][1][safepoint    ] Safepoint "Cleanup", Time since last: 1001602333 ns, Reaching safepoint: 2104000 ns, At safepoint: 55459 ns, Total: 2159459 ns
[2023-07-17T15:31:03.691+0000][1][safepoint    ] Safepoint "Cleanup", Time since last: 1003167584 ns, Reaching safepoint: 2023625 ns, At safepoint: 51083 ns, Total: 2074708 ns
[2023-07-17T15:31:04.107+0000][1][safepoint    ] Safepoint "RevokeBias", Time since last: 415307833 ns, Reaching safepoint: 772625 ns, At safepoint: 104084 ns, Total: 876709 ns
[2023-07-17T15:31:04.112+0000][1][safepoint    ] Safepoint "RevokeBias", Time since last: 3390541 ns, Reaching safepoint: 857917 ns, At safepoint: 93875 ns, Total: 951792 ns
[2023-07-17T15:31:04.116+0000][1][safepoint    ] Safepoint "RevokeBias", Time since last: 2792000 ns, Reaching safepoint: 1265667 ns, At safepoint: 107041 ns, Total: 1372708 ns
[2023-07-17T15:31:04.136+0000][1][safepoint    ] Safepoint "RevokeBias", Time since last: 19515167 ns, Reaching safepoint: 851917 ns, At safepoint: 148042 ns, Total: 999959 ns
[2023-07-17T15:31:04.141+0000][1][safepoint    ] Safepoint "BulkRevokeBias", Time since last: 1642833 ns, Reaching safepoint: 576000 ns, At safepoint: 2775042 ns, Total: 3351042 ns
[2023-07-17T15:31:04.148+0000][1][safepoint    ] Safepoint "RevokeBias", Time since last: 4691875 ns, Reaching safepoint: 1802833 ns, At safepoint: 69333 ns, Total: 1872166 ns
[2023-07-17T15:31:05.152+0000][1][safepoint    ] Safepoint "Cleanup", Time since last: 1000599917 ns, Reaching safepoint: 3158417 ns, At safepoint: 96375 ns, Total: 3254792 ns
[2023-07-17T15:31:06.158+0000][1][safepoint    ] Safepoint "Cleanup", Time since last: 1002647667 ns, Reaching safepoint: 3532667 ns, At safepoint: 68250 ns, Total: 3600917 ns
[2023-07-17T15:31:07.165+0000][1][safepoint    ] Safepoint "Cleanup", Time since last: 1002895834 ns, Reaching safepoint: 3921875 ns, At safepoint: 84500 ns, Total: 4006375 ns
[2023-07-17T15:31:08.170+0000][1][safepoint    ] Safepoint "Cleanup", Time since last: 1001558208 ns, Reaching safepoint: 3147417 ns, At safepoint: 111958 ns, Total: 3259375 ns
[2023-07-17T15:31:09.172+0000][1][safepoint    ] Safepoint "Cleanup", Time since last: 1002074501 ns, Reaching safepoint: 739833 ns, At safepoint: 27584 ns, Total: 767417 ns
[2023-07-17T15:31:10.175+0000][1][safepoint    ] Safepoint "Cleanup", Time since last: 1001601875 ns, Reaching safepoint: 1322917 ns, At safepoint: 30875 ns, Total: 1353792 ns
[2023-07-17T15:31:11.180+0000][1][safepoint    ] Safepoint "Cleanup", Time since last: 1002433500 ns, Reaching safepoint: 2169417 ns, At safepoint: 51000 ns, Total: 2220417 ns
[2023-07-17T15:31:12.187+0000][1][safepoint    ] Safepoint "Cleanup", Time since last: 1003020124 ns, Reaching safepoint: 3928417 ns, At safepoint: 92208 ns, Total: 4020625 ns
[2023-07-17T15:31:13.190+0000][1][safepoint    ] Safepoint "Cleanup", Time since last: 1001752876 ns, Reaching safepoint: 1210667 ns, At safepoint: 28625 ns, Total: 1239292 ns
[2023-07-17T15:31:14.191+0000][1][safepoint    ] Safepoint "Cleanup", Time since last: 1000583375 ns, Reaching safepoint: 664125 ns, At safepoint: 17208 ns, Total: 681333 ns
[2023-07-17T15:31:15.198+0000][1][safepoint    ] Safepoint "Cleanup", Time since last: 1003631167 ns, Reaching safepoint: 2781334 ns, At safepoint: 73666 ns, Total: 2855000 ns
[2023-07-17T15:31:16.202+0000][1][safepoint    ] Safepoint "Cleanup", Time since last: 1001476501 ns, Reaching safepoint: 2292917 ns, At safepoint: 87541 ns, Total: 2380458 ns
[2023-07-17T15:31:17.207+0000][1][safepoint    ] Safepoint "Cleanup", Time since last: 1001737292 ns, Reaching safepoint: 3664625 ns, At safepoint: 65042 ns, Total: 3729667 ns
[2023-07-17T15:31:18.213+0000][1][safepoint    ] Safepoint "Cleanup", Time since last: 1001898834 ns, Reaching safepoint: 3260958 ns, At safepoint: 106084 ns, Total: 3367042 ns
[2023-07-17T15:31:19.215+0000][1][safepoint    ] Safepoint "Cleanup", Time since last: 1001151542 ns, Reaching safepoint: 1470875 ns, At safepoint: 40041 ns, Total: 1510916 ns
[2023-07-17T15:31:20.220+0000][1][safepoint    ] Safepoint "Cleanup", Time since last: 1001084293 ns, Reaching safepoint: 3845750 ns, At safepoint: 93666 ns, Total: 3939416 ns
[2023-07-17T15:31:20.678+0000][1][safepoint    ] Safepoint "RevokeBias", Time since last: 456070959 ns, Reaching safepoint: 1571333 ns, At safepoint: 125667 ns, Total: 1697000 ns
[2023-07-17T15:31:21.683+0000][1][safepoint    ] Safepoint "Cleanup", Time since last: 1001627792 ns, Reaching safepoint: 3456250 ns, At safepoint: 85875 ns, Total: 3542125 ns
[2023-07-17T15:31:22.686+0000][1][safepoint    ] Safepoint "Cleanup", Time since last: 1000976167 ns, Reaching safepoint: 1694375 ns, At safepoint: 39042 ns, Total: 1733417 ns
[2023-07-17T15:31:23.688+0000][1][safepoint    ] Safepoint "Cleanup", Time since last: 1000830584 ns, Reaching safepoint: 1526125 ns, At safepoint: 35125 ns, Total: 1561250 ns
[2023-07-17T15:31:24.690+0000][1][safepoint    ] Safepoint "Cleanup", Time since last: 1000766125 ns, Reaching safepoint: 1401375 ns, At safepoint: 38083 ns, Total: 1439458 ns
[2023-07-17T15:31:25.694+0000][1][safepoint    ] Safepoint "Cleanup", Time since last: 1000808792 ns, Reaching safepoint: 2647209 ns, At safepoint: 106583 ns, Total: 2753792 ns
[2023-07-17T15:31:26.698+0000][1][safepoint    ] Safepoint "Cleanup", Time since last: 1002253209 ns, Reaching safepoint: 1455833 ns, At safepoint: 36917 ns, Total: 1492750 ns
[2023-07-17T15:31:27.701+0000][1][safepoint    ] Safepoint "Cleanup", Time since last: 1000871625 ns, Reaching safepoint: 2518584 ns, At safepoint: 68208 ns, Total: 2586792 ns
[2023-07-17T15:31:28.704+0000][1][safepoint    ] Safepoint "Cleanup", Time since last: 1001015084 ns, Reaching safepoint: 1658500 ns, At safepoint: 36833 ns, Total: 1695333 ns
[2023-07-17T15:31:29.708+0000][1][safepoint    ] Safepoint "Cleanup", Time since last: 1001025501 ns, Reaching safepoint: 3115750 ns, At safepoint: 65708 ns, Total: 3181458 ns
[2023-07-17T15:31:30.676+0000][1][safepoint    ] Safepoint "BulkRevokeBias", Time since last: 963926126 ns, Reaching safepoint: 1362041 ns, At safepoint: 2124875 ns, Total: 3486916 ns
[2023-07-17T15:31:31.684+0000][1][safepoint    ] Safepoint "Cleanup", Time since last: 1001851084 ns, Reaching safepoint: 5393292 ns, At safepoint: 353041 ns, Total: 5746333 ns
[2023-07-17T15:31:32.691+0000][1][safepoint    ] Safepoint "Cleanup", Time since last: 1006936917 ns, Reaching safepoint: 1087834 ns, At safepoint: 21083 ns, Total: 1108917 ns
[2023-07-17T15:31:33.695+0000][1][safepoint    ] Safepoint "Cleanup", Time since last: 1000668917 ns, Reaching safepoint: 2721084 ns, At safepoint: 58500 ns, Total: 2779584 ns
[2023-07-17T15:31:34.698+0000][1][safepoint    ] Safepoint "Cleanup", Time since last: 1001583625 ns, Reaching safepoint: 1238042 ns, At safepoint: 28166 ns, Total: 1266208 ns
[2023-07-17T15:31:35.701+0000][1][safepoint    ] Safepoint "Cleanup", Time since last: 1000769293 ns, Reaching safepoint: 2841500 ns, At safepoint: 67541 ns, Total: 2909041 ns
[2023-07-17T15:31:36.704+0000][1][safepoint    ] Safepoint "Cleanup", Time since last: 1001092167 ns, Reaching safepoint: 2002125 ns, At safepoint: 53292 ns, Total: 2055417 ns
[2023-07-17T15:31:37.708+0000][1][safepoint    ] Safepoint "Cleanup", Time since last: 1000797251 ns, Reaching safepoint: 3064750 ns, At safepoint: 65416 ns, Total: 3130166 ns
[2023-07-17T15:31:38.713+0000][1][safepoint    ] Safepoint "Cleanup", Time since last: 1001844292 ns, Reaching safepoint: 2456750 ns, At safepoint: 67875 ns, Total: 2524625 ns
[2023-07-17T15:31:39.716+0000][1][safepoint    ] Safepoint "Cleanup", Time since last: 1002465542 ns, Reaching safepoint: 1278167 ns, At safepoint: 28333 ns, Total: 1306500 ns
[2023-07-17T15:31:40.696+0000][1][safepoint    ] Safepoint "RevokeBias", Time since last: 974530584 ns, Reaching safepoint: 3748334 ns, At safepoint: 1205500 ns, Total: 4953834 ns
[2023-07-17T15:31:41.700+0000][1][safepoint    ] Safepoint "Cleanup", Time since last: 1001322250 ns, Reaching safepoint: 2749958 ns, At safepoint: 91834 ns, Total: 2841792 ns
[2023-07-17T15:31:42.705+0000][1][safepoint    ] Safepoint "Cleanup", Time since last: 1001370624 ns, Reaching safepoint: 3216167 ns, At safepoint: 80917 ns, Total: 3297084 ns
[2023-07-17T15:31:43.708+0000][1][safepoint    ] Safepoint "Cleanup", Time since last: 1001542125 ns, Reaching safepoint: 1649833 ns, At safepoint: 23209 ns, Total: 1673042 ns
[2023-07-17T15:31:44.710+0000][1][safepoint    ] Safepoint "Cleanup", Time since last: 1000489667 ns, Reaching safepoint: 1224542 ns, At safepoint: 31750 ns, Total: 1256292 ns
[2023-07-17T15:31:45.713+0000][1][safepoint    ] Safepoint "Cleanup", Time since last: 1000724833 ns, Reaching safepoint: 2641334 ns, At safepoint: 69875 ns, Total: 2711209 ns
[2023-07-17T15:31:46.719+0000][1][safepoint    ] Safepoint "Cleanup", Time since last: 1001433209 ns, Reaching safepoint: 4655458 ns, At safepoint: 109417 ns, Total: 4764875 ns
[2023-07-17T15:31:47.723+0000][1][safepoint    ] Safepoint "Cleanup", Time since last: 1002527000 ns, Reaching safepoint: 845500 ns, At safepoint: 19875 ns, Total: 865375 ns
[2023-07-17T15:31:48.725+0000][1][safepoint    ] Safepoint "Cleanup", Time since last: 1000932167 ns, Reaching safepoint: 1620250 ns, At safepoint: 38375 ns, Total: 1658625 ns
[2023-07-17T15:31:49.728+0000][1][safepoint    ] Safepoint "Cleanup", Time since last: 1001271251 ns, Reaching safepoint: 1319583 ns, At safepoint: 28500 ns, Total: 1348083 ns
[2023-07-17T15:31:50.686+0000][1][safepoint    ] Safepoint "RevokeBias", Time since last: 956133834 ns, Reaching safepoint: 1555625 ns, At safepoint: 391083 ns, Total: 1946708 ns
[2023-07-17T15:31:51.691+0000][1][safepoint    ] Safepoint "Cleanup", Time since last: 1001673417 ns, Reaching safepoint: 3238959 ns, At safepoint: 69125 ns, Total: 3308084 ns
[2023-07-17T15:31:52.696+0000][1][safepoint    ] Safepoint "Cleanup", Time since last: 1001292375 ns, Reaching safepoint: 3426542 ns, At safepoint: 80708 ns, Total: 3507250 ns
[2023-07-17T15:31:53.699+0000][1][safepoint    ] Safepoint "Cleanup", Time since last: 1001328001 ns, Reaching safepoint: 1634333 ns, At safepoint: 45125 ns, Total: 1679458 ns
[2023-07-17T15:31:54.700+0000][1][safepoint    ] Safepoint "Cleanup", Time since last: 1000703292 ns, Reaching safepoint: 766333 ns, At safepoint: 17834 ns, Total: 784167 ns
[2023-07-17T15:31:55.703+0000][1][safepoint    ] Safepoint "Cleanup", Time since last: 1000813500 ns, Reaching safepoint: 1672042 ns, At safepoint: 37541 ns, Total: 1709583 ns
[2023-07-17T15:31:56.706+0000][1][safepoint    ] Safepoint "Cleanup", Time since last: 1000900584 ns, Reaching safepoint: 1838042 ns, At safepoint: 43875 ns, Total: 1881917 ns
[2023-07-17T15:31:57.709+0000][1][safepoint    ] Safepoint "Cleanup", Time since last: 1001206959 ns, Reaching safepoint: 1581416 ns, At safepoint: 48667 ns, Total: 1630083 ns
[2023-07-17T15:31:58.710+0000][1][safepoint    ] Safepoint "Cleanup", Time since last: 1000689042 ns, Reaching safepoint: 1216584 ns, At safepoint: 31000 ns, Total: 1247584 ns
[2023-07-17T15:31:59.713+0000][1][safepoint    ] Safepoint "Cleanup", Time since last: 1001133125 ns, Reaching safepoint: 1583375 ns, At safepoint: 37750 ns, Total: 1621125 ns
[2023-07-17T15:32:00.715+0000][1][safepoint    ] Safepoint "Cleanup", Time since last: 1000715376 ns, Reaching safepoint: 1328833 ns, At safepoint: 17375 ns, Total: 1346208 ns
[2023-07-17T15:32:01.717+0000][1][safepoint    ] Safepoint "Cleanup", Time since last: 1000397459 ns, Reaching safepoint: 1308166 ns, At safepoint: 18500 ns, Total: 1326666 ns
[2023-07-17T15:32:02.718+0000][1][safepoint    ] Safepoint "Cleanup", Time since last: 1000413459 ns, Reaching safepoint: 711583 ns, At safepoint: 18000 ns, Total: 729583 ns
[2023-07-17T15:32:03.720+0000][1][safepoint    ] Safepoint "Cleanup", Time since last: 1000514001 ns, Reaching safepoint: 863583 ns, At safepoint: 23459 ns, Total: 887042 ns
[2023-07-17T15:32:04.721+0000][1][safepoint    ] Safepoint "Cleanup", Time since last: 1000486542 ns, Reaching safepoint: 1166833 ns, At safepoint: 29208 ns, Total: 1196041 ns
[2023-07-17T15:32:05.126+0000][1][safepoint    ] Safepoint "RevokeBias", Time since last: 403217709 ns, Reaching safepoint: 1435250 ns, At safepoint: 132458 ns, Total: 1567708 ns
[2023-07-17T15:32:05.150+0000][1][safepoint    ] Safepoint "RevokeBias", Time since last: 22646459 ns, Reaching safepoint: 1006833 ns, At safepoint: 152708 ns, Total: 1159541 ns
[2023-07-17T15:32:05.158+0000][1][safepoint    ] Safepoint "RevokeBias", Time since last: 7749959 ns, Reaching safepoint: 618541 ns, At safepoint: 79375 ns, Total: 697916 ns
[2023-07-17T15:32:05.169+0000][1][safepoint    ] Safepoint "RevokeBias", Time since last: 6969542 ns, Reaching safepoint: 3324333 ns, At safepoint: 146667 ns, Total: 3471000 ns
[2023-07-17T15:32:05.182+0000][1][safepoint    ] Safepoint "RevokeBias", Time since last: 9929667 ns, Reaching safepoint: 3388875 ns, At safepoint: 106125 ns, Total: 3495000 ns
[2023-07-17T15:32:06.183+0000][1][safepoint    ] Safepoint "Cleanup", Time since last: 1000498208 ns, Reaching safepoint: 754000 ns, At safepoint: 12334 ns, Total: 766334 ns
[2023-07-17T15:32:07.185+0000][1][safepoint    ] Safepoint "Cleanup", Time since last: 1000628917 ns, Reaching safepoint: 700083 ns, At safepoint: 12292 ns, Total: 712375 ns
[2023-07-17T15:32:08.186+0000][1][safepoint    ] Safepoint "Cleanup", Time since last: 1000394792 ns, Reaching safepoint: 616125 ns, At safepoint: 14292 ns, Total: 630417 ns
[2023-07-17T15:32:09.188+0000][1][safepoint    ] Safepoint "Cleanup", Time since last: 1001920417 ns, Reaching safepoint: 664125 ns, At safepoint: 13500 ns, Total: 677625 ns
[2023-07-17T15:32:10.189+0000][1][safepoint    ] Safepoint "Cleanup", Time since last: 1000380417 ns, Reaching safepoint: 594583 ns, At safepoint: 13125 ns, Total: 607708 ns
[2023-07-17T15:32:10.724+0000][1][gc,start     ] GC(33) Pause Young (Allocation Failure)
[2023-07-17T15:32:10.726+0000][1][gc,task      ] GC(33) Using 4 workers of 4 for evacuation
[2023-07-17T15:32:10.752+0000][1][gc,age       ] GC(33) Desired survivor size 8945664 bytes, new threshold 6 (max threshold 6)
[2023-07-17T15:32:10.752+0000][1][gc,age       ] GC(33) Age table with threshold 6 (max threshold 6)
[2023-07-17T15:32:10.752+0000][1][gc,age       ] GC(33) - age   1:     103496 bytes,     103496 total
[2023-07-17T15:32:10.753+0000][1][gc,age       ] GC(33) - age   2:       2560 bytes,     106056 total
[2023-07-17T15:32:10.753+0000][1][gc,age       ] GC(33) - age   3:       5032 bytes,     111088 total
[2023-07-17T15:32:10.753+0000][1][gc,age       ] GC(33) - age   4:       2584 bytes,     113672 total
[2023-07-17T15:32:10.753+0000][1][gc,age       ] GC(33) - age   5:       4560 bytes,     118232 total
[2023-07-17T15:32:10.753+0000][1][gc,age       ] GC(33) - age   6:       4672 bytes,     122904 total
[2023-07-17T15:32:10.754+0000][1][gc,heap      ] GC(33) ParNew: 139987K->155K(157248K)
[2023-07-17T15:32:10.755+0000][1][gc,heap      ] GC(33) CMS: 69118K->69121K(349568K)
[2023-07-17T15:32:10.755+0000][1][gc,metaspace ] GC(33) Metaspace: 89471K->89471K(1130496K)
[2023-07-17T15:32:10.756+0000][1][gc           ] GC(33) Pause Young (Allocation Failure) 204M->67M(494M) 31.733ms
[2023-07-17T15:32:10.756+0000][1][gc,cpu       ] GC(33) User=0.05s Sys=0.00s Real=0.03s
[2023-07-17T15:32:10.757+0000][1][safepoint    ] Safepoint "GenCollectForAllocation", Time since last: 533224542 ns, Reaching safepoint: 1039125 ns, At safepoint: 33383250 ns, Total: 34422375 ns
[2023-07-17T15:32:11.758+0000][1][safepoint    ] Safepoint "Cleanup", Time since last: 1000270917 ns, Reaching safepoint: 750584 ns, At safepoint: 14375 ns, Total: 764959 ns
[2023-07-17T15:32:12.759+0000][1][safepoint    ] Safepoint "Cleanup", Time since last: 1000495958 ns, Reaching safepoint: 604667 ns, At safepoint: 12542 ns, Total: 617209 ns
[2023-07-17T15:32:13.761+0000][1][safepoint    ] Safepoint "Cleanup", Time since last: 1000433750 ns, Reaching safepoint: 1242625 ns, At safepoint: 18750 ns, Total: 1261375 ns
[2023-07-17T15:32:14.762+0000][1][safepoint    ] Safepoint "Cleanup", Time since last: 1000456751 ns, Reaching safepoint: 600458 ns, At safepoint: 14667 ns, Total: 615125 ns
[2023-07-17T15:32:15.763+0000][1][safepoint    ] Safepoint "Cleanup", Time since last: 1000445000 ns, Reaching safepoint: 591083 ns, At safepoint: 16500 ns, Total: 607583 ns
[2023-07-17T15:32:16.764+0000][1][safepoint    ] Safepoint "Cleanup", Time since last: 1000410168 ns, Reaching safepoint: 659000 ns, At safepoint: 16166 ns, Total: 675166 ns
[2023-07-17T15:32:17.766+0000][1][safepoint    ] Safepoint "Cleanup", Time since last: 1000802917 ns, Reaching safepoint: 679417 ns, At safepoint: 18417 ns, Total: 697834 ns
[2023-07-17T15:32:18.767+0000][1][safepoint    ] Safepoint "Cleanup", Time since last: 1000586834 ns, Reaching safepoint: 660333 ns, At safepoint: 16708 ns, Total: 677041 ns
[2023-07-17T15:32:19.768+0000][1][safepoint    ] Safepoint "Cleanup", Time since last: 1000458542 ns, Reaching safepoint: 978792 ns, At safepoint: 16542 ns, Total: 995334 ns
[2023-07-17T15:32:20.770+0000][1][safepoint    ] Safepoint "Cleanup", Time since last: 1000547500 ns, Reaching safepoint: 781375 ns, At safepoint: 17125 ns, Total: 798500 ns
[2023-07-17T15:32:21.771+0000][1][safepoint    ] Safepoint "Cleanup", Time since last: 1000871001 ns, Reaching safepoint: 648500 ns, At safepoint: 13041 ns, Total: 661541 ns
[2023-07-17T15:32:22.773+0000][1][safepoint    ] Safepoint "Cleanup", Time since last: 1000870292 ns, Reaching safepoint: 673167 ns, At safepoint: 15708 ns, Total: 688875 ns
[2023-07-17T15:32:23.775+0000][1][safepoint    ] Safepoint "Cleanup", Time since last: 1001300626 ns, Reaching safepoint: 665958 ns, At safepoint: 16167 ns, Total: 682125 ns
[2023-07-17T15:32:24.777+0000][1][safepoint    ] Safepoint "Cleanup", Time since last: 1001361959 ns, Reaching safepoint: 614000 ns, At safepoint: 17458 ns, Total: 631458 ns
[2023-07-17T15:32:25.778+0000][1][safepoint    ] Safepoint "Cleanup", Time since last: 1000378417 ns, Reaching safepoint: 1136042 ns, At safepoint: 16042 ns, Total: 1152084 ns
[2023-07-17T15:32:26.780+0000][1][safepoint    ] Safepoint "Cleanup", Time since last: 1001348083 ns, Reaching safepoint: 595709 ns, At safepoint: 14333 ns, Total: 610042 ns
[2023-07-17T15:32:27.783+0000][1][safepoint    ] Safepoint "Cleanup", Time since last: 1001897125 ns, Reaching safepoint: 602292 ns, At safepoint: 13750 ns, Total: 616042 ns
[2023-07-17T15:32:28.784+0000][1][safepoint    ] Safepoint "Cleanup", Time since last: 1000707917 ns, Reaching safepoint: 633042 ns, At safepoint: 14125 ns, Total: 647167 ns
[2023-07-17T15:32:29.785+0000][1][safepoint    ] Safepoint "Cleanup", Time since last: 1000457417 ns, Reaching safepoint: 859083 ns, At safepoint: 23084 ns, Total: 882167 ns
[2023-07-17T15:32:30.649+0000][1][safepoint    ] Safepoint "RevokeBias", Time since last: 861842834 ns, Reaching safepoint: 1563833 ns, At safepoint: 475042 ns, Total: 2038875 ns
[2023-07-17T15:32:31.650+0000][1][safepoint    ] Safepoint "Cleanup", Time since last: 1000562167 ns, Reaching safepoint: 643708 ns, At safepoint: 14292 ns, Total: 658000 ns
[2023-07-17T15:32:32.652+0000][1][safepoint    ] Safepoint "Cleanup", Time since last: 1000693917 ns, Reaching safepoint: 661583 ns, At safepoint: 13750 ns, Total: 675333 ns
[2023-07-17T15:32:33.653+0000][1][safepoint    ] Safepoint "Cleanup", Time since last: 1000384167 ns, Reaching safepoint: 586834 ns, At safepoint: 16333 ns, Total: 603167 ns
[2023-07-17T15:32:34.654+0000][1][safepoint    ] Safepoint "Cleanup", Time since last: 1000355209 ns, Reaching safepoint: 609625 ns, At safepoint: 13750 ns, Total: 623375 ns
[2023-07-17T15:32:35.655+0000][1][safepoint    ] Safepoint "Cleanup", Time since last: 1000384250 ns, Reaching safepoint: 640834 ns, At safepoint: 15416 ns, Total: 656250 ns
[2023-07-17T15:32:36.656+0000][1][safepoint    ] Safepoint "Cleanup", Time since last: 1000499417 ns, Reaching safepoint: 624959 ns, At safepoint: 13958 ns, Total: 638917 ns
[2023-07-17T15:32:37.657+0000][1][safepoint    ] Safepoint "Cleanup", Time since last: 1000632001 ns, Reaching safepoint: 612625 ns, At safepoint: 14000 ns, Total: 626625 ns
[2023-07-17T15:32:38.659+0000][1][safepoint    ] Safepoint "Cleanup", Time since last: 1000526583 ns, Reaching safepoint: 822209 ns, At safepoint: 15875 ns, Total: 838084 ns
[2023-07-17T15:32:39.660+0000][1][safepoint    ] Safepoint "Cleanup", Time since last: 1001031875 ns, Reaching safepoint: 675500 ns, At safepoint: 14125 ns, Total: 689625 ns
[2023-07-17T15:32:41.647+0000][1][safepoint    ] Safepoint "Cleanup", Time since last: 1986249834 ns, Reaching safepoint: 790042 ns, At safepoint: 14833 ns, Total: 804875 ns
[2023-07-17T15:32:42.649+0000][1][safepoint    ] Safepoint "Cleanup", Time since last: 1000374625 ns, Reaching safepoint: 1219042 ns, At safepoint: 17792 ns, Total: 1236834 ns
[2023-07-17T15:32:43.651+0000][1][safepoint    ] Safepoint "Cleanup", Time since last: 1000498375 ns, Reaching safepoint: 1269208 ns, At safepoint: 18959 ns, Total: 1288167 ns
[2023-07-17T15:32:44.652+0000][1][safepoint    ] Safepoint "Cleanup", Time since last: 1000543084 ns, Reaching safepoint: 655916 ns, At safepoint: 15292 ns, Total: 671208 ns
[2023-07-17T15:32:45.654+0000][1][safepoint    ] Safepoint "Cleanup", Time since last: 1000927209 ns, Reaching safepoint: 630125 ns, At safepoint: 13208 ns, Total: 643333 ns
[2023-07-17T15:32:46.655+0000][1][safepoint    ] Safepoint "Cleanup", Time since last: 1000426584 ns, Reaching safepoint: 618541 ns, At safepoint: 13750 ns, Total: 632291 ns
[2023-07-17T15:32:47.656+0000][1][safepoint    ] Safepoint "Cleanup", Time since last: 1000378543 ns, Reaching safepoint: 660916 ns, At safepoint: 14625 ns, Total: 675541 ns
[2023-07-17T15:32:48.657+0000][1][safepoint    ] Safepoint "Cleanup", Time since last: 1000931251 ns, Reaching safepoint: 603583 ns, At safepoint: 12917 ns, Total: 616500 ns
[2023-07-17T15:32:49.658+0000][1][safepoint    ] Safepoint "Cleanup", Time since last: 1000381834 ns, Reaching safepoint: 618000 ns, At safepoint: 15083 ns, Total: 633083 ns
[2023-07-17T15:32:50.659+0000][1][safepoint    ] Safepoint "Cleanup", Time since last: 1000449084 ns, Reaching safepoint: 731875 ns, At safepoint: 14541 ns, Total: 746416 ns
[2023-07-17T15:32:51.661+0000][1][safepoint    ] Safepoint "Cleanup", Time since last: 1000593751 ns, Reaching safepoint: 737833 ns, At safepoint: 14292 ns, Total: 752125 ns
[2023-07-17T15:32:52.662+0000][1][safepoint    ] Safepoint "Cleanup", Time since last: 1000786125 ns, Reaching safepoint: 687125 ns, At safepoint: 14959 ns, Total: 702084 ns
[2023-07-17T15:32:53.663+0000][1][safepoint    ] Safepoint "Cleanup", Time since last: 1000416084 ns, Reaching safepoint: 675333 ns, At safepoint: 13667 ns, Total: 689000 ns
[2023-07-17T15:32:54.667+0000][1][safepoint    ] Safepoint "Cleanup", Time since last: 1002828375 ns, Reaching safepoint: 590750 ns, At safepoint: 14208 ns, Total: 604958 ns
[2023-07-17T15:32:55.669+0000][1][safepoint    ] Safepoint "Cleanup", Time since last: 1001147626 ns, Reaching safepoint: 603000 ns, At safepoint: 13500 ns, Total: 616500 ns
[2023-07-17T15:32:56.670+0000][1][safepoint    ] Safepoint "Cleanup", Time since last: 1001052000 ns, Reaching safepoint: 642709 ns, At safepoint: 13625 ns, Total: 656334 ns
[2023-07-17T15:32:57.671+0000][1][safepoint    ] Safepoint "Cleanup", Time since last: 1000376750 ns, Reaching safepoint: 634375 ns, At safepoint: 13167 ns, Total: 647542 ns
[2023-07-17T15:32:58.673+0000][1][safepoint    ] Safepoint "Cleanup", Time since last: 1001190000 ns, Reaching safepoint: 587500 ns, At safepoint: 29250 ns, Total: 616750 ns
[2023-07-17T15:32:59.674+0000][1][safepoint    ] Safepoint "Cleanup", Time since last: 1000438292 ns, Reaching safepoint: 654042 ns, At safepoint: 13875 ns, Total: 667917 ns
[2023-07-17T15:33:00.676+0000][1][safepoint    ] Safepoint "Cleanup", Time since last: 1000442626 ns, Reaching safepoint: 890791 ns, At safepoint: 23792 ns, Total: 914583 ns
[2023-07-17T15:33:00.686+0000][1][safepoint    ] Safepoint "RevokeBias", Time since last: 9273958 ns, Reaching safepoint: 1286584 ns, At safepoint: 328500 ns, Total: 1615084 ns
[2023-07-17T15:33:01.688+0000][1][safepoint    ] Safepoint "Cleanup", Time since last: 1000494750 ns, Reaching safepoint: 745083 ns, At safepoint: 13834 ns, Total: 758917 ns
[2023-07-17T15:33:02.689+0000][1][safepoint    ] Safepoint "Cleanup", Time since last: 1000916542 ns, Reaching safepoint: 679166 ns, At safepoint: 13584 ns, Total: 692750 ns
[2023-07-17T15:33:03.690+0000][1][safepoint    ] Safepoint "Cleanup", Time since last: 1000384334 ns, Reaching safepoint: 586666 ns, At safepoint: 12875 ns, Total: 599541 ns
[2023-07-17T15:33:04.691+0000][1][safepoint    ] Safepoint "Cleanup", Time since last: 1000455626 ns, Reaching safepoint: 563291 ns, At safepoint: 12834 ns, Total: 576125 ns
[2023-07-17T15:33:05.692+0000][1][safepoint    ] Safepoint "Cleanup", Time since last: 1000403375 ns, Reaching safepoint: 652834 ns, At safepoint: 17291 ns, Total: 670125 ns
[2023-07-17T15:33:06.109+0000][1][safepoint    ] Safepoint "RevokeBias", Time since last: 415842750 ns, Reaching safepoint: 721417 ns, At safepoint: 139167 ns, Total: 860584 ns
[2023-07-17T15:33:06.113+0000][1][safepoint    ] Safepoint "RevokeBias", Time since last: 2851625 ns, Reaching safepoint: 493041 ns, At safepoint: 71667 ns, Total: 564708 ns
[2023-07-17T15:33:06.120+0000][1][safepoint    ] Safepoint "RevokeBias", Time since last: 6498667 ns, Reaching safepoint: 770458 ns, At safepoint: 89375 ns, Total: 859833 ns
[2023-07-17T15:33:06.150+0000][1][safepoint    ] Safepoint "RevokeBias", Time since last: 29135500 ns, Reaching safepoint: 852667 ns, At safepoint: 114375 ns, Total: 967042 ns
[2023-07-17T15:33:06.183+0000][1][safepoint    ] Safepoint "RevokeBias", Time since last: 32167541 ns, Reaching safepoint: 782209 ns, At safepoint: 97166 ns, Total: 879375 ns
[2023-07-17T15:33:07.187+0000][1][safepoint    ] Safepoint "Cleanup", Time since last: 1002989251 ns, Reaching safepoint: 661875 ns, At safepoint: 16125 ns, Total: 678000 ns
[2023-07-17T15:33:08.188+0000][1][safepoint    ] Safepoint "Cleanup", Time since last: 1000379250 ns, Reaching safepoint: 606625 ns, At safepoint: 16959 ns, Total: 623584 ns
[2023-07-17T15:33:09.189+0000][1][safepoint    ] Safepoint "Cleanup", Time since last: 1000746500 ns, Reaching safepoint: 572584 ns, At safepoint: 15416 ns, Total: 588000 ns
[2023-07-17T15:33:10.190+0000][1][safepoint    ] Safepoint "Cleanup", Time since last: 1000553167 ns, Reaching safepoint: 556459 ns, At safepoint: 12833 ns, Total: 569292 ns
[2023-07-17T15:33:11.193+0000][1][safepoint    ] Safepoint "Cleanup", Time since last: 1001678626 ns, Reaching safepoint: 735166 ns, At safepoint: 18167 ns, Total: 753333 ns
[2023-07-17T15:33:12.195+0000][1][safepoint    ] Safepoint "Cleanup", Time since last: 1002100708 ns, Reaching safepoint: 576125 ns, At safepoint: 12792 ns, Total: 588917 ns
[2023-07-17T15:33:13.196+0000][1][safepoint    ] Safepoint "Cleanup", Time since last: 1000446667 ns, Reaching safepoint: 588833 ns, At safepoint: 14292 ns, Total: 603125 ns
[2023-07-17T15:33:14.198+0000][1][safepoint    ] Safepoint "Cleanup", Time since last: 1000393167 ns, Reaching safepoint: 788708 ns, At safepoint: 19500 ns, Total: 808208 ns
[2023-07-17T15:33:15.201+0000][1][safepoint    ] Safepoint "Cleanup", Time since last: 1002312334 ns, Reaching safepoint: 622083 ns, At safepoint: 19417 ns, Total: 641500 ns
[2023-07-17T15:33:16.202+0000][1][safepoint    ] Safepoint "Cleanup", Time since last: 1000718959 ns, Reaching safepoint: 725000 ns, At safepoint: 20917 ns, Total: 745917 ns
[2023-07-17T15:33:17.207+0000][1][safepoint    ] Safepoint "Cleanup", Time since last: 1001385708 ns, Reaching safepoint: 2935250 ns, At safepoint: 67709 ns, Total: 3002959 ns
[2023-07-17T15:33:18.210+0000][1][safepoint    ] Safepoint "Cleanup", Time since last: 1001917000 ns, Reaching safepoint: 1391709 ns, At safepoint: 32916 ns, Total: 1424625 ns
[2023-07-17T15:33:19.212+0000][1][safepoint    ] Safepoint "Cleanup", Time since last: 1001190834 ns, Reaching safepoint: 687792 ns, At safepoint: 24291 ns, Total: 712083 ns
[2023-07-17T15:33:20.217+0000][1][safepoint    ] Safepoint "Cleanup", Time since last: 1000567043 ns, Reaching safepoint: 4289583 ns, At safepoint: 128542 ns, Total: 4418125 ns
[2023-07-17T15:33:20.672+0000][1][safepoint    ] Safepoint "RevokeBias", Time since last: 454301291 ns, Reaching safepoint: 1335334 ns, At safepoint: 177208 ns, Total: 1512542 ns
[2023-07-17T15:33:21.674+0000][1][safepoint    ] Safepoint "Cleanup", Time since last: 1000525334 ns, Reaching safepoint: 1395625 ns, At safepoint: 31667 ns, Total: 1427292 ns
[2023-07-17T15:33:22.679+0000][1][safepoint    ] Safepoint "Cleanup", Time since last: 1000977833 ns, Reaching safepoint: 3577334 ns, At safepoint: 83333 ns, Total: 3660667 ns
[2023-07-17T15:33:23.683+0000][1][safepoint    ] Safepoint "Cleanup", Time since last: 1001307542 ns, Reaching safepoint: 2382875 ns, At safepoint: 76792 ns, Total: 2459667 ns
[2023-07-17T15:33:24.687+0000][1][safepoint    ] Safepoint "Cleanup", Time since last: 1001939459 ns, Reaching safepoint: 2508333 ns, At safepoint: 75250 ns, Total: 2583583 ns
[2023-07-17T15:33:25.690+0000][1][safepoint    ] Safepoint "Cleanup", Time since last: 1001012500 ns, Reaching safepoint: 1958250 ns, At safepoint: 42792 ns, Total: 2001042 ns
[2023-07-17T15:33:26.695+0000][1][safepoint    ] Safepoint "Cleanup", Time since last: 1000915084 ns, Reaching safepoint: 3180833 ns, At safepoint: 281542 ns, Total: 3462375 ns
[2023-07-17T15:33:27.700+0000][1][safepoint    ] Safepoint "Cleanup", Time since last: 1002348084 ns, Reaching safepoint: 2652208 ns, At safepoint: 88625 ns, Total: 2740833 ns
[2023-07-17T15:33:28.702+0000][1][safepoint    ] Safepoint "Cleanup", Time since last: 1001043751 ns, Reaching safepoint: 953666 ns, At safepoint: 19959 ns, Total: 973625 ns
[2023-07-17T15:33:29.703+0000][1][safepoint    ] Safepoint "Cleanup", Time since last: 1000406042 ns, Reaching safepoint: 846208 ns, At safepoint: 18833 ns, Total: 865041 ns
[2023-07-17T15:33:30.706+0000][1][safepoint    ] Safepoint "Cleanup", Time since last: 1000762043 ns, Reaching safepoint: 1678125 ns, At safepoint: 20333 ns, Total: 1698458 ns
[2023-07-17T15:33:31.708+0000][1][safepoint    ] Safepoint "Cleanup", Time since last: 1000467125 ns, Reaching safepoint: 2170459 ns, At safepoint: 42083 ns, Total: 2212542 ns
[2023-07-17T15:33:32.712+0000][1][safepoint    ] Safepoint "Cleanup", Time since last: 1001207542 ns, Reaching safepoint: 2047667 ns, At safepoint: 33583 ns, Total: 2081250 ns
[2023-07-17T15:33:33.713+0000][1][safepoint    ] Safepoint "Cleanup", Time since last: 1001064334 ns, Reaching safepoint: 703083 ns, At safepoint: 19125 ns, Total: 722208 ns
[2023-07-17T15:33:34.715+0000][1][safepoint    ] Safepoint "Cleanup", Time since last: 1001011667 ns, Reaching safepoint: 757250 ns, At safepoint: 21625 ns, Total: 778875 ns
[2023-07-17T15:33:35.719+0000][1][safepoint    ] Safepoint "Cleanup", Time since last: 1002516251 ns, Reaching safepoint: 1336333 ns, At safepoint: 42000 ns, Total: 1378333 ns
[2023-07-17T15:33:36.722+0000][1][safepoint    ] Safepoint "Cleanup", Time since last: 1001998751 ns, Reaching safepoint: 814875 ns, At safepoint: 21916 ns, Total: 836791 ns
[2023-07-17T15:33:37.725+0000][1][safepoint    ] Safepoint "Cleanup", Time since last: 1000932876 ns, Reaching safepoint: 1640917 ns, At safepoint: 40708 ns, Total: 1681625 ns
[2023-07-17T15:33:38.730+0000][1][safepoint    ] Safepoint "Cleanup", Time since last: 1002093584 ns, Reaching safepoint: 3031916 ns, At safepoint: 87125 ns, Total: 3119041 ns
[2023-07-17T15:33:39.733+0000][1][safepoint    ] Safepoint "Cleanup", Time since last: 1002030542 ns, Reaching safepoint: 1398084 ns, At safepoint: 42291 ns, Total: 1440375 ns
[2023-07-17T15:33:40.704+0000][1][safepoint    ] Safepoint "RevokeBias", Time since last: 968678626 ns, Reaching safepoint: 1801500 ns, At safepoint: 517667 ns, Total: 2319167 ns
[2023-07-17T15:33:41.707+0000][1][safepoint    ] Safepoint "Cleanup", Time since last: 1000709625 ns, Reaching safepoint: 2100708 ns, At safepoint: 60625 ns, Total: 2161333 ns
[2023-07-17T15:33:42.711+0000][1][safepoint    ] Safepoint "Cleanup", Time since last: 1002440958 ns, Reaching safepoint: 1512625 ns, At safepoint: 40750 ns, Total: 1553375 ns
[2023-07-17T15:33:43.713+0000][1][safepoint    ] Safepoint "Cleanup", Time since last: 1000989459 ns, Reaching safepoint: 1223083 ns, At safepoint: 17959 ns, Total: 1241042 ns
[2023-07-17T15:33:44.718+0000][1][safepoint    ] Safepoint "Cleanup", Time since last: 1000690125 ns, Reaching safepoint: 3385292 ns, At safepoint: 95750 ns, Total: 3481042 ns
[2023-07-17T15:33:45.721+0000][1][safepoint    ] Safepoint "Cleanup", Time since last: 1002096709 ns, Reaching safepoint: 1336500 ns, At safepoint: 38791 ns, Total: 1375291 ns
[2023-07-17T15:33:46.725+0000][1][safepoint    ] Safepoint "Cleanup", Time since last: 1001054918 ns, Reaching safepoint: 3103375 ns, At safepoint: 92041 ns, Total: 3195416 ns
[2023-07-17T15:33:47.731+0000][1][safepoint    ] Safepoint "Cleanup", Time since last: 1001534417 ns, Reaching safepoint: 3745542 ns, At safepoint: 90000 ns, Total: 3835542 ns
[2023-07-17T15:33:48.735+0000][1][safepoint    ] Safepoint "Cleanup", Time since last: 1003028000 ns, Reaching safepoint: 1548584 ns, At safepoint: 45833 ns, Total: 1594417 ns
[2023-07-17T15:33:49.740+0000][1][safepoint    ] Safepoint "Cleanup", Time since last: 1001180376 ns, Reaching safepoint: 3353000 ns, At safepoint: 88916 ns, Total: 3441916 ns
[2023-07-17T15:33:50.743+0000][1][safepoint    ] Safepoint "Cleanup", Time since last: 1002397126 ns, Reaching safepoint: 933125 ns, At safepoint: 20875 ns, Total: 954000 ns
[2023-07-17T15:33:51.751+0000][1][safepoint    ] Safepoint "Cleanup", Time since last: 1002231917 ns, Reaching safepoint: 4402167 ns, At safepoint: 190250 ns, Total: 4592417 ns
[2023-07-17T15:33:52.755+0000][1][safepoint    ] Safepoint "Cleanup", Time since last: 1001813750 ns, Reaching safepoint: 2617125 ns, At safepoint: 75458 ns, Total: 2692583 ns
[2023-07-17T15:33:53.758+0000][1][safepoint    ] Safepoint "Cleanup", Time since last: 1000989626 ns, Reaching safepoint: 2259250 ns, At safepoint: 79917 ns, Total: 2339167 ns
[2023-07-17T15:33:54.763+0000][1][safepoint    ] Safepoint "Cleanup", Time since last: 1001448292 ns, Reaching safepoint: 2772625 ns, At safepoint: 637291 ns, Total: 3409916 ns
[2023-07-17T15:33:55.767+0000][1][safepoint    ] Safepoint "Cleanup", Time since last: 1001730334 ns, Reaching safepoint: 2606750 ns, At safepoint: 85250 ns, Total: 2692000 ns
[2023-07-17T15:33:56.773+0000][1][safepoint    ] Safepoint "Cleanup", Time since last: 1002190959 ns, Reaching safepoint: 3193667 ns, At safepoint: 102916 ns, Total: 3296583 ns
[2023-07-17T15:33:57.777+0000][1][safepoint    ] Safepoint "Cleanup", Time since last: 1001418542 ns, Reaching safepoint: 2360584 ns, At safepoint: 66041 ns, Total: 2426625 ns
[2023-07-17T15:33:58.782+0000][1][safepoint    ] Safepoint "Cleanup", Time since last: 1001902376 ns, Reaching safepoint: 2882833 ns, At safepoint: 144959 ns, Total: 3027792 ns
[2023-07-17T15:33:59.788+0000][1][safepoint    ] Safepoint "Cleanup", Time since last: 1003322417 ns, Reaching safepoint: 2948208 ns, At safepoint: 81083 ns, Total: 3029291 ns
[2023-07-17T15:34:00.718+0000][1][safepoint    ] Safepoint "RevokeBias", Time since last: 928192918 ns, Reaching safepoint: 1576000 ns, At safepoint: 354333 ns, Total: 1930333 ns
[2023-07-17T15:34:01.721+0000][1][safepoint    ] Safepoint "Cleanup", Time since last: 1000759375 ns, Reaching safepoint: 2435875 ns, At safepoint: 54459 ns, Total: 2490334 ns
[2023-07-17T15:34:02.725+0000][1][safepoint    ] Safepoint "Cleanup", Time since last: 1001036833 ns, Reaching safepoint: 2958417 ns, At safepoint: 64833 ns, Total: 3023250 ns
[2023-07-17T15:34:03.731+0000][1][safepoint    ] Safepoint "Cleanup", Time since last: 1002724834 ns, Reaching safepoint: 2813792 ns, At safepoint: 83917 ns, Total: 2897709 ns
[2023-07-17T15:34:04.737+0000][1][safepoint    ] Safepoint "Cleanup", Time since last: 1004063750 ns, Reaching safepoint: 1926458 ns, At safepoint: 56000 ns, Total: 1982458 ns
[2023-07-17T15:34:05.741+0000][1][safepoint    ] Safepoint "Cleanup", Time since last: 1002088293 ns, Reaching safepoint: 1722458 ns, At safepoint: 65542 ns, Total: 1788000 ns
[2023-07-17T15:34:06.745+0000][1][safepoint    ] Safepoint "Cleanup", Time since last: 1001454583 ns, Reaching safepoint: 2245209 ns, At safepoint: 52916 ns, Total: 2298125 ns
[2023-07-17T15:34:07.165+0000][1][safepoint    ] Safepoint "RevokeBias", Time since last: 419334251 ns, Reaching safepoint: 1093916 ns, At safepoint: 204292 ns, Total: 1298208 ns
[2023-07-17T15:34:07.234+0000][1][safepoint    ] Safepoint "RevokeBias", Time since last: 52844125 ns, Reaching safepoint: 12159958 ns, At safepoint: 1548750 ns, Total: 13708708 ns
[2023-07-17T15:34:07.342+0000][1][safepoint    ] Safepoint "RevokeBias", Time since last: 106770292 ns, Reaching safepoint: 2299208 ns, At safepoint: 838917 ns, Total: 3138125 ns
[2023-07-17T15:34:07.517+0000][1][safepoint    ] Safepoint "RevokeBias", Time since last: 173514000 ns, Reaching safepoint: 1341792 ns, At safepoint: 108583 ns, Total: 1450375 ns
[2023-07-17T15:34:07.519+0000][1][safepoint    ] Safepoint "RevokeBias", Time since last: 2044292 ns, Reaching safepoint: 545750 ns, At safepoint: 62958 ns, Total: 608708 ns
[2023-07-17T15:34:07.635+0000][1][gc,start     ] GC(34) Pause Young (Allocation Failure)
[2023-07-17T15:34:07.637+0000][1][gc,task      ] GC(34) Using 4 workers of 4 for evacuation
[2023-07-17T15:34:07.671+0000][1][gc,age       ] GC(34) Desired survivor size 8945664 bytes, new threshold 6 (max threshold 6)
[2023-07-17T15:34:07.671+0000][1][gc,age       ] GC(34) Age table with threshold 6 (max threshold 6)
[2023-07-17T15:34:07.672+0000][1][gc,age       ] GC(34) - age   1:     331152 bytes,     331152 total
[2023-07-17T15:34:07.672+0000][1][gc,age       ] GC(34) - age   2:       3960 bytes,     335112 total
[2023-07-17T15:34:07.672+0000][1][gc,age       ] GC(34) - age   3:       2376 bytes,     337488 total
[2023-07-17T15:34:07.672+0000][1][gc,age       ] GC(34) - age   4:       4912 bytes,     342400 total
[2023-07-17T15:34:07.672+0000][1][gc,age       ] GC(34) - age   5:       2584 bytes,     344984 total
[2023-07-17T15:34:07.672+0000][1][gc,age       ] GC(34) - age   6:       4560 bytes,     349544 total
[2023-07-17T15:34:07.673+0000][1][gc,heap      ] GC(34) ParNew: 139931K->411K(157248K)
[2023-07-17T15:34:07.674+0000][1][gc,heap      ] GC(34) CMS: 69121K->69125K(349568K)
[2023-07-17T15:34:07.674+0000][1][gc,metaspace ] GC(34) Metaspace: 89576K->89576K(1130496K)
[2023-07-17T15:34:07.675+0000][1][gc           ] GC(34) Pause Young (Allocation Failure) 204M->67M(494M) 39.732ms
[2023-07-17T15:34:07.675+0000][1][gc,cpu       ] GC(34) User=0.08s Sys=0.01s Real=0.04s
[2023-07-17T15:34:07.675+0000][1][safepoint    ] Safepoint "GenCollectForAllocation", Time since last: 112927792 ns, Reaching safepoint: 2180583 ns, At safepoint: 40680125 ns, Total: 42860708 ns
[2023-07-17T15:34:08.677+0000][1][safepoint    ] Safepoint "Cleanup", Time since last: 1000947042 ns, Reaching safepoint: 802834 ns, At safepoint: 26958 ns, Total: 829792 ns
[2023-07-17T15:34:09.680+0000][1][safepoint    ] Safepoint "Cleanup", Time since last: 1001686584 ns, Reaching safepoint: 1480166 ns, At safepoint: 36000 ns, Total: 1516166 ns
[2023-07-17T15:34:10.683+0000][1][safepoint    ] Safepoint "Cleanup", Time since last: 1001425543 ns, Reaching safepoint: 1298666 ns, At safepoint: 34417 ns, Total: 1333083 ns
[2023-07-17T15:34:11.688+0000][1][safepoint    ] Safepoint "Cleanup", Time since last: 1002306000 ns, Reaching safepoint: 2499500 ns, At safepoint: 56334 ns, Total: 2555834 ns
[2023-07-17T15:34:12.692+0000][1][safepoint    ] Safepoint "Cleanup", Time since last: 1001752291 ns, Reaching safepoint: 2230875 ns, At safepoint: 81667 ns, Total: 2312542 ns
[2023-07-17T15:34:13.694+0000][1][safepoint    ] Safepoint "Cleanup", Time since last: 1000867875 ns, Reaching safepoint: 1263125 ns, At safepoint: 19834 ns, Total: 1282959 ns
[2023-07-17T15:34:14.697+0000][1][safepoint    ] Safepoint "Cleanup", Time since last: 1000836625 ns, Reaching safepoint: 2146750 ns, At safepoint: 60542 ns, Total: 2207292 ns
[2023-07-17T15:34:15.702+0000][1][safepoint    ] Safepoint "Cleanup", Time since last: 1001270084 ns, Reaching safepoint: 3361041 ns, At safepoint: 99834 ns, Total: 3460875 ns
[2023-07-17T15:34:16.706+0000][1][safepoint    ] Safepoint "Cleanup", Time since last: 1001171750 ns, Reaching safepoint: 2450584 ns, At safepoint: 150583 ns, Total: 2601167 ns
[2023-07-17T15:34:17.711+0000][1][safepoint    ] Safepoint "Cleanup", Time since last: 1002272917 ns, Reaching safepoint: 2871000 ns, At safepoint: 85167 ns, Total: 2956167 ns
[2023-07-17T15:34:18.718+0000][1][safepoint    ] Safepoint "Cleanup", Time since last: 1002594833 ns, Reaching safepoint: 4207375 ns, At safepoint: 92834 ns, Total: 4300209 ns
[2023-07-17T15:34:19.723+0000][1][safepoint    ] Safepoint "Cleanup", Time since last: 1004064375 ns, Reaching safepoint: 1771500 ns, At safepoint: 48084 ns, Total: 1819584 ns
[2023-07-17T15:34:20.709+0000][1][safepoint    ] Safepoint "RevokeBias", Time since last: 983907917 ns, Reaching safepoint: 1807958 ns, At safepoint: 160792 ns, Total: 1968750 ns
[2023-07-17T15:34:21.715+0000][1][safepoint    ] Safepoint "Cleanup", Time since last: 1001827042 ns, Reaching safepoint: 3880417 ns, At safepoint: 94833 ns, Total: 3975250 ns
[2023-07-17T15:34:22.720+0000][1][safepoint    ] Safepoint "Cleanup", Time since last: 1004392750 ns, Reaching safepoint: 914459 ns, At safepoint: 20916 ns, Total: 935375 ns
[2023-07-17T15:34:23.724+0000][1][safepoint    ] Safepoint "Cleanup", Time since last: 1001651834 ns, Reaching safepoint: 1514750 ns, At safepoint: 37250 ns, Total: 1552000 ns
[2023-07-17T15:34:24.730+0000][1][safepoint    ] Safepoint "Cleanup", Time since last: 1001763626 ns, Reaching safepoint: 4439875 ns, At safepoint: 88750 ns, Total: 4528625 ns
[2023-07-17T15:34:25.735+0000][1][safepoint    ] Safepoint "Cleanup", Time since last: 1002269208 ns, Reaching safepoint: 2487959 ns, At safepoint: 93125 ns, Total: 2581084 ns
[2023-07-17T15:34:26.737+0000][1][safepoint    ] Safepoint "Cleanup", Time since last: 1001575667 ns, Reaching safepoint: 587250 ns, At safepoint: 15500 ns, Total: 602750 ns
[2023-07-17T15:34:27.744+0000][1][safepoint    ] Safepoint "Cleanup", Time since last: 1002221709 ns, Reaching safepoint: 4216583 ns, At safepoint: 82458 ns, Total: 4299041 ns
[2023-07-17T15:34:28.751+0000][1][safepoint    ] Safepoint "Cleanup", Time since last: 1002996584 ns, Reaching safepoint: 4445834 ns, At safepoint: 129875 ns, Total: 4575709 ns
[2023-07-17T15:34:29.756+0000][1][safepoint    ] Safepoint "Cleanup", Time since last: 1001744250 ns, Reaching safepoint: 3410875 ns, At safepoint: 101500 ns, Total: 3512375 ns
[2023-07-17T15:34:30.759+0000][1][safepoint    ] Safepoint "Cleanup", Time since last: 1001447834 ns, Reaching safepoint: 1351458 ns, At safepoint: 19250 ns, Total: 1370708 ns
[2023-07-17T15:34:31.761+0000][1][safepoint    ] Safepoint "Cleanup", Time since last: 1000439001 ns, Reaching safepoint: 1202583 ns, At safepoint: 26708 ns, Total: 1229291 ns
[2023-07-17T15:34:32.766+0000][1][safepoint    ] Safepoint "Cleanup", Time since last: 1000746626 ns, Reaching safepoint: 3756125 ns, At safepoint: 192208 ns, Total: 3948333 ns
[2023-07-17T15:34:33.768+0000][1][safepoint    ] Safepoint "Cleanup", Time since last: 1001234084 ns, Reaching safepoint: 1170958 ns, At safepoint: 19542 ns, Total: 1190500 ns
[2023-07-17T15:34:34.770+0000][1][safepoint    ] Safepoint "Cleanup", Time since last: 1000478875 ns, Reaching safepoint: 1232584 ns, At safepoint: 30250 ns, Total: 1262834 ns
[2023-07-17T15:34:35.773+0000][1][safepoint    ] Safepoint "Cleanup", Time since last: 1000833959 ns, Reaching safepoint: 2413291 ns, At safepoint: 75209 ns, Total: 2488500 ns
[2023-07-17T15:34:36.777+0000][1][safepoint    ] Safepoint "Cleanup", Time since last: 1001770042 ns, Reaching safepoint: 1738166 ns, At safepoint: 46959 ns, Total: 1785125 ns
[2023-07-17T15:34:37.780+0000][1][safepoint    ] Safepoint "Cleanup", Time since last: 1001294167 ns, Reaching safepoint: 2476542 ns, At safepoint: 105291 ns, Total: 2581833 ns
[2023-07-17T15:34:38.785+0000][1][safepoint    ] Safepoint "Cleanup", Time since last: 1001356792 ns, Reaching safepoint: 2853125 ns, At safepoint: 82875 ns, Total: 2936000 ns
[2023-07-17T15:34:39.789+0000][1][safepoint    ] Safepoint "Cleanup", Time since last: 1001121876 ns, Reaching safepoint: 2777333 ns, At safepoint: 67750 ns, Total: 2845083 ns
[2023-07-17T15:34:40.729+0000][1][safepoint    ] Safepoint "RevokeBias", Time since last: 938183709 ns, Reaching safepoint: 1496417 ns, At safepoint: 362208 ns, Total: 1858625 ns
[2023-07-17T15:34:41.735+0000][1][safepoint    ] Safepoint "Cleanup", Time since last: 1002286917 ns, Reaching safepoint: 3516792 ns, At safepoint: 94333 ns, Total: 3611125 ns
[2023-07-17T15:34:42.740+0000][1][safepoint    ] Safepoint "Cleanup", Time since last: 1001680583 ns, Reaching safepoint: 3258125 ns, At safepoint: 89917 ns, Total: 3348042 ns
[2023-07-17T15:34:43.742+0000][1][safepoint    ] Safepoint "Cleanup", Time since last: 1001386333 ns, Reaching safepoint: 1135375 ns, At safepoint: 20667 ns, Total: 1156042 ns
[2023-07-17T15:34:44.747+0000][1][safepoint    ] Safepoint "Cleanup", Time since last: 1001442417 ns, Reaching safepoint: 3576542 ns, At safepoint: 95917 ns, Total: 3672459 ns
[2023-07-17T15:34:45.753+0000][1][safepoint    ] Safepoint "Cleanup", Time since last: 1002607792 ns, Reaching safepoint: 3030375 ns, At safepoint: 90125 ns, Total: 3120500 ns
[2023-07-17T15:34:46.758+0000][1][safepoint    ] Safepoint "Cleanup", Time since last: 1001925250 ns, Reaching safepoint: 2564959 ns, At safepoint: 63250 ns, Total: 2628209 ns
[2023-07-17T15:34:47.759+0000][1][safepoint    ] Safepoint "Cleanup", Time since last: 1001122042 ns, Reaching safepoint: 571333 ns, At safepoint: 24917 ns, Total: 596250 ns
[2023-07-17T15:34:48.762+0000][1][safepoint    ] Safepoint "Cleanup", Time since last: 1000598125 ns, Reaching safepoint: 1578583 ns, At safepoint: 27375 ns, Total: 1605958 ns
[2023-07-17T15:34:49.767+0000][1][safepoint    ] Safepoint "Cleanup", Time since last: 1001597001 ns, Reaching safepoint: 3601167 ns, At safepoint: 100708 ns, Total: 3701875 ns
[2023-07-17T15:34:50.770+0000][1][safepoint    ] Safepoint "Cleanup", Time since last: 1002735375 ns, Reaching safepoint: 726167 ns, At safepoint: 19250 ns, Total: 745417 ns
[2023-07-17T15:34:51.772+0000][1][safepoint    ] Safepoint "Cleanup", Time since last: 1000418251 ns, Reaching safepoint: 1189083 ns, At safepoint: 26583 ns, Total: 1215666 ns
[2023-07-17T15:34:52.776+0000][1][safepoint    ] Safepoint "Cleanup", Time since last: 1000625834 ns, Reaching safepoint: 2843208 ns, At safepoint: 64792 ns, Total: 2908000 ns
[2023-07-17T15:34:53.780+0000][1][safepoint    ] Safepoint "Cleanup", Time since last: 1001231709 ns, Reaching safepoint: 2689667 ns, At safepoint: 90166 ns, Total: 2779833 ns
[2023-07-17T15:34:54.786+0000][1][safepoint    ] Safepoint "Cleanup", Time since last: 1002689292 ns, Reaching safepoint: 3245584 ns, At safepoint: 84583 ns, Total: 3330167 ns
[2023-07-17T15:34:55.790+0000][1][safepoint    ] Safepoint "Cleanup", Time since last: 1001678959 ns, Reaching safepoint: 2760042 ns, At safepoint: 86625 ns, Total: 2846667 ns
[2023-07-17T15:34:56.793+0000][1][safepoint    ] Safepoint "Cleanup", Time since last: 1002289333 ns, Reaching safepoint: 745084 ns, At safepoint: 17750 ns, Total: 762834 ns
[2023-07-17T15:34:57.799+0000][1][safepoint    ] Safepoint "Cleanup", Time since last: 1002596083 ns, Reaching safepoint: 3139500 ns, At safepoint: 130667 ns, Total: 3270167 ns
[2023-07-17T15:34:58.803+0000][1][safepoint    ] Safepoint "Cleanup", Time since last: 1001740167 ns, Reaching safepoint: 2248209 ns, At safepoint: 68166 ns, Total: 2316375 ns
[2023-07-17T15:34:59.807+0000][1][safepoint    ] Safepoint "Cleanup", Time since last: 1001305584 ns, Reaching safepoint: 2548542 ns, At safepoint: 89416 ns, Total: 2637958 ns
[2023-07-17T15:35:00.809+0000][1][safepoint    ] Safepoint "Cleanup", Time since last: 1001578834 ns, Reaching safepoint: 776834 ns, At safepoint: 15958 ns, Total: 792792 ns
[2023-07-17T15:35:01.811+0000][1][safepoint    ] Safepoint "Cleanup", Time since last: 1000541792 ns, Reaching safepoint: 681458 ns, At safepoint: 16000 ns, Total: 697458 ns
[2023-07-17T15:35:02.813+0000][1][safepoint    ] Safepoint "Cleanup", Time since last: 1000629001 ns, Reaching safepoint: 1719208 ns, At safepoint: 48584 ns, Total: 1767792 ns
[2023-07-17T15:35:03.817+0000][1][safepoint    ] Safepoint "Cleanup", Time since last: 1002084625 ns, Reaching safepoint: 1592458 ns, At safepoint: 32750 ns, Total: 1625208 ns
[2023-07-17T15:35:04.819+0000][1][safepoint    ] Safepoint "Cleanup", Time since last: 1000826584 ns, Reaching safepoint: 1441375 ns, At safepoint: 36417 ns, Total: 1477792 ns
[2023-07-17T15:35:05.822+0000][1][safepoint    ] Safepoint "Cleanup", Time since last: 1000825042 ns, Reaching safepoint: 2353500 ns, At safepoint: 79208 ns, Total: 2432708 ns
[2023-07-17T15:35:06.825+0000][1][safepoint    ] Safepoint "Cleanup", Time since last: 1001586376 ns, Reaching safepoint: 721750 ns, At safepoint: 19666 ns, Total: 741416 ns
[2023-07-17T15:35:07.830+0000][1][safepoint    ] Safepoint "Cleanup", Time since last: 1002086626 ns, Reaching safepoint: 2689458 ns, At safepoint: 193917 ns, Total: 2883375 ns
[2023-07-17T15:35:08.302+0000][1][safepoint    ] Safepoint "RevokeBias", Time since last: 471292500 ns, Reaching safepoint: 820500 ns, At safepoint: 127667 ns, Total: 948167 ns
[2023-07-17T15:35:08.303+0000][1][safepoint    ] Safepoint "RevokeBias", Time since last: 1081875 ns, Reaching safepoint: 539750 ns, At safepoint: 65416 ns, Total: 605166 ns
[2023-07-17T15:35:08.307+0000][1][safepoint    ] Safepoint "RevokeBias", Time since last: 2469417 ns, Reaching safepoint: 1121000 ns, At safepoint: 59208 ns, Total: 1180208 ns
[2023-07-17T15:35:08.359+0000][1][safepoint    ] Safepoint "RevokeBias", Time since last: 51289876 ns, Reaching safepoint: 752708 ns, At safepoint: 119125 ns, Total: 871833 ns
[2023-07-17T15:35:08.363+0000][1][safepoint    ] Safepoint "BulkRevokeBias", Time since last: 830667 ns, Reaching safepoint: 513375 ns, At safepoint: 2356416 ns, Total: 2869791 ns
[2023-07-17T15:35:08.366+0000][1][safepoint    ] Safepoint "RevokeBias", Time since last: 1972917 ns, Reaching safepoint: 889708 ns, At safepoint: 85709 ns, Total: 975417 ns
[2023-07-17T15:35:09.368+0000][1][safepoint    ] Safepoint "Cleanup", Time since last: 1000643208 ns, Reaching safepoint: 1106542 ns, At safepoint: 24000 ns, Total: 1130542 ns
[2023-07-17T15:35:10.372+0000][1][safepoint    ] Safepoint "Cleanup", Time since last: 1000892584 ns, Reaching safepoint: 3335916 ns, At safepoint: 98417 ns, Total: 3434333 ns
[2023-07-17T15:35:10.711+0000][1][safepoint    ] Safepoint "RevokeBias", Time since last: 336819584 ns, Reaching safepoint: 1457208 ns, At safepoint: 268000 ns, Total: 1725208 ns
[2023-07-17T15:35:11.716+0000][1][safepoint    ] Safepoint "Cleanup", Time since last: 1000651834 ns, Reaching safepoint: 3514666 ns, At safepoint: 954875 ns, Total: 4469541 ns
[2023-07-17T15:35:12.706+0000][1][safepoint    ] Safepoint "Cleanup", Time since last: 1004067250 ns, Reaching safepoint: 4599792 ns, At safepoint: 149333 ns, Total: 4749125 ns
[2023-07-17T15:35:13.710+0000][1][safepoint    ] Safepoint "Cleanup", Time since last: 1002430501 ns, Reaching safepoint: 1192875 ns, At safepoint: 21541 ns, Total: 1214416 ns
[2023-07-17T15:35:14.715+0000][1][safepoint    ] Safepoint "Cleanup", Time since last: 1001628334 ns, Reaching safepoint: 2897209 ns, At safepoint: 105750 ns, Total: 3002959 ns
[2023-07-17T15:35:15.722+0000][1][safepoint    ] Safepoint "Cleanup", Time since last: 1003688458 ns, Reaching safepoint: 3262750 ns, At safepoint: 70667 ns, Total: 3333417 ns
[2023-07-17T15:35:16.728+0000][1][safepoint    ] Safepoint "Cleanup", Time since last: 1002011626 ns, Reaching safepoint: 3774333 ns, At safepoint: 154875 ns, Total: 3929208 ns
[2023-07-17T15:35:17.734+0000][1][safepoint    ] Safepoint "Cleanup", Time since last: 1001564667 ns, Reaching safepoint: 4142792 ns, At safepoint: 124000 ns, Total: 4266792 ns
[2023-07-17T15:35:18.737+0000][1][safepoint    ] Safepoint "Cleanup", Time since last: 1002070708 ns, Reaching safepoint: 1065584 ns, At safepoint: 23958 ns, Total: 1089542 ns
[2023-07-17T15:35:19.741+0000][1][safepoint    ] Safepoint "Cleanup", Time since last: 1000577292 ns, Reaching safepoint: 3584292 ns, At safepoint: 88167 ns, Total: 3672459 ns
[2023-07-17T15:35:20.743+0000][1][safepoint    ] Safepoint "Cleanup", Time since last: 1001730583 ns, Reaching safepoint: 599334 ns, At safepoint: 15250 ns, Total: 614584 ns
[2023-07-17T15:35:21.748+0000][1][safepoint    ] Safepoint "Cleanup", Time since last: 1000585709 ns, Reaching safepoint: 4001083 ns, At safepoint: 94500 ns, Total: 4095583 ns
[2023-07-17T15:35:22.752+0000][1][safepoint    ] Safepoint "Cleanup", Time since last: 1002176334 ns, Reaching safepoint: 2038416 ns, At safepoint: 51417 ns, Total: 2089833 ns
[2023-07-17T15:35:23.756+0000][1][safepoint    ] Safepoint "Cleanup", Time since last: 1001011542 ns, Reaching safepoint: 2785334 ns, At safepoint: 60916 ns, Total: 2846250 ns
[2023-07-17T15:35:24.759+0000][1][safepoint    ] Safepoint "Cleanup", Time since last: 1001637542 ns, Reaching safepoint: 1237750 ns, At safepoint: 24959 ns, Total: 1262709 ns
[2023-07-17T15:35:25.762+0000][1][safepoint    ] Safepoint "Cleanup", Time since last: 1000642084 ns, Reaching safepoint: 2507708 ns, At safepoint: 70375 ns, Total: 2578083 ns
[2023-07-17T15:35:26.767+0000][1][safepoint    ] Safepoint "Cleanup", Time since last: 1001234000 ns, Reaching safepoint: 3214334 ns, At safepoint: 78250 ns, Total: 3292584 ns
[2023-07-17T15:35:27.771+0000][1][safepoint    ] Safepoint "Cleanup", Time since last: 1001305167 ns, Reaching safepoint: 3119125 ns, At safepoint: 73291 ns, Total: 3192416 ns
[2023-07-17T15:35:28.775+0000][1][safepoint    ] Safepoint "Cleanup", Time since last: 1001807334 ns, Reaching safepoint: 2149459 ns, At safepoint: 48958 ns, Total: 2198417 ns
[2023-07-17T15:35:29.778+0000][1][safepoint    ] Safepoint "Cleanup", Time since last: 1001107209 ns, Reaching safepoint: 1635416 ns, At safepoint: 34834 ns, Total: 1670250 ns
[2023-07-17T15:35:30.676+0000][1][safepoint    ] Safepoint "RevokeBias", Time since last: 895767584 ns, Reaching safepoint: 1661500 ns, At safepoint: 336750 ns, Total: 1998250 ns
[2023-07-17T15:35:31.682+0000][1][safepoint    ] Safepoint "Cleanup", Time since last: 1000477875 ns, Reaching safepoint: 5379292 ns, At safepoint: 118541 ns, Total: 5497833 ns
[2023-07-17T15:35:32.686+0000][1][safepoint    ] Safepoint "Cleanup", Time since last: 1001266626 ns, Reaching safepoint: 3126625 ns, At safepoint: 80666 ns, Total: 3207291 ns
[2023-07-17T15:35:33.689+0000][1][safepoint    ] Safepoint "Cleanup", Time since last: 1001330376 ns, Reaching safepoint: 1143208 ns, At safepoint: 25917 ns, Total: 1169125 ns
[2023-07-17T15:35:34.690+0000][1][safepoint    ] Safepoint "Cleanup", Time since last: 1000738875 ns, Reaching safepoint: 874917 ns, At safepoint: 22250 ns, Total: 897167 ns
[2023-07-17T15:35:35.695+0000][1][safepoint    ] Safepoint "Cleanup", Time since last: 1000863667 ns, Reaching safepoint: 3752709 ns, At safepoint: 115208 ns, Total: 3867917 ns
[2023-07-17T15:35:36.699+0000][1][safepoint    ] Safepoint "Cleanup", Time since last: 1002318209 ns, Reaching safepoint: 1673000 ns, At safepoint: 39500 ns, Total: 1712500 ns
[2023-07-17T15:35:37.703+0000][1][safepoint    ] Safepoint "Cleanup", Time since last: 1001229209 ns, Reaching safepoint: 2688125 ns, At safepoint: 103125 ns, Total: 2791250 ns
[2023-07-17T15:35:38.705+0000][1][safepoint    ] Safepoint "Cleanup", Time since last: 1001222583 ns, Reaching safepoint: 824500 ns, At safepoint: 21917 ns, Total: 846417 ns
[2023-07-17T15:35:39.710+0000][1][safepoint    ] Safepoint "Cleanup", Time since last: 1000624875 ns, Reaching safepoint: 3669834 ns, At safepoint: 85166 ns, Total: 3755000 ns
[2023-07-17T15:35:40.713+0000][1][safepoint    ] Safepoint "Cleanup", Time since last: 1001835084 ns, Reaching safepoint: 1336500 ns, At safepoint: 24417 ns, Total: 1360917 ns
[2023-07-17T15:35:41.717+0000][1][safepoint    ] Safepoint "Cleanup", Time since last: 1000607375 ns, Reaching safepoint: 3441125 ns, At safepoint: 115917 ns, Total: 3557042 ns
[2023-07-17T15:35:42.718+0000][1][safepoint    ] Safepoint "Cleanup", Time since last: 1001078208 ns, Reaching safepoint: 3396292 ns, At safepoint: 78833 ns, Total: 3475125 ns
[2023-07-17T15:35:43.721+0000][1][safepoint    ] Safepoint "Cleanup", Time since last: 1001844792 ns, Reaching safepoint: 1332875 ns, At safepoint: 23292 ns, Total: 1356167 ns
[2023-07-17T15:35:44.726+0000][1][safepoint    ] Safepoint "Cleanup", Time since last: 1001333750 ns, Reaching safepoint: 3147500 ns, At safepoint: 103542 ns, Total: 3251042 ns
[2023-07-17T15:35:45.730+0000][1][safepoint    ] Safepoint "Cleanup", Time since last: 1001914042 ns, Reaching safepoint: 2031292 ns, At safepoint: 45708 ns, Total: 2077000 ns
[2023-07-17T15:35:46.735+0000][1][safepoint    ] Safepoint "Cleanup", Time since last: 1001761167 ns, Reaching safepoint: 3141750 ns, At safepoint: 179000 ns, Total: 3320750 ns
[2023-07-17T15:35:47.740+0000][1][safepoint    ] Safepoint "Cleanup", Time since last: 1001734751 ns, Reaching safepoint: 2998500 ns, At safepoint: 72041 ns, Total: 3070541 ns
[2023-07-17T15:35:48.742+0000][1][safepoint    ] Safepoint "Cleanup", Time since last: 1001308709 ns, Reaching safepoint: 806375 ns, At safepoint: 20167 ns, Total: 826542 ns
[2023-07-17T15:35:49.747+0000][1][safepoint    ] Safepoint "Cleanup", Time since last: 1000602000 ns, Reaching safepoint: 3698834 ns, At safepoint: 419583 ns, Total: 4118417 ns
[2023-07-17T15:35:50.688+0000][1][safepoint    ] Safepoint "RevokeBias", Time since last: 939324375 ns, Reaching safepoint: 1835209 ns, At safepoint: 361416 ns, Total: 2196625 ns
[2023-07-17T15:35:51.689+0000][1][safepoint    ] Safepoint "Cleanup", Time since last: 1000696126 ns, Reaching safepoint: 658000 ns, At safepoint: 14708 ns, Total: 672708 ns
[2023-07-17T15:35:52.692+0000][1][safepoint    ] Safepoint "Cleanup", Time since last: 1000316792 ns, Reaching safepoint: 1737584 ns, At safepoint: 30958 ns, Total: 1768542 ns
[2023-07-17T15:35:53.696+0000][1][safepoint    ] Safepoint "Cleanup", Time since last: 1001100292 ns, Reaching safepoint: 3315292 ns, At safepoint: 114500 ns, Total: 3429792 ns
[2023-07-17T15:35:54.701+0000][1][safepoint    ] Safepoint "Cleanup", Time since last: 1001591334 ns, Reaching safepoint: 3263166 ns, At safepoint: 99084 ns, Total: 3362250 ns
[2023-07-17T15:35:55.704+0000][1][safepoint    ] Safepoint "Cleanup", Time since last: 1001604167 ns, Reaching safepoint: 1673791 ns, At safepoint: 39167 ns, Total: 1712958 ns
[2023-07-17T15:35:56.708+0000][1][safepoint    ] Safepoint "Cleanup", Time since last: 1001645042 ns, Reaching safepoint: 1827917 ns, At safepoint: 101250 ns, Total: 1929167 ns
[2023-07-17T15:35:57.713+0000][1][safepoint    ] Safepoint "Cleanup", Time since last: 1001521875 ns, Reaching safepoint: 3168959 ns, At safepoint: 96458 ns, Total: 3265417 ns
[2023-07-17T15:35:58.721+0000][1][safepoint    ] Safepoint "Cleanup", Time since last: 1003595084 ns, Reaching safepoint: 4073958 ns, At safepoint: 100917 ns, Total: 4174875 ns
[2023-07-17T15:35:59.727+0000][1][safepoint    ] Safepoint "Cleanup", Time since last: 1002804542 ns, Reaching safepoint: 3778833 ns, At safepoint: 116750 ns, Total: 3895583 ns
[2023-07-17T15:36:00.730+0000][1][safepoint    ] Safepoint "Cleanup", Time since last: 1001613251 ns, Reaching safepoint: 1317042 ns, At safepoint: 18625 ns, Total: 1335667 ns
[2023-07-17T15:36:00.764+0000][1][gc,start     ] GC(35) Pause Young (Allocation Failure)
[2023-07-17T15:36:00.765+0000][1][gc,task      ] GC(35) Using 4 workers of 4 for evacuation
[2023-07-17T15:36:00.775+0000][1][gc,age       ] GC(35) Desired survivor size 8945664 bytes, new threshold 6 (max threshold 6)
[2023-07-17T15:36:00.775+0000][1][gc,age       ] GC(35) Age table with threshold 6 (max threshold 6)
[2023-07-17T15:36:00.776+0000][1][gc,age       ] GC(35) - age   1:     100152 bytes,     100152 total
[2023-07-17T15:36:00.776+0000][1][gc,age       ] GC(35) - age   2:      15336 bytes,     115488 total
[2023-07-17T15:36:00.776+0000][1][gc,age       ] GC(35) - age   3:       3840 bytes,     119328 total
[2023-07-17T15:36:00.776+0000][1][gc,age       ] GC(35) - age   4:       2376 bytes,     121704 total
[2023-07-17T15:36:00.776+0000][1][gc,age       ] GC(35) - age   5:       4912 bytes,     126616 total
[2023-07-17T15:36:00.776+0000][1][gc,age       ] GC(35) - age   6:       2584 bytes,     129200 total
[2023-07-17T15:36:00.776+0000][1][gc,heap      ] GC(35) ParNew: 140187K->342K(157248K)
[2023-07-17T15:36:00.776+0000][1][gc,heap      ] GC(35) CMS: 69125K->69130K(349568K)
[2023-07-17T15:36:00.777+0000][1][gc,metaspace ] GC(35) Metaspace: 89614K->89614K(1132544K)
[2023-07-17T15:36:00.777+0000][1][gc           ] GC(35) Pause Young (Allocation Failure) 204M->67M(494M) 12.475ms
[2023-07-17T15:36:00.777+0000][1][gc,cpu       ] GC(35) User=0.02s Sys=0.00s Real=0.02s
[2023-07-17T15:36:00.777+0000][1][safepoint    ] Safepoint "GenCollectForAllocation", Time since last: 33447916 ns, Reaching safepoint: 833542 ns, At safepoint: 12927000 ns, Total: 13760542 ns
[2023-07-17T15:36:01.781+0000][1][safepoint    ] Safepoint "Cleanup", Time since last: 1000776875 ns, Reaching safepoint: 3183209 ns, At safepoint: 82333 ns, Total: 3265542 ns
[2023-07-17T15:36:02.783+0000][1][safepoint    ] Safepoint "Cleanup", Time since last: 1001259334 ns, Reaching safepoint: 617417 ns, At safepoint: 15166 ns, Total: 632583 ns
[2023-07-17T15:36:03.786+0000][1][safepoint    ] Safepoint "Cleanup", Time since last: 1000455417 ns, Reaching safepoint: 2680375 ns, At safepoint: 64375 ns, Total: 2744750 ns
[2023-07-17T15:36:04.789+0000][1][safepoint    ] Safepoint "Cleanup", Time since last: 1000916709 ns, Reaching safepoint: 1253583 ns, At safepoint: 18500 ns, Total: 1272083 ns
[2023-07-17T15:36:05.791+0000][1][safepoint    ] Safepoint "Cleanup", Time since last: 1000707709 ns, Reaching safepoint: 1548417 ns, At safepoint: 36375 ns, Total: 1584792 ns
[2023-07-17T15:36:06.796+0000][1][safepoint    ] Safepoint "Cleanup", Time since last: 1001247084 ns, Reaching safepoint: 3437791 ns, At safepoint: 101625 ns, Total: 3539416 ns
[2023-07-17T15:36:07.799+0000][1][safepoint    ] Safepoint "Cleanup", Time since last: 1001759251 ns, Reaching safepoint: 1730500 ns, At safepoint: 35750 ns, Total: 1766250 ns
[2023-07-17T15:36:08.804+0000][1][safepoint    ] Safepoint "Cleanup", Time since last: 1000965834 ns, Reaching safepoint: 3593333 ns, At safepoint: 132125 ns, Total: 3725458 ns
[2023-07-17T15:36:09.120+0000][1][safepoint    ] Safepoint "RevokeBias", Time since last: 314885709 ns, Reaching safepoint: 969250 ns, At safepoint: 206208 ns, Total: 1175458 ns
[2023-07-17T15:36:09.127+0000][1][safepoint    ] Safepoint "RevokeBias", Time since last: 6076208 ns, Reaching safepoint: 625125 ns, At safepoint: 102459 ns, Total: 727584 ns
[2023-07-17T15:36:09.146+0000][1][safepoint    ] Safepoint "RevokeBias", Time since last: 18557416 ns, Reaching safepoint: 771667 ns, At safepoint: 145208 ns, Total: 916875 ns
[2023-07-17T15:36:09.150+0000][1][safepoint    ] Safepoint "RevokeBias", Time since last: 3100917 ns, Reaching safepoint: 555292 ns, At safepoint: 86541 ns, Total: 641833 ns
[2023-07-17T15:36:09.154+0000][1][safepoint    ] Safepoint "RevokeBias", Time since last: 2800834 ns, Reaching safepoint: 1519791 ns, At safepoint: 134334 ns, Total: 1654125 ns
[2023-07-17T15:36:10.158+0000][1][safepoint    ] Safepoint "Cleanup", Time since last: 1000566667 ns, Reaching safepoint: 3103875 ns, At safepoint: 87708 ns, Total: 3191583 ns
[2023-07-17T15:36:10.701+0000][1][safepoint    ] Safepoint "RevokeBias", Time since last: 541099834 ns, Reaching safepoint: 1369500 ns, At safepoint: 219708 ns, Total: 1589208 ns
[2023-07-17T15:36:11.705+0000][1][safepoint    ] Safepoint "Cleanup", Time since last: 1000872792 ns, Reaching safepoint: 2860042 ns, At safepoint: 80875 ns, Total: 2940917 ns
[2023-07-17T15:36:12.707+0000][1][safepoint    ] Safepoint "Cleanup", Time since last: 1001518583 ns, Reaching safepoint: 1192084 ns, At safepoint: 27833 ns, Total: 1219917 ns
[2023-07-17T15:36:13.710+0000][1][safepoint    ] Safepoint "Cleanup", Time since last: 1001748584 ns, Reaching safepoint: 1327750 ns, At safepoint: 21916 ns, Total: 1349666 ns
[2023-07-17T15:36:14.713+0000][1][safepoint    ] Safepoint "Cleanup", Time since last: 1000584834 ns, Reaching safepoint: 2078250 ns, At safepoint: 60125 ns, Total: 2138375 ns
[2023-07-17T15:36:15.717+0000][1][safepoint    ] Safepoint "Cleanup", Time since last: 1000942542 ns, Reaching safepoint: 2648667 ns, At safepoint: 74125 ns, Total: 2722792 ns
[2023-07-17T15:36:16.723+0000][1][safepoint    ] Safepoint "Cleanup", Time since last: 1002000334 ns, Reaching safepoint: 4029000 ns, At safepoint: 91875 ns, Total: 4120875 ns
[2023-07-17T15:36:17.725+0000][1][safepoint    ] Safepoint "Cleanup", Time since last: 1001728334 ns, Reaching safepoint: 637041 ns, At safepoint: 15959 ns, Total: 653000 ns
[2023-07-17T15:36:18.730+0000][1][safepoint    ] Safepoint "Cleanup", Time since last: 1003470250 ns, Reaching safepoint: 1689333 ns, At safepoint: 49459 ns, Total: 1738792 ns
[2023-07-17T15:36:19.735+0000][1][safepoint    ] Safepoint "Cleanup", Time since last: 1000983417 ns, Reaching safepoint: 3750792 ns, At safepoint: 99791 ns, Total: 3850583 ns
[2023-07-17T15:36:20.738+0000][1][safepoint    ] Safepoint "Cleanup", Time since last: 1001562834 ns, Reaching safepoint: 1401167 ns, At safepoint: 19458 ns, Total: 1420625 ns
[2023-07-17T15:36:21.743+0000][1][safepoint    ] Safepoint "Cleanup", Time since last: 1000517501 ns, Reaching safepoint: 3783708 ns, At safepoint: 304750 ns, Total: 4088458 ns
[2023-07-17T15:36:22.747+0000][1][safepoint    ] Safepoint "Cleanup", Time since last: 1003674250 ns, Reaching safepoint: 832250 ns, At safepoint: 18167 ns, Total: 850417 ns
[2023-07-17T15:36:23.749+0000][1][safepoint    ] Safepoint "Cleanup", Time since last: 1000482959 ns, Reaching safepoint: 1576542 ns, At safepoint: 37875 ns, Total: 1614417 ns
[2023-07-17T15:36:24.752+0000][1][safepoint    ] Safepoint "Cleanup", Time since last: 1001236542 ns, Reaching safepoint: 1617625 ns, At safepoint: 44625 ns, Total: 1662250 ns
[2023-07-17T15:36:25.756+0000][1][safepoint    ] Safepoint "Cleanup", Time since last: 1000741542 ns, Reaching safepoint: 2903458 ns, At safepoint: 89625 ns, Total: 2993083 ns
[2023-07-17T15:36:26.761+0000][1][safepoint    ] Safepoint "Cleanup", Time since last: 1002523167 ns, Reaching safepoint: 2801542 ns, At safepoint: 132833 ns, Total: 2934375 ns
[2023-07-17T15:36:27.764+0000][1][safepoint    ] Safepoint "Cleanup", Time since last: 1001024001 ns, Reaching safepoint: 1359208 ns, At safepoint: 38708 ns, Total: 1397916 ns
[2023-07-17T15:36:28.768+0000][1][safepoint    ] Safepoint "Cleanup", Time since last: 1000970001 ns, Reaching safepoint: 3032292 ns, At safepoint: 72625 ns, Total: 3104917 ns
[2023-07-17T15:36:29.770+0000][1][safepoint    ] Safepoint "Cleanup", Time since last: 1001163667 ns, Reaching safepoint: 1439416 ns, At safepoint: 35834 ns, Total: 1475250 ns
[2023-07-17T15:36:30.703+0000][1][safepoint    ] Safepoint "RevokeBias", Time since last: 930551459 ns, Reaching safepoint: 1457708 ns, At safepoint: 328250 ns, Total: 1785958 ns
[2023-07-17T15:36:31.708+0000][1][safepoint    ] Safepoint "Cleanup", Time since last: 1001307500 ns, Reaching safepoint: 3936709 ns, At safepoint: 105083 ns, Total: 4041792 ns
[2023-07-17T15:36:32.712+0000][1][safepoint    ] Safepoint "Cleanup", Time since last: 1001630084 ns, Reaching safepoint: 2252666 ns, At safepoint: 77750 ns, Total: 2330416 ns
[2023-07-17T15:36:33.715+0000][1][safepoint    ] Safepoint "Cleanup", Time since last: 1000820168 ns, Reaching safepoint: 1787250 ns, At safepoint: 56375 ns, Total: 1843625 ns
[2023-07-17T15:36:34.718+0000][1][safepoint    ] Safepoint "Cleanup", Time since last: 1001150667 ns, Reaching safepoint: 2277000 ns, At safepoint: 57916 ns, Total: 2334916 ns
[2023-07-17T15:36:35.721+0000][1][safepoint    ] Safepoint "Cleanup", Time since last: 1001260959 ns, Reaching safepoint: 1426875 ns, At safepoint: 34459 ns, Total: 1461334 ns
[2023-07-17T15:36:36.726+0000][1][safepoint    ] Safepoint "Cleanup", Time since last: 1000739833 ns, Reaching safepoint: 3845000 ns, At safepoint: 105834 ns, Total: 3950834 ns
[2023-07-17T15:36:37.731+0000][1][safepoint    ] Safepoint "Cleanup", Time since last: 1001211625 ns, Reaching safepoint: 3688959 ns, At safepoint: 109958 ns, Total: 3798917 ns
[2023-07-17T15:36:38.736+0000][1][safepoint    ] Safepoint "Cleanup", Time since last: 1001435709 ns, Reaching safepoint: 3636250 ns, At safepoint: 103000 ns, Total: 3739250 ns
[2023-07-17T15:36:39.741+0000][1][safepoint    ] Safepoint "Cleanup", Time since last: 1001880167 ns, Reaching safepoint: 3167542 ns, At safepoint: 80458 ns, Total: 3248000 ns
[2023-07-17T15:36:40.744+0000][1][safepoint    ] Safepoint "Cleanup", Time since last: 1001436125 ns, Reaching safepoint: 1422500 ns, At safepoint: 19459 ns, Total: 1441959 ns
[2023-07-17T15:36:41.748+0000][1][safepoint    ] Safepoint "Cleanup", Time since last: 1000453875 ns, Reaching safepoint: 3220833 ns, At safepoint: 91417 ns, Total: 3312250 ns
[2023-07-17T15:36:42.751+0000][1][safepoint    ] Safepoint "Cleanup", Time since last: 1001223417 ns, Reaching safepoint: 2362125 ns, At safepoint: 65666 ns, Total: 2427791 ns
[2023-07-17T15:36:43.754+0000][1][safepoint    ] Safepoint "Cleanup", Time since last: 1001625751 ns, Reaching safepoint: 1289208 ns, At safepoint: 23083 ns, Total: 1312291 ns
[2023-07-17T15:36:44.758+0000][1][safepoint    ] Safepoint "Cleanup", Time since last: 1000838709 ns, Reaching safepoint: 2654000 ns, At safepoint: 65417 ns, Total: 2719417 ns
[2023-07-17T15:36:45.762+0000][1][safepoint    ] Safepoint "Cleanup", Time since last: 1002098792 ns, Reaching safepoint: 1910208 ns, At safepoint: 72292 ns, Total: 1982500 ns
[2023-07-17T15:36:46.766+0000][1][safepoint    ] Safepoint "Cleanup", Time since last: 1001319042 ns, Reaching safepoint: 3267209 ns, At safepoint: 77625 ns, Total: 3344834 ns
[2023-07-17T15:36:47.773+0000][1][safepoint    ] Safepoint "Cleanup", Time since last: 1002481042 ns, Reaching safepoint: 3767291 ns, At safepoint: 96417 ns, Total: 3863708 ns
[2023-07-17T15:36:48.779+0000][1][safepoint    ] Safepoint "Cleanup", Time since last: 1003803084 ns, Reaching safepoint: 2766875 ns, At safepoint: 61625 ns, Total: 2828500 ns
[2023-07-17T15:36:49.785+0000][1][safepoint    ] Safepoint "Cleanup", Time since last: 1001978917 ns, Reaching safepoint: 3306083 ns, At safepoint: 76375 ns, Total: 3382458 ns
[2023-07-17T15:36:50.711+0000][1][safepoint    ] Safepoint "RevokeBias", Time since last: 924216834 ns, Reaching safepoint: 1861708 ns, At safepoint: 343250 ns, Total: 2204958 ns
[2023-07-17T15:36:51.717+0000][1][safepoint    ] Safepoint "Cleanup", Time since last: 1001460918 ns, Reaching safepoint: 3857291 ns, At safepoint: 104917 ns, Total: 3962208 ns
[2023-07-17T15:36:52.724+0000][1][safepoint    ] Safepoint "Cleanup", Time since last: 1004916584 ns, Reaching safepoint: 2893833 ns, At safepoint: 97000 ns, Total: 2990833 ns
[2023-07-17T15:36:53.729+0000][1][safepoint    ] Safepoint "Cleanup", Time since last: 1001318667 ns, Reaching safepoint: 3484000 ns, At safepoint: 104584 ns, Total: 3588584 ns
[2023-07-17T15:36:54.735+0000][1][safepoint    ] Safepoint "Cleanup", Time since last: 1001998958 ns, Reaching safepoint: 3141125 ns, At safepoint: 93959 ns, Total: 3235084 ns
[2023-07-17T15:36:55.739+0000][1][safepoint    ] Safepoint "Cleanup", Time since last: 1001549625 ns, Reaching safepoint: 3118625 ns, At safepoint: 101375 ns, Total: 3220000 ns
[2023-07-17T15:36:56.743+0000][1][safepoint    ] Safepoint "Cleanup", Time since last: 1002094834 ns, Reaching safepoint: 1405083 ns, At safepoint: 38500 ns, Total: 1443583 ns
[2023-07-17T15:36:57.747+0000][1][safepoint    ] Safepoint "Cleanup", Time since last: 1000959584 ns, Reaching safepoint: 2807542 ns, At safepoint: 161625 ns, Total: 2969167 ns
[2023-07-17T15:36:58.751+0000][1][safepoint    ] Safepoint "Cleanup", Time since last: 1001740625 ns, Reaching safepoint: 2217625 ns, At safepoint: 69500 ns, Total: 2287125 ns
[2023-07-17T15:36:59.753+0000][1][safepoint    ] Safepoint "Cleanup", Time since last: 1000940667 ns, Reaching safepoint: 1477417 ns, At safepoint: 32667 ns, Total: 1510084 ns
[2023-07-17T15:37:00.755+0000][1][safepoint    ] Safepoint "Cleanup", Time since last: 1000699834 ns, Reaching safepoint: 1442041 ns, At safepoint: 18375 ns, Total: 1460416 ns
[2023-07-17T15:37:01.759+0000][1][safepoint    ] Safepoint "Cleanup", Time since last: 1000799626 ns, Reaching safepoint: 2842541 ns, At safepoint: 207792 ns, Total: 3050333 ns
[2023-07-17T15:37:02.763+0000][1][safepoint    ] Safepoint "Cleanup", Time since last: 1002347459 ns, Reaching safepoint: 1392292 ns, At safepoint: 39041 ns, Total: 1431333 ns
[2023-07-17T15:37:03.766+0000][1][safepoint    ] Safepoint "Cleanup", Time since last: 1000858334 ns, Reaching safepoint: 1635833 ns, At safepoint: 84625 ns, Total: 1720458 ns
[2023-07-17T15:37:04.768+0000][1][safepoint    ] Safepoint "Cleanup", Time since last: 1001115584 ns, Reaching safepoint: 1387875 ns, At safepoint: 51833 ns, Total: 1439708 ns
[2023-07-17T15:37:05.770+0000][1][safepoint    ] Safepoint "Cleanup", Time since last: 1000613834 ns, Reaching safepoint: 1230709 ns, At safepoint: 25291 ns, Total: 1256000 ns
[2023-07-17T15:37:06.772+0000][1][safepoint    ] Safepoint "Cleanup", Time since last: 1000487042 ns, Reaching safepoint: 1826542 ns, At safepoint: 64792 ns, Total: 1891334 ns
[2023-07-17T15:37:07.777+0000][1][safepoint    ] Safepoint "Cleanup", Time since last: 1001217667 ns, Reaching safepoint: 3281958 ns, At safepoint: 369084 ns, Total: 3651042 ns
[2023-07-17T15:37:08.781+0000][1][safepoint    ] Safepoint "Cleanup", Time since last: 1000966625 ns, Reaching safepoint: 2473083 ns, At safepoint: 78500 ns, Total: 2551583 ns
[2023-07-17T15:37:09.785+0000][1][safepoint    ] Safepoint "Cleanup", Time since last: 1001063209 ns, Reaching safepoint: 2660375 ns, At safepoint: 75709 ns, Total: 2736084 ns
[2023-07-17T15:37:10.128+0000][1][safepoint    ] Safepoint "RevokeBias", Time since last: 341864208 ns, Reaching safepoint: 982208 ns, At safepoint: 140875 ns, Total: 1123083 ns
[2023-07-17T15:37:10.136+0000][1][safepoint    ] Safepoint "RevokeBias", Time since last: 6917875 ns, Reaching safepoint: 1384625 ns, At safepoint: 111792 ns, Total: 1496417 ns
[2023-07-17T15:37:10.148+0000][1][safepoint    ] Safepoint "RevokeBias", Time since last: 10577083 ns, Reaching safepoint: 1032709 ns, At safepoint: 84083 ns, Total: 1116792 ns
[2023-07-17T15:37:10.177+0000][1][safepoint    ] Safepoint "RevokeBias", Time since last: 28245583 ns, Reaching safepoint: 752375 ns, At safepoint: 84584 ns, Total: 836959 ns
[2023-07-17T15:37:10.179+0000][1][safepoint    ] Safepoint "RevokeBias", Time since last: 1634833 ns, Reaching safepoint: 762208 ns, At safepoint: 72500 ns, Total: 834708 ns
[2023-07-17T15:37:10.685+0000][1][safepoint    ] Safepoint "RevokeBias", Time since last: 504304167 ns, Reaching safepoint: 1517417 ns, At safepoint: 319458 ns, Total: 1836875 ns
[2023-07-17T15:37:11.689+0000][1][safepoint    ] Safepoint "Cleanup", Time since last: 1000872167 ns, Reaching safepoint: 2484542 ns, At safepoint: 71042 ns, Total: 2555584 ns
[2023-07-17T15:37:12.696+0000][1][safepoint    ] Safepoint "Cleanup", Time since last: 1003449708 ns, Reaching safepoint: 3015875 ns, At safepoint: 100333 ns, Total: 3116208 ns
[2023-07-17T15:37:13.698+0000][1][safepoint    ] Safepoint "Cleanup", Time since last: 1000943042 ns, Reaching safepoint: 1337625 ns, At safepoint: 29917 ns, Total: 1367542 ns
[2023-07-17T15:37:14.701+0000][1][safepoint    ] Safepoint "Cleanup", Time since last: 1001246584 ns, Reaching safepoint: 2166917 ns, At safepoint: 127375 ns, Total: 2294292 ns
[2023-07-17T15:37:15.706+0000][1][safepoint    ] Safepoint "Cleanup", Time since last: 1001527583 ns, Reaching safepoint: 2705167 ns, At safepoint: 119625 ns, Total: 2824792 ns
[2023-07-17T15:37:16.711+0000][1][safepoint    ] Safepoint "Cleanup", Time since last: 1002044959 ns, Reaching safepoint: 3476833 ns, At safepoint: 120917 ns, Total: 3597750 ns
[2023-07-17T15:37:17.715+0000][1][safepoint    ] Safepoint "Cleanup", Time since last: 1001198167 ns, Reaching safepoint: 2527333 ns, At safepoint: 70500 ns, Total: 2597833 ns
[2023-07-17T15:37:18.719+0000][1][safepoint    ] Safepoint "Cleanup", Time since last: 1002613501 ns, Reaching safepoint: 1313791 ns, At safepoint: 31125 ns, Total: 1344916 ns
[2023-07-17T15:37:19.724+0000][1][safepoint    ] Safepoint "Cleanup", Time since last: 1000990459 ns, Reaching safepoint: 3363000 ns, At safepoint: 97042 ns, Total: 3460042 ns
[2023-07-17T15:37:20.665+0000][1][safepoint    ] Safepoint "RevokeBias", Time since last: 940262250 ns, Reaching safepoint: 1384417 ns, At safepoint: 333917 ns, Total: 1718334 ns
[2023-07-17T15:37:21.669+0000][1][safepoint    ] Safepoint "Cleanup", Time since last: 1001070750 ns, Reaching safepoint: 2391209 ns, At safepoint: 66083 ns, Total: 2457292 ns
[2023-07-17T15:37:22.672+0000][1][safepoint    ] Safepoint "Cleanup", Time since last: 1000945667 ns, Reaching safepoint: 1884083 ns, At safepoint: 44584 ns, Total: 1928667 ns
[2023-07-17T15:37:23.674+0000][1][safepoint    ] Safepoint "Cleanup", Time since last: 1000936125 ns, Reaching safepoint: 1013875 ns, At safepoint: 22667 ns, Total: 1036542 ns
[2023-07-17T15:37:24.677+0000][1][safepoint    ] Safepoint "Cleanup", Time since last: 1000674375 ns, Reaching safepoint: 2498167 ns, At safepoint: 118375 ns, Total: 2616542 ns
[2023-07-17T15:37:25.680+0000][1][safepoint    ] Safepoint "Cleanup", Time since last: 1001179625 ns, Reaching safepoint: 1311334 ns, At safepoint: 31416 ns, Total: 1342750 ns
[2023-07-17T15:37:26.682+0000][1][safepoint    ] Safepoint "Cleanup", Time since last: 1001507168 ns, Reaching safepoint: 1238458 ns, At safepoint: 26000 ns, Total: 1264458 ns
[2023-07-17T15:37:27.684+0000][1][safepoint    ] Safepoint "Cleanup", Time since last: 1000892959 ns, Reaching safepoint: 606791 ns, At safepoint: 16375 ns, Total: 623166 ns
[2023-07-17T15:37:28.686+0000][1][safepoint    ] Safepoint "Cleanup", Time since last: 1000677626 ns, Reaching safepoint: 968083 ns, At safepoint: 20625 ns, Total: 988708 ns
[2023-07-17T15:37:29.690+0000][1][safepoint    ] Safepoint "Cleanup", Time since last: 1001710626 ns, Reaching safepoint: 2267250 ns, At safepoint: 76583 ns, Total: 2343833 ns
[2023-07-17T15:37:30.693+0000][1][safepoint    ] Safepoint "Cleanup", Time since last: 1001686584 ns, Reaching safepoint: 1613417 ns, At safepoint: 69000 ns, Total: 1682417 ns
[2023-07-17T15:37:31.695+0000][1][safepoint    ] Safepoint "Cleanup", Time since last: 1000822208 ns, Reaching safepoint: 731000 ns, At safepoint: 16375 ns, Total: 747375 ns
[2023-07-17T15:37:32.697+0000][1][safepoint    ] Safepoint "Cleanup", Time since last: 1000872251 ns, Reaching safepoint: 971833 ns, At safepoint: 18958 ns, Total: 990791 ns
[2023-07-17T15:37:33.701+0000][1][safepoint    ] Safepoint "Cleanup", Time since last: 1001018543 ns, Reaching safepoint: 3075541 ns, At safepoint: 100167 ns, Total: 3175708 ns
[2023-07-17T15:37:34.712+0000][1][safepoint    ] Safepoint "Cleanup", Time since last: 1009267334 ns, Reaching safepoint: 1947250 ns, At safepoint: 26833 ns, Total: 1974083 ns
[2023-07-17T15:37:35.715+0000][1][safepoint    ] Safepoint "Cleanup", Time since last: 1000828251 ns, Reaching safepoint: 1916208 ns, At safepoint: 50542 ns, Total: 1966750 ns
[2023-07-17T15:37:36.717+0000][1][safepoint    ] Safepoint "Cleanup", Time since last: 1001206958 ns, Reaching safepoint: 1247625 ns, At safepoint: 36542 ns, Total: 1284167 ns
[2023-07-17T15:37:37.719+0000][1][safepoint    ] Safepoint "Cleanup", Time since last: 1000738792 ns, Reaching safepoint: 1217292 ns, At safepoint: 23250 ns, Total: 1240542 ns
[2023-07-17T15:37:38.726+0000][1][safepoint    ] Safepoint "Cleanup", Time since last: 1001008584 ns, Reaching safepoint: 5641500 ns, At safepoint: 324541 ns, Total: 5966041 ns
[2023-07-17T15:37:39.733+0000][1][safepoint    ] Safepoint "Cleanup", Time since last: 1004129418 ns, Reaching safepoint: 2406958 ns, At safepoint: 82417 ns, Total: 2489375 ns
[2023-07-17T15:37:40.727+0000][1][safepoint    ] Safepoint "RevokeBias", Time since last: 992456583 ns, Reaching safepoint: 1575500 ns, At safepoint: 221042 ns, Total: 1796542 ns
[2023-07-17T15:37:41.732+0000][1][safepoint    ] Safepoint "Cleanup", Time since last: 1001543584 ns, Reaching safepoint: 2953416 ns, At safepoint: 88042 ns, Total: 3041458 ns
[2023-07-17T15:37:42.734+0000][1][safepoint    ] Safepoint "Cleanup", Time since last: 1001308750 ns, Reaching safepoint: 1243125 ns, At safepoint: 87125 ns, Total: 1330250 ns
[2023-07-17T15:37:43.736+0000][1][safepoint    ] Safepoint "Cleanup", Time since last: 1000625626 ns, Reaching safepoint: 1292333 ns, At safepoint: 22625 ns, Total: 1314958 ns
[2023-07-17T15:37:44.739+0000][1][safepoint    ] Safepoint "Cleanup", Time since last: 1000448167 ns, Reaching safepoint: 2432500 ns, At safepoint: 85917 ns, Total: 2518417 ns
[2023-07-17T15:37:45.743+0000][1][safepoint    ] Safepoint "Cleanup", Time since last: 1001118959 ns, Reaching safepoint: 3140708 ns, At safepoint: 78208 ns, Total: 3218916 ns
[2023-07-17T15:37:46.752+0000][1][safepoint    ] Safepoint "Cleanup", Time since last: 1002976126 ns, Reaching safepoint: 5539750 ns, At safepoint: 159375 ns, Total: 5699125 ns
[2023-07-17T15:37:47.753+0000][1][safepoint    ] Safepoint "Cleanup", Time since last: 1000809125 ns, Reaching safepoint: 743334 ns, At safepoint: 26000 ns, Total: 769334 ns
[2023-07-17T15:37:48.758+0000][1][safepoint    ] Safepoint "Cleanup", Time since last: 1000444083 ns, Reaching safepoint: 4163084 ns, At safepoint: 178416 ns, Total: 4341500 ns
[2023-07-17T15:37:49.764+0000][1][safepoint    ] Safepoint "Cleanup", Time since last: 1003017168 ns, Reaching safepoint: 2540875 ns, At safepoint: 87958 ns, Total: 2628833 ns
[2023-07-17T15:37:50.771+0000][1][safepoint    ] Safepoint "Cleanup", Time since last: 1006344000 ns, Reaching safepoint: 666750 ns, At safepoint: 27459 ns, Total: 694209 ns
[2023-07-17T15:37:51.775+0000][1][safepoint    ] Safepoint "Cleanup", Time since last: 1000686834 ns, Reaching safepoint: 3158666 ns, At safepoint: 87542 ns, Total: 3246208 ns
[2023-07-17T15:37:52.778+0000][1][safepoint    ] Safepoint "Cleanup", Time since last: 1001248042 ns, Reaching safepoint: 2214125 ns, At safepoint: 45750 ns, Total: 2259875 ns
[2023-07-17T15:37:53.781+0000][1][safepoint    ] Safepoint "Cleanup", Time since last: 1000830042 ns, Reaching safepoint: 1886000 ns, At safepoint: 41917 ns, Total: 1927917 ns
[2023-07-17T15:37:54.785+0000][1][safepoint    ] Safepoint "Cleanup", Time since last: 1000740625 ns, Reaching safepoint: 2748334 ns, At safepoint: 65791 ns, Total: 2814125 ns
[2023-07-17T15:37:55.788+0000][1][safepoint    ] Safepoint "Cleanup", Time since last: 1001470168 ns, Reaching safepoint: 2219291 ns, At safepoint: 79417 ns, Total: 2298708 ns
[2023-07-17T15:37:55.843+0000][1][gc,start     ] GC(36) Pause Young (Allocation Failure)
[2023-07-17T15:37:55.844+0000][1][gc,task      ] GC(36) Using 4 workers of 4 for evacuation
[2023-07-17T15:37:55.860+0000][1][gc,age       ] GC(36) Desired survivor size 8945664 bytes, new threshold 6 (max threshold 6)
[2023-07-17T15:37:55.860+0000][1][gc,age       ] GC(36) Age table with threshold 6 (max threshold 6)
[2023-07-17T15:37:55.860+0000][1][gc,age       ] GC(36) - age   1:     125664 bytes,     125664 total
[2023-07-17T15:37:55.861+0000][1][gc,age       ] GC(36) - age   2:       3008 bytes,     128672 total
[2023-07-17T15:37:55.861+0000][1][gc,age       ] GC(36) - age   3:      15272 bytes,     143944 total
[2023-07-17T15:37:55.861+0000][1][gc,age       ] GC(36) - age   4:       3808 bytes,     147752 total
[2023-07-17T15:37:55.861+0000][1][gc,age       ] GC(36) - age   5:       2376 bytes,     150128 total
[2023-07-17T15:37:55.862+0000][1][gc,age       ] GC(36) - age   6:       4912 bytes,     155040 total
[2023-07-17T15:37:55.862+0000][1][gc,heap      ] GC(36) ParNew: 140118K->201K(157248K)
[2023-07-17T15:37:55.862+0000][1][gc,heap      ] GC(36) CMS: 69130K->69132K(349568K)
[2023-07-17T15:37:55.862+0000][1][gc,metaspace ] GC(36) Metaspace: 89624K->89624K(1132544K)
[2023-07-17T15:37:55.862+0000][1][gc           ] GC(36) Pause Young (Allocation Failure) 204M->67M(494M) 19.174ms
[2023-07-17T15:37:55.863+0000][1][gc,cpu       ] GC(36) User=0.03s Sys=0.00s Real=0.02s
[2023-07-17T15:37:55.863+0000][1][safepoint    ] Safepoint "GenCollectForAllocation", Time since last: 52245167 ns, Reaching safepoint: 2533041 ns, At safepoint: 19656459 ns, Total: 22189500 ns
[2023-07-17T15:37:56.869+0000][1][safepoint    ] Safepoint "Cleanup", Time since last: 1003322542 ns, Reaching safepoint: 3048958 ns, At safepoint: 73875 ns, Total: 3122833 ns
[2023-07-17T15:37:57.876+0000][1][safepoint    ] Safepoint "Cleanup", Time since last: 1003508542 ns, Reaching safepoint: 2760750 ns, At safepoint: 100792 ns, Total: 2861542 ns
[2023-07-17T15:37:58.881+0000][1][safepoint    ] Safepoint "Cleanup", Time since last: 1001716875 ns, Reaching safepoint: 3404334 ns, At safepoint: 153750 ns, Total: 3558084 ns
[2023-07-17T15:37:59.886+0000][1][safepoint    ] Safepoint "Cleanup", Time since last: 1001236583 ns, Reaching safepoint: 3293500 ns, At safepoint: 86125 ns, Total: 3379625 ns
[2023-07-17T15:38:00.722+0000][1][safepoint    ] Safepoint "RevokeBias", Time since last: 834874084 ns, Reaching safepoint: 1326834 ns, At safepoint: 106208 ns, Total: 1433042 ns
[2023-07-17T15:38:01.725+0000][1][safepoint    ] Safepoint "Cleanup", Time since last: 1000521084 ns, Reaching safepoint: 2065083 ns, At safepoint: 49000 ns, Total: 2114083 ns
[2023-07-17T15:38:02.727+0000][1][safepoint    ] Safepoint "Cleanup", Time since last: 1000926000 ns, Reaching safepoint: 1983709 ns, At safepoint: 46541 ns, Total: 2030250 ns
[2023-07-17T15:38:03.733+0000][1][safepoint    ] Safepoint "Cleanup", Time since last: 1001281459 ns, Reaching safepoint: 3906209 ns, At safepoint: 103458 ns, Total: 4009667 ns
[2023-07-17T15:38:04.739+0000][1][safepoint    ] Safepoint "Cleanup", Time since last: 1002403750 ns, Reaching safepoint: 3575917 ns, At safepoint: 103917 ns, Total: 3679834 ns
[2023-07-17T15:38:05.745+0000][1][safepoint    ] Safepoint "Cleanup", Time since last: 1001825084 ns, Reaching safepoint: 3849333 ns, At safepoint: 175667 ns, Total: 4025000 ns
[2023-07-17T15:38:06.747+0000][1][safepoint    ] Safepoint "Cleanup", Time since last: 1001154083 ns, Reaching safepoint: 854209 ns, At safepoint: 21041 ns, Total: 875250 ns
[2023-07-17T15:38:07.750+0000][1][safepoint    ] Safepoint "Cleanup", Time since last: 1000616793 ns, Reaching safepoint: 2635166 ns, At safepoint: 68459 ns, Total: 2703625 ns
[2023-07-17T15:38:08.754+0000][1][safepoint    ] Safepoint "Cleanup", Time since last: 1002120958 ns, Reaching safepoint: 2051125 ns, At safepoint: 51375 ns, Total: 2102500 ns
[2023-07-17T15:38:09.757+0000][1][safepoint    ] Safepoint "Cleanup", Time since last: 1001341084 ns, Reaching safepoint: 1112584 ns, At safepoint: 26625 ns, Total: 1139209 ns
[2023-07-17T15:38:10.759+0000][1][safepoint    ] Safepoint "Cleanup", Time since last: 1000762167 ns, Reaching safepoint: 1475000 ns, At safepoint: 19125 ns, Total: 1494125 ns
[2023-07-17T15:38:11.097+0000][1][safepoint    ] Safepoint "RevokeBias", Time since last: 337160458 ns, Reaching safepoint: 678875 ns, At safepoint: 214750 ns, Total: 893625 ns
[2023-07-17T15:38:11.120+0000][1][safepoint    ] Safepoint "RevokeBias", Time since last: 21878708 ns, Reaching safepoint: 643375 ns, At safepoint: 108667 ns, Total: 752042 ns
[2023-07-17T15:38:11.122+0000][1][safepoint    ] Safepoint "RevokeBias", Time since last: 1284792 ns, Reaching safepoint: 509416 ns, At safepoint: 68250 ns, Total: 577666 ns
[2023-07-17T15:38:12.124+0000][1][safepoint    ] Safepoint "Cleanup", Time since last: 1001375084 ns, Reaching safepoint: 1616917 ns, At safepoint: 37375 ns, Total: 1654292 ns
[2023-07-17T15:38:13.127+0000][1][safepoint    ] Safepoint "Cleanup", Time since last: 1000902625 ns, Reaching safepoint: 1477250 ns, At safepoint: 37375 ns, Total: 1514625 ns
[2023-07-17T15:38:14.131+0000][1][safepoint    ] Safepoint "Cleanup", Time since last: 1001177001 ns, Reaching safepoint: 1891041 ns, At safepoint: 151084 ns, Total: 2042125 ns
[2023-07-17T15:38:15.134+0000][1][safepoint    ] Safepoint "Cleanup", Time since last: 1003282042 ns, Reaching safepoint: 1069208 ns, At safepoint: 27833 ns, Total: 1097041 ns
[2023-07-17T15:38:16.135+0000][1][safepoint    ] Safepoint "Cleanup", Time since last: 1000471834 ns, Reaching safepoint: 624209 ns, At safepoint: 14750 ns, Total: 638959 ns
[2023-07-17T15:38:17.141+0000][1][safepoint    ] Safepoint "Cleanup", Time since last: 1000500625 ns, Reaching safepoint: 4846000 ns, At safepoint: 47792 ns, Total: 4893792 ns
[2023-07-17T15:38:18.142+0000][1][safepoint    ] Safepoint "Cleanup", Time since last: 1000805709 ns, Reaching safepoint: 776333 ns, At safepoint: 18000 ns, Total: 794333 ns
[2023-07-17T15:38:19.147+0000][1][safepoint    ] Safepoint "Cleanup", Time since last: 1000591042 ns, Reaching safepoint: 4298083 ns, At safepoint: 89250 ns, Total: 4387333 ns
[2023-07-17T15:38:20.154+0000][1][safepoint    ] Safepoint "Cleanup", Time since last: 1003344292 ns, Reaching safepoint: 3440250 ns, At safepoint: 118667 ns, Total: 3558917 ns
[2023-07-17T15:38:21.158+0000][1][safepoint    ] Safepoint "Cleanup", Time since last: 1002567084 ns, Reaching safepoint: 1173208 ns, At safepoint: 22250 ns, Total: 1195458 ns
[2023-07-17T15:38:22.160+0000][1][safepoint    ] Safepoint "Cleanup", Time since last: 1000775501 ns, Reaching safepoint: 1503208 ns, At safepoint: 34083 ns, Total: 1537291 ns
[2023-07-17T15:38:23.165+0000][1][safepoint    ] Safepoint "Cleanup", Time since last: 1001859459 ns, Reaching safepoint: 3003375 ns, At safepoint: 77584 ns, Total: 3080959 ns
[2023-07-17T15:38:24.171+0000][1][safepoint    ] Safepoint "Cleanup", Time since last: 1002381792 ns, Reaching safepoint: 3200083 ns, At safepoint: 75750 ns, Total: 3275833 ns
[2023-07-17T15:38:25.177+0000][1][safepoint    ] Safepoint "Cleanup", Time since last: 1002612792 ns, Reaching safepoint: 3637584 ns, At safepoint: 119750 ns, Total: 3757334 ns
[2023-07-17T15:38:26.182+0000][1][safepoint    ] Safepoint "Cleanup", Time since last: 1001208292 ns, Reaching safepoint: 3446166 ns, At safepoint: 93000 ns, Total: 3539166 ns
[2023-07-17T15:38:27.185+0000][1][safepoint    ] Safepoint "Cleanup", Time since last: 1001324334 ns, Reaching safepoint: 1370292 ns, At safepoint: 30958 ns, Total: 1401250 ns
[2023-07-17T15:38:28.187+0000][1][safepoint    ] Safepoint "Cleanup", Time since last: 1000670876 ns, Reaching safepoint: 1346541 ns, At safepoint: 34834 ns, Total: 1381375 ns
[2023-07-17T15:38:29.191+0000][1][safepoint    ] Safepoint "Cleanup", Time since last: 1001076625 ns, Reaching safepoint: 2628875 ns, At safepoint: 120292 ns, Total: 2749167 ns
[2023-07-17T15:38:30.195+0000][1][safepoint    ] Safepoint "Cleanup", Time since last: 1001380459 ns, Reaching safepoint: 2872750 ns, At safepoint: 127208 ns, Total: 2999958 ns
[2023-07-17T15:38:31.201+0000][1][safepoint    ] Safepoint "Cleanup", Time since last: 1001940542 ns, Reaching safepoint: 3439667 ns, At safepoint: 99583 ns, Total: 3539250 ns
[2023-07-17T15:38:32.206+0000][1][safepoint    ] Safepoint "Cleanup", Time since last: 1001721751 ns, Reaching safepoint: 3646833 ns, At safepoint: 128833 ns, Total: 3775666 ns
[2023-07-17T15:38:33.211+0000][1][safepoint    ] Safepoint "Cleanup", Time since last: 1002853501 ns, Reaching safepoint: 2328416 ns, At safepoint: 75459 ns, Total: 2403875 ns
[2023-07-17T15:38:34.216+0000][1][safepoint    ] Safepoint "Cleanup", Time since last: 1001932292 ns, Reaching safepoint: 2537458 ns, At safepoint: 124542 ns, Total: 2662000 ns
[2023-07-17T15:38:35.221+0000][1][safepoint    ] Safepoint "Cleanup", Time since last: 1001307709 ns, Reaching safepoint: 3646416 ns, At safepoint: 92167 ns, Total: 3738583 ns
[2023-07-17T15:38:36.225+0000][1][safepoint    ] Safepoint "Cleanup", Time since last: 1001801792 ns, Reaching safepoint: 1986708 ns, At safepoint: 45292 ns, Total: 2032000 ns
[2023-07-17T15:38:37.231+0000][1][safepoint    ] Safepoint "Cleanup", Time since last: 1004934292 ns, Reaching safepoint: 1590084 ns, At safepoint: 43125 ns, Total: 1633209 ns
[2023-07-17T15:38:38.239+0000][1][safepoint    ] Safepoint "Cleanup", Time since last: 1003486833 ns, Reaching safepoint: 3617459 ns, At safepoint: 82958 ns, Total: 3700417 ns
[2023-07-17T15:38:39.243+0000][1][safepoint    ] Safepoint "Cleanup", Time since last: 1001965626 ns, Reaching safepoint: 1920625 ns, At safepoint: 44875 ns, Total: 1965500 ns
[2023-07-17T15:38:40.247+0000][1][safepoint    ] Safepoint "Cleanup", Time since last: 1001004417 ns, Reaching safepoint: 3320833 ns, At safepoint: 96750 ns, Total: 3417583 ns
[2023-07-17T15:38:40.731+0000][1][safepoint    ] Safepoint "RevokeBias", Time since last: 481114584 ns, Reaching safepoint: 2046166 ns, At safepoint: 1241625 ns, Total: 3287791 ns
[2023-07-17T15:38:41.736+0000][1][safepoint    ] Safepoint "Cleanup", Time since last: 1000834334 ns, Reaching safepoint: 3566125 ns, At safepoint: 74250 ns, Total: 3640375 ns
[2023-07-17T15:38:42.741+0000][1][safepoint    ] Safepoint "Cleanup", Time since last: 1001266500 ns, Reaching safepoint: 3703084 ns, At safepoint: 85208 ns, Total: 3788292 ns
[2023-07-17T15:38:43.744+0000][1][safepoint    ] Safepoint "Cleanup", Time since last: 1001426834 ns, Reaching safepoint: 1338166 ns, At safepoint: 27459 ns, Total: 1365625 ns
[2023-07-17T15:38:44.745+0000][1][safepoint    ] Safepoint "Cleanup", Time since last: 1000366250 ns, Reaching safepoint: 621084 ns, At safepoint: 25208 ns, Total: 646292 ns
[2023-07-17T15:38:45.747+0000][1][safepoint    ] Safepoint "Cleanup", Time since last: 1000454584 ns, Reaching safepoint: 1718791 ns, At safepoint: 42792 ns, Total: 1761583 ns
[2023-07-17T15:38:46.751+0000][1][safepoint    ] Safepoint "Cleanup", Time since last: 1000922167 ns, Reaching safepoint: 2647125 ns, At safepoint: 59375 ns, Total: 2706500 ns
[2023-07-17T15:38:47.754+0000][1][safepoint    ] Safepoint "Cleanup", Time since last: 1001255459 ns, Reaching safepoint: 2131917 ns, At safepoint: 43708 ns, Total: 2175625 ns
[2023-07-17T15:38:48.757+0000][1][safepoint    ] Safepoint "Cleanup", Time since last: 1000928417 ns, Reaching safepoint: 2469667 ns, At safepoint: 72000 ns, Total: 2541667 ns
[2023-07-17T15:38:49.759+0000][1][safepoint    ] Safepoint "Cleanup", Time since last: 1001010750 ns, Reaching safepoint: 863292 ns, At safepoint: 22708 ns, Total: 886000 ns
[2023-07-17T15:38:50.761+0000][1][safepoint    ] Safepoint "Cleanup", Time since last: 1000556709 ns, Reaching safepoint: 1336625 ns, At safepoint: 18375 ns, Total: 1355000 ns
[2023-07-17T15:38:51.767+0000][1][safepoint    ] Safepoint "Cleanup", Time since last: 1002101042 ns, Reaching safepoint: 3321042 ns, At safepoint: 101667 ns, Total: 3422709 ns
[2023-07-17T15:38:52.771+0000][1][safepoint    ] Safepoint "Cleanup", Time since last: 1001812375 ns, Reaching safepoint: 2810500 ns, At safepoint: 72417 ns, Total: 2882917 ns
[2023-07-17T15:38:53.775+0000][1][safepoint    ] Safepoint "Cleanup", Time since last: 1001305917 ns, Reaching safepoint: 2527167 ns, At safepoint: 71458 ns, Total: 2598625 ns
[2023-07-17T15:38:54.777+0000][1][safepoint    ] Safepoint "Cleanup", Time since last: 1001011917 ns, Reaching safepoint: 776333 ns, At safepoint: 18875 ns, Total: 795208 ns
[2023-07-17T15:38:55.780+0000][1][safepoint    ] Safepoint "Cleanup", Time since last: 1000606709 ns, Reaching safepoint: 1866625 ns, At safepoint: 70667 ns, Total: 1937292 ns
[2023-07-17T15:38:56.782+0000][1][safepoint    ] Safepoint "Cleanup", Time since last: 1001247875 ns, Reaching safepoint: 1330750 ns, At safepoint: 31667 ns, Total: 1362417 ns
[2023-07-17T15:38:57.787+0000][1][safepoint    ] Safepoint "Cleanup", Time since last: 1001606000 ns, Reaching safepoint: 3464584 ns, At safepoint: 94625 ns, Total: 3559209 ns
[2023-07-17T15:38:58.793+0000][1][safepoint    ] Safepoint "Cleanup", Time since last: 1002139709 ns, Reaching safepoint: 3540458 ns, At safepoint: 109292 ns, Total: 3649750 ns
[2023-07-17T15:38:59.797+0000][1][safepoint    ] Safepoint "Cleanup", Time since last: 1001336083 ns, Reaching safepoint: 2367042 ns, At safepoint: 80500 ns, Total: 2447542 ns
[2023-07-17T15:39:00.693+0000][1][safepoint    ] Safepoint "RevokeBias", Time since last: 894032751 ns, Reaching safepoint: 1298541 ns, At safepoint: 237292 ns, Total: 1535833 ns
[2023-07-17T15:39:01.695+0000][1][safepoint    ] Safepoint "Cleanup", Time since last: 1000613334 ns, Reaching safepoint: 1564666 ns, At safepoint: 44709 ns, Total: 1609375 ns
[2023-07-17T15:39:03.644+0000][1][safepoint    ] Safepoint "Cleanup", Time since last: 1947765917 ns, Reaching safepoint: 1486917 ns, At safepoint: 37542 ns, Total: 1524459 ns
[2023-07-17T15:39:04.647+0000][1][safepoint    ] Safepoint "Cleanup", Time since last: 1000928708 ns, Reaching safepoint: 2119625 ns, At safepoint: 65000 ns, Total: 2184625 ns
[2023-07-17T15:39:05.654+0000][1][safepoint    ] Safepoint "Cleanup", Time since last: 1002654209 ns, Reaching safepoint: 4210459 ns, At safepoint: 74541 ns, Total: 4285000 ns
[2023-07-17T15:39:06.659+0000][1][safepoint    ] Safepoint "Cleanup", Time since last: 1002783334 ns, Reaching safepoint: 2275375 ns, At safepoint: 77625 ns, Total: 2353000 ns
[2023-07-17T15:39:07.663+0000][1][safepoint    ] Safepoint "Cleanup", Time since last: 1002190042 ns, Reaching safepoint: 1264292 ns, At safepoint: 29375 ns, Total: 1293667 ns
[2023-07-17T15:39:08.667+0000][1][safepoint    ] Safepoint "Cleanup", Time since last: 1000951917 ns, Reaching safepoint: 3082083 ns, At safepoint: 92625 ns, Total: 3174708 ns
[2023-07-17T15:39:09.671+0000][1][safepoint    ] Safepoint "Cleanup", Time since last: 1001484459 ns, Reaching safepoint: 2129792 ns, At safepoint: 101875 ns, Total: 2231667 ns
[2023-07-17T15:39:10.674+0000][1][safepoint    ] Safepoint "Cleanup", Time since last: 1000820250 ns, Reaching safepoint: 2475542 ns, At safepoint: 42625 ns, Total: 2518167 ns
[2023-07-17T15:39:11.795+0000][1][safepoint    ] Safepoint "Cleanup", Time since last: 1120628542 ns, Reaching safepoint: 1018208 ns, At safepoint: 30917 ns, Total: 1049125 ns
[2023-07-17T15:39:12.093+0000][1][safepoint    ] Safepoint "RevokeBias", Time since last: 296495041 ns, Reaching safepoint: 830500 ns, At safepoint: 130042 ns, Total: 960542 ns
[2023-07-17T15:39:12.094+0000][1][safepoint    ] Safepoint "RevokeBias", Time since last: 609250 ns, Reaching safepoint: 511042 ns, At safepoint: 43375 ns, Total: 554417 ns
[2023-07-17T15:39:12.099+0000][1][safepoint    ] Safepoint "RevokeBias", Time since last: 4107416 ns, Reaching safepoint: 435417 ns, At safepoint: 59542 ns, Total: 494959 ns
[2023-07-17T15:39:12.124+0000][1][safepoint    ] Safepoint "RevokeBias", Time since last: 24501958 ns, Reaching safepoint: 713542 ns, At safepoint: 88375 ns, Total: 801917 ns
[2023-07-17T15:39:12.127+0000][1][safepoint    ] Safepoint "BulkRevokeBias", Time since last: 962208 ns, Reaching safepoint: 387542 ns, At safepoint: 1624000 ns, Total: 2011542 ns
[2023-07-17T15:39:12.131+0000][1][safepoint    ] Safepoint "RevokeBias", Time since last: 2974833 ns, Reaching safepoint: 750125 ns, At safepoint: 58250 ns, Total: 808375 ns
[2023-07-17T15:39:13.132+0000][1][safepoint    ] Safepoint "Cleanup", Time since last: 1000329292 ns, Reaching safepoint: 1413833 ns, At safepoint: 31500 ns, Total: 1445333 ns
[2023-07-17T15:39:14.135+0000][1][safepoint    ] Safepoint "Cleanup", Time since last: 1000781126 ns, Reaching safepoint: 1817167 ns, At safepoint: 39916 ns, Total: 1857083 ns
[2023-07-17T15:39:15.138+0000][1][safepoint    ] Safepoint "Cleanup", Time since last: 1000944917 ns, Reaching safepoint: 1622292 ns, At safepoint: 41833 ns, Total: 1664125 ns
[2023-07-17T15:39:16.143+0000][1][safepoint    ] Safepoint "Cleanup", Time since last: 1001221584 ns, Reaching safepoint: 3698792 ns, At safepoint: 98667 ns, Total: 3797459 ns
[2023-07-17T15:39:17.148+0000][1][safepoint    ] Safepoint "Cleanup", Time since last: 1001433625 ns, Reaching safepoint: 3687000 ns, At safepoint: 96792 ns, Total: 3783792 ns
[2023-07-17T15:39:18.151+0000][1][safepoint    ] Safepoint "Cleanup", Time since last: 1001892959 ns, Reaching safepoint: 1332458 ns, At safepoint: 30125 ns, Total: 1362583 ns
[2023-07-17T15:39:19.157+0000][1][safepoint    ] Safepoint "Cleanup", Time since last: 1001068875 ns, Reaching safepoint: 4107417 ns, At safepoint: 141167 ns, Total: 4248584 ns
[2023-07-17T15:39:20.161+0000][1][safepoint    ] Safepoint "Cleanup", Time since last: 1003700792 ns, Reaching safepoint: 725125 ns, At safepoint: 23333 ns, Total: 748458 ns
[2023-07-17T15:39:21.162+0000][1][safepoint    ] Safepoint "Cleanup", Time since last: 1000403584 ns, Reaching safepoint: 863042 ns, At safepoint: 26041 ns, Total: 889083 ns
[2023-07-17T15:39:22.038+0000][1][safepoint    ] Safepoint "RevokeBias", Time since last: 874909834 ns, Reaching safepoint: 766667 ns, At safepoint: 84916 ns, Total: 851583 ns
[2023-07-17T15:39:23.042+0000][1][safepoint    ] Safepoint "Cleanup", Time since last: 1001458834 ns, Reaching safepoint: 2521417 ns, At safepoint: 56917 ns, Total: 2578334 ns
[2023-07-17T15:39:24.047+0000][1][safepoint    ] Safepoint "Cleanup", Time since last: 1002257167 ns, Reaching safepoint: 2944541 ns, At safepoint: 65750 ns, Total: 3010291 ns
[2023-07-17T15:39:25.053+0000][1][safepoint    ] Safepoint "Cleanup", Time since last: 1001406376 ns, Reaching safepoint: 3591041 ns, At safepoint: 136125 ns, Total: 3727166 ns
[2023-07-17T15:39:26.058+0000][1][safepoint    ] Safepoint "Cleanup", Time since last: 1001412751 ns, Reaching safepoint: 3597042 ns, At safepoint: 86458 ns, Total: 3683500 ns
[2023-07-17T15:39:27.061+0000][1][safepoint    ] Safepoint "Cleanup", Time since last: 1001788417 ns, Reaching safepoint: 1631750 ns, At safepoint: 35917 ns, Total: 1667667 ns
[2023-07-17T15:39:28.065+0000][1][safepoint    ] Safepoint "Cleanup", Time since last: 1001295459 ns, Reaching safepoint: 2948916 ns, At safepoint: 76250 ns, Total: 3025166 ns
[2023-07-17T15:39:29.069+0000][1][safepoint    ] Safepoint "Cleanup", Time since last: 1001161584 ns, Reaching safepoint: 2209417 ns, At safepoint: 47416 ns, Total: 2256833 ns
[2023-07-17T15:39:30.071+0000][1][safepoint    ] Safepoint "Cleanup", Time since last: 1001170584 ns, Reaching safepoint: 1101375 ns, At safepoint: 20042 ns, Total: 1121417 ns
[2023-07-17T15:39:30.692+0000][1][safepoint    ] Safepoint "BulkRevokeBias", Time since last: 617492834 ns, Reaching safepoint: 1579666 ns, At safepoint: 1743542 ns, Total: 3323208 ns
[2023-07-17T15:39:31.697+0000][1][safepoint    ] Safepoint "Cleanup", Time since last: 1002109792 ns, Reaching safepoint: 2872250 ns, At safepoint: 167750 ns, Total: 3040000 ns
[2023-07-17T15:39:32.701+0000][1][safepoint    ] Safepoint "Cleanup", Time since last: 1000854292 ns, Reaching safepoint: 2513958 ns, At safepoint: 117959 ns, Total: 2631917 ns
[2023-07-17T15:39:33.703+0000][1][safepoint    ] Safepoint "Cleanup", Time since last: 1001469792 ns, Reaching safepoint: 1265375 ns, At safepoint: 34958 ns, Total: 1300333 ns
[2023-07-17T15:39:34.707+0000][1][safepoint    ] Safepoint "Cleanup", Time since last: 1001305167 ns, Reaching safepoint: 2578000 ns, At safepoint: 73459 ns, Total: 2651459 ns
[2023-07-17T15:39:35.709+0000][1][safepoint    ] Safepoint "Cleanup", Time since last: 1001011042 ns, Reaching safepoint: 601792 ns, At safepoint: 13583 ns, Total: 615375 ns
[2023-07-17T15:39:36.714+0000][1][safepoint    ] Safepoint "Cleanup", Time since last: 1001153542 ns, Reaching safepoint: 3762583 ns, At safepoint: 131209 ns, Total: 3893792 ns
[2023-07-17T15:39:37.717+0000][1][safepoint    ] Safepoint "Cleanup", Time since last: 1001105209 ns, Reaching safepoint: 1609083 ns, At safepoint: 30333 ns, Total: 1639416 ns
[2023-07-17T15:39:38.722+0000][1][safepoint    ] Safepoint "Cleanup", Time since last: 1002944126 ns, Reaching safepoint: 1964041 ns, At safepoint: 63292 ns, Total: 2027333 ns
[2023-07-17T15:39:39.727+0000][1][safepoint    ] Safepoint "Cleanup", Time since last: 1002275625 ns, Reaching safepoint: 2790334 ns, At safepoint: 77916 ns, Total: 2868250 ns
[2023-07-17T15:39:40.728+0000][1][safepoint    ] Safepoint "Cleanup", Time since last: 1001082876 ns, Reaching safepoint: 611667 ns, At safepoint: 15916 ns, Total: 627583 ns
[2023-07-17T15:39:41.730+0000][1][safepoint    ] Safepoint "Cleanup", Time since last: 1000392959 ns, Reaching safepoint: 1494042 ns, At safepoint: 21166 ns, Total: 1515208 ns
[2023-07-17T15:39:42.731+0000][1][safepoint    ] Safepoint "Cleanup", Time since last: 1000420959 ns, Reaching safepoint: 704916 ns, At safepoint: 16375 ns, Total: 721291 ns
[2023-07-17T15:39:43.733+0000][1][safepoint    ] Safepoint "Cleanup", Time since last: 1000394917 ns, Reaching safepoint: 1331750 ns, At safepoint: 22250 ns, Total: 1354000 ns
[2023-07-17T15:39:44.734+0000][1][safepoint    ] Safepoint "Cleanup", Time since last: 1000362334 ns, Reaching safepoint: 863375 ns, At safepoint: 32042 ns, Total: 895417 ns
[2023-07-17T15:39:45.737+0000][1][safepoint    ] Safepoint "Cleanup", Time since last: 1001126500 ns, Reaching safepoint: 1253875 ns, At safepoint: 50167 ns, Total: 1304042 ns
[2023-07-17T15:39:46.741+0000][1][safepoint    ] Safepoint "Cleanup", Time since last: 1000575834 ns, Reaching safepoint: 3410833 ns, At safepoint: 83667 ns, Total: 3494500 ns
[2023-07-17T15:39:47.744+0000][1][safepoint    ] Safepoint "Cleanup", Time since last: 1001841500 ns, Reaching safepoint: 1548750 ns, At safepoint: 33000 ns, Total: 1581750 ns
[2023-07-17T15:39:48.747+0000][1][safepoint    ] Safepoint "Cleanup", Time since last: 1000827459 ns, Reaching safepoint: 1876625 ns, At safepoint: 44917 ns, Total: 1921542 ns
[2023-07-17T15:39:49.749+0000][1][safepoint    ] Safepoint "Cleanup", Time since last: 1000926875 ns, Reaching safepoint: 708417 ns, At safepoint: 16750 ns, Total: 725167 ns
[2023-07-17T15:39:50.702+0000][1][gc,start     ] GC(37) Pause Young (Allocation Failure)
[2023-07-17T15:39:50.704+0000][1][gc,task      ] GC(37) Using 4 workers of 4 for evacuation
[2023-07-17T15:39:50.730+0000][1][gc,age       ] GC(37) Desired survivor size 8945664 bytes, new threshold 6 (max threshold 6)
[2023-07-17T15:39:50.730+0000][1][gc,age       ] GC(37) Age table with threshold 6 (max threshold 6)
[2023-07-17T15:39:50.730+0000][1][gc,age       ] GC(37) - age   1:     114416 bytes,     114416 total
[2023-07-17T15:39:50.730+0000][1][gc,age       ] GC(37) - age   2:       4864 bytes,     119280 total
[2023-07-17T15:39:50.730+0000][1][gc,age       ] GC(37) - age   3:       2864 bytes,     122144 total
[2023-07-17T15:39:50.731+0000][1][gc,age       ] GC(37) - age   4:      15240 bytes,     137384 total
[2023-07-17T15:39:50.731+0000][1][gc,age       ] GC(37) - age   5:       3808 bytes,     141192 total
[2023-07-17T15:39:50.731+0000][1][gc,age       ] GC(37) - age   6:       2376 bytes,     143568 total
[2023-07-17T15:39:50.732+0000][1][gc,heap      ] GC(37) ParNew: 139977K->195K(157248K)
[2023-07-17T15:39:50.732+0000][1][gc,heap      ] GC(37) CMS: 69132K->69137K(349568K)
[2023-07-17T15:39:50.732+0000][1][gc,metaspace ] GC(37) Metaspace: 89634K->89634K(1132544K)
[2023-07-17T15:39:50.733+0000][1][gc           ] GC(37) Pause Young (Allocation Failure) 204M->67M(494M) 31.174ms
[2023-07-17T15:39:50.734+0000][1][gc,cpu       ] GC(37) User=0.05s Sys=0.01s Real=0.03s
[2023-07-17T15:39:50.734+0000][1][safepoint    ] Safepoint "GenCollectForAllocation", Time since last: 951995459 ns, Reaching safepoint: 848541 ns, At safepoint: 32382417 ns, Total: 33230958 ns
[2023-07-17T15:39:50.743+0000][1][safepoint    ] Safepoint "RevokeBias", Time since last: 7465583 ns, Reaching safepoint: 1561834 ns, At safepoint: 450750 ns, Total: 2012584 ns
[2023-07-17T15:39:51.746+0000][1][safepoint    ] Safepoint "Cleanup", Time since last: 1000529209 ns, Reaching safepoint: 1689583 ns, At safepoint: 35208 ns, Total: 1724791 ns
[2023-07-17T15:39:52.748+0000][1][safepoint    ] Safepoint "Cleanup", Time since last: 1000831251 ns, Reaching safepoint: 1525500 ns, At safepoint: 39666 ns, Total: 1565166 ns
[2023-07-17T15:39:53.750+0000][1][safepoint    ] Safepoint "Cleanup", Time since last: 1000795543 ns, Reaching safepoint: 1544083 ns, At safepoint: 33667 ns, Total: 1577750 ns
[2023-07-17T15:39:54.755+0000][1][safepoint    ] Safepoint "Cleanup", Time since last: 1002151958 ns, Reaching safepoint: 1927459 ns, At safepoint: 45833 ns, Total: 1973292 ns
[2023-07-17T15:39:55.761+0000][1][safepoint    ] Safepoint "Cleanup", Time since last: 1004874917 ns, Reaching safepoint: 1176417 ns, At safepoint: 26750 ns, Total: 1203167 ns
[2023-07-17T15:39:56.764+0000][1][safepoint    ] Safepoint "Cleanup", Time since last: 1000744875 ns, Reaching safepoint: 2281709 ns, At safepoint: 69625 ns, Total: 2351334 ns
[2023-07-17T15:39:57.769+0000][1][safepoint    ] Safepoint "Cleanup", Time since last: 1002849375 ns, Reaching safepoint: 2712250 ns, At safepoint: 64833 ns, Total: 2777083 ns
[2023-07-17T15:39:58.773+0000][1][safepoint    ] Safepoint "Cleanup", Time since last: 1000984834 ns, Reaching safepoint: 2561125 ns, At safepoint: 66875 ns, Total: 2628000 ns
[2023-07-17T15:39:59.777+0000][1][safepoint    ] Safepoint "Cleanup", Time since last: 1001225959 ns, Reaching safepoint: 2502292 ns, At safepoint: 64166 ns, Total: 2566458 ns
[2023-07-17T15:40:00.779+0000][1][safepoint    ] Safepoint "Cleanup", Time since last: 1000945168 ns, Reaching safepoint: 1086833 ns, At safepoint: 18917 ns, Total: 1105750 ns
[2023-07-17T15:40:01.781+0000][1][safepoint    ] Safepoint "Cleanup", Time since last: 1000570500 ns, Reaching safepoint: 1571417 ns, At safepoint: 46000 ns, Total: 1617417 ns
[2023-07-17T15:40:02.783+0000][1][safepoint    ] Safepoint "Cleanup", Time since last: 1000701834 ns, Reaching safepoint: 1463625 ns, At safepoint: 43791 ns, Total: 1507416 ns
[2023-07-17T15:40:03.785+0000][1][safepoint    ] Safepoint "Cleanup", Time since last: 1000746959 ns, Reaching safepoint: 1091792 ns, At safepoint: 30125 ns, Total: 1121917 ns
[2023-07-17T15:40:04.788+0000][1][safepoint    ] Safepoint "Cleanup", Time since last: 1001152625 ns, Reaching safepoint: 1531542 ns, At safepoint: 45250 ns, Total: 1576792 ns
[2023-07-17T15:40:05.791+0000][1][safepoint    ] Safepoint "Cleanup", Time since last: 1001099417 ns, Reaching safepoint: 1863042 ns, At safepoint: 56333 ns, Total: 1919375 ns
[2023-07-17T15:40:06.795+0000][1][safepoint    ] Safepoint "Cleanup", Time since last: 1001114792 ns, Reaching safepoint: 2860458 ns, At safepoint: 100792 ns, Total: 2961250 ns
[2023-07-17T15:40:07.800+0000][1][safepoint    ] Safepoint "Cleanup", Time since last: 1001901751 ns, Reaching safepoint: 2577708 ns, At safepoint: 83917 ns, Total: 2661625 ns
[2023-07-17T15:40:08.804+0000][1][safepoint    ] Safepoint "Cleanup", Time since last: 1001698042 ns, Reaching safepoint: 2657708 ns, At safepoint: 62958 ns, Total: 2720666 ns
[2023-07-17T15:40:09.807+0000][1][safepoint    ] Safepoint "Cleanup", Time since last: 1001289584 ns, Reaching safepoint: 1591417 ns, At safepoint: 34417 ns, Total: 1625834 ns
[2023-07-17T15:40:10.693+0000][1][safepoint    ] Safepoint "RevokeBias", Time since last: 884746958 ns, Reaching safepoint: 1268209 ns, At safepoint: 180750 ns, Total: 1448959 ns
[2023-07-17T15:40:11.697+0000][1][safepoint    ] Safepoint "Cleanup", Time since last: 1000814708 ns, Reaching safepoint: 3288250 ns, At safepoint: 88125 ns, Total: 3376375 ns
[2023-07-17T15:40:12.702+0000][1][safepoint    ] Safepoint "Cleanup", Time since last: 1001370917 ns, Reaching safepoint: 2777500 ns, At safepoint: 73208 ns, Total: 2850708 ns
[2023-07-17T15:40:13.116+0000][1][safepoint    ] Safepoint "RevokeBias", Time since last: 412801459 ns, Reaching safepoint: 1248666 ns, At safepoint: 166792 ns, Total: 1415458 ns
[2023-07-17T15:40:13.121+0000][1][safepoint    ] Safepoint "RevokeBias", Time since last: 3354833 ns, Reaching safepoint: 1381209 ns, At safepoint: 311333 ns, Total: 1692542 ns
[2023-07-17T15:40:13.153+0000][1][safepoint    ] Safepoint "RevokeBias", Time since last: 30878958 ns, Reaching safepoint: 806250 ns, At safepoint: 94542 ns, Total: 900792 ns
[2023-07-17T15:40:13.154+0000][1][safepoint    ] Safepoint "RevokeBias", Time since last: 1307667 ns, Reaching safepoint: 552375 ns, At safepoint: 72500 ns, Total: 624875 ns
[2023-07-17T15:40:13.157+0000][1][safepoint    ] Safepoint "RevokeBias", Time since last: 1842916 ns, Reaching safepoint: 969042 ns, At safepoint: 112583 ns, Total: 1081625 ns
[2023-07-17T15:40:14.163+0000][1][safepoint    ] Safepoint "Cleanup", Time since last: 1001305418 ns, Reaching safepoint: 3863583 ns, At safepoint: 150625 ns, Total: 4014208 ns
[2023-07-17T15:40:15.167+0000][1][safepoint    ] Safepoint "Cleanup", Time since last: 1001169375 ns, Reaching safepoint: 2678584 ns, At safepoint: 81458 ns, Total: 2760042 ns
[2023-07-17T15:40:16.173+0000][1][safepoint    ] Safepoint "Cleanup", Time since last: 1002214001 ns, Reaching safepoint: 4019458 ns, At safepoint: 120167 ns, Total: 4139625 ns
[2023-07-17T15:40:17.180+0000][1][safepoint    ] Safepoint "Cleanup", Time since last: 1002896167 ns, Reaching safepoint: 4007708 ns, At safepoint: 367583 ns, Total: 4375291 ns
[2023-07-17T15:40:18.183+0000][1][safepoint    ] Safepoint "Cleanup", Time since last: 1001783376 ns, Reaching safepoint: 908000 ns, At safepoint: 19375 ns, Total: 927375 ns
[2023-07-17T15:40:19.191+0000][1][safepoint    ] Safepoint "Cleanup", Time since last: 1002713084 ns, Reaching safepoint: 4552083 ns, At safepoint: 192792 ns, Total: 4744875 ns
[2023-07-17T15:40:20.195+0000][1][safepoint    ] Safepoint "Cleanup", Time since last: 1002473834 ns, Reaching safepoint: 2323458 ns, At safepoint: 125750 ns, Total: 2449208 ns
[2023-07-17T15:40:21.199+0000][1][safepoint    ] Safepoint "Cleanup", Time since last: 1001928417 ns, Reaching safepoint: 2072292 ns, At safepoint: 45291 ns, Total: 2117583 ns
[2023-07-17T15:40:22.205+0000][1][safepoint    ] Safepoint "Cleanup", Time since last: 1001105792 ns, Reaching safepoint: 2883000 ns, At safepoint: 217875 ns, Total: 3100875 ns
[2023-07-17T15:40:23.214+0000][1][safepoint    ] Safepoint "Cleanup", Time since last: 1004818793 ns, Reaching safepoint: 5176458 ns, At safepoint: 44833 ns, Total: 5221291 ns
[2023-07-17T15:40:24.218+0000][1][safepoint    ] Safepoint "Cleanup", Time since last: 1001583876 ns, Reaching safepoint: 2574541 ns, At safepoint: 78792 ns, Total: 2653333 ns
[2023-07-17T15:40:25.224+0000][1][safepoint    ] Safepoint "Cleanup", Time since last: 1001935126 ns, Reaching safepoint: 3187166 ns, At safepoint: 144209 ns, Total: 3331375 ns
[2023-07-17T15:40:26.230+0000][1][safepoint    ] Safepoint "Cleanup", Time since last: 1002564208 ns, Reaching safepoint: 4149834 ns, At safepoint: 165958 ns, Total: 4315792 ns
[2023-07-17T15:40:27.238+0000][1][safepoint    ] Safepoint "Cleanup", Time since last: 1004473834 ns, Reaching safepoint: 3633875 ns, At safepoint: 93917 ns, Total: 3727792 ns
[2023-07-17T15:40:28.243+0000][1][safepoint    ] Safepoint "Cleanup", Time since last: 1001626792 ns, Reaching safepoint: 3204375 ns, At safepoint: 69541 ns, Total: 3273916 ns
[2023-07-17T15:40:29.248+0000][1][safepoint    ] Safepoint "Cleanup", Time since last: 1001596792 ns, Reaching safepoint: 3421750 ns, At safepoint: 99584 ns, Total: 3521334 ns
[2023-07-17T15:40:30.254+0000][1][safepoint    ] Safepoint "Cleanup", Time since last: 1002189042 ns, Reaching safepoint: 3657250 ns, At safepoint: 106917 ns, Total: 3764167 ns
[2023-07-17T15:40:31.260+0000][1][safepoint    ] Safepoint "Cleanup", Time since last: 1003452500 ns, Reaching safepoint: 2040167 ns, At safepoint: 49291 ns, Total: 2089458 ns
[2023-07-17T15:40:32.265+0000][1][safepoint    ] Safepoint "Cleanup", Time since last: 1002320751 ns, Reaching safepoint: 2895667 ns, At safepoint: 96208 ns, Total: 2991875 ns
[2023-07-17T15:40:33.272+0000][1][safepoint    ] Safepoint "Cleanup", Time since last: 1002604792 ns, Reaching safepoint: 3640875 ns, At safepoint: 139500 ns, Total: 3780375 ns
[2023-07-17T15:40:34.277+0000][1][safepoint    ] Safepoint "Cleanup", Time since last: 1002153876 ns, Reaching safepoint: 2974208 ns, At safepoint: 104500 ns, Total: 3078708 ns
[2023-07-17T15:40:35.280+0000][1][safepoint    ] Safepoint "Cleanup", Time since last: 1001039834 ns, Reaching safepoint: 2072041 ns, At safepoint: 56584 ns, Total: 2128625 ns
[2023-07-17T15:40:36.282+0000][1][safepoint    ] Safepoint "Cleanup", Time since last: 1001440542 ns, Reaching safepoint: 1003625 ns, At safepoint: 25875 ns, Total: 1029500 ns
[2023-07-17T15:40:37.287+0000][1][safepoint    ] Safepoint "Cleanup", Time since last: 1000661500 ns, Reaching safepoint: 4023500 ns, At safepoint: 111417 ns, Total: 4134917 ns
[2023-07-17T15:40:38.292+0000][1][safepoint    ] Safepoint "Cleanup", Time since last: 1001521750 ns, Reaching safepoint: 3595417 ns, At safepoint: 128750 ns, Total: 3724167 ns
[2023-07-17T15:40:39.294+0000][1][safepoint    ] Safepoint "Cleanup", Time since last: 1001134542 ns, Reaching safepoint: 737875 ns, At safepoint: 16417 ns, Total: 754292 ns
[2023-07-17T15:40:40.299+0000][1][safepoint    ] Safepoint "Cleanup", Time since last: 1001261709 ns, Reaching safepoint: 3526250 ns, At safepoint: 96708 ns, Total: 3622958 ns
[2023-07-17T15:40:40.700+0000][1][safepoint    ] Safepoint "RevokeBias", Time since last: 398317750 ns, Reaching safepoint: 1437375 ns, At safepoint: 1074209 ns, Total: 2511584 ns
[2023-07-17T15:40:41.703+0000][1][safepoint    ] Safepoint "Cleanup", Time since last: 1001580667 ns, Reaching safepoint: 1401083 ns, At safepoint: 34292 ns, Total: 1435375 ns
[2023-07-17T15:40:42.707+0000][1][safepoint    ] Safepoint "Cleanup", Time since last: 1001300916 ns, Reaching safepoint: 3279584 ns, At safepoint: 81541 ns, Total: 3361125 ns
[2023-07-17T15:40:43.710+0000][1][safepoint    ] Safepoint "Cleanup", Time since last: 1001063501 ns, Reaching safepoint: 1206625 ns, At safepoint: 21583 ns, Total: 1228208 ns
[2023-07-17T15:40:44.715+0000][1][safepoint    ] Safepoint "Cleanup", Time since last: 1002920167 ns, Reaching safepoint: 1980667 ns, At safepoint: 53833 ns, Total: 2034500 ns
[2023-07-17T15:40:45.719+0000][1][safepoint    ] Safepoint "Cleanup", Time since last: 1000946917 ns, Reaching safepoint: 3350500 ns, At safepoint: 99875 ns, Total: 3450375 ns
[2023-07-17T15:40:46.726+0000][1][safepoint    ] Safepoint "Cleanup", Time since last: 1006378959 ns, Reaching safepoint: 1007292 ns, At safepoint: 22875 ns, Total: 1030167 ns
[2023-07-17T15:40:47.730+0000][1][safepoint    ] Safepoint "Cleanup", Time since last: 1000718292 ns, Reaching safepoint: 3101542 ns, At safepoint: 74958 ns, Total: 3176500 ns
[2023-07-17T15:40:48.735+0000][1][safepoint    ] Safepoint "Cleanup", Time since last: 1001294625 ns, Reaching safepoint: 3563500 ns, At safepoint: 86584 ns, Total: 3650084 ns
[2023-07-17T15:40:49.740+0000][1][safepoint    ] Safepoint "Cleanup", Time since last: 1001515500 ns, Reaching safepoint: 2259667 ns, At safepoint: 1131208 ns, Total: 3390875 ns
[2023-07-17T15:40:50.742+0000][1][safepoint    ] Safepoint "Cleanup", Time since last: 1000750334 ns, Reaching safepoint: 1332083 ns, At safepoint: 22375 ns, Total: 1354458 ns
[2023-07-17T15:40:51.743+0000][1][safepoint    ] Safepoint "Cleanup", Time since last: 1000415543 ns, Reaching safepoint: 676291 ns, At safepoint: 19667 ns, Total: 695958 ns
[2023-07-17T15:40:52.744+0000][1][safepoint    ] Safepoint "Cleanup", Time since last: 1000533000 ns, Reaching safepoint: 644167 ns, At safepoint: 15042 ns, Total: 659209 ns
[2023-07-17T15:40:53.746+0000][1][safepoint    ] Safepoint "Cleanup", Time since last: 1000566209 ns, Reaching safepoint: 613125 ns, At safepoint: 13791 ns, Total: 626916 ns
[2023-07-17T15:40:54.748+0000][1][safepoint    ] Safepoint "Cleanup", Time since last: 1000379751 ns, Reaching safepoint: 1773541 ns, At safepoint: 47709 ns, Total: 1821250 ns
[2023-07-17T15:40:55.752+0000][1][safepoint    ] Safepoint "Cleanup", Time since last: 1000731583 ns, Reaching safepoint: 3001125 ns, At safepoint: 71334 ns, Total: 3072459 ns
[2023-07-17T15:40:56.754+0000][1][safepoint    ] Safepoint "Cleanup", Time since last: 1001184917 ns, Reaching safepoint: 1266417 ns, At safepoint: 29791 ns, Total: 1296208 ns
[2023-07-17T15:40:57.757+0000][1][safepoint    ] Safepoint "Cleanup", Time since last: 1000639209 ns, Reaching safepoint: 1780000 ns, At safepoint: 45042 ns, Total: 1825042 ns
[2023-07-17T15:40:58.760+0000][1][safepoint    ] Safepoint "Cleanup", Time since last: 1001088500 ns, Reaching safepoint: 2009500 ns, At safepoint: 43334 ns, Total: 2052834 ns
[2023-07-17T15:40:59.763+0000][1][safepoint    ] Safepoint "Cleanup", Time since last: 1000901125 ns, Reaching safepoint: 2271625 ns, At safepoint: 108542 ns, Total: 2380167 ns
[2023-07-17T15:41:01.739+0000][1][safepoint    ] Safepoint "Cleanup", Time since last: 1974608251 ns, Reaching safepoint: 1036791 ns, At safepoint: 22417 ns, Total: 1059208 ns
[2023-07-17T15:41:02.743+0000][1][safepoint    ] Safepoint "Cleanup", Time since last: 1000614584 ns, Reaching safepoint: 3437458 ns, At safepoint: 88833 ns, Total: 3526291 ns
[2023-07-17T15:41:03.748+0000][1][safepoint    ] Safepoint "Cleanup", Time since last: 1001401001 ns, Reaching safepoint: 3168625 ns, At safepoint: 77167 ns, Total: 3245792 ns
[2023-07-17T15:41:04.753+0000][1][safepoint    ] Safepoint "Cleanup", Time since last: 1001774792 ns, Reaching safepoint: 3426500 ns, At safepoint: 72916 ns, Total: 3499416 ns
[2023-07-17T15:41:05.758+0000][1][safepoint    ] Safepoint "Cleanup", Time since last: 1002127084 ns, Reaching safepoint: 2866334 ns, At safepoint: 107125 ns, Total: 2973459 ns
[2023-07-17T15:41:06.763+0000][1][safepoint    ] Safepoint "Cleanup", Time since last: 1001441125 ns, Reaching safepoint: 3073542 ns, At safepoint: 73416 ns, Total: 3146958 ns
[2023-07-17T15:41:07.767+0000][1][safepoint    ] Safepoint "Cleanup", Time since last: 1001377001 ns, Reaching safepoint: 3306917 ns, At safepoint: 78541 ns, Total: 3385458 ns
[2023-07-17T15:41:08.770+0000][1][safepoint    ] Safepoint "Cleanup", Time since last: 1001213167 ns, Reaching safepoint: 1857084 ns, At safepoint: 23416 ns, Total: 1880500 ns
[2023-07-17T15:41:09.774+0000][1][safepoint    ] Safepoint "Cleanup", Time since last: 1000856293 ns, Reaching safepoint: 2666416 ns, At safepoint: 76834 ns, Total: 2743250 ns
[2023-07-17T15:41:10.777+0000][1][safepoint    ] Safepoint "Cleanup", Time since last: 1001853333 ns, Reaching safepoint: 873750 ns, At safepoint: 20250 ns, Total: 894000 ns
[2023-07-17T15:41:11.781+0000][1][safepoint    ] Safepoint "Cleanup", Time since last: 1000846001 ns, Reaching safepoint: 3321750 ns, At safepoint: 72583 ns, Total: 3394333 ns
[2023-07-17T15:41:12.786+0000][1][safepoint    ] Safepoint "Cleanup", Time since last: 1001296083 ns, Reaching safepoint: 3311042 ns, At safepoint: 91375 ns, Total: 3402417 ns
[2023-07-17T15:41:13.788+0000][1][safepoint    ] Safepoint "Cleanup", Time since last: 1001430500 ns, Reaching safepoint: 1173250 ns, At safepoint: 17750 ns, Total: 1191000 ns
[2023-07-17T15:41:14.089+0000][1][safepoint    ] Safepoint "RevokeBias", Time since last: 299814584 ns, Reaching safepoint: 965417 ns, At safepoint: 175125 ns, Total: 1140542 ns
[2023-07-17T15:41:14.094+0000][1][safepoint    ] Safepoint "RevokeBias", Time since last: 3116666 ns, Reaching safepoint: 1375875 ns, At safepoint: 78250 ns, Total: 1454125 ns
[2023-07-17T15:41:14.133+0000][1][safepoint    ] Safepoint "RevokeBias", Time since last: 38297667 ns, Reaching safepoint: 1253333 ns, At safepoint: 207667 ns, Total: 1461000 ns
[2023-07-17T15:41:14.169+0000][1][safepoint    ] Safepoint "RevokeBias", Time since last: 34603417 ns, Reaching safepoint: 811791 ns, At safepoint: 153209 ns, Total: 965000 ns
[2023-07-17T15:41:15.175+0000][1][safepoint    ] Safepoint "Cleanup", Time since last: 1002227083 ns, Reaching safepoint: 3268334 ns, At safepoint: 105541 ns, Total: 3373875 ns
[2023-07-17T15:41:16.182+0000][1][safepoint    ] Safepoint "Cleanup", Time since last: 1001334043 ns, Reaching safepoint: 5432958 ns, At safepoint: 92875 ns, Total: 5525833 ns
[2023-07-17T15:41:17.187+0000][1][safepoint    ] Safepoint "Cleanup", Time since last: 1001884375 ns, Reaching safepoint: 3876750 ns, At safepoint: 108417 ns, Total: 3985167 ns
[2023-07-17T15:41:18.193+0000][1][safepoint    ] Safepoint "Cleanup", Time since last: 1001535792 ns, Reaching safepoint: 3540667 ns, At safepoint: 108000 ns, Total: 3648667 ns
[2023-07-17T15:41:19.198+0000][1][safepoint    ] Safepoint "Cleanup", Time since last: 1002263875 ns, Reaching safepoint: 3061834 ns, At safepoint: 83000 ns, Total: 3144834 ns
[2023-07-17T15:41:20.204+0000][1][safepoint    ] Safepoint "Cleanup", Time since last: 1003682417 ns, Reaching safepoint: 2143458 ns, At safepoint: 60667 ns, Total: 2204125 ns
[2023-07-17T15:41:20.757+0000][1][safepoint    ] Safepoint "RevokeBias", Time since last: 550646333 ns, Reaching safepoint: 1701334 ns, At safepoint: 348666 ns, Total: 2050000 ns
[2023-07-17T15:41:21.760+0000][1][safepoint    ] Safepoint "Cleanup", Time since last: 1000580084 ns, Reaching safepoint: 2469250 ns, At safepoint: 169500 ns, Total: 2638750 ns
[2023-07-17T15:41:22.764+0000][1][safepoint    ] Safepoint "Cleanup", Time since last: 1003121501 ns, Reaching safepoint: 688083 ns, At safepoint: 15583 ns, Total: 703666 ns
[2023-07-17T15:41:23.766+0000][1][safepoint    ] Safepoint "Cleanup", Time since last: 1000631876 ns, Reaching safepoint: 1472250 ns, At safepoint: 36500 ns, Total: 1508750 ns
[2023-07-17T15:41:24.768+0000][1][safepoint    ] Safepoint "Cleanup", Time since last: 1000815625 ns, Reaching safepoint: 1542542 ns, At safepoint: 41500 ns, Total: 1584042 ns
[2023-07-17T15:41:25.771+0000][1][safepoint    ] Safepoint "Cleanup", Time since last: 1001049834 ns, Reaching safepoint: 1728792 ns, At safepoint: 69833 ns, Total: 1798625 ns
[2023-07-17T15:41:26.774+0000][1][safepoint    ] Safepoint "Cleanup", Time since last: 1001449500 ns, Reaching safepoint: 1920250 ns, At safepoint: 45167 ns, Total: 1965417 ns
[2023-07-17T15:41:27.780+0000][1][safepoint    ] Safepoint "Cleanup", Time since last: 1001496792 ns, Reaching safepoint: 3713917 ns, At safepoint: 97625 ns, Total: 3811542 ns
[2023-07-17T15:41:28.787+0000][1][safepoint    ] Safepoint "Cleanup", Time since last: 1003378834 ns, Reaching safepoint: 4005250 ns, At safepoint: 112875 ns, Total: 4118125 ns
[2023-07-17T15:41:29.793+0000][1][safepoint    ] Safepoint "Cleanup", Time since last: 1003018000 ns, Reaching safepoint: 2757500 ns, At safepoint: 66958 ns, Total: 2824458 ns
[2023-07-17T15:41:30.758+0000][1][safepoint    ] Safepoint "RevokeBias", Time since last: 963036501 ns, Reaching safepoint: 1359000 ns, At safepoint: 226625 ns, Total: 1585625 ns
[2023-07-17T15:41:31.759+0000][1][safepoint    ] Safepoint "Cleanup", Time since last: 1000653500 ns, Reaching safepoint: 1093250 ns, At safepoint: 28709 ns, Total: 1121959 ns
[2023-07-17T15:41:32.764+0000][1][safepoint    ] Safepoint "Cleanup", Time since last: 1001598750 ns, Reaching safepoint: 2538584 ns, At safepoint: 62375 ns, Total: 2600959 ns
[2023-07-17T15:41:33.769+0000][1][safepoint    ] Safepoint "Cleanup", Time since last: 1001131875 ns, Reaching safepoint: 3759125 ns, At safepoint: 86667 ns, Total: 3845792 ns
[2023-07-17T15:41:34.773+0000][1][safepoint    ] Safepoint "Cleanup", Time since last: 1001654000 ns, Reaching safepoint: 2827542 ns, At safepoint: 63166 ns, Total: 2890708 ns
[2023-07-17T15:41:35.779+0000][1][safepoint    ] Safepoint "Cleanup", Time since last: 1002950543 ns, Reaching safepoint: 2734000 ns, At safepoint: 139125 ns, Total: 2873125 ns
[2023-07-17T15:41:36.782+0000][1][safepoint    ] Safepoint "Cleanup", Time since last: 1002100125 ns, Reaching safepoint: 756833 ns, At safepoint: 18084 ns, Total: 774917 ns
[2023-07-17T15:41:37.784+0000][1][safepoint    ] Safepoint "Cleanup", Time since last: 1000367750 ns, Reaching safepoint: 1609417 ns, At safepoint: 31458 ns, Total: 1640875 ns
[2023-07-17T15:41:38.789+0000][1][safepoint    ] Safepoint "Cleanup", Time since last: 1001442001 ns, Reaching safepoint: 3661291 ns, At safepoint: 89584 ns, Total: 3750875 ns
[2023-07-17T15:41:39.792+0000][1][safepoint    ] Safepoint "Cleanup", Time since last: 1001419292 ns, Reaching safepoint: 1584750 ns, At safepoint: 35042 ns, Total: 1619792 ns
[2023-07-17T15:41:40.794+0000][1][safepoint    ] Safepoint "Cleanup", Time since last: 1000803042 ns, Reaching safepoint: 1125916 ns, At safepoint: 21500 ns, Total: 1147416 ns
[2023-07-17T15:41:40.892+0000][1][gc,start     ] GC(38) Pause Young (Allocation Failure)
[2023-07-17T15:41:40.894+0000][1][gc,task      ] GC(38) Using 4 workers of 4 for evacuation
[2023-07-17T15:41:40.918+0000][1][gc,age       ] GC(38) Desired survivor size 8945664 bytes, new threshold 6 (max threshold 6)
[2023-07-17T15:41:40.918+0000][1][gc,age       ] GC(38) Age table with threshold 6 (max threshold 6)
[2023-07-17T15:41:40.918+0000][1][gc,age       ] GC(38) - age   1:      86848 bytes,      86848 total
[2023-07-17T15:41:40.918+0000][1][gc,age       ] GC(38) - age   2:      18904 bytes,     105752 total
[2023-07-17T15:41:40.918+0000][1][gc,age       ] GC(38) - age   3:       4680 bytes,     110432 total
[2023-07-17T15:41:40.919+0000][1][gc,age       ] GC(38) - age   4:       2864 bytes,     113296 total
[2023-07-17T15:41:40.919+0000][1][gc,age       ] GC(38) - age   5:      15240 bytes,     128536 total
[2023-07-17T15:41:40.919+0000][1][gc,age       ] GC(38) - age   6:       3136 bytes,     131672 total
[2023-07-17T15:41:40.920+0000][1][gc,heap      ] GC(38) ParNew: 139971K->176K(157248K)
[2023-07-17T15:41:40.920+0000][1][gc,heap      ] GC(38) CMS: 69137K->69139K(349568K)
[2023-07-17T15:41:40.920+0000][1][gc,metaspace ] GC(38) Metaspace: 89661K->89661K(1132544K)
[2023-07-17T15:41:40.921+0000][1][gc           ] GC(38) Pause Young (Allocation Failure) 204M->67M(494M) 29.080ms
[2023-07-17T15:41:40.921+0000][1][gc,cpu       ] GC(38) User=0.05s Sys=0.01s Real=0.03s
[2023-07-17T15:41:40.922+0000][1][safepoint    ] Safepoint "GenCollectForAllocation", Time since last: 97030084 ns, Reaching safepoint: 590583 ns, At safepoint: 30033875 ns, Total: 30624458 ns
[2023-07-17T15:41:41.923+0000][1][safepoint    ] Safepoint "Cleanup", Time since last: 1000438792 ns, Reaching safepoint: 1084000 ns, At safepoint: 25125 ns, Total: 1109125 ns
[2023-07-17T15:41:42.927+0000][1][safepoint    ] Safepoint "Cleanup", Time since last: 1002543583 ns, Reaching safepoint: 1548042 ns, At safepoint: 34958 ns, Total: 1583000 ns
[2023-07-17T15:41:43.929+0000][1][safepoint    ] Safepoint "Cleanup", Time since last: 1000816084 ns, Reaching safepoint: 787375 ns, At safepoint: 15084 ns, Total: 802459 ns
[2023-07-17T15:41:44.934+0000][1][safepoint    ] Safepoint "Cleanup", Time since last: 1000595833 ns, Reaching safepoint: 4364625 ns, At safepoint: 104834 ns, Total: 4469459 ns
[2023-07-17T15:41:45.942+0000][1][safepoint    ] Safepoint "Cleanup", Time since last: 1004158542 ns, Reaching safepoint: 3780416 ns, At safepoint: 117417 ns, Total: 3897833 ns
[2023-07-17T15:41:46.944+0000][1][safepoint    ] Safepoint "Cleanup", Time since last: 1001376542 ns, Reaching safepoint: 672792 ns, At safepoint: 12917 ns, Total: 685709 ns
[2023-07-17T15:41:47.948+0000][1][safepoint    ] Safepoint "Cleanup", Time since last: 1000684167 ns, Reaching safepoint: 3654750 ns, At safepoint: 97000 ns, Total: 3751750 ns
[2023-07-17T15:41:48.954+0000][1][safepoint    ] Safepoint "Cleanup", Time since last: 1002802125 ns, Reaching safepoint: 2687667 ns, At safepoint: 67292 ns, Total: 2754959 ns
[2023-07-17T15:41:49.959+0000][1][safepoint    ] Safepoint "Cleanup", Time since last: 1001821958 ns, Reaching safepoint: 3411042 ns, At safepoint: 96333 ns, Total: 3507375 ns
[2023-07-17T15:41:50.756+0000][1][safepoint    ] Safepoint "RevokeBias", Time since last: 795314792 ns, Reaching safepoint: 1435375 ns, At safepoint: 266084 ns, Total: 1701459 ns
[2023-07-17T15:41:51.760+0000][1][safepoint    ] Safepoint "Cleanup", Time since last: 1000666084 ns, Reaching safepoint: 2558541 ns, At safepoint: 97625 ns, Total: 2656166 ns
[2023-07-17T15:41:52.765+0000][1][safepoint    ] Safepoint "Cleanup", Time since last: 1001909376 ns, Reaching safepoint: 3421750 ns, At safepoint: 104291 ns, Total: 3526041 ns
[2023-07-17T15:41:53.771+0000][1][safepoint    ] Safepoint "Cleanup", Time since last: 1002606793 ns, Reaching safepoint: 3382916 ns, At safepoint: 69792 ns, Total: 3452708 ns
[2023-07-17T15:41:54.775+0000][1][safepoint    ] Safepoint "Cleanup", Time since last: 1001321792 ns, Reaching safepoint: 2565667 ns, At safepoint: 80625 ns, Total: 2646292 ns
[2023-07-17T15:41:55.780+0000][1][safepoint    ] Safepoint "Cleanup", Time since last: 1001438709 ns, Reaching safepoint: 3327541 ns, At safepoint: 110875 ns, Total: 3438416 ns
[2023-07-17T15:41:56.783+0000][1][safepoint    ] Safepoint "Cleanup", Time since last: 1001208959 ns, Reaching safepoint: 1563792 ns, At safepoint: 43875 ns, Total: 1607667 ns
[2023-07-17T15:41:57.785+0000][1][safepoint    ] Safepoint "Cleanup", Time since last: 1000982125 ns, Reaching safepoint: 1649625 ns, At safepoint: 47583 ns, Total: 1697208 ns
[2023-07-17T15:41:58.789+0000][1][safepoint    ] Safepoint "Cleanup", Time since last: 1001568918 ns, Reaching safepoint: 1765416 ns, At safepoint: 42667 ns, Total: 1808083 ns
[2023-07-17T15:41:59.793+0000][1][safepoint    ] Safepoint "Cleanup", Time since last: 1001125125 ns, Reaching safepoint: 2654667 ns, At safepoint: 216583 ns, Total: 2871250 ns
[2023-07-17T15:42:00.795+0000][1][safepoint    ] Safepoint "Cleanup", Time since last: 1001058084 ns, Reaching safepoint: 1364542 ns, At safepoint: 20958 ns, Total: 1385500 ns
[2023-07-17T15:42:01.798+0000][1][safepoint    ] Safepoint "Cleanup", Time since last: 1000783834 ns, Reaching safepoint: 1622083 ns, At safepoint: 52625 ns, Total: 1674708 ns
[2023-07-17T15:42:02.802+0000][1][safepoint    ] Safepoint "Cleanup", Time since last: 1000749584 ns, Reaching safepoint: 3619042 ns, At safepoint: 75500 ns, Total: 3694542 ns
[2023-07-17T15:42:03.808+0000][1][safepoint    ] Safepoint "Cleanup", Time since last: 1002639417 ns, Reaching safepoint: 3205708 ns, At safepoint: 92042 ns, Total: 3297750 ns
[2023-07-17T15:42:04.815+0000][1][safepoint    ] Safepoint "Cleanup", Time since last: 1005961750 ns, Reaching safepoint: 1351459 ns, At safepoint: 40333 ns, Total: 1391792 ns
[2023-07-17T15:42:05.820+0000][1][safepoint    ] Safepoint "Cleanup", Time since last: 1002404084 ns, Reaching safepoint: 2553792 ns, At safepoint: 70166 ns, Total: 2623958 ns
[2023-07-17T15:42:06.825+0000][1][safepoint    ] Safepoint "Cleanup", Time since last: 1001504167 ns, Reaching safepoint: 2672000 ns, At safepoint: 134792 ns, Total: 2806792 ns
[2023-07-17T15:42:07.829+0000][1][safepoint    ] Safepoint "Cleanup", Time since last: 1001757542 ns, Reaching safepoint: 2715625 ns, At safepoint: 143042 ns, Total: 2858667 ns
[2023-07-17T15:42:08.833+0000][1][safepoint    ] Safepoint "Cleanup", Time since last: 1000737125 ns, Reaching safepoint: 2649334 ns, At safepoint: 101875 ns, Total: 2751209 ns
[2023-07-17T15:42:09.835+0000][1][safepoint    ] Safepoint "Cleanup", Time since last: 1001007375 ns, Reaching safepoint: 1210625 ns, At safepoint: 18834 ns, Total: 1229459 ns
[2023-07-17T15:42:10.737+0000][1][safepoint    ] Safepoint "RevokeBias", Time since last: 899624250 ns, Reaching safepoint: 1586250 ns, At safepoint: 397500 ns, Total: 1983750 ns
[2023-07-17T15:42:11.740+0000][1][safepoint    ] Safepoint "Cleanup", Time since last: 1000519209 ns, Reaching safepoint: 2261250 ns, At safepoint: 42625 ns, Total: 2303875 ns
[2023-07-17T15:42:12.744+0000][1][safepoint    ] Safepoint "Cleanup", Time since last: 1001718666 ns, Reaching safepoint: 2618834 ns, At safepoint: 59083 ns, Total: 2677917 ns
[2023-07-17T15:42:13.746+0000][1][safepoint    ] Safepoint "Cleanup", Time since last: 1000943459 ns, Reaching safepoint: 1090875 ns, At safepoint: 18458 ns, Total: 1109333 ns
[2023-07-17T15:42:14.748+0000][1][safepoint    ] Safepoint "Cleanup", Time since last: 1000490917 ns, Reaching safepoint: 1879292 ns, At safepoint: 45542 ns, Total: 1924834 ns
[2023-07-17T15:42:15.144+0000][1][safepoint    ] Safepoint "RevokeBias", Time since last: 394728208 ns, Reaching safepoint: 1076292 ns, At safepoint: 145208 ns, Total: 1221500 ns
[2023-07-17T15:42:15.149+0000][1][safepoint    ] Safepoint "RevokeBias", Time since last: 3438250 ns, Reaching safepoint: 1271583 ns, At safepoint: 109292 ns, Total: 1380875 ns
[2023-07-17T15:42:15.158+0000][1][safepoint    ] Safepoint "RevokeBias", Time since last: 7541083 ns, Reaching safepoint: 1237625 ns, At safepoint: 106292 ns, Total: 1343917 ns
[2023-07-17T15:42:15.168+0000][1][safepoint    ] Safepoint "RevokeBias", Time since last: 8330542 ns, Reaching safepoint: 1246750 ns, At safepoint: 92916 ns, Total: 1339666 ns
[2023-07-17T15:42:15.173+0000][1][safepoint    ] Safepoint "RevokeBias", Time since last: 4950375 ns, Reaching safepoint: 792792 ns, At safepoint: 80417 ns, Total: 873209 ns
[2023-07-17T15:42:16.177+0000][1][safepoint    ] Safepoint "Cleanup", Time since last: 1000641167 ns, Reaching safepoint: 3073292 ns, At safepoint: 90875 ns, Total: 3164167 ns
[2023-07-17T15:42:17.180+0000][1][safepoint    ] Safepoint "Cleanup", Time since last: 1001948625 ns, Reaching safepoint: 856708 ns, At safepoint: 21834 ns, Total: 878542 ns
[2023-07-17T15:42:18.183+0000][1][safepoint    ] Safepoint "Cleanup", Time since last: 1000793667 ns, Reaching safepoint: 2332792 ns, At safepoint: 61125 ns, Total: 2393917 ns
[2023-07-17T15:42:19.187+0000][1][safepoint    ] Safepoint "Cleanup", Time since last: 1001149333 ns, Reaching safepoint: 2615125 ns, At safepoint: 67084 ns, Total: 2682209 ns
[2023-07-17T15:42:20.192+0000][1][safepoint    ] Safepoint "Cleanup", Time since last: 1002773667 ns, Reaching safepoint: 2355333 ns, At safepoint: 71167 ns, Total: 2426500 ns
[2023-07-17T15:42:21.195+0000][1][safepoint    ] Safepoint "Cleanup", Time since last: 1001055625 ns, Reaching safepoint: 1456417 ns, At safepoint: 30625 ns, Total: 1487042 ns
[2023-07-17T15:42:22.197+0000][1][safepoint    ] Safepoint "Cleanup", Time since last: 1000586375 ns, Reaching safepoint: 1119625 ns, At safepoint: 86875 ns, Total: 1206500 ns
[2023-07-17T15:42:23.200+0000][1][safepoint    ] Safepoint "Cleanup", Time since last: 1001281584 ns, Reaching safepoint: 2187625 ns, At safepoint: 64459 ns, Total: 2252084 ns
[2023-07-17T15:42:24.204+0000][1][safepoint    ] Safepoint "Cleanup", Time since last: 1001252208 ns, Reaching safepoint: 2686917 ns, At safepoint: 74250 ns, Total: 2761167 ns
[2023-07-17T15:42:25.211+0000][1][safepoint    ] Safepoint "Cleanup", Time since last: 1003176792 ns, Reaching safepoint: 3743709 ns, At safepoint: 127166 ns, Total: 3870875 ns
[2023-07-17T15:42:26.218+0000][1][safepoint    ] Safepoint "Cleanup", Time since last: 1002673292 ns, Reaching safepoint: 4109834 ns, At safepoint: 99583 ns, Total: 4209417 ns
[2023-07-17T15:42:27.223+0000][1][safepoint    ] Safepoint "Cleanup", Time since last: 1001516251 ns, Reaching safepoint: 2856500 ns, At safepoint: 106750 ns, Total: 2963250 ns
[2023-07-17T15:42:28.228+0000][1][safepoint    ] Safepoint "Cleanup", Time since last: 1002013500 ns, Reaching safepoint: 2897625 ns, At safepoint: 119000 ns, Total: 3016625 ns
[2023-07-17T15:42:29.234+0000][1][safepoint    ] Safepoint "Cleanup", Time since last: 1002326792 ns, Reaching safepoint: 3881625 ns, At safepoint: 134750 ns, Total: 4016375 ns
[2023-07-17T15:42:30.241+0000][1][safepoint    ] Safepoint "Cleanup", Time since last: 1003281126 ns, Reaching safepoint: 3746875 ns, At safepoint: 110000 ns, Total: 3856875 ns
[2023-07-17T15:42:30.748+0000][1][safepoint    ] Safepoint "RevokeBias", Time since last: 505129125 ns, Reaching safepoint: 1481917 ns, At safepoint: 329875 ns, Total: 1811792 ns
[2023-07-17T15:42:31.749+0000][1][safepoint    ] Safepoint "Cleanup", Time since last: 1000487875 ns, Reaching safepoint: 781958 ns, At safepoint: 22417 ns, Total: 804375 ns
[2023-07-17T15:42:32.753+0000][1][safepoint    ] Safepoint "Cleanup", Time since last: 1001521792 ns, Reaching safepoint: 2027167 ns, At safepoint: 41291 ns, Total: 2068458 ns
[2023-07-17T15:42:33.757+0000][1][safepoint    ] Safepoint "Cleanup", Time since last: 1000952418 ns, Reaching safepoint: 2802500 ns, At safepoint: 56666 ns, Total: 2859166 ns
[2023-07-17T15:42:34.762+0000][1][safepoint    ] Safepoint "Cleanup", Time since last: 1003173709 ns, Reaching safepoint: 1723833 ns, At safepoint: 40875 ns, Total: 1764708 ns
[2023-07-17T15:42:35.765+0000][1][safepoint    ] Safepoint "Cleanup", Time since last: 1001028334 ns, Reaching safepoint: 2095375 ns, At safepoint: 64584 ns, Total: 2159959 ns
[2023-07-17T15:42:36.770+0000][1][safepoint    ] Safepoint "Cleanup", Time since last: 1001848167 ns, Reaching safepoint: 2994666 ns, At safepoint: 81500 ns, Total: 3076166 ns
[2023-07-17T15:42:37.775+0000][1][safepoint    ] Safepoint "Cleanup", Time since last: 1001485418 ns, Reaching safepoint: 3201791 ns, At safepoint: 105834 ns, Total: 3307625 ns
[2023-07-17T15:42:38.916+0000][1][safepoint    ] Safepoint "Cleanup", Time since last: 1139706750 ns, Reaching safepoint: 1885250 ns, At safepoint: 54500 ns, Total: 1939750 ns
[2023-07-17T15:42:39.919+0000][1][safepoint    ] Safepoint "Cleanup", Time since last: 1000799667 ns, Reaching safepoint: 2302917 ns, At safepoint: 43333 ns, Total: 2346250 ns
[2023-07-17T15:42:40.935+0000][1][safepoint    ] Safepoint "Cleanup", Time since last: 1001626667 ns, Reaching safepoint: 7631167 ns, At safepoint: 691625 ns, Total: 8322792 ns
[2023-07-17T15:42:41.954+0000][1][safepoint    ] Safepoint "Cleanup", Time since last: 1019932792 ns, Reaching safepoint: 4405541 ns, At safepoint: 104542 ns, Total: 4510083 ns
[2023-07-17T15:42:42.957+0000][1][safepoint    ] Safepoint "Cleanup", Time since last: 1002822125 ns, Reaching safepoint: 749292 ns, At safepoint: 16417 ns, Total: 765709 ns
[2023-07-17T15:42:43.962+0000][1][safepoint    ] Safepoint "Cleanup", Time since last: 1003515709 ns, Reaching safepoint: 707333 ns, At safepoint: 14333 ns, Total: 721666 ns
[2023-07-17T15:42:44.967+0000][1][safepoint    ] Safepoint "Cleanup", Time since last: 1001600584 ns, Reaching safepoint: 3466083 ns, At safepoint: 72709 ns, Total: 3538792 ns
[2023-07-17T15:42:45.974+0000][1][safepoint    ] Safepoint "Cleanup", Time since last: 1002968667 ns, Reaching safepoint: 4060708 ns, At safepoint: 99167 ns, Total: 4159875 ns
[2023-07-17T15:42:46.978+0000][1][safepoint    ] Safepoint "Cleanup", Time since last: 1001497209 ns, Reaching safepoint: 2898375 ns, At safepoint: 69375 ns, Total: 2967750 ns
[2023-07-17T15:42:47.985+0000][1][safepoint    ] Safepoint "Cleanup", Time since last: 1003213042 ns, Reaching safepoint: 3165250 ns, At safepoint: 104583 ns, Total: 3269833 ns
[2023-07-17T15:42:48.990+0000][1][safepoint    ] Safepoint "Cleanup", Time since last: 1001142709 ns, Reaching safepoint: 3749833 ns, At safepoint: 117209 ns, Total: 3867042 ns
[2023-07-17T15:42:49.995+0000][1][safepoint    ] Safepoint "Cleanup", Time since last: 1002278208 ns, Reaching safepoint: 3033292 ns, At safepoint: 112875 ns, Total: 3146167 ns
[2023-07-17T15:42:50.999+0000][1][safepoint    ] Safepoint "Cleanup", Time since last: 1003184084 ns, Reaching safepoint: 726208 ns, At safepoint: 15959 ns, Total: 742167 ns
[2023-07-17T15:42:52.004+0000][1][safepoint    ] Safepoint "Cleanup", Time since last: 1001173583 ns, Reaching safepoint: 3652375 ns, At safepoint: 79834 ns, Total: 3732209 ns
[2023-07-17T15:42:53.007+0000][1][safepoint    ] Safepoint "Cleanup", Time since last: 1001771959 ns, Reaching safepoint: 1547791 ns, At safepoint: 37792 ns, Total: 1585583 ns
[2023-07-17T15:42:54.009+0000][1][safepoint    ] Safepoint "Cleanup", Time since last: 1000788250 ns, Reaching safepoint: 631542 ns, At safepoint: 13667 ns, Total: 645209 ns
[2023-07-17T15:42:55.010+0000][1][safepoint    ] Safepoint "Cleanup", Time since last: 1000404625 ns, Reaching safepoint: 1116083 ns, At safepoint: 27042 ns, Total: 1143125 ns
[2023-07-17T15:42:56.014+0000][1][safepoint    ] Safepoint "Cleanup", Time since last: 1000735251 ns, Reaching safepoint: 2861333 ns, At safepoint: 90667 ns, Total: 2952000 ns
[2023-07-17T15:42:57.019+0000][1][safepoint    ] Safepoint "Cleanup", Time since last: 1001904292 ns, Reaching safepoint: 2621666 ns, At safepoint: 72209 ns, Total: 2693875 ns
[2023-07-17T15:42:58.024+0000][1][safepoint    ] Safepoint "Cleanup", Time since last: 1002231667 ns, Reaching safepoint: 2828292 ns, At safepoint: 74916 ns, Total: 2903208 ns
[2023-07-17T15:42:59.031+0000][1][safepoint    ] Safepoint "Cleanup", Time since last: 1005077959 ns, Reaching safepoint: 1860708 ns, At safepoint: 47459 ns, Total: 1908167 ns
[2023-07-17T15:43:00.036+0000][1][safepoint    ] Safepoint "Cleanup", Time since last: 1001648667 ns, Reaching safepoint: 3778417 ns, At safepoint: 126333 ns, Total: 3904750 ns
[2023-07-17T15:43:01.039+0000][1][safepoint    ] Safepoint "Cleanup", Time since last: 1001511667 ns, Reaching safepoint: 702292 ns, At safepoint: 17791 ns, Total: 720083 ns
[2023-07-17T15:43:02.044+0000][1][safepoint    ] Safepoint "Cleanup", Time since last: 1000806251 ns, Reaching safepoint: 4020208 ns, At safepoint: 101750 ns, Total: 4121958 ns
[2023-07-17T15:43:03.048+0000][1][safepoint    ] Safepoint "Cleanup", Time since last: 1003681042 ns, Reaching safepoint: 1154709 ns, At safepoint: 31125 ns, Total: 1185834 ns
[2023-07-17T15:43:04.053+0000][1][safepoint    ] Safepoint "Cleanup", Time since last: 1000666125 ns, Reaching safepoint: 3680417 ns, At safepoint: 92166 ns, Total: 3772583 ns
[2023-07-17T15:43:05.056+0000][1][safepoint    ] Safepoint "Cleanup", Time since last: 1001779501 ns, Reaching safepoint: 1207333 ns, At safepoint: 27584 ns, Total: 1234917 ns
[2023-07-17T15:43:06.061+0000][1][safepoint    ] Safepoint "Cleanup", Time since last: 1000812250 ns, Reaching safepoint: 3942833 ns, At safepoint: 83417 ns, Total: 4026250 ns
[2023-07-17T15:43:07.065+0000][1][safepoint    ] Safepoint "Cleanup", Time since last: 1001562876 ns, Reaching safepoint: 2428375 ns, At safepoint: 74541 ns, Total: 2502916 ns
[2023-07-17T15:43:08.069+0000][1][safepoint    ] Safepoint "Cleanup", Time since last: 1003306917 ns, Reaching safepoint: 1033542 ns, At safepoint: 23708 ns, Total: 1057250 ns
[2023-07-17T15:43:09.073+0000][1][safepoint    ] Safepoint "Cleanup", Time since last: 1000759168 ns, Reaching safepoint: 2882166 ns, At safepoint: 87500 ns, Total: 2969666 ns
[2023-07-17T15:43:10.078+0000][1][safepoint    ] Safepoint "Cleanup", Time since last: 1001454126 ns, Reaching safepoint: 3541916 ns, At safepoint: 138542 ns, Total: 3680458 ns
[2023-07-17T15:43:10.730+0000][1][safepoint    ] Safepoint "RevokeBias", Time since last: 647234875 ns, Reaching safepoint: 2666917 ns, At safepoint: 2065500 ns, Total: 4732417 ns
[2023-07-17T15:43:11.740+0000][1][safepoint    ] Safepoint "Cleanup", Time since last: 1008873625 ns, Reaching safepoint: 1489584 ns, At safepoint: 35333 ns, Total: 1524917 ns
[2023-07-17T15:43:12.744+0000][1][safepoint    ] Safepoint "Cleanup", Time since last: 1000812833 ns, Reaching safepoint: 2934458 ns, At safepoint: 90167 ns, Total: 3024625 ns
[2023-07-17T15:43:13.747+0000][1][safepoint    ] Safepoint "Cleanup", Time since last: 1002353625 ns, Reaching safepoint: 1048459 ns, At safepoint: 18208 ns, Total: 1066667 ns
[2023-07-17T15:43:14.749+0000][1][safepoint    ] Safepoint "Cleanup", Time since last: 1000395251 ns, Reaching safepoint: 1193958 ns, At safepoint: 26583 ns, Total: 1220541 ns
[2023-07-17T15:43:15.752+0000][1][safepoint    ] Safepoint "Cleanup", Time since last: 1000991584 ns, Reaching safepoint: 2019417 ns, At safepoint: 64541 ns, Total: 2083958 ns
[2023-07-17T15:43:16.139+0000][1][safepoint    ] Safepoint "RevokeBias", Time since last: 386306542 ns, Reaching safepoint: 725625 ns, At safepoint: 130792 ns, Total: 856417 ns
[2023-07-17T15:43:16.143+0000][1][safepoint    ] Safepoint "RevokeBias", Time since last: 2806333 ns, Reaching safepoint: 492750 ns, At safepoint: 144459 ns, Total: 637209 ns
[2023-07-17T15:43:16.145+0000][1][safepoint    ] Safepoint "RevokeBias", Time since last: 1539458 ns, Reaching safepoint: 772792 ns, At safepoint: 105083 ns, Total: 877875 ns
[2023-07-17T15:43:16.182+0000][1][safepoint    ] Safepoint "RevokeBias", Time since last: 36025917 ns, Reaching safepoint: 991250 ns, At safepoint: 203875 ns, Total: 1195125 ns
[2023-07-17T15:43:16.190+0000][1][safepoint    ] Safepoint "BulkRevokeBias", Time since last: 4060416 ns, Reaching safepoint: 1019000 ns, At safepoint: 2690125 ns, Total: 3709125 ns
[2023-07-17T15:43:17.196+0000][1][safepoint    ] Safepoint "Cleanup", Time since last: 1004145459 ns, Reaching safepoint: 1788458 ns, At safepoint: 72000 ns, Total: 1860458 ns
[2023-07-17T15:43:18.201+0000][1][safepoint    ] Safepoint "Cleanup", Time since last: 1002057626 ns, Reaching safepoint: 2937333 ns, At safepoint: 66000 ns, Total: 3003333 ns
[2023-07-17T15:43:19.206+0000][1][safepoint    ] Safepoint "Cleanup", Time since last: 1002099334 ns, Reaching safepoint: 2837583 ns, At safepoint: 102167 ns, Total: 2939750 ns
[2023-07-17T15:43:20.213+0000][1][safepoint    ] Safepoint "Cleanup", Time since last: 1004044501 ns, Reaching safepoint: 2984708 ns, At safepoint: 167000 ns, Total: 3151708 ns
[2023-07-17T15:43:21.220+0000][1][safepoint    ] Safepoint "Cleanup", Time since last: 1005054459 ns, Reaching safepoint: 1216541 ns, At safepoint: 27584 ns, Total: 1244125 ns
[2023-07-17T15:43:22.225+0000][1][safepoint    ] Safepoint "Cleanup", Time since last: 1002278667 ns, Reaching safepoint: 2935708 ns, At safepoint: 89875 ns, Total: 3025583 ns
[2023-07-17T15:43:23.233+0000][1][safepoint    ] Safepoint "Cleanup", Time since last: 1005475834 ns, Reaching safepoint: 2554583 ns, At safepoint: 78167 ns, Total: 2632750 ns
[2023-07-17T15:43:24.242+0000][1][safepoint    ] Safepoint "Cleanup", Time since last: 1004592500 ns, Reaching safepoint: 3784584 ns, At safepoint: 103208 ns, Total: 3887792 ns
[2023-07-17T15:43:25.247+0000][1][safepoint    ] Safepoint "Cleanup", Time since last: 1001647376 ns, Reaching safepoint: 3623000 ns, At safepoint: 112875 ns, Total: 3735875 ns
[2023-07-17T15:43:26.253+0000][1][safepoint    ] Safepoint "Cleanup", Time since last: 1002325500 ns, Reaching safepoint: 3202708 ns, At safepoint: 128584 ns, Total: 3331292 ns
[2023-07-17T15:43:27.263+0000][1][safepoint    ] Safepoint "Cleanup", Time since last: 1005028292 ns, Reaching safepoint: 4814500 ns, At safepoint: 128208 ns, Total: 4942708 ns
[2023-07-17T15:43:28.265+0000][1][safepoint    ] Safepoint "Cleanup", Time since last: 1001355417 ns, Reaching safepoint: 1210584 ns, At safepoint: 29541 ns, Total: 1240125 ns
[2023-07-17T15:43:29.269+0000][1][safepoint    ] Safepoint "Cleanup", Time since last: 1000792584 ns, Reaching safepoint: 2964167 ns, At safepoint: 102792 ns, Total: 3066959 ns
[2023-07-17T15:43:30.274+0000][1][safepoint    ] Safepoint "Cleanup", Time since last: 1001459167 ns, Reaching safepoint: 3275041 ns, At safepoint: 92125 ns, Total: 3367166 ns
[2023-07-17T15:43:30.772+0000][1][safepoint    ] Safepoint "RevokeBias", Time since last: 495996126 ns, Reaching safepoint: 1782291 ns, At safepoint: 259542 ns, Total: 2041833 ns
[2023-07-17T15:43:31.776+0000][1][safepoint    ] Safepoint "Cleanup", Time since last: 1001646000 ns, Reaching safepoint: 2630750 ns, At safepoint: 70209 ns, Total: 2700959 ns
[2023-07-17T15:43:32.781+0000][1][safepoint    ] Safepoint "Cleanup", Time since last: 1001335250 ns, Reaching safepoint: 3631459 ns, At safepoint: 165041 ns, Total: 3796500 ns
[2023-07-17T15:43:33.784+0000][1][safepoint    ] Safepoint "Cleanup", Time since last: 1001737751 ns, Reaching safepoint: 649125 ns, At safepoint: 16541 ns, Total: 665666 ns
[2023-07-17T15:43:34.787+0000][1][safepoint    ] Safepoint "Cleanup", Time since last: 1000617751 ns, Reaching safepoint: 2601583 ns, At safepoint: 86542 ns, Total: 2688125 ns
[2023-07-17T15:43:35.791+0000][1][safepoint    ] Safepoint "Cleanup", Time since last: 1001369000 ns, Reaching safepoint: 2890084 ns, At safepoint: 76708 ns, Total: 2966792 ns
[2023-07-17T15:43:36.797+0000][1][safepoint    ] Safepoint "Cleanup", Time since last: 1001416375 ns, Reaching safepoint: 3892792 ns, At safepoint: 94292 ns, Total: 3987084 ns
[2023-07-17T15:43:37.804+0000][1][safepoint    ] Safepoint "Cleanup", Time since last: 1003461625 ns, Reaching safepoint: 3653917 ns, At safepoint: 91792 ns, Total: 3745709 ns
[2023-07-17T15:43:38.812+0000][1][safepoint    ] Safepoint "Cleanup", Time since last: 1004445375 ns, Reaching safepoint: 3713708 ns, At safepoint: 106417 ns, Total: 3820125 ns
[2023-07-17T15:43:39.817+0000][1][safepoint    ] Safepoint "Cleanup", Time since last: 1001616251 ns, Reaching safepoint: 2949083 ns, At safepoint: 70542 ns, Total: 3019625 ns
[2023-07-17T15:43:39.874+0000][1][gc,start     ] GC(39) Pause Young (Allocation Failure)
[2023-07-17T15:43:39.877+0000][1][gc,task      ] GC(39) Using 4 workers of 4 for evacuation
[2023-07-17T15:43:39.907+0000][1][gc,age       ] GC(39) Desired survivor size 8945664 bytes, new threshold 6 (max threshold 6)
[2023-07-17T15:43:39.908+0000][1][gc,age       ] GC(39) Age table with threshold 6 (max threshold 6)
[2023-07-17T15:43:39.908+0000][1][gc,age       ] GC(39) - age   1:      88408 bytes,      88408 total
[2023-07-17T15:43:39.908+0000][1][gc,age       ] GC(39) - age   2:       4080 bytes,      92488 total
[2023-07-17T15:43:39.908+0000][1][gc,age       ] GC(39) - age   3:      18816 bytes,     111304 total
[2023-07-17T15:43:39.908+0000][1][gc,age       ] GC(39) - age   4:       4624 bytes,     115928 total
[2023-07-17T15:43:39.908+0000][1][gc,age       ] GC(39) - age   5:       2744 bytes,     118672 total
[2023-07-17T15:43:39.909+0000][1][gc,age       ] GC(39) - age   6:      15240 bytes,     133912 total
[2023-07-17T15:43:39.910+0000][1][gc,heap      ] GC(39) ParNew: 139952K->162K(157248K)
[2023-07-17T15:43:39.911+0000][1][gc,heap      ] GC(39) CMS: 69139K->69142K(349568K)
[2023-07-17T15:43:39.911+0000][1][gc,metaspace ] GC(39) Metaspace: 89700K->89700K(1132544K)
[2023-07-17T15:43:39.912+0000][1][gc           ] GC(39) Pause Young (Allocation Failure) 204M->67M(494M) 38.987ms
[2023-07-17T15:43:39.913+0000][1][gc,cpu       ] GC(39) User=0.07s Sys=0.01s Real=0.04s
[2023-07-17T15:43:39.913+0000][1][safepoint    ] Safepoint "GenCollectForAllocation", Time since last: 54425375 ns, Reaching safepoint: 1352416 ns, At safepoint: 40545459 ns, Total: 41897875 ns
[2023-07-17T15:43:40.917+0000][1][safepoint    ] Safepoint "Cleanup", Time since last: 1002706250 ns, Reaching safepoint: 1105208 ns, At safepoint: 20584 ns, Total: 1125792 ns
[2023-07-17T15:43:41.922+0000][1][safepoint    ] Safepoint "Cleanup", Time since last: 1000643167 ns, Reaching safepoint: 4765208 ns, At safepoint: 91292 ns, Total: 4856500 ns
[2023-07-17T15:43:42.928+0000][1][safepoint    ] Safepoint "Cleanup", Time since last: 1001827417 ns, Reaching safepoint: 3999291 ns, At safepoint: 93667 ns, Total: 4092958 ns
[2023-07-17T15:43:43.933+0000][1][safepoint    ] Safepoint "Cleanup", Time since last: 1003871417 ns, Reaching safepoint: 977792 ns, At safepoint: 23208 ns, Total: 1001000 ns
[2023-07-17T15:43:44.935+0000][1][safepoint    ] Safepoint "Cleanup", Time since last: 1000419042 ns, Reaching safepoint: 1601459 ns, At safepoint: 48041 ns, Total: 1649500 ns
[2023-07-17T15:43:45.940+0000][1][safepoint    ] Safepoint "Cleanup", Time since last: 1001007917 ns, Reaching safepoint: 3297459 ns, At safepoint: 85041 ns, Total: 3382500 ns
[2023-07-17T15:43:46.946+0000][1][safepoint    ] Safepoint "Cleanup", Time since last: 1002933168 ns, Reaching safepoint: 2891291 ns, At safepoint: 121334 ns, Total: 3012625 ns
[2023-07-17T15:43:47.948+0000][1][safepoint    ] Safepoint "Cleanup", Time since last: 1001138542 ns, Reaching safepoint: 1513083 ns, At safepoint: 32583 ns, Total: 1545666 ns
[2023-07-17T15:43:48.951+0000][1][safepoint    ] Safepoint "Cleanup", Time since last: 1001039293 ns, Reaching safepoint: 1521333 ns, At safepoint: 41917 ns, Total: 1563250 ns
[2023-07-17T15:43:49.956+0000][1][safepoint    ] Safepoint "Cleanup", Time since last: 1001211500 ns, Reaching safepoint: 2781333 ns, At safepoint: 749584 ns, Total: 3530917 ns
[2023-07-17T15:43:50.746+0000][1][safepoint    ] Safepoint "RevokeBias", Time since last: 788295750 ns, Reaching safepoint: 1789083 ns, At safepoint: 284875 ns, Total: 2073958 ns
[2023-07-17T15:43:51.748+0000][1][safepoint    ] Safepoint "Cleanup", Time since last: 1000515459 ns, Reaching safepoint: 1757292 ns, At safepoint: 50167 ns, Total: 1807459 ns
[2023-07-17T15:43:52.752+0000][1][safepoint    ] Safepoint "Cleanup", Time since last: 1001187542 ns, Reaching safepoint: 2524416 ns, At safepoint: 70667 ns, Total: 2595083 ns
[2023-07-17T15:43:53.756+0000][1][safepoint    ] Safepoint "Cleanup", Time since last: 1001222376 ns, Reaching safepoint: 2570125 ns, At safepoint: 72083 ns, Total: 2642208 ns
[2023-07-17T15:43:54.760+0000][1][safepoint    ] Safepoint "Cleanup", Time since last: 1001351917 ns, Reaching safepoint: 2507125 ns, At safepoint: 146500 ns, Total: 2653625 ns
[2023-07-17T15:43:55.765+0000][1][safepoint    ] Safepoint "Cleanup", Time since last: 1001546084 ns, Reaching safepoint: 3036250 ns, At safepoint: 59708 ns, Total: 3095958 ns
[2023-07-17T15:43:56.769+0000][1][safepoint    ] Safepoint "Cleanup", Time since last: 1001409917 ns, Reaching safepoint: 2934292 ns, At safepoint: 73500 ns, Total: 3007792 ns
[2023-07-17T15:43:57.778+0000][1][safepoint    ] Safepoint "Cleanup", Time since last: 1004013875 ns, Reaching safepoint: 4593250 ns, At safepoint: 140584 ns, Total: 4733834 ns
[2023-07-17T15:43:58.783+0000][1][safepoint    ] Safepoint "Cleanup", Time since last: 1003318167 ns, Reaching safepoint: 1903583 ns, At safepoint: 54292 ns, Total: 1957875 ns
[2023-07-17T15:43:59.785+0000][1][safepoint    ] Safepoint "Cleanup", Time since last: 1000773042 ns, Reaching safepoint: 1057208 ns, At safepoint: 22917 ns, Total: 1080125 ns
[2023-07-17T15:44:00.793+0000][1][safepoint    ] Safepoint "Cleanup", Time since last: 1000418917 ns, Reaching safepoint: 5565875 ns, At safepoint: 2322375 ns, Total: 7888250 ns
[2023-07-17T15:44:01.797+0000][1][safepoint    ] Safepoint "Cleanup", Time since last: 1003153584 ns, Reaching safepoint: 827208 ns, At safepoint: 15542 ns, Total: 842750 ns
[2023-07-17T15:44:02.798+0000][1][safepoint    ] Safepoint "Cleanup", Time since last: 1000461834 ns, Reaching safepoint: 708625 ns, At safepoint: 16375 ns, Total: 725000 ns
[2023-07-17T15:44:03.800+0000][1][safepoint    ] Safepoint "Cleanup", Time since last: 1000452542 ns, Reaching safepoint: 676375 ns, At safepoint: 19125 ns, Total: 695500 ns
[2023-07-17T15:44:04.801+0000][1][safepoint    ] Safepoint "Cleanup", Time since last: 1000609792 ns, Reaching safepoint: 621458 ns, At safepoint: 15625 ns, Total: 637083 ns
[2023-07-17T15:44:05.802+0000][1][safepoint    ] Safepoint "Cleanup", Time since last: 1000531251 ns, Reaching safepoint: 817000 ns, At safepoint: 37125 ns, Total: 854125 ns
[2023-07-17T15:44:06.803+0000][1][safepoint    ] Safepoint "Cleanup", Time since last: 1000439334 ns, Reaching safepoint: 702708 ns, At safepoint: 38792 ns, Total: 741500 ns
[2023-07-17T15:44:07.831+0000][1][safepoint    ] Safepoint "Cleanup", Time since last: 1021771542 ns, Reaching safepoint: 1899583 ns, At safepoint: 63875 ns, Total: 1963458 ns
[2023-07-17T15:44:08.839+0000][1][safepoint    ] Safepoint "Cleanup", Time since last: 1011490542 ns, Reaching safepoint: 649542 ns, At safepoint: 32375 ns, Total: 681917 ns
[2023-07-17T15:44:09.841+0000][1][safepoint    ] Safepoint "Cleanup", Time since last: 1000505959 ns, Reaching safepoint: 892167 ns, At safepoint: 30666 ns, Total: 922833 ns
[2023-07-17T15:44:10.843+0000][1][safepoint    ] Safepoint "Cleanup", Time since last: 1000497417 ns, Reaching safepoint: 1693125 ns, At safepoint: 44542 ns, Total: 1737667 ns
[2023-07-17T15:44:11.844+0000][1][safepoint    ] Safepoint "Cleanup", Time since last: 1000414666 ns, Reaching safepoint: 674750 ns, At safepoint: 13625 ns, Total: 688375 ns
[2023-07-17T15:44:12.845+0000][1][safepoint    ] Safepoint "Cleanup", Time since last: 1000707792 ns, Reaching safepoint: 683000 ns, At safepoint: 17417 ns, Total: 700417 ns
[2023-07-17T15:44:13.847+0000][1][safepoint    ] Safepoint "Cleanup", Time since last: 1000371209 ns, Reaching safepoint: 1410000 ns, At safepoint: 27291 ns, Total: 1437291 ns
[2023-07-17T15:44:14.848+0000][1][safepoint    ] Safepoint "Cleanup", Time since last: 1000449251 ns, Reaching safepoint: 673917 ns, At safepoint: 17000 ns, Total: 690917 ns
[2023-07-17T15:44:15.849+0000][1][safepoint    ] Safepoint "Cleanup", Time since last: 1000434208 ns, Reaching safepoint: 653959 ns, At safepoint: 30541 ns, Total: 684500 ns
[2023-07-17T15:44:16.851+0000][1][safepoint    ] Safepoint "Cleanup", Time since last: 1000448418 ns, Reaching safepoint: 691500 ns, At safepoint: 19958 ns, Total: 711458 ns
[2023-07-17T15:44:17.130+0000][1][safepoint    ] Safepoint "RevokeBias", Time since last: 278892333 ns, Reaching safepoint: 862500 ns, At safepoint: 103500 ns, Total: 966000 ns
[2023-07-17T15:44:17.137+0000][1][safepoint    ] Safepoint "RevokeBias", Time since last: 4098167 ns, Reaching safepoint: 1918458 ns, At safepoint: 392000 ns, Total: 2310458 ns
[2023-07-17T15:44:17.167+0000][1][safepoint    ] Safepoint "RevokeBias", Time since last: 29512542 ns, Reaching safepoint: 895792 ns, At safepoint: 120041 ns, Total: 1015833 ns
[2023-07-17T15:44:17.170+0000][1][safepoint    ] Safepoint "RevokeBias", Time since last: 1724209 ns, Reaching safepoint: 700333 ns, At safepoint: 81958 ns, Total: 782291 ns
[2023-07-17T15:44:17.189+0000][1][safepoint    ] Safepoint "RevokeBias", Time since last: 16471334 ns, Reaching safepoint: 2215708 ns, At safepoint: 137292 ns, Total: 2353000 ns
[2023-07-17T15:44:18.190+0000][1][safepoint    ] Safepoint "Cleanup", Time since last: 1000503042 ns, Reaching safepoint: 832208 ns, At safepoint: 16959 ns, Total: 849167 ns
[2023-07-17T15:44:19.191+0000][1][safepoint    ] Safepoint "Cleanup", Time since last: 1000319583 ns, Reaching safepoint: 907084 ns, At safepoint: 47208 ns, Total: 954292 ns
[2023-07-17T15:44:20.193+0000][1][safepoint    ] Safepoint "Cleanup", Time since last: 1000617292 ns, Reaching safepoint: 867209 ns, At safepoint: 18958 ns, Total: 886167 ns
[2023-07-17T15:44:21.197+0000][1][safepoint    ] Safepoint "Cleanup", Time since last: 1001185000 ns, Reaching safepoint: 3385417 ns, At safepoint: 26667 ns, Total: 3412084 ns
[2023-07-17T15:44:22.199+0000][1][safepoint    ] Safepoint "Cleanup", Time since last: 1000589708 ns, Reaching safepoint: 910834 ns, At safepoint: 23708 ns, Total: 934542 ns
[2023-07-17T15:44:23.201+0000][1][safepoint    ] Safepoint "Cleanup", Time since last: 1001363792 ns, Reaching safepoint: 763500 ns, At safepoint: 19917 ns, Total: 783417 ns
[2023-07-17T15:44:24.205+0000][1][safepoint    ] Safepoint "Cleanup", Time since last: 1001504000 ns, Reaching safepoint: 2048500 ns, At safepoint: 76500 ns, Total: 2125000 ns
[2023-07-17T15:44:25.209+0000][1][safepoint    ] Safepoint "Cleanup", Time since last: 1002824709 ns, Reaching safepoint: 921084 ns, At safepoint: 22958 ns, Total: 944042 ns
[2023-07-17T15:44:26.210+0000][1][safepoint    ] Safepoint "Cleanup", Time since last: 1000802667 ns, Reaching safepoint: 784333 ns, At safepoint: 19500 ns, Total: 803833 ns
[2023-07-17T15:44:27.215+0000][1][safepoint    ] Safepoint "Cleanup", Time since last: 1001755168 ns, Reaching safepoint: 2595083 ns, At safepoint: 84625 ns, Total: 2679708 ns
[2023-07-17T15:44:28.220+0000][1][safepoint    ] Safepoint "Cleanup", Time since last: 1001359834 ns, Reaching safepoint: 3538416 ns, At safepoint: 69250 ns, Total: 3607666 ns
[2023-07-17T15:44:29.221+0000][1][safepoint    ] Safepoint "Cleanup", Time since last: 1001008251 ns, Reaching safepoint: 662500 ns, At safepoint: 20791 ns, Total: 683291 ns
[2023-07-17T15:44:30.223+0000][1][safepoint    ] Safepoint "Cleanup", Time since last: 1000399418 ns, Reaching safepoint: 1220083 ns, At safepoint: 35083 ns, Total: 1255166 ns
[2023-07-17T15:44:30.769+0000][1][safepoint    ] Safepoint "RevokeBias", Time since last: 543032126 ns, Reaching safepoint: 2068125 ns, At safepoint: 618208 ns, Total: 2686333 ns
[2023-07-17T15:44:31.772+0000][1][safepoint    ] Safepoint "Cleanup", Time since last: 1002283417 ns, Reaching safepoint: 1502583 ns, At safepoint: 42250 ns, Total: 1544833 ns
[2023-07-17T15:44:32.777+0000][1][safepoint    ] Safepoint "Cleanup", Time since last: 1002626709 ns, Reaching safepoint: 1601000 ns, At safepoint: 32209 ns, Total: 1633209 ns
[2023-07-17T15:44:33.779+0000][1][safepoint    ] Safepoint "Cleanup", Time since last: 1000865792 ns, Reaching safepoint: 1437625 ns, At safepoint: 39500 ns, Total: 1477125 ns
[2023-07-17T15:44:34.781+0000][1][safepoint    ] Safepoint "Cleanup", Time since last: 1000690625 ns, Reaching safepoint: 977208 ns, At safepoint: 26042 ns, Total: 1003250 ns
[2023-07-17T15:44:35.783+0000][1][safepoint    ] Safepoint "Cleanup", Time since last: 1000895417 ns, Reaching safepoint: 1201334 ns, At safepoint: 31000 ns, Total: 1232334 ns
[2023-07-17T15:44:36.786+0000][1][safepoint    ] Safepoint "Cleanup", Time since last: 1000880000 ns, Reaching safepoint: 1996125 ns, At safepoint: 48875 ns, Total: 2045000 ns
[2023-07-17T15:44:37.790+0000][1][safepoint    ] Safepoint "Cleanup", Time since last: 1001968001 ns, Reaching safepoint: 2015500 ns, At safepoint: 50958 ns, Total: 2066458 ns
[2023-07-17T15:44:38.795+0000][1][safepoint    ] Safepoint "Cleanup", Time since last: 1002195542 ns, Reaching safepoint: 3273542 ns, At safepoint: 73250 ns, Total: 3346792 ns
[2023-07-17T15:44:39.800+0000][1][safepoint    ] Safepoint "Cleanup", Time since last: 1001839500 ns, Reaching safepoint: 2329750 ns, At safepoint: 111125 ns, Total: 2440875 ns
[2023-07-17T15:44:40.801+0000][1][safepoint    ] Safepoint "Cleanup", Time since last: 1000828459 ns, Reaching safepoint: 728458 ns, At safepoint: 18625 ns, Total: 747083 ns
[2023-07-17T15:44:41.803+0000][1][safepoint    ] Safepoint "Cleanup", Time since last: 1000452917 ns, Reaching safepoint: 1204500 ns, At safepoint: 22792 ns, Total: 1227292 ns
[2023-07-17T15:44:42.806+0000][1][safepoint    ] Safepoint "Cleanup", Time since last: 1001986917 ns, Reaching safepoint: 1089958 ns, At safepoint: 25250 ns, Total: 1115208 ns
[2023-07-17T15:44:43.808+0000][1][safepoint    ] Safepoint "Cleanup", Time since last: 1000464292 ns, Reaching safepoint: 1198875 ns, At safepoint: 19875 ns, Total: 1218750 ns
[2023-07-17T15:44:44.812+0000][1][safepoint    ] Safepoint "Cleanup", Time since last: 1001810959 ns, Reaching safepoint: 2443834 ns, At safepoint: 87750 ns, Total: 2531584 ns
[2023-07-17T15:44:45.817+0000][1][safepoint    ] Safepoint "Cleanup", Time since last: 1003653167 ns, Reaching safepoint: 1749708 ns, At safepoint: 40833 ns, Total: 1790541 ns
[2023-07-17T15:44:46.822+0000][1][safepoint    ] Safepoint "Cleanup", Time since last: 1001239918 ns, Reaching safepoint: 2980750 ns, At safepoint: 82666 ns, Total: 3063416 ns
[2023-07-17T15:44:47.825+0000][1][safepoint    ] Safepoint "Cleanup", Time since last: 1001240834 ns, Reaching safepoint: 2340167 ns, At safepoint: 61875 ns, Total: 2402042 ns
[2023-07-17T15:44:48.831+0000][1][safepoint    ] Safepoint "Cleanup", Time since last: 1001998042 ns, Reaching safepoint: 3847542 ns, At safepoint: 82333 ns, Total: 3929875 ns
[2023-07-17T15:44:49.834+0000][1][safepoint    ] Safepoint "Cleanup", Time since last: 1001185125 ns, Reaching safepoint: 1569792 ns, At safepoint: 36167 ns, Total: 1605959 ns
[2023-07-17T15:44:50.801+0000][1][safepoint    ] Safepoint "RevokeBias", Time since last: 965474875 ns, Reaching safepoint: 1171875 ns, At safepoint: 303417 ns, Total: 1475292 ns
[2023-07-17T15:44:51.803+0000][1][safepoint    ] Safepoint "Cleanup", Time since last: 1000527959 ns, Reaching safepoint: 1414041 ns, At safepoint: 29917 ns, Total: 1443958 ns
[2023-07-17T15:44:52.812+0000][1][safepoint    ] Safepoint "Cleanup", Time since last: 1002432417 ns, Reaching safepoint: 5541125 ns, At safepoint: 420917 ns, Total: 5962042 ns
[2023-07-17T15:44:53.821+0000][1][safepoint    ] Safepoint "Cleanup", Time since last: 1006676250 ns, Reaching safepoint: 2547292 ns, At safepoint: 63417 ns, Total: 2610709 ns
[2023-07-17T15:44:54.824+0000][1][safepoint    ] Safepoint "Cleanup", Time since last: 1001434000 ns, Reaching safepoint: 1479875 ns, At safepoint: 28292 ns, Total: 1508167 ns
[2023-07-17T15:44:55.828+0000][1][safepoint    ] Safepoint "Cleanup", Time since last: 1001691167 ns, Reaching safepoint: 2489333 ns, At safepoint: 71209 ns, Total: 2560542 ns
[2023-07-17T15:44:56.833+0000][1][safepoint    ] Safepoint "Cleanup", Time since last: 1001384875 ns, Reaching safepoint: 3309958 ns, At safepoint: 81459 ns, Total: 3391417 ns
[2023-07-17T15:44:57.835+0000][1][safepoint    ] Safepoint "Cleanup", Time since last: 1001228958 ns, Reaching safepoint: 748042 ns, At safepoint: 18583 ns, Total: 766625 ns
[2023-07-17T15:44:58.839+0000][1][safepoint    ] Safepoint "Cleanup", Time since last: 1000862709 ns, Reaching safepoint: 3768042 ns, At safepoint: 95792 ns, Total: 3863834 ns
[2023-07-17T15:44:59.843+0000][1][safepoint    ] Safepoint "Cleanup", Time since last: 1001879125 ns, Reaching safepoint: 1550208 ns, At safepoint: 35959 ns, Total: 1586167 ns
[2023-07-17T15:45:00.846+0000][1][safepoint    ] Safepoint "Cleanup", Time since last: 1000869542 ns, Reaching safepoint: 2077042 ns, At safepoint: 22791 ns, Total: 2099833 ns
[2023-07-17T15:45:01.849+0000][1][safepoint    ] Safepoint "Cleanup", Time since last: 1000746542 ns, Reaching safepoint: 2055167 ns, At safepoint: 35792 ns, Total: 2090959 ns
[2023-07-17T15:45:02.853+0000][1][safepoint    ] Safepoint "Cleanup", Time since last: 1003314417 ns, Reaching safepoint: 1368042 ns, At safepoint: 29125 ns, Total: 1397167 ns
[2023-07-17T15:45:03.858+0000][1][safepoint    ] Safepoint "Cleanup", Time since last: 1002575875 ns, Reaching safepoint: 1894750 ns, At safepoint: 50167 ns, Total: 1944917 ns
[2023-07-17T15:45:04.865+0000][1][safepoint    ] Safepoint "Cleanup", Time since last: 1003056792 ns, Reaching safepoint: 3987083 ns, At safepoint: 115250 ns, Total: 4102333 ns
[2023-07-17T15:45:05.868+0000][1][safepoint    ] Safepoint "Cleanup", Time since last: 1002014334 ns, Reaching safepoint: 942417 ns, At safepoint: 42375 ns, Total: 984792 ns
[2023-07-17T15:45:06.872+0000][1][safepoint    ] Safepoint "Cleanup", Time since last: 1001588125 ns, Reaching safepoint: 2263833 ns, At safepoint: 50500 ns, Total: 2314333 ns
[2023-07-17T15:45:07.876+0000][1][safepoint    ] Safepoint "Cleanup", Time since last: 1002571209 ns, Reaching safepoint: 1604250 ns, At safepoint: 36500 ns, Total: 1640750 ns
[2023-07-17T15:45:08.880+0000][1][safepoint    ] Safepoint "Cleanup", Time since last: 1001935376 ns, Reaching safepoint: 2128000 ns, At safepoint: 61791 ns, Total: 2189791 ns
[2023-07-17T15:45:09.883+0000][1][safepoint    ] Safepoint "Cleanup", Time since last: 1000791168 ns, Reaching safepoint: 1871291 ns, At safepoint: 125542 ns, Total: 1996833 ns
[2023-07-17T15:45:10.884+0000][1][safepoint    ] Safepoint "Cleanup", Time since last: 1000806334 ns, Reaching safepoint: 653333 ns, At safepoint: 17667 ns, Total: 671000 ns
[2023-07-17T15:45:11.887+0000][1][safepoint    ] Safepoint "Cleanup", Time since last: 1001407042 ns, Reaching safepoint: 1192083 ns, At safepoint: 26167 ns, Total: 1218250 ns
[2023-07-17T15:45:12.890+0000][1][safepoint    ] Safepoint "Cleanup", Time since last: 1001477917 ns, Reaching safepoint: 1786083 ns, At safepoint: 46542 ns, Total: 1832625 ns
[2023-07-17T15:45:13.894+0000][1][safepoint    ] Safepoint "Cleanup", Time since last: 1003103625 ns, Reaching safepoint: 1169208 ns, At safepoint: 25542 ns, Total: 1194750 ns
[2023-07-17T15:45:14.897+0000][1][safepoint    ] Safepoint "Cleanup", Time since last: 1001422001 ns, Reaching safepoint: 1502750 ns, At safepoint: 49458 ns, Total: 1552208 ns
[2023-07-17T15:45:15.902+0000][1][safepoint    ] Safepoint "Cleanup", Time since last: 1002474167 ns, Reaching safepoint: 1855875 ns, At safepoint: 40542 ns, Total: 1896417 ns
[2023-07-17T15:45:16.905+0000][1][safepoint    ] Safepoint "Cleanup", Time since last: 1001725625 ns, Reaching safepoint: 1421500 ns, At safepoint: 46500 ns, Total: 1468000 ns
[2023-07-17T15:45:17.908+0000][1][safepoint    ] Safepoint "Cleanup", Time since last: 1000997459 ns, Reaching safepoint: 1728167 ns, At safepoint: 40708 ns, Total: 1768875 ns
[2023-07-17T15:45:18.131+0000][1][safepoint    ] Safepoint "RevokeBias", Time since last: 220643667 ns, Reaching safepoint: 654708 ns, At safepoint: 1531584 ns, Total: 2186292 ns
[2023-07-17T15:45:18.172+0000][1][safepoint    ] Safepoint "RevokeBias", Time since last: 40659333 ns, Reaching safepoint: 816292 ns, At safepoint: 88458 ns, Total: 904750 ns
[2023-07-17T15:45:18.196+0000][1][safepoint    ] Safepoint "RevokeBias", Time since last: 22273667 ns, Reaching safepoint: 1256666 ns, At safepoint: 79459 ns, Total: 1336125 ns
[2023-07-17T15:45:19.202+0000][1][safepoint    ] Safepoint "Cleanup", Time since last: 1001756958 ns, Reaching safepoint: 4032250 ns, At safepoint: 71125 ns, Total: 4103375 ns
[2023-07-17T15:45:20.207+0000][1][safepoint    ] Safepoint "Cleanup", Time since last: 1002029709 ns, Reaching safepoint: 3575042 ns, At safepoint: 96583 ns, Total: 3671625 ns
[2023-07-17T15:45:20.774+0000][1][safepoint    ] Safepoint "RevokeBias", Time since last: 564865750 ns, Reaching safepoint: 1647584 ns, At safepoint: 218250 ns, Total: 1865834 ns
[2023-07-17T15:45:21.776+0000][1][safepoint    ] Safepoint "Cleanup", Time since last: 1000396959 ns, Reaching safepoint: 1706333 ns, At safepoint: 29042 ns, Total: 1735375 ns
[2023-07-17T15:45:22.779+0000][1][safepoint    ] Safepoint "Cleanup", Time since last: 1000834542 ns, Reaching safepoint: 2312541 ns, At safepoint: 67417 ns, Total: 2379958 ns
[2023-07-17T15:45:23.784+0000][1][safepoint    ] Safepoint "Cleanup", Time since last: 1000877792 ns, Reaching safepoint: 3484959 ns, At safepoint: 71875 ns, Total: 3556834 ns
[2023-07-17T15:45:24.786+0000][1][safepoint    ] Safepoint "Cleanup", Time since last: 1001179917 ns, Reaching safepoint: 1154208 ns, At safepoint: 25333 ns, Total: 1179541 ns
[2023-07-17T15:45:25.788+0000][1][safepoint    ] Safepoint "Cleanup", Time since last: 1000569168 ns, Reaching safepoint: 844166 ns, At safepoint: 25209 ns, Total: 869375 ns
[2023-07-17T15:45:26.791+0000][1][safepoint    ] Safepoint "Cleanup", Time since last: 1000812417 ns, Reaching safepoint: 2755708 ns, At safepoint: 62833 ns, Total: 2818541 ns
[2023-07-17T15:45:27.796+0000][1][safepoint    ] Safepoint "Cleanup", Time since last: 1001778376 ns, Reaching safepoint: 2920958 ns, At safepoint: 71833 ns, Total: 2992791 ns
[2023-07-17T15:45:28.798+0000][1][safepoint    ] Safepoint "Cleanup", Time since last: 1001237251 ns, Reaching safepoint: 770500 ns, At safepoint: 39417 ns, Total: 809917 ns
[2023-07-17T15:45:29.801+0000][1][safepoint    ] Safepoint "Cleanup", Time since last: 1002340792 ns, Reaching safepoint: 822791 ns, At safepoint: 20584 ns, Total: 843375 ns
[2023-07-17T15:45:30.707+0000][1][safepoint    ] Safepoint "Deoptimize", Time since last: 900313250 ns, Reaching safepoint: 1209459 ns, At safepoint: 4279166 ns, Total: 5488625 ns
[2023-07-17T15:45:30.795+0000][1][gc,start     ] GC(40) Pause Young (Allocation Failure)
[2023-07-17T15:45:30.797+0000][1][gc,task      ] GC(40) Using 4 workers of 4 for evacuation
[2023-07-17T15:45:30.826+0000][1][gc,age       ] GC(40) Desired survivor size 8945664 bytes, new threshold 6 (max threshold 6)
[2023-07-17T15:45:30.826+0000][1][gc,age       ] GC(40) Age table with threshold 6 (max threshold 6)
[2023-07-17T15:45:30.826+0000][1][gc,age       ] GC(40) - age   1:     155760 bytes,     155760 total
[2023-07-17T15:45:30.826+0000][1][gc,age       ] GC(40) - age   2:       5752 bytes,     161512 total
[2023-07-17T15:45:30.827+0000][1][gc,age       ] GC(40) - age   3:       3896 bytes,     165408 total
[2023-07-17T15:45:30.827+0000][1][gc,age       ] GC(40) - age   4:      18816 bytes,     184224 total
[2023-07-17T15:45:30.827+0000][1][gc,age       ] GC(40) - age   5:       4624 bytes,     188848 total
[2023-07-17T15:45:30.827+0000][1][gc,age       ] GC(40) - age   6:       2744 bytes,     191592 total
[2023-07-17T15:45:30.828+0000][1][gc,heap      ] GC(40) ParNew: 139938K->247K(157248K)
[2023-07-17T15:45:30.828+0000][1][gc,heap      ] GC(40) CMS: 69142K->69157K(349568K)
[2023-07-17T15:45:30.829+0000][1][gc,metaspace ] GC(40) Metaspace: 89842K->89842K(1132544K)
[2023-07-17T15:45:30.829+0000][1][gc           ] GC(40) Pause Young (Allocation Failure) 204M->67M(494M) 34.384ms
[2023-07-17T15:45:30.830+0000][1][gc,cpu       ] GC(40) User=0.06s Sys=0.01s Real=0.03s
[2023-07-17T15:45:30.830+0000][1][safepoint    ] Safepoint "GenCollectForAllocation", Time since last: 86168542 ns, Reaching safepoint: 1463625 ns, At safepoint: 35359625 ns, Total: 36823250 ns
[2023-07-17T15:45:31.831+0000][1][safepoint    ] Safepoint "Cleanup", Time since last: 1000410084 ns, Reaching safepoint: 850500 ns, At safepoint: 20416 ns, Total: 870916 ns
[2023-07-17T15:45:32.833+0000][1][safepoint    ] Safepoint "Cleanup", Time since last: 1000864793 ns, Reaching safepoint: 801083 ns, At safepoint: 37458 ns, Total: 838541 ns
[2023-07-17T15:45:33.835+0000][1][safepoint    ] Safepoint "Cleanup", Time since last: 1000753751 ns, Reaching safepoint: 1460916 ns, At safepoint: 31125 ns, Total: 1492041 ns
[2023-07-17T15:45:34.839+0000][1][safepoint    ] Safepoint "Cleanup", Time since last: 1000627876 ns, Reaching safepoint: 2696958 ns, At safepoint: 83500 ns, Total: 2780458 ns
[2023-07-17T15:45:35.841+0000][1][safepoint    ] Safepoint "Cleanup", Time since last: 1001458042 ns, Reaching safepoint: 922709 ns, At safepoint: 24458 ns, Total: 947167 ns
[2023-07-17T15:45:36.846+0000][1][safepoint    ] Safepoint "Cleanup", Time since last: 1002152625 ns, Reaching safepoint: 2956250 ns, At safepoint: 115834 ns, Total: 3072084 ns
[2023-07-17T15:45:37.849+0000][1][safepoint    ] Safepoint "Cleanup", Time since last: 1001171750 ns, Reaching safepoint: 1675667 ns, At safepoint: 38250 ns, Total: 1713917 ns
[2023-07-17T15:45:38.854+0000][1][safepoint    ] Safepoint "Cleanup", Time since last: 1002381959 ns, Reaching safepoint: 2112333 ns, At safepoint: 55083 ns, Total: 2167416 ns
[2023-07-17T15:45:39.858+0000][1][safepoint    ] Safepoint "Cleanup", Time since last: 1001393376 ns, Reaching safepoint: 2701958 ns, At safepoint: 69750 ns, Total: 2771708 ns
[2023-07-17T15:45:40.804+0000][1][safepoint    ] Safepoint "RevokeBias", Time since last: 943994084 ns, Reaching safepoint: 1903250 ns, At safepoint: 554458 ns, Total: 2457708 ns
[2023-07-17T15:45:41.809+0000][1][safepoint    ] Safepoint "Cleanup", Time since last: 1000763209 ns, Reaching safepoint: 3998208 ns, At safepoint: 124875 ns, Total: 4123083 ns
[2023-07-17T15:45:42.812+0000][1][safepoint    ] Safepoint "Cleanup", Time since last: 1001931417 ns, Reaching safepoint: 975917 ns, At safepoint: 23083 ns, Total: 999000 ns
[2023-07-17T15:45:43.814+0000][1][safepoint    ] Safepoint "Cleanup", Time since last: 1000513876 ns, Reaching safepoint: 1266375 ns, At safepoint: 20375 ns, Total: 1286750 ns
[2023-07-17T15:45:44.816+0000][1][safepoint    ] Safepoint "Cleanup", Time since last: 1000924959 ns, Reaching safepoint: 825791 ns, At safepoint: 18417 ns, Total: 844208 ns
[2023-07-17T15:45:45.820+0000][1][safepoint    ] Safepoint "Cleanup", Time since last: 1000710167 ns, Reaching safepoint: 3570917 ns, At safepoint: 104500 ns, Total: 3675417 ns
[2023-07-17T15:45:46.826+0000][1][safepoint    ] Safepoint "Cleanup", Time since last: 1001729209 ns, Reaching safepoint: 3881875 ns, At safepoint: 85375 ns, Total: 3967250 ns
[2023-07-17T15:45:47.831+0000][1][safepoint    ] Safepoint "Cleanup", Time since last: 1002075417 ns, Reaching safepoint: 3019541 ns, At safepoint: 85792 ns, Total: 3105333 ns
[2023-07-17T15:45:48.837+0000][1][safepoint    ] Safepoint "Cleanup", Time since last: 1001914584 ns, Reaching safepoint: 4160458 ns, At safepoint: 90375 ns, Total: 4250833 ns
[2023-07-17T15:45:49.840+0000][1][safepoint    ] Safepoint "Cleanup", Time since last: 1002388501 ns, Reaching safepoint: 702583 ns, At safepoint: 16833 ns, Total: 719416 ns
[2023-07-17T15:45:50.841+0000][1][safepoint    ] Safepoint "Cleanup", Time since last: 1000530542 ns, Reaching safepoint: 633875 ns, At safepoint: 16417 ns, Total: 650292 ns
[2023-07-17T15:45:51.846+0000][1][safepoint    ] Safepoint "Cleanup", Time since last: 1000863209 ns, Reaching safepoint: 3939833 ns, At safepoint: 112792 ns, Total: 4052625 ns
[2023-07-17T15:45:52.854+0000][1][safepoint    ] Safepoint "Cleanup", Time since last: 1003142125 ns, Reaching safepoint: 4242709 ns, At safepoint: 96916 ns, Total: 4339625 ns
[2023-07-17T15:45:53.860+0000][1][safepoint    ] Safepoint "Cleanup", Time since last: 1001942834 ns, Reaching safepoint: 3635834 ns, At safepoint: 90625 ns, Total: 3726459 ns
[2023-07-17T15:45:54.864+0000][1][safepoint    ] Safepoint "Cleanup", Time since last: 1003945375 ns, Reaching safepoint: 617125 ns, At safepoint: 17208 ns, Total: 634333 ns
[2023-07-17T15:45:55.869+0000][1][safepoint    ] Safepoint "Cleanup", Time since last: 1002433418 ns, Reaching safepoint: 2179291 ns, At safepoint: 48667 ns, Total: 2227958 ns
[2023-07-17T15:45:56.875+0000][1][safepoint    ] Safepoint "Cleanup", Time since last: 1002787375 ns, Reaching safepoint: 3708000 ns, At safepoint: 88750 ns, Total: 3796750 ns
[2023-07-17T15:45:57.881+0000][1][safepoint    ] Safepoint "Cleanup", Time since last: 1001503001 ns, Reaching safepoint: 3959916 ns, At safepoint: 98917 ns, Total: 4058833 ns
[2023-07-17T15:45:58.888+0000][1][safepoint    ] Safepoint "Cleanup", Time since last: 1002325959 ns, Reaching safepoint: 4328917 ns, At safepoint: 128833 ns, Total: 4457750 ns
[2023-07-17T15:45:59.891+0000][1][safepoint    ] Safepoint "Cleanup", Time since last: 1002175292 ns, Reaching safepoint: 935833 ns, At safepoint: 22084 ns, Total: 957917 ns
[2023-07-17T15:46:00.758+0000][1][safepoint    ] Safepoint "RevokeBias", Time since last: 865802417 ns, Reaching safepoint: 1396083 ns, At safepoint: 175167 ns, Total: 1571250 ns
[2023-07-17T15:46:01.763+0000][1][safepoint    ] Safepoint "Cleanup", Time since last: 1001140959 ns, Reaching safepoint: 3133291 ns, At safepoint: 70334 ns, Total: 3203625 ns
[2023-07-17T15:46:02.765+0000][1][safepoint    ] Safepoint "Cleanup", Time since last: 1001595000 ns, Reaching safepoint: 655792 ns, At safepoint: 14791 ns, Total: 670583 ns
[2023-07-17T15:46:03.769+0000][1][safepoint    ] Safepoint "Cleanup", Time since last: 1001487459 ns, Reaching safepoint: 2649709 ns, At safepoint: 73250 ns, Total: 2722959 ns
[2023-07-17T15:46:04.775+0000][1][safepoint    ] Safepoint "Cleanup", Time since last: 1001244792 ns, Reaching safepoint: 4376291 ns, At safepoint: 235375 ns, Total: 4611666 ns
[2023-07-17T15:46:05.777+0000][1][safepoint    ] Safepoint "Cleanup", Time since last: 1001386376 ns, Reaching safepoint: 961250 ns, At safepoint: 19500 ns, Total: 980750 ns
[2023-07-17T15:46:06.781+0000][1][safepoint    ] Safepoint "Cleanup", Time since last: 1001150584 ns, Reaching safepoint: 2186291 ns, At safepoint: 53917 ns, Total: 2240208 ns
[2023-07-17T15:46:07.785+0000][1][safepoint    ] Safepoint "Cleanup", Time since last: 1001767126 ns, Reaching safepoint: 2871916 ns, At safepoint: 79834 ns, Total: 2951750 ns
[2023-07-17T15:46:08.787+0000][1][safepoint    ] Safepoint "Cleanup", Time since last: 1001212708 ns, Reaching safepoint: 838417 ns, At safepoint: 31042 ns, Total: 869459 ns
[2023-07-17T15:46:09.789+0000][1][safepoint    ] Safepoint "Cleanup", Time since last: 1001098167 ns, Reaching safepoint: 790000 ns, At safepoint: 23125 ns, Total: 813125 ns
[2023-07-17T15:46:10.792+0000][1][safepoint    ] Safepoint "Cleanup", Time since last: 1000588375 ns, Reaching safepoint: 1673500 ns, At safepoint: 32125 ns, Total: 1705625 ns
[2023-07-17T15:46:11.793+0000][1][safepoint    ] Safepoint "Cleanup", Time since last: 1000815792 ns, Reaching safepoint: 721667 ns, At safepoint: 17250 ns, Total: 738917 ns
[2023-07-17T15:46:12.795+0000][1][safepoint    ] Safepoint "Cleanup", Time since last: 1000608000 ns, Reaching safepoint: 1196083 ns, At safepoint: 18333 ns, Total: 1214416 ns
[2023-07-17T15:46:13.797+0000][1][safepoint    ] Safepoint "Cleanup", Time since last: 1001024959 ns, Reaching safepoint: 1099250 ns, At safepoint: 21292 ns, Total: 1120542 ns
[2023-07-17T15:46:14.801+0000][1][safepoint    ] Safepoint "Cleanup", Time since last: 1002138917 ns, Reaching safepoint: 1616542 ns, At safepoint: 39875 ns, Total: 1656417 ns
[2023-07-17T15:46:15.804+0000][1][safepoint    ] Safepoint "Cleanup", Time since last: 1002296917 ns, Reaching safepoint: 1253125 ns, At safepoint: 30166 ns, Total: 1283291 ns
[2023-07-17T15:46:16.809+0000][1][safepoint    ] Safepoint "Cleanup", Time since last: 1001292918 ns, Reaching safepoint: 3368041 ns, At safepoint: 87209 ns, Total: 3455250 ns
[2023-07-17T15:46:17.812+0000][1][safepoint    ] Safepoint "Cleanup", Time since last: 1002405750 ns, Reaching safepoint: 534125 ns, At safepoint: 19500 ns, Total: 553625 ns
[2023-07-17T15:46:18.814+0000][1][safepoint    ] Safepoint "Cleanup", Time since last: 1001051376 ns, Reaching safepoint: 573458 ns, At safepoint: 12625 ns, Total: 586083 ns
[2023-07-17T15:46:19.094+0000][1][safepoint    ] Safepoint "RevokeBias", Time since last: 279809542 ns, Reaching safepoint: 571750 ns, At safepoint: 131416 ns, Total: 703166 ns
[2023-07-17T15:46:19.116+0000][1][safepoint    ] Safepoint "RevokeBias", Time since last: 21023792 ns, Reaching safepoint: 661917 ns, At safepoint: 77041 ns, Total: 738958 ns
[2023-07-17T15:46:19.118+0000][1][safepoint    ] Safepoint "RevokeBias", Time since last: 1746959 ns, Reaching safepoint: 640083 ns, At safepoint: 55000 ns, Total: 695083 ns
[2023-07-17T15:46:20.120+0000][1][safepoint    ] Safepoint "Cleanup", Time since last: 1000421375 ns, Reaching safepoint: 1687459 ns, At safepoint: 39833 ns, Total: 1727292 ns
[2023-07-17T15:46:20.765+0000][1][safepoint    ] Safepoint "RevokeBias", Time since last: 642746500 ns, Reaching safepoint: 1450834 ns, At safepoint: 318791 ns, Total: 1769625 ns
[2023-07-17T15:46:21.768+0000][1][safepoint    ] Safepoint "Cleanup", Time since last: 1001288209 ns, Reaching safepoint: 2007917 ns, At safepoint: 48875 ns, Total: 2056792 ns
[2023-07-17T15:46:22.774+0000][1][safepoint    ] Safepoint "Cleanup", Time since last: 1002518334 ns, Reaching safepoint: 2731541 ns, At safepoint: 85084 ns, Total: 2816625 ns
[2023-07-17T15:46:23.776+0000][1][safepoint    ] Safepoint "Cleanup", Time since last: 1001078167 ns, Reaching safepoint: 1584875 ns, At safepoint: 39083 ns, Total: 1623958 ns
[2023-07-17T15:46:24.779+0000][1][safepoint    ] Safepoint "Cleanup", Time since last: 1001458084 ns, Reaching safepoint: 1083167 ns, At safepoint: 25958 ns, Total: 1109125 ns
[2023-07-17T15:46:25.781+0000][1][safepoint    ] Safepoint "Cleanup", Time since last: 1000699042 ns, Reaching safepoint: 1303875 ns, At safepoint: 25083 ns, Total: 1328958 ns
[2023-07-17T15:46:26.784+0000][1][safepoint    ] Safepoint "Cleanup", Time since last: 1000982584 ns, Reaching safepoint: 1823459 ns, At safepoint: 41500 ns, Total: 1864959 ns
[2023-07-17T15:46:27.786+0000][1][safepoint    ] Safepoint "Cleanup", Time since last: 1000804833 ns, Reaching safepoint: 1365167 ns, At safepoint: 35917 ns, Total: 1401084 ns
[2023-07-17T15:46:28.789+0000][1][safepoint    ] Safepoint "Cleanup", Time since last: 1001185792 ns, Reaching safepoint: 1402583 ns, At safepoint: 31292 ns, Total: 1433875 ns
[2023-07-17T15:46:29.790+0000][1][safepoint    ] Safepoint "Cleanup", Time since last: 1000747500 ns, Reaching safepoint: 607709 ns, At safepoint: 20916 ns, Total: 628625 ns
[2023-07-17T15:46:30.793+0000][1][safepoint    ] Safepoint "Cleanup", Time since last: 1000503251 ns, Reaching safepoint: 2038250 ns, At safepoint: 33167 ns, Total: 2071417 ns
[2023-07-17T15:46:31.798+0000][1][safepoint    ] Safepoint "Cleanup", Time since last: 1004497292 ns, Reaching safepoint: 697583 ns, At safepoint: 16125 ns, Total: 713708 ns
[2023-07-17T15:46:32.799+0000][1][safepoint    ] Safepoint "Cleanup", Time since last: 1000372459 ns, Reaching safepoint: 667542 ns, At safepoint: 16291 ns, Total: 683833 ns
[2023-07-17T15:46:33.800+0000][1][safepoint    ] Safepoint "Cleanup", Time since last: 1000409792 ns, Reaching safepoint: 1041959 ns, At safepoint: 15208 ns, Total: 1057167 ns
[2023-07-17T15:46:34.802+0000][1][safepoint    ] Safepoint "Cleanup", Time since last: 1000474334 ns, Reaching safepoint: 997333 ns, At safepoint: 20000 ns, Total: 1017333 ns
[2023-07-17T15:46:35.805+0000][1][safepoint    ] Safepoint "Cleanup", Time since last: 1002599209 ns, Reaching safepoint: 908000 ns, At safepoint: 23458 ns, Total: 931458 ns
[2023-07-17T15:46:36.807+0000][1][safepoint    ] Safepoint "Cleanup", Time since last: 1000725001 ns, Reaching safepoint: 643750 ns, At safepoint: 12291 ns, Total: 656041 ns
[2023-07-17T15:46:37.808+0000][1][safepoint    ] Safepoint "Cleanup", Time since last: 1000451418 ns, Reaching safepoint: 685875 ns, At safepoint: 13375 ns, Total: 699250 ns
[2023-07-17T15:46:38.809+0000][1][safepoint    ] Safepoint "Cleanup", Time since last: 1000646250 ns, Reaching safepoint: 591667 ns, At safepoint: 17375 ns, Total: 609042 ns
[2023-07-17T15:46:39.810+0000][1][safepoint    ] Safepoint "Cleanup", Time since last: 1000515584 ns, Reaching safepoint: 624791 ns, At safepoint: 22375 ns, Total: 647166 ns
[2023-07-17T15:46:40.812+0000][1][safepoint    ] Safepoint "Cleanup", Time since last: 1000448459 ns, Reaching safepoint: 1321708 ns, At safepoint: 47209 ns, Total: 1368917 ns
[2023-07-17T15:46:40.823+0000][1][safepoint    ] Safepoint "RevokeBias", Time since last: 8314750 ns, Reaching safepoint: 1671958 ns, At safepoint: 465792 ns, Total: 2137750 ns
[2023-07-17T15:46:41.823+0000][1][safepoint    ] Safepoint "Cleanup", Time since last: 1000331792 ns, Reaching safepoint: 643208 ns, At safepoint: 14917 ns, Total: 658125 ns
[2023-07-17T15:46:42.825+0000][1][safepoint    ] Safepoint "Cleanup", Time since last: 1000445417 ns, Reaching safepoint: 613125 ns, At safepoint: 11750 ns, Total: 624875 ns
[2023-07-17T15:46:43.827+0000][1][safepoint    ] Safepoint "Cleanup", Time since last: 1000683333 ns, Reaching safepoint: 1318667 ns, At safepoint: 14333 ns, Total: 1333000 ns
[2023-07-17T15:46:44.828+0000][1][safepoint    ] Safepoint "Cleanup", Time since last: 1000412668 ns, Reaching safepoint: 969500 ns, At safepoint: 18875 ns, Total: 988375 ns
[2023-07-17T15:46:45.829+0000][1][safepoint    ] Safepoint "Cleanup", Time since last: 1000628208 ns, Reaching safepoint: 729250 ns, At safepoint: 18917 ns, Total: 748167 ns
[2023-07-17T15:46:46.831+0000][1][safepoint    ] Safepoint "Cleanup", Time since last: 1000517459 ns, Reaching safepoint: 694167 ns, At safepoint: 17666 ns, Total: 711833 ns
[2023-07-17T15:46:47.832+0000][1][safepoint    ] Safepoint "Cleanup", Time since last: 1000494209 ns, Reaching safepoint: 685125 ns, At safepoint: 14333 ns, Total: 699458 ns
[2023-07-17T15:46:48.833+0000][1][safepoint    ] Safepoint "Cleanup", Time since last: 1000427918 ns, Reaching safepoint: 982583 ns, At safepoint: 17167 ns, Total: 999750 ns
[2023-07-17T15:46:49.834+0000][1][safepoint    ] Safepoint "Cleanup", Time since last: 1000415708 ns, Reaching safepoint: 674417 ns, At safepoint: 25583 ns, Total: 700000 ns
[2023-07-17T15:46:50.837+0000][1][safepoint    ] Safepoint "Cleanup", Time since last: 1000412834 ns, Reaching safepoint: 1978375 ns, At safepoint: 21167 ns, Total: 1999542 ns
[2023-07-17T15:46:51.840+0000][1][safepoint    ] Safepoint "Cleanup", Time since last: 1000805709 ns, Reaching safepoint: 2819166 ns, At safepoint: 128459 ns, Total: 2947625 ns
[2023-07-17T15:46:52.844+0000][1][safepoint    ] Safepoint "Cleanup", Time since last: 1000788417 ns, Reaching safepoint: 2255750 ns, At safepoint: 73250 ns, Total: 2329000 ns
[2023-07-17T15:46:53.848+0000][1][safepoint    ] Safepoint "Cleanup", Time since last: 1001152875 ns, Reaching safepoint: 3076417 ns, At safepoint: 69167 ns, Total: 3145584 ns
[2023-07-17T15:46:54.851+0000][1][safepoint    ] Safepoint "Cleanup", Time since last: 1001460375 ns, Reaching safepoint: 1600917 ns, At safepoint: 36625 ns, Total: 1637542 ns
[2023-07-17T15:46:55.854+0000][1][safepoint    ] Safepoint "Cleanup", Time since last: 1000993834 ns, Reaching safepoint: 2401958 ns, At safepoint: 54750 ns, Total: 2456708 ns
[2023-07-17T15:46:56.859+0000][1][safepoint    ] Safepoint "Cleanup", Time since last: 1000918375 ns, Reaching safepoint: 3760709 ns, At safepoint: 86458 ns, Total: 3847167 ns
[2023-07-17T15:46:57.865+0000][1][safepoint    ] Safepoint "Cleanup", Time since last: 1002318625 ns, Reaching safepoint: 3457750 ns, At safepoint: 78042 ns, Total: 3535792 ns
[2023-07-17T15:46:58.870+0000][1][safepoint    ] Safepoint "Cleanup", Time since last: 1003414292 ns, Reaching safepoint: 1309959 ns, At safepoint: 32458 ns, Total: 1342417 ns
[2023-07-17T15:46:59.872+0000][1][safepoint    ] Safepoint "Cleanup", Time since last: 1001265209 ns, Reaching safepoint: 1311041 ns, At safepoint: 26667 ns, Total: 1337708 ns
[2023-07-17T15:47:00.770+0000][1][safepoint    ] Safepoint "RevokeBias", Time since last: 895083542 ns, Reaching safepoint: 1844917 ns, At safepoint: 339667 ns, Total: 2184584 ns
[2023-07-17T15:47:01.772+0000][1][safepoint    ] Safepoint "Cleanup", Time since last: 1001002458 ns, Reaching safepoint: 1111042 ns, At safepoint: 23917 ns, Total: 1134959 ns
[2023-07-17T15:47:02.775+0000][1][safepoint    ] Safepoint "Cleanup", Time since last: 1001179417 ns, Reaching safepoint: 1639833 ns, At safepoint: 35042 ns, Total: 1674875 ns
[2023-07-17T15:47:03.779+0000][1][safepoint    ] Safepoint "Cleanup", Time since last: 1001499750 ns, Reaching safepoint: 2718834 ns, At safepoint: 54208 ns, Total: 2773042 ns
[2023-07-17T15:47:04.782+0000][1][safepoint    ] Safepoint "Cleanup", Time since last: 1001099709 ns, Reaching safepoint: 2008041 ns, At safepoint: 56250 ns, Total: 2064291 ns
[2023-07-17T15:47:05.784+0000][1][safepoint    ] Safepoint "Cleanup", Time since last: 1001157251 ns, Reaching safepoint: 611833 ns, At safepoint: 14209 ns, Total: 626042 ns
[2023-07-17T15:47:06.790+0000][1][safepoint    ] Safepoint "Cleanup", Time since last: 1002720792 ns, Reaching safepoint: 3394583 ns, At safepoint: 64250 ns, Total: 3458833 ns
[2023-07-17T15:47:07.792+0000][1][safepoint    ] Safepoint "Cleanup", Time since last: 1001084834 ns, Reaching safepoint: 774250 ns, At safepoint: 21625 ns, Total: 795875 ns
[2023-07-17T15:47:08.793+0000][1][safepoint    ] Safepoint "Cleanup", Time since last: 1000575250 ns, Reaching safepoint: 713917 ns, At safepoint: 19250 ns, Total: 733167 ns
[2023-07-17T15:47:09.796+0000][1][safepoint    ] Safepoint "Cleanup", Time since last: 1002325376 ns, Reaching safepoint: 632375 ns, At safepoint: 15208 ns, Total: 647583 ns
[2023-07-17T15:47:10.774+0000][1][safepoint    ] Safepoint "RevokeBias", Time since last: 973560625 ns, Reaching safepoint: 3391250 ns, At safepoint: 862334 ns, Total: 4253584 ns
[2023-07-17T15:47:11.776+0000][1][safepoint    ] Safepoint "Cleanup", Time since last: 1000747625 ns, Reaching safepoint: 953958 ns, At safepoint: 20667 ns, Total: 974625 ns
[2023-07-17T15:47:12.778+0000][1][safepoint    ] Safepoint "Cleanup", Time since last: 1000615542 ns, Reaching safepoint: 1504875 ns, At safepoint: 38500 ns, Total: 1543375 ns
[2023-07-17T15:47:13.780+0000][1][safepoint    ] Safepoint "Cleanup", Time since last: 1000745959 ns, Reaching safepoint: 1178375 ns, At safepoint: 23958 ns, Total: 1202333 ns
[2023-07-17T15:47:14.783+0000][1][safepoint    ] Safepoint "Cleanup", Time since last: 1000562667 ns, Reaching safepoint: 2876375 ns, At safepoint: 71250 ns, Total: 2947625 ns
[2023-07-17T15:47:15.788+0000][1][safepoint    ] Safepoint "Cleanup", Time since last: 1002140542 ns, Reaching safepoint: 2331167 ns, At safepoint: 51500 ns, Total: 2382667 ns
[2023-07-17T15:47:16.793+0000][1][safepoint    ] Safepoint "Cleanup", Time since last: 1003161501 ns, Reaching safepoint: 1832583 ns, At safepoint: 42292 ns, Total: 1874875 ns
[2023-07-17T15:47:17.797+0000][1][safepoint    ] Safepoint "Cleanup", Time since last: 1000824208 ns, Reaching safepoint: 2856834 ns, At safepoint: 62916 ns, Total: 2919750 ns
[2023-07-17T15:47:18.803+0000][1][safepoint    ] Safepoint "Cleanup", Time since last: 1002714501 ns, Reaching safepoint: 3773417 ns, At safepoint: 109000 ns, Total: 3882417 ns
[2023-07-17T15:47:19.813+0000][1][safepoint    ] Safepoint "Cleanup", Time since last: 1006708250 ns, Reaching safepoint: 3231458 ns, At safepoint: 93500 ns, Total: 3324958 ns
[2023-07-17T15:47:20.131+0000][1][safepoint    ] Safepoint "RevokeBias", Time since last: 316550750 ns, Reaching safepoint: 1325375 ns, At safepoint: 174375 ns, Total: 1499750 ns
[2023-07-17T15:47:20.134+0000][1][safepoint    ] Safepoint "RevokeBias", Time since last: 1416834 ns, Reaching safepoint: 1148041 ns, At safepoint: 101000 ns, Total: 1249041 ns
[2023-07-17T15:47:20.140+0000][1][safepoint    ] Safepoint "RevokeBias", Time since last: 5889917 ns, Reaching safepoint: 624875 ns, At safepoint: 81208 ns, Total: 706083 ns
[2023-07-17T15:47:20.163+0000][1][safepoint    ] Safepoint "RevokeBias", Time since last: 21626792 ns, Reaching safepoint: 740042 ns, At safepoint: 97166 ns, Total: 837208 ns
[2023-07-17T15:47:20.168+0000][1][safepoint    ] Safepoint "BulkRevokeBias", Time since last: 1908500 ns, Reaching safepoint: 678000 ns, At safepoint: 3000584 ns, Total: 3678584 ns
[2023-07-17T15:47:20.173+0000][1][safepoint    ] Safepoint "RevokeBias", Time since last: 2508375 ns, Reaching safepoint: 1443083 ns, At safepoint: 75292 ns, Total: 1518375 ns
[2023-07-17T15:47:21.175+0000][1][safepoint    ] Safepoint "Cleanup", Time since last: 1000415084 ns, Reaching safepoint: 2161791 ns, At safepoint: 70000 ns, Total: 2231791 ns
[2023-07-17T15:47:22.181+0000][1][safepoint    ] Safepoint "Cleanup", Time since last: 1001090459 ns, Reaching safepoint: 4376083 ns, At safepoint: 114667 ns, Total: 4490750 ns
[2023-07-17T15:47:23.186+0000][1][safepoint    ] Safepoint "Cleanup", Time since last: 1002322667 ns, Reaching safepoint: 2590959 ns, At safepoint: 68083 ns, Total: 2659042 ns
[2023-07-17T15:47:24.191+0000][1][safepoint    ] Safepoint "Cleanup", Time since last: 1001442042 ns, Reaching safepoint: 3716458 ns, At safepoint: 110625 ns, Total: 3827083 ns
[2023-07-17T15:47:25.197+0000][1][safepoint    ] Safepoint "Cleanup", Time since last: 1002340126 ns, Reaching safepoint: 3572500 ns, At safepoint: 91042 ns, Total: 3663542 ns
[2023-07-17T15:47:25.819+0000][1][gc,start     ] GC(41) Pause Young (Allocation Failure)
[2023-07-17T15:47:25.820+0000][1][gc,task      ] GC(41) Using 4 workers of 4 for evacuation
[2023-07-17T15:47:25.833+0000][1][gc,age       ] GC(41) Desired survivor size 8945664 bytes, new threshold 6 (max threshold 6)
[2023-07-17T15:47:25.833+0000][1][gc,age       ] GC(41) Age table with threshold 6 (max threshold 6)
[2023-07-17T15:47:25.834+0000][1][gc,age       ] GC(41) - age   1:     136688 bytes,     136688 total
[2023-07-17T15:47:25.834+0000][1][gc,age       ] GC(41) - age   2:       4496 bytes,     141184 total
[2023-07-17T15:47:25.834+0000][1][gc,age       ] GC(41) - age   3:       5424 bytes,     146608 total
[2023-07-17T15:47:25.834+0000][1][gc,age       ] GC(41) - age   4:       3896 bytes,     150504 total
[2023-07-17T15:47:25.834+0000][1][gc,age       ] GC(41) - age   5:      18816 bytes,     169320 total
[2023-07-17T15:47:25.834+0000][1][gc,age       ] GC(41) - age   6:       4504 bytes,     173824 total
[2023-07-17T15:47:25.835+0000][1][gc,heap      ] GC(41) ParNew: 140023K->251K(157248K)
[2023-07-17T15:47:25.835+0000][1][gc,heap      ] GC(41) CMS: 69157K->69160K(349568K)
[2023-07-17T15:47:25.835+0000][1][gc,metaspace ] GC(41) Metaspace: 89853K->89853K(1132544K)
[2023-07-17T15:47:25.835+0000][1][gc           ] GC(41) Pause Young (Allocation Failure) 204M->67M(494M) 16.037ms
[2023-07-17T15:47:25.835+0000][1][gc,cpu       ] GC(41) User=0.03s Sys=0.00s Real=0.02s
[2023-07-17T15:47:25.836+0000][1][safepoint    ] Safepoint "GenCollectForAllocation", Time since last: 620682917 ns, Reaching safepoint: 1379583 ns, At safepoint: 16556292 ns, Total: 17935875 ns
[2023-07-17T15:47:26.837+0000][1][safepoint    ] Safepoint "Cleanup", Time since last: 1000270917 ns, Reaching safepoint: 716791 ns, At safepoint: 31000 ns, Total: 747791 ns
[2023-07-17T15:47:27.838+0000][1][safepoint    ] Safepoint "Cleanup", Time since last: 1000403376 ns, Reaching safepoint: 612166 ns, At safepoint: 14959 ns, Total: 627125 ns
[2023-07-17T15:47:28.839+0000][1][safepoint    ] Safepoint "Cleanup", Time since last: 1000441917 ns, Reaching safepoint: 611292 ns, At safepoint: 12791 ns, Total: 624083 ns
[2023-07-17T15:47:29.840+0000][1][safepoint    ] Safepoint "Cleanup", Time since last: 1000554084 ns, Reaching safepoint: 654833 ns, At safepoint: 14959 ns, Total: 669792 ns
[2023-07-17T15:47:30.770+0000][1][safepoint    ] Safepoint "BulkRevokeBias", Time since last: 926538375 ns, Reaching safepoint: 1907375 ns, At safepoint: 1705209 ns, Total: 3612584 ns
[2023-07-17T15:47:31.772+0000][1][safepoint    ] Safepoint "Cleanup", Time since last: 1000761000 ns, Reaching safepoint: 697917 ns, At safepoint: 17875 ns, Total: 715792 ns
[2023-07-17T15:47:32.776+0000][1][safepoint    ] Safepoint "Cleanup", Time since last: 1000648917 ns, Reaching safepoint: 3576375 ns, At safepoint: 91625 ns, Total: 3668000 ns
[2023-07-17T15:47:33.778+0000][1][safepoint    ] Safepoint "Cleanup", Time since last: 1001862542 ns, Reaching safepoint: 614167 ns, At safepoint: 13666 ns, Total: 627833 ns
[2023-07-17T15:47:34.780+0000][1][safepoint    ] Safepoint "Cleanup", Time since last: 1000488792 ns, Reaching safepoint: 649417 ns, At safepoint: 14458 ns, Total: 663875 ns
[2023-07-17T15:47:35.781+0000][1][safepoint    ] Safepoint "Cleanup", Time since last: 1000643543 ns, Reaching safepoint: 663375 ns, At safepoint: 16375 ns, Total: 679750 ns
[2023-07-17T15:47:36.786+0000][1][safepoint    ] Safepoint "Cleanup", Time since last: 1000833708 ns, Reaching safepoint: 3668375 ns, At safepoint: 94834 ns, Total: 3763209 ns
[2023-07-17T15:47:37.790+0000][1][safepoint    ] Safepoint "Cleanup", Time since last: 1001689917 ns, Reaching safepoint: 3038458 ns, At safepoint: 75417 ns, Total: 3113875 ns
[2023-07-17T15:47:38.794+0000][1][safepoint    ] Safepoint "Cleanup", Time since last: 1001238959 ns, Reaching safepoint: 1915375 ns, At safepoint: 48791 ns, Total: 1964166 ns
[2023-07-17T15:47:39.798+0000][1][safepoint    ] Safepoint "Cleanup", Time since last: 1002969709 ns, Reaching safepoint: 1503584 ns, At safepoint: 38333 ns, Total: 1541917 ns
[2023-07-17T15:47:40.800+0000][1][safepoint    ] Safepoint "Cleanup", Time since last: 1000881709 ns, Reaching safepoint: 690000 ns, At safepoint: 20250 ns, Total: 710250 ns
[2023-07-17T15:47:41.806+0000][1][safepoint    ] Safepoint "Cleanup", Time since last: 1003000875 ns, Reaching safepoint: 3285292 ns, At safepoint: 94916 ns, Total: 3380208 ns
[2023-07-17T15:47:42.809+0000][1][safepoint    ] Safepoint "Cleanup", Time since last: 1002098584 ns, Reaching safepoint: 1455333 ns, At safepoint: 36500 ns, Total: 1491833 ns
[2023-07-17T15:47:43.812+0000][1][safepoint    ] Safepoint "Cleanup", Time since last: 1000940376 ns, Reaching safepoint: 1094291 ns, At safepoint: 20542 ns, Total: 1114833 ns
[2023-07-17T15:47:44.813+0000][1][safepoint    ] Safepoint "Cleanup", Time since last: 1000802959 ns, Reaching safepoint: 742292 ns, At safepoint: 15250 ns, Total: 757542 ns
[2023-07-17T15:47:45.815+0000][1][safepoint    ] Safepoint "Cleanup", Time since last: 1000851542 ns, Reaching safepoint: 628583 ns, At safepoint: 16500 ns, Total: 645083 ns
[2023-07-17T15:47:46.816+0000][1][safepoint    ] Safepoint "Cleanup", Time since last: 1000402917 ns, Reaching safepoint: 725292 ns, At safepoint: 28000 ns, Total: 753292 ns
[2023-07-17T15:47:47.953+0000][1][safepoint    ] Safepoint "Cleanup", Time since last: 1133646042 ns, Reaching safepoint: 3489042 ns, At safepoint: 68416 ns, Total: 3557458 ns
[2023-07-17T15:47:48.956+0000][1][safepoint    ] Safepoint "Cleanup", Time since last: 1002289001 ns, Reaching safepoint: 1067042 ns, At safepoint: 24750 ns, Total: 1091792 ns
[2023-07-17T15:47:49.959+0000][1][safepoint    ] Safepoint "Cleanup", Time since last: 1001475250 ns, Reaching safepoint: 1546958 ns, At safepoint: 42875 ns, Total: 1589833 ns
[2023-07-17T15:47:50.967+0000][1][safepoint    ] Safepoint "Cleanup", Time since last: 1002924668 ns, Reaching safepoint: 2425416 ns, At safepoint: 345667 ns, Total: 2771083 ns
[2023-07-17T15:47:51.976+0000][1][safepoint    ] Safepoint "Cleanup", Time since last: 1007466500 ns, Reaching safepoint: 3376542 ns, At safepoint: 80875 ns, Total: 3457417 ns
[2023-07-17T15:47:52.981+0000][1][safepoint    ] Safepoint "Cleanup", Time since last: 1002201250 ns, Reaching safepoint: 2446625 ns, At safepoint: 84667 ns, Total: 2531292 ns
[2023-07-17T15:47:53.984+0000][1][safepoint    ] Safepoint "Cleanup", Time since last: 1000932876 ns, Reaching safepoint: 2604500 ns, At safepoint: 81333 ns, Total: 2685833 ns
[2023-07-17T15:47:54.991+0000][1][safepoint    ] Safepoint "Cleanup", Time since last: 1002825000 ns, Reaching safepoint: 3481417 ns, At safepoint: 91625 ns, Total: 3573042 ns
[2023-07-17T15:47:55.997+0000][1][safepoint    ] Safepoint "Cleanup", Time since last: 1002093584 ns, Reaching safepoint: 3533000 ns, At safepoint: 89083 ns, Total: 3622083 ns
[2023-07-17T15:47:57.003+0000][1][safepoint    ] Safepoint "Cleanup", Time since last: 1002696751 ns, Reaching safepoint: 3799500 ns, At safepoint: 104291 ns, Total: 3903791 ns
[2023-07-17T15:47:58.008+0000][1][safepoint    ] Safepoint "Cleanup", Time since last: 1002269501 ns, Reaching safepoint: 2920167 ns, At safepoint: 82500 ns, Total: 3002667 ns
[2023-07-17T15:47:59.014+0000][1][safepoint    ] Safepoint "Cleanup", Time since last: 1002392375 ns, Reaching safepoint: 3544458 ns, At safepoint: 66834 ns, Total: 3611292 ns
[2023-07-17T15:48:00.019+0000][1][safepoint    ] Safepoint "Cleanup", Time since last: 1001343417 ns, Reaching safepoint: 3133750 ns, At safepoint: 69042 ns, Total: 3202792 ns
[2023-07-17T15:48:01.021+0000][1][safepoint    ] Safepoint "Cleanup", Time since last: 1001317958 ns, Reaching safepoint: 861209 ns, At safepoint: 19375 ns, Total: 880584 ns
[2023-07-17T15:48:02.022+0000][1][safepoint    ] Safepoint "Cleanup", Time since last: 1000520208 ns, Reaching safepoint: 593709 ns, At safepoint: 13291 ns, Total: 607000 ns
[2023-07-17T15:48:03.025+0000][1][safepoint    ] Safepoint "Cleanup", Time since last: 1000420543 ns, Reaching safepoint: 1888583 ns, At safepoint: 33750 ns, Total: 1922333 ns
[2023-07-17T15:48:04.029+0000][1][safepoint    ] Safepoint "Cleanup", Time since last: 1001826084 ns, Reaching safepoint: 2691291 ns, At safepoint: 54417 ns, Total: 2745708 ns
[2023-07-17T15:48:05.034+0000][1][safepoint    ] Safepoint "Cleanup", Time since last: 1001579167 ns, Reaching safepoint: 3058750 ns, At safepoint: 71792 ns, Total: 3130542 ns
[2023-07-17T15:48:06.038+0000][1][safepoint    ] Safepoint "Cleanup", Time since last: 1001370917 ns, Reaching safepoint: 2556875 ns, At safepoint: 60292 ns, Total: 2617167 ns
[2023-07-17T15:48:07.040+0000][1][safepoint    ] Safepoint "Cleanup", Time since last: 1001103125 ns, Reaching safepoint: 1132959 ns, At safepoint: 25083 ns, Total: 1158042 ns
[2023-07-17T15:48:08.045+0000][1][safepoint    ] Safepoint "Cleanup", Time since last: 1002050542 ns, Reaching safepoint: 2592667 ns, At safepoint: 59000 ns, Total: 2651667 ns
[2023-07-17T15:48:09.351+0000][1][safepoint    ] Safepoint "Cleanup", Time since last: 1304953709 ns, Reaching safepoint: 857416 ns, At safepoint: 23417 ns, Total: 880833 ns
[2023-07-17T15:48:10.354+0000][1][safepoint    ] Safepoint "Cleanup", Time since last: 1001053834 ns, Reaching safepoint: 1794458 ns, At safepoint: 42250 ns, Total: 1836708 ns
[2023-07-17T15:48:11.356+0000][1][safepoint    ] Safepoint "Cleanup", Time since last: 1001680876 ns, Reaching safepoint: 745083 ns, At safepoint: 21417 ns, Total: 766500 ns
[2023-07-17T15:48:12.361+0000][1][safepoint    ] Safepoint "Cleanup", Time since last: 1001577749 ns, Reaching safepoint: 3632000 ns, At safepoint: 61084 ns, Total: 3693084 ns
[2023-07-17T15:48:13.365+0000][1][safepoint    ] Safepoint "Cleanup", Time since last: 1001854500 ns, Reaching safepoint: 1812167 ns, At safepoint: 47417 ns, Total: 1859584 ns
[2023-07-17T15:48:14.368+0000][1][safepoint    ] Safepoint "Cleanup", Time since last: 1001181917 ns, Reaching safepoint: 2225916 ns, At safepoint: 25417 ns, Total: 2251333 ns
[2023-07-17T15:48:15.372+0000][1][safepoint    ] Safepoint "Cleanup", Time since last: 1000993126 ns, Reaching safepoint: 3131041 ns, At safepoint: 67542 ns, Total: 3198583 ns
[2023-07-17T15:48:16.374+0000][1][safepoint    ] Safepoint "Cleanup", Time since last: 1001021959 ns, Reaching safepoint: 701958 ns, At safepoint: 19833 ns, Total: 721791 ns
[2023-07-17T15:48:17.375+0000][1][safepoint    ] Safepoint "Cleanup", Time since last: 1000435126 ns, Reaching safepoint: 790375 ns, At safepoint: 15708 ns, Total: 806083 ns
[2023-07-17T15:48:18.376+0000][1][safepoint    ] Safepoint "Cleanup", Time since last: 1000409876 ns, Reaching safepoint: 610791 ns, At safepoint: 16334 ns, Total: 627125 ns
[2023-07-17T15:48:19.378+0000][1][safepoint    ] Safepoint "Cleanup", Time since last: 1000463458 ns, Reaching safepoint: 1124042 ns, At safepoint: 46500 ns, Total: 1170542 ns
[2023-07-17T15:48:20.379+0000][1][safepoint    ] Safepoint "Cleanup", Time since last: 1000531751 ns, Reaching safepoint: 774791 ns, At safepoint: 18125 ns, Total: 792916 ns
[2023-07-17T15:48:21.096+0000][1][safepoint    ] Safepoint "RevokeBias", Time since last: 714635376 ns, Reaching safepoint: 1415916 ns, At safepoint: 984917 ns, Total: 2400833 ns
[2023-07-17T15:48:21.110+0000][1][safepoint    ] Safepoint "RevokeBias", Time since last: 12631000 ns, Reaching safepoint: 1079042 ns, At safepoint: 109250 ns, Total: 1188292 ns
[2023-07-17T15:48:21.140+0000][1][safepoint    ] Safepoint "RevokeBias", Time since last: 27921625 ns, Reaching safepoint: 1114958 ns, At safepoint: 455042 ns, Total: 1570000 ns
[2023-07-17T15:48:21.142+0000][1][safepoint    ] Safepoint "RevokeBias", Time since last: 1630416 ns, Reaching safepoint: 820250 ns, At safepoint: 113417 ns, Total: 933667 ns
[2023-07-17T15:48:21.153+0000][1][safepoint    ] Safepoint "RevokeBias", Time since last: 9086250 ns, Reaching safepoint: 2067333 ns, At safepoint: 94875 ns, Total: 2162208 ns
[2023-07-17T15:48:22.154+0000][1][safepoint    ] Safepoint "Cleanup", Time since last: 1000296626 ns, Reaching safepoint: 687833 ns, At safepoint: 17917 ns, Total: 705750 ns
[2023-07-17T15:48:23.156+0000][1][safepoint    ] Safepoint "Cleanup", Time since last: 1000423250 ns, Reaching safepoint: 611417 ns, At safepoint: 15458 ns, Total: 626875 ns
[2023-07-17T15:48:24.157+0000][1][safepoint    ] Safepoint "Cleanup", Time since last: 1000450667 ns, Reaching safepoint: 781000 ns, At safepoint: 14625 ns, Total: 795625 ns
[2023-07-17T15:48:25.158+0000][1][safepoint    ] Safepoint "Cleanup", Time since last: 1000400168 ns, Reaching safepoint: 631875 ns, At safepoint: 32375 ns, Total: 664250 ns
[2023-07-17T15:48:26.159+0000][1][safepoint    ] Safepoint "Cleanup", Time since last: 1000591958 ns, Reaching safepoint: 819042 ns, At safepoint: 19583 ns, Total: 838625 ns
[2023-07-17T15:48:27.160+0000][1][safepoint    ] Safepoint "Cleanup", Time since last: 1000341001 ns, Reaching safepoint: 627125 ns, At safepoint: 16458 ns, Total: 643583 ns
[2023-07-17T15:48:28.161+0000][1][safepoint    ] Safepoint "Cleanup", Time since last: 1000420959 ns, Reaching safepoint: 584125 ns, At safepoint: 31125 ns, Total: 615250 ns
[2023-07-17T15:48:29.162+0000][1][safepoint    ] Safepoint "Cleanup", Time since last: 1000535459 ns, Reaching safepoint: 607833 ns, At safepoint: 31917 ns, Total: 639750 ns
[2023-07-17T15:48:30.164+0000][1][safepoint    ] Safepoint "Cleanup", Time since last: 1000755250 ns, Reaching safepoint: 617375 ns, At safepoint: 29625 ns, Total: 647000 ns
[2023-07-17T15:48:31.165+0000][1][safepoint    ] Safepoint "Cleanup", Time since last: 1000438292 ns, Reaching safepoint: 698834 ns, At safepoint: 19500 ns, Total: 718334 ns
[2023-07-17T15:48:32.167+0000][1][safepoint    ] Safepoint "Cleanup", Time since last: 1000675250 ns, Reaching safepoint: 1238250 ns, At safepoint: 20334 ns, Total: 1258584 ns
[2023-07-17T15:48:33.168+0000][1][safepoint    ] Safepoint "Cleanup", Time since last: 1000509500 ns, Reaching safepoint: 831833 ns, At safepoint: 18750 ns, Total: 850583 ns
[2023-07-17T15:48:34.169+0000][1][safepoint    ] Safepoint "Cleanup", Time since last: 1000451626 ns, Reaching safepoint: 607583 ns, At safepoint: 14500 ns, Total: 622083 ns
[2023-07-17T15:48:35.170+0000][1][safepoint    ] Safepoint "Cleanup", Time since last: 1000410001 ns, Reaching safepoint: 614500 ns, At safepoint: 15333 ns, Total: 629833 ns
[2023-07-17T15:48:36.172+0000][1][safepoint    ] Safepoint "Cleanup", Time since last: 1000465167 ns, Reaching safepoint: 1137958 ns, At safepoint: 28292 ns, Total: 1166250 ns
[2023-07-17T15:48:37.173+0000][1][safepoint    ] Safepoint "Cleanup", Time since last: 1000531834 ns, Reaching safepoint: 603042 ns, At safepoint: 14750 ns, Total: 617792 ns
[2023-07-17T15:48:38.177+0000][1][safepoint    ] Safepoint "Cleanup", Time since last: 1000702167 ns, Reaching safepoint: 3412416 ns, At safepoint: 71709 ns, Total: 3484125 ns
[2023-07-17T15:48:39.183+0000][1][safepoint    ] Safepoint "Cleanup", Time since last: 1001594875 ns, Reaching safepoint: 3384667 ns, At safepoint: 86667 ns, Total: 3471334 ns
[2023-07-17T15:48:40.187+0000][1][safepoint    ] Safepoint "Cleanup", Time since last: 1002383125 ns, Reaching safepoint: 2319958 ns, At safepoint: 74250 ns, Total: 2394208 ns
[2023-07-17T15:48:41.194+0000][1][safepoint    ] Safepoint "Cleanup", Time since last: 1002675209 ns, Reaching safepoint: 3465459 ns, At safepoint: 90833 ns, Total: 3556292 ns
[2023-07-17T15:48:42.198+0000][1][safepoint    ] Safepoint "Cleanup", Time since last: 1002654833 ns, Reaching safepoint: 1569083 ns, At safepoint: 42000 ns, Total: 1611083 ns
[2023-07-17T15:48:43.201+0000][1][safepoint    ] Safepoint "Cleanup", Time since last: 1001258667 ns, Reaching safepoint: 2430375 ns, At safepoint: 72250 ns, Total: 2502625 ns
[2023-07-17T15:48:44.204+0000][1][safepoint    ] Safepoint "Cleanup", Time since last: 1001335126 ns, Reaching safepoint: 1225750 ns, At safepoint: 61042 ns, Total: 1286792 ns
[2023-07-17T15:48:45.207+0000][1][safepoint    ] Safepoint "Cleanup", Time since last: 1001725667 ns, Reaching safepoint: 1463291 ns, At safepoint: 28584 ns, Total: 1491875 ns
[2023-07-17T15:48:46.211+0000][1][safepoint    ] Safepoint "Cleanup", Time since last: 1000729042 ns, Reaching safepoint: 3003417 ns, At safepoint: 79250 ns, Total: 3082667 ns
[2023-07-17T15:48:47.218+0000][1][safepoint    ] Safepoint "Cleanup", Time since last: 1003745917 ns, Reaching safepoint: 3525041 ns, At safepoint: 60459 ns, Total: 3585500 ns
[2023-07-17T15:48:48.224+0000][1][safepoint    ] Safepoint "Cleanup", Time since last: 1001871667 ns, Reaching safepoint: 3928750 ns, At safepoint: 108417 ns, Total: 4037167 ns
[2023-07-17T15:48:49.231+0000][1][safepoint    ] Safepoint "Cleanup", Time since last: 1002912167 ns, Reaching safepoint: 3529083 ns, At safepoint: 71000 ns, Total: 3600083 ns
[2023-07-17T15:48:50.238+0000][1][safepoint    ] Safepoint "Cleanup", Time since last: 1003510876 ns, Reaching safepoint: 3654958 ns, At safepoint: 77583 ns, Total: 3732541 ns
[2023-07-17T15:48:50.782+0000][1][safepoint    ] Safepoint "RevokeBias", Time since last: 542812292 ns, Reaching safepoint: 1497083 ns, At safepoint: 71667 ns, Total: 1568750 ns
[2023-07-17T15:48:51.786+0000][1][safepoint    ] Safepoint "Cleanup", Time since last: 1002114876 ns, Reaching safepoint: 1436125 ns, At safepoint: 34500 ns, Total: 1470625 ns
[2023-07-17T15:48:52.789+0000][1][safepoint    ] Safepoint "Cleanup", Time since last: 1000716792 ns, Reaching safepoint: 2254833 ns, At safepoint: 46417 ns, Total: 2301250 ns
[2023-07-17T15:48:53.793+0000][1][safepoint    ] Safepoint "Cleanup", Time since last: 1001719459 ns, Reaching safepoint: 1966958 ns, At safepoint: 33417 ns, Total: 2000375 ns
[2023-07-17T15:48:54.797+0000][1][safepoint    ] Safepoint "Cleanup", Time since last: 1001514542 ns, Reaching safepoint: 2746791 ns, At safepoint: 55000 ns, Total: 2801791 ns
[2023-07-17T15:48:55.801+0000][1][safepoint    ] Safepoint "Cleanup", Time since last: 1002191792 ns, Reaching safepoint: 1969959 ns, At safepoint: 47167 ns, Total: 2017126 ns
[2023-07-17T15:48:56.803+0000][1][safepoint    ] Safepoint "Cleanup", Time since last: 1000712000 ns, Reaching safepoint: 1131708 ns, At safepoint: 23917 ns, Total: 1155625 ns
[2023-07-17T15:48:57.808+0000][1][safepoint    ] Safepoint "Cleanup", Time since last: 1002197500 ns, Reaching safepoint: 2786000 ns, At safepoint: 67084 ns, Total: 2853084 ns
[2023-07-17T15:48:58.815+0000][1][safepoint    ] Safepoint "Cleanup", Time since last: 1003051792 ns, Reaching safepoint: 3423667 ns, At safepoint: 110208 ns, Total: 3533875 ns
[2023-07-17T15:48:59.820+0000][1][safepoint    ] Safepoint "Cleanup", Time since last: 1001876584 ns, Reaching safepoint: 3125583 ns, At safepoint: 79125 ns, Total: 3204708 ns
[2023-07-17T15:49:00.822+0000][1][safepoint    ] Safepoint "Cleanup", Time since last: 1001200459 ns, Reaching safepoint: 1358375 ns, At safepoint: 20708 ns, Total: 1379083 ns
[2023-07-17T15:49:01.825+0000][1][safepoint    ] Safepoint "Cleanup", Time since last: 1001753626 ns, Reaching safepoint: 1138000 ns, At safepoint: 24791 ns, Total: 1162791 ns
[2023-07-17T15:49:02.831+0000][1][safepoint    ] Safepoint "Cleanup", Time since last: 1001872543 ns, Reaching safepoint: 3256041 ns, At safepoint: 54459 ns, Total: 3310500 ns
[2023-07-17T15:49:03.835+0000][1][safepoint    ] Safepoint "Cleanup", Time since last: 1002201583 ns, Reaching safepoint: 2339709 ns, At safepoint: 56583 ns, Total: 2396292 ns
[2023-07-17T15:49:04.839+0000][1][safepoint    ] Safepoint "Cleanup", Time since last: 1001234375 ns, Reaching safepoint: 2121542 ns, At safepoint: 73375 ns, Total: 2194917 ns
[2023-07-17T15:49:05.843+0000][1][safepoint    ] Safepoint "Cleanup", Time since last: 1001182292 ns, Reaching safepoint: 3599834 ns, At safepoint: 49583 ns, Total: 3649417 ns
[2023-07-17T15:49:06.848+0000][1][safepoint    ] Safepoint "Cleanup", Time since last: 1001681625 ns, Reaching safepoint: 3051084 ns, At safepoint: 69750 ns, Total: 3120834 ns
[2023-07-17T15:49:07.853+0000][1][safepoint    ] Safepoint "Cleanup", Time since last: 1001322834 ns, Reaching safepoint: 3596500 ns, At safepoint: 82208 ns, Total: 3678708 ns
[2023-07-17T15:49:08.860+0000][1][safepoint    ] Safepoint "Cleanup", Time since last: 1002608167 ns, Reaching safepoint: 3927375 ns, At safepoint: 72458 ns, Total: 3999833 ns
[2023-07-17T15:49:09.864+0000][1][safepoint    ] Safepoint "Cleanup", Time since last: 1002926834 ns, Reaching safepoint: 1532834 ns, At safepoint: 32125 ns, Total: 1564959 ns
[2023-07-17T15:49:10.807+0000][1][safepoint    ] Safepoint "RevokeBias", Time since last: 940415125 ns, Reaching safepoint: 1831125 ns, At safepoint: 467083 ns, Total: 2298208 ns
[2023-07-17T15:49:11.812+0000][1][safepoint    ] Safepoint "Cleanup", Time since last: 1004442709 ns, Reaching safepoint: 872500 ns, At safepoint: 19208 ns, Total: 891708 ns
[2023-07-17T15:49:12.817+0000][1][safepoint    ] Safepoint "Cleanup", Time since last: 1002253083 ns, Reaching safepoint: 2491834 ns, At safepoint: 76166 ns, Total: 2568000 ns
[2023-07-17T15:49:14.569+0000][1][safepoint    ] Safepoint "Cleanup", Time since last: 1749786793 ns, Reaching safepoint: 1632458 ns, At safepoint: 53167 ns, Total: 1685625 ns
[2023-07-17T15:49:15.570+0000][1][safepoint    ] Safepoint "Cleanup", Time since last: 1000977375 ns, Reaching safepoint: 1001167 ns, At safepoint: 23375 ns, Total: 1024542 ns
[2023-07-17T15:49:16.572+0000][1][safepoint    ] Safepoint "Cleanup", Time since last: 1000569750 ns, Reaching safepoint: 1010250 ns, At safepoint: 33584 ns, Total: 1043834 ns
[2023-07-17T15:49:17.577+0000][1][safepoint    ] Safepoint "Cleanup", Time since last: 1000979167 ns, Reaching safepoint: 3726208 ns, At safepoint: 86334 ns, Total: 3812542 ns
[2023-07-17T15:49:18.580+0000][1][safepoint    ] Safepoint "Cleanup", Time since last: 1001332875 ns, Reaching safepoint: 1443833 ns, At safepoint: 43584 ns, Total: 1487417 ns
[2023-07-17T15:49:19.582+0000][1][safepoint    ] Safepoint "Cleanup", Time since last: 1000845709 ns, Reaching safepoint: 1505375 ns, At safepoint: 40500 ns, Total: 1545875 ns
[2023-07-17T15:49:20.585+0000][1][safepoint    ] Safepoint "Cleanup", Time since last: 1000950833 ns, Reaching safepoint: 1567959 ns, At safepoint: 62333 ns, Total: 1630292 ns
[2023-07-17T15:49:20.911+0000][1][gc,start     ] GC(42) Pause Young (Allocation Failure)
[2023-07-17T15:49:20.914+0000][1][gc,task      ] GC(42) Using 4 workers of 4 for evacuation
[2023-07-17T15:49:20.942+0000][1][gc,age       ] GC(42) Desired survivor size 8945664 bytes, new threshold 6 (max threshold 6)
[2023-07-17T15:49:20.943+0000][1][gc,age       ] GC(42) Age table with threshold 6 (max threshold 6)
[2023-07-17T15:49:20.943+0000][1][gc,age       ] GC(42) - age   1:     146376 bytes,     146376 total
[2023-07-17T15:49:20.943+0000][1][gc,age       ] GC(42) - age   2:       2776 bytes,     149152 total
[2023-07-17T15:49:20.943+0000][1][gc,age       ] GC(42) - age   3:       4312 bytes,     153464 total
[2023-07-17T15:49:20.943+0000][1][gc,age       ] GC(42) - age   4:       5424 bytes,     158888 total
[2023-07-17T15:49:20.943+0000][1][gc,age       ] GC(42) - age   5:       3896 bytes,     162784 total
[2023-07-17T15:49:20.943+0000][1][gc,age       ] GC(42) - age   6:      18816 bytes,     181600 total
[2023-07-17T15:49:20.945+0000][1][gc,heap      ] GC(42) ParNew: 140027K->268K(157248K)
[2023-07-17T15:49:20.945+0000][1][gc,heap      ] GC(42) CMS: 69160K->69164K(349568K)
[2023-07-17T15:49:20.945+0000][1][gc,metaspace ] GC(42) Metaspace: 89910K->89910K(1132544K)
[2023-07-17T15:49:20.946+0000][1][gc           ] GC(42) Pause Young (Allocation Failure) 204M->67M(494M) 34.700ms
[2023-07-17T15:49:20.946+0000][1][gc,cpu       ] GC(42) User=0.06s Sys=0.01s Real=0.04s
[2023-07-17T15:49:20.946+0000][1][safepoint    ] Safepoint "GenCollectForAllocation", Time since last: 323613500 ns, Reaching safepoint: 2024084 ns, At safepoint: 35804833 ns, Total: 37828917 ns
[2023-07-17T15:49:21.948+0000][1][safepoint    ] Safepoint "Cleanup", Time since last: 1000336542 ns, Reaching safepoint: 1304625 ns, At safepoint: 20792 ns, Total: 1325417 ns
[2023-07-17T15:49:22.102+0000][1][safepoint    ] Safepoint "RevokeBias", Time since last: 152682416 ns, Reaching safepoint: 1353875 ns, At safepoint: 183459 ns, Total: 1537334 ns
[2023-07-17T15:49:22.105+0000][1][safepoint    ] Safepoint "RevokeBias", Time since last: 2266750 ns, Reaching safepoint: 885875 ns, At safepoint: 229458 ns, Total: 1115333 ns
[2023-07-17T15:49:22.112+0000][1][safepoint    ] Safepoint "RevokeBias", Time since last: 5906125 ns, Reaching safepoint: 883792 ns, At safepoint: 94125 ns, Total: 977917 ns
[2023-07-17T15:49:22.155+0000][1][safepoint    ] Safepoint "RevokeBias", Time since last: 41112250 ns, Reaching safepoint: 1411291 ns, At safepoint: 139542 ns, Total: 1550833 ns
[2023-07-17T15:49:22.199+0000][1][safepoint    ] Safepoint "RevokeBias", Time since last: 42928833 ns, Reaching safepoint: 1304750 ns, At safepoint: 221917 ns, Total: 1526667 ns
[2023-07-17T15:49:23.205+0000][1][safepoint    ] Safepoint "Cleanup", Time since last: 1004519167 ns, Reaching safepoint: 1448042 ns, At safepoint: 36375 ns, Total: 1484417 ns
[2023-07-17T15:49:24.208+0000][1][safepoint    ] Safepoint "Cleanup", Time since last: 1001758542 ns, Reaching safepoint: 967417 ns, At safepoint: 53875 ns, Total: 1021292 ns
[2023-07-17T15:49:25.210+0000][1][safepoint    ] Safepoint "Cleanup", Time since last: 1001120375 ns, Reaching safepoint: 1110042 ns, At safepoint: 62625 ns, Total: 1172667 ns
[2023-07-17T15:49:26.227+0000][1][safepoint    ] Safepoint "Cleanup", Time since last: 1003624834 ns, Reaching safepoint: 6690791 ns, At safepoint: 140000 ns, Total: 6830791 ns
[2023-07-17T15:49:27.233+0000][1][safepoint    ] Safepoint "Cleanup", Time since last: 1009995834 ns, Reaching safepoint: 2413209 ns, At safepoint: 86625 ns, Total: 2499834 ns
[2023-07-17T15:49:28.237+0000][1][safepoint    ] Safepoint "Cleanup", Time since last: 1001002583 ns, Reaching safepoint: 2011500 ns, At safepoint: 126375 ns, Total: 2137875 ns
[2023-07-17T15:49:29.240+0000][1][safepoint    ] Safepoint "Cleanup", Time since last: 1000752084 ns, Reaching safepoint: 2983250 ns, At safepoint: 67167 ns, Total: 3050417 ns
[2023-07-17T15:49:30.244+0000][1][safepoint    ] Safepoint "Cleanup", Time since last: 1002388167 ns, Reaching safepoint: 1411542 ns, At safepoint: 31458 ns, Total: 1443000 ns
[2023-07-17T15:49:31.249+0000][1][safepoint    ] Safepoint "Cleanup", Time since last: 1000959542 ns, Reaching safepoint: 4121083 ns, At safepoint: 92500 ns, Total: 4213583 ns
[2023-07-17T15:49:32.255+0000][1][safepoint    ] Safepoint "Cleanup", Time since last: 1001879209 ns, Reaching safepoint: 3688250 ns, At safepoint: 72500 ns, Total: 3760750 ns
[2023-07-17T15:49:33.260+0000][1][safepoint    ] Safepoint "Cleanup", Time since last: 1001648959 ns, Reaching safepoint: 3637083 ns, At safepoint: 77875 ns, Total: 3714958 ns
[2023-07-17T15:49:34.263+0000][1][safepoint    ] Safepoint "Cleanup", Time since last: 1001181043 ns, Reaching safepoint: 1497458 ns, At safepoint: 35542 ns, Total: 1533000 ns
[2023-07-17T15:49:35.265+0000][1][safepoint    ] Safepoint "Cleanup", Time since last: 1000899875 ns, Reaching safepoint: 1409083 ns, At safepoint: 29584 ns, Total: 1438667 ns
[2023-07-17T15:49:36.269+0000][1][safepoint    ] Safepoint "Cleanup", Time since last: 1002244583 ns, Reaching safepoint: 1369667 ns, At safepoint: 28167 ns, Total: 1397834 ns
[2023-07-17T15:49:37.273+0000][1][safepoint    ] Safepoint "Cleanup", Time since last: 1000777000 ns, Reaching safepoint: 2852625 ns, At safepoint: 73125 ns, Total: 2925750 ns
[2023-07-17T15:49:38.277+0000][1][safepoint    ] Safepoint "Cleanup", Time since last: 1001074417 ns, Reaching safepoint: 3261750 ns, At safepoint: 83750 ns, Total: 3345500 ns
[2023-07-17T15:49:39.283+0000][1][safepoint    ] Safepoint "Cleanup", Time since last: 1002165626 ns, Reaching safepoint: 3220417 ns, At safepoint: 72750 ns, Total: 3293167 ns
[2023-07-17T15:49:40.286+0000][1][safepoint    ] Safepoint "Cleanup", Time since last: 1001925083 ns, Reaching safepoint: 1301334 ns, At safepoint: 27666 ns, Total: 1329000 ns
[2023-07-17T15:49:41.292+0000][1][safepoint    ] Safepoint "Cleanup", Time since last: 1002495126 ns, Reaching safepoint: 3499042 ns, At safepoint: 76625 ns, Total: 3575667 ns
[2023-07-17T15:50:00.802+0000][1][safepoint    ] Safepoint "RevokeBias", Time since last: 19506607841 ns, Reaching safepoint: 3074875 ns, At safepoint: 172834 ns, Total: 3247709 ns
[2023-07-17T15:50:22.827+0000][1][safepoint    ] Safepoint "Cleanup", Time since last: 22024204801 ns, Reaching safepoint: 1256042 ns, At safepoint: 27458 ns, Total: 1283500 ns
[2023-07-17T15:50:23.077+0000][1][safepoint    ] Safepoint "RevokeBias", Time since last: 249162209 ns, Reaching safepoint: 943875 ns, At safepoint: 127500 ns, Total: 1071375 ns
[2023-07-17T15:50:23.079+0000][1][safepoint    ] Safepoint "RevokeBias", Time since last: 1625875 ns, Reaching safepoint: 526375 ns, At safepoint: 61083 ns, Total: 587458 ns
[2023-07-17T15:50:23.086+0000][1][safepoint    ] Safepoint "RevokeBias", Time since last: 4800334 ns, Reaching safepoint: 1205625 ns, At safepoint: 74291 ns, Total: 1279916 ns
[2023-07-17T15:50:23.106+0000][1][safepoint    ] Safepoint "RevokeBias", Time since last: 19845542 ns, Reaching safepoint: 807667 ns, At safepoint: 150833 ns, Total: 958500 ns
[2023-07-17T15:50:23.108+0000][1][safepoint    ] Safepoint "RevokeBias", Time since last: 967792 ns, Reaching safepoint: 561750 ns, At safepoint: 61625 ns, Total: 623375 ns
[2023-07-17T15:50:40.780+0000][1][safepoint    ] Safepoint "RevokeBias", Time since last: 17670753050 ns, Reaching safepoint: 1565875 ns, At safepoint: 66083 ns, Total: 1631958 ns
[2023-07-17T15:51:01.799+0000][1][safepoint    ] Safepoint "Cleanup", Time since last: 21016020718 ns, Reaching safepoint: 2220666 ns, At safepoint: 150792 ns, Total: 2371458 ns
[2023-07-17T15:51:11.816+0000][1][safepoint    ] Safepoint "Cleanup", Time since last: 10016278213 ns, Reaching safepoint: 1531167 ns, At safepoint: 31083 ns, Total: 1562250 ns
[2023-07-17T15:51:15.963+0000][1][gc,start     ] GC(43) Pause Young (Allocation Failure)
[2023-07-17T15:51:15.969+0000][1][gc,task      ] GC(43) Using 4 workers of 4 for evacuation
[2023-07-17T15:51:16.014+0000][1][gc,age       ] GC(43) Desired survivor size 8945664 bytes, new threshold 6 (max threshold 6)
[2023-07-17T15:51:16.015+0000][1][gc,age       ] GC(43) Age table with threshold 6 (max threshold 6)
[2023-07-17T15:51:16.015+0000][1][gc,age       ] GC(43) - age   1:     154168 bytes,     154168 total
[2023-07-17T15:51:16.015+0000][1][gc,age       ] GC(43) - age   2:        464 bytes,     154632 total
[2023-07-17T15:51:16.015+0000][1][gc,age       ] GC(43) - age   3:       2688 bytes,     157320 total
[2023-07-17T15:51:16.015+0000][1][gc,age       ] GC(43) - age   4:       4312 bytes,     161632 total
[2023-07-17T15:51:16.016+0000][1][gc,age       ] GC(43) - age   5:       5424 bytes,     167056 total
[2023-07-17T15:51:16.016+0000][1][gc,age       ] GC(43) - age   6:       3896 bytes,     170952 total
[2023-07-17T15:51:16.017+0000][1][gc,heap      ] GC(43) ParNew: 140044K->238K(157248K)
[2023-07-17T15:51:16.017+0000][1][gc,heap      ] GC(43) CMS: 69164K->69183K(349568K)
[2023-07-17T15:51:16.017+0000][1][gc,metaspace ] GC(43) Metaspace: 89943K->89943K(1132544K)
[2023-07-17T15:51:16.019+0000][1][gc           ] GC(43) Pause Young (Allocation Failure) 204M->67M(494M) 55.701ms
[2023-07-17T15:51:16.019+0000][1][gc,cpu       ] GC(43) User=0.10s Sys=0.03s Real=0.05s
[2023-07-17T15:51:16.019+0000][1][safepoint    ] Safepoint "GenCollectForAllocation", Time since last: 4142366251 ns, Reaching safepoint: 2998917 ns, At safepoint: 57693958 ns, Total: 60692875 ns
[2023-07-17T15:51:24.129+0000][1][safepoint    ] Safepoint "RevokeBias", Time since last: 8106696379 ns, Reaching safepoint: 2157250 ns, At safepoint: 1132042 ns, Total: 3289292 ns
[2023-07-17T15:51:24.133+0000][1][safepoint    ] Safepoint "RevokeBias", Time since last: 2276917 ns, Reaching safepoint: 651125 ns, At safepoint: 476875 ns, Total: 1128000 ns
[2023-07-17T15:51:24.165+0000][1][safepoint    ] Safepoint "RevokeBias", Time since last: 30979125 ns, Reaching safepoint: 837250 ns, At safepoint: 170500 ns, Total: 1007750 ns
[2023-07-17T15:51:24.170+0000][1][safepoint    ] Safepoint "BulkRevokeBias", Time since last: 1432791 ns, Reaching safepoint: 753417 ns, At safepoint: 2985583 ns, Total: 3739000 ns
[2023-07-17T15:51:24.174+0000][1][safepoint    ] Safepoint "RevokeBias", Time since last: 2972709 ns, Reaching safepoint: 839583 ns, At safepoint: 73542 ns, Total: 913125 ns
[2023-07-17T15:51:28.176+0000][1][safepoint    ] Safepoint "Cleanup", Time since last: 4001338043 ns, Reaching safepoint: 850542 ns, At safepoint: 18125 ns, Total: 868667 ns
[2023-07-17T15:51:30.803+0000][1][safepoint    ] Safepoint "RevokeBias", Time since last: 2625000335 ns, Reaching safepoint: 1896791 ns, At safepoint: 192792 ns, Total: 2089583 ns
[2023-07-17T15:51:43.809+0000][1][safepoint    ] Safepoint "Cleanup", Time since last: 13005176297 ns, Reaching safepoint: 1484709 ns, At safepoint: 23666 ns, Total: 1508375 ns
[2023-07-17T15:51:50.815+0000][1][safepoint    ] Safepoint "RevokeBias", Time since last: 7003905004 ns, Reaching safepoint: 1619750 ns, At safepoint: 333041 ns, Total: 1952791 ns
[2023-07-17T15:52:10.804+0000][1][safepoint    ] Safepoint "RevokeBias", Time since last: 19987233093 ns, Reaching safepoint: 1304667 ns, At safepoint: 64375 ns, Total: 1369042 ns
[2023-07-17T15:52:20.817+0000][1][safepoint    ] Safepoint "Cleanup", Time since last: 10011690338 ns, Reaching safepoint: 813083 ns, At safepoint: 21917 ns, Total: 835000 ns
[2023-07-17T15:52:25.126+0000][1][safepoint    ] Safepoint "RevokeBias", Time since last: 4307706627 ns, Reaching safepoint: 1394250 ns, At safepoint: 184875 ns, Total: 1579125 ns
[2023-07-17T15:52:25.133+0000][1][safepoint    ] Safepoint "RevokeBias", Time since last: 6478625 ns, Reaching safepoint: 940833 ns, At safepoint: 132917 ns, Total: 1073750 ns
[2023-07-17T15:52:25.157+0000][1][safepoint    ] Safepoint "RevokeBias", Time since last: 22560917 ns, Reaching safepoint: 1009875 ns, At safepoint: 134083 ns, Total: 1143958 ns
[2023-07-17T15:52:25.159+0000][1][safepoint    ] Safepoint "RevokeBias", Time since last: 1809625 ns, Reaching safepoint: 469542 ns, At safepoint: 68791 ns, Total: 538333 ns
[2023-07-17T15:52:25.165+0000][1][safepoint    ] Safepoint "RevokeBias", Time since last: 4275292 ns, Reaching safepoint: 1503542 ns, At safepoint: 75916 ns, Total: 1579458 ns
[2023-07-17T15:52:27.649+0000][1][safepoint    ] Safepoint "RevokeBias", Time since last: 2482436876 ns, Reaching safepoint: 1444334 ns, At safepoint: 155791 ns, Total: 1600125 ns
[2023-07-17T15:52:28.343+0000][1][safepoint    ] Safepoint "RevokeBias", Time since last: 692830792 ns, Reaching safepoint: 853542 ns, At safepoint: 103708 ns, Total: 957250 ns
[2023-07-17T15:52:28.449+0000][1][safepoint    ] Safepoint "RevokeBias", Time since last: 104790709 ns, Reaching safepoint: 681875 ns, At safepoint: 71458 ns, Total: 753333 ns
[2023-07-17T15:52:30.830+0000][1][safepoint    ] Safepoint "RevokeBias", Time since last: 2379162085 ns, Reaching safepoint: 1493250 ns, At safepoint: 373291 ns, Total: 1866541 ns
[2023-07-17T15:52:31.831+0000][1][safepoint    ] Safepoint "Cleanup", Time since last: 1000823792 ns, Reaching safepoint: 890334 ns, At safepoint: 18291 ns, Total: 908625 ns
[2023-07-17T15:52:40.836+0000][1][safepoint    ] Safepoint "Cleanup", Time since last: 9002567380 ns, Reaching safepoint: 1881708 ns, At safepoint: 21792 ns, Total: 1903500 ns
[2023-07-17T15:52:44.281+0000][1][safepoint    ] Safepoint "RevokeBias", Time since last: 3442415167 ns, Reaching safepoint: 1765375 ns, At safepoint: 199459 ns, Total: 1964834 ns
[2023-07-17T15:52:47.285+0000][1][safepoint    ] Safepoint "Cleanup", Time since last: 3001703459 ns, Reaching safepoint: 3038834 ns, At safepoint: 98500 ns, Total: 3137334 ns
[2023-07-17T15:52:51.292+0000][1][safepoint    ] Safepoint "Cleanup", Time since last: 4005733835 ns, Reaching safepoint: 1227875 ns, At safepoint: 24708 ns, Total: 1252583 ns
[2023-07-17T15:52:52.297+0000][1][safepoint    ] Safepoint "Cleanup", Time since last: 1001262584 ns, Reaching safepoint: 3460083 ns, At safepoint: 67250 ns, Total: 3527333 ns
[2023-07-17T15:52:53.303+0000][1][safepoint    ] Safepoint "Cleanup", Time since last: 1003532876 ns, Reaching safepoint: 1883750 ns, At safepoint: 36583 ns, Total: 1920333 ns
[2023-07-17T15:52:54.306+0000][1][safepoint    ] Safepoint "Cleanup", Time since last: 1001254917 ns, Reaching safepoint: 2113625 ns, At safepoint: 73042 ns, Total: 2186667 ns
[2023-07-17T15:52:55.311+0000][1][safepoint    ] Safepoint "Cleanup", Time since last: 1001699084 ns, Reaching safepoint: 3443167 ns, At safepoint: 84958 ns, Total: 3528125 ns
[2023-07-17T15:52:56.317+0000][1][safepoint    ] Safepoint "Cleanup", Time since last: 1002422167 ns, Reaching safepoint: 3623208 ns, At safepoint: 81917 ns, Total: 3705125 ns
[2023-07-17T15:52:57.323+0000][1][safepoint    ] Safepoint "Cleanup", Time since last: 1002232084 ns, Reaching safepoint: 3319833 ns, At safepoint: 100959 ns, Total: 3420792 ns
[2023-07-17T15:52:58.326+0000][1][safepoint    ] Safepoint "Cleanup", Time since last: 1001995750 ns, Reaching safepoint: 1282708 ns, At safepoint: 38250 ns, Total: 1320958 ns
[2023-07-17T15:52:59.328+0000][1][safepoint    ] Safepoint "Cleanup", Time since last: 1000586376 ns, Reaching safepoint: 716167 ns, At safepoint: 13708 ns, Total: 729875 ns
[2023-07-17T15:53:00.332+0000][1][safepoint    ] Safepoint "Cleanup", Time since last: 1000538209 ns, Reaching safepoint: 3725125 ns, At safepoint: 129791 ns, Total: 3854916 ns
[2023-07-17T15:53:01.337+0000][1][safepoint    ] Safepoint "Cleanup", Time since last: 1001324917 ns, Reaching safepoint: 3936709 ns, At safepoint: 78875 ns, Total: 4015584 ns
[2023-07-17T15:53:02.339+0000][1][safepoint    ] Safepoint "Cleanup", Time since last: 1001330250 ns, Reaching safepoint: 731500 ns, At safepoint: 17667 ns, Total: 749167 ns
[2023-07-17T15:53:03.341+0000][1][safepoint    ] Safepoint "Cleanup", Time since last: 1000903459 ns, Reaching safepoint: 652708 ns, At safepoint: 17375 ns, Total: 670083 ns
[2023-07-17T15:53:04.342+0000][1][safepoint    ] Safepoint "Cleanup", Time since last: 1000528126 ns, Reaching safepoint: 838250 ns, At safepoint: 17000 ns, Total: 855250 ns
[2023-07-17T15:53:05.345+0000][1][safepoint    ] Safepoint "Cleanup", Time since last: 1001577417 ns, Reaching safepoint: 1406375 ns, At safepoint: 29958 ns, Total: 1436333 ns
[2023-07-17T15:53:06.350+0000][1][safepoint    ] Safepoint "Cleanup", Time since last: 1003527334 ns, Reaching safepoint: 1119500 ns, At safepoint: 28833 ns, Total: 1148333 ns
[2023-07-17T15:53:07.352+0000][1][safepoint    ] Safepoint "Cleanup", Time since last: 1000610667 ns, Reaching safepoint: 971459 ns, At safepoint: 20375 ns, Total: 991834 ns
[2023-07-17T15:53:08.353+0000][1][safepoint    ] Safepoint "Cleanup", Time since last: 1000557000 ns, Reaching safepoint: 1008250 ns, At safepoint: 24458 ns, Total: 1032708 ns
[2023-07-17T15:53:09.357+0000][1][safepoint    ] Safepoint "Cleanup", Time since last: 1001387918 ns, Reaching safepoint: 1842291 ns, At safepoint: 45625 ns, Total: 1887916 ns
[2023-07-17T15:53:10.362+0000][1][safepoint    ] Safepoint "Cleanup", Time since last: 1002553251 ns, Reaching safepoint: 3058833 ns, At safepoint: 101375 ns, Total: 3160208 ns
[2023-07-17T15:53:10.806+0000][1][gc,start     ] GC(44) Pause Young (Allocation Failure)
[2023-07-17T15:53:10.807+0000][1][gc,task      ] GC(44) Using 4 workers of 4 for evacuation
[2023-07-17T15:53:10.818+0000][1][gc,age       ] GC(44) Desired survivor size 8945664 bytes, new threshold 6 (max threshold 6)
[2023-07-17T15:53:10.819+0000][1][gc,age       ] GC(44) Age table with threshold 6 (max threshold 6)
[2023-07-17T15:53:10.819+0000][1][gc,age       ] GC(44) - age   1:      96888 bytes,      96888 total
[2023-07-17T15:53:10.819+0000][1][gc,age       ] GC(44) - age   2:       4584 bytes,     101472 total
[2023-07-17T15:53:10.819+0000][1][gc,age       ] GC(44) - age   3:        256 bytes,     101728 total
[2023-07-17T15:53:10.819+0000][1][gc,age       ] GC(44) - age   4:       2568 bytes,     104296 total
[2023-07-17T15:53:10.819+0000][1][gc,age       ] GC(44) - age   5:       4192 bytes,     108488 total
[2023-07-17T15:53:10.819+0000][1][gc,age       ] GC(44) - age   6:       5424 bytes,     113912 total
[2023-07-17T15:53:10.819+0000][1][gc,heap      ] GC(44) ParNew: 140014K->217K(157248K)
[2023-07-17T15:53:10.819+0000][1][gc,heap      ] GC(44) CMS: 69183K->69186K(349568K)
[2023-07-17T15:53:10.820+0000][1][gc,metaspace ] GC(44) Metaspace: 89953K->89953K(1132544K)
[2023-07-17T15:53:10.820+0000][1][gc           ] GC(44) Pause Young (Allocation Failure) 204M->67M(494M) 13.577ms
[2023-07-17T15:53:10.820+0000][1][gc,cpu       ] GC(44) User=0.02s Sys=0.00s Real=0.01s
[2023-07-17T15:53:10.820+0000][1][safepoint    ] Safepoint "GenCollectForAllocation", Time since last: 442824125 ns, Reaching safepoint: 1051625 ns, At safepoint: 13938125 ns, Total: 14989750 ns
[2023-07-17T15:53:11.823+0000][1][safepoint    ] Safepoint "Cleanup", Time since last: 1001029459 ns, Reaching safepoint: 1824333 ns, At safepoint: 64792 ns, Total: 1889125 ns
[2023-07-17T15:53:12.827+0000][1][safepoint    ] Safepoint "Cleanup", Time since last: 1001551958 ns, Reaching safepoint: 3563584 ns, At safepoint: 115750 ns, Total: 3679334 ns
[2023-07-17T15:53:13.829+0000][1][safepoint    ] Safepoint "Cleanup", Time since last: 1001118500 ns, Reaching safepoint: 1116667 ns, At safepoint: 22458 ns, Total: 1139125 ns
[2023-07-17T15:53:14.833+0000][1][safepoint    ] Safepoint "Cleanup", Time since last: 1000748876 ns, Reaching safepoint: 2782708 ns, At safepoint: 59125 ns, Total: 2841833 ns
[2023-07-17T15:53:15.838+0000][1][safepoint    ] Safepoint "Cleanup", Time since last: 1001649042 ns, Reaching safepoint: 2838083 ns, At safepoint: 139584 ns, Total: 2977667 ns
[2023-07-17T15:53:16.840+0000][1][safepoint    ] Safepoint "Cleanup", Time since last: 1001153209 ns, Reaching safepoint: 1361500 ns, At safepoint: 32208 ns, Total: 1393708 ns
[2023-07-17T15:53:17.844+0000][1][safepoint    ] Safepoint "Cleanup", Time since last: 1002303209 ns, Reaching safepoint: 1541500 ns, At safepoint: 66000 ns, Total: 1607500 ns
[2023-07-17T15:53:18.847+0000][1][safepoint    ] Safepoint "Cleanup", Time since last: 1001823917 ns, Reaching safepoint: 782042 ns, At safepoint: 18541 ns, Total: 800583 ns
[2023-07-17T15:53:19.849+0000][1][safepoint    ] Safepoint "Cleanup", Time since last: 1001122459 ns, Reaching safepoint: 1092250 ns, At safepoint: 22583 ns, Total: 1114833 ns
[2023-07-17T15:53:20.851+0000][1][safepoint    ] Safepoint "Cleanup", Time since last: 1000538334 ns, Reaching safepoint: 1431708 ns, At safepoint: 21542 ns, Total: 1453250 ns
[2023-07-17T15:53:21.856+0000][1][safepoint    ] Safepoint "Cleanup", Time since last: 1002608042 ns, Reaching safepoint: 2126000 ns, At safepoint: 49834 ns, Total: 2175834 ns
[2023-07-17T15:53:22.859+0000][1][safepoint    ] Safepoint "Cleanup", Time since last: 1002948625 ns, Reaching safepoint: 827500 ns, At safepoint: 21458 ns, Total: 848958 ns
[2023-07-17T15:53:23.863+0000][1][safepoint    ] Safepoint "Cleanup", Time since last: 1000755251 ns, Reaching safepoint: 2299708 ns, At safepoint: 74000 ns, Total: 2373708 ns
[2023-07-17T15:53:24.868+0000][1][safepoint    ] Safepoint "Cleanup", Time since last: 1002390709 ns, Reaching safepoint: 3325583 ns, At safepoint: 85417 ns, Total: 3411000 ns
[2023-07-17T15:53:25.290+0000][1][safepoint    ] Safepoint "RevokeBias", Time since last: 420923500 ns, Reaching safepoint: 997875 ns, At safepoint: 147417 ns, Total: 1145292 ns
[2023-07-17T15:53:25.293+0000][1][safepoint    ] Safepoint "RevokeBias", Time since last: 2072500 ns, Reaching safepoint: 734417 ns, At safepoint: 81875 ns, Total: 816292 ns
[2023-07-17T15:53:25.299+0000][1][safepoint    ] Safepoint "RevokeBias", Time since last: 4155833 ns, Reaching safepoint: 1078708 ns, At safepoint: 66209 ns, Total: 1144917 ns
[2023-07-17T15:53:26.303+0000][1][safepoint    ] Safepoint "Cleanup", Time since last: 1000438667 ns, Reaching safepoint: 3317583 ns, At safepoint: 70250 ns, Total: 3387833 ns
[2023-07-17T15:53:27.304+0000][1][safepoint    ] Safepoint "Cleanup", Time since last: 1001113042 ns, Reaching safepoint: 785792 ns, At safepoint: 25083 ns, Total: 810875 ns
[2023-07-17T15:53:28.308+0000][1][safepoint    ] Safepoint "Cleanup", Time since last: 1000728042 ns, Reaching safepoint: 2289750 ns, At safepoint: 103000 ns, Total: 2392750 ns
[2023-07-17T15:53:29.311+0000][1][safepoint    ] Safepoint "Cleanup", Time since last: 1000837751 ns, Reaching safepoint: 2101666 ns, At safepoint: 63750 ns, Total: 2165416 ns
[2023-07-17T15:53:30.314+0000][1][safepoint    ] Safepoint "Cleanup", Time since last: 1001721751 ns, Reaching safepoint: 2010667 ns, At safepoint: 56375 ns, Total: 2067042 ns
[2023-07-17T15:53:30.822+0000][1][safepoint    ] Safepoint "RevokeBias", Time since last: 506300458 ns, Reaching safepoint: 1347417 ns, At safepoint: 314542 ns, Total: 1661959 ns
[2023-07-17T15:53:31.827+0000][1][safepoint    ] Safepoint "Cleanup", Time since last: 1001324458 ns, Reaching safepoint: 3782375 ns, At safepoint: 74000 ns, Total: 3856375 ns
[2023-07-17T15:53:32.831+0000][1][safepoint    ] Safepoint "Cleanup", Time since last: 1001298126 ns, Reaching safepoint: 1903333 ns, At safepoint: 36875 ns, Total: 1940208 ns
[2023-07-17T15:53:33.833+0000][1][safepoint    ] Safepoint "Cleanup", Time since last: 1001734751 ns, Reaching safepoint: 806375 ns, At safepoint: 18958 ns, Total: 825333 ns
[2023-07-17T15:53:34.835+0000][1][safepoint    ] Safepoint "Cleanup", Time since last: 1000846709 ns, Reaching safepoint: 1051458 ns, At safepoint: 24167 ns, Total: 1075625 ns
[2023-07-17T15:53:35.839+0000][1][safepoint    ] Safepoint "Cleanup", Time since last: 1000747334 ns, Reaching safepoint: 2949166 ns, At safepoint: 62875 ns, Total: 3012041 ns
[2023-07-17T15:53:36.845+0000][1][safepoint    ] Safepoint "Cleanup", Time since last: 1002525542 ns, Reaching safepoint: 3076375 ns, At safepoint: 63792 ns, Total: 3140167 ns
[2023-07-17T15:53:37.849+0000][1][safepoint    ] Safepoint "Cleanup", Time since last: 1002870626 ns, Reaching safepoint: 1684083 ns, At safepoint: 37375 ns, Total: 1721458 ns
[2023-07-17T15:53:38.853+0000][1][safepoint    ] Safepoint "Cleanup", Time since last: 1001896334 ns, Reaching safepoint: 2006166 ns, At safepoint: 48459 ns, Total: 2054625 ns
[2023-07-17T15:53:39.857+0000][1][safepoint    ] Safepoint "Cleanup", Time since last: 1002507584 ns, Reaching safepoint: 1631291 ns, At safepoint: 34167 ns, Total: 1665458 ns
[2023-07-17T15:53:40.862+0000][1][safepoint    ] Safepoint "Cleanup", Time since last: 1002722917 ns, Reaching safepoint: 1713917 ns, At safepoint: 21125 ns, Total: 1735042 ns
[2023-07-17T15:53:41.865+0000][1][safepoint    ] Safepoint "Cleanup", Time since last: 1002098875 ns, Reaching safepoint: 1358916 ns, At safepoint: 37542 ns, Total: 1396458 ns
[2023-07-17T15:53:42.868+0000][1][safepoint    ] Safepoint "Cleanup", Time since last: 1001098459 ns, Reaching safepoint: 1655458 ns, At safepoint: 37625 ns, Total: 1693083 ns
[2023-07-17T15:53:43.873+0000][1][safepoint    ] Safepoint "Cleanup", Time since last: 1003473334 ns, Reaching safepoint: 1403500 ns, At safepoint: 26500 ns, Total: 1430000 ns
[2023-07-17T15:53:44.877+0000][1][safepoint    ] Safepoint "Cleanup", Time since last: 1001200750 ns, Reaching safepoint: 2961250 ns, At safepoint: 70125 ns, Total: 3031375 ns
[2023-07-17T15:53:45.881+0000][1][safepoint    ] Safepoint "Cleanup", Time since last: 1001318334 ns, Reaching safepoint: 2048375 ns, At safepoint: 58375 ns, Total: 2106750 ns
[2023-07-17T15:53:46.887+0000][1][safepoint    ] Safepoint "Cleanup", Time since last: 1002321084 ns, Reaching safepoint: 3752250 ns, At safepoint: 80542 ns, Total: 3832792 ns
[2023-07-17T15:53:47.897+0000][1][safepoint    ] Safepoint "Cleanup", Time since last: 1003803542 ns, Reaching safepoint: 6107416 ns, At safepoint: 167750 ns, Total: 6275166 ns
[2023-07-17T15:53:48.901+0000][1][safepoint    ] Safepoint "Cleanup", Time since last: 1002145209 ns, Reaching safepoint: 2008459 ns, At safepoint: 40500 ns, Total: 2048959 ns
[2023-07-17T15:53:49.908+0000][1][safepoint    ] Safepoint "Cleanup", Time since last: 1003342458 ns, Reaching safepoint: 2808959 ns, At safepoint: 130875 ns, Total: 2939834 ns
[2023-07-17T15:53:50.825+0000][1][safepoint    ] Safepoint "RevokeBias", Time since last: 915345542 ns, Reaching safepoint: 1770791 ns, At safepoint: 546084 ns, Total: 2316875 ns
[2023-07-17T15:53:51.828+0000][1][safepoint    ] Safepoint "Cleanup", Time since last: 1000536500 ns, Reaching safepoint: 2556584 ns, At safepoint: 72583 ns, Total: 2629167 ns
[2023-07-17T15:53:52.832+0000][1][safepoint    ] Safepoint "Cleanup", Time since last: 1001354417 ns, Reaching safepoint: 2129333 ns, At safepoint: 57209 ns, Total: 2186542 ns
[2023-07-17T15:53:53.835+0000][1][safepoint    ] Safepoint "Cleanup", Time since last: 1000995084 ns, Reaching safepoint: 2436833 ns, At safepoint: 61250 ns, Total: 2498083 ns
[2023-07-17T15:53:54.842+0000][1][safepoint    ] Safepoint "Cleanup", Time since last: 1002137667 ns, Reaching safepoint: 4360542 ns, At safepoint: 159875 ns, Total: 4520417 ns
[2023-07-17T15:53:55.847+0000][1][safepoint    ] Safepoint "Cleanup", Time since last: 1002414042 ns, Reaching safepoint: 2501625 ns, At safepoint: 139125 ns, Total: 2640750 ns
[2023-07-17T15:53:56.853+0000][1][safepoint    ] Safepoint "Cleanup", Time since last: 1002637834 ns, Reaching safepoint: 3379833 ns, At safepoint: 99792 ns, Total: 3479625 ns
[2023-07-17T15:53:57.857+0000][1][safepoint    ] Safepoint "Cleanup", Time since last: 1001453292 ns, Reaching safepoint: 2025416 ns, At safepoint: 74625 ns, Total: 2100041 ns
[2023-07-17T15:53:58.861+0000][1][safepoint    ] Safepoint "Cleanup", Time since last: 1001546501 ns, Reaching safepoint: 2193333 ns, At safepoint: 57917 ns, Total: 2251250 ns
[2023-07-17T15:53:59.864+0000][1][safepoint    ] Safepoint "Cleanup", Time since last: 1001968917 ns, Reaching safepoint: 1535708 ns, At safepoint: 40000 ns, Total: 1575708 ns
[2023-07-17T15:54:00.867+0000][1][safepoint    ] Safepoint "Cleanup", Time since last: 1001441251 ns, Reaching safepoint: 1009708 ns, At safepoint: 19000 ns, Total: 1028708 ns
[2023-07-17T15:54:01.968+0000][1][safepoint    ] Safepoint "Cleanup", Time since last: 1100730376 ns, Reaching safepoint: 677833 ns, At safepoint: 33125 ns, Total: 710958 ns
[2023-07-17T15:54:02.971+0000][1][safepoint    ] Safepoint "Cleanup", Time since last: 1001110334 ns, Reaching safepoint: 1785542 ns, At safepoint: 50500 ns, Total: 1836042 ns
[2023-07-17T15:54:03.976+0000][1][safepoint    ] Safepoint "Cleanup", Time since last: 1001551333 ns, Reaching safepoint: 2941125 ns, At safepoint: 85875 ns, Total: 3027000 ns
[2023-07-17T15:54:04.979+0000][1][safepoint    ] Safepoint "Cleanup", Time since last: 1001524959 ns, Reaching safepoint: 1410917 ns, At safepoint: 45542 ns, Total: 1456459 ns
[2023-07-17T15:54:05.982+0000][1][safepoint    ] Safepoint "Cleanup", Time since last: 1001080333 ns, Reaching safepoint: 2271125 ns, At safepoint: 68000 ns, Total: 2339125 ns
[2023-07-17T15:54:06.986+0000][1][safepoint    ] Safepoint "Cleanup", Time since last: 1002107959 ns, Reaching safepoint: 1354583 ns, At safepoint: 72292 ns, Total: 1426875 ns
[2023-07-17T15:54:07.990+0000][1][safepoint    ] Safepoint "Cleanup", Time since last: 1000732501 ns, Reaching safepoint: 3496125 ns, At safepoint: 82833 ns, Total: 3578958 ns
[2023-07-17T15:54:08.996+0000][1][safepoint    ] Safepoint "Cleanup", Time since last: 1002488917 ns, Reaching safepoint: 3881333 ns, At safepoint: 92042 ns, Total: 3973375 ns
[2023-07-17T15:54:10.003+0000][1][safepoint    ] Safepoint "Cleanup", Time since last: 1003526751 ns, Reaching safepoint: 3510125 ns, At safepoint: 96375 ns, Total: 3606500 ns
[2023-07-17T15:54:11.005+0000][1][safepoint    ] Safepoint "Cleanup", Time since last: 1001333083 ns, Reaching safepoint: 735917 ns, At safepoint: 17708 ns, Total: 753625 ns
[2023-07-17T15:54:12.008+0000][1][safepoint    ] Safepoint "Cleanup", Time since last: 1000906375 ns, Reaching safepoint: 1765167 ns, At safepoint: 40417 ns, Total: 1805584 ns
[2023-07-17T15:54:13.012+0000][1][safepoint    ] Safepoint "Cleanup", Time since last: 1000928000 ns, Reaching safepoint: 2689958 ns, At safepoint: 63250 ns, Total: 2753208 ns
[2023-07-17T15:54:14.015+0000][1][safepoint    ] Safepoint "Cleanup", Time since last: 1001746376 ns, Reaching safepoint: 913083 ns, At safepoint: 25834 ns, Total: 938917 ns
[2023-07-17T15:54:15.019+0000][1][safepoint    ] Safepoint "Cleanup", Time since last: 1001693750 ns, Reaching safepoint: 2925750 ns, At safepoint: 73000 ns, Total: 2998750 ns
[2023-07-17T15:54:16.024+0000][1][safepoint    ] Safepoint "Cleanup", Time since last: 1001516792 ns, Reaching safepoint: 2389458 ns, At safepoint: 113500 ns, Total: 2502958 ns
[2023-07-17T15:54:17.028+0000][1][safepoint    ] Safepoint "Cleanup", Time since last: 1002559001 ns, Reaching safepoint: 1946875 ns, At safepoint: 106833 ns, Total: 2053708 ns
[2023-07-17T15:54:18.033+0000][1][safepoint    ] Safepoint "Cleanup", Time since last: 1001111459 ns, Reaching safepoint: 4043792 ns, At safepoint: 105708 ns, Total: 4149500 ns
[2023-07-17T15:54:19.036+0000][1][safepoint    ] Safepoint "Cleanup", Time since last: 1001669917 ns, Reaching safepoint: 1260334 ns, At safepoint: 25500 ns, Total: 1285834 ns
[2023-07-17T15:54:20.041+0000][1][safepoint    ] Safepoint "Cleanup", Time since last: 1000731750 ns, Reaching safepoint: 3551250 ns, At safepoint: 94625 ns, Total: 3645875 ns
[2023-07-17T15:54:21.044+0000][1][safepoint    ] Safepoint "Cleanup", Time since last: 1002426542 ns, Reaching safepoint: 1151000 ns, At safepoint: 35000 ns, Total: 1186000 ns
[2023-07-17T15:54:22.049+0000][1][safepoint    ] Safepoint "Cleanup", Time since last: 1002323834 ns, Reaching safepoint: 2635458 ns, At safepoint: 58250 ns, Total: 2693708 ns
[2023-07-17T15:54:23.053+0000][1][safepoint    ] Safepoint "Cleanup", Time since last: 1002979626 ns, Reaching safepoint: 859917 ns, At safepoint: 19416 ns, Total: 879333 ns
[2023-07-17T15:54:24.057+0000][1][safepoint    ] Safepoint "Cleanup", Time since last: 1000657001 ns, Reaching safepoint: 2809916 ns, At safepoint: 61209 ns, Total: 2871125 ns
[2023-07-17T15:54:25.061+0000][1][safepoint    ] Safepoint "Cleanup", Time since last: 1001352792 ns, Reaching safepoint: 3214041 ns, At safepoint: 144709 ns, Total: 3358750 ns
[2023-07-17T15:54:25.386+0000][1][safepoint    ] Safepoint "RevokeBias", Time since last: 324243750 ns, Reaching safepoint: 676833 ns, At safepoint: 97000 ns, Total: 773833 ns
[2023-07-17T15:54:25.388+0000][1][safepoint    ] Safepoint "RevokeBias", Time since last: 471209 ns, Reaching safepoint: 680291 ns, At safepoint: 126667 ns, Total: 806958 ns
[2023-07-17T15:54:25.392+0000][1][safepoint    ] Safepoint "RevokeBias", Time since last: 3390875 ns, Reaching safepoint: 728875 ns, At safepoint: 89125 ns, Total: 818000 ns
[2023-07-17T15:54:25.425+0000][1][safepoint    ] Safepoint "RevokeBias", Time since last: 31785750 ns, Reaching safepoint: 1157083 ns, At safepoint: 140084 ns, Total: 1297167 ns
[2023-07-17T15:54:25.441+0000][1][safepoint    ] Safepoint "RevokeBias", Time since last: 14714375 ns, Reaching safepoint: 1345125 ns, At safepoint: 117750 ns, Total: 1462875 ns
[2023-07-17T15:54:26.446+0000][1][safepoint    ] Safepoint "Cleanup", Time since last: 1000793167 ns, Reaching safepoint: 3513291 ns, At safepoint: 93834 ns, Total: 3607125 ns
[2023-07-17T15:54:27.450+0000][1][safepoint    ] Safepoint "Cleanup", Time since last: 1001463334 ns, Reaching safepoint: 2595166 ns, At safepoint: 67959 ns, Total: 2663125 ns
[2023-07-17T15:54:28.455+0000][1][safepoint    ] Safepoint "Cleanup", Time since last: 1001609917 ns, Reaching safepoint: 3683000 ns, At safepoint: 417916 ns, Total: 4100916 ns
[2023-07-17T15:54:29.462+0000][1][safepoint    ] Safepoint "Cleanup", Time since last: 1001507959 ns, Reaching safepoint: 4902417 ns, At safepoint: 143917 ns, Total: 5046334 ns
[2023-07-17T15:54:30.466+0000][1][safepoint    ] Safepoint "Cleanup", Time since last: 1001360375 ns, Reaching safepoint: 2635750 ns, At safepoint: 78083 ns, Total: 2713833 ns
[2023-07-17T15:54:31.469+0000][1][safepoint    ] Safepoint "Cleanup", Time since last: 1001078084 ns, Reaching safepoint: 1603500 ns, At safepoint: 34334 ns, Total: 1637834 ns
[2023-07-17T15:54:32.475+0000][1][safepoint    ] Safepoint "Cleanup", Time since last: 1001327208 ns, Reaching safepoint: 4837959 ns, At safepoint: 79250 ns, Total: 4917209 ns
[2023-07-17T15:54:33.479+0000][1][safepoint    ] Safepoint "Cleanup", Time since last: 1001948083 ns, Reaching safepoint: 2465292 ns, At safepoint: 64667 ns, Total: 2529959 ns
[2023-07-17T15:54:34.483+0000][1][safepoint    ] Safepoint "Cleanup", Time since last: 1001777250 ns, Reaching safepoint: 1610250 ns, At safepoint: 46834 ns, Total: 1657084 ns
[2023-07-17T15:54:35.487+0000][1][safepoint    ] Safepoint "Cleanup", Time since last: 1001408208 ns, Reaching safepoint: 2937084 ns, At safepoint: 90958 ns, Total: 3028042 ns
[2023-07-17T15:54:36.495+0000][1][safepoint    ] Safepoint "Cleanup", Time since last: 1003347126 ns, Reaching safepoint: 3934875 ns, At safepoint: 102375 ns, Total: 4037250 ns
[2023-07-17T15:54:37.499+0000][1][safepoint    ] Safepoint "Cleanup", Time since last: 1001849250 ns, Reaching safepoint: 2005875 ns, At safepoint: 62625 ns, Total: 2068500 ns
[2023-07-17T15:54:38.504+0000][1][safepoint    ] Safepoint "Cleanup", Time since last: 1002348751 ns, Reaching safepoint: 3297666 ns, At safepoint: 87125 ns, Total: 3384791 ns
[2023-07-17T15:54:39.510+0000][1][safepoint    ] Safepoint "Cleanup", Time since last: 1002651209 ns, Reaching safepoint: 2839208 ns, At safepoint: 116209 ns, Total: 2955417 ns
[2023-07-17T15:54:40.514+0000][1][safepoint    ] Safepoint "Cleanup", Time since last: 1001018625 ns, Reaching safepoint: 2445292 ns, At safepoint: 92375 ns, Total: 2537667 ns
[2023-07-17T15:54:40.836+0000][1][safepoint    ] Safepoint "RevokeBias", Time since last: 320533250 ns, Reaching safepoint: 1516667 ns, At safepoint: 422083 ns, Total: 1938750 ns
[2023-07-17T15:54:41.841+0000][1][safepoint    ] Safepoint "Cleanup", Time since last: 1001386709 ns, Reaching safepoint: 3898333 ns, At safepoint: 133083 ns, Total: 4031416 ns
[2023-07-17T15:54:42.845+0000][1][safepoint    ] Safepoint "Cleanup", Time since last: 1002116126 ns, Reaching safepoint: 1619583 ns, At safepoint: 61417 ns, Total: 1681000 ns
[2023-07-17T15:54:43.847+0000][1][safepoint    ] Safepoint "Cleanup", Time since last: 1000818292 ns, Reaching safepoint: 1081583 ns, At safepoint: 18875 ns, Total: 1100458 ns
[2023-07-17T15:54:44.849+0000][1][safepoint    ] Safepoint "Cleanup", Time since last: 1000577251 ns, Reaching safepoint: 1517458 ns, At safepoint: 34917 ns, Total: 1552375 ns
[2023-07-17T15:54:45.854+0000][1][safepoint    ] Safepoint "Cleanup", Time since last: 1001050583 ns, Reaching safepoint: 3843292 ns, At safepoint: 112333 ns, Total: 3955625 ns
[2023-07-17T15:54:46.859+0000][1][safepoint    ] Safepoint "Cleanup", Time since last: 1001540043 ns, Reaching safepoint: 3481625 ns, At safepoint: 102333 ns, Total: 3583958 ns
[2023-07-17T15:54:47.865+0000][1][safepoint    ] Safepoint "Cleanup", Time since last: 1001699667 ns, Reaching safepoint: 3900500 ns, At safepoint: 108458 ns, Total: 4008958 ns
[2023-07-17T15:54:48.868+0000][1][safepoint    ] Safepoint "Cleanup", Time since last: 1001698959 ns, Reaching safepoint: 1271209 ns, At safepoint: 30333 ns, Total: 1301542 ns
[2023-07-17T15:54:49.869+0000][1][safepoint    ] Safepoint "Cleanup", Time since last: 1000655417 ns, Reaching safepoint: 830333 ns, At safepoint: 20667 ns, Total: 851000 ns
[2023-07-17T15:54:50.954+0000][1][safepoint    ] Safepoint "Cleanup", Time since last: 1061033334 ns, Reaching safepoint: 15082958 ns, At safepoint: 1730959 ns, Total: 16813917 ns
[2023-07-17T15:54:51.978+0000][1][safepoint    ] Safepoint "Cleanup", Time since last: 1025693583 ns, Reaching safepoint: 4584292 ns, At safepoint: 81458 ns, Total: 4665750 ns
[2023-07-17T15:54:52.984+0000][1][safepoint    ] Safepoint "Cleanup", Time since last: 1003134751 ns, Reaching safepoint: 2836583 ns, At safepoint: 64250 ns, Total: 2900833 ns
[2023-07-17T15:54:53.987+0000][1][safepoint    ] Safepoint "Cleanup", Time since last: 1002528834 ns, Reaching safepoint: 1000208 ns, At safepoint: 23792 ns, Total: 1024000 ns
[2023-07-17T15:54:54.990+0000][1][safepoint    ] Safepoint "Cleanup", Time since last: 1000663500 ns, Reaching safepoint: 2086459 ns, At safepoint: 83458 ns, Total: 2169917 ns
[2023-07-17T15:54:55.995+0000][1][safepoint    ] Safepoint "Cleanup", Time since last: 1001093834 ns, Reaching safepoint: 3380792 ns, At safepoint: 121625 ns, Total: 3502417 ns
[2023-07-17T15:54:56.997+0000][1][safepoint    ] Safepoint "Cleanup", Time since last: 1001205792 ns, Reaching safepoint: 926875 ns, At safepoint: 14083 ns, Total: 940958 ns
[2023-07-17T15:54:58.002+0000][1][safepoint    ] Safepoint "Cleanup", Time since last: 1000499001 ns, Reaching safepoint: 4135416 ns, At safepoint: 104000 ns, Total: 4239416 ns
[2023-07-17T15:54:59.006+0000][1][safepoint    ] Safepoint "Cleanup", Time since last: 1001243251 ns, Reaching safepoint: 2855708 ns, At safepoint: 86500 ns, Total: 2942208 ns
[2023-07-17T15:55:00.009+0000][1][safepoint    ] Safepoint "Cleanup", Time since last: 1001448917 ns, Reaching safepoint: 1451250 ns, At safepoint: 40708 ns, Total: 1491958 ns
[2023-07-17T15:55:00.959+0000][1][gc,start     ] GC(45) Pause Young (Allocation Failure)
[2023-07-17T15:55:00.961+0000][1][gc,task      ] GC(45) Using 4 workers of 4 for evacuation
[2023-07-17T15:55:00.986+0000][1][gc,age       ] GC(45) Desired survivor size 8945664 bytes, new threshold 6 (max threshold 6)
[2023-07-17T15:55:00.986+0000][1][gc,age       ] GC(45) Age table with threshold 6 (max threshold 6)
[2023-07-17T15:55:00.987+0000][1][gc,age       ] GC(45) - age   1:      86880 bytes,      86880 total
[2023-07-17T15:55:00.987+0000][1][gc,age       ] GC(45) - age   2:       1712 bytes,      88592 total
[2023-07-17T15:55:00.987+0000][1][gc,age       ] GC(45) - age   3:       4496 bytes,      93088 total
[2023-07-17T15:55:00.987+0000][1][gc,age       ] GC(45) - age   4:        256 bytes,      93344 total
[2023-07-17T15:55:00.987+0000][1][gc,age       ] GC(45) - age   5:       2568 bytes,      95912 total
[2023-07-17T15:55:00.987+0000][1][gc,age       ] GC(45) - age   6:       4192 bytes,     100104 total
[2023-07-17T15:55:00.988+0000][1][gc,heap      ] GC(45) ParNew: 139993K->141K(157248K)
[2023-07-17T15:55:00.989+0000][1][gc,heap      ] GC(45) CMS: 69186K->69191K(349568K)
[2023-07-17T15:55:00.989+0000][1][gc,metaspace ] GC(45) Metaspace: 89961K->89961K(1132544K)
[2023-07-17T15:55:00.990+0000][1][gc           ] GC(45) Pause Young (Allocation Failure) 204M->67M(494M) 30.547ms
[2023-07-17T15:55:00.990+0000][1][gc,cpu       ] GC(45) User=0.05s Sys=0.01s Real=0.03s
[2023-07-17T15:55:00.990+0000][1][safepoint    ] Safepoint "GenCollectForAllocation", Time since last: 949005584 ns, Reaching safepoint: 962834 ns, At safepoint: 31640041 ns, Total: 32602875 ns
[2023-07-17T15:55:01.995+0000][1][safepoint    ] Safepoint "Cleanup", Time since last: 1001676792 ns, Reaching safepoint: 2928917 ns, At safepoint: 145208 ns, Total: 3074125 ns
[2023-07-17T15:55:03.002+0000][1][safepoint    ] Safepoint "Cleanup", Time since last: 1005558543 ns, Reaching safepoint: 1402916 ns, At safepoint: 50750 ns, Total: 1453666 ns
[2023-07-17T15:55:04.005+0000][1][safepoint    ] Safepoint "Cleanup", Time since last: 1000910584 ns, Reaching safepoint: 1483500 ns, At safepoint: 34458 ns, Total: 1517958 ns
[2023-07-17T15:55:05.007+0000][1][safepoint    ] Safepoint "Cleanup", Time since last: 1000739959 ns, Reaching safepoint: 1516084 ns, At safepoint: 36125 ns, Total: 1552209 ns
[2023-07-17T15:55:06.012+0000][1][safepoint    ] Safepoint "Cleanup", Time since last: 1002165542 ns, Reaching safepoint: 2825166 ns, At safepoint: 109375 ns, Total: 2934541 ns
[2023-07-17T15:55:07.017+0000][1][safepoint    ] Safepoint "Cleanup", Time since last: 1001620626 ns, Reaching safepoint: 2931875 ns, At safepoint: 84708 ns, Total: 3016583 ns
[2023-07-17T15:55:08.024+0000][1][safepoint    ] Safepoint "Cleanup", Time since last: 1003424709 ns, Reaching safepoint: 3609375 ns, At safepoint: 82792 ns, Total: 3692167 ns
[2023-07-17T15:55:09.029+0000][1][safepoint    ] Safepoint "Cleanup", Time since last: 1001284292 ns, Reaching safepoint: 3709166 ns, At safepoint: 104959 ns, Total: 3814125 ns
[2023-07-17T15:55:10.033+0000][1][safepoint    ] Safepoint "Cleanup", Time since last: 1001361375 ns, Reaching safepoint: 2807167 ns, At safepoint: 67125 ns, Total: 2874292 ns
[2023-07-17T15:55:10.850+0000][1][safepoint    ] Safepoint "RevokeBias", Time since last: 814369084 ns, Reaching safepoint: 1413833 ns, At safepoint: 967542 ns, Total: 2381375 ns
[2023-07-17T15:55:11.853+0000][1][safepoint    ] Safepoint "Cleanup", Time since last: 1000851083 ns, Reaching safepoint: 2829083 ns, At safepoint: 66875 ns, Total: 2895958 ns
[2023-07-17T15:55:12.858+0000][1][safepoint    ] Safepoint "Cleanup", Time since last: 1001538250 ns, Reaching safepoint: 2974209 ns, At safepoint: 100916 ns, Total: 3075125 ns
[2023-07-17T15:55:13.864+0000][1][safepoint    ] Safepoint "Cleanup", Time since last: 1005006292 ns, Reaching safepoint: 1108667 ns, At safepoint: 21625 ns, Total: 1130292 ns
[2023-07-17T15:55:14.865+0000][1][safepoint    ] Safepoint "Cleanup", Time since last: 1000522167 ns, Reaching safepoint: 825042 ns, At safepoint: 18958 ns, Total: 844000 ns
[2023-07-17T15:55:15.869+0000][1][safepoint    ] Safepoint "Cleanup", Time since last: 1000669959 ns, Reaching safepoint: 2871958 ns, At safepoint: 72875 ns, Total: 2944833 ns
[2023-07-17T15:55:16.873+0000][1][safepoint    ] Safepoint "Cleanup", Time since last: 1001315251 ns, Reaching safepoint: 2481000 ns, At safepoint: 168000 ns, Total: 2649000 ns
[2023-07-17T15:55:17.878+0000][1][safepoint    ] Safepoint "Cleanup", Time since last: 1001945375 ns, Reaching safepoint: 2585084 ns, At safepoint: 53625 ns, Total: 2638709 ns
[2023-07-17T15:55:18.882+0000][1][safepoint    ] Safepoint "Cleanup", Time since last: 1001088084 ns, Reaching safepoint: 3261916 ns, At safepoint: 117375 ns, Total: 3379291 ns
[2023-07-17T15:55:19.886+0000][1][safepoint    ] Safepoint "Cleanup", Time since last: 1002360501 ns, Reaching safepoint: 1238375 ns, At safepoint: 21708 ns, Total: 1260083 ns
[2023-07-17T15:55:20.888+0000][1][safepoint    ] Safepoint "Cleanup", Time since last: 1000664750 ns, Reaching safepoint: 1478750 ns, At safepoint: 19584 ns, Total: 1498334 ns
[2023-07-17T15:55:21.893+0000][1][safepoint    ] Safepoint "Cleanup", Time since last: 1000611000 ns, Reaching safepoint: 4060250 ns, At safepoint: 110042 ns, Total: 4170292 ns
[2023-07-17T15:55:22.898+0000][1][safepoint    ] Safepoint "Cleanup", Time since last: 1002340584 ns, Reaching safepoint: 2643000 ns, At safepoint: 472500 ns, Total: 3115500 ns
[2023-07-17T15:55:23.902+0000][1][safepoint    ] Safepoint "Cleanup", Time since last: 1000955542 ns, Reaching safepoint: 2347875 ns, At safepoint: 70458 ns, Total: 2418333 ns
[2023-07-17T15:55:24.904+0000][1][safepoint    ] Safepoint "Cleanup", Time since last: 1000906292 ns, Reaching safepoint: 1366125 ns, At safepoint: 33834 ns, Total: 1399959 ns
[2023-07-17T15:55:25.548+0000][1][safepoint    ] Safepoint "RevokeBias", Time since last: 643172083 ns, Reaching safepoint: 743667 ns, At safepoint: 129958 ns, Total: 873625 ns
[2023-07-17T15:55:25.549+0000][1][safepoint    ] Safepoint "RevokeBias", Time since last: 560417 ns, Reaching safepoint: 742208 ns, At safepoint: 158834 ns, Total: 901042 ns
[2023-07-17T15:55:25.556+0000][1][safepoint    ] Safepoint "BulkRevokeBias", Time since last: 4332208 ns, Reaching safepoint: 456833 ns, At safepoint: 1552292 ns, Total: 2009125 ns
[2023-07-17T15:55:25.589+0000][1][safepoint    ] Safepoint "RevokeBias", Time since last: 32481875 ns, Reaching safepoint: 894708 ns, At safepoint: 125625 ns, Total: 1020333 ns
[2023-07-17T15:55:25.592+0000][1][safepoint    ] Safepoint "RevokeBias", Time since last: 2328209 ns, Reaching safepoint: 523041 ns, At safepoint: 89959 ns, Total: 613000 ns
[2023-07-17T15:55:26.596+0000][1][safepoint    ] Safepoint "Cleanup", Time since last: 1000339792 ns, Reaching safepoint: 2964792 ns, At safepoint: 113583 ns, Total: 3078375 ns
[2023-07-17T15:55:27.599+0000][1][safepoint    ] Safepoint "Cleanup", Time since last: 1001658209 ns, Reaching safepoint: 1711750 ns, At safepoint: 93458 ns, Total: 1805208 ns
[2023-07-17T15:55:28.604+0000][1][safepoint    ] Safepoint "Cleanup", Time since last: 1001377500 ns, Reaching safepoint: 3780542 ns, At safepoint: 99125 ns, Total: 3879667 ns
[2023-07-17T15:55:29.606+0000][1][safepoint    ] Safepoint "Cleanup", Time since last: 1001534209 ns, Reaching safepoint: 604958 ns, At safepoint: 13459 ns, Total: 618417 ns
[2023-07-17T15:55:30.608+0000][1][safepoint    ] Safepoint "Cleanup", Time since last: 1000396042 ns, Reaching safepoint: 1063000 ns, At safepoint: 29041 ns, Total: 1092041 ns
[2023-07-17T15:55:31.610+0000][1][safepoint    ] Safepoint "Cleanup", Time since last: 1001276043 ns, Reaching safepoint: 1228416 ns, At safepoint: 33250 ns, Total: 1261666 ns
[2023-07-17T15:55:32.617+0000][1][safepoint    ] Safepoint "Cleanup", Time since last: 1002815417 ns, Reaching safepoint: 3801792 ns, At safepoint: 121208 ns, Total: 3923000 ns
[2023-07-17T15:55:33.621+0000][1][safepoint    ] Safepoint "Cleanup", Time since last: 1001688751 ns, Reaching safepoint: 1703667 ns, At safepoint: 39000 ns, Total: 1742667 ns
[2023-07-17T15:55:34.626+0000][1][safepoint    ] Safepoint "Cleanup", Time since last: 1002455750 ns, Reaching safepoint: 2470875 ns, At safepoint: 89667 ns, Total: 2560542 ns
[2023-07-17T15:55:35.629+0000][1][safepoint    ] Safepoint "Cleanup", Time since last: 1001003500 ns, Reaching safepoint: 2764209 ns, At safepoint: 80250 ns, Total: 2844459 ns
[2023-07-17T15:55:36.633+0000][1][safepoint    ] Safepoint "Cleanup", Time since last: 1001737583 ns, Reaching safepoint: 1657209 ns, At safepoint: 37791 ns, Total: 1695000 ns
[2023-07-17T15:55:37.638+0000][1][safepoint    ] Safepoint "Cleanup", Time since last: 1001686167 ns, Reaching safepoint: 3582625 ns, At safepoint: 195959 ns, Total: 3778584 ns
[2023-07-17T15:55:38.644+0000][1][safepoint    ] Safepoint "Cleanup", Time since last: 1001626709 ns, Reaching safepoint: 3689000 ns, At safepoint: 180666 ns, Total: 3869666 ns
[2023-07-17T15:55:39.648+0000][1][safepoint    ] Safepoint "Cleanup", Time since last: 1002370959 ns, Reaching safepoint: 1752792 ns, At safepoint: 46458 ns, Total: 1799250 ns
[2023-07-17T15:55:40.650+0000][1][safepoint    ] Safepoint "Cleanup", Time since last: 1000932834 ns, Reaching safepoint: 925042 ns, At safepoint: 23791 ns, Total: 948833 ns
[2023-07-17T15:55:41.656+0000][1][safepoint    ] Safepoint "Cleanup", Time since last: 1002122251 ns, Reaching safepoint: 3415625 ns, At safepoint: 62708 ns, Total: 3478333 ns
[2023-07-17T15:55:42.664+0000][1][safepoint    ] Safepoint "Cleanup", Time since last: 1001559667 ns, Reaching safepoint: 2736916 ns, At safepoint: 149125 ns, Total: 2886041 ns
[2023-07-17T15:55:43.667+0000][1][safepoint    ] Safepoint "Cleanup", Time since last: 1001222709 ns, Reaching safepoint: 1706500 ns, At safepoint: 142542 ns, Total: 1849042 ns
[2023-07-17T15:55:44.673+0000][1][safepoint    ] Safepoint "Cleanup", Time since last: 1004642750 ns, Reaching safepoint: 1680000 ns, At safepoint: 40334 ns, Total: 1720334 ns
[2023-07-17T15:55:45.677+0000][1][safepoint    ] Safepoint "Cleanup", Time since last: 1000736833 ns, Reaching safepoint: 2577459 ns, At safepoint: 97166 ns, Total: 2674625 ns
[2023-07-17T15:55:46.680+0000][1][safepoint    ] Safepoint "Cleanup", Time since last: 1001819459 ns, Reaching safepoint: 1889042 ns, At safepoint: 54208 ns, Total: 1943250 ns
[2023-07-17T15:55:47.686+0000][1][safepoint    ] Safepoint "Cleanup", Time since last: 1001912709 ns, Reaching safepoint: 3092875 ns, At safepoint: 197625 ns, Total: 3290500 ns
[2023-07-17T15:55:48.689+0000][1][safepoint    ] Safepoint "Cleanup", Time since last: 1002893792 ns, Reaching safepoint: 888583 ns, At safepoint: 22334 ns, Total: 910917 ns
[2023-07-17T15:55:49.694+0000][1][safepoint    ] Safepoint "Cleanup", Time since last: 1000807250 ns, Reaching safepoint: 3443459 ns, At safepoint: 106333 ns, Total: 3549792 ns
[2023-07-17T15:55:50.698+0000][1][safepoint    ] Safepoint "Cleanup", Time since last: 1003170709 ns, Reaching safepoint: 1043541 ns, At safepoint: 24084 ns, Total: 1067625 ns
[2023-07-17T15:55:50.841+0000][1][safepoint    ] Safepoint "RevokeBias", Time since last: 141073000 ns, Reaching safepoint: 1364083 ns, At safepoint: 109333 ns, Total: 1473416 ns
[2023-07-17T15:55:51.843+0000][1][safepoint    ] Safepoint "Cleanup", Time since last: 1001756584 ns, Reaching safepoint: 757000 ns, At safepoint: 17625 ns, Total: 774625 ns
[2023-07-17T15:55:52.845+0000][1][safepoint    ] Safepoint "Cleanup", Time since last: 1000416001 ns, Reaching safepoint: 1347250 ns, At safepoint: 30875 ns, Total: 1378125 ns
[2023-07-17T15:55:53.848+0000][1][safepoint    ] Safepoint "Cleanup", Time since last: 1001204042 ns, Reaching safepoint: 2102542 ns, At safepoint: 46375 ns, Total: 2148917 ns
[2023-07-17T15:55:54.855+0000][1][safepoint    ] Safepoint "Cleanup", Time since last: 1003144333 ns, Reaching safepoint: 3206250 ns, At safepoint: 111417 ns, Total: 3317667 ns
[2023-07-17T15:55:55.860+0000][1][safepoint    ] Safepoint "Cleanup", Time since last: 1001601834 ns, Reaching safepoint: 3034667 ns, At safepoint: 77791 ns, Total: 3112458 ns
[2023-07-17T15:55:56.862+0000][1][safepoint    ] Safepoint "Cleanup", Time since last: 1002101834 ns, Reaching safepoint: 604583 ns, At safepoint: 14250 ns, Total: 618833 ns
[2023-07-17T15:55:57.867+0000][1][safepoint    ] Safepoint "Cleanup", Time since last: 1000809834 ns, Reaching safepoint: 3469417 ns, At safepoint: 55333 ns, Total: 3524750 ns
[2023-07-17T15:55:58.873+0000][1][safepoint    ] Safepoint "Cleanup", Time since last: 1003445501 ns, Reaching safepoint: 2620250 ns, At safepoint: 47916 ns, Total: 2668166 ns
[2023-07-17T15:55:59.877+0000][1][safepoint    ] Safepoint "Cleanup", Time since last: 1001498167 ns, Reaching safepoint: 2942792 ns, At safepoint: 72167 ns, Total: 3014959 ns
[2023-07-17T15:56:00.879+0000][1][safepoint    ] Safepoint "Cleanup", Time since last: 1001155792 ns, Reaching safepoint: 699250 ns, At safepoint: 15250 ns, Total: 714500 ns
[2023-07-17T15:56:01.881+0000][1][safepoint    ] Safepoint "Cleanup", Time since last: 1000639834 ns, Reaching safepoint: 1484583 ns, At safepoint: 36250 ns, Total: 1520833 ns
[2023-07-17T15:56:02.884+0000][1][safepoint    ] Safepoint "Cleanup", Time since last: 1001016501 ns, Reaching safepoint: 1703708 ns, At safepoint: 38583 ns, Total: 1742291 ns
[2023-07-17T15:56:03.886+0000][1][safepoint    ] Safepoint "Cleanup", Time since last: 1000755834 ns, Reaching safepoint: 1396083 ns, At safepoint: 31584 ns, Total: 1427667 ns
[2023-07-17T15:56:04.889+0000][1][safepoint    ] Safepoint "Cleanup", Time since last: 1000768792 ns, Reaching safepoint: 1769250 ns, At safepoint: 37166 ns, Total: 1806416 ns
[2023-07-17T15:56:05.893+0000][1][safepoint    ] Safepoint "Cleanup", Time since last: 1001231543 ns, Reaching safepoint: 3081583 ns, At safepoint: 89458 ns, Total: 3171041 ns
[2023-07-17T15:56:06.898+0000][1][safepoint    ] Safepoint "Cleanup", Time since last: 1002826667 ns, Reaching safepoint: 1649625 ns, At safepoint: 39625 ns, Total: 1689250 ns
[2023-07-17T15:56:07.902+0000][1][safepoint    ] Safepoint "Cleanup", Time since last: 1001549126 ns, Reaching safepoint: 2996792 ns, At safepoint: 75083 ns, Total: 3071875 ns
[2023-07-17T15:56:08.906+0000][1][safepoint    ] Safepoint "Cleanup", Time since last: 1001672667 ns, Reaching safepoint: 2392875 ns, At safepoint: 108667 ns, Total: 2501542 ns
[2023-07-17T15:56:09.915+0000][1][safepoint    ] Safepoint "Cleanup", Time since last: 1004586875 ns, Reaching safepoint: 4007750 ns, At safepoint: 125209 ns, Total: 4132959 ns
[2023-07-17T15:56:10.859+0000][1][safepoint    ] Safepoint "RevokeBias", Time since last: 942283958 ns, Reaching safepoint: 1806167 ns, At safepoint: 155167 ns, Total: 1961334 ns
[2023-07-17T15:56:11.877+0000][1][safepoint    ] Safepoint "Cleanup", Time since last: 1000653792 ns, Reaching safepoint: 1311166 ns, At safepoint: 32958 ns, Total: 1344124 ns
[2023-07-17T15:56:12.884+0000][1][safepoint    ] Safepoint "Cleanup", Time since last: 1002561292 ns, Reaching safepoint: 3984209 ns, At safepoint: 112208 ns, Total: 4096417 ns
[2023-07-17T15:56:13.886+0000][1][safepoint    ] Safepoint "Cleanup", Time since last: 1001549667 ns, Reaching safepoint: 1141500 ns, At safepoint: 23667 ns, Total: 1165167 ns
[2023-07-17T15:56:14.888+0000][1][safepoint    ] Safepoint "Cleanup", Time since last: 1000463250 ns, Reaching safepoint: 903875 ns, At safepoint: 24292 ns, Total: 928167 ns
[2023-07-17T15:56:16.785+0000][1][safepoint    ] Safepoint "Cleanup", Time since last: 1895672418 ns, Reaching safepoint: 1581708 ns, At safepoint: 37125 ns, Total: 1618833 ns
[2023-07-17T15:56:17.789+0000][1][safepoint    ] Safepoint "Cleanup", Time since last: 1001022334 ns, Reaching safepoint: 3164125 ns, At safepoint: 86875 ns, Total: 3251000 ns
[2023-07-17T15:56:18.794+0000][1][safepoint    ] Safepoint "Cleanup", Time since last: 1003031458 ns, Reaching safepoint: 1483042 ns, At safepoint: 32250 ns, Total: 1515292 ns
[2023-07-17T15:56:19.799+0000][1][safepoint    ] Safepoint "Cleanup", Time since last: 1001227376 ns, Reaching safepoint: 3317208 ns, At safepoint: 109958 ns, Total: 3427166 ns
[2023-07-17T15:56:20.801+0000][1][safepoint    ] Safepoint "Cleanup", Time since last: 1001243251 ns, Reaching safepoint: 1351583 ns, At safepoint: 41000 ns, Total: 1392583 ns
[2023-07-17T15:56:21.806+0000][1][safepoint    ] Safepoint "Cleanup", Time since last: 1000961792 ns, Reaching safepoint: 3986250 ns, At safepoint: 90292 ns, Total: 4076542 ns
[2023-07-17T15:56:22.816+0000][1][safepoint    ] Safepoint "Cleanup", Time since last: 1001588125 ns, Reaching safepoint: 8047875 ns, At safepoint: 230709 ns, Total: 8278584 ns
[2023-07-17T15:56:23.820+0000][1][safepoint    ] Safepoint "Cleanup", Time since last: 1001888667 ns, Reaching safepoint: 1532625 ns, At safepoint: 34417 ns, Total: 1567042 ns
[2023-07-17T15:56:24.823+0000][1][safepoint    ] Safepoint "Cleanup", Time since last: 1001539250 ns, Reaching safepoint: 1762417 ns, At safepoint: 45875 ns, Total: 1808292 ns
[2023-07-17T15:56:25.742+0000][1][safepoint    ] Safepoint "RevokeBias", Time since last: 918407750 ns, Reaching safepoint: 912542 ns, At safepoint: 236916 ns, Total: 1149458 ns
[2023-07-17T15:56:25.745+0000][1][safepoint    ] Safepoint "RevokeBias", Time since last: 2109834 ns, Reaching safepoint: 683750 ns, At safepoint: 72250 ns, Total: 756000 ns
[2023-07-17T15:56:25.776+0000][1][safepoint    ] Safepoint "RevokeBias", Time since last: 29195916 ns, Reaching safepoint: 880292 ns, At safepoint: 156083 ns, Total: 1036375 ns
[2023-07-17T15:56:25.776+0000][1][safepoint    ] Safepoint "RevokeBias", Time since last: 414750 ns, Reaching safepoint: 428875 ns, At safepoint: 93625 ns, Total: 522500 ns
[2023-07-17T15:56:25.781+0000][1][safepoint    ] Safepoint "RevokeBias", Time since last: 3426709 ns, Reaching safepoint: 805083 ns, At safepoint: 71375 ns, Total: 876458 ns
[2023-07-17T15:56:26.801+0000][1][safepoint    ] Safepoint "Cleanup", Time since last: 1017636917 ns, Reaching safepoint: 2452750 ns, At safepoint: 52084 ns, Total: 2504834 ns
[2023-07-17T15:56:27.806+0000][1][safepoint    ] Safepoint "Cleanup", Time since last: 1001298417 ns, Reaching safepoint: 3562333 ns, At safepoint: 100542 ns, Total: 3662875 ns
[2023-07-17T15:56:28.809+0000][1][safepoint    ] Safepoint "Cleanup", Time since last: 1001235209 ns, Reaching safepoint: 1900291 ns, At safepoint: 35834 ns, Total: 1936125 ns
[2023-07-17T15:56:29.812+0000][1][safepoint    ] Safepoint "Cleanup", Time since last: 1001492792 ns, Reaching safepoint: 1687333 ns, At safepoint: 53875 ns, Total: 1741208 ns
[2023-07-17T15:56:30.814+0000][1][safepoint    ] Safepoint "Cleanup", Time since last: 1001078626 ns, Reaching safepoint: 1047250 ns, At safepoint: 26708 ns, Total: 1073958 ns
[2023-07-17T15:56:31.819+0000][1][safepoint    ] Safepoint "Cleanup", Time since last: 1000930917 ns, Reaching safepoint: 3048958 ns, At safepoint: 140167 ns, Total: 3189125 ns
[2023-07-17T15:56:32.823+0000][1][safepoint    ] Safepoint "Cleanup", Time since last: 1001638167 ns, Reaching safepoint: 2959917 ns, At safepoint: 127000 ns, Total: 3086917 ns
[2023-07-17T15:56:33.828+0000][1][safepoint    ] Safepoint "Cleanup", Time since last: 1000828209 ns, Reaching safepoint: 3302708 ns, At safepoint: 127208 ns, Total: 3429916 ns
[2023-07-17T15:56:34.832+0000][1][safepoint    ] Safepoint "Cleanup", Time since last: 1001691126 ns, Reaching safepoint: 2737750 ns, At safepoint: 66250 ns, Total: 2804000 ns
[2023-07-17T15:56:35.837+0000][1][safepoint    ] Safepoint "Cleanup", Time since last: 1002161250 ns, Reaching safepoint: 2771750 ns, At safepoint: 80625 ns, Total: 2852375 ns
[2023-07-17T15:56:36.843+0000][1][safepoint    ] Safepoint "Cleanup", Time since last: 1001718584 ns, Reaching safepoint: 4152417 ns, At safepoint: 117333 ns, Total: 4269750 ns
[2023-07-17T15:56:37.851+0000][1][safepoint    ] Safepoint "Cleanup", Time since last: 1003177584 ns, Reaching safepoint: 4084792 ns, At safepoint: 105583 ns, Total: 4190375 ns
[2023-07-17T15:56:38.856+0000][1][safepoint    ] Safepoint "Cleanup", Time since last: 1001420000 ns, Reaching safepoint: 3806917 ns, At safepoint: 87083 ns, Total: 3894000 ns
[2023-07-17T15:56:39.859+0000][1][safepoint    ] Safepoint "Cleanup", Time since last: 1000995001 ns, Reaching safepoint: 1685708 ns, At safepoint: 37375 ns, Total: 1723083 ns
[2023-07-17T15:56:40.860+0000][1][safepoint    ] Safepoint "Cleanup", Time since last: 1000704751 ns, Reaching safepoint: 1054916 ns, At safepoint: 31334 ns, Total: 1086250 ns
[2023-07-17T15:56:41.865+0000][1][safepoint    ] Safepoint "Cleanup", Time since last: 1000515208 ns, Reaching safepoint: 3781709 ns, At safepoint: 98666 ns, Total: 3880375 ns
[2023-07-17T15:56:42.873+0000][1][safepoint    ] Safepoint "Cleanup", Time since last: 1001962708 ns, Reaching safepoint: 4004542 ns, At safepoint: 90750 ns, Total: 4095292 ns
[2023-07-17T15:56:43.876+0000][1][safepoint    ] Safepoint "Cleanup", Time since last: 1001496875 ns, Reaching safepoint: 1230709 ns, At safepoint: 19916 ns, Total: 1250625 ns
[2023-07-17T15:56:44.881+0000][1][safepoint    ] Safepoint "Cleanup", Time since last: 1001482751 ns, Reaching safepoint: 3756792 ns, At safepoint: 100666 ns, Total: 3857458 ns
[2023-07-17T15:56:45.888+0000][1][safepoint    ] Safepoint "Cleanup", Time since last: 1002844501 ns, Reaching safepoint: 3930541 ns, At safepoint: 95084 ns, Total: 4025625 ns
[2023-07-17T15:56:46.895+0000][1][safepoint    ] Safepoint "Cleanup", Time since last: 1002667334 ns, Reaching safepoint: 4222833 ns, At safepoint: 72542 ns, Total: 4295375 ns
[2023-07-17T15:56:47.901+0000][1][safepoint    ] Safepoint "Cleanup", Time since last: 1001562875 ns, Reaching safepoint: 4125625 ns, At safepoint: 99208 ns, Total: 4224833 ns
[2023-07-17T15:56:48.905+0000][1][safepoint    ] Safepoint "Cleanup", Time since last: 1002501834 ns, Reaching safepoint: 2246209 ns, At safepoint: 59375 ns, Total: 2305584 ns
[2023-07-17T15:56:49.923+0000][1][safepoint    ] Safepoint "Cleanup", Time since last: 1002705167 ns, Reaching safepoint: 9941166 ns, At safepoint: 922417 ns, Total: 10863583 ns
[2023-07-17T15:56:50.932+0000][1][safepoint    ] Safepoint "Cleanup", Time since last: 1011284417 ns, Reaching safepoint: 1679042 ns, At safepoint: 24375 ns, Total: 1703417 ns
[2023-07-17T15:56:51.938+0000][1][safepoint    ] Safepoint "Cleanup", Time since last: 1004399084 ns, Reaching safepoint: 1253000 ns, At safepoint: 34625 ns, Total: 1287625 ns
[2023-07-17T15:56:52.941+0000][1][safepoint    ] Safepoint "Cleanup", Time since last: 1000693583 ns, Reaching safepoint: 2121584 ns, At safepoint: 31041 ns, Total: 2152625 ns
[2023-07-17T15:56:53.944+0000][1][safepoint    ] Safepoint "Cleanup", Time since last: 1000869709 ns, Reaching safepoint: 2297417 ns, At safepoint: 63083 ns, Total: 2360500 ns
[2023-07-17T15:56:54.950+0000][1][safepoint    ] Safepoint "Cleanup", Time since last: 1002744626 ns, Reaching safepoint: 3764500 ns, At safepoint: 98958 ns, Total: 3863458 ns
[2023-07-17T15:56:55.957+0000][1][safepoint    ] Safepoint "Cleanup", Time since last: 1003145251 ns, Reaching safepoint: 3801541 ns, At safepoint: 105959 ns, Total: 3907500 ns
[2023-07-17T15:56:56.964+0000][1][safepoint    ] Safepoint "Cleanup", Time since last: 1003087917 ns, Reaching safepoint: 3073916 ns, At safepoint: 80084 ns, Total: 3154000 ns
[2023-07-17T15:56:57.968+0000][1][safepoint    ] Safepoint "Cleanup", Time since last: 1001318375 ns, Reaching safepoint: 2940125 ns, At safepoint: 89959 ns, Total: 3030084 ns
[2023-07-17T15:56:58.965+0000][1][gc,start     ] GC(46) Pause Young (Allocation Failure)
[2023-07-17T15:56:58.969+0000][1][gc,task      ] GC(46) Using 4 workers of 4 for evacuation
[2023-07-17T15:56:59.001+0000][1][gc,age       ] GC(46) Desired survivor size 8945664 bytes, new threshold 6 (max threshold 6)
[2023-07-17T15:56:59.002+0000][1][gc,age       ] GC(46) Age table with threshold 6 (max threshold 6)
[2023-07-17T15:56:59.002+0000][1][gc,age       ] GC(46) - age   1:      85016 bytes,      85016 total
[2023-07-17T15:56:59.002+0000][1][gc,age       ] GC(46) - age   2:        792 bytes,      85808 total
[2023-07-17T15:56:59.002+0000][1][gc,age       ] GC(46) - age   3:       1712 bytes,      87520 total
[2023-07-17T15:56:59.002+0000][1][gc,age       ] GC(46) - age   4:       4464 bytes,      91984 total
[2023-07-17T15:56:59.002+0000][1][gc,age       ] GC(46) - age   5:        256 bytes,      92240 total
[2023-07-17T15:56:59.003+0000][1][gc,age       ] GC(46) - age   6:       2568 bytes,      94808 total
[2023-07-17T15:56:59.004+0000][1][gc,heap      ] GC(46) ParNew: 139917K->145K(157248K)
[2023-07-17T15:56:59.004+0000][1][gc,heap      ] GC(46) CMS: 69191K->69195K(349568K)
[2023-07-17T15:56:59.004+0000][1][gc,metaspace ] GC(46) Metaspace: 89967K->89967K(1132544K)
[2023-07-17T15:56:59.005+0000][1][gc           ] GC(46) Pause Young (Allocation Failure) 204M->67M(494M) 39.931ms
[2023-07-17T15:56:59.005+0000][1][gc,cpu       ] GC(46) User=0.06s Sys=0.02s Real=0.04s
[2023-07-17T15:56:59.006+0000][1][safepoint    ] Safepoint "GenCollectForAllocation", Time since last: 994097750 ns, Reaching safepoint: 2005042 ns, At safepoint: 41486083 ns, Total: 43491125 ns
[2023-07-17T15:57:00.011+0000][1][safepoint    ] Safepoint "Cleanup", Time since last: 1000857209 ns, Reaching safepoint: 4758625 ns, At safepoint: 158291 ns, Total: 4916916 ns
[2023-07-17T15:57:01.015+0000][1][safepoint    ] Safepoint "Cleanup", Time since last: 1002661084 ns, Reaching safepoint: 579000 ns, At safepoint: 14584 ns, Total: 593584 ns
[2023-07-17T15:57:02.021+0000][1][safepoint    ] Safepoint "Cleanup", Time since last: 1002054208 ns, Reaching safepoint: 3885500 ns, At safepoint: 111334 ns, Total: 3996834 ns
[2023-07-17T15:57:03.024+0000][1][safepoint    ] Safepoint "Cleanup", Time since last: 1001361959 ns, Reaching safepoint: 1852125 ns, At safepoint: 41833 ns, Total: 1893958 ns
[2023-07-17T15:57:04.028+0000][1][safepoint    ] Safepoint "Cleanup", Time since last: 1000951542 ns, Reaching safepoint: 3384917 ns, At safepoint: 93250 ns, Total: 3478167 ns
[2023-07-17T15:57:05.033+0000][1][safepoint    ] Safepoint "Cleanup", Time since last: 1000942375 ns, Reaching safepoint: 3133959 ns, At safepoint: 99375 ns, Total: 3233334 ns
[2023-07-17T15:57:06.037+0000][1][safepoint    ] Safepoint "Cleanup", Time since last: 1001246208 ns, Reaching safepoint: 2980250 ns, At safepoint: 85792 ns, Total: 3066042 ns
[2023-07-17T15:57:07.042+0000][1][safepoint    ] Safepoint "Cleanup", Time since last: 1001682709 ns, Reaching safepoint: 3096583 ns, At safepoint: 96208 ns, Total: 3192791 ns
[2023-07-17T15:57:08.047+0000][1][safepoint    ] Safepoint "Cleanup", Time since last: 1001570793 ns, Reaching safepoint: 3857041 ns, At safepoint: 109250 ns, Total: 3966291 ns
[2023-07-17T15:57:09.054+0000][1][safepoint    ] Safepoint "Cleanup", Time since last: 1002268584 ns, Reaching safepoint: 4087250 ns, At safepoint: 140292 ns, Total: 4227542 ns
[2023-07-17T15:57:10.061+0000][1][safepoint    ] Safepoint "Cleanup", Time since last: 1003563917 ns, Reaching safepoint: 3887333 ns, At safepoint: 103000 ns, Total: 3990333 ns
[2023-07-17T15:57:10.884+0000][1][safepoint    ] Safepoint "RevokeBias", Time since last: 819250876 ns, Reaching safepoint: 1766625 ns, At safepoint: 1228291 ns, Total: 2994916 ns
[2023-07-17T15:57:11.888+0000][1][safepoint    ] Safepoint "Cleanup", Time since last: 1000602584 ns, Reaching safepoint: 3728083 ns, At safepoint: 68750 ns, Total: 3796833 ns
[2023-07-17T15:57:12.893+0000][1][safepoint    ] Safepoint "Cleanup", Time since last: 1001274501 ns, Reaching safepoint: 3733375 ns, At safepoint: 84083 ns, Total: 3817458 ns
[2023-07-17T15:57:13.896+0000][1][safepoint    ] Safepoint "Cleanup", Time since last: 1001445417 ns, Reaching safepoint: 1275208 ns, At safepoint: 26834 ns, Total: 1302042 ns
[2023-07-17T15:57:14.901+0000][1][safepoint    ] Safepoint "Cleanup", Time since last: 1000868209 ns, Reaching safepoint: 3840750 ns, At safepoint: 94333 ns, Total: 3935083 ns
[2023-07-17T15:57:15.907+0000][1][safepoint    ] Safepoint "Cleanup", Time since last: 1001992584 ns, Reaching safepoint: 3806375 ns, At safepoint: 102000 ns, Total: 3908375 ns
[2023-07-17T15:57:16.912+0000][1][safepoint    ] Safepoint "Cleanup", Time since last: 1002062459 ns, Reaching safepoint: 2629000 ns, At safepoint: 69708 ns, Total: 2698708 ns
[2023-07-17T15:57:17.920+0000][1][safepoint    ] Safepoint "Cleanup", Time since last: 1004178875 ns, Reaching safepoint: 3868542 ns, At safepoint: 95583 ns, Total: 3964125 ns
[2023-07-17T15:57:18.927+0000][1][safepoint    ] Safepoint "Cleanup", Time since last: 1003616001 ns, Reaching safepoint: 3127792 ns, At safepoint: 74083 ns, Total: 3201875 ns
[2023-07-17T15:57:19.930+0000][1][safepoint    ] Safepoint "Cleanup", Time since last: 1001453250 ns, Reaching safepoint: 2102667 ns, At safepoint: 56125 ns, Total: 2158792 ns
[2023-07-17T15:57:20.932+0000][1][safepoint    ] Safepoint "Cleanup", Time since last: 1001016875 ns, Reaching safepoint: 897459 ns, At safepoint: 17125 ns, Total: 914584 ns
[2023-07-17T15:57:21.935+0000][1][safepoint    ] Safepoint "Cleanup", Time since last: 1002304125 ns, Reaching safepoint: 859875 ns, At safepoint: 19542 ns, Total: 879417 ns
[2023-07-17T15:57:22.938+0000][1][safepoint    ] Safepoint "Cleanup", Time since last: 1000931667 ns, Reaching safepoint: 1662125 ns, At safepoint: 36292 ns, Total: 1698417 ns
[2023-07-17T15:57:23.944+0000][1][safepoint    ] Safepoint "Cleanup", Time since last: 1001636584 ns, Reaching safepoint: 4000583 ns, At safepoint: 118250 ns, Total: 4118833 ns
[2023-07-17T15:57:24.949+0000][1][safepoint    ] Safepoint "Cleanup", Time since last: 1001928667 ns, Reaching safepoint: 2987333 ns, At safepoint: 223792 ns, Total: 3211125 ns
[2023-07-17T15:57:25.951+0000][1][safepoint    ] Safepoint "Cleanup", Time since last: 1001381001 ns, Reaching safepoint: 1233916 ns, At safepoint: 31042 ns, Total: 1264958 ns
[2023-07-17T15:57:25.993+0000][1][safepoint    ] Safepoint "RevokeBias", Time since last: 39811417 ns, Reaching safepoint: 828166 ns, At safepoint: 616959 ns, Total: 1445125 ns
[2023-07-17T15:57:26.009+0000][1][safepoint    ] Safepoint "RevokeBias", Time since last: 15031625 ns, Reaching safepoint: 1382458 ns, At safepoint: 369042 ns, Total: 1751500 ns
[2023-07-17T15:57:26.027+0000][1][safepoint    ] Safepoint "RevokeBias", Time since last: 15813375 ns, Reaching safepoint: 691625 ns, At safepoint: 538041 ns, Total: 1229666 ns
[2023-07-17T15:57:26.031+0000][1][safepoint    ] Safepoint "RevokeBias", Time since last: 2921375 ns, Reaching safepoint: 1283084 ns, At safepoint: 163666 ns, Total: 1446750 ns
[2023-07-17T15:57:26.034+0000][1][safepoint    ] Safepoint "RevokeBias", Time since last: 1592000 ns, Reaching safepoint: 1326250 ns, At safepoint: 103917 ns, Total: 1430167 ns
[2023-07-17T15:57:27.041+0000][1][safepoint    ] Safepoint "Cleanup", Time since last: 1002451334 ns, Reaching safepoint: 4024166 ns, At safepoint: 126584 ns, Total: 4150750 ns
[2023-07-17T15:57:28.046+0000][1][safepoint    ] Safepoint "Cleanup", Time since last: 1001798834 ns, Reaching safepoint: 3096458 ns, At safepoint: 187375 ns, Total: 3283833 ns
[2023-07-17T15:57:29.048+0000][1][safepoint    ] Safepoint "Cleanup", Time since last: 1002002250 ns, Reaching safepoint: 819750 ns, At safepoint: 27292 ns, Total: 847042 ns
[2023-07-17T15:57:30.052+0000][1][safepoint    ] Safepoint "Cleanup", Time since last: 1002105334 ns, Reaching safepoint: 1289916 ns, At safepoint: 20417 ns, Total: 1310333 ns
[2023-07-17T15:57:30.863+0000][1][safepoint    ] Safepoint "RevokeBias", Time since last: 809654834 ns, Reaching safepoint: 1398208 ns, At safepoint: 315084 ns, Total: 1713292 ns
[2023-07-17T15:57:31.866+0000][1][safepoint    ] Safepoint "Cleanup", Time since last: 1001555333 ns, Reaching safepoint: 734709 ns, At safepoint: 17958 ns, Total: 752667 ns
[2023-07-17T15:57:32.867+0000][1][safepoint    ] Safepoint "Cleanup", Time since last: 1000276126 ns, Reaching safepoint: 818416 ns, At safepoint: 18250 ns, Total: 836666 ns
[2023-07-17T15:57:33.871+0000][1][safepoint    ] Safepoint "Cleanup", Time since last: 1001459417 ns, Reaching safepoint: 2653750 ns, At safepoint: 104250 ns, Total: 2758000 ns
[2023-07-17T15:57:34.874+0000][1][safepoint    ] Safepoint "Cleanup", Time since last: 1001375959 ns, Reaching safepoint: 1426542 ns, At safepoint: 32083 ns, Total: 1458625 ns
[2023-07-17T15:57:35.876+0000][1][safepoint    ] Safepoint "Cleanup", Time since last: 1001340834 ns, Reaching safepoint: 914292 ns, At safepoint: 24958 ns, Total: 939250 ns
[2023-07-17T15:57:36.879+0000][1][safepoint    ] Safepoint "Cleanup", Time since last: 1000664375 ns, Reaching safepoint: 2444834 ns, At safepoint: 63000 ns, Total: 2507834 ns
[2023-07-17T15:57:37.883+0000][1][safepoint    ] Safepoint "Cleanup", Time since last: 1001415250 ns, Reaching safepoint: 1896084 ns, At safepoint: 53375 ns, Total: 1949459 ns
[2023-07-17T15:57:38.887+0000][1][safepoint    ] Safepoint "Cleanup", Time since last: 1001393792 ns, Reaching safepoint: 2792416 ns, At safepoint: 114125 ns, Total: 2906541 ns
[2023-07-17T15:57:39.893+0000][1][safepoint    ] Safepoint "Cleanup", Time since last: 1002555751 ns, Reaching safepoint: 2977208 ns, At safepoint: 94459 ns, Total: 3071667 ns
[2023-07-17T15:57:40.895+0000][1][safepoint    ] Safepoint "Cleanup", Time since last: 1001683375 ns, Reaching safepoint: 1089500 ns, At safepoint: 17000 ns, Total: 1106500 ns
[2023-07-17T15:57:41.900+0000][1][safepoint    ] Safepoint "Cleanup", Time since last: 1001009291 ns, Reaching safepoint: 3219250 ns, At safepoint: 78167 ns, Total: 3297417 ns
[2023-07-17T15:57:42.903+0000][1][safepoint    ] Safepoint "Cleanup", Time since last: 1000739584 ns, Reaching safepoint: 1599041 ns, At safepoint: 1117542 ns, Total: 2716583 ns
[2023-07-17T15:57:43.906+0000][1][safepoint    ] Safepoint "Cleanup", Time since last: 1001805000 ns, Reaching safepoint: 1161125 ns, At safepoint: 21667 ns, Total: 1182792 ns
[2023-07-17T15:57:44.911+0000][1][safepoint    ] Safepoint "Cleanup", Time since last: 1001284376 ns, Reaching safepoint: 3048958 ns, At safepoint: 83917 ns, Total: 3132875 ns
[2023-07-17T15:57:45.917+0000][1][safepoint    ] Safepoint "Cleanup", Time since last: 1004611167 ns, Reaching safepoint: 1620041 ns, At safepoint: 45042 ns, Total: 1665083 ns
[2023-07-17T15:57:46.919+0000][1][safepoint    ] Safepoint "Cleanup", Time since last: 1000770626 ns, Reaching safepoint: 1487333 ns, At safepoint: 35417 ns, Total: 1522750 ns
[2023-07-17T15:57:47.928+0000][1][safepoint    ] Safepoint "Cleanup", Time since last: 1005179500 ns, Reaching safepoint: 3336542 ns, At safepoint: 67458 ns, Total: 3404000 ns
[2023-07-17T15:57:48.933+0000][1][safepoint    ] Safepoint "Cleanup", Time since last: 1001938251 ns, Reaching safepoint: 2855125 ns, At safepoint: 58041 ns, Total: 2913166 ns
[2023-07-17T15:57:49.936+0000][1][safepoint    ] Safepoint "Cleanup", Time since last: 1001316251 ns, Reaching safepoint: 1745333 ns, At safepoint: 38083 ns, Total: 1783416 ns
[2023-07-17T15:57:50.904+0000][1][safepoint    ] Safepoint "RevokeBias", Time since last: 966750084 ns, Reaching safepoint: 1301625 ns, At safepoint: 337458 ns, Total: 1639083 ns
[2023-07-17T15:57:51.907+0000][1][safepoint    ] Safepoint "Cleanup", Time since last: 1000465084 ns, Reaching safepoint: 2058834 ns, At safepoint: 33458 ns, Total: 2092292 ns
[2023-07-17T15:57:52.912+0000][1][safepoint    ] Safepoint "Cleanup", Time since last: 1001082459 ns, Reaching safepoint: 3440708 ns, At safepoint: 136292 ns, Total: 3577000 ns
[2023-07-17T15:57:53.917+0000][1][safepoint    ] Safepoint "Cleanup", Time since last: 1003125292 ns, Reaching safepoint: 2247875 ns, At safepoint: 50917 ns, Total: 2298792 ns
[2023-07-17T15:57:54.923+0000][1][safepoint    ] Safepoint "Cleanup", Time since last: 1004132542 ns, Reaching safepoint: 1718458 ns, At safepoint: 51958 ns, Total: 1770416 ns
[2023-07-17T15:57:55.929+0000][1][safepoint    ] Safepoint "Cleanup", Time since last: 1004911626 ns, Reaching safepoint: 837333 ns, At safepoint: 19292 ns, Total: 856625 ns
[2023-07-17T15:57:56.934+0000][1][safepoint    ] Safepoint "Cleanup", Time since last: 1000448875 ns, Reaching safepoint: 4804500 ns, At safepoint: 111292 ns, Total: 4915792 ns
[2023-07-17T15:57:57.938+0000][1][safepoint    ] Safepoint "Cleanup", Time since last: 1001242084 ns, Reaching safepoint: 2550250 ns, At safepoint: 61625 ns, Total: 2611875 ns
[2023-07-17T15:57:58.944+0000][1][safepoint    ] Safepoint "Cleanup", Time since last: 1003401375 ns, Reaching safepoint: 2550334 ns, At safepoint: 78041 ns, Total: 2628375 ns
[2023-07-17T15:57:59.950+0000][1][safepoint    ] Safepoint "Cleanup", Time since last: 1003661334 ns, Reaching safepoint: 1782875 ns, At safepoint: 1055292 ns, Total: 2838167 ns
[2023-07-17T15:58:00.953+0000][1][safepoint    ] Safepoint "Cleanup", Time since last: 1000924667 ns, Reaching safepoint: 1593250 ns, At safepoint: 23250 ns, Total: 1616500 ns
[2023-07-17T15:58:01.955+0000][1][safepoint    ] Safepoint "Cleanup", Time since last: 1000380792 ns, Reaching safepoint: 1425583 ns, At safepoint: 36917 ns, Total: 1462500 ns
[2023-07-17T15:58:02.961+0000][1][safepoint    ] Safepoint "Cleanup", Time since last: 1001812292 ns, Reaching safepoint: 4028417 ns, At safepoint: 101125 ns, Total: 4129542 ns
[2023-07-17T15:58:03.966+0000][1][safepoint    ] Safepoint "Cleanup", Time since last: 1002271167 ns, Reaching safepoint: 2816542 ns, At safepoint: 61333 ns, Total: 2877875 ns
[2023-07-17T15:58:04.968+0000][1][safepoint    ] Safepoint "Cleanup", Time since last: 1001187334 ns, Reaching safepoint: 1444208 ns, At safepoint: 32750 ns, Total: 1476958 ns
[2023-07-17T15:58:05.970+0000][1][safepoint    ] Safepoint "Cleanup", Time since last: 1000719209 ns, Reaching safepoint: 1248083 ns, At safepoint: 26375 ns, Total: 1274458 ns
[2023-07-17T15:58:06.973+0000][1][safepoint    ] Safepoint "Cleanup", Time since last: 1000583042 ns, Reaching safepoint: 2188917 ns, At safepoint: 63667 ns, Total: 2252584 ns
[2023-07-17T15:58:07.977+0000][1][safepoint    ] Safepoint "Cleanup", Time since last: 1001073625 ns, Reaching safepoint: 2973375 ns, At safepoint: 91959 ns, Total: 3065334 ns
[2023-07-17T15:58:08.983+0000][1][safepoint    ] Safepoint "Cleanup", Time since last: 1001254125 ns, Reaching safepoint: 4058417 ns, At safepoint: 85166 ns, Total: 4143583 ns
[2023-07-17T15:58:09.987+0000][1][safepoint    ] Safepoint "Cleanup", Time since last: 1001690834 ns, Reaching safepoint: 2379375 ns, At safepoint: 61375 ns, Total: 2440750 ns
[2023-07-17T15:58:10.909+0000][1][safepoint    ] Safepoint "RevokeBias", Time since last: 920438334 ns, Reaching safepoint: 1799583 ns, At safepoint: 207375 ns, Total: 2006958 ns
[2023-07-17T15:58:11.911+0000][1][safepoint    ] Safepoint "Cleanup", Time since last: 1000719667 ns, Reaching safepoint: 754708 ns, At safepoint: 15250 ns, Total: 769958 ns
[2023-07-17T15:58:12.913+0000][1][safepoint    ] Safepoint "Cleanup", Time since last: 1000808167 ns, Reaching safepoint: 987959 ns, At safepoint: 23958 ns, Total: 1011917 ns
[2023-07-17T15:58:13.915+0000][1][safepoint    ] Safepoint "Cleanup", Time since last: 1001360292 ns, Reaching safepoint: 1205292 ns, At safepoint: 22250 ns, Total: 1227542 ns
[2023-07-17T15:58:14.920+0000][1][safepoint    ] Safepoint "Cleanup", Time since last: 1002463625 ns, Reaching safepoint: 2539417 ns, At safepoint: 64375 ns, Total: 2603792 ns
[2023-07-17T15:58:15.925+0000][1][safepoint    ] Safepoint "Cleanup", Time since last: 1001917542 ns, Reaching safepoint: 2445292 ns, At safepoint: 100583 ns, Total: 2545875 ns
[2023-07-17T15:58:16.932+0000][1][safepoint    ] Safepoint "Cleanup", Time since last: 1004163709 ns, Reaching safepoint: 2758208 ns, At safepoint: 151625 ns, Total: 2909833 ns
[2023-07-17T15:58:17.939+0000][1][safepoint    ] Safepoint "Cleanup", Time since last: 1003686584 ns, Reaching safepoint: 3669083 ns, At safepoint: 113084 ns, Total: 3782167 ns
[2023-07-17T15:58:18.943+0000][1][safepoint    ] Safepoint "Cleanup", Time since last: 1001981250 ns, Reaching safepoint: 1468792 ns, At safepoint: 36208 ns, Total: 1505000 ns
[2023-07-17T15:58:19.947+0000][1][safepoint    ] Safepoint "Cleanup", Time since last: 1000818959 ns, Reaching safepoint: 2910625 ns, At safepoint: 93125 ns, Total: 3003750 ns
[2023-07-17T15:58:20.950+0000][1][safepoint    ] Safepoint "Cleanup", Time since last: 1002042459 ns, Reaching safepoint: 1429291 ns, At safepoint: 20834 ns, Total: 1450125 ns
[2023-07-17T15:58:21.956+0000][1][safepoint    ] Safepoint "Cleanup", Time since last: 1001079500 ns, Reaching safepoint: 4385375 ns, At safepoint: 85542 ns, Total: 4470917 ns
[2023-07-17T15:58:22.961+0000][1][safepoint    ] Safepoint "Cleanup", Time since last: 1001760042 ns, Reaching safepoint: 3732000 ns, At safepoint: 121958 ns, Total: 3853958 ns
[2023-07-17T15:58:23.967+0000][1][safepoint    ] Safepoint "Cleanup", Time since last: 1001675876 ns, Reaching safepoint: 4188042 ns, At safepoint: 98875 ns, Total: 4286917 ns
[2023-07-17T15:58:24.974+0000][1][safepoint    ] Safepoint "Cleanup", Time since last: 1003160917 ns, Reaching safepoint: 3781958 ns, At safepoint: 94125 ns, Total: 3876083 ns
[2023-07-17T15:58:25.981+0000][1][safepoint    ] Safepoint "Cleanup", Time since last: 1002664334 ns, Reaching safepoint: 3783333 ns, At safepoint: 102292 ns, Total: 3885625 ns
[2023-07-17T15:58:26.166+0000][1][safepoint    ] Safepoint "RevokeBias", Time since last: 184195208 ns, Reaching safepoint: 713375 ns, At safepoint: 96459 ns, Total: 809834 ns
[2023-07-17T15:58:26.171+0000][1][safepoint    ] Safepoint "RevokeBias", Time since last: 4537333 ns, Reaching safepoint: 880292 ns, At safepoint: 116541 ns, Total: 996833 ns
[2023-07-17T15:58:26.178+0000][1][safepoint    ] Safepoint "RevokeBias", Time since last: 4135584 ns, Reaching safepoint: 2766708 ns, At safepoint: 90500 ns, Total: 2857208 ns
[2023-07-17T15:58:26.197+0000][1][safepoint    ] Safepoint "RevokeBias", Time since last: 17412542 ns, Reaching safepoint: 1130500 ns, At safepoint: 83958 ns, Total: 1214458 ns
[2023-07-17T15:58:26.202+0000][1][safepoint    ] Safepoint "RevokeBias", Time since last: 4075292 ns, Reaching safepoint: 1305583 ns, At safepoint: 101333 ns, Total: 1406916 ns
[2023-07-17T15:58:27.207+0000][1][safepoint    ] Safepoint "Cleanup", Time since last: 1001393417 ns, Reaching safepoint: 3019167 ns, At safepoint: 71375 ns, Total: 3090542 ns
[2023-07-17T15:58:28.213+0000][1][safepoint    ] Safepoint "Cleanup", Time since last: 1002766542 ns, Reaching safepoint: 2724709 ns, At safepoint: 95041 ns, Total: 2819750 ns
[2023-07-17T15:58:29.217+0000][1][safepoint    ] Safepoint "Cleanup", Time since last: 1002469834 ns, Reaching safepoint: 1681042 ns, At safepoint: 68083 ns, Total: 1749125 ns
[2023-07-17T15:58:30.220+0000][1][safepoint    ] Safepoint "Cleanup", Time since last: 1000881042 ns, Reaching safepoint: 2103459 ns, At safepoint: 62000 ns, Total: 2165459 ns
[2023-07-17T15:58:30.908+0000][1][safepoint    ] Safepoint "RevokeBias", Time since last: 686347500 ns, Reaching safepoint: 1316000 ns, At safepoint: 309917 ns, Total: 1625917 ns
[2023-07-17T15:58:31.912+0000][1][safepoint    ] Safepoint "Cleanup", Time since last: 1000935958 ns, Reaching safepoint: 2951000 ns, At safepoint: 66834 ns, Total: 3017834 ns
[2023-07-17T15:58:32.915+0000][1][safepoint    ] Safepoint "Cleanup", Time since last: 1001303875 ns, Reaching safepoint: 1824459 ns, At safepoint: 55333 ns, Total: 1879792 ns
[2023-07-17T15:58:33.919+0000][1][safepoint    ] Safepoint "Cleanup", Time since last: 1001903709 ns, Reaching safepoint: 1674916 ns, At safepoint: 41000 ns, Total: 1715916 ns
[2023-07-17T15:58:34.922+0000][1][safepoint    ] Safepoint "Cleanup", Time since last: 1001235417 ns, Reaching safepoint: 2466375 ns, At safepoint: 114625 ns, Total: 2581000 ns
[2023-07-17T15:58:35.927+0000][1][safepoint    ] Safepoint "Cleanup", Time since last: 1000787168 ns, Reaching safepoint: 3530083 ns, At safepoint: 109458 ns, Total: 3639541 ns
[2023-07-17T15:58:36.931+0000][1][safepoint    ] Safepoint "Cleanup", Time since last: 1000909709 ns, Reaching safepoint: 2916083 ns, At safepoint: 87459 ns, Total: 3003542 ns
[2023-07-17T15:58:37.936+0000][1][safepoint    ] Safepoint "Cleanup", Time since last: 1001344542 ns, Reaching safepoint: 3466708 ns, At safepoint: 101834 ns, Total: 3568542 ns
[2023-07-17T15:58:38.939+0000][1][safepoint    ] Safepoint "Cleanup", Time since last: 1002014333 ns, Reaching safepoint: 1684459 ns, At safepoint: 55666 ns, Total: 1740125 ns
[2023-07-17T15:58:39.946+0000][1][safepoint    ] Safepoint "Cleanup", Time since last: 1003373376 ns, Reaching safepoint: 3497458 ns, At safepoint: 81417 ns, Total: 3578875 ns
[2023-07-17T15:58:40.948+0000][1][safepoint    ] Safepoint "Cleanup", Time since last: 1001216834 ns, Reaching safepoint: 631833 ns, At safepoint: 16083 ns, Total: 647916 ns
[2023-07-17T15:58:41.953+0000][1][safepoint    ] Safepoint "Cleanup", Time since last: 1000656042 ns, Reaching safepoint: 3658167 ns, At safepoint: 83916 ns, Total: 3742083 ns
[2023-07-17T15:58:42.957+0000][1][safepoint    ] Safepoint "Cleanup", Time since last: 1001316959 ns, Reaching safepoint: 3149667 ns, At safepoint: 90250 ns, Total: 3239917 ns
[2023-07-17T15:58:43.960+0000][1][safepoint    ] Safepoint "Cleanup", Time since last: 1001337917 ns, Reaching safepoint: 1157000 ns, At safepoint: 18416 ns, Total: 1175416 ns
[2023-07-17T15:58:44.963+0000][1][safepoint    ] Safepoint "Cleanup", Time since last: 1000796418 ns, Reaching safepoint: 2757958 ns, At safepoint: 75500 ns, Total: 2833458 ns
[2023-07-17T15:58:45.967+0000][1][safepoint    ] Safepoint "Cleanup", Time since last: 1001418000 ns, Reaching safepoint: 2082417 ns, At safepoint: 47333 ns, Total: 2129750 ns
[2023-07-17T15:58:46.971+0000][1][safepoint    ] Safepoint "Cleanup", Time since last: 1000955084 ns, Reaching safepoint: 2681500 ns, At safepoint: 61709 ns, Total: 2743209 ns
[2023-07-17T15:58:47.976+0000][1][safepoint    ] Safepoint "Cleanup", Time since last: 1001377250 ns, Reaching safepoint: 4061042 ns, At safepoint: 97041 ns, Total: 4158083 ns
[2023-07-17T15:58:48.983+0000][1][safepoint    ] Safepoint "Cleanup", Time since last: 1003148126 ns, Reaching safepoint: 3826875 ns, At safepoint: 88417 ns, Total: 3915292 ns
[2023-07-17T15:58:49.987+0000][1][safepoint    ] Safepoint "Cleanup", Time since last: 1001795292 ns, Reaching safepoint: 1515458 ns, At safepoint: 34083 ns, Total: 1549541 ns
[2023-07-17T15:58:50.897+0000][1][gc,start     ] GC(47) Pause Young (Allocation Failure)
[2023-07-17T15:58:50.898+0000][1][gc,task      ] GC(47) Using 4 workers of 4 for evacuation
[2023-07-17T15:58:50.906+0000][1][gc,age       ] GC(47) Desired survivor size 8945664 bytes, new threshold 6 (max threshold 6)
[2023-07-17T15:58:50.906+0000][1][gc,age       ] GC(47) Age table with threshold 6 (max threshold 6)
[2023-07-17T15:58:50.906+0000][1][gc,age       ] GC(47) - age   1:     148912 bytes,     148912 total
[2023-07-17T15:58:50.906+0000][1][gc,age       ] GC(47) - age   2:       1592 bytes,     150504 total
[2023-07-17T15:58:50.906+0000][1][gc,age       ] GC(47) - age   3:        728 bytes,     151232 total
[2023-07-17T15:58:50.907+0000][1][gc,age       ] GC(47) - age   4:       1712 bytes,     152944 total
[2023-07-17T15:58:50.907+0000][1][gc,age       ] GC(47) - age   5:       4464 bytes,     157408 total
[2023-07-17T15:58:50.907+0000][1][gc,age       ] GC(47) - age   6:        256 bytes,     157664 total
[2023-07-17T15:58:50.907+0000][1][gc,heap      ] GC(47) ParNew: 139921K->190K(157248K)
[2023-07-17T15:58:50.907+0000][1][gc,heap      ] GC(47) CMS: 69195K->69198K(349568K)
[2023-07-17T15:58:50.907+0000][1][gc,metaspace ] GC(47) Metaspace: 89999K->89999K(1132544K)
[2023-07-17T15:58:50.907+0000][1][gc           ] GC(47) Pause Young (Allocation Failure) 204M->67M(494M) 10.408ms
[2023-07-17T15:58:50.908+0000][1][gc,cpu       ] GC(47) User=0.02s Sys=0.00s Real=0.01s
[2023-07-17T15:58:50.908+0000][1][safepoint    ] Safepoint "GenCollectForAllocation", Time since last: 909150042 ns, Reaching safepoint: 1380917 ns, At safepoint: 10837542 ns, Total: 12218459 ns
[2023-07-17T15:58:51.913+0000][1][safepoint    ] Safepoint "Cleanup", Time since last: 1000598334 ns, Reaching safepoint: 3963666 ns, At safepoint: 78625 ns, Total: 4042291 ns
[2023-07-17T15:58:52.917+0000][1][safepoint    ] Safepoint "Cleanup", Time since last: 1002971792 ns, Reaching safepoint: 1152167 ns, At safepoint: 17708 ns, Total: 1169875 ns
[2023-07-17T15:58:53.920+0000][1][safepoint    ] Safepoint "Cleanup", Time since last: 1000569876 ns, Reaching safepoint: 2220583 ns, At safepoint: 53459 ns, Total: 2274042 ns
[2023-07-17T15:58:54.924+0000][1][safepoint    ] Safepoint "Cleanup", Time since last: 1001504583 ns, Reaching safepoint: 2623584 ns, At safepoint: 70083 ns, Total: 2693667 ns
[2023-07-17T15:58:55.927+0000][1][safepoint    ] Safepoint "Cleanup", Time since last: 1001140542 ns, Reaching safepoint: 2034459 ns, At safepoint: 79708 ns, Total: 2114167 ns
[2023-07-17T15:58:56.931+0000][1][safepoint    ] Safepoint "Cleanup", Time since last: 1000923875 ns, Reaching safepoint: 3153875 ns, At safepoint: 91167 ns, Total: 3245042 ns
[2023-07-17T15:58:57.936+0000][1][safepoint    ] Safepoint "Cleanup", Time since last: 1002315125 ns, Reaching safepoint: 2772334 ns, At safepoint: 86458 ns, Total: 2858792 ns
[2023-07-17T15:58:58.940+0000][1][safepoint    ] Safepoint "Cleanup", Time since last: 1003200167 ns, Reaching safepoint: 661625 ns, At safepoint: 16459 ns, Total: 678084 ns
[2023-07-17T15:58:59.944+0000][1][safepoint    ] Safepoint "Cleanup", Time since last: 1000455000 ns, Reaching safepoint: 3430250 ns, At safepoint: 166875 ns, Total: 3597125 ns
[2023-07-17T15:59:00.876+0000][1][safepoint    ] Safepoint "BulkRevokeBias", Time since last: 927035626 ns, Reaching safepoint: 1283625 ns, At safepoint: 3394625 ns, Total: 4678250 ns
[2023-07-17T15:59:01.878+0000][1][safepoint    ] Safepoint "Cleanup", Time since last: 1000398167 ns, Reaching safepoint: 1681666 ns, At safepoint: 34375 ns, Total: 1716041 ns
[2023-07-17T15:59:02.882+0000][1][safepoint    ] Safepoint "Cleanup", Time since last: 1000798959 ns, Reaching safepoint: 3303084 ns, At safepoint: 84416 ns, Total: 3387500 ns
[2023-07-17T15:59:03.886+0000][1][safepoint    ] Safepoint "Cleanup", Time since last: 1002332376 ns, Reaching safepoint: 1363416 ns, At safepoint: 29250 ns, Total: 1392666 ns
[2023-07-17T15:59:04.890+0000][1][safepoint    ] Safepoint "Cleanup", Time since last: 1000700459 ns, Reaching safepoint: 3481375 ns, At safepoint: 89083 ns, Total: 3570458 ns
[2023-07-17T15:59:05.897+0000][1][safepoint    ] Safepoint "Cleanup", Time since last: 1002411376 ns, Reaching safepoint: 3847083 ns, At safepoint: 293417 ns, Total: 4140500 ns
[2023-07-17T15:59:06.900+0000][1][safepoint    ] Safepoint "Cleanup", Time since last: 1001247459 ns, Reaching safepoint: 1698791 ns, At safepoint: 57792 ns, Total: 1756583 ns
[2023-07-17T15:59:07.904+0000][1][safepoint    ] Safepoint "Cleanup", Time since last: 1000875626 ns, Reaching safepoint: 3537833 ns, At safepoint: 99458 ns, Total: 3637291 ns
[2023-07-17T15:59:08.907+0000][1][safepoint    ] Safepoint "Cleanup", Time since last: 1001463417 ns, Reaching safepoint: 1647125 ns, At safepoint: 38167 ns, Total: 1685292 ns
[2023-07-17T15:59:09.914+0000][1][safepoint    ] Safepoint "Cleanup", Time since last: 1003555334 ns, Reaching safepoint: 3208792 ns, At safepoint: 97000 ns, Total: 3305792 ns
[2023-07-17T15:59:10.917+0000][1][safepoint    ] Safepoint "Cleanup", Time since last: 1001108333 ns, Reaching safepoint: 1415375 ns, At safepoint: 21959 ns, Total: 1437334 ns
[2023-07-17T15:59:11.916+0000][1][safepoint    ] Safepoint "Cleanup", Time since last: 1000562042 ns, Reaching safepoint: 2339708 ns, At safepoint: 43750 ns, Total: 2383458 ns
[2023-07-17T15:59:12.925+0000][1][safepoint    ] Safepoint "Cleanup", Time since last: 1005838959 ns, Reaching safepoint: 2855458 ns, At safepoint: 59333 ns, Total: 2914791 ns
[2023-07-17T15:59:13.927+0000][1][safepoint    ] Safepoint "Cleanup", Time since last: 1001109084 ns, Reaching safepoint: 1193417 ns, At safepoint: 19708 ns, Total: 1213125 ns
[2023-07-17T15:59:14.932+0000][1][safepoint    ] Safepoint "Cleanup", Time since last: 1001659376 ns, Reaching safepoint: 3089625 ns, At safepoint: 80291 ns, Total: 3169916 ns
[2023-07-17T15:59:15.937+0000][1][safepoint    ] Safepoint "Cleanup", Time since last: 1001762542 ns, Reaching safepoint: 3334084 ns, At safepoint: 77625 ns, Total: 3411709 ns
[2023-07-17T15:59:16.944+0000][1][safepoint    ] Safepoint "Cleanup", Time since last: 1003731375 ns, Reaching safepoint: 3185542 ns, At safepoint: 84083 ns, Total: 3269625 ns
[2023-07-17T15:59:17.949+0000][1][safepoint    ] Safepoint "Cleanup", Time since last: 1001329626 ns, Reaching safepoint: 3437250 ns, At safepoint: 80166 ns, Total: 3517416 ns
[2023-07-17T15:59:18.954+0000][1][safepoint    ] Safepoint "Cleanup", Time since last: 1002345168 ns, Reaching safepoint: 2815958 ns, At safepoint: 66000 ns, Total: 2881958 ns
[2023-07-17T15:59:19.959+0000][1][safepoint    ] Safepoint "Cleanup", Time since last: 1001436500 ns, Reaching safepoint: 3284667 ns, At safepoint: 86750 ns, Total: 3371417 ns
[2023-07-17T15:59:20.893+0000][1][safepoint    ] Safepoint "RevokeBias", Time since last: 932568459 ns, Reaching safepoint: 1527041 ns, At safepoint: 138209 ns, Total: 1665250 ns
[2023-07-17T15:59:21.896+0000][1][safepoint    ] Safepoint "Cleanup", Time since last: 1000631125 ns, Reaching safepoint: 1768584 ns, At safepoint: 35083 ns, Total: 1803667 ns
[2023-07-17T15:59:22.900+0000][1][safepoint    ] Safepoint "Cleanup", Time since last: 1001031625 ns, Reaching safepoint: 2722459 ns, At safepoint: 82916 ns, Total: 2805375 ns
[2023-07-17T15:59:23.903+0000][1][safepoint    ] Safepoint "Cleanup", Time since last: 1001408084 ns, Reaching safepoint: 1578959 ns, At safepoint: 37791 ns, Total: 1616750 ns
[2023-07-17T15:59:24.905+0000][1][safepoint    ] Safepoint "Cleanup", Time since last: 1001093626 ns, Reaching safepoint: 1461666 ns, At safepoint: 20584 ns, Total: 1482250 ns
[2023-07-17T15:59:25.910+0000][1][safepoint    ] Safepoint "Cleanup", Time since last: 1001016917 ns, Reaching safepoint: 3450250 ns, At safepoint: 212583 ns, Total: 3662833 ns
[2023-07-17T15:59:26.300+0000][1][safepoint    ] Safepoint "RevokeBias", Time since last: 388494500 ns, Reaching safepoint: 1170792 ns, At safepoint: 170708 ns, Total: 1341500 ns
[2023-07-17T15:59:26.302+0000][1][safepoint    ] Safepoint "RevokeBias", Time since last: 1391500 ns, Reaching safepoint: 766625 ns, At safepoint: 100875 ns, Total: 867500 ns
[2023-07-17T15:59:26.307+0000][1][safepoint    ] Safepoint "RevokeBias", Time since last: 4146375 ns, Reaching safepoint: 843917 ns, At safepoint: 102292 ns, Total: 946209 ns
[2023-07-17T15:59:26.328+0000][1][safepoint    ] Safepoint "BulkRevokeBias", Time since last: 18875250 ns, Reaching safepoint: 993791 ns, At safepoint: 1499542 ns, Total: 2493333 ns
[2023-07-17T15:59:26.331+0000][1][safepoint    ] Safepoint "RevokeBias", Time since last: 1570042 ns, Reaching safepoint: 521208 ns, At safepoint: 64167 ns, Total: 585375 ns
[2023-07-17T15:59:27.336+0000][1][safepoint    ] Safepoint "Cleanup", Time since last: 1001285834 ns, Reaching safepoint: 3584041 ns, At safepoint: 95750 ns, Total: 3679791 ns
[2023-07-17T15:59:28.341+0000][1][safepoint    ] Safepoint "Cleanup", Time since last: 1001780876 ns, Reaching safepoint: 3122625 ns, At safepoint: 89500 ns, Total: 3212125 ns
[2023-07-17T15:59:29.344+0000][1][safepoint    ] Safepoint "Cleanup", Time since last: 1001690917 ns, Reaching safepoint: 1549083 ns, At safepoint: 34042 ns, Total: 1583125 ns
[2023-07-17T15:59:30.350+0000][1][safepoint    ] Safepoint "Cleanup", Time since last: 1001425584 ns, Reaching safepoint: 4329416 ns, At safepoint: 163750 ns, Total: 4493166 ns
[2023-07-17T15:59:31.356+0000][1][safepoint    ] Safepoint "Cleanup", Time since last: 1001483001 ns, Reaching safepoint: 4558000 ns, At safepoint: 104541 ns, Total: 4662541 ns
[2023-07-17T15:59:32.362+0000][1][safepoint    ] Safepoint "Cleanup", Time since last: 1002001793 ns, Reaching safepoint: 4140708 ns, At safepoint: 96250 ns, Total: 4236958 ns
[2023-07-17T15:59:33.865+0000][1][safepoint    ] Safepoint "Cleanup", Time since last: 1501626334 ns, Reaching safepoint: 1071875 ns, At safepoint: 27833 ns, Total: 1099708 ns
[2023-07-17T15:59:34.870+0000][1][safepoint    ] Safepoint "Cleanup", Time since last: 1001154042 ns, Reaching safepoint: 3706084 ns, At safepoint: 87250 ns, Total: 3793334 ns
[2023-07-17T15:59:35.875+0000][1][safepoint    ] Safepoint "Cleanup", Time since last: 1002072834 ns, Reaching safepoint: 3147666 ns, At safepoint: 71709 ns, Total: 3219375 ns
[2023-07-17T15:59:36.881+0000][1][safepoint    ] Safepoint "Cleanup", Time since last: 1001850292 ns, Reaching safepoint: 3569208 ns, At safepoint: 85208 ns, Total: 3654416 ns
[2023-07-17T15:59:37.888+0000][1][safepoint    ] Safepoint "Cleanup", Time since last: 1002758168 ns, Reaching safepoint: 4174250 ns, At safepoint: 83791 ns, Total: 4258041 ns
[2023-07-17T15:59:38.895+0000][1][safepoint    ] Safepoint "Cleanup", Time since last: 1003646584 ns, Reaching safepoint: 3590625 ns, At safepoint: 100875 ns, Total: 3691500 ns
[2023-07-17T15:59:39.900+0000][1][safepoint    ] Safepoint "Cleanup", Time since last: 1001525084 ns, Reaching safepoint: 3072875 ns, At safepoint: 75833 ns, Total: 3148708 ns
[2023-07-17T15:59:40.902+0000][1][safepoint    ] Safepoint "Cleanup", Time since last: 1001086792 ns, Reaching safepoint: 785167 ns, At safepoint: 23708 ns, Total: 808875 ns
[2023-07-17T15:59:41.906+0000][1][safepoint    ] Safepoint "Cleanup", Time since last: 1000565376 ns, Reaching safepoint: 3910458 ns, At safepoint: 91333 ns, Total: 4001791 ns
[2023-07-17T15:59:42.916+0000][1][safepoint    ] Safepoint "Cleanup", Time since last: 1003869458 ns, Reaching safepoint: 2554917 ns, At safepoint: 102750 ns, Total: 2657667 ns
[2023-07-17T15:59:43.920+0000][1][safepoint    ] Safepoint "Cleanup", Time since last: 1001215750 ns, Reaching safepoint: 2493625 ns, At safepoint: 56000 ns, Total: 2549625 ns
[2023-07-17T15:59:44.925+0000][1][safepoint    ] Safepoint "Cleanup", Time since last: 1003047959 ns, Reaching safepoint: 2023250 ns, At safepoint: 89500 ns, Total: 2112750 ns
[2023-07-17T15:59:45.929+0000][1][safepoint    ] Safepoint "Cleanup", Time since last: 1001441792 ns, Reaching safepoint: 2029375 ns, At safepoint: 77875 ns, Total: 2107250 ns
[2023-07-17T15:59:46.936+0000][1][safepoint    ] Safepoint "Cleanup", Time since last: 1005852126 ns, Reaching safepoint: 1609625 ns, At safepoint: 59167 ns, Total: 1668792 ns
[2023-07-17T15:59:47.939+0000][1][safepoint    ] Safepoint "Cleanup", Time since last: 1000972792 ns, Reaching safepoint: 1617250 ns, At safepoint: 42083 ns, Total: 1659333 ns
[2023-07-17T15:59:48.941+0000][1][safepoint    ] Safepoint "Cleanup", Time since last: 1000891751 ns, Reaching safepoint: 1843375 ns, At safepoint: 47750 ns, Total: 1891125 ns
[2023-07-17T15:59:49.946+0000][1][safepoint    ] Safepoint "Cleanup", Time since last: 1001974250 ns, Reaching safepoint: 2501208 ns, At safepoint: 69417 ns, Total: 2570625 ns
[2023-07-17T15:59:50.955+0000][1][safepoint    ] Safepoint "Cleanup", Time since last: 1002455375 ns, Reaching safepoint: 4259042 ns, At safepoint: 360250 ns, Total: 4619292 ns
[2023-07-17T15:59:51.967+0000][1][safepoint    ] Safepoint "Cleanup", Time since last: 1009183292 ns, Reaching safepoint: 4527709 ns, At safepoint: 123291 ns, Total: 4651000 ns
[2023-07-17T15:59:52.974+0000][1][safepoint    ] Safepoint "Cleanup", Time since last: 1003285001 ns, Reaching safepoint: 3824666 ns, At safepoint: 87750 ns, Total: 3912416 ns
[2023-07-17T15:59:53.977+0000][1][safepoint    ] Safepoint "Cleanup", Time since last: 1001739668 ns, Reaching safepoint: 1089541 ns, At safepoint: 24750 ns, Total: 1114291 ns
[2023-07-17T15:59:54.981+0000][1][safepoint    ] Safepoint "Cleanup", Time since last: 1000679792 ns, Reaching safepoint: 2962542 ns, At safepoint: 58792 ns, Total: 3021334 ns
[2023-07-17T15:59:55.985+0000][1][safepoint    ] Safepoint "Cleanup", Time since last: 1000993667 ns, Reaching safepoint: 3609542 ns, At safepoint: 95833 ns, Total: 3705375 ns
[2023-07-17T15:59:56.997+0000][1][safepoint    ] Safepoint "Cleanup", Time since last: 1007600167 ns, Reaching safepoint: 3727875 ns, At safepoint: 85750 ns, Total: 3813625 ns
[2023-07-17T15:59:58.002+0000][1][safepoint    ] Safepoint "Cleanup", Time since last: 1002819792 ns, Reaching safepoint: 2204542 ns, At safepoint: 61292 ns, Total: 2265834 ns
[2023-07-17T15:59:59.010+0000][1][safepoint    ] Safepoint "Cleanup", Time since last: 1004384708 ns, Reaching safepoint: 3668792 ns, At safepoint: 100625 ns, Total: 3769417 ns
[2023-07-17T16:00:00.020+0000][1][safepoint    ] Safepoint "Cleanup", Time since last: 1001778375 ns, Reaching safepoint: 8034959 ns, At safepoint: 421750 ns, Total: 8456709 ns
[2023-07-17T16:00:00.931+0000][1][safepoint    ] Safepoint "RevokeBias", Time since last: 907674375 ns, Reaching safepoint: 1912792 ns, At safepoint: 1187000 ns, Total: 3099792 ns
[2023-07-17T16:00:01.938+0000][1][safepoint    ] Safepoint "Cleanup", Time since last: 1004269334 ns, Reaching safepoint: 2935541 ns, At safepoint: 73125 ns, Total: 3008666 ns
[2023-07-17T16:00:02.949+0000][1][safepoint    ] Safepoint "Cleanup", Time since last: 1007007376 ns, Reaching safepoint: 3101542 ns, At safepoint: 124041 ns, Total: 3225583 ns
[2023-07-17T16:00:03.953+0000][1][safepoint    ] Safepoint "Cleanup", Time since last: 1001701667 ns, Reaching safepoint: 2796584 ns, At safepoint: 61625 ns, Total: 2858209 ns
[2023-07-17T16:00:04.958+0000][1][safepoint    ] Safepoint "Cleanup", Time since last: 1002355958 ns, Reaching safepoint: 2783042 ns, At safepoint: 78083 ns, Total: 2861125 ns
[2023-07-17T16:00:05.965+0000][1][safepoint    ] Safepoint "Cleanup", Time since last: 1002961876 ns, Reaching safepoint: 3462833 ns, At safepoint: 77459 ns, Total: 3540292 ns
[2023-07-17T16:00:06.973+0000][1][safepoint    ] Safepoint "Cleanup", Time since last: 1004518500 ns, Reaching safepoint: 3573375 ns, At safepoint: 109417 ns, Total: 3682792 ns
[2023-07-17T16:00:07.978+0000][1][safepoint    ] Safepoint "Cleanup", Time since last: 1001719375 ns, Reaching safepoint: 3283209 ns, At safepoint: 163708 ns, Total: 3446917 ns
[2023-07-17T16:00:08.983+0000][1][safepoint    ] Safepoint "Cleanup", Time since last: 1001851625 ns, Reaching safepoint: 2905625 ns, At safepoint: 94875 ns, Total: 3000500 ns
[2023-07-17T16:00:09.990+0000][1][safepoint    ] Safepoint "Cleanup", Time since last: 1002402876 ns, Reaching safepoint: 3996167 ns, At safepoint: 92750 ns, Total: 4088917 ns
[2023-07-17T16:00:11.975+0000][1][safepoint    ] Safepoint "Cleanup", Time since last: 1980779000 ns, Reaching safepoint: 4086958 ns, At safepoint: 85125 ns, Total: 4172083 ns
[2023-07-17T16:00:12.983+0000][1][safepoint    ] Safepoint "Cleanup", Time since last: 1003717709 ns, Reaching safepoint: 4173833 ns, At safepoint: 87709 ns, Total: 4261542 ns
[2023-07-17T16:00:13.987+0000][1][safepoint    ] Safepoint "Cleanup", Time since last: 1002597417 ns, Reaching safepoint: 1219875 ns, At safepoint: 19458 ns, Total: 1239333 ns
[2023-07-17T16:00:14.992+0000][1][safepoint    ] Safepoint "Cleanup", Time since last: 1000645459 ns, Reaching safepoint: 4101917 ns, At safepoint: 111166 ns, Total: 4213083 ns
[2023-07-17T16:00:15.998+0000][1][safepoint    ] Safepoint "Cleanup", Time since last: 1001716751 ns, Reaching safepoint: 4307458 ns, At safepoint: 95917 ns, Total: 4403375 ns
[2023-07-17T16:00:17.004+0000][1][safepoint    ] Safepoint "Cleanup", Time since last: 1001923667 ns, Reaching safepoint: 3673375 ns, At safepoint: 76375 ns, Total: 3749750 ns
[2023-07-17T16:00:18.009+0000][1][safepoint    ] Safepoint "Cleanup", Time since last: 1001409125 ns, Reaching safepoint: 3995709 ns, At safepoint: 96625 ns, Total: 4092334 ns
[2023-07-17T16:00:19.015+0000][1][safepoint    ] Safepoint "Cleanup", Time since last: 1002063667 ns, Reaching safepoint: 3350875 ns, At safepoint: 80542 ns, Total: 3431417 ns
[2023-07-17T16:00:20.020+0000][1][safepoint    ] Safepoint "Cleanup", Time since last: 1001807208 ns, Reaching safepoint: 3227209 ns, At safepoint: 91458 ns, Total: 3318667 ns
[2023-07-17T16:00:21.022+0000][1][safepoint    ] Safepoint "Cleanup", Time since last: 1001198542 ns, Reaching safepoint: 980167 ns, At safepoint: 18167 ns, Total: 998334 ns
[2023-07-17T16:00:22.026+0000][1][safepoint    ] Safepoint "Cleanup", Time since last: 1001260917 ns, Reaching safepoint: 2539208 ns, At safepoint: 107417 ns, Total: 2646625 ns
[2023-07-17T16:00:23.030+0000][1][safepoint    ] Safepoint "Cleanup", Time since last: 1000846083 ns, Reaching safepoint: 2930834 ns, At safepoint: 70000 ns, Total: 3000834 ns
[2023-07-17T16:00:24.032+0000][1][safepoint    ] Safepoint "Cleanup", Time since last: 1000932917 ns, Reaching safepoint: 1320500 ns, At safepoint: 18333 ns, Total: 1338833 ns
[2023-07-17T16:00:25.037+0000][1][safepoint    ] Safepoint "Cleanup", Time since last: 1000952167 ns, Reaching safepoint: 3956167 ns, At safepoint: 115500 ns, Total: 4071667 ns
[2023-07-17T16:00:26.044+0000][1][safepoint    ] Safepoint "Cleanup", Time since last: 1002961959 ns, Reaching safepoint: 3790917 ns, At safepoint: 138708 ns, Total: 3929625 ns
[2023-07-17T16:00:26.425+0000][1][safepoint    ] Safepoint "RevokeBias", Time since last: 380327083 ns, Reaching safepoint: 616209 ns, At safepoint: 155333 ns, Total: 771542 ns
[2023-07-17T16:00:26.427+0000][1][safepoint    ] Safepoint "RevokeBias", Time since last: 1739750 ns, Reaching safepoint: 410750 ns, At safepoint: 58167 ns, Total: 468917 ns
[2023-07-17T16:00:26.430+0000][1][safepoint    ] Safepoint "RevokeBias", Time since last: 2231916 ns, Reaching safepoint: 615917 ns, At safepoint: 58000 ns, Total: 673917 ns
[2023-07-17T16:00:26.457+0000][1][safepoint    ] Safepoint "RevokeBias", Time since last: 25463292 ns, Reaching safepoint: 862041 ns, At safepoint: 175875 ns, Total: 1037916 ns
[2023-07-17T16:00:26.459+0000][1][safepoint    ] Safepoint "RevokeBias", Time since last: 1905000 ns, Reaching safepoint: 586084 ns, At safepoint: 63583 ns, Total: 649667 ns
[2023-07-17T16:00:26.464+0000][1][safepoint    ] Safepoint "RevokeBias", Time since last: 3934375 ns, Reaching safepoint: 944125 ns, At safepoint: 60458 ns, Total: 1004583 ns
[2023-07-17T16:00:27.467+0000][1][safepoint    ] Safepoint "Cleanup", Time since last: 1000417126 ns, Reaching safepoint: 2596583 ns, At safepoint: 62667 ns, Total: 2659250 ns
[2023-07-17T16:00:28.472+0000][1][safepoint    ] Safepoint "Cleanup", Time since last: 1003470459 ns, Reaching safepoint: 793125 ns, At safepoint: 19333 ns, Total: 812458 ns
[2023-07-17T16:00:29.476+0000][1][safepoint    ] Safepoint "Cleanup", Time since last: 1000514084 ns, Reaching safepoint: 3728958 ns, At safepoint: 150542 ns, Total: 3879500 ns
[2023-07-17T16:00:30.486+0000][1][safepoint    ] Safepoint "Cleanup", Time since last: 1007403042 ns, Reaching safepoint: 2743042 ns, At safepoint: 65666 ns, Total: 2808708 ns
[2023-07-17T16:00:31.494+0000][1][safepoint    ] Safepoint "Cleanup", Time since last: 1003654334 ns, Reaching safepoint: 4227000 ns, At safepoint: 114417 ns, Total: 4341417 ns
[2023-07-17T16:00:32.500+0000][1][safepoint    ] Safepoint "Cleanup", Time since last: 1001425292 ns, Reaching safepoint: 4534958 ns, At safepoint: 116959 ns, Total: 4651917 ns
[2023-07-17T16:00:33.506+0000][1][safepoint    ] Safepoint "Cleanup", Time since last: 1001487917 ns, Reaching safepoint: 3639416 ns, At safepoint: 111667 ns, Total: 3751083 ns
[2023-07-17T16:00:34.511+0000][1][safepoint    ] Safepoint "Cleanup", Time since last: 1001707209 ns, Reaching safepoint: 3953375 ns, At safepoint: 77375 ns, Total: 4030750 ns
[2023-07-17T16:00:35.518+0000][1][safepoint    ] Safepoint "Cleanup", Time since last: 1002511875 ns, Reaching safepoint: 4539667 ns, At safepoint: 96000 ns, Total: 4635667 ns
[2023-07-17T16:00:36.523+0000][1][safepoint    ] Safepoint "Cleanup", Time since last: 1001666126 ns, Reaching safepoint: 2843666 ns, At safepoint: 124042 ns, Total: 2967708 ns
[2023-07-17T16:00:37.529+0000][1][safepoint    ] Safepoint "Cleanup", Time since last: 1004138334 ns, Reaching safepoint: 1813291 ns, At safepoint: 49334 ns, Total: 1862625 ns
[2023-07-17T16:00:38.534+0000][1][safepoint    ] Safepoint "Cleanup", Time since last: 1002216500 ns, Reaching safepoint: 2265209 ns, At safepoint: 60583 ns, Total: 2325792 ns
[2023-07-17T16:00:39.538+0000][1][safepoint    ] Safepoint "Cleanup", Time since last: 1001652209 ns, Reaching safepoint: 3142625 ns, At safepoint: 96625 ns, Total: 3239250 ns
[2023-07-17T16:00:40.544+0000][1][safepoint    ] Safepoint "Cleanup", Time since last: 1001826958 ns, Reaching safepoint: 3305250 ns, At safepoint: 112834 ns, Total: 3418084 ns
[2023-07-17T16:00:41.550+0000][1][safepoint    ] Safepoint "Cleanup", Time since last: 1003037334 ns, Reaching safepoint: 3284000 ns, At safepoint: 100166 ns, Total: 3384166 ns
[2023-07-17T16:00:42.554+0000][1][safepoint    ] Safepoint "Cleanup", Time since last: 1002362459 ns, Reaching safepoint: 1825750 ns, At safepoint: 36958 ns, Total: 1862708 ns
[2023-07-17T16:00:43.559+0000][1][safepoint    ] Safepoint "Cleanup", Time since last: 1000934126 ns, Reaching safepoint: 4228625 ns, At safepoint: 82583 ns, Total: 4311208 ns
[2023-07-17T16:00:44.566+0000][1][safepoint    ] Safepoint "Cleanup", Time since last: 1002431625 ns, Reaching safepoint: 4464584 ns, At safepoint: 110916 ns, Total: 4575500 ns
[2023-07-17T16:00:45.572+0000][1][safepoint    ] Safepoint "Cleanup", Time since last: 1002654959 ns, Reaching safepoint: 3391542 ns, At safepoint: 93583 ns, Total: 3485125 ns
[2023-07-17T16:00:45.624+0000][1][gc,start     ] GC(48) Pause Young (Allocation Failure)
[2023-07-17T16:00:45.630+0000][1][gc,task      ] GC(48) Using 4 workers of 4 for evacuation
[2023-07-17T16:00:45.673+0000][1][gc,age       ] GC(48) Desired survivor size 8945664 bytes, new threshold 6 (max threshold 6)
[2023-07-17T16:00:45.673+0000][1][gc,age       ] GC(48) Age table with threshold 6 (max threshold 6)
[2023-07-17T16:00:45.673+0000][1][gc,age       ] GC(48) - age   1:      84392 bytes,      84392 total
[2023-07-17T16:00:45.674+0000][1][gc,age       ] GC(48) - age   2:       3976 bytes,      88368 total
[2023-07-17T16:00:45.674+0000][1][gc,age       ] GC(48) - age   3:       1504 bytes,      89872 total
[2023-07-17T16:00:45.674+0000][1][gc,age       ] GC(48) - age   4:        608 bytes,      90480 total
[2023-07-17T16:00:45.674+0000][1][gc,age       ] GC(48) - age   5:       1712 bytes,      92192 total
[2023-07-17T16:00:45.674+0000][1][gc,age       ] GC(48) - age   6:       4464 bytes,      96656 total
[2023-07-17T16:00:45.676+0000][1][gc,heap      ] GC(48) ParNew: 139966K->163K(157248K)
[2023-07-17T16:00:45.676+0000][1][gc,heap      ] GC(48) CMS: 69198K->69198K(349568K)
[2023-07-17T16:00:45.676+0000][1][gc,metaspace ] GC(48) Metaspace: 90027K->90027K(1132544K)
[2023-07-17T16:00:45.677+0000][1][gc           ] GC(48) Pause Young (Allocation Failure) 204M->67M(494M) 53.427ms
[2023-07-17T16:00:45.677+0000][1][gc,cpu       ] GC(48) User=0.10s Sys=0.02s Real=0.06s
[2023-07-17T16:00:45.678+0000][1][safepoint    ] Safepoint "GenCollectForAllocation", Time since last: 47691625 ns, Reaching safepoint: 2385250 ns, At safepoint: 55243584 ns, Total: 57628834 ns
[2023-07-17T16:00:46.688+0000][1][safepoint    ] Safepoint "Cleanup", Time since last: 1006326458 ns, Reaching safepoint: 3460000 ns, At safepoint: 159917 ns, Total: 3619917 ns
[2023-07-17T16:00:47.693+0000][1][safepoint    ] Safepoint "Cleanup", Time since last: 1001331667 ns, Reaching safepoint: 4101917 ns, At safepoint: 80375 ns, Total: 4182292 ns
[2023-07-17T16:00:48.697+0000][1][safepoint    ] Safepoint "Cleanup", Time since last: 1001787084 ns, Reaching safepoint: 2167833 ns, At safepoint: 47292 ns, Total: 2215125 ns
[2023-07-17T16:00:49.700+0000][1][safepoint    ] Safepoint "Cleanup", Time since last: 1000958917 ns, Reaching safepoint: 1631167 ns, At safepoint: 38666 ns, Total: 1669833 ns
[2023-07-17T16:00:50.705+0000][1][safepoint    ] Safepoint "Cleanup", Time since last: 1000745584 ns, Reaching safepoint: 4614750 ns, At safepoint: 76042 ns, Total: 4690792 ns
[2023-07-17T16:00:50.925+0000][1][safepoint    ] Safepoint "RevokeBias", Time since last: 217812916 ns, Reaching safepoint: 1821584 ns, At safepoint: 465000 ns, Total: 2286584 ns
[2023-07-17T16:00:51.929+0000][1][safepoint    ] Safepoint "Cleanup", Time since last: 1000598500 ns, Reaching safepoint: 3330959 ns, At safepoint: 110791 ns, Total: 3441750 ns
[2023-07-17T16:00:52.935+0000][1][safepoint    ] Safepoint "Cleanup", Time since last: 1001571917 ns, Reaching safepoint: 3913292 ns, At safepoint: 114542 ns, Total: 4027834 ns
[2023-07-17T16:00:53.941+0000][1][safepoint    ] Safepoint "Cleanup", Time since last: 1001896500 ns, Reaching safepoint: 3885417 ns, At safepoint: 113208 ns, Total: 3998625 ns
[2023-07-17T16:00:54.951+0000][1][safepoint    ] Safepoint "Cleanup", Time since last: 1008057459 ns, Reaching safepoint: 2140292 ns, At safepoint: 45208 ns, Total: 2185500 ns
[2023-07-17T16:00:55.957+0000][1][safepoint    ] Safepoint "Cleanup", Time since last: 1002236084 ns, Reaching safepoint: 3992375 ns, At safepoint: 95500 ns, Total: 4087875 ns
[2023-07-17T16:00:56.960+0000][1][safepoint    ] Safepoint "Cleanup", Time since last: 1001505917 ns, Reaching safepoint: 1344542 ns, At safepoint: 30166 ns, Total: 1374708 ns
[2023-07-17T16:00:57.964+0000][1][safepoint    ] Safepoint "Cleanup", Time since last: 1000944001 ns, Reaching safepoint: 3174041 ns, At safepoint: 73500 ns, Total: 3247541 ns
[2023-07-17T16:00:58.968+0000][1][safepoint    ] Safepoint "Cleanup", Time since last: 1001198501 ns, Reaching safepoint: 2436792 ns, At safepoint: 64583 ns, Total: 2501375 ns
[2023-07-17T16:00:59.975+0000][1][safepoint    ] Safepoint "Cleanup", Time since last: 1002762292 ns, Reaching safepoint: 3971875 ns, At safepoint: 89917 ns, Total: 4061792 ns
[2023-07-17T16:01:00.977+0000][1][safepoint    ] Safepoint "Cleanup", Time since last: 1001472084 ns, Reaching safepoint: 1055208 ns, At safepoint: 34458 ns, Total: 1089666 ns
[2023-07-17T16:01:01.979+0000][1][safepoint    ] Safepoint "Cleanup", Time since last: 1000397251 ns, Reaching safepoint: 688333 ns, At safepoint: 14583 ns, Total: 702916 ns
[2023-07-17T16:01:02.985+0000][1][safepoint    ] Safepoint "Cleanup", Time since last: 1001357626 ns, Reaching safepoint: 4399917 ns, At safepoint: 236500 ns, Total: 4636417 ns
[2023-07-17T16:01:03.988+0000][1][safepoint    ] Safepoint "Cleanup", Time since last: 1001670500 ns, Reaching safepoint: 1478542 ns, At safepoint: 30291 ns, Total: 1508833 ns
[2023-07-17T16:01:04.993+0000][1][safepoint    ] Safepoint "Cleanup", Time since last: 1001989459 ns, Reaching safepoint: 2920625 ns, At safepoint: 98042 ns, Total: 3018667 ns
[2023-07-17T16:01:06.000+0000][1][safepoint    ] Safepoint "Cleanup", Time since last: 1002929667 ns, Reaching safepoint: 4119083 ns, At safepoint: 92125 ns, Total: 4211208 ns
[2023-07-17T16:01:07.003+0000][1][safepoint    ] Safepoint "Cleanup", Time since last: 1002070667 ns, Reaching safepoint: 1308334 ns, At safepoint: 34708 ns, Total: 1343042 ns
[2023-07-17T16:01:08.010+0000][1][safepoint    ] Safepoint "Cleanup", Time since last: 1002460709 ns, Reaching safepoint: 4199708 ns, At safepoint: 85084 ns, Total: 4284792 ns
[2023-07-17T16:01:09.016+0000][1][safepoint    ] Safepoint "Cleanup", Time since last: 1001916167 ns, Reaching safepoint: 3842583 ns, At safepoint: 95667 ns, Total: 3938250 ns
[2023-07-17T16:01:10.023+0000][1][safepoint    ] Safepoint "Cleanup", Time since last: 1003978917 ns, Reaching safepoint: 3069292 ns, At safepoint: 67666 ns, Total: 3136958 ns
[2023-07-17T16:01:11.025+0000][1][safepoint    ] Safepoint "Cleanup", Time since last: 1001252334 ns, Reaching safepoint: 838292 ns, At safepoint: 14500 ns, Total: 852792 ns
[2023-07-17T16:01:12.030+0000][1][safepoint    ] Safepoint "Cleanup", Time since last: 1001615333 ns, Reaching safepoint: 2470667 ns, At safepoint: 136000 ns, Total: 2606667 ns
[2023-07-17T16:01:13.034+0000][1][safepoint    ] Safepoint "Cleanup", Time since last: 1001788375 ns, Reaching safepoint: 2734417 ns, At safepoint: 104625 ns, Total: 2839042 ns
[2023-07-17T16:01:14.036+0000][1][safepoint    ] Safepoint "Cleanup", Time since last: 1000954250 ns, Reaching safepoint: 811375 ns, At safepoint: 21875 ns, Total: 833250 ns
[2023-07-17T16:01:15.039+0000][1][safepoint    ] Safepoint "Cleanup", Time since last: 1000634792 ns, Reaching safepoint: 2152042 ns, At safepoint: 46167 ns, Total: 2198209 ns
[2023-07-17T16:01:16.045+0000][1][safepoint    ] Safepoint "Cleanup", Time since last: 1002247167 ns, Reaching safepoint: 4026625 ns, At safepoint: 117416 ns, Total: 4144041 ns
[2023-07-17T16:01:17.051+0000][1][safepoint    ] Safepoint "Cleanup", Time since last: 1001727001 ns, Reaching safepoint: 3718667 ns, At safepoint: 163250 ns, Total: 3881917 ns
[2023-07-17T16:01:18.056+0000][1][safepoint    ] Safepoint "Cleanup", Time since last: 1002015583 ns, Reaching safepoint: 3353084 ns, At safepoint: 79166 ns, Total: 3432250 ns
[2023-07-17T16:01:19.064+0000][1][safepoint    ] Safepoint "Cleanup", Time since last: 1003493751 ns, Reaching safepoint: 4219167 ns, At safepoint: 110000 ns, Total: 4329167 ns
[2023-07-17T16:01:20.070+0000][1][safepoint    ] Safepoint "Cleanup", Time since last: 1001845583 ns, Reaching safepoint: 4188334 ns, At safepoint: 105333 ns, Total: 4293667 ns
[2023-07-17T16:01:21.075+0000][1][safepoint    ] Safepoint "Cleanup", Time since last: 1004023917 ns, Reaching safepoint: 803709 ns, At safepoint: 14916 ns, Total: 818625 ns
[2023-07-17T16:01:22.079+0000][1][safepoint    ] Safepoint "Cleanup", Time since last: 1000549959 ns, Reaching safepoint: 3565042 ns, At safepoint: 125541 ns, Total: 3690583 ns
[2023-07-17T16:01:23.085+0000][1][safepoint    ] Safepoint "Cleanup", Time since last: 1001546459 ns, Reaching safepoint: 3922125 ns, At safepoint: 99000 ns, Total: 4021125 ns
[2023-07-17T16:01:24.090+0000][1][safepoint    ] Safepoint "Cleanup", Time since last: 1001853251 ns, Reaching safepoint: 3124541 ns, At safepoint: 73500 ns, Total: 3198041 ns
[2023-07-17T16:01:25.092+0000][1][safepoint    ] Safepoint "Cleanup", Time since last: 1001708251 ns, Reaching safepoint: 648000 ns, At safepoint: 12416 ns, Total: 660416 ns
[2023-07-17T16:01:26.097+0000][1][safepoint    ] Safepoint "Cleanup", Time since last: 1000943084 ns, Reaching safepoint: 3995209 ns, At safepoint: 92083 ns, Total: 4087292 ns
[2023-07-17T16:01:26.584+0000][1][safepoint    ] Safepoint "RevokeBias", Time since last: 485680458 ns, Reaching safepoint: 927792 ns, At safepoint: 119708 ns, Total: 1047500 ns
[2023-07-17T16:01:26.589+0000][1][safepoint    ] Safepoint "RevokeBias", Time since last: 3222292 ns, Reaching safepoint: 1463750 ns, At safepoint: 259833 ns, Total: 1723583 ns
[2023-07-17T16:01:26.611+0000][1][safepoint    ] Safepoint "RevokeBias", Time since last: 21699459 ns, Reaching safepoint: 563167 ns, At safepoint: 72666 ns, Total: 635833 ns
[2023-07-17T16:01:26.612+0000][1][safepoint    ] Safepoint "RevokeBias", Time since last: 461375 ns, Reaching safepoint: 448625 ns, At safepoint: 71834 ns, Total: 520459 ns
[2023-07-17T16:01:26.614+0000][1][safepoint    ] Safepoint "RevokeBias", Time since last: 1151833 ns, Reaching safepoint: 459542 ns, At safepoint: 71500 ns, Total: 531042 ns
[2023-07-17T16:01:27.618+0000][1][safepoint    ] Safepoint "Cleanup", Time since last: 1001426375 ns, Reaching safepoint: 2915417 ns, At safepoint: 98125 ns, Total: 3013542 ns
[2023-07-17T16:01:28.624+0000][1][safepoint    ] Safepoint "Cleanup", Time since last: 1001847792 ns, Reaching safepoint: 3269125 ns, At safepoint: 144041 ns, Total: 3413166 ns
[2023-07-17T16:01:29.628+0000][1][safepoint    ] Safepoint "Cleanup", Time since last: 1001361126 ns, Reaching safepoint: 2743125 ns, At safepoint: 131292 ns, Total: 2874417 ns
[2023-07-17T16:01:30.630+0000][1][safepoint    ] Safepoint "Cleanup", Time since last: 1000995833 ns, Reaching safepoint: 1045542 ns, At safepoint: 32250 ns, Total: 1077792 ns
[2023-07-17T16:01:31.633+0000][1][safepoint    ] Safepoint "Cleanup", Time since last: 1000736542 ns, Reaching safepoint: 2273792 ns, At safepoint: 68417 ns, Total: 2342209 ns
[2023-07-17T16:01:32.643+0000][1][safepoint    ] Safepoint "Cleanup", Time since last: 1006125708 ns, Reaching safepoint: 3898917 ns, At safepoint: 116625 ns, Total: 4015542 ns
[2023-07-17T16:01:33.648+0000][1][safepoint    ] Safepoint "Cleanup", Time since last: 1001395501 ns, Reaching safepoint: 3418875 ns, At safepoint: 110541 ns, Total: 3529416 ns
[2023-07-17T16:01:34.652+0000][1][safepoint    ] Safepoint "Cleanup", Time since last: 1001596042 ns, Reaching safepoint: 2717625 ns, At safepoint: 95084 ns, Total: 2812709 ns
[2023-07-17T16:01:35.655+0000][1][safepoint    ] Safepoint "Cleanup", Time since last: 1001555833 ns, Reaching safepoint: 1399042 ns, At safepoint: 46333 ns, Total: 1445375 ns
[2023-07-17T16:01:36.657+0000][1][safepoint    ] Safepoint "Cleanup", Time since last: 1000870251 ns, Reaching safepoint: 755333 ns, At safepoint: 13334 ns, Total: 768667 ns
[2023-07-17T16:01:37.663+0000][1][safepoint    ] Safepoint "Cleanup", Time since last: 1000579458 ns, Reaching safepoint: 3618459 ns, At safepoint: 1881041 ns, Total: 5499500 ns
[2023-07-17T16:01:38.669+0000][1][safepoint    ] Safepoint "Cleanup", Time since last: 1002533876 ns, Reaching safepoint: 3291667 ns, At safepoint: 84208 ns, Total: 3375875 ns
[2023-07-17T16:01:39.675+0000][1][safepoint    ] Safepoint "Cleanup", Time since last: 1005546459 ns, Reaching safepoint: 748208 ns, At safepoint: 18833 ns, Total: 767041 ns
[2023-07-17T16:01:40.682+0000][1][safepoint    ] Safepoint "Cleanup", Time since last: 1002287001 ns, Reaching safepoint: 4490667 ns, At safepoint: 114375 ns, Total: 4605042 ns
[2023-07-17T16:01:40.918+0000][1][safepoint    ] Safepoint "RevokeBias", Time since last: 234299791 ns, Reaching safepoint: 1500625 ns, At safepoint: 101834 ns, Total: 1602459 ns
[2023-07-17T16:01:41.924+0000][1][safepoint    ] Safepoint "Cleanup", Time since last: 1001000500 ns, Reaching safepoint: 4268917 ns, At safepoint: 125458 ns, Total: 4394375 ns
[2023-07-17T16:01:42.930+0000][1][safepoint    ] Safepoint "Cleanup", Time since last: 1003379000 ns, Reaching safepoint: 2849042 ns, At safepoint: 136750 ns, Total: 2985792 ns
[2023-07-17T16:01:43.932+0000][1][safepoint    ] Safepoint "Cleanup", Time since last: 1000998083 ns, Reaching safepoint: 1504542 ns, At safepoint: 30042 ns, Total: 1534584 ns
[2023-07-17T16:01:44.945+0000][1][safepoint    ] Safepoint "Cleanup", Time since last: 1008241084 ns, Reaching safepoint: 4587625 ns, At safepoint: 115166 ns, Total: 4702791 ns
[2023-07-17T16:01:45.953+0000][1][safepoint    ] Safepoint "Cleanup", Time since last: 1005440459 ns, Reaching safepoint: 2791083 ns, At safepoint: 75792 ns, Total: 2866875 ns
[2023-07-17T16:01:46.958+0000][1][safepoint    ] Safepoint "Cleanup", Time since last: 1002002001 ns, Reaching safepoint: 2978166 ns, At safepoint: 58917 ns, Total: 3037083 ns
[2023-07-17T16:01:47.961+0000][1][safepoint    ] Safepoint "Cleanup", Time since last: 1001203209 ns, Reaching safepoint: 1767333 ns, At safepoint: 31167 ns, Total: 1798500 ns
[2023-07-17T16:01:48.966+0000][1][safepoint    ] Safepoint "Cleanup", Time since last: 1001019542 ns, Reaching safepoint: 3413458 ns, At safepoint: 165084 ns, Total: 3578542 ns
[2023-07-17T16:01:50.739+0000][1][safepoint    ] Safepoint "Cleanup", Time since last: 1769486959 ns, Reaching safepoint: 3527666 ns, At safepoint: 66084 ns, Total: 3593750 ns
[2023-07-17T16:01:51.745+0000][1][safepoint    ] Safepoint "Cleanup", Time since last: 1002471625 ns, Reaching safepoint: 3756375 ns, At safepoint: 87875 ns, Total: 3844250 ns
[2023-07-17T16:01:52.760+0000][1][safepoint    ] Safepoint "Cleanup", Time since last: 1010122126 ns, Reaching safepoint: 4248041 ns, At safepoint: 96292 ns, Total: 4344333 ns
[2023-07-17T16:01:53.766+0000][1][safepoint    ] Safepoint "Cleanup", Time since last: 1001603834 ns, Reaching safepoint: 3891875 ns, At safepoint: 89333 ns, Total: 3981208 ns
[2023-07-17T16:01:54.770+0000][1][safepoint    ] Safepoint "Cleanup", Time since last: 1001043834 ns, Reaching safepoint: 3084667 ns, At safepoint: 79250 ns, Total: 3163917 ns
[2023-07-17T16:01:55.775+0000][1][safepoint    ] Safepoint "Cleanup", Time since last: 1001457542 ns, Reaching safepoint: 3317958 ns, At safepoint: 69667 ns, Total: 3387625 ns
[2023-07-17T16:01:56.780+0000][1][safepoint    ] Safepoint "Cleanup", Time since last: 1001606959 ns, Reaching safepoint: 3322041 ns, At safepoint: 73209 ns, Total: 3395250 ns
[2023-07-17T16:01:57.783+0000][1][safepoint    ] Safepoint "Cleanup", Time since last: 1001553000 ns, Reaching safepoint: 1675792 ns, At safepoint: 38916 ns, Total: 1714708 ns
[2023-07-17T16:01:58.788+0000][1][safepoint    ] Safepoint "Cleanup", Time since last: 1001595876 ns, Reaching safepoint: 3529583 ns, At safepoint: 84000 ns, Total: 3613583 ns
[2023-07-17T16:01:59.792+0000][1][safepoint    ] Safepoint "Cleanup", Time since last: 1001337334 ns, Reaching safepoint: 2960750 ns, At safepoint: 60750 ns, Total: 3021500 ns
[2023-07-17T16:02:00.797+0000][1][safepoint    ] Safepoint "Cleanup", Time since last: 1001548917 ns, Reaching safepoint: 3095958 ns, At safepoint: 76917 ns, Total: 3172875 ns
[2023-07-17T16:02:00.945+0000][1][safepoint    ] Safepoint "RevokeBias", Time since last: 145613667 ns, Reaching safepoint: 1786042 ns, At safepoint: 616000 ns, Total: 2402042 ns
[2023-07-17T16:02:01.950+0000][1][safepoint    ] Safepoint "Cleanup", Time since last: 1002189042 ns, Reaching safepoint: 2709458 ns, At safepoint: 87500 ns, Total: 2796958 ns
[2023-07-17T16:02:02.956+0000][1][safepoint    ] Safepoint "Cleanup", Time since last: 1001236334 ns, Reaching safepoint: 4175958 ns, At safepoint: 102000 ns, Total: 4277958 ns
[2023-07-17T16:02:03.961+0000][1][safepoint    ] Safepoint "Cleanup", Time since last: 1001483876 ns, Reaching safepoint: 3983291 ns, At safepoint: 92459 ns, Total: 4075750 ns
[2023-07-17T16:02:04.967+0000][1][safepoint    ] Safepoint "Cleanup", Time since last: 1001692292 ns, Reaching safepoint: 4315333 ns, At safepoint: 133625 ns, Total: 4448958 ns
[2023-07-17T16:02:05.974+0000][1][safepoint    ] Safepoint "Cleanup", Time since last: 1002227001 ns, Reaching safepoint: 3964541 ns, At safepoint: 91167 ns, Total: 4055708 ns
[2023-07-17T16:02:06.980+0000][1][safepoint    ] Safepoint "Cleanup", Time since last: 1001615209 ns, Reaching safepoint: 4431708 ns, At safepoint: 74292 ns, Total: 4506000 ns
[2023-07-17T16:02:07.984+0000][1][safepoint    ] Safepoint "Cleanup", Time since last: 1001611459 ns, Reaching safepoint: 2889000 ns, At safepoint: 75666 ns, Total: 2964666 ns
[2023-07-17T16:02:08.990+0000][1][safepoint    ] Safepoint "Cleanup", Time since last: 1001999751 ns, Reaching safepoint: 3916791 ns, At safepoint: 127500 ns, Total: 4044291 ns
[2023-07-17T16:02:09.995+0000][1][safepoint    ] Safepoint "Cleanup", Time since last: 1002439418 ns, Reaching safepoint: 2614041 ns, At safepoint: 64667 ns, Total: 2678708 ns
[2023-07-17T16:02:10.998+0000][1][safepoint    ] Safepoint "Cleanup", Time since last: 1000935417 ns, Reaching safepoint: 1611167 ns, At safepoint: 18958 ns, Total: 1630125 ns
[2023-07-17T16:02:12.011+0000][1][safepoint    ] Safepoint "Cleanup", Time since last: 1011673625 ns, Reaching safepoint: 1075583 ns, At safepoint: 24334 ns, Total: 1099917 ns
[2023-07-17T16:02:13.016+0000][1][safepoint    ] Safepoint "Cleanup", Time since last: 1000861208 ns, Reaching safepoint: 3832000 ns, At safepoint: 91959 ns, Total: 3923959 ns
[2023-07-17T16:02:14.020+0000][1][safepoint    ] Safepoint "Cleanup", Time since last: 1001982667 ns, Reaching safepoint: 1317708 ns, At safepoint: 25167 ns, Total: 1342875 ns
[2023-07-17T16:02:15.025+0000][1][safepoint    ] Safepoint "Cleanup", Time since last: 1001054625 ns, Reaching safepoint: 3725625 ns, At safepoint: 90292 ns, Total: 3815917 ns
[2023-07-17T16:02:16.031+0000][1][safepoint    ] Safepoint "Cleanup", Time since last: 1002845834 ns, Reaching safepoint: 3832291 ns, At safepoint: 99167 ns, Total: 3931458 ns
[2023-07-17T16:02:17.037+0000][1][safepoint    ] Safepoint "Cleanup", Time since last: 1001482334 ns, Reaching safepoint: 4068750 ns, At safepoint: 187708 ns, Total: 4256458 ns
[2023-07-17T16:02:18.044+0000][1][safepoint    ] Safepoint "Cleanup", Time since last: 1002281292 ns, Reaching safepoint: 4122834 ns, At safepoint: 101541 ns, Total: 4224375 ns
[2023-07-17T16:02:19.050+0000][1][safepoint    ] Safepoint "Cleanup", Time since last: 1003128043 ns, Reaching safepoint: 2825125 ns, At safepoint: 70041 ns, Total: 2895166 ns
[2023-07-17T16:02:20.056+0000][1][safepoint    ] Safepoint "Cleanup", Time since last: 1001351084 ns, Reaching safepoint: 4513292 ns, At safepoint: 93000 ns, Total: 4606292 ns
[2023-07-17T16:02:20.951+0000][1][safepoint    ] Safepoint "RevokeBias", Time since last: 893683833 ns, Reaching safepoint: 1728917 ns, At safepoint: 448750 ns, Total: 2177667 ns
[2023-07-17T16:02:21.957+0000][1][safepoint    ] Safepoint "Cleanup", Time since last: 1000768042 ns, Reaching safepoint: 4419375 ns, At safepoint: 112417 ns, Total: 4531792 ns
[2023-07-17T16:02:22.962+0000][1][safepoint    ] Safepoint "Cleanup", Time since last: 1001600875 ns, Reaching safepoint: 3911625 ns, At safepoint: 86084 ns, Total: 3997709 ns
[2023-07-17T16:02:23.968+0000][1][safepoint    ] Safepoint "Cleanup", Time since last: 1001332167 ns, Reaching safepoint: 4293417 ns, At safepoint: 135041 ns, Total: 4428458 ns
[2023-07-17T16:02:24.976+0000][1][safepoint    ] Safepoint "Cleanup", Time since last: 1003145251 ns, Reaching safepoint: 4341958 ns, At safepoint: 89833 ns, Total: 4431791 ns
[2023-07-17T16:02:25.979+0000][1][safepoint    ] Safepoint "Cleanup", Time since last: 1002680876 ns, Reaching safepoint: 964583 ns, At safepoint: 22750 ns, Total: 987333 ns
[2023-07-17T16:02:26.731+0000][1][safepoint    ] Safepoint "RevokeBias", Time since last: 750056834 ns, Reaching safepoint: 1166208 ns, At safepoint: 176834 ns, Total: 1343042 ns
[2023-07-17T16:02:26.734+0000][1][safepoint    ] Safepoint "RevokeBias", Time since last: 2827041 ns, Reaching safepoint: 767000 ns, At safepoint: 73959 ns, Total: 840959 ns
[2023-07-17T16:02:26.782+0000][1][safepoint    ] Safepoint "RevokeBias", Time since last: 4630125 ns, Reaching safepoint: 31550625 ns, At safepoint: 3500541 ns, Total: 35051166 ns
[2023-07-17T16:02:27.039+0000][1][safepoint    ] Safepoint "RevokeBias", Time since last: 262685625 ns, Reaching safepoint: 2321417 ns, At safepoint: 212500 ns, Total: 2533917 ns
[2023-07-17T16:02:27.188+0000][1][safepoint    ] Safepoint "RevokeBias", Time since last: 146665333 ns, Reaching safepoint: 2221125 ns, At safepoint: 161792 ns, Total: 2382917 ns
[2023-07-17T16:02:28.195+0000][1][safepoint    ] Safepoint "Cleanup", Time since last: 1002022959 ns, Reaching safepoint: 4034458 ns, At safepoint: 149542 ns, Total: 4184000 ns
[2023-07-17T16:02:29.201+0000][1][safepoint    ] Safepoint "Cleanup", Time since last: 1001897417 ns, Reaching safepoint: 4070125 ns, At safepoint: 107333 ns, Total: 4177458 ns
[2023-07-17T16:02:30.206+0000][1][safepoint    ] Safepoint "Cleanup", Time since last: 1001772543 ns, Reaching safepoint: 3973416 ns, At safepoint: 98167 ns, Total: 4071583 ns
[2023-07-17T16:02:31.209+0000][1][safepoint    ] Safepoint "Cleanup", Time since last: 1001424542 ns, Reaching safepoint: 1478333 ns, At safepoint: 27250 ns, Total: 1505583 ns
[2023-07-17T16:02:32.212+0000][1][safepoint    ] Safepoint "Cleanup", Time since last: 1000412459 ns, Reaching safepoint: 1731500 ns, At safepoint: 38167 ns, Total: 1769667 ns
[2023-07-17T16:02:33.218+0000][1][safepoint    ] Safepoint "Cleanup", Time since last: 1002549625 ns, Reaching safepoint: 4238292 ns, At safepoint: 95417 ns, Total: 4333709 ns
[2023-07-17T16:02:34.227+0000][1][safepoint    ] Safepoint "Cleanup", Time since last: 1005369708 ns, Reaching safepoint: 2658125 ns, At safepoint: 97875 ns, Total: 2756000 ns
[2023-07-17T16:02:35.234+0000][1][safepoint    ] Safepoint "Cleanup", Time since last: 1003644626 ns, Reaching safepoint: 3604333 ns, At safepoint: 135625 ns, Total: 3739958 ns
[2023-07-17T16:02:36.240+0000][1][safepoint    ] Safepoint "Cleanup", Time since last: 1002735709 ns, Reaching safepoint: 3498625 ns, At safepoint: 72792 ns, Total: 3571417 ns
[2023-07-17T16:02:37.245+0000][1][safepoint    ] Safepoint "Cleanup", Time since last: 1000889042 ns, Reaching safepoint: 3466417 ns, At safepoint: 116458 ns, Total: 3582875 ns
[2023-07-17T16:02:38.252+0000][1][safepoint    ] Safepoint "Cleanup", Time since last: 1002700125 ns, Reaching safepoint: 4014375 ns, At safepoint: 108792 ns, Total: 4123167 ns
[2023-07-17T16:02:39.259+0000][1][safepoint    ] Safepoint "Cleanup", Time since last: 1002973042 ns, Reaching safepoint: 3934084 ns, At safepoint: 91541 ns, Total: 4025625 ns
[2023-07-17T16:02:40.265+0000][1][safepoint    ] Safepoint "Cleanup", Time since last: 1001856084 ns, Reaching safepoint: 4379583 ns, At safepoint: 110459 ns, Total: 4490042 ns
[2023-07-17T16:02:40.953+0000][1][safepoint    ] Safepoint "RevokeBias", Time since last: 686614750 ns, Reaching safepoint: 1626208 ns, At safepoint: 331625 ns, Total: 1957833 ns
[2023-07-17T16:02:40.992+0000][1][gc,start     ] GC(49) Pause Young (Allocation Failure)
[2023-07-17T16:02:40.994+0000][1][gc,task      ] GC(49) Using 4 workers of 4 for evacuation
[2023-07-17T16:02:41.016+0000][1][gc,age       ] GC(49) Desired survivor size 8945664 bytes, new threshold 6 (max threshold 6)
[2023-07-17T16:02:41.016+0000][1][gc,age       ] GC(49) Age table with threshold 6 (max threshold 6)
[2023-07-17T16:02:41.016+0000][1][gc,age       ] GC(49) - age   1:     146608 bytes,     146608 total
[2023-07-17T16:02:41.016+0000][1][gc,age       ] GC(49) - age   2:       1256 bytes,     147864 total
[2023-07-17T16:02:41.017+0000][1][gc,age       ] GC(49) - age   3:       3792 bytes,     151656 total
[2023-07-17T16:02:41.017+0000][1][gc,age       ] GC(49) - age   4:       1384 bytes,     153040 total
[2023-07-17T16:02:41.017+0000][1][gc,age       ] GC(49) - age   5:        608 bytes,     153648 total
[2023-07-17T16:02:41.017+0000][1][gc,age       ] GC(49) - age   6:       1040 bytes,     154688 total
[2023-07-17T16:02:41.018+0000][1][gc,heap      ] GC(49) ParNew: 139939K->188K(157248K)
[2023-07-17T16:02:41.018+0000][1][gc,heap      ] GC(49) CMS: 69198K->69202K(349568K)
[2023-07-17T16:02:41.019+0000][1][gc,metaspace ] GC(49) Metaspace: 90039K->90039K(1132544K)
[2023-07-17T16:02:41.019+0000][1][gc           ] GC(49) Pause Young (Allocation Failure) 204M->67M(494M) 27.753ms
[2023-07-17T16:02:41.020+0000][1][gc,cpu       ] GC(49) User=0.05s Sys=0.01s Real=0.03s
[2023-07-17T16:02:41.020+0000][1][safepoint    ] Safepoint "GenCollectForAllocation", Time since last: 36770667 ns, Reaching safepoint: 1180167 ns, At safepoint: 28643166 ns, Total: 29823333 ns
[2023-07-17T16:02:42.024+0000][1][safepoint    ] Safepoint "Cleanup", Time since last: 1002944125 ns, Reaching safepoint: 1428583 ns, At safepoint: 32417 ns, Total: 1461000 ns
[2023-07-17T16:02:43.029+0000][1][safepoint    ] Safepoint "Cleanup", Time since last: 1001077334 ns, Reaching safepoint: 3387791 ns, At safepoint: 117959 ns, Total: 3505750 ns
[2023-07-17T16:02:44.032+0000][1][safepoint    ] Safepoint "Cleanup", Time since last: 1002301542 ns, Reaching safepoint: 1110708 ns, At safepoint: 20750 ns, Total: 1131458 ns
[2023-07-17T16:02:45.036+0000][1][safepoint    ] Safepoint "Cleanup", Time since last: 1000436376 ns, Reaching safepoint: 3525916 ns, At safepoint: 76584 ns, Total: 3602500 ns
[2023-07-17T16:02:46.043+0000][1][safepoint    ] Safepoint "Cleanup", Time since last: 1002117708 ns, Reaching safepoint: 4439292 ns, At safepoint: 113417 ns, Total: 4552709 ns
[2023-07-17T16:02:47.053+0000][1][safepoint    ] Safepoint "Cleanup", Time since last: 1004913792 ns, Reaching safepoint: 4419167 ns, At safepoint: 101416 ns, Total: 4520583 ns
[2023-07-17T16:02:48.059+0000][1][safepoint    ] Safepoint "Cleanup", Time since last: 1001658376 ns, Reaching safepoint: 4645916 ns, At safepoint: 137125 ns, Total: 4783041 ns
[2023-07-17T16:02:49.066+0000][1][safepoint    ] Safepoint "Cleanup", Time since last: 1002963918 ns, Reaching safepoint: 3550750 ns, At safepoint: 83208 ns, Total: 3633958 ns
[2023-07-17T16:02:50.070+0000][1][safepoint    ] Safepoint "Cleanup", Time since last: 1002584500 ns, Reaching safepoint: 1832500 ns, At safepoint: 48667 ns, Total: 1881167 ns
[2023-07-17T16:02:51.072+0000][1][safepoint    ] Safepoint "Cleanup", Time since last: 1001537334 ns, Reaching safepoint: 679208 ns, At safepoint: 14125 ns, Total: 693333 ns
[2023-07-17T16:02:52.075+0000][1][safepoint    ] Safepoint "Cleanup", Time since last: 1000466542 ns, Reaching safepoint: 2571125 ns, At safepoint: 57792 ns, Total: 2628917 ns
[2023-07-17T16:02:53.079+0000][1][safepoint    ] Safepoint "Cleanup", Time since last: 1001169292 ns, Reaching safepoint: 2148250 ns, At safepoint: 53417 ns, Total: 2201667 ns
[2023-07-17T16:02:54.082+0000][1][safepoint    ] Safepoint "Cleanup", Time since last: 1000990584 ns, Reaching safepoint: 1814541 ns, At safepoint: 38125 ns, Total: 1852666 ns
[2023-07-17T16:02:55.088+0000][1][safepoint    ] Safepoint "Cleanup", Time since last: 1001733251 ns, Reaching safepoint: 4029666 ns, At safepoint: 94500 ns, Total: 4124166 ns
[2023-07-17T16:02:56.091+0000][1][safepoint    ] Safepoint "Cleanup", Time since last: 1001897959 ns, Reaching safepoint: 1239834 ns, At safepoint: 18541 ns, Total: 1258375 ns
[2023-07-17T16:02:57.095+0000][1][safepoint    ] Safepoint "Cleanup", Time since last: 1000553334 ns, Reaching safepoint: 3914750 ns, At safepoint: 91333 ns, Total: 4006083 ns
[2023-07-17T16:02:58.100+0000][1][safepoint    ] Safepoint "Cleanup", Time since last: 1001586334 ns, Reaching safepoint: 3350375 ns, At safepoint: 79709 ns, Total: 3430084 ns
[2023-07-17T16:02:59.105+0000][1][safepoint    ] Safepoint "Cleanup", Time since last: 1001254667 ns, Reaching safepoint: 3852916 ns, At safepoint: 78042 ns, Total: 3930958 ns
[2023-07-17T16:03:00.111+0000][1][safepoint    ] Safepoint "Cleanup", Time since last: 1001345584 ns, Reaching safepoint: 4174583 ns, At safepoint: 123875 ns, Total: 4298458 ns
[2023-07-17T16:03:01.113+0000][1][safepoint    ] Safepoint "Cleanup", Time since last: 1001382834 ns, Reaching safepoint: 743583 ns, At safepoint: 19084 ns, Total: 762667 ns
[2023-07-17T16:03:02.118+0000][1][safepoint    ] Safepoint "Cleanup", Time since last: 1001455625 ns, Reaching safepoint: 2806667 ns, At safepoint: 125833 ns, Total: 2932500 ns
[2023-07-17T16:03:03.123+0000][1][safepoint    ] Safepoint "Cleanup", Time since last: 1001067209 ns, Reaching safepoint: 3922417 ns, At safepoint: 101791 ns, Total: 4024208 ns
[2023-07-17T16:03:04.126+0000][1][safepoint    ] Safepoint "Cleanup", Time since last: 1001621459 ns, Reaching safepoint: 1700417 ns, At safepoint: 38416 ns, Total: 1738833 ns
[2023-07-17T16:03:05.131+0000][1][safepoint    ] Safepoint "Cleanup", Time since last: 1000975584 ns, Reaching safepoint: 3682167 ns, At safepoint: 155500 ns, Total: 3837667 ns
[2023-07-17T16:03:06.138+0000][1][safepoint    ] Safepoint "Cleanup", Time since last: 1002461750 ns, Reaching safepoint: 4224084 ns, At safepoint: 125041 ns, Total: 4349125 ns
[2023-07-17T16:03:07.144+0000][1][safepoint    ] Safepoint "Cleanup", Time since last: 1001962834 ns, Reaching safepoint: 3971084 ns, At safepoint: 83833 ns, Total: 4054917 ns
[2023-07-17T16:03:08.151+0000][1][safepoint    ] Safepoint "Cleanup", Time since last: 1002800584 ns, Reaching safepoint: 4210166 ns, At safepoint: 99792 ns, Total: 4309958 ns
[2023-07-17T16:03:09.157+0000][1][safepoint    ] Safepoint "Cleanup", Time since last: 1001646500 ns, Reaching safepoint: 4224375 ns, At safepoint: 104292 ns, Total: 4328667 ns
[2023-07-17T16:03:10.164+0000][1][safepoint    ] Safepoint "Cleanup", Time since last: 1003064209 ns, Reaching safepoint: 3849042 ns, At safepoint: 145833 ns, Total: 3994875 ns
[2023-07-17T16:03:11.167+0000][1][safepoint    ] Safepoint "Cleanup", Time since last: 1002037959 ns, Reaching safepoint: 1005000 ns, At safepoint: 23125 ns, Total: 1028125 ns
[2023-07-17T16:03:12.172+0000][1][safepoint    ] Safepoint "Cleanup", Time since last: 1002079750 ns, Reaching safepoint: 2911291 ns, At safepoint: 120625 ns, Total: 3031916 ns
[2023-07-17T16:03:13.179+0000][1][safepoint    ] Safepoint "Cleanup", Time since last: 1002733667 ns, Reaching safepoint: 4059792 ns, At safepoint: 99625 ns, Total: 4159417 ns
[2023-07-17T16:03:14.182+0000][1][safepoint    ] Safepoint "Cleanup", Time since last: 1002299959 ns, Reaching safepoint: 1312042 ns, At safepoint: 29750 ns, Total: 1341792 ns
[2023-07-17T16:03:15.188+0000][1][safepoint    ] Safepoint "Cleanup", Time since last: 1004126167 ns, Reaching safepoint: 1266333 ns, At safepoint: 44083 ns, Total: 1310416 ns
[2023-07-17T16:03:16.193+0000][1][safepoint    ] Safepoint "Cleanup", Time since last: 1001222293 ns, Reaching safepoint: 3881500 ns, At safepoint: 95875 ns, Total: 3977375 ns
[2023-07-17T16:03:17.200+0000][1][safepoint    ] Safepoint "Cleanup", Time since last: 1002212292 ns, Reaching safepoint: 4201041 ns, At safepoint: 107250 ns, Total: 4308291 ns
[2023-07-17T16:03:18.207+0000][1][safepoint    ] Safepoint "Cleanup", Time since last: 1002699834 ns, Reaching safepoint: 4848000 ns, At safepoint: 106750 ns, Total: 4954750 ns
[2023-07-17T16:03:19.214+0000][1][safepoint    ] Safepoint "Cleanup", Time since last: 1004032792 ns, Reaching safepoint: 2849334 ns, At safepoint: 91625 ns, Total: 2940959 ns
[2023-07-17T16:03:20.906+0000][1][safepoint    ] Safepoint "Cleanup", Time since last: 1688737625 ns, Reaching safepoint: 2837250 ns, At safepoint: 114542 ns, Total: 2951792 ns
[2023-07-17T16:03:23.913+0000][1][safepoint    ] Safepoint "Cleanup", Time since last: 3003672002 ns, Reaching safepoint: 2834833 ns, At safepoint: 106417 ns, Total: 2941250 ns
[2023-07-17T16:03:24.917+0000][1][safepoint    ] Safepoint "Cleanup", Time since last: 1001669500 ns, Reaching safepoint: 2555583 ns, At safepoint: 73000 ns, Total: 2628583 ns
[2023-07-17T16:03:25.921+0000][1][safepoint    ] Safepoint "Cleanup", Time since last: 1001871876 ns, Reaching safepoint: 2248833 ns, At safepoint: 99500 ns, Total: 2348333 ns
[2023-07-17T16:03:26.923+0000][1][safepoint    ] Safepoint "Cleanup", Time since last: 1001376084 ns, Reaching safepoint: 903500 ns, At safepoint: 30458 ns, Total: 933958 ns
[2023-07-17T16:03:27.453+0000][1][safepoint    ] Safepoint "RevokeBias", Time since last: 528981042 ns, Reaching safepoint: 649375 ns, At safepoint: 99417 ns, Total: 748792 ns
[2023-07-17T16:03:27.456+0000][1][safepoint    ] Safepoint "RevokeBias", Time since last: 2098167 ns, Reaching safepoint: 614000 ns, At safepoint: 94541 ns, Total: 708541 ns
[2023-07-17T16:03:27.457+0000][1][safepoint    ] Safepoint "RevokeBias", Time since last: 269750 ns, Reaching safepoint: 560042 ns, At safepoint: 53125 ns, Total: 613167 ns
[2023-07-17T16:03:27.503+0000][1][safepoint    ] Safepoint "BulkRevokeBias", Time since last: 42020542 ns, Reaching safepoint: 1193291 ns, At safepoint: 2803792 ns, Total: 3997083 ns
[2023-07-17T16:03:27.506+0000][1][safepoint    ] Safepoint "RevokeBias", Time since last: 2595792 ns, Reaching safepoint: 562791 ns, At safepoint: 74292 ns, Total: 637083 ns
[2023-07-17T16:03:28.512+0000][1][safepoint    ] Safepoint "Cleanup", Time since last: 1001053917 ns, Reaching safepoint: 4504625 ns, At safepoint: 119125 ns, Total: 4623750 ns
[2023-07-17T16:03:29.518+0000][1][safepoint    ] Safepoint "Cleanup", Time since last: 1002069167 ns, Reaching safepoint: 4615542 ns, At safepoint: 115458 ns, Total: 4731000 ns
[2023-07-17T16:03:30.525+0000][1][safepoint    ] Safepoint "Cleanup", Time since last: 1002242584 ns, Reaching safepoint: 4517292 ns, At safepoint: 111375 ns, Total: 4628667 ns
[2023-07-17T16:03:31.530+0000][1][safepoint    ] Safepoint "Cleanup", Time since last: 1001320375 ns, Reaching safepoint: 3464417 ns, At safepoint: 86208 ns, Total: 3550625 ns
[2023-07-17T16:03:32.535+0000][1][safepoint    ] Safepoint "Cleanup", Time since last: 1001274042 ns, Reaching safepoint: 3457750 ns, At safepoint: 107125 ns, Total: 3564875 ns
[2023-07-17T16:03:33.541+0000][1][safepoint    ] Safepoint "Cleanup", Time since last: 1002464459 ns, Reaching safepoint: 3459625 ns, At safepoint: 89042 ns, Total: 3548667 ns
[2023-07-17T16:03:34.548+0000][1][safepoint    ] Safepoint "Cleanup", Time since last: 1003119000 ns, Reaching safepoint: 3986084 ns, At safepoint: 108083 ns, Total: 4094167 ns
[2023-07-17T16:03:35.554+0000][1][safepoint    ] Safepoint "Cleanup", Time since last: 1001742792 ns, Reaching safepoint: 3499333 ns, At safepoint: 108709 ns, Total: 3608042 ns
[2023-07-17T16:03:36.559+0000][1][safepoint    ] Safepoint "Cleanup", Time since last: 1001380500 ns, Reaching safepoint: 4211167 ns, At safepoint: 97458 ns, Total: 4308625 ns
[2023-07-17T16:03:37.565+0000][1][safepoint    ] Safepoint "Cleanup", Time since last: 1001636209 ns, Reaching safepoint: 4133625 ns, At safepoint: 116917 ns, Total: 4250542 ns
[2023-07-17T16:03:38.571+0000][1][safepoint    ] Safepoint "Cleanup", Time since last: 1001474084 ns, Reaching safepoint: 4479500 ns, At safepoint: 111500 ns, Total: 4591000 ns
[2023-07-17T16:03:39.577+0000][1][safepoint    ] Safepoint "Cleanup", Time since last: 1001525542 ns, Reaching safepoint: 4129875 ns, At safepoint: 110500 ns, Total: 4240375 ns
[2023-07-17T16:03:40.583+0000][1][safepoint    ] Safepoint "Cleanup", Time since last: 1001701417 ns, Reaching safepoint: 3810833 ns, At safepoint: 104208 ns, Total: 3915041 ns
[2023-07-17T16:03:40.971+0000][1][safepoint    ] Safepoint "RevokeBias", Time since last: 386351292 ns, Reaching safepoint: 1715042 ns, At safepoint: 127250 ns, Total: 1842292 ns
[2023-07-17T16:03:41.973+0000][1][safepoint    ] Safepoint "Cleanup", Time since last: 1000612416 ns, Reaching safepoint: 1412542 ns, At safepoint: 32083 ns, Total: 1444625 ns
[2023-07-17T16:03:42.978+0000][1][safepoint    ] Safepoint "Cleanup", Time since last: 1000765084 ns, Reaching safepoint: 4180542 ns, At safepoint: 79166 ns, Total: 4259708 ns
[2023-07-17T16:03:43.980+0000][1][safepoint    ] Safepoint "Cleanup", Time since last: 1001095542 ns, Reaching safepoint: 1161000 ns, At safepoint: 22375 ns, Total: 1183375 ns
[2023-07-17T16:03:44.987+0000][1][safepoint    ] Safepoint "Cleanup", Time since last: 1002128168 ns, Reaching safepoint: 4755916 ns, At safepoint: 140542 ns, Total: 4896458 ns
[2023-07-17T16:03:45.994+0000][1][safepoint    ] Safepoint "Cleanup", Time since last: 1002391459 ns, Reaching safepoint: 3870041 ns, At safepoint: 96167 ns, Total: 3966208 ns
[2023-07-17T16:03:46.999+0000][1][safepoint    ] Safepoint "Cleanup", Time since last: 1002372584 ns, Reaching safepoint: 3274750 ns, At safepoint: 81708 ns, Total: 3356458 ns
[2023-07-17T16:03:48.004+0000][1][safepoint    ] Safepoint "Cleanup", Time since last: 1001343376 ns, Reaching safepoint: 3547958 ns, At safepoint: 92750 ns, Total: 3640708 ns
[2023-07-17T16:03:49.011+0000][1][safepoint    ] Safepoint "Cleanup", Time since last: 1002672876 ns, Reaching safepoint: 4091708 ns, At safepoint: 105542 ns, Total: 4197250 ns
[2023-07-17T16:03:50.014+0000][1][safepoint    ] Safepoint "Cleanup", Time since last: 1001349000 ns, Reaching safepoint: 1420375 ns, At safepoint: 31167 ns, Total: 1451542 ns
[2023-07-17T16:03:51.015+0000][1][safepoint    ] Safepoint "Cleanup", Time since last: 1000654083 ns, Reaching safepoint: 728584 ns, At safepoint: 15708 ns, Total: 744292 ns
[2023-07-17T16:03:52.018+0000][1][safepoint    ] Safepoint "Cleanup", Time since last: 1000756084 ns, Reaching safepoint: 1477000 ns, At safepoint: 38833 ns, Total: 1515833 ns
[2023-07-17T16:03:53.024+0000][1][safepoint    ] Safepoint "Cleanup", Time since last: 1002766376 ns, Reaching safepoint: 3737125 ns, At safepoint: 136500 ns, Total: 3873625 ns
[2023-07-17T16:03:54.029+0000][1][safepoint    ] Safepoint "Cleanup", Time since last: 1001904917 ns, Reaching safepoint: 2794583 ns, At safepoint: 83709 ns, Total: 2878292 ns
[2023-07-17T16:03:55.034+0000][1][safepoint    ] Safepoint "Cleanup", Time since last: 1001077417 ns, Reaching safepoint: 3534875 ns, At safepoint: 94041 ns, Total: 3628916 ns
[2023-07-17T16:03:56.039+0000][1][safepoint    ] Safepoint "Cleanup", Time since last: 1001543209 ns, Reaching safepoint: 3715625 ns, At safepoint: 110542 ns, Total: 3826167 ns
[2023-07-17T16:03:57.042+0000][1][safepoint    ] Safepoint "Cleanup", Time since last: 1001102625 ns, Reaching safepoint: 1275209 ns, At safepoint: 20500 ns, Total: 1295709 ns
[2023-07-17T16:03:58.046+0000][1][safepoint    ] Safepoint "Cleanup", Time since last: 1000587167 ns, Reaching safepoint: 3902958 ns, At safepoint: 82209 ns, Total: 3985167 ns
[2023-07-17T16:03:59.052+0000][1][safepoint    ] Safepoint "Cleanup", Time since last: 1001822875 ns, Reaching safepoint: 4079542 ns, At safepoint: 88791 ns, Total: 4168333 ns
[2023-07-17T16:04:00.058+0000][1][safepoint    ] Safepoint "Cleanup", Time since last: 1001618709 ns, Reaching safepoint: 4180708 ns, At safepoint: 104000 ns, Total: 4284708 ns
[2023-07-17T16:04:00.960+0000][1][safepoint    ] Safepoint "RevokeBias", Time since last: 900077209 ns, Reaching safepoint: 1748292 ns, At safepoint: 386667 ns, Total: 2134959 ns
[2023-07-17T16:04:01.966+0000][1][safepoint    ] Safepoint "Cleanup", Time since last: 1000893000 ns, Reaching safepoint: 4221917 ns, At safepoint: 95208 ns, Total: 4317125 ns
[2023-07-17T16:04:02.973+0000][1][safepoint    ] Safepoint "Cleanup", Time since last: 1002088876 ns, Reaching safepoint: 4742250 ns, At safepoint: 118958 ns, Total: 4861208 ns
[2023-07-17T16:04:03.978+0000][1][safepoint    ] Safepoint "Cleanup", Time since last: 1001656084 ns, Reaching safepoint: 4100208 ns, At safepoint: 101792 ns, Total: 4202000 ns
[2023-07-17T16:04:04.985+0000][1][safepoint    ] Safepoint "Cleanup", Time since last: 1002222792 ns, Reaching safepoint: 4442708 ns, At safepoint: 100792 ns, Total: 4543500 ns
[2023-07-17T16:04:05.993+0000][1][safepoint    ] Safepoint "Cleanup", Time since last: 1003053334 ns, Reaching safepoint: 4184083 ns, At safepoint: 161875 ns, Total: 4345958 ns
[2023-07-17T16:04:07.001+0000][1][safepoint    ] Safepoint "Cleanup", Time since last: 1003758792 ns, Reaching safepoint: 4440167 ns, At safepoint: 128458 ns, Total: 4568625 ns
[2023-07-17T16:04:08.007+0000][1][safepoint    ] Safepoint "Cleanup", Time since last: 1002138126 ns, Reaching safepoint: 4039458 ns, At safepoint: 85958 ns, Total: 4125416 ns
[2023-07-17T16:04:09.012+0000][1][safepoint    ] Safepoint "Cleanup", Time since last: 1004279376 ns, Reaching safepoint: 1086875 ns, At safepoint: 21916 ns, Total: 1108791 ns
[2023-07-17T16:04:10.017+0000][1][safepoint    ] Safepoint "Cleanup", Time since last: 1000986918 ns, Reaching safepoint: 3811458 ns, At safepoint: 99667 ns, Total: 3911125 ns
[2023-07-17T16:04:11.021+0000][1][safepoint    ] Safepoint "Cleanup", Time since last: 1002798958 ns, Reaching safepoint: 1101375 ns, At safepoint: 22542 ns, Total: 1123917 ns
[2023-07-17T16:04:12.025+0000][1][safepoint    ] Safepoint "Cleanup", Time since last: 1001714334 ns, Reaching safepoint: 1540833 ns, At safepoint: 30250 ns, Total: 1571083 ns
[2023-07-17T16:04:13.027+0000][1][safepoint    ] Safepoint "Cleanup", Time since last: 1000668084 ns, Reaching safepoint: 1454708 ns, At safepoint: 38042 ns, Total: 1492750 ns
[2023-07-17T16:04:14.029+0000][1][safepoint    ] Safepoint "Cleanup", Time since last: 1001090750 ns, Reaching safepoint: 1084542 ns, At safepoint: 21416 ns, Total: 1105958 ns
[2023-07-17T16:04:15.030+0000][1][safepoint    ] Safepoint "Cleanup", Time since last: 1000448501 ns, Reaching safepoint: 863792 ns, At safepoint: 22333 ns, Total: 886125 ns
[2023-07-17T16:04:16.035+0000][1][safepoint    ] Safepoint "Cleanup", Time since last: 1000933000 ns, Reaching safepoint: 3046875 ns, At safepoint: 146667 ns, Total: 3193542 ns
[2023-07-17T16:04:17.040+0000][1][safepoint    ] Safepoint "Cleanup", Time since last: 1001639209 ns, Reaching safepoint: 3586208 ns, At safepoint: 103334 ns, Total: 3689542 ns
[2023-07-17T16:04:18.047+0000][1][safepoint    ] Safepoint "Cleanup", Time since last: 1003458792 ns, Reaching safepoint: 4042125 ns, At safepoint: 73708 ns, Total: 4115833 ns
[2023-07-17T16:04:19.053+0000][1][safepoint    ] Safepoint "Cleanup", Time since last: 1001157334 ns, Reaching safepoint: 4288208 ns, At safepoint: 132334 ns, Total: 4420542 ns
[2023-07-17T16:04:20.057+0000][1][safepoint    ] Safepoint "Cleanup", Time since last: 1001945958 ns, Reaching safepoint: 2301042 ns, At safepoint: 87000 ns, Total: 2388042 ns
[2023-07-17T16:04:20.971+0000][1][safepoint    ] Safepoint "RevokeBias", Time since last: 911944250 ns, Reaching safepoint: 1612667 ns, At safepoint: 349167 ns, Total: 1961834 ns
[2023-07-17T16:04:21.975+0000][1][safepoint    ] Safepoint "Cleanup", Time since last: 1000823834 ns, Reaching safepoint: 2441458 ns, At safepoint: 53375 ns, Total: 2494833 ns
[2023-07-17T16:04:22.978+0000][1][safepoint    ] Safepoint "Cleanup", Time since last: 1001025667 ns, Reaching safepoint: 2344042 ns, At safepoint: 54791 ns, Total: 2398833 ns
[2023-07-17T16:04:23.983+0000][1][safepoint    ] Safepoint "Cleanup", Time since last: 1001081751 ns, Reaching safepoint: 3980500 ns, At safepoint: 110500 ns, Total: 4091000 ns
[2023-07-17T16:04:24.988+0000][1][safepoint    ] Safepoint "Cleanup", Time since last: 1001435417 ns, Reaching safepoint: 3217292 ns, At safepoint: 79666 ns, Total: 3296958 ns
[2023-07-17T16:04:25.994+0000][1][safepoint    ] Safepoint "Cleanup", Time since last: 1002116543 ns, Reaching safepoint: 3886958 ns, At safepoint: 94000 ns, Total: 3980958 ns
[2023-07-17T16:04:26.999+0000][1][safepoint    ] Safepoint "Cleanup", Time since last: 1001849250 ns, Reaching safepoint: 2738125 ns, At safepoint: 77875 ns, Total: 2816000 ns
[2023-07-17T16:04:27.619+0000][1][safepoint    ] Safepoint "RevokeBias", Time since last: 619718334 ns, Reaching safepoint: 834042 ns, At safepoint: 93958 ns, Total: 928000 ns
[2023-07-17T16:04:27.622+0000][1][safepoint    ] Safepoint "RevokeBias", Time since last: 1417792 ns, Reaching safepoint: 931041 ns, At safepoint: 97125 ns, Total: 1028166 ns
[2023-07-17T16:04:27.625+0000][1][safepoint    ] Safepoint "RevokeBias", Time since last: 3093542 ns, Reaching safepoint: 633833 ns, At safepoint: 84709 ns, Total: 718542 ns
[2023-07-17T16:04:27.646+0000][1][safepoint    ] Safepoint "RevokeBias", Time since last: 19624083 ns, Reaching safepoint: 687250 ns, At safepoint: 77917 ns, Total: 765167 ns
[2023-07-17T16:04:27.648+0000][1][safepoint    ] Safepoint "RevokeBias", Time since last: 1605250 ns, Reaching safepoint: 629541 ns, At safepoint: 65542 ns, Total: 695083 ns
[2023-07-17T16:04:27.652+0000][1][safepoint    ] Safepoint "RevokeBias", Time since last: 2965333 ns, Reaching safepoint: 718167 ns, At safepoint: 59833 ns, Total: 778000 ns
[2023-07-17T16:04:28.656+0000][1][safepoint    ] Safepoint "Cleanup", Time since last: 1000538667 ns, Reaching safepoint: 3517625 ns, At safepoint: 89084 ns, Total: 3606709 ns
[2023-07-17T16:04:29.662+0000][1][safepoint    ] Safepoint "Cleanup", Time since last: 1002036667 ns, Reaching safepoint: 3805292 ns, At safepoint: 148541 ns, Total: 3953833 ns
[2023-07-17T16:04:30.668+0000][1][safepoint    ] Safepoint "Cleanup", Time since last: 1001988334 ns, Reaching safepoint: 3235542 ns, At safepoint: 190041 ns, Total: 3425583 ns
[2023-07-17T16:04:31.674+0000][1][safepoint    ] Safepoint "Cleanup", Time since last: 1002701251 ns, Reaching safepoint: 3412333 ns, At safepoint: 127375 ns, Total: 3539708 ns
[2023-07-17T16:04:31.945+0000][1][gc,start     ] GC(50) Pause Young (Allocation Failure)
[2023-07-17T16:04:31.946+0000][1][gc,task      ] GC(50) Using 4 workers of 4 for evacuation
[2023-07-17T16:04:31.955+0000][1][gc,age       ] GC(50) Desired survivor size 8945664 bytes, new threshold 6 (max threshold 6)
[2023-07-17T16:04:31.955+0000][1][gc,age       ] GC(50) Age table with threshold 6 (max threshold 6)
[2023-07-17T16:04:31.955+0000][1][gc,age       ] GC(50) - age   1:      85272 bytes,      85272 total
[2023-07-17T16:04:31.956+0000][1][gc,age       ] GC(50) - age   2:       1904 bytes,      87176 total
[2023-07-17T16:04:31.956+0000][1][gc,age       ] GC(50) - age   3:       1048 bytes,      88224 total
[2023-07-17T16:04:31.956+0000][1][gc,age       ] GC(50) - age   4:       3792 bytes,      92016 total
[2023-07-17T16:04:31.956+0000][1][gc,age       ] GC(50) - age   5:       1384 bytes,      93400 total
[2023-07-17T16:04:31.956+0000][1][gc,age       ] GC(50) - age   6:        608 bytes,      94008 total
[2023-07-17T16:04:31.956+0000][1][gc,heap      ] GC(50) ParNew: 139964K->161K(157248K)
[2023-07-17T16:04:31.957+0000][1][gc,heap      ] GC(50) CMS: 69202K->69203K(349568K)
[2023-07-17T16:04:31.957+0000][1][gc,metaspace ] GC(50) Metaspace: 90106K->90106K(1132544K)
[2023-07-17T16:04:31.957+0000][1][gc           ] GC(50) Pause Young (Allocation Failure) 204M->67M(494M) 11.612ms
[2023-07-17T16:04:31.957+0000][1][gc,cpu       ] GC(50) User=0.01s Sys=0.00s Real=0.01s
[2023-07-17T16:04:31.957+0000][1][safepoint    ] Safepoint "GenCollectForAllocation", Time since last: 270583334 ns, Reaching safepoint: 1003291 ns, At safepoint: 12085834 ns, Total: 13089125 ns
[2023-07-17T16:04:32.962+0000][1][safepoint    ] Safepoint "Cleanup", Time since last: 1000343500 ns, Reaching safepoint: 4333042 ns, At safepoint: 102208 ns, Total: 4435250 ns
[2023-07-17T16:04:33.968+0000][1][safepoint    ] Safepoint "Cleanup", Time since last: 1001596584 ns, Reaching safepoint: 4239917 ns, At safepoint: 95416 ns, Total: 4335333 ns
[2023-07-17T16:04:34.972+0000][1][safepoint    ] Safepoint "Cleanup", Time since last: 1001461042 ns, Reaching safepoint: 2636542 ns, At safepoint: 69958 ns, Total: 2706500 ns
[2023-07-17T16:04:35.978+0000][1][safepoint    ] Safepoint "Cleanup", Time since last: 1001530334 ns, Reaching safepoint: 4090459 ns, At safepoint: 120791 ns, Total: 4211250 ns
[2023-07-17T16:04:36.984+0000][1][safepoint    ] Safepoint "Cleanup", Time since last: 1002676459 ns, Reaching safepoint: 3263000 ns, At safepoint: 119375 ns, Total: 3382375 ns
[2023-07-17T16:04:37.989+0000][1][safepoint    ] Safepoint "Cleanup", Time since last: 1001050209 ns, Reaching safepoint: 3895750 ns, At safepoint: 98792 ns, Total: 3994542 ns
[2023-07-17T16:04:38.997+0000][1][safepoint    ] Safepoint "Cleanup", Time since last: 1003245875 ns, Reaching safepoint: 4024458 ns, At safepoint: 121042 ns, Total: 4145500 ns
[2023-07-17T16:04:40.002+0000][1][safepoint    ] Safepoint "Cleanup", Time since last: 1001443709 ns, Reaching safepoint: 4300250 ns, At safepoint: 117875 ns, Total: 4418125 ns
[2023-07-17T16:04:40.977+0000][1][safepoint    ] Safepoint "RevokeBias", Time since last: 972828750 ns, Reaching safepoint: 1541917 ns, At safepoint: 92750 ns, Total: 1634667 ns
[2023-07-17T16:04:41.982+0000][1][safepoint    ] Safepoint "Cleanup", Time since last: 1001167375 ns, Reaching safepoint: 3494625 ns, At safepoint: 75833 ns, Total: 3570458 ns
[2023-07-17T16:04:42.987+0000][1][safepoint    ] Safepoint "Cleanup", Time since last: 1001260292 ns, Reaching safepoint: 4333875 ns, At safepoint: 97459 ns, Total: 4431334 ns
[2023-07-17T16:04:43.991+0000][1][safepoint    ] Safepoint "Cleanup", Time since last: 1002671125 ns, Reaching safepoint: 1179708 ns, At safepoint: 19500 ns, Total: 1199208 ns
[2023-07-17T16:04:44.996+0000][1][safepoint    ] Safepoint "Cleanup", Time since last: 1000504959 ns, Reaching safepoint: 3887625 ns, At safepoint: 91625 ns, Total: 3979250 ns
[2023-07-17T16:04:45.999+0000][1][safepoint    ] Safepoint "Cleanup", Time since last: 1001636376 ns, Reaching safepoint: 1877458 ns, At safepoint: 37750 ns, Total: 1915208 ns
[2023-07-17T16:04:47.003+0000][1][safepoint    ] Safepoint "Cleanup", Time since last: 1000839709 ns, Reaching safepoint: 3191583 ns, At safepoint: 89625 ns, Total: 3281208 ns
[2023-07-17T16:04:48.010+0000][1][safepoint    ] Safepoint "Cleanup", Time since last: 1002027251 ns, Reaching safepoint: 4020500 ns, At safepoint: 94791 ns, Total: 4115291 ns
[2023-07-17T16:04:49.014+0000][1][safepoint    ] Safepoint "Cleanup", Time since last: 1001482876 ns, Reaching safepoint: 3207250 ns, At safepoint: 91500 ns, Total: 3298750 ns
[2023-07-17T16:04:50.018+0000][1][safepoint    ] Safepoint "Cleanup", Time since last: 1001719709 ns, Reaching safepoint: 1713333 ns, At safepoint: 42667 ns, Total: 1756000 ns
[2023-07-17T16:04:51.020+0000][1][safepoint    ] Safepoint "Cleanup", Time since last: 1001343333 ns, Reaching safepoint: 1433167 ns, At safepoint: 19125 ns, Total: 1452292 ns
[2023-07-17T16:04:52.027+0000][1][safepoint    ] Safepoint "Cleanup", Time since last: 1003052417 ns, Reaching safepoint: 3564292 ns, At safepoint: 97667 ns, Total: 3661959 ns
[2023-07-17T16:04:53.034+0000][1][safepoint    ] Safepoint "Cleanup", Time since last: 1001859333 ns, Reaching safepoint: 4248959 ns, At safepoint: 103958 ns, Total: 4352917 ns
[2023-07-17T16:04:54.039+0000][1][safepoint    ] Safepoint "Cleanup", Time since last: 1001869209 ns, Reaching safepoint: 3711917 ns, At safepoint: 112250 ns, Total: 3824167 ns
[2023-07-17T16:04:55.047+0000][1][safepoint    ] Safepoint "Cleanup", Time since last: 1003433542 ns, Reaching safepoint: 4298208 ns, At safepoint: 106625 ns, Total: 4404833 ns
[2023-07-17T16:04:56.053+0000][1][safepoint    ] Safepoint "Cleanup", Time since last: 1001812251 ns, Reaching safepoint: 3560666 ns, At safepoint: 133709 ns, Total: 3694375 ns
[2023-07-17T16:04:57.055+0000][1][safepoint    ] Safepoint "Cleanup", Time since last: 1001411833 ns, Reaching safepoint: 865084 ns, At safepoint: 21166 ns, Total: 886250 ns
[2023-07-17T16:04:58.057+0000][1][safepoint    ] Safepoint "Cleanup", Time since last: 1001051376 ns, Reaching safepoint: 1001000 ns, At safepoint: 23250 ns, Total: 1024250 ns
[2023-07-17T16:04:59.062+0000][1][safepoint    ] Safepoint "Cleanup", Time since last: 1001408042 ns, Reaching safepoint: 3970667 ns, At safepoint: 104041 ns, Total: 4074708 ns
[2023-07-17T16:05:00.072+0000][1][safepoint    ] Safepoint "Cleanup", Time since last: 1007059959 ns, Reaching safepoint: 2583208 ns, At safepoint: 89917 ns, Total: 2673125 ns
[2023-07-17T16:05:00.946+0000][1][safepoint    ] Safepoint "RevokeBias", Time since last: 871891501 ns, Reaching safepoint: 1293958 ns, At safepoint: 307833 ns, Total: 1601791 ns
[2023-07-17T16:05:01.952+0000][1][safepoint    ] Safepoint "Cleanup", Time since last: 1001562542 ns, Reaching safepoint: 4319084 ns, At safepoint: 123083 ns, Total: 4442167 ns
[2023-07-17T16:05:02.959+0000][1][safepoint    ] Safepoint "Cleanup", Time since last: 1002225167 ns, Reaching safepoint: 3311959 ns, At safepoint: 345125 ns, Total: 3657084 ns
[2023-07-17T16:05:03.964+0000][1][safepoint    ] Safepoint "Cleanup", Time since last: 1005446458 ns, Reaching safepoint: 755542 ns, At safepoint: 20917 ns, Total: 776459 ns
[2023-07-17T16:05:04.969+0000][1][safepoint    ] Safepoint "Cleanup", Time since last: 1000728875 ns, Reaching safepoint: 3993292 ns, At safepoint: 100250 ns, Total: 4093542 ns
[2023-07-17T16:05:05.975+0000][1][safepoint    ] Safepoint "Cleanup", Time since last: 1002350584 ns, Reaching safepoint: 3817583 ns, At safepoint: 90292 ns, Total: 3907875 ns
[2023-07-17T16:05:06.980+0000][1][safepoint    ] Safepoint "Cleanup", Time since last: 1001510792 ns, Reaching safepoint: 3938750 ns, At safepoint: 87500 ns, Total: 4026250 ns
[2023-07-17T16:05:07.984+0000][1][safepoint    ] Safepoint "Cleanup", Time since last: 1001751959 ns, Reaching safepoint: 1582291 ns, At safepoint: 44500 ns, Total: 1626791 ns
[2023-07-17T16:05:08.989+0000][1][safepoint    ] Safepoint "Cleanup", Time since last: 1001738834 ns, Reaching safepoint: 3963125 ns, At safepoint: 82083 ns, Total: 4045208 ns
[2023-07-17T16:05:09.996+0000][1][safepoint    ] Safepoint "Cleanup", Time since last: 1001868543 ns, Reaching safepoint: 4097166 ns, At safepoint: 86084 ns, Total: 4183250 ns
[2023-07-17T16:05:10.999+0000][1][safepoint    ] Safepoint "Cleanup", Time since last: 1001607708 ns, Reaching safepoint: 1793542 ns, At safepoint: 21458 ns, Total: 1815000 ns
[2023-07-17T16:05:12.005+0000][1][safepoint    ] Safepoint "Cleanup", Time since last: 1001687208 ns, Reaching safepoint: 3842000 ns, At safepoint: 90084 ns, Total: 3932084 ns
[2023-07-17T16:05:13.009+0000][1][safepoint    ] Safepoint "Cleanup", Time since last: 1002496250 ns, Reaching safepoint: 1448083 ns, At safepoint: 25834 ns, Total: 1473917 ns
[2023-07-17T16:05:14.010+0000][1][safepoint    ] Safepoint "Cleanup", Time since last: 1000735833 ns, Reaching safepoint: 1137500 ns, At safepoint: 16875 ns, Total: 1154375 ns
[2023-07-17T16:05:15.015+0000][1][safepoint    ] Safepoint "Cleanup", Time since last: 1000664043 ns, Reaching safepoint: 3723500 ns, At safepoint: 174708 ns, Total: 3898208 ns
[2023-07-17T16:05:16.021+0000][1][safepoint    ] Safepoint "Cleanup", Time since last: 1002915584 ns, Reaching safepoint: 3078041 ns, At safepoint: 102542 ns, Total: 3180583 ns
[2023-07-17T16:05:17.026+0000][1][safepoint    ] Safepoint "Cleanup", Time since last: 1001034292 ns, Reaching safepoint: 3372792 ns, At safepoint: 93125 ns, Total: 3465917 ns
[2023-07-17T16:05:18.030+0000][1][safepoint    ] Safepoint "Cleanup", Time since last: 1002666167 ns, Reaching safepoint: 1801417 ns, At safepoint: 225000 ns, Total: 2026417 ns
[2023-07-17T16:05:19.035+0000][1][safepoint    ] Safepoint "Cleanup", Time since last: 1001076459 ns, Reaching safepoint: 3284041 ns, At safepoint: 180625 ns, Total: 3464666 ns
[2023-07-17T16:05:20.040+0000][1][safepoint    ] Safepoint "Cleanup", Time since last: 1001274001 ns, Reaching safepoint: 3350333 ns, At safepoint: 106250 ns, Total: 3456583 ns
[2023-07-17T16:05:20.973+0000][1][safepoint    ] Safepoint "RevokeBias", Time since last: 931092500 ns, Reaching safepoint: 1499125 ns, At safepoint: 1287084 ns, Total: 2786209 ns
[2023-07-17T16:05:21.981+0000][1][safepoint    ] Safepoint "Cleanup", Time since last: 1002057834 ns, Reaching safepoint: 5744208 ns, At safepoint: 106292 ns, Total: 5850500 ns
[2023-07-17T16:05:22.988+0000][1][safepoint    ] Safepoint "Cleanup", Time since last: 1002984208 ns, Reaching safepoint: 3586334 ns, At safepoint: 134750 ns, Total: 3721084 ns
[2023-07-17T16:05:23.995+0000][1][safepoint    ] Safepoint "Cleanup", Time since last: 1002359292 ns, Reaching safepoint: 4915000 ns, At safepoint: 91708 ns, Total: 5006708 ns
[2023-07-17T16:05:25.002+0000][1][safepoint    ] Safepoint "Cleanup", Time since last: 1001838167 ns, Reaching safepoint: 4137167 ns, At safepoint: 80417 ns, Total: 4217584 ns
[2023-07-17T16:05:26.006+0000][1][safepoint    ] Safepoint "Cleanup", Time since last: 1001187750 ns, Reaching safepoint: 3139834 ns, At safepoint: 69291 ns, Total: 3209125 ns
[2023-07-17T16:05:27.011+0000][1][safepoint    ] Safepoint "Cleanup", Time since last: 1001392209 ns, Reaching safepoint: 3962708 ns, At safepoint: 98459 ns, Total: 4061167 ns
[2023-07-17T16:05:27.730+0000][1][safepoint    ] Safepoint "RevokeBias", Time since last: 717596958 ns, Reaching safepoint: 694917 ns, At safepoint: 176250 ns, Total: 871167 ns
[2023-07-17T16:05:27.742+0000][1][safepoint    ] Safepoint "RevokeBias", Time since last: 11122750 ns, Reaching safepoint: 812375 ns, At safepoint: 98417 ns, Total: 910792 ns
[2023-07-17T16:05:27.758+0000][1][safepoint    ] Safepoint "RevokeBias", Time since last: 15281416 ns, Reaching safepoint: 745125 ns, At safepoint: 92125 ns, Total: 837250 ns
[2023-07-17T16:05:27.759+0000][1][safepoint    ] Safepoint "RevokeBias", Time since last: 501834 ns, Reaching safepoint: 451708 ns, At safepoint: 118042 ns, Total: 569750 ns
[2023-07-17T16:05:27.762+0000][1][safepoint    ] Safepoint "RevokeBias", Time since last: 2378125 ns, Reaching safepoint: 528458 ns, At safepoint: 56250 ns, Total: 584708 ns
[2023-07-17T16:05:28.763+0000][1][safepoint    ] Safepoint "Cleanup", Time since last: 1000268709 ns, Reaching safepoint: 1232000 ns, At safepoint: 29708 ns, Total: 1261708 ns
[2023-07-17T16:05:29.767+0000][1][safepoint    ] Safepoint "Cleanup", Time since last: 1000538209 ns, Reaching safepoint: 2878833 ns, At safepoint: 119875 ns, Total: 2998708 ns
[2023-07-17T16:05:30.772+0000][1][safepoint    ] Safepoint "Cleanup", Time since last: 1001237709 ns, Reaching safepoint: 3242958 ns, At safepoint: 112709 ns, Total: 3355667 ns
[2023-07-17T16:05:31.774+0000][1][safepoint    ] Safepoint "Cleanup", Time since last: 1001709667 ns, Reaching safepoint: 772042 ns, At safepoint: 14791 ns, Total: 786833 ns
[2023-07-17T16:05:32.777+0000][1][safepoint    ] Safepoint "Cleanup", Time since last: 1001323751 ns, Reaching safepoint: 1365750 ns, At safepoint: 28375 ns, Total: 1394125 ns
[2023-07-17T16:05:33.781+0000][1][safepoint    ] Safepoint "Cleanup", Time since last: 1000761084 ns, Reaching safepoint: 3194166 ns, At safepoint: 73709 ns, Total: 3267875 ns
[2023-07-17T16:05:34.787+0000][1][safepoint    ] Safepoint "Cleanup", Time since last: 1001251083 ns, Reaching safepoint: 4648709 ns, At safepoint: 134083 ns, Total: 4782792 ns
[2023-07-17T16:05:35.791+0000][1][safepoint    ] Safepoint "Cleanup", Time since last: 1001322792 ns, Reaching safepoint: 3059584 ns, At safepoint: 86958 ns, Total: 3146542 ns
[2023-07-17T16:05:36.797+0000][1][safepoint    ] Safepoint "Cleanup", Time since last: 1002198917 ns, Reaching safepoint: 2827083 ns, At safepoint: 80959 ns, Total: 2908042 ns
[2023-07-17T16:05:37.802+0000][1][safepoint    ] Safepoint "Cleanup", Time since last: 1001266083 ns, Reaching safepoint: 4355625 ns, At safepoint: 96042 ns, Total: 4451667 ns
[2023-07-17T16:05:38.805+0000][1][safepoint    ] Safepoint "Cleanup", Time since last: 1001826084 ns, Reaching safepoint: 1031125 ns, At safepoint: 25667 ns, Total: 1056792 ns
[2023-07-17T16:05:39.810+0000][1][safepoint    ] Safepoint "Cleanup", Time since last: 1001177833 ns, Reaching safepoint: 4010542 ns, At safepoint: 98750 ns, Total: 4109292 ns
[2023-07-17T16:05:40.816+0000][1][safepoint    ] Safepoint "Cleanup", Time since last: 1001668792 ns, Reaching safepoint: 3941750 ns, At safepoint: 117459 ns, Total: 4059209 ns
[2023-07-17T16:05:40.998+0000][1][safepoint    ] Safepoint "RevokeBias", Time since last: 180320666 ns, Reaching safepoint: 1258334 ns, At safepoint: 280583 ns, Total: 1538917 ns
[2023-07-17T16:05:42.002+0000][1][safepoint    ] Safepoint "Cleanup", Time since last: 1000685625 ns, Reaching safepoint: 3564959 ns, At safepoint: 81541 ns, Total: 3646500 ns
[2023-07-17T16:05:43.006+0000][1][safepoint    ] Safepoint "Cleanup", Time since last: 1001774376 ns, Reaching safepoint: 1737625 ns, At safepoint: 46291 ns, Total: 1783916 ns
[2023-07-17T16:05:44.008+0000][1][safepoint    ] Safepoint "Cleanup", Time since last: 1000840834 ns, Reaching safepoint: 1202083 ns, At safepoint: 22292 ns, Total: 1224375 ns
[2023-07-17T16:05:45.013+0000][1][safepoint    ] Safepoint "Cleanup", Time since last: 1000922251 ns, Reaching safepoint: 3849625 ns, At safepoint: 95416 ns, Total: 3945041 ns
[2023-07-17T16:05:46.017+0000][1][safepoint    ] Safepoint "Cleanup", Time since last: 1002385917 ns, Reaching safepoint: 1607834 ns, At safepoint: 35458 ns, Total: 1643292 ns
[2023-07-17T16:05:47.021+0000][1][safepoint    ] Safepoint "Cleanup", Time since last: 1001904334 ns, Reaching safepoint: 2716000 ns, At safepoint: 70708 ns, Total: 2786708 ns
[2023-07-17T16:05:48.025+0000][1][safepoint    ] Safepoint "Cleanup", Time since last: 1001072542 ns, Reaching safepoint: 2851167 ns, At safepoint: 69417 ns, Total: 2920584 ns
[2023-07-17T16:05:49.031+0000][1][safepoint    ] Safepoint "Cleanup", Time since last: 1001367959 ns, Reaching safepoint: 4237750 ns, At safepoint: 135833 ns, Total: 4373583 ns
[2023-07-17T16:05:50.036+0000][1][safepoint    ] Safepoint "Cleanup", Time since last: 1000860834 ns, Reaching safepoint: 3644541 ns, At safepoint: 147084 ns, Total: 3791625 ns
[2023-07-17T16:05:51.039+0000][1][safepoint    ] Safepoint "Cleanup", Time since last: 1001947792 ns, Reaching safepoint: 1797375 ns, At safepoint: 24208 ns, Total: 1821583 ns
[2023-07-17T16:05:52.044+0000][1][safepoint    ] Safepoint "Cleanup", Time since last: 1000829126 ns, Reaching safepoint: 3555541 ns, At safepoint: 83209 ns, Total: 3638750 ns
[2023-07-17T16:05:53.047+0000][1][safepoint    ] Safepoint "Cleanup", Time since last: 1001340375 ns, Reaching safepoint: 2254750 ns, At safepoint: 47750 ns, Total: 2302500 ns
[2023-07-17T16:05:54.051+0000][1][safepoint    ] Safepoint "Cleanup", Time since last: 1001219584 ns, Reaching safepoint: 2431667 ns, At safepoint: 50333 ns, Total: 2482000 ns
[2023-07-17T16:05:55.057+0000][1][safepoint    ] Safepoint "Cleanup", Time since last: 1001715625 ns, Reaching safepoint: 4328500 ns, At safepoint: 100459 ns, Total: 4428959 ns
[2023-07-17T16:05:56.064+0000][1][safepoint    ] Safepoint "Cleanup", Time since last: 1002348500 ns, Reaching safepoint: 4129500 ns, At safepoint: 117625 ns, Total: 4247125 ns
[2023-07-17T16:05:57.069+0000][1][safepoint    ] Safepoint "Cleanup", Time since last: 1001493042 ns, Reaching safepoint: 3066084 ns, At safepoint: 64291 ns, Total: 3130375 ns
[2023-07-17T16:05:58.071+0000][1][safepoint    ] Safepoint "Cleanup", Time since last: 1000977751 ns, Reaching safepoint: 1481167 ns, At safepoint: 38541 ns, Total: 1519708 ns
[2023-07-17T16:05:59.075+0000][1][safepoint    ] Safepoint "Cleanup", Time since last: 1000648501 ns, Reaching safepoint: 2766250 ns, At safepoint: 70250 ns, Total: 2836500 ns
[2023-07-17T16:06:00.080+0000][1][safepoint    ] Safepoint "Cleanup", Time since last: 1001315958 ns, Reaching safepoint: 4098500 ns, At safepoint: 93792 ns, Total: 4192292 ns
[2023-07-17T16:06:00.991+0000][1][safepoint    ] Safepoint "RevokeBias", Time since last: 909101251 ns, Reaching safepoint: 1847541 ns, At safepoint: 379375 ns, Total: 2226916 ns
[2023-07-17T16:06:02.002+0000][1][safepoint    ] Safepoint "Cleanup", Time since last: 1004873542 ns, Reaching safepoint: 5178209 ns, At safepoint: 94541 ns, Total: 5272750 ns
[2023-07-17T16:06:03.008+0000][1][safepoint    ] Safepoint "Cleanup", Time since last: 1002007126 ns, Reaching safepoint: 4104750 ns, At safepoint: 94875 ns, Total: 4199625 ns
[2023-07-17T16:06:04.014+0000][1][safepoint    ] Safepoint "Cleanup", Time since last: 1001884584 ns, Reaching safepoint: 4354416 ns, At safepoint: 133209 ns, Total: 4487625 ns
[2023-07-17T16:06:05.021+0000][1][safepoint    ] Safepoint "Cleanup", Time since last: 1002261000 ns, Reaching safepoint: 4138542 ns, At safepoint: 81833 ns, Total: 4220375 ns
[2023-07-17T16:06:06.027+0000][1][safepoint    ] Safepoint "Cleanup", Time since last: 1001748209 ns, Reaching safepoint: 4140250 ns, At safepoint: 85792 ns, Total: 4226042 ns
[2023-07-17T16:06:07.032+0000][1][safepoint    ] Safepoint "Cleanup", Time since last: 1001709333 ns, Reaching safepoint: 3920125 ns, At safepoint: 87542 ns, Total: 4007667 ns
[2023-07-17T16:06:08.040+0000][1][safepoint    ] Safepoint "Cleanup", Time since last: 1003143167 ns, Reaching safepoint: 4132792 ns, At safepoint: 107625 ns, Total: 4240417 ns
[2023-07-17T16:06:09.045+0000][1][safepoint    ] Safepoint "Cleanup", Time since last: 1003253375 ns, Reaching safepoint: 1735375 ns, At safepoint: 36584 ns, Total: 1771959 ns
[2023-07-17T16:06:10.050+0000][1][safepoint    ] Safepoint "Cleanup", Time since last: 1000848500 ns, Reaching safepoint: 4457375 ns, At safepoint: 105292 ns, Total: 4562667 ns
[2023-07-17T16:06:11.053+0000][1][safepoint    ] Safepoint "Cleanup", Time since last: 1001794084 ns, Reaching safepoint: 713166 ns, At safepoint: 17209 ns, Total: 730375 ns
[2023-07-17T16:06:12.058+0000][1][safepoint    ] Safepoint "Cleanup", Time since last: 1000865500 ns, Reaching safepoint: 4288292 ns, At safepoint: 97333 ns, Total: 4385625 ns
[2023-07-17T16:06:13.066+0000][1][safepoint    ] Safepoint "Cleanup", Time since last: 1002988917 ns, Reaching safepoint: 4134708 ns, At safepoint: 115500 ns, Total: 4250208 ns
[2023-07-17T16:06:14.068+0000][1][safepoint    ] Safepoint "Cleanup", Time since last: 1002097168 ns, Reaching safepoint: 757083 ns, At safepoint: 14542 ns, Total: 771625 ns
[2023-07-17T16:06:15.073+0000][1][safepoint    ] Safepoint "Cleanup", Time since last: 1000668125 ns, Reaching safepoint: 3983625 ns, At safepoint: 92583 ns, Total: 4076208 ns
[2023-07-17T16:06:16.079+0000][1][safepoint    ] Safepoint "Cleanup", Time since last: 1002207334 ns, Reaching safepoint: 3959333 ns, At safepoint: 86959 ns, Total: 4046292 ns
[2023-07-17T16:06:17.085+0000][1][safepoint    ] Safepoint "Cleanup", Time since last: 1001507334 ns, Reaching safepoint: 3974625 ns, At safepoint: 94791 ns, Total: 4069416 ns
[2023-07-17T16:06:18.090+0000][1][safepoint    ] Safepoint "Cleanup", Time since last: 1001634584 ns, Reaching safepoint: 3015208 ns, At safepoint: 69000 ns, Total: 3084208 ns
[2023-07-17T16:06:19.092+0000][1][safepoint    ] Safepoint "Cleanup", Time since last: 1001281168 ns, Reaching safepoint: 1478625 ns, At safepoint: 30000 ns, Total: 1508625 ns
[2023-07-17T16:06:20.098+0000][1][safepoint    ] Safepoint "Cleanup", Time since last: 1001015167 ns, Reaching safepoint: 4223125 ns, At safepoint: 93625 ns, Total: 4316750 ns
[2023-07-17T16:06:21.003+0000][1][safepoint    ] Safepoint "RevokeBias", Time since last: 903234667 ns, Reaching safepoint: 1439458 ns, At safepoint: 316583 ns, Total: 1756041 ns
[2023-07-17T16:06:22.069+0000][1][safepoint    ] Safepoint "Cleanup", Time since last: 1061603918 ns, Reaching safepoint: 4603500 ns, At safepoint: 108416 ns, Total: 4711916 ns
[2023-07-17T16:06:23.078+0000][1][safepoint    ] Safepoint "Cleanup", Time since last: 1004150292 ns, Reaching safepoint: 4172125 ns, At safepoint: 89875 ns, Total: 4262000 ns
[2023-07-17T16:06:24.083+0000][1][safepoint    ] Safepoint "Cleanup", Time since last: 1001408584 ns, Reaching safepoint: 4191084 ns, At safepoint: 135916 ns, Total: 4327000 ns
[2023-07-17T16:06:25.089+0000][1][safepoint    ] Safepoint "Cleanup", Time since last: 1001384959 ns, Reaching safepoint: 3857875 ns, At safepoint: 108667 ns, Total: 3966542 ns
[2023-07-17T16:06:26.092+0000][1][safepoint    ] Safepoint "Cleanup", Time since last: 1001706209 ns, Reaching safepoint: 2153708 ns, At safepoint: 46333 ns, Total: 2200041 ns
[2023-07-17T16:06:27.098+0000][1][safepoint    ] Safepoint "Cleanup", Time since last: 1001455751 ns, Reaching safepoint: 3913458 ns, At safepoint: 93333 ns, Total: 4006791 ns
[2023-07-17T16:06:27.882+0000][1][safepoint    ] Safepoint "RevokeBias", Time since last: 783441501 ns, Reaching safepoint: 865625 ns, At safepoint: 112208 ns, Total: 977833 ns
[2023-07-17T16:06:27.885+0000][1][safepoint    ] Safepoint "RevokeBias", Time since last: 1535542 ns, Reaching safepoint: 595208 ns, At safepoint: 70708 ns, Total: 665916 ns
[2023-07-17T16:06:27.890+0000][1][safepoint    ] Safepoint "RevokeBias", Time since last: 4230792 ns, Reaching safepoint: 659917 ns, At safepoint: 70083 ns, Total: 730000 ns
[2023-07-17T16:06:27.967+0000][1][safepoint    ] Safepoint "RevokeBias", Time since last: 77309958 ns, Reaching safepoint: 583709 ns, At safepoint: 73958 ns, Total: 657667 ns
[2023-07-17T16:06:27.970+0000][1][safepoint    ] Safepoint "RevokeBias", Time since last: 1765083 ns, Reaching safepoint: 607709 ns, At safepoint: 73583 ns, Total: 681292 ns
[2023-07-17T16:06:28.972+0000][1][safepoint    ] Safepoint "Cleanup", Time since last: 1000875917 ns, Reaching safepoint: 1209500 ns, At safepoint: 19959 ns, Total: 1229459 ns
[2023-07-17T16:06:29.976+0000][1][safepoint    ] Safepoint "Cleanup", Time since last: 1000685167 ns, Reaching safepoint: 3407250 ns, At safepoint: 71458 ns, Total: 3478708 ns
[2023-07-17T16:06:30.825+0000][1][gc,start     ] GC(51) Pause Young (Allocation Failure)
[2023-07-17T16:06:30.832+0000][1][gc,task      ] GC(51) Using 4 workers of 4 for evacuation
[2023-07-17T16:06:30.882+0000][1][gc,age       ] GC(51) Desired survivor size 8945664 bytes, new threshold 6 (max threshold 6)
[2023-07-17T16:06:30.882+0000][1][gc,age       ] GC(51) Age table with threshold 6 (max threshold 6)
[2023-07-17T16:06:30.882+0000][1][gc,age       ] GC(51) - age   1:      84976 bytes,      84976 total
[2023-07-17T16:06:30.883+0000][1][gc,age       ] GC(51) - age   2:       2176 bytes,      87152 total
[2023-07-17T16:06:30.883+0000][1][gc,age       ] GC(51) - age   3:       1784 bytes,      88936 total
[2023-07-17T16:06:30.883+0000][1][gc,age       ] GC(51) - age   4:       1048 bytes,      89984 total
[2023-07-17T16:06:30.883+0000][1][gc,age       ] GC(51) - age   5:       3672 bytes,      93656 total
[2023-07-17T16:06:30.883+0000][1][gc,age       ] GC(51) - age   6:       1384 bytes,      95040 total
[2023-07-17T16:06:30.885+0000][1][gc,heap      ] GC(51) ParNew: 139937K->129K(157248K)
[2023-07-17T16:06:30.885+0000][1][gc,heap      ] GC(51) CMS: 69203K->69204K(349568K)
[2023-07-17T16:06:30.885+0000][1][gc,metaspace ] GC(51) Metaspace: 90273K->90273K(1132544K)
[2023-07-17T16:06:30.886+0000][1][gc           ] GC(51) Pause Young (Allocation Failure) 204M->67M(494M) 61.697ms
[2023-07-17T16:06:30.887+0000][1][gc,cpu       ] GC(51) User=0.10s Sys=0.03s Real=0.06s
[2023-07-17T16:06:30.887+0000][1][safepoint    ] Safepoint "GenCollectForAllocation", Time since last: 844952709 ns, Reaching safepoint: 2462000 ns, At safepoint: 63310208 ns, Total: 65772208 ns
[2023-07-17T16:06:31.889+0000][1][safepoint    ] Safepoint "Cleanup", Time since last: 1000307459 ns, Reaching safepoint: 1932833 ns, At safepoint: 57042 ns, Total: 1989875 ns
[2023-07-17T16:06:32.893+0000][1][safepoint    ] Safepoint "Cleanup", Time since last: 1002498834 ns, Reaching safepoint: 1300041 ns, At safepoint: 35459 ns, Total: 1335500 ns
[2023-07-17T16:06:33.895+0000][1][safepoint    ] Safepoint "Cleanup", Time since last: 1000577875 ns, Reaching safepoint: 1350542 ns, At safepoint: 40625 ns, Total: 1391167 ns
[2023-07-17T16:06:34.900+0000][1][safepoint    ] Safepoint "Cleanup", Time since last: 1000756834 ns, Reaching safepoint: 4379250 ns, At safepoint: 119666 ns, Total: 4498916 ns
[2023-07-17T16:06:35.907+0000][1][safepoint    ] Safepoint "Cleanup", Time since last: 1002809084 ns, Reaching safepoint: 3787417 ns, At safepoint: 108500 ns, Total: 3895917 ns
[2023-07-17T16:06:36.914+0000][1][safepoint    ] Safepoint "Cleanup", Time since last: 1002942792 ns, Reaching safepoint: 4075167 ns, At safepoint: 161500 ns, Total: 4236667 ns
[2023-07-17T16:06:37.920+0000][1][safepoint    ] Safepoint "Cleanup", Time since last: 1002443000 ns, Reaching safepoint: 2831792 ns, At safepoint: 80167 ns, Total: 2911959 ns
[2023-07-17T16:06:38.924+0000][1][safepoint    ] Safepoint "Cleanup", Time since last: 1002551625 ns, Reaching safepoint: 2259500 ns, At safepoint: 68500 ns, Total: 2328000 ns
[2023-07-17T16:06:39.929+0000][1][safepoint    ] Safepoint "Cleanup", Time since last: 1001958459 ns, Reaching safepoint: 2314208 ns, At safepoint: 56459 ns, Total: 2370667 ns
[2023-07-17T16:06:40.933+0000][1][safepoint    ] Safepoint "Cleanup", Time since last: 1002734250 ns, Reaching safepoint: 1790333 ns, At safepoint: 47584 ns, Total: 1837917 ns
[2023-07-17T16:06:40.992+0000][1][safepoint    ] Safepoint "RevokeBias", Time since last: 57314583 ns, Reaching safepoint: 1366125 ns, At safepoint: 341625 ns, Total: 1707750 ns
[2023-07-17T16:06:42.028+0000][1][safepoint    ] Safepoint "Cleanup", Time since last: 1030735792 ns, Reaching safepoint: 4267375 ns, At safepoint: 146833 ns, Total: 4414208 ns
[2023-07-17T16:06:43.031+0000][1][safepoint    ] Safepoint "Cleanup", Time since last: 1001336250 ns, Reaching safepoint: 1681834 ns, At safepoint: 37833 ns, Total: 1719667 ns
[2023-07-17T16:06:44.036+0000][1][safepoint    ] Safepoint "Cleanup", Time since last: 1000957125 ns, Reaching safepoint: 3290209 ns, At safepoint: 365916 ns, Total: 3656125 ns
[2023-07-17T16:06:45.180+0000][1][safepoint    ] Safepoint "Cleanup", Time since last: 1144170334 ns, Reaching safepoint: 898625 ns, At safepoint: 23417 ns, Total: 922042 ns
[2023-07-17T16:06:46.186+0000][1][safepoint    ] Safepoint "Cleanup", Time since last: 1001512001 ns, Reaching safepoint: 3802291 ns, At safepoint: 98250 ns, Total: 3900541 ns
[2023-07-17T16:06:47.192+0000][1][safepoint    ] Safepoint "Cleanup", Time since last: 1001750834 ns, Reaching safepoint: 3984875 ns, At safepoint: 100833 ns, Total: 4085708 ns
[2023-07-17T16:06:48.197+0000][1][safepoint    ] Safepoint "Cleanup", Time since last: 1004172876 ns, Reaching safepoint: 966000 ns, At safepoint: 21583 ns, Total: 987583 ns
[2023-07-17T16:06:49.200+0000][1][safepoint    ] Safepoint "Cleanup", Time since last: 1001996376 ns, Reaching safepoint: 911250 ns, At safepoint: 21416 ns, Total: 932666 ns
[2023-07-17T16:06:50.201+0000][1][safepoint    ] Safepoint "Cleanup", Time since last: 1000576417 ns, Reaching safepoint: 1139000 ns, At safepoint: 22209 ns, Total: 1161209 ns
[2023-07-17T16:06:51.203+0000][1][safepoint    ] Safepoint "Cleanup", Time since last: 1000866875 ns, Reaching safepoint: 1003792 ns, At safepoint: 18958 ns, Total: 1022750 ns
[2023-07-17T16:06:52.208+0000][1][safepoint    ] Safepoint "Cleanup", Time since last: 1000566626 ns, Reaching safepoint: 3789958 ns, At safepoint: 91833 ns, Total: 3881791 ns
[2023-07-17T16:06:53.214+0000][1][safepoint    ] Safepoint "Cleanup", Time since last: 1001555043 ns, Reaching safepoint: 4679125 ns, At safepoint: 105416 ns, Total: 4784541 ns
[2023-07-17T16:06:54.220+0000][1][safepoint    ] Safepoint "Cleanup", Time since last: 1003250667 ns, Reaching safepoint: 2819542 ns, At safepoint: 153750 ns, Total: 2973292 ns
[2023-07-17T16:06:55.224+0000][1][safepoint    ] Safepoint "Cleanup", Time since last: 1001417334 ns, Reaching safepoint: 2567541 ns, At safepoint: 69667 ns, Total: 2637208 ns
[2023-07-17T16:06:56.230+0000][1][safepoint    ] Safepoint "Cleanup", Time since last: 1001728042 ns, Reaching safepoint: 3987792 ns, At safepoint: 153667 ns, Total: 4141459 ns
[2023-07-17T16:06:57.236+0000][1][safepoint    ] Safepoint "Cleanup", Time since last: 1001326500 ns, Reaching safepoint: 3865750 ns, At safepoint: 104750 ns, Total: 3970500 ns
[2023-07-17T16:06:58.241+0000][1][safepoint    ] Safepoint "Cleanup", Time since last: 1001640084 ns, Reaching safepoint: 3428167 ns, At safepoint: 94500 ns, Total: 3522667 ns
[2023-07-17T16:06:59.243+0000][1][safepoint    ] Safepoint "Cleanup", Time since last: 1001166500 ns, Reaching safepoint: 1368250 ns, At safepoint: 29542 ns, Total: 1397792 ns
[2023-07-17T16:07:00.246+0000][1][safepoint    ] Safepoint "Cleanup", Time since last: 1001178625 ns, Reaching safepoint: 1395625 ns, At safepoint: 31000 ns, Total: 1426625 ns
[2023-07-17T16:07:01.010+0000][1][safepoint    ] Safepoint "RevokeBias", Time since last: 761038667 ns, Reaching safepoint: 1960334 ns, At safepoint: 1092333 ns, Total: 3052667 ns
[2023-07-17T16:07:02.016+0000][1][safepoint    ] Safepoint "Cleanup", Time since last: 1000919584 ns, Reaching safepoint: 4810083 ns, At safepoint: 105167 ns, Total: 4915250 ns
[2023-07-17T16:07:03.022+0000][1][safepoint    ] Safepoint "Cleanup", Time since last: 1002592792 ns, Reaching safepoint: 3716125 ns, At safepoint: 136833 ns, Total: 3852958 ns
[2023-07-17T16:07:04.028+0000][1][safepoint    ] Safepoint "Cleanup", Time since last: 1001427209 ns, Reaching safepoint: 3781792 ns, At safepoint: 93625 ns, Total: 3875417 ns
[2023-07-17T16:07:05.033+0000][1][safepoint    ] Safepoint "Cleanup", Time since last: 1001772667 ns, Reaching safepoint: 3387250 ns, At safepoint: 117958 ns, Total: 3505208 ns
[2023-07-17T16:07:06.038+0000][1][safepoint    ] Safepoint "Cleanup", Time since last: 1001585876 ns, Reaching safepoint: 3712125 ns, At safepoint: 160125 ns, Total: 3872250 ns
[2023-07-17T16:07:07.045+0000][1][safepoint    ] Safepoint "Cleanup", Time since last: 1002832583 ns, Reaching safepoint: 4142375 ns, At safepoint: 126875 ns, Total: 4269250 ns
[2023-07-17T16:07:08.052+0000][1][safepoint    ] Safepoint "Cleanup", Time since last: 1002290709 ns, Reaching safepoint: 4360667 ns, At safepoint: 114083 ns, Total: 4474750 ns
[2023-07-17T16:07:09.057+0000][1][safepoint    ] Safepoint "Cleanup", Time since last: 1001663876 ns, Reaching safepoint: 3352375 ns, At safepoint: 142208 ns, Total: 3494583 ns
[2023-07-17T16:07:10.064+0000][1][safepoint    ] Safepoint "Cleanup", Time since last: 1002501584 ns, Reaching safepoint: 4302250 ns, At safepoint: 129750 ns, Total: 4432000 ns
[2023-07-17T16:07:11.066+0000][1][safepoint    ] Safepoint "Cleanup", Time since last: 1001132500 ns, Reaching safepoint: 631209 ns, At safepoint: 15791 ns, Total: 647000 ns
[2023-07-17T16:07:12.071+0000][1][safepoint    ] Safepoint "Cleanup", Time since last: 1000496958 ns, Reaching safepoint: 4102917 ns, At safepoint: 95667 ns, Total: 4198584 ns
[2023-07-17T16:07:13.080+0000][1][safepoint    ] Safepoint "Cleanup", Time since last: 1004098750 ns, Reaching safepoint: 4761083 ns, At safepoint: 94917 ns, Total: 4856000 ns
[2023-07-17T16:07:14.082+0000][1][safepoint    ] Safepoint "Cleanup", Time since last: 1001527001 ns, Reaching safepoint: 702666 ns, At safepoint: 15959 ns, Total: 718625 ns
[2023-07-17T16:07:15.087+0000][1][safepoint    ] Safepoint "Cleanup", Time since last: 1000407167 ns, Reaching safepoint: 4131291 ns, At safepoint: 79917 ns, Total: 4211208 ns
[2023-07-17T16:07:16.093+0000][1][safepoint    ] Safepoint "Cleanup", Time since last: 1001943500 ns, Reaching safepoint: 4084334 ns, At safepoint: 97750 ns, Total: 4182084 ns
[2023-07-17T16:07:17.097+0000][1][safepoint    ] Safepoint "Cleanup", Time since last: 1001489250 ns, Reaching safepoint: 3042250 ns, At safepoint: 102625 ns, Total: 3144875 ns
[2023-07-17T16:07:18.102+0000][1][safepoint    ] Safepoint "Cleanup", Time since last: 1002813542 ns, Reaching safepoint: 2018750 ns, At safepoint: 45417 ns, Total: 2064167 ns
[2023-07-17T16:07:19.106+0000][1][safepoint    ] Safepoint "Cleanup", Time since last: 1000952501 ns, Reaching safepoint: 2926166 ns, At safepoint: 78709 ns, Total: 3004875 ns
[2023-07-17T16:07:20.111+0000][1][safepoint    ] Safepoint "Cleanup", Time since last: 1002456958 ns, Reaching safepoint: 2331167 ns, At safepoint: 78750 ns, Total: 2409917 ns
[2023-07-17T16:07:20.999+0000][1][safepoint    ] Safepoint "RevokeBias", Time since last: 885828625 ns, Reaching safepoint: 1888167 ns, At safepoint: 478292 ns, Total: 2366459 ns
[2023-07-17T16:07:22.005+0000][1][safepoint    ] Safepoint "Cleanup", Time since last: 1001429875 ns, Reaching safepoint: 3967459 ns, At safepoint: 112666 ns, Total: 4080125 ns
[2023-07-17T16:07:23.010+0000][1][safepoint    ] Safepoint "Cleanup", Time since last: 1001614501 ns, Reaching safepoint: 3805916 ns, At safepoint: 131375 ns, Total: 3937291 ns
[2023-07-17T16:07:24.301+0000][1][safepoint    ] Safepoint "Cleanup", Time since last: 1289167084 ns, Reaching safepoint: 1898375 ns, At safepoint: 43959 ns, Total: 1942334 ns
[2023-07-17T16:07:25.306+0000][1][safepoint    ] Safepoint "Cleanup", Time since last: 1000731334 ns, Reaching safepoint: 3747916 ns, At safepoint: 106167 ns, Total: 3854083 ns
[2023-07-17T16:07:26.311+0000][1][safepoint    ] Safepoint "Cleanup", Time since last: 1002640125 ns, Reaching safepoint: 2288459 ns, At safepoint: 33875 ns, Total: 2322334 ns
[2023-07-17T16:07:27.316+0000][1][safepoint    ] Safepoint "Cleanup", Time since last: 1000960917 ns, Reaching safepoint: 3918166 ns, At safepoint: 146875 ns, Total: 4065041 ns
[2023-07-17T16:07:28.032+0000][1][safepoint    ] Safepoint "RevokeBias", Time since last: 715002376 ns, Reaching safepoint: 782583 ns, At safepoint: 109167 ns, Total: 891750 ns
[2023-07-17T16:07:28.035+0000][1][safepoint    ] Safepoint "RevokeBias", Time since last: 3011541 ns, Reaching safepoint: 527000 ns, At safepoint: 79959 ns, Total: 606959 ns
[2023-07-17T16:07:28.040+0000][1][safepoint    ] Safepoint "RevokeBias", Time since last: 3887041 ns, Reaching safepoint: 718667 ns, At safepoint: 77417 ns, Total: 796084 ns
[2023-07-17T16:07:28.082+0000][1][safepoint    ] Safepoint "BulkRevokeBias", Time since last: 39386250 ns, Reaching safepoint: 621417 ns, At safepoint: 1654916 ns, Total: 2276333 ns
[2023-07-17T16:07:28.083+0000][1][safepoint    ] Safepoint "RevokeBias", Time since last: 917417 ns, Reaching safepoint: 429708 ns, At safepoint: 50750 ns, Total: 480458 ns
[2023-07-17T16:07:29.088+0000][1][safepoint    ] Safepoint "Cleanup", Time since last: 1000751751 ns, Reaching safepoint: 3934583 ns, At safepoint: 91417 ns, Total: 4026000 ns
[2023-07-17T16:07:30.093+0000][1][safepoint    ] Safepoint "Cleanup", Time since last: 1003891083 ns, Reaching safepoint: 1456417 ns, At safepoint: 24833 ns, Total: 1481250 ns
[2023-07-17T16:07:31.095+0000][1][safepoint    ] Safepoint "Cleanup", Time since last: 1000563584 ns, Reaching safepoint: 705750 ns, At safepoint: 18125 ns, Total: 723875 ns
[2023-07-17T16:07:32.100+0000][1][safepoint    ] Safepoint "Cleanup", Time since last: 1000698876 ns, Reaching safepoint: 4115875 ns, At safepoint: 93416 ns, Total: 4209291 ns
[2023-07-17T16:07:33.102+0000][1][safepoint    ] Safepoint "Cleanup", Time since last: 1001375626 ns, Reaching safepoint: 1366167 ns, At safepoint: 28000 ns, Total: 1394167 ns
[2023-07-17T16:07:34.107+0000][1][safepoint    ] Safepoint "Cleanup", Time since last: 1000981708 ns, Reaching safepoint: 3492042 ns, At safepoint: 93542 ns, Total: 3585584 ns
[2023-07-17T16:07:35.114+0000][1][safepoint    ] Safepoint "Cleanup", Time since last: 1002641500 ns, Reaching safepoint: 3926542 ns, At safepoint: 84417 ns, Total: 4010959 ns
[2023-07-17T16:07:36.122+0000][1][safepoint    ] Safepoint "Cleanup", Time since last: 1004225167 ns, Reaching safepoint: 4043833 ns, At safepoint: 87833 ns, Total: 4131666 ns
[2023-07-17T16:07:37.129+0000][1][safepoint    ] Safepoint "Cleanup", Time since last: 1002640626 ns, Reaching safepoint: 3926541 ns, At safepoint: 92334 ns, Total: 4018875 ns
[2023-07-17T16:07:38.132+0000][1][safepoint    ] Safepoint "Cleanup", Time since last: 1001870459 ns, Reaching safepoint: 1544750 ns, At safepoint: 41333 ns, Total: 1586083 ns
[2023-07-17T16:07:39.137+0000][1][safepoint    ] Safepoint "Cleanup", Time since last: 1001264875 ns, Reaching safepoint: 3348917 ns, At safepoint: 82292 ns, Total: 3431209 ns
[2023-07-17T16:07:40.141+0000][1][safepoint    ] Safepoint "Cleanup", Time since last: 1001469125 ns, Reaching safepoint: 2990917 ns, At safepoint: 104458 ns, Total: 3095375 ns
[2023-07-17T16:07:41.010+0000][1][safepoint    ] Safepoint "RevokeBias", Time since last: 866424917 ns, Reaching safepoint: 1812459 ns, At safepoint: 197666 ns, Total: 2010125 ns
[2023-07-17T16:07:42.015+0000][1][safepoint    ] Safepoint "Cleanup", Time since last: 1000485209 ns, Reaching safepoint: 4153750 ns, At safepoint: 133000 ns, Total: 4286750 ns
[2023-07-17T16:07:43.020+0000][1][safepoint    ] Safepoint "Cleanup", Time since last: 1001142417 ns, Reaching safepoint: 3849042 ns, At safepoint: 144166 ns, Total: 3993208 ns
[2023-07-17T16:07:44.023+0000][1][safepoint    ] Safepoint "Cleanup", Time since last: 1001517084 ns, Reaching safepoint: 1209708 ns, At safepoint: 17625 ns, Total: 1227333 ns
[2023-07-17T16:07:45.028+0000][1][safepoint    ] Safepoint "Cleanup", Time since last: 1001102376 ns, Reaching safepoint: 3937833 ns, At safepoint: 155542 ns, Total: 4093375 ns
[2023-07-17T16:07:46.035+0000][1][safepoint    ] Safepoint "Cleanup", Time since last: 1002391459 ns, Reaching safepoint: 4263708 ns, At safepoint: 141875 ns, Total: 4405583 ns
[2023-07-17T16:07:47.039+0000][1][safepoint    ] Safepoint "Cleanup", Time since last: 1001483459 ns, Reaching safepoint: 2698167 ns, At safepoint: 92333 ns, Total: 2790500 ns
[2023-07-17T16:07:48.044+0000][1][safepoint    ] Safepoint "Cleanup", Time since last: 1001532500 ns, Reaching safepoint: 3678959 ns, At safepoint: 105666 ns, Total: 3784625 ns
[2023-07-17T16:07:49.051+0000][1][safepoint    ] Safepoint "Cleanup", Time since last: 1003190668 ns, Reaching safepoint: 3839291 ns, At safepoint: 97292 ns, Total: 3936583 ns
[2023-07-17T16:07:50.057+0000][1][safepoint    ] Safepoint "Cleanup", Time since last: 1001935792 ns, Reaching safepoint: 3523625 ns, At safepoint: 86500 ns, Total: 3610125 ns
[2023-07-17T16:07:51.059+0000][1][safepoint    ] Safepoint "Cleanup", Time since last: 1001094417 ns, Reaching safepoint: 1144750 ns, At safepoint: 21459 ns, Total: 1166209 ns
[2023-07-17T16:07:52.064+0000][1][safepoint    ] Safepoint "Cleanup", Time since last: 1000687083 ns, Reaching safepoint: 4304709 ns, At safepoint: 90291 ns, Total: 4395000 ns
[2023-07-17T16:07:53.071+0000][1][safepoint    ] Safepoint "Cleanup", Time since last: 1002038542 ns, Reaching safepoint: 4116000 ns, At safepoint: 98417 ns, Total: 4214417 ns
[2023-07-17T16:07:54.077+0000][1][safepoint    ] Safepoint "Cleanup", Time since last: 1002331001 ns, Reaching safepoint: 4272791 ns, At safepoint: 91375 ns, Total: 4364166 ns
[2023-07-17T16:07:55.081+0000][1][safepoint    ] Safepoint "Cleanup", Time since last: 1001889792 ns, Reaching safepoint: 1468084 ns, At safepoint: 31416 ns, Total: 1499500 ns
[2023-07-17T16:07:56.085+0000][1][safepoint    ] Safepoint "Cleanup", Time since last: 1000820918 ns, Reaching safepoint: 3929625 ns, At safepoint: 89708 ns, Total: 4019333 ns
[2023-07-17T16:07:57.092+0000][1][safepoint    ] Safepoint "Cleanup", Time since last: 1001816000 ns, Reaching safepoint: 4175959 ns, At safepoint: 130208 ns, Total: 4306167 ns
[2023-07-17T16:07:58.098+0000][1][safepoint    ] Safepoint "Cleanup", Time since last: 1002063792 ns, Reaching safepoint: 3739792 ns, At safepoint: 92833 ns, Total: 3832625 ns
[2023-07-17T16:07:59.103+0000][1][safepoint    ] Safepoint "Cleanup", Time since last: 1001830084 ns, Reaching safepoint: 3599708 ns, At safepoint: 111459 ns, Total: 3711167 ns
[2023-07-17T16:08:00.106+0000][1][safepoint    ] Safepoint "Cleanup", Time since last: 1002062792 ns, Reaching safepoint: 1254041 ns, At safepoint: 21209 ns, Total: 1275250 ns
[2023-07-17T16:08:01.989+0000][1][safepoint    ] Safepoint "Cleanup", Time since last: 1878658876 ns, Reaching safepoint: 3724291 ns, At safepoint: 80375 ns, Total: 3804666 ns
[2023-07-17T16:08:02.994+0000][1][safepoint    ] Safepoint "Cleanup", Time since last: 1003417543 ns, Reaching safepoint: 1979916 ns, At safepoint: 56334 ns, Total: 2036250 ns
[2023-07-17T16:08:03.997+0000][1][safepoint    ] Safepoint "Cleanup", Time since last: 1001061833 ns, Reaching safepoint: 1752250 ns, At safepoint: 39500 ns, Total: 1791750 ns
[2023-07-17T16:08:05.003+0000][1][safepoint    ] Safepoint "Cleanup", Time since last: 1001586959 ns, Reaching safepoint: 3813958 ns, At safepoint: 131584 ns, Total: 3945542 ns
[2023-07-17T16:08:06.005+0000][1][safepoint    ] Safepoint "Cleanup", Time since last: 1001443792 ns, Reaching safepoint: 740125 ns, At safepoint: 16167 ns, Total: 756292 ns
[2023-07-17T16:08:07.006+0000][1][safepoint    ] Safepoint "Cleanup", Time since last: 1000393542 ns, Reaching safepoint: 1140458 ns, At safepoint: 26167 ns, Total: 1166625 ns
[2023-07-17T16:08:08.010+0000][1][safepoint    ] Safepoint "Cleanup", Time since last: 1000669750 ns, Reaching safepoint: 2862167 ns, At safepoint: 76500 ns, Total: 2938667 ns
[2023-07-17T16:08:09.016+0000][1][safepoint    ] Safepoint "Cleanup", Time since last: 1002067667 ns, Reaching safepoint: 3950458 ns, At safepoint: 120167 ns, Total: 4070625 ns
[2023-07-17T16:08:10.020+0000][1][safepoint    ] Safepoint "Cleanup", Time since last: 1001418042 ns, Reaching safepoint: 2072292 ns, At safepoint: 56792 ns, Total: 2129084 ns
[2023-07-17T16:08:11.022+0000][1][safepoint    ] Safepoint "Cleanup", Time since last: 1001239583 ns, Reaching safepoint: 888375 ns, At safepoint: 21584 ns, Total: 909959 ns
[2023-07-17T16:08:11.042+0000][1][safepoint    ] Safepoint "BulkRevokeBias", Time since last: 16937083 ns, Reaching safepoint: 1155667 ns, At safepoint: 2177583 ns, Total: 3333250 ns
[2023-07-17T16:08:12.045+0000][1][safepoint    ] Safepoint "Cleanup", Time since last: 1000471416 ns, Reaching safepoint: 2591625 ns, At safepoint: 60500 ns, Total: 2652125 ns
[2023-07-17T16:08:13.048+0000][1][safepoint    ] Safepoint "Cleanup", Time since last: 1001125292 ns, Reaching safepoint: 1474209 ns, At safepoint: 32458 ns, Total: 1506667 ns
[2023-07-17T16:08:14.050+0000][1][safepoint    ] Safepoint "Cleanup", Time since last: 1000883417 ns, Reaching safepoint: 1210208 ns, At safepoint: 20334 ns, Total: 1230542 ns
[2023-07-17T16:08:15.055+0000][1][safepoint    ] Safepoint "Cleanup", Time since last: 1002015042 ns, Reaching safepoint: 3081208 ns, At safepoint: 100875 ns, Total: 3182083 ns
[2023-07-17T16:08:16.058+0000][1][safepoint    ] Safepoint "Cleanup", Time since last: 1000996584 ns, Reaching safepoint: 1796000 ns, At safepoint: 35625 ns, Total: 1831625 ns
[2023-07-17T16:08:17.060+0000][1][safepoint    ] Safepoint "Cleanup", Time since last: 1000681042 ns, Reaching safepoint: 1322750 ns, At safepoint: 27375 ns, Total: 1350125 ns
[2023-07-17T16:08:18.066+0000][1][safepoint    ] Safepoint "Cleanup", Time since last: 1000711167 ns, Reaching safepoint: 4435250 ns, At safepoint: 898959 ns, Total: 5334209 ns
[2023-07-17T16:08:19.072+0000][1][safepoint    ] Safepoint "Cleanup", Time since last: 1003134584 ns, Reaching safepoint: 3034916 ns, At safepoint: 70917 ns, Total: 3105833 ns
[2023-07-17T16:08:20.076+0000][1][safepoint    ] Safepoint "Cleanup", Time since last: 1001119209 ns, Reaching safepoint: 3150958 ns, At safepoint: 81833 ns, Total: 3232791 ns
[2023-07-17T16:08:21.079+0000][1][safepoint    ] Safepoint "Cleanup", Time since last: 1001770793 ns, Reaching safepoint: 779833 ns, At safepoint: 22292 ns, Total: 802125 ns
[2023-07-17T16:08:22.082+0000][1][safepoint    ] Safepoint "Cleanup", Time since last: 1000495125 ns, Reaching safepoint: 2808917 ns, At safepoint: 58833 ns, Total: 2867750 ns
[2023-07-17T16:08:23.088+0000][1][safepoint    ] Safepoint "Cleanup", Time since last: 1001364292 ns, Reaching safepoint: 3891500 ns, At safepoint: 101083 ns, Total: 3992583 ns
[2023-07-17T16:08:23.577+0000][1][gc,start     ] GC(52) Pause Young (Allocation Failure)
[2023-07-17T16:08:23.581+0000][1][gc,task      ] GC(52) Using 4 workers of 4 for evacuation
[2023-07-17T16:08:23.616+0000][1][gc,age       ] GC(52) Desired survivor size 8945664 bytes, new threshold 6 (max threshold 6)
[2023-07-17T16:08:23.616+0000][1][gc,age       ] GC(52) Age table with threshold 6 (max threshold 6)
[2023-07-17T16:08:23.617+0000][1][gc,age       ] GC(52) - age   1:      93712 bytes,      93712 total
[2023-07-17T16:08:23.617+0000][1][gc,age       ] GC(52) - age   2:       3072 bytes,      96784 total
[2023-07-17T16:08:23.617+0000][1][gc,age       ] GC(52) - age   3:       2144 bytes,      98928 total
[2023-07-17T16:08:23.617+0000][1][gc,age       ] GC(52) - age   4:       1664 bytes,     100592 total
[2023-07-17T16:08:23.617+0000][1][gc,age       ] GC(52) - age   5:       1048 bytes,     101640 total
[2023-07-17T16:08:23.617+0000][1][gc,age       ] GC(52) - age   6:       3672 bytes,     105312 total
[2023-07-17T16:08:23.619+0000][1][gc,heap      ] GC(52) ParNew: 139905K->137K(157248K)
[2023-07-17T16:08:23.619+0000][1][gc,heap      ] GC(52) CMS: 69204K->69205K(349568K)
[2023-07-17T16:08:23.619+0000][1][gc,metaspace ] GC(52) Metaspace: 90281K->90281K(1132544K)
[2023-07-17T16:08:23.620+0000][1][gc           ] GC(52) Pause Young (Allocation Failure) 204M->67M(494M) 43.693ms
[2023-07-17T16:08:23.621+0000][1][gc,cpu       ] GC(52) User=0.06s Sys=0.02s Real=0.04s
[2023-07-17T16:08:23.621+0000][1][safepoint    ] Safepoint "GenCollectForAllocation", Time since last: 485204751 ns, Reaching safepoint: 2981416 ns, At safepoint: 45295959 ns, Total: 48277375 ns
[2023-07-17T16:08:24.625+0000][1][safepoint    ] Safepoint "Cleanup", Time since last: 1000730250 ns, Reaching safepoint: 2888417 ns, At safepoint: 89875 ns, Total: 2978292 ns
[2023-07-17T16:08:25.630+0000][1][safepoint    ] Safepoint "Cleanup", Time since last: 1001252209 ns, Reaching safepoint: 3396583 ns, At safepoint: 76417 ns, Total: 3473000 ns
[2023-07-17T16:08:26.635+0000][1][safepoint    ] Safepoint "Cleanup", Time since last: 1001682625 ns, Reaching safepoint: 3192750 ns, At safepoint: 108333 ns, Total: 3301083 ns
[2023-07-17T16:08:27.641+0000][1][safepoint    ] Safepoint "Cleanup", Time since last: 1002158251 ns, Reaching safepoint: 4361375 ns, At safepoint: 161667 ns, Total: 4523042 ns
[2023-07-17T16:08:28.240+0000][1][safepoint    ] Safepoint "RevokeBias", Time since last: 594161500 ns, Reaching safepoint: 2593250 ns, At safepoint: 1536042 ns, Total: 4129292 ns
[2023-07-17T16:08:28.277+0000][1][safepoint    ] Safepoint "RevokeBias", Time since last: 33510416 ns, Reaching safepoint: 3668917 ns, At safepoint: 430500 ns, Total: 4099417 ns
[2023-07-17T16:08:28.388+0000][1][safepoint    ] Safepoint "RevokeBias", Time since last: 109561542 ns, Reaching safepoint: 809708 ns, At safepoint: 211208 ns, Total: 1020916 ns
[2023-07-17T16:08:28.389+0000][1][safepoint    ] Safepoint "RevokeBias", Time since last: 671875 ns, Reaching safepoint: 672917 ns, At safepoint: 61875 ns, Total: 734792 ns
[2023-07-17T16:08:28.392+0000][1][safepoint    ] Safepoint "RevokeBias", Time since last: 2385458 ns, Reaching safepoint: 591125 ns, At safepoint: 55875 ns, Total: 647000 ns
[2023-07-17T16:08:29.576+0000][1][safepoint    ] Safepoint "Cleanup", Time since last: 1179735709 ns, Reaching safepoint: 4169375 ns, At safepoint: 175959 ns, Total: 4345334 ns
[2023-07-17T16:08:30.579+0000][1][safepoint    ] Safepoint "Cleanup", Time since last: 1001653375 ns, Reaching safepoint: 1555625 ns, At safepoint: 19208 ns, Total: 1574833 ns
[2023-07-17T16:08:31.585+0000][1][safepoint    ] Safepoint "Cleanup", Time since last: 1000818793 ns, Reaching safepoint: 4268833 ns, At safepoint: 98542 ns, Total: 4367375 ns
[2023-07-17T16:08:32.590+0000][1][safepoint    ] Safepoint "Cleanup", Time since last: 1001393458 ns, Reaching safepoint: 4060167 ns, At safepoint: 86792 ns, Total: 4146959 ns
[2023-07-17T16:08:33.595+0000][1][safepoint    ] Safepoint "Cleanup", Time since last: 1001614208 ns, Reaching safepoint: 2878084 ns, At safepoint: 77083 ns, Total: 2955167 ns
[2023-07-17T16:08:34.600+0000][1][safepoint    ] Safepoint "Cleanup", Time since last: 1001159626 ns, Reaching safepoint: 3965083 ns, At safepoint: 96875 ns, Total: 4061958 ns
[2023-07-17T16:08:35.606+0000][1][safepoint    ] Safepoint "Cleanup", Time since last: 1001622125 ns, Reaching safepoint: 4035667 ns, At safepoint: 91625 ns, Total: 4127292 ns
[2023-07-17T16:08:36.611+0000][1][safepoint    ] Safepoint "Cleanup", Time since last: 1001661709 ns, Reaching safepoint: 3526875 ns, At safepoint: 80083 ns, Total: 3606958 ns
[2023-07-17T16:08:37.617+0000][1][safepoint    ] Safepoint "Cleanup", Time since last: 1001502626 ns, Reaching safepoint: 3943416 ns, At safepoint: 145500 ns, Total: 4088916 ns
[2023-07-17T16:08:38.622+0000][1][safepoint    ] Safepoint "Cleanup", Time since last: 1002046209 ns, Reaching safepoint: 2842917 ns, At safepoint: 78708 ns, Total: 2921625 ns
[2023-07-17T16:08:39.627+0000][1][safepoint    ] Safepoint "Cleanup", Time since last: 1001385459 ns, Reaching safepoint: 3936583 ns, At safepoint: 92417 ns, Total: 4029000 ns
[2023-07-17T16:08:40.632+0000][1][safepoint    ] Safepoint "Cleanup", Time since last: 1001667542 ns, Reaching safepoint: 2959292 ns, At safepoint: 84583 ns, Total: 3043875 ns
[2023-07-17T16:08:41.637+0000][1][safepoint    ] Safepoint "Cleanup", Time since last: 1001572584 ns, Reaching safepoint: 3159458 ns, At safepoint: 101875 ns, Total: 3261333 ns
[2023-07-17T16:08:42.642+0000][1][safepoint    ] Safepoint "Cleanup", Time since last: 1001331875 ns, Reaching safepoint: 3675209 ns, At safepoint: 82916 ns, Total: 3758125 ns
[2023-07-17T16:08:43.647+0000][1][safepoint    ] Safepoint "Cleanup", Time since last: 1001810584 ns, Reaching safepoint: 3209042 ns, At safepoint: 111667 ns, Total: 3320709 ns
[2023-07-17T16:08:44.651+0000][1][safepoint    ] Safepoint "Cleanup", Time since last: 1001138167 ns, Reaching safepoint: 2836375 ns, At safepoint: 68708 ns, Total: 2905083 ns
[2023-07-17T16:08:45.655+0000][1][safepoint    ] Safepoint "Cleanup", Time since last: 1001068042 ns, Reaching safepoint: 2872542 ns, At safepoint: 72458 ns, Total: 2945000 ns
[2023-07-17T16:08:46.660+0000][1][safepoint    ] Safepoint "Cleanup", Time since last: 1001738417 ns, Reaching safepoint: 3470959 ns, At safepoint: 83208 ns, Total: 3554167 ns
[2023-07-17T16:08:47.666+0000][1][safepoint    ] Safepoint "Cleanup", Time since last: 1001844417 ns, Reaching safepoint: 4116500 ns, At safepoint: 93417 ns, Total: 4209917 ns
[2023-07-17T16:08:48.675+0000][1][safepoint    ] Safepoint "Cleanup", Time since last: 1003737834 ns, Reaching safepoint: 4389875 ns, At safepoint: 84958 ns, Total: 4474833 ns
[2023-07-17T16:08:49.683+0000][1][safepoint    ] Safepoint "Cleanup", Time since last: 1004949834 ns, Reaching safepoint: 3783875 ns, At safepoint: 83833 ns, Total: 3867708 ns
[2023-07-17T16:08:50.687+0000][1][safepoint    ] Safepoint "Cleanup", Time since last: 1001531292 ns, Reaching safepoint: 1985667 ns, At safepoint: 49750 ns, Total: 2035417 ns
[2023-07-17T16:08:51.026+0000][1][safepoint    ] Safepoint "RevokeBias", Time since last: 337931458 ns, Reaching safepoint: 1626334 ns, At safepoint: 86166 ns, Total: 1712500 ns
[2023-07-17T16:08:52.031+0000][1][safepoint    ] Safepoint "Cleanup", Time since last: 1000527793 ns, Reaching safepoint: 3839625 ns, At safepoint: 76666 ns, Total: 3916291 ns
[2023-07-17T16:08:53.037+0000][1][safepoint    ] Safepoint "Cleanup", Time since last: 1001777209 ns, Reaching safepoint: 3802833 ns, At safepoint: 127500 ns, Total: 3930333 ns
[2023-07-17T16:08:54.040+0000][1][safepoint    ] Safepoint "Cleanup", Time since last: 1001836168 ns, Reaching safepoint: 1477958 ns, At safepoint: 35750 ns, Total: 1513708 ns
[2023-07-17T16:08:55.047+0000][1][safepoint    ] Safepoint "Cleanup", Time since last: 1002448542 ns, Reaching safepoint: 4109375 ns, At safepoint: 99750 ns, Total: 4209125 ns
[2023-07-17T16:08:56.054+0000][1][safepoint    ] Safepoint "Cleanup", Time since last: 1001727417 ns, Reaching safepoint: 5228375 ns, At safepoint: 102750 ns, Total: 5331125 ns
[2023-07-17T16:08:57.059+0000][1][safepoint    ] Safepoint "Cleanup", Time since last: 1002040417 ns, Reaching safepoint: 3640625 ns, At safepoint: 83125 ns, Total: 3723750 ns
[2023-07-17T16:08:58.067+0000][1][safepoint    ] Safepoint "Cleanup", Time since last: 1003024293 ns, Reaching safepoint: 4234458 ns, At safepoint: 92375 ns, Total: 4326833 ns
[2023-07-17T16:08:59.073+0000][1][safepoint    ] Safepoint "Cleanup", Time since last: 1001566334 ns, Reaching safepoint: 4111625 ns, At safepoint: 89875 ns, Total: 4201500 ns
[2023-07-17T16:09:00.077+0000][1][safepoint    ] Safepoint "Cleanup", Time since last: 1001782583 ns, Reaching safepoint: 2681500 ns, At safepoint: 66834 ns, Total: 2748334 ns
[2023-07-17T16:09:01.080+0000][1][safepoint    ] Safepoint "Cleanup", Time since last: 1001284125 ns, Reaching safepoint: 1166125 ns, At safepoint: 19334 ns, Total: 1185459 ns
[2023-07-17T16:09:02.085+0000][1][safepoint    ] Safepoint "Cleanup", Time since last: 1001431417 ns, Reaching safepoint: 3818625 ns, At safepoint: 88833 ns, Total: 3907458 ns
[2023-07-17T16:09:03.088+0000][1][safepoint    ] Safepoint "Cleanup", Time since last: 1001816876 ns, Reaching safepoint: 1494041 ns, At safepoint: 35750 ns, Total: 1529791 ns
[2023-07-17T16:09:04.094+0000][1][safepoint    ] Safepoint "Cleanup", Time since last: 1000870501 ns, Reaching safepoint: 4266541 ns, At safepoint: 101875 ns, Total: 4368416 ns
[2023-07-17T16:09:05.099+0000][1][safepoint    ] Safepoint "Cleanup", Time since last: 1001632876 ns, Reaching safepoint: 3712083 ns, At safepoint: 104417 ns, Total: 3816500 ns
[2023-07-17T16:09:06.105+0000][1][safepoint    ] Safepoint "Cleanup", Time since last: 1001711542 ns, Reaching safepoint: 3928250 ns, At safepoint: 105083 ns, Total: 4033333 ns
[2023-07-17T16:09:07.113+0000][1][safepoint    ] Safepoint "Cleanup", Time since last: 1002247334 ns, Reaching safepoint: 5516750 ns, At safepoint: 130208 ns, Total: 5646958 ns
[2023-07-17T16:09:08.120+0000][1][safepoint    ] Safepoint "Cleanup", Time since last: 1003775251 ns, Reaching safepoint: 3675708 ns, At safepoint: 88834 ns, Total: 3764542 ns
[2023-07-17T16:09:09.123+0000][1][safepoint    ] Safepoint "Cleanup", Time since last: 1001369792 ns, Reaching safepoint: 1227583 ns, At safepoint: 34458 ns, Total: 1262041 ns
[2023-07-17T16:09:10.127+0000][1][safepoint    ] Safepoint "Cleanup", Time since last: 1002582876 ns, Reaching safepoint: 1651917 ns, At safepoint: 37666 ns, Total: 1689583 ns
[2023-07-17T16:09:11.017+0000][1][safepoint    ] Safepoint "RevokeBias", Time since last: 888147667 ns, Reaching safepoint: 1501459 ns, At safepoint: 157000 ns, Total: 1658459 ns
[2023-07-17T16:09:12.022+0000][1][safepoint    ] Safepoint "Cleanup", Time since last: 1001807333 ns, Reaching safepoint: 3431917 ns, At safepoint: 86208 ns, Total: 3518125 ns
[2023-07-17T16:09:13.026+0000][1][safepoint    ] Safepoint "Cleanup", Time since last: 1002037459 ns, Reaching safepoint: 1437125 ns, At safepoint: 38500 ns, Total: 1475625 ns
[2023-07-17T16:09:14.027+0000][1][safepoint    ] Safepoint "Cleanup", Time since last: 1000575209 ns, Reaching safepoint: 1122916 ns, At safepoint: 18584 ns, Total: 1141500 ns
[2023-07-17T16:09:15.032+0000][1][safepoint    ] Safepoint "Cleanup", Time since last: 1000841459 ns, Reaching safepoint: 3188625 ns, At safepoint: 99291 ns, Total: 3287916 ns
[2023-07-17T16:09:16.615+0000][1][safepoint    ] Safepoint "Cleanup", Time since last: 1582953668 ns, Reaching safepoint: 706250 ns, At safepoint: 18750 ns, Total: 725000 ns
[2023-07-17T16:09:17.619+0000][1][safepoint    ] Safepoint "Cleanup", Time since last: 1001041917 ns, Reaching safepoint: 3068250 ns, At safepoint: 102417 ns, Total: 3170667 ns
[2023-07-17T16:09:18.623+0000][1][safepoint    ] Safepoint "Cleanup", Time since last: 1001060625 ns, Reaching safepoint: 2134458 ns, At safepoint: 43625 ns, Total: 2178083 ns
[2023-07-17T16:09:19.624+0000][1][safepoint    ] Safepoint "Cleanup", Time since last: 1000583834 ns, Reaching safepoint: 765250 ns, At safepoint: 30417 ns, Total: 795667 ns
[2023-07-17T16:09:20.626+0000][1][safepoint    ] Safepoint "Cleanup", Time since last: 1001095667 ns, Reaching safepoint: 1304833 ns, At safepoint: 26500 ns, Total: 1331333 ns
[2023-07-17T16:09:21.628+0000][1][safepoint    ] Safepoint "Cleanup", Time since last: 1000525376 ns, Reaching safepoint: 728458 ns, At safepoint: 16083 ns, Total: 744541 ns
[2023-07-17T16:09:22.629+0000][1][safepoint    ] Safepoint "Cleanup", Time since last: 1000359709 ns, Reaching safepoint: 710209 ns, At safepoint: 15791 ns, Total: 726000 ns
[2023-07-17T16:09:23.630+0000][1][safepoint    ] Safepoint "Cleanup", Time since last: 1000298209 ns, Reaching safepoint: 830833 ns, At safepoint: 18875 ns, Total: 849708 ns
[2023-07-17T16:09:24.631+0000][1][safepoint    ] Safepoint "Cleanup", Time since last: 1000455584 ns, Reaching safepoint: 760042 ns, At safepoint: 36167 ns, Total: 796209 ns
[2023-07-17T16:09:25.636+0000][1][safepoint    ] Safepoint "Cleanup", Time since last: 1003684292 ns, Reaching safepoint: 1168458 ns, At safepoint: 37542 ns, Total: 1206000 ns
[2023-07-17T16:09:26.639+0000][1][safepoint    ] Safepoint "Cleanup", Time since last: 1000928125 ns, Reaching safepoint: 1459792 ns, At safepoint: 39500 ns, Total: 1499292 ns
[2023-07-17T16:09:27.641+0000][1][safepoint    ] Safepoint "Cleanup", Time since last: 1000676500 ns, Reaching safepoint: 2114792 ns, At safepoint: 48375 ns, Total: 2163167 ns
[2023-07-17T16:09:28.587+0000][1][safepoint    ] Safepoint "RevokeBias", Time since last: 943714709 ns, Reaching safepoint: 1336875 ns, At safepoint: 249041 ns, Total: 1585916 ns
[2023-07-17T16:09:28.599+0000][1][safepoint    ] Safepoint "RevokeBias", Time since last: 10672959 ns, Reaching safepoint: 1133791 ns, At safepoint: 327875 ns, Total: 1461666 ns
[2023-07-17T16:09:28.616+0000][1][safepoint    ] Safepoint "RevokeBias", Time since last: 16092084 ns, Reaching safepoint: 693041 ns, At safepoint: 144584 ns, Total: 837625 ns
[2023-07-17T16:09:28.626+0000][1][safepoint    ] Safepoint "RevokeBias", Time since last: 9043291 ns, Reaching safepoint: 962334 ns, At safepoint: 136916 ns, Total: 1099250 ns
[2023-07-17T16:09:28.629+0000][1][safepoint    ] Safepoint "RevokeBias", Time since last: 1945584 ns, Reaching safepoint: 807166 ns, At safepoint: 53542 ns, Total: 860708 ns
[2023-07-17T16:09:29.633+0000][1][safepoint    ] Safepoint "Cleanup", Time since last: 1002581626 ns, Reaching safepoint: 1795916 ns, At safepoint: 51625 ns, Total: 1847541 ns
[2023-07-17T16:09:30.636+0000][1][safepoint    ] Safepoint "Cleanup", Time since last: 1000965667 ns, Reaching safepoint: 1499084 ns, At safepoint: 35458 ns, Total: 1534542 ns
[2023-07-17T16:09:31.639+0000][1][safepoint    ] Safepoint "Cleanup", Time since last: 1001919876 ns, Reaching safepoint: 1166041 ns, At safepoint: 32500 ns, Total: 1198541 ns
[2023-07-17T16:09:32.642+0000][1][safepoint    ] Safepoint "Cleanup", Time since last: 1001549292 ns, Reaching safepoint: 1207334 ns, At safepoint: 33458 ns, Total: 1240792 ns
[2023-07-17T16:09:33.648+0000][1][safepoint    ] Safepoint "Cleanup", Time since last: 1001412375 ns, Reaching safepoint: 4692709 ns, At safepoint: 103833 ns, Total: 4796542 ns
[2023-07-17T16:09:34.654+0000][1][safepoint    ] Safepoint "Cleanup", Time since last: 1002975542 ns, Reaching safepoint: 3127375 ns, At safepoint: 72917 ns, Total: 3200292 ns
[2023-07-17T16:09:35.656+0000][1][safepoint    ] Safepoint "Cleanup", Time since last: 1000779459 ns, Reaching safepoint: 796833 ns, At safepoint: 19500 ns, Total: 816333 ns
[2023-07-17T16:09:36.658+0000][1][safepoint    ] Safepoint "Cleanup", Time since last: 1001548417 ns, Reaching safepoint: 662792 ns, At safepoint: 15208 ns, Total: 678000 ns
[2023-07-17T16:09:37.664+0000][1][safepoint    ] Safepoint "Cleanup", Time since last: 1002066084 ns, Reaching safepoint: 4129542 ns, At safepoint: 94250 ns, Total: 4223792 ns
[2023-07-17T16:09:38.669+0000][1][safepoint    ] Safepoint "Cleanup", Time since last: 1001758125 ns, Reaching safepoint: 2841292 ns, At safepoint: 63667 ns, Total: 2904959 ns
[2023-07-17T16:09:39.674+0000][1][safepoint    ] Safepoint "Cleanup", Time since last: 1001043292 ns, Reaching safepoint: 4026458 ns, At safepoint: 93042 ns, Total: 4119500 ns
[2023-07-17T16:09:40.680+0000][1][safepoint    ] Safepoint "Cleanup", Time since last: 1003515792 ns, Reaching safepoint: 2273667 ns, At safepoint: 108958 ns, Total: 2382625 ns
[2023-07-17T16:09:41.011+0000][1][safepoint    ] Safepoint "RevokeBias", Time since last: 330091208 ns, Reaching safepoint: 1496709 ns, At safepoint: 96708 ns, Total: 1593417 ns
[2023-07-17T16:09:42.013+0000][1][safepoint    ] Safepoint "Cleanup", Time since last: 1000438625 ns, Reaching safepoint: 938458 ns, At safepoint: 24958 ns, Total: 963416 ns
[2023-07-17T16:09:43.015+0000][1][safepoint    ] Safepoint "Cleanup", Time since last: 1001246292 ns, Reaching safepoint: 1133625 ns, At safepoint: 23417 ns, Total: 1157042 ns
[2023-07-17T16:09:44.018+0000][1][safepoint    ] Safepoint "Cleanup", Time since last: 1000783500 ns, Reaching safepoint: 1603500 ns, At safepoint: 23375 ns, Total: 1626875 ns
[2023-07-17T16:09:45.020+0000][1][safepoint    ] Safepoint "Cleanup", Time since last: 1000423543 ns, Reaching safepoint: 1689041 ns, At safepoint: 23500 ns, Total: 1712541 ns
[2023-07-17T16:09:46.022+0000][1][safepoint    ] Safepoint "Cleanup", Time since last: 1000702584 ns, Reaching safepoint: 1588125 ns, At safepoint: 27167 ns, Total: 1615292 ns
[2023-07-17T16:09:47.024+0000][1][safepoint    ] Safepoint "Cleanup", Time since last: 1000656584 ns, Reaching safepoint: 835458 ns, At safepoint: 18292 ns, Total: 853750 ns
[2023-07-17T16:09:48.026+0000][1][safepoint    ] Safepoint "Cleanup", Time since last: 1000503875 ns, Reaching safepoint: 1815125 ns, At safepoint: 46375 ns, Total: 1861500 ns
[2023-07-17T16:09:49.028+0000][1][safepoint    ] Safepoint "Cleanup", Time since last: 1000973792 ns, Reaching safepoint: 749500 ns, At safepoint: 14625 ns, Total: 764125 ns
[2023-07-17T16:09:50.032+0000][1][safepoint    ] Safepoint "Cleanup", Time since last: 1000871584 ns, Reaching safepoint: 2932000 ns, At safepoint: 69958 ns, Total: 3001958 ns
[2023-07-17T16:09:51.035+0000][1][safepoint    ] Safepoint "Cleanup", Time since last: 1001356417 ns, Reaching safepoint: 1523209 ns, At safepoint: 18708 ns, Total: 1541917 ns
[2023-07-17T16:09:52.038+0000][1][safepoint    ] Safepoint "Cleanup", Time since last: 1000421292 ns, Reaching safepoint: 3293334 ns, At safepoint: 71583 ns, Total: 3364917 ns
[2023-07-17T16:09:53.042+0000][1][safepoint    ] Safepoint "Cleanup", Time since last: 1001753292 ns, Reaching safepoint: 1834500 ns, At safepoint: 40750 ns, Total: 1875250 ns
[2023-07-17T16:09:54.044+0000][1][safepoint    ] Safepoint "Cleanup", Time since last: 1000840376 ns, Reaching safepoint: 1429375 ns, At safepoint: 31416 ns, Total: 1460791 ns
[2023-07-17T16:09:55.049+0000][1][safepoint    ] Safepoint "Cleanup", Time since last: 1002688584 ns, Reaching safepoint: 1528625 ns, At safepoint: 30375 ns, Total: 1559000 ns
[2023-07-17T16:09:56.053+0000][1][safepoint    ] Safepoint "Cleanup", Time since last: 1003442292 ns, Reaching safepoint: 848709 ns, At safepoint: 20125 ns, Total: 868834 ns
[2023-07-17T16:09:57.054+0000][1][safepoint    ] Safepoint "Cleanup", Time since last: 1000420292 ns, Reaching safepoint: 725791 ns, At safepoint: 17917 ns, Total: 743708 ns
[2023-07-17T16:09:58.056+0000][1][safepoint    ] Safepoint "Cleanup", Time since last: 1000644417 ns, Reaching safepoint: 803667 ns, At safepoint: 22500 ns, Total: 826167 ns
[2023-07-17T16:09:59.058+0000][1][safepoint    ] Safepoint "Cleanup", Time since last: 1000953584 ns, Reaching safepoint: 1043416 ns, At safepoint: 24125 ns, Total: 1067541 ns
[2023-07-17T16:10:00.060+0000][1][safepoint    ] Safepoint "Cleanup", Time since last: 1000702917 ns, Reaching safepoint: 2154917 ns, At safepoint: 71792 ns, Total: 2226709 ns
[2023-07-17T16:10:01.012+0000][1][safepoint    ] Safepoint "RevokeBias", Time since last: 948909959 ns, Reaching safepoint: 1910333 ns, At safepoint: 1036958 ns, Total: 2947291 ns
[2023-07-17T16:10:02.014+0000][1][safepoint    ] Safepoint "Cleanup", Time since last: 1000740042 ns, Reaching safepoint: 1209084 ns, At safepoint: 27625 ns, Total: 1236709 ns
[2023-07-17T16:10:03.019+0000][1][safepoint    ] Safepoint "Cleanup", Time since last: 1000978542 ns, Reaching safepoint: 3615625 ns, At safepoint: 85625 ns, Total: 3701250 ns
[2023-07-17T16:10:04.022+0000][1][safepoint    ] Safepoint "Cleanup", Time since last: 1001741625 ns, Reaching safepoint: 1553084 ns, At safepoint: 37416 ns, Total: 1590500 ns
[2023-07-17T16:10:05.028+0000][1][safepoint    ] Safepoint "Cleanup", Time since last: 1001743626 ns, Reaching safepoint: 3766541 ns, At safepoint: 90417 ns, Total: 3856958 ns
[2023-07-17T16:10:06.031+0000][1][safepoint    ] Safepoint "Cleanup", Time since last: 1001968001 ns, Reaching safepoint: 755541 ns, At safepoint: 22875 ns, Total: 778416 ns
[2023-07-17T16:10:07.033+0000][1][safepoint    ] Safepoint "Cleanup", Time since last: 1000795001 ns, Reaching safepoint: 1125166 ns, At safepoint: 22375 ns, Total: 1147541 ns
[2023-07-17T16:10:08.035+0000][1][safepoint    ] Safepoint "Cleanup", Time since last: 1000983084 ns, Reaching safepoint: 1599500 ns, At safepoint: 35459 ns, Total: 1634959 ns
[2023-07-17T16:10:09.037+0000][1][safepoint    ] Safepoint "Cleanup", Time since last: 1000704333 ns, Reaching safepoint: 1387375 ns, At safepoint: 31750 ns, Total: 1419125 ns
[2023-07-17T16:10:10.041+0000][1][safepoint    ] Safepoint "Cleanup", Time since last: 1001717001 ns, Reaching safepoint: 1745875 ns, At safepoint: 39042 ns, Total: 1784917 ns
[2023-07-17T16:10:11.043+0000][1][safepoint    ] Safepoint "Cleanup", Time since last: 1001042708 ns, Reaching safepoint: 1138125 ns, At safepoint: 20125 ns, Total: 1158250 ns
[2023-07-17T16:10:12.126+0000][1][safepoint    ] Safepoint "Cleanup", Time since last: 1081698626 ns, Reaching safepoint: 1212458 ns, At safepoint: 27667 ns, Total: 1240125 ns
[2023-07-17T16:10:13.128+0000][1][safepoint    ] Safepoint "Cleanup", Time since last: 1000638750 ns, Reaching safepoint: 776000 ns, At safepoint: 28875 ns, Total: 804875 ns
[2023-07-17T16:10:14.129+0000][1][safepoint    ] Safepoint "Cleanup", Time since last: 1000337626 ns, Reaching safepoint: 746125 ns, At safepoint: 16708 ns, Total: 762833 ns
[2023-07-17T16:10:15.133+0000][1][safepoint    ] Safepoint "Cleanup", Time since last: 1000832167 ns, Reaching safepoint: 3100458 ns, At safepoint: 78792 ns, Total: 3179250 ns
[2023-07-17T16:10:16.135+0000][1][safepoint    ] Safepoint "Cleanup", Time since last: 1001239167 ns, Reaching safepoint: 919083 ns, At safepoint: 20334 ns, Total: 939417 ns
[2023-07-17T16:10:17.139+0000][1][safepoint    ] Safepoint "Cleanup", Time since last: 1001765417 ns, Reaching safepoint: 2706583 ns, At safepoint: 58000 ns, Total: 2764583 ns
[2023-07-17T16:10:18.144+0000][1][safepoint    ] Safepoint "Cleanup", Time since last: 1001310209 ns, Reaching safepoint: 3222792 ns, At safepoint: 57583 ns, Total: 3280375 ns
[2023-07-17T16:10:19.146+0000][1][safepoint    ] Safepoint "Cleanup", Time since last: 1001602209 ns, Reaching safepoint: 852542 ns, At safepoint: 21125 ns, Total: 873667 ns
[2023-07-17T16:10:20.152+0000][1][safepoint    ] Safepoint "Cleanup", Time since last: 1002088250 ns, Reaching safepoint: 2972833 ns, At safepoint: 75750 ns, Total: 3048583 ns
[2023-07-17T16:10:21.044+0000][1][gc,start     ] GC(53) Pause Young (Allocation Failure)
[2023-07-17T16:10:21.046+0000][1][gc,task      ] GC(53) Using 4 workers of 4 for evacuation
[2023-07-17T16:10:21.072+0000][1][gc,age       ] GC(53) Desired survivor size 8945664 bytes, new threshold 6 (max threshold 6)
[2023-07-17T16:10:21.072+0000][1][gc,age       ] GC(53) Age table with threshold 6 (max threshold 6)
[2023-07-17T16:10:21.072+0000][1][gc,age       ] GC(53) - age   1:      87816 bytes,      87816 total
[2023-07-17T16:10:21.072+0000][1][gc,age       ] GC(53) - age   2:        320 bytes,      88136 total
[2023-07-17T16:10:21.073+0000][1][gc,age       ] GC(53) - age   3:       3008 bytes,      91144 total
[2023-07-17T16:10:21.073+0000][1][gc,age       ] GC(53) - age   4:       2024 bytes,      93168 total
[2023-07-17T16:10:21.073+0000][1][gc,age       ] GC(53) - age   5:       1664 bytes,      94832 total
[2023-07-17T16:10:21.073+0000][1][gc,age       ] GC(53) - age   6:       1048 bytes,      95880 total
[2023-07-17T16:10:21.074+0000][1][gc,heap      ] GC(53) ParNew: 139913K->151K(157248K)
[2023-07-17T16:10:21.074+0000][1][gc,heap      ] GC(53) CMS: 69205K->69209K(349568K)
[2023-07-17T16:10:21.075+0000][1][gc,metaspace ] GC(53) Metaspace: 90284K->90284K(1132544K)
[2023-07-17T16:10:21.076+0000][1][gc           ] GC(53) Pause Young (Allocation Failure) 204M->67M(494M) 31.995ms
[2023-07-17T16:10:21.076+0000][1][gc,cpu       ] GC(53) User=0.06s Sys=0.01s Real=0.04s
[2023-07-17T16:10:21.076+0000][1][safepoint    ] Safepoint "GenCollectForAllocation", Time since last: 890683792 ns, Reaching safepoint: 906167 ns, At safepoint: 33069459 ns, Total: 33975626 ns
[2023-07-17T16:10:22.082+0000][1][safepoint    ] Safepoint "Cleanup", Time since last: 1000557042 ns, Reaching safepoint: 3282375 ns, At safepoint: 252208 ns, Total: 3534583 ns
[2023-07-17T16:10:23.087+0000][1][safepoint    ] Safepoint "Cleanup", Time since last: 1005648000 ns, Reaching safepoint: 1148584 ns, At safepoint: 32458 ns, Total: 1181042 ns
[2023-07-17T16:10:24.089+0000][1][safepoint    ] Safepoint "Cleanup", Time since last: 1000909626 ns, Reaching safepoint: 805541 ns, At safepoint: 16834 ns, Total: 822375 ns
[2023-07-17T16:10:25.092+0000][1][safepoint    ] Safepoint "Cleanup", Time since last: 1000579417 ns, Reaching safepoint: 2662375 ns, At safepoint: 68500 ns, Total: 2730875 ns
[2023-07-17T16:10:26.095+0000][1][safepoint    ] Safepoint "Cleanup", Time since last: 1001460125 ns, Reaching safepoint: 1127375 ns, At safepoint: 23625 ns, Total: 1151000 ns
[2023-07-17T16:10:27.097+0000][1][safepoint    ] Safepoint "Cleanup", Time since last: 1000492459 ns, Reaching safepoint: 1699000 ns, At safepoint: 33792 ns, Total: 1732792 ns
[2023-07-17T16:10:28.102+0000][1][safepoint    ] Safepoint "Cleanup", Time since last: 1000939250 ns, Reaching safepoint: 3507375 ns, At safepoint: 99875 ns, Total: 3607250 ns
[2023-07-17T16:10:28.752+0000][1][safepoint    ] Safepoint "RevokeBias", Time since last: 645984084 ns, Reaching safepoint: 3180166 ns, At safepoint: 1290167 ns, Total: 4470333 ns
[2023-07-17T16:10:28.758+0000][1][safepoint    ] Safepoint "RevokeBias", Time since last: 4956167 ns, Reaching safepoint: 1051250 ns, At safepoint: 153667 ns, Total: 1204917 ns
[2023-07-17T16:10:28.791+0000][1][safepoint    ] Safepoint "RevokeBias", Time since last: 31720458 ns, Reaching safepoint: 918083 ns, At safepoint: 189542 ns, Total: 1107625 ns
[2023-07-17T16:10:28.874+0000][1][safepoint    ] Safepoint "RevokeBias", Time since last: 75275625 ns, Reaching safepoint: 7103708 ns, At safepoint: 240417 ns, Total: 7344125 ns
[2023-07-17T16:10:29.958+0000][1][safepoint    ] Safepoint "Cleanup", Time since last: 1081491459 ns, Reaching safepoint: 2937791 ns, At safepoint: 77750 ns, Total: 3015541 ns
[2023-07-17T16:10:30.961+0000][1][safepoint    ] Safepoint "Cleanup", Time since last: 1001030959 ns, Reaching safepoint: 1886625 ns, At safepoint: 43334 ns, Total: 1929959 ns
[2023-07-17T16:10:31.963+0000][1][safepoint    ] Safepoint "Cleanup", Time since last: 1000977500 ns, Reaching safepoint: 1148375 ns, At safepoint: 19958 ns, Total: 1168333 ns
[2023-07-17T16:10:32.965+0000][1][safepoint    ] Safepoint "Cleanup", Time since last: 1000511084 ns, Reaching safepoint: 874042 ns, At safepoint: 20083 ns, Total: 894125 ns
[2023-07-17T16:10:33.966+0000][1][safepoint    ] Safepoint "Cleanup", Time since last: 1000441292 ns, Reaching safepoint: 1200709 ns, At safepoint: 28333 ns, Total: 1229042 ns
[2023-07-17T16:10:34.971+0000][1][safepoint    ] Safepoint "Cleanup", Time since last: 1001025750 ns, Reaching safepoint: 3624625 ns, At safepoint: 72334 ns, Total: 3696959 ns
[2023-07-17T16:10:35.974+0000][1][safepoint    ] Safepoint "Cleanup", Time since last: 1001037625 ns, Reaching safepoint: 1773625 ns, At safepoint: 39334 ns, Total: 1812959 ns
[2023-07-17T16:10:36.977+0000][1][safepoint    ] Safepoint "Cleanup", Time since last: 1001134750 ns, Reaching safepoint: 1585875 ns, At safepoint: 40792 ns, Total: 1626667 ns
[2023-07-17T16:10:37.980+0000][1][safepoint    ] Safepoint "Cleanup", Time since last: 1001530334 ns, Reaching safepoint: 2183125 ns, At safepoint: 50208 ns, Total: 2233333 ns
[2023-07-17T16:10:38.985+0000][1][safepoint    ] Safepoint "Cleanup", Time since last: 1002243584 ns, Reaching safepoint: 2053541 ns, At safepoint: 41625 ns, Total: 2095166 ns
[2023-07-17T16:10:39.991+0000][1][safepoint    ] Safepoint "Cleanup", Time since last: 1001634834 ns, Reaching safepoint: 4114959 ns, At safepoint: 155666 ns, Total: 4270625 ns
[2023-07-17T16:10:40.993+0000][1][safepoint    ] Safepoint "Cleanup", Time since last: 1001457292 ns, Reaching safepoint: 1290500 ns, At safepoint: 27042 ns, Total: 1317542 ns
[2023-07-17T16:10:41.020+0000][1][safepoint    ] Safepoint "RevokeBias", Time since last: 25224792 ns, Reaching safepoint: 1509583 ns, At safepoint: 116917 ns, Total: 1626500 ns
[2023-07-17T16:10:42.025+0000][1][safepoint    ] Safepoint "Cleanup", Time since last: 1000959208 ns, Reaching safepoint: 3385958 ns, At safepoint: 70917 ns, Total: 3456875 ns
[2023-07-17T16:10:43.029+0000][1][safepoint    ] Safepoint "Cleanup", Time since last: 1001026667 ns, Reaching safepoint: 3321458 ns, At safepoint: 59209 ns, Total: 3380667 ns
[2023-07-17T16:10:44.031+0000][1][safepoint    ] Safepoint "Cleanup", Time since last: 1001151583 ns, Reaching safepoint: 1217875 ns, At safepoint: 20334 ns, Total: 1238209 ns
[2023-07-17T16:10:45.036+0000][1][safepoint    ] Safepoint "Cleanup", Time since last: 1000437875 ns, Reaching safepoint: 3551375 ns, At safepoint: 92125 ns, Total: 3643500 ns
[2023-07-17T16:10:46.039+0000][1][safepoint    ] Safepoint "Cleanup", Time since last: 1001915959 ns, Reaching safepoint: 1098625 ns, At safepoint: 27000 ns, Total: 1125625 ns
[2023-07-17T16:10:47.040+0000][1][safepoint    ] Safepoint "Cleanup", Time since last: 1000805209 ns, Reaching safepoint: 829792 ns, At safepoint: 19208 ns, Total: 849000 ns
[2023-07-17T16:10:48.045+0000][1][safepoint    ] Safepoint "Cleanup", Time since last: 1001098375 ns, Reaching safepoint: 3330334 ns, At safepoint: 72083 ns, Total: 3402417 ns
[2023-07-17T16:10:49.051+0000][1][safepoint    ] Safepoint "Cleanup", Time since last: 1004911876 ns, Reaching safepoint: 1025708 ns, At safepoint: 23000 ns, Total: 1048708 ns
[2023-07-17T16:10:50.058+0000][1][safepoint    ] Safepoint "Cleanup", Time since last: 1002930084 ns, Reaching safepoint: 3764583 ns, At safepoint: 77500 ns, Total: 3842083 ns
[2023-07-17T16:10:51.061+0000][1][safepoint    ] Safepoint "Cleanup", Time since last: 1002353500 ns, Reaching safepoint: 1565292 ns, At safepoint: 20083 ns, Total: 1585375 ns
[2023-07-17T16:10:52.063+0000][1][safepoint    ] Safepoint "Cleanup", Time since last: 1001141876 ns, Reaching safepoint: 741750 ns, At safepoint: 16083 ns, Total: 757833 ns
[2023-07-17T16:10:53.067+0000][1][safepoint    ] Safepoint "Cleanup", Time since last: 1002330584 ns, Reaching safepoint: 1591625 ns, At safepoint: 36458 ns, Total: 1628083 ns
[2023-07-17T16:10:54.069+0000][1][safepoint    ] Safepoint "Cleanup", Time since last: 1000693543 ns, Reaching safepoint: 1185875 ns, At safepoint: 26500 ns, Total: 1212375 ns
[2023-07-17T16:10:55.072+0000][1][safepoint    ] Safepoint "Cleanup", Time since last: 1001151958 ns, Reaching safepoint: 1946042 ns, At safepoint: 38542 ns, Total: 1984584 ns
[2023-07-17T16:10:56.077+0000][1][safepoint    ] Safepoint "Cleanup", Time since last: 1001065167 ns, Reaching safepoint: 3376042 ns, At safepoint: 70458 ns, Total: 3446500 ns
[2023-07-17T16:10:57.081+0000][1][safepoint    ] Safepoint "Cleanup", Time since last: 1001600125 ns, Reaching safepoint: 2101167 ns, At safepoint: 45208 ns, Total: 2146375 ns
[2023-07-17T16:10:58.084+0000][1][safepoint    ] Safepoint "Cleanup", Time since last: 1001861584 ns, Reaching safepoint: 1445709 ns, At safepoint: 27375 ns, Total: 1473084 ns
[2023-07-17T16:10:59.085+0000][1][safepoint    ] Safepoint "Cleanup", Time since last: 1000591833 ns, Reaching safepoint: 687125 ns, At safepoint: 14542 ns, Total: 701667 ns
[2023-07-17T16:11:00.652+0000][1][safepoint    ] Safepoint "Cleanup", Time since last: 1566303001 ns, Reaching safepoint: 643791 ns, At safepoint: 14375 ns, Total: 658166 ns
[2023-07-17T16:11:01.654+0000][1][safepoint    ] Safepoint "Cleanup", Time since last: 1000379459 ns, Reaching safepoint: 1250584 ns, At safepoint: 26125 ns, Total: 1276709 ns
[2023-07-17T16:11:02.656+0000][1][safepoint    ] Safepoint "Cleanup", Time since last: 1000773625 ns, Reaching safepoint: 1240208 ns, At safepoint: 18167 ns, Total: 1258375 ns
[2023-07-17T16:11:03.659+0000][1][safepoint    ] Safepoint "Cleanup", Time since last: 1001655001 ns, Reaching safepoint: 1058958 ns, At safepoint: 21542 ns, Total: 1080500 ns
[2023-07-17T16:11:04.662+0000][1][safepoint    ] Safepoint "Cleanup", Time since last: 1002219042 ns, Reaching safepoint: 992000 ns, At safepoint: 22916 ns, Total: 1014916 ns
[2023-07-17T16:11:05.666+0000][1][safepoint    ] Safepoint "Cleanup", Time since last: 1001142251 ns, Reaching safepoint: 2705625 ns, At safepoint: 77791 ns, Total: 2783416 ns
[2023-07-17T16:11:06.668+0000][1][safepoint    ] Safepoint "Cleanup", Time since last: 1001727418 ns, Reaching safepoint: 771958 ns, At safepoint: 17208 ns, Total: 789166 ns
[2023-07-17T16:11:07.670+0000][1][safepoint    ] Safepoint "Cleanup", Time since last: 1000793834 ns, Reaching safepoint: 922875 ns, At safepoint: 25125 ns, Total: 948000 ns
[2023-07-17T16:11:08.674+0000][1][safepoint    ] Safepoint "Cleanup", Time since last: 1001064876 ns, Reaching safepoint: 2990375 ns, At safepoint: 67291 ns, Total: 3057666 ns
[2023-07-17T16:11:09.677+0000][1][safepoint    ] Safepoint "Cleanup", Time since last: 1001134959 ns, Reaching safepoint: 1725458 ns, At safepoint: 38000 ns, Total: 1763458 ns
[2023-07-17T16:11:10.681+0000][1][safepoint    ] Safepoint "Cleanup", Time since last: 1003218959 ns, Reaching safepoint: 1127167 ns, At safepoint: 24208 ns, Total: 1151375 ns
[2023-07-17T16:11:11.013+0000][1][safepoint    ] Safepoint "RevokeBias", Time since last: 330062709 ns, Reaching safepoint: 1553250 ns, At safepoint: 115083 ns, Total: 1668333 ns
[2023-07-17T16:11:11.996+0000][1][safepoint    ] Safepoint "Cleanup", Time since last: 1001539542 ns, Reaching safepoint: 2932583 ns, At safepoint: 130292 ns, Total: 3062875 ns
[2023-07-17T16:11:12.998+0000][1][safepoint    ] Safepoint "Cleanup", Time since last: 1001182167 ns, Reaching safepoint: 1273167 ns, At safepoint: 24541 ns, Total: 1297708 ns
[2023-07-17T16:11:14.000+0000][1][safepoint    ] Safepoint "Cleanup", Time since last: 1000560292 ns, Reaching safepoint: 1196792 ns, At safepoint: 18667 ns, Total: 1215459 ns
[2023-07-17T16:11:15.003+0000][1][safepoint    ] Safepoint "Cleanup", Time since last: 1001227084 ns, Reaching safepoint: 1989000 ns, At safepoint: 34500 ns, Total: 2023500 ns
[2023-07-17T16:11:16.006+0000][1][safepoint    ] Safepoint "Cleanup", Time since last: 1001994833 ns, Reaching safepoint: 1080209 ns, At safepoint: 24000 ns, Total: 1104209 ns
[2023-07-17T16:11:17.011+0000][1][safepoint    ] Safepoint "Cleanup", Time since last: 1001397667 ns, Reaching safepoint: 3637708 ns, At safepoint: 74375 ns, Total: 3712083 ns
[2023-07-17T16:11:18.016+0000][1][safepoint    ] Safepoint "Cleanup", Time since last: 1001369959 ns, Reaching safepoint: 3597250 ns, At safepoint: 109417 ns, Total: 3706667 ns
[2023-07-17T16:11:19.019+0000][1][safepoint    ] Safepoint "Cleanup", Time since last: 1001353542 ns, Reaching safepoint: 1085667 ns, At safepoint: 23791 ns, Total: 1109458 ns
[2023-07-17T16:11:20.023+0000][1][safepoint    ] Safepoint "Cleanup", Time since last: 1002340834 ns, Reaching safepoint: 1356958 ns, At safepoint: 26042 ns, Total: 1383000 ns
[2023-07-17T16:11:21.024+0000][1][safepoint    ] Safepoint "Cleanup", Time since last: 1000746167 ns, Reaching safepoint: 721375 ns, At safepoint: 15375 ns, Total: 736750 ns
[2023-07-17T16:11:22.030+0000][1][safepoint    ] Safepoint "Cleanup", Time since last: 1001651292 ns, Reaching safepoint: 3747459 ns, At safepoint: 73833 ns, Total: 3821292 ns
[2023-07-17T16:11:23.035+0000][1][safepoint    ] Safepoint "Cleanup", Time since last: 1001713417 ns, Reaching safepoint: 3263458 ns, At safepoint: 82209 ns, Total: 3345667 ns
[2023-07-17T16:11:24.039+0000][1][safepoint    ] Safepoint "Cleanup", Time since last: 1003157834 ns, Reaching safepoint: 903000 ns, At safepoint: 19583 ns, Total: 922583 ns
[2023-07-17T16:11:25.040+0000][1][safepoint    ] Safepoint "Cleanup", Time since last: 1000656542 ns, Reaching safepoint: 743500 ns, At safepoint: 20042 ns, Total: 763542 ns
[2023-07-17T16:11:26.044+0000][1][safepoint    ] Safepoint "Cleanup", Time since last: 1001016875 ns, Reaching safepoint: 3277625 ns, At safepoint: 62625 ns, Total: 3340250 ns
[2023-07-17T16:11:27.047+0000][1][safepoint    ] Safepoint "Cleanup", Time since last: 1001089251 ns, Reaching safepoint: 1674208 ns, At safepoint: 39167 ns, Total: 1713375 ns
[2023-07-17T16:11:28.050+0000][1][safepoint    ] Safepoint "Cleanup", Time since last: 1001726875 ns, Reaching safepoint: 826709 ns, At safepoint: 17750 ns, Total: 844459 ns
[2023-07-17T16:11:28.933+0000][1][safepoint    ] Safepoint "RevokeBias", Time since last: 882159000 ns, Reaching safepoint: 1069208 ns, At safepoint: 166667 ns, Total: 1235875 ns
[2023-07-17T16:11:28.937+0000][1][safepoint    ] Safepoint "RevokeBias", Time since last: 2538417 ns, Reaching safepoint: 825500 ns, At safepoint: 111916 ns, Total: 937416 ns
[2023-07-17T16:11:28.944+0000][1][safepoint    ] Safepoint "RevokeBias", Time since last: 6495709 ns, Reaching safepoint: 519041 ns, At safepoint: 64875 ns, Total: 583916 ns
[2023-07-17T16:11:28.967+0000][1][safepoint    ] Safepoint "BulkRevokeBias", Time since last: 20004959 ns, Reaching safepoint: 776833 ns, At safepoint: 2893167 ns, Total: 3670000 ns
[2023-07-17T16:11:29.975+0000][1][safepoint    ] Safepoint "Cleanup", Time since last: 1003624875 ns, Reaching safepoint: 3400792 ns, At safepoint: 83625 ns, Total: 3484417 ns
[2023-07-17T16:11:30.977+0000][1][safepoint    ] Safepoint "Cleanup", Time since last: 1001495542 ns, Reaching safepoint: 981167 ns, At safepoint: 24625 ns, Total: 1005792 ns
[2023-07-17T16:11:30.994+0000][1][safepoint    ] Safepoint "RevokeBias", Time since last: 15411083 ns, Reaching safepoint: 1550750 ns, At safepoint: 337833 ns, Total: 1888583 ns
[2023-07-17T16:11:31.999+0000][1][safepoint    ] Safepoint "Cleanup", Time since last: 1001769209 ns, Reaching safepoint: 2823167 ns, At safepoint: 150916 ns, Total: 2974083 ns
[2023-07-17T16:11:33.003+0000][1][safepoint    ] Safepoint "Cleanup", Time since last: 1002375209 ns, Reaching safepoint: 1210834 ns, At safepoint: 19875 ns, Total: 1230709 ns
[2023-07-17T16:11:34.004+0000][1][safepoint    ] Safepoint "Cleanup", Time since last: 1000929042 ns, Reaching safepoint: 742250 ns, At safepoint: 20041 ns, Total: 762291 ns
[2023-07-17T16:11:35.007+0000][1][safepoint    ] Safepoint "Cleanup", Time since last: 1000635292 ns, Reaching safepoint: 1542959 ns, At safepoint: 29875 ns, Total: 1572834 ns
[2023-07-17T16:11:36.009+0000][1][safepoint    ] Safepoint "Cleanup", Time since last: 1001609000 ns, Reaching safepoint: 663334 ns, At safepoint: 15291 ns, Total: 678625 ns
[2023-07-17T16:11:37.011+0000][1][safepoint    ] Safepoint "Cleanup", Time since last: 1000608917 ns, Reaching safepoint: 1631834 ns, At safepoint: 30833 ns, Total: 1662667 ns
[2023-07-17T16:11:38.013+0000][1][safepoint    ] Safepoint "Cleanup", Time since last: 1000638417 ns, Reaching safepoint: 765292 ns, At safepoint: 14458 ns, Total: 779750 ns
[2023-07-17T16:11:39.017+0000][1][safepoint    ] Safepoint "Cleanup", Time since last: 1000836167 ns, Reaching safepoint: 3411667 ns, At safepoint: 82708 ns, Total: 3494375 ns
[2023-07-17T16:11:40.023+0000][1][safepoint    ] Safepoint "Cleanup", Time since last: 1001426376 ns, Reaching safepoint: 4664417 ns, At safepoint: 56583 ns, Total: 4721000 ns
[2023-07-17T16:11:41.027+0000][1][safepoint    ] Safepoint "Cleanup", Time since last: 1001561084 ns, Reaching safepoint: 2464875 ns, At safepoint: 21166 ns, Total: 2486041 ns
[2023-07-17T16:11:42.026+0000][1][safepoint    ] Safepoint "Cleanup", Time since last: 1001624250 ns, Reaching safepoint: 1360167 ns, At safepoint: 32083 ns, Total: 1392250 ns
[2023-07-17T16:11:43.030+0000][1][safepoint    ] Safepoint "Cleanup", Time since last: 1001090417 ns, Reaching safepoint: 2729667 ns, At safepoint: 72166 ns, Total: 2801833 ns
[2023-07-17T16:11:44.691+0000][1][safepoint    ] Safepoint "Cleanup", Time since last: 1658028543 ns, Reaching safepoint: 3153291 ns, At safepoint: 94625 ns, Total: 3247916 ns
[2023-07-17T16:11:45.696+0000][1][safepoint    ] Safepoint "Cleanup", Time since last: 1001258293 ns, Reaching safepoint: 3882791 ns, At safepoint: 82959 ns, Total: 3965750 ns
[2023-07-17T16:11:46.702+0000][1][safepoint    ] Safepoint "Cleanup", Time since last: 1001706833 ns, Reaching safepoint: 3774834 ns, At safepoint: 58833 ns, Total: 3833667 ns
[2023-07-17T16:11:47.705+0000][1][safepoint    ] Safepoint "Cleanup", Time since last: 1001361626 ns, Reaching safepoint: 2224583 ns, At safepoint: 49083 ns, Total: 2273666 ns
[2023-07-17T16:11:48.713+0000][1][safepoint    ] Safepoint "Cleanup", Time since last: 1004726459 ns, Reaching safepoint: 2568333 ns, At safepoint: 66959 ns, Total: 2635292 ns
[2023-07-17T16:11:49.720+0000][1][safepoint    ] Safepoint "Cleanup", Time since last: 1003271417 ns, Reaching safepoint: 3567292 ns, At safepoint: 88666 ns, Total: 3655958 ns
[2023-07-17T16:11:50.724+0000][1][safepoint    ] Safepoint "Cleanup", Time since last: 1003169167 ns, Reaching safepoint: 1302417 ns, At safepoint: 31292 ns, Total: 1333709 ns
[2023-07-17T16:11:51.736+0000][1][safepoint    ] Safepoint "Cleanup", Time since last: 1001152250 ns, Reaching safepoint: 8310000 ns, At safepoint: 501375 ns, Total: 8811375 ns
[2023-07-17T16:11:52.745+0000][1][safepoint    ] Safepoint "Cleanup", Time since last: 1009647917 ns, Reaching safepoint: 1705417 ns, At safepoint: 36250 ns, Total: 1741667 ns
[2023-07-17T16:11:53.748+0000][1][safepoint    ] Safepoint "Cleanup", Time since last: 1000772917 ns, Reaching safepoint: 2098792 ns, At safepoint: 45958 ns, Total: 2144750 ns
[2023-07-17T16:11:54.755+0000][1][safepoint    ] Safepoint "Cleanup", Time since last: 1004851334 ns, Reaching safepoint: 2201500 ns, At safepoint: 40250 ns, Total: 2241750 ns
[2023-07-17T16:11:55.758+0000][1][safepoint    ] Safepoint "Cleanup", Time since last: 1000749375 ns, Reaching safepoint: 1894167 ns, At safepoint: 41333 ns, Total: 1935500 ns
[2023-07-17T16:11:56.760+0000][1][safepoint    ] Safepoint "Cleanup", Time since last: 1000838293 ns, Reaching safepoint: 721625 ns, At safepoint: 14666 ns, Total: 736291 ns
[2023-07-17T16:11:57.762+0000][1][safepoint    ] Safepoint "Cleanup", Time since last: 1000797084 ns, Reaching safepoint: 1772708 ns, At safepoint: 63542 ns, Total: 1836250 ns
[2023-07-17T16:11:58.767+0000][1][safepoint    ] Safepoint "Cleanup", Time since last: 1001197876 ns, Reaching safepoint: 2930875 ns, At safepoint: 76666 ns, Total: 3007541 ns
[2023-07-17T16:11:59.770+0000][1][safepoint    ] Safepoint "Cleanup", Time since last: 1001146417 ns, Reaching safepoint: 1883209 ns, At safepoint: 37166 ns, Total: 1920375 ns
[2023-07-17T16:12:00.772+0000][1][safepoint    ] Safepoint "Cleanup", Time since last: 1000837084 ns, Reaching safepoint: 1817667 ns, At safepoint: 31500 ns, Total: 1849167 ns
[2023-07-17T16:12:01.001+0000][1][safepoint    ] Safepoint "RevokeBias", Time since last: 225078208 ns, Reaching safepoint: 1973959 ns, At safepoint: 1183875 ns, Total: 3157834 ns
[2023-07-17T16:12:02.006+0000][1][safepoint    ] Safepoint "Cleanup", Time since last: 1002268958 ns, Reaching safepoint: 2453209 ns, At safepoint: 258958 ns, Total: 2712167 ns
[2023-07-17T16:12:03.012+0000][1][safepoint    ] Safepoint "Cleanup", Time since last: 1001899417 ns, Reaching safepoint: 4126750 ns, At safepoint: 100875 ns, Total: 4227625 ns
[2023-07-17T16:12:04.017+0000][1][safepoint    ] Safepoint "Cleanup", Time since last: 1001712959 ns, Reaching safepoint: 3842000 ns, At safepoint: 83125 ns, Total: 3925125 ns
[2023-07-17T16:12:05.022+0000][1][safepoint    ] Safepoint "Cleanup", Time since last: 1002711792 ns, Reaching safepoint: 1622958 ns, At safepoint: 50584 ns, Total: 1673542 ns
[2023-07-17T16:12:06.025+0000][1][safepoint    ] Safepoint "Cleanup", Time since last: 1000858792 ns, Reaching safepoint: 2762625 ns, At safepoint: 97458 ns, Total: 2860083 ns
[2023-07-17T16:12:07.030+0000][1][safepoint    ] Safepoint "Cleanup", Time since last: 1002532459 ns, Reaching safepoint: 1828083 ns, At safepoint: 70084 ns, Total: 1898167 ns
[2023-07-17T16:12:08.035+0000][1][safepoint    ] Safepoint "Cleanup", Time since last: 1001928625 ns, Reaching safepoint: 2698875 ns, At safepoint: 71959 ns, Total: 2770834 ns
[2023-07-17T16:12:09.169+0000][1][safepoint    ] Safepoint "Cleanup", Time since last: 1133453958 ns, Reaching safepoint: 889459 ns, At safepoint: 18333 ns, Total: 907792 ns
[2023-07-17T16:12:10.170+0000][1][safepoint    ] Safepoint "Cleanup", Time since last: 1000386501 ns, Reaching safepoint: 791416 ns, At safepoint: 17792 ns, Total: 809208 ns
[2023-07-17T16:12:11.175+0000][1][safepoint    ] Safepoint "Cleanup", Time since last: 1000412167 ns, Reaching safepoint: 4786417 ns, At safepoint: 20375 ns, Total: 4806792 ns
[2023-07-17T16:12:11.228+0000][1][gc,start     ] GC(54) Pause Young (Allocation Failure)
[2023-07-17T16:12:11.230+0000][1][gc,task      ] GC(54) Using 4 workers of 4 for evacuation
[2023-07-17T16:12:11.255+0000][1][gc,age       ] GC(54) Desired survivor size 8945664 bytes, new threshold 6 (max threshold 6)
[2023-07-17T16:12:11.255+0000][1][gc,age       ] GC(54) Age table with threshold 6 (max threshold 6)
[2023-07-17T16:12:11.255+0000][1][gc,age       ] GC(54) - age   1:      85728 bytes,      85728 total
[2023-07-17T16:12:11.256+0000][1][gc,age       ] GC(54) - age   2:       2304 bytes,      88032 total
[2023-07-17T16:12:11.256+0000][1][gc,age       ] GC(54) - age   3:        136 bytes,      88168 total
[2023-07-17T16:12:11.256+0000][1][gc,age       ] GC(54) - age   4:       3008 bytes,      91176 total
[2023-07-17T16:12:11.256+0000][1][gc,age       ] GC(54) - age   5:       2024 bytes,      93200 total
[2023-07-17T16:12:11.256+0000][1][gc,age       ] GC(54) - age   6:        992 bytes,      94192 total
[2023-07-17T16:12:11.257+0000][1][gc,heap      ] GC(54) ParNew: 139927K->149K(157248K)
[2023-07-17T16:12:11.257+0000][1][gc,heap      ] GC(54) CMS: 69209K->69210K(349568K)
[2023-07-17T16:12:11.258+0000][1][gc,metaspace ] GC(54) Metaspace: 90284K->90284K(1132544K)
[2023-07-17T16:12:11.258+0000][1][gc           ] GC(54) Pause Young (Allocation Failure) 204M->67M(494M) 30.192ms
[2023-07-17T16:12:11.259+0000][1][gc,cpu       ] GC(54) User=0.05s Sys=0.01s Real=0.03s
[2023-07-17T16:12:11.259+0000][1][safepoint    ] Safepoint "GenCollectForAllocation", Time since last: 51777541 ns, Reaching safepoint: 686417 ns, At safepoint: 31135417 ns, Total: 31821834 ns
[2023-07-17T16:12:12.261+0000][1][safepoint    ] Safepoint "Cleanup", Time since last: 1000667000 ns, Reaching safepoint: 1997541 ns, At safepoint: 42125 ns, Total: 2039666 ns
[2023-07-17T16:12:13.267+0000][1][safepoint    ] Safepoint "Cleanup", Time since last: 1001251084 ns, Reaching safepoint: 3924750 ns, At safepoint: 89917 ns, Total: 4014667 ns
[2023-07-17T16:12:14.271+0000][1][safepoint    ] Safepoint "Cleanup", Time since last: 1003202542 ns, Reaching safepoint: 1064292 ns, At safepoint: 24083 ns, Total: 1088375 ns
[2023-07-17T16:12:15.275+0000][1][safepoint    ] Safepoint "Cleanup", Time since last: 1001236209 ns, Reaching safepoint: 3013291 ns, At safepoint: 73875 ns, Total: 3087166 ns
[2023-07-17T16:12:16.281+0000][1][safepoint    ] Safepoint "Cleanup", Time since last: 1002001668 ns, Reaching safepoint: 3579416 ns, At safepoint: 69792 ns, Total: 3649208 ns
[2023-07-17T16:12:17.284+0000][1][safepoint    ] Safepoint "Cleanup", Time since last: 1002096292 ns, Reaching safepoint: 1091792 ns, At safepoint: 20625 ns, Total: 1112417 ns
[2023-07-17T16:12:18.289+0000][1][safepoint    ] Safepoint "Cleanup", Time since last: 1001782625 ns, Reaching safepoint: 2692750 ns, At safepoint: 117584 ns, Total: 2810334 ns
[2023-07-17T16:12:19.292+0000][1][safepoint    ] Safepoint "Cleanup", Time since last: 1001783333 ns, Reaching safepoint: 1508167 ns, At safepoint: 29625 ns, Total: 1537792 ns
[2023-07-17T16:12:20.296+0000][1][safepoint    ] Safepoint "Cleanup", Time since last: 1001853500 ns, Reaching safepoint: 1910917 ns, At safepoint: 38458 ns, Total: 1949375 ns
[2023-07-17T16:12:21.001+0000][1][safepoint    ] Safepoint "RevokeBias", Time since last: 703401376 ns, Reaching safepoint: 1247958 ns, At safepoint: 219083 ns, Total: 1467041 ns
[2023-07-17T16:12:22.005+0000][1][safepoint    ] Safepoint "Cleanup", Time since last: 1000779334 ns, Reaching safepoint: 3350084 ns, At safepoint: 58666 ns, Total: 3408750 ns
[2023-07-17T16:12:23.010+0000][1][safepoint    ] Safepoint "Cleanup", Time since last: 1002197876 ns, Reaching safepoint: 3202208 ns, At safepoint: 75125 ns, Total: 3277333 ns
[2023-07-17T16:12:24.016+0000][1][safepoint    ] Safepoint "Cleanup", Time since last: 1001464959 ns, Reaching safepoint: 3883333 ns, At safepoint: 103709 ns, Total: 3987042 ns
[2023-07-17T16:12:25.021+0000][1][safepoint    ] Safepoint "Cleanup", Time since last: 1001494875 ns, Reaching safepoint: 3575458 ns, At safepoint: 82875 ns, Total: 3658333 ns
[2023-07-17T16:12:26.023+0000][1][safepoint    ] Safepoint "Cleanup", Time since last: 1001270709 ns, Reaching safepoint: 1060500 ns, At safepoint: 23959 ns, Total: 1084459 ns
[2023-07-17T16:12:27.028+0000][1][safepoint    ] Safepoint "Cleanup", Time since last: 1001012167 ns, Reaching safepoint: 3831291 ns, At safepoint: 79542 ns, Total: 3910833 ns
[2023-07-17T16:12:28.031+0000][1][safepoint    ] Safepoint "Cleanup", Time since last: 1001658750 ns, Reaching safepoint: 1070334 ns, At safepoint: 24958 ns, Total: 1095292 ns
[2023-07-17T16:12:29.032+0000][1][safepoint    ] Safepoint "Cleanup", Time since last: 1000543417 ns, Reaching safepoint: 854750 ns, At safepoint: 25000 ns, Total: 879750 ns
[2023-07-17T16:12:29.072+0000][1][safepoint    ] Safepoint "RevokeBias", Time since last: 39361792 ns, Reaching safepoint: 719708 ns, At safepoint: 153834 ns, Total: 873542 ns
[2023-07-17T16:12:29.076+0000][1][safepoint    ] Safepoint "RevokeBias", Time since last: 3058333 ns, Reaching safepoint: 810917 ns, At safepoint: 94625 ns, Total: 905542 ns
[2023-07-17T16:12:29.082+0000][1][safepoint    ] Safepoint "RevokeBias", Time since last: 4642916 ns, Reaching safepoint: 1016209 ns, At safepoint: 87375 ns, Total: 1103584 ns
[2023-07-17T16:12:29.118+0000][1][safepoint    ] Safepoint "RevokeBias", Time since last: 35543958 ns, Reaching safepoint: 617708 ns, At safepoint: 84292 ns, Total: 702000 ns
[2023-07-17T16:12:29.120+0000][1][safepoint    ] Safepoint "RevokeBias", Time since last: 518750 ns, Reaching safepoint: 529375 ns, At safepoint: 144708 ns, Total: 674083 ns
[2023-07-17T16:12:29.123+0000][1][safepoint    ] Safepoint "RevokeBias", Time since last: 3015292 ns, Reaching safepoint: 651958 ns, At safepoint: 58875 ns, Total: 710833 ns
[2023-07-17T16:12:30.354+0000][1][safepoint    ] Safepoint "Cleanup", Time since last: 1229351918 ns, Reaching safepoint: 1552541 ns, At safepoint: 36125 ns, Total: 1588666 ns
[2023-07-17T16:12:31.356+0000][1][safepoint    ] Safepoint "Cleanup", Time since last: 1000852876 ns, Reaching safepoint: 1250958 ns, At safepoint: 24958 ns, Total: 1275916 ns
[2023-07-17T16:12:32.358+0000][1][safepoint    ] Safepoint "Cleanup", Time since last: 1000731334 ns, Reaching safepoint: 634459 ns, At safepoint: 18458 ns, Total: 652917 ns
[2023-07-17T16:12:33.360+0000][1][safepoint    ] Safepoint "Cleanup", Time since last: 1000924375 ns, Reaching safepoint: 1217792 ns, At safepoint: 27833 ns, Total: 1245625 ns
[2023-07-17T16:12:34.363+0000][1][safepoint    ] Safepoint "Cleanup", Time since last: 1000786918 ns, Reaching safepoint: 2161583 ns, At safepoint: 46167 ns, Total: 2207750 ns
[2023-07-17T16:12:35.367+0000][1][safepoint    ] Safepoint "Cleanup", Time since last: 1001200583 ns, Reaching safepoint: 2501459 ns, At safepoint: 39250 ns, Total: 2540709 ns
[2023-07-17T16:12:36.369+0000][1][safepoint    ] Safepoint "Cleanup", Time since last: 1000670583 ns, Reaching safepoint: 1970292 ns, At safepoint: 43042 ns, Total: 2013334 ns
[2023-07-17T16:12:37.372+0000][1][safepoint    ] Safepoint "Cleanup", Time since last: 1000923917 ns, Reaching safepoint: 1458917 ns, At safepoint: 27875 ns, Total: 1486792 ns
[2023-07-17T16:12:38.376+0000][1][safepoint    ] Safepoint "Cleanup", Time since last: 1000856500 ns, Reaching safepoint: 3680292 ns, At safepoint: 76375 ns, Total: 3756667 ns
[2023-07-17T16:12:39.380+0000][1][safepoint    ] Safepoint "Cleanup", Time since last: 1002179542 ns, Reaching safepoint: 1097583 ns, At safepoint: 22709 ns, Total: 1120292 ns
[2023-07-17T16:12:40.383+0000][1][safepoint    ] Safepoint "Cleanup", Time since last: 1000783500 ns, Reaching safepoint: 2795333 ns, At safepoint: 58084 ns, Total: 2853417 ns
[2023-07-17T16:12:41.386+0000][1][safepoint    ] Safepoint "Cleanup", Time since last: 1000937917 ns, Reaching safepoint: 1735542 ns, At safepoint: 41125 ns, Total: 1776667 ns
[2023-07-17T16:12:42.392+0000][1][safepoint    ] Safepoint "Cleanup", Time since last: 1001603291 ns, Reaching safepoint: 4639958 ns, At safepoint: 77917 ns, Total: 4717875 ns
[2023-07-17T16:12:43.395+0000][1][safepoint    ] Safepoint "Cleanup", Time since last: 1001535417 ns, Reaching safepoint: 911792 ns, At safepoint: 44250 ns, Total: 956042 ns
[2023-07-17T16:12:44.400+0000][1][safepoint    ] Safepoint "Cleanup", Time since last: 1001313500 ns, Reaching safepoint: 4033709 ns, At safepoint: 98625 ns, Total: 4132334 ns
[2023-07-17T16:12:45.408+0000][1][safepoint    ] Safepoint "Cleanup", Time since last: 1004333042 ns, Reaching safepoint: 3716083 ns, At safepoint: 62792 ns, Total: 3778875 ns
[2023-07-17T16:12:46.415+0000][1][safepoint    ] Safepoint "Cleanup", Time since last: 1003417542 ns, Reaching safepoint: 3592125 ns, At safepoint: 88125 ns, Total: 3680250 ns
[2023-07-17T16:12:47.421+0000][1][safepoint    ] Safepoint "Cleanup", Time since last: 1001443209 ns, Reaching safepoint: 4144750 ns, At safepoint: 85916 ns, Total: 4230666 ns
[2023-07-17T16:12:48.423+0000][1][safepoint    ] Safepoint "Cleanup", Time since last: 1001431668 ns, Reaching safepoint: 772333 ns, At safepoint: 16458 ns, Total: 788791 ns
[2023-07-17T16:12:49.428+0000][1][safepoint    ] Safepoint "Cleanup", Time since last: 1000625626 ns, Reaching safepoint: 3951541 ns, At safepoint: 70042 ns, Total: 4021583 ns
[2023-07-17T16:12:50.433+0000][1][safepoint    ] Safepoint "Cleanup", Time since last: 1002601001 ns, Reaching safepoint: 2637666 ns, At safepoint: 80625 ns, Total: 2718291 ns
[2023-07-17T16:12:51.026+0000][1][safepoint    ] Safepoint "RevokeBias", Time since last: 590922417 ns, Reaching safepoint: 1712542 ns, At safepoint: 428125 ns, Total: 2140667 ns
[2023-07-17T16:12:52.031+0000][1][safepoint    ] Safepoint "Cleanup", Time since last: 1000571667 ns, Reaching safepoint: 4298000 ns, At safepoint: 93000 ns, Total: 4391000 ns
[2023-07-17T16:12:53.037+0000][1][safepoint    ] Safepoint "Cleanup", Time since last: 1001258084 ns, Reaching safepoint: 4085416 ns, At safepoint: 62709 ns, Total: 4148125 ns
[2023-07-17T16:12:54.042+0000][1][safepoint    ] Safepoint "Cleanup", Time since last: 1002085334 ns, Reaching safepoint: 3124708 ns, At safepoint: 59958 ns, Total: 3184666 ns
[2023-07-17T16:12:55.049+0000][1][safepoint    ] Safepoint "Cleanup", Time since last: 1002483251 ns, Reaching safepoint: 4167666 ns, At safepoint: 53000 ns, Total: 4220666 ns
[2023-07-17T16:12:56.054+0000][1][safepoint    ] Safepoint "Cleanup", Time since last: 1001389751 ns, Reaching safepoint: 3631833 ns, At safepoint: 74834 ns, Total: 3706667 ns
[2023-07-17T16:12:57.058+0000][1][safepoint    ] Safepoint "Cleanup", Time since last: 1001382917 ns, Reaching safepoint: 3084166 ns, At safepoint: 53792 ns, Total: 3137958 ns
[2023-07-17T16:12:58.061+0000][1][safepoint    ] Safepoint "Cleanup", Time since last: 1001542917 ns, Reaching safepoint: 1720375 ns, At safepoint: 34334 ns, Total: 1754709 ns
[2023-07-17T16:12:59.066+0000][1][safepoint    ] Safepoint "Cleanup", Time since last: 1001001292 ns, Reaching safepoint: 3598333 ns, At safepoint: 79167 ns, Total: 3677500 ns
[2023-07-17T16:13:00.072+0000][1][safepoint    ] Safepoint "Cleanup", Time since last: 1001269667 ns, Reaching safepoint: 4233291 ns, At safepoint: 75542 ns, Total: 4308833 ns
[2023-07-17T16:13:01.074+0000][1][safepoint    ] Safepoint "Cleanup", Time since last: 1000980834 ns, Reaching safepoint: 1124375 ns, At safepoint: 28667 ns, Total: 1153042 ns
[2023-07-17T16:13:02.189+0000][1][safepoint    ] Safepoint "Cleanup", Time since last: 1112556375 ns, Reaching safepoint: 2905917 ns, At safepoint: 64500 ns, Total: 2970417 ns
[2023-07-17T16:13:03.193+0000][1][safepoint    ] Safepoint "Cleanup", Time since last: 1001119375 ns, Reaching safepoint: 2270834 ns, At safepoint: 57458 ns, Total: 2328292 ns
[2023-07-17T16:13:04.195+0000][1][safepoint    ] Safepoint "Cleanup", Time since last: 1001036750 ns, Reaching safepoint: 1426334 ns, At safepoint: 20750 ns, Total: 1447084 ns
[2023-07-17T16:13:05.200+0000][1][safepoint    ] Safepoint "Cleanup", Time since last: 1002076709 ns, Reaching safepoint: 2499583 ns, At safepoint: 76708 ns, Total: 2576291 ns
[2023-07-17T16:13:06.205+0000][1][safepoint    ] Safepoint "Cleanup", Time since last: 1001758709 ns, Reaching safepoint: 3598417 ns, At safepoint: 75166 ns, Total: 3673583 ns
[2023-07-17T16:13:07.210+0000][1][safepoint    ] Safepoint "Cleanup", Time since last: 1001514626 ns, Reaching safepoint: 2824792 ns, At safepoint: 109750 ns, Total: 2934542 ns
[2023-07-17T16:13:08.211+0000][1][safepoint    ] Safepoint "Cleanup", Time since last: 1000932000 ns, Reaching safepoint: 606750 ns, At safepoint: 13292 ns, Total: 620042 ns
[2023-07-17T16:13:09.215+0000][1][safepoint    ] Safepoint "Cleanup", Time since last: 1000482417 ns, Reaching safepoint: 3007333 ns, At safepoint: 67000 ns, Total: 3074333 ns
[2023-07-17T16:13:10.221+0000][1][safepoint    ] Safepoint "Cleanup", Time since last: 1001933667 ns, Reaching safepoint: 3846750 ns, At safepoint: 111875 ns, Total: 3958625 ns
[2023-07-17T16:13:11.194+0000][1][safepoint    ] Safepoint "RevokeBias", Time since last: 964215167 ns, Reaching safepoint: 5203292 ns, At safepoint: 1498958 ns, Total: 6702250 ns
[2023-07-17T16:13:12.210+0000][1][safepoint    ] Safepoint "Cleanup", Time since last: 1013776667 ns, Reaching safepoint: 4200834 ns, At safepoint: 169916 ns, Total: 4370750 ns
[2023-07-17T16:13:13.216+0000][1][safepoint    ] Safepoint "Cleanup", Time since last: 1002610917 ns, Reaching safepoint: 3376875 ns, At safepoint: 75125 ns, Total: 3452000 ns
[2023-07-17T16:13:14.219+0000][1][safepoint    ] Safepoint "Cleanup", Time since last: 1001929251 ns, Reaching safepoint: 780542 ns, At safepoint: 22458 ns, Total: 803000 ns
[2023-07-17T16:13:15.225+0000][1][safepoint    ] Safepoint "Cleanup", Time since last: 1003469750 ns, Reaching safepoint: 3295334 ns, At safepoint: 71291 ns, Total: 3366625 ns
[2023-07-17T16:13:16.230+0000][1][safepoint    ] Safepoint "Cleanup", Time since last: 1001260626 ns, Reaching safepoint: 2994125 ns, At safepoint: 103583 ns, Total: 3097708 ns
[2023-07-17T16:13:17.235+0000][1][safepoint    ] Safepoint "Cleanup", Time since last: 1001002751 ns, Reaching safepoint: 3945500 ns, At safepoint: 89333 ns, Total: 4034833 ns
[2023-07-17T16:13:18.243+0000][1][safepoint    ] Safepoint "Cleanup", Time since last: 1003580209 ns, Reaching safepoint: 4353208 ns, At safepoint: 102833 ns, Total: 4456041 ns
[2023-07-17T16:13:19.245+0000][1][safepoint    ] Safepoint "Cleanup", Time since last: 1001250793 ns, Reaching safepoint: 1142375 ns, At safepoint: 20708 ns, Total: 1163083 ns
[2023-07-17T16:13:20.247+0000][1][safepoint    ] Safepoint "Cleanup", Time since last: 1001365917 ns, Reaching safepoint: 642083 ns, At safepoint: 13500 ns, Total: 655583 ns
[2023-07-17T16:13:21.870+0000][1][safepoint    ] Safepoint "Cleanup", Time since last: 1606587293 ns, Reaching safepoint: 16223667 ns, At safepoint: 85125 ns, Total: 16308792 ns
[2023-07-17T16:13:21.872+0000][1][safepoint    ] Safepoint "RevokeBias", Time since last: 1507166 ns, Reaching safepoint: 537459 ns, At safepoint: 88250 ns, Total: 625709 ns
[2023-07-17T16:13:21.878+0000][1][safepoint    ] Safepoint "RevokeBias", Time since last: 5733166 ns, Reaching safepoint: 410625 ns, At safepoint: 61167 ns, Total: 471792 ns
[2023-07-17T16:13:21.891+0000][1][safepoint    ] Safepoint "RevokeBias", Time since last: 8686625 ns, Reaching safepoint: 3730625 ns, At safepoint: 91875 ns, Total: 3822500 ns
[2023-07-17T16:13:21.911+0000][1][safepoint    ] Safepoint "RevokeBias", Time since last: 18484042 ns, Reaching safepoint: 1208583 ns, At safepoint: 34292 ns, Total: 1242875 ns
[2023-07-17T16:13:21.917+0000][1][safepoint    ] Safepoint "RevokeBias", Time since last: 5300041 ns, Reaching safepoint: 881500 ns, At safepoint: 32917 ns, Total: 914417 ns
[2023-07-17T16:13:21.931+0000][1][safepoint    ] Safepoint "RevokeBias", Time since last: 13857917 ns, Reaching safepoint: 503875 ns, At safepoint: 24250 ns, Total: 528125 ns
[2023-07-17T16:13:21.933+0000][1][safepoint    ] Safepoint "RevokeBias", Time since last: 1220250 ns, Reaching safepoint: 366833 ns, At safepoint: 17708 ns, Total: 384541 ns
[2023-07-17T16:13:21.969+0000][1][safepoint    ] Safepoint "RevokeBias", Time since last: 34759250 ns, Reaching safepoint: 928375 ns, At safepoint: 33167 ns, Total: 961542 ns
[2023-07-17T16:13:22.012+0000][1][safepoint    ] Safepoint "RevokeBias", Time since last: 40082833 ns, Reaching safepoint: 3561542 ns, At safepoint: 72208 ns, Total: 3633750 ns
[2023-07-17T16:13:22.037+0000][1][safepoint    ] Safepoint "RevokeBias", Time since last: 22280625 ns, Reaching safepoint: 2604167 ns, At safepoint: 260458 ns, Total: 2864625 ns
[2023-07-17T16:13:22.044+0000][1][safepoint    ] Safepoint "RevokeBias", Time since last: 5546250 ns, Reaching safepoint: 607625 ns, At safepoint: 53417 ns, Total: 661042 ns
[2023-07-17T16:13:22.080+0000][1][safepoint    ] Safepoint "RevokeBias", Time since last: 35357000 ns, Reaching safepoint: 1275625 ns, At safepoint: 25542 ns, Total: 1301167 ns
[2023-07-17T16:13:22.082+0000][1][safepoint    ] Safepoint "RevokeBias", Time since last: 456083 ns, Reaching safepoint: 899000 ns, At safepoint: 20667 ns, Total: 919667 ns
[2023-07-17T16:13:22.083+0000][1][safepoint    ] Safepoint "RevokeBias", Time since last: 367250 ns, Reaching safepoint: 543333 ns, At safepoint: 16000 ns, Total: 559333 ns
[2023-07-17T16:13:22.085+0000][1][safepoint    ] Safepoint "RevokeBias", Time since last: 1850500 ns, Reaching safepoint: 781417 ns, At safepoint: 160750 ns, Total: 942167 ns
[2023-07-17T16:13:22.086+0000][1][safepoint    ] Safepoint "RevokeBias", Time since last: 321583 ns, Reaching safepoint: 307208 ns, At safepoint: 20542 ns, Total: 327750 ns
[2023-07-17T16:13:22.087+0000][1][safepoint    ] Safepoint "RevokeBias", Time since last: 335833 ns, Reaching safepoint: 185500 ns, At safepoint: 13417 ns, Total: 198917 ns
[2023-07-17T16:13:22.090+0000][1][safepoint    ] Safepoint "RevokeBias", Time since last: 3139625 ns, Reaching safepoint: 218042 ns, At safepoint: 18375 ns, Total: 236417 ns
[2023-07-17T16:13:22.163+0000][1][safepoint    ] Safepoint "RevokeBias", Time since last: 70595541 ns, Reaching safepoint: 2041584 ns, At safepoint: 26083 ns, Total: 2067667 ns
[2023-07-17T16:13:22.634+0000][1][safepoint    ] Safepoint "RevokeBias", Time since last: 470858375 ns, Reaching safepoint: 872042 ns, At safepoint: 44250 ns, Total: 916292 ns
[2023-07-17T16:13:22.638+0000][1][safepoint    ] Safepoint "RevokeBias", Time since last: 2740625 ns, Reaching safepoint: 401667 ns, At safepoint: 38166 ns, Total: 439833 ns
[2023-07-17T16:13:22.645+0000][1][safepoint    ] Safepoint "RevokeBias", Time since last: 6900750 ns, Reaching safepoint: 315667 ns, At safepoint: 154333 ns, Total: 470000 ns
[2023-07-17T16:13:22.647+0000][1][safepoint    ] Safepoint "RevokeBias", Time since last: 1303209 ns, Reaching safepoint: 297875 ns, At safepoint: 24875 ns, Total: 322750 ns
[2023-07-17T16:13:22.647+0000][1][safepoint    ] Safepoint "RevokeBias", Time since last: 270458 ns, Reaching safepoint: 260167 ns, At safepoint: 17250 ns, Total: 277417 ns
[2023-07-17T16:13:22.648+0000][1][safepoint    ] Safepoint "RevokeBias", Time since last: 256958 ns, Reaching safepoint: 274583 ns, At safepoint: 23292 ns, Total: 297875 ns
[2023-07-17T16:13:22.659+0000][1][safepoint    ] Safepoint "RevokeBias", Time since last: 6863917 ns, Reaching safepoint: 4885125 ns, At safepoint: 32833 ns, Total: 4917958 ns
[2023-07-17T16:13:22.660+0000][1][safepoint    ] Safepoint "RevokeBias", Time since last: 316292 ns, Reaching safepoint: 336791 ns, At safepoint: 22334 ns, Total: 359125 ns
[2023-07-17T16:13:22.670+0000][1][safepoint    ] Safepoint "RevokeBias", Time since last: 8780125 ns, Reaching safepoint: 674375 ns, At safepoint: 31875 ns, Total: 706250 ns
[2023-07-17T16:13:22.672+0000][1][safepoint    ] Safepoint "RevokeBias", Time since last: 1558291 ns, Reaching safepoint: 747334 ns, At safepoint: 30791 ns, Total: 778125 ns
[2023-07-17T16:13:22.673+0000][1][safepoint    ] Safepoint "RevokeBias", Time since last: 767792 ns, Reaching safepoint: 362375 ns, At safepoint: 21208 ns, Total: 383583 ns
[2023-07-17T16:13:22.693+0000][1][safepoint    ] Safepoint "RevokeBias", Time since last: 18778209 ns, Reaching safepoint: 738625 ns, At safepoint: 26416 ns, Total: 765041 ns
[2023-07-17T16:13:22.696+0000][1][safepoint    ] Safepoint "RevokeBias", Time since last: 3106459 ns, Reaching safepoint: 335500 ns, At safepoint: 23500 ns, Total: 359000 ns
[2023-07-17T16:13:22.697+0000][1][safepoint    ] Safepoint "RevokeBias", Time since last: 261375 ns, Reaching safepoint: 326458 ns, At safepoint: 19583 ns, Total: 346041 ns
[2023-07-17T16:13:22.697+0000][1][safepoint    ] Safepoint "RevokeBias", Time since last: 257750 ns, Reaching safepoint: 298250 ns, At safepoint: 18542 ns, Total: 316792 ns
[2023-07-17T16:13:22.698+0000][1][safepoint    ] Safepoint "RevokeBias", Time since last: 317833 ns, Reaching safepoint: 273334 ns, At safepoint: 20000 ns, Total: 293334 ns
[2023-07-17T16:13:22.699+0000][1][safepoint    ] Safepoint "RevokeBias", Time since last: 351833 ns, Reaching safepoint: 243708 ns, At safepoint: 20750 ns, Total: 264458 ns
[2023-07-17T16:13:22.699+0000][1][safepoint    ] Safepoint "RevokeBias", Time since last: 339709 ns, Reaching safepoint: 174000 ns, At safepoint: 29125 ns, Total: 203125 ns
[2023-07-17T16:13:22.705+0000][1][safepoint    ] Safepoint "RevokeBias", Time since last: 5464583 ns, Reaching safepoint: 236625 ns, At safepoint: 24458 ns, Total: 261083 ns
[2023-07-17T16:13:22.708+0000][1][safepoint    ] Safepoint "RevokeBias", Time since last: 2783500 ns, Reaching safepoint: 279375 ns, At safepoint: 19584 ns, Total: 298959 ns
[2023-07-17T16:13:22.719+0000][1][safepoint    ] Safepoint "RevokeBias", Time since last: 10267750 ns, Reaching safepoint: 465250 ns, At safepoint: 22333 ns, Total: 487583 ns
[2023-07-17T16:13:22.731+0000][1][safepoint    ] Safepoint "RevokeBias", Time since last: 11681000 ns, Reaching safepoint: 937625 ns, At safepoint: 87917 ns, Total: 1025542 ns
[2023-07-17T16:13:22.736+0000][1][safepoint    ] Safepoint "RevokeBias", Time since last: 4054166 ns, Reaching safepoint: 913750 ns, At safepoint: 27834 ns, Total: 941584 ns
[2023-07-17T16:13:22.740+0000][1][safepoint    ] Safepoint "RevokeBias", Time since last: 2621000 ns, Reaching safepoint: 563125 ns, At safepoint: 59625 ns, Total: 622750 ns
[2023-07-17T16:13:22.741+0000][1][safepoint    ] Safepoint "RevokeBias", Time since last: 655916 ns, Reaching safepoint: 386250 ns, At safepoint: 209334 ns, Total: 595584 ns
[2023-07-17T16:13:22.743+0000][1][safepoint    ] Safepoint "RevokeBias", Time since last: 416791 ns, Reaching safepoint: 1121584 ns, At safepoint: 285541 ns, Total: 1407125 ns
[2023-07-17T16:13:22.745+0000][1][safepoint    ] Safepoint "RevokeBias", Time since last: 1478834 ns, Reaching safepoint: 876166 ns, At safepoint: 160875 ns, Total: 1037041 ns
[2023-07-17T16:13:22.747+0000][1][safepoint    ] Safepoint "RevokeBias", Time since last: 1319209 ns, Reaching safepoint: 720166 ns, At safepoint: 24250 ns, Total: 744416 ns
[2023-07-17T16:13:22.748+0000][1][safepoint    ] Safepoint "RevokeBias", Time since last: 190417 ns, Reaching safepoint: 395292 ns, At safepoint: 115166 ns, Total: 510458 ns
[2023-07-17T16:13:22.750+0000][1][safepoint    ] Safepoint "RevokeBias", Time since last: 803167 ns, Reaching safepoint: 912917 ns, At safepoint: 96958 ns, Total: 1009875 ns
[2023-07-17T16:13:22.761+0000][1][safepoint    ] Safepoint "BulkRevokeBias", Time since last: 7947583 ns, Reaching safepoint: 798542 ns, At safepoint: 2333875 ns, Total: 3132417 ns
[2023-07-17T16:13:22.768+0000][1][safepoint    ] Safepoint "RevokeBias", Time since last: 4337083 ns, Reaching safepoint: 2512042 ns, At safepoint: 27000 ns, Total: 2539042 ns
[2023-07-17T16:13:22.840+0000][1][safepoint    ] Safepoint "RevokeBias", Time since last: 70858292 ns, Reaching safepoint: 1361791 ns, At safepoint: 26542 ns, Total: 1388333 ns
[2023-07-17T16:13:22.841+0000][1][safepoint    ] Safepoint "RevokeBias", Time since last: 308833 ns, Reaching safepoint: 279834 ns, At safepoint: 26916 ns, Total: 306750 ns
[2023-07-17T16:13:22.843+0000][1][safepoint    ] Safepoint "RevokeBias", Time since last: 1345917 ns, Reaching safepoint: 716583 ns, At safepoint: 80084 ns, Total: 796667 ns
[2023-07-17T16:13:22.844+0000][1][safepoint    ] Safepoint "RevokeBias", Time since last: 207500 ns, Reaching safepoint: 744791 ns, At safepoint: 152167 ns, Total: 896958 ns
[2023-07-17T16:13:22.846+0000][1][safepoint    ] Safepoint "RevokeBias", Time since last: 1828833 ns, Reaching safepoint: 456584 ns, At safepoint: 48625 ns, Total: 505209 ns
[2023-07-17T16:13:22.848+0000][1][safepoint    ] Safepoint "RevokeBias", Time since last: 1276166 ns, Reaching safepoint: 376292 ns, At safepoint: 44833 ns, Total: 421125 ns
[2023-07-17T16:13:22.848+0000][1][safepoint    ] Safepoint "RevokeBias", Time since last: 199500 ns, Reaching safepoint: 301209 ns, At safepoint: 54666 ns, Total: 355875 ns
[2023-07-17T16:13:22.849+0000][1][safepoint    ] Safepoint "RevokeBias", Time since last: 598209 ns, Reaching safepoint: 324708 ns, At safepoint: 42625 ns, Total: 367333 ns
[2023-07-17T16:13:22.851+0000][1][safepoint    ] Safepoint "RevokeBias", Time since last: 335208 ns, Reaching safepoint: 948792 ns, At safepoint: 47292 ns, Total: 996084 ns
[2023-07-17T16:13:22.916+0000][1][safepoint    ] Safepoint "RevokeBias", Time since last: 64056166 ns, Reaching safepoint: 1632042 ns, At safepoint: 72750 ns, Total: 1704792 ns
[2023-07-17T16:13:22.929+0000][1][safepoint    ] Safepoint "RevokeBias", Time since last: 10164083 ns, Reaching safepoint: 2772125 ns, At safepoint: 64875 ns, Total: 2837000 ns
[2023-07-17T16:13:22.932+0000][1][safepoint    ] Safepoint "RevokeBias", Time since last: 1442167 ns, Reaching safepoint: 1231583 ns, At safepoint: 58125 ns, Total: 1289708 ns
[2023-07-17T16:13:22.935+0000][1][safepoint    ] Safepoint "RevokeBias", Time since last: 2560042 ns, Reaching safepoint: 644917 ns, At safepoint: 53208 ns, Total: 698125 ns
[2023-07-17T16:13:22.938+0000][1][safepoint    ] Safepoint "RevokeBias", Time since last: 1555208 ns, Reaching safepoint: 915334 ns, At safepoint: 46041 ns, Total: 961375 ns
[2023-07-17T16:13:22.941+0000][1][safepoint    ] Safepoint "RevokeBias", Time since last: 2265834 ns, Reaching safepoint: 510416 ns, At safepoint: 71709 ns, Total: 582125 ns
[2023-07-17T16:13:22.942+0000][1][safepoint    ] Safepoint "RevokeBias", Time since last: 869208 ns, Reaching safepoint: 461333 ns, At safepoint: 67542 ns, Total: 528875 ns
[2023-07-17T16:13:22.944+0000][1][safepoint    ] Safepoint "RevokeBias", Time since last: 1355167 ns, Reaching safepoint: 482166 ns, At safepoint: 84459 ns, Total: 566625 ns
[2023-07-17T16:13:22.949+0000][1][safepoint    ] Safepoint "RevokeBias", Time since last: 1792458 ns, Reaching safepoint: 2784583 ns, At safepoint: 69375 ns, Total: 2853958 ns
[2023-07-17T16:13:22.950+0000][1][safepoint    ] Safepoint "RevokeBias", Time since last: 410459 ns, Reaching safepoint: 478125 ns, At safepoint: 51666 ns, Total: 529791 ns
[2023-07-17T16:13:22.953+0000][1][safepoint    ] Safepoint "RevokeBias", Time since last: 782625 ns, Reaching safepoint: 2580417 ns, At safepoint: 81042 ns, Total: 2661459 ns
[2023-07-17T16:13:22.955+0000][1][safepoint    ] Safepoint "RevokeBias", Time since last: 1199750 ns, Reaching safepoint: 599333 ns, At safepoint: 77750 ns, Total: 677083 ns
[2023-07-17T16:13:22.966+0000][1][safepoint    ] Safepoint "RevokeBias", Time since last: 3444042 ns, Reaching safepoint: 7160083 ns, At safepoint: 91708 ns, Total: 7251791 ns
[2023-07-17T16:13:22.975+0000][1][safepoint    ] Safepoint "RevokeBias", Time since last: 7184584 ns, Reaching safepoint: 1902083 ns, At safepoint: 145667 ns, Total: 2047750 ns
[2023-07-17T16:13:22.982+0000][1][safepoint    ] Safepoint "RevokeBias", Time since last: 2729625 ns, Reaching safepoint: 3702791 ns, At safepoint: 68084 ns, Total: 3770875 ns
[2023-07-17T16:13:22.983+0000][1][safepoint    ] Safepoint "RevokeBias", Time since last: 333291 ns, Reaching safepoint: 1408667 ns, At safepoint: 55958 ns, Total: 1464625 ns
[2023-07-17T16:13:22.985+0000][1][safepoint    ] Safepoint "RevokeBias", Time since last: 307709 ns, Reaching safepoint: 1781041 ns, At safepoint: 51500 ns, Total: 1832541 ns
[2023-07-17T16:13:22.993+0000][1][safepoint    ] Safepoint "RevokeBias", Time since last: 388750 ns, Reaching safepoint: 6756334 ns, At safepoint: 73416 ns, Total: 6829750 ns
[2023-07-17T16:13:23.002+0000][1][safepoint    ] Safepoint "RevokeBias", Time since last: 6097209 ns, Reaching safepoint: 2821291 ns, At safepoint: 74459 ns, Total: 2895750 ns
[2023-07-17T16:13:23.005+0000][1][safepoint    ] Safepoint "RevokeBias", Time since last: 1736375 ns, Reaching safepoint: 1157375 ns, At safepoint: 55083 ns, Total: 1212458 ns
[2023-07-17T16:13:23.006+0000][1][safepoint    ] Safepoint "RevokeBias", Time since last: 296208 ns, Reaching safepoint: 1140000 ns, At safepoint: 84042 ns, Total: 1224042 ns
[2023-07-17T16:13:23.007+0000][1][safepoint    ] Safepoint "RevokeBias", Time since last: 681625 ns, Reaching safepoint: 502583 ns, At safepoint: 60417 ns, Total: 563000 ns
[2023-07-17T16:13:23.008+0000][1][safepoint    ] Safepoint "RevokeBias", Time since last: 222667 ns, Reaching safepoint: 432666 ns, At safepoint: 45125 ns, Total: 477791 ns
[2023-07-17T16:13:23.011+0000][1][safepoint    ] Safepoint "RevokeBias", Time since last: 1284417 ns, Reaching safepoint: 1230250 ns, At safepoint: 60375 ns, Total: 1290625 ns
[2023-07-17T16:13:23.015+0000][1][safepoint    ] Safepoint "BulkRevokeBias", Time since last: 1522208 ns, Reaching safepoint: 914209 ns, At safepoint: 1680208 ns, Total: 2594417 ns
[2023-07-17T16:13:23.018+0000][1][safepoint    ] Safepoint "RevokeBias", Time since last: 2395042 ns, Reaching safepoint: 711458 ns, At safepoint: 84417 ns, Total: 795875 ns
[2023-07-17T16:13:23.022+0000][1][safepoint    ] Safepoint "RevokeBias", Time since last: 2320041 ns, Reaching safepoint: 1414542 ns, At safepoint: 74792 ns, Total: 1489334 ns
[2023-07-17T16:13:23.023+0000][1][safepoint    ] Safepoint "RevokeBias", Time since last: 893000 ns, Reaching safepoint: 574333 ns, At safepoint: 54292 ns, Total: 628625 ns
[2023-07-17T16:13:23.025+0000][1][safepoint    ] Safepoint "RevokeBias", Time since last: 1286458 ns, Reaching safepoint: 772667 ns, At safepoint: 61625 ns, Total: 834292 ns
[2023-07-17T16:13:23.026+0000][1][safepoint    ] Safepoint "RevokeBias", Time since last: 303458 ns, Reaching safepoint: 609750 ns, At safepoint: 45750 ns, Total: 655500 ns
[2023-07-17T16:13:23.028+0000][1][safepoint    ] Safepoint "RevokeBias", Time since last: 194125 ns, Reaching safepoint: 941250 ns, At safepoint: 46042 ns, Total: 987292 ns
[2023-07-17T16:13:23.032+0000][1][safepoint    ] Safepoint "RevokeBias", Time since last: 3993541 ns, Reaching safepoint: 470250 ns, At safepoint: 54917 ns, Total: 525167 ns
[2023-07-17T16:13:23.034+0000][1][safepoint    ] Safepoint "RevokeBias", Time since last: 1270167 ns, Reaching safepoint: 402708 ns, At safepoint: 49417 ns, Total: 452125 ns
[2023-07-17T16:13:23.037+0000][1][safepoint    ] Safepoint "RevokeBias", Time since last: 2518500 ns, Reaching safepoint: 689291 ns, At safepoint: 54584 ns, Total: 743875 ns
[2023-07-17T16:13:23.042+0000][1][safepoint    ] Safepoint "BulkRevokeBias", Time since last: 2891291 ns, Reaching safepoint: 612584 ns, At safepoint: 1173333 ns, Total: 1785917 ns
[2023-07-17T16:13:23.044+0000][1][safepoint    ] Safepoint "RevokeBias", Time since last: 2003500 ns, Reaching safepoint: 447292 ns, At safepoint: 53708 ns, Total: 501000 ns
[2023-07-17T16:13:23.045+0000][1][safepoint    ] Safepoint "RevokeBias", Time since last: 243042 ns, Reaching safepoint: 876000 ns, At safepoint: 51666 ns, Total: 927666 ns
[2023-07-17T16:13:23.046+0000][1][safepoint    ] Safepoint "RevokeBias", Time since last: 185417 ns, Reaching safepoint: 404667 ns, At safepoint: 46958 ns, Total: 451625 ns
[2023-07-17T16:13:23.060+0000][1][safepoint    ] Safepoint "RevokeBias", Time since last: 13645542 ns, Reaching safepoint: 606500 ns, At safepoint: 61500 ns, Total: 668000 ns
[2023-07-17T16:13:23.062+0000][1][safepoint    ] Safepoint "RevokeBias", Time since last: 1669375 ns, Reaching safepoint: 415041 ns, At safepoint: 48209 ns, Total: 463250 ns
[2023-07-17T16:13:23.069+0000][1][safepoint    ] Safepoint "RevokeBias", Time since last: 3743666 ns, Reaching safepoint: 2646667 ns, At safepoint: 57333 ns, Total: 2704000 ns
[2023-07-17T16:13:23.070+0000][1][safepoint    ] Safepoint "RevokeBias", Time since last: 245125 ns, Reaching safepoint: 562250 ns, At safepoint: 53250 ns, Total: 615500 ns
[2023-07-17T16:13:23.073+0000][1][safepoint    ] Safepoint "RevokeBias", Time since last: 2871375 ns, Reaching safepoint: 617875 ns, At safepoint: 50750 ns, Total: 668625 ns
[2023-07-17T16:13:23.074+0000][1][safepoint    ] Safepoint "RevokeBias", Time since last: 320334 ns, Reaching safepoint: 511958 ns, At safepoint: 55500 ns, Total: 567458 ns
[2023-07-17T16:13:23.080+0000][1][safepoint    ] Safepoint "RevokeBias", Time since last: 1761417 ns, Reaching safepoint: 3707333 ns, At safepoint: 55250 ns, Total: 3762583 ns
[2023-07-17T16:13:23.080+0000][1][safepoint    ] Safepoint "RevokeBias", Time since last: 230833 ns, Reaching safepoint: 329500 ns, At safepoint: 45750 ns, Total: 375250 ns
[2023-07-17T16:13:23.084+0000][1][safepoint    ] Safepoint "RevokeBias", Time since last: 2145875 ns, Reaching safepoint: 1014584 ns, At safepoint: 50625 ns, Total: 1065209 ns
[2023-07-17T16:13:23.087+0000][1][safepoint    ] Safepoint "RevokeBias", Time since last: 2613208 ns, Reaching safepoint: 983417 ns, At safepoint: 50125 ns, Total: 1033542 ns
[2023-07-17T16:13:23.088+0000][1][safepoint    ] Safepoint "RevokeBias", Time since last: 334166 ns, Reaching safepoint: 708542 ns, At safepoint: 48458 ns, Total: 757000 ns
[2023-07-17T16:13:23.092+0000][1][safepoint    ] Safepoint "RevokeBias", Time since last: 2661584 ns, Reaching safepoint: 713791 ns, At safepoint: 49167 ns, Total: 762958 ns
[2023-07-17T16:13:23.093+0000][1][safepoint    ] Safepoint "RevokeBias", Time since last: 380917 ns, Reaching safepoint: 786875 ns, At safepoint: 18625 ns, Total: 805500 ns
[2023-07-17T16:13:23.096+0000][1][safepoint    ] Safepoint "RevokeBias", Time since last: 2213916 ns, Reaching safepoint: 563250 ns, At safepoint: 47375 ns, Total: 610625 ns
[2023-07-17T16:13:23.097+0000][1][safepoint    ] Safepoint "RevokeBias", Time since last: 186667 ns, Reaching safepoint: 858750 ns, At safepoint: 43875 ns, Total: 902625 ns
[2023-07-17T16:13:23.097+0000][1][safepoint    ] Safepoint "RevokeBias", Time since last: 252958 ns, Reaching safepoint: 331167 ns, At safepoint: 45125 ns, Total: 376292 ns
[2023-07-17T16:13:23.100+0000][1][safepoint    ] Safepoint "RevokeBias", Time since last: 1338667 ns, Reaching safepoint: 950500 ns, At safepoint: 48583 ns, Total: 999083 ns
[2023-07-17T16:13:23.108+0000][1][safepoint    ] Safepoint "RevokeBias", Time since last: 4265042 ns, Reaching safepoint: 3545083 ns, At safepoint: 22083 ns, Total: 3567166 ns
[2023-07-17T16:13:23.120+0000][1][safepoint    ] Safepoint "RevokeBias", Time since last: 5479875 ns, Reaching safepoint: 6681667 ns, At safepoint: 59417 ns, Total: 6741084 ns
[2023-07-17T16:13:23.122+0000][1][safepoint    ] Safepoint "RevokeBias", Time since last: 1501708 ns, Reaching safepoint: 528000 ns, At safepoint: 46417 ns, Total: 574417 ns
[2023-07-17T16:13:23.125+0000][1][safepoint    ] Safepoint "BulkRevokeBias", Time since last: 662000 ns, Reaching safepoint: 707333 ns, At safepoint: 1406000 ns, Total: 2113333 ns
[2023-07-17T16:13:23.130+0000][1][safepoint    ] Safepoint "RevokeBias", Time since last: 4656917 ns, Reaching safepoint: 772791 ns, At safepoint: 61000 ns, Total: 833791 ns
[2023-07-17T16:13:23.138+0000][1][safepoint    ] Safepoint "RevokeBias", Time since last: 7093375 ns, Reaching safepoint: 575209 ns, At safepoint: 55875 ns, Total: 631084 ns
[2023-07-17T16:13:23.146+0000][1][safepoint    ] Safepoint "RevokeBias", Time since last: 5604041 ns, Reaching safepoint: 2582917 ns, At safepoint: 61250 ns, Total: 2644167 ns
[2023-07-17T16:13:23.148+0000][1][safepoint    ] Safepoint "RevokeBias", Time since last: 1783500 ns, Reaching safepoint: 313417 ns, At safepoint: 44750 ns, Total: 358167 ns
[2023-07-17T16:13:23.150+0000][1][safepoint    ] Safepoint "RevokeBias", Time since last: 1125625 ns, Reaching safepoint: 544583 ns, At safepoint: 46833 ns, Total: 591416 ns
[2023-07-17T16:13:23.153+0000][1][safepoint    ] Safepoint "RevokeBias", Time since last: 1588875 ns, Reaching safepoint: 1022042 ns, At safepoint: 48042 ns, Total: 1070084 ns
[2023-07-17T16:13:23.159+0000][1][safepoint    ] Safepoint "RevokeBias", Time since last: 5153083 ns, Reaching safepoint: 905167 ns, At safepoint: 54667 ns, Total: 959834 ns
[2023-07-17T16:13:23.163+0000][1][safepoint    ] Safepoint "RevokeBias", Time since last: 3279375 ns, Reaching safepoint: 806916 ns, At safepoint: 56917 ns, Total: 863833 ns
[2023-07-17T16:13:23.166+0000][1][safepoint    ] Safepoint "RevokeBias", Time since last: 2610375 ns, Reaching safepoint: 713250 ns, At safepoint: 50333 ns, Total: 763583 ns
[2023-07-17T16:13:23.169+0000][1][safepoint    ] Safepoint "RevokeBias", Time since last: 1916417 ns, Reaching safepoint: 388917 ns, At safepoint: 51000 ns, Total: 439917 ns
[2023-07-17T16:13:23.220+0000][1][safepoint    ] Safepoint "RevokeBias", Time since last: 50688583 ns, Reaching safepoint: 1020042 ns, At safepoint: 97958 ns, Total: 1118000 ns
[2023-07-17T16:13:23.222+0000][1][safepoint    ] Safepoint "RevokeBias", Time since last: 260542 ns, Reaching safepoint: 812458 ns, At safepoint: 88792 ns, Total: 901250 ns
[2023-07-17T16:13:23.223+0000][1][safepoint    ] Safepoint "RevokeBias", Time since last: 631333 ns, Reaching safepoint: 398542 ns, At safepoint: 78750 ns, Total: 477292 ns
[2023-07-17T16:13:23.224+0000][1][safepoint    ] Safepoint "RevokeBias", Time since last: 286791 ns, Reaching safepoint: 465917 ns, At safepoint: 72458 ns, Total: 538375 ns
[2023-07-17T16:13:23.297+0000][1][safepoint    ] Safepoint "RevokeBias", Time since last: 73218875 ns, Reaching safepoint: 554584 ns, At safepoint: 29833 ns, Total: 584417 ns
[2023-07-17T16:13:23.303+0000][1][safepoint    ] Safepoint "RevokeBias", Time since last: 4675042 ns, Reaching safepoint: 466416 ns, At safepoint: 33584 ns, Total: 500000 ns
[2023-07-17T16:13:23.363+0000][1][safepoint    ] Safepoint "RevokeBias", Time since last: 59519583 ns, Reaching safepoint: 532500 ns, At safepoint: 24875 ns, Total: 557375 ns
[2023-07-17T16:13:23.390+0000][1][safepoint    ] Safepoint "RevokeBias", Time since last: 27185583 ns, Reaching safepoint: 246250 ns, At safepoint: 25250 ns, Total: 271500 ns
[2023-07-17T16:13:23.408+0000][1][safepoint    ] Safepoint "RevokeBias", Time since last: 18042834 ns, Reaching safepoint: 297041 ns, At safepoint: 65625 ns, Total: 362666 ns
[2023-07-17T16:13:23.446+0000][1][safepoint    ] Safepoint "RevokeBias", Time since last: 37315834 ns, Reaching safepoint: 259166 ns, At safepoint: 93209 ns, Total: 352375 ns
[2023-07-17T16:13:23.449+0000][1][gc,heap,exit ] Heap
[2023-07-17T16:13:23.450+0000][1][gc,heap,exit ]  par new generation   total 157248K, used 93868K [0x00000000e0000000, 0x00000000eaaa0000, 0x00000000eaaa0000)
[2023-07-17T16:13:23.450+0000][1][gc,heap,exit ]   eden space 139776K,  67% used [0x00000000e0000000, 0x00000000e5b85d78, 0x00000000e8880000)
[2023-07-17T16:13:23.450+0000][1][gc,heap,exit ]   from space 17472K,   0% used [0x00000000e8880000, 0x00000000e88a5560, 0x00000000e9990000)
[2023-07-17T16:13:23.450+0000][1][gc,heap,exit ]   to   space 17472K,   0% used [0x00000000e9990000, 0x00000000e9990000, 0x00000000eaaa0000)
[2023-07-17T16:13:23.450+0000][1][gc,heap,exit ]  concurrent mark-sweep generation total 349568K, used 69210K [0x00000000eaaa0000, 0x0000000100000000, 0x0000000100000000)
[2023-07-17T16:13:23.451+0000][1][gc,heap,exit ]  Metaspace       used 90539K, capacity 97227K, committed 97484K, reserved 1132544K
[2023-07-17T16:13:23.451+0000][1][gc,heap,exit ]   class space    used 11685K, capacity 14507K, committed 14632K, reserved 1048576K
